LOG started on: 08/19/2026 06:28:01 
Playing registered version.
UDP Initialized
WIPX_OpenSocket: Address family not supported by protocol family
WIPX_Init: Unable to open control socket, IPX disabled
Exe: 20:02:47 Jul 31 2024
256.0 megabyte heap

Language initialization
Couldn't load 'localization/loc_english.txt'
from 'C:\argus\engine'

========= Quake Initialized =========

execing autoexec.cfg
SpawnServer: dm2
Clearing memory
Programs occupy 559K.
trying to open external vis file
maps/dm2.vis not found, trying argus.vis
external vis not found
ARGUS slots 8
ARGUS worldspawn reached
ARGNAV 193 nodes, 861 links
0 entities inhibited
ARGUS init on dm2
ARGEVT Reap spawned
ARGEVT Omi spawned
ARGEVT Zeus spawned
Server spawned.
ARGLOG Zeus t   1.2 pos '2624.0 -488.0  32.0' spd 0 yaw 143.2 mode 0 st 0 gl 0 hp 100 frg 0
ARGLOG Omi t   1.2 pos '2544.0 -32.0 -64.0' spd 0 yaw 190.2 mode 0 st 0 gl 0 hp 100 frg 0
ARGLOG Reap t   1.2 pos '2560.0 -192.0  32.0' spd 0 yaw 162.0 mode 0 st 0 gl 0 hp 100 frg 0
ARGLOG Zeus t   1.7 pos '2538.9 -519.0  24.0' spd 146.6 yaw  39.3 mode 0 st 0 gl 0 hp 100 frg 0
ARGLOG Omi t   1.7 pos '2390.2 -61.9 -72.0' spd 320 yaw 190.2 mode 0 st 0 gl 0 hp 100 frg 0
ARGEVT Reap engage Zeus
ARGLOG Reap t   1.7 pos '2411.0 -144.0  24.0' spd 304.4 yaw 199.5 mode 0 st 0 gl 0 hp 100 frg 0
ARGEVT Zeus hazard
ARGEVT Reap pursue
ARGLOG Zeus t   2.2 pos '2618.4 -458.2  32.0' spd 140.1 yaw 268.0 mode 0 st 0 gl 0 hp 100 frg 0
ARGLOG Omi t   2.2 pos '2280.5 -60.1 -136.0' spd 110.9 yaw 294 mode 0 st 0 gl 0 hp 100 frg 0
ARGLOG Reap t   2.2 pos '2291.5 -239.6  24.0' spd 335.5 yaw 129.6 mode 0 st 0 gl 0 hp 100 frg 0
ARGEVT Reap hazard
ARGLOG Zeus t   2.7 pos '2552.1 -467.8  24.0' spd 207.1 yaw 127 mode 0 st 0 gl 0 hp 100 frg 0
ARGLOG Omi t   2.7 pos '2304.8 -53.5 -120.0' spd 206.0 yaw 124.0 mode 0 st 0 gl 0 hp 100 frg 0
ARGLOG Reap t   2.7 pos '2229.6 -105.0  24.0' spd 407.8 yaw  13.8 mode 0 st 0 gl 0 hp 100 frg 0
ARGEVT Zeus engage Reap
ARGLOG Zeus t   3.3 pos '2396.6 -473.6   8.0' spd 321.6 yaw  91.8 mode 0 st 0 gl 0 hp 100 frg 0
ARGLOG Omi t   3.3 pos '2295.9 -53.1 -120.0' spd 163.8 yaw  69.4 mode 0 st 0 gl 0 hp 100 frg 0
ARGLOG Reap t   3.3 pos '2337.2 -80.0  56.0' spd  27.2 yaw 260.0 mode 0 st 0 gl 0 hp 100 frg 0
ARGEVT Zeus pursue
ARGLOG Zeus t   3.8 pos '2256.3 -411.3   8.0' spd 335.7 yaw  55.6 mode 0 st 0 gl 0 hp 100 frg 0
ARGLOG Omi t   3.8 pos '2313.0 -48.4 -120.0' spd  79.6 yaw 114.7 mode 0 st 0 gl 0 hp 100 frg 0
ARGLOG Reap t   3.8 pos '2422.8 -137.8  85.9' spd 328.8 yaw 216.4 mode 0 st 0 gl 0 hp 100 frg 0
ARGEVT Reap pursue
ARGEVT Zeus pursue
ARGLOG Zeus t   4.3 pos '2227.3 -248.7  24.0' spd 342.6 yaw 354.7 mode 0 st 0 gl 0 hp 100 frg 0
ARGLOG Omi t   4.3 pos '2289.7 -80.0 -120.0' spd   6.9 yaw 268 mode 0 st 0 gl 0 hp 100 frg 0
ARGLOG Reap t   4.3 pos '2513.7 -201.9  32.0' spd 352.4 yaw 129.1 mode 0 st 0 gl 0 hp 100 frg 0
ARGEVT Reap hazard
ARGLOG Zeus t   4.9 pos '2279.5 -73.1  24.0' spd 330.4 yaw 324.6 mode 0 st 0 gl 0 hp 100 frg 0
ARGLOG Omi t   4.9 pos '2270.6 -131.1 -136.0' spd 172.7 yaw 132.5 mode 0 st 0 gl 0 hp 100 frg 0
ARGLOG Reap t   4.9 pos '2534.1 -238.1  32.0' spd  54.2 yaw 120.0 mode 0 st 0 gl 0 hp 76 frg 0
ARGLOG Zeus t   5.5 pos '2278.1 -101.1  24.0' spd 321.5 yaw 347.8 mode 0 st 0 gl 0 hp 91 frg 0
ARGLOG Omi t   5.5 pos '2343.8 -10.9 -104.0' spd 355.5 yaw 319 mode 0 st 0 gl 0 hp 100 frg 0
ARGLOG Reap t   5.5 pos '2548.8 -186.7  32.0' spd 322.6 yaw 189.0 mode 0 st 0 gl 0 hp 52 frg 0
ARGEVT Omi hazard
ARGLOG Zeus t   6.0 pos '2261.4 -227.7  24.0' spd 198.9 yaw  13.7 mode 0 st 0 gl 0 hp 73 frg 0
ARGLOG Omi t   6.0 pos '2255.2 -104.3 -136.0' spd 359.0 yaw 243 mode 0 st 0 gl 0 hp 100 frg 0
ARGLOG Reap t   6.0 pos '2508.5 -168.6  24.0' spd 320.6 yaw 168.8 mode 0 st 0 gl 0 hp 52 frg 0
ARGEVT Reap weapon sg
ARGLOG Zeus t   6.6 pos '2294.4 -47.7  40.0' spd 371.3 yaw 338.0 mode 0 st 0 gl 0 hp 49 frg 0
ARGLOG Omi t   6.6 pos '2220.9 -187.8 -136.0' spd 186.9 yaw 0 mode 0 st 0 gl 0 hp 100 frg 0
ARGLOG Reap t   6.6 pos '2516.9 -154.7  32.0' spd 320.1 yaw 143.9 mode 0 st 0 gl 0 hp 40 frg 0
ARGLOG Zeus t   7.1 pos '2320.0  16.0  40.0' spd 0 yaw 279.8 mode 0 st 0 gl 0 hp 33 frg 0
ARGLOG Omi t   7.1 pos '2300.3 -54.0 -120.0' spd 174.8 yaw 308 mode 0 st 0 gl 0 hp 100 frg 0
ARGLOG Reap t   7.1 pos '2378.8 -221.5  24.0' spd 325.9 yaw  99.2 mode 0 st 0 gl 0 hp 40 frg 0
ARGEVT Zeus pursue
ARGLOG Zeus t   7.7 pos '2457.0 -36.5 120.0' spd 323.0 yaw 243 mode 0 st 0 gl 0 hp 29 frg 0
ARGLOG Omi t   7.7 pos '2311.8 -48.8 -120.0' spd 253.3 yaw 246 mode 0 st 0 gl 0 hp 100 frg 0
ARGLOG Reap t   7.7 pos '2205.6 -180.5  24.0' spd 347.6 yaw  20.9 mode 0 st 0 gl 0 hp 40 frg 0
ARGEVT Reap pursue
ARGLOG Zeus t   8.2 pos '2410.6 -80.0  93.5' spd  21.2 yaw 164.3 mode 0 st 0 gl 0 hp 5 frg 0
ARGLOG Omi t   8.2 pos '2274.2 -152.5 -136.0' spd 254.2 yaw 118 mode 0 st 0 gl 0 hp 100 frg 0
ARGLOG Reap t   8.2 pos '2222.5 -26.5  24.0' spd 320.1 yaw 338.7 mode 0 st 0 gl 0 hp 40 frg 0
ARGLOG Zeus t   8.7 pos '2318.1 -181.5  56.5' spd 331.5 yaw  98.9 mode 0 st 0 gl 0 hp 5 frg 0
ARGLOG Omi t   8.7 pos '2278.5 -83.2 -136.0' spd 333.8 yaw 84 mode 0 st 0 gl 0 hp 100 frg 0
ARGLOG Reap t   8.7 pos '2288.0  16.0  24.0' spd 0 yaw 277.9 mode 0 st 0 gl 0 hp 40 frg 0
ARGEVT Zeus pursue
ARGEVT Zeus death Reap pos '2153.8 -161.8  24.0'
ARGLOG Omi t   9.3 pos '2311.3 -52.4 -120.0' spd 321.5 yaw 4 mode 0 st 0 gl 0 hp 100 frg 0
ARGLOG Reap t   9.3 pos '2442.9 -60.4 104.0' spd 344.1 yaw 195.5 mode 0 st 0 gl 0 hp 40 frg 1
ARGLOG Omi t   9.8 pos '2474.8 -37.0 -72.0' spd 326.1 yaw 188 mode 0 st 0 gl 0 hp 100 frg 0
ARGLOG Reap t   9.8 pos '2372.6 -73.8  72.0' spd 220.0 yaw 223 mode 0 st 0 gl 0 hp 40 frg 1
ARGLOG Omi t  10.4 pos '2413.4 -46.9 -72.0' spd 320.7 yaw 3 mode 0 st 0 gl 0 hp 100 frg 0
ARGLOG Reap t  10.4 pos '2359.6 -88.7  72.0' spd  24.1 yaw  39.4 mode 0 st 0 gl 0 hp 40 frg 1
ARGEVT Omi stall
ARGEVT Omi jump
ARGEVT Zeus respawn
ARGLOG Zeus t  10.8 pos '2176.0 -2176.0  84.0' spd 0 yaw  45.6 mode 0 st 0 gl 0 hp 100 frg 0
ARGEVT Zeus hazard
ARGLOG Omi t  10.9 pos '2494.7 -40.8 -34.5' spd  42.7 yaw 182 mode 0 st 1 gl 0 hp 100 frg 0
ARGLOG Reap t  10.9 pos '2373.6 -73.8  72.0' spd 241.3 yaw 223 mode 0 st 0 gl 0 hp 40 frg 1
ARGLOG Zeus t  11.3 pos '2183.0 -2181.4  84.0' spd 178.4 yaw  68.4 mode 0 st 0 gl 0 hp 100 frg 0
ARGLOG Omi t  11.4 pos '2429.5 -40.4 -72.0' spd 320.1 yaw 188 mode 0 st 1 gl 0 hp 100 frg 0
ARGLOG Reap t  11.4 pos '2332.1 -25.6  56.0' spd 326.1 yaw  98.6 mode 0 st 0 gl 0 hp 40 frg 1
ARGLOG Zeus t  11.8 pos '2192.0 -2128.0  84.0' spd 0 yaw  68.4 mode 0 st 0 gl 0 hp 100 frg 0
ARGLOG Omi t  11.9 pos '2270.8 -62.7 -136.0' spd 320.0 yaw 188 mode 0 st 1 gl 0 hp 100 frg 0
ARGLOG Reap t  11.9 pos '2290.1  16.0  40.0' spd  94.8 yaw  98.6 mode 0 st 0 gl 0 hp 40 frg 1
ARGEVT Reap hazard
ARGLOG Zeus t  12.3 pos '2192.0 -2128.0  84.0' spd 0 yaw  68.4 mode 0 st 0 gl 0 hp 100 frg 0
ARGLOG Omi t  12.4 pos '2278.8 -58.4 -136.0' spd 320.0 yaw  10.1 mode 0 st 1 gl 0 hp 100 frg 0
ARGLOG Reap t  12.4 pos '2252.5  16.0  24.0' spd   2.8 yaw  98.6 mode 0 st 0 gl 0 hp 40 frg 1
ARGLOG Zeus t  12.9 pos '2192.0 -2128.0  84.0' spd 0 yaw  68.4 mode 0 st 0 gl 0 hp 100 frg 0
ARGLOG Omi t  12.9 pos '2436.6 -30.6 -72.0' spd 320.0 yaw  10.1 mode 0 st 1 gl 0 hp 100 frg 0
ARGLOG Reap t  12.9 pos '2284.2 -67.5  24.0' spd 320.0 yaw 165.6 mode 0 st 0 gl 0 hp 40 frg 1
ARGLOG Zeus t  13.4 pos '2181.5 -2128.0  84.0' spd 104.0 yaw 108.9 mode 0 st 0 gl 0 hp 100 frg 0
ARGLOG Omi t  13.4 pos '2613.1   0.6 -72.0' spd 320.0 yaw  10.1 mode 0 st 1 gl 0 hp 100 frg 0
ARGLOG Reap t  13.4 pos '2121.9 -69.4  24.0' spd 320.6 yaw 165.6 mode 0 st 0 gl 0 hp 40 frg 1
ARGLOG Zeus t  14.0 pos '2160.0 -2128.0  84.0' spd 0 yaw 108.9 mode 0 st 0 gl 0 hp 100 frg 0
ARGLOG Omi t  14.0 pos '2688.0  16.0 -72.0' spd 0 yaw  10.1 mode 0 st 1 gl 0 hp 100 frg 0
ARGLOG Reap t  14.0 pos '1947.0 -21.8  24.0' spd 350.1 yaw 129.6 mode 0 st 0 gl 0 hp 65 frg 1
ARGLOG Zeus t  14.6 pos '2160.0 -2128.0  84.0' spd 0 yaw 108.9 mode 0 st 0 gl 0 hp 100 frg 0
ARGLOG Omi t  14.6 pos '2688.0  16.0 -72.0' spd 0 yaw  10.1 mode 0 st 1 gl 0 hp 100 frg 0
ARGLOG Reap t  14.6 pos '2011.7 -45.3  24.0' spd 320.0 yaw 331.1 mode 0 st 0 gl 0 hp 65 frg 1
ARGEVT Omi hazard
ARGEVT Zeus stall
ARGEVT Zeus jump
ARGLOG Zeus t  15.1 pos '2160.2 -2129.9 108.4' spd  30.0 yaw  92.4 mode 0 st 1 gl 0 hp 100 frg 0
ARGLOG Omi t  15.1 pos '2688.0 -31.1 -72.0' spd 128.2 yaw 355.9 mode 0 st 1 gl 0 hp 100 frg 0
ARGLOG Reap t  15.1 pos '2169.9 -129.5  24.0' spd 320.0 yaw 331.1 mode 0 st 0 gl 0 hp 65 frg 1
ARGLOG Zeus t  15.7 pos '2159.6 -2102.3  88.0' spd 203.6 yaw  92.4 mode 0 st 1 gl 0 hp 100 frg 0
ARGLOG Omi t  15.7 pos '2688.0 -14.5 -72.0' spd  94.2 yaw 355.9 mode 0 st 1 gl 0 hp 100 frg 0
ARGLOG Reap t  15.7 pos '2328.7 -213.9  24.0' spd 320 yaw 331.1 mode 0 st 0 gl 0 hp 65 frg 1
ARGEVT Omi hazard
ARGLOG Zeus t  16.3 pos '2153.3 -1922.9  40.0' spd 320 yaw  92.4 mode 0 st 1 gl 0 hp 100 frg 0
ARGLOG Omi t  16.3 pos '2688.0  12.5 -72.0' spd 237.0 yaw 355.9 mode 0 st 1 gl 0 hp 100 frg 0
ARGLOG Reap t  16.3 pos '2507.1 -239.3  24.0' spd 320.1 yaw   2.7 mode 0 st 0 gl 0 hp 65 frg 1
ARGEVT Reap hazard
ARGLOG Zeus t  16.8 pos '2146.2 -1833.7  24.0' spd 243.2 yaw 357.7 mode 0 st 1 gl 0 hp 100 frg 0
ARGLOG Omi t  16.8 pos '2688.0  16.0 -72.0' spd 0 yaw 355.9 mode 0 st 1 gl 0 hp 100 frg 0
ARGLOG Reap t  16.8 pos '2525.6 -180.9  32.0' spd 323.0 yaw 167.3 mode 0 st 0 gl 0 hp 65 frg 1
ARGEVT Omi hazard
ARGLOG Zeus t  17.3 pos '2306.5 -1848.4  24.0' spd 320.1 yaw 357.7 mode 0 st 1 gl 0 hp 100 frg 0
ARGEVT Omi stall
ARGLOG Omi t  17.3 pos '2688.0  16.0 -72.0' spd 0 yaw 491.9 mode 0 st 2 gl 0 hp 100 frg 0
ARGEVT Omi jump
ARGLOG Reap t  17.3 pos '2370.2 -144.0  24.0' spd 323.5 yaw 167.3 mode 0 st 0 gl 0 hp 65 frg 1
ARGLOG Zeus t  17.9 pos '2486.5 -1855.0  24.0' spd 320.0 yaw 357.7 mode 0 st 1 gl 0 hp 100 frg 0
ARGLOG Omi t  17.9 pos '2669.0  16.0 -60.8' spd  43.6 yaw 156.8 mode 0 st 2 gl 0 hp 100 frg 0
ARGLOG Reap t  17.9 pos '2189.4 -131.0  24.0' spd 320.4 yaw 167.3 mode 0 st 0 gl 0 hp 65 frg 1
ARGLOG Zeus t  18.4 pos '2557.0 -1858.0  24.0' spd 320.0 yaw 178.8 mode 0 st 1 gl 0 hp 100 frg 0
ARGLOG Omi t  18.4 pos '2629.0  61.7 -72.0' spd 325.4 yaw   3.5 mode 0 st 2 gl 0 hp 100 frg 0
ARGLOG Reap t  18.4 pos '2054.3 -42.6  24.0' spd 325.6 yaw 115.3 mode 0 st 0 gl 0 hp 65 frg 1
ARGLOG Zeus t  18.9 pos '2376.9 -1851.7  24.0' spd 320 yaw 178.8 mode 0 st 1 gl 0 hp 100 frg 0
ARGLOG Omi t  18.9 pos '2590.0 -58.4 -64.0' spd 320.6 yaw 229.7 mode 0 st 2 gl 0 hp 100 frg 0
ARGLOG Reap t  18.9 pos '2078.3 -106.7  24.0' spd 320.0 yaw 296.2 mode 0 st 0 gl 0 hp 65 frg 1
ARGEVT Omi hazard
ARGLOG Zeus t  19.5 pos '2197.0 -1838.4  24.0' spd 365.1 yaw 132.0 mode 0 st 1 gl 0 hp 100 frg 0
ARGLOG Omi t  19.5 pos '2682.3   6.2 -72.0' spd 320.1 yaw 193.4 mode 0 st 2 gl 0 hp 100 frg 0
ARGLOG Reap t  19.5 pos '2158.8 -266.1  24.0' spd 320.0 yaw 296.2 mode 0 st 0 gl 0 hp 65 frg 1
ARGEVT Zeus goal weapon_rocketlauncher
ARGLOG Zeus t  20.1 pos '2128.0 -1904.0  24.0' spd 0 yaw 287.8 mode 0 st 1 gl 0 hp 100 frg 0
ARGEVT Omi goal item_armorInv
ARGLOG Omi t  20.1 pos '2529.6  -4.4 -64.0' spd 320.2 yaw 213.3 mode 0 st 2 gl 0 hp 100 frg 0
ARGEVT Reap goal weapon_rocketlauncher
ARGLOG Reap t  20.1 pos '2275.1 -403.7   8.0' spd 329.6 yaw 327.2 mode 0 st 0 gl 0 hp 65 frg 1
ARGEVT Zeus route 2 start '2145.0 -1847.0  24.0' goal '2465.0 -1751.0  24.0'
ARGEVT Omi hazard
ARGEVT Omi routefail
ARGEVT Zeus hazard
ARGEVT Omi goal item_armor2
ARGEVT Omi door
ARGEVT Omi route 1 start '2529.0   9.0 -64.0' goal '2753.0 -55.0 -72.0'
ARGLOG Zeus t  20.6 pos '2224.0 -1911.6  62.7' spd 345.8 yaw 33 mode 2 st 1 gl 0 hp 100 frg 0
ARGLOG Omi t  20.6 pos '2540.9 -80.0 -64.0' spd 320.3 yaw 343.3 mode 2 st 2 gl 0 hp 100 frg 0
ARGLOG Reap t  20.6 pos '2287.8 -528.0   8.0' spd 323.4 yaw 193 mode 0 st 0 gl 0 hp 65 frg 1
ARGEVT Reap route 14 start '2145.0 -503.0   8.0' goal '1441.0 -695.0 184.0'
ARGLOG Zeus t  21.2 pos '2317.6 -1808.0  24.0' spd 327.6 yaw 30 mode 1 st 1 gl 0 hp 100 frg 0
ARGLOG Omi t  21.2 pos '2638.5 -80.0 -72.0' spd 277.6 yaw 202 mode 2 st 2 gl 0 hp 100 frg 0
ARGLOG Reap t  21.2 pos '2128.0 -488.5   8.0' spd 257.9 yaw 80 mode 2 st 0 gl 0 hp 65 frg 1
ARGLOG Zeus t  21.8 pos '2485.0 -1734.3  24.0' spd 320.7 yaw  31.4 mode 1 st 1 gl 0 hp 100 frg 0
ARGLOG Omi t  21.8 pos '2592.0 -80.0 -72.0' spd 0 yaw 205 mode 2 st 2 gl 0 hp 100 frg 0
ARGLOG Reap t  21.8 pos '2162.6 -307.9  24.0' spd 358.2 yaw 139 mode 0 st 0 gl 0 hp 65 frg 1
ARGEVT Zeus goal item_armorInv
ARGEVT Zeus routefail
ARGEVT Zeus goal item_health
ARGEVT Zeus routefail
ARGEVT Zeus goal item_armor2
ARGLOG Zeus t  22.3 pos '2600.9 -1787.4  24.0' spd 347.4 yaw 211.9 mode 0 st 1 gl 1 hp 100 frg 0
ARGLOG Omi t  22.3 pos '2592.0 -80.0 -72.0' spd 0 yaw 205 mode 2 st 2 gl 0 hp 100 frg 0
ARGLOG Reap t  22.3 pos '2128.0 -316.3  24.0' spd 320.9 yaw 264 mode 0 st 0 gl 0 hp 65 frg 1
ARGEVT Zeus route 10 start '2561.0 -1815.0  24.0' goal '2753.0 -55.0 -72.0'
ARGEVT Omi stall
ARGEVT Omi stallnode '2529.0   9.0 -64.0'
ARGEVT Omi jump
ARGEVT Reap route 14 start '2145.0 -375.0   8.0' goal '1441.0 -695.0 184.0'
ARGEVT Omi route 1 start '2625.0 -55.0 -72.0' goal '2753.0 -55.0 -72.0'
ARGLOG Zeus t  22.9 pos '2440.1 -1762.1  24.0' spd 365.9 yaw 101 mode 2 st 1 gl 1 hp 100 frg 0
ARGLOG Omi t  22.9 pos '2584.2 -79.8 -34.4' spd  32.6 yaw 175.5 mode 2 st 3 gl 0 hp 100 frg 0
ARGLOG Reap t  22.9 pos '2143.9 -497.6   8.0' spd 361.5 yaw 82 mode 2 st 0 gl 0 hp 65 frg 1
ARGLOG Zeus t  23.4 pos '2426.7 -1596.9  24.0' spd 322.6 yaw 84 mode 2 st 1 gl 1 hp 100 frg 0
ARGLOG Omi t  23.4 pos '2521.3 -80.0 -64.0' spd 334.1 yaw 210 mode 2 st 3 gl 0 hp 100 frg 0
ARGLOG Reap t  23.4 pos '2284.3 -448.1   8.0' spd 382.9 yaw 99 mode 2 st 0 gl 0 hp 65 frg 1
ARGEVT Omi route 2 start '2433.0 -55.0 -72.0' goal '2753.0 -55.0 -72.0'
ARGLOG Zeus t  23.9 pos '2401.7 -1418.3  24.0' spd 325.9 yaw 78 mode 2 st 1 gl 1 hp 100 frg 0
ARGLOG Omi t  23.9 pos '2330.8 -80.0 -81.2' spd 320.5 yaw 223.7 mode 2 st 3 gl 0 hp 100 frg 0
ARGLOG Reap t  23.9 pos '2216.4 -277.7  24.0' spd 382.3 yaw 205.0 mode 0 st 0 gl 0 hp 65 frg 1
ARGEVT Reap route 13 start '2209.0 -279.0  24.0' goal '1441.0 -695.0 184.0'
ARGEVT Reap hazard
ARGLOG Zeus t  24.5 pos '2445.9 -1296.0  24.0' spd 131.3 yaw 81 mode 2 st 1 gl 1 hp 100 frg 0
ARGLOG Omi t  24.5 pos '2212.1 -164.1 -136.0' spd 352.9 yaw 303 mode 0 st 3 gl 0 hp 100 frg 0
ARGLOG Reap t  24.5 pos '2128.0 -377.8  24.0' spd 340.5 yaw 231.8 mode 0 st 0 gl 0 hp 65 frg 1
ARGEVT Omi routefail
ARGEVT Omi goal item_armor2
ARGEVT Omi routefail
ARGLOG Zeus t  25.1 pos '2489.9 -1127.7  24.0' spd 320.6 yaw 88 mode 2 st 1 gl 1 hp 100 frg 0
ARGEVT Omi goal item_armor2
ARGLOG Omi t  25.1 pos '2264.9 -199.7 -136.0' spd 323.8 yaw 343.1 mode 0 st 3 gl 0 hp 100 frg 0
ARGLOG Reap t  25.1 pos '2180.6 -528.0   8.0' spd 321.0 yaw 357.9 mode 0 st 0 gl 0 hp 65 frg 1
ARGEVT Omi routefail
ARGEVT Omi hazard
ARGEVT Omi goal weapon_rocketlauncher
ARGEVT Reap hazard
ARGEVT Omi routefail
ARGEVT Zeus lift
ARGEVT Zeus jump
ARGEVT Omi trapped
ARGEVT Omi death Omi pos '2252.6 -215.2 -136.0'
ARGLOG Zeus t  25.6 pos '2501.7 -912.0  85.0' spd   7.2 yaw 81 mode 2 st 1 gl 1 hp 100 frg 0
ARGLOG Reap t  25.6 pos '2287.8 -528.0   8.0' spd 256.6 yaw 193 mode 0 st 0 gl 0 hp 65 frg 1
ARGEVT Reap route 15 start '2337.0 -503.0   8.0' goal '1441.0 -695.0 184.0'
ARGLOG Zeus t  26.1 pos '2530.9 -861.2 120.0' spd 320.2 yaw 85 mode 2 st 1 gl 1 hp 100 frg 0
ARGLOG Reap t  26.1 pos '2158.5 -437.2   8.0' spd 364.4 yaw 83 mode 2 st 0 gl 0 hp 65 frg 1
ARGLOG Zeus t  26.6 pos '2578.5 -706.2 120.0' spd 331.8 yaw 83 mode 2 st 1 gl 1 hp 100 frg 0
ARGLOG Reap t  26.6 pos '2135.0 -270.3  24.0' spd 381.5 yaw 182.8 mode 0 st 0 gl 0 hp 65 frg 1
ARGEVT Reap route 13 start '2209.0 -279.0  24.0' goal '1441.0 -695.0 184.0'
ARGEVT Omi respawn
ARGLOG Zeus t  27.1 pos '2585.3 -544.5 120.0' spd 321.5 yaw 85 mode 2 st 1 gl 1 hp 100 frg 0
ARGEVT Omi goal item_health
ARGLOG Omi t  27.1 pos '2576.0 -1328.0  24.0' spd 0 yaw 255 mode 0 st 3 gl 0 hp 100 frg -1
ARGLOG Reap t  27.1 pos '2097.9 -123.0  24.0' spd 362.4 yaw 87 mode 2 st 0 gl 0 hp 65 frg 1
ARGEVT Omi routefail
ARGEVT Omi goal 
ARGEVT Omi routefail
ARGEVT Omi goal item_health
ARGLOG Zeus t  27.7 pos '2610.1 -367.5 120.0' spd 321.1 yaw  66.8 mode 0 st 1 gl 1 hp 100 frg 0
ARGLOG Omi t  27.7 pos '2480.8 -1469.5  24.0' spd 394.0 yaw 136.3 mode 0 st 3 gl 0 hp 100 frg -1
ARGLOG Reap t  27.7 pos '2166.3  50.1  24.0' spd 337.6 yaw 63 mode 2 st 0 gl 0 hp 65 frg 1
ARGEVT Omi route 14 start '2465.0 -1463.0  24.0' goal '2049.0 -1015.0 344.0'
ARGEVT Zeus route 2 start '2625.0 -279.0 120.0' goal '2753.0 -55.0 -72.0'
ARGLOG Zeus t  28.2 pos '2639.3 -189.8 120.0' spd 320.1 yaw 49 mode 2 st 1 gl 1 hp 100 frg 0
ARGLOG Omi t  28.2 pos '2370.0 -1328.3  24.0' spd 349.3 yaw 71 mode 2 st 3 gl 0 hp 100 frg -1
ARGLOG Reap t  28.2 pos '2186.9 232.0  24.0' spd 336.1 yaw 21 mode 2 st 0 gl 0 hp 65 frg 1
ARGEVT Omi hazard
ARGLOG Zeus t  28.8 pos '2630.9  -8.9 120.0' spd 329.8 yaw  55.0 mode 2 st 1 gl 1 hp 100 frg 0
ARGLOG Omi t  28.8 pos '2477.3 -1247.9  24.0' spd 359.8 yaw 86 mode 2 st 3 gl 0 hp 100 frg -1
ARGLOG Reap t  28.8 pos '2334.3 336.0  24.0' spd 323.2 yaw 358 mode 2 st 0 gl 0 hp 65 frg 1
ARGLOG Zeus t  29.4 pos '2640.0 -39.7 120.0' spd 214.6 yaw 353.0 mode 2 st 1 gl 1 hp 100 frg 0
ARGLOG Omi t  29.4 pos '2512.3 -1069.5  24.0' spd 321.4 yaw 94 mode 2 st 3 gl 0 hp 100 frg -1
ARGLOG Reap t  29.4 pos '2515.0 322.5 -72.0' spd 339.4 yaw 287 mode 2 st 0 gl 0 hp 65 frg 1
ARGEVT Omi hazard
ARGEVT Omi lift
ARGEVT Omi jump
ARGLOG Zeus t  29.9 pos '2640.0 -65.1 120.0' spd  17.6 yaw 5 mode 2 st 1 gl 1 hp 100 frg 0
ARGLOG Omi t  29.9 pos '2483.2 -912.0  84.7' spd 127.0 yaw 79 mode 2 st 3 gl 0 hp 100 frg -1
ARGLOG Reap t  29.9 pos '2635.6 189.3 -72.0' spd 332.2 yaw 320 mode 2 st 0 gl 0 hp 90 frg 1
ARGLOG Zeus t  30.4 pos '2640.0 -59.4 120.0' spd   7.1 yaw 2 mode 2 st 1 gl 1 hp 100 frg 0
ARGLOG Omi t  30.4 pos '2493.7 -862.5 120.0' spd 320.0 yaw 79 mode 2 st 3 gl 0 hp 100 frg -1
ARGLOG Reap t  30.4 pos '2641.6  28.2 -72.0' spd 321.1 yaw 355 mode 2 st 0 gl 0 hp 90 frg 1
ARGEVT Zeus stall
ARGEVT Zeus stallnode '2753.0 -55.0 -72.0'
ARGEVT Zeus jump
ARGEVT Reap hazard
ARGEVT Omi engage Zeus
ARGEVT Zeus route 1 start '2625.0   9.0 120.0' goal '2753.0 -55.0 -72.0'
ARGLOG Zeus t  31.0 pos '2640.0 -53.9 156.3' spd  31.5 yaw 0 mode 2 st 2 gl 1 hp 100 frg 0
ARGLOG Omi t  31.0 pos '2595.1 -713.7 120.0' spd 343.6 yaw  79.4 mode 2 st 3 gl 0 hp 100 frg -1
ARGLOG Reap t  31.0 pos '2688.0 -65.1 -72.0' spd 126.6 yaw 214 mode 2 st 0 gl 0 hp 90 frg 1
ARGEVT Zeus goal item_armor2
ARGEVT Zeus route 8 start '2625.0   9.0 120.0' goal '2017.0 -983.0  32.0'
ARGLOG Zeus t  31.6 pos '2640.0 -80.2 120.0' spd 199.1 yaw 272.1 mode 2 st 2 gl 1 hp 92 frg 0
ARGEVT Zeus hazard
ARGLOG Omi t  31.6 pos '2596.2 -550.3 120.0' spd 195.0 yaw  87.9 mode 2 st 3 gl 0 hp 100 frg -1
ARGLOG Reap t  31.6 pos '2851.1   4.6 -72.0' spd 357.8 yaw 313.2 mode 0 st 0 gl 0 hp 90 frg 1
ARGEVT Reap route 5 start '2849.0   9.0 -72.0' goal '1441.0 -695.0 184.0'
ARGEVT Reap route 4 start '1377.0 -1047.0 344.0' goal '1441.0 -695.0 184.0'
ARGLOG Zeus t  32.1 pos '2640.0 -83.2 120.0' spd 186.9 yaw 237.9 mode 2 st 2 gl 1 hp 80 frg 0
ARGLOG Omi t  32.1 pos '2550.4 -456.5 153.7' spd 180.4 yaw  78.5 mode 2 st 3 gl 0 hp 100 frg -1
ARGLOG Reap t  32.1 pos '1415.0 -952.0 344.0' spd 399.7 yaw 114 mode 2 st 0 gl 0 hp 90 frg 1
ARGLOG Zeus t  32.7 pos '2619.4 -117.7 120.0' spd  43.1 yaw 248.5 mode 2 st 2 gl 1 hp 60 frg 0
ARGLOG Omi t  32.7 pos '2556.6 -354.6 187.1' spd 156.7 yaw  79.7 mode 0 st 3 gl 0 hp 2 frg -1
ARGLOG Reap t  32.7 pos '1275.0 -852.0 344.0' spd 369.4 yaw 67 mode 2 st 0 gl 0 hp 90 frg 1
ARGEVT Omi route 8 start '2561.0 -375.0 120.0' goal '2049.0 -1015.0 344.0'
ARGEVT Zeus weapon sg
ARGEVT Omi death Zeus pos '2567.0 -284.4 141.6'
ARGLOG Zeus t  33.2 pos '2618.6 -119.7 120.0' spd  47.8 yaw 250.8 mode 2 st 2 gl 1 hp 40 frg 1
ARGLOG Reap t  33.2 pos '1275.0 -690.7 344.0' spd 320.5 yaw 359 mode 2 st 0 gl 0 hp 90 frg 1
ARGEVT Zeus weapon rl
ARGEVT Zeus goal item_health
ARGEVT Zeus goal item_rockets
ARGEVT Zeus route 8 start '2529.0 -215.0 120.0' goal '1569.0 -695.0 184.0'
ARGLOG Zeus t  33.7 pos '2514.2 -240.0 120.0' spd 326.6 yaw 37 mode 2 st 2 gl 2 hp 80 frg 1
ARGLOG Reap t  33.7 pos '1346.6 -512.8 232.0' spd 343.2 yaw 298 mode 2 st 0 gl 0 hp 90 frg 1
ARGLOG Zeus t  34.3 pos '2353.3 -186.4  24.0' spd 311.8 yaw 18 mode 2 st 2 gl 2 hp 80 frg 1
ARGLOG Reap t  34.3 pos '1456.0 -580.3 184.0' spd 325.0 yaw 278 mode 1 st 0 gl 0 hp 90 frg 1
ARGEVT Zeus hazard
ARGEVT Reap goal item_rockets
ARGEVT Omi respawn
ARGEVT Omi goal weapon_supershotgun
ARGLOG Omi t  34.7 pos '2704.0 -2048.0 128.0' spd 0 yaw 278 mode 1 st 3 gl 0 hp 100 frg -1
ARGEVT Reap hazard
ARGEVT Zeus goal item_rockets
ARGLOG Zeus t  34.8 pos '2495.5 -144.7  24.0' spd 324.2 yaw   8.3 mode 0 st 2 gl 2 hp 80 frg 1
ARGEVT Reap goal item_spikes
ARGLOG Reap t  34.8 pos '1504.1 -717.8 184.0' spd  69.9 yaw 108.4 mode 0 st 0 gl 2 hp 90 frg 1
ARGEVT Zeus routefail
ARGEVT Zeus goal weapon_supershotgun
ARGEVT Zeus routefail
ARGLOG Omi t  35.2 pos '2725.5 -2199.3 120.0' spd 320.0 yaw 276 mode 1 st 3 gl 0 hp 100 frg -1
ARGEVT Zeus goal item_health
ARGLOG Zeus t  35.4 pos '2576.0 -204.4  32.0' spd 326.1 yaw 309.4 mode 0 st 2 gl 2 hp 80 frg 1
ARGLOG Reap t  35.4 pos '1565.9 -554.6 184.0' spd 368.2 yaw 11 mode 0 st 0 gl 2 hp 90 frg 1
ARGEVT Zeus routefail
ARGEVT Zeus hazard
ARGEVT Omi goal 
ARGEVT Zeus goal item_armor2
ARGEVT Omi route 18 start '2689.0 -2327.0 120.0' goal '2625.0 -279.0 120.0'
ARGEVT Omi hazard
ARGLOG Omi t  35.8 pos '2753.1 -2352.0 120.0' spd 200.1 yaw 159 mode 2 st 3 gl 1 hp 100 frg -1
ARGEVT Zeus route 15 start '2529.0 -215.0  32.0' goal '2017.0 -983.0  32.0'
ARGLOG Zeus t  35.9 pos '2426.5 -240.0  24.0' spd 322.5 yaw 131 mode 2 st 2 gl 2 hp 80 frg 1
ARGLOG Reap t  35.9 pos '1667.0 -464.0  44.2' spd 180.3 yaw 7 mode 0 st 0 gl 2 hp 90 frg 1
ARGEVT Reap route 9 start '1729.0 -471.0  24.0' goal '2561.0 -375.0  24.0'
ARGLOG Omi t  36.3 pos '2657.1 -2282.4 120.0' spd 342.4 yaw 167 mode 2 st 3 gl 1 hp 100 frg -1
ARGLOG Zeus t  36.4 pos '2283.3 -164.3  24.0' spd 331.2 yaw 114 mode 2 st 2 gl 2 hp 80 frg 1
ARGLOG Reap t  36.4 pos '1819.3 -492.2  40.0' spd 367.9 yaw 350 mode 2 st 0 gl 2 hp 90 frg 1
ARGLOG Omi t  36.8 pos '2509.1 -2248.5 120.0' spd 326.8 yaw 226 mode 2 st 3 gl 1 hp 100 frg -1
ARGLOG Zeus t  36.9 pos '2209.3 -19.3  24.0' spd 320.0 yaw 74 mode 2 st 2 gl 2 hp 80 frg 1
ARGLOG Reap t  36.9 pos '1974.5 -544.2 104.0' spd 343.7 yaw 83 mode 2 st 0 gl 2 hp 90 frg 1
ARGLOG Omi t  37.3 pos '2388.2 -2361.2 120.0' spd 329.2 yaw 228 mode 2 st 3 gl 1 hp 100 frg -1
ARGEVT Reap engage Zeus
ARGLOG Zeus t  37.5 pos '2136.6 140.8  24.0' spd 357.7 yaw 32 mode 2 st 2 gl 2 hp 80 frg 1
ARGLOG Reap t  37.5 pos '2051.5 -378.6 104.0' spd 322.9 yaw  70.7 mode 2 st 0 gl 2 hp 100 frg 1
ARGEVT Omi jump
ARGLOG Omi t  37.8 pos '2320.0 -2509.8 165.9' spd 230.9 yaw 133 mode 2 st 3 gl 1 hp 100 frg -1
ARGEVT Zeus engage Reap
ARGLOG Zeus t  38.0 pos '2179.1 277.8  24.0' spd 280.8 yaw 246.4 mode 2 st 2 gl 2 hp 80 frg 1
ARGLOG Reap t  38.0 pos '2041.5 -218.1  46.8' spd 371.8 yaw  65.8 mode 2 st 0 gl 2 hp 100 frg 1
ARGLOG Omi t  38.4 pos '2299.1 -2495.0 168.0' spd 213.4 yaw 132 mode 2 st 3 gl 1 hp 100 frg -1
ARGLOG Zeus t  38.6 pos '2199.3 267.1  24.0' spd 320.1 yaw 215.8 mode 2 st 2 gl 2 hp 80 frg 1
ARGLOG Reap t  38.6 pos '1933.6 -61.4  24.0' spd 320.2 yaw  71.3 mode 0 st 0 gl 2 hp 100 frg 1
ARGEVT Omi hazard
ARGEVT Zeus pursue
ARGEVT Reap pursue
ARGEVT Reap route 4 start '1921.0 -87.0  24.0' goal '2561.0 -375.0  24.0'
ARGLOG Omi t  38.9 pos '2160.0 -2388.2 200.0' spd 244.0 yaw 92 mode 2 st 3 gl 1 hp 100 frg -1
ARGLOG Zeus t  39.1 pos '2147.0 168.2  24.0' spd 320.7 yaw 241 mode 2 st 2 gl 2 hp 80 frg 1
ARGLOG Reap t  39.1 pos '1971.2  16.0  24.0' spd 325.2 yaw 337.8 mode 2 st 0 gl 2 hp 100 frg 1
ARGEVT Zeus weapon ng
ARGEVT Zeus hazard
ARGEVT Reap weapon sg
ARGLOG Omi t  39.5 pos '2128.0 -2333.1 113.1' spd  41.1 yaw 87 mode 2 st 3 gl 1 hp 100 frg -1
ARGEVT Reap weapon rl
ARGEVT Zeus weapon rl
ARGLOG Zeus t  39.6 pos '2142.4 105.9  24.0' spd 379.4 yaw 285.0 mode 2 st 2 gl 2 hp 56 frg 1
ARGLOG Reap t  39.6 pos '2120.6 -82.8  24.0' spd 371.0 yaw  63.5 mode 2 st 0 gl 2 hp 100 frg 1
ARGLOG Omi t  40.1 pos '2137.3 -2194.6  88.0' spd 320.0 yaw 88 mode 2 st 3 gl 1 hp 100 frg -1
ARGLOG Zeus t  40.1 pos '2110.9  95.0  24.0' spd 185.7 yaw 285.3 mode 2 st 2 gl 2 hp 56 frg 1
ARGLOG Reap t  40.1 pos '2288.0 -148.2  83.4' spd 401.8 yaw  97.8 mode 2 st 0 gl 2 hp 57 frg 1
ARGLOG Omi t  40.6 pos '2145.7 -2034.2  88.0' spd 320.1 yaw 90 mode 2 st 3 gl 1 hp 100 frg -1
ARGEVT Zeus weapon ng
ARGLOG Zeus t  40.6 pos '2110.9  79.7  24.0' spd 320.4 yaw 300.0 mode 2 st 2 gl 2 hp 56 frg 1
ARGLOG Reap t  40.6 pos '2280.3 -240.0  62.3' spd  31.5 yaw 111.5 mode 2 st 0 gl 2 hp 57 frg 1
ARGLOG Omi t  41.1 pos '2183.2 -1876.0  24.0' spd 362.1 yaw 45 mode 2 st 3 gl 1 hp 100 frg -1
ARGEVT Reap route 2 start '2209.0 -279.0  24.0' goal '2561.0 -375.0  24.0'
ARGLOG Zeus t  41.1 pos '2117.1  59.8  24.0' spd 320.5 yaw 268.1 mode 2 st 2 gl 2 hp 56 frg 1
ARGLOG Reap t  41.1 pos '2191.9 -402.6  47.9' spd 669.0 yaw  77.2 mode 2 st 0 gl 2 hp 23 frg 1
ARGEVT Zeus death Reap pos '2116.2  53.8  24.0'
ARGEVT Reap goal item_health
ARGEVT Reap route 5 start '2145.0 -503.0   8.0' goal '2049.0 -535.0 104.0'
ARGLOG Omi t  41.6 pos '2334.2 -1810.6  24.0' spd 325.2 yaw 85 mode 2 st 3 gl 1 hp 100 frg -1
ARGLOG Reap t  41.6 pos '2142.9 -455.8   8.0' spd 320.9 yaw 112 mode 2 st 0 gl 2 hp 23 frg 2
ARGLOG Omi t  42.1 pos '2454.6 -1701.3  24.0' spd 330.5 yaw 88 mode 2 st 3 gl 1 hp 100 frg -1
ARGLOG Reap t  42.2 pos '2128.0 -277.1  24.0' spd 316.8 yaw 131 mode 2 st 0 gl 2 hp 23 frg 2
ARGLOG Omi t  42.6 pos '2434.7 -1521.5  24.0' spd 322.1 yaw 85 mode 2 st 3 gl 1 hp 100 frg -1
ARGEVT Zeus respawn
ARGEVT Zeus goal item_armorInv
ARGLOG Zeus t  42.7 pos '1712.0 -504.0  24.0' spd 0 yaw 289.8 mode 0 st 2 gl 2 hp 100 frg 1
ARGLOG Reap t  42.7 pos '1995.5 -180.5  24.0' spd 409.9 yaw 279 mode 2 st 0 gl 2 hp 23 frg 2
ARGEVT Zeus routefail
ARGEVT Reap jump
ARGEVT Zeus goal item_armor2
ARGEVT Zeus route 19 start '1825.0 -535.0  40.0' goal '2017.0 -983.0  32.0'
ARGLOG Omi t  43.2 pos '2413.9 -1342.9  24.0' spd 323.1 yaw 78 mode 2 st 3 gl 1 hp 100 frg -1
ARGLOG Zeus t  43.3 pos '1857.6 -555.1  56.0' spd 322.7 yaw 62 mode 2 st 2 gl 2 hp 100 frg 1
ARGEVT Omi hazard
ARGLOG Reap t  43.3 pos '1940.6 -240.0  59.9' spd  18.3 yaw 291 mode 2 st 0 gl 2 hp 23 frg 2
ARGEVT Zeus engage Reap
ARGEVT Reap engage Zeus
ARGLOG Omi t  43.7 pos '2388.9 -1300.5  24.0' spd 272.9 yaw 72 mode 2 st 3 gl 1 hp 100 frg -1
ARGLOG Zeus t  43.9 pos '2036.6 -531.3 104.0' spd 324.8 yaw  99.6 mode 2 st 2 gl 2 hp 100 frg 1
ARGLOG Reap t  43.9 pos '1945.3 -236.5  24.0' spd 201.6 yaw 315.5 mode 2 st 0 gl 2 hp 23 frg 2
ARGLOG Omi t  44.3 pos '2504.4 -1187.0  24.0' spd 328.1 yaw 91 mode 2 st 3 gl 1 hp 100 frg -1
ARGLOG Zeus t  44.4 pos '1928.4 -493.7  88.0' spd 335.0 yaw  49.1 mode 2 st 2 gl 2 hp 100 frg 1
ARGLOG Reap t  44.4 pos '2135.2 -230.4  24.0' spd 357.1 yaw 212.0 mode 2 st 0 gl 2 hp 15 frg 2
ARGEVT Zeus pursue
ARGEVT Reap pursue
ARGEVT Omi lift
ARGLOG Omi t  44.9 pos '2507.4 -987.5  41.3' spd 320.9 yaw 75 mode 2 st 3 gl 1 hp 100 frg -1
ARGEVT Reap death Reap pos '2060.1 -234.9  24.0'
ARGEVT Omi jump
ARGLOG Zeus t  45.0 pos '2025.3 -481.4 104.0' spd 324.8 yaw 91 mode 2 st 2 gl 2 hp 100 frg 1
ARGEVT Zeus hazard
ARGLOG Omi t  45.4 pos '2511.4 -881.9 120.0' spd 320 yaw 82 mode 2 st 3 gl 1 hp 100 frg -1
ARGLOG Zeus t  45.5 pos '2021.3 -324.9  72.0' spd 339.8 yaw 77 mode 2 st 2 gl 2 hp 100 frg 1
ARGLOG Omi t  45.9 pos '2576.5 -749.6 120.0' spd 288.0 yaw 84 mode 2 st 3 gl 1 hp 100 frg -1
ARGLOG Zeus t  46.0 pos '2001.5 -163.6  24.0' spd 332.6 yaw 64 mode 2 st 2 gl 2 hp 100 frg 1
ARGEVT Reap respawn
ARGEVT Reap plan powerup via weapon
ARGEVT Reap goal weapon_grenadelauncher
ARGLOG Reap t  46.4 pos '2048.0 -1352.0 136.0' spd 0 yaw 159.8 mode 0 st 0 gl 2 hp 100 frg 1
ARGEVT Reap routefail
ARGLOG Omi t  46.5 pos '2588.4 -567.0 120.0' spd 322.4 yaw 82 mode 2 st 3 gl 1 hp 100 frg -1
ARGLOG Zeus t  46.6 pos '2079.9  -0.3  24.0' spd 325.6 yaw 55 mode 2 st 2 gl 2 hp 100 frg 1
ARGEVT Reap goal item_artifact_super_damage
ARGEVT Reap routefail
ARGEVT Reap goal item_armorInv
ARGEVT Reap routefail
ARGLOG Reap t  47.0 pos '1950.4 -1232.0 136.0' spd 100.7 yaw  74.8 mode 0 st 0 gl 2 hp 100 frg 1
ARGLOG Omi t  47.0 pos '2590.5 -386.5 120.0' spd 322.0 yaw 105 mode 1 st 3 gl 1 hp 100 frg -1
ARGEVT Reap hazard
ARGLOG Zeus t  47.2 pos '2128.6 146.5  24.0' spd 341.1 yaw 30 mode 2 st 2 gl 2 hp 100 frg 1
ARGEVT Reap goal item_health
ARGEVT Reap routefail
ARGEVT Omi goal item_artifact_super_damage
ARGEVT Omi hazard
ARGEVT Reap trapped
ARGEVT Reap death Reap pos '1918.2 -1196.1 117.8'
ARGEVT Omi routefail
ARGEVT Omi goal item_armorInv
ARGLOG Omi t  47.6 pos '2560.0 -326.1 120.0' spd 305.1 yaw 260.4 mode 0 st 3 gl 2 hp 100 frg -1
ARGEVT Omi routefail
ARGLOG Zeus t  47.7 pos '2245.0 285.1  24.0' spd 320.9 yaw 13 mode 2 st 2 gl 2 hp 100 frg 1
ARGEVT Omi goal item_armor2
ARGEVT Omi route 8 start '2561.0 -375.0 120.0' goal '1345.0 -919.0  32.0'
ARGLOG Omi t  48.2 pos '2553.2 -465.3 146.1' spd  16.6 yaw 81 mode 2 st 3 gl 2 hp 100 frg -1
ARGLOG Zeus t  48.2 pos '2394.7 334.9 -24.0' spd 320.6 yaw 333 mode 2 st 2 gl 2 hp 100 frg 1
ARGLOG Omi t  48.7 pos '2596.7 -371.7 120.0' spd 320.3 yaw 63 mode 2 st 3 gl 2 hp 100 frg -1
ARGLOG Zeus t  48.8 pos '2566.5 281.7 -72.0' spd 323.0 yaw 280 mode 2 st 2 gl 2 hp 100 frg 1
ARGEVT Reap respawn
ARGEVT Reap goal 
ARGLOG Reap t  49.0 pos '2248.0 -16.0 -136.0' spd 0 yaw 340.5 mode 1 st 0 gl 2 hp 100 frg 0
ARGEVT Omi route 7 start '2625.0 -279.0 120.0' goal '1345.0 -919.0  32.0'
ARGEVT Zeus engage Reap
ARGEVT Reap engage Zeus
ARGLOG Omi t  49.3 pos '2533.0 -220.2 120.0' spd 320.4 yaw 36 mode 2 st 3 gl 2 hp 100 frg -1
ARGLOG Zeus t  49.4 pos '2620.8 157.0 -72.0' spd 218.2 yaw 188.0 mode 2 st 2 gl 2 hp 100 frg 1
ARGLOG Reap t  49.5 pos '2290.5   2.2 -120.0' spd 320.8 yaw  31.0 mode 1 st 0 gl 2 hp 100 frg 0
ARGEVT Reap pursue
ARGEVT Omi hazard
ARGLOG Omi t  49.9 pos '2476.4 -124.3  56.0' spd 219.1 yaw 14 mode 2 st 3 gl 2 hp 100 frg -1
ARGLOG Zeus t  49.9 pos '2469.4 260.3 -56.0' spd 358.0 yaw 234.5 mode 0 st 2 gl 2 hp 100 frg 1
ARGLOG Reap t  50.0 pos '2431.0   9.0 -72.0' spd 323.8 yaw 110.1 mode 1 st 0 gl 2 hp 100 frg 0
ARGEVT Zeus route 10 start '2433.0 329.0 -40.0' goal '2017.0 -983.0  32.0'
ARGLOG Omi t  50.4 pos '2480.0 -112.0  56.0' spd 0 yaw 11 mode 2 st 3 gl 2 hp 100 frg -1
ARGLOG Zeus t  50.5 pos '2286.4 243.5  24.0' spd 326.0 yaw 280.8 mode 2 st 2 gl 2 hp 92 frg 1
ARGLOG Reap t  50.5 pos '2387.1 -19.8 -72.0' spd 320.6 yaw 120.9 mode 1 st 0 gl 2 hp 100 frg 0
ARGEVT Omi stall
ARGEVT Omi stallnode '2625.0   9.0 120.0'
ARGLOG Omi t  50.9 pos '2480.0 -112.0  56.0' spd 0 yaw 170.7 mode 0 st 4 gl 2 hp 100 frg -1
ARGEVT Omi jump
ARGLOG Zeus t  51.0 pos '2111.1 223.1  24.0' spd 321.6 yaw 285.6 mode 2 st 2 gl 2 hp 14 frg 1
ARGEVT Reap pursue
ARGLOG Reap t  51.0 pos '2249.9 -62.5 -136.0' spd  82.1 yaw  97.2 mode 1 st 0 gl 2 hp 100 frg 0
ARGEVT Omi route 13 start '2401.0 -87.0  88.0' goal '1345.0 -919.0  32.0'
ARGEVT Zeus pursue
ARGEVT Reap hazard
ARGEVT Zeus hazard
ARGLOG Omi t  51.4 pos '2472.6 -112.0  78.3' spd  31.9 yaw 200 mode 2 st 4 gl 2 hp 100 frg -1
ARGLOG Zeus t  51.5 pos '2192.0 131.0  24.0' spd 259.1 yaw  10.2 mode 2 st 2 gl 2 hp 14 frg 1
ARGLOG Reap t  51.5 pos '2300.2  15.1 -120.0' spd 198.4 yaw 336 mode 1 st 0 gl 2 hp 100 frg 0
ARGEVT Omi engage Zeus
ARGEVT Zeus route 13 start '2113.0  73.0  24.0' goal '2017.0 -983.0  32.0'
ARGEVT Zeus pursue
ARGLOG Omi t  52.0 pos '2364.1 -159.5  52.8' spd 325.2 yaw 145.0 mode 2 st 4 gl 2 hp 100 frg -1
ARGLOG Zeus t  52.0 pos '2155.0 -37.2  24.0' spd 333.4 yaw 360.0 mode 2 st 2 gl 2 hp 14 frg 1
ARGLOG Reap t  52.1 pos '2317.7 -79.6 -91.1' spd 320.6 yaw 155.5 mode 1 st 0 gl 2 hp 100 frg 0
ARGEVT Zeus death Omi pos '2246.2 -54.8  24.0'
ARGEVT Omi goal 
ARGLOG Omi t  52.5 pos '2232.3 -164.9  24.0' spd 365.3 yaw 75 mode 1 st 4 gl 2 hp 100 frg 0
ARGEVT Omi jump
ARGLOG Reap t  52.7 pos '2186.6 -112.4 -103.8' spd 164.1 yaw 294.4 mode 1 st 0 gl 2 hp 100 frg 0
ARGEVT Omi goal item_armor2
ARGEVT Omi route 7 start '2177.0 -119.0  24.0' goal '2753.0 -55.0 -72.0'
ARGLOG Omi t  53.1 pos '2189.2  16.0  46.5' spd  77.1 yaw 69 mode 2 st 4 gl 3 hp 100 frg 0
ARGEVT Reap goal weapon_rocketlauncher
ARGLOG Reap t  53.2 pos '2269.5 -202.4 -136.0' spd 320.4 yaw 322.8 mode 0 st 0 gl 3 hp 100 frg 0
ARGEVT Reap routefail
ARGEVT Reap hazard
ARGEVT Reap goal item_armor2
ARGEVT Reap routefail
ARGLOG Omi t  53.7 pos '2136.9 144.6  24.0' spd 354.1 yaw 31 mode 2 st 4 gl 3 hp 100 frg 0
ARGEVT Reap goal item_armorInv
ARGEVT Reap routefail
ARGEVT Zeus respawn
ARGLOG Reap t  53.8 pos '2201.6 -204.2 -126.3' spd 106.7 yaw 223.3 mode 0 st 0 gl 3 hp 100 frg 0
ARGEVT Zeus goal item_armor2
ARGLOG Zeus t  53.9 pos '2560.0 -192.0  32.0' spd 0 yaw 160.2 mode 0 st 2 gl 2 hp 100 frg 1
ARGEVT Zeus route 8 start '2529.0 -215.0  32.0' goal '2753.0 -55.0 -72.0'
ARGEVT Reap goal item_armor2
ARGEVT Reap route 9 start '2177.0 -183.0 -89.0' goal '1345.0 -919.0  32.0'
ARGLOG Omi t  54.2 pos '2243.6 295.4  24.0' spd 323.8 yaw 10 mode 2 st 4 gl 3 hp 100 frg 0
ARGLOG Reap t  54.4 pos '2207.8 -207.9 -135.7' spd 111.0 yaw 49 mode 2 st 0 gl 3 hp 100 frg 0
ARGLOG Zeus t  54.4 pos '2388.8 -176.3  24.0' spd 320.3 yaw 134 mode 2 st 2 gl 2 hp 100 frg 1
ARGEVT Reap engage Omi
ARGEVT Omi engage Reap
ARGLOG Omi t  54.8 pos '2416.4 334.6  -7.2' spd 320.4 yaw 267.2 mode 2 st 4 gl 3 hp 100 frg 0
ARGLOG Reap t  54.9 pos '2210.6 -88.6 -136.0' spd 323.0 yaw  63.7 mode 2 st 0 gl 3 hp 100 frg 0
ARGLOG Zeus t  55.0 pos '2223.4 -112.0  24.0' spd 348.7 yaw 109 mode 2 st 2 gl 2 hp 100 frg 1
ARGEVT Reap jump
ARGLOG Omi t  55.3 pos '2416.0 336.0 -40.0' spd 0 yaw 250.9 mode 2 st 4 gl 3 hp 100 frg 0
ARGEVT Zeus engage Omi
ARGLOG Reap t  55.5 pos '2291.1 -79.6 -99.7' spd  45.3 yaw  70.8 mode 2 st 0 gl 3 hp 100 frg 0
ARGLOG Zeus t  55.5 pos '2173.9  42.5  24.0' spd 253.1 yaw  58.2 mode 2 st 2 gl 2 hp 100 frg 1
ARGLOG Omi t  55.9 pos '2427.7 331.5 -40.0' spd 202.0 yaw 259.2 mode 2 st 4 gl 3 hp 80 frg 0
ARGLOG Zeus t  56.0 pos '2101.0 186.7  24.0' spd 323.9 yaw  15.9 mode 2 st 2 gl 2 hp 100 frg 1
ARGLOG Reap t  56.0 pos '2320.0 -80.0 -120.0' spd 0 yaw  65.5 mode 2 st 0 gl 3 hp 100 frg 0
ARGEVT Reap pursue
ARGEVT Omi pursue
ARGLOG Omi t  56.5 pos '2577.9 237.6 -72.0' spd 308.3 yaw 231 mode 2 st 4 gl 3 hp 84 frg 0
ARGEVT Reap hazard
ARGLOG Zeus t  56.6 pos '2166.8  93.3  24.0' spd 320.3 yaw  14.1 mode 2 st 2 gl 2 hp 100 frg 1
ARGLOG Reap t  56.6 pos '2309.9  -2.0 -120.0' spd 366.8 yaw  24.3 mode 2 st 0 gl 3 hp 100 frg 0
ARGEVT Omi hazard
ARGLOG Omi t  57.0 pos '2631.2  99.3 -72.0' spd 327.3 yaw 238.9 mode 2 st 4 gl 3 hp 64 frg 0
ARGEVT Zeus route 7 start '2177.0 -119.0  24.0' goal '2753.0 -55.0 -72.0'
ARGEVT Zeus pursue
ARGLOG Zeus t  57.2 pos '2219.1 -79.2  24.0' spd 322.3 yaw 35 mode 2 st 2 gl 2 hp 100 frg 1
ARGLOG Reap t  57.2 pos '2449.5 -77.2 -72.0' spd 566.9 yaw  26.5 mode 2 st 0 gl 3 hp 24 frg 0
ARGLOG Omi t  57.5 pos '2700.2 -49.8 -72.0' spd 348.1 yaw 153.1 mode 1 st 4 gl 3 hp 56 frg 0
ARGLOG Zeus t  57.7 pos '2368.3 -29.4  72.0' spd 323.3 yaw 44 mode 0 st 2 gl 2 hp 100 frg 1
ARGLOG Reap t  57.7 pos '2394.5  16.0 -72.0' spd  74.3 yaw   0.4 mode 2 st 0 gl 3 hp 24 frg 0
ARGEVT Omi hazard
ARGEVT Zeus route 2 start '2465.0   9.0 120.0' goal '2753.0 -55.0 -72.0'
ARGEVT Reap death Omi pos '2442.4  16.0 -72.0'
ARGLOG Omi t  58.1 pos '2646.4  76.7 -72.0' spd 326.1 yaw 229.8 mode 1 st 4 gl 3 hp 56 frg 1
ARGLOG Zeus t  58.2 pos '2487.8  14.7 120.0' spd 320.0 yaw 358 mode 2 st 2 gl 2 hp 100 frg 1
ARGEVT Omi goal item_health
ARGEVT Omi routefail
ARGEVT Omi goal item_health
ARGEVT Omi routefail
ARGLOG Omi t  58.7 pos '2573.2 -33.5 -64.0' spd 320.6 yaw 261 mode 0 st 4 gl 3 hp 56 frg 1
ARGEVT Omi goal item_armor2
ARGLOG Zeus t  58.8 pos '2638.6  16.0 120.0' spd  22.2 yaw 111 mode 2 st 2 gl 2 hp 100 frg 1
ARGEVT Omi hazard
ARGLOG Omi t  59.2 pos '2688.0 -75.6 -72.0' spd  47.0 yaw 21 mode 1 st 4 gl 3 hp 56 frg 1
ARGLOG Zeus t  59.3 pos '2573.7  16.0 120.0' spd 101.2 yaw  71.8 mode 2 st 2 gl 2 hp 100 frg 1
ARGEVT Omi goal 
ARGEVT Reap respawn
ARGEVT Zeus goal 
ARGEVT Zeus stall
ARGEVT Zeus jump
ARGEVT Omi engage Reap
ARGEVT Reap goal 
ARGEVT Reap engage Omi
ARGLOG Reap t  59.6 pos '2544.0 -32.0 -64.0' spd 0 yaw 134.5 mode 1 st 0 gl 3 hp 100 frg 0
ARGEVT Zeus route 2 start '2625.0   9.0 120.0' goal '2529.0   9.0 -64.0'
ARGLOG Omi t  59.7 pos '2809.7   3.2 -72.0' spd 119.9 yaw 186.9 mode 1 st 4 gl 4 hp 56 frg 1
ARGLOG Zeus t  59.8 pos '2636.1  16.0 156.3' spd  30.5 yaw 184 mode 2 st 3 gl 2 hp 100 frg 1
ARGEVT Omi hazard
ARGLOG Reap t  60.1 pos '2589.2  -9.0 -64.0' spd 321.3 yaw 355.8 mode 1 st 0 gl 3 hp 100 frg 0
ARGLOG Omi t  60.3 pos '2837.8   2.3 -72.0' spd 374.1 yaw 146.9 mode 1 st 4 gl 4 hp 43 frg 1
ARGLOG Zeus t  60.3 pos '2605.1  16.0 120.0' spd 102.1 yaw 186 mode 2 st 3 gl 2 hp 100 frg 1
ARGEVT Omi pursue
ARGLOG Reap t  60.7 pos '2672.0 152.1 -72.0' spd 230.3 yaw 354 mode 1 st 0 gl 3 hp 100 frg 0
ARGEVT Reap hazard
ARGLOG Omi t  60.8 pos '2736.0 -73.7 -72.0' spd 218.5 yaw 149 mode 1 st 4 gl 4 hp 43 frg 1
ARGLOG Zeus t  60.9 pos '2591.1  16.0 120.0' spd   7.1 yaw 187 mode 2 st 3 gl 2 hp 100 frg 1
ARGEVT Omi hazard
ARGLOG Reap t  61.2 pos '2652.7 102.5 -72.0' spd 363.6 yaw 208 mode 1 st 0 gl 3 hp 100 frg 0
ARGEVT Reap pursue
ARGLOG Omi t  61.3 pos '2736.0  -4.0 -72.0' spd  26.4 yaw 174 mode 1 st 4 gl 4 hp 43 frg 1
ARGLOG Zeus t  61.4 pos '2593.0  16.0 120.0' spd   3.5 yaw 187 mode 2 st 3 gl 2 hp 100 frg 1
ARGEVT Omi weapon ssg
ARGLOG Reap t  61.7 pos '2584.9   3.7 -64.0' spd 278.0 yaw 334.8 mode 1 st 0 gl 3 hp 60 frg 0
ARGEVT Zeus stall
ARGEVT Zeus stallnode '2593.0 105.0 -72.0'
ARGEVT Zeus jump
ARGLOG Omi t  61.9 pos '2752.7 -30.2 -72.0' spd 320.5 yaw 147.3 mode 1 st 4 gl 4 hp 43 frg 1
ARGLOG Zeus t  62.0 pos '2592.4  16.0 144.3' spd  10.2 yaw 130 mode 0 st 4 gl 2 hp 100 frg 1
ARGEVT Omi hazard
ARGEVT Zeus route 2 start '2625.0   9.0 120.0' goal '2529.0   9.0 -64.0'
ARGEVT Omi pursue
ARGEVT Reap pursue
ARGLOG Reap t  62.3 pos '2658.6 153.4 -72.0' spd  64.5 yaw 298 mode 1 st 0 gl 3 hp 60 frg 0
ARGLOG Omi t  62.4 pos '2736.0  -8.7 -72.0' spd  80.7 yaw 167 mode 1 st 4 gl 4 hp 43 frg 1
ARGLOG Zeus t  62.5 pos '2576.0  16.0 120.0' spd  28.4 yaw 79 mode 2 st 4 gl 2 hp 100 frg 1
ARGLOG Reap t  62.8 pos '2669.1 -16.6 -72.0' spd 421.6 yaw   3.1 mode 1 st 0 gl 3 hp 28 frg 0
ARGLOG Omi t  63.0 pos '2768.2   3.0 -72.0' spd 324.0 yaw 199.7 mode 1 st 4 gl 4 hp 34 frg 1
ARGLOG Zeus t  63.1 pos '2592.2  16.0 120.0' spd   3.5 yaw 187 mode 2 st 4 gl 2 hp 100 frg 1
ARGEVT Omi weapon rl
ARGLOG Reap t  63.4 pos '2621.1  62.7 -72.0' spd 332.1 yaw 343.7 mode 1 st 0 gl 3 hp 28 frg 0
ARGLOG Omi t  63.5 pos '2858.8 -10.3 -72.0' spd 321.9 yaw 135.8 mode 1 st 4 gl 4 hp 34 frg 1
ARGEVT Reap pursue
ARGLOG Zeus t  63.7 pos '2593.0  16.0 120.0' spd 0 yaw 187 mode 2 st 4 gl 2 hp 100 frg 1
ARGEVT Reap hazard
ARGEVT Omi pursue
ARGLOG Reap t  63.9 pos '2649.9  43.6 -72.0' spd 342.4 yaw 253.1 mode 1 st 0 gl 3 hp 28 frg 0
ARGEVT Omi weapon ssg
ARGLOG Omi t  64.0 pos '2754.6 -69.2 -72.0' spd 351.4 yaw 151.4 mode 1 st 4 gl 4 hp 16 frg 1
ARGEVT Zeus stall
ARGEVT Zeus stallnode '2593.0 105.0 -72.0'
ARGEVT Zeus jump
ARGLOG Zeus t  64.2 pos '2593.0  16.0 133.7' spd 0 yaw 109.8 mode 0 st 5 gl 2 hp 100 frg 1
ARGEVT Zeus route 2 start '2625.0   9.0 120.0' goal '2529.0   9.0 -64.0'
ARGEVT Omi weapon rl
ARGLOG Reap t  64.5 pos '2595.8  -3.7 -72.0' spd 389.6 yaw 349.8 mode 1 st 0 gl 3 hp 4 frg 0
ARGLOG Omi t  64.6 pos '2779.2 -50.3 -72.0' spd 330.3 yaw 138.0 mode 1 st 4 gl 4 hp 13 frg 1
ARGEVT Omi hazard
ARGEVT Reap pursue
ARGLOG Zeus t  64.7 pos '2574.3  16.0 120.0' spd  37.7 yaw 78 mode 2 st 5 gl 2 hp 100 frg 1
ARGEVT Omi weapon ssg
ARGEVT Reap hazard
ARGEVT Omi pursue
ARGLOG Reap t  65.0 pos '2672.0  24.5 -72.0' spd 381.1 yaw   5.1 mode 1 st 0 gl 3 hp 4 frg 0
ARGEVT Reap death Omi pos '2672.0  25.9 -72.0'
ARGLOG Omi t  65.1 pos '2820.5  -1.9 -72.0' spd 225.3 yaw 162.7 mode 1 st 4 gl 4 hp 13 frg 2
ARGEVT Omi goal item_health
ARGEVT Omi door
ARGLOG Zeus t  65.3 pos '2592.0  16.0 120.0' spd   3.5 yaw 187 mode 2 st 5 gl 2 hp 100 frg 1
ARGEVT Omi route 8 start '2849.0   9.0 -72.0' goal '1985.0   9.0  24.0'
ARGEVT Omi weapon rl
ARGLOG Omi t  65.7 pos '2736.0 -39.1 -72.0' spd 159.7 yaw 202 mode 2 st 4 gl 4 hp 13 frg 2
ARGEVT Omi hazard
ARGLOG Zeus t  65.8 pos '2593.1  16.0 120.0' spd 0 yaw 187 mode 2 st 5 gl 2 hp 100 frg 1
ARGLOG Omi t  66.3 pos '2736.0  15.0 -72.0' spd  17.8 yaw 208 mode 2 st 4 gl 4 hp 13 frg 2
ARGEVT Zeus stall
ARGEVT Zeus stallnode '2593.0 105.0 -72.0'
ARGEVT Zeus jump
ARGLOG Zeus t  66.4 pos '2593.1  16.0 133.7' spd 0 yaw 110.2 mode 0 st 6 gl 2 hp 100 frg 1
ARGEVT Zeus route 2 start '2625.0   9.0 120.0' goal '2529.0   9.0 -64.0'
ARGEVT Reap respawn
ARGLOG Omi t  66.8 pos '2762.1 -79.5 -72.0' spd  83.1 yaw 197 mode 2 st 4 gl 4 hp 13 frg 2
ARGEVT Reap goal item_armorInv
ARGLOG Reap t  66.8 pos '2624.0 -488.0  32.0' spd 0 yaw 199.8 mode 0 st 0 gl 3 hp 100 frg 0
ARGEVT Reap routefail
ARGLOG Zeus t  66.9 pos '2576.7  16.0 131.2' spd  45.3 yaw 79 mode 2 st 6 gl 2 hp 100 frg 1
ARGEVT Omi hazard
ARGEVT Reap goal weapon_nailgun
ARGEVT Reap route 4 start '2593.0 -503.0  32.0' goal '2529.0 -215.0  32.0'
ARGLOG Omi t  67.3 pos '2736.7  -5.7 -72.0' spd 189.6 yaw 206 mode 2 st 4 gl 4 hp 13 frg 2
ARGLOG Reap t  67.3 pos '2462.9 -518.1   8.0' spd 323.4 yaw 119 mode 2 st 0 gl 3 hp 100 frg 0
ARGLOG Zeus t  67.5 pos '2591.8  16.0 120.0' spd   6.9 yaw 187 mode 2 st 6 gl 2 hp 100 frg 1
ARGLOG Omi t  67.9 pos '2736.0 -69.2 -72.0' spd  14.3 yaw 199 mode 2 st 4 gl 4 hp 13 frg 2
ARGLOG Reap t  67.9 pos '2292.9 -460.7   8.0' spd 320.1 yaw 94 mode 2 st 0 gl 3 hp 100 frg 0
ARGLOG Zeus t  68.0 pos '2593.1  16.0 120.0' spd 0 yaw 187 mode 2 st 6 gl 2 hp 100 frg 1
ARGEVT Omi hazard
ARGEVT Zeus engage Reap
ARGLOG Omi t  68.4 pos '2736.0 -72.7 -72.0' spd  65.6 yaw 199 mode 2 st 4 gl 4 hp 13 frg 2
ARGLOG Reap t  68.4 pos '2214.5 -302.3  24.0' spd 334.6 yaw 15 mode 2 st 0 gl 3 hp 100 frg 0
ARGLOG Zeus t  68.5 pos '2599.5   5.4 120.0' spd 198.4 yaw 224.1 mode 2 st 6 gl 2 hp 100 frg 1
ARGEVT Reap engage Zeus
ARGEVT Omi stall
ARGEVT Omi stallnode '2593.0 105.0 -72.0'
ARGEVT Omi jump
ARGLOG Omi t  69.0 pos '2736.0 -80.0 -47.7' spd 0 yaw 198 mode 0 st 5 gl 4 hp 13 frg 2
ARGLOG Reap t  69.0 pos '2209.1 -119.9  24.0' spd 324.5 yaw 355.8 mode 2 st 0 gl 3 hp 100 frg 0
ARGEVT Omi route 7 start '2753.0 -55.0 -72.0' goal '1985.0   9.0  24.0'
ARGLOG Zeus t  69.1 pos '2637.6 -164.8 120.0' spd 338.1 yaw 161.9 mode 2 st 6 gl 2 hp 88 frg 1
ARGEVT Reap route 2 start '2209.0   9.0  24.0' goal '2529.0 -215.0  32.0'
ARGEVT Omi hazard
ARGLOG Omi t  69.6 pos '2736.0 -79.3 -72.0' spd  10.2 yaw 198 mode 2 st 5 gl 4 hp 13 frg 2
ARGLOG Reap t  69.6 pos '2285.0  16.0  24.0' spd 312.7 yaw 307.3 mode 2 st 0 gl 3 hp 100 frg 0
ARGEVT Zeus route 3 start '2625.0 -279.0 120.0' goal '2529.0   9.0 -64.0'
ARGLOG Zeus t  69.6 pos '2572.2 -333.6 120.0' spd 330.2 yaw 127.6 mode 2 st 6 gl 2 hp 88 frg 1
ARGEVT Omi stall
ARGEVT Omi stallnode '2593.0 105.0 -72.0'
ARGEVT Omi jump
ARGLOG Omi t  70.1 pos '2744.5 -76.2 -41.7' spd  40.5 yaw  71.7 mode 0 st 6 gl 4 hp 13 frg 2
ARGLOG Reap t  70.1 pos '2288.0  16.0  24.0' spd 0 yaw 326.3 mode 2 st 0 gl 3 hp 100 frg 0
ARGLOG Zeus t  70.1 pos '2639.5 -244.6 120.0' spd  59.5 yaw 142.1 mode 2 st 6 gl 2 hp 88 frg 1
ARGLOG Omi t  70.6 pos '2736.0 -44.0 -72.0' spd 173.5 yaw  71.3 mode 0 st 6 gl 4 hp 13 frg 2
ARGLOG Reap t  70.6 pos '2288.0  16.0  24.0' spd 0 yaw 309.6 mode 2 st 0 gl 3 hp 80 frg 0
ARGLOG Zeus t  70.7 pos '2560.0 -361.4 120.0' spd 293.7 yaw 127.6 mode 2 st 6 gl 2 hp 88 frg 1
ARGEVT Omi hazard
ARGEVT Reap pursue
ARGEVT Zeus pursue
ARGEVT Omi goal item_health
ARGLOG Omi t  71.2 pos '2736.0 -32.7 -72.0' spd  10.6 yaw 192.8 mode 0 st 6 gl 4 hp 13 frg 2
ARGLOG Reap t  71.2 pos '2381.3 -77.4  72.0' spd 320.0 yaw 314 mode 1 st 0 gl 3 hp 80 frg 0
ARGLOG Zeus t  71.2 pos '2554.6 -352.7 142.5' spd 339.5 yaw 101.5 mode 2 st 6 gl 2 hp 88 frg 1
ARGEVT Omi route 9 start '2753.0 -55.0 -72.0' goal '2049.0 -535.0 104.0'
ARGEVT Reap goal weapon_rocketlauncher
ARGEVT Reap route 14 start '2401.0 -87.0  88.0' goal '1441.0 -695.0 184.0'
ARGLOG Omi t  71.7 pos '2736.0 -35.6 -72.0' spd  10.4 yaw 203 mode 2 st 6 gl 4 hp 13 frg 2
ARGEVT Omi hazard
ARGLOG Reap t  71.7 pos '2506.5 -205.1  24.0' spd 320.0 yaw 314 mode 2 st 0 gl 3 hp 80 frg 0
ARGLOG Zeus t  71.8 pos '2560.0 -250.5 120.0' spd 344.1 yaw 135 mode 2 st 6 gl 2 hp 100 frg 1
ARGEVT Omi stall
ARGEVT Omi stallnode '2849.0   9.0 -72.0'
ARGEVT Omi jump
ARGEVT Reap hazard
ARGEVT Omi route 9 start '2753.0 -55.0 -72.0' goal '2049.0 -535.0 104.0'
ARGLOG Omi t  72.3 pos '2736.0 -74.4 -41.0' spd  82.3 yaw 199 mode 2 st 7 gl 4 hp 13 frg 2
ARGLOG Reap t  72.3 pos '2576.0 -161.4  32.0' spd 176.2 yaw 311.7 mode 2 st 0 gl 3 hp 80 frg 0
ARGLOG Zeus t  72.4 pos '2458.0 -144.0  88.5' spd 215.1 yaw  93.5 mode 2 st 6 gl 2 hp 100 frg 1
ARGEVT Omi hazard
ARGLOG Omi t  72.9 pos '2736.0 -76.1 -72.0' spd  10.4 yaw 198 mode 2 st 7 gl 4 hp 13 frg 2
ARGLOG Reap t  72.9 pos '2495.6 -232.2  24.0' spd  77.2 yaw  99.6 mode 2 st 0 gl 3 hp 68 frg 0
ARGLOG Zeus t  72.9 pos '2473.7 -112.0  56.0' spd  31.5 yaw 270.8 mode 2 st 6 gl 2 hp 100 frg 1
ARGEVT Omi abandon
ARGEVT Omi stall
ARGEVT Omi jump
ARGEVT Omi goal 
ARGEVT Omi door
ARGLOG Omi t  73.4 pos '2736.0 -75.8 -58.3' spd   7.4 yaw 199 mode 0 st 8 gl 4 hp 13 frg 2
ARGLOG Reap t  73.4 pos '2465.7 -218.9  24.0' spd  88.0 yaw  83.0 mode 2 st 0 gl 3 hp 68 frg 0
ARGEVT Omi route 1 start '2753.0 -55.0 -72.0' goal '2529.0   9.0 -64.0'
ARGLOG Zeus t  73.5 pos '2480.0 -112.0  56.0' spd 0 yaw 245.6 mode 2 st 6 gl 2 hp 64 frg 1
ARGEVT Zeus hazard
ARGLOG Omi t  74.0 pos '2736.0 -80.0 -72.0' spd 0 yaw 198 mode 2 st 8 gl 4 hp 13 frg 2
ARGEVT Omi hazard
ARGLOG Reap t  74.0 pos '2396.0 -229.9  24.0' spd 341.8 yaw  22.1 mode 2 st 0 gl 3 hp 44 frg 0
ARGLOG Zeus t  74.0 pos '2480.0 -134.0  56.0' spd 235.3 yaw 213.5 mode 2 st 6 gl 2 hp 28 frg 1
ARGEVT Omi stall
ARGEVT Omi stallnode '2529.0   9.0 -64.0'
ARGEVT Omi jump
ARGLOG Omi t  74.5 pos '2746.1 -75.4 -40.4' spd  35.1 yaw 205 mode 0 st 9 gl 4 hp 13 frg 2
ARGLOG Reap t  74.5 pos '2276.4 -216.9  24.0' spd 110.6 yaw  26.7 mode 2 st 0 gl 3 hp 20 frg 0
ARGEVT Zeus death Reap pos '2493.1 -168.1  24.0'
ARGEVT Reap goal item_health
ARGEVT Reap route 2 start '2273.0 -183.0  24.0' goal '1985.0   9.0  24.0'
ARGEVT Reap hazard
ARGLOG Omi t  75.1 pos '2809.3 -62.4 -72.0' spd 159.5 yaw 203 mode 0 st 9 gl 4 hp 13 frg 2
ARGLOG Reap t  75.1 pos '2288.6 -144.0  24.0' spd 128.1 yaw 153 mode 2 st 0 gl 3 hp 20 frg 1
ARGEVT Omi hazard
ARGEVT Omi goal item_health
ARGLOG Omi t  75.6 pos '2736.0 -44.4 -72.0' spd  17.2 yaw 202 mode 0 st 9 gl 4 hp 13 frg 2
ARGLOG Reap t  75.6 pos '2165.9 -15.0  24.0' spd 334.1 yaw 172 mode 2 st 0 gl 3 hp 20 frg 1
ARGEVT Omi route 9 start '2753.0 -55.0 -72.0' goal '2049.0 -535.0 104.0'
ARGEVT Zeus respawn
ARGEVT Zeus goal weapon_rocketlauncher
ARGLOG Zeus t  76.1 pos '2176.0 -2176.0  84.0' spd 0 yaw  69.8 mode 0 st 6 gl 2 hp 100 frg 1
ARGEVT Zeus hazard
ARGEVT Zeus route 5 start '2145.0 -2199.0  88.0' goal '2465.0 -1751.0  24.0'
ARGLOG Omi t  76.2 pos '2736.0 -38.6 -72.0' spd  10.6 yaw 202 mode 2 st 9 gl 4 hp 13 frg 2
ARGEVT Reap goal weapon_rocketlauncher
ARGLOG Reap t  76.2 pos '2002.4 -12.5  24.0' spd 129.8 yaw 318.5 mode 0 st 0 gl 4 hp 45 frg 1
ARGEVT Reap route 13 start '1985.0   9.0  24.0' goal '1441.0 -695.0 184.0'
ARGEVT Omi hazard
ARGLOG Zeus t  76.7 pos '2168.3 -2128.0  84.0' spd  94.3 yaw 94 mode 2 st 6 gl 2 hp 100 frg 1
ARGLOG Omi t  76.8 pos '2736.0 -38.1 -72.0' spd  10.2 yaw 202 mode 2 st 9 gl 4 hp 13 frg 2
ARGLOG Reap t  76.8 pos '2127.4 -133.7  24.0' spd 396.9 yaw 92 mode 2 st 0 gl 4 hp 45 frg 1
ARGEVT Omi stall
ARGEVT Omi stallnode '2849.0   9.0 -72.0'
ARGEVT Omi jump
ARGEVT Omi route 9 start '2753.0 -55.0 -72.0' goal '2049.0 -535.0 104.0'
ARGLOG Zeus t  77.3 pos '2160.0 -2128.0  84.0' spd 0 yaw 93 mode 2 st 6 gl 2 hp 100 frg 1
ARGLOG Omi t  77.3 pos '2736.0 -36.7 -35.7' spd  23.5 yaw 203 mode 2 st 10 gl 4 hp 13 frg 2
ARGLOG Reap t  77.3 pos '2175.3  44.6  24.0' spd 320.9 yaw 65 mode 2 st 0 gl 4 hp 45 frg 1
ARGEVT Omi hazard
ARGLOG Zeus t  77.8 pos '2160.0 -2128.0  84.0' spd 0 yaw 93 mode 2 st 6 gl 2 hp 100 frg 1
ARGLOG Omi t  77.9 pos '2736.0 -63.9 -72.0' spd  69.0 yaw 200 mode 2 st 10 gl 4 hp 13 frg 2
ARGLOG Reap t  77.9 pos '2179.6 224.4  24.0' spd 336.8 yaw 22 mode 2 st 0 gl 4 hp 45 frg 1
ARGLOG Zeus t  78.4 pos '2160.0 -2128.0  84.0' spd 0 yaw 93 mode 2 st 6 gl 2 hp 100 frg 1
ARGLOG Omi t  78.4 pos '2736.0 -72.0 -72.0' spd  11.4 yaw 199 mode 2 st 10 gl 4 hp 13 frg 2
ARGLOG Reap t  78.4 pos '2323.9 333.5   8.0' spd 333.6 yaw 359 mode 2 st 0 gl 4 hp 45 frg 1
ARGEVT Omi stall
ARGEVT Omi stallnode '2849.0   9.0 -72.0'
ARGEVT Omi jump
ARGEVT Omi route 9 start '2753.0 -55.0 -72.0' goal '2049.0 -535.0 104.0'
ARGEVT Zeus stall
ARGEVT Zeus stallnode '2145.0 -1943.0  56.0'
ARGEVT Zeus jump
ARGLOG Zeus t  78.9 pos '2160.0 -2128.0  97.5' spd 0 yaw  74.2 mode 0 st 7 gl 2 hp 100 frg 1
ARGLOG Omi t  79.0 pos '2736.0 -78.1 -40.9' spd  39.9 yaw 198 mode 2 st 11 gl 4 hp 13 frg 2
ARGLOG Reap t  79.0 pos '2501.8 312.3 -72.0' spd 326.8 yaw 289 mode 2 st 0 gl 4 hp 45 frg 1
ARGEVT Zeus route 4 start '2145.0 -2071.0  88.0' goal '2465.0 -1751.0  24.0'
ARGEVT Omi hazard
ARGEVT Omi stall
ARGEVT Omi stallnode '2849.0   9.0 -72.0'
ARGEVT Omi jump
ARGLOG Zeus t  79.5 pos '2164.9 -2110.2  88.0' spd  36.0 yaw 94 mode 2 st 7 gl 2 hp 100 frg 1
ARGLOG Omi t  79.6 pos '2740.8 -74.4 -35.7' spd  31.6 yaw  18.6 mode 0 st 12 gl 4 hp 13 frg 2
ARGLOG Reap t  79.6 pos '2635.2 190.9 -72.0' spd 341.5 yaw 320 mode 2 st 0 gl 4 hp 70 frg 1
ARGLOG Zeus t  80.1 pos '2150.3 -1937.3  56.0' spd 334.8 yaw 30 mode 2 st 7 gl 2 hp 100 frg 1
ARGEVT Reap engage Omi
ARGEVT Omi engage Reap
ARGEVT Omi weapon ssg
ARGLOG Omi t  80.1 pos '2800.2 -50.8 -72.0' spd 320.0 yaw  62.4 mode 0 st 12 gl 4 hp 13 frg 2
ARGLOG Reap t  80.1 pos '2652.1  25.3 -72.0' spd 124.6 yaw 358.2 mode 2 st 0 gl 4 hp 70 frg 1
ARGEVT Reap pursue
ARGEVT Omi pursue
ARGEVT Omi hazard
ARGLOG Zeus t  80.6 pos '2281.4 -1808.0  24.0' spd 292.3 yaw 17 mode 2 st 7 gl 2 hp 100 frg 1
ARGLOG Omi t  80.7 pos '2736.0  16.0 -72.0' spd 0 yaw 124.3 mode 0 st 12 gl 4 hp 10 frg 2
ARGLOG Reap t  80.7 pos '2688.0 -42.1 -72.0' spd 205.8 yaw 356 mode 2 st 0 gl 4 hp 70 frg 1
ARGEVT Reap hazard
ARGEVT Omi goal item_health
ARGEVT Omi routefail
ARGLOG Zeus t  81.1 pos '2441.1 -1767.7  24.0' spd 332.2 yaw 55 mode 1 st 7 gl 2 hp 100 frg 1
ARGEVT Omi goal item_health
ARGLOG Omi t  81.2 pos '2791.4   6.8 -72.0' spd 285.1 yaw 193.8 mode 0 st 12 gl 4 hp 10 frg 2
ARGLOG Reap t  81.2 pos '2688.0 -44.4 -72.0' spd  10.4 yaw 357 mode 2 st 0 gl 4 hp 70 frg 1
ARGEVT Omi routefail
ARGEVT Zeus goal item_armorInv
ARGEVT Omi goal item_health
ARGEVT Omi abandon
ARGEVT Zeus routefail
ARGEVT Zeus goal 
ARGEVT Omi goal item_health
ARGLOG Zeus t  81.7 pos '2608.0 -1784.2  24.0' spd 248.4 yaw 317.4 mode 0 st 7 gl 3 hp 100 frg 1
ARGEVT Zeus route 10 start '2561.0 -1815.0  24.0' goal '2529.0 -215.0  32.0'
ARGEVT Omi weapon rl
ARGLOG Omi t  81.8 pos '2814.5 -32.6 -72.0' spd 335.5 yaw 144.9 mode 0 st 12 gl 4 hp 10 frg 2
ARGLOG Reap t  81.8 pos '2634.6   4.8 -72.0' spd 345.8 yaw  11.5 mode 2 st 0 gl 4 hp 70 frg 1
ARGEVT Zeus hazard
ARGEVT Omi death Omi pos '2827.5 -11.9 -72.0'
ARGEVT Reap death Omi pos '2635.4  46.6 -72.0'
ARGLOG Zeus t  82.2 pos '2605.9 -1821.7  24.0' spd 326.6 yaw 119 mode 2 st 7 gl 3 hp 100 frg 1
ARGLOG Zeus t  82.7 pos '2533.1 -1656.0  24.0' spd 322.2 yaw 98 mode 2 st 7 gl 3 hp 100 frg 1
ARGLOG Zeus t  83.2 pos '2445.8 -1521.4  24.0' spd 320.0 yaw 86 mode 2 st 7 gl 3 hp 100 frg 1
ARGEVT Omi respawn
ARGEVT Reap respawn
ARGEVT Zeus engage Omi
ARGEVT Omi goal item_armor2
ARGEVT Omi engage Zeus
ARGLOG Omi t  83.4 pos '2576.0 -1328.0  24.0' spd 0 yaw 225.5 mode 0 st 12 gl 4 hp 100 frg 2
ARGEVT Reap goal weapon_supershotgun
ARGLOG Reap t  83.4 pos '2704.0 -2048.0 128.0' spd 0 yaw 278 mode 1 st 0 gl 4 hp 100 frg 1
ARGEVT Omi route 15 start '2529.0 -1367.0  24.0' goal '2017.0 -983.0  32.0'
ARGLOG Zeus t  83.8 pos '2479.2 -1469.1  24.0' spd 328.0 yaw 119.5 mode 2 st 7 gl 3 hp 100 frg 1
ARGEVT Omi hazard
ARGEVT Omi death Zeus pos '2448.0 -1278.3  24.0'
ARGLOG Reap t  84.0 pos '2727.8 -2218.3 120.0' spd 320.0 yaw 276 mode 1 st 0 gl 4 hp 100 frg 1
ARGEVT Zeus goal item_armor2
ARGEVT Reap goal item_health
ARGEVT Zeus route 16 start '2625.0 -1431.0  24.0' goal '2017.0 -983.0  32.0'
ARGLOG Zeus t  84.4 pos '2560.9 -1339.2  24.0' spd 358.1 yaw 120 mode 2 st 7 gl 3 hp 100 frg 2
ARGLOG Reap t  84.5 pos '2672.0 -2350.0 120.0' spd  30.3 yaw 142.2 mode 0 st 0 gl 5 hp 100 frg 1
ARGEVT Reap routefail
ARGEVT Reap goal 
ARGEVT Reap route 13 start '2689.0 -2327.0 120.0' goal '2433.0 -1303.0  24.0'
ARGLOG Zeus t  84.9 pos '2484.8 -1192.6  24.0' spd 327.7 yaw 87 mode 2 st 7 gl 3 hp 100 frg 2
ARGLOG Reap t  85.1 pos '2580.6 -2255.2 120.0' spd 322.2 yaw 228 mode 2 st 0 gl 5 hp 100 frg 1
ARGEVT Zeus lift
ARGLOG Zeus t  85.4 pos '2489.9 -994.2  41.3' spd 320.2 yaw 72 mode 2 st 7 gl 3 hp 100 frg 2
ARGEVT Omi respawn
ARGEVT Zeus jump
ARGEVT Omi goal weapon_rocketlauncher
ARGLOG Omi t  85.5 pos '1712.0 -504.0  24.0' spd 0 yaw 250.2 mode 0 st 12 gl 4 hp 100 frg 2
ARGEVT Omi route 19 start '1729.0 -471.0  24.0' goal '1441.0 -695.0 184.0'
ARGLOG Reap t  85.6 pos '2417.2 -2322.3 120.0' spd 336.7 yaw 229 mode 2 st 0 gl 5 hp 100 frg 1
ARGLOG Zeus t  86.0 pos '2520.7 -882.6 120.0' spd 320.6 yaw 83 mode 2 st 7 gl 3 hp 100 frg 2
ARGLOG Omi t  86.0 pos '1731.4 -667.4  24.0' spd 406.1 yaw 34 mode 2 st 12 gl 4 hp 100 frg 2
ARGEVT Omi hazard
ARGLOG Reap t  86.2 pos '2356.0 -2494.4 136.0' spd 375.7 yaw 142 mode 2 st 0 gl 5 hp 100 frg 1
ARGEVT Reap jump
ARGLOG Zeus t  86.5 pos '2576.5 -712.6 120.0' spd 326.2 yaw 83 mode 2 st 7 gl 3 hp 100 frg 2
ARGLOG Omi t  86.6 pos '1817.4 -507.7  40.0' spd 364.3 yaw 354 mode 2 st 12 gl 4 hp 100 frg 2
ARGLOG Reap t  86.7 pos '2312.2 -2501.7 175.2' spd  32.9 yaw 133 mode 2 st 0 gl 5 hp 100 frg 1
ARGLOG Zeus t  87.1 pos '2584.3 -532.5 120.0' spd 320.7 yaw 85 mode 2 st 7 gl 3 hp 100 frg 2
ARGLOG Omi t  87.2 pos '2002.2 -508.7 104.0' spd 342.6 yaw 87 mode 2 st 12 gl 4 hp 100 frg 2
ARGEVT Reap hazard
ARGLOG Reap t  87.3 pos '2192.9 -2416.0 200.0' spd 345.9 yaw 118 mode 2 st 0 gl 5 hp 100 frg 1
ARGLOG Zeus t  87.7 pos '2611.7 -355.2 120.0' spd 321.2 yaw 106.8 mode 0 st 7 gl 3 hp 100 frg 2
ARGLOG Omi t  87.7 pos '2032.5 -348.6  88.0' spd 332.0 yaw 94 mode 2 st 12 gl 4 hp 100 frg 2
ARGLOG Reap t  87.8 pos '2128.0 -2341.5 153.9' spd  35.6 yaw 87 mode 2 st 0 gl 5 hp 100 frg 1
ARGEVT Zeus route 9 start '2625.0 -279.0 120.0' goal '2017.0 -983.0  32.0'
ARGEVT Omi engage Zeus
ARGLOG Zeus t  88.2 pos '2560.0 -240.8 120.0' spd 147.7 yaw 43 mode 2 st 7 gl 3 hp 100 frg 2
ARGLOG Omi t  88.3 pos '2040.6 -189.8  24.0' spd 387.4 yaw   0.6 mode 2 st 12 gl 4 hp 100 frg 2
ARGEVT Zeus engage Omi
ARGLOG Reap t  88.4 pos '2134.4 -2240.6  88.0' spd 320.0 yaw 87 mode 2 st 0 gl 5 hp 100 frg 1
ARGLOG Zeus t  88.8 pos '2501.2 -191.3 117.0' spd 320.0 yaw 140.0 mode 2 st 7 gl 3 hp 100 frg 2
ARGLOG Omi t  88.8 pos '2122.1 -25.8  24.0' spd 322.1 yaw 332.9 mode 2 st 12 gl 4 hp 100 frg 2
ARGEVT Zeus pursue
ARGEVT Omi pursue
ARGLOG Reap t  89.0 pos '2144.4 -2062.3  88.0' spd 320.0 yaw 89 mode 2 st 0 gl 5 hp 100 frg 1
ARGLOG Zeus t  89.3 pos '2418.0 -226.5  24.0' spd 151.2 yaw 168.6 mode 2 st 7 gl 3 hp 80 frg 2
ARGLOG Omi t  89.4 pos '2131.6 -54.8  24.0' spd 320.8 yaw 333.1 mode 2 st 12 gl 4 hp 6 frg 2
ARGLOG Reap t  89.5 pos '2167.4 -1882.7  24.0' spd 367.1 yaw 48 mode 2 st 0 gl 5 hp 100 frg 1
ARGLOG Zeus t  89.9 pos '2407.2 -204.6  24.0' spd 172.8 yaw 202.1 mode 2 st 7 gl 3 hp 56 frg 2
ARGEVT Omi death Zeus pos '2103.5 -233.0  24.0'
ARGEVT Zeus goal item_armorInv
ARGLOG Reap t  90.1 pos '2336.5 -1808.0  24.0' spd 325.0 yaw 83 mode 2 st 0 gl 5 hp 100 frg 1
ARGEVT Zeus routefail
ARGEVT Zeus goal item_rockets
ARGLOG Zeus t  90.4 pos '2362.8 -240.0  24.0' spd  79.5 yaw 233 mode 0 st 7 gl 3 hp 56 frg 3
ARGEVT Zeus hazard
ARGEVT Zeus routefail
ARGEVT Zeus goal item_health
ARGEVT Zeus route 3 start '2273.0 -183.0  24.0' goal '2049.0 -535.0 104.0'
ARGLOG Reap t  90.6 pos '2436.6 -1667.3  24.0' spd 337.0 yaw 90 mode 2 st 0 gl 5 hp 100 frg 1
ARGLOG Zeus t  91.0 pos '2189.8 -218.1  24.0' spd 321.3 yaw 205 mode 2 st 7 gl 3 hp 56 frg 3
ARGLOG Reap t  91.2 pos '2410.5 -1488.4  24.0' spd 324.9 yaw 77 mode 1 st 0 gl 5 hp 100 frg 1
ARGEVT Omi respawn
ARGLOG Zeus t  91.5 pos '2011.0 -211.1  24.0' spd 378.0 yaw 277 mode 2 st 7 gl 3 hp 56 frg 3
ARGEVT Omi goal item_armor2
ARGLOG Omi t  91.5 pos '2048.0 -1352.0 136.0' spd 0 yaw 160.5 mode 0 st 12 gl 4 hp 100 frg 2
ARGEVT Omi route 3 start '2049.0 -1367.0 136.0' goal '2017.0 -983.0  32.0'
ARGEVT Zeus jump
ARGEVT Reap goal weapon_rocketlauncher
ARGLOG Reap t  91.8 pos '2440.3 -1309.9  24.0' spd 344.9 yaw 131.8 mode 0 st 0 gl 6 hp 100 frg 1
ARGEVT Reap route 14 start '2433.0 -1303.0  24.0' goal '1441.0 -695.0 184.0'
ARGEVT Reap hazard
ARGLOG Zeus t  92.1 pos '1970.1 -336.0  72.0' spd  21.3 yaw 292 mode 2 st 7 gl 3 hp 56 frg 3
ARGLOG Omi t  92.1 pos '2017.1 -1232.0 136.0' spd 320.0 yaw 90 mode 2 st 12 gl 4 hp 100 frg 2
ARGLOG Reap t  92.3 pos '2415.2 -1296.0  24.0' spd 293.6 yaw 76 mode 2 st 0 gl 6 hp 100 frg 1
ARGLOG Zeus t  92.6 pos '2019.1 -500.1 104.0' spd 320.2 yaw 281 mode 1 st 7 gl 3 hp 100 frg 3
ARGLOG Omi t  92.6 pos '2077.4 -1091.9 200.0' spd 328.5 yaw 119 mode 2 st 12 gl 4 hp 100 frg 2
ARGEVT Zeus goal item_artifact_super_damage
ARGEVT Zeus route 3 start '2049.0 -535.0 104.0' goal '1889.0 -727.0 184.0'
ARGLOG Reap t  92.9 pos '2505.5 -1148.6  24.0' spd 324.0 yaw 91 mode 2 st 0 gl 6 hp 100 frg 1
ARGLOG Zeus t  93.1 pos '1930.6 -527.1  88.0' spd 322.7 yaw 259 mode 2 st 7 gl 4 hp 100 frg 3
ARGLOG Omi t  93.1 pos '2014.3 -936.2 181.0' spd 356.0 yaw  16.0 mode 1 st 12 gl 4 hp 100 frg 2
ARGEVT Zeus rjump
ARGEVT Reap lift
ARGEVT Reap jump
ARGLOG Reap t  93.4 pos '2501.5 -928.2  73.9' spd 320.0 yaw 70 mode 2 st 0 gl 6 hp 100 frg 1
ARGLOG Zeus t  93.7 pos '1736.7 -513.7 213.4' spd 382.5 yaw 306 mode 2 st 7 gl 4 hp 48 frg 3
ARGLOG Omi t  93.7 pos '2099.9 -897.8  32.0' spd 349.6 yaw 138.0 mode 1 st 12 gl 4 hp 100 frg 2
ARGEVT Omi plan powerup via weapon
ARGEVT Omi goal weapon_rocketlauncher
ARGEVT Omi routefail
ARGEVT Omi plan powerup via weapon
ARGEVT Omi goal weapon_grenadelauncher
ARGEVT Omi jump
ARGLOG Reap t  94.0 pos '2527.5 -845.0 120.0' spd 320.0 yaw 84 mode 2 st 0 gl 6 hp 100 frg 1
ARGEVT Omi routefail
ARGLOG Zeus t  94.3 pos '1688.2 -560.0 208.6' spd  37.4 yaw 321 mode 2 st 7 gl 4 hp 48 frg 3
ARGEVT Omi goal item_artifact_super_damage
ARGLOG Omi t  94.3 pos '2000.0 -894.0  68.3' spd  24.8 yaw 220.5 mode 0 st 12 gl 5 hp 100 frg 2
ARGEVT Omi routefail
ARGEVT Omi goal item_health
ARGEVT Omi routefail
ARGLOG Reap t  94.6 pos '2589.7 -689.5 120.0' spd 329.6 yaw 85 mode 2 st 0 gl 6 hp 100 frg 1
ARGEVT Omi trapped
ARGEVT Omi death Omi pos '2000.0 -934.1  32.0'
ARGLOG Zeus t  94.8 pos '1730.9 -581.3  24.0' spd 320.1 yaw 318 mode 2 st 7 gl 4 hp 48 frg 3
ARGLOG Reap t  95.1 pos '2592.6 -507.6 120.0' spd 320.5 yaw 86 mode 2 st 0 gl 6 hp 100 frg 1
ARGLOG Zeus t  95.4 pos '1776.3 -739.3  24.0' spd 362.3 yaw 6 mode 2 st 7 gl 4 hp 48 frg 3
ARGEVT Zeus hazard
ARGLOG Reap t  95.7 pos '2607.0 -327.6 120.0' spd 353.5 yaw 146.8 mode 0 st 0 gl 6 hp 100 frg 1
ARGEVT Reap route 9 start '2561.0 -375.0 120.0' goal '1441.0 -695.0 184.0'
ARGLOG Zeus t  95.9 pos '1804.0 -744.6  29.1' spd  91.9 yaw 11 mode 2 st 7 gl 4 hp 48 frg 3
ARGLOG Reap t  96.3 pos '2562.2 -158.6 120.0' spd 326.0 yaw 28 mode 2 st 0 gl 6 hp 100 frg 1
ARGEVT Omi respawn
ARGEVT Omi goal 
ARGLOG Omi t  96.4 pos '2248.0 -16.0 -136.0' spd 0 yaw 7 mode 1 st 12 gl 5 hp 100 frg 1
ARGLOG Zeus t  96.5 pos '1801.5 -724.5  25.6' spd 197.5 yaw 359 mode 2 st 7 gl 4 hp 48 frg 3
ARGEVT Zeus hazard
ARGEVT Zeus stall
ARGEVT Zeus stallnode '1889.0 -727.0 184.0'
ARGEVT Zeus jump
ARGLOG Reap t  96.8 pos '2632.1   9.0 120.0' spd 354.0 yaw 0 mode 2 st 0 gl 6 hp 100 frg 1
ARGLOG Omi t  96.9 pos '2419.4   5.0 -72.0' spd 320.0 yaw 9 mode 1 st 12 gl 5 hp 100 frg 1
ARGLOG Zeus t  97.0 pos '1801.7 -721.8  60.9' spd  29.8 yaw 302.2 mode 0 st 8 gl 4 hp 48 frg 3
ARGEVT Zeus routefail
ARGEVT Omi goal 
ARGEVT Omi route 2 start '2529.0   9.0 -64.0' goal '2849.0   9.0 -72.0'
ARGEVT Zeus goal item_health
ARGEVT Zeus routefail
ARGLOG Reap t  97.4 pos '2640.0 -64.2 120.0' spd 115.1 yaw 19 mode 2 st 0 gl 6 hp 100 frg 1
ARGLOG Omi t  97.5 pos '2597.3 -16.9 -72.0' spd 334.9 yaw 333.5 mode 2 st 12 gl 6 hp 100 frg 1
ARGEVT Zeus goal item_health
ARGLOG Zeus t  97.6 pos '1761.3 -742.8  24.0' spd 325.7 yaw 156.1 mode 0 st 8 gl 4 hp 48 frg 3
ARGEVT Zeus routefail
ARGEVT Omi door
ARGEVT Zeus goal item_rockets
ARGEVT Omi hazard
ARGEVT Zeus route 20 start '1665.0 -695.0  24.0' goal '1569.0 -695.0 184.0'
ARGLOG Reap t  97.9 pos '2640.0 -62.5 120.0' spd  13.6 yaw 18 mode 2 st 0 gl 6 hp 100 frg 1
ARGLOG Omi t  98.1 pos '2656.9 -78.3 -72.0' spd 329.3 yaw 201.0 mode 2 st 12 gl 6 hp 100 frg 1
ARGLOG Zeus t  98.1 pos '1649.5 -617.0  24.0' spd 325.6 yaw 16 mode 2 st 8 gl 4 hp 48 frg 3
ARGEVT Reap stall
ARGEVT Reap stallnode '2753.0 -55.0 -72.0'
ARGEVT Reap jump
ARGEVT Reap route 7 start '2625.0   9.0 120.0' goal '1441.0 -695.0 184.0'
ARGLOG Reap t  98.5 pos '2640.0 -66.7 155.7' spd  30.7 yaw 5 mode 2 st 1 gl 6 hp 100 frg 1
ARGLOG Omi t  98.6 pos '2592.0 -80.0 -72.0' spd 0 yaw 205.0 mode 2 st 12 gl 6 hp 100 frg 1
ARGLOG Zeus t  98.7 pos '1801.4 -517.6  24.0' spd 343.8 yaw 356 mode 2 st 8 gl 4 hp 48 frg 3
ARGLOG Reap t  99.0 pos '2563.6 -14.8 120.0' spd 380.1 yaw 349 mode 2 st 1 gl 6 hp 100 frg 1
ARGEVT Omi stall
ARGEVT Omi stallnode '2849.0   9.0 -72.0'
ARGEVT Omi jump
ARGLOG Omi t  99.2 pos '2592.0 -80.0 -58.3' spd 0 yaw 184.5 mode 0 st 13 gl 6 hp 100 frg 1
ARGLOG Zeus t  99.2 pos '1983.2 -519.5 104.0' spd 348.3 yaw 84 mode 2 st 8 gl 4 hp 48 frg 3
ARGEVT Omi route 1 start '2625.0 -55.0 -72.0' goal '2849.0   9.0 -72.0'
ARGLOG Reap t  99.6 pos '2640.0  -4.6 120.0' spd 157.9 yaw 3 mode 2 st 1 gl 6 hp 100 frg 1
ARGLOG Omi t  99.7 pos '2576.2 -80.0 -61.1' spd  33.3 yaw 206 mode 2 st 13 gl 6 hp 100 frg 1
ARGLOG Zeus t  99.7 pos '2036.0 -361.7  88.0' spd 344.6 yaw 95 mode 2 st 8 gl 4 hp 48 frg 3
ARGLOG Reap t 100.1 pos '2640.0 -67.5 120.0' spd  21.1 yaw 20 mode 2 st 1 gl 6 hp 100 frg 1
ARGEVT Omi route 2 start '2433.0 -55.0 -72.0' goal '2849.0   9.0 -72.0'
ARGLOG Omi t 100.2 pos '2440.2 -80.0 -72.0' spd 320.4 yaw 204.5 mode 2 st 13 gl 6 hp 100 frg 1
ARGEVT Zeus engage Reap
ARGLOG Zeus t 100.2 pos '1992.7 -201.9  24.0' spd 342.0 yaw  23.0 mode 2 st 8 gl 4 hp 48 frg 3
ARGEVT Zeus weapon sg
ARGLOG Reap t 100.6 pos '2640.0 -60.4 120.0' spd   6.9 yaw 18 mode 2 st 1 gl 6 hp 100 frg 1
ARGEVT Zeus pursue
ARGLOG Omi t 100.7 pos '2260.5 -80.0 -119.3' spd 365.1 yaw 269 mode 0 st 13 gl 6 hp 100 frg 1
ARGLOG Zeus t 100.8 pos '2158.7 -119.6  24.0' spd 321.7 yaw 6 mode 2 st 8 gl 4 hp 48 frg 3
ARGEVT Omi routefail
ARGEVT Omi goal item_armor2
ARGEVT Reap stall
ARGEVT Reap stallnode '2753.0 -55.0 -72.0'
ARGEVT Reap jump
ARGEVT Omi routefail
ARGLOG Reap t 101.2 pos '2640.0 -57.6 134.2' spd   3.4 yaw 341.2 mode 0 st 2 gl 6 hp 100 frg 1
ARGLOG Omi t 101.2 pos '2230.3 -208.0 -136.0' spd 125.0 yaw 4 mode 0 st 13 gl 6 hp 100 frg 1
ARGEVT Reap engage Zeus
ARGLOG Zeus t 101.3 pos '2289.3 -73.2  40.0' spd 304.8 yaw 359.5 mode 2 st 8 gl 4 hp 48 frg 3
ARGEVT Omi goal 
ARGEVT Omi routefail
ARGEVT Omi goal weapon_nailgun
ARGEVT Omi routefail
ARGLOG Reap t 101.7 pos '2640.0 -75.3 129.0' spd  43.9 yaw 155.4 mode 0 st 2 gl 6 hp 88 frg 1
ARGLOG Omi t 101.8 pos '2230.3 -208.0 -136.0' spd 0 yaw 3 mode 0 st 13 gl 6 hp 100 frg 1
ARGLOG Zeus t 101.9 pos '2320.0  16.0  40.0' spd 0 yaw 346.8 mode 2 st 8 gl 4 hp 36 frg 3
ARGEVT Omi trapped
ARGEVT Omi death Omi pos '2230.3 -208.0 -136.0'
ARGEVT Reap route 8 start '2561.0 -87.0 120.0' goal '1441.0 -695.0 184.0'
ARGLOG Reap t 102.3 pos '2558.8 -207.8 120.0' spd 323.9 yaw 131.4 mode 2 st 2 gl 6 hp 100 frg 1
ARGLOG Zeus t 102.4 pos '2320.0  16.0  40.0' spd 0 yaw 306.6 mode 2 st 8 gl 4 hp 36 frg 3
ARGEVT Reap hazard
ARGLOG Reap t 102.9 pos '2613.7 -152.6 120.0' spd 324.7 yaw 150.2 mode 2 st 2 gl 6 hp 100 frg 1
ARGLOG Zeus t 103.0 pos '2320.0  16.0  40.0' spd 0 yaw 334.0 mode 2 st 8 gl 4 hp 8 frg 3
ARGLOG Reap t 103.4 pos '2583.0 -150.8 120.0' spd 320.1 yaw 144.3 mode 2 st 2 gl 6 hp 100 frg 1
ARGEVT Omi respawn
ARGLOG Zeus t 103.5 pos '2320.0  16.0  40.0' spd 0 yaw 317.7 mode 2 st 8 gl 4 hp 4 frg 3
ARGEVT Omi goal 
ARGLOG Omi t 103.5 pos '2560.0 -192.0  32.0' spd 0 yaw 183 mode 0 st 13 gl 6 hp 100 frg 0
ARGEVT Omi routefail
ARGEVT Omi engage Reap
ARGEVT Reap hazard
ARGEVT Omi goal item_spikes
ARGEVT Omi route 4 start '2529.0 -215.0  32.0' goal '2561.0 -375.0  24.0'
ARGEVT Zeus death Reap pos '2320.0  16.0  40.0'
ARGLOG Reap t 103.9 pos '2566.7 -201.4 120.0' spd 322.5 yaw 147.6 mode 2 st 2 gl 6 hp 76 frg 2
ARGEVT Reap engage Omi
ARGLOG Omi t 104.0 pos '2417.4 -232.0  24.0' spd 384.7 yaw  10.4 mode 2 st 13 gl 6 hp 100 frg 0
ARGEVT Reap goal item_armor2
ARGEVT Reap route 2 start '2529.0 -215.0 120.0' goal '2753.0 -55.0 -72.0'
ARGEVT Omi hazard
ARGLOG Reap t 104.5 pos '2590.8 -325.2 120.0' spd 348.6 yaw 131.0 mode 2 st 2 gl 6 hp 76 frg 2
ARGLOG Omi t 104.6 pos '2389.7 -170.7  24.0' spd 321.6 yaw 295.0 mode 2 st 13 gl 6 hp 100 frg 0
ARGEVT Reap route 3 start '2561.0 -375.0 120.0' goal '2753.0 -55.0 -72.0'
ARGEVT Omi pursue
ARGLOG Reap t 105.0 pos '2560.0 -503.6 120.0' spd 343.0 yaw 115.8 mode 2 st 2 gl 6 hp 76 frg 2
ARGEVT Reap hazard
ARGLOG Omi t 105.2 pos '2453.5 -230.9  24.0' spd 320.5 yaw 298.0 mode 2 st 13 gl 6 hp 100 frg 0
ARGEVT Reap pursue
ARGEVT Zeus respawn
ARGEVT Zeus goal item_armor2
ARGEVT Zeus door
ARGLOG Zeus t 105.5 pos '2544.0 -32.0 -64.0' spd 0 yaw 199.8 mode 0 st 8 gl 4 hp 100 frg 3
ARGEVT Omi hazard
ARGEVT Zeus route 1 start '2529.0   9.0 -64.0' goal '2753.0 -55.0 -72.0'
ARGEVT Omi pursue
ARGLOG Reap t 105.6 pos '2554.3 -420.9 143.4' spd 316.3 yaw 137 mode 2 st 2 gl 6 hp 76 frg 2
ARGLOG Omi t 105.7 pos '2575.5 -207.8  32.0' spd 151.2 yaw 267 mode 0 st 13 gl 6 hp 100 frg 0
ARGEVT Omi route 4 start '2529.0 -215.0  32.0' goal '2561.0 -375.0  24.0'
ARGEVT Zeus hazard
ARGLOG Zeus t 106.1 pos '2381.0 -80.0 -72.0' spd 334.3 yaw 183.3 mode 0 st 8 gl 4 hp 100 frg 3
ARGEVT Reap route 3 start '2561.0 -375.0 120.0' goal '2753.0 -55.0 -72.0'
ARGLOG Reap t 106.2 pos '2557.0 -304.0 136.0' spd 0 yaw 161 mode 2 st 2 gl 6 hp 76 frg 2
ARGLOG Omi t 106.3 pos '2421.4 -211.6  24.0' spd 361.8 yaw  97.2 mode 2 st 13 gl 6 hp 100 frg 0
ARGEVT Zeus route 2 start '2337.0 -55.0 -104.0' goal '2753.0 -55.0 -72.0'
ARGLOG Zeus t 106.6 pos '2216.2 -132.4 -136.0' spd 403.0 yaw 292 mode 0 st 8 gl 4 hp 100 frg 3
ARGLOG Reap t 106.7 pos '2557.0 -304.0 136.0' spd 0 yaw 161 mode 2 st 2 gl 6 hp 76 frg 2
ARGEVT Zeus routefail
ARGLOG Omi t 106.8 pos '2519.3 -164.3  32.0' spd 368.6 yaw 278.9 mode 2 st 13 gl 6 hp 100 frg 0
ARGEVT Omi route 4 start '2529.0 -215.0  32.0' goal '2561.0 -375.0  24.0'
ARGEVT Zeus goal item_spikes
ARGEVT Zeus routefail
ARGEVT Omi hazard
ARGLOG Zeus t 107.2 pos '2224.7 -208.0 -136.0' spd   8.8 yaw 342 mode 0 st 8 gl 4 hp 100 frg 3
ARGEVT Zeus goal item_spikes
ARGLOG Reap t 107.3 pos '2557.0 -304.0 136.0' spd 0 yaw 161 mode 2 st 2 gl 6 hp 76 frg 2
ARGEVT Zeus routefail
ARGEVT Reap hazard
ARGLOG Omi t 107.4 pos '2475.5 -236.1  24.0' spd 334.6 yaw 135.1 mode 2 st 13 gl 6 hp 100 frg 0
ARGEVT Zeus goal 
ARGEVT Zeus routefail
ARGEVT Zeus trapped
ARGEVT Zeus death Zeus pos '2224.7 -208.0 -136.0'
ARGLOG Reap t 107.8 pos '2574.8 -234.0 120.0' spd 320.2 yaw 166.5 mode 2 st 2 gl 6 hp 76 frg 2
ARGLOG Omi t 107.9 pos '2330.0 -192.3  24.0' spd 448.4 yaw  10.5 mode 2 st 13 gl 6 hp 68 frg 0
ARGLOG Reap t 108.4 pos '2562.5 -54.9 120.0' spd 322.0 yaw 196.2 mode 2 st 2 gl 6 hp 67 frg 2
ARGLOG Omi t 108.5 pos '2271.4 -95.0  24.0' spd 320.7 yaw  29.6 mode 2 st 13 gl 6 hp 68 frg 0
ARGLOG Reap t 108.9 pos '2519.7 -67.1 120.0' spd  63.5 yaw 175.3 mode 2 st 2 gl 6 hp 67 frg 2
ARGLOG Omi t 109.1 pos '2229.6 -39.8  24.0' spd 324.3 yaw  28.4 mode 2 st 13 gl 6 hp 40 frg 0
ARGEVT Reap hazard
ARGEVT Zeus respawn
ARGEVT Zeus goal 
ARGLOG Zeus t 109.4 pos '2624.0 -488.0  32.0' spd 0 yaw 159.8 mode 0 st 8 gl 4 hp 100 frg 2
ARGLOG Reap t 109.4 pos '2517.5 -44.7 120.0' spd 320.4 yaw 204.9 mode 2 st 2 gl 6 hp 67 frg 2
ARGEVT Zeus routefail
ARGEVT Zeus goal weapon_grenadelauncher
ARGLOG Omi t 109.6 pos '2282.5 -212.6  24.0' spd 321.3 yaw  26.3 mode 2 st 13 gl 6 hp 40 frg 0
ARGEVT Zeus route 15 start '2593.0 -503.0  32.0' goal '2049.0 -1015.0 344.0'
ARGEVT Omi weapon sg
ARGLOG Zeus t 109.9 pos '2461.8 -466.4   8.0' spd 327.4 yaw 143 mode 2 st 8 gl 4 hp 100 frg 2
ARGLOG Reap t 110.0 pos '2587.0 -185.7 120.0' spd 371.0 yaw 170.9 mode 2 st 2 gl 6 hp 54 frg 2
ARGLOG Omi t 110.2 pos '2286.4 -175.9  24.0' spd 331.9 yaw 339.5 mode 2 st 13 gl 6 hp 24 frg 0
ARGEVT Zeus engage Reap
ARGLOG Zeus t 110.5 pos '2387.5 -361.2   8.0' spd 185.6 yaw  10.4 mode 2 st 8 gl 4 hp 100 frg 2
ARGLOG Reap t 110.5 pos '2561.8 -367.3 120.0' spd 333.2 yaw 135.3 mode 0 st 2 gl 6 hp 54 frg 2
ARGEVT Reap route 3 start '2561.0 -375.0 120.0' goal '2753.0 -55.0 -72.0'
ARGEVT Omi pursue
ARGEVT Reap pursue
ARGLOG Omi t 110.7 pos '2363.6 -150.6  24.0' spd 368.8 yaw 337 mode 2 st 13 gl 6 hp 24 frg 0
ARGLOG Zeus t 111.0 pos '2479.3 -517.1   8.0' spd 345.4 yaw  65.0 mode 0 st 8 gl 4 hp 100 frg 2
ARGEVT Reap route 3 start '2561.0 -375.0 120.0' goal '2753.0 -55.0 -72.0'
ARGEVT Zeus pursue
ARGLOG Reap t 111.1 pos '2560.0 -295.4 120.0' spd 322.3 yaw 136.5 mode 2 st 2 gl 6 hp 34 frg 2
ARGEVT Zeus route 14 start '2465.0 -503.0   8.0' goal '2049.0 -1015.0 344.0'
ARGLOG Omi t 111.3 pos '2538.9 -201.2  32.0' spd 323.2 yaw 301.2 mode 2 st 13 gl 6 hp 24 frg 0
ARGEVT Zeus hazard
ARGEVT Omi hazard
ARGEVT Omi route 4 start '2529.0 -215.0  32.0' goal '2561.0 -375.0  24.0'
ARGLOG Zeus t 111.6 pos '2522.0 -448.0  24.0' spd 270.4 yaw 112 mode 2 st 8 gl 4 hp 100 frg 2
ARGEVT Omi death Reap pos '2516.7 -232.0  32.0'
ARGLOG Reap t 111.7 pos '2439.0 -158.2 101.0' spd 502.2 yaw 319.1 mode 2 st 2 gl 6 hp 10 frg 3
ARGEVT Reap goal item_health
ARGEVT Reap route 3 start '2401.0 -87.0  88.0' goal '1985.0   9.0  24.0'
ARGLOG Zeus t 112.2 pos '2449.1 -316.6   8.0' spd 211.4 yaw 143.2 mode 2 st 8 gl 4 hp 100 frg 2
ARGLOG Reap t 112.2 pos '2280.0 -199.8  24.0' spd 320.1 yaw 144 mode 2 st 2 gl 6 hp 10 frg 3
ARGEVT Zeus pursue
ARGLOG Zeus t 112.7 pos '2292.6 -304.0   8.0' spd 323.0 yaw 163 mode 2 st 8 gl 4 hp 100 frg 2
ARGLOG Reap t 112.7 pos '2140.6 -113.7  24.0' spd 366.4 yaw 141 mode 2 st 2 gl 6 hp 10 frg 3
ARGEVT Reap death Zeus pos '2142.6 -91.8  24.0'
ARGEVT Zeus goal item_armorInv
ARGEVT Zeus routefail
ARGEVT Zeus goal weapon_rocketlauncher
ARGEVT Zeus routefail
ARGLOG Zeus t 113.2 pos '2189.0 -423.3   8.0' spd 342.9 yaw 283 mode 0 st 8 gl 4 hp 100 frg 3
ARGEVT Omi respawn
ARGEVT Omi goal item_armorInv
ARGLOG Omi t 113.3 pos '2176.0 -2176.0  84.0' spd 0 yaw  70.2 mode 0 st 13 gl 6 hp 100 frg 0
ARGEVT Omi hazard
ARGEVT Zeus goal weapon_grenadelauncher
ARGEVT Omi routefail
ARGEVT Zeus hazard
ARGEVT Omi goal weapon_rocketlauncher
ARGEVT Omi route 4 start '2145.0 -2071.0  88.0' goal '2465.0 -1751.0  24.0'
ARGEVT Zeus route 13 start '2145.0 -503.0   8.0' goal '2049.0 -1015.0 344.0'
ARGLOG Zeus t 113.8 pos '2144.6 -512.6   8.0' spd 102.8 yaw 82 mode 2 st 8 gl 4 hp 100 frg 3
ARGLOG Omi t 113.9 pos '2184.7 -2128.0  84.0' spd  68.1 yaw 98 mode 2 st 13 gl 6 hp 100 frg 0
ARGLOG Zeus t 114.3 pos '2298.9 -497.8   8.0' spd 381.3 yaw 100 mode 2 st 8 gl 4 hp 100 frg 3
ARGLOG Omi t 114.4 pos '2160.0 -2128.0  84.0' spd 0 yaw 93 mode 2 st 13 gl 6 hp 100 frg 0
ARGEVT Reap respawn
ARGEVT Reap goal weapon_rocketlauncher
ARGLOG Reap t 114.4 pos '2576.0 -1328.0  24.0' spd 0 yaw 256 mode 0 st 2 gl 6 hp 100 frg 3
ARGEVT Reap route 2 start '2529.0 -1367.0  24.0' goal '2465.0 -1751.0  24.0'
ARGLOG Zeus t 114.9 pos '2269.0 -312.0   8.0' spd 333.6 yaw 106 mode 2 st 8 gl 4 hp 100 frg 3
ARGLOG Omi t 114.9 pos '2160.0 -2128.0  84.0' spd 0 yaw 93 mode 2 st 13 gl 6 hp 100 frg 0
ARGLOG Reap t 115.0 pos '2515.5 -1489.8  24.0' spd 320.1 yaw 260 mode 2 st 2 gl 6 hp 100 frg 3
ARGEVT Zeus hazard
ARGLOG Zeus t 115.4 pos '2315.3 -306.4   8.0' spd 239.7 yaw 111 mode 2 st 8 gl 4 hp 100 frg 3
ARGLOG Omi t 115.5 pos '2160.0 -2128.0  84.0' spd 0 yaw 93 mode 2 st 13 gl 6 hp 100 frg 0
ARGEVT Omi goal item_health
ARGLOG Reap t 115.5 pos '2478.2 -1664.8  24.0' spd 321.1 yaw 227.5 mode 1 st 2 gl 6 hp 100 frg 3
ARGEVT Omi hazard
ARGEVT Reap goal item_health
ARGEVT Omi routefail
ARGEVT Omi goal weapon_rocketlauncher
ARGEVT Omi route 19 start '2145.0 -2071.0  88.0' goal '1441.0 -695.0 184.0'
ARGLOG Zeus t 116.0 pos '2250.6 -334.0   8.0' spd 374.7 yaw 253 mode 0 st 8 gl 4 hp 100 frg 3
ARGLOG Omi t 116.0 pos '2221.4 -2040.8  88.0' spd 336.6 yaw 111 mode 2 st 13 gl 6 hp 100 frg 0
ARGLOG Reap t 116.1 pos '2424.2 -1839.6  24.0' spd 320.3 yaw 260 mode 0 st 2 gl 7 hp 100 frg 3
ARGEVT Zeus route 13 start '2241.0 -439.0   8.0' goal '2049.0 -1015.0 344.0'
ARGEVT Reap jump
ARGEVT Reap engage Omi
ARGEVT Omi engage Reap
ARGLOG Zeus t 116.5 pos '2128.0 -466.6   8.0' spd  66.5 yaw 80 mode 2 st 8 gl 4 hp 100 frg 3
ARGEVT Zeus hazard
ARGLOG Omi t 116.6 pos '2153.5 -1868.0  24.0' spd 335.6 yaw 350.7 mode 2 st 13 gl 6 hp 100 frg 0
ARGEVT Reap routefail
ARGEVT Reap goal weapon_supershotgun
ARGLOG Reap t 116.7 pos '2415.4 -1896.1  59.9' spd  32.1 yaw 140.3 mode 0 st 2 gl 7 hp 100 frg 3
ARGEVT Reap routefail
ARGEVT Reap goal 
ARGEVT Reap route 12 start '2465.0 -1879.0  24.0' goal '2081.0 -55.0  24.0'
ARGLOG Zeus t 117.1 pos '2169.8 -300.5  24.0' spd 348.0 yaw  12.3 mode 0 st 8 gl 4 hp 100 frg 3
ARGLOG Omi t 117.2 pos '2128.0 -1936.0  40.0' spd 0 yaw  31.2 mode 2 st 13 gl 6 hp 34 frg 0
ARGEVT Zeus route 12 start '2209.0 -279.0  24.0' goal '2049.0 -1015.0 344.0'
ARGLOG Reap t 117.2 pos '2402.7 -1793.5  24.0' spd 340.8 yaw 241.4 mode 2 st 2 gl 7 hp 88 frg 3
ARGLOG Zeus t 117.6 pos '2262.8 -167.9  24.0' spd 328.2 yaw 112 mode 2 st 8 gl 4 hp 100 frg 3
ARGLOG Omi t 117.7 pos '2179.9 -2005.7  88.0' spd 320.0 yaw  73.1 mode 2 st 13 gl 6 hp 34 frg 0
ARGEVT Omi pursue
ARGEVT Reap pursue
ARGLOG Reap t 117.8 pos '2265.7 -1676.0  24.0' spd 426.1 yaw 250.9 mode 2 st 2 gl 7 hp 51 frg 3
ARGEVT Reap hazard
ARGLOG Zeus t 118.2 pos '2216.2   5.3  24.0' spd 320.7 yaw 74 mode 2 st 8 gl 4 hp 100 frg 3
ARGLOG Omi t 118.3 pos '2234.1 -1856.7  24.0' spd 324.9 yaw 33 mode 2 st 13 gl 6 hp 34 frg 0
ARGLOG Reap t 118.3 pos '2297.1 -1744.0  24.0' spd 320.0 yaw  19.0 mode 2 st 2 gl 7 hp 51 frg 3
ARGEVT Reap weapon sg
ARGLOG Zeus t 118.7 pos '2132.0 118.7  24.0' spd 344.7 yaw 34 mode 2 st 8 gl 4 hp 100 frg 3
ARGLOG Omi t 118.8 pos '2367.4 -1830.5  24.0' spd 334.5 yaw  75.9 mode 2 st 13 gl 6 hp 34 frg 0
ARGEVT Reap weapon rl
ARGLOG Reap t 118.8 pos '2397.5 -1668.7  24.0' spd 253.3 yaw 299.5 mode 2 st 2 gl 7 hp 47 frg 3
ARGLOG Zeus t 119.3 pos '2221.7 281.1  24.0' spd 325.0 yaw 12 mode 2 st 8 gl 4 hp 100 frg 3
ARGLOG Omi t 119.3 pos '2547.9 -1795.6  24.0' spd 359.4 yaw 165.5 mode 2 st 13 gl 6 hp 22 frg 0
ARGLOG Reap t 119.4 pos '2256.5 -1712.6  24.0' spd 172.6 yaw   8.3 mode 0 st 2 gl 7 hp 47 frg 3
ARGEVT Reap route 11 start '2273.0 -1719.0  24.0' goal '2081.0 -55.0  24.0'
ARGEVT Omi death Reap pos '2583.4 -1676.0  24.0'
ARGLOG Zeus t 119.8 pos '2371.6 335.6  -8.0' spd 320.3 yaw 358 mode 2 st 8 gl 4 hp 100 frg 3
ARGEVT Reap hazard
ARGEVT Reap goal item_health
ARGLOG Reap t 119.9 pos '2317.5 -1741.6  24.0' spd 364.0 yaw 359.2 mode 0 st 2 gl 7 hp 47 frg 4
ARGEVT Reap route 3 start '2273.0 -1719.0  24.0' goal '2433.0 -1303.0  24.0'
ARGLOG Zeus t 120.3 pos '2530.9 301.7 -72.0' spd 325.2 yaw 285 mode 2 st 8 gl 4 hp 100 frg 3
ARGLOG Reap t 120.4 pos '2435.3 -1637.8  24.0' spd 367.0 yaw 90 mode 2 st 2 gl 7 hp 47 frg 4
ARGLOG Zeus t 120.8 pos '2639.3 158.8 -72.0' spd 329.1 yaw 325 mode 2 st 8 gl 4 hp 100 frg 3
ARGLOG Reap t 121.0 pos '2428.0 -1454.9  24.0' spd 329.4 yaw 114 mode 1 st 2 gl 7 hp 47 frg 4
ARGEVT Omi respawn
ARGEVT Omi goal weapon_supershotgun
ARGLOG Omi t 121.2 pos '2704.0 -2048.0 128.0' spd 0 yaw 278 mode 1 st 13 gl 6 hp 100 frg 0
ARGLOG Zeus t 121.4 pos '2636.2 -20.7 -72.0' spd 321.3 yaw 216 mode 2 st 8 gl 4 hp 100 frg 3
ARGEVT Reap goal item_rockets
ARGEVT Zeus door
ARGLOG Reap t 121.5 pos '2354.5 -1296.0  24.0' spd 239.8 yaw 176.6 mode 0 st 2 gl 8 hp 97 frg 4
ARGEVT Reap hazard
ARGEVT Reap route 13 start '2433.0 -1303.0  24.0' goal '2049.0 -1015.0 344.0'
ARGLOG Omi t 121.8 pos '2727.8 -2218.3 120.0' spd 320.0 yaw 276 mode 1 st 13 gl 6 hp 100 frg 0
ARGLOG Zeus t 122.0 pos '2592.0 -80.0 -72.0' spd 0 yaw 205 mode 2 st 8 gl 4 hp 100 frg 3
ARGEVT Omi goal 
ARGEVT Omi hazard
ARGLOG Reap t 122.1 pos '2406.8 -1296.0  24.0' spd 340.6 yaw 75 mode 2 st 2 gl 8 hp 97 frg 4
ARGEVT Omi route 21 start '2689.0 -2327.0 120.0' goal '2849.0   9.0 -72.0'
ARGLOG Omi t 122.3 pos '2768.0 -2290.9 120.0' spd 320.0 yaw 169 mode 2 st 13 gl 7 hp 100 frg 0
ARGLOG Zeus t 122.5 pos '2592.0 -80.0 -72.0' spd 0 yaw 205 mode 2 st 8 gl 4 hp 100 frg 3
ARGEVT Zeus stall
ARGEVT Zeus stallnode '2849.0   9.0 -72.0'
ARGEVT Zeus jump
ARGLOG Reap t 122.6 pos '2509.3 -1150.2  24.0' spd 325.6 yaw 92 mode 2 st 2 gl 8 hp 97 frg 4
ARGEVT Zeus route 5 start '2625.0 -55.0 -72.0' goal '2049.0 -1015.0 344.0'
ARGLOG Omi t 122.9 pos '2664.0 -2188.6 120.0' spd  24.6 yaw 226 mode 2 st 13 gl 7 hp 100 frg 0
ARGLOG Zeus t 123.1 pos '2576.3 -77.4 -49.3' spd  40.3 yaw 204.7 mode 2 st 9 gl 4 hp 100 frg 3
ARGEVT Reap lift
ARGLOG Reap t 123.1 pos '2504.4 -949.2  50.9' spd 320.0 yaw 72 mode 2 st 2 gl 8 hp 97 frg 4
ARGEVT Reap jump
ARGEVT Omi hazard
ARGLOG Omi t 123.5 pos '2664.0 -2228.4 120.0' spd 180.6 yaw 222 mode 2 st 13 gl 7 hp 100 frg 0
ARGEVT Zeus route 6 start '2433.0 -55.0 -72.0' goal '2049.0 -1015.0 344.0'
ARGLOG Zeus t 123.6 pos '2438.8 -72.9 -72.0' spd 324.0 yaw 181.5 mode 2 st 9 gl 4 hp 100 frg 3
ARGLOG Reap t 123.7 pos '2519.3 -862.9 120.0' spd 320 yaw 83 mode 2 st 2 gl 8 hp 97 frg 4
ARGLOG Omi t 124.0 pos '2664.0 -2244.5 120.0' spd  14.1 yaw 220 mode 2 st 13 gl 7 hp 100 frg 0
ARGLOG Zeus t 124.2 pos '2247.0 -80.3 -118.7' spd 347.9 yaw 274 mode 0 st 9 gl 4 hp 100 frg 3
ARGLOG Reap t 124.3 pos '2587.4 -710.0 120.0' spd 334.4 yaw 85 mode 2 st 2 gl 8 hp 97 frg 4
ARGEVT Zeus routefail
ARGLOG Omi t 124.5 pos '2600.1 -2295.7 120.0' spd 377.6 yaw 220 mode 2 st 13 gl 7 hp 100 frg 0
ARGEVT Zeus goal weapon_rocketlauncher
ARGEVT Zeus routefail
ARGEVT Omi hazard
ARGLOG Zeus t 124.8 pos '2245.2 -194.1 -136.0' spd 240.7 yaw 246.7 mode 0 st 9 gl 4 hp 100 frg 3
ARGEVT Zeus goal 
ARGLOG Reap t 124.8 pos '2591.3 -528.9 120.0' spd 321.0 yaw 86 mode 2 st 2 gl 8 hp 97 frg 4
ARGEVT Zeus routefail
ARGEVT Zeus goal 
ARGLOG Omi t 125.1 pos '2412.7 -2310.0 120.0' spd 350.9 yaw 232 mode 2 st 13 gl 7 hp 100 frg 0
ARGEVT Zeus routefail
ARGLOG Zeus t 125.3 pos '2245.2 -194.1 -136.0' spd 0 yaw  85.7 mode 0 st 9 gl 4 hp 100 frg 3
ARGEVT Zeus trapped
ARGEVT Zeus death Zeus pos '2245.2 -194.1 -136.0'
ARGLOG Reap t 125.3 pos '2611.7 -369.1 120.0' spd 320.7 yaw 107.2 mode 0 st 2 gl 8 hp 97 frg 4
ARGEVT Reap route 8 start '2561.0 -375.0 120.0' goal '2049.0 -1015.0 344.0'
ARGLOG Omi t 125.6 pos '2385.7 -2445.2 120.0' spd 324.9 yaw 157 mode 2 st 13 gl 7 hp 100 frg 0
ARGEVT Omi jump
ARGLOG Reap t 125.9 pos '2556.8 -196.6 120.0' spd 331.8 yaw 35 mode 2 st 2 gl 8 hp 100 frg 4
ARGLOG Omi t 126.1 pos '2303.2 -2495.9 183.9' spd 204.8 yaw 133 mode 2 st 13 gl 7 hp 100 frg 0
