LOG started on: 08/18/2026 17:37:03 
Playing registered version.
UDP Initialized
WIPX_OpenSocket: Address family not supported by protocol family
WIPX_Init: Unable to open control socket, IPX disabled
Exe: 20:02:47 Jul 31 2024
256.0 megabyte heap

Language initialization
Couldn't load 'localization/loc_english.txt'
from 'C:\argus\engine'

========= Quake Initialized =========

execing autoexec.cfg
SpawnServer: dm2
Clearing memory
Programs occupy 535K.
trying to open external vis file
maps/dm2.vis not found, trying argus.vis
external vis not found
ARGUS slots 8
ARGUS worldspawn reached
ARGNAV 193 nodes, 857 links
0 entities inhibited
ARGUS init on dm2
ARGEVT Reap spawned
ARGEVT Omi spawned
ARGEVT Zeus spawned
Server spawned.
ARGLOG Zeus t   1.2 pos '2624.0 -488.0  32.0' spd 0 yaw 143.2 mode 0 st 0 gl 0 hp 100 frg 0
ARGLOG Omi t   1.2 pos '2544.0 -32.0 -64.0' spd 0 yaw 190.2 mode 0 st 0 gl 0 hp 100 frg 0
ARGLOG Reap t   1.2 pos '2560.0 -192.0  32.0' spd 0 yaw 162.0 mode 0 st 0 gl 0 hp 100 frg 0
ARGLOG Zeus t   1.7 pos '2539.7 -518.2  24.0' spd 146.3 yaw  39.3 mode 0 st 0 gl 0 hp 100 frg 0
ARGLOG Omi t   1.7 pos '2391.9 -61.6 -72.0' spd 320 yaw 190.2 mode 0 st 0 gl 0 hp 100 frg 0
ARGLOG Reap t   1.7 pos '2412.7 -144.1  24.0' spd 320 yaw 162.0 mode 0 st 0 gl 0 hp 100 frg 0
ARGLOG Zeus t   2.2 pos '2616.6 -516.8  32.0' spd 324.6 yaw  95.2 mode 0 st 0 gl 0 hp 100 frg 0
ARGLOG Omi t   2.2 pos '2227.9 -85.8 -136.0' spd 320.8 yaw 190.2 mode 0 st 0 gl 0 hp 100 frg 0
ARGLOG Reap t   2.2 pos '2244.3 -137.8  24.0' spd 324.0 yaw 162.0 mode 0 st 0 gl 0 hp 100 frg 0
ARGLOG Zeus t   2.7 pos '2582.0 -504.0  32.0' spd 113.3 yaw 104.0 mode 0 st 0 gl 0 hp 100 frg 0
ARGLOG Omi t   2.7 pos '2245.4   4.3 -136.0' spd 166.3 yaw 276.6 mode 0 st 0 gl 0 hp 100 frg 0
ARGLOG Reap t   2.7 pos '2084.9 -94.0  24.0' spd 320.0 yaw 162.0 mode 0 st 0 gl 0 hp 100 frg 0
ARGEVT Reap engage Zeus
ARGEVT Zeus engage Reap
ARGLOG Zeus t   3.3 pos '2537.1 -501.8  24.0' spd 240.1 yaw  94.8 mode 0 st 0 gl 0 hp 100 frg 0
ARGLOG Omi t   3.3 pos '2285.0 -155.0 -136.0' spd 320.2 yaw 276.6 mode 0 st 0 gl 0 hp 100 frg 0
ARGLOG Reap t   3.3 pos '1980.0 -75.0  24.0' spd 255.2 yaw 205.5 mode 0 st 0 gl 0 hp 100 frg 0
ARGLOG Zeus t   3.8 pos '2383.5 -471.3   8.0' spd 324.6 yaw 128.3 mode 0 st 0 gl 0 hp 100 frg 0
ARGLOG Omi t   3.8 pos '2202.2 -161.8 -125.6' spd  18.6 yaw 287.1 mode 0 st 0 gl 0 hp 100 frg 0
ARGLOG Reap t   3.8 pos '2126.4 -113.2  24.0' spd 322.2 yaw 284 mode 0 st 0 gl 0 hp 96 frg 0
ARGLOG Zeus t   4.3 pos '2223.8 -500.2   8.0' spd 320.0 yaw  75.3 mode 0 st 0 gl 0 hp 82 frg 0
ARGLOG Omi t   4.3 pos '2254.3 -186.2 -136.0' spd 327.7 yaw  60.1 mode 0 st 0 gl 0 hp 100 frg 0
ARGLOG Reap t   4.3 pos '2290.5 -69.9  40.0' spd 344.9 yaw 240 mode 0 st 0 gl 0 hp 84 frg 0
ARGEVT Omi hazard
ARGEVT Zeus pursue
ARGLOG Zeus t   4.8 pos '2189.2 -482.0   8.0' spd 294.6 yaw 73 mode 0 st 0 gl 0 hp 73 frg 0
ARGLOG Omi t   4.8 pos '2278.5 -200.8 -136.0' spd 150.3 yaw  60.1 mode 0 st 0 gl 0 hp 100 frg 0
ARGLOG Reap t   4.8 pos '2422.2 -136.0  86.0' spd 327.3 yaw 251 mode 0 st 0 gl 0 hp 84 frg 0
ARGEVT Reap pursue
ARGLOG Zeus t   5.3 pos '2319.6 -412.0   8.0' spd 151.1 yaw 59 mode 0 st 0 gl 0 hp 73 frg 0
ARGLOG Omi t   5.3 pos '2210.2 -179.6 -136.0' spd 260.5 yaw  44.9 mode 0 st 0 gl 0 hp 100 frg 0
ARGLOG Reap t   5.3 pos '2425.0 -219.5  24.0' spd 321.3 yaw 233.2 mode 0 st 0 gl 0 hp 84 frg 0
ARGEVT Reap pursue
ARGLOG Zeus t   5.8 pos '2214.7 -301.5  24.0' spd 321.0 yaw 50 mode 0 st 0 gl 0 hp 73 frg 0
ARGLOG Omi t   5.8 pos '2320.1 -55.3 -104.0' spd 320.1 yaw  44.9 mode 0 st 0 gl 0 hp 100 frg 0
ARGLOG Reap t   5.8 pos '2304.6 -184.4  24.0' spd 357.5 yaw  98.1 mode 0 st 0 gl 0 hp 84 frg 0
ARGLOG Zeus t   6.4 pos '2120.7 -164.1  24.0' spd 361.5 yaw 344.9 mode 0 st 0 gl 0 hp 73 frg 0
ARGLOG Omi t   6.4 pos '2369.9 -45.4 -88.0' spd 321.6 yaw 243.5 mode 0 st 0 gl 0 hp 100 frg 0
ARGLOG Reap t   6.4 pos '2305.9 -225.9  24.0' spd 396.7 yaw 141.1 mode 0 st 0 gl 0 hp 60 frg 0
ARGLOG Zeus t   6.9 pos '2185.8  -7.4  24.0' spd 311.8 yaw 329 mode 0 st 0 gl 0 hp 55 frg 0
ARGLOG Omi t   6.9 pos '2494.7 -65.6 -72.0' spd 321.5 yaw  17.5 mode 0 st 0 gl 0 hp 100 frg 0
ARGLOG Reap t   6.9 pos '2365.0 -179.3  24.0' spd 222.3 yaw 118 mode 0 st 0 gl 0 hp 36 frg 0
ARGEVT Reap weapon sg
ARGLOG Zeus t   7.4 pos '2326.3   2.6  56.0' spd 322.5 yaw 241.4 mode 0 st 0 gl 0 hp 31 frg 0
ARGLOG Omi t   7.4 pos '2654.1 -22.3 -72.0' spd 320.0 yaw  17.5 mode 0 st 0 gl 0 hp 100 frg 0
ARGLOG Reap t   7.4 pos '2206.4 -233.5  24.0' spd 351.1 yaw 56 mode 0 st 0 gl 0 hp 36 frg 0
ARGEVT Omi hazard
ARGLOG Zeus t   7.9 pos '2437.3 -80.0 104.0' spd  94.5 yaw 179 mode 0 st 0 gl 0 hp 31 frg 0
ARGLOG Omi t   7.9 pos '2688.0  16.0 -72.0' spd 0 yaw  17.5 mode 0 st 0 gl 0 hp 100 frg 0
ARGLOG Reap t   7.9 pos '2091.0 -108.1  24.0' spd 337.9 yaw 3 mode 0 st 0 gl 0 hp 36 frg 0
ARGLOG Zeus t   8.4 pos '2435.4 -34.2 104.0' spd 321.9 yaw 169 mode 0 st 0 gl 0 hp 7 frg 0
ARGLOG Omi t   8.4 pos '2688.0  16.0 -72.0' spd 0 yaw  17.5 mode 0 st 0 gl 0 hp 100 frg 0
ARGLOG Reap t   8.4 pos '2094.4  16.0  24.0' spd  81.6 yaw 349 mode 0 st 0 gl 0 hp 36 frg 0
ARGEVT Omi stall
ARGEVT Omi jump
ARGLOG Zeus t   8.9 pos '2355.6 -65.3  72.0' spd 205.8 yaw 132 mode 0 st 0 gl 0 hp 7 frg 0
ARGLOG Omi t   8.9 pos '2688.0  16.0 -59.9' spd 0 yaw 141.3 mode 0 st 1 gl 0 hp 100 frg 0
ARGLOG Reap t   8.9 pos '2180.0 135.3  24.0' spd  90.1 yaw 312 mode 0 st 0 gl 0 hp 36 frg 0
ARGEVT Zeus pursue
ARGEVT Reap pursue
ARGLOG Zeus t   9.5 pos '2278.0  16.0  34.4' spd  10.8 yaw 191 mode 0 st 0 gl 0 hp 7 frg 0
ARGLOG Omi t   9.5 pos '2669.5  16.0 -59.6' spd  38.1 yaw 194.7 mode 0 st 1 gl 0 hp 100 frg 0
ARGLOG Reap t   9.5 pos '2160.2  -1.5  24.0' spd 357.1 yaw 360 mode 0 st 0 gl 0 hp 12 frg 0
ARGEVT Reap death Zeus pos '2152.7 -132.9  24.0'
ARGLOG Zeus t  10.0 pos '2270.1 -69.0  24.0' spd 293.8 yaw 193.6 mode 0 st 0 gl 0 hp 7 frg 1
ARGLOG Omi t  10.0 pos '2545.8 -15.9 -64.0' spd 320.0 yaw 194.7 mode 0 st 1 gl 0 hp 100 frg 0
ARGLOG Zeus t  10.5 pos '2123.1 -153.5  24.0' spd 321.0 yaw 193.6 mode 0 st 0 gl 0 hp 7 frg 1
ARGLOG Omi t  10.5 pos '2386.0 -58.7 -72.0' spd 320.0 yaw 194.7 mode 0 st 1 gl 0 hp 100 frg 0
ARGLOG Zeus t  11.0 pos '1963.5 -198.6  24.0' spd 320.0 yaw 193.6 mode 0 st 0 gl 0 hp 7 frg 1
ARGLOG Omi t  11.0 pos '2221.7 -80.0 -136.0' spd 325.3 yaw 194.7 mode 0 st 1 gl 0 hp 100 frg 0
ARGEVT Reap respawn
ARGLOG Reap t  11.5 pos '2176.0 -2176.0  84.0' spd 0 yaw 288.7 mode 0 st 0 gl 0 hp 100 frg 0
ARGLOG Zeus t  11.5 pos '2027.4 -213.4  24.0' spd 320.2 yaw   2.0 mode 0 st 0 gl 0 hp 7 frg 1
ARGLOG Omi t  11.5 pos '2301.2 -18.8 -120.0' spd 320.3 yaw  23.6 mode 0 st 1 gl 0 hp 100 frg 0
ARGEVT Reap hazard
ARGEVT Omi hazard
ARGLOG Reap t  12.0 pos '2183.4 -2247.2  84.0' spd 281.5 yaw 342.4 mode 0 st 0 gl 0 hp 100 frg 0
ARGLOG Zeus t  12.0 pos '2192.9 -211.1  24.0' spd 320.0 yaw   2.0 mode 0 st 0 gl 0 hp 7 frg 1
ARGLOG Omi t  12.0 pos '2333.9   2.8 -104.0' spd 320.1 yaw 190.9 mode 0 st 1 gl 0 hp 100 frg 0
ARGLOG Reap t  12.5 pos '2192.0 -2320.0  84.0' spd 0 yaw 342.4 mode 0 st 0 gl 0 hp 100 frg 0
ARGLOG Zeus t  12.6 pos '2358.3 -208.2  24.0' spd 320 yaw   2.0 mode 0 st 0 gl 0 hp 7 frg 1
ARGLOG Omi t  12.6 pos '2205.1 -30.3 -131.6' spd 109.2 yaw 358.1 mode 0 st 1 gl 0 hp 100 frg 0
ARGLOG Reap t  13.0 pos '2192.0 -2320.0  84.0' spd 0 yaw 342.4 mode 0 st 0 gl 0 hp 100 frg 0
ARGLOG Zeus t  13.1 pos '2524.1 -202.4  32.0' spd 324.5 yaw  17.5 mode 0 st 0 gl 0 hp 7 frg 1
ARGLOG Omi t  13.1 pos '2366.3 -42.3 -88.0' spd 320.0 yaw 358.1 mode 0 st 1 gl 0 hp 100 frg 0
ARGEVT Zeus hazard
ARGLOG Reap t  13.5 pos '2192.0 -2320.0  84.0' spd 0 yaw 326.7 mode 0 st 0 gl 0 hp 100 frg 0
ARGLOG Zeus t  13.6 pos '2555.2 -209.7  32.0' spd 221.2 yaw 191.6 mode 0 st 0 gl 0 hp 7 frg 1
ARGLOG Omi t  13.6 pos '2531.4 -47.8 -64.0' spd 320.0 yaw 358.1 mode 0 st 1 gl 0 hp 100 frg 0
ARGLOG Reap t  14.1 pos '2192.0 -2320.0  84.0' spd 0 yaw 326.7 mode 0 st 0 gl 0 hp 100 frg 0
ARGLOG Zeus t  14.1 pos '2389.6 -225.3  24.0' spd 320.2 yaw 191.6 mode 0 st 0 gl 0 hp 7 frg 1
ARGLOG Omi t  14.1 pos '2666.0 -60.9 -72.0' spd 147.4 yaw 205.0 mode 0 st 1 gl 0 hp 100 frg 0
ARGEVT Reap stall
ARGEVT Reap jump
ARGEVT Omi hazard
ARGLOG Reap t  14.6 pos '2198.7 -2328.5 118.6' spd 30 yaw 308.4 mode 0 st 1 gl 0 hp 100 frg 0
ARGLOG Zeus t  14.6 pos '2224.5 -242.3  24.0' spd 322.6 yaw 191.6 mode 0 st 0 gl 0 hp 7 frg 1
ARGLOG Omi t  14.6 pos '2688.0 -70.7 -72.0' spd  23.6 yaw   8.2 mode 0 st 1 gl 0 hp 100 frg 0
ARGLOG Reap t  15.1 pos '2205.5 -2327.4  88.0' spd 320.0 yaw  38.8 mode 0 st 1 gl 0 hp 100 frg 0
ARGLOG Zeus t  15.1 pos '2220.4 -249.1  24.0' spd 320.0 yaw   5.2 mode 0 st 0 gl 0 hp 7 frg 1
ARGLOG Omi t  15.1 pos '2688.0 -68.3 -72.0' spd   8.7 yaw   8.2 mode 0 st 1 gl 0 hp 100 frg 0
ARGEVT Omi hazard
ARGEVT Omi stall
ARGEVT Omi jump
ARGLOG Reap t  15.6 pos '2232.0 -2171.1  88.0' spd 384.7 yaw 243.7 mode 0 st 1 gl 0 hp 100 frg 0
ARGLOG Zeus t  15.7 pos '2264.6 -239.7  24.0' spd 166.4 yaw   5.2 mode 0 st 0 gl 0 hp 7 frg 1
ARGLOG Omi t  15.7 pos '2686.4 -59.3 -34.3' spd  33.5 yaw 129.0 mode 0 st 2 gl 0 hp 100 frg 0
ARGEVT Reap hazard
ARGLOG Reap t  16.1 pos '2232.0 -2179.7  88.0' spd 230.8 yaw  45.8 mode 0 st 1 gl 0 hp 100 frg 0
ARGLOG Zeus t  16.2 pos '2427.9 -225.4  24.0' spd 320 yaw   5.2 mode 0 st 0 gl 0 hp 7 frg 1
ARGLOG Omi t  16.2 pos '2668.0 -25.8 -72.0' spd 307.2 yaw 129.0 mode 0 st 2 gl 0 hp 100 frg 0
ARGLOG Reap t  16.6 pos '2189.0 -2049.5  88.0' spd 320.1 yaw 114.6 mode 0 st 1 gl 0 hp 100 frg 0
ARGLOG Zeus t  16.7 pos '2562.1 -199.7  32.0' spd 178.0 yaw 149.2 mode 0 st 0 gl 0 hp 7 frg 1
ARGLOG Omi t  16.7 pos '2576.2 113.2 -72.0' spd 333.2 yaw  93.6 mode 0 st 2 gl 0 hp 100 frg 0
ARGEVT Zeus hazard
ARGEVT Reap hazard
ARGLOG Reap t  17.1 pos '2129.2 -1905.3  40.0' spd 171.2 yaw 252.4 mode 0 st 1 gl 0 hp 100 frg 0
ARGLOG Zeus t  17.2 pos '2512.0 -144.0  24.0' spd 0 yaw  10.5 mode 0 st 0 gl 0 hp 7 frg 1
ARGLOG Omi t  17.2 pos '2573.2 277.7 -72.0' spd 320.0 yaw  93.6 mode 0 st 2 gl 0 hp 100 frg 0
ARGLOG Reap t  17.7 pos '2128.0 -1936.0  40.0' spd 0 yaw 252.4 mode 0 st 1 gl 0 hp 100 frg 0
ARGLOG Zeus t  17.7 pos '2512.0 -144.0  24.0' spd 0 yaw  10.5 mode 0 st 0 gl 0 hp 7 frg 1
ARGLOG Omi t  17.7 pos '2606.3 209.7 -72.0' spd 320.2 yaw 295.7 mode 0 st 2 gl 0 hp 100 frg 0
ARGEVT Reap stall
ARGEVT Reap jump
ARGLOG Reap t  18.2 pos '2128.0 -1924.9  74.6' spd  30.7 yaw 101.9 mode 0 st 2 gl 0 hp 100 frg 0
ARGLOG Zeus t  18.2 pos '2512.0 -144.0  24.0' spd 0 yaw  10.5 mode 0 st 0 gl 0 hp 7 frg 1
ARGLOG Omi t  18.2 pos '2672.0  59.9 -72.0' spd 288.7 yaw 295.7 mode 0 st 2 gl 0 hp 100 frg 0
ARGEVT Zeus stall
ARGEVT Zeus jump
ARGLOG Reap t  18.7 pos '2128.0 -1843.2  27.2' spd 323.1 yaw 101.9 mode 0 st 2 gl 0 hp 100 frg 0
ARGLOG Zeus t  18.7 pos '2498.8 -144.0  53.6' spd  32.9 yaw 155.8 mode 0 st 1 gl 0 hp 7 frg 1
ARGLOG Omi t  18.7 pos '2634.3 -57.8 -72.0' spd 337.1 yaw 160.7 mode 0 st 2 gl 0 hp 100 frg 0
ARGLOG Reap t  19.2 pos '2140.5 -1938.1  56.0' spd 320.0 yaw 273.9 mode 0 st 2 gl 0 hp 100 frg 0
ARGLOG Zeus t  19.3 pos '2473.1 -219.3  24.0' spd  91.9 yaw  83.2 mode 0 st 1 gl 0 hp 7 frg 1
ARGLOG Omi t  19.3 pos '2471.9 -19.8 -72.0' spd 320.2 yaw 160.7 mode 0 st 2 gl 0 hp 100 frg 0
ARGLOG Reap t  19.7 pos '2145.6 -2093.5  88.0' spd 275.1 yaw 306.6 mode 0 st 2 gl 0 hp 100 frg 0
ARGEVT Reap hazard
ARGLOG Zeus t  19.8 pos '2397.5 -188.2  24.0' spd 325.1 yaw 219.3 mode 0 st 1 gl 0 hp 7 frg 1
ARGLOG Omi t  19.8 pos '2311.1  16.0 -94.5' spd 330.4 yaw 160.7 mode 0 st 2 gl 0 hp 100 frg 0
ARGEVT Reap goal weapon_rocketlauncher
ARGEVT Reap route 4 start '2145.0 -2071.0  88.0' goal '2465.0 -1751.0  24.0'
ARGEVT Zeus goal item_health
ARGEVT Omi goal item_armorInv
ARGEVT Omi routefail
ARGLOG Reap t  20.3 pos '2128.6 -2044.6  88.0' spd 322.6 yaw 80 mode 2 st 2 gl 0 hp 100 frg 0
ARGLOG Zeus t  20.3 pos '2295.8 -171.8  24.0' spd 379.2 yaw  43.3 mode 1 st 1 gl 0 hp 7 frg 1
ARGLOG Omi t  20.3 pos '2227.0 -16.3 -136.0' spd 321.6 yaw 287.4 mode 0 st 2 gl 0 hp 100 frg 0
ARGEVT Zeus hazard
ARGEVT Omi goal item_armor2
ARGEVT Omi routefail
ARGEVT Omi goal weapon_rocketlauncher
ARGEVT Omi hazard
ARGEVT Omi routefail
ARGLOG Reap t  20.8 pos '2168.5 -1880.9  24.0' spd 375.1 yaw 23 mode 2 st 2 gl 0 hp 100 frg 0
ARGLOG Zeus t  20.8 pos '2452.9 -169.6  24.0' spd 321.8 yaw 338 mode 1 st 1 gl 0 hp 7 frg 1
ARGEVT Omi goal item_armor2
ARGLOG Omi t  20.8 pos '2288.0 -162.3 -136.0' spd 326.4 yaw 268.4 mode 0 st 2 gl 0 hp 100 frg 0
ARGEVT Omi routefail
ARGEVT Zeus jump
ARGEVT Omi trapped
ARGEVT Omi death Omi pos '2273.8 -208.0 -136.0'
ARGLOG Reap t  21.3 pos '2316.2 -1808.0  24.0' spd 329.0 yaw 30 mode 1 st 2 gl 0 hp 100 frg 0
ARGLOG Zeus t  21.3 pos '2572.4 -226.7  32.0' spd 236.9 yaw 228.4 mode 1 st 1 gl 0 hp 7 frg 1
ARGEVT Reap goal item_armorInv
ARGLOG Reap t  21.8 pos '2474.6 -1743.9  24.0' spd 328.1 yaw  41.0 mode 0 st 2 gl 1 hp 100 frg 0
ARGLOG Zeus t  21.9 pos '2427.6 -181.5  24.0' spd 402.6 yaw  63.0 mode 1 st 1 gl 0 hp 7 frg 1
ARGEVT Reap routefail
ARGEVT Reap goal item_health
ARGEVT Reap routefail
ARGEVT Zeus jump
ARGEVT Reap goal item_rockets
ARGLOG Reap t  22.3 pos '2606.8 -1758.9  24.0' spd 328.8 yaw 241 mode 0 st 2 gl 1 hp 100 frg 0
ARGEVT Reap routefail
ARGLOG Zeus t  22.4 pos '2549.7 -162.0  48.0' spd 346.9 yaw 266.7 mode 1 st 1 gl 0 hp 7 frg 1
ARGEVT Reap goal weapon_supershotgun
ARGEVT Reap routefail
ARGEVT Omi respawn
ARGEVT Reap engage Omi
ARGEVT Omi goal item_health
ARGEVT Omi engage Reap
ARGLOG Omi t  22.6 pos '2576.0 -1328.0  24.0' spd 0 yaw 269 mode 0 st 2 gl 0 hp 100 frg -1
ARGEVT Reap goal item_rockets
ARGEVT Omi routefail
ARGEVT Omi goal item_armor2
ARGLOG Reap t  22.8 pos '2515.2 -1875.1  24.0' spd 340.5 yaw 351.5 mode 0 st 2 gl 1 hp 100 frg 0
ARGLOG Zeus t  22.9 pos '2482.3 -224.8  24.0' spd 398.4 yaw 118.8 mode 1 st 1 gl 0 hp 7 frg 1
ARGEVT Omi route 13 start '2529.0 -1367.0  24.0' goal '1345.0 -919.0  32.0'
ARGEVT Zeus hazard
ARGLOG Omi t  23.1 pos '2459.5 -1352.2  24.0' spd 320.1 yaw 265 mode 2 st 2 gl 0 hp 100 frg -1
ARGEVT Reap routefail
ARGEVT Reap goal item_armor2
ARGLOG Reap t  23.3 pos '2349.9 -1855.9  24.0' spd 320.2 yaw 100.0 mode 0 st 2 gl 1 hp 100 frg 0
ARGEVT Reap routefail
ARGLOG Zeus t  23.4 pos '2497.4 -147.4  24.0' spd 340.7 yaw 313.6 mode 1 st 1 gl 0 hp 7 frg 1
ARGEVT Zeus jump
ARGEVT Reap goal item_rockets
ARGEVT Reap route 17 start '2273.0 -1879.0  24.0' goal '1569.0 -695.0 184.0'
ARGLOG Omi t  23.7 pos '2417.3 -1392.1  24.0' spd 320.1 yaw 250 mode 2 st 2 gl 0 hp 100 frg -1
ARGEVT Omi pursue
ARGEVT Reap hazard
ARGLOG Reap t  23.9 pos '2227.2 -1812.3  24.0' spd 143.6 yaw   8.7 mode 2 st 2 gl 1 hp 100 frg 0
ARGLOG Zeus t  23.9 pos '2544.0 -217.5  32.0' spd 350.7 yaw 179.0 mode 1 st 1 gl 0 hp 7 frg 1
ARGLOG Omi t  24.2 pos '2474.9 -1536.8  24.0' spd 329.8 yaw 246 mode 0 st 2 gl 0 hp 100 frg -1
ARGLOG Reap t  24.4 pos '2385.5 -1832.2  24.0' spd 321.9 yaw 39 mode 2 st 2 gl 1 hp 76 frg 0
ARGEVT Omi route 14 start '2465.0 -1591.0  24.0' goal '1345.0 -919.0  32.0'
ARGLOG Zeus t  24.4 pos '2424.5 -144.0  24.0' spd 143.8 yaw  13.9 mode 1 st 1 gl 0 hp 7 frg 1
ARGEVT Zeus jump
ARGLOG Omi t  24.7 pos '2537.9 -1671.6  24.0' spd 306.1 yaw 251 mode 2 st 2 gl 0 hp 34 frg -1
ARGLOG Reap t  24.9 pos '2537.9 -1903.3  24.0' spd 339.3 yaw  52.7 mode 2 st 2 gl 1 hp 52 frg 0
ARGLOG Zeus t  24.9 pos '2512.0 -188.5  61.7' spd 128.7 yaw 329 mode 1 st 1 gl 0 hp 7 frg 1
ARGEVT Reap weapon sg
ARGEVT Omi route 15 start '2561.0 -1687.0  24.0' goal '1345.0 -919.0  32.0'
ARGLOG Omi t  25.2 pos '2528.6 -1741.9  24.0' spd 321.5 yaw 291 mode 2 st 2 gl 0 hp 34 frg -1
ARGLOG Reap t  25.4 pos '2509.5 -1904.0  24.0' spd 324.8 yaw 106 mode 2 st 2 gl 1 hp 28 frg 0
ARGLOG Zeus t  25.5 pos '2555.6 -205.7  32.0' spd 349.7 yaw  87.3 mode 1 st 1 gl 0 hp 7 frg 1
ARGEVT Zeus jump
ARGLOG Omi t  25.7 pos '2366.6 -1750.1  24.0' spd 442.6 yaw 290 mode 2 st 2 gl 0 hp 10 frg -1
ARGEVT Reap weapon rl
ARGLOG Reap t  25.9 pos '2341.3 -1902.8  24.0' spd 332.0 yaw  76.2 mode 2 st 2 gl 1 hp 4 frg 0
ARGLOG Zeus t  26.0 pos '2536.6 -166.5  32.0' spd 335.0 yaw 252.4 mode 1 st 1 gl 0 hp 7 frg 1
ARGEVT Reap hazard
ARGEVT Zeus hazard
ARGLOG Omi t  26.2 pos '2484.8 -1765.7  24.0' spd 353.7 yaw 208 mode 2 st 2 gl 0 hp 10 frg -1
ARGEVT Zeus jump
ARGEVT Reap death Omi pos '2300.0 -1828.1  24.0'
ARGLOG Zeus t  26.5 pos '2576.0 -238.2  45.9' spd  16.6 yaw  56.6 mode 1 st 1 gl 0 hp 7 frg 1
ARGLOG Omi t  26.7 pos '2443.7 -1775.6  24.0' spd 401.0 yaw 64 mode 2 st 2 gl 0 hp 10 frg 0
ARGLOG Zeus t  27.0 pos '2493.2 -158.2  24.0' spd 396.3 yaw 221.7 mode 1 st 1 gl 0 hp 7 frg 1
ARGLOG Omi t  27.3 pos '2484.1 -1605.9  24.0' spd 325.9 yaw  63.3 mode 2 st 2 gl 0 hp 10 frg 0
ARGEVT Zeus hazard
ARGLOG Zeus t  27.5 pos '2482.0 -238.7  24.0' spd 324.2 yaw 26 mode 1 st 1 gl 0 hp 7 frg 1
ARGEVT Zeus jump
ARGLOG Omi t  27.8 pos '2532.1 -1447.0  24.0' spd 331.8 yaw 103 mode 2 st 2 gl 0 hp 10 frg 0
ARGEVT Reap respawn
ARGEVT Reap goal weapon_rocketlauncher
ARGLOG Reap t  27.9 pos '2704.0 -2048.0 128.0' spd 0 yaw 253.7 mode 0 st 2 gl 1 hp 100 frg 0
ARGLOG Zeus t  28.0 pos '2546.7 -200.2  32.0' spd 340.3 yaw 177.2 mode 1 st 1 gl 0 hp 7 frg 1
ARGEVT Reap route 27 start '2689.0 -2039.0 128.0' goal '1441.0 -695.0 184.0'
ARGLOG Omi t  28.3 pos '2507.4 -1283.1  24.0' spd 320.8 yaw 111 mode 2 st 2 gl 0 hp 10 frg 0
ARGEVT Zeus hazard
ARGLOG Reap t  28.4 pos '2664.0 -2197.8 120.0' spd 320.7 yaw 224 mode 2 st 2 gl 1 hp 100 frg 0
ARGLOG Zeus t  28.5 pos '2484.4 -236.4  24.0' spd 343.3 yaw 342.0 mode 1 st 1 gl 0 hp 7 frg 1
ARGEVT Zeus jump
ARGEVT Reap hazard
ARGLOG Omi t  28.8 pos '2488.7 -1119.3  24.0' spd 320.6 yaw 87 mode 2 st 2 gl 0 hp 10 frg 0
ARGLOG Reap t  29.0 pos '2563.9 -2298.3 120.0' spd 325.8 yaw 189 mode 2 st 2 gl 1 hp 100 frg 0
ARGLOG Zeus t  29.1 pos '2564.1 -199.0  32.0' spd 334.4 yaw 146.8 mode 1 st 1 gl 0 hp 7 frg 1
ARGEVT Omi lift
ARGLOG Omi t  29.3 pos '2497.9 -924.7  62.9' spd 254.8 yaw 91 mode 2 st 2 gl 0 hp 10 frg 0
ARGEVT Omi hazard
ARGLOG Reap t  29.5 pos '2401.3 -2339.9 120.0' spd 373.2 yaw 258 mode 2 st 2 gl 1 hp 100 frg 0
ARGLOG Zeus t  29.6 pos '2410.5 -217.9  24.0' spd 430.7 yaw 312.2 mode 1 st 1 gl 0 hp 7 frg 1
ARGEVT Zeus hazard
ARGLOG Omi t  29.8 pos '2547.2 -856.7 120.0' spd 322.5 yaw 76 mode 2 st 2 gl 0 hp 10 frg 0
ARGEVT Zeus jump
ARGLOG Reap t  30.0 pos '2337.0 -2497.8 152.0' spd 390.4 yaw 170 mode 2 st 2 gl 1 hp 100 frg 0
ARGEVT Reap jump
ARGLOG Zeus t  30.1 pos '2550.5 -227.4  45.9' spd 328.5 yaw  73.6 mode 1 st 1 gl 0 hp 7 frg 1
ARGLOG Omi t  30.4 pos '2580.7 -693.8 120.0' spd 329.2 yaw 95 mode 2 st 2 gl 0 hp 10 frg 0
ARGLOG Reap t  30.5 pos '2308.8 -2505.9 174.4' spd  31.7 yaw 131 mode 2 st 2 gl 1 hp 100 frg 0
ARGLOG Zeus t  30.6 pos '2474.8 -169.5  24.0' spd 398.3 yaw 238.8 mode 1 st 1 gl 0 hp 7 frg 1
ARGEVT Zeus hazard
ARGLOG Omi t  30.9 pos '2587.7 -527.7 120.0' spd 320.8 yaw 81 mode 2 st 2 gl 0 hp 10 frg 0
ARGEVT Zeus jump
ARGLOG Reap t  31.0 pos '2212.1 -2416.0 200.0' spd 274.5 yaw 121 mode 2 st 2 gl 1 hp 100 frg 0
ARGLOG Zeus t  31.1 pos '2525.3 -237.6  48.0' spd 331.6 yaw  43.2 mode 1 st 1 gl 0 hp 7 frg 1
ARGEVT Reap hazard
ARGLOG Omi t  31.4 pos '2610.8 -365.4 120.0' spd 321.2 yaw 103.6 mode 0 st 2 gl 0 hp 10 frg 0
ARGLOG Reap t  31.5 pos '2128.0 -2335.1 179.0' spd  55.6 yaw 86 mode 2 st 2 gl 1 hp 100 frg 0
ARGEVT Omi route 7 start '2625.0 -279.0 120.0' goal '1345.0 -919.0  32.0'
ARGLOG Zeus t  31.6 pos '2511.9 -167.2  24.0' spd 385.2 yaw 206.8 mode 1 st 1 gl 0 hp 7 frg 1
ARGEVT Omi engage Zeus
ARGEVT Zeus engage Omi
ARGEVT Omi hazard
ARGEVT Zeus hazard
ARGLOG Omi t  31.9 pos '2560.0 -304.3 120.0' spd 293.1 yaw 116 mode 2 st 2 gl 0 hp 10 frg 0
ARGEVT Zeus jump
ARGLOG Reap t  32.0 pos '2132.1 -2257.7  88.0' spd 320.0 yaw 86 mode 2 st 2 gl 1 hp 100 frg 0
ARGLOG Zeus t  32.2 pos '2515.0 -144.0  48.0' spd  30.0 yaw 283 mode 1 st 1 gl 0 hp 7 frg 1
ARGEVT Zeus pursue
ARGEVT Omi pursue
ARGEVT Omi route 8 start '2561.0 -375.0 120.0' goal '1345.0 -919.0  32.0'
ARGLOG Omi t  32.4 pos '2551.5 -322.2 150.8' spd 284.7 yaw 132.6 mode 0 st 2 gl 0 hp 10 frg 0
ARGLOG Reap t  32.6 pos '2142.4 -2092.9  88.0' spd 320.0 yaw 88 mode 2 st 2 gl 1 hp 100 frg 0
ARGEVT Omi route 8 start '2561.0 -375.0 120.0' goal '1345.0 -919.0  32.0'
ARGLOG Zeus t  32.7 pos '2554.0 -233.3  32.0' spd 331.4 yaw 324.6 mode 1 st 1 gl 0 hp 7 frg 1
ARGEVT Zeus jump
ARGLOG Omi t  32.9 pos '2551.5 -329.7 150.7' spd  55.5 yaw 199.2 mode 0 st 2 gl 0 hp 10 frg 0
ARGEVT Omi route 8 start '2561.0 -375.0 120.0' goal '1345.0 -919.0  32.0'
ARGLOG Reap t  33.1 pos '2148.8 -1927.8  40.0' spd 327.7 yaw  56.7 mode 2 st 2 gl 1 hp 100 frg 0
ARGLOG Zeus t  33.2 pos '2574.5 -196.9  32.0' spd 175.9 yaw 243.4 mode 1 st 1 gl 0 hp 7 frg 1
ARGLOG Omi t  33.4 pos '2555.5 -304.1 140.1' spd  34.4 yaw 198.6 mode 0 st 2 gl 0 hp 10 frg 0
ARGEVT Omi route 8 start '2561.0 -375.0 120.0' goal '1345.0 -919.0  32.0'
ARGEVT Omi hazard
ARGLOG Reap t  33.6 pos '2277.1 -1814.6  24.0' spd 331.1 yaw 0 mode 2 st 2 gl 1 hp 100 frg 0
ARGLOG Zeus t  33.7 pos '2438.8 -198.7  24.0' spd 392.7 yaw  77.9 mode 1 st 1 gl 0 hp 7 frg 1
ARGEVT Zeus hazard
ARGLOG Omi t  34.0 pos '2561.3 -300.5 120.0' spd 197.7 yaw 78 mode 2 st 2 gl 0 hp 10 frg 0
ARGLOG Reap t  34.1 pos '2436.3 -1752.3  24.0' spd 353.2 yaw 79 mode 2 st 2 gl 1 hp 100 frg 0
ARGLOG Zeus t  34.2 pos '2446.4 -190.9  24.0' spd 353.2 yaw 312 mode 1 st 1 gl 0 hp 7 frg 1
ARGEVT Zeus goal item_health
ARGLOG Omi t  34.5 pos '2580.8 -226.7 120.0' spd 324.3 yaw 166 mode 2 st 2 gl 0 hp 35 frg 0
ARGEVT Zeus goal item_health
ARGLOG Reap t  34.6 pos '2463.4 -1586.4  24.0' spd 327.8 yaw 116 mode 2 st 2 gl 1 hp 100 frg 0
ARGEVT Zeus route 7 start '2529.0 -215.0  32.0' goal '2657.0 201.0 -72.0'
ARGLOG Zeus t  34.7 pos '2484.4 -171.8  24.0' spd 158.1 yaw 34 mode 2 st 1 gl 0 hp 7 frg 1
ARGEVT Omi pursue
ARGLOG Omi t  35.0 pos '2563.2 -81.1 120.0' spd 129.2 yaw 228 mode 2 st 2 gl 0 hp 50 frg 0
ARGEVT Omi hazard
ARGLOG Reap t  35.1 pos '2413.0 -1425.1  24.0' spd 335.0 yaw 78 mode 2 st 2 gl 1 hp 100 frg 0
ARGEVT Zeus pursue
ARGLOG Zeus t  35.2 pos '2526.0 -149.6  32.0' spd 390.9 yaw 182.6 mode 2 st 1 gl 0 hp 7 frg 1
ARGEVT Zeus death Omi pos '2416.1 -158.9  24.0'
ARGLOG Omi t  35.5 pos '2538.8 -240.0 120.0' spd 136.1 yaw 147 mode 2 st 2 gl 0 hp 50 frg 1
ARGEVT Reap hazard
ARGLOG Reap t  35.7 pos '2390.5 -1296.0  24.0' spd 155.9 yaw 58 mode 2 st 2 gl 1 hp 100 frg 0
ARGLOG Omi t  36.0 pos '2563.9 -86.1 120.0' spd 328.1 yaw 57 mode 2 st 2 gl 0 hp 50 frg 1
ARGLOG Reap t  36.2 pos '2461.9 -1273.2  24.0' spd 376.3 yaw 83 mode 2 st 2 gl 1 hp 100 frg 0
ARGLOG Omi t  36.5 pos '2640.0   3.9 120.0' spd 148.3 yaw 333 mode 2 st 2 gl 0 hp 50 frg 1
ARGLOG Reap t  36.7 pos '2511.0 -1110.6  24.0' spd 322.6 yaw 95 mode 2 st 2 gl 1 hp 100 frg 0
ARGEVT Reap lift
ARGEVT Zeus respawn
ARGLOG Omi t  37.0 pos '2640.0 -71.1 120.0' spd   7.0 yaw 8 mode 2 st 2 gl 0 hp 50 frg 1
ARGEVT Reap jump
ARGEVT Zeus goal weapon_rocketlauncher
ARGLOG Zeus t  37.1 pos '1712.0 -504.0  24.0' spd 0 yaw 253.7 mode 0 st 1 gl 0 hp 100 frg 1
ARGEVT Zeus route 19 start '1729.0 -471.0  24.0' goal '1441.0 -695.0 184.0'
ARGLOG Reap t  37.2 pos '2501.5 -913.8  84.0' spd 320.0 yaw  80.4 mode 2 st 2 gl 1 hp 100 frg 0
ARGEVT Omi stall
ARGEVT Omi stallnode '2753.0 -55.0 -72.0'
ARGLOG Omi t  37.6 pos '2640.0 -62.8 120.0' spd  11.4 yaw 161.7 mode 0 st 3 gl 0 hp 50 frg 1
ARGEVT Omi jump
ARGLOG Zeus t  37.6 pos '1740.7 -656.1  24.0' spd 414.2 yaw  25.5 mode 2 st 1 gl 0 hp 100 frg 1
ARGEVT Zeus hazard
ARGLOG Reap t  37.7 pos '2534.5 -844.9 120.0' spd 320.5 yaw 72 mode 2 st 2 gl 1 hp 100 frg 0
ARGEVT Omi route 6 start '2625.0   9.0 120.0' goal '1345.0 -919.0  32.0'
ARGEVT Omi engage Reap
ARGEVT Reap engage Omi
ARGLOG Omi t  38.1 pos '2621.7 -65.3 142.6' spd  51.1 yaw 239.7 mode 2 st 3 gl 0 hp 50 frg 1
ARGLOG Zeus t  38.1 pos '1744.0 -581.5  24.0' spd 377.8 yaw 29 mode 2 st 1 gl 0 hp 100 frg 1
ARGLOG Reap t  38.2 pos '2584.8 -687.4 120.0' spd 324.1 yaw 90 mode 2 st 2 gl 1 hp 100 frg 0
ARGLOG Omi t  38.6 pos '2559.3 -159.2 120.0' spd 337.7 yaw 280 mode 2 st 3 gl 0 hp 50 frg 1
ARGLOG Zeus t  38.6 pos '1890.8 -497.5  72.0' spd 326.3 yaw 347 mode 2 st 1 gl 0 hp 100 frg 1
ARGLOG Reap t  38.7 pos '2618.3 -582.3 120.0' spd 312.5 yaw 126 mode 2 st 2 gl 1 hp 92 frg 0
ARGEVT Omi pursue
ARGLOG Omi t  39.1 pos '2411.9 -234.7  75.5' spd 320.1 yaw 299 mode 2 st 3 gl 0 hp 50 frg 1
ARGEVT Reap pursue
ARGLOG Zeus t  39.2 pos '2057.8 -473.1 104.0' spd 397.5 yaw  99.2 mode 2 st 1 gl 0 hp 100 frg 1
ARGLOG Reap t  39.3 pos '2628.2 -477.6 120.0' spd 337.5 yaw 108 mode 2 st 2 gl 1 hp 92 frg 0
ARGEVT Omi route 13 start '2369.0 -247.0  56.0' goal '1345.0 -919.0  32.0'
ARGEVT Omi hazard
ARGLOG Omi t  39.6 pos '2448.0 -241.2  56.0' spd 132.2 yaw 279.4 mode 2 st 3 gl 0 hp 50 frg 1
ARGLOG Zeus t  39.7 pos '2005.9 -314.1  72.0' spd 320.0 yaw 110.0 mode 2 st 1 gl 0 hp 100 frg 1
ARGLOG Reap t  39.8 pos '2593.8 -314.7 120.0' spd 320.9 yaw 114 mode 0 st 2 gl 1 hp 92 frg 0
ARGEVT Reap route 9 start '2561.0 -375.0 120.0' goal '1441.0 -695.0 184.0'
ARGEVT Zeus engage Omi
ARGEVT Reap weapon sg
ARGEVT Reap hazard
ARGLOG Omi t  40.1 pos '2448.0 -248.0  56.0' spd 0 yaw 331 mode 2 st 3 gl 0 hp 50 frg 1
ARGLOG Zeus t  40.2 pos '1993.3 -162.5  24.0' spd 322.0 yaw 358.0 mode 2 st 1 gl 0 hp 100 frg 1
ARGLOG Reap t  40.3 pos '2552.9 -325.8 147.0' spd 350.0 yaw 143 mode 0 st 2 gl 1 hp 92 frg 0
ARGEVT Omi pursue
ARGEVT Omi hazard
ARGEVT Reap pursue
ARGEVT Reap route 9 start '2561.0 -375.0 120.0' goal '1441.0 -695.0 184.0'
ARGLOG Omi t  40.6 pos '2448.0 -248.0  56.0' spd 0 yaw 360 mode 2 st 3 gl 0 hp 50 frg 1
ARGLOG Zeus t  40.7 pos '2055.9  -9.8  24.0' spd 323.1 yaw 323.3 mode 2 st 1 gl 0 hp 100 frg 1
ARGLOG Reap t  40.8 pos '2556.0 -344.8 138.7' spd 199.5 yaw 138 mode 0 st 2 gl 1 hp 92 frg 0
ARGEVT Reap route 9 start '2561.0 -375.0 120.0' goal '1441.0 -695.0 184.0'
ARGEVT Zeus hazard
ARGLOG Omi t  41.2 pos '2448.0 -248.0  56.0' spd 0 yaw 360 mode 2 st 3 gl 0 hp 26 frg 1
ARGLOG Zeus t  41.2 pos '2178.9  66.6  24.0' spd 114.9 yaw 310 mode 2 st 1 gl 0 hp 100 frg 1
ARGEVT Zeus pursue
ARGLOG Reap t  41.3 pos '2557.0 -304.0 136.0' spd 0 yaw  78.8 mode 2 st 2 gl 1 hp 92 frg 0
ARGLOG Omi t  41.7 pos '2448.0 -248.0  56.0' spd 0 yaw 358.5 mode 2 st 3 gl 0 hp 26 frg 1
ARGLOG Zeus t  41.7 pos '2222.4 -57.5  24.0' spd 324.2 yaw 320 mode 2 st 1 gl 0 hp 100 frg 1
ARGLOG Reap t  41.8 pos '2565.1 -294.6 120.0' spd 325.4 yaw 142.7 mode 2 st 2 gl 1 hp 92 frg 0
ARGEVT Omi hazard
ARGEVT Omi pursue
ARGEVT Reap pursue
ARGEVT Zeus route 13 start '2273.0 -183.0  24.0' goal '1441.0 -695.0 184.0'
ARGLOG Omi t  42.2 pos '2448.0 -248.0  56.0' spd 0 yaw 352.6 mode 2 st 3 gl 0 hp 26 frg 1
ARGLOG Zeus t  42.2 pos '2228.4 -222.6  24.0' spd 321.7 yaw 352 mode 2 st 1 gl 0 hp 100 frg 1
ARGEVT Reap route 9 start '2561.0 -375.0 120.0' goal '1441.0 -695.0 184.0'
ARGLOG Reap t  42.3 pos '2551.8 -352.9 149.9' spd 231.0 yaw 134 mode 2 st 2 gl 1 hp 92 frg 0
ARGEVT Reap route 8 start '2625.0 -279.0 120.0' goal '1441.0 -695.0 184.0'
ARGLOG Omi t  42.7 pos '2448.0 -248.0  56.0' spd 0 yaw 360 mode 2 st 3 gl 0 hp 6 frg 1
ARGLOG Zeus t  42.8 pos '2260.8 -386.6   8.0' spd 331.0 yaw 36 mode 0 st 1 gl 0 hp 100 frg 1
ARGEVT Omi death Zeus pos '2448.0 -248.0  56.0'
ARGLOG Reap t  42.9 pos '2557.0 -304.0 136.0' spd 0 yaw 130.7 mode 2 st 2 gl 1 hp 92 frg 0
ARGEVT Reap hazard
ARGEVT Zeus route 14 start '2241.0 -439.0   8.0' goal '1441.0 -695.0 184.0'
ARGEVT Reap weapon rl
ARGEVT Zeus engage Reap
ARGEVT Reap engage Zeus
ARGLOG Zeus t  43.3 pos '2309.4 -321.4   8.0' spd 101.6 yaw 108.3 mode 2 st 1 gl 0 hp 100 frg 2
ARGLOG Reap t  43.4 pos '2561.0 -297.4 120.0' spd 263.2 yaw 131.4 mode 2 st 2 gl 1 hp 92 frg 0
ARGEVT Reap route 9 start '2561.0 -375.0 120.0' goal '1441.0 -695.0 184.0'
ARGLOG Zeus t  43.8 pos '2362.7 -460.6   8.0' spd 320.0 yaw 15 mode 2 st 1 gl 0 hp 100 frg 2
ARGLOG Reap t  43.9 pos '2571.4 -462.2 120.0' spd 465.0 yaw 223 mode 2 st 2 gl 1 hp 40 frg 0
ARGEVT Zeus pursue
ARGLOG Zeus t  44.3 pos '2421.5 -433.0   8.0' spd 329.6 yaw 342.8 mode 2 st 1 gl 0 hp 100 frg 2
ARGEVT Reap pursue
ARGEVT Omi respawn
ARGEVT Omi goal item_armorInv
ARGLOG Omi t  44.4 pos '2048.0 -1352.0 136.0' spd 0 yaw 196.3 mode 0 st 3 gl 0 hp 100 frg 1
ARGLOG Reap t  44.4 pos '2585.7 -623.1 120.0' spd 352.4 yaw 169.3 mode 0 st 2 gl 1 hp 40 frg 0
ARGEVT Reap hazard
ARGEVT Omi routefail
ARGEVT Zeus hazard
ARGEVT Omi goal item_armorInv
ARGEVT Omi hazard
ARGEVT Omi routefail
ARGLOG Zeus t  44.8 pos '2512.0 -391.9   8.0' spd  66.0 yaw 281.4 mode 2 st 1 gl 0 hp 100 frg 2
ARGEVT Omi goal item_armor2
ARGEVT Omi route 3 start '1953.0 -1303.0 136.0' goal '2017.0 -983.0  32.0'
ARGLOG Omi t  44.9 pos '1952.2 -1392.0 120.0' spd  29.0 yaw   1.8 mode 2 st 3 gl 0 hp 100 frg 1
ARGLOG Reap t  44.9 pos '2580.9 -778.1 120.0' spd 322.1 yaw 251.7 mode 0 st 2 gl 1 hp 40 frg 0
ARGEVT Reap route 11 start '2561.0 -791.0 120.0' goal '1441.0 -695.0 184.0'
ARGLOG Zeus t  45.3 pos '2467.1 -528.0   8.0' spd 312.4 yaw 281.4 mode 0 st 1 gl 0 hp 100 frg 2
ARGEVT Zeus route 15 start '2465.0 -503.0   8.0' goal '1441.0 -695.0 184.0'
ARGLOG Omi t  45.4 pos '2067.7 -1283.8 136.0' spd 356.0 yaw 112 mode 2 st 3 gl 0 hp 100 frg 1
ARGLOG Reap t  45.4 pos '2448.0 -855.0 120.0' spd 246.3 yaw 101 mode 2 st 2 gl 1 hp 40 frg 0
ARGLOG Zeus t  45.9 pos '2540.0 -506.5  24.0' spd 362.5 yaw  75.0 mode 2 st 1 gl 0 hp 100 frg 2
ARGLOG Omi t  46.0 pos '2053.7 -1116.7 200.0' spd 321.0 yaw 109 mode 2 st 3 gl 0 hp 100 frg 1
ARGLOG Reap t  46.0 pos '2442.3 -816.0 120.0' spd  48.4 yaw 101 mode 2 st 2 gl 1 hp 40 frg 0
ARGEVT Reap hazard
ARGEVT Zeus hazard
ARGLOG Zeus t  46.4 pos '2462.6 -389.5   8.0' spd 413.4 yaw  55.0 mode 2 st 1 gl 0 hp 100 frg 2
ARGLOG Omi t  46.5 pos '2027.2 -948.8 187.4' spd 347.7 yaw  29.4 mode 1 st 3 gl 0 hp 100 frg 1
ARGLOG Reap t  46.5 pos '2574.0 -757.5 120.0' spd 399.5 yaw  87.6 mode 2 st 2 gl 1 hp 40 frg 0
ARGLOG Zeus t  46.9 pos '2357.9 -304.0   8.0' spd 322.3 yaw 170 mode 2 st 1 gl 0 hp 100 frg 2
ARGLOG Omi t  47.0 pos '2104.0 -863.3  32.0' spd  99.3 yaw 237 mode 1 st 3 gl 0 hp 100 frg 1
ARGLOG Reap t  47.0 pos '2610.7 -584.4 120.0' spd 320.0 yaw 87 mode 2 st 2 gl 1 hp 40 frg 0
ARGEVT Omi plan powerup via weapon
ARGEVT Omi goal weapon_grenadelauncher
ARGEVT Omi jump
ARGEVT Omi routefail
ARGEVT Zeus engage Reap
ARGEVT Reap engage Zeus
ARGEVT Omi plan powerup via weapon
ARGEVT Omi goal weapon_rocketlauncher
ARGEVT Omi routefail
ARGLOG Zeus t  47.4 pos '2219.3 -377.9   8.0' spd 342.9 yaw 228.1 mode 0 st 1 gl 0 hp 100 frg 2
ARGEVT Zeus route 14 start '2241.0 -439.0   8.0' goal '1441.0 -695.0 184.0'
ARGEVT Omi plan powerup via weapon
ARGEVT Omi goal weapon_supershotgun
ARGLOG Omi t  47.5 pos '2027.1 -1006.6  66.7' spd 324.6 yaw 168.6 mode 0 st 3 gl 1 hp 100 frg 1
ARGLOG Reap t  47.5 pos '2601.4 -430.3 120.0' spd 321.2 yaw 172.9 mode 2 st 2 gl 1 hp 40 frg 0
ARGEVT Omi routefail
ARGEVT Omi goal item_artifact_super_damage
ARGEVT Omi routefail
ARGEVT Zeus hazard
ARGEVT Omi hazard
ARGLOG Zeus t  47.9 pos '2215.9 -511.6   8.0' spd 112.8 yaw 336.0 mode 2 st 1 gl 0 hp 100 frg 2
ARGEVT Omi trapped
ARGEVT Omi death Omi pos '2000.0 -1006.9  32.0'
ARGLOG Reap t  48.0 pos '2581.4 -249.4 120.0' spd 360.2 yaw 183 mode 0 st 2 gl 1 hp 1 frg 0
ARGEVT Reap route 8 start '2625.0 -279.0 120.0' goal '1441.0 -695.0 184.0'
ARGEVT Reap abandon
ARGEVT Reap goal item_health
ARGEVT Reap route 4 start '2529.0 -215.0 120.0' goal '2049.0 -535.0 104.0'
ARGEVT Zeus pursue
ARGEVT Reap pursue
ARGLOG Zeus t  48.4 pos '2214.7 -366.3   8.0' spd 361.9 yaw 8 mode 0 st 1 gl 0 hp 100 frg 2
ARGLOG Reap t  48.5 pos '2461.9 -186.9 113.5' spd 357.8 yaw 233 mode 2 st 2 gl 1 hp 1 frg 0
ARGEVT Zeus route 14 start '2305.0 -343.0   8.0' goal '1441.0 -695.0 184.0'
ARGLOG Zeus t  49.0 pos '2345.2 -357.9   8.0' spd 330.2 yaw  47.3 mode 2 st 1 gl 0 hp 100 frg 2
ARGLOG Reap t  49.1 pos '2291.3 -240.0  24.0' spd 326.8 yaw 177.7 mode 2 st 2 gl 1 hp 1 frg 0
ARGEVT Zeus pursue
ARGLOG Zeus t  49.5 pos '2431.4 -315.1   8.0' spd  64.1 yaw 146.8 mode 2 st 1 gl 0 hp 100 frg 2
ARGEVT Omi respawn
ARGEVT Omi goal item_armor2
ARGLOG Omi t  49.5 pos '2248.0 -16.0 -136.0' spd 0 yaw 359 mode 0 st 3 gl 1 hp 100 frg 0
ARGEVT Omi routefail
ARGLOG Reap t  49.6 pos '2163.0 -344.4  24.0' spd 343.2 yaw 319.3 mode 2 st 2 gl 1 hp 1 frg 0
ARGEVT Omi goal 
ARGEVT Reap death Zeus pos '2158.6 -445.4   8.0'
ARGLOG Zeus t  50.0 pos '2393.0 -465.7   8.0' spd 290.0 yaw 148.7 mode 2 st 1 gl 0 hp 100 frg 3
ARGLOG Omi t  50.0 pos '2395.0 -74.0 -72.0' spd 402.0 yaw 243.2 mode 1 st 3 gl 1 hp 100 frg 0
ARGEVT Omi hazard
ARGLOG Zeus t  50.5 pos '2251.7 -379.5   8.0' spd 328.1 yaw  97.7 mode 2 st 1 gl 0 hp 100 frg 3
ARGLOG Omi t  50.5 pos '2322.5 -67.9 -104.0' spd 320.8 yaw 181.6 mode 1 st 3 gl 1 hp 100 frg 0
ARGEVT Zeus route 13 start '2209.0 -279.0  24.0' goal '1441.0 -695.0 184.0'
ARGLOG Zeus t  51.0 pos '2130.5 -260.2  24.0' spd 347.3 yaw  98.0 mode 2 st 1 gl 0 hp 100 frg 3
ARGLOG Omi t  51.1 pos '2202.9 -177.4 -128.2' spd 385.7 yaw 341.9 mode 1 st 3 gl 1 hp 100 frg 0
ARGEVT Omi goal item_armor2
ARGEVT Omi routefail
ARGEVT Omi goal weapon_rocketlauncher
ARGEVT Omi hazard
ARGEVT Omi routefail
ARGEVT Reap respawn
ARGEVT Zeus engage Reap
ARGEVT Reap goal item_armorInv
ARGEVT Reap engage Zeus
ARGLOG Reap t  51.5 pos '2560.0 -192.0  32.0' spd 0 yaw 169.3 mode 0 st 2 gl 1 hp 100 frg 0
ARGLOG Zeus t  51.5 pos '2160.8 -100.3  24.0' spd 320.1 yaw  45.4 mode 2 st 1 gl 0 hp 100 frg 3
ARGEVT Reap routefail
ARGEVT Omi goal 
ARGLOG Omi t  51.6 pos '2240.7 -216.7 -130.3' spd 232.4 yaw 193.8 mode 0 st 3 gl 2 hp 100 frg 0
ARGEVT Omi routefail
ARGEVT Reap plan powerup via weapon
ARGEVT Reap goal weapon_rocketlauncher
ARGEVT Reap route 14 start '2529.0 -215.0  32.0' goal '1441.0 -695.0 184.0'
ARGEVT Omi trapped
ARGEVT Omi death Omi pos '2236.7 -182.5 -136.0'
ARGLOG Reap t  52.0 pos '2528.1 -217.5  32.0' spd 131.3 yaw 177 mode 2 st 2 gl 1 hp 100 frg 0
ARGLOG Zeus t  52.0 pos '2180.9 -229.5  24.0' spd 320.4 yaw 9 mode 2 st 1 gl 0 hp 100 frg 3
ARGLOG Reap t  52.5 pos '2505.2 -200.4  24.0' spd 320.6 yaw 214 mode 2 st 2 gl 1 hp 100 frg 0
ARGLOG Zeus t  52.6 pos '2220.6 -396.7   8.0' spd 325.2 yaw 29 mode 0 st 1 gl 0 hp 80 frg 3
ARGEVT Reap pursue
ARGEVT Zeus pursue
ARGEVT Zeus route 14 start '2241.0 -439.0   8.0' goal '1441.0 -695.0 184.0'
ARGLOG Reap t  53.0 pos '2381.4 -240.0  24.0' spd 324.1 yaw 192 mode 2 st 2 gl 1 hp 100 frg 0
ARGLOG Zeus t  53.1 pos '2365.4 -354.3   8.0' spd 325.6 yaw  62.7 mode 2 st 1 gl 0 hp 80 frg 3
ARGEVT Omi respawn
ARGEVT Omi goal weapon_rocketlauncher
ARGLOG Omi t  53.4 pos '2544.0 -32.0 -64.0' spd 0 yaw 196.3 mode 0 st 3 gl 2 hp 100 frg -1
ARGEVT Omi routefail
ARGLOG Reap t  53.5 pos '2444.8 -177.4  24.0' spd 321.1 yaw 294 mode 2 st 2 gl 1 hp 100 frg 0
ARGLOG Zeus t  53.6 pos '2516.9 -337.9  24.0' spd 322.2 yaw 107 mode 2 st 1 gl 0 hp 80 frg 3
ARGEVT Omi goal 
ARGEVT Omi routefail
ARGEVT Zeus hazard
ARGEVT Omi goal item_health
ARGEVT Reap pursue
ARGEVT Zeus pursue
ARGEVT Zeus route 15 start '2561.0 -375.0  24.0' goal '1441.0 -695.0 184.0'
ARGLOG Omi t  53.9 pos '2404.3 -76.8 -72.0' spd 326.5 yaw 162 mode 0 st 3 gl 2 hp 100 frg -1
ARGEVT Reap route 14 start '2529.0 -215.0  32.0' goal '1441.0 -695.0 184.0'
ARGLOG Reap t  54.0 pos '2551.8 -224.4  32.0' spd 357.1 yaw 224.4 mode 2 st 2 gl 1 hp 100 frg 0
ARGLOG Zeus t  54.1 pos '2545.3 -304.0  24.0' spd 320.0 yaw 185 mode 2 st 1 gl 0 hp 80 frg 3
ARGEVT Omi routefail
ARGEVT Omi goal item_health
ARGLOG Omi t  54.4 pos '2237.8 -56.2 -136.0' spd 374.6 yaw 244.2 mode 0 st 3 gl 2 hp 100 frg -1
ARGEVT Omi routefail
ARGLOG Reap t  54.6 pos '2419.8 -204.3  24.0' spd 346.4 yaw 196.1 mode 2 st 2 gl 1 hp 100 frg 0
ARGLOG Zeus t  54.6 pos '2395.3 -342.9   8.0' spd 357.2 yaw 129.9 mode 2 st 1 gl 0 hp 80 frg 3
ARGEVT Omi trapped
ARGEVT Omi death Omi pos '2186.5 -115.6 -103.7'
ARGLOG Reap t  55.1 pos '2564.7 -204.3  32.0' spd 326.0 yaw 243 mode 2 st 2 gl 1 hp 100 frg 0
ARGEVT Reap hazard
ARGEVT Zeus pursue
ARGLOG Zeus t  55.1 pos '2478.2 -384.8   8.0' spd 242.7 yaw  85.3 mode 2 st 1 gl 0 hp 80 frg 3
ARGEVT Reap pursue
ARGEVT Zeus hazard
ARGLOG Reap t  55.6 pos '2455.5 -234.7  24.0' spd 323.4 yaw 164 mode 2 st 2 gl 1 hp 100 frg 0
ARGLOG Zeus t  55.6 pos '2367.0 -304.0   8.0' spd 322.3 yaw 171 mode 2 st 1 gl 0 hp 80 frg 3
ARGLOG Reap t  56.1 pos '2294.0 -193.0  24.0' spd 345.4 yaw 210.3 mode 2 st 2 gl 1 hp 100 frg 0
ARGEVT Zeus route 14 start '2305.0 -343.0   8.0' goal '1441.0 -695.0 184.0'
ARGEVT Zeus pursue
ARGLOG Zeus t  56.2 pos '2329.8 -368.4   8.0' spd 364.7 yaw  79.7 mode 2 st 1 gl 0 hp 80 frg 3
ARGEVT Omi respawn
ARGEVT Omi goal 
ARGEVT Omi engage Zeus
ARGLOG Omi t  56.2 pos '2624.0 -488.0  32.0' spd 0 yaw 167.5 mode 0 st 3 gl 2 hp 100 frg -2
ARGEVT Omi routefail
ARGEVT Zeus hazard
ARGEVT Omi goal 
ARGEVT Omi routefail
ARGEVT Omi goal item_health
ARGLOG Reap t  56.6 pos '2205.4 -333.7  24.0' spd 320.2 yaw 352.6 mode 0 st 2 gl 1 hp 100 frg 0
ARGLOG Zeus t  56.7 pos '2331.2 -350.5   8.0' spd 219.5 yaw 162.1 mode 2 st 1 gl 0 hp 80 frg 3
ARGEVT Omi routefail
ARGLOG Omi t  56.7 pos '2577.5 -481.3  32.0' spd 321.0 yaw 158.2 mode 0 st 3 gl 2 hp 100 frg -2
ARGEVT Omi goal item_health
ARGEVT Omi routefail
ARGEVT Reap weapon sg
ARGEVT Omi goal item_health
ARGEVT Omi route 6 start '2593.0 -503.0  32.0' goal '2049.0 -535.0 104.0'
ARGLOG Reap t  57.1 pos '2157.2 -497.1   8.0' spd 337.5 yaw 357 mode 0 st 2 gl 1 hp 80 frg 0
ARGLOG Zeus t  57.2 pos '2300.1 -501.7   8.0' spd 110.3 yaw 186 mode 2 st 1 gl 0 hp 68 frg 3
ARGLOG Omi t  57.2 pos '2540.5 -477.2  24.0' spd 322.7 yaw 181 mode 2 st 3 gl 2 hp 100 frg -2
ARGEVT Zeus abandon
ARGEVT Zeus plan powerup via weapon
ARGEVT Zeus goal weapon_supershotgun
ARGEVT Reap route 14 start '2145.0 -503.0   8.0' goal '1441.0 -695.0 184.0'
ARGEVT Zeus routefail
ARGEVT Reap weapon rl
ARGLOG Reap t  57.7 pos '2161.4 -517.9   8.0' spd 374.1 yaw  50.3 mode 2 st 2 gl 1 hp 56 frg 0
ARGEVT Reap hazard
ARGEVT Zeus goal item_artifact_super_damage
ARGLOG Zeus t  57.7 pos '2278.2 -342.0   8.0' spd 430.2 yaw 231.7 mode 0 st 1 gl 0 hp 20 frg 3
ARGLOG Omi t  57.8 pos '2503.8 -468.9   8.0' spd 149.7 yaw 148 mode 2 st 3 gl 2 hp 100 frg -2
ARGEVT Zeus routefail
ARGEVT Zeus death Omi pos '2219.6 -286.1  24.0'
ARGEVT Reap engage Omi
ARGEVT Omi engage Reap
ARGEVT Reap weapon sg
ARGLOG Reap t  58.2 pos '2299.2 -414.4   8.0' spd 321.9 yaw   6.7 mode 2 st 2 gl 1 hp 56 frg 0
ARGLOG Omi t  58.3 pos '2437.1 -442.1   8.0' spd 325.4 yaw 157 mode 2 st 3 gl 2 hp 100 frg -1
ARGLOG Reap t  58.7 pos '2315.2 -346.8   8.0' spd 328.3 yaw 351 mode 2 st 2 gl 1 hp 32 frg 0
ARGLOG Omi t  58.8 pos '2471.7 -377.0   8.0' spd 320.4 yaw 175 mode 2 st 3 gl 2 hp 76 frg -1
ARGLOG Reap t  59.2 pos '2307.1 -502.7   8.0' spd 102.8 yaw 353 mode 2 st 2 gl 1 hp 16 frg 0
ARGLOG Omi t  59.3 pos '2480.1 -511.1   8.0' spd  92.5 yaw 177 mode 2 st 3 gl 2 hp 52 frg -1
ARGEVT Zeus respawn
ARGEVT Zeus goal item_artifact_super_damage
ARGLOG Zeus t  59.5 pos '2176.0 -2176.0  84.0' spd 0 yaw 99 mode 0 st 1 gl 0 hp 100 frg 3
ARGEVT Zeus hazard
ARGEVT Reap death Omi pos '2334.0 -406.9   8.0'
ARGEVT Zeus routefail
ARGEVT Zeus goal item_health
ARGEVT Zeus routefail
ARGLOG Omi t  59.8 pos '2443.1 -385.7   8.0' spd 348.9 yaw 195 mode 2 st 3 gl 2 hp 28 frg 0
ARGEVT Zeus goal item_armor2
ARGLOG Zeus t  60.0 pos '2167.7 -2128.0  84.0' spd  11.2 yaw 116.0 mode 0 st 1 gl 0 hp 100 frg 3
ARGEVT Zeus route 18 start '2145.0 -2071.0  88.0' goal '1345.0 -919.0  32.0'
ARGLOG Omi t  60.3 pos '2277.5 -415.4   8.0' spd 323.4 yaw 193.4 mode 2 st 3 gl 2 hp 28 frg 0
ARGLOG Zeus t  60.5 pos '2160.0 -2128.0  84.0' spd 0 yaw 94 mode 2 st 1 gl 0 hp 100 frg 3
ARGLOG Omi t  60.9 pos '2144.6 -329.9  24.0' spd 407.3 yaw 48 mode 2 st 3 gl 2 hp 28 frg 0
ARGLOG Zeus t  61.0 pos '2160.0 -2128.0  84.0' spd 0 yaw 94 mode 2 st 1 gl 0 hp 100 frg 3
ARGEVT Reap respawn
ARGEVT Reap goal weapon_rocketlauncher
ARGLOG Reap t  61.1 pos '2576.0 -1328.0  24.0' spd 0 yaw 253.7 mode 0 st 2 gl 1 hp 100 frg 0
ARGEVT Reap route 14 start '2529.0 -1367.0  24.0' goal '1441.0 -695.0 184.0'
ARGLOG Omi t  61.4 pos '2223.4 -171.1  24.0' spd 358.6 yaw 114.2 mode 2 st 3 gl 2 hp 28 frg 0
ARGLOG Zeus t  61.5 pos '2160.0 -2128.0  84.0' spd 0 yaw 94 mode 2 st 1 gl 0 hp 100 frg 3
ARGLOG Reap t  61.6 pos '2434.7 -1380.1  24.0' spd 419.4 yaw  88.9 mode 2 st 2 gl 1 hp 100 frg 0
ARGEVT Reap hazard
ARGLOG Omi t  61.9 pos '2090.1 -73.6  24.0' spd 367.3 yaw 238.6 mode 2 st 3 gl 2 hp 28 frg 0
ARGLOG Zeus t  62.0 pos '2160.0 -2128.0  84.0' spd 0 yaw 94 mode 2 st 1 gl 0 hp 100 frg 3
ARGEVT Zeus stall
ARGEVT Zeus stallnode '2145.0 -1943.0  56.0'
ARGEVT Zeus jump
ARGLOG Reap t  62.1 pos '2378.1 -1296.0  24.0' spd 184.0 yaw 54 mode 2 st 2 gl 1 hp 100 frg 0
ARGLOG Omi t  62.4 pos '1988.6 -214.2  24.0' spd 327.8 yaw 268 mode 2 st 3 gl 2 hp 28 frg 0
ARGEVT Zeus route 18 start '2145.0 -2071.0  88.0' goal '1345.0 -919.0  32.0'
ARGEVT Omi jump
ARGLOG Zeus t  62.6 pos '2156.0 -2141.5 118.8' spd  55.1 yaw 155.8 mode 2 st 2 gl 0 hp 100 frg 3
ARGLOG Reap t  62.7 pos '2494.5 -1209.8  24.0' spd 334.7 yaw 89 mode 2 st 2 gl 1 hp 100 frg 0
ARGLOG Omi t  62.9 pos '1968.0 -313.3  74.9' spd  45.5 yaw 288 mode 1 st 3 gl 2 hp 28 frg 0
ARGLOG Zeus t  63.1 pos '2135.7 -2054.3  88.0' spd 321.3 yaw 85 mode 2 st 2 gl 0 hp 100 frg 3
ARGLOG Reap t  63.2 pos '2511.1 -1044.6  24.0' spd 321.1 yaw 98 mode 2 st 2 gl 1 hp 100 frg 0
ARGEVT Reap lift
ARGEVT Reap jump
ARGEVT Omi goal item_health
ARGLOG Omi t  63.4 pos '2012.9 -450.2 104.0' spd 320.0 yaw 278 mode 1 st 3 gl 3 hp 53 frg 0
ARGLOG Zeus t  63.6 pos '2167.4 -1889.3  24.0' spd 375.3 yaw 20 mode 2 st 2 gl 0 hp 100 frg 3
ARGEVT Omi goal weapon_rocketlauncher
ARGLOG Reap t  63.7 pos '2499.8 -912.0 101.3' spd  10.9 yaw 69 mode 2 st 2 gl 1 hp 100 frg 0
ARGEVT Omi route 16 start '2049.0 -535.0 104.0' goal '1441.0 -695.0 184.0'
ARGEVT Omi hazard
ARGLOG Omi t  63.9 pos '1942.8 -551.9 104.0' spd 348.5 yaw 130.0 mode 2 st 3 gl 4 hp 78 frg 0
ARGLOG Zeus t  64.1 pos '2318.7 -1812.3  24.0' spd 326.1 yaw 357 mode 2 st 2 gl 0 hp 100 frg 3
ARGEVT Reap engage Zeus
ARGEVT Zeus engage Reap
ARGLOG Reap t  64.2 pos '2550.7 -815.1 120.0' spd 102.3 yaw  39.7 mode 2 st 2 gl 1 hp 100 frg 0
ARGLOG Omi t  64.5 pos '1825.1 -475.7  40.0' spd 114.6 yaw 45 mode 2 st 3 gl 4 hp 78 frg 0
ARGLOG Zeus t  64.6 pos '2423.0 -1693.0  24.0' spd 324.0 yaw 89 mode 2 st 2 gl 0 hp 100 frg 3
ARGLOG Reap t  64.7 pos '2532.0 -975.2 120.0' spd 320.0 yaw 291.3 mode 2 st 2 gl 1 hp 100 frg 0
ARGEVT Omi hazard
ARGLOG Omi t  65.0 pos '1840.0 -464.0  40.0' spd 0 yaw 46 mode 2 st 3 gl 4 hp 78 frg 0
ARGLOG Zeus t  65.1 pos '2419.4 -1536.9  24.0' spd 352.3 yaw 77 mode 2 st 2 gl 0 hp 100 frg 3
ARGEVT Reap route 11 start '2497.0 -887.0 120.0' goal '1441.0 -695.0 184.0'
ARGLOG Reap t  65.2 pos '2509.5 -1134.0  76.2' spd 228.3 yaw 247 mode 2 st 2 gl 1 hp 88 frg 0
ARGLOG Omi t  65.5 pos '1840.0 -464.0  40.0' spd 0 yaw 46 mode 2 st 3 gl 4 hp 78 frg 0
ARGLOG Zeus t  65.6 pos '2427.0 -1501.1  24.0' spd 321.4 yaw 76 mode 2 st 2 gl 0 hp 88 frg 3
ARGLOG Reap t  65.8 pos '2491.6 -1222.3  24.0' spd 331.3 yaw 272 mode 2 st 2 gl 1 hp 88 frg 0
ARGEVT Omi hazard
ARGEVT Reap route 13 start '2465.0 -1175.0  24.0' goal '1441.0 -695.0 184.0'
ARGLOG Omi t  66.0 pos '1840.0 -464.0  40.0' spd 0 yaw 46 mode 2 st 3 gl 4 hp 78 frg 0
ARGEVT Omi stall
ARGEVT Omi stallnode '1985.0 -311.0  72.0'
ARGEVT Omi jump
ARGLOG Zeus t  66.2 pos '2595.1 -1501.2  24.0' spd 337.4 yaw 113.7 mode 0 st 2 gl 0 hp 80 frg 3
ARGEVT Zeus hazard
ARGEVT Zeus route 14 start '2561.0 -1527.0  24.0' goal '1345.0 -919.0  32.0'
ARGLOG Reap t  66.3 pos '2432.7 -1296.8  24.0' spd 378.2 yaw 313 mode 0 st 2 gl 1 hp 80 frg 0
ARGEVT Reap route 14 start '2433.0 -1303.0  24.0' goal '1441.0 -695.0 184.0'
ARGLOG Omi t  66.5 pos '1830.3 -469.0  74.9' spd  30.2 yaw 214 mode 0 st 4 gl 4 hp 78 frg 0
ARGEVT Omi route 18 start '1889.0 -535.0  72.0' goal '1441.0 -695.0 184.0'
ARGLOG Zeus t  66.7 pos '2640.7 -1402.0  24.0' spd 234.9 yaw 191 mode 2 st 2 gl 0 hp 68 frg 3
ARGLOG Reap t  66.8 pos '2352.0 -1450.9  24.0' spd 345.2 yaw   5.9 mode 2 st 2 gl 1 hp 84 frg 0
ARGLOG Omi t  67.0 pos '1860.5 -542.1  56.0' spd 371.9 yaw 2 mode 2 st 4 gl 4 hp 78 frg 0
ARGLOG Zeus t  67.2 pos '2585.1 -1350.2  24.0' spd 333.0 yaw 231 mode 2 st 2 gl 0 hp 60 frg 3
ARGLOG Reap t  67.3 pos '2415.3 -1612.6  24.0' spd 421.3 yaw 60 mode 2 st 2 gl 1 hp 60 frg 0
ARGLOG Omi t  67.6 pos '2007.3 -521.1 104.0' spd 378.4 yaw  92.2 mode 2 st 4 gl 4 hp 78 frg 0
ARGEVT Reap route 15 start '2465.0 -1591.0  24.0' goal '1441.0 -695.0 184.0'
ARGLOG Zeus t  67.7 pos '2590.1 -1317.7  24.0' spd 320.1 yaw 260 mode 2 st 2 gl 0 hp 60 frg 3
ARGLOG Reap t  67.8 pos '2574.5 -1692.0  24.0' spd 359.1 yaw 94 mode 0 st 2 gl 1 hp 44 frg 0
ARGEVT Reap route 16 start '2561.0 -1687.0  24.0' goal '1441.0 -695.0 184.0'
ARGLOG Omi t  68.1 pos '2021.6 -348.1  88.0' spd 335.9 yaw 134 mode 2 st 4 gl 4 hp 78 frg 0
ARGEVT Zeus death Reap pos '2467.3 -1365.0  24.0'
ARGLOG Reap t  68.3 pos '2489.6 -1685.9  24.0' spd 358.4 yaw  69.4 mode 2 st 2 gl 1 hp 44 frg 1
ARGLOG Omi t  68.6 pos '2002.6 -181.4  24.0' spd 332.3 yaw 58 mode 2 st 4 gl 4 hp 78 frg 0
ARGLOG Reap t  68.8 pos '2505.1 -1510.2  24.0' spd 320.0 yaw 80 mode 2 st 2 gl 1 hp 44 frg 1
ARGLOG Omi t  69.1 pos '2070.3 -29.3  24.0' spd 320.0 yaw 79 mode 2 st 4 gl 4 hp 78 frg 0
ARGLOG Reap t  69.4 pos '2512.1 -1345.3  24.0' spd 321.8 yaw 105 mode 2 st 2 gl 1 hp 44 frg 1
ARGLOG Omi t  69.6 pos '2115.5 103.9  24.0' spd 323.1 yaw  73.4 mode 2 st 4 gl 4 hp 78 frg 0
ARGEVT Zeus respawn
ARGEVT Zeus goal item_armorInv
ARGLOG Zeus t  69.8 pos '2704.0 -2048.0 128.0' spd 0 yaw 253.7 mode 0 st 2 gl 0 hp 100 frg 3
ARGLOG Reap t  69.9 pos '2490.6 -1181.8  24.0' spd 320.9 yaw 88 mode 2 st 2 gl 1 hp 44 frg 1
ARGEVT Zeus routefail
ARGEVT Zeus goal weapon_grenadelauncher
ARGEVT Zeus hazard
ARGLOG Omi t  70.1 pos '2200.6 247.0  24.0' spd 323.0 yaw 38 mode 2 st 4 gl 4 hp 78 frg 0
ARGEVT Zeus routefail
ARGEVT Zeus goal item_armor2
ARGLOG Zeus t  70.3 pos '2672.0 -2031.7 128.0' spd 327.0 yaw  88.9 mode 0 st 2 gl 0 hp 100 frg 3
ARGEVT Zeus routefail
ARGEVT Zeus goal 
ARGLOG Reap t  70.4 pos '2494.9 -1017.0  32.0' spd 320.0 yaw 88 mode 2 st 2 gl 1 hp 44 frg 1
ARGEVT Zeus route 14 start '2689.0 -2039.0 128.0' goal '2433.0 -1303.0  24.0'
ARGEVT Reap lift
ARGEVT Reap jump
ARGLOG Omi t  70.6 pos '2341.0 336.0   8.0' spd 323.3 yaw 356 mode 2 st 4 gl 4 hp 78 frg 0
ARGLOG Zeus t  70.8 pos '2787.7 -1971.0 120.0' spd 337.5 yaw 316.4 mode 2 st 2 gl 0 hp 100 frg 3
ARGLOG Reap t  70.9 pos '2509.6 -912.0 109.6' spd  75.3 yaw 71 mode 2 st 2 gl 1 hp 44 frg 1
ARGEVT Zeus hazard
ARGLOG Omi t  71.2 pos '2506.0 311.8 -72.0' spd 327.4 yaw 324 mode 2 st 4 gl 4 hp 78 frg 0
ARGLOG Zeus t  71.3 pos '2781.3 -2064.0 120.0' spd 367.8 yaw 229 mode 2 st 2 gl 0 hp 100 frg 3
ARGLOG Reap t  71.4 pos '2569.5 -765.1 120.0' spd 320.4 yaw 91 mode 2 st 2 gl 1 hp 44 frg 1
ARGLOG Omi t  71.7 pos '2629.5 198.8 -72.0' spd 341.9 yaw 269 mode 2 st 4 gl 4 hp 100 frg 0
ARGLOG Zeus t  71.8 pos '2668.3 -2172.7 120.0' spd 356.6 yaw 228 mode 2 st 2 gl 0 hp 100 frg 3
ARGLOG Reap t  71.9 pos '2578.9 -599.4 120.0' spd 321.0 yaw  82.7 mode 2 st 2 gl 1 hp 44 frg 1
ARGEVT Zeus hazard
ARGLOG Omi t  72.2 pos '2644.6  33.5 -72.0' spd 321.9 yaw 275.6 mode 2 st 4 gl 4 hp 100 frg 0
ARGLOG Zeus t  72.3 pos '2619.3 -2320.0 120.0' spd 177.7 yaw 182 mode 2 st 2 gl 0 hp 100 frg 3
ARGLOG Reap t  72.5 pos '2594.9 -435.5 120.0' spd 320.2 yaw 79 mode 2 st 2 gl 1 hp 44 frg 1
ARGEVT Omi hazard
ARGLOG Omi t  72.7 pos '2688.0 -63.8 -72.0' spd  56.0 yaw 24 mode 2 st 4 gl 4 hp 100 frg 0
ARGLOG Zeus t  72.9 pos '2459.0 -2351.1 120.0' spd 321.4 yaw 201.3 mode 2 st 2 gl 0 hp 100 frg 3
ARGLOG Reap t  73.0 pos '2560.7 -272.9 120.0' spd 405.1 yaw 201.8 mode 0 st 2 gl 1 hp 44 frg 1
ARGEVT Reap hazard
ARGEVT Reap route 8 start '2625.0 -279.0 120.0' goal '1441.0 -695.0 184.0'
ARGLOG Omi t  73.2 pos '2688.0 -27.4 -72.0' spd  54.7 yaw 12 mode 2 st 4 gl 4 hp 100 frg 0
ARGLOG Zeus t  73.4 pos '2366.4 -2476.2 136.0' spd 371.4 yaw 193.8 mode 2 st 2 gl 0 hp 100 frg 3
ARGEVT Zeus jump
ARGLOG Reap t  73.5 pos '2565.1 -254.8 120.0' spd 321.4 yaw 77 mode 2 st 2 gl 1 hp 69 frg 1
ARGEVT Omi hazard
ARGLOG Omi t  73.7 pos '2688.0   6.1 -72.0' spd  52.6 yaw 1 mode 2 st 4 gl 4 hp 100 frg 0
ARGLOG Zeus t  73.9 pos '2313.5 -2503.4 186.8' spd  33.1 yaw 133 mode 2 st 2 gl 0 hp 100 frg 3
ARGLOG Reap t  74.0 pos '2599.8 -93.0 120.0' spd 320.0 yaw 76 mode 2 st 2 gl 1 hp 84 frg 1
ARGLOG Omi t  74.3 pos '2688.0  16.0 -72.0' spd 0 yaw 358 mode 2 st 4 gl 4 hp 100 frg 0
ARGLOG Zeus t  74.4 pos '2237.7 -2420.2 200.0' spd 320.0 yaw 134 mode 2 st 2 gl 0 hp 100 frg 3
ARGEVT Zeus hazard
ARGLOG Reap t  74.5 pos '2640.0  11.6 120.0' spd  65.6 yaw 330 mode 2 st 2 gl 1 hp 84 frg 1
ARGEVT Omi hazard
ARGEVT Omi stall
ARGEVT Omi stallnode '2849.0   9.0 -72.0'
ARGLOG Omi t  74.8 pos '2688.0  16.0 -72.0' spd 0 yaw 580.7 mode 0 st 5 gl 4 hp 100 frg 0
ARGEVT Omi jump
ARGLOG Zeus t  74.9 pos '2147.5 -2331.0 198.0' spd 320.3 yaw 90 mode 2 st 2 gl 0 hp 100 frg 3
ARGEVT Omi route 6 start '2625.0 -55.0 -72.0' goal '1441.0 -695.0 184.0'
ARGLOG Reap t  75.0 pos '2640.0 -70.3 120.0' spd  54.9 yaw 7 mode 2 st 2 gl 1 hp 84 frg 1
ARGLOG Omi t  75.3 pos '2675.7   8.5 -50.0' spd  31.7 yaw 232 mode 2 st 5 gl 4 hp 100 frg 0
ARGLOG Zeus t  75.4 pos '2128.9 -2218.9  88.0' spd 320.5 yaw 83 mode 2 st 2 gl 0 hp 100 frg 3
ARGLOG Reap t  75.6 pos '2640.0 -63.4 120.0' spd  11.4 yaw 4 mode 2 st 2 gl 1 hp 84 frg 1
ARGEVT Omi hazard
ARGLOG Omi t  75.8 pos '2642.3 -77.3 -72.0' spd 165.5 yaw 331.6 mode 2 st 5 gl 4 hp 100 frg 0
ARGLOG Zeus t  76.0 pos '2141.5 -2054.6  88.0' spd 320.0 yaw 88 mode 2 st 2 gl 0 hp 100 frg 3
ARGEVT Reap stall
ARGEVT Reap stallnode '2753.0 -55.0 -72.0'
ARGLOG Reap t  76.1 pos '2640.0 -59.4 120.0' spd   5.7 yaw 155.2 mode 0 st 3 gl 1 hp 84 frg 1
ARGEVT Reap jump
ARGEVT Reap route 7 start '2625.0   9.0 120.0' goal '1441.0 -695.0 184.0'
ARGLOG Omi t  76.3 pos '2688.0 -52.3 -72.0' spd 145.1 yaw 20 mode 2 st 5 gl 4 hp 100 frg 0
ARGLOG Zeus t  76.5 pos '2170.3 -1889.2  24.0' spd 376.1 yaw 20 mode 2 st 2 gl 0 hp 100 frg 3
ARGLOG Reap t  76.6 pos '2623.4 -54.6 142.4' spd  45.6 yaw  89.2 mode 2 st 3 gl 1 hp 84 frg 1
ARGLOG Omi t  76.8 pos '2688.0 -22.4 -72.0' spd  68.3 yaw 11 mode 2 st 5 gl 4 hp 100 frg 0
ARGEVT Omi hazard
ARGLOG Zeus t  77.0 pos '2320.8 -1811.1  24.0' spd 325.9 yaw 356 mode 2 st 2 gl 0 hp 100 frg 3
ARGLOG Reap t  77.1 pos '2640.0  15.7 120.0' spd   4.6 yaw 341.8 mode 2 st 3 gl 1 hp 84 frg 1
ARGLOG Omi t  77.3 pos '2688.0   7.9 -72.0' spd  52.5 yaw 0 mode 2 st 5 gl 4 hp 100 frg 0
ARGLOG Zeus t  77.5 pos '2439.3 -1698.5  24.0' spd 352.6 yaw 112 mode 2 st 2 gl 0 hp 100 frg 3
ARGLOG Reap t  77.6 pos '2640.0 -66.1 120.0' spd 101.2 yaw 5 mode 2 st 3 gl 1 hp 84 frg 1
ARGLOG Omi t  77.9 pos '2688.0  16.0 -72.0' spd 0 yaw 358 mode 2 st 5 gl 4 hp 100 frg 0
ARGEVT Omi hazard
ARGLOG Zeus t  78.0 pos '2414.6 -1531.3  24.0' spd 324.0 yaw 83 mode 1 st 2 gl 0 hp 100 frg 3
ARGLOG Reap t  78.1 pos '2640.0 -64.2 120.0' spd  11.6 yaw 4 mode 2 st 3 gl 1 hp 84 frg 1
ARGEVT Reap stall
ARGEVT Reap stallnode '2753.0 -55.0 -72.0'
ARGEVT Reap jump
ARGEVT Omi stall
ARGEVT Omi stallnode '2849.0   9.0 -72.0'
ARGLOG Omi t  78.4 pos '2688.0  16.0 -72.0' spd 0 yaw 557.6 mode 0 st 6 gl 4 hp 100 frg 0
ARGEVT Omi jump
ARGEVT Reap route 7 start '2625.0   9.0 120.0' goal '1441.0 -695.0 184.0'
ARGLOG Zeus t  78.5 pos '2435.9 -1365.7  24.0' spd 375.9 yaw  30.1 mode 1 st 2 gl 0 hp 100 frg 3
ARGEVT Zeus goal item_armorInv
ARGLOG Reap t  78.6 pos '2627.9 -62.9 154.7' spd  33.5 yaw 159.1 mode 2 st 4 gl 1 hp 84 frg 1
ARGEVT Zeus route 6 start '2433.0 -1303.0  24.0' goal '2369.0 -599.0  56.0'
ARGEVT Omi route 6 start '2625.0 -55.0 -72.0' goal '1441.0 -695.0 184.0'
ARGLOG Omi t  78.9 pos '2675.8   8.6 -49.8' spd  31.7 yaw 232 mode 2 st 6 gl 4 hp 100 frg 0
ARGLOG Zeus t  79.1 pos '2509.0 -1212.4  24.0' spd 324.5 yaw 92 mode 2 st 2 gl 1 hp 100 frg 3
ARGLOG Reap t  79.2 pos '2636.2  15.7 120.0' spd 366.6 yaw  15.4 mode 2 st 4 gl 1 hp 84 frg 1
ARGEVT Omi hazard
ARGLOG Omi t  79.4 pos '2642.0 -77.3 -72.0' spd 166.4 yaw 332.5 mode 2 st 6 gl 4 hp 100 frg 0
ARGLOG Zeus t  79.6 pos '2511.4 -1046.3  24.0' spd 320.4 yaw 98 mode 2 st 2 gl 1 hp 100 frg 3
ARGEVT Zeus lift
ARGLOG Reap t  79.7 pos '2640.0 -53.6 120.0' spd 173.4 yaw 360 mode 2 st 4 gl 1 hp 84 frg 1
ARGEVT Zeus jump
ARGLOG Omi t  79.9 pos '2688.0 -51.7 -72.0' spd 144.7 yaw 20 mode 2 st 6 gl 4 hp 100 frg 0
ARGLOG Zeus t  80.1 pos '2491.0 -912.0 101.6' spd  41.3 yaw 135 mode 2 st 2 gl 1 hp 100 frg 3
ARGLOG Reap t  80.2 pos '2640.0 -65.5 120.0' spd  14.2 yaw 5 mode 2 st 4 gl 1 hp 84 frg 1
ARGEVT Reap stall
ARGEVT Reap stallnode '2753.0 -55.0 -72.0'
ARGEVT Reap jump
ARGLOG Omi t  80.4 pos '2688.0 -20.6 -72.0' spd  81.1 yaw 10 mode 2 st 6 gl 4 hp 100 frg 0
ARGEVT Zeus hazard
ARGEVT Omi hazard
ARGEVT Reap route 7 start '2625.0   9.0 120.0' goal '1441.0 -695.0 184.0'
ARGLOG Zeus t  80.6 pos '2442.0 -816.0 120.0' spd  37.4 yaw 129 mode 2 st 2 gl 1 hp 100 frg 3
ARGLOG Reap t  80.7 pos '2631.3 -58.1 158.9' spd  40.3 yaw 149.7 mode 2 st 5 gl 1 hp 84 frg 1
ARGLOG Omi t  81.0 pos '2688.0  10.4 -72.0' spd  51.4 yaw 0 mode 2 st 6 gl 4 hp 100 frg 0
ARGLOG Zeus t  81.1 pos '2448.0 -805.2 120.0' spd 178.2 yaw 135 mode 2 st 2 gl 1 hp 100 frg 3
ARGLOG Reap t  81.2 pos '2622.6  -7.5 120.0' spd 331.4 yaw  48.0 mode 2 st 5 gl 1 hp 84 frg 1
ARGEVT Reap abandon
ARGEVT Reap goal item_armor2
ARGEVT Reap route 1 start '2625.0   9.0 120.0' goal '2753.0 -55.0 -72.0'
ARGLOG Omi t  81.5 pos '2688.0  16.0 -72.0' spd 0 yaw 358 mode 2 st 6 gl 4 hp 100 frg 0
ARGEVT Zeus hazard
ARGEVT Omi hazard
ARGLOG Zeus t  81.6 pos '2445.1 -816.0 120.0' spd   8.7 yaw 130 mode 2 st 2 gl 1 hp 100 frg 3
ARGLOG Reap t  81.7 pos '2640.0 -34.0 120.0' spd 215.2 yaw 350 mode 2 st 5 gl 1 hp 84 frg 1
ARGEVT Zeus stall
ARGEVT Zeus stallnode '2369.0 -727.0  56.0'
ARGEVT Zeus jump
ARGEVT Zeus route 3 start '2497.0 -887.0 120.0' goal '2369.0 -599.0  56.0'
ARGEVT Omi stall
ARGEVT Omi stallnode '2849.0   9.0 -72.0'
ARGLOG Omi t  82.0 pos '2688.0  16.0 -72.0' spd 0 yaw 530.7 mode 0 st 7 gl 4 hp 100 frg 0
ARGEVT Omi jump
ARGLOG Zeus t  82.1 pos '2444.0 -823.9 158.9' spd  33.7 yaw 285.5 mode 2 st 3 gl 1 hp 100 frg 3
ARGEVT Omi route 6 start '2625.0 -55.0 -72.0' goal '1441.0 -695.0 184.0'
ARGLOG Reap t  82.2 pos '2640.0 -67.0 120.0' spd  17.1 yaw 6 mode 2 st 5 gl 1 hp 84 frg 1
ARGLOG Omi t  82.5 pos '2672.2  12.5 -49.6' spd  38.5 yaw 236 mode 2 st 7 gl 4 hp 100 frg 0
ARGEVT Reap stall
ARGEVT Reap stallnode '2753.0 -55.0 -72.0'
ARGEVT Reap jump
ARGLOG Zeus t  82.7 pos '2472.0 -869.4 120.0' spd 325.0 yaw 287.0 mode 2 st 3 gl 1 hp 100 frg 3
ARGLOG Reap t  82.8 pos '2635.9 -59.5 154.6' spd  32.0 yaw 115.9 mode 0 st 6 gl 1 hp 84 frg 1
ARGEVT Reap route 1 start '2625.0   9.0 120.0' goal '2753.0 -55.0 -72.0'
ARGEVT Omi hazard
ARGLOG Omi t  83.0 pos '2644.1 -77.3 -72.0' spd 166.4 yaw 337.9 mode 2 st 7 gl 4 hp 100 frg 0
ARGEVT Zeus hazard
ARGLOG Zeus t  83.2 pos '2448.8 -962.1 120.0' spd 415.0 yaw 121.9 mode 2 st 3 gl 1 hp 100 frg 3
ARGLOG Reap t  83.3 pos '2622.6 -37.7 120.0' spd 178.7 yaw  70.7 mode 2 st 6 gl 1 hp 84 frg 1
ARGLOG Omi t  83.5 pos '2688.0 -51.4 -72.0' spd 143.1 yaw 20 mode 2 st 7 gl 4 hp 100 frg 0
ARGLOG Zeus t  83.7 pos '2440.5 -816.0 120.0' spd   8.7 yaw 128 mode 2 st 3 gl 1 hp 100 frg 3
ARGLOG Reap t  83.8 pos '2640.0 -18.6 120.0' spd 212.6 yaw 343 mode 2 st 6 gl 1 hp 84 frg 1
ARGEVT Omi abandon
ARGEVT Omi goal item_armor2
ARGEVT Omi hazard
ARGLOG Omi t  84.0 pos '2688.0 -23.0 -72.0' spd  50.8 yaw 356 mode 1 st 7 gl 4 hp 100 frg 0
ARGEVT Zeus hazard
ARGLOG Zeus t  84.2 pos '2444.9 -816.0 120.0' spd   8.7 yaw 130 mode 2 st 3 gl 1 hp 100 frg 3
ARGLOG Reap t  84.3 pos '2640.0 -68.4 120.0' spd  19.9 yaw 6 mode 2 st 6 gl 1 hp 84 frg 1
ARGLOG Omi t  84.6 pos '2688.0 -10.3 -72.0' spd  31.1 yaw 350 mode 1 st 7 gl 4 hp 100 frg 0
ARGLOG Zeus t  84.7 pos '2474.0 -789.6 120.0' spd 190.2 yaw 149 mode 2 st 3 gl 1 hp 100 frg 3
ARGEVT Reap stall
ARGEVT Reap stallnode '2753.0 -55.0 -72.0'
ARGEVT Reap jump
ARGLOG Reap t  84.8 pos '2638.6 -62.9 141.6' spd  31.0 yaw 245.7 mode 0 st 7 gl 1 hp 84 frg 1
ARGEVT Reap route 1 start '2625.0   9.0 120.0' goal '2753.0 -55.0 -72.0'
ARGEVT Omi stall
ARGEVT Omi jump
ARGLOG Omi t  85.1 pos '2680.7 -11.6 -37.6' spd  54.1 yaw 103.9 mode 0 st 8 gl 4 hp 100 frg 0
ARGEVT Omi route 1 start '2625.0 -55.0 -72.0' goal '2753.0 -55.0 -72.0'
ARGEVT Zeus hazard
ARGLOG Zeus t  85.2 pos '2442.4 -817.6 120.0' spd 165.1 yaw 129 mode 2 st 3 gl 1 hp 100 frg 3
ARGLOG Reap t  85.3 pos '2618.7 -68.6 121.1' spd  63.6 yaw 85 mode 2 st 7 gl 1 hp 84 frg 1
ARGLOG Omi t  85.6 pos '2647.2 -11.7 -72.0' spd 187.7 yaw 257.3 mode 2 st 8 gl 4 hp 100 frg 0
ARGLOG Zeus t  85.7 pos '2440.0 -816.0 120.0' spd 0 yaw 128 mode 2 st 3 gl 1 hp 100 frg 3
ARGEVT Omi hazard
ARGLOG Reap t  85.8 pos '2640.0  12.5 120.0' spd  56.4 yaw 330 mode 2 st 7 gl 1 hp 84 frg 1
ARGLOG Omi t  86.1 pos '2688.0 -65.6 -72.0' spd 180.1 yaw 16 mode 1 st 8 gl 4 hp 100 frg 0
ARGEVT Zeus stall
ARGEVT Zeus stallnode '2369.0 -727.0  56.0'
ARGEVT Zeus jump
ARGLOG Zeus t  86.3 pos '2441.0 -817.2 141.5' spd 30 yaw 324.7 mode 0 st 4 gl 1 hp 100 frg 3
ARGEVT Zeus route 3 start '2497.0 -887.0 120.0' goal '2369.0 -599.0  56.0'
ARGLOG Reap t  86.4 pos '2640.0 -69.3 120.0' spd  63.6 yaw 7 mode 2 st 7 gl 1 hp 84 frg 1
ARGLOG Omi t  86.6 pos '2688.0 -25.5 -72.0' spd 130.6 yaw 357 mode 1 st 8 gl 4 hp 100 frg 0
ARGLOG Zeus t  86.8 pos '2451.0 -829.7 121.9' spd  31.2 yaw 309 mode 2 st 4 gl 1 hp 100 frg 3
ARGLOG Reap t  86.9 pos '2640.0 -63.4 120.0' spd  11.4 yaw 4 mode 2 st 7 gl 1 hp 84 frg 1
ARGLOG Omi t  87.1 pos '2688.0 -38.7 -72.0' spd   8.5 yaw 3 mode 1 st 8 gl 4 hp 100 frg 0
ARGLOG Zeus t  87.3 pos '2483.3 -976.1 107.2' spd 390.3 yaw 177.2 mode 2 st 4 gl 1 hp 100 frg 3
ARGLOG Reap t  87.4 pos '2640.0 -59.4 120.0' spd   5.8 yaw 2 mode 2 st 7 gl 1 hp 84 frg 1
ARGEVT Zeus hazard
ARGEVT Reap stall
ARGEVT Reap stallnode '2753.0 -55.0 -72.0'
ARGEVT Reap jump
ARGLOG Omi t  87.6 pos '2688.0 -35.6 -72.0' spd   2.8 yaw 1 mode 1 st 8 gl 4 hp 100 frg 0
ARGEVT Reap route 1 start '2625.0   9.0 120.0' goal '2753.0 -55.0 -72.0'
ARGEVT Omi stall
ARGEVT Omi jump
ARGLOG Zeus t  87.8 pos '2448.0 -877.8 120.0' spd 347.0 yaw 130 mode 2 st 4 gl 1 hp 100 frg 3
ARGLOG Reap t  87.9 pos '2637.4 -50.9 158.9' spd  30.9 yaw 101 mode 2 st 8 gl 1 hp 84 frg 1
ARGEVT Omi route 1 start '2625.0 -55.0 -72.0' goal '2753.0 -55.0 -72.0'
ARGLOG Omi t  88.2 pos '2676.8 -44.1 -37.0' spd  56.6 yaw 318.3 mode 1 st 9 gl 4 hp 100 frg 0
ARGLOG Zeus t  88.3 pos '2440.0 -816.0 120.0' spd 0 yaw 128 mode 2 st 4 gl 1 hp 100 frg 3
ARGEVT Omi hazard
ARGLOG Reap t  88.4 pos '2633.8   0.5 120.0' spd 334.3 yaw  51.0 mode 2 st 8 gl 1 hp 84 frg 1
ARGEVT Zeus hazard
ARGLOG Omi t  88.7 pos '2688.0 -24.3 -72.0' spd 121.6 yaw 357 mode 1 st 9 gl 4 hp 100 frg 0
ARGLOG Zeus t  88.8 pos '2440.0 -816.0 120.0' spd 0 yaw 128 mode 2 st 4 gl 1 hp 100 frg 3
ARGLOG Reap t  88.9 pos '2640.0 -32.8 120.0' spd 218.5 yaw 349 mode 2 st 8 gl 1 hp 84 frg 1
ARGEVT Zeus stall
ARGEVT Zeus stallnode '2369.0 -727.0  56.0'
ARGEVT Zeus jump
ARGEVT Zeus route 3 start '2497.0 -887.0 120.0' goal '2369.0 -599.0  56.0'
ARGLOG Omi t  89.2 pos '2688.0 -18.9 -72.0' spd 108.6 yaw 354 mode 1 st 9 gl 4 hp 100 frg 0
ARGLOG Zeus t  89.3 pos '2447.7 -818.6 158.9' spd  34.5 yaw 306 mode 2 st 5 gl 1 hp 100 frg 3
ARGLOG Reap t  89.4 pos '2640.0 -67.3 120.0' spd  17.4 yaw 6 mode 2 st 8 gl 1 hp 84 frg 1
ARGLOG Omi t  89.7 pos '2688.0 -35.7 -72.0' spd   5.8 yaw 1 mode 1 st 9 gl 4 hp 100 frg 0
ARGEVT Reap stall
ARGEVT Reap stallnode '2753.0 -55.0 -72.0'
ARGEVT Reap jump
ARGLOG Zeus t  89.9 pos '2482.1 -858.6 120.0' spd 320.1 yaw 283.7 mode 2 st 5 gl 1 hp 100 frg 3
ARGLOG Reap t  90.0 pos '2637.0 -66.6 154.5' spd  37.0 yaw 291.3 mode 0 st 9 gl 1 hp 84 frg 1
ARGEVT Reap route 1 start '2625.0   9.0 120.0' goal '2753.0 -55.0 -72.0'
ARGLOG Omi t  90.2 pos '2688.0 -34.2 -72.0' spd   2.9 yaw 1 mode 1 st 9 gl 4 hp 100 frg 0
ARGEVT Zeus hazard
ARGLOG Zeus t  90.4 pos '2448.0 -1004.7 120.0' spd 114.3 yaw 118.6 mode 2 st 5 gl 1 hp 100 frg 3
ARGEVT Reap stall
ARGEVT Reap stallnode '2625.0   9.0 120.0'
ARGLOG Reap t  90.5 pos '2640.0 -74.8 120.0' spd 167.0 yaw 273.8 mode 0 st 10 gl 1 hp 84 frg 1
ARGEVT Reap jump
ARGEVT Omi stall
ARGEVT Omi jump
ARGLOG Omi t  90.7 pos '2686.5 -34.4 -50.4' spd 30 yaw 219.4 mode 0 st 10 gl 4 hp 100 frg 0
ARGEVT Omi route 1 start '2625.0 -55.0 -72.0' goal '2753.0 -55.0 -72.0'
ARGLOG Zeus t  90.9 pos '2443.2 -846.6 120.0' spd 380.3 yaw 150 mode 2 st 5 gl 1 hp 100 frg 3
ARGLOG Reap t  91.0 pos '2591.8 -41.2 141.8' spd 116.4 yaw 227.7 mode 0 st 10 gl 1 hp 84 frg 1
ARGLOG Omi t  91.3 pos '2679.9 -56.5 -71.1' spd  77.1 yaw 11 mode 1 st 10 gl 4 hp 100 frg 0
ARGEVT Zeus hazard
ARGEVT Omi hazard
ARGLOG Zeus t  91.4 pos '2440.0 -816.0 120.0' spd 0 yaw 128 mode 2 st 5 gl 1 hp 100 frg 3
ARGLOG Reap t  91.5 pos '2486.3 -80.0 120.0' spd 297.9 yaw 227.7 mode 0 st 10 gl 1 hp 84 frg 1
ARGLOG Omi t  91.8 pos '2688.0 -27.7 -72.0' spd 171.8 yaw 358 mode 1 st 10 gl 4 hp 100 frg 0
ARGEVT Zeus stall
ARGEVT Zeus stallnode '2369.0 -727.0  56.0'
ARGLOG Zeus t  91.9 pos '2440.0 -816.0 120.0' spd 0 yaw 356.3 mode 0 st 6 gl 1 hp 100 frg 3
ARGEVT Zeus jump
ARGEVT Reap goal item_rockets
ARGLOG Reap t  92.0 pos '2352.0 -58.0  72.0' spd 142.7 yaw  75.7 mode 0 st 10 gl 1 hp 84 frg 1
ARGEVT Zeus route 3 start '2497.0 -887.0 120.0' goal '2369.0 -599.0  56.0'
ARGLOG Omi t  92.3 pos '2688.0 -12.1 -72.0' spd 148.0 yaw 350 mode 1 st 10 gl 4 hp 100 frg 0
ARGEVT Reap routefail
ARGLOG Zeus t  92.4 pos '2456.5 -817.5 142.7' spd  42.4 yaw 301 mode 2 st 6 gl 1 hp 100 frg 3
ARGEVT Reap goal item_armorInv
ARGEVT Reap routefail
ARGLOG Reap t  92.5 pos '2279.7  16.0  39.8' spd 257.9 yaw 240.2 mode 0 st 10 gl 1 hp 84 frg 1
ARGEVT Reap goal weapon_nailgun
ARGEVT Reap route 2 start '2209.0   9.0  24.0' goal '2529.0 -215.0  32.0'
ARGLOG Omi t  92.8 pos '2688.0 -39.7 -72.0' spd  11.4 yaw 3 mode 1 st 10 gl 4 hp 100 frg 0
ARGLOG Zeus t  93.0 pos '2494.4 -926.3 120.0' spd 380.7 yaw 212.8 mode 2 st 6 gl 1 hp 100 frg 3
ARGLOG Reap t  93.1 pos '2236.0 -111.3  24.0' spd 331.2 yaw 311.6 mode 2 st 10 gl 1 hp 84 frg 1
ARGEVT Zeus hazard
ARGLOG Omi t  93.3 pos '2688.0 -36.0 -72.0' spd   5.8 yaw 2 mode 1 st 10 gl 4 hp 100 frg 0
ARGLOG Zeus t  93.5 pos '2448.0 -980.3 117.1' spd 326.1 yaw 106 mode 2 st 6 gl 1 hp 100 frg 3
ARGEVT Omi stall
ARGEVT Omi jump
ARGLOG Reap t  93.6 pos '2377.6 -208.5  24.0' spd 331.6 yaw 9 mode 1 st 10 gl 1 hp 84 frg 1
ARGEVT Omi route 1 start '2625.0 -55.0 -72.0' goal '2753.0 -55.0 -72.0'
ARGLOG Omi t  93.8 pos '2685.9 -26.4 -33.1' spd  43.2 yaw  29.8 mode 2 st 11 gl 4 hp 100 frg 0
ARGEVT Reap goal item_spikes
ARGEVT Reap route 4 start '2529.0 -215.0  32.0' goal '2561.0 -375.0  24.0'
ARGLOG Zeus t  94.0 pos '2440.0 -816.0 120.0' spd 0 yaw 128 mode 2 st 6 gl 1 hp 100 frg 3
ARGLOG Reap t  94.1 pos '2547.4 -215.6  32.0' spd 340.4 yaw  37.1 mode 2 st 10 gl 2 hp 84 frg 1
ARGEVT Reap hazard
ARGEVT Zeus hazard
ARGEVT Omi hazard
ARGLOG Omi t  94.3 pos '2688.0 -36.6 -72.0' spd 152.8 yaw 355.3 mode 1 st 11 gl 4 hp 100 frg 0
ARGLOG Zeus t  94.5 pos '2440.0 -816.0 120.0' spd 0 yaw 128 mode 2 st 6 gl 1 hp 100 frg 3
ARGLOG Reap t  94.6 pos '2492.4 -144.3  24.0' spd 320.8 yaw 201.6 mode 2 st 10 gl 2 hp 84 frg 1
ARGEVT Zeus stall
ARGEVT Zeus stallnode '2369.0 -727.0  56.0'
ARGEVT Zeus jump
ARGLOG Omi t  94.9 pos '2688.0 -46.8 -72.0' spd 155.6 yaw 7 mode 1 st 11 gl 4 hp 100 frg 0
ARGEVT Zeus route 3 start '2497.0 -887.0 120.0' goal '2369.0 -599.0  56.0'
ARGEVT Omi stall
ARGEVT Omi jump
ARGLOG Zeus t  95.0 pos '2445.0 -816.0 154.6' spd  33.5 yaw 357.9 mode 2 st 7 gl 1 hp 100 frg 3
ARGLOG Reap t  95.1 pos '2334.6 -200.6  24.0' spd 320.9 yaw 212 mode 2 st 10 gl 2 hp 84 frg 1
ARGEVT Omi route 1 start '2625.0 -55.0 -72.0' goal '2753.0 -55.0 -72.0'
ARGLOG Omi t  95.4 pos '2687.6  16.0 -37.2' spd   7.9 yaw 121.5 mode 2 st 12 gl 4 hp 100 frg 0
ARGLOG Zeus t  95.5 pos '2468.3 -827.0 120.0' spd 182.8 yaw 296 mode 2 st 7 gl 1 hp 100 frg 3
ARGLOG Reap t  95.6 pos '2188.8 -291.6  24.0' spd 392.3 yaw 288.9 mode 2 st 10 gl 2 hp 84 frg 1
ARGLOG Omi t  95.9 pos '2624.2 -36.9 -72.0' spd 369.3 yaw 286.3 mode 1 st 12 gl 4 hp 100 frg 0
ARGEVT Omi hazard
ARGLOG Zeus t  96.1 pos '2465.0 -1001.6  98.8' spd 393.4 yaw 146.8 mode 2 st 7 gl 1 hp 100 frg 3
ARGEVT Zeus hazard
ARGLOG Reap t  96.2 pos '2298.0 -425.7   8.0' spd 342.7 yaw 10 mode 2 st 10 gl 2 hp 84 frg 1
ARGLOG Omi t  96.4 pos '2688.0 -50.7 -72.0' spd 183.0 yaw 9 mode 1 st 12 gl 4 hp 100 frg 0
ARGLOG Zeus t  96.6 pos '2448.0 -913.1 120.0' spd 334.6 yaw 117 mode 2 st 7 gl 1 hp 100 frg 3
ARGLOG Reap t  96.7 pos '2464.4 -410.4   8.0' spd 325.1 yaw 28 mode 1 st 10 gl 2 hp 84 frg 1
ARGLOG Omi t  96.9 pos '2688.0   2.8 -72.0' spd 107.9 yaw 343 mode 1 st 12 gl 4 hp 100 frg 0
ARGLOG Zeus t  97.1 pos '2440.0 -816.0 120.0' spd 0 yaw 128 mode 2 st 7 gl 1 hp 100 frg 3
ARGEVT Zeus hazard
ARGEVT Reap goal item_armor2
ARGLOG Reap t  97.2 pos '2590.7 -330.0  24.0' spd 325.7 yaw 359.9 mode 0 st 10 gl 3 hp 84 frg 1
ARGEVT Omi hazard
ARGEVT Reap routefail
ARGEVT Reap hazard
ARGEVT Reap goal item_armorInv
ARGLOG Omi t  97.4 pos '2688.0 -59.6 -72.0' spd  63.3 yaw 13 mode 1 st 12 gl 4 hp 100 frg 0
ARGEVT Reap routefail
ARGLOG Zeus t  97.6 pos '2440.0 -816.0 120.0' spd 0 yaw 128 mode 2 st 7 gl 1 hp 100 frg 3
ARGEVT Reap goal item_rockets
ARGEVT Reap routefail
ARGEVT Zeus stall
ARGEVT Zeus stallnode '2369.0 -727.0  56.0'
ARGEVT Zeus jump
ARGLOG Reap t  97.7 pos '2590.5 -384.0  24.0' spd 345.6 yaw 195.1 mode 0 st 10 gl 3 hp 84 frg 1
ARGEVT Reap goal item_health
ARGEVT Zeus route 3 start '2497.0 -887.0 120.0' goal '2369.0 -599.0  56.0'
ARGEVT Omi stall
ARGEVT Omi jump
ARGLOG Omi t  98.0 pos '2684.1 -11.0 -50.5' spd  79.4 yaw 246.4 mode 0 st 13 gl 4 hp 100 frg 0
ARGEVT Reap routefail
ARGLOG Zeus t  98.1 pos '2444.9 -826.1 154.9' spd  31.2 yaw 311 mode 2 st 8 gl 1 hp 100 frg 3
ARGEVT Reap trapped
ARGEVT Reap death Reap pos '2429.5 -437.8   8.0'
ARGEVT Omi route 1 start '2625.0 -55.0 -72.0' goal '2753.0 -55.0 -72.0'
ARGLOG Omi t  98.5 pos '2668.8 -50.7 -71.1' spd 117.8 yaw 8 mode 1 st 13 gl 4 hp 100 frg 0
ARGEVT Omi hazard
ARGLOG Zeus t  98.6 pos '2491.2 -897.4 120.0' spd 360.9 yaw 245.8 mode 2 st 8 gl 1 hp 100 frg 3
ARGEVT Zeus abandon
ARGEVT Zeus goal weapon_rocketlauncher
ARGEVT Zeus route 5 start '2497.0 -887.0 120.0' goal '2465.0 -1751.0  24.0'
ARGLOG Omi t  99.0 pos '2688.0  -6.0 -72.0' spd 130.3 yaw 347 mode 1 st 13 gl 4 hp 100 frg 0
ARGLOG Zeus t  99.1 pos '2448.0 -1062.1  79.5' spd 122.4 yaw 114.6 mode 2 st 8 gl 1 hp 100 frg 3
ARGLOG Omi t  99.5 pos '2688.0  16.0 -72.0' spd 0 yaw 337 mode 1 st 13 gl 4 hp 100 frg 0
ARGEVT Omi hazard
ARGLOG Zeus t  99.7 pos '2465.0 -998.4  16.0' spd 320.0 yaw 73 mode 2 st 8 gl 1 hp 100 frg 3
ARGEVT Zeus hazard
ARGEVT Reap respawn
ARGEVT Reap goal weapon_rocketlauncher
ARGLOG Reap t  99.8 pos '1712.0 -504.0  24.0' spd 0 yaw 253.4 mode 0 st 10 gl 3 hp 100 frg 0
ARGEVT Reap route 19 start '1729.0 -471.0  24.0' goal '1441.0 -695.0 184.0'
ARGEVT Omi stall
ARGLOG Omi t 100.0 pos '2688.0  16.0 -72.0' spd 0 yaw 508.6 mode 0 st 14 gl 4 hp 100 frg 0
ARGEVT Omi jump
ARGEVT Omi route 1 start '2625.0 -55.0 -72.0' goal '2753.0 -55.0 -72.0'
ARGLOG Zeus t 100.2 pos '2456.9 -992.0  16.0' spd  14.5 yaw 69 mode 2 st 8 gl 1 hp 100 frg 3
ARGLOG Reap t 100.3 pos '1739.3 -656.8  24.0' spd 414.3 yaw  25.5 mode 2 st 10 gl 3 hp 100 frg 0
ARGEVT Reap hazard
ARGLOG Omi t 100.5 pos '2672.2  15.7 -49.4' spd  41.0 yaw 237 mode 2 st 14 gl 4 hp 100 frg 0
ARGEVT Zeus stall
ARGEVT Zeus stallnode '2497.0 -887.0 120.0'
ARGEVT Zeus jump
ARGLOG Zeus t 100.7 pos '2448.9 -993.0  37.5' spd  32.3 yaw 252.1 mode 0 st 9 gl 1 hp 100 frg 3
ARGEVT Zeus route 4 start '2465.0 -1047.0  24.0' goal '2465.0 -1751.0  24.0'
ARGLOG Reap t 100.8 pos '1744.0 -581.4  24.0' spd 376.8 yaw 29 mode 2 st 10 gl 3 hp 100 frg 0
ARGLOG Omi t 101.1 pos '2668.9 -80.0 -72.0' spd 252.4 yaw 355.8 mode 1 st 14 gl 4 hp 100 frg 0
ARGLOG Zeus t 101.2 pos '2450.5 -1029.1  24.0' spd 300.9 yaw 276 mode 2 st 9 gl 1 hp 100 frg 3
ARGEVT Omi hazard
ARGLOG Reap t 101.4 pos '1891.0 -497.6  72.0' spd 326.2 yaw 347 mode 2 st 10 gl 3 hp 100 frg 0
ARGLOG Omi t 101.6 pos '2688.0 -13.2 -72.0' spd  90.9 yaw 351 mode 1 st 14 gl 4 hp 100 frg 0
ARGLOG Zeus t 101.7 pos '2454.0 -1194.8  24.0' spd 321.0 yaw 256 mode 2 st 9 gl 1 hp 100 frg 3
ARGLOG Reap t 101.9 pos '2059.3 -474.2 104.0' spd 397.0 yaw  98.5 mode 2 st 10 gl 3 hp 100 frg 0
ARGLOG Omi t 102.1 pos '2688.0 -40.4 -72.0' spd  11.6 yaw 4 mode 1 st 14 gl 4 hp 100 frg 0
ARGLOG Zeus t 102.2 pos '2439.3 -1361.5  24.0' spd 324.6 yaw 247 mode 2 st 9 gl 1 hp 100 frg 3
ARGLOG Reap t 102.4 pos '2006.0 -314.3  72.0' spd 320.0 yaw 110.0 mode 2 st 10 gl 3 hp 100 frg 0
ARGLOG Omi t 102.6 pos '2688.0 -36.4 -72.0' spd   5.8 yaw 2 mode 1 st 14 gl 4 hp 100 frg 0
ARGLOG Zeus t 102.8 pos '2404.2 -1525.1  24.0' spd 329.9 yaw 286 mode 2 st 9 gl 1 hp 100 frg 3
ARGEVT Omi stall
ARGEVT Omi jump
ARGLOG Reap t 102.9 pos '2005.7 -146.4  24.0' spd 330.5 yaw 50 mode 2 st 10 gl 3 hp 100 frg 0
ARGEVT Omi route 1 start '2625.0 -55.0 -72.0' goal '2753.0 -55.0 -72.0'
ARGLOG Omi t 103.1 pos '2686.0 -30.6 -37.5' spd  33.7 yaw  68.1 mode 1 st 15 gl 4 hp 100 frg 0
ARGLOG Zeus t 103.3 pos '2453.3 -1686.6  24.0' spd 358.8 yaw 257.0 mode 1 st 9 gl 1 hp 100 frg 3
ARGEVT Zeus goal item_armorInv
ARGLOG Reap t 103.4 pos '2080.0   2.6  24.0' spd 326.6 yaw 80 mode 2 st 10 gl 3 hp 100 frg 0
ARGEVT Zeus routefail
ARGEVT Zeus goal item_health
ARGLOG Omi t 103.6 pos '2688.0 -10.5 -72.0' spd  18.0 yaw 350 mode 1 st 15 gl 4 hp 100 frg 0
ARGEVT Omi hazard
ARGEVT Zeus routefail
ARGEVT Zeus goal weapon_supershotgun
ARGLOG Zeus t 103.8 pos '2457.8 -1854.9  24.0' spd 327.6 yaw 263.3 mode 0 st 9 gl 2 hp 100 frg 3
ARGEVT Zeus routefail
ARGEVT Zeus hazard
ARGLOG Reap t 103.9 pos '2125.2 137.3  24.0' spd 335.0 yaw 46 mode 2 st 10 gl 3 hp 100 frg 0
ARGEVT Zeus goal item_health
ARGEVT Omi abandon
ARGEVT Omi goal item_armorInv
ARGEVT Zeus routefail
ARGLOG Omi t 104.1 pos '2688.0 -40.5 -72.0' spd  50.8 yaw 314.4 mode 0 st 15 gl 4 hp 100 frg 0
ARGEVT Zeus trapped
ARGEVT Zeus death Zeus pos '2527.9 -1902.8  24.0'
ARGEVT Omi routefail
ARGEVT Omi goal item_armor2
ARGLOG Reap t 104.5 pos '2227.0 271.1  24.0' spd 321.8 yaw 36 mode 2 st 10 gl 3 hp 100 frg 0
ARGEVT Omi route 5 start '2625.0 -55.0 -72.0' goal '1345.0 -919.0  32.0'
ARGLOG Omi t 104.7 pos '2592.0 -80.0 -72.0' spd 0 yaw 281.1 mode 2 st 15 gl 4 hp 100 frg 0
ARGEVT Omi hazard
ARGLOG Reap t 105.0 pos '2378.4 336.0  -8.0' spd 320.8 yaw 353 mode 2 st 10 gl 3 hp 100 frg 0
ARGEVT Omi stall
ARGEVT Omi stallnode '2849.0   9.0 -72.0'
ARGEVT Omi jump
ARGLOG Omi t 105.2 pos '2687.3 -69.8 -50.5' spd  61.5 yaw 179.6 mode 0 st 16 gl 4 hp 100 frg 0
ARGEVT Omi engage Reap
ARGEVT Reap engage Omi
ARGEVT Omi route 5 start '2625.0 -55.0 -72.0' goal '1345.0 -919.0  32.0'
ARGLOG Reap t 105.5 pos '2495.9 292.3 -72.0' spd 296.1 yaw 297 mode 2 st 10 gl 3 hp 100 frg 0
ARGEVT Reap hazard
ARGLOG Omi t 105.7 pos '2666.1 -35.0 -70.6' spd  88.8 yaw 121 mode 2 st 16 gl 4 hp 100 frg 0
ARGEVT Zeus respawn
ARGEVT Zeus plan powerup via weapon
ARGEVT Zeus goal weapon_grenadelauncher
ARGLOG Zeus t 105.8 pos '2048.0 -1352.0 136.0' spd 0 yaw 163.4 mode 0 st 9 gl 2 hp 100 frg 2
ARGEVT Zeus routefail
ARGEVT Omi pursue
ARGEVT Reap pursue
ARGEVT Zeus plan powerup via weapon
ARGEVT Zeus goal weapon_rocketlauncher
ARGLOG Reap t 106.0 pos '2562.8 240.4 -72.0' spd 325.4 yaw 283.1 mode 2 st 10 gl 3 hp 88 frg 0
ARGEVT Zeus routefail
ARGEVT Zeus goal item_artifact_super_damage
ARGLOG Omi t 106.2 pos '2522.9 -12.9 -64.0' spd 325.2 yaw 64 mode 2 st 16 gl 4 hp 100 frg 0
ARGEVT Zeus routefail
ARGLOG Zeus t 106.3 pos '1932.1 -1244.7 136.0' spd 348.5 yaw 91 mode 0 st 9 gl 2 hp 100 frg 2
ARGEVT Omi route 6 start '2529.0   9.0 -64.0' goal '1345.0 -919.0  32.0'
ARGEVT Zeus goal 
ARGEVT Zeus route 3 start '1953.0 -1303.0 136.0' goal '2017.0 -983.0  32.0'
ARGLOG Reap t 106.5 pos '2655.1 197.8 -72.0' spd 259.4 yaw 220 mode 2 st 10 gl 3 hp 76 frg 0
ARGLOG Omi t 106.7 pos '2417.5 -11.4 -72.0' spd 287.0 yaw 53 mode 2 st 16 gl 4 hp 100 frg 0
ARGLOG Zeus t 106.8 pos '1914.5 -1084.8  20.0' spd 326.8 yaw 301.5 mode 2 st 9 gl 2 hp 100 frg 2
ARGEVT Zeus hazard
ARGEVT Reap pursue
ARGLOG Reap t 107.0 pos '2525.4 281.3 -72.0' spd 294.8 yaw 259.9 mode 0 st 10 gl 3 hp 52 frg 0
ARGEVT Reap route 8 start '2529.0 329.0 -72.0' goal '1441.0 -695.0 184.0'
ARGLOG Omi t 107.2 pos '2575.8 -71.4 -64.0' spd 340.2 yaw 107 mode 2 st 16 gl 4 hp 100 frg 0
ARGLOG Zeus t 107.3 pos '1936.0 -1230.7  20.0' spd 323.4 yaw 284 mode 2 st 9 gl 2 hp 100 frg 2
ARGEVT Zeus jump
ARGEVT Omi pursue
ARGLOG Reap t 107.6 pos '2450.5 255.4 -56.0' spd 320.0 yaw 346 mode 2 st 10 gl 3 hp 52 frg 0
ARGLOG Omi t 107.8 pos '2672.0  11.9 -72.0' spd 172.3 yaw 124 mode 2 st 16 gl 4 hp 100 frg 0
ARGLOG Zeus t 107.9 pos '1936.0 -1264.0  42.6' spd 0 yaw 294 mode 2 st 9 gl 2 hp 100 frg 2
ARGEVT Zeus hazard
ARGLOG Reap t 108.1 pos '2607.4 272.6 -72.0' spd 216.5 yaw 259.5 mode 2 st 10 gl 3 hp 28 frg 0
ARGEVT Zeus jump
ARGLOG Omi t 108.3 pos '2508.2  -9.3 -64.0' spd 342.6 yaw 55 mode 0 st 16 gl 4 hp 100 frg 0
ARGLOG Zeus t 108.4 pos '1910.3 -1264.0  54.4' spd  16.5 yaw 318 mode 2 st 9 gl 2 hp 100 frg 2
ARGEVT Omi route 6 start '2529.0   9.0 -64.0' goal '1345.0 -919.0  32.0'
ARGLOG Reap t 108.6 pos '2594.3 244.1 -72.0' spd 320.6 yaw 230 mode 2 st 10 gl 3 hp 28 frg 0
ARGLOG Omi t 108.8 pos '2461.3 -21.3 -72.0' spd 334.8 yaw 72 mode 2 st 16 gl 4 hp 92 frg 0
ARGLOG Zeus t 108.9 pos '1935.5 -1256.7  20.0' spd 183.0 yaw 291 mode 2 st 9 gl 2 hp 100 frg 2
ARGEVT Reap route 8 start '2529.0 329.0 -72.0' goal '1441.0 -695.0 184.0'
ARGEVT Zeus jump
ARGLOG Reap t 109.1 pos '2428.0 302.7 -40.0' spd 352.9 yaw 295 mode 2 st 10 gl 3 hp 4 frg 0
ARGEVT Omi pursue
ARGLOG Omi t 109.3 pos '2630.3 -14.1 -72.0' spd 339.7 yaw 112 mode 2 st 16 gl 4 hp 92 frg 0
ARGLOG Zeus t 109.4 pos '1936.0 -1253.9  54.7' spd  31.7 yaw 290 mode 2 st 9 gl 2 hp 100 frg 2
ARGEVT Omi hazard
ARGLOG Reap t 109.6 pos '2349.0 279.0   8.0' spd 320.1 yaw 329 mode 2 st 10 gl 3 hp 4 frg 0
ARGEVT Zeus hazard
ARGEVT Reap death Omi pos '2379.8 317.5  -8.0'
ARGEVT Zeus jump
ARGLOG Omi t 109.8 pos '2658.1 119.1 -72.0' spd 170.5 yaw 126.4 mode 2 st 16 gl 4 hp 76 frg 1
ARGLOG Zeus t 109.9 pos '1912.5 -1262.1  41.6' spd  55.3 yaw 315 mode 2 st 9 gl 2 hp 100 frg 2
ARGLOG Omi t 110.3 pos '2647.3 232.6 -72.0' spd 234.7 yaw 321.2 mode 2 st 16 gl 4 hp 76 frg 1
ARGLOG Zeus t 110.4 pos '1929.9 -1264.0  21.1' spd  49.5 yaw 301 mode 2 st 9 gl 2 hp 100 frg 2
ARGEVT Zeus jump
ARGLOG Omi t 110.9 pos '2672.0  57.3 -72.0' spd 357.5 yaw 345 mode 2 st 16 gl 4 hp 76 frg 1
ARGLOG Zeus t 111.0 pos '1936.0 -1253.3  58.9' spd  31.7 yaw 289 mode 2 st 9 gl 2 hp 100 frg 2
ARGEVT Omi hazard
ARGEVT Zeus hazard
ARGEVT Reap respawn
ARGEVT Zeus stall
ARGEVT Zeus stallnode '1953.0 -1303.0 136.0'
ARGEVT Zeus jump
ARGEVT Omi engage Reap
ARGLOG Omi t 111.4 pos '2687.1 -40.6 -72.0' spd 165.6 yaw  26.2 mode 2 st 16 gl 4 hp 76 frg 1
ARGEVT Reap goal weapon_rocketlauncher
ARGEVT Reap engage Omi
ARGLOG Reap t 111.4 pos '2248.0 -16.0 -136.0' spd 0 yaw 355 mode 0 st 10 gl 3 hp 100 frg 0
ARGEVT Reap routefail
ARGLOG Zeus t 111.5 pos '1936.0 -1247.8  41.3' spd 104.7 yaw 108.6 mode 0 st 10 gl 2 hp 100 frg 2
ARGEVT Reap goal 
ARGEVT Zeus route 6 start '1825.0 -1271.0  56.0' goal '2017.0 -983.0  32.0'
ARGEVT Reap plan powerup via weapon
ARGEVT Reap goal weapon_supershotgun
ARGEVT Reap routefail
ARGLOG Omi t 111.9 pos '2638.5  66.0 -72.0' spd 320.0 yaw 149.4 mode 2 st 16 gl 4 hp 76 frg 1
ARGLOG Reap t 111.9 pos '2282.5 -96.3 -136.0' spd  99.7 yaw 28 mode 0 st 10 gl 4 hp 100 frg 0
ARGLOG Zeus t 112.0 pos '1932.4 -1194.2  22.2' spd 112.6 yaw 207.8 mode 2 st 10 gl 2 hp 100 frg 2
ARGEVT Reap goal item_artifact_super_damage
ARGEVT Reap routefail
ARGEVT Reap goal item_armor2
ARGEVT Reap routefail
ARGEVT Reap pursue
ARGEVT Omi hazard
ARGEVT Zeus hazard
ARGLOG Omi t 112.4 pos '2568.3 176.0 -72.0' spd  20.9 yaw 252.3 mode 2 st 16 gl 4 hp 72 frg 1
ARGEVT Reap goal 
ARGLOG Reap t 112.4 pos '2288.0  16.0 -136.0' spd 0 yaw 8 mode 1 st 10 gl 4 hp 100 frg 0
ARGLOG Zeus t 112.5 pos '1806.7 -1258.8  20.0' spd 360.3 yaw 248 mode 2 st 10 gl 2 hp 100 frg 2
ARGEVT Omi pursue
ARGLOG Omi t 112.9 pos '2648.1 109.7 -72.0' spd 379.3 yaw 246.8 mode 2 st 16 gl 4 hp 72 frg 1
ARGLOG Reap t 112.9 pos '2288.0  16.0 -136.0' spd 0 yaw 8 mode 1 st 10 gl 4 hp 100 frg 0
ARGLOG Zeus t 113.0 pos '1719.6 -1316.3  20.0' spd 335.1 yaw 310 mode 2 st 10 gl 2 hp 100 frg 2
ARGEVT Zeus jump
ARGLOG Omi t 113.4 pos '2600.1 -54.2 -72.0' spd 139.3 yaw 189 mode 2 st 16 gl 4 hp 72 frg 1
ARGLOG Reap t 113.4 pos '2284.6 -93.2 -136.0' spd 327.0 yaw 8 mode 1 st 10 gl 4 hp 76 frg 0
ARGLOG Zeus t 113.5 pos '1832.8 -1384.5  77.6' spd 166.4 yaw 17 mode 2 st 10 gl 2 hp 100 frg 2
ARGLOG Omi t 113.9 pos '2546.5 -64.7 -64.0' spd  98.6 yaw 169 mode 2 st 16 gl 4 hp 72 frg 1
ARGLOG Reap t 113.9 pos '2255.8  -7.3 -136.0' spd 121.5 yaw 354 mode 1 st 10 gl 4 hp 52 frg 0
ARGLOG Zeus t 114.0 pos '1938.2 -1362.5 120.0' spd 321.3 yaw  15.6 mode 2 st 10 gl 2 hp 100 frg 2
ARGEVT Omi hazard
ARGLOG Omi t 114.5 pos '2465.7  16.0 -66.1' spd 358.6 yaw 218 mode 0 st 16 gl 4 hp 56 frg 1
ARGLOG Reap t 114.5 pos '2274.4 -146.2 -136.0' spd 104.6 yaw 40 mode 1 st 10 gl 4 hp 44 frg 0
ARGLOG Zeus t 114.6 pos '2064.2 -1250.8 136.0' spd 350.3 yaw 101 mode 2 st 10 gl 2 hp 100 frg 2
ARGEVT Omi route 6 start '2433.0 -55.0 -72.0' goal '1345.0 -919.0  32.0'
ARGLOG Omi t 115.0 pos '2433.7 -37.0 -72.0' spd 241.4 yaw 168 mode 2 st 16 gl 4 hp 32 frg 1
ARGLOG Reap t 115.0 pos '2197.5  -3.2 -120.0' spd 350.3 yaw 356 mode 1 st 10 gl 4 hp 20 frg 0
ARGLOG Zeus t 115.1 pos '2051.1 -1083.6 200.0' spd 322.9 yaw 116 mode 2 st 10 gl 2 hp 100 frg 2
ARGLOG Omi t 115.5 pos '2434.5  16.0 -72.0' spd 208.2 yaw 215 mode 2 st 16 gl 4 hp 8 frg 1
ARGLOG Reap t 115.5 pos '2232.6 -124.7 -136.0' spd 329.1 yaw 31 mode 1 st 10 gl 4 hp 16 frg 0
ARGLOG Zeus t 115.6 pos '2000.0 -931.8 168.1' spd 271.6 yaw 208.6 mode 1 st 10 gl 2 hp 100 frg 2
ARGEVT Reap goal item_health
ARGEVT Reap routefail
ARGEVT Omi hazard
ARGEVT Reap goal item_health
ARGEVT Reap routefail
ARGEVT Omi pursue
ARGEVT Reap pursue
ARGLOG Omi t 116.0 pos '2431.1 -67.2 -72.0' spd 176.4 yaw 201 mode 2 st 16 gl 4 hp 8 frg 1
ARGLOG Reap t 116.0 pos '2263.5 -116.4 -136.0' spd 352.9 yaw 39 mode 0 st 10 gl 5 hp 16 frg 0
ARGEVT Zeus plan powerup via weapon
ARGEVT Zeus goal weapon_supershotgun
ARGLOG Zeus t 116.1 pos '2002.4 -950.0  32.0' spd 300.8 yaw 299 mode 0 st 10 gl 3 hp 100 frg 2
ARGEVT Reap goal item_health
ARGEVT Zeus routefail
ARGEVT Omi death Reap pos '2383.3 -41.0 -88.0'
ARGEVT Zeus goal item_artifact_super_damage
ARGEVT Zeus routefail
ARGEVT Zeus goal 
ARGLOG Reap t 116.5 pos '2354.6 -59.2 -88.0' spd 331.0 yaw 322 mode 0 st 10 gl 5 hp 16 frg 1
ARGEVT Zeus route 9 start '1665.0 -695.0  24.0' goal '2401.0 -407.0   8.0'
ARGLOG Zeus t 116.6 pos '1696.0 -942.5  22.2' spd 300 yaw 336.2 mode 2 st 10 gl 3 hp 100 frg 2
ARGEVT Reap routefail
ARGEVT Reap goal item_health
ARGEVT Reap route 10 start '2433.0 -55.0 -72.0' goal '2049.0 -535.0 104.0'
ARGLOG Reap t 117.0 pos '2519.9 -66.1 -64.0' spd 350.3 yaw  60.9 mode 2 st 10 gl 5 hp 16 frg 1
ARGLOG Zeus t 117.1 pos '1824.1 -902.6  20.0' spd 426.2 yaw 127 mode 2 st 10 gl 3 hp 100 frg 2
ARGEVT Zeus hazard
ARGLOG Reap t 117.6 pos '2602.8  84.1 -72.0' spd 334.2 yaw 106 mode 2 st 10 gl 5 hp 16 frg 1
ARGLOG Zeus t 117.7 pos '1669.7 -852.2  20.0' spd 350.7 yaw 91 mode 2 st 10 gl 3 hp 100 frg 2
ARGEVT Omi respawn
ARGEVT Omi goal item_armor2
ARGLOG Omi t 117.8 pos '2560.0 -192.0  32.0' spd 0 yaw 163.7 mode 0 st 16 gl 4 hp 100 frg 1
ARGEVT Omi route 8 start '2529.0 -215.0  32.0' goal '2753.0 -55.0 -72.0'
ARGLOG Reap t 118.1 pos '2568.5 247.3 -72.0' spd 334.1 yaw 147.3 mode 2 st 10 gl 5 hp 16 frg 1
ARGLOG Zeus t 118.2 pos '1568.5 -861.1  20.0' spd 139.6 yaw 59 mode 2 st 10 gl 3 hp 100 frg 2
ARGEVT Zeus hazard
ARGLOG Omi t 118.3 pos '2405.3 -178.9  24.0' spd 320.3 yaw 182 mode 2 st 16 gl 4 hp 100 frg 1
ARGEVT Reap jump
ARGLOG Reap t 118.6 pos '2437.6 336.0 -34.3' spd 272.2 yaw 184 mode 2 st 10 gl 5 hp 16 frg 1
ARGLOG Zeus t 118.7 pos '1504.7 -866.7  20.0' spd 115.3 yaw 46 mode 2 st 10 gl 3 hp 100 frg 2
ARGLOG Omi t 118.8 pos '2243.4 -133.9  24.0' spd 359.3 yaw 103 mode 2 st 16 gl 4 hp 100 frg 1
ARGLOG Reap t 119.1 pos '2330.1 312.4   8.0' spd 320.5 yaw 202 mode 2 st 10 gl 5 hp 16 frg 1
ARGLOG Zeus t 119.2 pos '1580.0 -853.6  20.0' spd 394.4 yaw 61 mode 2 st 10 gl 3 hp 100 frg 2
ARGLOG Omi t 119.3 pos '2173.2  18.6  24.0' spd 320.2 yaw 108 mode 2 st 16 gl 4 hp 100 frg 1
ARGEVT Zeus hazard
ARGEVT Reap engage Omi
ARGEVT Omi engage Reap
ARGLOG Reap t 119.6 pos '2210.6 236.9  24.0' spd 253.9 yaw 230 mode 2 st 10 gl 5 hp 16 frg 1
ARGLOG Zeus t 119.7 pos '1727.1 -841.1  20.0' spd 242.4 yaw 113 mode 2 st 10 gl 3 hp 100 frg 2
ARGLOG Omi t 119.8 pos '2129.2 125.8  24.0' spd 270.6 yaw  77.2 mode 2 st 16 gl 4 hp 100 frg 1
ARGEVT Reap death Omi pos '2197.1 265.7  24.0'
ARGLOG Zeus t 120.2 pos '1697.7 -677.5  24.0' spd 320.2 yaw 106 mode 2 st 10 gl 3 hp 100 frg 2
ARGLOG Omi t 120.3 pos '2173.9 188.6  24.0' spd 327.8 yaw 46 mode 2 st 16 gl 4 hp 76 frg 2
ARGLOG Zeus t 120.7 pos '1707.7 -511.1  24.0' spd 400.7 yaw 352.8 mode 2 st 10 gl 3 hp 100 frg 2
ARGLOG Omi t 120.8 pos '2284.1 311.8  24.0' spd 332.6 yaw   7.0 mode 2 st 16 gl 4 hp 76 frg 2
