LOG started on: 08/28/2026 18:18:18 
Playing registered version.
UDP Initialized
WIPX_OpenSocket: Address family not supported by protocol family
WIPX_Init: Unable to open control socket, IPX disabled
Exe: 20:02:47 Jul 31 2024
256.0 megabyte heap

Language initialization
Couldn't load 'localization/loc_english.txt'
from 'C:/argus/engine'

========= Quake Initialized =========

execing autoexec.cfg
SpawnServer: dm4
Clearing memory
Programs occupy 660K.
trying to open external vis file
maps/dm4.vis not found, trying argus.vis
external vis not found
ARGUS slots 8
ARGUS worldspawn reached
ARGNAV 155 nodes, 928 links
0 entities inhibited
ARGUS init on dm4
ARGEVT Carmack spawned
ARGEVT Romero spawned
ARGEVT Joe Rogan spawned
Server spawned.
ARGLOG Joe Rogan t   1.2 pos '272.0 -952.0  24.0' spd 0 yaw 323.2 mode 0 st 0 gl 0 hp 100 frg 0
ARGLOG Romero t   1.2 pos '-64.0 -232.0 -72.0' spd 0 yaw  10.2 mode 0 st 0 gl 0 hp 100 frg 0
ARGLOG Carmack t   1.2 pos '-64.0 512.0 -296.0' spd 0 yaw 252.0 mode 0 st 0 gl 0 hp 100 frg 0
ARGEVT Joe Rogan hazard
ARGLOG Joe Rogan t   1.7 pos '393.8 -1038.1  24.0' spd 219.6 yaw 201.8 mode 0 st 0 gl 0 hp 100 frg 0
ARGLOG Romero t   1.7 pos ' 88.1 -208.0 -72.0' spd 314.9 yaw  10.2 mode 0 st 0 gl 0 hp 100 frg 0
ARGLOG Carmack t   1.7 pos '-109.2 364.3 -296.0' spd 320 yaw 252.0 mode 0 st 0 gl 0 hp 100 frg 0
ARGEVT Romero hazard
ARGLOG Joe Rogan t   2.2 pos '356.0 -1091.0  24.0' spd 220.5 yaw 206.9 mode 0 st 0 gl 0 hp 100 frg 0
ARGLOG Romero t   2.2 pos '192.2 -234.2 -72.0' spd 330.5 yaw 224.2 mode 0 st 0 gl 0 hp 100 frg 0
ARGLOG Carmack t   2.2 pos '-96.9 319.4 -296.0' spd 194.3 yaw  61.9 mode 0 st 0 gl 0 hp 100 frg 0
ARGEVT Carmack hazard
ARGLOG Joe Rogan t   2.7 pos '234.7 -1197.9 -56.0' spd 320.8 yaw 206.9 mode 0 st 0 gl 0 hp 100 frg 0
ARGLOG Romero t   2.7 pos '119.8 -327.6 -40.0' spd 163.2 yaw 103.8 mode 0 st 0 gl 0 hp 100 frg 0
ARGLOG Carmack t   2.7 pos '-96.9 482.4 -296.0' spd 325.7 yaw  61.9 mode 0 st 0 gl 0 hp 100 frg 0
ARGEVT Joe Rogan hazard
ARGLOG Joe Rogan t   3.3 pos '132.1 -1160.9 -104.0' spd 325.1 yaw  99.1 mode 0 st 0 gl 0 hp 100 frg 0
ARGLOG Romero t   3.3 pos ' 86.5 -243.4 -72.0' spd 137.2 yaw 105.8 mode 0 st 0 gl 0 hp 100 frg 0
ARGLOG Carmack t   3.3 pos '-32.4 600.9 -296.0' spd 142.9 yaw 269.1 mode 0 st 0 gl 0 hp 200 frg 0
ARGLOG Joe Rogan t   3.8 pos ' 96.9 -999.2 -104.0' spd 320.1 yaw  99.1 mode 0 st 0 gl 0 hp 100 frg 0
ARGLOG Romero t   3.8 pos '167.0 -321.8 -40.0' spd 320 yaw 171.5 mode 0 st 0 gl 0 hp 100 frg 0
ARGLOG Carmack t   3.8 pos '-18.2 439.0 -296.0' spd 320.1 yaw 147.9 mode 0 st 0 gl 0 hp 200 frg 0
ARGEVT Joe Rogan plan powerup via weapon
ARGEVT Joe Rogan goal weapon_rocketlauncher
ARGEVT Romero goal weapon_lightning
ARGEVT Carmack goal weapon_rocketlauncher
ARGEVT Carmack hazard
ARGEVT Joe Rogan route 19 start ' 81.0 -951.0 -104.0' goal '721.0 -887.0 -232.0'
ARGLOG Joe Rogan t   4.3 pos ' 94.8 -833.4 -104.0' spd 370.6 yaw 280 mode 2 st 0 gl 0 hp 100 frg 0
ARGLOG Romero t   4.3 pos '160.9 -422.1   8.0' spd 405.0 yaw 17 mode 0 st 0 gl 0 hp 100 frg 0
ARGLOG Carmack t   4.3 pos '-150.9 429.7 -296.0' spd 310.2 yaw 229.5 mode 0 st 0 gl 0 hp 200 frg 0
ARGEVT Romero route 3 start '113.0 -375.0  -8.0' goal '529.0 -311.0 -104.0'
ARGEVT Carmack route 4 start '-239.0 393.0 -296.0' goal ' 49.0 105.0 -296.0'
ARGLOG Joe Rogan t   4.8 pos '243.6 -882.2 -104.0' spd 435.1 yaw 250 mode 2 st 0 gl 0 hp 100 frg 0
ARGLOG Romero t   4.8 pos '353.3 -348.7 -68.0' spd 388.1 yaw 231 mode 2 st 0 gl 0 hp 100 frg 0
ARGLOG Carmack t   4.8 pos '-147.5 432.0 -296.0' spd 297.8 yaw 271 mode 2 st 0 gl 0 hp 200 frg 0
ARGEVT Romero hazard
ARGLOG Joe Rogan t   5.3 pos '114.6 -1017.8 -104.0' spd 362.2 yaw 289 mode 2 st 0 gl 0 hp 100 frg 0
ARGLOG Romero t   5.3 pos '253.7 -208.4 -296.0' spd 348.4 yaw 285 mode 2 st 0 gl 0 hp 95 frg 0
ARGLOG Carmack t   5.3 pos '-39.5 419.7 -296.0' spd 212.5 yaw 252 mode 2 st 0 gl 0 hp 200 frg 0
ARGEVT Carmack hazard
ARGEVT Joe Rogan jump
ARGLOG Joe Rogan t   5.8 pos '137.8 -1192.3 -82.7' spd 341.3 yaw 13 mode 2 st 0 gl 0 hp 100 frg 0
ARGLOG Romero t   5.8 pos '105.6 -267.1 -296.0' spd 357.6 yaw 325 mode 2 st 0 gl 0 hp 95 frg 0
ARGLOG Carmack t   5.8 pos '-78.5 265.2 -296.0' spd 352.9 yaw 309 mode 2 st 0 gl 0 hp 200 frg 0
ARGEVT Romero hazard
ARGLOG Joe Rogan t   6.3 pos '236.9 -1221.4 -56.0' spd 334.4 yaw 74 mode 2 st 0 gl 0 hp 100 frg 0
ARGLOG Romero t   6.3 pos ' 37.1 -265.2 -296.0' spd 109.4 yaw 333 mode 2 st 0 gl 0 hp 95 frg 0
ARGLOG Carmack t   6.3 pos '-23.6 118.0 -296.0' spd 332.1 yaw 333 mode 1 st 0 gl 0 hp 200 frg 0
ARGEVT Carmack goal item_artifact_super_damage
ARGEVT Carmack hazard
ARGEVT Carmack route 6 start ' 49.0 105.0 -296.0' goal '209.0  73.0 -104.0'
ARGLOG Joe Rogan t   6.9 pos '339.5 -1090.7  24.0' spd 342.1 yaw 98 mode 2 st 0 gl 0 hp 100 frg 0
ARGLOG Romero t   6.9 pos '187.3 -275.0 -296.0' spd 136.6 yaw 212.4 mode 2 st 0 gl 0 hp 95 frg 0
ARGLOG Carmack t   6.9 pos ' 81.9  99.1 -296.0' spd 378.9 yaw 238 mode 2 st 0 gl 1 hp 200 frg 0
ARGLOG Joe Rogan t   7.4 pos '327.1 -925.0  24.0' spd 320.1 yaw 93 mode 2 st 0 gl 0 hp 100 frg 0
ARGLOG Romero t   7.4 pos ' 75.8 -225.4 -296.0' spd 320.8 yaw 322 mode 2 st 0 gl 0 hp 95 frg 0
ARGLOG Carmack t   7.4 pos '-86.1  97.4 -296.0' spd 320.3 yaw 287 mode 2 st 0 gl 1 hp 200 frg 0
ARGEVT Romero hazard
ARGEVT Carmack hazard
ARGLOG Joe Rogan t   7.9 pos '311.7 -761.6  24.0' spd 320.2 yaw 91 mode 2 st 0 gl 0 hp 100 frg 0
ARGLOG Romero t   7.9 pos '-78.9 -267.3 -296.0' spd 356.9 yaw 147.1 mode 2 st 0 gl 0 hp 95 frg 0
ARGLOG Carmack t   7.9 pos '-208.3  48.0 -296.0' spd 137.8 yaw 308 mode 2 st 0 gl 1 hp 200 frg 0
ARGEVT Romero engage Carmack
ARGEVT Carmack engage Romero
ARGLOG Joe Rogan t   8.4 pos '307.4 -597.5  24.0' spd 320.0 yaw 33 mode 2 st 0 gl 0 hp 100 frg 0
ARGLOG Romero t   8.4 pos '-38.1 -171.0 -296.0' spd 169.6 yaw  96.5 mode 2 st 0 gl 0 hp 95 frg 0
ARGLOG Carmack t   8.4 pos '-83.4  48.3 -296.0' spd 320.9 yaw 282.8 mode 2 st 0 gl 1 hp 199 frg 0
ARGEVT Carmack weapon sg
ARGLOG Joe Rogan t   8.9 pos '404.5 -462.5  24.0' spd 322.3 yaw 49 mode 2 st 0 gl 0 hp 100 frg 0
ARGLOG Romero t   8.9 pos '-52.4 -112.2 -296.0' spd 185.5 yaw  88.4 mode 2 st 0 gl 0 hp 95 frg 0
ARGLOG Carmack t   8.9 pos '-56.1  31.4 -296.0' spd 110.1 yaw 273.7 mode 2 st 0 gl 1 hp 199 frg 0
ARGLOG Joe Rogan t   9.4 pos '517.3 -316.5 -36.5' spd 336.3 yaw 159 mode 2 st 0 gl 0 hp 100 frg 0
ARGLOG Romero t   9.4 pos '-50.2 -94.6 -296.0' spd 263.9 yaw  89.5 mode 2 st 0 gl 0 hp 71 frg 0
ARGLOG Carmack t   9.4 pos '-56.1  77.1 -296.0' spd 326.6 yaw 271.0 mode 2 st 0 gl 1 hp 174 frg 0
ARGEVT Carmack weapon rl
ARGUS Carmack shove
ARGEVT Romero goal item_armorInv
ARGEVT Romero route 19 start '-79.0 -23.0 -296.0' goal '817.0 -855.0 -232.0'
ARGEVT Joe Rogan hazard
ARGLOG Joe Rogan t   9.9 pos '459.9 -190.8 -104.0' spd 322.8 yaw 151.4 mode 2 st 0 gl 0 hp 100 frg 0
ARGLOG Romero t   9.9 pos '-59.8 -87.6 -296.0' spd 254.6 yaw 132.4 mode 2 st 0 gl 0 hp 47 frg 0
ARGLOG Carmack t   9.9 pos '-202.9  65.3 -296.0' spd  88.7 yaw 328.1 mode 2 st 0 gl 1 hp 150 frg 0
ARGEVT Romero pursue
ARGEVT Carmack pursue
ARGUS Carmack hunch item_artifact_super_damage
ARGEVT Carmack weapon sg
ARGEVT Carmack goal item_artifact_super_damage
ARGEVT Carmack route 6 start '-143.0 105.0 -296.0' goal '209.0  73.0 -104.0'
ARGEVT Romero retreat
ARGEVT Romero hazard
ARGEVT Carmack hazard
ARGLOG Joe Rogan t  10.5 pos '242.3 -221.9 -179.2' spd 393.7 yaw 212.0 mode 0 st 0 gl 0 hp 100 frg 0
ARGLOG Romero t  10.5 pos '-16.0  28.6 -296.0' spd  10.2 yaw 137.9 mode 2 st 0 gl 0 hp 27 frg 0
ARGLOG Carmack t  10.5 pos '-109.3 108.9 -296.0' spd 377.9 yaw 319.2 mode 2 st 0 gl 1 hp 125 frg 0
ARGEVT Joe Rogan route 20 start '209.0 -375.0 -104.0' goal '721.0 -887.0 -232.0'
ARGEVT Carmack weapon rl
ARGLOG Joe Rogan t  11.0 pos ' 47.7 -226.1 -296.0' spd 283.8 yaw 333 mode 2 st 0 gl 0 hp 100 frg 0
ARGLOG Romero t  11.0 pos '-16.0 -126.2 -296.0' spd 320.1 yaw 120.8 mode 2 st 0 gl 0 hp 27 frg 0
ARGLOG Carmack t  11.0 pos '-151.8  71.5 -296.0' spd 329.9 yaw 297.3 mode 2 st 0 gl 1 hp 100 frg 0
ARGEVT Joe Rogan hazard
ARGEVT Romero death Carmack pos '-16.0 -142.6 -296.0'
ARGUS Carmack watch spawn
ARGEVT Carmack goal item_artifact_super_damage
ARGEVT Carmack route 6 start '-239.0  73.0 -296.0' goal '209.0  73.0 -104.0'
ARGEVT Carmack hazard
ARGLOG Joe Rogan t  11.5 pos '108.5 -225.2 -296.0' spd 356.9 yaw 327 mode 2 st 0 gl 0 hp 100 frg 0
ARGLOG Carmack t  11.5 pos '-240.0  78.5 -296.0' spd 167.3 yaw 276.6 mode 2 st 0 gl 1 hp 100 frg 1
ARGLOG Joe Rogan t  12.0 pos '131.2 -272.6 -296.0' spd 320.3 yaw 334 mode 2 st 0 gl 0 hp 100 frg 0
ARGLOG Carmack t  12.0 pos '-109.2  49.9 -296.0' spd 320.9 yaw 340.0 mode 2 st 0 gl 1 hp 100 frg 1
ARGEVT Joe Rogan hazard
ARGLOG Joe Rogan t  12.5 pos ' 48.2 -226.1 -296.0' spd 271.2 yaw 333 mode 2 st 0 gl 0 hp 100 frg 0
ARGLOG Carmack t  12.5 pos '-23.0 -76.6 -296.0' spd 339.8 yaw 284 mode 2 st 0 gl 1 hp 100 frg 1
ARGEVT Romero respawn
ARGEVT Romero goal item_armorInv
ARGLOG Romero t  12.6 pos '112.0 -1136.0 -104.0' spd 0 yaw  28.7 mode 0 st 0 gl 0 hp 100 frg 0
ARGEVT Romero route 17 start '145.0 -1143.0 -88.0' goal '817.0 -855.0 -232.0'
ARGEVT Joe Rogan engage Carmack
ARGEVT Carmack engage Joe Rogan
ARGEVT Carmack weapon sg
ARGLOG Joe Rogan t  13.0 pos ' 66.8 -258.7 -296.0' spd 123.6 yaw 157.8 mode 2 st 0 gl 0 hp 100 frg 0
ARGLOG Carmack t  13.0 pos '-55.6 -172.5 -296.0' spd 295.5 yaw 335.0 mode 2 st 0 gl 1 hp 100 frg 1
ARGEVT Romero hazard
ARGLOG Romero t  13.1 pos '253.9 -1136.0 -104.0' spd 0 yaw 286 mode 2 st 0 gl 0 hp 100 frg 0
ARGEVT Carmack hazard
ARGEVT Carmack weapon rl
ARGEVT Romero jump
ARGLOG Joe Rogan t  13.5 pos '147.4 -227.0 -296.0' spd 308.6 yaw 184.6 mode 2 st 0 gl 0 hp 100 frg 0
ARGLOG Carmack t  13.5 pos '-84.5 -242.7 -296.0' spd 503.3 yaw  14.3 mode 0 st 0 gl 1 hp 40 frg 1
ARGEVT Carmack retreat
ARGLOG Romero t  13.6 pos '142.7 -1144.7 -69.6' spd 297.3 yaw 0 mode 2 st 0 gl 0 hp 100 frg 0
ARGEVT Carmack routefail
ARGEVT Joe Rogan hazard
ARGEVT Carmack goal item_health
ARGEVT Carmack route 14 start '-79.0 -151.0 -296.0' goal '-239.0 -471.0 -72.0'
ARGLOG Joe Rogan t  14.1 pos '192.1 -249.6 -296.0' spd 320.4 yaw 145.0 mode 2 st 0 gl 0 hp 22 frg 0
ARGLOG Carmack t  14.1 pos '-38.9 -110.9 -296.0' spd 326.1 yaw 317.0 mode 2 st 0 gl 1 hp 10 frg 1
ARGLOG Romero t  14.2 pos '139.1 -1230.7 -104.0' spd 202.4 yaw 23 mode 2 st 0 gl 0 hp 100 frg 0
ARGEVT Joe Rogan pursue
ARGEVT Carmack death Joe Rogan pos '-16.0 -189.9 -296.0'
ARGUS Joe Rogan watch spawn
ARGLOG Joe Rogan t  14.6 pos '126.8 -228.0 -296.0' spd 374.1 yaw 231.5 mode 2 st 0 gl 0 hp 22 frg 1
ARGEVT Joe Rogan goal 
ARGLOG Romero t  14.7 pos '302.7 -1179.1 -24.0' spd 344.4 yaw 89 mode 2 st 0 gl 0 hp 100 frg 0
ARGLOG Joe Rogan t  15.1 pos '-47.8 -245.1 -296.0' spd 383.3 yaw  88.5 mode 1 st 0 gl 0 hp 22 frg 1
ARGLOG Romero t  15.2 pos '339.0 -999.6  24.0' spd 322.0 yaw 97 mode 2 st 0 gl 0 hp 100 frg 0
ARGEVT Joe Rogan goal item_health
ARGUS routecache adopt
ARGEVT Joe Rogan route 14 start '-79.0 -151.0 -296.0' goal '-239.0 -471.0 -72.0'
ARGEVT Joe Rogan hazard
ARGLOG Joe Rogan t  15.7 pos '-17.1 -69.1 -296.0' spd 111.4 yaw 269.6 mode 2 st 0 gl 1 hp 22 frg 1
ARGLOG Romero t  15.8 pos '317.4 -821.2  24.0' spd 320.0 yaw 92 mode 2 st 0 gl 0 hp 100 frg 0
ARGEVT Carmack respawn
ARGEVT Carmack goal weapon_rocketlauncher
ARGLOG Carmack t  16.1 pos '776.0 -808.0 -232.0' spd 0 yaw 110.2 mode 1 st 0 gl 1 hp 100 frg 1
ARGLOG Joe Rogan t  16.2 pos '-27.2 -236.5 -296.0' spd 378.7 yaw 354 mode 2 st 0 gl 1 hp 22 frg 1
ARGLOG Romero t  16.4 pos '343.7 -643.5  24.0' spd 383.5 yaw 48 mode 2 st 0 gl 0 hp 100 frg 0
ARGEVT Romero hazard
ARGEVT Carmack hazard
ARGUS routecache adopt
ARGEVT Joe Rogan route 13 start '113.0 -279.0 -296.0' goal '-239.0 -471.0 -72.0'
ARGEVT Joe Rogan hazard
ARGLOG Carmack t  16.7 pos '720.0 -816.9 -232.0' spd 326.5 yaw 255.4 mode 1 st 0 gl 1 hp 100 frg 1
ARGLOG Joe Rogan t  16.8 pos ' 46.2 -208.0 -296.0' spd 285.4 yaw 0 mode 2 st 0 gl 1 hp 22 frg 1
ARGEVT Joe Rogan engage Romero
ARGEVT Joe Rogan weapon rl
ARGEVT Joe Rogan retreat
ARGEVT Carmack goal item_rockets
ARGLOG Romero t  16.9 pos '370.3 -466.6  24.0' spd 370.7 yaw  11.7 mode 2 st 0 gl 0 hp 100 frg 0
ARGEVT Carmack route 8 start '721.0 -887.0 -232.0' goal '401.0 -759.0 -104.0'
ARGLOG Carmack t  17.2 pos '836.4 -836.9 -232.0' spd 322.8 yaw 116 mode 2 st 0 gl 2 hp 100 frg 1
ARGEVT Joe Rogan route 14 start ' 17.0 -247.0 -296.0' goal '-239.0 -471.0 -72.0'
ARGUS Joe Rogan shove
ARGLOG Joe Rogan t  17.4 pos '-109.5 -251.9 -296.0' spd 365.8 yaw 338.1 mode 2 st 0 gl 1 hp 22 frg 1
ARGEVT Joe Rogan pursue
ARGLOG Romero t  17.5 pos '551.2 -495.2  24.0' spd 320.1 yaw 71 mode 2 st 0 gl 0 hp 100 frg 0
ARGEVT Romero hazard
ARGUS Joe Rogan hunch item_artifact_super_damage
ARGEVT Joe Rogan goal item_health
ARGEVT Joe Rogan pursue
ARGEVT Carmack hazard
ARGEVT Joe Rogan route 14 start '-111.0 -247.0 -296.0' goal '-239.0 -471.0 -72.0'
ARGLOG Carmack t  17.8 pos '747.8 -733.0 -216.0' spd 206.7 yaw 114 mode 2 st 0 gl 2 hp 100 frg 1
ARGEVT Joe Rogan hazard
ARGEVT Joe Rogan death Joe Rogan pos '-79.6 -204.6 -296.0'
ARGLOG Romero t  18.0 pos '555.8 -319.5  24.0' spd 343.0 yaw 142.0 mode 2 st 0 gl 0 hp 100 frg 0
ARGLOG Carmack t  18.3 pos '740.2 -896.7 -232.0' spd 357.0 yaw 181.6 mode 0 st 0 gl 2 hp 100 frg 1
ARGEVT Carmack route 8 start '721.0 -887.0 -232.0' goal '401.0 -759.0 -104.0'
ARGLOG Romero t  18.5 pos '412.7 -137.5 -86.2' spd 377.9 yaw  96.3 mode 2 st 0 gl 0 hp 100 frg 0
ARGUS routecache adopt
ARGEVT Carmack route 8 start '721.0 -887.0 -232.0' goal '401.0 -759.0 -104.0'
ARGEVT Carmack hazard
ARGEVT Romero hazard
ARGLOG Carmack t  18.9 pos '727.2 -757.5 -232.0' spd 305.9 yaw 201.1 mode 0 st 0 gl 2 hp 100 frg 1
ARGEVT Carmack route 9 start '721.0 -759.0 -232.0' goal '401.0 -759.0 -104.0'
ARGLOG Romero t  19.1 pos '337.6  15.6 -296.0' spd 168.7 yaw 236.1 mode 0 st 0 gl 0 hp 100 frg 0
ARGEVT Romero route 17 start '337.0   9.0 -296.0' goal '817.0 -855.0 -232.0'
ARGEVT Joe Rogan respawn
ARGEVT Carmack route 8 start '721.0 -887.0 -232.0' goal '401.0 -759.0 -104.0'
ARGEVT Joe Rogan goal weapon_supernailgun
ARGLOG Joe Rogan t  19.5 pos '784.0 -176.0  24.0' spd 0 yaw 166 mode 0 st 0 gl 1 hp 100 frg 0
ARGLOG Carmack t  19.5 pos '720.0 -912.0 -232.0' spd 0 yaw 112 mode 2 st 0 gl 2 hp 100 frg 1
ARGUS routecache adopt
ARGEVT Carmack route 8 start '721.0 -887.0 -232.0' goal '401.0 -759.0 -104.0'
ARGLOG Romero t  19.6 pos '357.4 -143.5 -296.0' spd 323.5 yaw 344 mode 2 st 0 gl 0 hp 100 frg 0
ARGEVT Joe Rogan routefail
ARGEVT Joe Rogan goal 
ARGEVT Joe Rogan route 4 start '753.0 -151.0  24.0' goal '-111.0 -247.0 -296.0'
ARGEVT Carmack route 8 start '721.0 -887.0 -232.0' goal '401.0 -759.0 -104.0'
ARGLOG Joe Rogan t  20.0 pos '611.6 -176.3  24.0' spd 379.3 yaw 185 mode 2 st 0 gl 1 hp 100 frg 0
ARGEVT Romero hazard
ARGLOG Carmack t  20.0 pos '720.0 -912.0 -232.0' spd 0 yaw 261.7 mode 0 st 0 gl 2 hp 100 frg 1
ARGUS routecache adopt
ARGEVT Carmack route 8 start '721.0 -887.0 -232.0' goal '401.0 -759.0 -104.0'
ARGLOG Romero t  20.2 pos '435.5 -268.9 -296.0' spd 155.4 yaw 179.4 mode 2 st 0 gl 0 hp 100 frg 0
ARGEVT Joe Rogan hazard
ARGUS routecache adopt
ARGEVT Carmack route 8 start '721.0 -887.0 -232.0' goal '401.0 -759.0 -104.0'
ARGEVT Carmack stall
ARGEVT Carmack jump
ARGLOG Joe Rogan t  20.6 pos '619.1 -230.8  24.0' spd 272.1 yaw 152 mode 2 st 0 gl 1 hp 100 frg 0
ARGUS routecache adopt
ARGEVT Carmack route 8 start '721.0 -887.0 -232.0' goal '401.0 -759.0 -104.0'
ARGLOG Carmack t  20.6 pos '720.0 -912.0 -195.8' spd 0 yaw 262 mode 0 st 1 gl 2 hp 100 frg 1
ARGLOG Romero t  20.8 pos '261.9 -253.5 -296.0' spd 320.0 yaw 169.3 mode 2 st 0 gl 0 hp 100 frg 0
ARGUS routecache adopt
ARGEVT Carmack route 8 start '721.0 -887.0 -232.0' goal '401.0 -759.0 -104.0'
ARGEVT Romero hazard
ARGUS routecache adopt
ARGEVT Carmack route 8 start '721.0 -887.0 -232.0' goal '401.0 -759.0 -104.0'
ARGEVT Carmack stall
ARGEVT Carmack jump
ARGLOG Joe Rogan t  21.1 pos '766.6 -162.1  24.0' spd 366.9 yaw 184 mode 2 st 0 gl 1 hp 100 frg 0
ARGLOG Carmack t  21.1 pos '720.0 -912.0 -218.6' spd 0 yaw  10.4 mode 0 st 2 gl 2 hp 100 frg 1
ARGEVT Romero route 17 start '241.0 -279.0 -296.0' goal '817.0 -855.0 -232.0'
ARGEVT Joe Rogan hazard
ARGLOG Romero t  21.3 pos '124.5 -196.8 -296.0' spd 201.9 yaw 342 mode 2 st 0 gl 0 hp 100 frg 0
ARGLOG Joe Rogan t  21.7 pos '711.4 -204.8  24.0' spd 320.5 yaw 175 mode 2 st 0 gl 1 hp 100 frg 0
ARGLOG Carmack t  21.7 pos '736.4 -909.0 -232.0' spd  30.0 yaw  10.4 mode 0 st 2 gl 2 hp 100 frg 1
ARGLOG Romero t  21.9 pos '299.1 -238.3 -296.0' spd 326.1 yaw 27 mode 2 st 0 gl 0 hp 100 frg 0
ARGEVT Carmack hazard
ARGEVT Romero engage Carmack
ARGEVT Carmack engage Romero
ARGLOG Joe Rogan t  22.2 pos '514.5 -181.7  15.0' spd 320.8 yaw 181 mode 2 st 0 gl 1 hp 100 frg 0
ARGUS Carmack shove
ARGLOG Carmack t  22.2 pos '368.0  37.7 -264.0' spd 300 yaw 305.3 mode 0 st 2 gl 2 hp 100 frg 1
ARGEVT Joe Rogan engage Carmack
ARGEVT Joe Rogan grab item_armor1
ARGLOG Romero t  22.4 pos '477.4 -232.7 -296.0' spd 328.6 yaw 133.7 mode 2 st 0 gl 0 hp 100 frg 0
ARGEVT Carmack goal 
ARGEVT Carmack route 3 start '337.0   9.0 -296.0' goal '-111.0 -247.0 -296.0'
ARGEVT Carmack pursue
ARGUS Carmack prefire
ARGLOG Joe Rogan t  22.8 pos '458.8 -93.7 -104.0' spd 352.0 yaw 140.7 mode 2 st 0 gl 1 hp 100 frg 0
ARGLOG Carmack t  22.8 pos '368.0 -35.5 -296.0' spd 300 yaw 295 mode 2 st 2 gl 2 hp 100 frg 1
ARGLOG Romero t  23.0 pos '534.8 -215.1 -296.0' spd 324.5 yaw 0 mode 2 st 0 gl 0 hp 100 frg 0
ARGUS Carmack hunch item_artifact_super_damage
ARGEVT Joe Rogan hazard
ARGEVT Romero pursue
ARGEVT Romero hazard
ARGEVT Carmack pursue
ARGLOG Joe Rogan t  23.4 pos '462.3 -219.8 -104.0' spd 347.8 yaw 155.0 mode 2 st 0 gl 1 hp 100 frg 0
ARGEVT Carmack goal 
ARGLOG Carmack t  23.4 pos '382.7 -108.1 -296.0' spd 320.4 yaw  80.4 mode 0 st 2 gl 2 hp 100 frg 1
ARGEVT Carmack route 2 start '401.0 -183.0 -296.0' goal '-111.0 -247.0 -296.0'
ARGUS Romero hunch item_artifact_super_damage
ARGLOG Romero t  23.5 pos '613.7 -92.7 -296.0' spd 375.3 yaw 312.6 mode 2 st 0 gl 0 hp 31 frg 0
ARGEVT Carmack hazard
ARGEVT Romero goal item_health
ARGEVT Romero pursue
ARGEVT Joe Rogan pursue
ARGLOG Joe Rogan t  23.9 pos '594.0 -191.8 -104.0' spd 249.9 yaw 154 mode 2 st 0 gl 1 hp 100 frg 0
ARGLOG Carmack t  23.9 pos '400.0 -36.7 -296.0' spd 324.8 yaw 287 mode 2 st 2 gl 2 hp 96 frg 1
ARGLOG Romero t  24.1 pos '630.4 -216.3 -296.0' spd 362.3 yaw 192.3 mode 1 st 0 gl 0 hp 31 frg 0
ARGEVT Carmack pursue
ARGEVT Romero retreat
ARGUS Joe Rogan hunch item_artifact_super_damage
ARGEVT Joe Rogan goal 
ARGEVT Joe Rogan route 3 start '433.0 -119.0 -104.0' goal '-111.0 -247.0 -296.0'
ARGLOG Joe Rogan t  24.5 pos '475.9 -123.9 -104.0' spd 241.8 yaw 267.7 mode 2 st 0 gl 1 hp 100 frg 0
ARGLOG Carmack t  24.5 pos '363.4 -163.6 -296.0' spd 188.6 yaw   5.4 mode 2 st 2 gl 2 hp 96 frg 1
ARGUS Carmack shove
ARGLOG Romero t  24.7 pos '598.9 -196.9 -296.0' spd 305.4 yaw 140.8 mode 1 st 0 gl 0 hp 31 frg 0
ARGEVT Carmack pursue
ARGEVT Romero pursue
ARGEVT Carmack hazard
ARGLOG Joe Rogan t  25.0 pos '511.7 -109.3 -104.0' spd 346.3 yaw 193.5 mode 2 st 0 gl 1 hp 100 frg 0
ARGEVT Romero hazard
ARGLOG Carmack t  25.0 pos '392.8 -148.9 -296.0' spd 342.8 yaw 268.5 mode 2 st 2 gl 2 hp 84 frg 1
ARGEVT Carmack pursue
ARGEVT Joe Rogan pursue
ARGEVT Joe Rogan hazard
ARGLOG Romero t  25.2 pos '599.5 -149.5 -296.0' spd  99.1 yaw 103 mode 1 st 0 gl 0 hp 31 frg 0
ARGEVT Carmack pursue
ARGLOG Joe Rogan t  25.6 pos '405.3 -77.4 -104.0' spd 167.5 yaw 243.1 mode 2 st 0 gl 1 hp 100 frg 0
ARGLOG Carmack t  25.6 pos '298.3 -279.4 -296.0' spd 284.9 yaw 329.0 mode 2 st 2 gl 2 hp 80 frg 1
ARGLOG Romero t  25.8 pos '588.6  30.5 -296.0' spd 345.0 yaw 127 mode 1 st 0 gl 0 hp 31 frg 0
ARGEVT Romero pursue
ARGEVT Carmack pursue
ARGEVT Romero hazard
ARGLOG Joe Rogan t  26.2 pos '397.4 -50.6 -244.8' spd  38.0 yaw 285.6 mode 2 st 0 gl 1 hp 100 frg 0
ARGLOG Carmack t  26.2 pos '461.2 -258.6 -296.0' spd 321.5 yaw 22 mode 2 st 2 gl 2 hp 76 frg 1
ARGLOG Romero t  26.3 pos '512.9  77.4 -296.0' spd 320.0 yaw 259.5 mode 1 st 0 gl 0 hp 56 frg 0
ARGEVT Carmack hazard
ARGEVT Carmack route 3 start '497.0 -247.0 -296.0' goal '-111.0 -247.0 -296.0'
ARGEVT Joe Rogan hazard
ARGEVT Joe Rogan pursue
ARGLOG Joe Rogan t  26.7 pos '361.9 -130.7 -296.0' spd 320.0 yaw 308 mode 2 st 0 gl 1 hp 100 frg 0
ARGLOG Carmack t  26.7 pos '543.9 -209.2 -296.0' spd 320.1 yaw 201.2 mode 2 st 2 gl 2 hp 76 frg 1
ARGEVT Romero pursue
ARGLOG Romero t  26.9 pos '663.4  17.8 -296.0' spd 335.3 yaw 318.7 mode 1 st 0 gl 0 hp 56 frg 0
ARGLOG Joe Rogan t  27.2 pos '341.6 -107.1 -296.0' spd 338.4 yaw 290.4 mode 2 st 0 gl 1 hp 100 frg 0
ARGLOG Carmack t  27.2 pos '381.6 -229.3 -296.0' spd 321.8 yaw 191 mode 2 st 2 gl 2 hp 72 frg 1
ARGLOG Romero t  27.4 pos '660.6  16.0 -296.0' spd 322.7 yaw 159.3 mode 1 st 0 gl 0 hp 56 frg 0
ARGEVT Carmack engage Joe Rogan
ARGEVT Carmack weapon sg
ARGEVT Carmack hazard
ARGEVT Carmack weapon rl
ARGEVT Romero hazard
ARGUS Carmack shove
ARGLOG Joe Rogan t  27.8 pos '390.8   6.3 -296.0' spd 358.5 yaw 234.9 mode 2 st 0 gl 1 hp 100 frg 0
ARGEVT Joe Rogan hazard
ARGLOG Carmack t  27.8 pos '217.2 -234.3 -296.0' spd 355.4 yaw  56.6 mode 2 st 2 gl 2 hp 68 frg 1
ARGLOG Romero t  28.0 pos '504.6  81.6 -296.0' spd 319.4 yaw 249.5 mode 1 st 0 gl 0 hp 56 frg 0
ARGLOG Joe Rogan t  28.3 pos '349.9   4.7 -296.0' spd 322.4 yaw 264.2 mode 2 st 0 gl 1 hp 100 frg 0
ARGUS routecache adopt
ARGEVT Carmack route 2 start '369.0 -279.0 -296.0' goal '-111.0 -247.0 -296.0'
ARGLOG Carmack t  28.3 pos '312.7 -260.0 -296.0' spd 334.2 yaw  91.6 mode 0 st 2 gl 2 hp 64 frg 1
ARGLOG Romero t  28.5 pos '634.8 -12.9 -296.0' spd 376.7 yaw 266.8 mode 1 st 0 gl 0 hp 56 frg 0
ARGEVT Carmack hazard
ARGLOG Joe Rogan t  28.9 pos '388.4 -23.0 -296.0' spd 320.4 yaw 255.4 mode 2 st 0 gl 1 hp 100 frg 0
ARGLOG Carmack t  28.9 pos '330.0 -271.9 -296.0' spd 338.1 yaw  69.7 mode 2 st 2 gl 2 hp 60 frg 1
ARGEVT Romero hazard
ARGEVT Romero engage Carmack
ARGLOG Romero t  29.1 pos '610.7 -194.1 -296.0' spd 265.6 yaw 188.0 mode 1 st 0 gl 0 hp 56 frg 0
ARGLOG Joe Rogan t  29.5 pos '404.0 -147.1 -296.0' spd 322.0 yaw 198.8 mode 2 st 0 gl 1 hp 54 frg 0
ARGEVT Joe Rogan hazard
ARGLOG Carmack t  29.5 pos '166.4 -228.3 -296.0' spd  80.4 yaw   3.4 mode 2 st 2 gl 2 hp 60 frg 1
ARGEVT Carmack weapon sg
ARGLOG Romero t  29.6 pos '594.9 -177.3 -296.0' spd 320 yaw 204.5 mode 1 st 0 gl 0 hp 56 frg 0
ARGEVT Joe Rogan death Carmack pos '381.3 -225.9 -296.0'
ARGUS Carmack watch spawn
ARGEVT Romero grab 
ARGEVT Carmack engage Romero
ARGEVT Carmack goal 
ARGEVT Carmack hazard
ARGLOG Carmack t  30.0 pos '208.1 -254.2 -296.0' spd 110.2 yaw 358.6 mode 1 st 2 gl 2 hp 60 frg 2
ARGLOG Romero t  30.2 pos '470.6 -240.6 -296.0' spd  94.9 yaw 167.5 mode 1 st 0 gl 0 hp 56 frg 0
ARGEVT Carmack grab 
ARGEVT Romero hazard
ARGLOG Carmack t  30.6 pos '188.9 -252.2 -296.0' spd 365.2 yaw   3.1 mode 1 st 2 gl 2 hp 53 frg 2
ARGLOG Romero t  30.8 pos '454.6 -253.2 -296.0' spd 225.3 yaw 152.9 mode 1 st 0 gl 0 hp 40 frg 0
ARGLOG Carmack t  31.1 pos '209.9 -245.4 -296.0' spd 201.2 yaw   7.7 mode 1 st 2 gl 2 hp 44 frg 2
ARGEVT Carmack hazard
ARGEVT Joe Rogan respawn
ARGEVT Joe Rogan goal item_health
ARGLOG Joe Rogan t  31.3 pos '-64.0 512.0 -296.0' spd 0 yaw 250.2 mode 1 st 0 gl 1 hp 100 frg 0
ARGLOG Romero t  31.3 pos '459.0 -241.3 -296.0' spd  72.1 yaw 184.8 mode 1 st 0 gl 0 hp 40 frg 0
ARGEVT Joe Rogan hazard
ARGLOG Carmack t  31.6 pos '217.2 -217.5 -296.0' spd  60.8 yaw 353.2 mode 1 st 2 gl 2 hp 44 frg 2
ARGLOG Joe Rogan t  31.8 pos '-142.6 470.7 -296.0' spd 313.7 yaw  72.9 mode 1 st 0 gl 1 hp 100 frg 0
ARGLOG Romero t  31.9 pos '458.1 -242.5 -296.0' spd 172.4 yaw 203.1 mode 1 st 0 gl 0 hp 24 frg 0
ARGEVT Romero weapon sg
ARGEVT Romero retreat
ARGLOG Carmack t  32.2 pos '265.6 -230.2 -296.0' spd  78.7 yaw   2.6 mode 1 st 2 gl 2 hp 44 frg 2
ARGLOG Joe Rogan t  32.4 pos '-38.2 614.6 -296.0' spd 321.5 yaw 275.8 mode 1 st 0 gl 1 hp 200 frg 0
ARGLOG Romero t  32.4 pos '549.6 -219.8 -296.0' spd 313.3 yaw 190.2 mode 1 st 0 gl 0 hp 8 frg 0
ARGEVT Joe Rogan goal weapon_rocketlauncher
ARGEVT Joe Rogan route 4 start '-15.0 553.0 -296.0' goal ' 49.0 105.0 -296.0'
ARGLOG Carmack t  32.7 pos '281.3 -261.4 -296.0' spd  63.4 yaw  12.0 mode 1 st 2 gl 2 hp 20 frg 2
ARGEVT Romero hazard
ARGEVT Carmack hazard
ARGLOG Joe Rogan t  32.9 pos '-35.8 455.5 -296.0' spd 320.2 yaw 253 mode 2 st 0 gl 2 hp 200 frg 0
ARGLOG Romero t  32.9 pos '569.3 -230.3 -296.0' spd 198.7 yaw 178.4 mode 1 st 0 gl 0 hp 6 frg 0
ARGLOG Carmack t  33.3 pos '266.9 -234.0 -296.0' spd 215.4 yaw   2.7 mode 1 st 2 gl 2 hp 4 frg 2
ARGEVT Carmack death Romero pos '290.6 -226.7 -296.0'
ARGUS Romero watch spawn
ARGLOG Joe Rogan t  33.5 pos '-74.4 280.0 -296.0' spd 325.0 yaw 279.8 mode 2 st 0 gl 2 hp 200 frg 0
ARGLOG Romero t  33.5 pos '524.3 -242.3 -296.0' spd 188.0 yaw 112.5 mode 1 st 0 gl 0 hp 6 frg 1
ARGEVT Romero goal item_health
ARGEVT Romero route 14 start '497.0 -247.0 -296.0' goal '977.0 -471.0 -104.0'
ARGLOG Joe Rogan t  34.0 pos '-26.4 103.9 -296.0' spd 331.4 yaw 309 mode 1 st 0 gl 2 hp 200 frg 0
ARGLOG Romero t  34.0 pos '357.0 -209.8 -296.0' spd 322.5 yaw 193 mode 2 st 0 gl 0 hp 6 frg 1
ARGEVT Romero hazard
ARGEVT Joe Rogan hazard
ARGLOG Joe Rogan t  34.6 pos '104.6  98.3 -296.0' spd 377.5 yaw  97.5 mode 1 st 0 gl 2 hp 200 frg 0
ARGLOG Romero t  34.6 pos '307.1 -266.0 -296.0' spd 327.8 yaw 345 mode 0 st 0 gl 0 hp 6 frg 1
ARGEVT Romero route 14 start '369.0 -279.0 -296.0' goal '977.0 -471.0 -104.0'
ARGEVT Carmack respawn
ARGEVT Carmack goal weapon_lightning
ARGLOG Carmack t  35.0 pos '-64.0 -232.0 -72.0' spd 0 yaw 358 mode 0 st 2 gl 2 hp 100 frg 2
ARGEVT Carmack route 5 start '-47.0 -215.0 -72.0' goal '529.0 -311.0 -104.0'
ARGLOG Joe Rogan t  35.2 pos '107.4  82.9 -296.0' spd 364.3 yaw 319.5 mode 1 st 0 gl 2 hp 200 frg 0
ARGLOG Romero t  35.2 pos '471.0 -218.6 -296.0' spd 152.6 yaw 162.6 mode 2 st 0 gl 0 hp 6 frg 1
ARGEVT Joe Rogan hazard
ARGLOG Carmack t  35.6 pos '107.2 -237.8 -72.0' spd 320 yaw 358 mode 2 st 2 gl 2 hp 100 frg 2
ARGLOG Joe Rogan t  35.7 pos '112.0 138.4 -296.0' spd 256.6 yaw 338.1 mode 1 st 0 gl 2 hp 200 frg 0
ARGLOG Romero t  35.7 pos '309.8 -215.8 -296.0' spd 321.5 yaw 24 mode 2 st 0 gl 0 hp 6 frg 1
ARGEVT Romero engage Carmack
ARGEVT Romero retreat
ARGEVT Romero hazard
ARGEVT Carmack engage Romero
ARGEVT Carmack grab weapon_grenadelauncher
ARGEVT Carmack hazard
ARGLOG Carmack t  36.2 pos '244.8 -293.8 -90.2' spd 211.2 yaw  19.0 mode 2 st 2 gl 2 hp 100 frg 2
ARGLOG Joe Rogan t  36.3 pos '108.0  64.8 -296.0' spd 321.5 yaw   9.9 mode 1 st 0 gl 2 hp 200 frg 0
ARGLOG Romero t  36.3 pos '416.3 -220.8 -296.0' spd 320.2 yaw 206.4 mode 2 st 0 gl 0 hp 6 frg 1
ARGEVT Romero death Carmack pos '436.0 -218.7 -296.0'
ARGUS Carmack watch spawn
ARGEVT Joe Rogan hazard
ARGEVT Carmack goal weapon_lightning
ARGEVT Carmack route 10 start '241.0 -279.0 -296.0' goal '529.0 -311.0 -104.0'
ARGEVT Joe Rogan goal 
ARGLOG Carmack t  36.7 pos '246.4 -310.2 -313.1' spd  63.3 yaw 15 mode 2 st 2 gl 2 hp 100 frg 3
ARGEVT Joe Rogan route 3 start ' 49.0 105.0 -296.0' goal '-111.0 -247.0 -296.0'
ARGLOG Joe Rogan t  36.8 pos '108.0  94.5 -296.0' spd 301.4 yaw  89.7 mode 2 st 0 gl 3 hp 200 frg 0
ARGEVT Carmack swim
ARGLOG Carmack t  37.3 pos '290.4 -273.0 -398.5' spd 199.6 yaw 10 mode 2 st 2 gl 2 hp 40 frg 3
ARGLOG Joe Rogan t  37.4 pos ' 58.3  48.0 -296.0' spd 336.1 yaw 236 mode 2 st 0 gl 3 hp 199 frg 0
ARGEVT Joe Rogan hazard
ARGEVT Carmack death world pos '304.0 -205.2 -398.4'
ARGEVT Romero respawn
ARGLOG Joe Rogan t  37.9 pos '-56.4 -52.4 -296.0' spd 407.7 yaw 321 mode 1 st 0 gl 3 hp 199 frg 0
ARGEVT Romero goal item_armorInv
ARGLOG Romero t  37.9 pos '272.0 -952.0  24.0' spd 0 yaw  20.2 mode 0 st 0 gl 0 hp 100 frg 1
ARGEVT Romero route 13 start '305.0 -983.0  24.0' goal '817.0 -855.0 -232.0'
ARGLOG Joe Rogan t  38.5 pos '-16.5 -234.6 -296.0' spd 350.7 yaw 325.0 mode 1 st 0 gl 3 hp 198 frg 0
ARGLOG Romero t  38.5 pos '353.2 -802.1  24.0' spd 327.3 yaw 102 mode 2 st 0 gl 0 hp 100 frg 1
ARGEVT Joe Rogan hazard
ARGLOG Joe Rogan t  39.0 pos '157.7 -275.8 -296.0' spd 324.0 yaw 348 mode 1 st 0 gl 3 hp 198 frg 0
ARGLOG Romero t  39.0 pos '328.3 -624.1  24.0' spd 320.1 yaw 104 mode 2 st 0 gl 0 hp 100 frg 1
ARGEVT Carmack respawn
ARGEVT Carmack goal weapon_lightning
ARGLOG Carmack t  39.3 pos '112.0 -1136.0 -104.0' spd 0 yaw 63 mode 0 st 2 gl 2 hp 100 frg 2
ARGEVT Carmack route 6 start '145.0 -1143.0 -88.0' goal '529.0 -311.0 -104.0'
ARGEVT Joe Rogan engage Romero
ARGEVT Joe Rogan grab 
ARGLOG Joe Rogan t  39.5 pos '283.6 -278.6 -296.0' spd 110.8 yaw 252.8 mode 1 st 0 gl 3 hp 197 frg 0
ARGEVT Romero engage Joe Rogan
ARGLOG Romero t  39.5 pos '311.2 -462.2  24.0' spd 366.6 yaw  70.2 mode 2 st 0 gl 0 hp 100 frg 1
ARGLOG Carmack t  39.8 pos '220.1 -999.9 -104.0' spd 339.0 yaw 53 mode 2 st 2 gl 2 hp 100 frg 2
ARGEVT Joe Rogan hazard
ARGEVT Carmack engage Romero
ARGEVT Carmack grab weapon_supershotgun
ARGLOG Joe Rogan t  40.1 pos '403.5 -207.1 -296.0' spd 328.2 yaw 234.5 mode 1 st 0 gl 3 hp 197 frg 0
ARGLOG Romero t  40.1 pos '317.1 -364.9 -86.7' spd  54.0 yaw  66.8 mode 2 st 0 gl 0 hp 100 frg 1
ARGEVT Romero death Joe Rogan pos '307.1 -366.6 -180.1'
ARGUS Joe Rogan watch spawn
ARGLOG Carmack t  40.4 pos '370.0 -939.4 -104.0' spd 329.1 yaw 95 mode 2 st 2 gl 2 hp 100 frg 2
ARGEVT Joe Rogan goal 
ARGEVT Joe Rogan route 1 start '401.0 -183.0 -296.0' goal '497.0 -247.0 -296.0'
ARGLOG Joe Rogan t  40.6 pos '343.0 -55.2 -296.0' spd 379.3 yaw 309 mode 2 st 0 gl 3 hp 196 frg 1
ARGLOG Carmack t  41.0 pos '393.7 -761.4 -104.0' spd 323.0 yaw 89 mode 2 st 2 gl 2 hp 100 frg 2
ARGEVT Carmack hazard
ARGLOG Joe Rogan t  41.2 pos '374.8 -235.1 -296.0' spd 392.8 yaw 13 mode 1 st 0 gl 3 hp 196 frg 1
ARGEVT Joe Rogan hazard
ARGLOG Carmack t  41.5 pos '324.5 -599.4 -104.0' spd 329.0 yaw 54 mode 2 st 2 gl 2 hp 100 frg 2
ARGEVT Joe Rogan goal item_armorInv
ARGLOG Joe Rogan t  41.8 pos '495.0 -209.8 -296.0' spd 329.4 yaw 320.9 mode 0 st 0 gl 4 hp 195 frg 1
ARGEVT Romero respawn
ARGEVT Romero goal weapon_lightning
ARGLOG Romero t  41.8 pos '776.0 -808.0 -232.0' spd 0 yaw 109.8 mode 0 st 0 gl 0 hp 100 frg 1
ARGEVT Joe Rogan route 16 start '497.0 -247.0 -296.0' goal '817.0 -855.0 -232.0'
ARGEVT Romero hazard
ARGLOG Carmack t  42.1 pos '415.5 -445.9 -104.0' spd 387.7 yaw   3.5 mode 1 st 2 gl 2 hp 100 frg 2
ARGEVT Romero route 12 start '753.0 -727.0 -216.0' goal '529.0 -311.0 -104.0'
ARGEVT Joe Rogan hazard
ARGLOG Joe Rogan t  42.3 pos '649.9 -216.0 -296.0' spd 405.9 yaw 294.3 mode 2 st 0 gl 4 hp 194 frg 1
ARGLOG Romero t  42.4 pos '749.9 -720.0 -216.0' spd  63.8 yaw 170 mode 2 st 0 gl 0 hp 100 frg 1
ARGLOG Carmack t  42.6 pos '581.6 -413.1 -104.0' spd 370.4 yaw 300 mode 1 st 2 gl 2 hp 100 frg 2
ARGEVT Joe Rogan engage Carmack
ARGLOG Joe Rogan t  42.9 pos '597.0 -272.0 -296.0' spd 356.4 yaw 133.7 mode 2 st 0 gl 4 hp 194 frg 1
ARGEVT Carmack engage Joe Rogan
ARGEVT Joe Rogan weapon sg
ARGLOG Romero t  42.9 pos '720.0 -879.7 -232.0' spd 327.3 yaw 232 mode 0 st 0 gl 0 hp 100 frg 1
ARGUS routecache adopt
ARGEVT Romero route 11 start '721.0 -887.0 -232.0' goal '529.0 -311.0 -104.0'
ARGEVT Romero engage Carmack
ARGLOG Carmack t  43.2 pos '451.6 -240.0 -296.0' spd 300 yaw  11.1 mode 1 st 2 gl 2 hp 100 frg 2
ARGEVT Joe Rogan grab weapon_lightning
ARGLOG Joe Rogan t  43.4 pos '602.2 -218.7 -296.0' spd 285.2 yaw 192.4 mode 2 st 0 gl 4 hp 193 frg 1
ARGEVT Carmack grab weapon_lightning
ARGEVT Romero route 10 start '337.0   9.0 -296.0' goal '529.0 -311.0 -104.0'
ARGLOG Romero t  43.5 pos '368.0 -36.4 -296.0' spd 300 yaw 286.1 mode 2 st 0 gl 0 hp 100 frg 1
ARGEVT Joe Rogan hazard
ARGEVT Carmack jump
ARGLOG Carmack t  43.7 pos '498.9 -271.2 -282.6' spd 321.8 yaw  40.3 mode 1 st 2 gl 2 hp 76 frg 2
ARGLOG Joe Rogan t  44.0 pos '548.4 -231.9 -296.0' spd 236.4 yaw 219.0 mode 2 st 0 gl 4 hp 181 frg 1
ARGEVT Carmack retreat
ARGLOG Romero t  44.1 pos '350.9 -100.0 -296.0' spd 257.0 yaw 309.8 mode 2 st 0 gl 0 hp 100 frg 1
ARGLOG Carmack t  44.3 pos '477.3 -270.3 -258.0' spd 100.5 yaw  12.9 mode 1 st 2 gl 2 hp 28 frg 2
ARGLOG Joe Rogan t  44.5 pos '571.3 -266.7 -296.0' spd 251.0 yaw 185.8 mode 2 st 0 gl 4 hp 124 frg 1
ARGEVT Carmack death Romero pos '458.2 -265.8 -296.0'
ARGUS Romero watch spawn
ARGEVT Romero goal weapon_lightning
ARGLOG Romero t  44.6 pos '367.5 -119.6 -296.0' spd 124.8 yaw   3.8 mode 0 st 0 gl 0 hp 100 frg 2
ARGEVT Romero hazard
ARGEVT Joe Rogan weapon rl
ARGEVT Romero route 10 start '305.0 -87.0 -296.0' goal '529.0 -311.0 -104.0'
ARGEVT Joe Rogan hazard
ARGEVT Romero engage Joe Rogan
ARGEVT Joe Rogan engage Romero
ARGEVT Joe Rogan weapon ssg
ARGLOG Joe Rogan t  45.0 pos '434.2 -220.1 -296.0' spd 320 yaw 120.1 mode 2 st 0 gl 4 hp 124 frg 1
ARGLOG Romero t  45.1 pos '364.4 -99.8 -296.0' spd 324.1 yaw 280.7 mode 2 st 0 gl 0 hp 100 frg 2
ARGEVT Joe Rogan grab 
ARGLOG Joe Rogan t  45.6 pos '342.1 -216.2 -296.0' spd 278.1 yaw  65.9 mode 2 st 0 gl 4 hp 123 frg 1
ARGLOG Romero t  45.6 pos '395.7 -79.4 -296.0' spd 680.8 yaw 257.1 mode 2 st 0 gl 0 hp 89 frg 2
ARGEVT Joe Rogan weapon rl
ARGLOG Joe Rogan t  46.1 pos '324.5 -222.4 -296.0' spd 181.4 yaw  76.8 mode 2 st 0 gl 4 hp 99 frg 1
ARGEVT Carmack respawn
ARGLOG Romero t  46.1 pos '358.9   6.4 -296.0' spd 320.9 yaw 267.0 mode 2 st 0 gl 0 hp 89 frg 2
ARGEVT Carmack goal weapon_supernailgun
ARGLOG Carmack t  46.1 pos '784.0 -176.0  24.0' spd 0 yaw 159.8 mode 0 st 2 gl 2 hp 100 frg 2
ARGEVT Carmack routefail
ARGEVT Carmack goal weapon_lightning
ARGEVT Carmack route 2 start '753.0 -151.0  24.0' goal '529.0 -311.0 -104.0'
ARGEVT Joe Rogan hazard
ARGEVT Romero hazard
ARGLOG Joe Rogan t  46.6 pos '336.1 -205.7 -296.0' spd 143.0 yaw 104.4 mode 2 st 0 gl 4 hp 75 frg 1
ARGLOG Romero t  46.7 pos '349.0  10.9 -296.0' spd 310.0 yaw 274.7 mode 2 st 0 gl 0 hp 76 frg 2
ARGLOG Carmack t  46.7 pos '618.6 -154.5  24.0' spd 321.3 yaw 174.8 mode 2 st 2 gl 2 hp 100 frg 2
ARGEVT Carmack engage Joe Rogan
ARGLOG Joe Rogan t  47.2 pos '328.3 -184.9 -296.0' spd 209.7 yaw  93.3 mode 2 st 0 gl 4 hp 51 frg 1
ARGLOG Romero t  47.2 pos '364.1  13.5 -296.0' spd  90.3 yaw 264.2 mode 2 st 0 gl 0 hp 76 frg 2
ARGLOG Carmack t  47.2 pos '417.6 -151.5 -63.3' spd 305.0 yaw 200.3 mode 1 st 2 gl 2 hp 100 frg 2
ARGEVT Carmack grab item_armor1
ARGEVT Joe Rogan retreat
ARGEVT Joe Rogan hazard
ARGUS Joe Rogan shove
ARGLOG Joe Rogan t  47.7 pos '445.5 -238.2 -296.0' spd 356.6 yaw 136.9 mode 2 st 0 gl 4 hp 15 frg 1
ARGLOG Romero t  47.8 pos '345.7 -46.7 -296.0' spd  63.9 yaw 305.8 mode 2 st 0 gl 0 hp 76 frg 2
ARGEVT Romero hazard
ARGLOG Carmack t  47.8 pos '389.1 -149.9 -296.0' spd 321.7 yaw 318.9 mode 1 st 2 gl 2 hp 100 frg 2
ARGEVT Carmack hazard
ARGEVT Joe Rogan death Joe Rogan pos '542.7 -264.8 -296.0'
ARGEVT Romero engage Carmack
ARGEVT Carmack engage Romero
ARGLOG Romero t  48.4 pos '385.1  37.6 -288.0' spd 323.3 yaw 263.6 mode 2 st 0 gl 0 hp 76 frg 2
ARGLOG Carmack t  48.4 pos '379.8 -174.4 -296.0' spd 108.4 yaw  85.3 mode 1 st 2 gl 2 hp 100 frg 2
ARGEVT Carmack grab 
ARGEVT Carmack jump
ARGLOG Romero t  48.9 pos '369.5  -6.9 -296.0' spd 323.2 yaw 312.0 mode 2 st 0 gl 0 hp 76 frg 2
ARGEVT Romero hazard
ARGLOG Carmack t  48.9 pos '521.1 -242.5 -282.5' spd 336.0 yaw 132.5 mode 1 st 2 gl 2 hp 100 frg 2
ARGEVT Romero pursue
ARGEVT Carmack pursue
ARGUS Romero hunch item_artifact_super_damage
ARGEVT Romero goal weapon_rocketlauncher
ARGEVT Romero pursue
ARGLOG Romero t  49.5 pos '338.6 -129.0 -296.0' spd 327.4 yaw 237.4 mode 0 st 0 gl 0 hp 76 frg 2
ARGLOG Carmack t  49.5 pos '634.5 -213.2 -296.0' spd 204.4 yaw 136 mode 1 st 2 gl 2 hp 100 frg 2
ARGEVT Romero route 17 start '401.0 -183.0 -296.0' goal '721.0 -887.0 -232.0'
ARGEVT Joe Rogan respawn
ARGEVT Joe Rogan goal weapon_lightning
ARGLOG Joe Rogan t  49.6 pos '-64.0 512.0 -296.0' spd 0 yaw 289.5 mode 0 st 0 gl 4 hp 100 frg 0
ARGEVT Romero pursue
ARGUS Carmack hunch item_artifact_super_damage
ARGEVT Carmack pursue
ARGEVT Joe Rogan route 15 start '-15.0 553.0 -296.0' goal '529.0 -311.0 -104.0'
ARGEVT Carmack goal weapon_lightning
ARGUS routecache adopt
ARGEVT Carmack route 7 start '593.0 -87.0 -296.0' goal '529.0 -311.0 -104.0'
ARGEVT Carmack hazard
ARGEVT Joe Rogan hazard
ARGLOG Romero t  50.0 pos '432.0 -276.7 -296.0' spd  80.3 yaw 20 mode 2 st 0 gl 0 hp 76 frg 2
ARGLOG Carmack t  50.0 pos '656.0 -87.6 -296.0' spd 331.1 yaw  89.4 mode 2 st 2 gl 2 hp 100 frg 2
ARGLOG Joe Rogan t  50.2 pos ' 56.7 407.6 -296.0' spd 247.0 yaw 244 mode 2 st 0 gl 4 hp 100 frg 0
ARGEVT Romero pursue
ARGLOG Romero t  50.6 pos '568.9 -208.0 -296.0' spd 233.0 yaw 100.0 mode 2 st 0 gl 0 hp 76 frg 2
ARGLOG Carmack t  50.6 pos '540.8  45.0 -296.0' spd 337.5 yaw 166.2 mode 2 st 2 gl 2 hp 100 frg 2
ARGLOG Joe Rogan t  50.7 pos '110.5 377.3 -296.0' spd 320.9 yaw 229 mode 2 st 0 gl 4 hp 100 frg 0
ARGEVT Romero hazard
ARGEVT Carmack pursue
ARGEVT Joe Rogan hazard
ARGEVT Carmack hazard
ARGLOG Romero t  51.1 pos '443.2 -208.0 -296.0' spd 355.1 yaw 110.0 mode 2 st 0 gl 0 hp 76 frg 2
ARGLOG Carmack t  51.1 pos '525.5 109.5 -296.0' spd 188.5 yaw 187.9 mode 2 st 2 gl 2 hp 100 frg 2
ARGLOG Joe Rogan t  51.3 pos '  2.1 410.6 -296.0' spd 384.8 yaw 257 mode 2 st 0 gl 4 hp 100 frg 0
ARGLOG Romero t  51.7 pos '396.0 -56.9 -296.0' spd 315.1 yaw 40 mode 2 st 0 gl 0 hp 76 frg 2
ARGLOG Carmack t  51.7 pos '544.0 113.6 -296.0' spd  72.6 yaw  10.3 mode 2 st 2 gl 2 hp 100 frg 2
ARGEVT Romero hazard
ARGLOG Joe Rogan t  51.8 pos '-79.9 243.4 -296.0' spd 324.0 yaw 271 mode 2 st 0 gl 4 hp 100 frg 0
ARGEVT Carmack route 5 start '401.0 -887.0  24.0' goal '529.0 -311.0 -104.0'
ARGLOG Romero t  52.3 pos '400.0  16.0 -296.0' spd 0 yaw 28 mode 2 st 0 gl 0 hp 76 frg 2
ARGLOG Carmack t  52.3 pos '381.0 -864.0  24.0' spd 300 yaw 86 mode 2 st 2 gl 2 hp 100 frg 2
ARGLOG Joe Rogan t  52.4 pos '-64.0  66.1 -296.0' spd 320.6 yaw 298 mode 2 st 0 gl 4 hp 100 frg 0
ARGEVT Romero stall
ARGEVT Romero stallnode '593.0 -87.0 -296.0'
ARGEVT Romero jump
ARGLOG Romero t  52.8 pos '400.0  16.0 -282.0' spd 0 yaw 312.5 mode 0 st 1 gl 0 hp 76 frg 2
ARGLOG Carmack t  52.8 pos '327.0 -797.1  24.0' spd 339.7 yaw 75 mode 2 st 2 gl 2 hp 100 frg 2
ARGLOG Joe Rogan t  52.9 pos '-72.3 -113.2 -296.0' spd 320.2 yaw 340 mode 2 st 0 gl 4 hp 100 frg 0
ARGEVT Romero route 18 start '337.0   9.0 -296.0' goal '721.0 -887.0 -232.0'
ARGEVT Romero engage Joe Rogan
ARGLOG Romero t  53.4 pos '396.9  -3.4 -296.0' spd  43.1 yaw 232.7 mode 2 st 1 gl 0 hp 76 frg 2
ARGLOG Carmack t  53.4 pos '323.5 -620.7  24.0' spd 327.0 yaw  78.2 mode 2 st 2 gl 2 hp 100 frg 2
ARGEVT Joe Rogan engage Romero
ARGUS Joe Rogan shove
ARGLOG Joe Rogan t  53.5 pos ' 30.6 -260.9 -296.0' spd 324.3 yaw  38.9 mode 2 st 0 gl 4 hp 100 frg 0
ARGEVT Romero hazard
ARGEVT Carmack engage Romero
ARGEVT Joe Rogan hazard
ARGLOG Romero t  53.9 pos '353.0 -55.1 -296.0' spd 361.9 yaw 220.9 mode 2 st 1 gl 0 hp 76 frg 2
ARGLOG Carmack t  53.9 pos '271.5 -440.6  24.0' spd 362.1 yaw  84.1 mode 2 st 2 gl 2 hp 100 frg 2
ARGLOG Joe Rogan t  54.1 pos ' 76.8 -239.2 -296.0' spd 233.0 yaw  14.0 mode 2 st 0 gl 4 hp 100 frg 0
ARGEVT Carmack grab weapon_grenadelauncher
ARGEVT Romero grab 
ARGLOG Romero t  54.4 pos '341.1 -180.0 -296.0' spd 322.4 yaw 186.7 mode 2 st 1 gl 0 hp 76 frg 2
ARGLOG Carmack t  54.4 pos '117.5 -378.4  -8.0' spd 377.0 yaw  40.4 mode 2 st 2 gl 2 hp 100 frg 2
ARGEVT Carmack hazard
ARGEVT Carmack weapon sg
ARGLOG Joe Rogan t  54.6 pos ' 74.9 -220.5 -296.0' spd  59.7 yaw 348.4 mode 2 st 0 gl 4 hp 100 frg 0
ARGEVT Romero hazard
ARGLOG Romero t  55.0 pos '386.8 -232.4 -296.0' spd 321.0 yaw 186.5 mode 2 st 1 gl 0 hp 76 frg 2
ARGLOG Carmack t  55.0 pos '112.8 -435.1  24.0' spd  53.0 yaw  37.8 mode 2 st 2 gl 2 hp 100 frg 2
ARGLOG Joe Rogan t  55.1 pos ' 88.7 -248.9 -296.0' spd 320.2 yaw  35.9 mode 2 st 0 gl 4 hp 100 frg 0
ARGEVT Joe Rogan hazard
ARGEVT Carmack pursue
ARGLOG Romero t  55.5 pos '305.7 -223.3 -296.0' spd 209.3 yaw 181.0 mode 2 st 1 gl 0 hp 66 frg 2
ARGLOG Carmack t  55.5 pos '138.2 -413.9   8.0' spd 320.0 yaw 36 mode 2 st 2 gl 2 hp 100 frg 2
ARGLOG Joe Rogan t  55.7 pos '130.7 -218.7 -296.0' spd  84.5 yaw 355.7 mode 2 st 0 gl 4 hp 73 frg 0
ARGEVT Romero retreat
ARGEVT Romero death Carmack pos '362.0 -248.2 -273.0'
ARGUS Carmack watch spawn
ARGEVT Carmack goal item_armorInv
ARGLOG Carmack t  56.0 pos '192.2 -496.6  24.0' spd 398.5 yaw  37.4 mode 0 st 2 gl 2 hp 100 frg 3
ARGEVT Joe Rogan engage Carmack
ARGUS Joe Rogan shove
ARGEVT Joe Rogan hazard
ARGEVT Carmack engage Joe Rogan
ARGEVT Carmack route 10 start '209.0 -503.0  24.0' goal '817.0 -855.0 -232.0'
ARGEVT Joe Rogan grab 
ARGLOG Joe Rogan t  56.2 pos '230.6 -211.6 -296.0' spd 328.6 yaw 307.9 mode 2 st 0 gl 4 hp 73 frg 0
ARGLOG Carmack t  56.6 pos '376.3 -449.5  24.0' spd 320.0 yaw  97.4 mode 2 st 2 gl 2 hp 100 frg 3
ARGEVT Carmack grab weapon_lightning
ARGLOG Joe Rogan t  56.8 pos '374.4 -173.2 -296.0' spd 332.8 yaw 320.3 mode 2 st 0 gl 4 hp 73 frg 0
ARGLOG Carmack t  57.2 pos '513.3 -333.3 -62.1' spd 277.9 yaw 122.0 mode 2 st 2 gl 2 hp 100 frg 3
ARGEVT Joe Rogan hazard
ARGEVT Joe Rogan goal item_armorInv
ARGEVT Carmack grab item_armor1
ARGLOG Joe Rogan t  57.4 pos '358.1 -29.1 -296.0' spd 378.3 yaw 324.7 mode 0 st 0 gl 4 hp 73 frg 0
ARGEVT Romero respawn
ARGEVT Joe Rogan pursue
ARGEVT Romero goal weapon_rocketlauncher
ARGEVT Romero engage Carmack
ARGLOG Romero t  57.4 pos '-64.0 -232.0 -72.0' spd 0 yaw   0.9 mode 0 st 1 gl 0 hp 100 frg 2
ARGEVT Joe Rogan route 17 start '305.0 -87.0 -296.0' goal '817.0 -855.0 -232.0'
ARGUS Joe Rogan prefire
ARGEVT Carmack pursue
ARGLOG Carmack t  57.7 pos '511.2 -160.9 -104.0' spd 346.7 yaw 150 mode 2 st 2 gl 2 hp 100 frg 3
ARGEVT Romero route 9 start ' 49.0 -247.0 -72.0' goal '721.0 -887.0 -232.0'
ARGLOG Joe Rogan t  57.9 pos '401.8 -49.8 -296.0' spd 325.8 yaw 285 mode 2 st 0 gl 4 hp 73 frg 0
ARGUS Carmack hunch item_artifact_super_damage
ARGUS Joe Rogan hunch item_artifact_super_damage
ARGLOG Romero t  57.9 pos ' 52.8 -224.3 -72.0' spd 298.1 yaw  10.1 mode 2 st 1 gl 0 hp 100 frg 2
ARGEVT Carmack pursue
ARGEVT Joe Rogan goal item_armorInv
ARGEVT Carmack goal item_rockets
ARGEVT Joe Rogan pursue
ARGEVT Joe Rogan route 16 start '401.0 -183.0 -296.0' goal '817.0 -855.0 -232.0'
ARGLOG Carmack t  58.3 pos '578.2 -43.5 -104.0' spd 417.3 yaw 117.5 mode 0 st 2 gl 2 hp 92 frg 3
ARGEVT Carmack hazard
ARGEVT Carmack route 4 start '529.0 -55.0 -104.0' goal '401.0 -759.0 -104.0'
ARGLOG Joe Rogan t  58.4 pos '406.0 -221.8 -296.0' spd 337.1 yaw 299 mode 2 st 0 gl 4 hp 73 frg 0
ARGLOG Romero t  58.5 pos '162.3 -342.3 -24.0' spd 322.4 yaw  42.5 mode 2 st 1 gl 0 hp 100 frg 2
ARGEVT Romero hazard
ARGEVT Joe Rogan hazard
ARGEVT Romero grab weapon_grenadelauncher
ARGEVT Carmack pursue
ARGLOG Carmack t  58.9 pos '460.0 -67.2 -104.0' spd 303.3 yaw 200.6 mode 2 st 2 gl 2 hp 76 frg 3
ARGLOG Joe Rogan t  59.0 pos '557.6 -251.6 -296.0' spd 332.6 yaw 45 mode 2 st 0 gl 4 hp 73 frg 0
ARGEVT Joe Rogan pursue
ARGLOG Romero t  59.0 pos '112.2 -412.3   8.0' spd 198.4 yaw  40.0 mode 2 st 1 gl 0 hp 100 frg 2
ARGEVT Carmack pursue
ARGLOG Carmack t  59.4 pos '468.5 -244.2 -104.0' spd 322.3 yaw 258.9 mode 2 st 2 gl 2 hp 68 frg 3
ARGLOG Joe Rogan t  59.5 pos '650.3 -215.5 -296.0' spd 322.9 yaw 227.1 mode 2 st 0 gl 4 hp 73 frg 0
ARGLOG Romero t  59.6 pos '112.0 -432.0   8.0' spd 0 yaw  20.3 mode 2 st 1 gl 0 hp 100 frg 2
ARGLOG Carmack t  60.0 pos '422.4 -420.8 -104.0' spd 340.6 yaw 240 mode 2 st 2 gl 2 hp 52 frg 3
ARGEVT Joe Rogan engage Romero
ARGUS Joe Rogan shove
ARGLOG Joe Rogan t  60.1 pos '508.5 -222.3 -296.0' spd 123.2 yaw 177.9 mode 2 st 0 gl 4 hp 73 frg 0
ARGLOG Romero t  60.1 pos '135.7 -422.7   8.0' spd 189.7 yaw 350.3 mode 2 st 1 gl 0 hp 100 frg 2
ARGEVT Carmack engage Romero
ARGLOG Carmack t  60.5 pos '332.9 -564.3 -104.0' spd 332.4 yaw 147.2 mode 2 st 2 gl 2 hp 36 frg 3
ARGLOG Joe Rogan t  60.6 pos '529.8 -240.5 -296.0' spd 348.2 yaw 212.2 mode 2 st 0 gl 4 hp 73 frg 0
ARGEVT Joe Rogan hazard
ARGLOG Romero t  60.7 pos '113.6 -441.7  24.0' spd 320.2 yaw 327.4 mode 2 st 1 gl 0 hp 100 frg 2
ARGEVT Romero hazard
ARGEVT Carmack pursue
ARGEVT Romero pursue
ARGEVT Joe Rogan pursue
ARGLOG Carmack t  61.1 pos '295.9 -454.8 -104.0' spd 339.6 yaw 191.5 mode 2 st 2 gl 2 hp 36 frg 3
ARGLOG Joe Rogan t  61.2 pos '524.8 -272.0 -296.0' spd 321.2 yaw 181.2 mode 2 st 0 gl 4 hp 41 frg 0
ARGLOG Romero t  61.3 pos '195.3 -452.7  37.9' spd 235.8 yaw  10.1 mode 0 st 1 gl 0 hp 70 frg 2
ARGEVT Carmack grab item_health
ARGEVT Romero route 11 start '209.0 -503.0  24.0' goal '721.0 -887.0 -232.0'
ARGEVT Romero retreat
ARGEVT Romero death Carmack pos '120.6 -405.8  72.5'
ARGLOG Carmack t  61.6 pos '424.0 -481.3 -104.0' spd 318.2 yaw 211.6 mode 2 st 2 gl 2 hp 36 frg 4
ARGLOG Joe Rogan t  61.8 pos '551.5 -257.8 -296.0' spd 362.5 yaw  65.4 mode 2 st 0 gl 4 hp 41 frg 0
ARGEVT Carmack goal item_artifact_super_damage
ARGEVT Carmack routefail
ARGEVT Carmack goal item_rockets
ARGEVT Carmack route 1 start '337.0 -567.0 -104.0' goal '401.0 -759.0 -104.0'
ARGLOG Carmack t  62.2 pos '292.0 -437.9 -104.0' spd 407.1 yaw 46 mode 2 st 2 gl 2 hp 36 frg 4
ARGEVT Carmack hazard
ARGLOG Joe Rogan t  62.3 pos '630.6 -91.1 -296.0' spd 322.5 yaw 261 mode 2 st 0 gl 4 hp 41 frg 0
ARGLOG Carmack t  62.7 pos '446.6 -405.0 -104.0' spd 338.1 yaw  46.3 mode 2 st 2 gl 2 hp 36 frg 4
ARGLOG Joe Rogan t  62.8 pos '633.1  70.3 -296.0' spd 320.4 yaw 262 mode 2 st 0 gl 4 hp 41 frg 0
ARGEVT Romero respawn
ARGEVT Joe Rogan engage Romero
ARGEVT Joe Rogan weapon ng
ARGEVT Joe Rogan grab item_health
ARGEVT Romero goal weapon_rocketlauncher
ARGEVT Romero engage Joe Rogan
ARGLOG Romero t  63.2 pos '272.0 -952.0  24.0' spd 0 yaw  72.1 mode 0 st 1 gl 0 hp 100 frg 2
ARGLOG Carmack t  63.3 pos '450.4 -283.8 -104.0' spd 377.4 yaw 265 mode 2 st 2 gl 2 hp 36 frg 4
ARGEVT Carmack hazard
ARGLOG Joe Rogan t  63.4 pos '400.2 -864.0  24.0' spd 300 yaw 230.3 mode 2 st 0 gl 4 hp 41 frg 0
ARGEVT Romero route 14 start '305.0 -983.0  24.0' goal '721.0 -887.0 -232.0'
ARGLOG Romero t  63.7 pos '227.0 -885.4  24.0' spd 368.7 yaw 344.8 mode 2 st 1 gl 0 hp 100 frg 2
ARGEVT Joe Rogan weapon rl
ARGLOG Carmack t  63.8 pos '288.5 -341.2 -193.2' spd 302.9 yaw 262 mode 2 st 2 gl 2 hp 36 frg 4
ARGEVT Joe Rogan retreat
ARGUS Joe Rogan shove
ARGLOG Joe Rogan t  64.0 pos '399.8 -989.9  24.0' spd 336.5 yaw 117.1 mode 0 st 0 gl 4 hp 17 frg 0
ARGEVT Joe Rogan hazard
ARGLOG Romero t  64.2 pos '302.7 -752.0  24.0' spd 320.7 yaw 288.7 mode 2 st 1 gl 0 hp 100 frg 2
ARGEVT Carmack weapon sg
ARGEVT Carmack swim
ARGEVT Joe Rogan route 13 start '401.0 -1015.0  24.0' goal '817.0 -855.0 -232.0'
ARGLOG Carmack t  64.3 pos '220.3 -368.0 -425.0' spd  60.6 yaw 287 mode 2 st 2 gl 2 hp 8 frg 4
ARGLOG Joe Rogan t  64.5 pos '407.4 -1038.8  24.0' spd 212.7 yaw 121.0 mode 2 st 0 gl 4 hp 17 frg 0
ARGEVT Carmack death world pos '216.5 -368.0 -417.0'
ARGLOG Romero t  64.8 pos '337.9 -797.1  93.5' spd 132.9 yaw 260.9 mode 2 st 1 gl 0 hp 3 frg 2
ARGEVT Joe Rogan weapon ng
ARGLOG Joe Rogan t  65.1 pos '279.4 -977.9  24.0' spd 338.8 yaw  51.1 mode 2 st 0 gl 4 hp 1 frg 0
ARGEVT Romero death Joe Rogan pos '351.6 -844.8  50.9'
ARGUS Joe Rogan watch spawn
ARGEVT Joe Rogan weapon rl
ARGEVT Joe Rogan goal item_health
ARGEVT Joe Rogan route 2 start '209.0 -887.0  24.0' goal '369.0 -983.0 -104.0'
ARGLOG Joe Rogan t  65.6 pos '238.5 -840.3  24.0' spd 371.2 yaw 16 mode 2 st 0 gl 4 hp 1 frg 1
ARGEVT Carmack respawn
ARGLOG Joe Rogan t  66.1 pos '392.4 -874.5  24.0' spd 397.0 yaw 216.1 mode 2 st 0 gl 4 hp 1 frg 1
ARGEVT Carmack goal weapon_rocketlauncher
ARGLOG Carmack t  66.1 pos '112.0 -1136.0 -104.0' spd 0 yaw 60 mode 0 st 2 gl 2 hp 100 frg 3
ARGEVT Carmack route 18 start '145.0 -1143.0 -88.0' goal '721.0 -887.0 -232.0'
ARGEVT Romero respawn
ARGLOG Joe Rogan t  66.7 pos '253.0 -860.0  24.0' spd 385.7 yaw  31.1 mode 2 st 0 gl 4 hp 1 frg 1
ARGEVT Romero goal weapon_rocketlauncher
ARGLOG Romero t  66.7 pos '776.0 -808.0 -232.0' spd 0 yaw 122 mode 1 st 1 gl 0 hp 100 frg 2
ARGLOG Carmack t  66.7 pos '204.5 -975.8 -104.0' spd 320 yaw 28 mode 2 st 2 gl 2 hp 100 frg 3
ARGEVT Romero hazard
ARGLOG Joe Rogan t  67.2 pos '413.4 -784.0  24.0' spd 324.9 yaw 352 mode 2 st 0 gl 4 hp 1 frg 1
ARGLOG Romero t  67.2 pos '720.0 -825.8 -232.0' spd 321.1 yaw 278.8 mode 1 st 1 gl 0 hp 100 frg 2
ARGLOG Carmack t  67.2 pos '363.5 -904.3 -104.0' spd 321.2 yaw 3 mode 2 st 2 gl 2 hp 100 frg 3
ARGEVT Joe Rogan hazard
ARGEVT Romero goal item_rockets
ARGEVT Carmack goal weapon_rocketlauncher
ARGEVT Romero route 8 start '721.0 -887.0 -232.0' goal '401.0 -759.0 -104.0'
ARGEVT Carmack hazard
ARGEVT Joe Rogan route 3 start '497.0 -855.0  24.0' goal '369.0 -983.0 -104.0'
ARGEVT Romero route 6 start '337.0   9.0 -296.0' goal '401.0 -759.0 -104.0'
ARGLOG Joe Rogan t  67.8 pos '624.0  36.0 -293.0' spd 300 yaw 259.0 mode 0 st 0 gl 4 hp 1 frg 1
ARGEVT Romero goal 
ARGLOG Romero t  67.8 pos '368.0 -19.6 -295.5' spd 300 yaw 255 mode 0 st 1 gl 1 hp 100 frg 2
ARGLOG Carmack t  67.8 pos '464.0 -810.2 -104.0' spd 320.8 yaw 104.7 mode 0 st 2 gl 2 hp 100 frg 3
ARGEVT Joe Rogan route 5 start '625.0   9.0 -296.0' goal '369.0 -983.0 -104.0'
ARGEVT Romero route 2 start '337.0   9.0 -296.0' goal '273.0 -375.0 -296.0'
ARGLOG Joe Rogan t  68.3 pos '624.0  15.3 -296.0' spd 300 yaw 262 mode 2 st 0 gl 4 hp 1 frg 1
ARGLOG Romero t  68.3 pos '359.3 -72.6 -296.0' spd 334.7 yaw 255 mode 2 st 1 gl 1 hp 100 frg 2
ARGLOG Carmack t  68.3 pos '357.4 -745.0 -104.0' spd 253.5 yaw  31.8 mode 0 st 2 gl 2 hp 100 frg 3
ARGEVT Carmack route 8 start '401.0 -759.0 -104.0' goal ' 49.0 105.0 -296.0'
ARGEVT Romero hazard
ARGLOG Joe Rogan t  68.9 pos '420.6 -864.0  34.6' spd 300 yaw 358.0 mode 2 st 0 gl 4 hp 1 frg 1
ARGLOG Romero t  68.9 pos '299.0 -221.8 -296.0' spd 320.5 yaw 239.5 mode 2 st 1 gl 1 hp 100 frg 2
ARGEVT Romero jump
ARGLOG Carmack t  68.9 pos '366.7 -579.5 -104.0' spd 321.8 yaw 76 mode 2 st 2 gl 2 hp 100 frg 3
ARGEVT Romero abandon
ARGEVT Romero goal weapon_supernailgun
ARGEVT Romero route 5 start '273.0 -375.0 -296.0' goal '177.0 -55.0 -104.0'
ARGLOG Joe Rogan t  69.4 pos '399.3 -864.0  24.0' spd 300 yaw 209 mode 2 st 0 gl 4 hp 1 frg 1
ARGLOG Romero t  69.4 pos '335.1 -368.0 -277.9' spd 161.3 yaw 108 mode 2 st 1 gl 1 hp 100 frg 2
ARGLOG Carmack t  69.4 pos '432.0 -438.1 -104.0' spd 113.4 yaw 111 mode 2 st 2 gl 2 hp 100 frg 3
ARGEVT Romero swim
ARGLOG Joe Rogan t  69.9 pos '376.6 -1017.0  24.0' spd 325.7 yaw 242.6 mode 2 st 0 gl 4 hp 1 frg 1
ARGLOG Romero t  69.9 pos '381.9 -368.0 -396.8' spd  97.0 yaw 120 mode 2 st 1 gl 1 hp 94 frg 2
ARGLOG Carmack t  69.9 pos '606.4 -395.9 -104.0' spd 395.9 yaw 274.6 mode 2 st 2 gl 2 hp 100 frg 3
ARGEVT Romero engage Carmack
ARGEVT Carmack engage Romero
ARGEVT Joe Rogan hazard
ARGUS Romero shove
ARGLOG Joe Rogan t  70.5 pos '279.5 -1106.2  14.8' spd 198.4 yaw 54 mode 2 st 0 gl 4 hp 1 frg 1
ARGLOG Romero t  70.5 pos '318.7 -368.0 -396.4' spd  54.8 yaw  39.8 mode 2 st 1 gl 1 hp 86 frg 2
ARGLOG Carmack t  70.5 pos '449.2 -240.0 -296.0' spd 300 yaw 220.2 mode 2 st 2 gl 2 hp 100 frg 3
ARGEVT Carmack hazard
ARGEVT Romero weapon sg
ARGLOG Joe Rogan t  71.0 pos '174.3 -1081.9 -104.0' spd 343.8 yaw  72.5 mode 2 st 0 gl 4 hp 1 frg 1
ARGLOG Romero t  71.0 pos '383.8 -368.0 -406.8' spd   1.0 yaw  76.2 mode 2 st 1 gl 1 hp 63 frg 2
ARGLOG Carmack t  71.0 pos '399.4 -234.7 -296.0' spd 320.1 yaw 261.6 mode 2 st 2 gl 2 hp 100 frg 3
ARGLOG Joe Rogan t  71.6 pos '300.6 -956.3 -104.0' spd 339.3 yaw 343 mode 1 st 0 gl 4 hp 1 frg 1
ARGLOG Romero t  71.6 pos '334.5 -368.0 -403.0' spd   7.6 yaw  73.3 mode 2 st 1 gl 1 hp 51 frg 2
ARGLOG Carmack t  71.6 pos '381.2 -232.7 -296.0' spd 320.2 yaw 250.1 mode 2 st 2 gl 2 hp 100 frg 3
ARGEVT Romero weapon rl
ARGEVT Romero retreat
ARGEVT Carmack hazard
ARGEVT Romero pursue
ARGEVT Carmack pursue
ARGLOG Joe Rogan t  72.1 pos '459.2 -881.5 -104.0' spd 371.2 yaw 103 mode 1 st 0 gl 4 hp 31 frg 1
ARGLOG Romero t  72.1 pos '424.1 -349.0 -402.7' spd 203.0 yaw 175.3 mode 2 st 1 gl 1 hp 11 frg 2
ARGLOG Carmack t  72.1 pos '287.2 -261.0 -296.0' spd 320.6 yaw 325.1 mode 2 st 2 gl 2 hp 76 frg 3
ARGEVT Romero death world pos '432.0 -343.9 -402.7'
ARGLOG Joe Rogan t  72.7 pos '342.5 -771.8 -104.0' spd 413.4 yaw 262.7 mode 1 st 0 gl 4 hp 31 frg 1
ARGLOG Carmack t  72.7 pos '151.0 -207.2 -296.0' spd 318.2 yaw  47.5 mode 2 st 2 gl 2 hp 24 frg 3
ARGEVT Carmack hazard
ARGLOG Joe Rogan t  73.3 pos '321.8 -964.8 -104.0' spd 337.7 yaw 255 mode 1 st 0 gl 4 hp 31 frg 1
ARGLOG Carmack t  73.3 pos '265.9 -208.7 -296.0' spd 368.5 yaw 321 mode 2 st 2 gl 2 hp 24 frg 3
ARGEVT Joe Rogan hazard
ARGEVT Romero respawn
ARGEVT Carmack route 5 start '401.0 -279.0 -296.0' goal ' 49.0 105.0 -296.0'
ARGLOG Joe Rogan t  73.8 pos '330.5 -1040.0 -104.0' spd 320.2 yaw  16.9 mode 1 st 0 gl 4 hp 31 frg 1
ARGEVT Romero goal item_armor2
ARGLOG Romero t  73.8 pos '784.0 -176.0  24.0' spd 0 yaw 186 mode 0 st 1 gl 1 hp 100 frg 1
ARGLOG Carmack t  73.8 pos '432.0 -278.4 -296.0' spd   1.6 yaw 181 mode 2 st 2 gl 2 hp 24 frg 3
ARGEVT Romero route 5 start '753.0 -151.0  24.0' goal '1169.0 -599.0  24.0'
ARGEVT Carmack hazard
ARGLOG Joe Rogan t  74.4 pos '446.8 -905.8 -104.0' spd 353.4 yaw 129.7 mode 1 st 0 gl 4 hp 46 frg 1
ARGLOG Romero t  74.4 pos '613.0 -194.0  24.0' spd 320 yaw 186 mode 2 st 1 gl 1 hp 100 frg 1
ARGLOG Carmack t  74.4 pos '415.4 -213.1 -296.0' spd 338.3 yaw 229.4 mode 2 st 2 gl 2 hp 24 frg 3
ARGEVT Romero engage Carmack
ARGEVT Carmack engage Romero
ARGEVT Carmack retreat
ARGLOG Joe Rogan t  74.9 pos '294.8 -887.6 -104.0' spd 421.3 yaw 307.9 mode 1 st 0 gl 4 hp 46 frg 1
ARGLOG Romero t  74.9 pos '418.7 -229.8 -62.1' spd 321.2 yaw 190.9 mode 0 st 1 gl 1 hp 100 frg 1
ARGLOG Carmack t  74.9 pos '239.0 -235.2 -296.0' spd 327.5 yaw   6.1 mode 2 st 2 gl 2 hp 24 frg 3
ARGEVT Romero route 6 start '561.0 -279.0  24.0' goal '1169.0 -599.0  24.0'
ARGEVT Carmack death Romero pos '185.3 -207.6 -296.0'
ARGUS Romero watch spawn
ARGEVT Romero goal weapon_rocketlauncher
ARGEVT Romero route 4 start '273.0 -183.0 -296.0' goal ' 49.0 105.0 -296.0'
ARGEVT Joe Rogan hazard
ARGEVT Romero hazard
ARGLOG Joe Rogan t  75.5 pos '358.8 -1036.8 -104.0' spd 320.0 yaw  15.8 mode 1 st 0 gl 4 hp 46 frg 1
ARGLOG Romero t  75.5 pos '250.7 -261.0 -296.0' spd 374.5 yaw 176 mode 2 st 1 gl 1 hp 100 frg 2
ARGLOG Joe Rogan t  76.1 pos '464.0 -924.3 -104.0' spd 319.4 yaw  75.0 mode 1 st 0 gl 4 hp 46 frg 1
ARGLOG Romero t  76.1 pos ' 64.5 -243.7 -296.0' spd 321.2 yaw 92 mode 2 st 1 gl 1 hp 100 frg 2
ARGLOG Joe Rogan t  76.6 pos '372.9 -797.2 -104.0' spd 403.7 yaw 235.4 mode 1 st 0 gl 4 hp 46 frg 1
ARGLOG Romero t  76.6 pos '-60.1 -138.7 -296.0' spd 331.0 yaw 65 mode 2 st 1 gl 1 hp 100 frg 2
ARGEVT Carmack respawn
ARGEVT Romero engage Carmack
ARGEVT Carmack goal weapon_rocketlauncher
ARGEVT Carmack engage Romero
ARGLOG Carmack t  76.7 pos '-64.0 512.0 -296.0' spd 0 yaw 262.8 mode 0 st 2 gl 2 hp 100 frg 3
ARGEVT Carmack route 4 start '-15.0 553.0 -296.0' goal ' 49.0 105.0 -296.0'
ARGEVT Carmack grab item_health
ARGLOG Joe Rogan t  77.1 pos '315.4 -973.4 -104.0' spd 323.2 yaw 264.8 mode 1 st 0 gl 4 hp 46 frg 1
ARGLOG Romero t  77.1 pos '-16.0  19.9 -296.0' spd 389.9 yaw  91.0 mode 2 st 1 gl 1 hp 100 frg 2
ARGUS routecache adopt
ARGEVT Carmack route 4 start '-15.0 553.0 -296.0' goal ' 49.0 105.0 -296.0'
ARGEVT Joe Rogan hazard
ARGEVT Romero grab weapon_rocketlauncher
ARGLOG Carmack t  77.3 pos '-48.1 565.3 -296.0' spd 294.9 yaw 281.6 mode 2 st 2 gl 2 hp 200 frg 3
ARGEVT Carmack goal weapon_supernailgun
ARGEVT Romero goal 
ARGUS Romero shove
ARGLOG Joe Rogan t  77.7 pos '197.0 -1031.0 -104.0' spd 357.5 yaw 114.5 mode 1 st 0 gl 4 hp 46 frg 1
ARGLOG Romero t  77.7 pos ' 81.7  98.1 -296.0' spd 169.8 yaw 100.8 mode 0 st 1 gl 2 hp 88 frg 2
ARGEVT Carmack routefail
ARGEVT Carmack goal 
ARGEVT Carmack route 6 start '-111.0 585.0 -296.0' goal '145.0 -183.0 -296.0'
ARGEVT Romero route 5 start ' 49.0 105.0 -296.0' goal '401.0 -279.0 -296.0'
ARGLOG Carmack t  77.9 pos '-57.8 602.4 -296.0' spd  93.0 yaw 278.0 mode 2 st 2 gl 2 hp 200 frg 3
ARGLOG Joe Rogan t  78.2 pos '245.2 -881.3 -104.0' spd 390.8 yaw 328 mode 1 st 0 gl 4 hp 46 frg 1
ARGLOG Romero t  78.2 pos '-97.3  65.3 -296.0' spd 324.9 yaw  67.9 mode 2 st 1 gl 2 hp 68 frg 2
ARGLOG Carmack t  78.4 pos '-22.9 571.5 -296.0' spd 320.9 yaw 258.9 mode 2 st 2 gl 2 hp 200 frg 3
ARGLOG Joe Rogan t  78.8 pos '431.6 -904.5 -104.0' spd 320.0 yaw 350 mode 1 st 0 gl 4 hp 46 frg 1
ARGLOG Romero t  78.8 pos '-35.7  59.2 -296.0' spd 297.4 yaw  99.0 mode 2 st 1 gl 2 hp 48 frg 2
ARGEVT Joe Rogan hazard
ARGEVT Romero hazard
ARGLOG Carmack t  79.0 pos '-31.4 618.6 -296.0' spd 322.2 yaw 278.0 mode 2 st 2 gl 2 hp 200 frg 3
ARGLOG Joe Rogan t  79.3 pos '452.5 -917.8 -104.0' spd 343.6 yaw 210.5 mode 1 st 0 gl 4 hp 46 frg 1
ARGLOG Romero t  79.3 pos ' 85.4  98.7 -296.0' spd 170.5 yaw 125.0 mode 2 st 1 gl 2 hp 44 frg 2
ARGEVT Romero retreat
ARGLOG Carmack t  79.5 pos '-80.6 573.2 -296.0' spd 321.1 yaw 283.0 mode 2 st 2 gl 2 hp 200 frg 3
ARGLOG Joe Rogan t  79.9 pos '294.9 -1025.0 -104.0' spd 322.1 yaw 211.3 mode 1 st 0 gl 4 hp 46 frg 1
ARGLOG Romero t  79.9 pos ' 97.0  52.5 -296.0' spd 238.4 yaw 105.5 mode 2 st 1 gl 2 hp 24 frg 2
ARGEVT Romero hazard
ARGLOG Carmack t  80.1 pos '-36.7 608.6 -253.3' spd  67.2 yaw 288.1 mode 2 st 2 gl 2 hp 80 frg 3
ARGUS Romero shove
ARGLOG Joe Rogan t  80.5 pos '147.1 -971.0 -104.0' spd 415.2 yaw  32.4 mode 1 st 0 gl 4 hp 46 frg 1
ARGLOG Romero t  80.5 pos ' 89.2  50.7 -296.0' spd  13.8 yaw 126.1 mode 2 st 1 gl 2 hp 24 frg 2
ARGEVT Carmack death Romero pos '-100.2 581.1 -296.0'
ARGEVT Romero goal item_health
ARGEVT Romero route 7 start ' 49.0 105.0 -296.0' goal '529.0  73.0 -296.0'
ARGLOG Joe Rogan t  81.0 pos '324.0 -910.7 -104.0' spd 320.0 yaw 6 mode 1 st 0 gl 4 hp 46 frg 1
ARGLOG Romero t  81.0 pos '111.4  97.3 -296.0' spd 272.0 yaw 233 mode 2 st 1 gl 2 hp 24 frg 3
ARGEVT Romero hazard
ARGEVT Joe Rogan hazard
ARGLOG Joe Rogan t  81.6 pos '464.0 -923.6 -104.0' spd  52.2 yaw  71.7 mode 1 st 0 gl 4 hp 46 frg 1
ARGLOG Romero t  81.6 pos '-37.7  96.3 -296.0' spd 327.1 yaw 105.8 mode 2 st 1 gl 2 hp 24 frg 3
ARGEVT Carmack respawn
ARGEVT Carmack goal weapon_lightning
ARGLOG Carmack t  82.1 pos '-64.0 -232.0 -72.0' spd 0 yaw 354 mode 0 st 2 gl 2 hp 100 frg 3
ARGEVT Carmack route 5 start '-47.0 -215.0 -72.0' goal '529.0 -311.0 -104.0'
ARGLOG Joe Rogan t  82.1 pos '354.7 -805.2 -104.0' spd 408.9 yaw 250.3 mode 1 st 0 gl 4 hp 46 frg 1
ARGLOG Romero t  82.1 pos '-82.8 234.5 -296.0' spd 343.1 yaw 80 mode 0 st 1 gl 2 hp 24 frg 3
ARGEVT Romero hazard
ARGEVT Romero route 8 start '-47.0 329.0 -296.0' goal '529.0  73.0 -296.0'
ARGLOG Carmack t  82.6 pos '104.7 -208.0 -72.0' spd 306.3 yaw 316 mode 2 st 2 gl 2 hp 100 frg 3
ARGLOG Joe Rogan t  82.7 pos '323.2 -994.0 -104.0' spd 326.0 yaw 271.0 mode 1 st 0 gl 4 hp 46 frg 1
ARGLOG Romero t  82.7 pos '-74.0 411.9 -296.0' spd 326.1 yaw 78 mode 2 st 1 gl 2 hp 24 frg 3
ARGEVT Joe Rogan hazard
ARGLOG Carmack t  83.2 pos '256.8 -351.9 -103.0' spd 392.6 yaw 312 mode 2 st 2 gl 2 hp 100 frg 3
ARGLOG Joe Rogan t  83.3 pos '181.4 -1015.0 -104.0' spd 375.8 yaw  91.5 mode 1 st 0 gl 4 hp 46 frg 1
ARGLOG Romero t  83.3 pos '-22.0 585.3 -296.0' spd 371.3 yaw 354.3 mode 0 st 1 gl 2 hp 24 frg 3
ARGEVT Romero hazard
ARGEVT Romero route 9 start '-15.0 553.0 -296.0' goal '529.0  73.0 -296.0'
ARGLOG Carmack t  83.8 pos '244.2 -368.0 -351.8' spd  30.1 yaw 328 mode 2 st 2 gl 2 hp 100 frg 3
ARGLOG Joe Rogan t  83.8 pos '277.0 -882.5 -104.0' spd 367.6 yaw 322.0 mode 1 st 0 gl 4 hp 46 frg 1
ARGLOG Romero t  83.8 pos ' -5.6 490.5 -296.0' spd 323.3 yaw 262 mode 2 st 1 gl 2 hp 24 frg 3
ARGEVT Carmack swim
ARGEVT Romero hazard
ARGLOG Carmack t  84.3 pos '149.9 -368.0 -394.6' spd 253.4 yaw 346 mode 2 st 2 gl 2 hp 40 frg 3
ARGLOG Joe Rogan t  84.4 pos '459.4 -904.2 -104.0' spd 327.0 yaw   6.8 mode 1 st 0 gl 4 hp 46 frg 1
ARGEVT Joe Rogan hazard
ARGLOG Romero t  84.4 pos ' 62.5 418.0 -296.0' spd 139.4 yaw 244 mode 2 st 1 gl 2 hp 24 frg 3
ARGEVT Carmack death world pos '112.0 -368.0 -394.4'
ARGLOG Joe Rogan t  84.9 pos '444.4 -963.4 -104.0' spd 368.1 yaw 189.2 mode 1 st 0 gl 4 hp 46 frg 1
ARGLOG Romero t  84.9 pos '-32.8 412.5 -296.0' spd 384.3 yaw 268 mode 2 st 1 gl 2 hp 24 frg 3
ARGEVT Joe Rogan abandon
ARGEVT Joe Rogan goal item_armorInv
ARGLOG Joe Rogan t  85.5 pos '272.6 -1036.6 -104.0' spd 344.9 yaw 129.7 mode 0 st 0 gl 4 hp 46 frg 1
ARGLOG Romero t  85.5 pos '-73.6 229.9 -296.0' spd 321.3 yaw 270 mode 2 st 1 gl 2 hp 24 frg 3
ARGEVT Joe Rogan route 19 start '273.0 -1015.0 -104.0' goal '817.0 -855.0 -232.0'
ARGLOG Joe Rogan t  86.0 pos '120.2 -920.4 -104.0' spd 385.8 yaw 282 mode 2 st 0 gl 4 hp 46 frg 1
ARGLOG Romero t  86.0 pos '-62.1  51.4 -296.0' spd 320.3 yaw 298 mode 2 st 1 gl 2 hp 24 frg 3
ARGEVT Joe Rogan hazard
ARGEVT Carmack respawn
ARGEVT Carmack goal weapon_lightning
ARGLOG Carmack t  86.2 pos '272.0 -952.0  24.0' spd 0 yaw  19.8 mode 0 st 2 gl 2 hp 100 frg 2
ARGEVT Carmack route 6 start '305.0 -983.0  24.0' goal '529.0 -311.0 -104.0'
ARGLOG Joe Rogan t  86.6 pos '147.6 -1083.2 -104.0' spd 320.0 yaw 316 mode 2 st 0 gl 4 hp 46 frg 1
ARGLOG Romero t  86.6 pos '-71.8 -126.7 -296.0' spd 328.1 yaw 341 mode 2 st 1 gl 2 hp 24 frg 3
ARGLOG Carmack t  86.8 pos '349.8 -802.8  24.0' spd 324.4 yaw 80 mode 2 st 2 gl 2 hp 100 frg 2
ARGLOG Joe Rogan t  87.2 pos '231.2 -1215.0 -56.0' spd 320.0 yaw 72 mode 2 st 0 gl 4 hp 46 frg 1
ARGLOG Romero t  87.2 pos ' 51.2 -260.3 -296.0' spd 335.1 yaw 4 mode 2 st 1 gl 2 hp 24 frg 3
ARGEVT Joe Rogan engage Carmack
ARGLOG Carmack t  87.3 pos '325.6 -624.7  24.0' spd 345.0 yaw 75 mode 2 st 2 gl 2 hp 100 frg 2
ARGLOG Joe Rogan t  87.7 pos '344.7 -1083.1  24.0' spd 324.6 yaw  82.7 mode 2 st 0 gl 4 hp 46 frg 1
ARGLOG Romero t  87.7 pos '228.1 -272.6 -296.0' spd 320.0 yaw 8 mode 2 st 1 gl 2 hp 24 frg 3
ARGEVT Romero engage Carmack
ARGEVT Romero hazard
ARGEVT Carmack engage Romero
ARGEVT Carmack grab 
ARGUS Joe Rogan shove
ARGLOG Carmack t  87.9 pos '384.6 -457.9  24.0' spd 294.8 yaw 123.5 mode 2 st 2 gl 2 hp 100 frg 2
ARGEVT Romero route 6 start '209.0 -183.0 -296.0' goal '529.0  73.0 -296.0'
ARGLOG Joe Rogan t  88.3 pos '372.9 -905.9  24.0' spd 360.2 yaw 112.6 mode 2 st 0 gl 4 hp 46 frg 1
ARGLOG Romero t  88.3 pos '189.6 -220.3 -296.0' spd 242.9 yaw 256.7 mode 2 st 1 gl 2 hp 24 frg 3
ARGEVT Romero death Carmack pos '147.9 -211.7 -296.0'
ARGUS Carmack watch spawn
ARGEVT Carmack goal weapon_lightning
ARGLOG Carmack t  88.4 pos '208.0 -336.6 -86.7' spd 190.0 yaw 252.8 mode 0 st 2 gl 2 hp 100 frg 3
ARGEVT Carmack route 3 start '209.0 -375.0 -104.0' goal '529.0 -311.0 -104.0'
ARGEVT Joe Rogan hazard
ARGLOG Joe Rogan t  88.8 pos '474.9 -752.8  24.0' spd 354.6 yaw  95.8 mode 2 st 0 gl 4 hp 46 frg 1
ARGEVT Carmack swim
ARGLOG Carmack t  89.0 pos '215.0 -356.1 -394.1' spd  86.6 yaw 349.8 mode 2 st 2 gl 2 hp 80 frg 3
ARGEVT Joe Rogan pursue
ARGLOG Joe Rogan t  89.4 pos '304.0 -686.6  24.0' spd 296.1 yaw 98 mode 2 st 0 gl 4 hp 46 frg 1
ARGLOG Carmack t  89.6 pos '276.8 -312.4 -393.8' spd 192.5 yaw 129 mode 2 st 2 gl 2 hp 20 frg 3
ARGUS Joe Rogan prefire
ARGEVT Carmack death world pos '263.3 -274.6 -393.7'
ARGLOG Joe Rogan t  89.9 pos '297.9 -506.3  24.0' spd 329.7 yaw 116 mode 2 st 0 gl 4 hp 46 frg 1
ARGEVT Romero respawn
ARGEVT Romero goal weapon_lightning
ARGLOG Romero t  90.0 pos '112.0 -1136.0 -104.0' spd 0 yaw 63 mode 0 st 1 gl 2 hp 100 frg 3
ARGEVT Romero route 6 start '145.0 -1143.0 -88.0' goal '529.0 -311.0 -104.0'
ARGLOG Joe Rogan t  90.5 pos '227.3 -319.9 -39.5' spd 324.3 yaw 350 mode 2 st 0 gl 4 hp 46 frg 1
ARGLOG Romero t  90.6 pos '199.5 -986.7 -104.0' spd 345.7 yaw 88 mode 2 st 1 gl 2 hp 100 frg 3
ARGLOG Joe Rogan t  91.0 pos '339.8 -250.1 -296.0' spd 275.8 yaw 220.0 mode 2 st 0 gl 4 hp 46 frg 1
ARGEVT Joe Rogan hazard
ARGLOG Romero t  91.1 pos '228.3 -808.5 -104.0' spd 320.4 yaw 91 mode 2 st 1 gl 2 hp 100 frg 3
ARGEVT Romero hazard
ARGEVT Carmack respawn
ARGEVT Carmack goal weapon_rocketlauncher
ARGLOG Carmack t  91.4 pos '776.0 -808.0 -232.0' spd 0 yaw 109.8 mode 1 st 2 gl 2 hp 100 frg 2
ARGLOG Joe Rogan t  91.6 pos '331.2 -278.9 -296.0' spd 349.1 yaw 335 mode 2 st 0 gl 4 hp 41 frg 1
ARGLOG Romero t  91.7 pos '259.0 -754.9 -104.0' spd 322.1 yaw 351 mode 2 st 1 gl 2 hp 100 frg 3
ARGEVT Carmack hazard
ARGLOG Carmack t  91.9 pos '721.9 -743.2 -216.0' spd 323.9 yaw 235.0 mode 1 st 2 gl 2 hp 100 frg 2
ARGLOG Joe Rogan t  92.2 pos '516.3 -255.2 -296.0' spd 331.2 yaw 277 mode 2 st 0 gl 4 hp 41 frg 1
ARGEVT Joe Rogan hazard
ARGLOG Romero t  92.2 pos '436.1 -776.3 -104.0' spd 320.0 yaw 330.5 mode 2 st 1 gl 2 hp 100 frg 3
ARGEVT Romero hazard
ARGLOG Carmack t  92.5 pos '804.8 -892.0 -232.0' spd 407.6 yaw  53.0 mode 1 st 2 gl 2 hp 100 frg 2
ARGLOG Joe Rogan t  92.7 pos '630.3 -263.3 -296.0' spd 305.2 yaw 228 mode 2 st 0 gl 4 hp 41 frg 1
ARGLOG Romero t  92.8 pos '431.7 -938.1 -104.0' spd 320.2 yaw 265.7 mode 2 st 1 gl 2 hp 100 frg 3
ARGLOG Carmack t  93.0 pos '758.8 -740.9 -216.0' spd 400.2 yaw 220 mode 1 st 2 gl 2 hp 100 frg 2
ARGEVT Carmack hazard
ARGLOG Joe Rogan t  93.3 pos '488.9 -266.9 -296.0' spd 294.4 yaw 291 mode 2 st 0 gl 4 hp 41 frg 1
ARGEVT Joe Rogan hazard
ARGLOG Romero t  93.3 pos '463.3 -920.9 -104.0' spd 331.9 yaw 109 mode 2 st 1 gl 2 hp 100 frg 3
ARGLOG Carmack t  93.6 pos '790.1 -888.7 -232.0' spd 400.1 yaw 359.5 mode 1 st 2 gl 2 hp 100 frg 2
ARGLOG Joe Rogan t  93.8 pos '571.4 -272.0 -296.0' spd 234.3 yaw 248 mode 2 st 0 gl 4 hp 41 frg 1
ARGEVT Romero hazard
ARGLOG Romero t  93.9 pos '401.4 -758.6 -104.0' spd 335.9 yaw  72.1 mode 2 st 1 gl 2 hp 100 frg 3
ARGLOG Carmack t  94.2 pos '801.3 -758.9 -232.0' spd 367.3 yaw 180.0 mode 1 st 2 gl 2 hp 100 frg 2
ARGLOG Joe Rogan t  94.3 pos '620.9 -272.0 -296.0' spd 208.1 yaw 229 mode 2 st 0 gl 4 hp 41 frg 1
ARGEVT Joe Rogan hazard
ARGEVT Carmack hazard
ARGLOG Romero t  94.4 pos '459.4 -761.3 -104.0' spd 327.8 yaw 97 mode 2 st 1 gl 2 hp 100 frg 3
ARGLOG Carmack t  94.7 pos '748.5 -862.5 -232.0' spd 374.6 yaw 359.2 mode 1 st 2 gl 2 hp 100 frg 2
ARGLOG Joe Rogan t  94.9 pos '449.5 -266.1 -296.0' spd 234.4 yaw 307 mode 2 st 0 gl 4 hp 41 frg 1
ARGLOG Romero t  95.0 pos '369.4 -752.0 -104.0' spd 295.7 yaw 85 mode 2 st 1 gl 2 hp 100 frg 3
ARGLOG Carmack t  95.3 pos '828.9 -792.3 -232.0' spd 329.5 yaw 137.1 mode 1 st 2 gl 2 hp 100 frg 2
ARGLOG Joe Rogan t  95.5 pos '361.5 -265.4 -296.0' spd 157.3 yaw 327 mode 2 st 0 gl 4 hp 41 frg 1
ARGEVT Joe Rogan hazard
ARGLOG Romero t  95.5 pos '323.3 -578.9 -104.0' spd 325.6 yaw 52 mode 2 st 1 gl 2 hp 100 frg 3
ARGEVT Carmack hazard
ARGLOG Carmack t  95.8 pos '721.9 -812.1 -232.0' spd 327.1 yaw 306.4 mode 1 st 2 gl 2 hp 100 frg 2
ARGLOG Joe Rogan t  96.0 pos '506.1 -249.5 -296.0' spd 354.9 yaw 281 mode 2 st 0 gl 4 hp 41 frg 1
ARGLOG Romero t  96.1 pos '381.8 -408.9 -104.0' spd 343.8 yaw 35 mode 1 st 1 gl 2 hp 100 frg 3
ARGLOG Carmack t  96.4 pos '846.8 -824.1 -232.0' spd 333.8 yaw 110.2 mode 1 st 2 gl 2 hp 100 frg 2
ARGLOG Joe Rogan t  96.6 pos '619.3 -259.3 -296.0' spd  86.7 yaw 207 mode 2 st 0 gl 4 hp 41 frg 1
ARGEVT Joe Rogan hazard
ARGLOG Romero t  96.6 pos '527.4 -304.8 -104.0' spd 332.5 yaw   2.4 mode 1 st 1 gl 2 hp 100 frg 3
ARGEVT Romero goal 
ARGEVT Romero route 5 start '529.0 -311.0 -104.0' goal '209.0 -183.0 -296.0'
ARGLOG Carmack t  96.9 pos '777.5 -680.9 -184.0' spd 324.5 yaw 123 mode 1 st 2 gl 2 hp 100 frg 2
ARGEVT Carmack hazard
ARGLOG Joe Rogan t  97.1 pos '451.2 -270.7 -296.0' spd 252.3 yaw 307 mode 2 st 0 gl 4 hp 41 frg 1
ARGLOG Romero t  97.2 pos '599.7 -173.5 -104.0' spd 381.4 yaw 205 mode 2 st 1 gl 3 hp 100 frg 3
ARGLOG Carmack t  97.5 pos '752.0 -629.7 -144.6' spd 289.2 yaw 274 mode 1 st 2 gl 2 hp 100 frg 2
ARGEVT Romero hazard
ARGLOG Joe Rogan t  97.7 pos '479.1 -264.4 -296.0' spd 357.8 yaw 295 mode 2 st 0 gl 4 hp 41 frg 1
ARGEVT Joe Rogan hazard
ARGLOG Romero t  97.7 pos '472.2 -246.4 -104.0' spd 340.0 yaw 198 mode 2 st 1 gl 3 hp 100 frg 3
ARGLOG Carmack t  98.0 pos '751.0 -798.7 -232.0' spd 346.3 yaw 217.1 mode 1 st 2 gl 2 hp 100 frg 2
ARGEVT Carmack hazard
ARGLOG Joe Rogan t  98.2 pos '611.4 -272.0 -296.0' spd 264.6 yaw 232 mode 2 st 0 gl 4 hp 41 frg 1
ARGLOG Romero t  98.3 pos '420.2 -398.1 -104.0' spd 324.8 yaw 193.6 mode 2 st 1 gl 3 hp 100 frg 3
ARGEVT Carmack goal 
ARGEVT Carmack route 4 start '721.0 -887.0 -232.0' goal '401.0 -279.0 -296.0'
ARGUS routecache adopt
ARGEVT Carmack route 4 start '721.0 -887.0 -232.0' goal '401.0 -279.0 -296.0'
ARGLOG Carmack t  98.6 pos '720.0 -855.5 -232.0' spd 323.2 yaw 109 mode 2 st 2 gl 3 hp 100 frg 2
ARGLOG Joe Rogan t  98.8 pos '542.3 -272.0 -296.0' spd 331.6 yaw 263 mode 2 st 0 gl 4 hp 41 frg 1
ARGEVT Joe Rogan hazard
ARGEVT Carmack route 5 start '721.0 -759.0 -232.0' goal '401.0 -279.0 -296.0'
ARGLOG Romero t  98.8 pos '401.3 -528.0 -104.0' spd 319.7 yaw 110 mode 2 st 1 gl 3 hp 100 frg 3
ARGEVT Romero hazard
ARGLOG Carmack t  99.1 pos '726.8 -720.0 -216.0' spd 169.2 yaw 113 mode 2 st 2 gl 3 hp 100 frg 2
ARGEVT Carmack hazard
ARGLOG Joe Rogan t  99.3 pos '409.4 -256.9 -296.0' spd 176.5 yaw 316 mode 2 st 0 gl 4 hp 41 frg 1
ARGLOG Romero t  99.4 pos '431.1 -376.6 -104.0' spd 338.8 yaw  50.1 mode 2 st 1 gl 3 hp 100 frg 3
ARGLOG Carmack t  99.7 pos '723.6 -741.1 -216.0' spd 239.9 yaw 112 mode 2 st 2 gl 3 hp 100 frg 2
ARGEVT Joe Rogan hazard
ARGLOG Joe Rogan t  99.9 pos '318.5 -262.4 -296.0' spd 134.8 yaw 332 mode 2 st 0 gl 4 hp 41 frg 1
ARGLOG Romero t  99.9 pos '602.3 -381.1 -104.0' spd 350.2 yaw 289 mode 2 st 1 gl 3 hp 100 frg 3
ARGEVT Joe Rogan engage Romero
ARGEVT Joe Rogan weapon ssg
ARGEVT Romero engage Joe Rogan
ARGLOG Carmack t 100.2 pos '720.0 -878.8 -232.0' spd 329.4 yaw 229.7 mode 0 st 2 gl 3 hp 100 frg 2
ARGEVT Romero grab 
ARGEVT Carmack hazard
ARGLOG Joe Rogan t 100.4 pos '499.5 -261.2 -296.0' spd 410.0 yaw 136.2 mode 2 st 0 gl 4 hp 41 frg 1
ARGEVT Carmack engage Romero
ARGUS Carmack shove
ARGEVT Carmack grab weapon_nailgun
ARGLOG Romero t 100.5 pos '450.4 -240.0 -296.0' spd 300 yaw 352.4 mode 1 st 1 gl 3 hp 100 frg 3
ARGUS routecache adopt
ARGEVT Carmack route 2 start '337.0   9.0 -296.0' goal '401.0 -279.0 -296.0'
ARGLOG Carmack t 100.8 pos '368.0 -36.7 -296.0' spd 300 yaw 271.5 mode 2 st 2 gl 3 hp 100 frg 2
ARGEVT Joe Rogan weapon rl
ARGLOG Joe Rogan t 101.0 pos '610.7 -152.3 -296.0' spd 350.7 yaw 197.3 mode 2 st 0 gl 4 hp 41 frg 1
ARGLOG Romero t 101.0 pos '399.2 -229.5 -296.0' spd 320.0 yaw  30.2 mode 1 st 1 gl 3 hp 60 frg 3
ARGEVT Carmack weapon ng
ARGEVT Romero pursue
