LOG started on: 08/18/2026 21:46:13 
Playing registered version.
UDP Initialized
WIPX_OpenSocket: Address family not supported by protocol family
WIPX_Init: Unable to open control socket, IPX disabled
Exe: 20:02:47 Jul 31 2024
256.0 megabyte heap

Language initialization
Couldn't load 'localization/loc_english.txt'
from 'C:\argus\engine'

========= Quake Initialized =========

execing autoexec.cfg
SpawnServer: dm3
Clearing memory
Programs occupy 539K.
trying to open external vis file
maps/dm3.vis not found, trying argus.vis
external vis not found
ARGUS slots 8
ARGUS worldspawn reached
ARGNAV 190 nodes, 462 links
0 entities inhibited
ARGUS init on dm3
ARGEVT Reap spawned
ARGEVT Omi spawned
ARGEVT Zeus spawned
Server spawned.
ARGLOG Zeus t   1.2 pos '1472.0 -928.0 -24.0' spd 0 yaw  53.2 mode 0 st 0 gl 0 hp 100 frg 0
ARGLOG Omi t   1.2 pos '192.0 -208.0 -176.0' spd 0 yaw 100.2 mode 0 st 0 gl 0 hp 100 frg 0
ARGLOG Reap t   1.2 pos '-880.0 -232.0 -16.0' spd 0 yaw  72.0 mode 0 st 0 gl 0 hp 100 frg 0
Bonus item fell out of level at '1472.0 -912.0 -42.0'
ARGLOG Zeus t   1.7 pos '1523.4 -807.7 -24.0' spd 356.1 yaw  53.2 mode 0 st 0 gl 0 hp 100 frg 0
ARGLOG Omi t   1.7 pos '165.0 -55.1 -176.0' spd 320.0 yaw 100.2 mode 0 st 0 gl 0 hp 100 frg 0
ARGLOG Reap t   1.7 pos '-832.0 -84.3 -16.0' spd 320 yaw  72.0 mode 0 st 0 gl 0 hp 100 frg 0
ARGLOG Zeus t   2.2 pos '1601.7 -659.3 -24.0' spd 320.4 yaw  53.2 mode 0 st 0 gl 0 hp 100 frg 0
ARGLOG Omi t   2.2 pos '165.2 -17.9 -176.0' spd 320.1 yaw 284.0 mode 0 st 0 gl 0 hp 100 frg 0
ARGLOG Reap t   2.2 pos '-800.0  76.8 -16.0' spd 329.2 yaw  72.0 mode 0 st 0 gl 0 hp 100 frg 0
ARGLOG Zeus t   2.7 pos '1654.7 -703.8 -24.0' spd 321.8 yaw 267.2 mode 0 st 0 gl 0 hp 100 frg 0
ARGLOG Omi t   2.7 pos '207.9 -177.4 -176.0' spd 320.0 yaw 284.0 mode 0 st 0 gl 0 hp 100 frg 0
ARGLOG Reap t   2.7 pos '-794.2 245.9 -16.0' spd 324.0 yaw  72.0 mode 0 st 0 gl 0 hp 100 frg 0
ARGLOG Zeus t   3.3 pos '1585.8 -783.4 -24.0' spd 331.1 yaw 146.8 mode 0 st 0 gl 0 hp 100 frg 0
ARGLOG Omi t   3.3 pos '129.0 -207.1 -176.0' spd 323.0 yaw 147.5 mode 0 st 0 gl 0 hp 100 frg 0
ARGLOG Reap t   3.3 pos '-785.6 413.0 -16.0' spd 335.6 yaw 112.9 mode 0 st 0 gl 0 hp 100 frg 0
ARGEVT Omi hazard
ARGLOG Zeus t   3.8 pos '1440.1 -704.3 -24.0' spd 320.1 yaw 146.8 mode 0 st 0 gl 0 hp 100 frg 0
ARGLOG Omi t   3.8 pos ' 39.5 -159.5 -176.0' spd 247.1 yaw 338.0 mode 0 st 0 gl 0 hp 100 frg 0
ARGLOG Reap t   3.8 pos '-831.6 572.6 -16.0' spd 320.2 yaw 112.9 mode 0 st 0 gl 0 hp 100 frg 0
ARGEVT Zeus hazard
ARGLOG Zeus t   4.3 pos '1533.0 -695.0 -24.0' spd 320.0 yaw 356.1 mode 0 st 0 gl 0 hp 100 frg 0
ARGLOG Omi t   4.3 pos '191.8 -224.2 -176.0' spd 320.0 yaw 338.0 mode 0 st 0 gl 0 hp 100 frg 0
ARGLOG Reap t   4.3 pos '-838.0 682.8 -16.0' spd 324.2 yaw 321.1 mode 0 st 0 gl 0 hp 100 frg 0
ARGLOG Zeus t   4.8 pos '1698.2 -703.7 -24.0' spd 320.0 yaw 356.1 mode 0 st 0 gl 0 hp 100 frg 0
ARGLOG Omi t   4.8 pos '131.3 -240.0 -176.0' spd 325.9 yaw 194.4 mode 0 st 0 gl 0 hp 100 frg 0
ARGLOG Reap t   4.8 pos '-706.5 600.7 -16.0' spd 115.9 yaw 165.0 mode 0 st 0 gl 0 hp 100 frg 0
ARGLOG Zeus t   5.3 pos '1864.1 -714.5 -24.0' spd 339.5 yaw 329.6 mode 0 st 0 gl 0 hp 100 frg 0
ARGLOG Omi t   5.3 pos '-37.2 -240.0 -176.0' spd 326.0 yaw 194.4 mode 0 st 0 gl 0 hp 100 frg 0
ARGLOG Reap t   5.3 pos '-856.6 624.7 -16.0' spd 320.1 yaw  15.7 mode 0 st 0 gl 0 hp 100 frg 0
ARGLOG Zeus t   5.8 pos '1896.8 -595.8 -24.0' spd 265.7 yaw 304.2 mode 0 st 0 gl 0 hp 100 frg 0
ARGEVT Zeus hazard
ARGLOG Omi t   5.8 pos '-196.5 -239.9 -176.0' spd 193.2 yaw  56.0 mode 0 st 0 gl 0 hp 100 frg 0
ARGLOG Reap t   5.8 pos '-736.3 686.6 -16.0' spd 320.4 yaw  15.7 mode 0 st 0 gl 0 hp 100 frg 0
ARGLOG Zeus t   6.4 pos '1876.1 -683.6 -24.0' spd 320.0 yaw 253.6 mode 0 st 0 gl 0 hp 100 frg 0
ARGLOG Omi t   6.4 pos '-148.2 -210.9 -176.0' spd 324.3 yaw 277.2 mode 0 st 0 gl 0 hp 100 frg 0
ARGLOG Reap t   6.4 pos '-800.5 703.8 -16.0' spd 320.2 yaw 183.4 mode 0 st 0 gl 0 hp 100 frg 0
ARGEVT Omi hazard
ARGLOG Zeus t   6.9 pos '1830.9 -841.1 -24.0' spd 320.0 yaw 253.6 mode 0 st 0 gl 0 hp 100 frg 0
ARGLOG Omi t   6.9 pos '-162.9 -350.8 -128.0' spd 322.0 yaw 277.2 mode 0 st 0 gl 0 hp 100 frg 0
ARGLOG Reap t   6.9 pos '-782.2 652.0 -16.0' spd 321.1 yaw 337.8 mode 0 st 0 gl 0 hp 100 frg 0
ARGLOG Zeus t   7.4 pos '1863.8 -907.4 -24.0' spd 325.2 yaw  38.9 mode 0 st 0 gl 0 hp 100 frg 0
ARGLOG Omi t   7.4 pos '-173.2 -389.5 -112.0' spd 320.3 yaw 103.6 mode 0 st 0 gl 0 hp 100 frg 0
ARGLOG Reap t   7.4 pos '-698.2 680.1 -16.0' spd 327.9 yaw 111.4 mode 0 st 0 gl 0 hp 100 frg 0
ARGLOG Zeus t   7.9 pos '1795.5 -896.6 -24.0' spd 320.4 yaw 193.7 mode 0 st 0 gl 0 hp 100 frg 0
ARGLOG Omi t   7.9 pos '-208.0 -229.2 -176.0' spd 324.7 yaw 103.6 mode 0 st 0 gl 0 hp 100 frg 0
ARGLOG Reap t   7.9 pos '-688.0 743.2 -16.0' spd  20.2 yaw  89.7 mode 0 st 0 gl 0 hp 100 frg 0
ARGLOG Zeus t   8.4 pos '1635.7 -934.1  40.0' spd 320.0 yaw 193.7 mode 0 st 0 gl 0 hp 100 frg 0
ARGLOG Omi t   8.4 pos '-195.6 -222.8 -176.0' spd 320.1 yaw 276.1 mode 0 st 0 gl 0 hp 100 frg 0
ARGLOG Reap t   8.4 pos '-570.0 746.8 -16.0' spd 322.5 yaw 329.4 mode 0 st 0 gl 0 hp 100 frg 0
ARGLOG Zeus t   8.9 pos '1600.0 -944.0  56.0' spd 0 yaw 193.7 mode 0 st 0 gl 0 hp 100 frg 0
ARGLOG Omi t   8.9 pos '-174.9 -386.9 -112.0' spd 320.0 yaw 276.1 mode 0 st 0 gl 0 hp 100 frg 0
ARGLOG Reap t   8.9 pos '-614.4 760.2 -16.0' spd 316.7 yaw 161.9 mode 0 st 0 gl 0 hp 100 frg 0
ARGLOG Zeus t   9.4 pos '1600.0 -944.0  56.0' spd 0 yaw 193.7 mode 0 st 0 gl 0 hp 100 frg 0
ARGLOG Omi t   9.4 pos '-190.7 -360.9 -128.0' spd 320.1 yaw 102.7 mode 0 st 0 gl 0 hp 100 frg 0
ARGLOG Reap t   9.4 pos '-776.3 784.0 -16.0' spd 329.5 yaw 161.9 mode 0 st 0 gl 0 hp 100 frg 0
ARGEVT Zeus stall
ARGEVT Zeus jump
ARGLOG Zeus t  10.0 pos '1608.1 -938.6  93.9' spd  38.7 yaw 341.8 mode 0 st 1 gl 0 hp 100 frg 0
ARGLOG Omi t  10.0 pos '-208.0 -196.4 -176.0' spd 324.6 yaw 102.7 mode 0 st 0 gl 0 hp 100 frg 0
ARGLOG Reap t  10.0 pos '-681.6 784.0 -16.0' spd 323.4 yaw  10.8 mode 0 st 0 gl 0 hp 100 frg 0
ARGEVT Reap hazard
ARGLOG Zeus t  10.5 pos '1676.2 -944.0  40.0' spd 327.8 yaw 341.8 mode 0 st 1 gl 0 hp 100 frg 0
ARGLOG Omi t  10.5 pos '-208.0 -256.9 -176.0' spd 323.2 yaw 259.4 mode 0 st 0 gl 0 hp 100 frg 0
ARGLOG Reap t  10.5 pos '-531.6 769.7 -16.0' spd 295.6 yaw 167.8 mode 0 st 0 gl 0 hp 100 frg 0
ARGLOG Zeus t  11.0 pos '1846.1 -944.0 -24.0' spd 329.4 yaw 341.8 mode 0 st 1 gl 0 hp 100 frg 0
ARGLOG Omi t  11.0 pos '-208.0 -272.0 -176.0' spd 0 yaw 259.4 mode 0 st 0 gl 0 hp 100 frg 0
ARGLOG Reap t  11.0 pos '-674.9 763.6 -16.0' spd 320.6 yaw 167.8 mode 0 st 0 gl 0 hp 100 frg 0
ARGLOG Zeus t  11.5 pos '1873.7 -821.5 -24.0' spd 323.3 yaw 117.1 mode 0 st 1 gl 0 hp 100 frg 0
ARGLOG Omi t  11.5 pos '-208.0 -272.0 -176.0' spd 0 yaw 259.4 mode 0 st 0 gl 0 hp 100 frg 0
ARGLOG Reap t  11.5 pos '-804.9 784.0 -16.0' spd  96.0 yaw   6.3 mode 0 st 0 gl 0 hp 100 frg 0
ARGEVT Omi stall
ARGEVT Omi jump
ARGLOG Zeus t  12.0 pos '1807.7 -671.0 -24.0' spd 320.0 yaw 117.1 mode 0 st 1 gl 0 hp 100 frg 0
ARGLOG Omi t  12.0 pos '-208.0 -265.8 -138.3' spd  30.4 yaw  98.9 mode 0 st 1 gl 0 hp 100 frg 0
ARGLOG Reap t  12.0 pos '-644.4 784.0 -16.0' spd 321.1 yaw   6.3 mode 0 st 0 gl 0 hp 100 frg 0
ARGEVT Zeus hazard
ARGLOG Zeus t  12.5 pos '1782.9 -691.8 -24.0' spd 321.2 yaw 284.5 mode 0 st 1 gl 0 hp 100 frg 0
ARGLOG Omi t  12.5 pos '-177.3 -257.2 -176.0' spd 309.0 yaw 347.5 mode 0 st 1 gl 0 hp 100 frg 0
ARGLOG Reap t  12.5 pos '-573.8 776.9 -16.0' spd 320.3 yaw 185.9 mode 0 st 0 gl 0 hp 100 frg 0
ARGEVT Omi hazard
ARGLOG Zeus t  13.0 pos '1820.7 -852.9 -24.0' spd 320.0 yaw 284.5 mode 0 st 1 gl 0 hp 100 frg 0
ARGLOG Omi t  13.0 pos '-199.0 -165.5 -176.0' spd 161.6 yaw 264.4 mode 0 st 1 gl 0 hp 100 frg 0
ARGLOG Reap t  13.0 pos '-738.0 755.9 -16.0' spd 320.0 yaw 185.9 mode 0 st 0 gl 0 hp 100 frg 0
ARGLOG Zeus t  13.6 pos '1903.2 -872.5 -24.0' spd 324.9 yaw 259.0 mode 0 st 1 gl 0 hp 100 frg 0
ARGEVT Zeus hazard
ARGLOG Omi t  13.6 pos '-208.0 -272.0 -176.0' spd 0 yaw 264.4 mode 0 st 1 gl 0 hp 100 frg 0
ARGLOG Reap t  13.6 pos '-829.0 693.7 -16.0' spd 335.2 yaw 313.8 mode 0 st 0 gl 0 hp 100 frg 0
ARGLOG Zeus t  14.1 pos '1876.1 -898.0 -24.0' spd 322.1 yaw  94.6 mode 0 st 1 gl 0 hp 100 frg 0
ARGLOG Omi t  14.1 pos '-208.0 -272.0 -176.0' spd 0 yaw 264.4 mode 0 st 1 gl 0 hp 100 frg 0
ARGLOG Reap t  14.1 pos '-726.8 563.2 -16.0' spd 320.2 yaw 125.2 mode 0 st 0 gl 0 hp 100 frg 0
ARGEVT Reap hazard
ARGLOG Zeus t  14.6 pos '1857.9 -733.4 -24.0' spd 320.0 yaw  94.6 mode 0 st 1 gl 0 hp 100 frg 0
ARGLOG Omi t  14.6 pos '-208.0 -272.0 -176.0' spd 0 yaw 264.4 mode 0 st 1 gl 0 hp 100 frg 0
ARGLOG Reap t  14.6 pos '-809.2 664.2 -16.0' spd 320.0 yaw 125.2 mode 0 st 0 gl 0 hp 100 frg 0
ARGEVT Omi stall
ARGEVT Omi jump
ARGLOG Zeus t  15.1 pos '1798.3 -639.7 -24.0' spd 335.9 yaw 221.1 mode 0 st 1 gl 0 hp 100 frg 0
ARGLOG Omi t  15.1 pos '-203.0 -282.1 -146.4' spd  30.7 yaw 282.5 mode 0 st 2 gl 0 hp 100 frg 0
ARGLOG Reap t  15.1 pos '-868.8 648.8 -16.0' spd 322.9 yaw 272.7 mode 0 st 0 gl 0 hp 100 frg 0
ARGLOG Zeus t  15.6 pos '1662.5 -735.4 -24.0' spd 320.2 yaw 221.1 mode 0 st 1 gl 0 hp 100 frg 0
ARGLOG Omi t  15.6 pos '-173.7 -405.6 -112.0' spd 320.0 yaw 282.5 mode 0 st 2 gl 0 hp 100 frg 0
ARGLOG Reap t  15.6 pos '-818.4 551.1 -16.0' spd 335.5 yaw  38.3 mode 0 st 0 gl 0 hp 100 frg 0
ARGLOG Zeus t  16.1 pos '1546.7 -787.2 -24.0' spd 335.3 yaw  95.7 mode 0 st 1 gl 0 hp 100 frg 0
ARGLOG Omi t  16.1 pos '-196.3 -347.5 -128.0' spd 320.0 yaw 106.6 mode 0 st 2 gl 0 hp 100 frg 0
ARGLOG Reap t  16.1 pos '-700.6 614.2 -16.0' spd 112.2 yaw 228.6 mode 0 st 0 gl 0 hp 100 frg 0
ARGLOG Zeus t  16.7 pos '1508.7 -625.2 -24.0' spd 320.3 yaw  95.7 mode 0 st 1 gl 0 hp 100 frg 0
ARGLOG Omi t  16.7 pos '-208.0 -182.3 -176.0' spd 328.0 yaw 106.6 mode 0 st 2 gl 0 hp 100 frg 0
ARGLOG Reap t  16.7 pos '-810.6 517.4 -16.0' spd  97.9 yaw  34.6 mode 0 st 0 gl 0 hp 100 frg 0
ARGEVT Omi hazard
ARGLOG Zeus t  17.2 pos '1564.4 -718.3 -24.0' spd 320.0 yaw 294.9 mode 0 st 1 gl 0 hp 100 frg 0
ARGLOG Omi t  17.2 pos '-131.8 -240.0 -176.0' spd 108.2 yaw  49.9 mode 0 st 2 gl 0 hp 100 frg 0
ARGLOG Reap t  17.2 pos '-713.1 603.9 -16.0' spd 309.7 yaw  34.6 mode 0 st 0 gl 0 hp 100 frg 0
ARGLOG Zeus t  17.7 pos '1535.5 -810.1 -24.0' spd 329.1 yaw 165.5 mode 0 st 1 gl 0 hp 100 frg 0
ARGLOG Omi t  17.7 pos '-36.3 -150.0 -176.0' spd  63.0 yaw 198.8 mode 0 st 2 gl 0 hp 100 frg 0
ARGLOG Reap t  17.7 pos '-810.0 714.7 -16.0' spd 322.6 yaw 161.6 mode 0 st 0 gl 0 hp 100 frg 0
ARGLOG Zeus t  18.2 pos '1372.8 -780.5 -24.0' spd 320.1 yaw 165.5 mode 0 st 1 gl 0 hp 100 frg 0
ARGLOG Omi t  18.2 pos '-187.0 -200.4 -176.0' spd 320.0 yaw 332.5 mode 0 st 2 gl 0 hp 100 frg 0
ARGLOG Reap t  18.2 pos '-836.9 617.0 -16.0' spd 322.1 yaw 291.2 mode 0 st 0 gl 0 hp 100 frg 0
ARGLOG Zeus t  18.7 pos '1213.0 -738.9 -24.0' spd 320.0 yaw 165.5 mode 0 st 1 gl 0 hp 100 frg 0
ARGLOG Omi t  18.7 pos '-174.6 -178.0 -176.0' spd 321.4 yaw 115.2 mode 0 st 2 gl 0 hp 100 frg 0
ARGLOG Reap t  18.7 pos '-784.0 461.2 -16.0' spd 299.6 yaw 128.7 mode 0 st 0 gl 0 hp 100 frg 0
ARGEVT Reap hazard
ARGLOG Zeus t  19.2 pos '1057.3 -681.1 -24.0' spd 326.1 yaw 136.2 mode 0 st 1 gl 0 hp 100 frg 0
ARGLOG Omi t  19.2 pos '-144.0 -266.6 -176.0' spd 301.2 yaw  73.6 mode 0 st 2 gl 0 hp 100 frg 0
ARGEVT Omi hazard
ARGLOG Reap t  19.2 pos '-796.1 477.7 -16.0' spd 291.6 yaw  80.4 mode 0 st 0 gl 0 hp 100 frg 0
ARGLOG Zeus t  19.8 pos '1107.2 -764.9 -24.0' spd 320.2 yaw 310.7 mode 0 st 1 gl 0 hp 100 frg 0
ARGLOG Omi t  19.8 pos '-102.5 -155.8 -176.0' spd 234.3 yaw 307.5 mode 0 st 2 gl 0 hp 100 frg 0
ARGLOG Reap t  19.8 pos '-775.6 641.7 -16.0' spd 320.0 yaw  80.4 mode 0 st 0 gl 0 hp 100 frg 0
ARGEVT Zeus goal item_armor2
ARGEVT Omi goal item_armorInv
ARGEVT Reap goal weapon_supernailgun
ARGEVT Zeus route 0 start '1189.0 -799.0 -24.0' goal '1189.0 -799.0 -24.0'
ARGLOG Zeus t  20.3 pos '1103.6 -730.3 -24.0' spd 342.1 yaw  74.2 mode 2 st 1 gl 0 hp 100 frg 0
ARGLOG Omi t  20.3 pos '  0.8 -182.2 -176.0' spd 320.6 yaw  49.1 mode 0 st 2 gl 0 hp 100 frg 0
ARGLOG Reap t  20.3 pos '-731.7 747.4 -16.0' spd 290.3 yaw 307 mode 0 st 0 gl 0 hp 100 frg 0
ARGEVT Omi routefail
ARGEVT Omi goal item_armor2
ARGEVT Omi routefail
ARGLOG Zeus t  20.8 pos '1231.1 -639.8 -24.0' spd 432.2 yaw 270.0 mode 2 st 1 gl 0 hp 100 frg 0
ARGEVT Omi goal weapon_supernailgun
ARGLOG Omi t  20.8 pos '145.9 -170.5 -176.0' spd 324.0 yaw 343.3 mode 0 st 2 gl 0 hp 100 frg 0
ARGLOG Reap t  20.8 pos '-697.3 599.5 -16.0' spd 321.2 yaw 255 mode 0 st 0 gl 0 hp 100 frg 0
ARGEVT Reap hazard
ARGEVT Omi routefail
ARGEVT Omi goal item_health
ARGEVT Omi route 2 start '165.0 -63.0 -176.0' goal '549.0  65.0 -184.0'
ARGEVT Omi hazard
ARGEVT Reap routefail
ARGLOG Zeus t  21.3 pos '1206.3 -806.7 -24.0' spd 326.4 yaw 272.9 mode 1 st 1 gl 0 hp 100 frg 0
ARGEVT Zeus hazard
ARGLOG Omi t  21.3 pos '250.6 -88.4 -176.0' spd 359.7 yaw 27 mode 2 st 2 gl 0 hp 100 frg 0
ARGLOG Reap t  21.3 pos '-724.5 555.3 -16.0' spd 220.8 yaw 337.6 mode 0 st 0 gl 0 hp 100 frg 0
ARGEVT Reap goal weapon_rocketlauncher
ARGEVT Reap routefail
ARGEVT Reap goal item_health
ARGEVT Reap routefail
ARGLOG Zeus t  21.8 pos '1314.7 -813.9 -24.0' spd 124.1 yaw 228.0 mode 1 st 1 gl 0 hp 100 frg 0
ARGLOG Omi t  21.8 pos '387.8 -16.0 -197.0' spd 325.6 yaw   7.7 mode 1 st 2 gl 0 hp 100 frg 0
ARGEVT Reap goal item_health
ARGLOG Reap t  21.8 pos '-688.0 612.2 -16.0' spd 143.2 yaw 308.7 mode 0 st 0 gl 0 hp 100 frg 0
ARGEVT Reap routefail
ARGEVT Reap hazard
ARGEVT Reap trapped
ARGEVT Reap death Reap pos '-703.4 592.0 -16.0'
ARGLOG Zeus t  22.3 pos '1331.5 -816.0 -24.0' spd  11.6 yaw 222.0 mode 1 st 1 gl 0 hp 100 frg 0
ARGEVT Zeus hazard
ARGLOG Omi t  22.3 pos '554.2 -18.2 -168.0' spd 371.9 yaw  50.7 mode 1 st 2 gl 0 hp 200 frg 0
ARGEVT Omi goal weapon_rocketlauncher
ARGEVT Omi routefail
ARGEVT Omi goal weapon_lightning
ARGEVT Omi routefail
ARGLOG Zeus t  22.8 pos '1337.4 -816.0 -24.0' spd  11.4 yaw 274 mode 1 st 1 gl 0 hp 100 frg 0
ARGEVT Omi goal weapon_grenadelauncher
ARGLOG Omi t  22.8 pos '713.4  44.1 -197.8' spd 340.6 yaw   1.3 mode 0 st 2 gl 1 hp 200 frg 0
ARGEVT Omi routefail
ARGEVT Omi goal weapon_nailgun
ARGEVT Omi routefail
ARGEVT Omi hazard
ARGEVT Omi trapped
ARGEVT Omi death Omi pos '800.0  90.9 -200.0'
ARGEVT Zeus stall
ARGEVT Zeus jump
ARGLOG Zeus t  23.4 pos '1343.4 -816.0 -12.3' spd  11.6 yaw 274 mode 0 st 2 gl 0 hp 100 frg 0
ARGEVT Zeus route 1 start '1381.0 -703.0 -24.0' goal '1189.0 -799.0 -24.0'
ARGEVT Reap respawn
ARGEVT Reap goal weapon_lightning
ARGLOG Reap t  23.6 pos '1520.0 432.0 -88.0' spd 0 yaw 343.7 mode 0 st 0 gl 0 hp 100 frg -1
ARGEVT Reap routefail
ARGEVT Reap goal weapon_grenadelauncher
ARGEVT Reap routefail
ARGLOG Zeus t  23.9 pos '1358.3 -816.0 -11.4' spd  36.4 yaw 174 mode 2 st 2 gl 0 hp 100 frg 0
ARGEVT Reap goal item_health
ARGEVT Reap routefail
ARGLOG Reap t  24.1 pos '1629.3 400.0 -88.0' spd 138.4 yaw 304.7 mode 0 st 0 gl 0 hp 100 frg -1
ARGEVT Reap goal item_armor2
ARGEVT Reap routefail
ARGLOG Zeus t  24.4 pos '1306.3 -701.2 -24.0' spd 407.8 yaw 211.6 mode 2 st 2 gl 0 hp 100 frg 0
ARGEVT Reap goal 
ARGEVT Reap routefail
ARGEVT Reap engage Zeus
ARGEVT Reap goal weapon_nailgun
ARGLOG Reap t  24.6 pos '1690.3 400.0 -88.0' spd  52.3 yaw 245.6 mode 0 st 0 gl 0 hp 100 frg -1
ARGEVT Reap routefail
ARGEVT Omi respawn
ARGEVT Omi goal item_health
ARGLOG Omi t  24.9 pos '-632.0 -680.0 -16.0' spd 0 yaw 95 mode 0 st 2 gl 1 hp 100 frg -1
ARGEVT Reap goal 
ARGEVT Omi routefail
ARGLOG Zeus t  24.9 pos '1173.8 -815.2 -24.0' spd 403.0 yaw 304 mode 1 st 2 gl 0 hp 100 frg 0
ARGEVT Zeus hazard
ARGEVT Omi goal weapon_nailgun
ARGEVT Omi routefail
ARGLOG Reap t  25.2 pos '1649.1 400.0 -88.0' spd  16.8 yaw 250.9 mode 0 st 0 gl 0 hp 100 frg -1
ARGEVT Omi goal weapon_grenadelauncher
ARGEVT Omi routefail
ARGLOG Omi t  25.4 pos '-602.5 -524.8 -16.0' spd 320.2 yaw 73 mode 0 st 2 gl 1 hp 100 frg -1
ARGLOG Zeus t  25.4 pos '1301.5 -816.0 -24.0' spd 132.8 yaw 232 mode 1 st 2 gl 0 hp 100 frg 0
ARGEVT Omi goal item_health
ARGEVT Omi routefail
ARGEVT Omi goal 
ARGLOG Reap t  25.7 pos '1669.4 400.0 -88.0' spd  40.4 yaw 219.8 mode 0 st 0 gl 0 hp 100 frg -1
ARGEVT Omi routefail
ARGEVT Omi goal 
ARGLOG Omi t  25.9 pos '267.5 -276.5  60.0' spd 300 yaw  50.3 mode 0 st 2 gl 1 hp 100 frg -1
ARGEVT Omi routefail
ARGLOG Zeus t  25.9 pos '1338.3 -816.0 -24.0' spd 0 yaw 270 mode 1 st 2 gl 0 hp 100 frg 0
ARGEVT Zeus hazard
ARGEVT Omi goal item_rockets
ARGEVT Reap routefail
ARGLOG Reap t  26.2 pos '1516.6 407.8 -88.0' spd 320.1 yaw 157.4 mode 0 st 0 gl 0 hp 100 frg -1
ARGEVT Reap hazard
ARGEVT Reap goal item_health
ARGEVT Reap routefail
ARGEVT Reap pursue
ARGLOG Omi t  26.4 pos '248.3 -119.9  56.0' spd 423.9 yaw 215.4 mode 1 st 2 gl 1 hp 100 frg -1
ARGLOG Zeus t  26.5 pos '1338.3 -816.0 -24.0' spd 0 yaw 270 mode 1 st 2 gl 0 hp 100 frg 0
ARGEVT Reap goal item_rockets
ARGEVT Reap routefail
ARGEVT Reap goal item_shells
ARGLOG Reap t  26.7 pos '1491.5 508.6 -88.0' spd 100.9 yaw 256.2 mode 0 st 0 gl 0 hp 100 frg -1
ARGEVT Reap routefail
ARGEVT Zeus stall
ARGEVT Zeus jump
ARGEVT Omi goal item_health
ARGLOG Omi t  26.9 pos '182.9 -265.3  56.0' spd 370.7 yaw 353.2 mode 0 st 2 gl 2 hp 100 frg -1
ARGEVT Reap goal item_rockets
ARGEVT Omi routefail
ARGLOG Zeus t  27.0 pos '1338.3 -816.0 -12.1' spd 0 yaw 270 mode 0 st 3 gl 0 hp 100 frg 0
ARGEVT Zeus route 1 start '1381.0 -703.0 -24.0' goal '1189.0 -799.0 -24.0'
ARGEVT Reap stall
ARGEVT Reap jump
ARGEVT Omi goal item_shells
ARGEVT Omi route 3 start '357.0 -287.0  56.0' goal '165.0  97.0  56.0'
ARGLOG Reap t  27.2 pos '1492.8 400.0 -53.6' spd  32.0 yaw 355.9 mode 0 st 1 gl 0 hp 100 frg -1
ARGEVT Reap routefail
ARGLOG Omi t  27.4 pos '349.6 -225.6  56.0' spd 357.0 yaw 151 mode 2 st 2 gl 2 hp 100 frg -1
ARGLOG Zeus t  27.5 pos '1352.3 -815.3 -11.2' spd  42.1 yaw 174 mode 2 st 3 gl 0 hp 100 frg 0
ARGEVT Reap goal item_health
ARGEVT Reap routefail
ARGEVT Omi hazard
ARGEVT Reap goal item_rockets
ARGLOG Reap t  27.7 pos '1518.3 407.9 -88.0' spd 185.1 yaw  17.4 mode 0 st 1 gl 0 hp 100 frg -1
ARGEVT Reap routefail
ARGLOG Omi t  27.9 pos '290.0 -98.5  56.0' spd 322.8 yaw 145.3 mode 1 st 2 gl 2 hp 100 frg -1
ARGEVT Reap goal item_rockets
ARGEVT Reap routefail
ARGLOG Zeus t  28.0 pos '1305.4 -696.6 -24.0' spd 407.8 yaw 209.5 mode 2 st 3 gl 0 hp 100 frg 0
ARGEVT Reap engage Zeus
ARGEVT Reap goal item_shells
ARGEVT Reap routefail
ARGLOG Reap t  28.3 pos '1652.0 401.7 -88.0' spd  34.3 yaw 238.5 mode 0 st 1 gl 0 hp 100 frg -1
ARGEVT Omi goal item_health
ARGEVT Reap goal item_rockets
ARGEVT Omi routefail
ARGLOG Omi t  28.5 pos '189.6  37.8  56.0' spd 367.3 yaw  51.4 mode 0 st 2 gl 3 hp 100 frg -1
ARGLOG Zeus t  28.5 pos '1173.2 -810.8 -24.0' spd 401.1 yaw 303 mode 1 st 3 gl 0 hp 100 frg 0
ARGEVT Zeus hazard
ARGEVT Omi goal item_spikes
ARGEVT Reap routefail
ARGEVT Reap goal item_rockets
ARGLOG Reap t  28.8 pos '1650.1 401.2 -88.0' spd 135.7 yaw 265.6 mode 0 st 1 gl 0 hp 100 frg -1
ARGEVT Reap routefail
ARGLOG Omi t  29.0 pos '269.7 189.2  56.0' spd 322.4 yaw 42 mode 1 st 2 gl 3 hp 100 frg -1
ARGEVT Reap goal 
ARGEVT Reap routefail
ARGLOG Zeus t  29.0 pos '1299.2 -816.0 -24.0' spd 134.7 yaw 233 mode 1 st 3 gl 0 hp 100 frg 0
ARGEVT Omi goal item_spikes
ARGEVT Reap goal weapon_nailgun
ARGEVT Omi routefail
ARGLOG Reap t  29.3 pos '1540.5 407.4 -88.0' spd 331.9 yaw 152 mode 0 st 1 gl 0 hp 100 frg -1
ARGEVT Omi goal 
ARGEVT Omi routefail
ARGEVT Reap hazard
ARGLOG Omi t  29.5 pos '414.9 272.3  56.0' spd 355.9 yaw 335 mode 0 st 2 gl 4 hp 100 frg -1
ARGEVT Reap pursue
ARGLOG Zeus t  29.5 pos '1336.7 -816.0 -24.0' spd   2.8 yaw 271 mode 1 st 3 gl 0 hp 100 frg 0
ARGEVT Zeus hazard
ARGEVT Omi goal item_shells
ARGEVT Omi routefail
ARGEVT Omi trapped
ARGEVT Omi death Omi pos '515.1 250.9  56.0'
ARGLOG Reap t  29.8 pos '1488.3 406.6 -88.0' spd 320.4 yaw 290.3 mode 0 st 1 gl 0 hp 100 frg -1
ARGEVT Reap routefail
ARGEVT Reap goal 
ARGEVT Reap routefail
ARGLOG Zeus t  30.1 pos '1338.2 -816.0 -24.0' spd   2.8 yaw 271 mode 1 st 3 gl 0 hp 100 frg 0
ARGEVT Reap goal 
ARGEVT Reap routefail
ARGLOG Reap t  30.3 pos '1491.8 423.2 -88.0' spd 348.3 yaw 125.8 mode 0 st 1 gl 0 hp 100 frg -1
ARGEVT Reap goal 
ARGEVT Reap routefail
ARGEVT Zeus stall
ARGEVT Zeus jump
ARGEVT Reap hazard
ARGLOG Zeus t  30.6 pos '1339.7 -816.0 -12.1' spd   2.8 yaw 271 mode 0 st 4 gl 0 hp 100 frg 0
ARGEVT Reap goal item_shells
ARGEVT Reap routefail
ARGEVT Zeus route 1 start '1381.0 -703.0 -24.0' goal '1189.0 -799.0 -24.0'
ARGEVT Reap goal item_shells
ARGLOG Reap t  30.8 pos '1488.0 487.9 -88.0' spd 321.0 yaw 258 mode 0 st 1 gl 0 hp 100 frg -1
ARGEVT Reap routefail
ARGEVT Reap goal item_shells
ARGEVT Reap routefail
ARGLOG Zeus t  31.1 pos '1350.9 -816.0 -11.2' spd  33.6 yaw 174 mode 2 st 4 gl 0 hp 100 frg 0
ARGEVT Reap goal item_shells
ARGEVT Reap routefail
ARGEVT Omi respawn
ARGLOG Reap t  31.3 pos '1527.4 401.1 -88.0' spd 114.1 yaw 207.7 mode 0 st 1 gl 0 hp 100 frg -1
ARGEVT Omi goal 
ARGLOG Omi t  31.4 pos '512.0 768.0 216.0' spd 0 yaw 275 mode 0 st 2 gl 4 hp 100 frg -2
ARGEVT Omi route 3 start '485.0 833.0 216.0' goal '485.0 321.0  56.0'
ARGEVT Reap goal item_shells
ARGEVT Reap routefail
ARGLOG Zeus t  31.6 pos '1307.0 -697.4 -24.0' spd 407.5 yaw 207.6 mode 2 st 4 gl 0 hp 100 frg 0
ARGEVT Reap trapped
ARGEVT Reap death Reap pos '1491.8 469.1 -88.0'
ARGLOG Omi t  31.9 pos '494.3 612.3 213.9' spd 339.2 yaw 269 mode 2 st 2 gl 4 hp 100 frg -2
ARGLOG Zeus t  32.1 pos '1169.6 -805.8 -24.0' spd 379.5 yaw 281.4 mode 1 st 4 gl 0 hp 100 frg 0
ARGEVT Zeus hazard
ARGLOG Omi t  32.4 pos '508.3 591.2  75.7' spd  57.2 yaw 268.4 mode 2 st 2 gl 4 hp 100 frg -2
ARGLOG Zeus t  32.6 pos '1171.2 -816.0 -24.0' spd   2.8 yaw 305 mode 1 st 4 gl 0 hp 100 frg 0
ARGLOG Omi t  32.9 pos '508.8 448.7  56.0' spd 328.4 yaw 287 mode 1 st 2 gl 4 hp 100 frg -2
ARGLOG Zeus t  33.1 pos '1172.7 -816.0 -24.0' spd   2.9 yaw 304 mode 1 st 4 gl 0 hp 100 frg 0
ARGEVT Zeus hazard
ARGEVT Reap respawn
ARGEVT Reap goal 
ARGLOG Reap t  33.3 pos '-880.0 -232.0 -16.0' spd 0 yaw  73.4 mode 0 st 1 gl 0 hp 100 frg -2
ARGEVT Reap routefail
ARGEVT Zeus stall
ARGEVT Zeus jump
ARGEVT Omi goal 
ARGLOG Omi t  33.5 pos '535.9 316.4  56.0' spd 104.9 yaw 141.2 mode 0 st 2 gl 5 hp 100 frg -2
ARGEVT Reap goal item_cells
ARGEVT Omi routefail
ARGEVT Reap hazard
ARGEVT Zeus route 0 start '1189.0 -799.0 -24.0' goal '1189.0 -799.0 -24.0'
ARGLOG Zeus t  33.7 pos '1180.2 -816.0  13.7' spd  42.7 yaw 301 mode 1 st 5 gl 0 hp 100 frg 0
ARGEVT Omi goal item_shells
ARGEVT Omi routefail
ARGLOG Reap t  33.8 pos '-809.2 -139.0 -16.0' spd 130.6 yaw 268.6 mode 1 st 1 gl 0 hp 100 frg -2
ARGEVT Omi goal item_rockets
ARGEVT Omi routefail
ARGLOG Omi t  34.0 pos '451.0 276.5  56.0' spd 349.2 yaw 298 mode 0 st 2 gl 5 hp 100 frg -2
ARGEVT Omi goal item_spikes
ARGEVT Omi routefail
ARGLOG Zeus t  34.2 pos '1204.0 -816.0 -24.0' spd   2.9 yaw 288 mode 1 st 5 gl 0 hp 100 frg 0
ARGEVT Zeus hazard
ARGEVT Omi trapped
ARGEVT Omi death Omi pos '456.5 171.5  56.0'
ARGEVT Reap goal 
ARGLOG Reap t  34.3 pos '-895.2 -279.9 -16.0' spd 341.9 yaw 173.4 mode 0 st 1 gl 1 hp 100 frg -2
ARGEVT Reap routefail
ARGEVT Reap goal 
ARGEVT Reap routefail
ARGLOG Zeus t  34.7 pos '1205.5 -816.0 -24.0' spd   2.8 yaw 287 mode 1 st 5 gl 0 hp 100 frg 0
ARGEVT Reap goal 
ARGEVT Reap routefail
ARGLOG Reap t  34.8 pos '-938.2 -167.6 -16.0' spd 376.8 yaw   8.9 mode 0 st 1 gl 1 hp 100 frg -2
ARGEVT Zeus stall
ARGEVT Zeus jump
ARGEVT Reap trapped
ARGEVT Reap death Reap pos '-908.3 -142.4 -16.0'
ARGEVT Zeus route 0 start '1189.0 -799.0 -24.0' goal '1189.0 -799.0 -24.0'
ARGLOG Zeus t  35.2 pos '1214.7 -816.0  13.9' spd  42.3 yaw 282 mode 1 st 6 gl 0 hp 100 frg 0
ARGEVT Zeus hazard
ARGLOG Zeus t  35.7 pos '1232.1 -816.0 -24.0' spd   2.9 yaw 270 mode 1 st 6 gl 0 hp 100 frg 0
ARGEVT Omi respawn
ARGEVT Omi goal 
ARGLOG Omi t  35.9 pos '192.0 -208.0 -176.0' spd 0 yaw  73.4 mode 0 st 2 gl 5 hp 100 frg -3
ARGEVT Omi routefail
ARGEVT Omi goal 
ARGEVT Omi routefail
ARGLOG Zeus t  36.2 pos '1233.6 -816.0 -24.0' spd   2.8 yaw 269 mode 1 st 6 gl 0 hp 100 frg 0
ARGEVT Zeus stall
ARGEVT Zeus jump
ARGEVT Omi goal 
ARGEVT Omi route 3 start '165.0 -63.0 -176.0' goal '709.0 -63.0 -196.0'
ARGLOG Omi t  36.4 pos '262.4 -67.2 -176.0' spd 343.8 yaw 24 mode 2 st 2 gl 5 hp 100 frg -3
ARGEVT Reap respawn
ARGEVT Zeus route 0 start '1189.0 -799.0 -24.0' goal '1189.0 -799.0 -24.0'
ARGEVT Reap goal 
ARGLOG Reap t  36.5 pos '1472.0 -928.0 -24.0' spd 0 yaw 106.6 mode 0 st 1 gl 1 hp 100 frg -3
ARGEVT Reap routefail
ARGEVT Reap goal 
ARGEVT Reap routefail
ARGLOG Zeus t  36.8 pos '1232.0 -816.0   5.6' spd   8.6 yaw 270 mode 1 st 7 gl 0 hp 100 frg 0
ARGEVT Zeus engage Reap
ARGLOG Omi t  36.9 pos '410.7 -16.0 -200.0' spd 326.2 yaw 352 mode 2 st 2 gl 5 hp 100 frg -3
ARGEVT Reap goal item_health
ARGEVT Reap engage Zeus
ARGEVT Zeus hazard
ARGLOG Reap t  37.0 pos '1406.3 -797.7 -24.0' spd 322.2 yaw 187.0 mode 1 st 1 gl 1 hp 100 frg -3
ARGLOG Zeus t  37.3 pos '1231.4 -816.0 -24.0' spd   2.8 yaw  26.0 mode 1 st 7 gl 0 hp 100 frg 0
ARGEVT Reap hazard
ARGLOG Omi t  37.4 pos '580.4   0.9 -168.0' spd 329.3 yaw 334 mode 2 st 2 gl 5 hp 100 frg -3
ARGLOG Reap t  37.5 pos '1381.2 -734.2 -24.0' spd 351.1 yaw 191.3 mode 1 st 1 gl 1 hp 80 frg -3
ARGLOG Zeus t  37.8 pos '1180.3 -691.8 -24.0' spd 374.3 yaw 329.8 mode 1 st 7 gl 0 hp 76 frg 0
ARGLOG Omi t  37.9 pos '748.9   1.2 -200.0' spd 351.9 yaw 59 mode 1 st 2 gl 5 hp 100 frg -3
ARGLOG Reap t  38.0 pos '1445.3 -761.0 -24.0' spd 321.3 yaw 141.0 mode 1 st 1 gl 1 hp 80 frg -3
ARGEVT Omi goal 
ARGEVT Omi routefail
ARGLOG Zeus t  38.3 pos '1258.5 -540.9 -24.0' spd 321.2 yaw 324.9 mode 1 st 7 gl 0 hp 76 frg 0
ARGEVT Omi goal item_cells
ARGEVT Omi routefail
ARGEVT Zeus pursue
ARGLOG Omi t  38.5 pos '774.5 149.8 -200.0' spd 320.9 yaw  93.3 mode 0 st 2 gl 6 hp 100 frg -3
ARGEVT Reap pursue
ARGEVT Omi goal item_spikes
ARGLOG Reap t  38.6 pos '1541.8 -625.0 -24.0' spd 324.3 yaw  46.7 mode 1 st 1 gl 1 hp 80 frg -3
ARGEVT Omi routefail
ARGEVT Zeus hazard
ARGEVT Omi hazard
ARGEVT Reap hazard
ARGEVT Omi goal item_spikes
ARGEVT Reap goal item_shells
ARGEVT Omi routefail
ARGLOG Zeus t  38.8 pos '1312.7 -591.3 -24.0' spd 335.2 yaw 247 mode 1 st 7 gl 0 hp 76 frg 0
ARGEVT Omi goal item_spikes
ARGLOG Omi t  39.0 pos '867.2 240.0 -184.0' spd 321.8 yaw 351.4 mode 0 st 2 gl 6 hp 100 frg -3
ARGEVT Omi routefail
ARGLOG Reap t  39.1 pos '1568.0 -592.3 -24.0' spd   5.8 yaw 185 mode 0 st 1 gl 2 hp 95 frg -3
ARGEVT Omi goal item_shells
ARGEVT Omi routefail
ARGLOG Zeus t  39.3 pos '1227.0 -726.8 -24.0' spd 421.5 yaw 345.2 mode 1 st 7 gl 0 hp 76 frg 0
ARGEVT Omi goal item_spikes
ARGEVT Omi routefail
ARGLOG Omi t  39.5 pos '954.4 145.1 -184.0' spd 353.3 yaw   1.3 mode 0 st 2 gl 6 hp 100 frg -3
ARGEVT Omi goal item_rockets
ARGLOG Reap t  39.6 pos '1568.0 -599.4 -24.0' spd  11.4 yaw 203.2 mode 0 st 1 gl 2 hp 95 frg -3
ARGEVT Omi routefail
ARGEVT Omi trapped
ARGEVT Omi death Omi pos '1004.6  73.2 -184.0'
ARGEVT Reap route 9 start '1701.0 -639.0 -24.0' goal '869.0  97.0  56.0'
ARGLOG Zeus t  39.8 pos '1321.1 -756.6 -24.0' spd 320.1 yaw  25.0 mode 1 st 7 gl 0 hp 56 frg 0
ARGLOG Reap t  40.1 pos '1656.6 -741.0 -24.0' spd 342.6 yaw 176.5 mode 2 st 1 gl 2 hp 63 frg -3
ARGEVT Zeus abandon
ARGEVT Zeus goal item_health
ARGLOG Zeus t  40.4 pos '1311.2 -786.4 -24.0' spd 324.3 yaw   2.7 mode 0 st 7 gl 0 hp 44 frg 0
ARGEVT Zeus routefail
ARGEVT Zeus goal item_health
ARGEVT Zeus routefail
ARGLOG Reap t  40.6 pos '1672.4 -709.9 -24.0' spd 342.9 yaw 180.1 mode 2 st 1 gl 2 hp 23 frg -3
ARGEVT Zeus goal item_armorInv
ARGEVT Zeus routefail
ARGLOG Zeus t  40.9 pos '1344.0 -720.9 -24.0' spd 264.9 yaw  13.7 mode 0 st 7 gl 0 hp 44 frg 0
ARGEVT Zeus goal item_health
ARGEVT Zeus routefail
ARGEVT Reap death Zeus pos '1681.9 -668.0 -24.0'
ARGEVT Zeus goal 
ARGEVT Zeus route 2 start '1381.0 -703.0 -24.0' goal '1701.0 -639.0 -24.0'
ARGEVT Omi respawn
ARGLOG Zeus t  41.4 pos '1454.8 -824.5 -24.0' spd 331.7 yaw 12 mode 2 st 7 gl 0 hp 44 frg 1
ARGEVT Omi goal item_armorInv
ARGLOG Omi t  41.4 pos '1520.0 432.0 -88.0' spd 0 yaw 343.4 mode 0 st 2 gl 6 hp 100 frg -4
ARGEVT Omi routefail
ARGEVT Omi goal 
ARGEVT Omi routefail
ARGEVT Omi goal weapon_supernailgun
ARGEVT Omi routefail
ARGLOG Zeus t  41.9 pos '1554.9 -692.6 -24.0' spd 323.5 yaw  57.5 mode 1 st 7 gl 0 hp 44 frg 1
ARGLOG Omi t  41.9 pos '1562.2 400.0 -88.0' spd 310.0 yaw 179.5 mode 0 st 2 gl 6 hp 100 frg -4
ARGEVT Omi goal weapon_supershotgun
ARGEVT Omi routefail
ARGEVT Omi hazard
ARGEVT Omi trapped
ARGEVT Omi death Omi pos '1491.4 427.9 -88.0'
ARGLOG Zeus t  42.4 pos '1707.0 -627.3 -24.0' spd 372.2 yaw 298 mode 1 st 7 gl 0 hp 44 frg 1
ARGEVT Zeus goal item_health
ARGEVT Zeus routefail
ARGEVT Reap respawn
ARGEVT Reap goal weapon_supernailgun
ARGLOG Reap t  42.7 pos '-632.0 -680.0 -16.0' spd 0 yaw 83 mode 0 st 1 gl 2 hp 100 frg -3
ARGEVT Reap routefail
ARGEVT Zeus goal item_health
ARGEVT Zeus routefail
ARGLOG Zeus t  42.9 pos '1620.8 -712.4 -24.0' spd 348.5 yaw 149 mode 0 st 7 gl 1 hp 44 frg 1
ARGEVT Reap goal 
ARGEVT Reap routefail
ARGEVT Zeus goal 
ARGEVT Zeus routefail
ARGEVT Reap goal 
ARGEVT Reap routefail
ARGEVT Zeus goal 
ARGLOG Reap t  43.2 pos '-593.8 -527.1 -16.0' spd 320.0 yaw 72 mode 0 st 1 gl 2 hp 100 frg -3
ARGEVT Zeus routefail
ARGEVT Reap goal item_spikes
ARGEVT Zeus trapped
ARGEVT Zeus death Zeus pos '1495.0 -598.4 -24.0'
ARGEVT Omi respawn
ARGLOG Reap t  43.8 pos '264.1 -301.2  62.5' spd 294.2 yaw 267.8 mode 1 st 1 gl 2 hp 100 frg -3
ARGEVT Omi goal 
ARGLOG Omi t  43.8 pos '512.0 768.0 216.0' spd 0 yaw 286.3 mode 0 st 2 gl 6 hp 100 frg -5
ARGEVT Omi routefail
ARGEVT Omi goal weapon_lightning
ARGEVT Omi route 15 start '485.0 609.0 216.0' goal '1637.0 -191.0 -392.0'
ARGEVT Reap hazard
ARGEVT Omi hazard
ARGLOG Reap t  44.3 pos '206.3 -383.2  56.0' spd 330.6 yaw 151.4 mode 1 st 1 gl 2 hp 100 frg -3
ARGLOG Omi t  44.3 pos '559.5 633.2 216.0' spd 265.6 yaw 107 mode 2 st 2 gl 6 hp 100 frg -5
ARGLOG Reap t  44.8 pos '176.0 -368.0  56.0' spd 0 yaw 151.0 mode 1 st 1 gl 2 hp 100 frg -3
ARGLOG Omi t  44.8 pos '544.9 731.6 216.0' spd 325.7 yaw 114 mode 2 st 2 gl 6 hp 100 frg -5
ARGEVT Zeus respawn
ARGEVT Zeus plan powerup via weapon
ARGEVT Zeus goal weapon_lightning
ARGLOG Zeus t  45.0 pos '-880.0 -232.0 -16.0' spd 0 yaw  73.4 mode 0 st 7 gl 1 hp 100 frg 0
ARGEVT Zeus routefail
ARGEVT Zeus goal item_artifact_super_damage
ARGEVT Zeus routefail
ARGLOG Reap t  45.3 pos '176.0 -368.0  56.0' spd 0 yaw 151.0 mode 1 st 1 gl 2 hp 100 frg -3
ARGLOG Omi t  45.4 pos '486.3 891.0 209.5' spd 350.1 yaw 2 mode 2 st 2 gl 6 hp 100 frg -5
ARGEVT Zeus hazard
ARGEVT Reap stall
ARGEVT Reap jump
ARGEVT Zeus goal item_artifact_invulnerability
ARGEVT Zeus routefail
ARGLOG Zeus t  45.6 pos '-823.8 -100.4 -16.0' spd 322.8 yaw 112.6 mode 0 st 7 gl 1 hp 100 frg 0
ARGEVT Reap routefail
ARGEVT Zeus goal item_health
ARGEVT Zeus routefail
ARGEVT Reap plan powerup via weapon
ARGEVT Reap goal weapon_grenadelauncher
ARGLOG Reap t  45.8 pos '168.1 -360.0  90.9' spd  34.3 yaw 151.3 mode 0 st 2 gl 2 hp 100 frg -3
ARGEVT Reap routefail
ARGEVT Zeus goal weapon_grenadelauncher
ARGLOG Omi t  45.9 pos '487.0 944.4  50.0' spd  47.5 yaw 340 mode 2 st 2 gl 6 hp 100 frg -5
ARGEVT Zeus routefail
ARGEVT Reap goal item_artifact_super_damage
ARGEVT Reap routefail
ARGEVT Zeus goal 
ARGLOG Zeus t  46.1 pos '-805.5  65.2 -16.0' spd 328.2 yaw  64.4 mode 0 st 7 gl 1 hp 100 frg 0
ARGEVT Zeus routefail
ARGEVT Reap goal item_health
ARGEVT Reap routefail
ARGEVT Zeus trapped
ARGEVT Zeus death Zeus pos '-800.0 129.7 -16.0'
ARGLOG Reap t  46.3 pos '199.8 -289.7  60.0' spd 327.3 yaw  87.3 mode 0 st 2 gl 2 hp 100 frg -3
ARGLOG Omi t  46.4 pos '568.1 1063.8  40.0' spd 357.6 yaw 306 mode 2 st 2 gl 6 hp 100 frg -5
ARGEVT Reap trapped
ARGEVT Reap death Reap pos '211.8 -255.7  56.0'
ARGEVT Omi hazard
ARGLOG Omi t  46.9 pos '639.8 965.3  24.0' spd 322.4 yaw 305 mode 2 st 2 gl 6 hp 100 frg -5
ARGLOG Omi t  47.4 pos '663.7 792.2   2.8' spd 384.8 yaw 17 mode 2 st 2 gl 6 hp 100 frg -5
ARGEVT Zeus respawn
ARGEVT Zeus goal item_artifact_super_damage
ARGLOG Zeus t  47.9 pos '192.0 -208.0 -176.0' spd 0 yaw  73.4 mode 0 st 7 gl 1 hp 100 frg -1
ARGEVT Zeus routefail
ARGLOG Omi t  47.9 pos '809.9 826.6 -198.8' spd 354.6 yaw 22 mode 2 st 2 gl 6 hp 100 frg -5
ARGEVT Reap respawn
ARGEVT Reap goal item_armor2
ARGLOG Reap t  48.0 pos '1472.0 -928.0 -24.0' spd 0 yaw 106.3 mode 1 st 2 gl 2 hp 100 frg -4
ARGEVT Zeus goal item_health
ARGEVT Zeus route 2 start '165.0 -63.0 -176.0' goal '549.0  65.0 -184.0'
ARGEVT Reap hazard
ARGLOG Zeus t  48.4 pos '261.0 -65.7 -176.0' spd 349.1 yaw 24 mode 2 st 7 gl 1 hp 100 frg -1
ARGLOG Omi t  48.4 pos '846.7 1004.6 -278.8' spd 364.6 yaw 326 mode 2 st 2 gl 6 hp 95 frg -5
ARGLOG Reap t  48.5 pos '1408.0 -820.3 -24.0' spd  67.0 yaw 169.7 mode 1 st 2 gl 2 hp 100 frg -4
ARGLOG Zeus t  48.9 pos '413.1 -16.0 -200.0' spd 330.8 yaw 355 mode 1 st 7 gl 1 hp 100 frg -1
ARGLOG Omi t  49.0 pos '1021.2 1010.5 -288.6' spd 338.7 yaw 311 mode 2 st 2 gl 6 hp 95 frg -5
ARGLOG Reap t  49.1 pos '1266.7 -786.8 -24.0' spd 402.4 yaw 264.3 mode 1 st 2 gl 2 hp 100 frg -4
ARGEVT Zeus goal 
ARGEVT Zeus routefail
ARGEVT Reap hazard
ARGLOG Zeus t  49.4 pos '578.2 -32.9 -168.0' spd 348.1 yaw 300.7 mode 0 st 7 gl 2 hp 200 frg -1
ARGLOG Omi t  49.5 pos '1135.0 889.6 -296.0' spd 320.0 yaw 298 mode 2 st 2 gl 6 hp 95 frg -5
ARGEVT Zeus goal 
ARGEVT Zeus routefail
ARGLOG Reap t  49.6 pos '1279.6 -816.0 -24.0' spd  83.8 yaw 242 mode 1 st 2 gl 2 hp 100 frg -4
ARGEVT Zeus goal 
ARGEVT Zeus routefail
ARGEVT Zeus goal item_spikes
ARGLOG Zeus t  49.9 pos '559.6 -187.1 -200.0' spd 432.9 yaw 168.9 mode 0 st 7 gl 2 hp 200 frg -1
ARGEVT Zeus route 3 start '517.0 -159.0 -194.0' goal '  5.0 -191.0 -176.0'
ARGLOG Omi t  50.0 pos '1240.3 763.2 -296.0' spd 320.0 yaw 290 mode 2 st 2 gl 6 hp 95 frg -5
ARGLOG Reap t  50.1 pos '1319.5 -816.0 -24.0' spd  75.9 yaw 226 mode 1 st 2 gl 2 hp 100 frg -4
ARGEVT Reap hazard
ARGLOG Zeus t  50.5 pos '404.1 -113.2 -200.0' spd 331.0 yaw 168 mode 2 st 7 gl 2 hp 200 frg -1
ARGLOG Omi t  50.5 pos '1320.4 688.0 -308.8' spd 127.7 yaw 270 mode 2 st 2 gl 6 hp 95 frg -5
ARGLOG Reap t  50.6 pos '1347.8 -816.0 -24.0' spd   8.7 yaw 267 mode 1 st 2 gl 2 hp 100 frg -4
ARGEVT Omi swim
ARGLOG Zeus t  51.0 pos '312.4 -20.9 -176.0' spd 297.5 yaw 209 mode 2 st 7 gl 2 hp 200 frg -1
ARGLOG Omi t  51.0 pos '1347.3 672.0 -337.4' spd  28.2 yaw 266 mode 2 st 2 gl 6 hp 95 frg -5
ARGLOG Reap t  51.1 pos '1343.4 -816.0 -24.0' spd   8.5 yaw 267 mode 1 st 2 gl 2 hp 100 frg -4
ARGEVT Reap stall
ARGEVT Reap jump
ARGLOG Zeus t  51.5 pos '157.3 -81.0 -176.0' spd 335.0 yaw 236 mode 1 st 7 gl 2 hp 200 frg -1
ARGEVT Zeus hazard
ARGLOG Omi t  51.5 pos '1325.9 672.0 -336.0' spd  34.7 yaw 269 mode 2 st 2 gl 6 hp 95 frg -5
ARGEVT Reap route 1 start '1381.0 -703.0 -24.0' goal '1189.0 -799.0 -24.0'
ARGLOG Reap t  51.6 pos '1338.9 -816.0  10.3' spd   4.3 yaw 173 mode 2 st 3 gl 2 hp 100 frg -4
ARGEVT Zeus goal weapon_nailgun
ARGEVT Zeus routefail
ARGEVT Zeus goal item_shells
ARGLOG Zeus t  52.0 pos ' 91.1 -238.2 -176.0' spd 321.4 yaw 218.4 mode 0 st 7 gl 3 hp 200 frg -1
ARGEVT Zeus route 2 start '  5.0 -191.0 -176.0' goal '-187.0 -447.0 -112.0'
ARGLOG Omi t  52.0 pos '1316.9 672.0 -336.0' spd   6.4 yaw 271 mode 2 st 2 gl 6 hp 95 frg -5
ARGLOG Reap t  52.1 pos '1357.0 -805.7 -24.0' spd 182.2 yaw  92.3 mode 2 st 3 gl 2 hp 100 frg -4
ARGEVT Omi stall
ARGEVT Omi stallnode '1317.0 545.0 -392.0'
ARGEVT Omi route 7 start '1285.0 705.0 -296.0' goal '1637.0 -191.0 -392.0'
ARGLOG Zeus t  52.5 pos '-76.3 -238.2 -176.0' spd 320.4 yaw 243 mode 2 st 7 gl 3 hp 200 frg -1
ARGLOG Omi t  52.6 pos '1325.2 672.0 -336.0' spd  35.4 yaw 267 mode 2 st 3 gl 6 hp 95 frg -5
ARGLOG Reap t  52.7 pos '1241.5 -700.6 -24.0' spd 414.1 yaw 242 mode 2 st 3 gl 2 hp 100 frg -4
ARGLOG Zeus t  53.0 pos '-204.4 -295.4 -160.0' spd 295.2 yaw 282 mode 1 st 7 gl 3 hp 200 frg -1
ARGEVT Reap hazard
ARGLOG Omi t  53.1 pos '1297.5 672.0 -336.0' spd  18.8 yaw 274 mode 2 st 3 gl 6 hp 95 frg -5
ARGLOG Reap t  53.2 pos '1226.4 -816.0 -24.0' spd 343.1 yaw 274 mode 1 st 3 gl 2 hp 100 frg -4
ARGEVT Zeus goal item_rockets
ARGEVT Zeus routefail
ARGLOG Zeus t  53.5 pos '-186.5 -460.6 -112.0' spd 320.2 yaw 284.0 mode 0 st 7 gl 4 hp 200 frg -1
ARGEVT Zeus hazard
ARGLOG Omi t  53.6 pos '1312.8 672.0 -336.0' spd  25.3 yaw 271 mode 2 st 3 gl 6 hp 95 frg -5
ARGEVT Zeus goal 
ARGEVT Zeus routefail
ARGLOG Reap t  53.7 pos '1319.7 -816.0 -24.0' spd 123.6 yaw 226 mode 1 st 3 gl 2 hp 100 frg -4
ARGEVT Zeus goal item_shells
ARGEVT Zeus routefail
ARGEVT Zeus goal item_spikes
ARGLOG Zeus t  54.1 pos '-112.0 -464.0 -96.0' spd 0 yaw 350 mode 0 st 7 gl 4 hp 200 frg -1
ARGEVT Reap hazard
ARGEVT Zeus routefail
ARGLOG Omi t  54.1 pos '1319.1 672.0 -336.0' spd   4.2 yaw 270 mode 2 st 3 gl 6 hp 95 frg -5
ARGLOG Reap t  54.2 pos '1337.6 -816.0 -24.0' spd 0 yaw 270 mode 1 st 3 gl 2 hp 100 frg -4
ARGEVT Zeus trapped
ARGEVT Zeus death Zeus pos '-112.0 -464.0 -96.0'
ARGEVT Omi stall
ARGEVT Omi stallnode '1317.0 545.0 -392.0'
ARGEVT Omi route 7 start '1285.0 705.0 -296.0' goal '1637.0 -191.0 -392.0'
ARGLOG Omi t  54.6 pos '1322.3 672.0 -336.0' spd  20.4 yaw 268 mode 2 st 4 gl 6 hp 95 frg -5
ARGLOG Reap t  54.7 pos '1337.6 -816.0 -24.0' spd 0 yaw 270 mode 1 st 3 gl 2 hp 100 frg -4
ARGEVT Reap stall
ARGEVT Reap jump
ARGLOG Omi t  55.1 pos '1297.1 672.0 -336.0' spd   5.2 yaw 274 mode 2 st 4 gl 6 hp 95 frg -5
ARGLOG Reap t  55.2 pos '1337.6 -816.0  10.4' spd 0 yaw 270 mode 0 st 4 gl 2 hp 100 frg -4
ARGEVT Reap route 1 start '1381.0 -703.0 -24.0' goal '1189.0 -799.0 -24.0'
ARGLOG Omi t  55.6 pos '1309.6 672.0 -336.0' spd  29.3 yaw 272 mode 2 st 4 gl 6 hp 95 frg -5
ARGLOG Reap t  55.7 pos '1354.9 -808.8 -24.0' spd 173.9 yaw  73.8 mode 2 st 4 gl 2 hp 100 frg -4
ARGEVT Zeus respawn
ARGEVT Zeus goal item_health
ARGLOG Zeus t  55.9 pos '1520.0 432.0 -88.0' spd 0 yaw  16.6 mode 0 st 7 gl 4 hp 100 frg -2
ARGEVT Zeus routefail
ARGEVT Zeus goal item_health
ARGEVT Zeus routefail
ARGLOG Omi t  56.2 pos '1318.5 672.0 -336.0' spd   7.1 yaw 270 mode 2 st 4 gl 6 hp 95 frg -5
ARGEVT Zeus goal 
ARGLOG Reap t  56.3 pos '1285.3 -694.4 -24.0' spd 360.3 yaw 228 mode 2 st 4 gl 2 hp 100 frg -4
ARGEVT Zeus routefail
ARGLOG Zeus t  56.4 pos '1622.5 550.1 -88.0' spd 404.7 yaw 147.5 mode 0 st 7 gl 4 hp 100 frg -2
ARGEVT Zeus hazard
ARGEVT Zeus goal weapon_rocketlauncher
ARGEVT Omi stall
ARGEVT Omi stallnode '1317.0 545.0 -392.0'
ARGEVT Zeus goal item_rockets
ARGLOG Omi t  56.7 pos '1319.8 672.0 -336.0' spd  13.5 yaw 285 mode 0 st 5 gl 6 hp 95 frg -5
ARGEVT Zeus routefail
ARGEVT Reap hazard
ARGLOG Reap t  56.8 pos '1200.2 -815.6 -24.0' spd 363.7 yaw 290 mode 1 st 4 gl 2 hp 100 frg -4
ARGEVT Omi route 7 start '1285.0 705.0 -296.0' goal '1637.0 -191.0 -392.0'
ARGEVT Zeus trapped
ARGEVT Zeus death Zeus pos '1543.6 477.6 -88.0'
ARGLOG Omi t  57.2 pos '1302.6 672.0 -336.0' spd 141.5 yaw 273 mode 2 st 5 gl 6 hp 95 frg -5
ARGLOG Reap t  57.3 pos '1310.3 -816.0 -24.0' spd 123.7 yaw 229 mode 1 st 4 gl 2 hp 100 frg -4
ARGLOG Omi t  57.7 pos '1307.0 672.0 -336.0' spd  32.9 yaw 272 mode 2 st 5 gl 6 hp 95 frg -5
ARGEVT Reap hazard
ARGLOG Reap t  57.8 pos '1334.7 -816.0 -24.0' spd   2.8 yaw 271 mode 1 st 4 gl 2 hp 100 frg -4
ARGLOG Omi t  58.2 pos '1317.7 672.0 -336.0' spd  10.2 yaw 270 mode 2 st 5 gl 6 hp 95 frg -5
ARGLOG Reap t  58.3 pos '1336.2 -816.0 -24.0' spd   2.9 yaw 271 mode 1 st 4 gl 2 hp 100 frg -4
ARGEVT Zeus respawn
ARGEVT Zeus goal 
ARGLOG Zeus t  58.5 pos '-632.0 -680.0 -16.0' spd 0 yaw  73.4 mode 0 st 7 gl 5 hp 100 frg -3
ARGEVT Zeus routefail
ARGEVT Reap stall
ARGEVT Reap jump
ARGEVT Zeus goal 
ARGEVT Zeus routefail
ARGEVT Omi stall
ARGEVT Omi stallnode '1317.0 545.0 -392.0'
ARGLOG Omi t  58.7 pos '1319.2 672.0 -336.0' spd   2.0 yaw 395.2 mode 0 st 6 gl 6 hp 95 frg -5
ARGEVT Reap route 1 start '1381.0 -703.0 -24.0' goal '1189.0 -799.0 -24.0'
ARGLOG Reap t  58.8 pos '1338.2 -816.0  10.6' spd  12.7 yaw 173 mode 2 st 5 gl 2 hp 100 frg -4
ARGEVT Omi route 7 start '1285.0 705.0 -296.0' goal '1637.0 -191.0 -392.0'
ARGEVT Zeus goal item_rockets
ARGEVT Zeus routefail
ARGLOG Zeus t  59.0 pos '-592.3 -533.9 -16.0' spd 320.5 yaw 95 mode 0 st 7 gl 5 hp 100 frg -3
ARGEVT Zeus goal item_rockets
ARGEVT Zeus route 1 start '-667.0 -511.0 -16.0' goal '165.0 -351.0  56.0'
ARGLOG Omi t  59.3 pos '1302.7 672.0 -336.0' spd  76.5 yaw 273 mode 2 st 6 gl 6 hp 95 frg -5
ARGLOG Reap t  59.4 pos '1357.8 -805.6 -24.0' spd 181.3 yaw  92.6 mode 2 st 5 gl 2 hp 100 frg -4
ARGLOG Zeus t  59.5 pos '-654.3 -379.2 -16.0' spd 404.8 yaw 1 mode 2 st 7 gl 5 hp 100 frg -3
ARGEVT Zeus hazard
ARGLOG Omi t  59.8 pos '1303.3 672.0 -336.0' spd  30.3 yaw 273 mode 2 st 6 gl 6 hp 95 frg -5
ARGLOG Reap t  59.9 pos '1242.4 -700.2 -24.0' spd 411.1 yaw 242 mode 2 st 5 gl 2 hp 100 frg -4
ARGLOG Zeus t  60.0 pos '-670.3 -437.8 -16.0' spd 320.0 yaw 5 mode 2 st 7 gl 5 hp 100 frg -3
ARGEVT Reap hazard
ARGLOG Omi t  60.3 pos '1316.2 672.0 -336.0' spd  15.8 yaw 271 mode 2 st 6 gl 6 hp 95 frg -5
ARGEVT Zeus route 1 start '-667.0 -511.0 -16.0' goal '165.0 -351.0  56.0'
ARGLOG Reap t  60.4 pos '1169.8 -816.0 -24.0' spd   2.8 yaw 306 mode 1 st 5 gl 2 hp 100 frg -4
ARGLOG Zeus t  60.5 pos '-592.0 -555.2 -16.0' spd 131.4 yaw 15 mode 2 st 7 gl 5 hp 100 frg -3
ARGLOG Omi t  60.8 pos '1319.4 672.0 -336.0' spd   0.5 yaw 270 mode 2 st 6 gl 6 hp 95 frg -5
ARGEVT Omi stall
ARGEVT Omi stallnode '1317.0 545.0 -392.0'
ARGLOG Reap t  60.9 pos '1171.2 -816.0 -24.0' spd   2.8 yaw 305 mode 1 st 5 gl 2 hp 100 frg -4
ARGLOG Zeus t  61.1 pos '-671.1 -416.6 -16.0' spd 412.4 yaw 4 mode 2 st 7 gl 5 hp 100 frg -3
ARGEVT Omi route 7 start '1285.0 705.0 -296.0' goal '1637.0 -191.0 -392.0'
ARGEVT Reap hazard
ARGLOG Omi t  61.3 pos '1326.2 672.0 -336.0' spd  26.9 yaw 266 mode 2 st 7 gl 6 hp 95 frg -5
ARGLOG Reap t  61.4 pos '1172.7 -816.0 -24.0' spd   2.8 yaw 304 mode 1 st 5 gl 2 hp 100 frg -4
ARGEVT Reap stall
ARGEVT Reap jump
ARGLOG Zeus t  61.6 pos '-625.3 -545.7 -16.0' spd 404.1 yaw 20 mode 0 st 7 gl 5 hp 100 frg -3
ARGEVT Zeus route 1 start '-667.0 -511.0 -16.0' goal '165.0 -351.0  56.0'
ARGEVT Zeus hazard
ARGEVT Reap route 0 start '1189.0 -799.0 -24.0' goal '1189.0 -799.0 -24.0'
ARGLOG Omi t  61.8 pos '1300.3 672.0 -336.0' spd  28.9 yaw 273 mode 2 st 7 gl 6 hp 95 frg -5
ARGLOG Reap t  61.9 pos '1187.5 -816.0  10.7' spd  52.9 yaw 297 mode 1 st 6 gl 2 hp 100 frg -4
ARGLOG Zeus t  62.1 pos '-624.3 -398.4 -16.0' spd 387.8 yaw 3 mode 2 st 7 gl 5 hp 100 frg -3
ARGEVT Reap hazard
ARGLOG Omi t  62.3 pos '1315.0 672.0 -336.0' spd  20.0 yaw 271 mode 2 st 7 gl 6 hp 95 frg -5
ARGLOG Reap t  62.4 pos '1203.8 -816.0 -24.0' spd   2.8 yaw 288 mode 1 st 6 gl 2 hp 100 frg -4
ARGLOG Zeus t  62.6 pos '-677.0 -499.5 -16.0' spd 344.1 yaw 325.0 mode 0 st 7 gl 5 hp 100 frg -3
ARGEVT Zeus route 1 start '-667.0 -511.0 -16.0' goal '165.0 -351.0  56.0'
ARGEVT Zeus hazard
ARGLOG Omi t  62.9 pos '1319.3 672.0 -336.0' spd   2.7 yaw 270 mode 2 st 7 gl 6 hp 95 frg -5
ARGEVT Reap stall
ARGLOG Reap t  63.0 pos '1205.3 -816.0 -24.0' spd   2.9 yaw 430.1 mode 0 st 7 gl 2 hp 100 frg -4
ARGEVT Reap jump
ARGEVT Omi stall
ARGEVT Omi stallnode '1317.0 545.0 -392.0'
ARGEVT Reap route 0 start '1189.0 -799.0 -24.0' goal '1189.0 -799.0 -24.0'
ARGLOG Zeus t  63.1 pos '-594.1 -467.6 -16.0' spd 333.4 yaw 8 mode 2 st 7 gl 5 hp 100 frg -3
ARGEVT Omi route 7 start '1285.0 705.0 -296.0' goal '1637.0 -191.0 -392.0'
ARGLOG Omi t  63.4 pos '1320.2 672.0 -336.0' spd  36.0 yaw 269 mode 2 st 8 gl 6 hp 95 frg -5
ARGLOG Reap t  63.5 pos '1221.9 -816.0  -1.3' spd  54.4 yaw 277 mode 1 st 7 gl 2 hp 100 frg -4
ARGLOG Zeus t  63.6 pos '-675.1 -462.0 -16.0' spd 320.6 yaw 7 mode 2 st 7 gl 5 hp 100 frg -3
ARGEVT Reap hazard
ARGEVT Zeus route 1 start '-667.0 -511.0 -16.0' goal '165.0 -351.0  56.0'
ARGLOG Omi t  63.9 pos '1298.0 672.0 -336.0' spd  13.5 yaw 274 mode 2 st 8 gl 6 hp 95 frg -5
ARGLOG Reap t  64.0 pos '1232.1 -816.0 -24.0' spd   2.8 yaw 270 mode 1 st 7 gl 2 hp 100 frg -4
ARGEVT Zeus route 1 start '-667.0 -511.0 -16.0' goal '165.0 -351.0  56.0'
ARGLOG Zeus t  64.1 pos '-592.0 -597.9 -16.0' spd 326.3 yaw 18 mode 2 st 7 gl 5 hp 100 frg -3
ARGEVT Omi abandon
ARGEVT Omi goal item_armor2
ARGEVT Omi routefail
ARGEVT Omi goal weapon_grenadelauncher
ARGLOG Omi t  64.4 pos '1309.6 672.0 -336.0' spd   6.7 yaw 258 mode 0 st 8 gl 6 hp 95 frg -5
ARGEVT Reap stall
ARGEVT Reap jump
ARGEVT Omi route 5 start '1285.0 705.0 -296.0' goal '1125.0 257.0 -392.0'
ARGLOG Reap t  64.5 pos '1233.6 -816.0  -2.5' spd   2.9 yaw 269 mode 0 st 8 gl 2 hp 100 frg -4
ARGEVT Reap route 0 start '1189.0 -799.0 -24.0' goal '1189.0 -799.0 -24.0'
ARGEVT Zeus hazard
ARGLOG Zeus t  64.7 pos '-688.0 -735.7 -16.0' spd 269.6 yaw 24 mode 2 st 7 gl 5 hp 100 frg -3
ARGLOG Omi t  64.9 pos '1313.5 672.0 -336.0' spd  13.0 yaw 271 mode 2 st 8 gl 6 hp 95 frg -5
ARGLOG Reap t  65.0 pos '1233.6 -816.0 -22.9' spd   2.3 yaw 269 mode 1 st 8 gl 2 hp 100 frg -4
ARGEVT Reap hazard
ARGEVT Reap stall
ARGEVT Reap jump
ARGLOG Zeus t  65.2 pos '-675.1 -608.9 -16.0' spd 320.0 yaw 17 mode 2 st 7 gl 5 hp 100 frg -3
ARGEVT Omi stall
ARGEVT Omi stallnode '1317.0 545.0 -392.0'
ARGLOG Omi t  65.4 pos '1314.4 672.0 -336.0' spd  28.9 yaw 258 mode 0 st 9 gl 6 hp 95 frg -5
ARGEVT Omi route 5 start '1285.0 705.0 -296.0' goal '1125.0 257.0 -392.0'
ARGEVT Zeus route 1 start '-667.0 -511.0 -16.0' goal '165.0 -351.0  56.0'
ARGLOG Reap t  65.5 pos '1223.0 -815.2  10.9' spd  30.0 yaw 176.3 mode 0 st 9 gl 2 hp 100 frg -4
ARGLOG Zeus t  65.7 pos '-613.0 -453.4 -16.0' spd 350.7 yaw 14 mode 0 st 7 gl 5 hp 100 frg -3
ARGEVT Zeus route 1 start '-667.0 -511.0 -16.0' goal '165.0 -351.0  56.0'
ARGEVT Omi stall
ARGEVT Omi stallnode '1317.0 545.0 -392.0'
ARGLOG Omi t  65.9 pos '1311.4 672.0 -336.0' spd  10.9 yaw 477.0 mode 0 st 10 gl 6 hp 95 frg -5
ARGLOG Reap t  66.1 pos '1151.9 -805.5 -24.0' spd 144.6 yaw  29.0 mode 0 st 9 gl 2 hp 100 frg -4
ARGLOG Zeus t  66.2 pos '280.7 -265.4  56.0' spd 325.6 yaw  46.6 mode 1 st 7 gl 5 hp 100 frg -3
ARGLOG Omi t  66.5 pos '1336.2 672.0 -336.0' spd 111.3 yaw 298.5 mode 0 st 10 gl 6 hp 95 frg -5
ARGLOG Reap t  66.6 pos '1273.8 -711.4 -24.0' spd 320.3 yaw  29.0 mode 0 st 9 gl 2 hp 100 frg -4
ARGEVT Reap goal weapon_lightning
ARGEVT Reap routefail
ARGLOG Zeus t  66.7 pos '271.4 -108.0  56.0' spd 424.1 yaw 212.1 mode 1 st 7 gl 5 hp 100 frg -3
ARGEVT Reap goal 
ARGEVT Reap route 2 start '1381.0 -703.0 -24.0' goal '1701.0 -639.0 -24.0'
ARGLOG Omi t  67.0 pos '1404.0 672.0 -336.0' spd 139.6 yaw 298.5 mode 0 st 10 gl 6 hp 95 frg -5
ARGLOG Reap t  67.1 pos '1434.9 -692.9 -24.0' spd 346.3 yaw 11 mode 2 st 9 gl 2 hp 100 frg -4
ARGEVT Zeus goal item_armorInv
ARGEVT Zeus routefail
ARGLOG Zeus t  67.2 pos '168.0 -243.8  56.0' spd 322.5 yaw 281 mode 0 st 7 gl 6 hp 100 frg -3
ARGEVT Zeus goal weapon_supernailgun
ARGEVT Zeus routefail
ARGEVT Omi goal 
ARGLOG Omi t  67.5 pos '1407.1 739.0 -334.2' spd 246.2 yaw 127.8 mode 0 st 10 gl 6 hp 95 frg -5
ARGEVT Zeus goal 
ARGEVT Zeus hazard
ARGEVT Omi routefail
ARGLOG Reap t  67.6 pos '1600.9 -677.2 -24.0' spd 410.1 yaw 108.8 mode 1 st 9 gl 2 hp 100 frg -4
ARGEVT Omi goal item_health
ARGLOG Zeus t  67.7 pos '176.0 -367.9  56.0' spd 0 yaw 298.3 mode 0 st 7 gl 6 hp 100 frg -3
ARGEVT Omi routefail
ARGEVT Reap hazard
ARGEVT Omi goal 
ARGEVT Omi routefail
ARGLOG Omi t  68.0 pos '1318.4 722.2 -329.7' spd 222.7 yaw 292.3 mode 0 st 10 gl 6 hp 95 frg -5
ARGEVT Omi goal 
ARGLOG Reap t  68.1 pos '1568.0 -593.8 -24.0' spd   5.8 yaw 178 mode 1 st 9 gl 2 hp 100 frg -4
ARGEVT Omi routefail
ARGLOG Zeus t  68.3 pos '307.4 -400.0  56.0' spd 321.8 yaw 351 mode 0 st 7 gl 6 hp 100 frg -3
ARGEVT Omi swim
ARGEVT Omi trapped
ARGEVT Omi death Omi pos '1315.2 688.0 -329.1'
ARGEVT Zeus routefail
ARGEVT Zeus goal weapon_grenadelauncher
ARGEVT Zeus routefail
ARGLOG Reap t  68.6 pos '1568.0 -593.8 -24.0' spd   5.7 yaw 178 mode 1 st 9 gl 2 hp 100 frg -4
ARGEVT Reap stall
ARGEVT Reap jump
ARGEVT Zeus goal 
ARGLOG Zeus t  68.8 pos '474.0 -387.5  56.0' spd 339.1 yaw 42 mode 0 st 7 gl 6 hp 100 frg -3
ARGEVT Zeus routefail
ARGEVT Reap route 0 start '1701.0 -639.0 -24.0' goal '1701.0 -639.0 -24.0'
ARGEVT Zeus trapped
ARGEVT Zeus death Zeus pos '533.4 -355.7  56.0'
ARGLOG Reap t  69.1 pos '1568.0 -594.9  11.0' spd   2.2 yaw 177 mode 1 st 10 gl 2 hp 100 frg -4
ARGEVT Reap stall
ARGEVT Reap jump
ARGLOG Reap t  69.6 pos '1572.5 -595.8  10.5' spd  30.5 yaw 350.0 mode 0 st 11 gl 2 hp 100 frg -4
ARGEVT Omi respawn
ARGEVT Omi goal 
ARGLOG Omi t  69.9 pos '512.0 768.0 216.0' spd 0 yaw 286.3 mode 0 st 10 gl 6 hp 100 frg -6
ARGEVT Omi routefail
ARGEVT Omi goal item_health
ARGLOG Reap t  70.2 pos '1594.4 -602.4 -24.0' spd 173.2 yaw 350.0 mode 0 st 11 gl 2 hp 100 frg -4
ARGEVT Omi routefail
ARGEVT Omi goal 
ARGEVT Omi route 3 start '485.0 609.0 216.0' goal '357.0 161.0  56.0'
ARGLOG Omi t  70.4 pos '555.3 616.8 216.0' spd 344.2 yaw 267 mode 2 st 10 gl 6 hp 100 frg -6
ARGEVT Omi hazard
ARGEVT Zeus respawn
ARGEVT Zeus goal 
ARGLOG Zeus t  70.6 pos '-880.0 -232.0 -16.0' spd 0 yaw 84 mode 0 st 7 gl 6 hp 100 frg -4
ARGEVT Zeus routefail
ARGLOG Reap t  70.7 pos '1736.0 -636.1 -24.0' spd 320.1 yaw 350.0 mode 0 st 11 gl 2 hp 100 frg -4
ARGEVT Zeus goal 
ARGEVT Zeus routefail
ARGLOG Omi t  70.9 pos '493.9 592.0 140.4' spd  40.1 yaw 269 mode 2 st 10 gl 6 hp 100 frg -6
ARGEVT Zeus goal 
ARGEVT Reap goal weapon_grenadelauncher
ARGEVT Zeus routefail
ARGLOG Zeus t  71.1 pos '-851.2 -77.9 -16.0' spd 348.3 yaw  26.7 mode 0 st 7 gl 6 hp 100 frg -4
ARGEVT Zeus goal 
ARGLOG Reap t  71.2 pos '1903.8 -643.8 -24.0' spd 378.0 yaw  72.2 mode 0 st 11 gl 2 hp 100 frg -4
ARGEVT Reap hazard
ARGEVT Zeus routefail
ARGEVT Zeus goal 
ARGEVT Zeus routefail
ARGLOG Omi t  71.4 pos '504.5 498.1  56.0' spd 320.3 yaw 247 mode 2 st 10 gl 6 hp 100 frg -6
ARGEVT Zeus goal 
ARGLOG Zeus t  71.6 pos '-804.1  73.6 -16.0' spd 321.2 yaw 101 mode 0 st 7 gl 6 hp 100 frg -4
ARGEVT Zeus routefail
ARGLOG Reap t  71.7 pos '1888.0 -602.8 -24.0' spd   2.9 yaw 179 mode 0 st 11 gl 2 hp 100 frg -4
ARGEVT Zeus trapped
ARGEVT Zeus death Zeus pos '-813.0 139.0 -16.0'
ARGEVT Reap routefail
ARGLOG Omi t  72.0 pos '474.4 334.5  56.0' spd 324.6 yaw 265 mode 1 st 10 gl 6 hp 100 frg -6
ARGEVT Reap goal 
ARGEVT Reap routefail
ARGEVT Reap goal 
ARGLOG Reap t  72.2 pos '1888.0 -601.3 -24.0' spd   2.8 yaw 179 mode 0 st 11 gl 2 hp 100 frg -4
ARGEVT Reap routefail
ARGEVT Reap stall
ARGEVT Reap jump
ARGEVT Omi goal 
ARGEVT Omi routefail
ARGEVT Reap goal weapon_nailgun
ARGEVT Reap routefail
ARGLOG Omi t  72.5 pos '461.0 168.7  56.0' spd 349.8 yaw 320.3 mode 0 st 10 gl 7 hp 100 frg -6
ARGEVT Omi hazard
ARGEVT Omi goal weapon_supershotgun
ARGEVT Omi routefail
ARGEVT Reap trapped
ARGEVT Reap death Reap pos '1888.0 -601.1  14.9'
ARGEVT Omi goal 
ARGEVT Omi routefail
ARGEVT Omi goal 
ARGLOG Omi t  73.0 pos '499.8 240.9  56.0' spd 359.0 yaw  35.4 mode 0 st 10 gl 7 hp 100 frg -6
ARGEVT Omi routefail
ARGEVT Omi trapped
ARGEVT Omi death Omi pos '549.3 298.0  56.0'
ARGEVT Zeus respawn
ARGEVT Zeus goal weapon_nailgun
ARGLOG Zeus t  73.4 pos '192.0 -208.0 -176.0' spd 0 yaw 106.3 mode 0 st 7 gl 6 hp 100 frg -5
ARGEVT Zeus routefail
ARGEVT Zeus goal 
ARGEVT Zeus routefail
ARGEVT Zeus goal 
ARGEVT Zeus routefail
ARGLOG Zeus t  73.9 pos '149.2 -65.2 -176.0' spd 344.8 yaw  40.1 mode 0 st 7 gl 6 hp 100 frg -5
ARGEVT Zeus goal 
ARGEVT Zeus route 5 start '165.0 -63.0 -176.0' goal '869.0  65.0 -184.0'
ARGEVT Reap respawn
ARGEVT Reap goal weapon_supershotgun
ARGLOG Reap t  74.2 pos '1472.0 -928.0 -24.0' spd 0 yaw  73.7 mode 0 st 12 gl 2 hp 100 frg -5
ARGEVT Reap route 2 start '1381.0 -703.0 -24.0' goal '1701.0 -639.0 -24.0'
ARGEVT Zeus hazard
ARGLOG Zeus t  74.4 pos '288.0  33.7 -176.0' spd 267.1 yaw 283 mode 2 st 7 gl 6 hp 100 frg -5
ARGEVT Omi respawn
ARGLOG Reap t  74.7 pos '1442.5 -774.6 -24.0' spd 320.9 yaw 27 mode 2 st 12 gl 2 hp 100 frg -5
ARGEVT Omi goal 
ARGLOG Omi t  74.8 pos '1520.0 432.0 -88.0' spd 0 yaw  16.3 mode 1 st 10 gl 7 hp 100 frg -7
ARGLOG Zeus t  74.9 pos '288.0 -13.4 -176.0' spd  11.4 yaw 285 mode 2 st 7 gl 6 hp 100 frg -5
ARGEVT Omi hazard
ARGLOG Reap t  75.3 pos '1532.4 -703.2 -24.0' spd 367.3 yaw 320.6 mode 2 st 12 gl 2 hp 100 frg -5
ARGLOG Omi t  75.3 pos '1568.0 558.1 -88.0' spd  43.8 yaw 181.1 mode 1 st 10 gl 7 hp 100 frg -7
ARGLOG Zeus t  75.5 pos '379.4 -17.8 -200.0' spd 342.1 yaw 318 mode 2 st 7 gl 6 hp 100 frg -5
ARGEVT Omi goal item_health
ARGEVT Omi routefail
ARGLOG Reap t  75.8 pos '1699.5 -715.2 -24.0' spd 331.4 yaw 37 mode 1 st 12 gl 2 hp 100 frg -5
ARGEVT Omi goal item_rockets
ARGLOG Omi t  75.8 pos '1488.0 465.4 -88.0' spd 322.3 yaw 277.3 mode 0 st 10 gl 8 hp 100 frg -7
ARGEVT Omi routefail
ARGEVT Reap goal 
ARGLOG Zeus t  76.0 pos '450.2 -172.5 -198.8' spd 345.5 yaw 334 mode 2 st 7 gl 6 hp 100 frg -5
ARGEVT Omi goal 
ARGEVT Omi routefail
ARGEVT Omi goal item_health
ARGEVT Omi routefail
ARGEVT Reap goal item_health
ARGLOG Reap t  76.3 pos '1853.2 -653.4 -24.0' spd 320.5 yaw  31.3 mode 0 st 12 gl 3 hp 100 frg -5
ARGEVT Reap routefail
ARGLOG Omi t  76.3 pos '1587.9 400.9 -88.0' spd 326.9 yaw  31.6 mode 0 st 10 gl 8 hp 100 frg -7
ARGEVT Zeus hazard
ARGEVT Omi trapped
ARGEVT Omi death Omi pos '1622.9 409.7 -88.0'
ARGEVT Reap hazard
ARGLOG Zeus t  76.5 pos '435.6 -301.1 -200.0' spd 292.3 yaw 10 mode 2 st 7 gl 6 hp 100 frg -5
ARGEVT Reap goal 
ARGEVT Reap routefail
ARGEVT Reap goal 
ARGEVT Reap routefail
ARGLOG Reap t  76.8 pos '1888.0 -602.0 -24.0' spd   1.5 yaw 196.1 mode 0 st 12 gl 3 hp 100 frg -5
ARGEVT Reap goal 
ARGEVT Reap routefail
ARGLOG Zeus t  77.0 pos '600.3 -295.6 -200.0' spd 322.2 yaw 53 mode 2 st 7 gl 6 hp 100 frg -5
ARGEVT Reap trapped
ARGEVT Reap death Reap pos '1814.9 -629.0 -24.0'
ARGLOG Zeus t  77.5 pos '761.1 -260.0 -200.0' spd 320.2 yaw 71 mode 2 st 7 gl 6 hp 100 frg -5
ARGEVT Omi respawn
ARGLOG Zeus t  78.0 pos '905.5 -173.9 -184.0' spd 376.9 yaw 98 mode 2 st 7 gl 6 hp 100 frg -5
ARGEVT Omi goal 
ARGLOG Omi t  78.0 pos '-632.0 -680.0 -16.0' spd 0 yaw  73.4 mode 0 st 10 gl 8 hp 100 frg -8
ARGEVT Omi routefail
ARGEVT Omi goal 
ARGEVT Omi routefail
ARGEVT Omi goal 
ARGEVT Omi route 5 start '-667.0 -511.0 -16.0' goal '485.0 321.0  56.0'
ARGLOG Zeus t  78.6 pos '944.9  -7.0 -184.0' spd 328.3 yaw 52 mode 1 st 7 gl 6 hp 100 frg -5
ARGLOG Omi t  78.6 pos '-597.8 -533.5 -16.0' spd 323.7 yaw 13 mode 2 st 10 gl 8 hp 100 frg -8
ARGEVT Reap respawn
ARGEVT Reap goal 
ARGLOG Reap t  78.7 pos '512.0 768.0 216.0' spd 0 yaw 253.4 mode 0 st 12 gl 3 hp 100 frg -6
ARGEVT Zeus goal 
ARGEVT Reap routefail
ARGEVT Omi hazard
ARGEVT Reap goal 
ARGEVT Reap routefail
ARGLOG Zeus t  79.1 pos '1008.0 146.9 -184.0' spd 299.9 yaw  24.7 mode 0 st 7 gl 7 hp 100 frg -5
ARGLOG Omi t  79.1 pos '-668.4 -434.7 -16.0' spd 171.5 yaw 5 mode 2 st 10 gl 8 hp 100 frg -8
ARGEVT Reap goal 
ARGEVT Reap routefail
ARGEVT Zeus hazard
ARGLOG Reap t  79.2 pos '466.6 627.0 216.0' spd 324.3 yaw 285 mode 0 st 12 gl 3 hp 100 frg -6
ARGEVT Omi route 5 start '-667.0 -511.0 -16.0' goal '485.0 321.0  56.0'
ARGEVT Reap goal 
ARGEVT Reap hazard
ARGEVT Reap route 8 start '485.0 609.0 216.0' goal '1285.0 705.0 -296.0'
ARGEVT Zeus routefail
ARGEVT Omi route 5 start '-667.0 -511.0 -16.0' goal '485.0 321.0  56.0'
ARGEVT Zeus goal item_health
ARGLOG Zeus t  79.6 pos '1008.0 191.9 -184.0' spd 295.8 yaw 27 mode 0 st 7 gl 7 hp 100 frg -5
ARGLOG Omi t  79.6 pos '-592.0 -554.4 -16.0' spd 125.4 yaw 15 mode 2 st 10 gl 8 hp 100 frg -8
ARGEVT Zeus routefail
ARGLOG Reap t  79.7 pos '536.0 597.4 157.1' spd  33.0 yaw 100 mode 2 st 12 gl 3 hp 100 frg -6
ARGEVT Zeus goal 
ARGEVT Zeus routefail
ARGEVT Zeus goal 
ARGEVT Zeus routefail
ARGLOG Zeus t  80.1 pos '1008.0 220.0 -184.0' spd 337.8 yaw  45.3 mode 0 st 7 gl 7 hp 100 frg -5
ARGLOG Omi t  80.1 pos '-673.7 -415.9 -16.0' spd 411.9 yaw 4 mode 2 st 10 gl 8 hp 100 frg -8
ARGEVT Omi hazard
ARGEVT Zeus trapped
ARGEVT Zeus death Zeus pos '995.5 224.0 -184.0'
ARGLOG Reap t  80.3 pos '510.4 671.3  56.0' spd 320.0 yaw 97 mode 2 st 12 gl 3 hp 100 frg -6
ARGEVT Reap hazard
ARGEVT Omi route 5 start '-667.0 -511.0 -16.0' goal '485.0 321.0  56.0'
ARGLOG Omi t  80.6 pos '-623.0 -568.3 -16.0' spd 405.4 yaw 15 mode 2 st 10 gl 8 hp 100 frg -8
ARGLOG Reap t  80.8 pos '391.0 670.5  56.0' spd 152.4 yaw 64 mode 2 st 12 gl 3 hp 100 frg -6
ARGLOG Omi t  81.1 pos '-638.5 -422.7 -16.0' spd 396.8 yaw 5 mode 2 st 10 gl 8 hp 100 frg -8
ARGEVT Omi hazard
ARGLOG Reap t  81.3 pos '324.2 669.3  56.0' spd 120.0 yaw 50 mode 2 st 12 gl 3 hp 100 frg -6
ARGEVT Reap hazard
ARGEVT Omi route 5 start '-667.0 -511.0 -16.0' goal '485.0 321.0  56.0'
ARGLOG Omi t  81.7 pos '-655.6 -548.6 -16.0' spd 386.0 yaw   2.9 mode 0 st 10 gl 8 hp 100 frg -8
ARGEVT Zeus respawn
ARGEVT Omi route 5 start '-667.0 -511.0 -16.0' goal '485.0 321.0  56.0'
ARGEVT Zeus goal 
ARGLOG Zeus t  81.8 pos '-880.0 -232.0 -16.0' spd 0 yaw  73.7 mode 0 st 7 gl 7 hp 100 frg -6
ARGLOG Reap t  81.8 pos '365.2 672.0  56.0' spd 367.1 yaw 58 mode 2 st 12 gl 3 hp 100 frg -6
ARGEVT Zeus routefail
ARGEVT Zeus goal 
ARGEVT Zeus routefail
ARGEVT Zeus hazard
ARGLOG Omi t  82.2 pos '-610.8 -446.2 -16.0' spd 373.4 yaw 6 mode 2 st 10 gl 8 hp 100 frg -8
ARGEVT Zeus goal item_cells
ARGLOG Zeus t  82.3 pos '-821.4 -99.9 -16.0' spd 321.9 yaw 111.8 mode 1 st 7 gl 7 hp 100 frg -6
ARGLOG Reap t  82.3 pos '520.1 672.0  56.0' spd 148.7 yaw 100 mode 2 st 12 gl 3 hp 100 frg -6
ARGEVT Omi hazard
ARGEVT Reap hazard
ARGLOG Omi t  82.7 pos '-676.8 -518.9 -16.0' spd 360.1 yaw 334.2 mode 0 st 10 gl 8 hp 100 frg -8
ARGEVT Omi route 5 start '-667.0 -511.0 -16.0' goal '485.0 321.0  56.0'
ARGLOG Zeus t  82.8 pos '-957.1  -5.4 -16.0' spd 425.2 yaw 275 mode 1 st 7 gl 7 hp 100 frg -6
ARGLOG Reap t  82.8 pos '438.1 672.0  56.0' spd 208.3 yaw 76 mode 2 st 12 gl 3 hp 100 frg -6
ARGLOG Omi t  83.2 pos '-596.8 -490.7 -16.0' spd 345.6 yaw 10 mode 2 st 10 gl 8 hp 100 frg -8
ARGLOG Zeus t  83.4 pos '-930.4 -105.6 -16.0' spd 326.8 yaw 269 mode 1 st 7 gl 7 hp 100 frg -6
ARGLOG Reap t  83.4 pos '360.6 672.0  56.0' spd 128.4 yaw 57 mode 2 st 12 gl 3 hp 100 frg -6
ARGEVT Reap hazard
ARGEVT Omi hazard
ARGLOG Omi t  83.7 pos '-683.4 -484.2 -16.0' spd 329.0 yaw 304.2 mode 0 st 10 gl 8 hp 100 frg -8
ARGEVT Omi route 5 start '-667.0 -511.0 -16.0' goal '485.0 321.0  56.0'
ARGEVT Zeus goal item_health
ARGLOG Zeus t  83.9 pos '-926.3 -271.2 -16.0' spd 320.7 yaw 287.6 mode 0 st 7 gl 8 hp 100 frg -6
ARGLOG Reap t  83.9 pos '300.5 672.0  56.0' spd 108.9 yaw 46 mode 2 st 12 gl 3 hp 100 frg -6
ARGEVT Zeus route 1 start '-955.0 -287.0 -16.0' goal '-763.0 -223.0 -16.0'
ARGEVT Zeus hazard
ARGEVT Omi route 5 start '-667.0 -511.0 -16.0' goal '485.0 321.0  56.0'
ARGLOG Omi t  84.2 pos '-592.0 -583.5 -16.0' spd  95.1 yaw 17 mode 2 st 10 gl 8 hp 100 frg -8
ARGLOG Zeus t  84.4 pos '-795.6 -280.3 -16.0' spd 350.5 yaw  36.4 mode 1 st 7 gl 8 hp 100 frg -6
ARGLOG Reap t  84.4 pos '246.0 672.0  56.0' spd 100.7 yaw 38 mode 2 st 12 gl 3 hp 100 frg -6
ARGEVT Reap hazard
ARGEVT Omi engage Zeus
ARGEVT Zeus engage Omi
ARGLOG Omi t  84.7 pos '-595.2 -434.6 -16.0' spd 355.9 yaw 103.6 mode 2 st 10 gl 8 hp 100 frg -8
ARGLOG Zeus t  84.9 pos '-642.2 -220.1 -16.0' spd 321.2 yaw 287.9 mode 1 st 7 gl 8 hp 100 frg -6
ARGLOG Reap t  84.9 pos '361.0 672.0  56.0' spd 376.7 yaw 57 mode 2 st 12 gl 3 hp 100 frg -6
ARGEVT Zeus goal item_armor2
ARGEVT Zeus routefail
ARGLOG Omi t  85.3 pos '-673.4 -407.5 -16.0' spd 188.3 yaw  80.9 mode 2 st 10 gl 8 hp 76 frg -8
ARGEVT Zeus goal item_shells
ARGEVT Zeus routefail
ARGLOG Zeus t  85.4 pos '-703.8 -212.1 -16.0' spd 330.2 yaw 286.6 mode 0 st 7 gl 9 hp 100 frg -6
ARGLOG Reap t  85.4 pos '528.3 672.0  56.0' spd 243.5 yaw 102 mode 2 st 12 gl 3 hp 100 frg -6
ARGEVT Zeus goal item_shells
ARGEVT Reap hazard
ARGEVT Zeus routefail
ARGEVT Zeus goal item_shells
ARGEVT Zeus routefail
ARGLOG Omi t  85.8 pos '-652.3 -457.2 -16.0' spd 320.7 yaw 134.7 mode 2 st 10 gl 8 hp 76 frg -8
ARGEVT Zeus hazard
ARGEVT Zeus goal item_shells
ARGLOG Zeus t  85.9 pos '-837.9 -293.8 -16.0' spd  96.4 yaw 313.6 mode 0 st 7 gl 9 hp 100 frg -6
ARGLOG Reap t  85.9 pos '441.5 667.6  56.0' spd 186.7 yaw 77 mode 2 st 12 gl 3 hp 100 frg -6
ARGEVT Zeus routefail
ARGEVT Omi pursue
ARGEVT Zeus pursue
ARGEVT Omi route 5 start '-667.0 -511.0 -16.0' goal '485.0 321.0  56.0'
ARGEVT Zeus goal item_shells
ARGEVT Zeus routefail
ARGLOG Omi t  86.3 pos '-685.2 -349.7 -16.0' spd 347.2 yaw 126 mode 2 st 10 gl 8 hp 76 frg -8
ARGEVT Zeus goal item_shells
ARGEVT Zeus routefail
ARGLOG Zeus t  86.4 pos '-727.6 -300.6 -16.0' spd 163.2 yaw 343.7 mode 0 st 7 gl 9 hp 100 frg -6
ARGLOG Reap t  86.4 pos '368.9 657.4  56.0' spd 123.3 yaw 60 mode 2 st 12 gl 3 hp 100 frg -6
ARGEVT Zeus goal item_health
ARGEVT Zeus routefail
ARGEVT Reap hazard
ARGEVT Zeus goal weapon_rocketlauncher
ARGEVT Zeus routefail
ARGLOG Omi t  86.8 pos '-631.1 -373.0 -16.0' spd 366.4 yaw 139.7 mode 2 st 10 gl 8 hp 52 frg -8
ARGEVT Zeus goal weapon_lightning
ARGLOG Zeus t  87.0 pos '-822.3 -224.5 -16.0' spd 330.8 yaw 315.8 mode 0 st 7 gl 9 hp 76 frg -6
ARGLOG Reap t  87.0 pos '463.5 672.0  56.0' spd 283.9 yaw 83 mode 2 st 12 gl 3 hp 100 frg -6
ARGEVT Zeus routefail
ARGEVT Zeus goal item_health
ARGEVT Zeus routefail
ARGEVT Omi pursue
ARGEVT Zeus pursue
ARGLOG Omi t  87.3 pos '-662.3 -366.6 -16.0' spd 365.9 yaw 130 mode 2 st 10 gl 8 hp 52 frg -8
ARGEVT Zeus goal item_armorInv
ARGEVT Zeus routefail
ARGLOG Zeus t  87.5 pos '-836.6 -304.0 -16.0' spd 326.3 yaw 351.7 mode 0 st 7 gl 9 hp 76 frg -6
ARGLOG Reap t  87.5 pos '494.5 669.9  56.0' spd 257.6 yaw 92 mode 2 st 12 gl 3 hp 100 frg -6
ARGEVT Zeus goal weapon_supernailgun
ARGEVT Zeus routefail
ARGEVT Reap hazard
ARGEVT Zeus goal item_health
ARGEVT Zeus routefail
ARGLOG Omi t  87.8 pos '-639.9 -226.6 -16.0' spd 123.3 yaw 181.2 mode 2 st 10 gl 8 hp 73 frg -8
ARGEVT Zeus goal item_health
ARGLOG Zeus t  88.0 pos '-781.3 -280.5 -16.0' spd 320.0 yaw   4.9 mode 0 st 7 gl 9 hp 68 frg -6
ARGLOG Reap t  88.0 pos '403.0 659.2  56.0' spd 139.4 yaw 68 mode 2 st 12 gl 3 hp 100 frg -6
ARGEVT Zeus routefail
ARGEVT Zeus goal item_health
ARGEVT Zeus routefail
ARGEVT Zeus hazard
ARGLOG Omi t  88.3 pos '-627.5 -386.4 -16.0' spd 370.6 yaw 133.1 mode 2 st 10 gl 8 hp 49 frg -8
ARGEVT Zeus goal item_shells
ARGEVT Zeus routefail
ARGLOG Zeus t  88.5 pos '-801.7 -232.8 -16.0' spd 324.9 yaw 307.1 mode 0 st 7 gl 9 hp 44 frg -6
ARGLOG Reap t  88.5 pos '464.8 667.1  56.0' spd 302.9 yaw 84 mode 2 st 12 gl 3 hp 100 frg -6
ARGEVT Zeus goal item_shells
ARGEVT Zeus routefail
ARGEVT Reap hazard
ARGEVT Omi pursue
ARGEVT Zeus goal item_shells
ARGEVT Zeus pursue
ARGEVT Zeus routefail
ARGLOG Omi t  88.9 pos '-660.3 -376.7 -16.0' spd 363.0 yaw 125 mode 2 st 10 gl 8 hp 49 frg -8
ARGEVT Zeus goal item_rockets
ARGLOG Zeus t  89.0 pos '-816.1 -304.0 -16.0' spd 320.0 yaw  15.3 mode 0 st 7 gl 9 hp 44 frg -6
ARGLOG Reap t  89.0 pos '529.7 667.9  56.0' spd 249.1 yaw 102 mode 2 st 12 gl 3 hp 100 frg -6
ARGEVT Zeus routefail
ARGEVT Zeus goal item_rockets
ARGEVT Zeus routefail
ARGLOG Omi t  89.4 pos '-625.3 -234.5 -16.0' spd 103.4 yaw 174.7 mode 2 st 10 gl 8 hp 41 frg -8
ARGEVT Zeus goal item_spikes
ARGEVT Zeus routefail
ARGLOG Zeus t  89.5 pos '-762.8 -240.8 -16.0' spd 246.1 yaw 344.9 mode 0 st 7 gl 9 hp 40 frg -6
ARGLOG Reap t  89.5 pos '411.7 669.5  56.0' spd 155.7 yaw 69 mode 2 st 12 gl 3 hp 100 frg -6
ARGEVT Zeus goal item_rockets
ARGEVT Zeus routefail
ARGEVT Reap hazard
ARGEVT Zeus goal item_spikes
ARGEVT Zeus routefail
ARGLOG Omi t  89.9 pos '-601.7 -388.3 -16.0' spd 395.2 yaw 131.7 mode 2 st 10 gl 8 hp 17 frg -8
ARGEVT Zeus goal item_spikes
ARGLOG Zeus t  90.0 pos '-700.4 -208.0 -16.0' spd 321.9 yaw 294.1 mode 0 st 7 gl 9 hp 16 frg -6
ARGLOG Reap t  90.0 pos '379.0 663.6  56.0' spd 241.9 yaw 62 mode 2 st 12 gl 3 hp 100 frg -6
ARGEVT Zeus routefail
ARGEVT Omi death Zeus pos '-651.2 -446.1 -16.0'
ARGEVT Zeus trapped
ARGEVT Zeus death Zeus pos '-634.4 -208.0 -16.0'
ARGLOG Reap t  90.6 pos '524.7 672.0  56.0' spd 231.1 yaw 101 mode 2 st 12 gl 3 hp 100 frg -6
ARGEVT Reap hazard
ARGLOG Reap t  91.1 pos '454.2 666.7  56.0' spd 202.3 yaw 81 mode 2 st 12 gl 3 hp 100 frg -6
ARGLOG Reap t  91.6 pos '401.0 668.5  56.0' spd 251.5 yaw 66 mode 2 st 12 gl 3 hp 100 frg -6
ARGEVT Omi respawn
ARGEVT Omi goal item_armorInv
ARGLOG Omi t  91.7 pos '192.0 -208.0 -176.0' spd 0 yaw  73.7 mode 0 st 10 gl 8 hp 100 frg -8
ARGEVT Omi routefail
ARGEVT Zeus respawn
ARGEVT Zeus goal item_artifact_invulnerability
ARGLOG Zeus t  91.9 pos '1472.0 -928.0 -24.0' spd 0 yaw 105 mode 0 st 7 gl 9 hp 100 frg -6
ARGEVT Reap hazard
ARGEVT Zeus routefail
ARGEVT Omi goal item_armor2
ARGEVT Omi routefail
ARGEVT Omi hazard
ARGEVT Zeus goal 
ARGEVT Omi goal weapon_rocketlauncher
ARGLOG Reap t  92.1 pos '540.4 669.9  56.0' spd 179.7 yaw 105 mode 2 st 12 gl 3 hp 100 frg -6
ARGEVT Omi routefail
ARGLOG Omi t  92.2 pos '240.0 -240.0 -176.0' spd 0 yaw   8.7 mode 0 st 10 gl 8 hp 100 frg -8
ARGEVT Omi goal weapon_lightning
ARGEVT Omi routefail
ARGLOG Zeus t  92.4 pos '1455.1 -773.4 -24.0' spd 324.3 yaw 74 mode 1 st 7 gl 9 hp 100 frg -6
ARGEVT Omi trapped
ARGEVT Omi death Omi pos '240.0 -152.9 -176.0'
ARGLOG Reap t  92.6 pos '426.5 672.0  56.0' spd 176.8 yaw 73 mode 2 st 12 gl 3 hp 100 frg -6
ARGLOG Zeus t  92.9 pos '1500.4 -664.7 -24.0' spd 316.6 yaw 87 mode 1 st 7 gl 9 hp 100 frg -6
ARGEVT Reap hazard
ARGEVT Zeus hazard
ARGEVT Zeus goal item_artifact_super_damage
ARGEVT Zeus route 10 start '1701.0 -639.0 -24.0' goal '933.0 289.0  56.0'
ARGLOG Reap t  93.1 pos '355.2 672.0  56.0' spd 121.6 yaw 56 mode 2 st 12 gl 3 hp 100 frg -6
ARGLOG Zeus t  93.4 pos '1532.0 -692.9 -24.0' spd 380.7 yaw 292 mode 2 st 7 gl 10 hp 100 frg -6
ARGLOG Reap t  93.6 pos '296.5 672.0  56.0' spd 109.2 yaw 45 mode 2 st 12 gl 3 hp 100 frg -6
ARGLOG Zeus t  93.9 pos '1705.6 -671.2 -24.0' spd 393.9 yaw 194 mode 2 st 7 gl 10 hp 100 frg -6
ARGEVT Reap hazard
ARGEVT Omi respawn
ARGEVT Omi goal item_health
ARGLOG Omi t  94.1 pos '1520.0 432.0 -88.0' spd 0 yaw  16.3 mode 0 st 10 gl 8 hp 100 frg -9
ARGEVT Zeus route 10 start '1701.0 -639.0 -24.0' goal '933.0 289.0  56.0'
ARGLOG Reap t  94.2 pos '242.7 672.0  56.0' spd 101.2 yaw 38 mode 2 st 12 gl 3 hp 100 frg -6
ARGEVT Omi routefail
ARGLOG Zeus t  94.4 pos '1649.6 -631.0 -24.0' spd 333.6 yaw 196 mode 2 st 7 gl 10 hp 100 frg -6
ARGEVT Omi goal weapon_grenadelauncher
ARGEVT Omi routefail
ARGLOG Omi t  94.6 pos '1655.9 510.4 -88.0' spd 347.0 yaw  82.9 mode 0 st 10 gl 8 hp 100 frg -9
ARGLOG Reap t  94.7 pos '218.6 672.0  56.0' spd 226.6 yaw 35 mode 2 st 12 gl 3 hp 100 frg -6
ARGEVT Omi goal 
ARGEVT Omi routefail
ARGEVT Omi hazard
ARGLOG Zeus t  94.9 pos '1541.1 -763.1 -24.0' spd 383.7 yaw 186 mode 2 st 7 gl 10 hp 100 frg -6
ARGEVT Omi plan powerup via weapon
ARGEVT Omi goal weapon_supernailgun
ARGEVT Omi routefail
ARGEVT Omi trapped
ARGEVT Omi death Omi pos '1576.2 557.9 -88.0'
ARGLOG Reap t  95.2 pos '404.9 672.0  56.0' spd 387.9 yaw 67 mode 2 st 12 gl 3 hp 100 frg -6
ARGEVT Reap hazard
ARGLOG Zeus t  95.5 pos '1366.5 -760.7 -24.0' spd 323.5 yaw 93 mode 2 st 7 gl 10 hp 100 frg -6
ARGLOG Reap t  95.7 pos '532.8 672.0  56.0' spd 163.3 yaw 103 mode 2 st 12 gl 3 hp 100 frg -6
ARGLOG Zeus t  96.0 pos '1204.0 -792.0 -24.0' spd 325.9 yaw 163.4 mode 0 st 7 gl 10 hp 100 frg -6
ARGEVT Zeus route 7 start '1189.0 -799.0 -24.0' goal '933.0 289.0  56.0'
ARGLOG Reap t  96.2 pos '424.9 665.1  56.0' spd 162.8 yaw 73 mode 2 st 12 gl 3 hp 100 frg -6
ARGEVT Reap hazard
ARGLOG Zeus t  96.5 pos '1120.5 -659.3 -24.0' spd 427.9 yaw 82 mode 2 st 7 gl 10 hp 100 frg -6
ARGEVT Omi respawn
ARGEVT Omi goal item_health
ARGLOG Omi t  96.7 pos '-632.0 -680.0 -16.0' spd 0 yaw 95 mode 0 st 10 gl 8 hp 100 frg -10
ARGLOG Reap t  96.7 pos '356.0 655.4  56.0' spd 120.0 yaw 58 mode 2 st 12 gl 3 hp 100 frg -6
ARGEVT Omi routefail
ARGEVT Omi goal weapon_nailgun
ARGEVT Omi routefail
ARGLOG Zeus t  97.0 pos '1240.4 -728.1 -24.0' spd 336.9 yaw 87 mode 2 st 7 gl 10 hp 100 frg -6
ARGEVT Omi goal 
ARGLOG Omi t  97.3 pos '-602.5 -524.9 -16.0' spd 320.2 yaw  78.0 mode 1 st 10 gl 8 hp 100 frg -10
ARGLOG Reap t  97.3 pos '493.6 672.0  56.0' spd 278.0 yaw 92 mode 2 st 12 gl 3 hp 100 frg -6
ARGEVT Zeus route 7 start '1189.0 -799.0 -24.0' goal '933.0 289.0  56.0'
ARGEVT Reap hazard
ARGLOG Zeus t  97.5 pos '1123.8 -782.7 -24.0' spd 334.9 yaw 82 mode 2 st 7 gl 10 hp 100 frg -6
ARGEVT Omi goal 
ARGLOG Omi t  97.8 pos '-681.7 -387.1 -16.0' spd 329.8 yaw 120.4 mode 1 st 10 gl 9 hp 100 frg -10
ARGEVT Omi hazard
ARGLOG Reap t  97.8 pos '472.9 670.1  56.0' spd 231.6 yaw 86 mode 2 st 12 gl 3 hp 100 frg -6
ARGLOG Zeus t  98.0 pos '1217.3 -658.1 -24.0' spd 431.1 yaw 86 mode 2 st 7 gl 10 hp 100 frg -6
ARGEVT Omi goal item_health
ARGEVT Omi routefail
ARGLOG Omi t  98.3 pos '-666.1 -219.7 -16.0' spd 354.3 yaw  24.7 mode 0 st 10 gl 10 hp 100 frg -10
ARGLOG Reap t  98.3 pos '389.8 657.0  56.0' spd 132.7 yaw 65 mode 2 st 12 gl 3 hp 100 frg -6
ARGEVT Omi goal item_artifact_super_damage
ARGEVT Omi routefail
ARGLOG Zeus t  98.5 pos '1202.5 -814.5 -24.0' spd 337.9 yaw 140.4 mode 0 st 7 gl 10 hp 100 frg -6
ARGEVT Omi goal 
ARGEVT Omi routefail
ARGEVT Reap hazard
ARGEVT Zeus route 7 start '1189.0 -799.0 -24.0' goal '933.0 289.0  56.0'
ARGEVT Omi goal 
ARGLOG Omi t  98.8 pos '-592.0 -309.9 -16.0' spd 322.0 yaw 277 mode 0 st 10 gl 10 hp 100 frg -10
ARGLOG Reap t  98.8 pos '493.9 666.8  56.0' spd 314.2 yaw 92 mode 2 st 12 gl 3 hp 100 frg -6
ARGEVT Omi routefail
ARGEVT Zeus route 7 start '1189.0 -799.0 -24.0' goal '933.0 289.0  56.0'
ARGEVT Omi trapped
ARGEVT Omi death Omi pos '-592.0 -376.4 -16.0'
ARGLOG Zeus t  99.1 pos '1109.0 -670.4 -24.0' spd 382.8 yaw 81 mode 2 st 7 gl 10 hp 100 frg -6
ARGLOG Reap t  99.3 pos '499.9 672.0  56.0' spd 295.9 yaw 94 mode 2 st 12 gl 3 hp 100 frg -6
ARGEVT Reap stall
ARGEVT Reap stallnode '485.0 833.0 216.0'
ARGEVT Reap jump
ARGEVT Reap abandon
ARGEVT Reap goal weapon_rocketlauncher
ARGEVT Reap routefail
ARGLOG Zeus t  99.6 pos '1241.3 -652.1 -24.0' spd 225.6 yaw 87 mode 2 st 7 gl 10 hp 100 frg -6
ARGEVT Reap plan powerup via weapon
ARGEVT Reap goal weapon_supernailgun
ARGEVT Reap routefail
ARGLOG Reap t  99.8 pos '446.0 671.9  90.7' spd  33.9 yaw 312.5 mode 0 st 13 gl 3 hp 100 frg -6
ARGEVT Reap plan powerup via weapon
ARGEVT Reap goal weapon_lightning
ARGEVT Reap routefail
ARGLOG Zeus t 100.1 pos '1173.9 -806.2 -24.0' spd 359.6 yaw 187.1 mode 0 st 7 gl 10 hp 100 frg -6
ARGEVT Zeus route 7 start '1189.0 -799.0 -24.0' goal '933.0 289.0  56.0'
ARGEVT Reap plan powerup via weapon
ARGEVT Reap goal weapon_grenadelauncher
ARGEVT Reap stall
ARGEVT Reap jump
ARGEVT Reap routefail
ARGEVT Zeus route 7 start '1189.0 -799.0 -24.0' goal '933.0 289.0  56.0'
ARGLOG Reap t 100.4 pos '474.6 634.6  90.5' spd 151.3 yaw 197.8 mode 0 st 14 gl 3 hp 100 frg -6
ARGEVT Omi respawn
ARGLOG Zeus t 100.6 pos '1096.5 -683.8 -24.0' spd 400.8 yaw 81 mode 2 st 7 gl 10 hp 100 frg -6
ARGEVT Omi goal weapon_rocketlauncher
ARGLOG Omi t 100.6 pos '512.0 768.0 216.0' spd 0 yaw 286.3 mode 0 st 10 gl 10 hp 100 frg -11
ARGEVT Omi routefail
ARGEVT Omi goal weapon_supernailgun
ARGLOG Reap t 100.9 pos '475.0 555.7  56.0' spd 223.5 yaw 197.8 mode 0 st 14 gl 3 hp 100 frg -6
ARGEVT Omi routefail
ARGEVT Omi engage Reap
ARGEVT Reap engage Omi
ARGEVT Omi goal weapon_lightning
ARGEVT Omi route 15 start '485.0 609.0 216.0' goal '1637.0 -191.0 -392.0'
ARGLOG Zeus t 101.1 pos '1252.8 -713.6 -24.0' spd 418.1 yaw 88 mode 2 st 7 gl 10 hp 100 frg -6
ARGLOG Omi t 101.1 pos '522.6 668.4 216.0' spd 338.3 yaw 224.1 mode 2 st 10 gl 10 hp 100 frg -11
ARGEVT Omi hazard
ARGLOG Reap t 101.4 pos '326.6 605.3  56.0' spd 345.4 yaw  23.6 mode 0 st 14 gl 3 hp 100 frg -6
ARGEVT Reap pursue
ARGEVT Zeus route 7 start '1189.0 -799.0 -24.0' goal '933.0 289.0  56.0'
ARGLOG Zeus t 101.6 pos '1133.7 -788.1 -24.0' spd 388.2 yaw  99.0 mode 0 st 7 gl 10 hp 100 frg -6
ARGLOG Omi t 101.6 pos '498.7 593.7 216.0' spd 357.3 yaw 336.9 mode 2 st 10 gl 10 hp 100 frg -11
ARGEVT Reap plan powerup via weapon
ARGEVT Reap goal weapon_nailgun
ARGEVT Reap routefail
ARGEVT Zeus route 7 start '1189.0 -799.0 -24.0' goal '933.0 289.0  56.0'
ARGEVT Reap goal item_artifact_super_damage
ARGLOG Reap t 101.9 pos '422.2 649.2  56.0' spd 297.0 yaw 332.2 mode 0 st 14 gl 3 hp 100 frg -6
ARGEVT Reap routefail
ARGEVT Reap goal item_armor2
ARGEVT Reap routefail
ARGLOG Zeus t 102.2 pos '1152.4 -626.9 -24.0' spd 423.3 yaw 83 mode 2 st 7 gl 10 hp 100 frg -6
ARGLOG Omi t 102.2 pos '536.0 603.3  99.3' spd  32.1 yaw 194.5 mode 2 st 10 gl 10 hp 100 frg -11
ARGEVT Reap goal 
ARGEVT Reap route 2 start '357.0 609.0  56.0' goal '485.0 321.0  56.0'
ARGEVT Omi hazard
ARGLOG Reap t 102.4 pos '429.3 473.4  56.0' spd 346.8 yaw  32.3 mode 2 st 14 gl 3 hp 88 frg -6
ARGEVT Reap hazard
ARGLOG Zeus t 102.7 pos '1246.6 -769.3 -24.0' spd 382.3 yaw 88 mode 2 st 7 gl 10 hp 100 frg -6
ARGLOG Omi t 102.7 pos '526.7 517.0  56.0' spd 148.1 yaw 224.2 mode 2 st 10 gl 10 hp 76 frg -11
ARGLOG Reap t 102.9 pos '484.0 425.9  56.0' spd 276.3 yaw  70.0 mode 1 st 14 gl 3 hp 64 frg -6
ARGEVT Zeus route 7 start '1189.0 -799.0 -24.0' goal '933.0 289.0  56.0'
ARGLOG Zeus t 103.2 pos '1105.0 -741.6 -24.0' spd 417.7 yaw 81 mode 2 st 7 gl 10 hp 100 frg -6
ARGLOG Omi t 103.2 pos '456.8 632.6  56.0' spd 383.7 yaw 282.7 mode 2 st 10 gl 10 hp 52 frg -11
ARGLOG Reap t 103.4 pos '466.9 338.3  56.0' spd 323.8 yaw 110.7 mode 1 st 14 gl 3 hp 44 frg -6
ARGLOG Zeus t 103.7 pos '1258.0 -703.9 -24.0' spd 438.2 yaw 88 mode 2 st 7 gl 10 hp 100 frg -6
ARGLOG Omi t 103.7 pos '374.9 626.4  56.0' spd 321.0 yaw 274.7 mode 2 st 10 gl 10 hp 36 frg -11
ARGEVT Omi pursue
ARGEVT Reap pursue
ARGLOG Reap t 104.0 pos '301.2 298.9  56.0' spd 363.0 yaw 217.9 mode 1 st 14 gl 3 hp 44 frg -6
ARGLOG Zeus t 104.2 pos '1148.7 -788.9 -24.0' spd 386.6 yaw 100 mode 0 st 7 gl 10 hp 100 frg -6
ARGLOG Omi t 104.2 pos '485.7 502.1  56.0' spd 326.7 yaw 275 mode 2 st 10 gl 10 hp 36 frg -11
ARGEVT Zeus route 7 start '1189.0 -799.0 -24.0' goal '933.0 289.0  56.0'
ARGEVT Omi routefail
ARGLOG Reap t 104.5 pos '180.0 307.9  56.0' spd 233.1 yaw 56 mode 1 st 14 gl 3 hp 44 frg -6
ARGEVT Omi goal item_armor2
ARGEVT Omi routefail
ARGLOG Zeus t 104.7 pos '1220.1 -649.9 -24.0' spd 434.0 yaw 86 mode 2 st 7 gl 10 hp 100 frg -6
ARGEVT Omi goal item_health
ARGLOG Omi t 104.7 pos '524.6 338.8  56.0' spd 336.3 yaw 225.4 mode 0 st 10 gl 10 hp 36 frg -11
ARGEVT Omi routefail
ARGEVT Reap goal item_health
ARGEVT Reap routefail
ARGEVT Omi plan powerup via weapon
ARGEVT Omi goal weapon_grenadelauncher
ARGEVT Omi routefail
ARGEVT Reap goal item_health
ARGLOG Reap t 105.0 pos '274.0 236.0  56.0' spd 321.0 yaw   4.8 mode 0 st 14 gl 3 hp 36 frg -6
ARGEVT Reap routefail
ARGEVT Omi plan powerup via weapon
ARGEVT Omi goal weapon_nailgun
ARGEVT Omi routefail
ARGEVT Reap goal weapon_lightning
ARGEVT Reap routefail
ARGLOG Zeus t 105.2 pos '1199.8 -798.6 -24.0' spd 368.4 yaw 178.0 mode 0 st 7 gl 10 hp 100 frg -6
ARGLOG Omi t 105.2 pos '505.1 294.6  56.0' spd 321.8 yaw 209.7 mode 0 st 10 gl 10 hp 36 frg -11
ARGEVT Zeus route 7 start '1189.0 -799.0 -24.0' goal '933.0 289.0  56.0'
ARGEVT Omi goal item_artifact_super_damage
ARGEVT Omi routefail
ARGEVT Reap goal item_health
ARGEVT Reap routefail
ARGEVT Zeus route 7 start '1189.0 -799.0 -24.0' goal '933.0 289.0  56.0'
ARGLOG Reap t 105.5 pos '340.8  82.8  56.0' spd 172.3 yaw  61.2 mode 0 st 14 gl 3 hp 12 frg -6
ARGEVT Omi goal item_health
ARGEVT Omi routefail
ARGEVT Reap plan powerup via weapon
ARGEVT Reap goal weapon_grenadelauncher
ARGEVT Reap routefail
ARGLOG Zeus t 105.8 pos '1120.8 -693.8 -24.0' spd 404.8 yaw 82 mode 2 st 7 gl 10 hp 100 frg -6
ARGEVT Omi goal item_health
ARGLOG Omi t 105.8 pos '542.6 292.7  56.0' spd 379.8 yaw 223.0 mode 0 st 10 gl 10 hp 16 frg -11
ARGEVT Omi hazard
ARGEVT Omi routefail
ARGEVT Reap goal item_health
ARGEVT Reap routefail
ARGEVT Omi goal item_health
ARGEVT Omi routefail
ARGEVT Reap goal item_health
ARGLOG Reap t 106.0 pos '248.9 196.7  56.0' spd 330.0 yaw  16.2 mode 0 st 14 gl 3 hp 12 frg -6
ARGEVT Reap routefail
ARGEVT Omi goal item_health
ARGEVT Omi death Reap pos '488.0 317.9  56.0'
ARGEVT Reap goal 
ARGLOG Zeus t 106.3 pos '1269.5 -745.1 -24.0' spd 437.8 yaw 89 mode 2 st 7 gl 10 hp 100 frg -6
ARGEVT Reap hazard
ARGLOG Reap t 106.5 pos '281.6 321.2  56.0' spd 328.6 yaw 356 mode 1 st 14 gl 3 hp 12 frg -5
ARGEVT Zeus route 7 start '1189.0 -799.0 -24.0' goal '933.0 289.0  56.0'
ARGLOG Zeus t 106.8 pos '1124.0 -762.8 -24.0' spd 404.0 yaw 82 mode 2 st 7 gl 10 hp 100 frg -6
ARGEVT Reap plan powerup via weapon
ARGEVT Reap goal weapon_nailgun
ARGLOG Reap t 107.0 pos '446.7 298.7  56.0' spd 330.7 yaw 322.4 mode 0 st 14 gl 4 hp 12 frg -5
ARGEVT Reap routefail
ARGEVT Reap trapped
ARGEVT Reap death Reap pos '509.7 258.6  56.0'
ARGLOG Zeus t 107.3 pos '1248.0 -677.6 -24.0' spd 275.9 yaw 88 mode 2 st 7 gl 10 hp 100 frg -6
ARGEVT Omi respawn
ARGEVT Zeus route 7 start '1189.0 -799.0 -24.0' goal '933.0 289.0  56.0'
ARGEVT Omi goal 
ARGLOG Omi t 107.8 pos '-880.0 -232.0 -16.0' spd 0 yaw  73.4 mode 0 st 10 gl 10 hp 100 frg -11
ARGEVT Omi routefail
ARGLOG Zeus t 107.8 pos '1158.9 -816.0 -24.0' spd 384.8 yaw 141.4 mode 0 st 7 gl 10 hp 100 frg -6
ARGEVT Zeus route 7 start '1189.0 -799.0 -24.0' goal '933.0 289.0  56.0'
ARGEVT Omi goal 
ARGEVT Omi routefail
ARGEVT Omi goal weapon_lightning
ARGEVT Omi routefail
ARGLOG Omi t 108.3 pos '-809.3 -112.0 -16.0' spd  25.5 yaw 99 mode 0 st 10 gl 10 hp 100 frg -11
ARGLOG Zeus t 108.3 pos '1155.2 -661.0 -24.0' spd 420.6 yaw 83 mode 2 st 7 gl 10 hp 100 frg -6
ARGEVT Omi goal weapon_nailgun
ARGEVT Omi routefail
ARGEVT Omi goal weapon_grenadelauncher
ARGEVT Omi routefail
ARGEVT Omi goal 
ARGLOG Omi t 108.8 pos '-900.5 -18.8 -16.0' spd 355.1 yaw  82.4 mode 0 st 10 gl 10 hp 100 frg -11
ARGEVT Reap respawn
ARGEVT Omi route 4 start '-955.0   1.0 -16.0' goal '-859.0 577.0 -16.0'
ARGLOG Zeus t 108.9 pos '1250.1 -791.7 -24.0' spd 412.1 yaw 88 mode 2 st 7 gl 10 hp 100 frg -6
ARGEVT Reap goal item_armor2
ARGLOG Reap t 108.9 pos '192.0 -208.0 -176.0' spd 0 yaw  73.7 mode 0 st 14 gl 4 hp 100 frg -6
ARGEVT Reap routefail
ARGEVT Reap goal 
ARGEVT Reap routefail
ARGEVT Zeus route 7 start '1189.0 -799.0 -24.0' goal '933.0 289.0  56.0'
ARGEVT Omi jump
ARGEVT Reap goal weapon_grenadelauncher
ARGEVT Reap routefail
ARGLOG Omi t 109.3 pos '-947.8 142.2  35.9' spd 320.6 yaw 91 mode 2 st 10 gl 10 hp 100 frg -11
ARGLOG Zeus t 109.4 pos '1122.9 -714.1 -24.0' spd 410.1 yaw 82 mode 2 st 7 gl 10 hp 100 frg -6
ARGLOG Reap t 109.4 pos '244.8 -67.2 -176.0' spd 344.3 yaw  40.7 mode 0 st 14 gl 4 hp 100 frg -6
ARGEVT Reap plan powerup via weapon
ARGEVT Reap goal weapon_nailgun
ARGEVT Reap routefail
ARGEVT Reap hazard
ARGEVT Reap trapped
ARGEVT Reap death Reap pos '288.0   4.1 -176.0'
ARGLOG Omi t 109.8 pos '-968.0 159.3  40.0' spd  35.1 yaw 88 mode 2 st 10 gl 10 hp 100 frg -11
ARGLOG Zeus t 109.9 pos '1245.3 -705.3 -24.0' spd 333.7 yaw 88 mode 2 st 7 gl 10 hp 100 frg -6
ARGEVT Zeus route 7 start '1189.0 -799.0 -24.0' goal '933.0 289.0  56.0'
ARGLOG Omi t 110.3 pos '-957.6 315.4 120.0' spd 320.1 yaw 69 mode 2 st 10 gl 10 hp 100 frg -11
ARGLOG Zeus t 110.4 pos '1135.7 -798.4 -24.0' spd 321.1 yaw 111.8 mode 0 st 7 gl 10 hp 100 frg -6
ARGEVT Zeus route 7 start '1189.0 -799.0 -24.0' goal '933.0 289.0  56.0'
ARGLOG Omi t 110.9 pos '-952.7 480.5 120.0' spd 320.0 yaw 45 mode 2 st 10 gl 10 hp 100 frg -11
ARGLOG Zeus t 110.9 pos '1194.4 -653.4 -24.0' spd 427.9 yaw 85 mode 2 st 7 gl 10 hp 100 frg -6
ARGEVT Reap respawn
ARGEVT Reap goal weapon_supershotgun
ARGLOG Reap t 111.3 pos '1472.0 -928.0 -24.0' spd 0 yaw  73.7 mode 0 st 14 gl 4 hp 100 frg -7
ARGEVT Reap route 2 start '1381.0 -703.0 -24.0' goal '1701.0 -639.0 -24.0'
ARGLOG Omi t 111.4 pos '-878.5 627.3 120.0' spd 409.7 yaw 320.5 mode 2 st 10 gl 10 hp 100 frg -11
ARGLOG Zeus t 111.4 pos '1221.9 -815.7 -24.0' spd 418.3 yaw 97 mode 2 st 7 gl 10 hp 100 frg -6
ARGEVT Zeus engage Reap
ARGEVT Reap engage Zeus
ARGEVT Zeus route 7 start '1189.0 -799.0 -24.0' goal '933.0 289.0  56.0'
ARGLOG Reap t 111.8 pos '1433.1 -859.9 -24.0' spd 323.7 yaw 159.4 mode 2 st 14 gl 4 hp 100 frg -7
ARGLOG Omi t 111.9 pos '-843.5 577.5  24.8' spd 110.5 yaw 11 mode 1 st 10 gl 10 hp 100 frg -11
ARGLOG Zeus t 111.9 pos '1147.8 -681.0 -24.0' spd 353.3 yaw 326.4 mode 2 st 7 gl 10 hp 100 frg -6
ARGLOG Reap t 112.3 pos '1478.5 -775.8 -24.0' spd 326.6 yaw 139.4 mode 2 st 14 gl 4 hp 80 frg -7
ARGLOG Omi t 112.4 pos '-720.0 587.1 -16.0' spd  86.3 yaw   9.5 mode 1 st 10 gl 10 hp 100 frg -11
ARGLOG Zeus t 112.5 pos '1224.6 -522.9 -24.0' spd 324.8 yaw 325.8 mode 2 st 7 gl 10 hp 76 frg -6
ARGEVT Omi goal item_armorInv
ARGEVT Omi routefail
ARGEVT Zeus pursue
ARGEVT Omi hazard
ARGEVT Reap pursue
ARGEVT Omi goal weapon_supershotgun
ARGEVT Omi routefail
ARGEVT Reap hazard
ARGLOG Reap t 112.8 pos '1488.0 -670.0 -24.0' spd 212.6 yaw 214.6 mode 2 st 14 gl 4 hp 80 frg -7
ARGEVT Zeus hazard
ARGEVT Omi goal 
ARGLOG Omi t 112.9 pos '-711.0 592.0 -16.0' spd  53.0 yaw 256 mode 0 st 10 gl 11 hp 100 frg -11
ARGEVT Omi routefail
ARGLOG Zeus t 113.0 pos '1324.2 -571.9 -24.0' spd 368.7 yaw 245.7 mode 2 st 7 gl 10 hp 76 frg -6
ARGEVT Omi goal weapon_grenadelauncher
ARGEVT Omi routefail
ARGEVT Zeus abandon
ARGEVT Zeus goal item_health
ARGEVT Zeus route 4 start '1189.0 -543.0 -24.0' goal '1701.0 -639.0 -24.0'
ARGEVT Omi trapped
ARGEVT Omi death Omi pos '-724.2 544.5 -16.0'
ARGLOG Reap t 113.3 pos '1349.6 -747.7 -24.0' spd 356.9 yaw 138.0 mode 2 st 14 gl 4 hp 80 frg -7
ARGLOG Zeus t 113.5 pos '1219.0 -642.3 -24.0' spd 265.0 yaw 321.9 mode 2 st 7 gl 10 hp 52 frg -6
ARGEVT Reap pursue
ARGLOG Reap t 113.8 pos '1264.2 -735.9 -24.0' spd 344.5 yaw 110.8 mode 2 st 14 gl 4 hp 56 frg -7
ARGEVT Zeus pursue
ARGLOG Zeus t 114.0 pos '1326.3 -545.9 -24.0' spd 338.0 yaw 250.2 mode 2 st 7 gl 10 hp 52 frg -6
ARGEVT Reap route 4 start '1189.0 -543.0 -24.0' goal '1701.0 -639.0 -24.0'
ARGLOG Reap t 114.4 pos '1124.5 -630.5 -24.0' spd 335.4 yaw  46.1 mode 2 st 14 gl 4 hp 24 frg -7
ARGLOG Zeus t 114.5 pos '1245.8 -438.6 -24.0' spd 321.5 yaw 229.6 mode 0 st 7 gl 10 hp 28 frg -6
ARGEVT Zeus route 5 start '1253.0 -351.0 -24.0' goal '1701.0 -639.0 -24.0'
ARGEVT Reap death Zeus pos '1184.5 -651.7 -24.0'
ARGEVT Omi respawn
ARGEVT Omi goal 
ARGLOG Omi t 114.9 pos '1520.0 432.0 -88.0' spd 0 yaw 343.7 mode 1 st 10 gl 11 hp 100 frg -12
ARGLOG Zeus t 115.0 pos '1347.2 -520.6 -24.0' spd 353.2 yaw 241 mode 2 st 7 gl 10 hp 4 frg -5
ARGEVT Omi jump
ARGEVT Omi engage Zeus
ARGEVT Omi goal item_health
ARGEVT Omi routefail
ARGLOG Omi t 115.4 pos '1646.6 402.7 -50.3' spd 135.8 yaw 239.2 mode 0 st 10 gl 12 hp 100 frg -12
ARGLOG Zeus t 115.5 pos '1233.1 -613.4 -24.0' spd 331.4 yaw 329 mode 2 st 7 gl 10 hp 4 frg -5
ARGEVT Omi goal item_artifact_super_damage
ARGEVT Omi routefail
ARGEVT Omi goal 
ARGEVT Zeus engage Omi
ARGLOG Omi t 116.0 pos '1639.0 401.0 -88.0' spd  75.9 yaw 250.9 mode 1 st 10 gl 12 hp 100 frg -12
ARGLOG Zeus t 116.1 pos '1192.4 -646.2 -24.0' spd 320.1 yaw  64.2 mode 2 st 7 gl 10 hp 4 frg -5
ARGEVT Reap respawn
ARGLOG Omi t 116.5 pos '1602.0 400.0 -88.0' spd  15.8 yaw 247.3 mode 1 st 10 gl 12 hp 100 frg -12
ARGEVT Reap plan powerup via weapon
ARGEVT Reap goal weapon_grenadelauncher
ARGLOG Reap t 116.5 pos '-632.0 -680.0 -16.0' spd 0 yaw  73.4 mode 0 st 14 gl 4 hp 100 frg -7
ARGEVT Reap routefail
ARGLOG Zeus t 116.6 pos '1257.8 -494.9 -24.0' spd 320.1 yaw  72.6 mode 2 st 7 gl 10 hp 4 frg -5
ARGEVT Reap plan powerup via weapon
ARGEVT Reap goal weapon_supershotgun
ARGEVT Reap routefail
ARGEVT Reap goal item_artifact_super_damage
ARGEVT Reap routefail
ARGLOG Omi t 117.0 pos '1564.6 400.0 -88.0' spd  15.8 yaw 251.8 mode 1 st 10 gl 12 hp 100 frg -12
ARGLOG Reap t 117.0 pos '-592.0 -534.5 -16.0' spd 326.5 yaw 75 mode 0 st 14 gl 4 hp 100 frg -7
ARGEVT Omi hazard
ARGEVT Zeus pursue
ARGLOG Zeus t 117.1 pos '1317.3 -342.2 -24.0' spd 320.1 yaw 70 mode 0 st 7 gl 10 hp 4 frg -5
ARGEVT Reap goal item_health
ARGEVT Reap routefail
ARGEVT Zeus route 5 start '1253.0 -351.0 -24.0' goal '1701.0 -639.0 -24.0'
ARGEVT Reap goal 
ARGEVT Reap routefail
ARGLOG Omi t 117.5 pos '1612.2 400.0 -88.0' spd 106.8 yaw 249.2 mode 1 st 10 gl 12 hp 100 frg -12
ARGEVT Reap goal 
ARGLOG Reap t 117.5 pos '-592.6 -367.4 -16.0' spd 323.9 yaw  91.3 mode 0 st 14 gl 4 hp 100 frg -7
ARGEVT Reap routefail
ARGLOG Zeus t 117.6 pos '1376.8 -188.2 -24.0' spd 320.0 yaw  68.6 mode 0 st 7 gl 10 hp 4 frg -5
ARGEVT Zeus route 6 start '1445.0 -255.0 -24.0' goal '1701.0 -639.0 -24.0'
ARGEVT Reap trapped
ARGEVT Reap death Reap pos '-598.9 -300.1 -16.0'
ARGLOG Omi t 118.0 pos '1558.8 411.8 -88.0' spd 320.0 yaw 236.2 mode 1 st 10 gl 12 hp 92 frg -12
ARGEVT Zeus route 7 start '1317.0  65.0 -24.0' goal '1701.0 -639.0 -24.0'
ARGLOG Zeus t 118.1 pos '1381.3 -33.2 -24.0' spd 346.4 yaw  70.8 mode 2 st 7 gl 10 hp 4 frg -5
ARGEVT Zeus pursue
ARGLOG Omi t 118.5 pos '1582.7 404.3 -88.0' spd 344.5 yaw  49.9 mode 1 st 10 gl 12 hp 92 frg -12
ARGLOG Zeus t 118.6 pos '1347.8 115.4 -24.0' spd 333.9 yaw 50 mode 2 st 7 gl 10 hp 4 frg -5
ARGEVT Omi pursue
ARGEVT Zeus hazard
ARGLOG Omi t 119.1 pos '1751.0 446.8 -88.0' spd 403.1 yaw 278.4 mode 1 st 10 gl 12 hp 92 frg -12
ARGEVT Zeus route 7 start '1317.0  65.0 -24.0' goal '1701.0 -639.0 -24.0'
ARGLOG Zeus t 119.2 pos '1424.0 240.0  24.0' spd 0 yaw 341.1 mode 2 st 7 gl 10 hp 4 frg -5
ARGEVT Reap respawn
ARGEVT Reap goal 
ARGLOG Reap t 119.3 pos '512.0 768.0 216.0' spd 0 yaw 272 mode 0 st 14 gl 4 hp 100 frg -8
ARGEVT Reap route 3 start '485.0 833.0 216.0' goal '485.0 321.0  56.0'
ARGLOG Omi t 119.6 pos '1695.1 412.1 -88.0' spd 361.8 yaw 147.2 mode 1 st 10 gl 12 hp 92 frg -12
ARGLOG Zeus t 119.7 pos '1393.1  87.5 -24.0' spd 386.5 yaw 176.6 mode 2 st 7 gl 10 hp 4 frg -5
ARGLOG Reap t 119.8 pos '493.5 612.9 214.0' spd 339.9 yaw 269 mode 2 st 14 gl 4 hp 100 frg -8
ARGLOG Omi t 120.1 pos '1529.1 400.0 -88.0' spd 324.5 yaw 180.4 mode 1 st 10 gl 12 hp 92 frg -12
ARGLOG Zeus t 120.2 pos '1327.0 123.4 -24.0' spd 322.9 yaw 46 mode 2 st 7 gl 10 hp 4 frg -5
ARGEVT Omi hazard
ARGLOG Reap t 120.3 pos '508.2 591.2  76.2' spd  57.4 yaw 268.4 mode 2 st 14 gl 4 hp 100 frg -8
ARGEVT Zeus hazard
ARGLOG Omi t 120.6 pos '1488.0 533.1 -88.0' spd 344.4 yaw 114.2 mode 1 st 10 gl 12 hp 92 frg -12
ARGLOG Zeus t 120.7 pos '1424.0 240.0  24.0' spd 0 yaw 308.8 mode 0 st 7 gl 10 hp 4 frg -5
ARGEVT Zeus route 7 start '1317.0  65.0 -24.0' goal '1701.0 -639.0 -24.0'
ARGLOG Reap t 120.9 pos '509.0 447.8  56.0' spd 321.1 yaw 275 mode 1 st 14 gl 4 hp 100 frg -8
