LOG started on: 08/18/2026 22:03:08 
Playing registered version.
UDP Initialized
WIPX_OpenSocket: Address family not supported by protocol family
WIPX_Init: Unable to open control socket, IPX disabled
Exe: 20:02:47 Jul 31 2024
256.0 megabyte heap

Language initialization
Couldn't load 'localization/loc_english.txt'
from 'C:\argus\engine'

========= Quake Initialized =========

execing autoexec.cfg
SpawnServer: dm3
Clearing memory
Programs occupy 539K.
trying to open external vis file
maps/dm3.vis not found, trying argus.vis
external vis not found
ARGUS slots 8
ARGUS worldspawn reached
ARGNAV 190 nodes, 462 links
0 entities inhibited
ARGUS init on dm3
ARGEVT Reap spawned
ARGEVT Omi spawned
ARGEVT Zeus spawned
Server spawned.
ARGLOG Zeus t   1.2 pos '1472.0 -928.0 -24.0' spd 0 yaw  53.2 mode 0 st 0 gl 0 hp 100 frg 0
ARGLOG Omi t   1.2 pos '192.0 -208.0 -176.0' spd 0 yaw 100.2 mode 0 st 0 gl 0 hp 100 frg 0
ARGLOG Reap t   1.2 pos '-880.0 -232.0 -16.0' spd 0 yaw  72.0 mode 0 st 0 gl 0 hp 100 frg 0
Bonus item fell out of level at '1472.0 -912.0 -42.0'
ARGLOG Zeus t   1.7 pos '1523.4 -807.7 -24.0' spd 356.1 yaw  53.2 mode 0 st 0 gl 0 hp 100 frg 0
ARGLOG Omi t   1.7 pos '165.0 -54.8 -176.0' spd 320.0 yaw 100.2 mode 0 st 0 gl 0 hp 100 frg 0
ARGLOG Reap t   1.7 pos '-831.9 -84.0 -16.0' spd 320 yaw  72.0 mode 0 st 0 gl 0 hp 100 frg 0
ARGLOG Zeus t   2.2 pos '1601.5 -659.6 -24.0' spd 320.4 yaw  53.2 mode 0 st 0 gl 0 hp 100 frg 0
ARGLOG Omi t   2.2 pos '165.2 -17.8 -176.0' spd 320.1 yaw 284.0 mode 0 st 0 gl 0 hp 100 frg 0
ARGLOG Reap t   2.2 pos '-800.0  76.8 -16.0' spd 329.2 yaw  72.0 mode 0 st 0 gl 0 hp 100 frg 0
ARGLOG Zeus t   2.7 pos '1654.3 -704.9 -24.0' spd 321.8 yaw 267.2 mode 0 st 0 gl 0 hp 100 frg 0
ARGLOG Omi t   2.7 pos '207.9 -177.3 -176.0' spd 320.0 yaw 284.0 mode 0 st 0 gl 0 hp 100 frg 0
ARGLOG Reap t   2.7 pos '-794.2 245.9 -16.0' spd 324.0 yaw  72.0 mode 0 st 0 gl 0 hp 100 frg 0
ARGLOG Zeus t   3.3 pos '1585.3 -784.1 -24.0' spd 331.1 yaw 146.8 mode 0 st 0 gl 0 hp 100 frg 0
ARGLOG Omi t   3.3 pos '129.0 -207.0 -176.0' spd 323.0 yaw 147.5 mode 0 st 0 gl 0 hp 100 frg 0
ARGLOG Reap t   3.3 pos '-785.5 413.0 -16.0' spd 335.8 yaw 112.9 mode 0 st 0 gl 0 hp 100 frg 0
ARGEVT Omi hazard
ARGLOG Zeus t   3.8 pos '1439.9 -705.2 -24.0' spd 320.1 yaw 146.8 mode 0 st 0 gl 0 hp 100 frg 0
ARGLOG Omi t   3.8 pos ' 39.1 -159.5 -176.0' spd 244.8 yaw 338.0 mode 0 st 0 gl 0 hp 100 frg 0
ARGLOG Reap t   3.8 pos '-831.4 572.3 -16.0' spd 320.2 yaw 112.9 mode 0 st 0 gl 0 hp 100 frg 0
ARGEVT Zeus hazard
ARGLOG Zeus t   4.3 pos '1532.3 -696.8 -24.0' spd 320.0 yaw 356.1 mode 0 st 0 gl 0 hp 100 frg 0
ARGLOG Omi t   4.3 pos '191.1 -224.1 -176.0' spd 320.0 yaw 338.0 mode 0 st 0 gl 0 hp 100 frg 0
ARGLOG Reap t   4.3 pos '-837.3 681.2 -16.0' spd 328.5 yaw 321.1 mode 0 st 0 gl 0 hp 100 frg 0
ARGEVT Reap hazard
ARGLOG Zeus t   4.8 pos '1697.1 -705.5 -24.0' spd 320.0 yaw 356.1 mode 0 st 0 gl 0 hp 100 frg 0
ARGLOG Omi t   4.8 pos '131.7 -240.0 -176.0' spd 325.9 yaw 194.4 mode 0 st 0 gl 0 hp 100 frg 0
ARGLOG Reap t   4.8 pos '-702.7 602.9 -16.0' spd 115.9 yaw 165.0 mode 0 st 0 gl 0 hp 100 frg 0
ARGLOG Zeus t   5.3 pos '1862.5 -716.2 -24.0' spd 339.5 yaw 329.6 mode 0 st 0 gl 0 hp 100 frg 0
ARGLOG Omi t   5.3 pos '-36.1 -240.0 -176.0' spd 326.0 yaw 194.4 mode 0 st 0 gl 0 hp 100 frg 0
ARGLOG Reap t   5.3 pos '-844.6 640.7 -16.0' spd 320.0 yaw  15.7 mode 0 st 0 gl 0 hp 100 frg 0
ARGEVT Zeus hazard
ARGLOG Zeus t   5.8 pos '1874.8 -608.0 -24.0' spd 298.4 yaw 151.5 mode 0 st 0 gl 0 hp 100 frg 0
ARGLOG Omi t   5.8 pos '-196.1 -239.7 -176.0' spd 192.2 yaw  56.0 mode 0 st 0 gl 0 hp 100 frg 0
ARGLOG Reap t   5.8 pos '-723.1 703.9 -16.0' spd 320.4 yaw  15.7 mode 0 st 0 gl 0 hp 100 frg 0
ARGEVT Omi hazard
ARGEVT Reap hazard
ARGLOG Zeus t   6.4 pos '1788.3 -595.2 -24.0' spd  45.2 yaw 359.5 mode 0 st 0 gl 0 hp 100 frg 0
ARGLOG Omi t   6.4 pos '-199.7 -189.6 -176.0' spd 120.5 yaw  75.0 mode 0 st 0 gl 0 hp 100 frg 0
ARGLOG Reap t   6.4 pos '-708.6 592.0 -16.0' spd 278.6 yaw 253.7 mode 0 st 0 gl 0 hp 100 frg 0
ARGEVT Zeus stall
ARGEVT Zeus jump
ARGLOG Zeus t   6.9 pos '1824.0 -597.0   5.0' spd   8.1 yaw 353.6 mode 0 st 1 gl 0 hp 100 frg 0
ARGLOG Omi t   6.9 pos '-171.4 -198.8 -176.0' spd 320.0 yaw 302.5 mode 0 st 0 gl 0 hp 100 frg 0
ARGLOG Reap t   6.9 pos '-707.1 617.0 -16.0' spd 335.1 yaw  48.0 mode 0 st 0 gl 0 hp 100 frg 0
ARGLOG Zeus t   7.4 pos '1825.3 -610.0 -24.0' spd  46.6 yaw 353.6 mode 0 st 1 gl 0 hp 100 frg 0
ARGLOG Omi t   7.4 pos '-161.8 -222.4 -176.0' spd 321.2 yaw 356.3 mode 0 st 0 gl 0 hp 100 frg 0
ARGLOG Reap t   7.4 pos '-818.2 710.7 -16.0' spd 322.4 yaw 169.7 mode 0 st 0 gl 0 hp 100 frg 0
ARGEVT Zeus hazard
ARGLOG Zeus t   7.9 pos '1881.0 -620.1 -24.0' spd 314.8 yaw 187.4 mode 0 st 1 gl 0 hp 100 frg 0
ARGLOG Omi t   7.9 pos '  3.0 -227.0 -176.0' spd 320.0 yaw 356.3 mode 0 st 0 gl 0 hp 100 frg 0
ARGLOG Reap t   7.9 pos '-755.3 708.7 -16.0' spd 320.0 yaw 350.2 mode 0 st 0 gl 0 hp 100 frg 0
ARGLOG Zeus t   8.4 pos '1718.8 -657.5 -24.0' spd 320.1 yaw 187.4 mode 0 st 1 gl 0 hp 100 frg 0
ARGLOG Omi t   8.4 pos '168.6 -235.7 -176.0' spd 320.0 yaw 356.3 mode 0 st 0 gl 0 hp 100 frg 0
ARGLOG Reap t   8.4 pos '-785.6 685.6 -16.0' spd 320.3 yaw 182.7 mode 0 st 0 gl 0 hp 100 frg 0
ARGEVT Omi hazard
ARGLOG Zeus t   8.9 pos '1555.4 -681.4 -24.0' spd 320.0 yaw 223.9 mode 0 st 1 gl 0 hp 100 frg 0
ARGLOG Omi t   8.9 pos '186.4 -165.4 -176.0' spd 330.4 yaw 156.2 mode 0 st 0 gl 0 hp 100 frg 0
ARGLOG Reap t   8.9 pos '-792.8 705.5 -16.0' spd 320.4 yaw  15.3 mode 0 st 0 gl 0 hp 100 frg 0
ARGLOG Zeus t   9.5 pos '1414.2 -772.3 -24.0' spd 320.6 yaw 223.9 mode 0 st 1 gl 0 hp 100 frg 0
ARGLOG Omi t   9.5 pos '238.6 -57.9 -176.0' spd 323.0 yaw  25.6 mode 0 st 0 gl 0 hp 100 frg 0
ARGLOG Reap t   9.5 pos '-679.6 757.4 -16.0' spd 217.9 yaw  15.3 mode 0 st 0 gl 0 hp 100 frg 0
ARGLOG Zeus t  10.0 pos '1377.2 -718.6 -24.0' spd 321.7 yaw  73.2 mode 0 st 1 gl 0 hp 100 frg 0
ARGLOG Omi t  10.0 pos '393.7 -16.0 -197.2' spd 330.6 yaw  25.6 mode 0 st 0 gl 0 hp 100 frg 0
ARGLOG Reap t  10.0 pos '-549.2 775.7 -16.0' spd 123.5 yaw 200.7 mode 0 st 0 gl 0 hp 100 frg 0
ARGEVT Zeus hazard
ARGLOG Zeus t  10.5 pos '1333.7 -799.5 -24.0' spd  94.1 yaw  76.3 mode 0 st 1 gl 0 hp 100 frg 0
ARGLOG Omi t  10.5 pos '555.8  24.8 -170.9' spd 320.5 yaw  25.6 mode 0 st 0 gl 0 hp 100 frg 0
ARGLOG Reap t  10.5 pos '-550.8 691.9 -16.0' spd 352.2 yaw 231.6 mode 0 st 0 gl 0 hp 100 frg 0
ARGLOG Zeus t 11 pos '1397.6 -731.5 -24.0' spd 334.3 yaw 306.7 mode 0 st 1 gl 0 hp 100 frg 0
ARGLOG Omi t 11 pos '706.7  91.9 -195.5' spd 320.0 yaw  25.6 mode 0 st 0 gl 0 hp 100 frg 0
ARGLOG Reap t 11 pos '-553.4 646.5 -16.0' spd 320.3 yaw  52.2 mode 0 st 0 gl 0 hp 100 frg 0
ARGEVT Reap hazard
ARGLOG Zeus t  11.5 pos '1510.9 -851.6 -24.0' spd 320.1 yaw 306.7 mode 0 st 1 gl 0 hp 100 frg 0
ARGLOG Omi t  11.5 pos '834.4 170.2 -184.0' spd 326.0 yaw  25.6 mode 0 st 0 gl 0 hp 100 frg 0
ARGLOG Reap t  11.5 pos '-583.2 733.2 -16.0' spd 331.9 yaw  63.1 mode 0 st 0 gl 0 hp 100 frg 0
ARGLOG Zeus t  12.0 pos '1485.3 -797.5 -24.0' spd 320.0 yaw 112.4 mode 0 st 1 gl 0 hp 100 frg 0
ARGLOG Omi t  12.0 pos '989.4 219.6 -184.0' spd 325.2 yaw 117.2 mode 0 st 0 gl 0 hp 100 frg 0
ARGLOG Reap t  12.0 pos '-589.2 756.6 -16.0' spd 320.1 yaw 306.6 mode 0 st 0 gl 0 hp 100 frg 0
ARGEVT Omi hazard
ARGLOG Zeus t  12.5 pos '1437.4 -738.3 -24.0' spd 322.7 yaw 273.3 mode 0 st 1 gl 0 hp 100 frg 0
ARGLOG Omi t  12.5 pos '1008.0  80.3 -184.0' spd 293.1 yaw 339.6 mode 0 st 0 gl 0 hp 100 frg 0
ARGLOG Reap t  12.5 pos '-528.0 765.3 -16.0' spd 325.6 yaw 257.7 mode 0 st 0 gl 0 hp 100 frg 0
ARGLOG Zeus t  13.1 pos '1440.9 -903.5 -24.0' spd 320.0 yaw 273.3 mode 0 st 1 gl 0 hp 100 frg 0
ARGLOG Omi t  13.1 pos '1061.7 -50.4 -168.0' spd 332.2 yaw 339.6 mode 0 st 0 gl 0 hp 100 frg 0
ARGLOG Reap t  13.1 pos '-566.4 642.3 -16.0' spd 320.1 yaw 257.7 mode 0 st 0 gl 0 hp 100 frg 0
ARGLOG Zeus t  13.6 pos '1503.3 -821.2 -24.0' spd 320.4 yaw  69.5 mode 0 st 1 gl 0 hp 100 frg 0
ARGLOG Omi t  13.6 pos '1210.9 -122.3 -170.1' spd 320.1 yaw 339.6 mode 0 st 0 gl 0 hp 100 frg 0
ARGLOG Reap t  13.6 pos '-601.2 481.2 -16.0' spd 320.0 yaw 257.7 mode 0 st 0 gl 0 hp 100 frg 0
ARGEVT Omi swim
ARGLOG Zeus t  14.1 pos '1565.0 -667.6 -24.0' spd 320.0 yaw  69.5 mode 0 st 1 gl 0 hp 100 frg 0
ARGLOG Omi t  14.1 pos '1362.5 -182.3 -210.3' spd 306.6 yaw 339.6 mode 0 st 0 gl 0 hp 100 frg 0
ARGLOG Reap t  14.1 pos '-638.2 368.0 -16.0' spd  97.9 yaw 257.7 mode 0 st 0 gl 0 hp 100 frg 0
ARGEVT Zeus hazard
ARGEVT Omi swim
ARGLOG Zeus t  14.6 pos '1534.4 -641.5 -24.0' spd 338.4 yaw 200.9 mode 0 st 1 gl 0 hp 100 frg 0
ARGLOG Omi t  14.6 pos '1505.9 -238.7 -207.9' spd 283.0 yaw 289.3 mode 0 st 0 gl 0 hp 100 frg 0
ARGLOG Reap t  14.6 pos '-678.4 225.6 -16.0' spd 196.6 yaw  24.7 mode 0 st 0 gl 0 hp 100 frg 0
ARGEVT Omi swim
ARGEVT Omi swim
ARGLOG Zeus t  15.1 pos '1424.3 -736.9 -24.0' spd 324.4 yaw 200.9 mode 0 st 1 gl 0 hp 100 frg 0
ARGLOG Omi t  15.1 pos '1592.5 -349.9 -207.6' spd 287.2 yaw 289.3 mode 0 st 0 gl 0 hp 100 frg 0
ARGLOG Reap t  15.1 pos '-531.9 260.9 -16.0' spd 209.4 yaw 313.1 mode 0 st 0 gl 0 hp 100 frg 0
ARGEVT Omi swim
ARGEVT Omi swim
ARGLOG Zeus t  15.6 pos '1274.2 -805.6 -24.0' spd 320.0 yaw 200.9 mode 0 st 1 gl 0 hp 100 frg 0
ARGLOG Omi t  15.6 pos '1648.8 -481.2 -209.4' spd 143.4 yaw  95.2 mode 0 st 0 gl 0 hp 100 frg 0
ARGEVT Omi swim
ARGLOG Reap t  15.6 pos '-514.7 388.6 -16.0' spd 241.7 yaw 325.7 mode 0 st 0 gl 0 hp 100 frg 0
ARGEVT Omi swim
ARGEVT Omi swim
ARGLOG Zeus t  16.1 pos '1296.8 -718.0 -24.0' spd 321.6 yaw  43.9 mode 0 st 1 gl 0 hp 100 frg 0
ARGLOG Omi t  16.1 pos '1658.1 -464.0 -209.2' spd  10.0 yaw  95.2 mode 0 st 0 gl 0 hp 100 frg 0
ARGLOG Reap t  16.1 pos '-494.9 376.0 -16.0' spd 320.7 yaw 168.4 mode 0 st 0 gl 0 hp 100 frg 0
ARGEVT Omi swim
ARGEVT Omi swim
ARGLOG Zeus t  16.7 pos '1375.0 -793.2 -24.0' spd 322.4 yaw  63.9 mode 0 st 1 gl 0 hp 100 frg 0
ARGLOG Omi t  16.7 pos '1646.9 -464.0 -208.9' spd  27.3 yaw  95.2 mode 0 st 0 gl 0 hp 100 frg 0
ARGLOG Reap t  16.7 pos '-656.7 407.2 -16.0' spd 320.0 yaw 168.4 mode 0 st 0 gl 0 hp 100 frg 0
ARGEVT Omi swim
ARGEVT Omi swim
ARGLOG Zeus t  17.2 pos '1468.6 -689.7 -24.0' spd 320.7 yaw  63.9 mode 0 st 1 gl 0 hp 100 frg 0
ARGLOG Omi t  17.2 pos '1628.4 -377.6 -208.5' spd 241.1 yaw 128.3 mode 0 st 0 gl 0 hp 100 frg 0
ARGLOG Reap t  17.2 pos '-562.9 396.4 -16.0' spd 320.0 yaw 351.0 mode 0 st 0 gl 0 hp 100 frg 0
ARGEVT Omi swim
ARGEVT Omi swim
ARGEVT Zeus hazard
ARGLOG Zeus t  17.7 pos '1534.9 -611.9 -24.0' spd 232.4 yaw 206.6 mode 0 st 1 gl 0 hp 100 frg 0
ARGLOG Omi t  17.7 pos '1556.1 -259.0 -208.1' spd 288.4 yaw 128.3 mode 0 st 0 gl 0 hp 100 frg 0
ARGLOG Reap t  17.7 pos '-412.0 373.0 -16.0' spd 104.8 yaw 185.4 mode 0 st 0 gl 0 hp 100 frg 0
ARGEVT Omi swim
ARGEVT Omi swim
ARGLOG Zeus t  18.2 pos '1572.5 -668.4 -24.0' spd 325.2 yaw 356.8 mode 0 st 1 gl 0 hp 100 frg 0
ARGLOG Omi t  18.2 pos '1464.5 -138.4 -207.7' spd 298.0 yaw 128.3 mode 0 st 0 gl 0 hp 100 frg 0
ARGLOG Reap t  18.2 pos '-544.0 366.1 -16.0' spd  15.7 yaw 185.4 mode 0 st 0 gl 0 hp 100 frg 0
ARGEVT Omi swim
ARGEVT Omi swim
ARGLOG Zeus t  18.7 pos '1736.6 -686.5 -24.0' spd 320.1 yaw 356.8 mode 0 st 1 gl 0 hp 100 frg 0
ARGLOG Omi t  18.7 pos '1369.4 -112.0 -209.5' spd 185.4 yaw 128.3 mode 0 st 0 gl 0 hp 100 frg 0
ARGEVT Omi swim
ARGLOG Reap t  18.7 pos '-544.0 358.1 -16.0' spd  15.4 yaw 185.4 mode 0 st 0 gl 0 hp 100 frg 0
ARGEVT Omi swim
ARGLOG Zeus t  19.2 pos '1891.4 -690.1 -24.0' spd 155.5 yaw 140.7 mode 0 st 1 gl 0 hp 100 frg 0
ARGLOG Omi t  19.2 pos '1273.7 -112.0 -209.3' spd 185.9 yaw 128.3 mode 0 st 0 gl 0 hp 100 frg 0
ARGEVT Omi swim
ARGLOG Reap t  19.2 pos '-430.3 402.4 -16.0' spd 320 yaw  22.7 mode 0 st 0 gl 0 hp 100 frg 0
ARGEVT Reap hazard
ARGEVT Omi swim
ARGEVT Omi swim
ARGLOG Zeus t  19.7 pos '1798.9 -600.1 -24.0' spd 169.2 yaw 235.7 mode 0 st 1 gl 0 hp 100 frg 0
ARGLOG Omi t  19.7 pos '1177.9 -112.0 -209.0' spd 186.0 yaw 128.3 mode 0 st 0 gl 0 hp 100 frg 0
ARGLOG Reap t  19.7 pos '-400.0 480.1 -16.0' spd 327.1 yaw  74.3 mode 0 st 0 gl 0 hp 100 frg 0
ARGEVT Omi swim
ARGEVT Zeus goal item_armor2
ARGEVT Omi goal weapon_lightning
ARGEVT Omi swim
ARGEVT Reap goal weapon_supernailgun
ARGEVT Zeus route 3 start '1701.0 -639.0 -24.0' goal '1189.0 -799.0 -24.0'
ARGLOG Zeus t  20.3 pos '1690.3 -723.4 -24.0' spd 326.6 yaw 176 mode 2 st 1 gl 0 hp 100 frg 0
ARGLOG Omi t  20.3 pos '1078.0 -112.0 -208.7' spd 200.8 yaw 107.1 mode 0 st 0 gl 0 hp 100 frg 0
ARGLOG Reap t  20.3 pos '-411.8 475.0 -16.0' spd 297.7 yaw 212.8 mode 0 st 0 gl 0 hp 100 frg 0
ARGEVT Reap jump
ARGEVT Omi routefail
ARGEVT Omi swim
ARGEVT Omi goal weapon_rocketlauncher
ARGEVT Omi routefail
ARGEVT Omi swim
ARGLOG Zeus t  20.8 pos '1530.1 -769.4 -24.0' spd 330.3 yaw 185 mode 2 st 1 gl 0 hp 100 frg 0
ARGEVT Omi goal item_armorInv
ARGLOG Omi t  20.8 pos '1105.4 -112.0 -208.4' spd 150.2 yaw  71.3 mode 0 st 0 gl 0 hp 100 frg 0
ARGLOG Reap t  20.8 pos '-449.5 368.0  19.0' spd  30.0 yaw 165.1 mode 0 st 0 gl 0 hp 100 frg 0
ARGEVT Omi routefail
ARGEVT Omi swim
ARGEVT Omi goal item_armor2
ARGEVT Omi routefail
ARGEVT Omi swim
ARGEVT Omi trapped
ARGEVT Omi death Omi pos '1115.5 -112.4 -208.9'
ARGEVT Reap jump
ARGEVT Reap routefail
ARGLOG Zeus t  21.3 pos '1365.4 -740.8 -24.0' spd 328.5 yaw 199 mode 2 st 1 gl 0 hp 100 frg 0
ARGLOG Reap t  21.3 pos '-515.5 400.0   5.5' spd 258.9 yaw 186 mode 0 st 0 gl 0 hp 100 frg 0
ARGEVT Reap goal item_health
ARGEVT Reap routefail
ARGEVT Reap goal weapon_rocketlauncher
ARGEVT Reap routefail
ARGLOG Zeus t  21.8 pos '1207.2 -789.2 -24.0' spd 332.9 yaw 238.6 mode 1 st 1 gl 0 hp 100 frg 0
ARGEVT Reap goal item_armorInv
ARGLOG Reap t  21.8 pos '-644.6 386.1 -14.1' spd 256.6 yaw 317.2 mode 0 st 0 gl 0 hp 100 frg 0
ARGEVT Reap routefail
ARGEVT Zeus hazard
ARGEVT Reap hazard
ARGEVT Reap trapped
ARGEVT Reap death Reap pos '-640.0 352.2 -16.0'
ARGLOG Zeus t  22.3 pos '1215.4 -816.0 -24.0' spd 327.0 yaw 281 mode 1 st 1 gl 0 hp 100 frg 0
ARGEVT Omi respawn
ARGEVT Omi goal weapon_rocketlauncher
ARGLOG Omi t  22.8 pos '1520.0 432.0 -88.0' spd 0 yaw  16.6 mode 1 st 0 gl 0 hp 100 frg -1
ARGLOG Zeus t  22.8 pos '1313.8 -811.6 -24.0' spd 124.0 yaw 247.3 mode 1 st 1 gl 0 hp 100 frg 0
ARGEVT Zeus hazard
ARGEVT Omi goal item_health
ARGEVT Omi routefail
ARGEVT Omi goal item_armorInv
ARGEVT Omi routefail
ARGLOG Omi t  23.3 pos '1656.8 510.2 -88.0' spd 347.0 yaw 341.7 mode 0 st 0 gl 1 hp 100 frg -1
ARGLOG Zeus t  23.4 pos '1326.7 -816.0 -24.0' spd  25.0 yaw 223 mode 1 st 1 gl 0 hp 100 frg 0
ARGEVT Omi goal item_health
ARGEVT Omi routefail
ARGEVT Reap respawn
ARGEVT Omi goal weapon_grenadelauncher
ARGEVT Reap goal item_armorInv
ARGLOG Reap t  23.6 pos '-632.0 -680.0 -16.0' spd 0 yaw  73.7 mode 0 st 0 gl 0 hp 100 frg -1
ARGEVT Omi routefail
ARGEVT Omi trapped
ARGEVT Omi death Omi pos '1745.2 400.0 -88.0'
ARGEVT Reap routefail
ARGLOG Zeus t  23.9 pos '1339.7 -816.0 -24.0' spd  26.2 yaw 279 mode 1 st 1 gl 0 hp 100 frg 0
ARGEVT Reap hazard
ARGEVT Zeus hazard
ARGEVT Reap goal weapon_nailgun
ARGEVT Reap routefail
ARGLOG Reap t  24.1 pos '-568.3 -665.9 -16.0' spd 329.7 yaw 356 mode 0 st 0 gl 0 hp 100 frg -1
ARGEVT Reap goal item_armor2
ARGEVT Reap routefail
ARGLOG Zeus t  24.4 pos '1352.9 -816.0 -24.0' spd  25.7 yaw 279 mode 1 st 1 gl 0 hp 100 frg 0
ARGEVT Reap goal weapon_grenadelauncher
ARGEVT Reap routefail
ARGEVT Reap trapped
ARGEVT Reap death Reap pos '-402.3 -687.7 -16.0'
ARGLOG Zeus t  24.9 pos '1366.2 -816.0 -24.0' spd  25.7 yaw 279 mode 1 st 1 gl 0 hp 100 frg 0
ARGEVT Zeus hazard
ARGEVT Omi respawn
ARGLOG Zeus t  25.4 pos '1360.5 -816.0 -24.0' spd  19.9 yaw 263 mode 1 st 1 gl 0 hp 100 frg 0
ARGEVT Omi goal item_armor2
ARGLOG Omi t  25.4 pos '512.0 768.0 216.0' spd 0 yaw 286.6 mode 0 st 0 gl 1 hp 100 frg -2
ARGEVT Zeus stall
ARGEVT Zeus jump
ARGEVT Omi routefail
ARGEVT Zeus route 1 start '1381.0 -703.0 -24.0' goal '1189.0 -799.0 -24.0'
ARGEVT Omi goal item_health
ARGEVT Omi routefail
ARGEVT Omi goal weapon_grenadelauncher
ARGEVT Omi route 13 start '485.0 609.0 216.0' goal '1125.0 257.0 -392.0'
ARGLOG Zeus t  25.9 pos '1363.7 -816.0   5.6' spd  31.6 yaw 174 mode 2 st 2 gl 0 hp 100 frg 0
ARGLOG Omi t  25.9 pos '528.7 610.8 214.0' spd 345.7 yaw 99 mode 2 st 0 gl 1 hp 100 frg -2
ARGEVT Reap respawn
ARGEVT Reap goal 
ARGLOG Reap t  26.2 pos '-880.0 -232.0 -16.0' spd 0 yaw  73.7 mode 0 st 0 gl 0 hp 100 frg -2
ARGEVT Reap routefail
ARGLOG Zeus t  26.4 pos '1320.2 -733.7 -24.0' spd 387.3 yaw 199.5 mode 2 st 2 gl 0 hp 100 frg 0
ARGLOG Omi t  26.4 pos '488.0 596.6  75.7' spd 30 yaw 90 mode 2 st 0 gl 1 hp 100 frg -2
ARGEVT Reap goal item_health
ARGEVT Reap routefail
ARGEVT Reap goal 
ARGEVT Reap routefail
ARGEVT Reap hazard
ARGEVT Omi hazard
ARGLOG Reap t  26.7 pos '-810.0 -112.0 -16.0' spd  37.4 yaw 347.1 mode 0 st 0 gl 0 hp 100 frg -2
ARGEVT Reap goal 
ARGEVT Reap routefail
ARGLOG Zeus t  27.0 pos '1169.7 -816.0 -24.0' spd  62.6 yaw 306 mode 1 st 2 gl 0 hp 100 frg 0
ARGEVT Zeus hazard
ARGLOG Omi t  27.0 pos '438.4 668.2  56.0' spd 192.0 yaw 76 mode 2 st 0 gl 1 hp 100 frg -2
ARGEVT Reap goal 
ARGEVT Reap routefail
ARGEVT Reap goal item_health
ARGLOG Reap t  27.3 pos '-767.9 -242.9 -16.0' spd 388.5 yaw 6 mode 1 st 0 gl 0 hp 100 frg -2
ARGLOG Zeus t  27.5 pos '1287.2 -816.0 -24.0' spd 156.9 yaw 238 mode 1 st 2 gl 0 hp 100 frg 0
ARGLOG Omi t  27.5 pos '368.0 655.8  56.0' spd 119.9 yaw 60 mode 2 st 0 gl 1 hp 100 frg -2
ARGEVT Reap goal item_cells
ARGLOG Reap t  27.8 pos '-595.8 -230.0 -16.0' spd 371.9 yaw  86.0 mode 0 st 0 gl 1 hp 100 frg -2
ARGEVT Reap hazard
ARGEVT Omi hazard
ARGEVT Reap route 1 start '-763.0 -223.0 -16.0' goal '-955.0 -287.0 -16.0'
ARGLOG Zeus t  28.0 pos '1338.7 -816.0 -24.0' spd 0 yaw 270 mode 1 st 2 gl 0 hp 100 frg 0
ARGEVT Zeus hazard
ARGLOG Omi t  28.0 pos '499.6 672.0  56.0' spd 264.4 yaw 94 mode 2 st 0 gl 1 hp 100 frg -2
ARGLOG Reap t  28.3 pos '-748.4 -215.0 -16.0' spd 324.1 yaw 200 mode 1 st 0 gl 1 hp 100 frg -2
ARGLOG Zeus t  28.5 pos '1338.7 -816.0 -24.0' spd 0 yaw 270 mode 1 st 2 gl 0 hp 100 frg 0
ARGLOG Omi t  28.5 pos '475.6 670.0  56.0' spd 240.6 yaw 87 mode 2 st 0 gl 1 hp 100 frg -2
ARGLOG Reap t  28.8 pos '-906.8 -265.6 -16.0' spd 324.2 yaw 189.1 mode 1 st 0 gl 1 hp 100 frg -2
ARGEVT Omi hazard
ARGEVT Reap goal item_spikes
ARGEVT Reap routefail
ARGEVT Reap hazard
ARGLOG Zeus t  29.0 pos '1338.7 -816.0 -24.0' spd 0 yaw 270 mode 1 st 2 gl 0 hp 100 frg 0
ARGEVT Zeus hazard
ARGLOG Omi t  29.0 pos '390.1 656.5  56.0' spd 135.2 yaw 65 mode 2 st 0 gl 1 hp 100 frg -2
ARGEVT Zeus stall
ARGEVT Zeus jump
ARGEVT Reap goal item_shells
ARGEVT Reap routefail
ARGEVT Zeus route 1 start '1381.0 -703.0 -24.0' goal '1189.0 -799.0 -24.0'
ARGEVT Reap goal item_health
ARGLOG Reap t  29.3 pos '-869.0 -304.0 -16.0' spd 349.6 yaw 338.2 mode 0 st 0 gl 2 hp 100 frg -2
ARGEVT Reap routefail
ARGLOG Zeus t  29.5 pos '1345.3 -816.0   5.6' spd  32.8 yaw 173 mode 2 st 3 gl 0 hp 100 frg 0
ARGLOG Omi t  29.5 pos '522.5 670.2  56.0' spd 213.0 yaw 100 mode 2 st 0 gl 1 hp 100 frg -2
ARGEVT Reap goal item_rockets
ARGEVT Reap routefail
ARGEVT Reap trapped
ARGEVT Reap death Reap pos '-735.2 -296.3 -16.0'
ARGEVT Omi hazard
ARGLOG Zeus t  30.1 pos '1338.8 -720.7 -24.0' spd 386.4 yaw 174.0 mode 2 st 3 gl 0 hp 100 frg 0
ARGLOG Omi t  30.1 pos '445.4 672.0  56.0' spd 208.0 yaw 78 mode 2 st 0 gl 1 hp 100 frg -2
ARGLOG Zeus t  30.6 pos '1173.9 -768.2 -24.0' spd 384.3 yaw 294 mode 1 st 3 gl 0 hp 100 frg 0
ARGLOG Omi t  30.6 pos '367.2 672.0  56.0' spd 129.2 yaw 58 mode 2 st 0 gl 1 hp 100 frg -2
ARGEVT Zeus hazard
ARGEVT Omi hazard
ARGLOG Zeus t  31.1 pos '1169.0 -816.0 -24.0' spd 0 yaw 306 mode 1 st 3 gl 0 hp 100 frg 0
ARGLOG Omi t  31.1 pos '307.3 672.0  56.0' spd 112.1 yaw 47 mode 2 st 0 gl 1 hp 100 frg -2
ARGEVT Reap respawn
ARGEVT Reap goal 
ARGLOG Reap t  31.3 pos '192.0 -208.0 -176.0' spd 0 yaw 106.6 mode 0 st 0 gl 2 hp 100 frg -3
ARGEVT Reap routefail
ARGEVT Reap goal item_rockets
ARGEVT Reap routefail
ARGLOG Zeus t  31.6 pos '1169.0 -816.0 -24.0' spd 0 yaw 306 mode 1 st 3 gl 0 hp 100 frg 0
ARGLOG Omi t  31.6 pos '252.8 672.0  56.0' spd 103.0 yaw 39 mode 2 st 0 gl 1 hp 100 frg -2
ARGEVT Zeus hazard
ARGEVT Reap goal item_shells
ARGEVT Reap routefail
ARGLOG Reap t  31.9 pos ' 60.7 -173.1 -176.0' spd 389.9 yaw 272.1 mode 0 st 0 gl 2 hp 100 frg -3
ARGEVT Zeus stall
ARGEVT Zeus jump
ARGEVT Omi hazard
ARGEVT Reap goal item_shells
ARGEVT Reap routefail
ARGEVT Reap hazard
ARGLOG Zeus t  32.1 pos '1171.4 -816.0   5.0' spd  29.2 yaw 305 mode 0 st 4 gl 0 hp 100 frg 0
ARGLOG Omi t  32.1 pos '249.7 672.0  56.0' spd 317.6 yaw 39 mode 2 st 0 gl 1 hp 100 frg -2
ARGEVT Zeus route 0 start '1189.0 -799.0 -24.0' goal '1189.0 -799.0 -24.0'
ARGEVT Reap trapped
ARGEVT Reap death Reap pos ' 96.7 -222.4 -176.0'
ARGLOG Zeus t  32.6 pos '1198.0 -816.0 -24.0' spd  62.8 yaw 292 mode 1 st 4 gl 0 hp 100 frg 0
ARGLOG Omi t  32.6 pos '440.0 672.0  56.0' spd 368.1 yaw 76 mode 2 st 0 gl 1 hp 100 frg -2
ARGEVT Zeus hazard
ARGEVT Omi hazard
ARGLOG Zeus t  33.1 pos '1198.0 -816.0 -24.0' spd 0 yaw 292 mode 1 st 4 gl 0 hp 100 frg 0
ARGLOG Omi t  33.1 pos '508.1 672.0  56.0' spd 219.7 yaw 96 mode 2 st 0 gl 1 hp 100 frg -2
ARGEVT Zeus stall
ARGEVT Zeus jump
ARGEVT Zeus route 0 start '1189.0 -799.0 -24.0' goal '1189.0 -799.0 -24.0'
ARGLOG Zeus t  33.7 pos '1203.0 -816.0  13.8' spd  35.6 yaw 289 mode 1 st 5 gl 0 hp 100 frg 0
ARGLOG Omi t  33.7 pos '408.2 661.2  56.0' spd 147.5 yaw 69 mode 2 st 0 gl 1 hp 100 frg -2
ARGEVT Reap respawn
ARGEVT Reap goal 
ARGLOG Reap t  33.8 pos '1472.0 -928.0 -24.0' spd 0 yaw 106.6 mode 0 st 0 gl 2 hp 100 frg -4
ARGEVT Reap routefail
ARGEVT Reap goal item_health
ARGEVT Reap route 1 start '1573.0 -799.0 -24.0' goal '1701.0 -639.0 -24.0'
ARGEVT Omi hazard
ARGEVT Zeus hazard
ARGEVT Zeus engage Reap
ARGLOG Zeus t  34.2 pos '1226.4 -816.0 -24.0' spd 0 yaw 310.7 mode 1 st 5 gl 0 hp 100 frg 0
ARGLOG Omi t  34.2 pos '411.0 672.0  56.0' spd 305.7 yaw 69 mode 2 st 0 gl 1 hp 100 frg -2
ARGEVT Reap engage Zeus
ARGEVT Reap hazard
ARGLOG Reap t  34.3 pos '1407.8 -816.0 -24.0' spd  28.2 yaw 144.4 mode 2 st 0 gl 2 hp 100 frg -4
ARGLOG Zeus t  34.7 pos '1226.4 -816.0 -24.0' spd 0 yaw   2.6 mode 1 st 5 gl 0 hp 100 frg 0
ARGLOG Omi t  34.7 pos '544.3 671.8  56.0' spd 196.6 yaw 107 mode 2 st 0 gl 1 hp 100 frg -2
ARGLOG Reap t  34.8 pos '1398.0 -816.0 -24.0' spd  36.4 yaw 184.0 mode 2 st 0 gl 2 hp 100 frg -4
ARGEVT Omi hazard
ARGLOG Zeus t  35.2 pos '1209.6 -793.8 -24.0' spd 293.1 yaw  30.0 mode 1 st 5 gl 0 hp 76 frg 0
ARGLOG Omi t  35.2 pos '435.2 663.8  56.0' spd 172.2 yaw 76 mode 2 st 0 gl 1 hp 100 frg -2
ARGLOG Reap t  35.3 pos '1392.0 -719.9 -24.0' spd 259.1 yaw 195.2 mode 2 st 0 gl 2 hp 68 frg -4
ARGLOG Zeus t  35.8 pos '1230.2 -618.3 -24.0' spd 337.2 yaw 315.3 mode 1 st 5 gl 0 hp 76 frg 0
ARGLOG Omi t  35.8 pos '447.5 672.0  56.0' spd 324.5 yaw 78 mode 2 st 0 gl 1 hp 100 frg -2
ARGLOG Reap t  35.8 pos '1428.0 -781.4 -24.0' spd 325.5 yaw 129.1 mode 2 st 0 gl 2 hp 52 frg -4
ARGEVT Omi hazard
ARGEVT Zeus pursue
ARGEVT Reap pursue
ARGEVT Zeus hazard
ARGLOG Zeus t  36.3 pos '1336.5 -567.4 -24.0' spd 354.8 yaw 253 mode 1 st 5 gl 0 hp 76 frg 0
ARGLOG Omi t  36.3 pos '492.4 672.0  56.0' spd 319.6 yaw 92 mode 2 st 0 gl 1 hp 100 frg -2
ARGLOG Reap t  36.4 pos '1488.0 -635.2 -24.0' spd 341.2 yaw 104.5 mode 1 st 0 gl 2 hp 52 frg -4
ARGEVT Reap hazard
ARGLOG Zeus t  36.9 pos '1250.7 -704.3 -24.0' spd 389.9 yaw 325 mode 1 st 5 gl 0 hp 76 frg 0
ARGLOG Omi t  36.9 pos '369.2 672.0  56.0' spd 161.1 yaw 59 mode 2 st 0 gl 1 hp 100 frg -2
ARGLOG Reap t  36.9 pos '1504.0 -606.6 -24.0' spd  68.1 yaw 352 mode 1 st 0 gl 2 hp 52 frg -4
ARGEVT Omi hazard
ARGEVT Reap goal weapon_supershotgun
ARGLOG Zeus t  37.4 pos '1316.4 -732.4 -24.0' spd 332.6 yaw   6.0 mode 1 st 5 gl 0 hp 52 frg 0
ARGLOG Omi t  37.4 pos '288.9 672.0  56.0' spd 133.5 yaw 44 mode 2 st 0 gl 1 hp 100 frg -2
ARGLOG Reap t  37.5 pos '1656.3 -717.9 -24.0' spd 364.2 yaw 174.1 mode 1 st 0 gl 3 hp 43 frg -4
ARGLOG Zeus t  37.9 pos '1311.2 -802.9 -24.0' spd 101.5 yaw   8.3 mode 1 st 5 gl 0 hp 28 frg 0
ARGLOG Omi t  37.9 pos '264.0 672.0  56.0' spd 265.1 yaw 41 mode 2 st 0 gl 1 hp 100 frg -2
ARGLOG Reap t  38.0 pos '1656.4 -753.5 -24.0' spd 333.4 yaw 189.6 mode 1 st 0 gl 3 hp 27 frg -4
ARGLOG Zeus t  38.4 pos '1319.6 -739.3 -24.0' spd 330.7 yaw  19.5 mode 1 st 5 gl 0 hp 8 frg 0
ARGLOG Omi t  38.4 pos '441.7 672.0  56.0' spd 348.2 yaw 77 mode 2 st 0 gl 1 hp 100 frg -2
ARGEVT Omi hazard
ARGLOG Reap t  38.5 pos '1634.7 -610.0 -24.0' spd  52.0 yaw 210.7 mode 1 st 0 gl 3 hp 27 frg -4
ARGEVT Reap death Zeus pos '1652.3 -657.2 -24.0'
ARGEVT Zeus goal item_health
ARGEVT Zeus routefail
ARGLOG Zeus t  39.0 pos '1389.2 -723.7 -24.0' spd 325.0 yaw  80.5 mode 0 st 5 gl 0 hp 8 frg 1
ARGLOG Omi t  39.0 pos '469.8 666.4  56.0' spd 280.8 yaw 85 mode 2 st 0 gl 1 hp 100 frg -2
ARGEVT Zeus goal item_health
ARGEVT Zeus hazard
ARGEVT Zeus routefail
ARGEVT Zeus goal item_health
ARGEVT Zeus routefail
ARGLOG Zeus t  39.5 pos '1298.0 -692.9 -24.0' spd 324.2 yaw 177.2 mode 0 st 5 gl 0 hp 8 frg 1
ARGLOG Omi t  39.5 pos '371.3 656.1  56.0' spd 156.1 yaw 61 mode 2 st 0 gl 1 hp 100 frg -2
ARGEVT Zeus goal item_health
ARGEVT Omi hazard
ARGEVT Zeus routefail
ARGEVT Zeus trapped
ARGEVT Zeus death Zeus pos '1177.3 -680.6 -24.0'
ARGLOG Omi t  40.1 pos '499.4 672.0  56.0' spd 314.0 yaw 94 mode 2 st 0 gl 1 hp 100 frg -2
ARGEVT Reap respawn
ARGEVT Reap goal weapon_supershotgun
ARGLOG Reap t  40.3 pos '1520.0 432.0 -88.0' spd 0 yaw 339.8 mode 0 st 0 gl 3 hp 100 frg -4
ARGEVT Reap routefail
ARGLOG Omi t  40.6 pos '463.2 672.0  56.0' spd 275.9 yaw 83 mode 2 st 0 gl 1 hp 100 frg -2
ARGEVT Reap goal 
ARGEVT Reap routefail
ARGEVT Omi hazard
ARGEVT Reap goal weapon_lightning
ARGEVT Reap routefail
ARGLOG Reap t  40.9 pos '1688.6 400.0 -88.0' spd 337.1 yaw 333 mode 0 st 0 gl 3 hp 100 frg -4
ARGEVT Reap goal item_rockets
ARGEVT Reap routefail
ARGLOG Omi t  41.1 pos '357.5 672.0  56.0' spd 154.7 yaw 56 mode 2 st 0 gl 1 hp 100 frg -2
ARGEVT Reap goal item_rockets
ARGEVT Reap hazard
ARGEVT Reap routefail
ARGEVT Zeus respawn
ARGLOG Reap t  41.4 pos '1805.6 400.0 -88.0' spd 255.9 yaw 232.5 mode 0 st 0 gl 3 hp 100 frg -4
ARGEVT Zeus goal weapon_supernailgun
ARGLOG Zeus t  41.5 pos '-632.0 -680.0 -16.0' spd 0 yaw 83 mode 0 st 5 gl 0 hp 100 frg 0
ARGEVT Zeus routefail
ARGEVT Reap goal item_rockets
ARGEVT Reap routefail
ARGLOG Omi t  41.7 pos '279.9 672.0  56.0' spd 131.5 yaw 43 mode 2 st 0 gl 1 hp 100 frg -2
ARGEVT Omi hazard
ARGEVT Zeus goal weapon_nailgun
ARGEVT Zeus routefail
ARGEVT Reap trapped
ARGEVT Reap death Reap pos '1676.5 400.0 -88.0'
ARGEVT Zeus hazard
ARGEVT Zeus goal 
ARGLOG Zeus t  42.0 pos '-592.6 -528.9 -16.0' spd 323.1 yaw  63.2 mode 0 st 5 gl 0 hp 100 frg 0
ARGEVT Zeus routefail
ARGLOG Omi t  42.2 pos '215.4 672.0  56.0' spd 124.3 yaw 35 mode 2 st 0 gl 1 hp 100 frg -2
ARGEVT Zeus goal weapon_grenadelauncher
ARGEVT Zeus routefail
ARGEVT Zeus goal 
ARGEVT Zeus routefail
ARGLOG Zeus t  42.6 pos '282.4 -269.6  56.0' spd 347.5 yaw 348 mode 0 st 5 gl 0 hp 100 frg 0
ARGEVT Zeus goal 
ARGLOG Omi t  42.8 pos '333.2 672.0  56.0' spd 356.0 yaw 51 mode 2 st 0 gl 1 hp 100 frg -2
ARGEVT Zeus routefail
ARGEVT Zeus goal item_rockets
ARGLOG Zeus t  43.1 pos '449.0 -279.0  56.0' spd 337.5 yaw 301.3 mode 1 st 5 gl 0 hp 100 frg 0
ARGEVT Omi hazard
ARGLOG Omi t  43.3 pos '528.4 669.1  56.0' spd 284.7 yaw 102 mode 2 st 0 gl 1 hp 100 frg -2
ARGEVT Reap respawn
ARGEVT Reap goal 
ARGLOG Reap t  43.4 pos '512.0 768.0 216.0' spd 0 yaw 289.5 mode 0 st 0 gl 3 hp 100 frg -5
ARGEVT Reap routefail
ARGEVT Zeus hazard
ARGEVT Zeus engage Omi
ARGLOG Zeus t  43.6 pos '464.5 -431.4  56.0' spd  26.8 yaw  83.7 mode 1 st 5 gl 0 hp 100 frg 0
ARGEVT Reap goal item_health
ARGEVT Reap routefail
ARGEVT Reap hazard
ARGEVT Omi engage Reap
ARGLOG Omi t  43.9 pos '418.2 662.0  56.0' spd 204.3 yaw  29.5 mode 2 st 0 gl 1 hp 100 frg -2
ARGEVT Reap goal weapon_grenadelauncher
ARGEVT Reap engage Omi
ARGEVT Reap route 13 start '485.0 609.0 216.0' goal '1125.0 257.0 -392.0'
ARGLOG Reap t  43.9 pos '551.3 612.5 216.0' spd 320.7 yaw  87.2 mode 2 st 0 gl 3 hp 100 frg -5
ARGLOG Zeus t  44.2 pos '463.5 -259.3  56.0' spd 320.1 yaw 113.8 mode 1 st 5 gl 0 hp 100 frg 0
ARGEVT Omi pursue
ARGLOG Omi t  44.4 pos '445.7 492.4  56.0' spd 372.1 yaw  52.3 mode 0 st 0 gl 1 hp 100 frg -2
ARGLOG Reap t  44.5 pos '489.7 710.4 216.0' spd 177.7 yaw 270.2 mode 2 st 0 gl 3 hp 100 frg -5
ARGEVT Omi routefail
ARGLOG Zeus t  44.8 pos '354.3 -164.6  56.0' spd 350.9 yaw  73.3 mode 1 st 5 gl 0 hp 100 frg 0
ARGEVT Omi goal item_armorInv
ARGEVT Omi routefail
ARGEVT Omi goal item_artifact_super_damage
ARGLOG Omi t  45.0 pos '459.5 503.0  56.0' spd 320.3 yaw  78.2 mode 0 st 0 gl 1 hp 92 frg -2
ARGEVT Omi routefail
ARGLOG Reap t  45.1 pos '508.4 665.5 216.0' spd 321.5 yaw 238.0 mode 2 st 0 gl 3 hp 100 frg -5
ARGLOG Zeus t  45.3 pos '291.1 -92.3  56.0' spd 275.1 yaw  80.4 mode 1 st 5 gl 0 hp 100 frg 0
ARGEVT Omi goal item_artifact_invisibility
ARGEVT Omi route 5 start '357.0 609.0  56.0' goal '165.0 -127.0  56.0'
ARGEVT Omi pursue
ARGEVT Zeus pursue
ARGEVT Reap hazard
ARGLOG Omi t  45.6 pos '383.1 636.3  56.0' spd 359.8 yaw 28 mode 2 st 0 gl 1 hp 80 frg -2
ARGLOG Reap t  45.6 pos '488.5 592.0 206.7' spd 327.8 yaw 162.3 mode 2 st 0 gl 3 hp 100 frg -5
ARGLOG Zeus t  45.8 pos '154.1   1.2  56.0' spd 382.2 yaw 55 mode 1 st 5 gl 0 hp 100 frg 0
ARGLOG Omi t  46.1 pos '488.5 659.7  56.0' spd  75.5 yaw 272.4 mode 2 st 0 gl 1 hp 56 frg -2
ARGLOG Reap t  46.1 pos '489.6 588.2  56.0' spd  32.0 yaw  81.3 mode 2 st 0 gl 3 hp 100 frg -5
ARGLOG Zeus t  46.3 pos '222.0 151.4  56.0' spd 321.1 yaw 51 mode 1 st 5 gl 0 hp 100 frg 0
ARGLOG Omi t  46.6 pos '428.8 671.3  56.0' spd 320.0 yaw 258.4 mode 2 st 0 gl 1 hp 32 frg -2
ARGEVT Reap routefail
ARGLOG Reap t  46.7 pos '376.6 483.2  56.0' spd 330.9 yaw  87.6 mode 0 st 0 gl 3 hp 76 frg -5
ARGLOG Zeus t  46.9 pos '333.7 292.0  56.0' spd 320.0 yaw 51 mode 1 st 5 gl 0 hp 100 frg 0
ARGEVT Reap goal item_artifact_super_damage
ARGEVT Reap routefail
ARGEVT Reap goal item_artifact_invulnerability
ARGEVT Reap routefail
ARGLOG Omi t  47.2 pos '248.2 670.6  56.0' spd 320.0 yaw 263.3 mode 2 st 0 gl 1 hp 8 frg -2
ARGLOG Reap t  47.2 pos '221.5 524.4  56.0' spd 320.0 yaw  82.1 mode 0 st 0 gl 3 hp 68 frg -5
ARGEVT Reap goal item_health
ARGEVT Omi death Reap pos '188.7 669.5  56.0'
ARGEVT Reap routefail
ARGLOG Zeus t  47.4 pos '497.3 329.1  56.0' spd 350.3 yaw  11.0 mode 1 st 5 gl 0 hp 100 frg 0
ARGEVT Zeus hazard
ARGEVT Reap goal item_health
ARGEVT Reap routefail
ARGLOG Reap t  47.7 pos '189.6 585.9  56.0' spd 326.9 yaw  69.6 mode 0 st 0 gl 3 hp 68 frg -4
ARGEVT Reap trapped
ARGEVT Reap death Reap pos '221.1 643.9  56.0'
ARGLOG Zeus t  48.0 pos '539.2 267.4  56.0' spd 330.3 yaw 237 mode 1 st 5 gl 0 hp 100 frg 0
ARGLOG Zeus t  48.6 pos '410.2 140.7  56.0' spd 323.5 yaw 202 mode 1 st 5 gl 0 hp 100 frg 0
ARGEVT Omi respawn
ARGEVT Omi goal item_health
ARGLOG Omi t 49 pos '-880.0 -232.0 -16.0' spd 0 yaw  69.8 mode 0 st 0 gl 1 hp 100 frg -2
ARGEVT Omi routefail
ARGLOG Zeus t  49.1 pos '290.5  16.0  56.0' spd 312.7 yaw 226.5 mode 1 st 5 gl 0 hp 100 frg 0
ARGEVT Omi plan powerup via weapon
ARGEVT Omi goal weapon_grenadelauncher
ARGEVT Omi routefail
ARGEVT Reap respawn
ARGEVT Omi goal item_artifact_super_damage
ARGEVT Reap goal item_armorInv
ARGLOG Reap t  49.5 pos '192.0 -208.0 -176.0' spd 0 yaw  69.8 mode 0 st 0 gl 3 hp 100 frg -5
ARGEVT Omi routefail
ARGLOG Omi t  49.6 pos '-810.2 -112.0 -16.0' spd  35.0 yaw 109 mode 0 st 0 gl 1 hp 100 frg -2
ARGLOG Zeus t  49.7 pos '194.0 -141.5  56.0' spd 327.4 yaw 279 mode 1 st 5 gl 0 hp 100 frg 0
ARGEVT Omi goal 
ARGEVT Reap hazard
ARGEVT Omi route 8 start '-955.0   1.0 -16.0' goal '-603.0 417.0 -16.0'
ARGEVT Zeus plan powerup via weapon
ARGEVT Zeus goal weapon_grenadelauncher
ARGEVT Zeus routefail
ARGLOG Reap t  50.1 pos '240.0 -149.9 -176.0' spd 320.0 yaw 272 mode 0 st 0 gl 3 hp 100 frg -5
ARGLOG Omi t  50.1 pos '-901.7  20.1 -16.0' spd 379.9 yaw 107 mode 2 st 0 gl 1 hp 100 frg -2
ARGEVT Zeus goal item_artifact_invulnerability
ARGLOG Zeus t  50.2 pos '191.5 -328.4  60.0' spd 368.7 yaw 338.8 mode 0 st 5 gl 1 hp 100 frg 0
ARGEVT Zeus routefail
ARGEVT Omi hazard
ARGEVT Zeus trapped
ARGEVT Zeus death Zeus pos '275.5 -370.5  56.0'
ARGEVT Reap routefail
ARGLOG Reap t  50.6 pos '153.4 -233.3 -176.0' spd 324.5 yaw 173.0 mode 0 st 0 gl 3 hp 100 frg -5
ARGLOG Omi t  50.6 pos '-964.6  80.3   8.0' spd 320 yaw 87 mode 2 st 0 gl 1 hp 100 frg -2
ARGEVT Omi jump
ARGEVT Reap plan powerup via weapon
ARGEVT Reap goal weapon_grenadelauncher
ARGEVT Reap routefail
ARGEVT Reap hazard
ARGEVT Reap goal item_artifact_invulnerability
ARGEVT Reap routefail
ARGLOG Omi t  51.1 pos '-948.4 151.5  59.5' spd  44.3 yaw 90 mode 2 st 0 gl 1 hp 100 frg -2
ARGLOG Reap t  51.1 pos ' 23.1 -238.5 -176.0' spd 132.7 yaw 353.5 mode 0 st 0 gl 3 hp 100 frg -5
ARGEVT Reap goal 
ARGEVT Reap routefail
ARGEVT Reap trapped
ARGEVT Reap death Reap pos '141.2 -221.9 -176.0'
ARGLOG Omi t  51.6 pos '-944.9 251.3  88.0' spd 320.2 yaw 87 mode 2 st 0 gl 1 hp 100 frg -2
ARGEVT Zeus respawn
ARGEVT Zeus goal item_armor2
ARGLOG Zeus t  52.1 pos '1472.0 -928.0 -24.0' spd 0 yaw 110.2 mode 1 st 5 gl 1 hp 100 frg -1
ARGLOG Omi t  52.2 pos '-948.8 431.1 120.0' spd 320.0 yaw 86 mode 2 st 0 gl 1 hp 100 frg -2
ARGEVT Zeus hazard
ARGLOG Zeus t  52.6 pos '1408.0 -820.9 -24.0' spd 174.2 yaw 183.2 mode 1 st 5 gl 1 hp 100 frg -1
ARGLOG Omi t  52.8 pos '-941.4 610.9 120.0' spd 320.1 yaw 50 mode 2 st 0 gl 1 hp 100 frg -2
ARGEVT Reap respawn
ARGEVT Reap goal weapon_rocketlauncher
ARGLOG Reap t  53.1 pos '1520.0 432.0 -88.0' spd 0 yaw  20.2 mode 1 st 0 gl 3 hp 100 frg -6
ARGLOG Zeus t  53.2 pos '1237.3 -812.5 -24.0' spd 398.3 yaw 267 mode 1 st 5 gl 1 hp 100 frg -1
ARGLOG Omi t  53.3 pos '-881.7 780.7 120.0' spd 333.9 yaw 3 mode 2 st 0 gl 1 hp 100 frg -2
ARGEVT Reap goal item_armor2
ARGEVT Reap routefail
ARGEVT Zeus hazard
ARGEVT Reap goal 
ARGEVT Reap routefail
ARGLOG Reap t  53.7 pos '1690.4 443.6 -88.0' spd 405.9 yaw 253.3 mode 0 st 0 gl 3 hp 100 frg -6
ARGLOG Zeus t  53.8 pos '1309.5 -816.0 -24.0' spd 102.2 yaw 229 mode 1 st 5 gl 1 hp 100 frg -1
ARGLOG Omi t  53.9 pos '-714.3 848.1 120.0' spd 328.2 yaw 305 mode 2 st 0 gl 1 hp 100 frg -2
ARGEVT Reap goal 
ARGEVT Reap routefail
ARGEVT Reap goal item_rockets
ARGEVT Reap routefail
ARGLOG Zeus t  54.3 pos '1348.1 -816.0 -24.0' spd  10.7 yaw 267 mode 1 st 5 gl 1 hp 100 frg -1
ARGLOG Reap t  54.3 pos '1568.4 400.0 -88.0' spd 320.4 yaw 184.0 mode 0 st 0 gl 3 hp 100 frg -6
ARGLOG Omi t  54.4 pos '-556.8 811.9 120.0' spd 337.6 yaw 264 mode 2 st 0 gl 1 hp 100 frg -2
ARGEVT Reap goal item_rockets
ARGEVT Reap routefail
ARGEVT Zeus hazard
ARGEVT Reap hazard
ARGEVT Reap goal item_rockets
ARGEVT Reap routefail
ARGEVT Zeus stall
ARGLOG Zeus t  54.8 pos '1342.3 -816.0 -24.0' spd  10.2 yaw 489.2 mode 0 st 6 gl 1 hp 100 frg -1
ARGEVT Zeus jump
ARGLOG Reap t  54.8 pos '1488.0 506.7 -88.0' spd 328.9 yaw 109.0 mode 0 st 0 gl 3 hp 100 frg -6
ARGEVT Reap goal 
ARGEVT Reap routefail
ARGLOG Omi t  54.9 pos '-540.7 688.0  34.3' spd  40.6 yaw 258 mode 2 st 0 gl 1 hp 100 frg -2
ARGEVT Zeus route 1 start '1381.0 -703.0 -24.0' goal '1189.0 -799.0 -24.0'
ARGEVT Reap trapped
ARGEVT Reap death Reap pos '1488.0 560.0 -88.0'
ARGLOG Zeus t  55.3 pos '1340.6 -816.0  -1.7' spd  29.5 yaw 173 mode 2 st 6 gl 1 hp 100 frg -1
ARGLOG Omi t  55.4 pos '-572.2 576.8 -16.0' spd 320.1 yaw 249.0 mode 1 st 0 gl 1 hp 100 frg -2
ARGLOG Zeus t  55.8 pos '1402.2 -715.7 -24.0' spd 390.1 yaw 148.6 mode 2 st 6 gl 1 hp 100 frg -1
ARGEVT Zeus hazard
ARGEVT Omi plan powerup via weapon
ARGEVT Omi goal weapon_grenadelauncher
ARGLOG Omi t  56.0 pos '-653.1 415.1 -16.0' spd 354.7 yaw 208.8 mode 0 st 0 gl 2 hp 100 frg -2
ARGEVT Omi routefail
ARGEVT Omi hazard
ARGEVT Omi goal item_artifact_invulnerability
ARGEVT Omi routefail
ARGLOG Zeus t  56.3 pos '1251.3 -730.9 -24.0' spd 328.7 yaw 228 mode 2 st 6 gl 1 hp 100 frg -1
ARGEVT Omi goal 
ARGEVT Omi routefail
ARGLOG Omi t  56.6 pos '-639.4 255.9 -16.0' spd 325.0 yaw 268.4 mode 0 st 0 gl 2 hp 100 frg -2
ARGEVT Reap respawn
ARGEVT Reap goal 
ARGLOG Reap t  56.7 pos '-632.0 -680.0 -16.0' spd 0 yaw  69.8 mode 1 st 0 gl 3 hp 100 frg -7
ARGEVT Omi goal 
ARGEVT Omi routefail
ARGLOG Zeus t  56.9 pos '1225.1 -816.0 -24.0' spd 341.9 yaw 275 mode 1 st 6 gl 1 hp 100 frg -1
ARGEVT Zeus hazard
ARGEVT Reap hazard
ARGEVT Omi trapped
ARGEVT Omi death Omi pos '-654.3 210.4 -16.0'
ARGLOG Reap t  57.2 pos '-592.0 -650.0 -16.0' spd 281.3 yaw 337 mode 1 st 0 gl 3 hp 100 frg -7
ARGLOG Zeus t  57.4 pos '1337.6 -816.0 -24.0' spd 143.4 yaw 242.5 mode 1 st 6 gl 1 hp 100 frg -1
ARGEVT Reap goal item_artifact_invulnerability
ARGEVT Reap routefail
ARGLOG Reap t  57.8 pos '-428.2 -733.0 -16.0' spd 329.4 yaw  24.3 mode 0 st 0 gl 4 hp 100 frg -7
ARGEVT Reap goal 
ARGEVT Reap routefail
ARGLOG Zeus t  58.0 pos '1337.6 -816.0 -24.0' spd 0 yaw 270 mode 1 st 6 gl 1 hp 100 frg -1
ARGEVT Zeus hazard
ARGEVT Reap goal 
ARGEVT Reap routefail
ARGLOG Reap t  58.3 pos '-329.7 -593.1 -16.0' spd 386.6 yaw 147 mode 0 st 0 gl 4 hp 100 frg -7
ARGEVT Reap goal 
ARGEVT Reap routefail
ARGEVT Zeus stall
ARGLOG Zeus t  58.6 pos '1337.6 -816.0 -24.0' spd 0 yaw 435.9 mode 0 st 7 gl 1 hp 100 frg -1
ARGEVT Zeus jump
ARGEVT Omi respawn
ARGEVT Reap hazard
ARGEVT Omi goal 
ARGLOG Omi t  58.6 pos '512.0 768.0 216.0' spd 0 yaw 290.5 mode 0 st 0 gl 2 hp 100 frg -3
ARGEVT Reap trapped
ARGEVT Reap death Reap pos '-342.4 -528.0 -16.0'
ARGEVT Omi routefail
ARGEVT Zeus route 1 start '1381.0 -703.0 -24.0' goal '1189.0 -799.0 -24.0'
ARGEVT Omi goal 
ARGEVT Omi routefail
ARGLOG Zeus t  59.1 pos '1341.9 -816.0  -2.2' spd  32.3 yaw 173 mode 2 st 7 gl 1 hp 100 frg -1
ARGEVT Omi goal 
ARGLOG Omi t  59.1 pos '552.1 628.4 216.0' spd 348.2 yaw 210.8 mode 0 st 0 gl 2 hp 100 frg -3
ARGEVT Omi route 2 start '485.0 609.0 216.0' goal '165.0 545.0  56.0'
ARGLOG Zeus t  59.6 pos '1400.2 -712.8 -24.0' spd 390.3 yaw 150.6 mode 2 st 7 gl 1 hp 100 frg -1
ARGEVT Zeus hazard
ARGLOG Omi t  59.6 pos '488.0 598.6 150.4' spd  24.7 yaw 190 mode 2 st 0 gl 2 hp 100 frg -3
ARGLOG Zeus t  60.1 pos '1249.0 -732.0 -24.0' spd 328.7 yaw 229 mode 2 st 7 gl 1 hp 100 frg -1
ARGLOG Omi t  60.1 pos '410.5 607.7  56.0' spd 320.1 yaw 179 mode 1 st 0 gl 2 hp 100 frg -3
ARGEVT Reap respawn
ARGEVT Reap goal item_health
ARGLOG Reap t  60.3 pos '-880.0 -232.0 -16.0' spd 0 yaw  70.2 mode 0 st 0 gl 4 hp 100 frg -8
ARGEVT Reap routefail
ARGEVT Reap goal 
ARGEVT Reap routefail
ARGEVT Reap hazard
ARGLOG Zeus t  60.6 pos '1253.6 -816.0 -24.0' spd 290.8 yaw 257 mode 1 st 7 gl 1 hp 100 frg -1
ARGEVT Omi goal 
ARGEVT Omi routefail
ARGEVT Zeus hazard
ARGLOG Omi t  60.7 pos '230.5 603.0  56.0' spd 337.8 yaw 222 mode 0 st 0 gl 3 hp 100 frg -3
ARGEVT Reap goal weapon_supershotgun
ARGEVT Reap routefail
ARGLOG Reap t  60.8 pos '-808.3 -158.6 -16.0' spd 274.1 yaw 267 mode 0 st 0 gl 4 hp 100 frg -8
ARGEVT Omi goal 
ARGEVT Omi route 7 start '165.0 545.0  56.0' goal '165.0 -351.0  56.0'
ARGEVT Omi hazard
ARGEVT Reap goal 
ARGLOG Zeus t  61.2 pos '1339.8 -816.0 -24.0' spd 0 yaw 261.4 mode 1 st 7 gl 1 hp 100 frg -1
ARGLOG Omi t  61.2 pos '207.5 528.0  56.0' spd 323.3 yaw 358 mode 2 st 0 gl 3 hp 100 frg -3
ARGEVT Reap goal weapon_lightning
ARGEVT Reap routefail
ARGLOG Reap t  61.4 pos '-727.0 -304.0 -16.0' spd 324.3 yaw 2 mode 0 st 0 gl 5 hp 100 frg -8
ARGEVT Reap goal 
ARGEVT Reap routefail
ARGLOG Zeus t  61.7 pos '1339.8 -816.0 -24.0' spd 0 yaw 270 mode 1 st 7 gl 1 hp 100 frg -1
ARGEVT Zeus hazard
ARGLOG Omi t  61.7 pos '369.7 557.8  56.0' spd 331.0 yaw 296 mode 2 st 0 gl 3 hp 100 frg -3
ARGEVT Reap goal item_health
ARGEVT Reap hazard
ARGLOG Reap t  61.9 pos '-597.2 -337.8 -16.0' spd 211.2 yaw  52.1 mode 1 st 0 gl 5 hp 100 frg -8
ARGLOG Zeus t  62.3 pos '1339.8 -816.0 -24.0' spd 0 yaw 270 mode 1 st 7 gl 1 hp 100 frg -1
ARGLOG Omi t  62.3 pos '517.9 493.0  56.0' spd 384.1 yaw 209 mode 2 st 0 gl 3 hp 100 frg -3
ARGEVT Zeus stall
ARGEVT Zeus jump
ARGEVT Reap goal weapon_supernailgun
ARGLOG Reap t  62.4 pos '-604.9 -247.0 -16.0' spd 320.1 yaw 82 mode 0 st 0 gl 6 hp 100 frg -8
ARGEVT Reap routefail
ARGEVT Zeus route 1 start '1381.0 -703.0 -24.0' goal '1189.0 -799.0 -24.0'
ARGLOG Zeus t  62.8 pos '1342.0 -816.0   6.5' spd  25.4 yaw 173 mode 2 st 8 gl 1 hp 100 frg -1
ARGLOG Omi t  62.8 pos '501.7 327.2  56.0' spd 354.7 yaw 215 mode 2 st 0 gl 3 hp 100 frg -3
ARGEVT Reap goal weapon_nailgun
ARGEVT Reap routefail
ARGLOG Reap t  62.9 pos '-720.4 -217.6 -16.0' spd 350.8 yaw 241.2 mode 0 st 0 gl 6 hp 100 frg -8
ARGEVT Reap trapped
ARGEVT Reap death Reap pos '-755.4 -247.2 -16.0'
ARGLOG Zeus t  63.3 pos '1403.9 -714.1 -24.0' spd 390.3 yaw 149.0 mode 2 st 8 gl 1 hp 100 frg -1
ARGLOG Omi t  63.3 pos '321.5 284.9  56.0' spd 323.7 yaw 231 mode 2 st 0 gl 3 hp 100 frg -3
ARGEVT Zeus hazard
ARGLOG Zeus t  63.8 pos '1252.4 -731.3 -24.0' spd 328.6 yaw 227 mode 2 st 8 gl 1 hp 100 frg -1
ARGLOG Omi t  63.8 pos '176.4 218.0  56.0' spd 346.4 yaw 269 mode 2 st 0 gl 3 hp 100 frg -3
ARGLOG Zeus t  64.4 pos '1223.0 -816.0 -24.0' spd 334.1 yaw 276 mode 1 st 8 gl 1 hp 100 frg -1
ARGLOG Omi t  64.4 pos '149.3  38.8  56.0' spd 321.1 yaw 273 mode 2 st 0 gl 3 hp 100 frg -3
ARGEVT Zeus hazard
ARGEVT Reap respawn
ARGEVT Reap goal 
ARGLOG Reap t  64.6 pos '192.0 -208.0 -176.0' spd 0 yaw  69.8 mode 0 st 0 gl 6 hp 100 frg -9
ARGEVT Reap routefail
ARGLOG Zeus t  64.9 pos '1328.2 -816.0 -24.0' spd 144.4 yaw 223 mode 1 st 8 gl 1 hp 100 frg -1
ARGLOG Omi t  64.9 pos '159.5 -122.0  56.0' spd 320.0 yaw 272 mode 2 st 0 gl 3 hp 100 frg -3
ARGEVT Reap goal item_health
ARGEVT Reap hazard
ARGEVT Reap routefail
ARGEVT Reap goal 
ARGLOG Reap t  65.1 pos '240.0 -239.9 -176.0' spd 360.9 yaw 309.8 mode 0 st 0 gl 6 hp 100 frg -9
ARGEVT Reap routefail
ARGLOG Zeus t  65.4 pos '1337.0 -816.0 -24.0' spd 0 yaw 270 mode 1 st 8 gl 1 hp 100 frg -1
ARGLOG Omi t  65.4 pos '193.2 -279.7  60.0' spd 325.0 yaw 307 mode 1 st 0 gl 3 hp 100 frg -3
ARGEVT Reap goal item_shells
ARGEVT Reap route 2 start '  5.0 -191.0 -176.0' goal '-187.0 -447.0 -112.0'
ARGEVT Zeus hazard
ARGEVT Omi goal weapon_supernailgun
ARGEVT Omi routefail
ARGLOG Reap t  65.7 pos ' 56.8 -240.0 -176.0' spd 320.4 yaw 221 mode 2 st 0 gl 6 hp 100 frg -9
ARGEVT Omi goal weapon_nailgun
ARGEVT Omi routefail
ARGLOG Zeus t  65.9 pos '1337.0 -816.0 -24.0' spd 0 yaw 270 mode 1 st 8 gl 1 hp 100 frg -1
ARGLOG Omi t  65.9 pos '180.4 -372.4  56.0' spd 277.8 yaw 223.5 mode 0 st 0 gl 4 hp 100 frg -3
ARGEVT Omi hazard
ARGEVT Zeus stall
ARGEVT Zeus jump
ARGEVT Omi goal item_health
ARGEVT Omi routefail
ARGLOG Reap t  66.2 pos '-124.0 -240.0 -176.0' spd 322.8 yaw 254 mode 2 st 0 gl 6 hp 100 frg -9
ARGEVT Zeus route 1 start '1381.0 -703.0 -24.0' goal '1189.0 -799.0 -24.0'
ARGEVT Omi goal 
ARGEVT Omi routefail
ARGLOG Zeus t  66.5 pos '1339.2 -816.0   7.0' spd  25.4 yaw 173 mode 2 st 9 gl 1 hp 100 frg -1
ARGLOG Omi t  66.5 pos '295.0 -400.0  56.0' spd 356.2 yaw 282.1 mode 0 st 0 gl 4 hp 100 frg -3
ARGEVT Omi trapped
ARGEVT Omi death Omi pos '331.6 -399.7  56.0'
ARGLOG Reap t  66.8 pos '-192.3 -343.0 -128.0' spd 320.0 yaw 281 mode 1 st 0 gl 6 hp 100 frg -9
ARGLOG Zeus t 67 pos '1401.8 -737.0 -24.0' spd 377.4 yaw 130.8 mode 2 st 9 gl 1 hp 100 frg -1
ARGEVT Zeus hazard
ARGEVT Reap goal weapon_nailgun
ARGEVT Reap routefail
ARGEVT Reap hazard
ARGEVT Reap goal 
ARGLOG Reap t  67.4 pos '-112.0 -464.0 -96.0' spd 0 yaw 313.8 mode 0 st 0 gl 7 hp 100 frg -9
ARGEVT Reap routefail
ARGLOG Zeus t  67.6 pos '1249.3 -731.8 -24.0' spd 328.9 yaw 229 mode 2 st 9 gl 1 hp 100 frg -1
ARGEVT Reap goal 
ARGEVT Reap routefail
ARGEVT Reap goal 
ARGEVT Reap routefail
ARGLOG Reap t  67.9 pos '-48.0 -464.0 -64.0' spd 0 yaw 327.7 mode 0 st 0 gl 7 hp 100 frg -9
ARGLOG Zeus t  68.1 pos '1252.5 -816.0 -24.0' spd 292.1 yaw 257 mode 1 st 9 gl 1 hp 100 frg -1
ARGEVT Reap goal item_health
ARGEVT Reap routefail
ARGEVT Zeus hazard
ARGEVT Omi respawn
ARGEVT Omi goal 
ARGLOG Omi t  68.2 pos '1472.0 -928.0 -24.0' spd 0 yaw  69.8 mode 0 st 0 gl 4 hp 100 frg -4
ARGEVT Omi route 2 start '1381.0 -703.0 -24.0' goal '1701.0 -639.0 -24.0'
ARGEVT Reap goal item_shells
ARGEVT Reap route 3 start ' 69.0 -415.0 -32.0' goal '357.0 -799.0 -16.0'
ARGLOG Reap t  68.4 pos ' 58.7 -425.5 -32.0' spd 326.4 yaw 319 mode 2 st 0 gl 7 hp 100 frg -9
ARGEVT Reap hazard
ARGEVT Zeus engage Omi
ARGEVT Omi engage Zeus
ARGLOG Zeus t  68.6 pos '1342.1 -803.9 -24.0' spd 253.5 yaw 315.1 mode 1 st 9 gl 1 hp 100 frg -1
ARGLOG Omi t  68.7 pos '1437.7 -851.7 -24.0' spd 326.0 yaw 149.1 mode 2 st 0 gl 4 hp 100 frg -4
ARGLOG Reap t  69.0 pos ' 78.9 -528.5 -16.0' spd 320.1 yaw 337 mode 2 st 0 gl 7 hp 100 frg -9
ARGLOG Zeus t  69.2 pos '1367.1 -712.7 -24.0' spd 274.7 yaw 321.2 mode 1 st 9 gl 1 hp 100 frg -1
ARGLOG Omi t  69.3 pos '1536.5 -788.6 -24.0' spd 369.1 yaw 169.2 mode 1 st 0 gl 4 hp 76 frg -4
ARGLOG Reap t  69.5 pos '156.6 -665.4 -16.0' spd 394.1 yaw 327 mode 2 st 0 gl 7 hp 100 frg -9
ARGLOG Zeus t  69.7 pos '1303.5 -748.7 -24.0' spd 329.7 yaw  20.5 mode 1 st 9 gl 1 hp 76 frg -1
ARGLOG Omi t  69.9 pos '1562.8 -636.2 -24.0' spd 155.4 yaw 193.0 mode 1 st 0 gl 4 hp 52 frg -4
ARGLOG Reap t  70.0 pos '290.8 -600.6 -16.0' spd 376.7 yaw 319.7 mode 1 st 0 gl 7 hp 100 frg -9
ARGLOG Zeus t  70.2 pos '1312.4 -797.3 -24.0' spd 329.1 yaw  17.3 mode 1 st 9 gl 1 hp 52 frg -1
ARGLOG Omi t  70.4 pos '1583.4 -795.7 -24.0' spd 327.5 yaw 167.9 mode 1 st 0 gl 4 hp 52 frg -4
ARGEVT Reap goal item_health
ARGEVT Reap routefail
ARGLOG Reap t  70.6 pos '354.8 -758.9 -16.0' spd 407.9 yaw 166.7 mode 0 st 0 gl 8 hp 100 frg -9
ARGEVT Reap goal item_shells
ARGEVT Reap routefail
ARGLOG Zeus t  70.7 pos '1318.1 -710.9 -24.0' spd 153.4 yaw 358.5 mode 1 st 9 gl 1 hp 28 frg -1
ARGEVT Reap hazard
ARGEVT Reap goal item_armorInv
ARGEVT Reap jump
ARGEVT Reap routefail
ARGLOG Omi t  70.9 pos '1580.8 -646.8 -24.0' spd 337.3 yaw 212.6 mode 1 st 0 gl 4 hp 67 frg -4
ARGEVT Zeus hazard
ARGEVT Omi hazard
ARGEVT Reap goal item_rockets
ARGLOG Reap t  71.1 pos '370.3 -726.3  20.2' spd 368.8 yaw 108.1 mode 0 st 0 gl 8 hp 100 frg -9
ARGEVT Reap routefail
ARGLOG Zeus t  71.2 pos '1302.1 -774.6 -24.0' spd 332.5 yaw  25.3 mode 1 st 9 gl 1 hp 4 frg -1
ARGEVT Reap trapped
ARGEVT Reap death Reap pos '432.0 -663.6   6.7'
ARGLOG Omi t  71.4 pos '1586.1 -697.7 -24.0' spd 328.2 yaw 183.9 mode 1 st 0 gl 4 hp 67 frg -4
ARGEVT Zeus death Omi pos '1272.3 -724.7 -24.0'
ARGEVT Omi goal item_armorInv
ARGEVT Omi routefail
ARGEVT Omi goal item_health
ARGLOG Omi t  72.0 pos '1468.4 -821.5 -24.0' spd 332.2 yaw 154.2 mode 0 st 0 gl 4 hp 67 frg -3
ARGEVT Omi routefail
ARGEVT Omi goal 
ARGLOG Omi t  72.6 pos '1307.3 -717.5 -24.0' spd 371.7 yaw 285 mode 1 st 0 gl 4 hp 67 frg -3
ARGEVT Omi goal 
ARGEVT Omi route 2 start '1381.0 -703.0 -24.0' goal '1701.0 -639.0 -24.0'
ARGEVT Reap respawn
ARGEVT Reap goal item_health
ARGLOG Reap t  73.0 pos '1520.0 432.0 -88.0' spd 0 yaw  20.2 mode 0 st 0 gl 8 hp 100 frg -10
ARGEVT Reap routefail
ARGEVT Zeus respawn
ARGEVT Zeus goal 
ARGLOG Zeus t  73.1 pos '-632.0 -680.0 -16.0' spd 0 yaw  69.8 mode 0 st 9 gl 1 hp 100 frg -1
ARGLOG Omi t  73.1 pos '1396.9 -801.0 -24.0' spd 320.7 yaw 28 mode 2 st 0 gl 5 hp 67 frg -3
ARGEVT Zeus routefail
ARGEVT Reap goal 
ARGEVT Reap routefail
ARGEVT Zeus goal 
ARGEVT Zeus hazard
ARGEVT Zeus routefail
ARGEVT Reap goal item_spikes
ARGLOG Reap t  73.5 pos '1671.2 470.9 -88.0' spd 380.1 yaw 331.2 mode 1 st 0 gl 8 hp 100 frg -10
ARGEVT Zeus goal 
ARGEVT Zeus routefail
ARGLOG Zeus t  73.7 pos '-553.4 -701.5 -16.0' spd 376.4 yaw  11.3 mode 0 st 9 gl 1 hp 100 frg -1
ARGLOG Omi t  73.7 pos '1574.7 -759.5 -24.0' spd 325.4 yaw 39 mode 1 st 0 gl 5 hp 67 frg -3
ARGEVT Zeus goal 
ARGEVT Zeus route 4 start '-475.0 -671.0 -16.0' goal '357.0 -287.0  56.0'
ARGEVT Omi goal item_armor2
ARGEVT Omi route 3 start '1701.0 -639.0 -24.0' goal '1189.0 -799.0 -24.0'
ARGLOG Reap t  74.0 pos '1815.5 551.5 -88.0' spd 410.7 yaw 150.7 mode 1 st 0 gl 8 hp 100 frg -10
ARGEVT Reap hazard
ARGLOG Zeus t  74.2 pos '-447.4 -656.0 -16.0' spd 314.8 yaw 146 mode 2 st 9 gl 1 hp 100 frg -1
ARGLOG Omi t  74.2 pos '1687.7 -621.8 -24.0' spd 389.2 yaw 195 mode 2 st 0 gl 6 hp 67 frg -3
ARGEVT Omi hazard
ARGLOG Reap t  74.6 pos '1632.9 540.4 -88.0' spd 325.6 yaw 204.2 mode 1 st 0 gl 8 hp 100 frg -10
ARGLOG Zeus t  74.7 pos '-606.4 -688.0 -16.0' spd 322.3 yaw 23 mode 2 st 9 gl 1 hp 100 frg -1
ARGLOG Omi t  74.7 pos '1621.9 -680.8 -24.0' spd 323.4 yaw 186 mode 2 st 0 gl 6 hp 67 frg -3
ARGEVT Reap goal item_armor2
ARGEVT Reap routefail
ARGEVT Reap goal 
ARGEVT Reap routefail
ARGLOG Reap t  75.2 pos '1499.6 419.3 -88.0' spd 320.0 yaw 257.8 mode 0 st 0 gl 9 hp 100 frg -10
ARGEVT Reap trapped
ARGEVT Reap death Reap pos '1490.3 401.0 -88.0'
ARGLOG Zeus t  75.3 pos '-680.3 -573.7 -16.0' spd 321.0 yaw 14 mode 2 st 9 gl 1 hp 100 frg -1
ARGLOG Omi t  75.3 pos '1461.5 -754.5 -24.0' spd 338.7 yaw 170.8 mode 2 st 0 gl 6 hp 67 frg -3
ARGEVT Zeus route 2 start '-667.0 -511.0 -16.0' goal '357.0 -287.0  56.0'
ARGLOG Zeus t  75.9 pos '-538.3 -476.1 -16.0' spd 394.7 yaw 10 mode 2 st 9 gl 1 hp 100 frg -1
ARGLOG Omi t  75.9 pos '1282.3 -769.8 -24.0' spd 320.7 yaw 198 mode 2 st 0 gl 6 hp 67 frg -3
ARGEVT Omi hazard
ARGLOG Zeus t  76.4 pos '340.8 -369.7  56.0' spd 359.3 yaw  97.6 mode 1 st 9 gl 1 hp 100 frg -1
ARGLOG Omi t  76.4 pos '1148.3 -807.1 -24.0' spd  76.8 yaw 326.2 mode 1 st 0 gl 6 hp 67 frg -3
ARGEVT Zeus goal item_armor2
ARGEVT Zeus routefail
ARGEVT Reap respawn
ARGEVT Zeus goal 
ARGEVT Reap goal weapon_grenadelauncher
ARGLOG Reap t  76.9 pos '512.0 768.0 216.0' spd 0 yaw 290.2 mode 0 st 0 gl 9 hp 100 frg -11
ARGEVT Zeus routefail
ARGLOG Zeus t  76.9 pos '396.2 -250.4  56.0' spd 391.1 yaw 337.0 mode 0 st 9 gl 2 hp 100 frg -1
ARGLOG Omi t  76.9 pos '1289.1 -813.7 -24.0' spd 190.4 yaw 238 mode 1 st 0 gl 6 hp 67 frg -3
ARGEVT Zeus goal weapon_grenadelauncher
ARGEVT Zeus routefail
ARGEVT Omi hazard
ARGEVT Zeus goal 
ARGEVT Zeus routefail
ARGLOG Reap t  77.4 pos '560.0 609.7 216.0' spd 320.6 yaw 295.2 mode 0 st 0 gl 9 hp 100 frg -11
ARGLOG Zeus t  77.5 pos '491.5 -380.5  56.0' spd 344.1 yaw 316.8 mode 0 st 9 gl 2 hp 100 frg -1
ARGLOG Omi t  77.5 pos '1327.5 -816.0 -24.0' spd  24.6 yaw 223 mode 1 st 0 gl 6 hp 67 frg -3
ARGEVT Reap hazard
ARGEVT Zeus trapped
ARGEVT Zeus death Zeus pos '515.4 -400.0  56.0'
ARGEVT Reap route 13 start '485.0 609.0 216.0' goal '1125.0 257.0 -392.0'
ARGLOG Reap t  77.9 pos '560.0 700.6 216.0' spd 326.1 yaw 114 mode 2 st 0 gl 9 hp 100 frg -11
ARGLOG Omi t  78.0 pos '1339.8 -816.0 -24.0' spd  25.0 yaw 277 mode 1 st 0 gl 6 hp 67 frg -3
ARGEVT Omi hazard
ARGLOG Reap t  78.5 pos '490.9 870.5 213.1' spd 349.0 yaw 12 mode 2 st 0 gl 9 hp 100 frg -11
ARGLOG Omi t  78.5 pos '1353.3 -816.0 -24.0' spd  24.6 yaw 277 mode 1 st 0 gl 6 hp 67 frg -3
ARGLOG Reap t  79.0 pos '474.7 944.3  46.9' spd  45.5 yaw 342 mode 2 st 0 gl 9 hp 100 frg -11
ARGLOG Omi t  79.1 pos '1366.8 -816.0 -24.0' spd  24.2 yaw 277 mode 1 st 0 gl 6 hp 67 frg -3
ARGEVT Zeus respawn
ARGEVT Zeus goal 
ARGLOG Zeus t  79.2 pos '-880.0 -232.0 -16.0' spd 0 yaw  70.2 mode 0 st 9 gl 2 hp 100 frg -2
ARGEVT Zeus routefail
ARGEVT Omi hazard
ARGEVT Zeus goal 
ARGEVT Zeus routefail
ARGLOG Reap t  79.5 pos '560.1 1053.1  40.0' spd 347.0 yaw 309 mode 2 st 0 gl 9 hp 100 frg -11
ARGLOG Omi t  79.6 pos '1363.6 -816.0 -24.0' spd  24.2 yaw 263 mode 1 st 0 gl 6 hp 67 frg -3
ARGEVT Zeus hazard
ARGEVT Zeus goal 
ARGLOG Zeus t  79.7 pos '-808.6 -112.0 -16.0' spd   5.6 yaw  45.2 mode 0 st 9 gl 2 hp 100 frg -2
ARGEVT Zeus routefail
ARGEVT Reap hazard
ARGEVT Zeus goal 
ARGEVT Zeus routefail
ARGLOG Reap t  80.1 pos '640.8 951.7  24.0' spd 325.4 yaw 309 mode 2 st 0 gl 9 hp 100 frg -11
ARGLOG Omi t  80.2 pos '1350.0 -816.0 -24.0' spd  25.0 yaw 263 mode 1 st 0 gl 6 hp 67 frg -3
ARGEVT Zeus goal item_cells
ARGLOG Zeus t  80.3 pos '-813.7 -112.0 -16.0' spd  72.8 yaw 131.0 mode 1 st 9 gl 2 hp 100 frg -2
ARGEVT Omi hazard
ARGLOG Reap t  80.6 pos '670.5 782.9  -7.2' spd 376.5 yaw 19 mode 2 st 0 gl 9 hp 100 frg -11
ARGLOG Omi t  80.7 pos '1336.3 -816.0 -24.0' spd  24.2 yaw 263 mode 1 st 0 gl 6 hp 67 frg -3
ARGLOG Zeus t  80.8 pos '-951.3 -135.7 -16.0' spd 321.0 yaw 277 mode 1 st 9 gl 2 hp 100 frg -2
ARGLOG Reap t  81.2 pos '815.1 840.7 -256.5' spd 334.9 yaw 4 mode 2 st 0 gl 9 hp 100 frg -11
ARGEVT Zeus goal item_health
ARGEVT Zeus routefail
ARGLOG Omi t  81.3 pos '1322.7 -816.0 -24.0' spd  25.3 yaw 225 mode 1 st 0 gl 6 hp 67 frg -3
ARGLOG Zeus t  81.4 pos '-868.7 -290.3 -16.0' spd 363.0 yaw 10 mode 0 st 9 gl 3 hp 100 frg -2
ARGEVT Omi hazard
ARGEVT Zeus goal weapon_supershotgun
ARGEVT Zeus routefail
ARGLOG Reap t  81.7 pos '904.1 991.7 -282.1' spd 381.9 yaw 324 mode 2 st 0 gl 9 hp 100 frg -11
ARGEVT Zeus goal weapon_lightning
ARGEVT Zeus routefail
ARGLOG Omi t  81.8 pos '1309.0 -816.0 -24.0' spd  24.6 yaw 229 mode 1 st 0 gl 6 hp 67 frg -3
ARGEVT Zeus goal item_health
ARGLOG Zeus t  82.0 pos '-689.1 -303.3 -16.0' spd 320.0 yaw  22.2 mode 1 st 9 gl 3 hp 100 frg -2
ARGLOG Reap t  82.2 pos '1082.2 933.6 -296.0' spd 322.5 yaw 302 mode 2 st 0 gl 9 hp 100 frg -11
ARGEVT Zeus goal item_health
ARGEVT Zeus hazard
ARGLOG Omi t  82.4 pos '1295.5 -816.0 -24.0' spd  24.2 yaw 235 mode 1 st 0 gl 6 hp 67 frg -3
ARGEVT Omi hazard
ARGEVT Zeus routefail
ARGLOG Zeus t  82.5 pos '-631.6 -208.0 -16.0' spd 318.9 yaw 146.4 mode 0 st 9 gl 4 hp 100 frg -2
ARGEVT Zeus trapped
ARGEVT Zeus death Zeus pos '-693.2 -208.0 -16.0'
ARGLOG Reap t  82.8 pos '1207.5 804.8 -296.0' spd 320.1 yaw 293 mode 2 st 0 gl 9 hp 100 frg -11
ARGLOG Omi t  82.9 pos '1283.2 -816.0 -24.0' spd  25.0 yaw 240 mode 1 st 0 gl 6 hp 67 frg -3
ARGLOG Reap t  83.3 pos '1297.3 688.0 -296.0' spd 142.1 yaw 274 mode 2 st 0 gl 9 hp 100 frg -11
ARGLOG Omi t  83.4 pos '1270.7 -816.0 -24.0' spd  25.0 yaw 247 mode 1 st 0 gl 6 hp 67 frg -3
ARGEVT Omi hazard
ARGEVT Reap swim
ARGLOG Reap t  83.8 pos '1353.0 672.0 -342.9' spd  15.9 yaw 265 mode 2 st 0 gl 9 hp 100 frg -11
ARGLOG Omi t  84.0 pos '1257.1 -816.0 -24.0' spd  24.2 yaw 255 mode 1 st 0 gl 6 hp 67 frg -3
ARGEVT Zeus respawn
ARGEVT Zeus goal weapon_rocketlauncher
ARGLOG Zeus t  84.3 pos '192.0 -208.0 -176.0' spd 0 yaw  70.5 mode 0 st 9 gl 4 hp 100 frg -3
ARGEVT Zeus routefail
ARGLOG Reap t  84.4 pos '1332.7 672.0 -342.9' spd  47.7 yaw 268 mode 2 st 0 gl 9 hp 100 frg -11
ARGEVT Zeus goal 
ARGLOG Omi t  84.5 pos '1243.4 -816.0 -24.0' spd  24.6 yaw 263 mode 1 st 0 gl 6 hp 67 frg -3
ARGEVT Omi hazard
ARGEVT Zeus routefail
ARGEVT Zeus goal item_spikes
ARGLOG Zeus t  84.8 pos '232.4 -68.5 -176.0' spd 349.2 yaw 149.8 mode 1 st 9 gl 4 hp 100 frg -3
ARGLOG Reap t  84.9 pos '1317.1 672.0 -343.1' spd  16.1 yaw 270 mode 2 st 0 gl 9 hp 100 frg -11
ARGEVT Zeus hazard
ARGLOG Omi t  85.1 pos '1229.8 -816.0 -24.0' spd  24.2 yaw 272 mode 1 st 0 gl 6 hp 67 frg -3
ARGLOG Zeus t  85.3 pos '147.9 -117.9 -176.0' spd 320.9 yaw 250 mode 1 st 9 gl 4 hp 100 frg -3
ARGLOG Reap t  85.5 pos '1315.2 672.0 -343.0' spd   2.2 yaw 271 mode 2 st 0 gl 9 hp 100 frg -11
ARGLOG Omi t  85.6 pos '1217.5 -816.0 -24.0' spd  24.6 yaw 280 mode 1 st 0 gl 6 hp 67 frg -3
ARGEVT Omi hazard
ARGEVT Reap stall
ARGEVT Reap stallnode '1317.0 545.0 -392.0'
ARGEVT Zeus goal 
ARGEVT Zeus routefail
ARGEVT Reap route 5 start '1285.0 705.0 -296.0' goal '1125.0 257.0 -392.0'
ARGLOG Zeus t  85.9 pos '  3.9 -181.4 -176.0' spd 386.9 yaw  89.3 mode 0 st 9 gl 5 hp 100 frg -3
ARGLOG Reap t  86.0 pos '1308.2 672.0 -343.0' spd  24.5 yaw 272 mode 2 st 1 gl 9 hp 100 frg -11
ARGEVT Zeus goal weapon_supernailgun
ARGEVT Zeus routefail
ARGEVT Zeus hazard
ARGLOG Omi t  86.2 pos '1203.8 -816.0 -24.0' spd  24.6 yaw 288 mode 1 st 0 gl 6 hp 67 frg -3
ARGEVT Zeus trapped
ARGEVT Zeus death Zeus pos '-93.1 -144.0 -176.0'
ARGEVT Reap stall
ARGEVT Reap stallnode '1317.0 545.0 -392.0'
ARGLOG Reap t  86.5 pos '1306.3 672.8 -343.1' spd  48.9 yaw 322.5 mode 0 st 2 gl 9 hp 100 frg -11
ARGEVT Omi hazard
ARGLOG Omi t  86.7 pos '1190.1 -816.0 -24.0' spd  24.6 yaw 296 mode 1 st 0 gl 6 hp 67 frg -3
ARGLOG Reap t  87.0 pos '1378.3 672.0 -343.0' spd 199.8 yaw 322.5 mode 0 st 2 gl 9 hp 100 frg -11
ARGLOG Omi t  87.3 pos '1176.4 -816.0 -24.0' spd  24.6 yaw 303 mode 1 st 0 gl 6 hp 67 frg -3
ARGLOG Reap t  87.6 pos '1415.8 736.5 -342.9' spd 221.5 yaw 115.6 mode 0 st 2 gl 9 hp 100 frg -11
ARGEVT Omi hazard
ARGEVT Zeus respawn
ARGLOG Omi t  87.8 pos '1292.6 -816.0 -24.0' spd 194.5 yaw 236 mode 1 st 0 gl 6 hp 67 frg -3
ARGEVT Zeus goal weapon_grenadelauncher
ARGLOG Zeus t  87.9 pos '1472.0 -928.0 -24.0' spd 0 yaw 102 mode 0 st 9 gl 5 hp 100 frg -4
ARGEVT Reap goal weapon_lightning
ARGEVT Zeus routefail
ARGLOG Reap t  88.1 pos '1357.7 752.0 -343.0' spd 185.3 yaw 195.9 mode 0 st 2 gl 9 hp 100 frg -11
ARGEVT Zeus goal weapon_nailgun
ARGEVT Omi engage Zeus
ARGEVT Zeus routefail
ARGEVT Zeus engage Omi
ARGLOG Omi t  88.3 pos '1302.0 -808.4 -24.0' spd 248.7 yaw 356.6 mode 1 st 0 gl 6 hp 67 frg -3
ARGEVT Zeus goal 
ARGLOG Zeus t  88.4 pos '1457.4 -841.1 -24.0' spd 220.1 yaw 170.9 mode 0 st 9 gl 5 hp 100 frg -4
ARGEVT Zeus routefail
ARGEVT Zeus goal item_rockets
ARGLOG Reap t  88.7 pos '1301.4 672.0 -342.9' spd  40.4 yaw 286 mode 0 st 2 gl 9 hp 100 frg -11
ARGEVT Zeus route 1 start '1573.0 -799.0 -24.0' goal '1861.0 -767.0 -24.0'
ARGEVT Omi hazard
ARGEVT Omi pursue
ARGLOG Omi t  88.9 pos '1185.1 -814.0 -24.0' spd 153.0 yaw 355 mode 1 st 0 gl 6 hp 67 frg -3
ARGEVT Reap route 7 start '1285.0 705.0 -296.0' goal '1637.0 -191.0 -392.0'
ARGEVT Zeus pursue
ARGLOG Zeus t  89.0 pos '1443.5 -892.7 -24.0' spd 336.2 yaw  56.5 mode 2 st 9 gl 5 hp 100 frg -4
ARGLOG Reap t  89.2 pos '1317.2 672.0 -342.9' spd  78.4 yaw 270 mode 2 st 2 gl 9 hp 100 frg -11
ARGEVT Zeus route 1 start '1573.0 -799.0 -24.0' goal '1861.0 -767.0 -24.0'
ARGLOG Omi t  89.5 pos '1308.4 -744.2 -24.0' spd 326.0 yaw   9.3 mode 1 st 0 gl 6 hp 55 frg -3
ARGLOG Zeus t  89.5 pos '1490.0 -712.1 -24.0' spd 333.4 yaw 176.8 mode 0 st 9 gl 5 hp 84 frg -4
ARGEVT Zeus route 2 start '1381.0 -703.0 -24.0' goal '1861.0 -767.0 -24.0'
ARGLOG Reap t  89.8 pos '1303.0 672.0 -342.8' spd  30.6 yaw 273 mode 2 st 2 gl 9 hp 100 frg -11
ARGLOG Omi t  90.0 pos '1374.8 -798.5 -24.0' spd 320.9 yaw   6.6 mode 1 st 0 gl 6 hp 55 frg -3
ARGLOG Zeus t  90.1 pos '1524.2 -774.2 -24.0' spd 329.8 yaw 192.3 mode 0 st 9 gl 5 hp 60 frg -4
ARGEVT Reap stall
ARGEVT Reap stallnode '1317.0 545.0 -392.0'
ARGEVT Zeus route 1 start '1573.0 -799.0 -24.0' goal '1861.0 -767.0 -24.0'
ARGLOG Reap t  90.3 pos '1321.8 672.0 -342.8' spd  50.2 yaw 285 mode 0 st 3 gl 9 hp 100 frg -11
ARGEVT Reap route 7 start '1285.0 705.0 -296.0' goal '1637.0 -191.0 -392.0'
ARGEVT Omi hazard
ARGLOG Omi t  90.5 pos '1460.0 -688.0 -24.0' spd 389.9 yaw 263.5 mode 1 st 0 gl 6 hp 31 frg -3
ARGLOG Zeus t  90.6 pos '1453.6 -863.3 -24.0' spd 385.9 yaw  79.3 mode 0 st 9 gl 5 hp 36 frg -4
ARGEVT Zeus route 1 start '1573.0 -799.0 -24.0' goal '1861.0 -767.0 -24.0'
ARGEVT Reap stall
ARGEVT Reap stallnode '1317.0 545.0 -392.0'
ARGLOG Reap t  90.8 pos '1307.0 672.0 -342.9' spd 156.5 yaw 501.6 mode 0 st 4 gl 9 hp 100 frg -11
ARGLOG Omi t  91.0 pos '1614.3 -739.3 -24.0' spd 321.2 yaw 241.4 mode 1 st 0 gl 6 hp 31 frg -3
ARGLOG Zeus t  91.1 pos '1515.8 -944.0 -24.0' spd 251.8 yaw  56.4 mode 2 st 9 gl 5 hp 12 frg -4
ARGEVT Zeus pursue
ARGEVT Omi pursue
ARGLOG Reap t  91.4 pos '1363.2 672.0 -342.9' spd 222.0 yaw 339.5 mode 0 st 4 gl 9 hp 100 frg -11
ARGEVT Zeus death Omi pos '1498.8 -820.3 -24.0'
ARGLOG Omi t  91.6 pos '1644.8 -760.7 -24.0' spd 327.5 yaw 209 mode 1 st 0 gl 6 hp 7 frg -2
ARGEVT Omi goal item_health
ARGLOG Reap t  92.0 pos '1404.8 672.0 -342.8' spd 126.4 yaw 209.8 mode 0 st 4 gl 9 hp 100 frg -11
ARGLOG Omi t  92.1 pos '1481.8 -718.6 -24.0' spd 388.9 yaw  73.8 mode 1 st 0 gl 6 hp 7 frg -2
ARGEVT Omi hazard
ARGEVT Reap goal weapon_supershotgun
ARGEVT Reap routefail
ARGLOG Reap t  92.5 pos '1296.0 672.0 -342.8' spd 0 yaw 269.3 mode 0 st 4 gl 9 hp 100 frg -11
ARGLOG Omi t  92.7 pos '1600.3 -670.8 -24.0' spd 224.8 yaw 239 mode 1 st 0 gl 6 hp 22 frg -2
ARGEVT Reap goal weapon_supernailgun
ARGEVT Omi goal weapon_lightning
ARGEVT Reap routefail
ARGEVT Reap goal item_armorInv
ARGEVT Reap routefail
ARGEVT Zeus respawn
ARGEVT Zeus goal weapon_lightning
ARGLOG Zeus t  93.1 pos '1520.0 432.0 -88.0' spd 0 yaw 340.2 mode 0 st 9 gl 5 hp 100 frg -4
ARGLOG Reap t  93.1 pos '1300.4 672.0 -342.8' spd   0.5 yaw 269 mode 0 st 4 gl 9 hp 100 frg -11
ARGEVT Zeus routefail
ARGEVT Reap goal 
ARGLOG Omi t  93.2 pos '1445.9 -693.4 -24.0' spd 416.2 yaw  58.2 mode 0 st 0 gl 6 hp 22 frg -2
ARGEVT Omi hazard
ARGEVT Reap routefail
ARGEVT Zeus goal item_health
ARGEVT Zeus routefail
ARGEVT Reap trapped
ARGEVT Reap death Reap pos '1298.7 672.0 -342.8'
ARGEVT Omi routefail
ARGEVT Zeus goal item_armorInv
ARGEVT Zeus routefail
ARGLOG Zeus t  93.6 pos '1684.2 420.3 -88.0' spd 368.6 yaw  81.7 mode 0 st 9 gl 5 hp 100 frg -4
ARGEVT Omi goal item_health
ARGEVT Omi routefail
ARGLOG Omi t  93.8 pos '1607.5 -605.2 -24.0' spd 322.5 yaw  13.0 mode 0 st 0 gl 6 hp 22 frg -2
ARGEVT Zeus goal weapon_supernailgun
ARGEVT Zeus routefail
ARGEVT Omi goal item_health
ARGEVT Omi routefail
ARGEVT Zeus goal item_health
ARGEVT Zeus routefail
ARGLOG Zeus t  94.2 pos '1612.8 550.6 -88.0' spd 353.6 yaw 242.5 mode 0 st 9 gl 5 hp 100 frg -4
ARGEVT Omi goal item_health
ARGEVT Omi routefail
ARGEVT Zeus goal 
ARGLOG Omi t  94.3 pos '1664.7 -608.0 -24.0' spd   4.7 yaw 152.5 mode 0 st 0 gl 6 hp 22 frg -2
ARGEVT Zeus routefail
ARGEVT Omi trapped
ARGEVT Omi death Omi pos '1633.6 -608.0 -24.0'
ARGEVT Zeus trapped
ARGEVT Zeus death Zeus pos '1516.8 464.5 -88.0'
ARGEVT Reap respawn
ARGEVT Reap goal weapon_supernailgun
ARGLOG Reap t  95.0 pos '-632.0 -680.0 -16.0' spd 0 yaw 83 mode 0 st 4 gl 9 hp 100 frg -12
ARGEVT Reap routefail
ARGEVT Reap goal 
ARGEVT Reap routefail
ARGEVT Reap plan powerup via weapon
ARGEVT Reap goal weapon_nailgun
ARGLOG Reap t  95.5 pos '-628.6 -523.9 -16.0' spd 323.6 yaw  88.5 mode 0 st 4 gl 9 hp 100 frg -12
ARGEVT Reap routefail
ARGEVT Reap goal item_health
ARGEVT Reap routefail
ARGEVT Omi respawn
ARGEVT Omi plan powerup via weapon
ARGEVT Omi goal weapon_nailgun
ARGLOG Omi t  96.0 pos '512.0 768.0 216.0' spd 0 yaw 250.2 mode 0 st 0 gl 6 hp 100 frg -3
ARGEVT Reap goal item_artifact_super_damage
ARGEVT Zeus respawn
ARGEVT Reap engage Zeus
ARGLOG Reap t  96.1 pos '-593.4 -346.3 -16.0' spd 323.0 yaw 127.7 mode 0 st 4 gl 9 hp 100 frg -12
ARGEVT Omi routefail
ARGEVT Zeus goal item_health
ARGEVT Zeus engage Reap
ARGLOG Zeus t  96.2 pos '-880.0 -232.0 -16.0' spd 0 yaw  45.4 mode 0 st 9 gl 5 hp 100 frg -5
ARGEVT Zeus routefail
ARGEVT Omi goal item_artifact_super_damage
ARGEVT Omi routefail
ARGEVT Zeus goal item_artifact_super_damage
ARGEVT Zeus routefail
ARGEVT Omi goal item_health
ARGLOG Omi t  96.6 pos '508.7 597.0 212.9' spd 388.3 yaw 1 mode 0 st 0 gl 6 hp 100 frg -3
ARGEVT Omi routefail
ARGEVT Zeus goal 
ARGLOG Reap t  96.6 pos '-617.7 -247.0 -16.0' spd 321.9 yaw 148.1 mode 0 st 4 gl 9 hp 100 frg -12
ARGEVT Zeus routefail
ARGLOG Zeus t  96.7 pos '-828.6 -117.5 -16.0' spd 325.7 yaw 324.7 mode 0 st 9 gl 5 hp 100 frg -5
ARGEVT Omi goal 
ARGEVT Reap pursue
ARGEVT Omi routefail
ARGEVT Zeus goal item_armor2
ARGEVT Zeus pursue
ARGEVT Zeus routefail
ARGEVT Omi goal 
ARGEVT Omi route 4 start '549.0 513.0  56.0' goal '357.0 -287.0  56.0'
ARGLOG Omi t  97.1 pos '536.6 603.7  74.7' spd  43.4 yaw 248 mode 2 st 0 gl 6 hp 100 frg -3
ARGEVT Zeus goal 
ARGEVT Omi hazard
ARGLOG Reap t  97.1 pos '-688.3 -233.8 -16.0' spd 367.3 yaw 177.2 mode 0 st 4 gl 9 hp 76 frg -12
ARGEVT Zeus routefail
ARGLOG Zeus t  97.2 pos '-850.7 -241.3 -16.0' spd 381.9 yaw 358.1 mode 0 st 9 gl 5 hp 80 frg -5
ARGEVT Reap routefail
ARGEVT Zeus goal item_health
ARGEVT Zeus routefail
ARGEVT Reap goal item_health
ARGEVT Zeus goal 
ARGLOG Omi t  97.6 pos '543.2 553.3  56.0' spd 321.0 yaw 245 mode 2 st 0 gl 6 hp 100 frg -3
ARGEVT Zeus routefail
ARGLOG Reap t  97.7 pos '-674.2 -371.0 -16.0' spd 178.7 yaw 133.9 mode 1 st 4 gl 9 hp 64 frg -12
ARGLOG Zeus t  97.8 pos '-822.1 -186.9 -16.0' spd 339.0 yaw 313.2 mode 0 st 9 gl 5 hp 80 frg -5
ARGEVT Zeus goal item_health
ARGEVT Zeus routefail
ARGEVT Zeus goal item_health
ARGEVT Zeus routefail
ARGLOG Omi t  98.2 pos '501.1 378.7  56.0' spd 324.9 yaw 252 mode 2 st 0 gl 6 hp 100 frg -3
ARGEVT Reap goal item_health
ARGLOG Reap t  98.3 pos '-596.6 -233.3 -16.0' spd 390.0 yaw 191.5 mode 0 st 4 gl 10 hp 65 frg -12
ARGEVT Reap hazard
ARGEVT Reap routefail
ARGLOG Zeus t  98.3 pos '-864.1 -280.5 -16.0' spd 254.3 yaw  11.6 mode 0 st 9 gl 5 hp 56 frg -5
ARGEVT Zeus goal item_health
ARGEVT Zeus routefail
ARGEVT Reap goal item_health
ARGEVT Reap routefail
ARGEVT Zeus goal item_health
ARGEVT Zeus routefail
ARGLOG Omi t  98.7 pos '420.5 238.5  56.0' spd 320.5 yaw 259 mode 2 st 0 gl 6 hp 100 frg -3
ARGEVT Reap goal item_health
ARGLOG Reap t  98.8 pos '-629.1 -346.9 -16.0' spd 380.3 yaw 132.6 mode 0 st 4 gl 10 hp 49 frg -12
ARGEVT Reap routefail
ARGLOG Zeus t  98.8 pos '-860.2 -115.3 -16.0' spd 344.4 yaw 308.3 mode 0 st 9 gl 5 hp 56 frg -5
ARGEVT Zeus goal item_health
ARGEVT Zeus routefail
ARGEVT Reap goal item_health
ARGEVT Reap routefail
ARGEVT Zeus goal item_shells
ARGEVT Zeus routefail
ARGLOG Omi t  99.3 pos '347.5  73.0  56.0' spd 324.9 yaw 272 mode 2 st 0 gl 6 hp 100 frg -3
ARGEVT Reap goal item_health
ARGLOG Reap t  99.3 pos '-613.0 -368.7 -16.0' spd 393.2 yaw 148.6 mode 0 st 4 gl 10 hp 25 frg -12
ARGEVT Reap routefail
ARGEVT Zeus goal item_health
ARGLOG Zeus t  99.4 pos '-913.4 -151.8 -16.0' spd 330.1 yaw 329.2 mode 0 st 9 gl 5 hp 56 frg -5
ARGEVT Omi jump
ARGEVT Zeus routefail
ARGEVT Reap goal 
ARGEVT Reap routefail
ARGEVT Zeus goal item_health
ARGEVT Zeus routefail
ARGEVT Reap hazard
ARGEVT Reap goal item_health
ARGEVT Reap routefail
ARGLOG Omi t  99.8 pos '351.7  16.0  86.8' spd  24.0 yaw 272 mode 2 st 0 gl 6 hp 100 frg -3
ARGLOG Reap t  99.8 pos '-666.0 -404.4 -16.0' spd 259.7 yaw 142.5 mode 0 st 4 gl 10 hp 25 frg -12
ARGEVT Zeus goal 
ARGEVT Zeus pursue
ARGEVT Reap pursue
ARGEVT Zeus routefail
ARGLOG Zeus t 100.0 pos '-896.5 -222.4 -16.0' spd 385.5 yaw 333 mode 0 st 9 gl 5 hp 56 frg -5
ARGEVT Omi hazard
ARGEVT Reap goal item_health
ARGEVT Reap routefail
ARGEVT Zeus goal item_health
ARGEVT Zeus routefail
ARGEVT Reap goal 
ARGEVT Reap routefail
ARGEVT Zeus goal 
ARGLOG Omi t 100.4 pos '316.0  20.3  56.0' spd 190.6 yaw 278 mode 2 st 0 gl 6 hp 100 frg -3
ARGLOG Reap t 100.4 pos '-638.1 -261.0 -16.0' spd 519.0 yaw 188.7 mode 0 st 4 gl 10 hp 1 frg -12
ARGEVT Zeus routefail
ARGLOG Zeus t 100.5 pos '-787.8 -291.6 -16.0' spd 362.9 yaw  22.0 mode 0 st 9 gl 5 hp 32 frg -5
ARGEVT Reap goal item_health
ARGEVT Reap routefail
ARGEVT Zeus goal 
ARGEVT Zeus routefail
ARGEVT Reap goal 
ARGEVT Reap routefail
ARGEVT Zeus goal item_health
ARGEVT Reap death Zeus pos '-597.6 -298.7 -16.0'
ARGLOG Omi t 100.9 pos '330.9  24.2  56.0' spd 357.8 yaw 275 mode 2 st 0 gl 6 hp 100 frg -3
ARGEVT Zeus routefail
ARGEVT Zeus hazard
ARGLOG Zeus t 101.0 pos '-813.3 -188.4 -16.0' spd 196.7 yaw 338 mode 0 st 9 gl 5 hp 32 frg -4
ARGEVT Zeus trapped
ARGEVT Zeus death Zeus pos '-810.7 -162.9 -16.0'
ARGEVT Omi hazard
ARGLOG Omi t 101.5 pos '282.3  16.0  56.0' spd  25.4 yaw 284 mode 2 st 0 gl 6 hp 100 frg -3
ARGEVT Omi stall
ARGEVT Omi stallnode '357.0 -63.0  56.0'
ARGEVT Omi jump
ARGLOG Omi t 102.0 pos '352.7  38.0  92.3' spd  80.7 yaw 206.7 mode 0 st 1 gl 6 hp 100 frg -3
ARGEVT Omi route 1 start '357.0 -63.0  56.0' goal '357.0 -287.0  56.0'
ARGEVT Omi hazard
ARGEVT Reap respawn
ARGLOG Omi t 102.5 pos '352.0   9.4  56.0' spd  23.3 yaw 271 mode 2 st 1 gl 6 hp 100 frg -3
ARGEVT Reap goal item_health
ARGLOG Reap t 102.5 pos '192.0 -208.0 -176.0' spd 0 yaw  70.5 mode 0 st 4 gl 10 hp 100 frg -12
ARGEVT Reap route 2 start '165.0 -63.0 -176.0' goal '549.0  65.0 -184.0'
ARGEVT Zeus respawn
ARGEVT Zeus goal 
ARGLOG Zeus t 102.8 pos '1472.0 -928.0 -24.0' spd 0 yaw  69.8 mode 0 st 9 gl 5 hp 100 frg -5
ARGEVT Zeus route 2 start '1381.0 -703.0 -24.0' goal '1701.0 -639.0 -24.0'
ARGLOG Omi t 103.1 pos '305.3  22.7  56.0' spd 167.0 yaw 280 mode 2 st 1 gl 6 hp 100 frg -3
ARGLOG Reap t 103.1 pos '250.9 -43.8 -176.0' spd 340.4 yaw 20 mode 2 st 4 gl 10 hp 100 frg -12
ARGLOG Zeus t 103.3 pos '1441.0 -758.7 -24.0' spd 321.7 yaw 24 mode 2 st 9 gl 5 hp 100 frg -5
ARGEVT Omi hazard
ARGEVT Zeus hazard
ARGEVT Omi engage Reap
ARGEVT Reap engage Omi
ARGLOG Omi t 103.6 pos '350.3  41.1  56.0' spd 279.9 yaw 310.8 mode 2 st 1 gl 6 hp 100 frg -3
ARGLOG Reap t 103.6 pos '394.8 -23.3 -200.0' spd 199.9 yaw 105.6 mode 1 st 4 gl 10 hp 100 frg -12
ARGLOG Zeus t 103.9 pos '1560.7 -684.5 -24.0' spd 325.6 yaw 21 mode 1 st 9 gl 5 hp 100 frg -5
ARGLOG Omi t 104.1 pos '386.0 145.4  56.0' spd 320.0 yaw 342.0 mode 2 st 1 gl 6 hp 100 frg -3
ARGLOG Reap t 104.1 pos '495.4 121.8 -200.0' spd 320.1 yaw 159.4 mode 1 st 4 gl 10 hp 100 frg -12
ARGEVT Zeus goal item_artifact_invulnerability
ARGEVT Zeus routefail
ARGLOG Zeus t 104.4 pos '1724.0 -664.1 -24.0' spd 328.7 yaw  33.9 mode 0 st 9 gl 6 hp 100 frg -5
ARGEVT Omi pursue
ARGEVT Reap pursue
ARGEVT Zeus goal item_health
ARGEVT Zeus routefail
ARGEVT Zeus hazard
ARGLOG Omi t 104.7 pos '492.4 206.4  56.0' spd 383.6 yaw 252.8 mode 2 st 1 gl 6 hp 100 frg -3
ARGLOG Reap t 104.7 pos '451.3 228.0 -200.0' spd 355.7 yaw 236 mode 1 st 4 gl 10 hp 100 frg -12
ARGEVT Zeus goal item_health
ARGEVT Omi hazard
ARGEVT Zeus routefail
ARGLOG Zeus t 104.9 pos '1776.0 -597.0 -24.0' spd  25.0 yaw 187 mode 0 st 9 gl 6 hp 100 frg -5
ARGEVT Zeus goal 
ARGEVT Zeus route 4 start '1701.0 -639.0 -24.0' goal '1189.0 -543.0 -24.0'
ARGLOG Omi t 105.2 pos '377.1  94.2  56.0' spd 345.6 yaw 263 mode 2 st 1 gl 6 hp 100 frg -3
ARGLOG Reap t 105.2 pos '384.7  80.3 -200.0' spd 393.2 yaw 331 mode 1 st 4 gl 10 hp 100 frg -12
ARGLOG Zeus t 105.5 pos '1699.3 -688.7 -24.0' spd 320.3 yaw 183 mode 2 st 9 gl 6 hp 100 frg -5
ARGEVT Omi pursue
ARGEVT Reap pursue
ARGLOG Omi t 105.8 pos '351.6 180.0  56.0' spd 269.4 yaw 319.4 mode 2 st 1 gl 6 hp 100 frg -3
ARGLOG Reap t 105.8 pos '439.3 178.6 -200.0' spd 270.3 yaw 204.8 mode 1 st 4 gl 10 hp 100 frg -12
ARGEVT Omi hazard
ARGLOG Zeus t 106.0 pos '1555.4 -762.3 -24.0' spd 337.6 yaw 186 mode 2 st 9 gl 6 hp 100 frg -5
ARGLOG Omi t 106.3 pos '410.1 135.1  56.0' spd 334.4 yaw 250.9 mode 2 st 1 gl 6 hp 100 frg -3
ARGLOG Reap t 106.3 pos '379.0  31.2 -200.0' spd 394.5 yaw  63.7 mode 1 st 4 gl 10 hp 76 frg -12
ARGLOG Zeus t 106.6 pos '1373.6 -745.2 -24.0' spd 324.6 yaw 132 mode 2 st 9 gl 6 hp 100 frg -5
ARGEVT Omi pursue
ARGEVT Reap pursue
ARGLOG Omi t 106.8 pos '289.5  43.8  56.0' spd 306.7 yaw 352 mode 2 st 1 gl 6 hp 92 frg -3
ARGLOG Reap t 106.8 pos '521.7  82.5 -190.1' spd 324.7 yaw 154 mode 1 st 4 gl 10 hp 76 frg -12
ARGLOG Zeus t 107.1 pos '1226.6 -681.0 -24.0' spd 349.0 yaw 92 mode 1 st 9 gl 6 hp 100 frg -5
ARGEVT Zeus goal 
ARGEVT Zeus routefail
ARGLOG Omi t 107.4 pos '327.2 149.1  56.0' spd 329.1 yaw  48.7 mode 2 st 1 gl 6 hp 92 frg -3
ARGLOG Reap t 107.4 pos '393.5 220.8 -200.0' spd 320.1 yaw 222.1 mode 1 st 4 gl 10 hp 56 frg -12
ARGEVT Zeus goal 
ARGEVT Omi pursue
ARGEVT Reap pursue
ARGEVT Zeus routefail
ARGLOG Zeus t 107.6 pos '1234.5 -494.4 -24.0' spd 320.6 yaw 101 mode 0 st 9 gl 7 hp 100 frg -5
ARGEVT Zeus goal 
ARGEVT Zeus routefail
ARGEVT Zeus hazard
ARGLOG Omi t 107.9 pos '436.4 212.2  56.0' spd 378.9 yaw 283.7 mode 2 st 1 gl 6 hp 92 frg -3
ARGLOG Reap t 107.9 pos '338.8 116.2 -200.0' spd 320.6 yaw 293.3 mode 1 st 4 gl 10 hp 56 frg -12
ARGEVT Zeus goal 
ARGEVT Zeus routefail
ARGEVT Omi hazard
ARGEVT Zeus trapped
ARGEVT Zeus death Zeus pos '1221.8 -415.9 -24.0'
ARGLOG Omi t 108.4 pos '435.9 165.4  56.0' spd 338.4 yaw 251.4 mode 2 st 1 gl 6 hp 92 frg -3
ARGLOG Reap t 108.4 pos '393.6   9.1 -200.0' spd 234.2 yaw  81.9 mode 1 st 4 gl 10 hp 36 frg -12
ARGEVT Reap pursue
ARGEVT Omi pursue
ARGLOG Omi t 109.0 pos '311.7 103.7  56.0' spd 366.9 yaw 315 mode 2 st 1 gl 6 hp 92 frg -3
ARGLOG Reap t 109.0 pos '436.9  89.1 -200.0' spd 326.8 yaw 68 mode 1 st 4 gl 10 hp 36 frg -12
ARGEVT Omi hazard
ARGLOG Omi t 109.5 pos '277.1  66.5  56.0' spd 348.1 yaw  16.6 mode 2 st 1 gl 6 hp 92 frg -3
ARGLOG Reap t 109.5 pos '592.1 133.4 -200.0' spd 419.2 yaw 262.6 mode 1 st 4 gl 10 hp 36 frg -12
ARGEVT Omi pursue
ARGEVT Zeus respawn
ARGEVT Zeus goal weapon_grenadelauncher
ARGLOG Zeus t 109.8 pos '1520.0 432.0 -88.0' spd 0 yaw 343.4 mode 0 st 9 gl 7 hp 100 frg -6
ARGEVT Zeus routefail
ARGEVT Reap goal 
ARGEVT Reap routefail
ARGEVT Zeus goal 
ARGLOG Omi t 110.0 pos '363.5 175.9  56.0' spd 335.8 yaw 350 mode 2 st 1 gl 6 hp 92 frg -3
ARGLOG Reap t 110.0 pos '493.3  12.5 -182.2' spd 438.6 yaw 98 mode 0 st 4 gl 11 hp 136 frg -12
ARGEVT Zeus routefail
ARGEVT Reap goal 
ARGEVT Reap routefail
ARGEVT Zeus goal 
ARGEVT Zeus routefail
ARGEVT Reap goal 
ARGEVT Reap routefail
ARGLOG Zeus t 110.3 pos '1560.9 400.0 -88.0' spd 315.6 yaw 198.0 mode 0 st 9 gl 7 hp 100 frg -6
ARGEVT Omi hazard
ARGEVT Zeus goal 
ARGEVT Reap goal 
ARGEVT Reap routefail
ARGEVT Zeus hazard
ARGLOG Omi t 110.5 pos '485.4 178.4  56.0' spd 178.4 yaw 242 mode 2 st 1 gl 6 hp 92 frg -3
ARGLOG Reap t 110.5 pos '424.0 183.2 -200.0' spd 349.1 yaw 149.6 mode 0 st 4 gl 11 hp 136 frg -12
ARGEVT Reap goal item_shells
ARGEVT Reap routefail
ARGEVT Reap hazard
ARGLOG Zeus t 110.8 pos '1490.7 501.5 -88.0' spd 333.2 yaw  50.8 mode 1 st 9 gl 7 hp 100 frg -6
ARGEVT Reap goal 
ARGEVT Reap routefail
ARGLOG Omi t 111.0 pos '350.4  66.1  56.0' spd 350.4 yaw 273 mode 2 st 1 gl 6 hp 92 frg -3
ARGLOG Reap t 111.0 pos '336.0 146.8 -200.0' spd 323.4 yaw 259 mode 0 st 4 gl 11 hp 136 frg -12
ARGEVT Reap goal 
ARGEVT Reap route 4 start '357.0 225.0 -200.0' goal '-187.0 -255.0 -176.0'
ARGEVT Zeus goal 
ARGEVT Zeus routefail
ARGLOG Zeus t 111.3 pos '1538.6 499.7 -88.0' spd 320.0 yaw 290.0 mode 0 st 9 gl 8 hp 100 frg -6
ARGEVT Omi hazard
ARGEVT Zeus trapped
ARGEVT Zeus death Zeus pos '1555.4 469.9 -88.0'
ARGLOG Omi t 111.5 pos '317.9  16.0  56.0' spd 225.6 yaw  16.9 mode 2 st 1 gl 6 hp 92 frg -3
ARGLOG Reap t 111.5 pos '337.7  57.4 -200.0' spd 248.0 yaw 111.2 mode 2 st 4 gl 11 hp 136 frg -12
ARGLOG Omi t 112.0 pos '365.1  69.7  56.0' spd 332.1 yaw 267 mode 2 st 1 gl 6 hp 92 frg -3
ARGLOG Reap t 112.0 pos '407.1 205.7 -200.0' spd 406.3 yaw 228 mode 2 st 4 gl 11 hp 136 frg -12
ARGEVT Reap engage Omi
ARGLOG Omi t 112.6 pos '264.2  91.8  56.0' spd 352.8 yaw   6.5 mode 2 st 1 gl 6 hp 92 frg -3
ARGLOG Reap t 112.6 pos '533.2 104.4 -197.4' spd 345.3 yaw 183.9 mode 2 st 4 gl 11 hp 136 frg -12
ARGEVT Omi pursue
ARGEVT Reap pursue
ARGEVT Zeus respawn
ARGEVT Zeus goal 
ARGLOG Zeus t 113.0 pos '-632.0 -680.0 -16.0' spd 0 yaw 89 mode 0 st 9 gl 8 hp 100 frg -7
ARGEVT Zeus routefail
ARGLOG Omi t 113.1 pos '381.5 199.9  56.0' spd 332.7 yaw 356 mode 2 st 1 gl 6 hp 92 frg -3
ARGLOG Reap t 113.1 pos '408.1   2.4 -200.0' spd 340.5 yaw 183.3 mode 2 st 4 gl 11 hp 136 frg -12
ARGEVT Zeus goal 
ARGEVT Zeus routefail
ARGEVT Omi hazard
ARGEVT Zeus goal weapon_lightning
ARGEVT Zeus routefail
ARGLOG Zeus t 113.5 pos '-597.5 -526.3 -16.0' spd 322.5 yaw 76 mode 0 st 9 gl 8 hp 100 frg -7
ARGLOG Omi t 113.6 pos '387.7 138.6  56.0' spd 328.9 yaw 260.7 mode 2 st 1 gl 6 hp 92 frg -3
ARGLOG Reap t 113.6 pos '385.6 -54.5 -200.0' spd 360.7 yaw  81.2 mode 2 st 4 gl 11 hp 128 frg -12
ARGEVT Zeus goal item_spikes
ARGEVT Reap pursue
ARGEVT Omi pursue
ARGLOG Zeus t 114.1 pos '-671.6 -383.2 -16.0' spd 411.9 yaw 225.4 mode 1 st 9 gl 8 hp 100 frg -7
ARGLOG Omi t 114.1 pos '279.8  31.2  56.0' spd 379.2 yaw 310 mode 2 st 1 gl 6 hp 92 frg -3
ARGLOG Reap t 114.1 pos '506.8  35.2 -177.7' spd 362.7 yaw 127 mode 0 st 4 gl 11 hp 128 frg -12
ARGEVT Reap route 4 start '549.0  65.0 -184.0' goal '-187.0 -255.0 -176.0'
ARGEVT Omi hazard
ARGLOG Zeus t 114.6 pos '-680.8 -523.7 -16.0' spd 320.0 yaw 275 mode 1 st 9 gl 8 hp 100 frg -7
ARGLOG Omi t 114.6 pos '272.0 -52.1  56.0' spd 334.0 yaw 290 mode 2 st 1 gl 6 hp 92 frg -3
ARGLOG Reap t 114.6 pos '378.5 136.0 -200.0' spd 416.0 yaw 253.5 mode 2 st 4 gl 11 hp 128 frg -12
ARGEVT Zeus goal item_armorInv
ARGLOG Zeus t 115.1 pos '-666.4 -688.9 -16.0' spd 320.0 yaw 293.8 mode 0 st 9 gl 9 hp 100 frg -7
ARGEVT Zeus routefail
ARGLOG Omi t 115.2 pos '384.7 -181.1  56.0' spd 323.7 yaw  70.0 mode 2 st 1 gl 6 hp 92 frg -3
ARGLOG Reap t 115.2 pos '432.1   8.5 -200.0' spd 420.1 yaw 359.2 mode 2 st 4 gl 11 hp 119 frg -12
ARGEVT Zeus hazard
ARGEVT Zeus goal weapon_supernailgun
ARGEVT Zeus routefail
ARGEVT Reap route 4 start '549.0  65.0 -184.0' goal '-187.0 -255.0 -176.0'
ARGEVT Zeus goal 
ARGEVT Zeus routefail
ARGLOG Zeus t 115.6 pos '-528.6 -693.9 -16.0' spd 323.8 yaw 37 mode 0 st 9 gl 9 hp 100 frg -7
ARGLOG Omi t 115.7 pos '302.1 -114.4  56.0' spd 167.9 yaw   3.0 mode 2 st 1 gl 6 hp 92 frg -3
ARGLOG Reap t 115.7 pos '583.0 -92.5 -172.1' spd 341.1 yaw 188.1 mode 2 st 4 gl 11 hp 119 frg -12
ARGEVT Zeus goal item_rockets
ARGEVT Zeus routefail
ARGEVT Zeus trapped
ARGEVT Zeus death Zeus pos '-399.8 -677.4 -16.0'
ARGEVT Omi pursue
ARGEVT Reap pursue
ARGLOG Omi t 116.3 pos '386.0 -236.0  56.0' spd 355.6 yaw 40 mode 1 st 1 gl 6 hp 92 frg -3
ARGLOG Reap t 116.3 pos '546.2 -231.7 -200.0' spd 355.2 yaw 154 mode 2 st 4 gl 11 hp 118 frg -12
ARGEVT Omi hazard
ARGLOG Omi t 116.8 pos '503.6 -319.8  56.0' spd 345.7 yaw 349.9 mode 1 st 1 gl 6 hp 92 frg -3
ARGLOG Reap t 116.8 pos '376.9 -167.9 -200.0' spd 321.0 yaw 144 mode 2 st 4 gl 11 hp 117 frg -12
ARGEVT Omi goal weapon_supernailgun
ARGEVT Omi routefail
ARGEVT Omi goal item_armor2
ARGEVT Omi routefail
ARGLOG Omi t 117.4 pos '492.3 -302.8  56.0' spd 115.0 yaw  50.7 mode 0 st 1 gl 7 hp 92 frg -3
ARGLOG Reap t 117.4 pos '370.6  -8.3 -200.0' spd 386.1 yaw 154.5 mode 2 st 4 gl 11 hp 117 frg -12
ARGEVT Omi goal item_health
ARGEVT Omi routefail
ARGEVT Zeus respawn
ARGEVT Zeus goal item_armor2
ARGLOG Zeus t 117.7 pos '512.0 768.0 216.0' spd 0 yaw 289.8 mode 0 st 9 gl 9 hp 100 frg -8
ARGEVT Omi goal 
ARGEVT Zeus routefail
ARGLOG Omi t 117.9 pos '382.2 -244.2  56.0' spd 324.4 yaw  76.6 mode 0 st 1 gl 7 hp 84 frg -3
ARGLOG Reap t 117.9 pos '466.6  81.6 -191.1' spd 346.0 yaw 254.4 mode 2 st 4 gl 11 hp 116 frg -12
ARGEVT Zeus goal item_health
ARGEVT Zeus routefail
ARGEVT Reap pursue
ARGEVT Zeus goal 
ARGLOG Zeus t 118.3 pos '528.6 597.3 216.0' spd 326.7 yaw 214.3 mode 0 st 9 gl 9 hp 100 frg -8
ARGEVT Zeus hazard
ARGEVT Omi pursue
ARGEVT Zeus routefail
ARGEVT Zeus goal weapon_nailgun
ARGLOG Omi t 118.5 pos '276.0 -122.9  56.0' spd 355.3 yaw 50 mode 0 st 1 gl 7 hp 84 frg -3
ARGLOG Reap t 118.5 pos '553.8 -47.6 -168.0' spd 336.9 yaw 237 mode 0 st 4 gl 11 hp 116 frg -12
ARGEVT Zeus routefail
ARGEVT Omi hazard
ARGEVT Zeus goal 
ARGEVT Zeus routefail
ARGLOG Zeus t 118.8 pos '485.1 591.0  74.7' spd  33.2 yaw 234 mode 0 st 9 gl 9 hp 100 frg -8
ARGEVT Zeus trapped
ARGEVT Zeus death Zeus pos '475.8 580.1  56.0'
ARGEVT Reap pursue
ARGEVT Omi routefail
ARGLOG Omi t 119.0 pos '269.3 -68.3  56.0' spd 208.1 yaw 103 mode 0 st 1 gl 7 hp 84 frg -3
ARGLOG Reap t 119.0 pos '469.6  37.7 -190.1' spd 304.2 yaw 215 mode 0 st 4 gl 11 hp 115 frg -12
ARGEVT Omi goal 
ARGEVT Omi routefail
ARGEVT Omi goal item_health
ARGEVT Omi routefail
ARGEVT Reap hazard
ARGLOG Omi t 119.6 pos '309.2 100.7  56.0' spd 378.7 yaw 352 mode 0 st 1 gl 7 hp 84 frg -3
ARGLOG Reap t 119.6 pos '310.3 -42.1 -176.0' spd 367.3 yaw 194 mode 0 st 4 gl 11 hp 115 frg -12
ARGEVT Omi goal 
ARGEVT Omi routefail
ARGEVT Omi hazard
ARGEVT Omi goal 
ARGEVT Omi route 2 start '357.0 161.0  56.0' goal '549.0 513.0  56.0'
ARGLOG Omi t 120.1 pos '468.4 167.9  56.0' spd 345.3 yaw 346.7 mode 2 st 1 gl 7 hp 84 frg -3
ARGLOG Reap t 120.1 pos '144.0 -104.8 -176.0' spd 340.0 yaw 294.9 mode 0 st 4 gl 11 hp 114 frg -12
ARGEVT Reap route 2 start '165.0 -63.0 -176.0' goal '-187.0 -255.0 -176.0'
ARGEVT Zeus respawn
ARGEVT Zeus goal 
ARGLOG Zeus t 120.6 pos '-880.0 -232.0 -16.0' spd 0 yaw  69.8 mode 0 st 9 gl 9 hp 100 frg -9
ARGEVT Zeus routefail
ARGLOG Omi t 120.7 pos '544.8 319.9  56.0' spd 331.4 yaw 88 mode 2 st 1 gl 7 hp 84 frg -3
ARGLOG Reap t 120.7 pos '240.0 -123.4 -176.0' spd 352.6 yaw  69.8 mode 2 st 4 gl 11 hp 114 frg -12
ARGEVT Zeus goal 
ARGEVT Zeus routefail
ARGEVT Zeus hazard
