LOG started on: 08/19/2026 13:21:38 
Playing registered version.
UDP Initialized
WIPX_OpenSocket: Address family not supported by protocol family
WIPX_Init: Unable to open control socket, IPX disabled
Exe: 20:02:47 Jul 31 2024
256.0 megabyte heap

Language initialization
Couldn't load 'localization/loc_english.txt'
from 'C:/argus/engine'

========= Quake Initialized =========

execing autoexec.cfg
SpawnServer: dm2
Clearing memory
Programs occupy 571K.
trying to open external vis file
maps/dm2.vis not found, trying argus.vis
external vis not found
ARGUS slots 8
ARGUS worldspawn reached
ARGNAV 162 nodes, 538 links
0 entities inhibited
ARGUS init on dm2
ARGEVT Carmack spawned
ARGEVT Romero spawned
ARGEVT Joe Rogan spawned
Server spawned.
ARGLOG Joe Rogan t   1.2 pos '2624.0 -488.0  32.0' spd 0 yaw 143.2 mode 0 st 0 gl 0 hp 100 frg 0
ARGLOG Romero t   1.2 pos '2544.0 -32.0 -64.0' spd 0 yaw 190.2 mode 0 st 0 gl 0 hp 100 frg 0
ARGLOG Carmack t   1.2 pos '2560.0 -192.0  32.0' spd 0 yaw 162.0 mode 0 st 0 gl 0 hp 100 frg 0
ARGLOG Joe Rogan t   1.7 pos '2539.8 -519.7  24.0' spd 146.6 yaw  39.3 mode 0 st 0 gl 0 hp 100 frg 0
ARGLOG Romero t   1.7 pos '2391.1 -61.7 -72.0' spd 320 yaw 190.2 mode 0 st 0 gl 0 hp 100 frg 0
ARGLOG Carmack t   1.7 pos '2411.9 -144.0  24.0' spd 304.4 yaw 162.0 mode 0 st 0 gl 0 hp 100 frg 0
ARGEVT Joe Rogan hazard
ARGLOG Joe Rogan t   2.2 pos '2613.1 -475.3  32.0' spd 269.2 yaw 213.4 mode 0 st 0 gl 0 hp 100 frg 0
ARGLOG Romero t   2.2 pos '2227.7 -85.8 -136.0' spd 320.8 yaw 190.2 mode 0 st 0 gl 0 hp 100 frg 0
ARGLOG Carmack t   2.2 pos '2242.9 -137.8  24.0' spd 324.0 yaw 162.0 mode 0 st 0 gl 0 hp 100 frg 0
ARGLOG Joe Rogan t   2.8 pos '2547.2 -528.0  24.0' spd 313.1 yaw 350.5 mode 0 st 0 gl 0 hp 100 frg 0
ARGLOG Romero t   2.8 pos '2320.3 -59.3 -104.0' spd 320.0 yaw  12.6 mode 0 st 0 gl 0 hp 100 frg 0
ARGLOG Carmack t   2.8 pos '2082.8 -93.8  24.0' spd 320.0 yaw 162.0 mode 0 st 0 gl 0 hp 100 frg 0
ARGLOG Joe Rogan t   3.3 pos '2576.0 -528.0  24.0' spd 0 yaw 350.5 mode 0 st 0 gl 0 hp 100 frg 0
ARGLOG Romero t   3.3 pos '2482.6 -24.2 -72.0' spd 320.0 yaw  12.6 mode 0 st 0 gl 0 hp 100 frg 0
ARGLOG Carmack t   3.3 pos '1929.4 -26.1  24.0' spd 361.8 yaw 104.9 mode 0 st 0 gl 0 hp 100 frg 0
ARGEVT Carmack engage Joe Rogan
ARGLOG Joe Rogan t   3.8 pos '2576.0 -528.0  24.0' spd 0 yaw 350.5 mode 0 st 0 gl 0 hp 100 frg 0
ARGLOG Romero t   3.8 pos '2644.4  10.2 -72.0' spd 320.0 yaw  12.6 mode 0 st 0 gl 0 hp 100 frg 0
ARGLOG Carmack t   3.8 pos '1994.5 -48.6  24.0' spd 320.8 yaw 329.8 mode 0 st 0 gl 0 hp 100 frg 0
ARGEVT Joe Rogan stall
ARGEVT Joe Rogan jump
ARGEVT Carmack pursue
ARGLOG Joe Rogan t   4.3 pos '2556.0 -528.0  24.0' spd 175.6 yaw 180.3 mode 0 st 1 gl 0 hp 100 frg 0
ARGLOG Romero t   4.3 pos '2576.0  16.2 -72.0' spd  37.8 yaw 189.6 mode 0 st 0 gl 0 hp 100 frg 0
ARGLOG Carmack t   4.3 pos '2126.5 -148.5  24.0' spd 320.0 yaw 320 mode 0 st 0 gl 0 hp 100 frg 0
ARGEVT Joe Rogan engage Carmack
ARGLOG Joe Rogan t   4.8 pos '2512.0 -426.0   8.0' spd 325.4 yaw 161.3 mode 0 st 1 gl 0 hp 100 frg 0
ARGLOG Romero t   4.8 pos '2426.1 -32.0 -72.0' spd 321.5 yaw 210 mode 0 st 0 gl 0 hp 100 frg 0
ARGLOG Carmack t   4.8 pos '2155.3 -298.4  24.0' spd 320.0 yaw 357.0 mode 0 st 0 gl 0 hp 100 frg 0
ARGLOG Joe Rogan t   5.3 pos '2514.8 -351.4  24.0' spd 321.3 yaw 197.4 mode 0 st 1 gl 0 hp 82 frg 0
ARGLOG Romero t   5.3 pos '2261.9 -38.8 -136.0' spd 366.0 yaw 233.0 mode 0 st 0 gl 0 hp 100 frg 0
ARGLOG Carmack t   5.3 pos '2156.5 -465.6   8.0' spd 324.9 yaw 359.7 mode 0 st 0 gl 0 hp 96 frg 0
ARGEVT Carmack hazard
ARGLOG Joe Rogan t   5.9 pos '2462.2 -304.0   8.0' spd 181.0 yaw 202.8 mode 0 st 1 gl 0 hp 82 frg 0
ARGLOG Romero t   5.9 pos '2234.1 -205.6 -136.0' spd 348.8 yaw 328 mode 0 st 0 gl 0 hp 100 frg 0
ARGLOG Carmack t   5.9 pos '2158.0 -436.4   8.0' spd 320.1 yaw  40.0 mode 0 st 0 gl 0 hp 80 frg 0
ARGEVT Joe Rogan hazard
ARGLOG Joe Rogan t   6.4 pos '2327.9 -304.0   8.0' spd 234.6 yaw 169.6 mode 0 st 1 gl 0 hp 73 frg 0
ARGLOG Romero t   6.4 pos '2192.7 -157.6 -112.9' spd 238.0 yaw 251.1 mode 0 st 0 gl 0 hp 100 frg 0
ARGLOG Carmack t   6.4 pos '2138.5 -272.5  24.0' spd 327.3 yaw 343.0 mode 0 st 0 gl 0 hp 80 frg 0
ARGEVT Romero hazard
ARGLOG Joe Rogan t   6.9 pos '2261.1 -434.7   8.0' spd 357.4 yaw 170.5 mode 0 st 1 gl 0 hp 55 frg 0
ARGLOG Romero t   6.9 pos '2253.1 -112.6 -136.0' spd 390.8 yaw 333.7 mode 0 st 0 gl 0 hp 100 frg 0
ARGLOG Carmack t   6.9 pos '2128.0 -399.2  21.9' spd 323.5 yaw 321.6 mode 0 st 0 gl 0 hp 56 frg 0
ARGLOG Joe Rogan t   7.4 pos '2309.1 -488.7   8.0' spd 420.1 yaw 155.9 mode 0 st 1 gl 0 hp 19 frg 0
ARGLOG Romero t   7.4 pos '2269.5 -192.1 -136.0' spd  97.9 yaw 146.7 mode 0 st 0 gl 0 hp 100 frg 0
ARGEVT Carmack weapon sg
ARGLOG Carmack t   7.4 pos '2163.6 -442.4   8.0' spd 323.5 yaw 356.1 mode 0 st 0 gl 0 hp 36 frg 0
ARGEVT Joe Rogan death Carmack pos '2347.2 -427.8   8.0'
ARGEVT Romero hazard
ARGLOG Romero t   7.9 pos '2174.2 -186.8 -81.1' spd  71.9 yaw  87.4 mode 0 st 0 gl 0 hp 100 frg 0
ARGLOG Carmack t   7.9 pos '2256.0 -301.6  24.0' spd  73.2 yaw 314.2 mode 0 st 0 gl 0 hp 12 frg 1
ARGLOG Romero t   8.4 pos '2190.5 -152.7 -109.7' spd  61.5 yaw 220.9 mode 0 st 0 gl 0 hp 100 frg 0
ARGLOG Carmack t   8.4 pos '2322.0 -439.5   8.0' spd 321.6 yaw 287 mode 0 st 0 gl 0 hp 12 frg 1
ARGLOG Romero t   9.0 pos '2178.1 -146.9 -91.2' spd 334.6 yaw 151.0 mode 0 st 0 gl 0 hp 100 frg 0
ARGLOG Carmack t   9.0 pos '2332.1 -441.4   8.0' spd 320.1 yaw 101 mode 0 st 0 gl 0 hp 12 frg 1
ARGEVT Joe Rogan respawn
ARGLOG Joe Rogan t   9.1 pos '2176.0 -2176.0  84.0' spd 0 yaw 112.7 mode 0 st 1 gl 0 hp 100 frg 0
ARGLOG Romero t   9.5 pos '2170.1 -86.0 -79.1' spd  50.8 yaw 272 mode 0 st 0 gl 0 hp 100 frg 0
ARGLOG Carmack t   9.5 pos '2337.4 -502.9   8.0' spd 320.0 yaw 97 mode 0 st 0 gl 0 hp 12 frg 1
ARGLOG Joe Rogan t   9.6 pos '2165.6 -2021.1  88.0' spd 320.1 yaw 89 mode 0 st 1 gl 0 hp 100 frg 0
ARGLOG Romero t  10.0 pos '2217.5 -156.1 -136.0' spd 328.3 yaw 261 mode 0 st 0 gl 0 hp 100 frg 0
ARGLOG Carmack t  10.0 pos '2324.1 -374.3   8.0' spd 320.0 yaw 113.6 mode 0 st 0 gl 0 hp 12 frg 1
ARGLOG Joe Rogan t  10.1 pos '2168.2 -1856.0  24.0' spd 320.0 yaw 89 mode 0 st 1 gl 0 hp 100 frg 0
ARGEVT Romero hazard
ARGLOG Romero t  10.5 pos '2256.8 -203.9 -136.0' spd 283.1 yaw 153.0 mode 0 st 0 gl 0 hp 100 frg 0
ARGLOG Carmack t  10.5 pos '2208.9 -353.3   8.0' spd 374.4 yaw 278.1 mode 0 st 0 gl 0 hp 12 frg 1
ARGLOG Joe Rogan t  10.7 pos '2284.1 -1895.4  24.0' spd 321.3 yaw 138.2 mode 0 st 1 gl 0 hp 100 frg 0
ARGLOG Romero t  11.0 pos '2265.3 -101.0 -136.0' spd 324.2 yaw  32.9 mode 0 st 0 gl 0 hp 100 frg 0
ARGLOG Carmack t  11.0 pos '2178.8 -514.8   8.0' spd 113.7 yaw  84.6 mode 0 st 0 gl 0 hp 12 frg 1
ARGEVT Joe Rogan hazard
ARGLOG Joe Rogan t  11.2 pos '2196.2 -1814.0  24.0' spd 162.6 yaw 356.4 mode 0 st 1 gl 0 hp 100 frg 0
ARGLOG Romero t  11.5 pos '2381.2  12.5 -88.0' spd 321.1 yaw  32.9 mode 0 st 0 gl 0 hp 100 frg 0
ARGLOG Carmack t  11.5 pos '2191.4 -368.3   8.0' spd 320.0 yaw  84.6 mode 0 st 0 gl 0 hp 12 frg 1
ARGLOG Joe Rogan t  11.7 pos '2343.5 -1821.8  24.0' spd 320.0 yaw 356.4 mode 0 st 1 gl 0 hp 100 frg 0
ARGLOG Romero t  12.1 pos '2384.0  16.0 -88.0' spd 0 yaw  32.9 mode 0 st 0 gl 0 hp 100 frg 0
ARGLOG Carmack t  12.1 pos '2208.7 -203.8  24.0' spd 320.0 yaw  84.6 mode 0 st 0 gl 0 hp 12 frg 1
ARGLOG Joe Rogan t  12.2 pos '2508.7 -1830.5  24.0' spd 320 yaw 356.4 mode 0 st 1 gl 0 hp 100 frg 0
ARGEVT Romero stall
ARGEVT Romero jump
ARGLOG Romero t  12.6 pos '2384.0  16.0 -76.1' spd 0 yaw 230.5 mode 0 st 1 gl 0 hp 100 frg 0
ARGLOG Carmack t  12.6 pos '2226.0 -39.5  24.0' spd 320.0 yaw  84.6 mode 0 st 0 gl 0 hp 12 frg 1
ARGEVT Joe Rogan hazard
ARGLOG Joe Rogan t  12.7 pos '2606.3 -1895.6  24.0' spd 274.5 yaw 227.5 mode 0 st 1 gl 0 hp 100 frg 0
ARGLOG Romero t  13.1 pos '2374.1   4.0 -75.8' spd  30.0 yaw 230.5 mode 0 st 1 gl 0 hp 100 frg 0
ARGLOG Carmack t  13.1 pos '2190.4 -95.3  24.0' spd 320.2 yaw 252.4 mode 0 st 0 gl 0 hp 12 frg 1
ARGLOG Joe Rogan t  13.2 pos '2468.3 -1890.9  24.0' spd 320.0 yaw 176.0 mode 0 st 1 gl 0 hp 100 frg 0
ARGLOG Romero t  13.6 pos '2248.8 -17.1 -136.0' spd 320.0 yaw 187.3 mode 0 st 1 gl 0 hp 100 frg 0
ARGLOG Carmack t  13.6 pos '2139.9 -252.8  24.0' spd 320.0 yaw 252.4 mode 0 st 0 gl 0 hp 12 frg 1
ARGLOG Joe Rogan t  13.8 pos '2303.3 -1879.4  24.0' spd 320 yaw 176.0 mode 0 st 1 gl 0 hp 100 frg 0
ARGLOG Romero t  14.1 pos '2223.8 -125.1 -136.0' spd 324.6 yaw 308.1 mode 0 st 1 gl 0 hp 100 frg 0
ARGLOG Carmack t  14.1 pos '2128.0 -419.1  11.2' spd 329.0 yaw 252.4 mode 0 st 0 gl 0 hp 12 frg 1
ARGLOG Joe Rogan t  14.3 pos '2150.3 -1866.3  24.0' spd  91.5 yaw 356.0 mode 0 st 1 gl 0 hp 100 frg 0
ARGLOG Romero t  14.6 pos '2213.9 -196.2 -136.0' spd 324.6 yaw 157.9 mode 0 st 1 gl 0 hp 100 frg 0
ARGLOG Carmack t  14.6 pos '2200.7 -488.6   8.0' spd 327.7 yaw  24.4 mode 0 st 0 gl 0 hp 12 frg 1
ARGLOG Joe Rogan t  14.8 pos '2299.4 -1874.1  24.0' spd 320 yaw 356.0 mode 0 st 1 gl 0 hp 100 frg 0
ARGLOG Romero t  15.2 pos '2267.7 -134.5 -136.0' spd 120.0 yaw 227.9 mode 0 st 1 gl 0 hp 100 frg 0
ARGLOG Carmack t  15.2 pos '2357.1 -433.0   8.0' spd 320.1 yaw  24.4 mode 0 st 0 gl 0 hp 12 frg 1
ARGLOG Joe Rogan t  15.3 pos '2465.0 -1882.8  24.0' spd 320.0 yaw 356.0 mode 0 st 1 gl 0 hp 100 frg 0
ARGLOG Romero t  15.7 pos '2192.8 -146.3 -113.1' spd 326.4 yaw  91.0 mode 0 st 1 gl 0 hp 100 frg 0
ARGLOG Carmack t  15.7 pos '2508.9 -366.6   8.0' spd 320.0 yaw  24.4 mode 0 st 0 gl 0 hp 12 frg 1
ARGLOG Joe Rogan t  15.8 pos '2567.3 -1887.5  24.0' spd 245.7 yaw 175.9 mode 0 st 1 gl 0 hp 100 frg 0
ARGEVT Romero hazard
ARGLOG Romero t  16.2 pos '2184.8  -1.4 -101.2' spd 133.7 yaw  34.9 mode 0 st 1 gl 0 hp 100 frg 0
ARGLOG Carmack t  16.2 pos '2606.3 -329.7  24.0' spd 240.1 yaw 211.7 mode 0 st 0 gl 0 hp 12 frg 1
ARGLOG Joe Rogan t  16.3 pos '2403.1 -1873.1  24.0' spd 320 yaw 175.9 mode 0 st 1 gl 0 hp 100 frg 0
ARGLOG Romero t  16.7 pos '2278.8   4.5 -136.0' spd 321.1 yaw  14.7 mode 0 st 1 gl 0 hp 100 frg 0
ARGLOG Carmack t  16.7 pos '2458.7 -405.0   8.0' spd 324.9 yaw 211.7 mode 0 st 0 gl 0 hp 12 frg 1
ARGLOG Joe Rogan t  16.9 pos '2238.3 -1858.7  24.0' spd 320 yaw 175.9 mode 0 st 1 gl 0 hp 100 frg 0
ARGLOG Romero t  17.2 pos '2352.0  16.0 -104.0' spd 0 yaw  14.7 mode 0 st 1 gl 0 hp 100 frg 0
ARGLOG Carmack t  17.2 pos '2313.3 -484.6   8.0' spd 320.0 yaw 211.7 mode 0 st 0 gl 0 hp 12 frg 1
ARGLOG Joe Rogan t  17.4 pos '2201.6 -1858.8  24.0' spd 320.0 yaw 353.0 mode 0 st 1 gl 0 hp 100 frg 0
ARGLOG Romero t  17.7 pos '2352.0  16.0 -104.0' spd 0 yaw  14.7 mode 0 st 1 gl 0 hp 100 frg 0
ARGLOG Carmack t  17.7 pos '2242.4 -441.9   8.0' spd 324.9 yaw  76.1 mode 0 st 0 gl 0 hp 12 frg 1
ARGLOG Joe Rogan t  17.9 pos '2365.8 -1879.0  24.0' spd 320.0 yaw 353.0 mode 0 st 1 gl 0 hp 100 frg 0
ARGLOG Romero t  18.3 pos '2352.0  16.0 -104.0' spd 0 yaw  14.7 mode 0 st 1 gl 0 hp 100 frg 0
ARGLOG Carmack t  18.3 pos '2226.7 -309.6  24.0' spd 348.0 yaw 197.9 mode 0 st 0 gl 0 hp 12 frg 1
ARGEVT Romero stall
ARGEVT Romero jump
ARGLOG Joe Rogan t  18.4 pos '2529.7 -1899.1  24.0' spd 320 yaw 353.0 mode 0 st 1 gl 0 hp 100 frg 0
ARGEVT Carmack hazard
ARGLOG Romero t  18.8 pos '2341.0   9.1 -74.7' spd  35.3 yaw 175.4 mode 0 st 2 gl 0 hp 100 frg 0
ARGLOG Carmack t  18.8 pos '2188.5 -310.9  24.0' spd 320.5 yaw  17.7 mode 0 st 0 gl 0 hp 12 frg 1
ARGLOG Joe Rogan t  18.9 pos '2577.2 -1798.0  24.0' spd 324.9 yaw 116.7 mode 0 st 1 gl 0 hp 100 frg 0
ARGLOG Romero t  19.3 pos '2243.6  12.6 -136.0' spd 320.0 yaw 175.4 mode 0 st 2 gl 0 hp 100 frg 0
ARGLOG Carmack t  19.3 pos '2156.2 -284.6  24.0' spd 320.4 yaw   9.3 mode 0 st 0 gl 0 hp 12 frg 1
ARGEVT Romero hazard
ARGLOG Joe Rogan t  19.4 pos '2513.2 -1644.8  24.0' spd 320.0 yaw 116.7 mode 0 st 1 gl 0 hp 100 frg 0
ARGLOG Romero t  19.8 pos '2209.7 -17.5 -136.0' spd 317.7 yaw 253.2 mode 0 st 2 gl 0 hp 100 frg 0
ARGLOG Carmack t  19.8 pos '2256.0 -252.8  24.0' spd  65.2 yaw   9.3 mode 0 st 0 gl 0 hp 12 frg 1
ARGLOG Joe Rogan t  20.0 pos '2453.3 -1489.2  24.0' spd 324.8 yaw  90.4 mode 0 st 1 gl 0 hp 100 frg 0
ARGEVT Romero goal item_armorInv
ARGEVT Carmack goal item_health
ARGEVT Joe Rogan goal item_armorInv
ARGEVT Romero routefail
ARGEVT Romero goal item_armor2
ARGEVT Romero route 3 start '2233.0 -191.0 -136.0' goal '2777.0   1.0 -72.0'
ARGLOG Romero t  20.3 pos '2208.9 -186.2 -136.0' spd 367.2 yaw 28 mode 2 st 2 gl 0 hp 100 frg 0
ARGLOG Carmack t  20.3 pos '2335.8 -159.9  24.0' spd 390.0 yaw 125.1 mode 0 st 0 gl 0 hp 12 frg 1
ARGEVT Carmack hazard
ARGEVT Joe Rogan routefail
ARGEVT Carmack route 2 start '2361.0 -159.0  24.0' goal '1913.0 -63.0  24.0'
ARGEVT Joe Rogan goal item_armor2
ARGLOG Joe Rogan t  20.5 pos '2544.7 -1356.9  24.0' spd 419.9 yaw 301.6 mode 0 st 1 gl 0 hp 100 frg 0
ARGEVT Joe Rogan route 20 start '2585.0 -1375.0  24.0' goal '2009.0 -991.0  32.0'
ARGLOG Romero t  20.8 pos '2282.3 -116.8 -136.0' spd 332.5 yaw 22 mode 2 st 2 gl 0 hp 100 frg 0
ARGLOG Carmack t  20.8 pos '2202.9 -125.6  24.0' spd 321.4 yaw 157 mode 0 st 0 gl 0 hp 12 frg 1
ARGEVT Carmack route 1 start '2169.0 -95.0  24.0' goal '1913.0 -63.0  24.0'
ARGLOG Joe Rogan t  21.0 pos '2546.0 -1463.4  24.0' spd 352.4 yaw 105 mode 2 st 1 gl 0 hp 100 frg 0
ARGEVT Romero hazard
ARGLOG Romero t  21.4 pos '2212.1  16.0 -136.0' spd 159.7 yaw 359 mode 2 st 2 gl 0 hp 100 frg 0
ARGLOG Carmack t  21.4 pos '2046.7 -69.4  24.0' spd 320.8 yaw 152 mode 1 st 0 gl 0 hp 12 frg 1
ARGLOG Joe Rogan t  21.5 pos '2440.5 -1325.9  24.0' spd 332.5 yaw 87 mode 2 st 1 gl 0 hp 100 frg 0
ARGEVT Carmack goal weapon_rocketlauncher
ARGEVT Carmack route 10 start '1913.0 -63.0  24.0' goal '1465.0 -703.0 184.0'
ARGEVT Carmack hazard
ARGLOG Romero t  21.9 pos '2356.9  -1.0 -88.0' spd 320.2 yaw 0 mode 2 st 2 gl 0 hp 100 frg 0
ARGLOG Carmack t  21.9 pos '1904.0 -69.9  24.0' spd 302.5 yaw 0 mode 2 st 0 gl 1 hp 37 frg 1
ARGLOG Joe Rogan t  22.0 pos '2445.2 -1296.0  24.0' spd  14.5 yaw 87 mode 2 st 1 gl 0 hp 100 frg 0
ARGEVT Romero route 1 start '2489.0 -31.0 -72.0' goal '2777.0   1.0 -72.0'
ARGLOG Romero t  22.4 pos '2521.6 -15.8 -64.0' spd 320.5 yaw 3 mode 2 st 2 gl 0 hp 100 frg 0
ARGLOG Carmack t  22.4 pos '2014.8 -188.9  24.0' spd 370.5 yaw 19 mode 2 st 0 gl 1 hp 37 frg 1
ARGLOG Joe Rogan t  22.5 pos '2454.9 -1189.8  24.0' spd 320.1 yaw 77 mode 2 st 1 gl 0 hp 100 frg 0
ARGLOG Romero t  22.9 pos '2686.7  -9.7 -72.0' spd 320.1 yaw 6 mode 2 st 2 gl 0 hp 100 frg 0
ARGLOG Carmack t  22.9 pos '2176.2 -133.8  24.0' spd 320.2 yaw 14 mode 2 st 0 gl 1 hp 37 frg 1
ARGEVT Joe Rogan lift
ARGLOG Joe Rogan t  23.1 pos '2459.2 -1025.1  32.0' spd 320.1 yaw 108 mode 2 st 1 gl 0 hp 100 frg 0
ARGEVT Romero abandon
ARGEVT Romero goal item_armor2
ARGEVT Romero route 5 start '2649.0 -63.0 -72.0' goal '1273.0 -991.0  32.0'
ARGEVT Carmack jump
ARGLOG Romero t  23.4 pos '2579.4   2.8 -64.0' spd 393.5 yaw 352 mode 2 st 2 gl 0 hp 100 frg 0
ARGLOG Carmack t  23.4 pos '2288.0 -75.4  45.3' spd 114.3 yaw 4 mode 2 st 0 gl 1 hp 37 frg 1
ARGEVT Joe Rogan abandon
ARGEVT Joe Rogan goal item_rockets
ARGLOG Joe Rogan t  23.6 pos '2500.1 -954.0 109.4' spd 242.5 yaw 202.6 mode 0 st 1 gl 0 hp 100 frg 0
ARGEVT Romero hazard
ARGEVT Joe Rogan hazard
ARGEVT Joe Rogan route 14 start '2521.0 -895.0 120.0' goal '2073.0 -991.0 344.0'
ARGEVT Romero abandon
ARGEVT Romero goal weapon_rocketlauncher
ARGLOG Romero t  23.9 pos '2614.7 -54.0 -72.0' spd 143.6 yaw 176.8 mode 0 st 2 gl 0 hp 100 frg 0
ARGLOG Carmack t  23.9 pos '2322.5 -25.0  56.0' spd 207.8 yaw 345 mode 2 st 0 gl 1 hp 37 frg 1
ARGEVT Romero route 6 start '2649.0 -63.0 -72.0' goal '1465.0 -703.0 184.0'
ARGLOG Joe Rogan t  24.1 pos '2448.0 -1054.0  88.1' spd  30.0 yaw 103 mode 2 st 1 gl 0 hp 100 frg 0
ARGEVT Carmack jump
ARGEVT Romero route 7 start '2489.0 -31.0 -72.0' goal '1465.0 -703.0 184.0'
ARGLOG Romero t  24.5 pos '2457.0   1.2 -72.0' spd 389.0 yaw 354 mode 2 st 2 gl 0 hp 100 frg 0
ARGLOG Carmack t  24.5 pos '2392.5 -80.0 110.9' spd  48.3 yaw 3 mode 2 st 0 gl 1 hp 37 frg 1
ARGLOG Joe Rogan t  24.6 pos '2490.0 -992.0  16.0' spd 174.8 yaw 121 mode 2 st 1 gl 0 hp 100 frg 0
ARGEVT Romero hazard
ARGEVT Joe Rogan hazard
ARGLOG Romero t  25.0 pos '2477.4 -79.7 -72.0' spd 320.6 yaw 4 mode 2 st 2 gl 0 hp 100 frg 0
ARGLOG Carmack t  25.0 pos '2480.5 -69.9 120.0' spd 320.6 yaw 3 mode 2 st 0 gl 1 hp 37 frg 1
ARGLOG Joe Rogan t  25.1 pos '2506.2 -992.0  16.0' spd   2.9 yaw 125 mode 2 st 1 gl 0 hp 100 frg 0
ARGEVT Romero abandon
ARGLOG Romero t  25.5 pos '2615.2 -54.0 -72.0' spd 225.0 yaw 118.8 mode 0 st 2 gl 0 hp 100 frg 0
ARGLOG Carmack t  25.5 pos '2640.0 -62.6 120.0' spd  12.6 yaw 214 mode 2 st 0 gl 1 hp 37 frg 1
ARGEVT Joe Rogan stall
ARGEVT Joe Rogan stallnode '2521.0 -895.0 120.0'
ARGEVT Joe Rogan jump
ARGEVT Romero goal weapon_grenadelauncher
ARGEVT Romero route 5 start '2649.0 -63.0 -72.0' goal '2073.0 -991.0 344.0'
ARGLOG Joe Rogan t  25.6 pos '2508.7 -992.0  37.5' spd   1.5 yaw 115.0 mode 0 st 2 gl 0 hp 100 frg 0
ARGEVT Romero hazard
ARGEVT Joe Rogan route 15 start '2457.0 -991.0  24.0' goal '2073.0 -991.0 344.0'
ARGEVT Joe Rogan lift
ARGLOG Romero t  26.0 pos '2564.5   1.5 -64.0' spd 295.9 yaw 352 mode 2 st 2 gl 0 hp 100 frg 0
ARGLOG Carmack t  26.0 pos '2640.0 -59.0 120.0' spd   5.7 yaw 214 mode 2 st 0 gl 1 hp 37 frg 1
ARGLOG Joe Rogan t  26.2 pos '2502.0 -992.0  16.0' spd  57.2 yaw 124 mode 2 st 2 gl 0 hp 100 frg 0
ARGEVT Joe Rogan hazard
ARGEVT Joe Rogan stall
ARGEVT Joe Rogan stallnode '2521.0 -895.0 120.0'
ARGEVT Joe Rogan jump
ARGEVT Carmack stall
ARGEVT Carmack stallnode '2905.0 -47.0 -72.0'
ARGEVT Carmack jump
ARGEVT Carmack route 7 start '2585.0   1.0 120.0' goal '1465.0 -703.0 184.0'
ARGLOG Romero t  26.5 pos '2662.8 -78.2 -72.0' spd 320.7 yaw 213 mode 2 st 2 gl 0 hp 100 frg 0
ARGLOG Carmack t  26.5 pos '2640.0 -61.4 157.7' spd  32.8 yaw 279.8 mode 2 st 1 gl 1 hp 37 frg 1
ARGLOG Joe Rogan t  26.7 pos '2517.7 -1001.5  26.5' spd  43.1 yaw 276.6 mode 0 st 3 gl 0 hp 100 frg 0
ARGLOG Romero t  27.0 pos '2688.0 -68.1 -72.0' spd  14.5 yaw 213 mode 2 st 2 gl 0 hp 100 frg 0
ARGLOG Carmack t  27.0 pos '2613.5 -64.2 120.0' spd 299.2 yaw 114.0 mode 2 st 1 gl 1 hp 37 frg 1
ARGEVT Romero abandon
ARGLOG Joe Rogan t  27.2 pos '2540.6 -1142.3  24.0' spd 320.0 yaw 276.6 mode 0 st 3 gl 0 hp 100 frg 0
ARGEVT Romero goal item_health
ARGEVT Romero route 5 start '2649.0 -63.0 -72.0' goal '2073.0 -991.0 344.0'
ARGEVT Romero abandon
ARGLOG Romero t  27.6 pos '2688.0 -65.7 -72.0' spd   8.7 yaw 3 mode 0 st 2 gl 0 hp 100 frg 0
ARGLOG Carmack t  27.6 pos '2640.0  13.3 120.0' spd  45.3 yaw 348 mode 2 st 1 gl 1 hp 37 frg 1
ARGEVT Romero hazard
ARGEVT Romero goal item_health
ARGLOG Joe Rogan t  27.7 pos '2544.6 -1308.0  24.0' spd 321.3 yaw 276.6 mode 0 st 3 gl 0 hp 100 frg 0
ARGEVT Romero routefail
ARGEVT Joe Rogan goal item_rockets
ARGEVT Romero goal weapon_supershotgun
ARGEVT Carmack hazard
ARGEVT Joe Rogan routefail
ARGEVT Joe Rogan goal item_rockets
ARGLOG Romero t  28.1 pos '2688.0 -72.2 -72.0' spd   5.8 yaw   2.0 mode 0 st 2 gl 0 hp 100 frg 0
ARGLOG Carmack t  28.1 pos '2635.4 -129.3 120.0' spd 251.2 yaw 212 mode 2 st 1 gl 1 hp 37 frg 1
ARGEVT Joe Rogan route 16 start '2585.0 -1375.0  24.0' goal '1465.0 -703.0 184.0'
ARGLOG Joe Rogan t  28.2 pos '2504.0 -1470.2  24.0' spd 386.6 yaw 98 mode 2 st 3 gl 0 hp 100 frg 0
ARGEVT Romero routefail
ARGEVT Romero goal item_health
ARGEVT Romero route 1 start '2649.0 -63.0 -72.0' goal '2649.0 193.0 -72.0'
ARGLOG Romero t  28.6 pos '2688.0 -69.3 -72.0' spd   5.8 yaw  51.6 mode 2 st 2 gl 0 hp 100 frg 0
ARGLOG Carmack t  28.6 pos '2636.5 -171.3 120.0' spd 247.5 yaw 211 mode 2 st 1 gl 1 hp 37 frg 1
ARGLOG Joe Rogan t  28.7 pos '2385.1 -1362.4  24.0' spd 395.0 yaw 71 mode 2 st 3 gl 0 hp 100 frg 0
ARGLOG Romero t  29.1 pos '2674.8  16.0 -72.0' spd  60.8 yaw 98 mode 2 st 2 gl 0 hp 100 frg 0
ARGLOG Carmack t  29.1 pos '2640.0 -46.3 120.0' spd 117.2 yaw 214 mode 2 st 1 gl 1 hp 37 frg 1
ARGLOG Joe Rogan t  29.3 pos '2482.1 -1223.6  24.0' spd 341.8 yaw 83 mode 2 st 3 gl 0 hp 100 frg 0
ARGLOG Romero t  29.6 pos '2640.0 169.4 -72.0' spd 320.8 yaw 112 mode 1 st 2 gl 0 hp 100 frg 0
ARGLOG Carmack t  29.6 pos '2640.0 -36.3 120.0' spd   5.8 yaw 215 mode 2 st 1 gl 1 hp 37 frg 1
ARGLOG Joe Rogan t  29.8 pos '2480.6 -1056.2  24.0' spd 322.0 yaw 75 mode 2 st 3 gl 0 hp 100 frg 0
ARGEVT Joe Rogan lift
ARGEVT Romero goal item_health
ARGEVT Carmack stall
ARGEVT Carmack stallnode '2905.0 -47.0 -72.0'
ARGEVT Carmack jump
ARGEVT Romero route 15 start '2649.0 193.0 -72.0' goal '2521.0 -223.0 120.0'
ARGEVT Joe Rogan jump
ARGLOG Romero t  30.1 pos '2541.2 304.8 -72.0' spd 396.0 yaw 287 mode 2 st 2 gl 1 hp 100 frg 0
ARGLOG Carmack t  30.1 pos '2640.0 -43.7 157.8' spd  33.8 yaw 276.4 mode 0 st 2 gl 1 hp 37 frg 1
ARGEVT Carmack route 7 start '2585.0   1.0 120.0' goal '1465.0 -703.0 184.0'
ARGLOG Joe Rogan t  30.3 pos '2471.1 -912.0 100.8' spd  31.5 yaw 133 mode 2 st 3 gl 0 hp 100 frg 0
ARGEVT Romero hazard
ARGEVT Joe Rogan abandon
ARGLOG Romero t  30.7 pos '2549.7 241.6 -72.0' spd 326.4 yaw 321 mode 2 st 2 gl 1 hp 100 frg 0
ARGLOG Carmack t  30.7 pos '2614.1 -46.0 120.0' spd 296.7 yaw 121 mode 2 st 2 gl 1 hp 37 frg 1
ARGEVT Joe Rogan goal weapon_supershotgun
ARGLOG Joe Rogan t  30.8 pos '2495.5 -976.2 120.0' spd 327.3 yaw 281 mode 0 st 3 gl 0 hp 100 frg 0
ARGEVT Joe Rogan routefail
ARGEVT Joe Rogan goal item_health
ARGEVT Joe Rogan route 3 start '2521.0 -895.0 120.0' goal '2457.0 -1311.0  24.0'
ARGLOG Romero t  31.2 pos '2651.4 105.0 -72.0' spd 327.6 yaw 330 mode 2 st 2 gl 1 hp 100 frg 0
ARGLOG Carmack t  31.2 pos '2640.0  12.9 120.0' spd  49.8 yaw 348 mode 2 st 2 gl 1 hp 37 frg 1
ARGLOG Joe Rogan t  31.3 pos '2498.9 -1159.6  60.8' spd 322.6 yaw 103 mode 2 st 3 gl 0 hp 100 frg 0
ARGEVT Joe Rogan hazard
ARGEVT Carmack hazard
ARGEVT Romero abandon
ARGLOG Romero t  31.7 pos '2637.2 -44.2 -72.0' spd 319.5 yaw 190.5 mode 0 st 2 gl 1 hp 100 frg 0
ARGLOG Carmack t  31.7 pos '2637.6 -129.5 120.0' spd 190.9 yaw 212 mode 2 st 2 gl 1 hp 37 frg 1
ARGEVT Romero goal weapon_nailgun
ARGLOG Joe Rogan t  31.8 pos '2487.7 -1077.3  24.0' spd 398.6 yaw 202.3 mode 1 st 3 gl 0 hp 100 frg 0
ARGEVT Romero route 12 start '2649.0 -63.0 -72.0' goal '2521.0 -191.0  32.0'
ARGEVT Romero hazard
ARGLOG Romero t  32.2 pos '2486.8 -80.0 -72.0' spd 228.1 yaw 4 mode 2 st 2 gl 1 hp 100 frg 0
ARGLOG Carmack t  32.2 pos '2636.1 -175.3 120.0' spd 249.2 yaw 210 mode 2 st 2 gl 1 hp 37 frg 1
ARGLOG Joe Rogan t  32.4 pos '2448.0 -1193.6  24.0' spd 328.2 yaw 251 mode 1 st 3 gl 0 hp 100 frg 0
ARGLOG Romero t  32.7 pos '2589.3 -73.3 -64.0' spd 320.3 yaw 4 mode 2 st 2 gl 1 hp 100 frg 0
ARGLOG Carmack t  32.7 pos '2640.0 -47.0 120.0' spd 125.7 yaw 214 mode 2 st 2 gl 1 hp 37 frg 1
ARGEVT Romero abandon
ARGEVT Romero goal item_rockets
ARGEVT Romero route 2 start '2649.0 -63.0 -72.0' goal '2233.0 -31.0 -136.0'
ARGLOG Joe Rogan t  32.9 pos '2396.6 -1356.2  24.0' spd 414.3 yaw 151.5 mode 1 st 3 gl 0 hp 100 frg 0
ARGEVT Joe Rogan hazard
ARGEVT Joe Rogan goal item_rockets
ARGLOG Romero t  33.2 pos '2499.0 -24.4 -64.0' spd 325.5 yaw 182 mode 2 st 2 gl 1 hp 100 frg 0
ARGLOG Carmack t  33.2 pos '2640.0 -35.3 120.0' spd   5.8 yaw 215 mode 2 st 2 gl 1 hp 37 frg 1
ARGLOG Joe Rogan t  33.4 pos '2429.7 -1297.4  24.0' spd 301.7 yaw  52.0 mode 0 st 3 gl 1 hp 100 frg 0
ARGEVT Joe Rogan route 14 start '2457.0 -1311.0  24.0' goal '2233.0 -31.0 -136.0'
ARGEVT Carmack stall
ARGEVT Carmack stallnode '2905.0 -47.0 -72.0'
ARGEVT Carmack jump
ARGEVT Carmack route 7 start '2585.0   1.0 120.0' goal '1465.0 -703.0 184.0'
ARGLOG Romero t  33.8 pos '2333.0 -38.4 -104.0' spd 327.9 yaw 215 mode 1 st 2 gl 1 hp 100 frg 0
ARGLOG Carmack t  33.8 pos '2640.0 -42.8 157.8' spd  33.9 yaw 275.1 mode 2 st 3 gl 1 hp 37 frg 1
ARGLOG Joe Rogan t  33.9 pos '2505.4 -1151.7  24.0' spd 330.1 yaw  61.9 mode 2 st 3 gl 1 hp 100 frg 0
ARGEVT Joe Rogan goal item_health
ARGEVT Joe Rogan route 1 start '2457.0 -1151.0  24.0' goal '2457.0 -1311.0  24.0'
ARGEVT Romero goal item_health
ARGEVT Romero route 16 start '2233.0 -31.0 -136.0' goal '2521.0 -223.0 120.0'
ARGLOG Romero t  34.3 pos '2249.6 -180.8 -136.0' spd 400.9 yaw 46 mode 2 st 2 gl 2 hp 100 frg 0
ARGLOG Carmack t  34.3 pos '2614.1 -44.8 120.0' spd 296.6 yaw 122 mode 2 st 3 gl 1 hp 37 frg 1
ARGEVT Joe Rogan hazard
ARGEVT Romero hazard
ARGLOG Joe Rogan t  34.4 pos '2479.4 -939.6  55.3' spd 410.3 yaw 211.1 mode 0 st 3 gl 1 hp 100 frg 0
ARGEVT Joe Rogan route 2 start '2457.0 -991.0  24.0' goal '2457.0 -1311.0  24.0'
ARGEVT Romero jump
ARGLOG Romero t  34.8 pos '2284.0 -72.7 -124.1' spd 332.7 yaw 1 mode 2 st 2 gl 2 hp 100 frg 0
ARGLOG Carmack t  34.8 pos '2640.0  12.9 120.0' spd  48.3 yaw 348 mode 2 st 3 gl 1 hp 37 frg 1
ARGLOG Joe Rogan t  34.9 pos '2449.8 -1117.0  80.0' spd 320.8 yaw 273 mode 2 st 3 gl 1 hp 100 frg 0
ARGEVT Carmack hazard
ARGEVT Romero route 16 start '2233.0 -31.0 -136.0' goal '2521.0 -223.0 120.0'
ARGLOG Romero t  35.3 pos '2287.5  16.0 -123.2' spd  49.6 yaw 319 mode 0 st 2 gl 2 hp 100 frg 0
ARGLOG Carmack t  35.3 pos '2637.4 -129.1 120.0' spd 191.8 yaw 212 mode 2 st 3 gl 1 hp 37 frg 1
ARGLOG Joe Rogan t  35.5 pos '2454.1 -1281.6  24.0' spd 326.8 yaw 241.4 mode 1 st 3 gl 1 hp 100 frg 0
ARGEVT Romero route 16 start '2233.0 -31.0 -136.0' goal '2521.0 -223.0 120.0'
ARGEVT Joe Rogan hazard
ARGLOG Romero t  35.8 pos '2385.3 -62.9 -72.0' spd 351.6 yaw 1 mode 2 st 2 gl 2 hp 100 frg 0
ARGLOG Carmack t  35.8 pos '2636.8 -150.0 120.0' spd 339.7 yaw 211 mode 2 st 3 gl 1 hp 37 frg 1
ARGLOG Joe Rogan t  36.0 pos '2352.0 -1377.4  24.0' spd 117.1 yaw 83 mode 1 st 3 gl 1 hp 100 frg 0
ARGEVT Joe Rogan goal item_health
ARGLOG Romero t  36.3 pos '2551.3 -76.2 -64.0' spd 320.3 yaw 4 mode 2 st 2 gl 2 hp 100 frg 0
ARGLOG Carmack t  36.3 pos '2640.0 -40.9 120.0' spd  87.6 yaw 214 mode 2 st 3 gl 1 hp 37 frg 1
ARGEVT Joe Rogan route 10 start '2457.0 -1311.0  24.0' goal '2041.0 -559.0 104.0'
ARGLOG Joe Rogan t  36.5 pos '2449.9 -1288.1  24.0' spd 389.6 yaw 88 mode 2 st 3 gl 2 hp 100 frg 0
ARGLOG Romero t  36.9 pos '2715.9 -61.5 -72.0' spd 320.0 yaw 212 mode 2 st 2 gl 2 hp 100 frg 0
ARGLOG Carmack t  36.9 pos '2640.0 -37.1 120.0' spd   5.8 yaw 214 mode 2 st 3 gl 1 hp 37 frg 1
ARGLOG Joe Rogan t  37.0 pos '2503.3 -1118.8  24.0' spd 328.3 yaw 85 mode 2 st 3 gl 2 hp 100 frg 0
ARGEVT Carmack stall
ARGEVT Carmack stallnode '2905.0 -47.0 -72.0'
ARGEVT Carmack jump
ARGEVT Carmack route 7 start '2585.0   1.0 120.0' goal '1465.0 -703.0 184.0'
ARGEVT Joe Rogan lift
ARGEVT Joe Rogan hazard
ARGLOG Romero t  37.4 pos '1311.2 -1024.0 356.5' spd 300 yaw 33 mode 0 st 2 gl 2 hp 100 frg 0
ARGLOG Carmack t  37.4 pos '2640.0 -43.6 157.7' spd  31.5 yaw  16.3 mode 2 st 4 gl 1 hp 37 frg 1
ARGEVT Romero route 12 start '1273.0 -959.0 344.0' goal '2521.0 -223.0 120.0'
ARGLOG Joe Rogan t  37.5 pos '2522.2 -992.0  16.0' spd 303.9 yaw 128 mode 2 st 3 gl 2 hp 100 frg 0
ARGEVT Romero hazard
ARGEVT Carmack stall
ARGEVT Carmack stallnode '2585.0   1.0 120.0'
ARGEVT Carmack jump
ARGLOG Romero t  37.9 pos '1401.3 -912.0 344.0' spd 262.5 yaw 107 mode 2 st 2 gl 2 hp 100 frg 0
ARGLOG Carmack t  37.9 pos '2625.2 -23.7 131.9' spd 177.0 yaw 349.8 mode 0 st 5 gl 1 hp 37 frg 1
ARGLOG Joe Rogan t  38.0 pos '2500.2 -992.0  16.0' spd  60.6 yaw 123 mode 2 st 3 gl 2 hp 100 frg 0
ARGEVT Joe Rogan hazard
ARGLOG Romero t  38.4 pos '1316.2 -778.0 344.0' spd 327.3 yaw 99 mode 2 st 2 gl 2 hp 100 frg 0
ARGLOG Carmack t  38.4 pos '2640.0  14.5 132.4' spd  60.6 yaw 349.8 mode 0 st 5 gl 1 hp 37 frg 1
ARGLOG Joe Rogan t  38.6 pos '2499.5 -992.0  16.0' spd  39.7 yaw 123 mode 2 st 3 gl 2 hp 100 frg 0
ARGLOG Romero t  38.9 pos '1294.5 -596.4 312.1' spd 320.2 yaw 14 mode 2 st 2 gl 2 hp 100 frg 0
ARGLOG Carmack t  38.9 pos '2640.0  -9.0 120.0' spd  89.9 yaw 349.8 mode 0 st 5 gl 1 hp 37 frg 1
ARGLOG Joe Rogan t  39.1 pos '2496.2 -992.0  16.0' spd  86.2 yaw 122 mode 2 st 3 gl 2 hp 100 frg 0
ARGEVT Joe Rogan stall
ARGEVT Joe Rogan stallnode '2521.0 -895.0 120.0'
ARGEVT Joe Rogan jump
ARGEVT Carmack goal item_health
ARGLOG Romero t  39.4 pos '1317.4 -441.3 184.0' spd 404.5 yaw 342 mode 2 st 2 gl 2 hp 100 frg 0
ARGLOG Carmack t  39.4 pos '2639.1 -17.1 120.0' spd 327.4 yaw 122.5 mode 1 st 5 gl 1 hp 37 frg 1
ARGEVT Joe Rogan route 8 start '2457.0 -991.0  24.0' goal '2041.0 -559.0 104.0'
ARGEVT Joe Rogan lift
ARGEVT Romero hazard
ARGLOG Joe Rogan t  39.6 pos '2468.0 -992.0  41.5' spd  89.7 yaw 114 mode 2 st 4 gl 2 hp 100 frg 0
ARGEVT Joe Rogan hazard
ARGLOG Romero t  39.9 pos '1377.9 -397.9 184.0' spd 215.2 yaw 333 mode 2 st 2 gl 2 hp 100 frg 0
ARGLOG Carmack t  39.9 pos '2504.6 -31.5 120.0' spd 396.7 yaw 283 mode 1 st 5 gl 1 hp 37 frg 1
ARGEVT Carmack hazard
ARGLOG Joe Rogan t  40.1 pos '2448.0 -992.0  16.0' spd 0 yaw 108 mode 2 st 4 gl 2 hp 100 frg 0
ARGLOG Romero t  40.5 pos '1520.5 -400.0 184.0' spd 290.5 yaw 319 mode 2 st 2 gl 2 hp 100 frg 0
ARGLOG Carmack t  40.5 pos '2599.2 -166.4 120.0' spd 416.8 yaw 218 mode 1 st 5 gl 1 hp 52 frg 1
ARGLOG Joe Rogan t  40.6 pos '2448.0 -992.0  16.0' spd 0 yaw 108 mode 2 st 4 gl 2 hp 100 frg 0
ARGEVT Carmack goal item_armorInv
ARGEVT Romero goal item_armorInv
ARGEVT Carmack routefail
ARGEVT Joe Rogan stall
ARGEVT Joe Rogan stallnode '2521.0 -895.0 120.0'
ARGEVT Joe Rogan jump
ARGEVT Romero hazard
ARGEVT Carmack goal item_armorInv
ARGEVT Joe Rogan route 8 start '2457.0 -991.0  24.0' goal '2041.0 -559.0 104.0'
ARGEVT Joe Rogan lift
ARGLOG Romero t  41.0 pos '1492.2 -337.9 184.0' spd  91.8 yaw  22.9 mode 0 st 2 gl 2 hp 100 frg 0
ARGLOG Carmack t  41.0 pos '2560.0 -333.5 120.0' spd 320.1 yaw 268 mode 0 st 5 gl 2 hp 77 frg 1
ARGLOG Joe Rogan t  41.1 pos '2454.3 -992.0  26.5' spd  36.9 yaw 110 mode 2 st 5 gl 2 hp 100 frg 0
ARGEVT Carmack routefail
ARGEVT Joe Rogan hazard
ARGEVT Carmack goal item_health
ARGEVT Carmack route 4 start '2553.0 -351.0 147.0' goal '2041.0 -559.0 104.0'
ARGEVT Romero routefail
ARGEVT Joe Rogan stall
ARGEVT Joe Rogan stallnode '2521.0 -895.0 120.0'
ARGEVT Joe Rogan jump
ARGEVT Romero goal item_armorInv
ARGLOG Romero t  41.5 pos '1640.4 -365.3 184.0' spd 320.5 yaw 323.7 mode 0 st 2 gl 2 hp 100 frg 0
ARGLOG Carmack t  41.5 pos '2554.7 -502.4 142.2' spd 333.2 yaw 146 mode 2 st 5 gl 2 hp 77 frg 1
ARGEVT Romero routefail
ARGLOG Joe Rogan t  41.7 pos '2450.1 -996.2  48.0' spd 30 yaw 296.9 mode 0 st 6 gl 2 hp 100 frg 0
ARGEVT Romero goal item_health
ARGEVT Romero routefail
ARGEVT Romero goal item_health
ARGEVT Romero routefail
ARGLOG Romero t  42.0 pos '1803.5 -400.0 184.0' spd 366.3 yaw 296 mode 0 st 2 gl 2 hp 100 frg 0
ARGLOG Carmack t  42.0 pos '2547.9 -419.6 160.3' spd 326.2 yaw 162 mode 2 st 5 gl 2 hp 77 frg 1
ARGEVT Romero trapped
ARGEVT Romero death Romero pos '1839.5 -418.3 184.0'
ARGLOG Joe Rogan t  42.2 pos '2487.3 -1069.2  24.0' spd 320 yaw 296.9 mode 0 st 6 gl 2 hp 100 frg 0
ARGLOG Carmack t  42.5 pos '2557.0 -306.0 136.0' spd 0 yaw 165 mode 2 st 5 gl 2 hp 77 frg 1
ARGLOG Joe Rogan t  42.7 pos '2522.5 -1170.7  24.0' spd 253.3 yaw 136.7 mode 0 st 6 gl 2 hp 100 frg 0
ARGEVT Joe Rogan hazard
ARGEVT Joe Rogan goal item_armorInv
ARGLOG Carmack t  43.0 pos '2555.0 -335.1 141.5' spd  70.1 yaw 160 mode 2 st 5 gl 2 hp 77 frg 1
ARGEVT Joe Rogan routefail
ARGEVT Joe Rogan goal 
ARGLOG Joe Rogan t  43.2 pos '2464.4 -1161.4  24.0' spd 320.7 yaw 255.4 mode 0 st 6 gl 2 hp 100 frg 0
ARGEVT Joe Rogan route 18 start '2457.0 -1151.0  24.0' goal '1785.0 -383.0 184.0'
ARGLOG Carmack t  43.6 pos '2553.8 -365.8 144.5' spd  58.0 yaw 156 mode 2 st 5 gl 2 hp 77 frg 1
ARGEVT Romero respawn
ARGEVT Joe Rogan engage Romero
ARGEVT Joe Rogan weapon sg
ARGLOG Joe Rogan t  43.7 pos '2448.0 -1266.3  24.0' spd 153.8 yaw  41.6 mode 2 st 6 gl 2 hp 100 frg 0
ARGEVT Romero goal item_armor2
ARGEVT Romero engage Joe Rogan
ARGLOG Romero t  43.7 pos '2576.0 -1328.0  24.0' spd 0 yaw 232.5 mode 0 st 2 gl 2 hp 100 frg -1
ARGEVT Romero route 20 start '2585.0 -1375.0  24.0' goal '2009.0 -991.0  32.0'
ARGLOG Carmack t  44.1 pos '2556.0 -363.2 138.8' spd  12.6 yaw 156 mode 2 st 5 gl 2 hp 77 frg 1
ARGEVT Joe Rogan weapon rl
ARGLOG Joe Rogan t  44.2 pos '2369.0 -1382.5  24.0' spd 398.3 yaw 324.4 mode 0 st 6 gl 2 hp 76 frg 0
ARGLOG Romero t  44.2 pos '2540.8 -1441.4  24.0' spd 327.6 yaw 163.9 mode 2 st 2 gl 2 hp 76 frg -1
ARGEVT Carmack stall
ARGEVT Carmack stallnode '2329.0 -351.0   8.0'
ARGEVT Joe Rogan route 20 start '2361.0 -1407.0  24.0' goal '1785.0 -383.0 184.0'
ARGEVT Joe Rogan weapon sg
ARGLOG Carmack t  44.6 pos '2556.1 -368.2 138.4' spd  60.9 yaw 193 mode 0 st 6 gl 2 hp 77 frg 1
ARGEVT Romero route 20 start '2489.0 -1471.0  24.0' goal '2009.0 -991.0  32.0'
ARGLOG Joe Rogan t  44.8 pos '2352.0 -1542.5  24.0' spd 321.9 yaw 341.4 mode 2 st 6 gl 2 hp 52 frg 0
ARGLOG Romero t  44.8 pos '2496.0 -1606.5  24.0' spd 335.5 yaw 156.2 mode 2 st 2 gl 2 hp 52 frg -1
ARGEVT Carmack route 4 start '2553.0 -351.0 147.0' goal '2041.0 -559.0 104.0'
ARGLOG Carmack t  45.1 pos '2552.3 -408.2 148.5' spd  48.4 yaw 149 mode 2 st 6 gl 2 hp 77 frg 1
ARGLOG Joe Rogan t  45.3 pos '2344.6 -1694.5  24.0' spd 338.6 yaw 336.9 mode 0 st 6 gl 2 hp 28 frg 0
ARGLOG Romero t  45.3 pos '2488.8 -1769.9  24.0' spd 385.3 yaw 158.9 mode 2 st 2 gl 2 hp 28 frg -1
ARGEVT Joe Rogan route 22 start '2329.0 -1727.0  24.0' goal '1785.0 -383.0 184.0'
ARGEVT Joe Rogan weapon rl
ARGLOG Carmack t  45.6 pos '2549.3 -384.4 156.6' spd  97.8 yaw 152 mode 2 st 6 gl 2 hp 77 frg 1
ARGEVT Romero route 22 start '2457.0 -1791.0  24.0' goal '2009.0 -991.0  32.0'
ARGEVT Romero death Joe Rogan pos '2391.1 -1904.0  24.0'
ARGLOG Joe Rogan t  45.8 pos '2417.7 -1672.7  24.0' spd 424.2 yaw 336.7 mode 2 st 6 gl 2 hp 4 frg 1
ARGEVT Joe Rogan goal item_artifact_super_damage
ARGEVT Joe Rogan routefail
ARGEVT Joe Rogan goal item_health
ARGLOG Carmack t  46.1 pos '2549.0 -337.0 157.5' spd  58.0 yaw 160 mode 2 st 6 gl 2 hp 77 frg 1
ARGEVT Joe Rogan routefail
ARGEVT Joe Rogan goal item_health
ARGLOG Joe Rogan t  46.3 pos '2530.1 -1798.6  24.0' spd 373.3 yaw 223 mode 0 st 6 gl 2 hp 4 frg 1
ARGEVT Joe Rogan routefail
ARGEVT Joe Rogan goal item_health
ARGEVT Joe Rogan route 13 start '2553.0 -1887.0  24.0' goal '1913.0 -63.0  24.0'
ARGLOG Carmack t  46.7 pos '2556.0 -326.4 138.7' spd  22.3 yaw 162 mode 2 st 6 gl 2 hp 77 frg 1
ARGLOG Joe Rogan t  46.8 pos '2386.6 -1875.9  24.0' spd 418.0 yaw 75 mode 2 st 6 gl 2 hp 4 frg 1
ARGLOG Carmack t  47.2 pos '2556.1 -342.4 138.5' spd  35.7 yaw 159 mode 2 st 6 gl 2 hp 77 frg 1
ARGEVT Romero respawn
ARGLOG Joe Rogan t  47.3 pos '2458.9 -1737.0  24.0' spd 438.3 yaw 290 mode 2 st 6 gl 2 hp 4 frg 1
ARGEVT Romero goal item_armor2
ARGLOG Romero t  47.3 pos '2704.0 -2048.0 128.0' spd 0 yaw 253.4 mode 0 st 2 gl 2 hp 100 frg -1
ARGEVT Romero route 31 start '2713.0 -2111.0 120.0' goal '2009.0 -991.0  32.0'
ARGLOG Carmack t  47.7 pos '2556.4 -350.1 137.8' spd   9.4 yaw 158 mode 2 st 6 gl 2 hp 77 frg 1
ARGEVT Joe Rogan route 13 start '2553.0 -1887.0  24.0' goal '1913.0 -63.0  24.0'
ARGLOG Joe Rogan t  47.8 pos '2456.3 -1904.0  24.0' spd 367.6 yaw 85 mode 2 st 6 gl 2 hp 4 frg 1
ARGLOG Romero t  47.8 pos '2679.0 -2195.6 120.0' spd 321.8 yaw 267.4 mode 2 st 2 gl 2 hp 100 frg -1
ARGEVT Carmack stall
ARGEVT Carmack stallnode '2329.0 -351.0   8.0'
ARGEVT Carmack route 4 start '2553.0 -351.0 147.0' goal '2041.0 -559.0 104.0'
ARGLOG Carmack t  48.2 pos '2556.6 -363.1 137.2' spd  62.7 yaw 156 mode 2 st 7 gl 2 hp 77 frg 1
ARGLOG Joe Rogan t  48.4 pos '2400.8 -1758.2  24.0' spd 430.5 yaw 346.6 mode 2 st 6 gl 2 hp 4 frg 1
ARGLOG Romero t  48.4 pos '2562.9 -2300.6 120.0' spd 425.2 yaw 109 mode 2 st 2 gl 2 hp 100 frg -1
ARGEVT Romero hazard
ARGLOG Carmack t  48.7 pos '2556.0 -364.0 138.6' spd  16.9 yaw 156 mode 2 st 7 gl 2 hp 77 frg 1
ARGLOG Joe Rogan t  48.9 pos '2512.5 -1869.1  24.0' spd 439.3 yaw 93 mode 2 st 6 gl 2 hp 4 frg 1
ARGLOG Romero t  48.9 pos '2402.1 -2253.1 120.0' spd 324.8 yaw 223 mode 2 st 2 gl 2 hp 100 frg -1
ARGLOG Carmack t  49.2 pos '2556.0 -358.7 138.7' spd  15.3 yaw 157 mode 2 st 7 gl 2 hp 77 frg 1
ARGLOG Joe Rogan t  49.4 pos '2369.3 -1793.9  24.0' spd 391.4 yaw 69 mode 2 st 6 gl 2 hp 4 frg 1
ARGLOG Romero t  49.4 pos '2381.2 -2352.0 120.0' spd  30.9 yaw 211 mode 2 st 2 gl 2 hp 100 frg -1
ARGEVT Carmack stall
ARGEVT Carmack stallnode '2329.0 -351.0   8.0'
ARGEVT Carmack jump
ARGEVT Carmack route 4 start '2553.0 -351.0 147.0' goal '2041.0 -559.0 104.0'
ARGLOG Carmack t  49.8 pos '2547.7 -359.6 173.9' spd  31.3 yaw 156 mode 2 st 8 gl 2 hp 77 frg 1
ARGLOG Joe Rogan t  49.9 pos '2440.5 -1635.8  24.0' spd 323.2 yaw 87 mode 2 st 6 gl 2 hp 4 frg 1
ARGLOG Romero t  49.9 pos '2372.9 -2352.0 120.0' spd  14.5 yaw 212 mode 2 st 2 gl 2 hp 100 frg -1
ARGEVT Romero stall
ARGEVT Romero stallnode '2361.0 -2495.0 136.0'
ARGEVT Romero jump
ARGEVT Carmack stall
ARGEVT Carmack stallnode '2329.0 -351.0   8.0'
ARGEVT Carmack jump
ARGLOG Carmack t  50.3 pos '2560.0 -358.9 165.1' spd 30 yaw  13.1 mode 0 st 9 gl 2 hp 77 frg 1
ARGEVT Romero route 28 start '2361.0 -2335.0 120.0' goal '2009.0 -991.0  32.0'
ARGLOG Joe Rogan t  50.4 pos '2479.3 -1474.1  24.0' spd 322.5 yaw 93 mode 2 st 6 gl 2 hp 4 frg 1
ARGLOG Romero t  50.4 pos '2379.4 -2352.0 154.8' spd  32.4 yaw 211 mode 2 st 3 gl 2 hp 100 frg -1
ARGLOG Carmack t  50.8 pos '2575.1 -355.4 122.9' spd 30 yaw  13.1 mode 0 st 9 gl 2 hp 77 frg 1
ARGLOG Joe Rogan t  51.0 pos '2469.7 -1308.0  24.0' spd 320.0 yaw 92 mode 2 st 6 gl 2 hp 4 frg 1
ARGLOG Romero t  51.0 pos '2383.1 -2430.4 136.0' spd 326.5 yaw 195 mode 2 st 3 gl 2 hp 100 frg -1
ARGLOG Carmack t  51.3 pos '2622.3 -429.3 120.0' spd 326.3 yaw 246.2 mode 0 st 9 gl 2 hp 77 frg 1
ARGLOG Joe Rogan t  51.5 pos '2462.8 -1143.4  24.0' spd 320.0 yaw 76 mode 2 st 6 gl 2 hp 4 frg 1
ARGLOG Romero t  51.5 pos '2295.4 -2507.0 168.0' spd 320 yaw 132 mode 2 st 3 gl 2 hp 100 frg -1
ARGEVT Carmack goal weapon_rocketlauncher
ARGEVT Carmack route 7 start '2553.0 -511.0 147.0' goal '2489.0 -1631.0  24.0'
ARGEVT Joe Rogan lift
ARGLOG Carmack t  51.8 pos '2576.0 -588.8 120.0' spd 323.8 yaw 260 mode 2 st 9 gl 2 hp 77 frg 1
ARGLOG Joe Rogan t  52.0 pos '2476.8 -923.5  55.3' spd 351.7 yaw 132 mode 2 st 6 gl 2 hp 4 frg 1
ARGLOG Romero t  52.0 pos '2129.1 -2481.2 200.0' spd 361.3 yaw 88 mode 2 st 3 gl 2 hp 100 frg -1
ARGEVT Romero hazard
ARGEVT Joe Rogan engage Carmack
ARGEVT Joe Rogan jump
ARGEVT Carmack engage Joe Rogan
ARGLOG Carmack t  52.3 pos '2627.7 -745.3 120.0' spd 323.2 yaw 238.3 mode 2 st 9 gl 2 hp 77 frg 1
ARGLOG Joe Rogan t  52.5 pos '2507.9 -912.0 121.2' spd  58.2 yaw  68.4 mode 2 st 6 gl 2 hp 4 frg 1
ARGLOG Romero t  52.5 pos '2153.4 -2293.1 187.4' spd 323.2 yaw 92 mode 2 st 3 gl 2 hp 100 frg -1
ARGEVT Joe Rogan weapon sg
ARGEVT Joe Rogan death Joe Rogan pos '2515.3 -905.4 120.0'
ARGEVT Carmack death Joe Rogan pos '2599.9 -761.0 120.0'
ARGLOG Romero t  53.0 pos '2132.7 -2126.7  88.0' spd 321.1 yaw 46 mode 2 st 3 gl 2 hp 100 frg -1
ARGLOG Romero t  53.5 pos '2135.0 -1961.8  56.0' spd 320.0 yaw 60 mode 2 st 3 gl 2 hp 100 frg -1
ARGLOG Romero t  54.1 pos '2264.4 -1853.9  24.0' spd 343.1 yaw 71 mode 2 st 3 gl 2 hp 100 frg -1
ARGEVT Joe Rogan respawn
ARGEVT Carmack respawn
ARGEVT Joe Rogan goal weapon_rocketlauncher
ARGLOG Joe Rogan t  54.2 pos '1712.0 -504.0  24.0' spd 0 yaw 253.4 mode 0 st 6 gl 2 hp 100 frg 1
ARGEVT Carmack goal weapon_rocketlauncher
ARGLOG Carmack t  54.2 pos '2048.0 -1352.0 136.0' spd 0 yaw 163.4 mode 0 st 9 gl 2 hp 100 frg 1
ARGEVT Joe Rogan route 14 start '1721.0 -575.0  24.0' goal '1465.0 -703.0 184.0'
ARGEVT Carmack routefail
ARGLOG Romero t  54.6 pos '2437.9 -1852.7  24.0' spd 388.9 yaw 99 mode 2 st 3 gl 2 hp 100 frg -1
ARGEVT Carmack goal weapon_grenadelauncher
ARGEVT Carmack routefail
ARGLOG Joe Rogan t  54.7 pos '1738.5 -657.4  24.0' spd 414.0 yaw 18 mode 2 st 6 gl 2 hp 100 frg 1
ARGEVT Joe Rogan hazard
ARGLOG Carmack t  54.7 pos '1996.5 -1232.0 136.0' spd 247.9 yaw 31 mode 0 st 9 gl 2 hp 100 frg 1
ARGEVT Carmack goal item_health
ARGEVT Carmack routefail
ARGEVT Carmack goal item_health
ARGEVT Carmack hazard
ARGEVT Carmack routefail
ARGLOG Romero t  55.1 pos '2454.8 -1676.3  24.0' spd 332.0 yaw 109 mode 2 st 3 gl 2 hp 100 frg -1
ARGLOG Joe Rogan t  55.2 pos '1768.1 -720.0  24.0' spd 240.1 yaw 30 mode 2 st 6 gl 2 hp 100 frg 1
ARGEVT Carmack trapped
ARGEVT Carmack death Carmack pos '2096.0 -1168.0 168.0'
ARGLOG Romero t  55.6 pos '2390.2 -1523.4  24.0' spd 320.6 yaw 72 mode 2 st 3 gl 2 hp 100 frg -1
ARGLOG Joe Rogan t  55.8 pos '1749.7 -720.0  24.0' spd 113.6 yaw 28 mode 2 st 6 gl 2 hp 100 frg 1
ARGEVT Joe Rogan hazard
ARGLOG Romero t  56.1 pos '2414.5 -1357.1  24.0' spd 328.2 yaw 78 mode 2 st 3 gl 2 hp 100 frg -1
ARGLOG Joe Rogan t  56.3 pos '1744.0 -614.9  24.0' spd 352.6 yaw 10 mode 2 st 6 gl 2 hp 100 frg 1
ARGLOG Romero t  56.6 pos '2466.0 -1199.2  24.0' spd 322.2 yaw 79 mode 2 st 3 gl 2 hp 100 frg -1
ARGLOG Joe Rogan t  56.8 pos '1853.9 -519.1  56.0' spd 341.2 yaw 51 mode 2 st 6 gl 2 hp 100 frg 1
ARGEVT Carmack respawn
ARGEVT Carmack goal 
ARGLOG Carmack t  56.8 pos '2248.0 -16.0 -136.0' spd 0 yaw 343.4 mode 0 st 9 gl 2 hp 100 frg 0
ARGEVT Carmack route 9 start '2233.0 -31.0 -136.0' goal '1785.0 -383.0 184.0'
ARGEVT Romero lift
ARGLOG Romero t  57.1 pos '2465.4 -1034.1  32.0' spd 320.8 yaw 109 mode 2 st 3 gl 2 hp 100 frg -1
ARGLOG Joe Rogan t  57.3 pos '2018.0 -543.1 104.0' spd 322.3 yaw 86 mode 2 st 6 gl 2 hp 100 frg 1
ARGEVT Romero jump
ARGLOG Carmack t  57.4 pos '2397.7 -59.9 -72.0' spd 322.0 yaw 1 mode 2 st 9 gl 2 hp 100 frg 0
ARGEVT Joe Rogan hazard
ARGEVT Romero abandon
ARGEVT Romero goal 
ARGLOG Romero t  57.7 pos '2496.9 -915.0 101.6' spd  69.4 yaw 272.4 mode 1 st 3 gl 2 hp 100 frg -1
ARGLOG Joe Rogan t  57.8 pos '2058.0 -408.0 104.0' spd 321.3 yaw 93 mode 2 st 6 gl 2 hp 100 frg 1
ARGLOG Carmack t  57.9 pos '2563.2 -65.3 -64.0' spd 320.1 yaw 3 mode 2 st 9 gl 2 hp 100 frg 0
ARGEVT Carmack abandon
ARGEVT Carmack goal item_armor2
ARGLOG Romero t  58.2 pos '2448.0 -1095.3  88.1' spd  10.2 yaw 107.0 mode 1 st 3 gl 2 hp 100 frg -1
ARGEVT Carmack abandon
ARGEVT Carmack goal weapon_nailgun
ARGLOG Joe Rogan t  58.3 pos '2045.6 -242.6  40.0' spd 330.5 yaw 29 mode 2 st 6 gl 2 hp 100 frg 1
ARGEVT Carmack route 12 start '2649.0 -63.0 -72.0' goal '2521.0 -191.0  32.0'
ARGLOG Carmack t  58.4 pos '2576.3 -31.8 -64.0' spd 312.5 yaw 358 mode 2 st 9 gl 2 hp 100 frg 0
ARGEVT Carmack hazard
ARGLOG Romero t  58.7 pos '2460.3 -999.1  16.0' spd 328.0 yaw 83 mode 1 st 3 gl 2 hp 100 frg -1
ARGEVT Romero hazard
ARGLOG Joe Rogan t  58.8 pos '2148.9 -108.2  24.0' spd 331.3 yaw 8 mode 2 st 6 gl 2 hp 100 frg 1
ARGLOG Carmack t  58.9 pos '2652.5 -78.2 -72.0' spd 320.3 yaw 213 mode 2 st 9 gl 2 hp 100 frg 0
ARGLOG Romero t  59.2 pos '2489.4 -992.0  16.0' spd  17.4 yaw 96 mode 1 st 3 gl 2 hp 100 frg -1
ARGEVT Joe Rogan jump
ARGLOG Joe Rogan t  59.4 pos '2309.5 -65.3  51.9' spd 321.0 yaw 0 mode 2 st 6 gl 2 hp 100 frg 1
ARGLOG Carmack t  59.4 pos '2688.0 -67.3 -72.0' spd  14.5 yaw 213 mode 2 st 9 gl 2 hp 100 frg 0
ARGEVT Carmack abandon
ARGEVT Carmack goal 
ARGEVT Carmack hazard
ARGEVT Carmack routefail
ARGLOG Romero t  59.7 pos '2483.0 -992.0  16.0' spd   8.7 yaw 93 mode 1 st 3 gl 2 hp 100 frg -1
ARGEVT Carmack goal weapon_rocketlauncher
ARGEVT Carmack route 6 start '2649.0 -63.0 -72.0' goal '1465.0 -703.0 184.0'
ARGEVT Carmack abandon
ARGLOG Joe Rogan t  59.9 pos '2407.1 -49.4  88.0' spd 293.5 yaw 357 mode 2 st 6 gl 2 hp 100 frg 1
ARGEVT Carmack goal 
ARGLOG Carmack t  59.9 pos '2650.0 -42.9 -72.0' spd 328.2 yaw 199.8 mode 0 st 9 gl 2 hp 100 frg 0
ARGEVT Carmack routefail
ARGEVT Romero hazard
ARGEVT Romero stall
ARGEVT Romero jump
ARGEVT Carmack goal item_armor2
ARGEVT Carmack route 6 start '2649.0 -63.0 -72.0' goal '1337.0 -863.0  32.0'
ARGLOG Romero t  60.2 pos '2495.6 -992.0  37.3' spd  96.2 yaw 98 mode 0 st 4 gl 2 hp 100 frg -1
ARGEVT Romero route 1 start '2457.0 -991.0  24.0' goal '2521.0 -895.0 120.0'
ARGLOG Joe Rogan t  60.4 pos '2570.8 -64.6 120.0' spd 320.2 yaw 3 mode 2 st 6 gl 2 hp 100 frg 1
ARGLOG Carmack t  60.4 pos '2517.7 -77.4 -64.0' spd  90.3 yaw 4 mode 2 st 9 gl 2 hp 100 frg 0
ARGEVT Romero lift
ARGLOG Romero t  60.8 pos '2481.8 -992.0  16.0' spd 294.9 yaw 144.7 mode 2 st 4 gl 2 hp 100 frg -1
ARGLOG Joe Rogan t  60.9 pos '2640.0 -62.4 120.0' spd   8.7 yaw 214 mode 2 st 6 gl 2 hp 100 frg 1
ARGLOG Carmack t  61.0 pos '2667.5 -69.4 -72.0' spd 320.0 yaw 213 mode 2 st 9 gl 2 hp 100 frg 0
ARGEVT Carmack abandon
ARGEVT Carmack hazard
ARGEVT Romero hazard
ARGEVT Carmack goal weapon_supershotgun
ARGEVT Carmack routefail
ARGLOG Romero t  61.3 pos '2448.0 -992.0  16.0' spd 0 yaw 53 mode 2 st 4 gl 2 hp 100 frg -1
ARGEVT Carmack goal 
ARGEVT Carmack route 6 start '2649.0 -63.0 -72.0' goal '2009.0 -1119.0 200.0'
ARGLOG Joe Rogan t  61.4 pos '2640.0 -58.8 120.0' spd   5.8 yaw 214 mode 2 st 6 gl 2 hp 100 frg 1
ARGEVT Carmack abandon
ARGLOG Carmack t  61.5 pos '2681.1 -41.1 -72.0' spd 236.6 yaw 143.4 mode 0 st 9 gl 2 hp 100 frg 0
ARGEVT Romero stall
ARGEVT Romero stallnode '2521.0 -895.0 120.0'
ARGEVT Romero jump
ARGEVT Carmack goal item_armorInv
ARGEVT Carmack routefail
ARGLOG Romero t  61.8 pos '2450.5 -992.0  48.0' spd  21.4 yaw 79 mode 0 st 5 gl 2 hp 100 frg -1
ARGEVT Carmack goal item_health
ARGEVT Romero route 1 start '2457.0 -991.0  24.0' goal '2521.0 -895.0 120.0'
ARGEVT Romero lift
ARGEVT Joe Rogan stall
ARGEVT Joe Rogan stallnode '2905.0 -47.0 -72.0'
ARGLOG Joe Rogan t  61.9 pos '2640.0 -56.0 120.0' spd   2.9 yaw 348.9 mode 0 st 7 gl 2 hp 100 frg 1
ARGEVT Joe Rogan jump
ARGLOG Carmack t  62.0 pos '2522.7  16.0 -64.0' spd 333.3 yaw 126.7 mode 1 st 9 gl 2 hp 100 frg 0
ARGEVT Joe Rogan route 7 start '2585.0   1.0 120.0' goal '1465.0 -703.0 184.0'
ARGEVT Romero hazard
ARGLOG Romero t  62.3 pos '2482.0 -992.0  16.0' spd   0.5 yaw 68 mode 2 st 5 gl 2 hp 100 frg -1
ARGLOG Joe Rogan t  62.5 pos '2639.3 -69.5 142.2' spd  41.8 yaw 195.9 mode 2 st 7 gl 2 hp 100 frg 1
ARGLOG Carmack t  62.5 pos '2474.4  16.0 -72.0' spd 220.5 yaw 63 mode 1 st 9 gl 2 hp 100 frg 0
ARGLOG Romero t  62.8 pos '2498.9 -992.0  16.0' spd  43.1 yaw 77 mode 2 st 5 gl 2 hp 100 frg -1
ARGLOG Joe Rogan t  63.0 pos '2576.5  16.0 120.0' spd  14.5 yaw 350 mode 2 st 7 gl 2 hp 100 frg 1
ARGLOG Carmack t  63.0 pos '2496.0  16.0 -72.0' spd 0 yaw 67 mode 1 st 9 gl 2 hp 100 frg 0
ARGEVT Romero hazard
ARGLOG Romero t  63.3 pos '2502.7 -992.0  16.0' spd  52.3 yaw 79 mode 2 st 5 gl 2 hp 100 frg -1
ARGLOG Joe Rogan t  63.5 pos '2640.0 -59.1 120.0' spd 364.2 yaw 214 mode 2 st 7 gl 2 hp 100 frg 1
ARGLOG Carmack t  63.5 pos '2496.0  16.0 -72.0' spd 0 yaw 67 mode 1 st 9 gl 2 hp 100 frg 0
ARGEVT Joe Rogan hazard
ARGEVT Romero stall
ARGEVT Romero stallnode '2521.0 -895.0 120.0'
ARGEVT Romero jump
ARGLOG Romero t  63.8 pos '2506.3 -992.0  37.5' spd  31.5 yaw 103 mode 0 st 6 gl 2 hp 100 frg -1
ARGEVT Carmack stall
ARGEVT Carmack jump
ARGEVT Romero route 1 start '2457.0 -991.0  24.0' goal '2521.0 -895.0 120.0'
ARGLOG Joe Rogan t  64.0 pos '2640.0 -79.4 120.0' spd  48.6 yaw 213 mode 2 st 7 gl 2 hp 100 frg 1
ARGEVT Romero lift
ARGLOG Carmack t  64.1 pos '2499.2  16.0 -37.6' spd  30.1 yaw 67 mode 0 st 10 gl 2 hp 100 frg 0
ARGEVT Carmack route 2 start '2489.0 -31.0 -72.0' goal '2649.0 193.0 -72.0'
ARGLOG Romero t  64.4 pos '2499.2 -992.0  16.0' spd  39.5 yaw 77 mode 2 st 6 gl 2 hp 100 frg -1
ARGEVT Romero hazard
ARGEVT Romero stall
ARGEVT Romero stallnode '2521.0 -895.0 120.0'
ARGEVT Romero jump
ARGLOG Joe Rogan t  64.5 pos '2640.0 -66.6 120.0' spd  11.6 yaw 214 mode 2 st 7 gl 2 hp 100 frg 1
ARGLOG Carmack t  64.6 pos '2538.5   4.1 -64.0' spd 309.8 yaw 59 mode 2 st 10 gl 2 hp 100 frg 0
ARGEVT Joe Rogan stall
ARGEVT Joe Rogan stallnode '2905.0 -47.0 -72.0'
ARGEVT Joe Rogan jump
ARGLOG Romero t  64.9 pos '2506.9 -996.1  26.3' spd  30.9 yaw 352.2 mode 0 st 7 gl 2 hp 100 frg -1
ARGEVT Joe Rogan route 7 start '2633.0 -143.0 120.0' goal '1465.0 -703.0 184.0'
ARGLOG Joe Rogan t  65.0 pos '2640.0 -65.4 154.5' spd  28.5 yaw 297.1 mode 2 st 8 gl 2 hp 100 frg 1
ARGLOG Carmack t  65.1 pos '2687.1  16.0 -72.0' spd  16.7 yaw 102 mode 2 st 10 gl 2 hp 100 frg 0
ARGLOG Romero t  65.4 pos '2468.8 -992.0  16.0' spd  58.6 yaw  10.8 mode 0 st 7 gl 2 hp 100 frg -1
ARGLOG Joe Rogan t  65.6 pos '2639.2 -89.8 120.0' spd 178.1 yaw 264 mode 2 st 8 gl 2 hp 100 frg 1
ARGLOG Carmack t  65.6 pos '2658.3  88.9 -72.0' spd 320.9 yaw 108 mode 1 st 10 gl 2 hp 100 frg 0
ARGEVT Joe Rogan hazard
ARGLOG Romero t  65.9 pos '2497.6 -1062.4  24.0' spd 324.2 yaw 220.9 mode 0 st 7 gl 2 hp 100 frg -1
ARGEVT Romero goal item_armorInv
ARGEVT Romero route 4 start '2457.0 -1151.0  24.0' goal '2361.0 -703.0  56.0'
ARGLOG Joe Rogan t  66.1 pos '2639.5 -220.0 120.0' spd  75.0 yaw 33 mode 2 st 8 gl 2 hp 100 frg 1
ARGEVT Romero hazard
ARGEVT Carmack goal 
ARGLOG Carmack t  66.1 pos '2611.2 248.2 -72.0' spd 321.9 yaw 135.6 mode 0 st 10 gl 3 hp 100 frg 0
ARGEVT Romero lift
ARGEVT Carmack routefail
ARGLOG Romero t  66.4 pos '2448.0 -992.0  21.9' spd 0 yaw 108 mode 2 st 7 gl 2 hp 100 frg -1
ARGEVT Carmack goal item_armorInv
ARGLOG Joe Rogan t  66.6 pos '2640.0 -54.8 120.0' spd 369.9 yaw 214 mode 2 st 8 gl 2 hp 100 frg 1
ARGEVT Carmack routefail
ARGLOG Carmack t  66.6 pos '2453.8 255.2 -56.0' spd 396.8 yaw 287.3 mode 0 st 10 gl 3 hp 100 frg 0
ARGEVT Carmack hazard
ARGEVT Carmack goal item_rockets
ARGEVT Carmack route 8 start '2393.0 225.0 -24.0' goal '2233.0 -31.0 -136.0'
ARGLOG Romero t  66.9 pos '2448.0 -992.0  16.0' spd 0 yaw 108 mode 2 st 7 gl 2 hp 100 frg -1
ARGLOG Joe Rogan t  67.1 pos '2640.0  -5.6 120.0' spd  35.8 yaw 215 mode 2 st 8 gl 2 hp 100 frg 1
ARGEVT Romero hazard
ARGLOG Carmack t  67.2 pos '2392.6 229.8 -24.0' spd 293.1 yaw 200 mode 2 st 10 gl 3 hp 100 frg 0
ARGEVT Romero stall
ARGEVT Romero stallnode '2521.0 -895.0 120.0'
ARGEVT Romero jump
ARGEVT Romero route 3 start '2457.0 -991.0  24.0' goal '2361.0 -703.0  56.0'
ARGEVT Romero lift
ARGLOG Romero t  67.5 pos '2448.6 -992.0  37.5' spd  10.6 yaw 109 mode 2 st 8 gl 2 hp 100 frg -1
ARGLOG Joe Rogan t  67.6 pos '2640.0 -23.5 120.0' spd  16.2 yaw 215 mode 2 st 8 gl 2 hp 100 frg 1
ARGLOG Carmack t  67.7 pos '2262.6 247.2  24.0' spd 329.9 yaw 255 mode 2 st 10 gl 3 hp 100 frg 0
ARGLOG Romero t  68.0 pos '2489.0 -992.0  16.0' spd 202.5 yaw 120 mode 2 st 8 gl 2 hp 100 frg -1
ARGLOG Joe Rogan t  68.1 pos '2640.0 -29.4 120.0' spd   8.7 yaw 215 mode 2 st 8 gl 2 hp 100 frg 1
ARGEVT Romero hazard
ARGLOG Carmack t  68.2 pos '2126.0 145.1  24.0' spd 359.7 yaw 319 mode 2 st 10 gl 3 hp 100 frg 0
ARGEVT Joe Rogan stall
ARGEVT Joe Rogan stallnode '2905.0 -47.0 -72.0'
ARGEVT Joe Rogan jump
ARGLOG Romero t  68.5 pos '2494.0 -992.0  16.0' spd   6.8 yaw 122 mode 2 st 8 gl 2 hp 100 frg -1
ARGEVT Carmack engage Joe Rogan
ARGLOG Joe Rogan t  68.7 pos '2640.0 -36.7 154.4' spd  34.6 yaw 291.1 mode 0 st 9 gl 2 hp 100 frg 1
ARGLOG Carmack t  68.7 pos '2148.2  67.2  24.0' spd 323.2 yaw 346.1 mode 2 st 10 gl 3 hp 100 frg 0
ARGEVT Joe Rogan route 7 start '2585.0   1.0 120.0' goal '1465.0 -703.0 184.0'
ARGLOG Romero t  69.0 pos '2503.8 -992.0  16.0' spd  50.5 yaw 124 mode 2 st 8 gl 2 hp 100 frg -1
ARGLOG Joe Rogan t  69.2 pos '2624.8 -52.5 120.0' spd 184.8 yaw 156 mode 2 st 9 gl 2 hp 100 frg 1
ARGEVT Romero hazard
ARGLOG Carmack t  69.2 pos '2231.8 215.4  24.0' spd 411.7 yaw 336.1 mode 2 st 10 gl 3 hp 100 frg 0
ARGEVT Carmack hazard
ARGEVT Carmack route 8 start '2297.0 321.0  24.0' goal '2233.0 -31.0 -136.0'
ARGEVT Romero stall
ARGEVT Romero stallnode '2521.0 -895.0 120.0'
ARGLOG Romero t  69.5 pos '2503.4 -992.0  16.0' spd   0.9 yaw 249.6 mode 0 st 9 gl 2 hp 100 frg -1
ARGEVT Romero jump
ARGLOG Joe Rogan t  69.7 pos '2473.6  10.2 120.0' spd 320.0 yaw 155 mode 2 st 9 gl 2 hp 100 frg 1
ARGEVT Romero route 3 start '2457.0 -991.0  24.0' goal '2361.0 -703.0  56.0'
ARGEVT Romero lift
ARGLOG Carmack t  69.7 pos '2200.5 184.7  24.0' spd 323.9 yaw 228.3 mode 2 st 10 gl 3 hp 100 frg 0
ARGEVT Carmack pursue
ARGLOG Romero t  70.0 pos '2501.4 -992.0  16.0' spd  15.1 yaw 123 mode 2 st 9 gl 2 hp 100 frg -1
ARGEVT Joe Rogan engage Carmack
ARGLOG Joe Rogan t  70.2 pos '2292.8  16.0  43.3' spd 358.7 yaw 167.0 mode 0 st 9 gl 2 hp 100 frg 1
ARGEVT Romero stall
ARGEVT Romero stallnode '2521.0 -895.0 120.0'
ARGEVT Romero jump
ARGLOG Carmack t  70.3 pos '2178.2  25.8  24.0' spd 206.9 yaw 357.5 mode 2 st 10 gl 3 hp 100 frg 0
ARGEVT Joe Rogan route 10 start '2265.0   1.0  24.0' goal '1465.0 -703.0 184.0'
ARGLOG Romero t  70.6 pos '2513.0 -992.0  41.5' spd  33.9 yaw 343.9 mode 0 st 10 gl 2 hp 100 frg -1
ARGLOG Joe Rogan t  70.7 pos '2278.9 -83.9  24.0' spd 314.5 yaw 126.0 mode 2 st 9 gl 2 hp 84 frg 1
ARGLOG Carmack t  70.8 pos '2146.9  70.8  24.0' spd 326.9 yaw 300.3 mode 2 st 10 gl 3 hp 92 frg 0
ARGLOG Romero t  71.1 pos '2457.6 -1031.8  24.0' spd 350.2 yaw 296.8 mode 0 st 10 gl 2 hp 100 frg -1
ARGLOG Joe Rogan t  71.2 pos '2137.6 -173.1  24.0' spd 321.4 yaw 122.0 mode 2 st 9 gl 2 hp 60 frg 1
ARGLOG Carmack t  71.3 pos '2072.0 -28.8  24.0' spd 109.0 yaw 277.6 mode 2 st 10 gl 3 hp 68 frg 0
ARGLOG Romero t  71.6 pos '2510.5 -1190.0  24.0' spd 320.3 yaw 296.8 mode 0 st 10 gl 2 hp 100 frg -1
ARGEVT Joe Rogan route 10 start '2041.0 -159.0  24.0' goal '1465.0 -703.0 184.0'
ARGLOG Joe Rogan t  71.7 pos '1964.1 -180.1  24.0' spd 374.5 yaw  23.0 mode 2 st 9 gl 2 hp 36 frg 1
ARGEVT Romero goal item_armorInv
ARGLOG Carmack t  71.8 pos '2234.1 -92.1  24.0' spd 421.1 yaw 195.9 mode 2 st 10 gl 3 hp 44 frg 0
ARGEVT Romero routefail
ARGEVT Romero goal item_health
ARGLOG Romero t  72.1 pos '2539.6 -1347.2  24.0' spd 321.7 yaw 258 mode 0 st 10 gl 2 hp 100 frg -1
ARGEVT Romero routefail
ARGEVT Romero goal item_health
ARGLOG Joe Rogan t  72.3 pos '1923.3 -12.4  24.0' spd 336.2 yaw 323.5 mode 2 st 9 gl 2 hp 37 frg 1
ARGEVT Joe Rogan hazard
ARGLOG Carmack t  72.3 pos '2255.8 -245.9  24.0' spd 178.0 yaw 143.1 mode 2 st 10 gl 3 hp 24 frg 0
ARGEVT Romero route 18 start '2585.0 -1375.0  24.0' goal '2073.0 -991.0 344.0'
ARGLOG Romero t  72.6 pos '2421.9 -1455.6  24.0' spd 418.8 yaw 83 mode 2 st 10 gl 2 hp 100 frg -1
ARGEVT Carmack death Joe Rogan pos '2178.7 -306.8  24.0'
ARGEVT Joe Rogan goal item_health
ARGLOG Joe Rogan t  72.8 pos '1962.1  10.2  24.0' spd 155.9 yaw 241.6 mode 0 st 9 gl 2 hp 33 frg 2
ARGEVT Joe Rogan route 3 start '2041.0   1.0  24.0' goal '2041.0 -559.0 104.0'
ARGLOG Romero t  73.1 pos '2435.0 -1296.0  24.0' spd 276.7 yaw 85 mode 2 st 10 gl 2 hp 100 frg -1
ARGLOG Joe Rogan t  73.3 pos '2020.9 -142.0  24.0' spd 337.6 yaw 338 mode 2 st 9 gl 2 hp 33 frg 2
ARGLOG Romero t  73.7 pos '2525.6 -1152.6  24.0' spd 339.0 yaw 91 mode 2 st 10 gl 2 hp 100 frg -1
ARGLOG Joe Rogan t  73.8 pos '2171.3 -215.9  24.0' spd 320.8 yaw 346 mode 2 st 9 gl 2 hp 33 frg 2
ARGEVT Romero lift
ARGLOG Romero t  74.2 pos '2460.6 -961.7  47.5' spd 333.0 yaw 117 mode 2 st 10 gl 2 hp 100 frg -1
ARGEVT Romero jump
ARGEVT Carmack respawn
ARGLOG Joe Rogan t  74.3 pos '2234.9 -352.3   8.0' spd 400.0 yaw 181.2 mode 2 st 9 gl 2 hp 33 frg 2
ARGEVT Carmack goal item_armorInv
ARGLOG Carmack t  74.3 pos '2560.0 -192.0  32.0' spd 0 yaw 163.4 mode 0 st 10 gl 3 hp 100 frg 0
ARGEVT Carmack routefail
ARGEVT Carmack goal item_spikes
ARGEVT Carmack route 3 start '2521.0 -191.0  32.0' goal '2617.0 -383.0  24.0'
ARGEVT Joe Rogan hazard
ARGEVT Joe Rogan engage Carmack
ARGLOG Romero t  74.7 pos '2480.0 -906.4 120.0' spd 306.0 yaw 120 mode 2 st 10 gl 2 hp 100 frg -1
ARGEVT Carmack engage Joe Rogan
ARGEVT Romero abandon
ARGLOG Joe Rogan t  74.8 pos '2141.4 -288.0  24.0' spd 330.9 yaw  32.7 mode 2 st 9 gl 2 hp 33 frg 2
ARGLOG Carmack t  74.8 pos '2427.9 -158.3  24.0' spd 208.4 yaw 186.3 mode 2 st 10 gl 3 hp 100 frg 0
ARGEVT Romero goal weapon_grenadelauncher
ARGEVT Romero hazard
ARGEVT Romero route 14 start '2521.0 -895.0 120.0' goal '2073.0 -991.0 344.0'
ARGLOG Romero t  75.2 pos '2530.6 -1026.3 120.0' spd 368.1 yaw 125 mode 2 st 10 gl 2 hp 100 frg -1
ARGLOG Joe Rogan t  75.4 pos '2151.8 -121.7  24.0' spd 329.2 yaw 334.9 mode 2 st 9 gl 2 hp 33 frg 2
ARGLOG Carmack t  75.4 pos '2398.7 -240.0  24.0' spd 211.2 yaw 129.5 mode 2 st 10 gl 3 hp 76 frg 0
ARGEVT Joe Rogan death Carmack pos '2194.4 -25.3  24.0'
ARGLOG Romero t  75.7 pos '2451.1 -1115.5  24.0' spd 176.3 yaw 101 mode 2 st 10 gl 2 hp 100 frg -1
ARGEVT Carmack goal item_spikes
ARGEVT Carmack route 3 start '2361.0 -159.0  24.0' goal '2617.0 -383.0  24.0'
ARGLOG Carmack t  75.9 pos '2388.1 -144.0  24.0' spd  96.8 yaw 142.2 mode 2 st 10 gl 3 hp 76 frg 1
ARGEVT Romero hazard
ARGLOG Romero t  76.2 pos '2496.7 -992.0  16.0' spd  29.4 yaw 122 mode 2 st 10 gl 2 hp 100 frg -1
ARGLOG Carmack t  76.4 pos '2229.5 -114.6  24.0' spd 346.3 yaw 120 mode 2 st 10 gl 3 hp 76 frg 1
ARGLOG Romero t  76.8 pos '2506.1 -992.0  16.0' spd  25.2 yaw 125 mode 2 st 10 gl 2 hp 100 frg -1
ARGLOG Carmack t  76.9 pos '2067.6 -100.3  24.0' spd 415.8 yaw 284.8 mode 2 st 10 gl 3 hp 76 frg 1
ARGEVT Joe Rogan respawn
ARGEVT Joe Rogan goal weapon_grenadelauncher
ARGLOG Joe Rogan t  77.2 pos '2544.0 -32.0 -64.0' spd 0 yaw 196.3 mode 0 st 9 gl 2 hp 100 frg 2
ARGEVT Joe Rogan route 6 start '2489.0 -31.0 -72.0' goal '2073.0 -991.0 344.0'
ARGLOG Romero t  77.3 pos '2506.8 -992.0  16.0' spd  25.9 yaw 125 mode 2 st 10 gl 2 hp 100 frg -1
ARGEVT Romero hazard
ARGLOG Carmack t  77.4 pos '2182.5 -206.7  24.0' spd 438.6 yaw 88 mode 2 st 10 gl 3 hp 76 frg 1
ARGEVT Joe Rogan hazard
ARGEVT Romero stall
ARGEVT Romero stallnode '2521.0 -895.0 120.0'
ARGEVT Romero jump
ARGEVT Romero route 15 start '2457.0 -991.0  24.0' goal '2073.0 -991.0 344.0'
ARGLOG Joe Rogan t  77.7 pos '2443.6 -80.0 -72.0' spd  91.2 yaw 4 mode 2 st 9 gl 2 hp 100 frg 2
ARGLOG Romero t  77.8 pos '2505.2 -992.0  41.6' spd  31.2 yaw 80 mode 2 st 11 gl 2 hp 100 frg -1
ARGEVT Romero lift
ARGLOG Carmack t  77.9 pos '2186.0 -32.1  24.0' spd 413.4 yaw 201.9 mode 0 st 10 gl 3 hp 76 frg 1
ARGEVT Carmack route 3 start '2169.0 -95.0  24.0' goal '2617.0 -383.0  24.0'
ARGEVT Joe Rogan abandon
ARGLOG Joe Rogan t  78.2 pos '2604.4 -70.2 -72.0' spd 320.2 yaw 154 mode 0 st 9 gl 2 hp 100 frg 2
ARGLOG Romero t  78.3 pos '2494.6 -992.0  16.0' spd  26.6 yaw 122 mode 2 st 11 gl 2 hp 100 frg -1
ARGEVT Romero hazard
ARGEVT Joe Rogan goal item_armor2
ARGLOG Carmack t  78.5 pos '2096.5 -159.5  24.0' spd 438.2 yaw   7.0 mode 2 st 10 gl 3 hp 76 frg 1
ARGEVT Joe Rogan abandon
ARGEVT Joe Rogan goal item_armor2
ARGEVT Joe Rogan route 8 start '2489.0 -31.0 -72.0' goal '2009.0 -991.0  32.0'
ARGLOG Joe Rogan t  78.8 pos '2526.1 -66.9 -64.0' spd 345.9 yaw 3 mode 2 st 9 gl 2 hp 100 frg 2
ARGEVT Joe Rogan hazard
ARGLOG Romero t  78.8 pos '2505.4 -992.0  16.0' spd  25.4 yaw 124 mode 2 st 11 gl 2 hp 100 frg -1
ARGLOG Carmack t  79.0 pos '2284.5 -166.4  24.0' spd 369.1 yaw 327 mode 2 st 10 gl 3 hp 76 frg 1
ARGLOG Joe Rogan t  79.3 pos '2566.8 -75.4 -64.0' spd 320.4 yaw 4 mode 2 st 9 gl 2 hp 100 frg 2
ARGLOG Romero t  79.3 pos '2506.3 -992.0  16.0' spd  26.9 yaw 125 mode 2 st 11 gl 2 hp 100 frg -1
ARGEVT Carmack hazard
ARGEVT Joe Rogan abandon
ARGEVT Romero hazard
ARGEVT Joe Rogan goal 
ARGLOG Carmack t  79.5 pos '2363.8 -240.0  24.0' spd  33.4 yaw 331 mode 2 st 10 gl 3 hp 76 frg 1
ARGEVT Joe Rogan route 7 start '2649.0 -63.0 -72.0' goal '1785.0 -383.0 184.0'
ARGEVT Joe Rogan abandon
ARGEVT Romero stall
ARGEVT Romero stallnode '2521.0 -895.0 120.0'
ARGEVT Romero jump
ARGEVT Joe Rogan goal item_health
ARGEVT Joe Rogan routefail
ARGLOG Joe Rogan t  79.8 pos '2636.1 -78.5 -72.0' spd 330.9 yaw 288 mode 0 st 9 gl 2 hp 100 frg 2
ARGEVT Joe Rogan hazard
ARGLOG Romero t  79.8 pos '2508.5 -992.0  48.0' spd  16.2 yaw 146.6 mode 0 st 12 gl 2 hp 100 frg -1
ARGEVT Joe Rogan goal weapon_rocketlauncher
ARGEVT Romero route 15 start '2457.0 -991.0  24.0' goal '2073.0 -991.0 344.0'
ARGEVT Romero lift
ARGLOG Carmack t  80.0 pos '2360.4 -240.0  24.0' spd   5.8 yaw 331 mode 2 st 10 gl 3 hp 76 frg 1
ARGEVT Joe Rogan route 6 start '2649.0 -63.0 -72.0' goal '1465.0 -703.0 184.0'
ARGLOG Joe Rogan t  80.3 pos '2613.6 -74.6 -72.0' spd 276.1 yaw 214 mode 2 st 9 gl 2 hp 100 frg 2
ARGEVT Romero stall
ARGEVT Romero stallnode '2521.0 -895.0 120.0'
ARGLOG Romero t  80.4 pos '2495.5 -992.0  16.0' spd  47.7 yaw 308.9 mode 0 st 13 gl 2 hp 100 frg -1
ARGEVT Romero jump
ARGEVT Joe Rogan abandon
ARGEVT Joe Rogan goal 
ARGLOG Carmack t  80.5 pos '2347.5 -240.0  24.0' spd  62.0 yaw 333 mode 2 st 10 gl 3 hp 76 frg 1
ARGEVT Carmack hazard
ARGEVT Joe Rogan routefail
ARGEVT Carmack stall
ARGEVT Carmack stallnode '2329.0 -351.0   8.0'
ARGEVT Carmack jump
ARGEVT Joe Rogan goal weapon_supershotgun
ARGEVT Joe Rogan routefail
ARGLOG Joe Rogan t  80.8 pos '2688.0 -74.9 -72.0' spd 305.8 yaw 336.3 mode 0 st 9 gl 2 hp 100 frg 2
ARGEVT Joe Rogan hazard
ARGLOG Romero t  80.9 pos '2521.5 -994.4  16.0' spd  51.0 yaw 300.2 mode 0 st 13 gl 2 hp 100 frg -1
ARGEVT Joe Rogan goal item_spikes
ARGEVT Joe Rogan route 12 start '2649.0 -63.0 -72.0' goal '2617.0 -383.0  24.0'
ARGEVT Joe Rogan abandon
ARGLOG Carmack t  81.0 pos '2378.6 -240.0  58.9' spd  56.8 yaw 337 mode 0 st 11 gl 3 hp 76 frg 1
ARGEVT Joe Rogan goal item_armor2
ARGEVT Joe Rogan route 6 start '2649.0 -63.0 -72.0' goal '1337.0 -863.0  32.0'
ARGLOG Joe Rogan t  81.3 pos '2639.5  30.6 -72.0' spd 381.5 yaw 344 mode 2 st 9 gl 2 hp 100 frg 2
ARGEVT Carmack route 3 start '2361.0 -159.0  24.0' goal '2617.0 -383.0  24.0'
ARGLOG Romero t  81.4 pos '2474.1 -994.7  16.0' spd 122.9 yaw 341.5 mode 0 st 13 gl 2 hp 100 frg -1
ARGLOG Carmack t  81.5 pos '2471.7 -240.0  24.0' spd 331.3 yaw 218 mode 2 st 11 gl 3 hp 76 frg 1
ARGEVT Carmack hazard
ARGEVT Joe Rogan abandon
ARGLOG Joe Rogan t  81.8 pos '2603.7 -65.8 -72.0' spd 381.0 yaw 150 mode 0 st 9 gl 2 hp 100 frg 2
ARGEVT Joe Rogan hazard
ARGEVT Romero goal 
ARGLOG Romero t  81.9 pos '2544.0 -1091.5  24.0' spd 324.3 yaw 298.6 mode 0 st 13 gl 2 hp 100 frg -1
ARGEVT Romero route 3 start '2457.0 -1151.0  24.0' goal '2585.0 -767.0 120.0'
ARGEVT Joe Rogan goal 
ARGEVT Joe Rogan route 6 start '2649.0 -63.0 -72.0' goal '2009.0 -1119.0 200.0'
ARGEVT Joe Rogan abandon
ARGLOG Carmack t  82.1 pos '2425.3 -236.8  24.0' spd 320.2 yaw 230 mode 2 st 11 gl 3 hp 76 frg 1
ARGEVT Joe Rogan goal item_health
ARGEVT Joe Rogan route 1 start '2649.0 -63.0 -72.0' goal '2649.0 193.0 -72.0'
ARGLOG Joe Rogan t  82.4 pos '2609.6  21.5 -72.0' spd 321.1 yaw 77 mode 2 st 9 gl 2 hp 100 frg 2
ARGLOG Romero t  82.4 pos '2463.3 -1235.0  24.0' spd 412.2 yaw 80 mode 2 st 13 gl 2 hp 100 frg -1
ARGEVT Romero hazard
ARGLOG Carmack t  82.6 pos '2260.2 -225.0  24.0' spd 329.0 yaw 337 mode 2 st 11 gl 3 hp 76 frg 1
ARGLOG Joe Rogan t  82.9 pos '2621.1 186.3 -72.0' spd 322.5 yaw 105 mode 1 st 9 gl 2 hp 100 frg 2
ARGLOG Romero t  82.9 pos '2451.3 -1064.7  24.0' spd 320.5 yaw 67 mode 2 st 13 gl 2 hp 100 frg -1
ARGEVT Joe Rogan goal item_rockets
ARGLOG Carmack t  83.1 pos '2210.5 -372.4   8.0' spd 430.1 yaw 359 mode 2 st 11 gl 3 hp 76 frg 1
ARGEVT Joe Rogan route 4 start '2489.0 257.0 -72.0' goal '2233.0 -31.0 -136.0'
ARGEVT Romero lift
ARGLOG Joe Rogan t  83.4 pos '2511.4 305.5 -72.0' spd 414.9 yaw 291 mode 2 st 9 gl 3 hp 100 frg 2
ARGEVT Romero jump
ARGEVT Carmack route 1 start '2329.0 -351.0   8.0' goal '2617.0 -383.0  24.0'
ARGLOG Romero t  83.4 pos '2457.0 -912.0  74.5' spd  22.2 yaw  37.1 mode 1 st 13 gl 2 hp 100 frg -1
ARGEVT Joe Rogan hazard
ARGLOG Carmack t  83.6 pos '2382.5 -406.4   8.0' spd 320.6 yaw 5 mode 2 st 11 gl 3 hp 76 frg 1
ARGLOG Joe Rogan t  83.9 pos '2561.3 240.0 -72.0' spd 333.7 yaw 256 mode 2 st 9 gl 3 hp 100 frg 2
ARGLOG Romero t  84.0 pos '2513.3 -877.1 120.0' spd 320.0 yaw 40 mode 1 st 13 gl 2 hp 100 frg -1
ARGLOG Carmack t  84.1 pos '2543.8 -371.9  24.0' spd 322.6 yaw 32 mode 1 st 11 gl 3 hp 76 frg 1
ARGEVT Romero goal weapon_supershotgun
ARGEVT Carmack goal item_health
ARGEVT Romero routefail
ARGEVT Romero goal item_health
ARGEVT Romero hazard
ARGEVT Romero route 4 start '2585.0 -767.0 120.0' goal '2457.0 -1311.0  24.0'
ARGLOG Joe Rogan t  84.4 pos '2667.7 104.0 -72.0' spd 330.7 yaw 218 mode 2 st 9 gl 3 hp 100 frg 2
ARGEVT Carmack hazard
ARGEVT Carmack route 7 start '2617.0 -383.0  24.0' goal '2649.0 193.0 -72.0'
ARGLOG Romero t  84.5 pos '2640.0 -768.2 120.0' spd 309.7 yaw 231 mode 2 st 13 gl 3 hp 100 frg -1
ARGLOG Carmack t  84.6 pos '2592.2 -304.0  24.0' spd 324.4 yaw 187 mode 2 st 11 gl 4 hp 76 frg 1
ARGLOG Joe Rogan t  84.9 pos '2608.0 -50.6 -72.0' spd 378.5 yaw 177 mode 2 st 9 gl 3 hp 100 frg 2
ARGLOG Romero t  85.0 pos '2576.2 -878.9 120.0' spd 338.3 yaw 224 mode 2 st 13 gl 3 hp 100 frg -1
ARGLOG Carmack t  85.1 pos '2427.7 -324.5   8.0' spd 320.4 yaw 138 mode 2 st 11 gl 4 hp 76 frg 1
ARGLOG Joe Rogan t  85.5 pos '2436.7 -46.0 -72.0' spd 320.3 yaw 175 mode 2 st 9 gl 3 hp 100 frg 2
ARGLOG Romero t  85.5 pos '2448.0 -978.7 120.0' spd 327.0 yaw 272 mode 2 st 13 gl 3 hp 100 frg -1
ARGLOG Carmack t  85.7 pos '2265.4 -347.6   8.0' spd 320.2 yaw 71 mode 2 st 11 gl 4 hp 76 frg 1
ARGLOG Joe Rogan t  86.0 pos '2273.1 -75.9 -136.0' spd 323.5 yaw 211.7 mode 1 st 9 gl 3 hp 100 frg 2
ARGLOG Romero t  86.0 pos '2454.9 -1160.5  59.8' spd 320.1 yaw 271 mode 2 st 13 gl 3 hp 100 frg -1
ARGEVT Joe Rogan goal weapon_rocketlauncher
ARGEVT Joe Rogan routefail
ARGLOG Carmack t  86.2 pos '2144.6 -231.1  24.0' spd 341.2 yaw 37 mode 2 st 11 gl 4 hp 76 frg 1
ARGEVT Joe Rogan goal item_health
ARGEVT Joe Rogan route 11 start '2233.0 -191.0 -136.0' goal '2041.0 -559.0 104.0'
ARGEVT Joe Rogan hazard
ARGLOG Joe Rogan t  86.5 pos '2200.1 -204.9 -99.3' spd 381.4 yaw 41 mode 2 st 9 gl 4 hp 100 frg 2
ARGLOG Romero t  86.5 pos '2436.1 -1328.1  24.0' spd 379.7 yaw 186.1 mode 1 st 13 gl 3 hp 100 frg -1
ARGLOG Carmack t  86.7 pos '2219.9 -80.9  24.0' spd 343.7 yaw 4 mode 2 st 11 gl 4 hp 76 frg 1
ARGEVT Romero hazard
ARGEVT Carmack jump
ARGLOG Joe Rogan t  87.0 pos '2285.6 -135.6 -136.0' spd 334.2 yaw 43 mode 2 st 9 gl 4 hp 100 frg 2
ARGLOG Romero t  87.1 pos '2371.2 -1350.0  24.0' spd 322.3 yaw 51 mode 1 st 13 gl 3 hp 100 frg -1
ARGEVT Romero goal item_health
ARGLOG Carmack t  87.2 pos '2297.6 -37.1  62.9' spd  83.4 yaw 351 mode 2 st 11 gl 4 hp 76 frg 1
ARGLOG Joe Rogan t  87.5 pos '2320.0  16.0 -120.0' spd 0 yaw 329.6 mode 0 st 9 gl 4 hp 100 frg 2
ARGLOG Romero t  87.6 pos '2429.0 -1296.5  24.0' spd 231.8 yaw 187.0 mode 1 st 13 gl 4 hp 100 frg -1
ARGEVT Joe Rogan route 10 start '2233.0 -31.0 -136.0' goal '2041.0 -559.0 104.0'
ARGEVT Romero goal item_spikes
ARGLOG Carmack t  87.7 pos '2383.6 -57.6  72.0' spd 332.8 yaw 359 mode 2 st 11 gl 4 hp 76 frg 1
ARGEVT Carmack jump
ARGEVT Romero hazard
ARGEVT Romero route 3 start '2361.0 -1407.0  24.0' goal '2233.0 -1823.0  24.0'
ARGLOG Joe Rogan t  88.0 pos '2454.7 -68.6 -72.0' spd 330.9 yaw 2 mode 2 st 9 gl 4 hp 100 frg 2
ARGLOG Romero t  88.1 pos '2352.9 -1401.8  24.0' spd 320.2 yaw 271 mode 2 st 13 gl 5 hp 100 frg -1
ARGLOG Carmack t  88.2 pos '2405.8 -80.0  94.6' spd  54.5 yaw 3 mode 2 st 11 gl 4 hp 76 frg 1
ARGEVT Romero route 2 start '2361.0 -1567.0  24.0' goal '2233.0 -1823.0  24.0'
ARGLOG Joe Rogan t  88.5 pos '2620.9 -73.3 -72.0' spd 320.0 yaw 214 mode 2 st 9 gl 4 hp 100 frg 2
ARGLOG Romero t  88.6 pos '2352.3 -1568.5  24.0' spd 320.1 yaw 245 mode 2 st 13 gl 5 hp 100 frg -1
ARGLOG Carmack t  88.8 pos '2550.4 -65.5 120.0' spd 320.2 yaw 69 mode 2 st 11 gl 4 hp 76 frg 1
ARGEVT Joe Rogan abandon
ARGEVT Joe Rogan hazard
ARGEVT Joe Rogan goal item_health
ARGEVT Joe Rogan route 14 start '2649.0 -63.0 -72.0' goal '2521.0 -223.0 120.0'
ARGEVT Joe Rogan abandon
ARGLOG Joe Rogan t  89.1 pos '2688.0 -61.5 -72.0' spd 221.4 yaw  82.5 mode 0 st 9 gl 4 hp 100 frg 2
ARGLOG Romero t  89.1 pos '2357.5 -1733.3  24.0' spd 320.0 yaw 216 mode 2 st 13 gl 5 hp 100 frg -1
ARGEVT Joe Rogan goal item_health
ARGEVT Joe Rogan route 14 start '2649.0 -63.0 -72.0' goal '2521.0 -223.0 120.0'
ARGLOG Carmack t  89.3 pos '2640.0  -1.6 120.0' spd 320.3 yaw 87 mode 2 st 11 gl 4 hp 76 frg 1
ARGLOG Joe Rogan t  89.6 pos '2598.7  46.2 -72.0' spd 411.5 yaw 344 mode 2 st 9 gl 4 hp 100 frg 2
ARGLOG Romero t  89.6 pos '2307.1 -1891.6  24.0' spd 402.3 yaw 163 mode 1 st 13 gl 5 hp 100 frg -1
ARGLOG Carmack t  89.8 pos '2640.0  16.0 120.0' spd 0 yaw 87 mode 2 st 11 gl 4 hp 76 frg 1
ARGEVT Romero goal item_rockets
ARGEVT Joe Rogan abandon
ARGEVT Romero routefail
ARGLOG Joe Rogan t  90.1 pos '2607.3 -75.2 -72.0' spd  96.8 yaw 150 mode 0 st 9 gl 4 hp 100 frg 2
ARGEVT Romero goal item_rockets
ARGLOG Romero t  90.1 pos '2138.9 -1842.2  24.0' spd 346.5 yaw 161.9 mode 0 st 13 gl 6 hp 100 frg -1
ARGEVT Romero hazard
ARGEVT Joe Rogan goal item_health
ARGEVT Romero route 21 start '2137.0 -1919.0  40.0' goal '2073.0 -991.0 344.0'
ARGLOG Carmack t  90.3 pos '2640.0  16.0 120.0' spd 0 yaw 87 mode 2 st 11 gl 4 hp 76 frg 1
ARGEVT Joe Rogan route 9 start '2489.0 -31.0 -72.0' goal '2041.0 -559.0 104.0'
ARGEVT Joe Rogan hazard
ARGLOG Joe Rogan t  90.6 pos '2440.6 -74.6 -72.0' spd 385.5 yaw 3 mode 2 st 9 gl 4 hp 100 frg 2
ARGLOG Romero t  90.7 pos '2248.2 -1808.0  24.0' spd 325.9 yaw 64 mode 2 st 13 gl 6 hp 100 frg -1
ARGEVT Carmack stall
ARGEVT Carmack stallnode '2649.0 193.0 -72.0'
ARGEVT Carmack jump
ARGLOG Carmack t  90.8 pos '2639.7  16.0 141.5' spd   4.7 yaw 99 mode 0 st 12 gl 4 hp 76 frg 1
ARGEVT Carmack route 2 start '2585.0   1.0 120.0' goal '2649.0 193.0 -72.0'
ARGLOG Joe Rogan t  91.1 pos '2506.3 -78.5 -64.0' spd 320.2 yaw 4 mode 2 st 9 gl 4 hp 100 frg 2
ARGLOG Romero t  91.2 pos '2405.4 -1875.4  24.0' spd 352.8 yaw 95 mode 2 st 13 gl 6 hp 100 frg -1
ARGEVT Romero engage Carmack
ARGLOG Carmack t  91.3 pos '2624.3  16.0 121.7' spd  34.8 yaw 82 mode 2 st 12 gl 4 hp 76 frg 1
ARGEVT Joe Rogan abandon
ARGEVT Carmack hazard
ARGEVT Joe Rogan goal item_artifact_super_damage
ARGLOG Joe Rogan t  91.6 pos '2582.2 -37.1 -64.0' spd 327.0 yaw 170.3 mode 0 st 9 gl 4 hp 100 frg 2
ARGLOG Romero t  91.7 pos '2531.9 -1764.4  24.0' spd 330.1 yaw 102.7 mode 2 st 13 gl 6 hp 100 frg -1
ARGEVT Joe Rogan routefail
ARGEVT Romero pursue
ARGEVT Joe Rogan goal item_health
ARGLOG Carmack t  91.8 pos '2514.0  11.2 120.0' spd 246.2 yaw 53 mode 2 st 12 gl 4 hp 76 frg 1
ARGEVT Joe Rogan routefail
ARGEVT Joe Rogan goal item_armorInv
ARGEVT Joe Rogan routefail
ARGLOG Joe Rogan t  92.2 pos '2417.1 -75.3 -72.0' spd 372.8 yaw 278.3 mode 0 st 9 gl 4 hp 100 frg 2
ARGEVT Joe Rogan hazard
ARGLOG Romero t  92.2 pos '2555.5 -1600.7  24.0' spd 320.1 yaw 87 mode 2 st 13 gl 6 hp 100 frg -1
ARGEVT Joe Rogan goal item_health
ARGEVT Joe Rogan route 12 start '2489.0 -31.0 -72.0' goal '1913.0 -63.0  24.0'
ARGLOG Carmack t  92.4 pos '2568.3  16.0 120.0' spd 146.8 yaw 65 mode 2 st 12 gl 4 hp 76 frg 1
ARGEVT Carmack hazard
ARGLOG Joe Rogan t  92.7 pos '2504.6 -80.0 -64.0' spd 166.4 yaw 4 mode 2 st 9 gl 4 hp 100 frg 2
ARGLOG Romero t  92.7 pos '2567.3 -1436.0  24.0' spd 320.0 yaw 87 mode 2 st 13 gl 6 hp 100 frg -1
ARGLOG Carmack t  92.9 pos '2508.0  15.0 120.0' spd 172.2 yaw 51 mode 2 st 12 gl 4 hp 76 frg 1
ARGEVT Joe Rogan abandon
ARGEVT Joe Rogan goal item_health
ARGEVT Romero hazard
ARGEVT Joe Rogan routefail
ARGLOG Joe Rogan t  93.2 pos '2607.7 -54.8 -72.0' spd 238.4 yaw 203.6 mode 0 st 9 gl 4 hp 100 frg 2
ARGLOG Romero t  93.2 pos '2600.8 -1300.9  24.0' spd 175.9 yaw 152 mode 0 st 13 gl 6 hp 100 frg -1
ARGEVT Joe Rogan goal item_health
ARGEVT Romero route 18 start '2585.0 -1375.0  24.0' goal '2073.0 -991.0 344.0'
ARGEVT Joe Rogan hazard
ARGLOG Carmack t  93.4 pos '2455.4  15.5 120.0' spd 110.5 yaw 42 mode 2 st 12 gl 4 hp 76 frg 1
ARGEVT Joe Rogan routefail
ARGEVT Carmack stall
ARGEVT Carmack stallnode '2553.0  97.0 -72.0'
ARGEVT Carmack jump
ARGEVT Joe Rogan goal item_rockets
ARGLOG Joe Rogan t  93.7 pos '2439.9 -80.0 -72.0' spd 347.1 yaw 169.4 mode 0 st 9 gl 4 hp 100 frg 2
ARGEVT Joe Rogan route 7 start '2489.0 -31.0 -72.0' goal '1465.0 -703.0 184.0'
ARGLOG Romero t  93.8 pos '2461.7 -1228.4  24.0' spd 377.9 yaw 82 mode 2 st 13 gl 6 hp 100 frg -1
ARGLOG Carmack t  93.9 pos '2630.0  16.0 158.9' spd 363.5 yaw  55.0 mode 0 st 13 gl 4 hp 76 frg 1
ARGEVT Carmack route 2 start '2585.0   1.0 120.0' goal '2649.0 193.0 -72.0'
ARGLOG Joe Rogan t  94.2 pos '2352.0  16.0 -104.0' spd 0 yaw 354 mode 2 st 9 gl 4 hp 100 frg 2
ARGLOG Romero t  94.3 pos '2452.1 -1061.2  24.0' spd 320.0 yaw 85 mode 2 st 13 gl 6 hp 100 frg -1
ARGEVT Romero lift
ARGLOG Carmack t  94.4 pos '2593.6  16.0 120.0' spd 339.9 yaw 72 mode 2 st 13 gl 4 hp 76 frg 1
ARGEVT Carmack hazard
ARGLOG Joe Rogan t  94.7 pos '2487.7 -16.7 -72.0' spd 320.0 yaw 356 mode 2 st 9 gl 4 hp 100 frg 2
ARGEVT Romero abandon
ARGLOG Romero t  94.8 pos '2498.5 -927.6  94.0' spd 166.7 yaw 332.8 mode 0 st 13 gl 6 hp 100 frg -1
ARGEVT Romero goal item_armorInv
ARGEVT Romero route 2 start '2521.0 -895.0 120.0' goal '2361.0 -703.0  56.0'
ARGLOG Carmack t  94.9 pos '2512.7  14.0 120.0' spd 247.7 yaw 52 mode 2 st 13 gl 4 hp 76 frg 1
ARGEVT Romero abandon
ARGEVT Romero goal item_armorInv
ARGEVT Joe Rogan abandon
ARGEVT Romero routefail
ARGLOG Joe Rogan t  95.3 pos '2620.5 -42.4 -72.0' spd 157.4 yaw 115.8 mode 0 st 9 gl 4 hp 100 frg 2
ARGEVT Romero goal item_health
ARGLOG Romero t  95.3 pos '2484.5 -987.0 120.0' spd 321.6 yaw 253.7 mode 0 st 13 gl 6 hp 100 frg -1
ARGEVT Joe Rogan goal item_health
ARGEVT Romero route 14 start '2521.0 -895.0 120.0' goal '2073.0 -991.0 344.0'
ARGLOG Carmack t  95.5 pos '2560.4  16.0 120.0' spd 165.1 yaw 63 mode 2 st 13 gl 4 hp 76 frg 1
ARGEVT Joe Rogan hazard
ARGEVT Carmack hazard
ARGEVT Joe Rogan route 6 start '2553.0  97.0 -72.0' goal '2073.0 -991.0 344.0'
ARGLOG Joe Rogan t  95.8 pos '2550.8 -19.3 -64.0' spd 325.3 yaw 356 mode 2 st 9 gl 4 hp 100 frg 2
ARGLOG Romero t  95.8 pos '2448.0 -1115.8  59.8' spd  28.7 yaw 100 mode 2 st 13 gl 6 hp 100 frg -1
ARGLOG Carmack t  96.0 pos '2476.2  16.0 120.0' spd 118.3 yaw 45 mode 2 st 13 gl 4 hp 76 frg 1
ARGLOG Joe Rogan t  96.3 pos '2560.1 -75.0 -64.0' spd 320.0 yaw 4 mode 2 st 9 gl 4 hp 100 frg 2
ARGLOG Romero t  96.3 pos '2488.2 -995.7  16.0' spd 320.0 yaw 120 mode 2 st 13 gl 6 hp 100 frg -1
ARGEVT Romero hazard
ARGEVT Joe Rogan abandon
ARGLOG Carmack t  96.5 pos '2452.9  13.4 120.0' spd 172.1 yaw 42 mode 2 st 13 gl 4 hp 76 frg 1
ARGEVT Joe Rogan goal item_health
ARGEVT Joe Rogan routefail
ARGLOG Joe Rogan t  96.8 pos '2535.5 -64.8 -64.0' spd 321.8 yaw 197 mode 0 st 9 gl 4 hp 100 frg 2
ARGLOG Romero t  96.8 pos '2494.3 -992.0  16.0' spd 231.2 yaw 122 mode 2 st 13 gl 6 hp 100 frg -1
ARGLOG Carmack t  97.0 pos '2581.7  16.0 120.0' spd   9.3 yaw 69 mode 2 st 13 gl 4 hp 76 frg 1
ARGEVT Carmack hazard
ARGLOG Joe Rogan t  97.3 pos '2370.0 -80.0 -72.0' spd 328.4 yaw 197 mode 0 st 9 gl 4 hp 100 frg 2
ARGLOG Romero t  97.4 pos '2509.7 -992.0  16.0' spd  17.4 yaw 125 mode 2 st 13 gl 6 hp 100 frg -1
ARGEVT Romero hazard
ARGLOG Carmack t  97.5 pos '2493.4  16.0 120.0' spd 141.6 yaw 48 mode 2 st 13 gl 4 hp 76 frg 1
ARGLOG Joe Rogan t  97.8 pos '2200.3 -83.2 -124.4' spd 325.6 yaw  58.1 mode 0 st 9 gl 4 hp 100 frg 2
ARGLOG Romero t  97.9 pos '2518.6 -992.0  16.0' spd  17.4 yaw 127 mode 2 st 13 gl 6 hp 100 frg -1
ARGLOG Carmack t  98.0 pos '2438.4  16.0 113.7' spd  10.2 yaw 40 mode 2 st 13 gl 4 hp 76 frg 1
ARGEVT Carmack hazard
ARGLOG Joe Rogan t  98.3 pos '2186.1 -21.7 -103.1' spd 321.0 yaw   6.8 mode 0 st 9 gl 4 hp 100 frg 2
ARGLOG Romero t  98.4 pos '2527.5 -992.0  16.0' spd  17.4 yaw 129 mode 2 st 13 gl 6 hp 100 frg -1
ARGEVT Joe Rogan goal weapon_grenadelauncher
ARGEVT Romero hazard
ARGEVT Joe Rogan route 7 start '2233.0 -31.0 -136.0' goal '2073.0 -991.0 344.0'
ARGLOG Carmack t  98.6 pos '2566.3  16.0 120.0' spd 256.6 yaw 64 mode 2 st 13 gl 4 hp 76 frg 1
ARGEVT Joe Rogan hazard
ARGLOG Joe Rogan t  98.9 pos '2328.2 -77.2 -104.0' spd 166.4 yaw 312.1 mode 0 st 9 gl 4 hp 100 frg 2
ARGEVT Joe Rogan route 6 start '2361.0 -63.0 -88.0' goal '2073.0 -991.0 344.0'
ARGLOG Romero t  98.9 pos '2536.4 -992.0  16.0' spd  17.4 yaw 131 mode 2 st 13 gl 6 hp 100 frg -1
ARGLOG Carmack t  99.1 pos '2518.1  16.0 120.0' spd 206.9 yaw 53 mode 2 st 13 gl 4 hp 76 frg 1
ARGEVT Carmack hazard
ARGLOG Joe Rogan t  99.4 pos '2457.9 -76.4 -72.0' spd 320.0 yaw 3 mode 2 st 9 gl 4 hp 100 frg 2
ARGLOG Romero t  99.4 pos '2542.4 -992.0  16.0' spd  17.8 yaw 132 mode 2 st 13 gl 6 hp 100 frg -1
ARGEVT Romero hazard
ARGLOG Carmack t  99.6 pos '2450.8  16.0 120.0' spd 112.2 yaw 41 mode 2 st 13 gl 4 hp 76 frg 1
ARGEVT Joe Rogan abandon
ARGEVT Romero stall
ARGEVT Romero stallnode '2521.0 -895.0 120.0'
ARGEVT Romero jump
ARGEVT Joe Rogan goal item_armor2
ARGEVT Joe Rogan abandon
ARGLOG Joe Rogan t  99.9 pos '2611.9 -63.4 -72.0' spd 140.6 yaw 304 mode 0 st 9 gl 4 hp 100 frg 2
ARGEVT Joe Rogan route 1 start '2649.0 -63.0 -72.0' goal '2777.0   1.0 -72.0'
ARGLOG Romero t  99.9 pos '2537.7 -992.0  37.5' spd  41.1 yaw 134.0 mode 0 st 14 gl 6 hp 100 frg -1
ARGEVT Joe Rogan goal item_armor2
ARGLOG Carmack t 100.1 pos '2518.7  16.0 120.0' spd 373.6 yaw 53 mode 2 st 13 gl 4 hp 76 frg 1
ARGEVT Romero route 15 start '2457.0 -991.0  24.0' goal '2073.0 -991.0 344.0'
ARGEVT Joe Rogan route 7 start '2649.0 -63.0 -72.0' goal '2009.0 -991.0  32.0'
ARGLOG Joe Rogan t 100.4 pos '2627.5  73.3 -72.0' spd 413.2 yaw 337 mode 2 st 9 gl 4 hp 100 frg 2
ARGEVT Romero lift
ARGLOG Romero t 100.5 pos '2494.7 -992.0  16.0' spd 312.5 yaw 122 mode 2 st 14 gl 6 hp 100 frg -1
ARGEVT Joe Rogan hazard
ARGEVT Carmack hazard
ARGEVT Romero hazard
ARGLOG Carmack t 100.6 pos '2554.4  16.0 120.0' spd 234.4 yaw 61 mode 2 st 13 gl 4 hp 76 frg 1
ARGEVT Carmack stall
ARGEVT Carmack stallnode '2553.0  97.0 -72.0'
ARGEVT Carmack jump
ARGLOG Joe Rogan t 100.9 pos '2600.9 -46.8 -72.0' spd 365.7 yaw 0 mode 2 st 9 gl 4 hp 100 frg 2
ARGEVT Carmack route 2 start '2457.0 -63.0 120.0' goal '2649.0 193.0 -72.0'
ARGEVT Joe Rogan abandon
ARGLOG Romero t 101.0 pos '2462.6 -992.0  16.0' spd  17.4 yaw 113 mode 2 st 14 gl 6 hp 100 frg -1
ARGEVT Joe Rogan goal weapon_rocketlauncher
ARGLOG Carmack t 101.1 pos '2457.8  16.0 158.9' spd 165.7 yaw 338 mode 2 st 14 gl 4 hp 76 frg 1
ARGEVT Joe Rogan route 6 start '2649.0 -63.0 -72.0' goal '1465.0 -703.0 184.0'
ARGLOG Joe Rogan t 101.4 pos '2515.5  -4.9 -64.0' spd 389.9 yaw 354 mode 2 st 9 gl 4 hp 100 frg 2
ARGLOG Romero t 101.5 pos '2506.0 -992.0  16.0' spd  17.6 yaw 125 mode 2 st 14 gl 6 hp 100 frg -1
ARGEVT Joe Rogan hazard
ARGEVT Romero hazard
ARGLOG Carmack t 101.6 pos '2381.7  -1.4  72.0' spd 201.7 yaw 348 mode 2 st 14 gl 4 hp 76 frg 1
ARGEVT Carmack jump
ARGLOG Joe Rogan t 102.0 pos '2618.2 -10.9 -72.0' spd 345.0 yaw 353 mode 2 st 9 gl 4 hp 100 frg 2
ARGEVT Joe Rogan abandon
ARGLOG Romero t 102.0 pos '2515.4 -992.0  16.0' spd  17.4 yaw 127 mode 2 st 14 gl 6 hp 100 frg -1
ARGEVT Joe Rogan goal 
ARGLOG Carmack t 102.2 pos '2480.2 -80.0 122.9' spd 198.2 yaw 58 mode 2 st 14 gl 4 hp 76 frg 1
ARGEVT Joe Rogan route 7 start '2649.0 -63.0 -72.0' goal '1785.0 -383.0 184.0'
ARGLOG Joe Rogan t 102.5 pos '2532.4 -80.0 -64.0' spd 320.5 yaw 5 mode 2 st 9 gl 4 hp 100 frg 2
ARGLOG Romero t 102.5 pos '2524.3 -992.0  16.0' spd  17.1 yaw 129 mode 2 st 14 gl 6 hp 100 frg -1
ARGEVT Joe Rogan hazard
ARGEVT Romero hazard
ARGLOG Carmack t 102.7 pos '2639.4 -62.5 120.0' spd 347.4 yaw  58.3 mode 2 st 14 gl 4 hp 76 frg 1
ARGEVT Joe Rogan abandon
ARGLOG Joe Rogan t 103.0 pos '2605.7 -70.7 -72.0' spd 320.1 yaw 154 mode 0 st 9 gl 4 hp 100 frg 2
ARGLOG Romero t 103.0 pos '2533.1 -992.0  16.0' spd  17.4 yaw 131 mode 2 st 14 gl 6 hp 100 frg -1
ARGEVT Joe Rogan goal item_armor2
ARGLOG Carmack t 103.2 pos '2640.0  16.0 120.0' spd 0 yaw 87 mode 2 st 14 gl 4 hp 76 frg 1
ARGEVT Joe Rogan route 6 start '2649.0 -63.0 -72.0' goal '1337.0 -863.0  32.0'
ARGLOG Joe Rogan t 103.5 pos '2474.9 -39.8 -72.0' spd 410.0 yaw 0 mode 2 st 9 gl 4 hp 100 frg 2
ARGLOG Romero t 103.6 pos '2542.1 -992.0  16.0' spd  17.1 yaw 132 mode 2 st 14 gl 6 hp 100 frg -1
ARGEVT Joe Rogan hazard
ARGEVT Romero hazard
ARGEVT Carmack stall
ARGEVT Carmack stallnode '2649.0 193.0 -72.0'
ARGLOG Carmack t 103.7 pos '2640.0  16.0 120.0' spd 0 yaw 256.2 mode 0 st 15 gl 4 hp 76 frg 1
ARGEVT Carmack jump
ARGEVT Carmack route 2 start '2585.0   1.0 120.0' goal '2649.0 193.0 -72.0'
ARGLOG Joe Rogan t 104.0 pos '2495.8 -77.8 -72.0' spd 320.6 yaw 4 mode 2 st 9 gl 4 hp 100 frg 2
ARGLOG Romero t 104.1 pos '2543.2 -992.0  16.0' spd  17.4 yaw 133 mode 2 st 14 gl 6 hp 100 frg -1
ARGEVT Romero stall
ARGEVT Romero stallnode '2521.0 -895.0 120.0'
ARGEVT Romero jump
ARGEVT Carmack abandon
ARGEVT Carmack goal item_health
ARGLOG Carmack t 104.2 pos '2627.7  16.0 142.0' spd  34.1 yaw 198.3 mode 0 st 15 gl 4 hp 76 frg 1
ARGEVT Carmack routefail
ARGEVT Joe Rogan abandon
ARGEVT Joe Rogan goal weapon_nailgun
ARGEVT Carmack goal weapon_nailgun
ARGEVT Romero route 15 start '2457.0 -991.0  24.0' goal '2073.0 -991.0 344.0'
ARGLOG Joe Rogan t 104.5 pos '2601.2 -53.3 -72.0' spd 248.6 yaw 197.3 mode 0 st 9 gl 4 hp 100 frg 2
ARGLOG Romero t 104.6 pos '2533.9 -992.0  26.3' spd  31.3 yaw 97 mode 2 st 15 gl 6 hp 100 frg -1
ARGEVT Joe Rogan route 13 start '2489.0 -31.0 -72.0' goal '2521.0 -191.0  32.0'
ARGLOG Carmack t 104.7 pos '2566.0 -76.1 120.0' spd 320.2 yaw 234 mode 0 st 15 gl 4 hp 76 frg 1
ARGEVT Romero lift
ARGEVT Joe Rogan hazard
ARGEVT Carmack route 2 start '2633.0 -143.0 120.0' goal '2521.0 -191.0  32.0'
ARGEVT Romero hazard
ARGLOG Joe Rogan t 105.0 pos '2462.6 -76.3 -72.0' spd  85.8 yaw 3 mode 2 st 9 gl 4 hp 100 frg 2
ARGLOG Romero t 105.1 pos '2455.4 -992.0  16.0' spd  16.8 yaw 111 mode 2 st 15 gl 6 hp 100 frg -1
ARGLOG Carmack t 105.3 pos '2461.7 -240.0 107.4' spd 384.5 yaw 140.0 mode 1 st 15 gl 4 hp 100 frg 1
ARGEVT Joe Rogan abandon
ARGLOG Joe Rogan t 105.6 pos '2612.3 -72.3 -72.0' spd 321.2 yaw 155 mode 0 st 9 gl 4 hp 100 frg 2
ARGEVT Romero stall
ARGEVT Romero stallnode '2521.0 -895.0 120.0'
ARGLOG Romero t 105.6 pos '2467.9 -992.0  16.0' spd  85.7 yaw 319.8 mode 0 st 16 gl 6 hp 100 frg -1
ARGEVT Romero jump
ARGEVT Joe Rogan goal weapon_supershotgun
ARGEVT Joe Rogan routefail
ARGLOG Carmack t 105.8 pos '2397.2 -179.8  24.0' spd 351.4 yaw 352 mode 1 st 15 gl 4 hp 100 frg 1
ARGEVT Joe Rogan goal 
ARGEVT Carmack goal weapon_supershotgun
ARGEVT Romero route 15 start '2457.0 -991.0  24.0' goal '2073.0 -991.0 344.0'
ARGEVT Romero lift
ARGLOG Joe Rogan t 106.1 pos '2495.3   1.9 -72.0' spd 415.1 yaw 252 mode 0 st 9 gl 4 hp 100 frg 2
ARGEVT Joe Rogan route 7 start '2489.0 -31.0 -72.0' goal '2009.0 -1119.0 200.0'
ARGLOG Romero t 106.1 pos '2481.2 -992.0  16.0' spd  44.4 yaw 118 mode 2 st 16 gl 6 hp 100 frg -1
ARGEVT Carmack hazard
ARGEVT Joe Rogan hazard
ARGLOG Carmack t 106.3 pos '2557.1 -236.9  32.0' spd 215.3 yaw 211.4 mode 0 st 15 gl 5 hp 100 frg 1
ARGEVT Romero hazard
ARGEVT Carmack routefail
ARGEVT Carmack goal weapon_rocketlauncher
ARGEVT Carmack routefail
ARGLOG Joe Rogan t 106.6 pos '2557.5 -57.5 -64.0' spd 320.7 yaw 1 mode 2 st 9 gl 4 hp 100 frg 2
ARGLOG Romero t 106.6 pos '2506.0 -992.0  16.0' spd  17.3 yaw 125 mode 2 st 16 gl 6 hp 100 frg -1
ARGEVT Carmack goal 
ARGEVT Joe Rogan abandon
ARGEVT Carmack route 11 start '2521.0 -191.0  32.0' goal '2009.0 -1119.0 200.0'
ARGLOG Carmack t 106.8 pos '2422.1 -237.2  24.0' spd 342.4 yaw 150 mode 2 st 15 gl 5 hp 100 frg 1
ARGEVT Joe Rogan goal weapon_rocketlauncher
ARGEVT Joe Rogan routefail
ARGEVT Joe Rogan goal item_health
ARGLOG Joe Rogan t 107.1 pos '2529.0 -17.6 -64.0' spd 388.1 yaw 200.6 mode 0 st 9 gl 4 hp 100 frg 2
ARGEVT Joe Rogan route 2 start '2489.0 -31.0 -72.0' goal '2649.0 193.0 -72.0'
ARGLOG Romero t 107.2 pos '2515.3 -992.0  16.0' spd  17.4 yaw 127 mode 2 st 16 gl 6 hp 100 frg -1
ARGLOG Carmack t 107.3 pos '2263.8 -187.4  24.0' spd 324.7 yaw 52 mode 2 st 15 gl 5 hp 100 frg 1
ARGEVT Romero hazard
ARGEVT Joe Rogan hazard
ARGLOG Joe Rogan t 107.6 pos '2516.6 -77.5 -64.0' spd 321.2 yaw 63 mode 2 st 9 gl 4 hp 100 frg 2
ARGLOG Romero t 107.7 pos '2524.2 -992.0  16.0' spd  17.4 yaw 129 mode 2 st 16 gl 6 hp 100 frg -1
ARGLOG Carmack t 107.8 pos '2189.8 -38.8  24.0' spd 406.0 yaw 355 mode 2 st 15 gl 5 hp 100 frg 1
ARGLOG Joe Rogan t 108.1 pos '2658.1  11.2 -72.0' spd 345.8 yaw 92 mode 2 st 9 gl 4 hp 100 frg 2
ARGLOG Romero t 108.2 pos '2533.2 -992.0  16.0' spd  17.4 yaw 131 mode 2 st 16 gl 6 hp 100 frg -1
ARGEVT Carmack jump
ARGLOG Carmack t 108.3 pos '2320.0 -16.2  69.1' spd  98.6 yaw 342 mode 2 st 15 gl 5 hp 100 frg 1
ARGEVT Romero hazard
ARGLOG Joe Rogan t 108.7 pos '2654.2 179.8 -72.0' spd 326.1 yaw 122 mode 1 st 9 gl 4 hp 100 frg 2
ARGLOG Romero t 108.7 pos '2542.2 -992.0  16.0' spd  17.4 yaw 132 mode 2 st 16 gl 6 hp 100 frg -1
ARGLOG Carmack t 108.9 pos '2349.8 -65.6  56.0' spd 317.6 yaw 0 mode 2 st 15 gl 5 hp 100 frg 1
ARGEVT Joe Rogan goal item_spikes
ARGEVT Carmack jump
ARGEVT Joe Rogan route 12 start '2649.0 193.0 -72.0' goal '1913.0 -223.0  24.0'
ARGLOG Joe Rogan t 109.2 pos '2532.7 292.2 -72.0' spd 402.4 yaw 289 mode 2 st 9 gl 5 hp 100 frg 2
ARGEVT Romero stall
ARGEVT Romero stallnode '2521.0 -895.0 120.0'
ARGLOG Romero t 109.2 pos '2543.2 -992.0  16.0' spd  17.4 yaw 344.7 mode 0 st 17 gl 6 hp 100 frg -1
ARGEVT Romero jump
ARGEVT Joe Rogan hazard
ARGLOG Carmack t 109.4 pos '2424.0 -79.6 125.9' spd  38.7 yaw 3 mode 2 st 15 gl 5 hp 100 frg 1
ARGEVT Romero route 15 start '2457.0 -991.0  24.0' goal '2073.0 -991.0 344.0'
ARGLOG Joe Rogan t 109.7 pos '2567.3 224.8 -72.0' spd 334.5 yaw 322 mode 2 st 9 gl 5 hp 100 frg 2
ARGLOG Romero t 109.7 pos '2529.9 -992.0  16.0' spd  32.8 yaw 95 mode 2 st 17 gl 6 hp 100 frg -1
ARGEVT Romero lift
ARGLOG Carmack t 109.9 pos '2521.8 -74.9 120.0' spd 320.0 yaw 4 mode 2 st 15 gl 5 hp 100 frg 1
ARGEVT Romero hazard
ARGLOG Joe Rogan t 110.2 pos '2656.9  78.2 -72.0' spd 326.4 yaw 334 mode 2 st 9 gl 5 hp 100 frg 2
ARGLOG Romero t 110.3 pos '2453.5 -992.0  16.0' spd  17.4 yaw 110 mode 2 st 17 gl 6 hp 100 frg -1
ARGLOG Carmack t 110.4 pos '2640.0 -64.1 120.0' spd   8.5 yaw 214 mode 2 st 15 gl 5 hp 100 frg 1
ARGEVT Joe Rogan abandon
ARGEVT Joe Rogan goal item_health
ARGEVT Romero stall
ARGEVT Romero stallnode '2521.0 -895.0 120.0'
ARGEVT Romero jump
ARGEVT Joe Rogan route 8 start '2649.0 -63.0 -72.0' goal '2041.0 -559.0 104.0'
ARGLOG Joe Rogan t 110.7 pos '2609.7 -19.7 -72.0' spd 320.0 yaw 355 mode 2 st 9 gl 5 hp 100 frg 2
ARGLOG Romero t 110.8 pos '2462.7 -992.0  37.6' spd  24.1 yaw 84 mode 0 st 18 gl 6 hp 100 frg -1
ARGEVT Romero route 15 start '2457.0 -991.0  24.0' goal '2073.0 -991.0 344.0'
ARGEVT Romero lift
ARGLOG Carmack t 110.9 pos '2640.0 -59.9 120.0' spd   5.8 yaw 214 mode 2 st 15 gl 5 hp 100 frg 1
ARGEVT Joe Rogan hazard
ARGLOG Joe Rogan t 111.2 pos '2544.0 -80.0 -64.0' spd 339.1 yaw 5 mode 2 st 9 gl 5 hp 100 frg 2
ARGEVT Romero hazard
ARGLOG Romero t 111.3 pos '2490.9 -992.0  16.0' spd  23.9 yaw 121 mode 2 st 18 gl 6 hp 100 frg -1
ARGLOG Carmack t 111.4 pos '2640.0 -56.9 120.0' spd   5.7 yaw 214 mode 2 st 15 gl 5 hp 100 frg 1
ARGEVT Carmack stall
ARGEVT Carmack stallnode '2905.0 -47.0 -72.0'
ARGEVT Carmack jump
ARGLOG Joe Rogan t 111.8 pos '2688.0 -68.6 -72.0' spd  29.7 yaw 213 mode 2 st 9 gl 5 hp 100 frg 2
ARGLOG Romero t 111.8 pos '2508.6 -992.0  16.0' spd  17.4 yaw 125 mode 2 st 18 gl 6 hp 100 frg -1
ARGEVT Joe Rogan abandon
ARGEVT Carmack route 7 start '2585.0   1.0 120.0' goal '2009.0 -1119.0 200.0'
ARGLOG Carmack t 112.0 pos '2640.0 -62.0 158.9' spd  32.8 yaw 262.4 mode 2 st 16 gl 5 hp 100 frg 1
ARGEVT Joe Rogan goal item_health
ARGEVT Joe Rogan hazard
ARGEVT Joe Rogan route 8 start '2649.0 -63.0 -72.0' goal '2041.0 -559.0 104.0'
ARGEVT Joe Rogan abandon
ARGEVT Joe Rogan goal item_health
ARGLOG Joe Rogan t 112.3 pos '2683.6 -20.6 -72.0' spd 320.3 yaw 119.1 mode 0 st 9 gl 5 hp 100 frg 2
ARGEVT Romero hazard
ARGLOG Romero t 112.3 pos '2517.4 -992.0  16.0' spd  17.4 yaw 127 mode 2 st 18 gl 6 hp 100 frg -1
ARGEVT Joe Rogan routefail
ARGEVT Joe Rogan goal item_rockets
ARGLOG Carmack t 112.5 pos '2601.7 -50.3 120.0' spd 340.1 yaw 108 mode 2 st 16 gl 5 hp 100 frg 1
ARGEVT Joe Rogan routefail
ARGLOG Joe Rogan t 112.8 pos '2572.6   5.9 -64.0' spd 348.2 yaw 235.3 mode 0 st 9 gl 5 hp 100 frg 2
ARGLOG Romero t 112.8 pos '2526.4 -992.0  16.0' spd  17.4 yaw 129 mode 2 st 18 gl 6 hp 100 frg -1
ARGLOG Carmack t 113.0 pos '2640.0   7.1 120.0' spd 126.9 yaw 349 mode 2 st 16 gl 5 hp 100 frg 1
ARGEVT Joe Rogan goal item_health
ARGEVT Joe Rogan route 12 start '2489.0 -31.0 -72.0' goal '1913.0 -63.0  24.0'
ARGLOG Joe Rogan t 113.3 pos '2614.3 -32.6 -72.0' spd 322.8 yaw 215 mode 2 st 9 gl 5 hp 100 frg 2
ARGEVT Romero hazard
ARGEVT Carmack hazard
ARGEVT Joe Rogan abandon
ARGLOG Romero t 113.4 pos '2535.3 -992.0  16.0' spd  17.4 yaw 131 mode 2 st 18 gl 6 hp 100 frg -1
ARGEVT Joe Rogan goal item_health
ARGLOG Carmack t 113.5 pos '2640.0 -88.2 120.0' spd  36.4 yaw 213 mode 2 st 16 gl 5 hp 100 frg 1
ARGEVT Joe Rogan routefail
ARGEVT Joe Rogan hazard
ARGEVT Joe Rogan goal item_health
ARGEVT Joe Rogan routefail
ARGLOG Joe Rogan t 113.8 pos '2688.0 -60.1 -72.0' spd 322.7 yaw 249.5 mode 0 st 9 gl 5 hp 100 frg 2
ARGLOG Romero t 113.9 pos '2541.5 -992.0  16.0' spd  34.6 yaw 132 mode 2 st 18 gl 6 hp 100 frg -1
ARGLOG Carmack t 114.0 pos '2640.0 -71.3 120.0' spd  14.5 yaw 214 mode 2 st 16 gl 5 hp 100 frg 1
ARGEVT Joe Rogan goal item_spikes
ARGEVT Joe Rogan route 12 start '2649.0 -63.0 -72.0' goal '2617.0 -383.0  24.0'
ARGEVT Romero stall
ARGEVT Romero stallnode '2521.0 -895.0 120.0'
ARGEVT Romero jump
ARGLOG Joe Rogan t 114.3 pos '2688.0 -73.8 -72.0' spd  19.9 yaw 213 mode 2 st 9 gl 5 hp 100 frg 2
ARGLOG Romero t 114.4 pos '2543.2 -992.0  37.5' spd  14.4 yaw 135.0 mode 0 st 19 gl 6 hp 100 frg -1
ARGEVT Joe Rogan stall
ARGEVT Joe Rogan stallnode '2905.0 -47.0 -72.0'
ARGEVT Joe Rogan jump
ARGEVT Carmack stall
ARGEVT Carmack stallnode '2905.0 -47.0 -72.0'
ARGLOG Carmack t 114.5 pos '2640.0 -65.0 120.0' spd  11.6 yaw 421.1 mode 0 st 17 gl 5 hp 100 frg 1
ARGEVT Carmack jump
ARGEVT Romero route 15 start '2457.0 -991.0  24.0' goal '2073.0 -991.0 344.0'
ARGEVT Joe Rogan route 12 start '2649.0 -63.0 -72.0' goal '2617.0 -383.0  24.0'
ARGEVT Joe Rogan abandon
ARGLOG Joe Rogan t 114.9 pos '2688.0 -65.5 -33.1' spd  12.1 yaw 148 mode 0 st 10 gl 5 hp 100 frg 2
ARGEVT Romero lift
ARGLOG Romero t 114.9 pos '2490.1 -992.0  16.0' spd 320.1 yaw 121 mode 2 st 19 gl 6 hp 100 frg -1
ARGEVT Joe Rogan goal item_rockets
ARGEVT Joe Rogan route 5 start '2649.0 -63.0 -72.0' goal '2073.0 -991.0 344.0'
ARGEVT Joe Rogan abandon
ARGEVT Romero hazard
ARGLOG Carmack t 115.1 pos '2639.9 -76.4 142.0' spd  33.2 yaw 244 mode 0 st 17 gl 5 hp 100 frg 1
ARGEVT Joe Rogan goal item_armorInv
ARGEVT Joe Rogan routefail
ARGEVT Romero abandon
ARGEVT Romero goal item_armorInv
ARGEVT Romero route 3 start '2457.0 -991.0  24.0' goal '2361.0 -703.0  56.0'
ARGEVT Joe Rogan goal item_armorInv
ARGLOG Joe Rogan t 115.4 pos '2658.8 -27.8 -72.0' spd 336.3 yaw 176.2 mode 0 st 10 gl 5 hp 100 frg 2
ARGEVT Romero lift
ARGLOG Romero t 115.4 pos '2457.7 -992.0  16.0' spd  17.1 yaw 111 mode 2 st 19 gl 6 hp 100 frg -1
ARGEVT Joe Rogan routefail
ARGEVT Joe Rogan goal item_rockets
ARGLOG Carmack t 115.6 pos '2594.8 -178.6 120.0' spd 320.0 yaw 244 mode 0 st 17 gl 5 hp 100 frg 1
ARGEVT Joe Rogan route 6 start '2649.0 -63.0 -72.0' goal '1465.0 -703.0 184.0'
ARGEVT Romero stall
ARGEVT Romero stallnode '2521.0 -895.0 120.0'
ARGEVT Romero jump
ARGEVT Joe Rogan hazard
ARGEVT Carmack route 8 start '2521.0 -223.0 120.0' goal '2009.0 -1119.0 200.0'
ARGLOG Joe Rogan t 115.9 pos '2490.0 -73.9 -72.0' spd 411.0 yaw 3 mode 2 st 10 gl 5 hp 100 frg 2
ARGLOG Romero t 115.9 pos '2467.2 -992.0  48.0' spd  15.3 yaw 102 mode 0 st 20 gl 6 hp 100 frg -1
ARGEVT Romero route 3 start '2457.0 -991.0  24.0' goal '2361.0 -703.0  56.0'
ARGEVT Romero lift
ARGLOG Carmack t 116.1 pos '2567.7 -338.5 120.0' spd 351.3 yaw 73 mode 2 st 17 gl 5 hp 100 frg 1
ARGEVT Carmack hazard
ARGLOG Joe Rogan t 116.4 pos '2590.7 -72.6 -64.0' spd 320.2 yaw 4 mode 2 st 10 gl 5 hp 100 frg 2
ARGEVT Romero hazard
ARGEVT Joe Rogan abandon
ARGLOG Romero t 116.5 pos '2497.1 -992.0  16.0' spd  25.0 yaw 122 mode 2 st 20 gl 6 hp 100 frg -1
ARGEVT Joe Rogan goal item_health
ARGLOG Carmack t 116.6 pos '2640.0 -290.9 120.0' spd 320.1 yaw 87 mode 2 st 17 gl 5 hp 100 frg 1
ARGEVT Joe Rogan route 5 start '2649.0 -63.0 -72.0' goal '2073.0 -991.0 344.0'
ARGLOG Joe Rogan t 116.9 pos '2491.1 -49.9 -72.0' spd 410.1 yaw 0 mode 2 st 10 gl 5 hp 100 frg 2
ARGLOG Romero t 117.0 pos '2510.8 -992.0  16.0' spd  17.4 yaw 126 mode 2 st 20 gl 6 hp 100 frg -1
ARGEVT Joe Rogan hazard
ARGLOG Carmack t 117.1 pos '2638.2 -125.4 120.0' spd 322.0 yaw 16 mode 2 st 17 gl 5 hp 100 frg 1
ARGLOG Joe Rogan t 117.4 pos '2538.8 -77.1 -64.0' spd 320.2 yaw 4 mode 2 st 10 gl 5 hp 100 frg 2
ARGEVT Romero hazard
ARGLOG Romero t 117.5 pos '2519.8 -992.0  16.0' spd  17.4 yaw 128 mode 2 st 20 gl 6 hp 100 frg -1
ARGEVT Joe Rogan abandon
ARGLOG Carmack t 117.6 pos '2640.0  -1.4 120.0' spd  33.8 yaw 216 mode 2 st 17 gl 5 hp 100 frg 1
ARGEVT Joe Rogan goal item_rockets
ARGEVT Joe Rogan route 2 start '2649.0 -63.0 -72.0' goal '2233.0 -31.0 -136.0'
ARGLOG Joe Rogan t 117.9 pos '2587.4  10.8 -64.0' spd 360.9 yaw 187 mode 2 st 10 gl 5 hp 100 frg 2
ARGLOG Romero t 118.0 pos '2528.7 -992.0  16.0' spd  17.4 yaw 130 mode 2 st 20 gl 6 hp 100 frg -1
ARGEVT Carmack stall
ARGEVT Carmack stallnode '2905.0 -47.0 -72.0'
ARGLOG Carmack t 118.2 pos '2640.0 -18.5 120.0' spd  32.8 yaw 415.8 mode 0 st 18 gl 5 hp 100 frg 1
ARGEVT Carmack jump
ARGEVT Carmack route 7 start '2585.0   1.0 120.0' goal '2009.0 -1119.0 200.0'
ARGLOG Joe Rogan t 118.5 pos '2512.7 -25.9 -64.0' spd 340.2 yaw 182 mode 2 st 10 gl 5 hp 100 frg 2
ARGEVT Romero hazard
ARGLOG Romero t 118.5 pos '2537.6 -992.0  16.0' spd  17.4 yaw 131 mode 2 st 20 gl 6 hp 100 frg -1
ARGLOG Carmack t 118.7 pos '2639.4 -40.2 142.4' spd  49.2 yaw 189.2 mode 2 st 18 gl 5 hp 100 frg 1
ARGLOG Joe Rogan t 119.0 pos '2349.7 -62.6 -104.0' spd 320.9 yaw 199 mode 1 st 10 gl 5 hp 100 frg 2
ARGLOG Romero t 119.0 pos '2541.2 -992.0  16.0' spd  33.9 yaw 132 mode 2 st 20 gl 6 hp 100 frg -1
ARGLOG Carmack t 119.2 pos '2583.4  16.0 120.0' spd  57.9 yaw 349 mode 2 st 18 gl 5 hp 100 frg 1
ARGEVT Joe Rogan goal item_health
ARGEVT Romero stall
ARGEVT Romero stallnode '2521.0 -895.0 120.0'
ARGEVT Romero jump
ARGEVT Joe Rogan routefail
ARGEVT Romero route 3 start '2457.0 -991.0  24.0' goal '2361.0 -703.0  56.0'
ARGLOG Joe Rogan t 119.5 pos '2199.3 -137.6 -120.0' spd 380.2 yaw 267.6 mode 0 st 10 gl 6 hp 100 frg 2
ARGLOG Romero t 119.5 pos '2532.4 -992.0  48.0' spd  47.1 yaw 96 mode 2 st 21 gl 6 hp 100 frg -1
ARGLOG Carmack t 119.7 pos '2640.0 -70.4 120.0' spd 339.7 yaw 214 mode 2 st 18 gl 5 hp 100 frg 1
ARGEVT Carmack hazard
ARGEVT Joe Rogan goal item_armor2
ARGEVT Joe Rogan route 3 start '2169.0 -191.0 -77.0' goal '2777.0   1.0 -72.0'
ARGEVT Romero lift
ARGLOG Joe Rogan t 120.0 pos '2181.6 -190.4 -96.3' spd  93.4 yaw 27 mode 2 st 10 gl 6 hp 100 frg 2
ARGLOG Romero t 120.1 pos '2455.7 -992.0  16.0' spd 348.5 yaw 111 mode 2 st 21 gl 6 hp 100 frg -1
ARGEVT Romero hazard
ARGLOG Carmack t 120.2 pos '2640.0 -29.8 120.0' spd   8.7 yaw 215 mode 2 st 18 gl 5 hp 100 frg 1
ARGEVT Carmack stall
ARGEVT Carmack stallnode '2905.0 -47.0 -72.0'
ARGEVT Carmack jump
ARGLOG Joe Rogan t 120.5 pos '2240.8 -85.7 -136.0' spd 328.0 yaw 12 mode 2 st 10 gl 6 hp 100 frg 2
ARGLOG Romero t 120.6 pos '2460.1 -992.0  16.0' spd  17.4 yaw 112 mode 2 st 21 gl 6 hp 100 frg -1
ARGEVT Carmack route 7 start '2585.0   1.0 120.0' goal '2009.0 -1119.0 200.0'
ARGLOG Carmack t 120.7 pos '2640.0 -42.5 154.7' spd  34.6 yaw 224.2 mode 2 st 19 gl 5 hp 100 frg 1
ARGEVT Romero stall
ARGEVT Romero stallnode '2521.0 -895.0 120.0'
ARGEVT Romero jump
ARGEVT Romero route 3 start '2457.0 -991.0  24.0' goal '2361.0 -703.0  56.0'
ARGEVT Romero lift
ARGLOG Joe Rogan t 121.0 pos '2327.9   7.5 -104.0' spd 320 yaw 0 mode 2 st 10 gl 6 hp 100 frg 2
ARGLOG Romero t 121.1 pos '2472.7 -992.0  41.5' spd  42.7 yaw 116 mode 2 st 22 gl 6 hp 100 frg -1
ARGLOG Carmack t 121.3 pos '2582.2   3.1 120.0' spd 359.0 yaw 352 mode 2 st 19 gl 5 hp 100 frg 1
ARGEVT Joe Rogan route 1 start '2489.0 -31.0 -72.0' goal '2777.0   1.0 -72.0'
ARGEVT Romero hazard
ARGLOG Joe Rogan t 121.6 pos '2490.6 -16.6 -72.0' spd 321.5 yaw 3 mode 2 st 10 gl 6 hp 100 frg 2
ARGLOG Romero t 121.6 pos '2502.9 -992.0  16.0' spd  18.7 yaw 124 mode 2 st 22 gl 6 hp 100 frg -1
ARGLOG Carmack t 121.8 pos '2640.0 -20.9 120.0' spd 321.8 yaw 215 mode 2 st 19 gl 5 hp 100 frg 1
ARGEVT Carmack hazard
ARGLOG Joe Rogan t 122.1 pos '2655.9 -12.5 -72.0' spd 320.1 yaw 6 mode 2 st 10 gl 6 hp 100 frg 2
ARGLOG Romero t 122.1 pos '2513.1 -992.0  16.0' spd  17.4 yaw 126 mode 2 st 22 gl 6 hp 100 frg -1
ARGEVT Joe Rogan abandon
ARGLOG Carmack t 122.3 pos '2640.0 -49.8 120.0' spd  86.6 yaw 214 mode 2 st 19 gl 5 hp 100 frg 1
ARGEVT Joe Rogan goal weapon_rocketlauncher
ARGEVT Joe Rogan route 6 start '2649.0 -63.0 -72.0' goal '1465.0 -703.0 184.0'
ARGEVT Romero hazard
ARGLOG Joe Rogan t 122.6 pos '2596.8 -17.4 -72.0' spd 389.2 yaw 355 mode 2 st 10 gl 6 hp 100 frg 2
ARGLOG Romero t 122.6 pos '2522.0 -992.0  16.0' spd  17.1 yaw 128 mode 2 st 22 gl 6 hp 100 frg -1
ARGEVT Joe Rogan hazard
ARGLOG Carmack t 122.8 pos '2640.0 -42.6 120.0' spd 0 yaw 214 mode 2 st 19 gl 5 hp 100 frg 1
ARGLOG Joe Rogan t 123.1 pos '2578.6 -70.5 -64.0' spd 320.0 yaw 4 mode 2 st 10 gl 6 hp 100 frg 2
ARGLOG Romero t 123.2 pos '2530.9 -992.0  16.0' spd  17.4 yaw 130 mode 2 st 22 gl 6 hp 100 frg -1
ARGEVT Joe Rogan abandon
ARGEVT Carmack stall
ARGEVT Carmack stallnode '2905.0 -47.0 -72.0'
ARGEVT Carmack jump
ARGLOG Carmack t 123.3 pos '2640.0 -43.0 141.6' spd   8.6 yaw 327.0 mode 0 st 20 gl 5 hp 100 frg 1
ARGEVT Joe Rogan goal weapon_grenadelauncher
ARGEVT Joe Rogan route 5 start '2649.0 -63.0 -72.0' goal '2073.0 -991.0 344.0'
ARGEVT Romero hazard
ARGLOG Joe Rogan t 123.6 pos '2518.5 -18.2 -64.0' spd 389.8 yaw 356 mode 2 st 10 gl 6 hp 100 frg 2
ARGLOG Romero t 123.7 pos '2539.7 -992.0  16.0' spd  17.1 yaw 132 mode 2 st 22 gl 6 hp 100 frg -1
ARGEVT Carmack route 7 start '2585.0   1.0 120.0' goal '2009.0 -1119.0 200.0'
ARGEVT Joe Rogan hazard
ARGLOG Carmack t 123.8 pos '2639.3 -60.0 121.4' spd  42.1 yaw 195.4 mode 2 st 20 gl 5 hp 100 frg 1
ARGLOG Joe Rogan t 124.1 pos '2448.0 -78.4 -72.0' spd 320.3 yaw 3 mode 2 st 10 gl 6 hp 100 frg 2
ARGLOG Romero t 124.2 pos '2543.3 -992.0  16.0' spd  17.1 yaw 133 mode 2 st 22 gl 6 hp 100 frg -1
ARGEVT Carmack hazard
ARGLOG Carmack t 124.3 pos '2544.0  16.0 120.0' spd  97.0 yaw 351 mode 2 st 20 gl 5 hp 100 frg 1
ARGEVT Romero stall
ARGEVT Romero stallnode '2521.0 -895.0 120.0'
ARGEVT Romero jump
ARGEVT Romero route 3 start '2457.0 -991.0  24.0' goal '2361.0 -703.0  56.0'
ARGEVT Joe Rogan abandon
ARGLOG Joe Rogan t 124.7 pos '2612.6 -68.9 -72.0' spd 320.1 yaw 154 mode 0 st 10 gl 6 hp 100 frg 2
ARGLOG Romero t 124.7 pos '2526.9 -992.0  41.6' spd  55.3 yaw 93 mode 2 st 23 gl 6 hp 100 frg -1
ARGEVT Joe Rogan goal item_armor2
ARGLOG Carmack t 124.9 pos '2640.0 -61.0 120.0' spd 358.1 yaw 214 mode 2 st 20 gl 5 hp 100 frg 1
ARGEVT Joe Rogan route 7 start '2649.0 -63.0 -72.0' goal '2009.0 -991.0  32.0'
ARGEVT Romero lift
ARGEVT Romero hazard
ARGLOG Joe Rogan t 125.2 pos '2483.6 -33.5 -72.0' spd 409.9 yaw 359 mode 2 st 10 gl 6 hp 100 frg 2
ARGLOG Romero t 125.2 pos '2454.1 -992.0  16.0' spd  42.1 yaw 110 mode 2 st 23 gl 6 hp 100 frg -1
ARGEVT Joe Rogan hazard
ARGLOG Carmack t 125.4 pos '2640.0 -42.6 120.0' spd  57.2 yaw 214 mode 2 st 20 gl 5 hp 100 frg 1
ARGLOG Joe Rogan t 125.7 pos '2479.4 -74.1 -72.0' spd 320.1 yaw 3 mode 2 st 10 gl 6 hp 100 frg 2
ARGLOG Romero t 125.7 pos '2460.1 -992.0  16.0' spd  17.4 yaw 112 mode 2 st 23 gl 6 hp 100 frg -1
ARGEVT Romero stall
ARGEVT Romero stallnode '2521.0 -895.0 120.0'
ARGEVT Romero jump
ARGLOG Carmack t 125.9 pos '2640.0 -41.2 120.0' spd   2.9 yaw 214 mode 2 st 20 gl 5 hp 100 frg 1
