LOG started on: 08/28/2026 18:14:51 
Playing registered version.
UDP Initialized
WIPX_OpenSocket: Address family not supported by protocol family
WIPX_Init: Unable to open control socket, IPX disabled
Exe: 20:02:47 Jul 31 2024
256.0 megabyte heap

Language initialization
Couldn't load 'localization/loc_english.txt'
from 'C:/argus/engine'

========= Quake Initialized =========

execing autoexec.cfg
SpawnServer: dm4
Clearing memory
Programs occupy 660K.
trying to open external vis file
maps/dm4.vis not found, trying argus.vis
external vis not found
ARGUS slots 8
ARGUS worldspawn reached
ARGNAV 155 nodes, 928 links
0 entities inhibited
ARGUS init on dm4
ARGEVT Carmack spawned
ARGEVT Romero spawned
ARGEVT Joe Rogan spawned
Server spawned.
ARGLOG Joe Rogan t   1.2 pos '272.0 -952.0  24.0' spd 0 yaw 323.2 mode 0 st 0 gl 0 hp 100 frg 0
ARGLOG Romero t   1.2 pos '-64.0 -232.0 -72.0' spd 0 yaw  10.2 mode 0 st 0 gl 0 hp 100 frg 0
ARGLOG Carmack t   1.2 pos '-64.0 512.0 -296.0' spd 0 yaw 252.0 mode 0 st 0 gl 0 hp 100 frg 0
ARGEVT Joe Rogan hazard
ARGLOG Joe Rogan t   1.7 pos '395.0 -1039.2  24.0' spd 219.1 yaw 201.8 mode 0 st 0 gl 0 hp 100 frg 0
ARGLOG Romero t   1.7 pos ' 90.2 -208.0 -72.0' spd 322.8 yaw  10.2 mode 0 st 0 gl 0 hp 100 frg 0
ARGLOG Carmack t   1.7 pos '-109.7 362.6 -296.0' spd 320 yaw 252.0 mode 0 st 0 gl 0 hp 100 frg 0
ARGEVT Romero hazard
ARGLOG Joe Rogan t   2.2 pos '338.5 -1068.5  24.0' spd 127.9 yaw 138.0 mode 0 st 0 gl 0 hp 100 frg 0
ARGLOG Romero t   2.2 pos '193.3 -234.2 -72.0' spd 330.5 yaw 224.2 mode 0 st 0 gl 0 hp 100 frg 0
ARGLOG Carmack t   2.2 pos '-99.1 317.7 -296.0' spd 194.0 yaw  61.9 mode 0 st 0 gl 0 hp 100 frg 0
ARGEVT Carmack hazard
ARGLOG Joe Rogan t   2.7 pos '220.6 -957.1  24.0' spd 320.0 yaw 138.0 mode 0 st 0 gl 0 hp 100 frg 0
ARGLOG Romero t   2.7 pos '120.5 -328.2 -40.0' spd 163.2 yaw 103.8 mode 0 st 0 gl 0 hp 100 frg 0
ARGLOG Carmack t   2.7 pos '-99.5 481.2 -296.0' spd 325.6 yaw  61.9 mode 0 st 0 gl 0 hp 100 frg 0
ARGLOG Joe Rogan t   3.3 pos '208.0 -787.1  24.0' spd 381.6 yaw 138.0 mode 0 st 0 gl 0 hp 100 frg 0
ARGLOG Romero t   3.3 pos ' 61.9 -243.7 -72.0' spd 333.4 yaw 230.6 mode 0 st 0 gl 0 hp 100 frg 0
ARGLOG Carmack t   3.3 pos '-53.9 609.9 -296.0' spd 151.7 yaw 214.7 mode 0 st 0 gl 0 hp 200 frg 0
ARGLOG Joe Rogan t   3.8 pos '325.0 -811.8  24.0' spd 321.9 yaw 316.2 mode 0 st 0 gl 0 hp 100 frg 0
ARGLOG Romero t   3.8 pos '-59.1 -240.7 -72.0' spd 327.6 yaw 212.8 mode 0 st 0 gl 0 hp 100 frg 0
ARGLOG Carmack t   3.8 pos '-52.8 599.9 -296.0' spd 320.1 yaw  20.9 mode 0 st 0 gl 0 hp 200 frg 0
ARGEVT Romero hazard
ARGEVT Joe Rogan goal weapon_rocketlauncher
ARGEVT Romero goal weapon_rocketlauncher
ARGEVT Carmack goal weapon_rocketlauncher
ARGEVT Joe Rogan hazard
ARGEVT Joe Rogan route 13 start '401.0 -887.0  24.0' goal '721.0 -887.0 -232.0'
ARGLOG Joe Rogan t   4.3 pos '457.5 -886.9  24.0' spd 370.5 yaw 117 mode 2 st 0 gl 0 hp 100 frg 0
ARGLOG Romero t   4.3 pos '-95.8 -244.2 -72.0' spd 322.3 yaw 60 mode 0 st 0 gl 0 hp 100 frg 0
ARGLOG Carmack t   4.3 pos '-129.4 536.7 -296.0' spd 350.9 yaw 285.5 mode 0 st 0 gl 0 hp 200 frg 0
ARGEVT Romero route 9 start '-143.0 -247.0 -72.0' goal ' 49.0 105.0 -296.0'
ARGEVT Carmack jump
ARGEVT Joe Rogan route 15 start '625.0   9.0 -296.0' goal '721.0 -887.0 -232.0'
ARGEVT Carmack route 3 start '-111.0 457.0 -296.0' goal ' 49.0 105.0 -296.0'
ARGLOG Joe Rogan t   4.8 pos '624.0  18.6 -296.0' spd 300 yaw 262 mode 2 st 0 gl 0 hp 100 frg 0
ARGLOG Romero t   4.8 pos ' 57.7 -249.3 -72.0' spd 401.7 yaw 243 mode 2 st 0 gl 0 hp 100 frg 0
ARGLOG Carmack t   4.8 pos '-97.1 370.3 -258.3' spd 326.6 yaw 261 mode 2 st 0 gl 0 hp 200 frg 0
ARGEVT Romero hazard
ARGLOG Joe Rogan t   5.3 pos '673.5  73.3 -296.0' spd 390.1 yaw 260 mode 2 st 0 gl 0 hp 100 frg 0
ARGLOG Romero t   5.3 pos ' 54.1 -272.0 -72.0' spd 337.5 yaw 242 mode 2 st 0 gl 0 hp 100 frg 0
ARGLOG Carmack t   5.3 pos '-61.1 204.0 -296.0' spd 362.3 yaw 319 mode 2 st 0 gl 0 hp 200 frg 0
ARGEVT Joe Rogan hazard
ARGEVT Carmack hazard
ARGLOG Joe Rogan t   5.8 pos '394.2 -864.0  24.0' spd 300 yaw  56.1 mode 0 st 0 gl 0 hp 100 frg 0
ARGLOG Romero t   5.8 pos '-125.7 -307.3 -72.0' spd 420.5 yaw 286.3 mode 0 st 0 gl 0 hp 100 frg 0
ARGLOG Carmack t   5.8 pos '-78.9  42.9 -296.0' spd 388.6 yaw 353.5 mode 1 st 0 gl 0 hp 200 frg 0
ARGEVT Joe Rogan route 13 start '401.0 -887.0  24.0' goal '721.0 -887.0 -232.0'
ARGEVT Romero route 8 start '-143.0 -375.0 -72.0' goal ' 49.0 105.0 -296.0'
ARGLOG Joe Rogan t   6.3 pos '365.6 -842.6  24.0' spd 370.3 yaw 99 mode 2 st 0 gl 0 hp 100 frg 0
ARGLOG Romero t   6.3 pos '-62.2 -478.3 -72.0' spd 352.9 yaw 21 mode 2 st 0 gl 0 hp 100 frg 0
ARGLOG Carmack t   6.3 pos '-11.5  52.1 -296.0' spd 365.3 yaw 31 mode 1 st 0 gl 0 hp 200 frg 0
ARGEVT Romero goal item_armorInv
ARGEVT Carmack goal item_artifact_super_damage
ARGEVT Romero route 8 start '-47.0 -599.0 -72.0' goal '817.0 -855.0 -232.0'
ARGEVT Carmack hazard
ARGUS routecache adopt
ARGEVT Romero route 5 start '753.0 -151.0  24.0' goal '817.0 -855.0 -232.0'
ARGEVT Carmack route 6 start ' 49.0 105.0 -296.0' goal '209.0  73.0 -104.0'
ARGLOG Joe Rogan t   6.9 pos '304.0 -685.0  24.0' spd 320 yaw 47 mode 2 st 0 gl 0 hp 100 frg 0
ARGLOG Romero t   6.9 pos '766.2 -176.0  46.4' spd 300 yaw 160 mode 2 st 0 gl 0 hp 100 frg 0
ARGLOG Carmack t   6.9 pos '112.0  64.5 -296.0' spd 351.6 yaw 229 mode 2 st 0 gl 1 hp 200 frg 0
ARGLOG Joe Rogan t   7.4 pos '318.6 -517.4  24.0' spd 361.7 yaw 34 mode 2 st 0 gl 0 hp 100 frg 0
ARGLOG Romero t   7.4 pos '812.4 -176.0  24.0' spd 300 yaw 161 mode 2 st 0 gl 0 hp 100 frg 0
ARGLOG Carmack t   7.4 pos '-61.2  12.2 -296.0' spd 384.6 yaw 287 mode 2 st 0 gl 1 hp 200 frg 0
ARGEVT Joe Rogan engage Romero
ARGEVT Joe Rogan grab weapon_lightning
ARGEVT Romero engage Joe Rogan
ARGEVT Romero grab item_armor1
ARGLOG Joe Rogan t   7.9 pos '475.4 -409.1  17.8' spd 288.0 yaw  49.6 mode 2 st 0 gl 0 hp 100 frg 0
ARGLOG Romero t   7.9 pos '686.7 -144.0  24.0' spd 326.7 yaw 218.4 mode 2 st 0 gl 0 hp 100 frg 0
ARGLOG Carmack t   7.9 pos '-52.1 -150.4 -296.0' spd 326.2 yaw 355 mode 2 st 0 gl 1 hp 200 frg 0
ARGEVT Carmack engage Joe Rogan
ARGLOG Joe Rogan t   8.4 pos '548.6 -276.9 -104.0' spd 357.6 yaw  92.1 mode 2 st 0 gl 0 hp 100 frg 0
ARGLOG Romero t   8.4 pos '505.3 -108.5  11.4' spd 327.9 yaw 283.1 mode 0 st 0 gl 0 hp 100 frg 0
ARGLOG Carmack t   8.4 pos ' 65.9 -235.7 -296.0' spd 321.9 yaw  10.9 mode 2 st 0 gl 1 hp 199 frg 0
ARGEVT Romero route 6 start '561.0 -151.0  24.0' goal '817.0 -855.0 -232.0'
ARGUS Carmack shove
ARGEVT Joe Rogan jump
ARGEVT Carmack pursue
ARGLOG Joe Rogan t   8.9 pos '624.0 -208.8 -65.1' spd 101.7 yaw 139.3 mode 2 st 0 gl 0 hp 84 frg 0
ARGLOG Romero t   8.9 pos '485.8 -93.5 -104.0' spd 325.8 yaw 319.1 mode 2 st 0 gl 0 hp 79 frg 0
ARGLOG Carmack t   8.9 pos '172.6 -221.8 -296.0' spd 344.1 yaw 354 mode 2 st 0 gl 1 hp 199 frg 0
ARGEVT Romero hazard
ARGEVT Carmack hazard
ARGUS Carmack hunch item_artifact_super_damage
ARGEVT Carmack goal item_artifact_super_damage
ARGEVT Carmack pursue
ARGEVT Carmack route 3 start '241.0 -279.0 -296.0' goal '209.0  73.0 -104.0'
ARGEVT Romero death Joe Rogan pos '474.3 -242.1 -104.0'
ARGUS Joe Rogan watch spawn
ARGEVT Joe Rogan goal item_artifact_super_damage
ARGLOG Joe Rogan t   9.4 pos '613.1 -269.4 -104.0' spd 329.8 yaw 222.0 mode 0 st 0 gl 0 hp 68 frg 1
ARGLOG Carmack t   9.4 pos '331.6 -271.2 -296.0' spd 320.5 yaw 1 mode 2 st 0 gl 1 hp 198 frg 0
ARGEVT Joe Rogan routefail
ARGEVT Joe Rogan goal 
ARGEVT Carmack pursue
ARGEVT Joe Rogan hazard
ARGLOG Joe Rogan t  10.0 pos '479.8 -276.7 -104.0' spd 403.7 yaw 89 mode 1 st 0 gl 0 hp 68 frg 1
ARGLOG Carmack t  10.0 pos '497.2 -229.0 -296.0' spd 347.0 yaw 319.4 mode 2 st 0 gl 1 hp 198 frg 0
ARGEVT Carmack hazard
ARGEVT Joe Rogan goal weapon_supernailgun
ARGLOG Joe Rogan t  10.5 pos '475.3 -108.1 -104.0' spd 320.1 yaw 114 mode 0 st 0 gl 0 hp 68 frg 1
ARGLOG Carmack t  10.5 pos '520.9 -266.7 -296.0' spd 359.5 yaw 163 mode 2 st 0 gl 1 hp 197 frg 0
ARGEVT Carmack pursue
ARGEVT Joe Rogan routefail
ARGEVT Joe Rogan goal item_cells
ARGEVT Joe Rogan route 3 start '433.0 -55.0 -104.0' goal '305.0 -407.0 -104.0'
ARGEVT Joe Rogan engage Carmack
ARGEVT Romero respawn
ARGEVT Joe Rogan death Carmack pos '376.9 -106.4 -110.2'
ARGUS Carmack watch spawn
ARGEVT Romero goal item_armorInv
ARGLOG Romero t  10.9 pos '112.0 -1136.0 -104.0' spd 0 yaw  28.4 mode 0 st 0 gl 0 hp 100 frg 0
ARGLOG Carmack t  11.0 pos '498.4 -247.6 -296.0' spd 325.7 yaw 126 mode 2 st 0 gl 1 hp 196 frg 1
ARGEVT Carmack goal 
ARGEVT Romero route 17 start '145.0 -1143.0 -88.0' goal '817.0 -855.0 -232.0'
ARGEVT Carmack hazard
ARGEVT Carmack jump
ARGEVT Carmack route 5 start '497.0 -247.0 -296.0' goal '433.0 -119.0 -104.0'
ARGEVT Romero hazard
ARGLOG Romero t  11.4 pos '254.6 -1136.0 -104.0' spd 0 yaw 285 mode 2 st 0 gl 0 hp 100 frg 0
ARGLOG Carmack t  11.5 pos '390.1 -220.0 -266.9' spd 320.0 yaw 203.6 mode 1 st 0 gl 1 hp 196 frg 1
ARGEVT Romero jump
ARGLOG Romero t  12.0 pos '142.1 -1144.9 -69.6' spd 300.2 yaw 0 mode 2 st 0 gl 0 hp 100 frg 0
ARGLOG Carmack t  12.0 pos '231.8 -208.7 -296.0' spd 311.2 yaw  39.2 mode 1 st 0 gl 1 hp 195 frg 1
ARGEVT Joe Rogan respawn
ARGEVT Joe Rogan goal weapon_rocketlauncher
ARGLOG Joe Rogan t  12.5 pos '776.0 -808.0 -232.0' spd 0 yaw 106.3 mode 1 st 0 gl 0 hp 100 frg 1
ARGLOG Romero t  12.5 pos '138.5 -1230.7 -104.0' spd 202.6 yaw 23 mode 2 st 0 gl 0 hp 100 frg 0
ARGLOG Carmack t  12.5 pos '323.0 -195.9 -296.0' spd 320.0 yaw 5 mode 1 st 0 gl 1 hp 195 frg 1
ARGEVT Carmack hazard
ARGEVT Romero jump
ARGEVT Carmack goal weapon_grenadelauncher
ARGEVT Joe Rogan hazard
ARGEVT Carmack route 6 start '401.0 -183.0 -296.0' goal '113.0 -407.0 -104.0'
ARGLOG Joe Rogan t  13.0 pos '732.0 -723.3 -216.0' spd 140.2 yaw 218.2 mode 1 st 0 gl 0 hp 100 frg 1
ARGLOG Romero t  13.0 pos '209.0 -1203.9 -33.1' spd  58.0 yaw 66 mode 2 st 0 gl 0 hp 100 frg 0
ARGLOG Carmack t  13.0 pos '400.6 -130.7 -296.0' spd  94.6 yaw 271 mode 2 st 0 gl 2 hp 194 frg 1
ARGEVT Carmack rjump
ARGEVT Joe Rogan goal item_rockets
ARGLOG Joe Rogan t  13.5 pos '772.4 -877.6 -232.0' spd 399.9 yaw  22.0 mode 0 st 0 gl 1 hp 100 frg 1
ARGLOG Romero t  13.5 pos '272.0 -1152.6 -40.0' spd 156.2 yaw 28 mode 2 st 0 gl 0 hp 100 frg 0
ARGEVT Romero jump
ARGEVT Carmack weapon lg
ARGLOG Carmack t  13.6 pos '358.9 -284.0 -241.0' spd 299.9 yaw 340 mode 2 st 0 gl 2 hp 142 frg 1
ARGEVT Joe Rogan route 9 start '817.0 -855.0 -232.0' goal '401.0 -759.0 -104.0'
ARGLOG Joe Rogan t  14.0 pos '830.6 -753.4 -232.0' spd 332.3 yaw 125 mode 2 st 0 gl 1 hp 100 frg 1
ARGLOG Romero t  14.0 pos '272.0 -1104.0 -17.4' spd 0 yaw 24 mode 2 st 0 gl 0 hp 100 frg 0
ARGLOG Carmack t  14.1 pos '371.4 -360.6 -93.3' spd  41.1 yaw 38 mode 2 st 0 gl 2 hp 141 frg 1
ARGEVT Romero engage Carmack
ARGEVT Romero jump
ARGEVT Joe Rogan hazard
ARGLOG Joe Rogan t  14.5 pos '762.1 -606.1 -152.0' spd 330.9 yaw 118 mode 2 st 0 gl 1 hp 100 frg 1
ARGLOG Romero t  14.5 pos '272.0 -1093.1 -69.6' spd  30.4 yaw  84.4 mode 2 st 0 gl 0 hp 100 frg 0
ARGLOG Carmack t  14.6 pos '382.6 -342.1 -157.3' spd  42.9 yaw 11 mode 2 st 0 gl 2 hp 141 frg 1
ARGEVT Romero grab weapon_supershotgun
ARGEVT Romero pursue
ARGEVT Joe Rogan route 12 start '753.0 -567.0 -136.0' goal '401.0 -759.0 -104.0'
ARGLOG Joe Rogan t  15.0 pos '756.0 -606.0 -152.0' spd 320.7 yaw 256.4 mode 2 st 0 gl 1 hp 100 frg 1
ARGLOG Romero t  15.0 pos '272.0 -1065.4 -104.0' spd 185.9 yaw 81 mode 2 st 0 gl 0 hp 100 frg 0
ARGEVT Carmack swim
ARGLOG Carmack t  15.1 pos '398.2 -323.4 -394.8' spd  88.3 yaw 5 mode 2 st 0 gl 2 hp 120 frg 1
ARGEVT Carmack weapon rl
ARGLOG Joe Rogan t  15.6 pos '746.4 -772.1 -232.0' spd 334.6 yaw 226.0 mode 2 st 0 gl 1 hp 100 frg 1
ARGLOG Romero t  15.6 pos '289.0 -901.4 -104.0' spd 320.1 yaw 80 mode 2 st 0 gl 0 hp 100 frg 0
ARGLOG Carmack t  15.6 pos '432.0 -311.4 -390.3' spd  11.7 yaw 0 mode 2 st 0 gl 2 hp 60 frg 1
ARGEVT Joe Rogan hazard
ARGUS routecache adopt
ARGEVT Joe Rogan route 8 start '721.0 -887.0 -232.0' goal '401.0 -759.0 -104.0'
ARGLOG Joe Rogan t  16.1 pos '720.0 -912.0 -232.0' spd 0 yaw 259.6 mode 0 st 0 gl 1 hp 100 frg 1
ARGLOG Romero t  16.1 pos '317.4 -738.8 -104.0' spd 320.0 yaw 80 mode 0 st 0 gl 0 hp 100 frg 0
ARGEVT Carmack stall
ARGEVT Carmack stallnode '529.0 -311.0 -104.0'
ARGLOG Carmack t  16.1 pos '432.0 -309.2 -385.8' spd   1.3 yaw 343.4 mode 0 st 1 gl 2 hp 20 frg 1
ARGEVT Carmack death world pos '432.0 -309.2 -385.8'
ARGUS routecache adopt
ARGEVT Joe Rogan route 8 start '721.0 -887.0 -232.0' goal '401.0 -759.0 -104.0'
ARGEVT Romero route 20 start '305.0 -791.0 -104.0' goal '817.0 -855.0 -232.0'
ARGEVT Romero hazard
ARGEVT Joe Rogan route 8 start '721.0 -887.0 -232.0' goal '401.0 -759.0 -104.0'
ARGUS routecache adopt
ARGEVT Joe Rogan route 8 start '721.0 -887.0 -232.0' goal '401.0 -759.0 -104.0'
ARGLOG Joe Rogan t  16.6 pos '720.0 -912.0 -232.0' spd 0 yaw 264 mode 0 st 0 gl 1 hp 100 frg 1
ARGLOG Romero t  16.6 pos '365.2 -587.9 -104.0' spd 135.7 yaw 228 mode 2 st 0 gl 0 hp 100 frg 0
ARGUS routecache adopt
ARGEVT Joe Rogan route 8 start '721.0 -887.0 -232.0' goal '401.0 -759.0 -104.0'
ARGUS routecache adopt
ARGEVT Joe Rogan route 8 start '721.0 -887.0 -232.0' goal '401.0 -759.0 -104.0'
ARGLOG Joe Rogan t  17.1 pos '720.0 -912.0 -232.0' spd 0 yaw 264 mode 0 st 0 gl 1 hp 100 frg 1
ARGLOG Romero t  17.1 pos '339.0 -734.9 -104.0' spd 337.3 yaw 237 mode 2 st 0 gl 0 hp 100 frg 0
ARGUS routecache adopt
ARGEVT Joe Rogan route 8 start '721.0 -887.0 -232.0' goal '401.0 -759.0 -104.0'
ARGEVT Joe Rogan stall
ARGEVT Joe Rogan jump
ARGUS routecache adopt
ARGEVT Joe Rogan route 8 start '721.0 -887.0 -232.0' goal '401.0 -759.0 -104.0'
ARGUS routecache adopt
ARGEVT Joe Rogan route 8 start '721.0 -887.0 -232.0' goal '401.0 -759.0 -104.0'
ARGLOG Joe Rogan t  17.6 pos '720.0 -912.0 -193.1' spd 0 yaw 264 mode 0 st 1 gl 1 hp 100 frg 1
ARGLOG Romero t  17.6 pos '231.1 -867.5 -104.0' spd 322.2 yaw 253 mode 2 st 0 gl 0 hp 100 frg 0
ARGEVT Carmack respawn
ARGEVT Carmack goal 
ARGLOG Carmack t  17.7 pos '784.0 -176.0  24.0' spd 0 yaw 196.6 mode 0 st 1 gl 2 hp 100 frg 0
ARGEVT Carmack route 4 start '753.0 -151.0  24.0' goal '273.0 -375.0 -296.0'
ARGEVT Joe Rogan route 8 start '721.0 -887.0 -232.0' goal '401.0 -759.0 -104.0'
ARGUS routecache adopt
ARGEVT Joe Rogan route 8 start '721.0 -887.0 -232.0' goal '401.0 -759.0 -104.0'
ARGEVT Joe Rogan stall
ARGEVT Joe Rogan jump
ARGLOG Joe Rogan t  18.1 pos '721.5 -911.6 -210.4' spd 30 yaw  14.6 mode 0 st 2 gl 1 hp 100 frg 1
ARGLOG Romero t  18.1 pos '172.3 -1022.1 -104.0' spd 320.6 yaw 272 mode 2 st 0 gl 0 hp 100 frg 0
ARGLOG Carmack t  18.2 pos '629.6 -197.0  24.0' spd 321.9 yaw 176 mode 2 st 1 gl 2 hp 100 frg 0
ARGLOG Joe Rogan t  18.7 pos '736.5 -907.7 -230.9' spd 30 yaw  14.6 mode 0 st 2 gl 1 hp 100 frg 1
ARGLOG Romero t  18.7 pos '170.0 -1188.3 -88.0' spd 336.5 yaw 15 mode 2 st 0 gl 0 hp 100 frg 0
ARGEVT Romero hazard
ARGLOG Carmack t  18.8 pos '449.0 -178.8 -20.5' spd 320.4 yaw 182 mode 2 st 1 gl 2 hp 100 frg 0
ARGEVT Romero jump
ARGEVT Romero engage Carmack
ARGEVT Carmack engage Romero
ARGLOG Joe Rogan t  19.2 pos '816.8 -892.1 -232.0' spd 236.2 yaw 200.0 mode 0 st 2 gl 1 hp 100 frg 1
ARGLOG Romero t  19.2 pos '208.0 -1201.7 -34.1' spd  47.0 yaw  86.4 mode 2 st 0 gl 0 hp 100 frg 0
ARGLOG Carmack t  19.3 pos '300.1 -169.7 -267.3' spd 156.9 yaw 268.4 mode 2 st 1 gl 2 hp 100 frg 0
ARGEVT Joe Rogan engage Carmack
ARGEVT Joe Rogan grab weapon_nailgun
ARGEVT Romero pursue
ARGEVT Carmack pursue
ARGUS Carmack hunch 
ARGEVT Carmack pursue
ARGEVT Carmack swim
ARGEVT Joe Rogan goal 
ARGEVT Carmack goal 
ARGEVT Joe Rogan route 2 start '337.0   9.0 -296.0' goal '273.0 -375.0 -296.0'
ARGLOG Joe Rogan t  19.7 pos '368.0 -36.4 -296.0' spd 300 yaw 239.9 mode 2 st 2 gl 1 hp 100 frg 1
ARGLOG Romero t  19.7 pos '222.0 -1113.4 -58.0' spd 320.0 yaw 79 mode 2 st 0 gl 0 hp 100 frg 0
ARGLOG Carmack t  19.8 pos '246.0 -229.6 -403.5' spd 243.2 yaw 268 mode 0 st 1 gl 2 hp 30 frg 0
ARGEVT Carmack route 2 start '241.0 -279.0 -296.0' goal '273.0 -375.0 -296.0'
ARGEVT Joe Rogan hazard
ARGEVT Carmack death world pos '240.0 -313.3 -400.8'
ARGLOG Joe Rogan t  20.2 pos '362.2 -92.0 -296.0' spd 271.6 yaw 253 mode 2 st 2 gl 1 hp 92 frg 1
ARGLOG Romero t  20.2 pos '253.8 -951.7 -104.0' spd 328.1 yaw  46.0 mode 2 st 0 gl 0 hp 100 frg 0
ARGLOG Joe Rogan t  20.7 pos '327.1 -258.6 -296.0' spd 242.6 yaw 246 mode 2 st 2 gl 1 hp 92 frg 1
ARGLOG Romero t  20.7 pos '410.2 -938.6 -104.0' spd 429.5 yaw 203 mode 2 st 0 gl 0 hp 100 frg 0
ARGEVT Romero hazard
ARGEVT Joe Rogan jump
ARGLOG Joe Rogan t  21.2 pos '213.2 -149.9 -258.3' spd 322.5 yaw 219.9 mode 2 st 2 gl 1 hp 92 frg 1
ARGLOG Romero t  21.2 pos '406.0 -1031.3 -104.0' spd 356.2 yaw 154 mode 2 st 0 gl 0 hp 100 frg 0
ARGEVT Carmack respawn
ARGEVT Carmack goal 
ARGLOG Carmack t  21.7 pos '-64.0 512.0 -296.0' spd 0 yaw 286.6 mode 0 st 1 gl 2 hp 100 frg -1
ARGEVT Carmack route 7 start '-15.0 553.0 -296.0' goal '273.0 -375.0 -296.0'
ARGLOG Joe Rogan t  21.7 pos '112.0 -176.0 -342.2' spd 0 yaw 309 mode 2 st 2 gl 1 hp 92 frg 1
ARGLOG Romero t  21.7 pos '284.7 -1040.0 -104.0' spd 168.4 yaw 70 mode 2 st 0 gl 0 hp 100 frg 0
ARGEVT Joe Rogan swim
ARGEVT Joe Rogan swim
ARGEVT Carmack hazard
ARGEVT Romero jump
ARGEVT Joe Rogan swim
ARGLOG Carmack t  22.2 pos ' 41.7 410.8 -296.0' spd 286.0 yaw 248 mode 2 st 1 gl 2 hp 100 frg -1
ARGLOG Joe Rogan t  22.3 pos '157.3 -176.0 -385.0' spd 135.8 yaw 301 mode 2 st 2 gl 1 hp 82 frg 1
ARGLOG Romero t  22.3 pos '272.0 -1136.0 -82.4' spd 0 yaw 77 mode 2 st 0 gl 0 hp 100 frg 0
ARGEVT Joe Rogan swim
ARGEVT Joe Rogan swim
ARGLOG Carmack t  22.7 pos ' 51.4 405.2 -296.0' spd 292.2 yaw 245 mode 2 st 1 gl 2 hp 100 frg -1
ARGLOG Joe Rogan t  22.8 pos '224.6 -176.0 -384.6' spd 111.7 yaw 284 mode 2 st 2 gl 1 hp 70 frg 1
ARGLOG Romero t  22.8 pos '272.0 -1136.0 -102.3' spd 0 yaw 77 mode 2 st 0 gl 0 hp 100 frg 0
ARGEVT Romero hazard
ARGEVT Joe Rogan swim
ARGEVT Romero jump
ARGEVT Joe Rogan swim
ARGLOG Carmack t  23.2 pos '-77.9 323.4 -296.0' spd 351.7 yaw 278 mode 2 st 1 gl 2 hp 100 frg -1
ARGLOG Joe Rogan t  23.3 pos '265.0 -231.5 -384.3' spd 225.6 yaw 274 mode 2 st 2 gl 1 hp 64 frg 1
ARGLOG Romero t  23.3 pos '272.0 -1094.1 -65.1' spd  24.5 yaw 73 mode 2 st 0 gl 0 hp 100 frg 0
ARGEVT Joe Rogan swim
ARGEVT Joe Rogan swim
ARGEVT Carmack hazard
ARGEVT Romero stall
ARGEVT Romero stallnode '337.0 -1143.0  -8.0'
ARGEVT Romero jump
ARGLOG Carmack t  23.8 pos '-49.5 165.1 -296.0' spd 362.4 yaw 280 mode 2 st 1 gl 2 hp 100 frg -1
ARGLOG Joe Rogan t  23.8 pos '276.8 -367.6 -384.1' spd 285.4 yaw 243.7 mode 2 st 2 gl 1 hp 52 frg 1
ARGLOG Romero t  23.8 pos '272.0 -1136.0 -82.5' spd 0 yaw  13.6 mode 0 st 1 gl 0 hp 100 frg 0
ARGEVT Joe Rogan swim
ARGEVT Romero route 16 start '241.0 -1143.0 -40.0' goal '817.0 -855.0 -232.0'
ARGEVT Joe Rogan swim
ARGLOG Carmack t  24.3 pos '-30.5  -4.6 -296.0' spd 323.3 yaw 282 mode 2 st 1 gl 2 hp 100 frg -1
ARGLOG Joe Rogan t  24.3 pos '274.0 -368.0 -383.8' spd   5.9 yaw 263 mode 2 st 2 gl 1 hp 21 frg 1
ARGLOG Romero t  24.3 pos '272.0 -1119.2 -102.9' spd  48.2 yaw 340 mode 2 st 1 gl 0 hp 100 frg 0
ARGEVT Joe Rogan swim
ARGEVT Romero hazard
ARGEVT Romero stall
ARGEVT Romero stallnode '273.0 -1207.0 -24.0'
ARGEVT Romero jump
ARGEVT Joe Rogan stall
ARGEVT Joe Rogan stallnode '273.0 -375.0 -296.0'
ARGEVT Joe Rogan death world pos '272.5 -368.0 -384.0'
ARGLOG Carmack t  24.8 pos '-38.8 -172.1 -296.0' spd 336.0 yaw 358 mode 2 st 1 gl 2 hp 100 frg -1
ARGLOG Romero t  24.8 pos '272.0 -1046.7 -69.1' spd 151.7 yaw 158.7 mode 0 st 2 gl 0 hp 100 frg 0
ARGLOG Carmack t  25.3 pos '104.4 -256.8 -296.0' spd 339.7 yaw 325 mode 2 st 1 gl 2 hp 100 frg -1
ARGLOG Romero t  25.3 pos '208.3 -961.9 -104.0' spd 323.1 yaw 158.7 mode 0 st 2 gl 0 hp 100 frg 0
ARGEVT Carmack hazard
ARGLOG Carmack t  25.8 pos '261.2 -218.2 -296.0' spd 320.9 yaw   8.4 mode 2 st 1 gl 2 hp 100 frg -1
ARGEVT Carmack jump
ARGLOG Romero t  25.9 pos '117.9 -893.3 -104.0' spd 274.0 yaw   9.5 mode 0 st 2 gl 0 hp 100 frg 0
ARGEVT Romero goal 
ARGEVT Romero route 7 start '177.0 -855.0 -104.0' goal '273.0 -375.0 -296.0'
ARGEVT Joe Rogan respawn
ARGEVT Joe Rogan goal weapon_lightning
ARGLOG Joe Rogan t  26.1 pos '-64.0 -232.0 -72.0' spd 0 yaw 354 mode 0 st 3 gl 1 hp 100 frg 0
ARGEVT Joe Rogan route 5 start '-47.0 -215.0 -72.0' goal '529.0 -311.0 -104.0'
ARGLOG Carmack t  26.3 pos '425.1 -290.5 -273.4' spd 346.7 yaw 236.8 mode 1 st 1 gl 2 hp 100 frg -1
ARGLOG Romero t  26.4 pos '267.1 -820.6 -104.0' spd 320.7 yaw 76 mode 2 st 2 gl 0 hp 100 frg 0
ARGEVT Carmack abandon
ARGLOG Joe Rogan t  26.6 pos ' 89.7 -208.0 -72.0' spd 308.0 yaw 278 mode 2 st 3 gl 1 hp 100 frg 0
ARGEVT Carmack goal weapon_grenadelauncher
ARGEVT Carmack abandon
ARGEVT Carmack route 9 start '401.0 -279.0 -296.0' goal '113.0 -407.0 -104.0'
ARGEVT Carmack swim
ARGEVT Carmack engage Joe Rogan
ARGEVT Joe Rogan engage Carmack
ARGEVT Romero engage Joe Rogan
ARGEVT Carmack goal 
ARGLOG Carmack t  26.8 pos '432.0 -368.0 -403.5' spd 0 yaw  40.4 mode 0 st 1 gl 2 hp 80 frg -1
ARGEVT Carmack route 3 start '401.0 -279.0 -296.0' goal '273.0 -375.0 -296.0'
ARGLOG Romero t  26.9 pos '348.9 -685.1 -104.0' spd 220.6 yaw 101.2 mode 2 st 2 gl 0 hp 100 frg 0
ARGLOG Joe Rogan t  27.1 pos '180.5 -304.2 -40.0' spd 322.4 yaw 357.9 mode 2 st 3 gl 1 hp 100 frg 0
ARGEVT Joe Rogan grab weapon_grenadelauncher
ARGEVT Carmack retreat
ARGLOG Carmack t  27.4 pos '432.0 -338.0 -399.0' spd 125.1 yaw 218.1 mode 2 st 1 gl 2 hp 20 frg -1
ARGEVT Carmack death Carmack pos '432.0 -332.3 -398.5'
ARGLOG Romero t  27.4 pos '330.8 -615.1 -104.0' spd 254.3 yaw 121.8 mode 2 st 2 gl 0 hp 100 frg 0
ARGEVT Romero hazard
ARGLOG Joe Rogan t  27.7 pos '136.8 -467.0  24.0' spd 343.1 yaw 286.9 mode 2 st 3 gl 1 hp 100 frg 0
ARGEVT Joe Rogan hazard
ARGEVT Romero pursue
ARGEVT Joe Rogan engage Romero
ARGLOG Romero t  27.9 pos '344.3 -487.8 -108.0' spd 321.8 yaw 177.0 mode 2 st 2 gl 0 hp 100 frg 0
ARGLOG Joe Rogan t  28.2 pos '123.3 -435.7  24.0' spd 515.2 yaw  11.7 mode 2 st 3 gl 1 hp 64 frg 0
ARGLOG Romero t  28.4 pos '311.3 -481.1 -104.0' spd 320.9 yaw 163.6 mode 2 st 2 gl 0 hp 100 frg 0
ARGLOG Joe Rogan t  28.7 pos '112.0 -432.0   8.0' spd 0 yaw 346.6 mode 2 st 3 gl 1 hp 64 frg 0
ARGEVT Joe Rogan pursue
ARGEVT Romero pursue
ARGEVT Romero grab weapon_grenadelauncher
ARGEVT Carmack respawn
ARGLOG Romero t  29.0 pos '284.3 -421.0 -104.0' spd 343.5 yaw 173.6 mode 2 st 2 gl 0 hp 96 frg 0
ARGEVT Carmack goal item_armorInv
ARGLOG Carmack t  29.0 pos '272.0 -952.0  24.0' spd 0 yaw 10 mode 0 st 1 gl 2 hp 100 frg -2
ARGEVT Carmack route 13 start '305.0 -983.0  24.0' goal '817.0 -855.0 -232.0'
ARGLOG Joe Rogan t  29.2 pos '143.2 -340.4 -24.0' spd 335.4 yaw 330.1 mode 2 st 3 gl 1 hp 60 frg 0
ARGEVT Romero weapon ssg
ARGLOG Romero t  29.5 pos '132.8 -421.0 -104.0' spd 135.9 yaw  90.2 mode 2 st 2 gl 0 hp 96 frg 0
ARGLOG Carmack t  29.5 pos '394.6 -855.1  24.0' spd 404.3 yaw 123 mode 2 st 1 gl 2 hp 100 frg -2
ARGEVT Joe Rogan pursue
ARGEVT Joe Rogan hazard
ARGUS Joe Rogan hunch item_artifact_super_damage
ARGLOG Joe Rogan t  29.7 pos '197.5 -257.8 -72.0' spd 309.8 yaw 151.8 mode 2 st 3 gl 1 hp 60 frg 0
ARGEVT Joe Rogan goal item_health
ARGEVT Romero weapon gl
ARGEVT Joe Rogan route 4 start '177.0 -215.0 -72.0' goal '497.0 -471.0  24.0'
ARGLOG Romero t  30.0 pos '255.8 -410.3 -104.0' spd  90.2 yaw 150.5 mode 2 st 2 gl 0 hp 96 frg 0
ARGLOG Carmack t  30.0 pos '334.0 -702.4  24.0' spd 325.3 yaw 111 mode 2 st 1 gl 2 hp 100 frg -2
ARGLOG Joe Rogan t  30.2 pos '143.5 -241.3 -72.0' spd 322.8 yaw 283.4 mode 2 st 3 gl 1 hp 40 frg 0
ARGEVT Joe Rogan pursue
ARGEVT Romero pursue
ARGEVT Carmack engage Joe Rogan
ARGUS Romero hunch item_artifact_super_damage
ARGLOG Romero t  30.5 pos '121.4 -387.9 -104.0' spd 360.1 yaw 251.8 mode 2 st 2 gl 0 hp 96 frg 0
ARGEVT Romero hazard
ARGLOG Carmack t  30.5 pos '332.5 -547.5  24.0' spd 342.9 yaw 107.2 mode 2 st 1 gl 2 hp 100 frg -2
ARGEVT Romero goal 
ARGEVT Romero route 5 start '113.0 -407.0 -104.0' goal '273.0 -375.0 -296.0'
ARGLOG Joe Rogan t  30.8 pos '280.7 -314.8 -103.7' spd 339.6 yaw 216.1 mode 2 st 3 gl 1 hp 40 frg 0
ARGEVT Romero weapon ssg
ARGEVT Joe Rogan retreat
ARGEVT Romero weapon gl
ARGEVT Joe Rogan death Carmack pos '301.2 -311.1 -170.5'
ARGUS Carmack watch spawn
ARGEVT Romero engage Carmack
ARGLOG Romero t  31.0 pos '165.2 -408.2 -104.0' spd 267.1 yaw  24.1 mode 2 st 2 gl 0 hp 96 frg 0
ARGEVT Carmack goal weapon_rocketlauncher
ARGEVT Carmack engage Romero
ARGLOG Carmack t  31.0 pos '462.2 -419.5  22.0' spd 322.7 yaw 166.8 mode 0 st 1 gl 2 hp 100 frg -1
ARGEVT Carmack route 6 start '497.0 -471.0  24.0' goal ' 49.0 105.0 -296.0'
ARGLOG Romero t  31.5 pos '117.3 -398.6 -104.0' spd 227.3 yaw   1.0 mode 2 st 2 gl 0 hp 96 frg 0
ARGLOG Carmack t  31.5 pos '465.9 -414.7 -104.0' spd  33.9 yaw 175.4 mode 2 st 1 gl 2 hp 100 frg -1
ARGEVT Carmack hazard
ARGLOG Romero t  32.0 pos '132.7 -417.6 -104.0' spd 117.7 yaw  18.2 mode 2 st 2 gl 0 hp 72 frg 0
ARGLOG Carmack t  32.0 pos '442.5 -370.8 -104.0' spd 240.9 yaw 184.6 mode 2 st 1 gl 2 hp 100 frg -1
ARGEVT Romero hazard
ARGEVT Joe Rogan respawn
ARGEVT Joe Rogan goal weapon_lightning
ARGEVT Joe Rogan engage Carmack
ARGLOG Joe Rogan t  32.6 pos '112.0 -1136.0 -104.0' spd 0 yaw  62.4 mode 0 st 3 gl 1 hp 100 frg 0
ARGLOG Romero t  32.6 pos '164.6 -432.0 -104.0' spd 270.7 yaw  50.0 mode 2 st 2 gl 0 hp 60 frg 0
ARGLOG Carmack t  32.6 pos '478.5 -322.7 -104.0' spd 275.3 yaw 200.4 mode 2 st 1 gl 2 hp 100 frg -1
ARGEVT Joe Rogan route 6 start '145.0 -1143.0 -88.0' goal '529.0 -311.0 -104.0'
ARGLOG Joe Rogan t  33.1 pos '183.3 -985.9 -104.0' spd 320.1 yaw  60.7 mode 2 st 3 gl 1 hp 100 frg 0
ARGLOG Romero t  33.1 pos '247.3 -438.0 -104.0' spd 334.3 yaw  14.5 mode 2 st 2 gl 0 hp 36 frg 0
ARGLOG Carmack t  33.1 pos '465.8 -398.4 -104.0' spd 145.3 yaw 192.3 mode 2 st 1 gl 2 hp 100 frg -1
ARGEVT Romero retreat
ARGEVT Joe Rogan pursue
ARGEVT Carmack hazard
ARGEVT Romero hazard
ARGLOG Joe Rogan t  33.7 pos '222.6 -820.5 -104.0' spd 352.6 yaw  55.0 mode 2 st 3 gl 1 hp 100 frg 0
ARGLOG Romero t  33.7 pos '251.2 -525.8 -104.0' spd  48.5 yaw   3.6 mode 2 st 2 gl 0 hp 12 frg 0
ARGEVT Romero death Carmack pos '247.6 -510.3 -104.0'
ARGLOG Carmack t  33.7 pos '499.4 -431.8 -104.0' spd 328.0 yaw 196.2 mode 2 st 1 gl 2 hp 96 frg 0
ARGEVT Carmack goal item_armorInv
ARGEVT Joe Rogan pursue
ARGEVT Joe Rogan hazard
ARGEVT Carmack route 18 start '497.0 -407.0 -104.0' goal '817.0 -855.0 -232.0'
ARGEVT Joe Rogan pursue
ARGLOG Joe Rogan t  34.2 pos '306.7 -737.7 -104.0' spd 363.4 yaw 67 mode 2 st 3 gl 1 hp 100 frg 0
ARGLOG Carmack t  34.2 pos '456.6 -432.0 -104.0' spd 325.7 yaw 205 mode 2 st 1 gl 2 hp 96 frg 0
ARGEVT Carmack death Joe Rogan pos '398.5 -394.7 -82.5'
ARGUS Joe Rogan watch spawn
ARGEVT Joe Rogan goal weapon_rocketlauncher
ARGEVT Joe Rogan route 7 start '305.0 -663.0 -104.0' goal ' 49.0 105.0 -296.0'
ARGLOG Joe Rogan t  34.7 pos '318.7 -588.1 -104.0' spd 339.3 yaw  57.0 mode 2 st 3 gl 1 hp 100 frg 1
ARGLOG Joe Rogan t  35.3 pos '429.6 -449.6 -104.0' spd 326.1 yaw 109 mode 2 st 3 gl 1 hp 100 frg 1
ARGEVT Romero respawn
ARGEVT Romero goal weapon_lightning
ARGLOG Romero t  35.3 pos '776.0 -808.0 -232.0' spd 0 yaw 122 mode 0 st 2 gl 0 hp 100 frg 0
ARGEVT Romero route 12 start '817.0 -855.0 -232.0' goal '529.0 -311.0 -104.0'
ARGEVT Romero hazard
ARGLOG Joe Rogan t  35.8 pos '542.8 -317.8 -104.0' spd 381.8 yaw 314.5 mode 2 st 3 gl 1 hp 100 frg 1
ARGLOG Romero t  35.9 pos '773.7 -698.5 -200.0' spd 320.3 yaw  68.4 mode 2 st 2 gl 0 hp 100 frg 0
ARGEVT Carmack respawn
ARGEVT Carmack goal weapon_lightning
ARGLOG Carmack t  36.1 pos '784.0 -176.0  24.0' spd 0 yaw 196.6 mode 0 st 1 gl 2 hp 100 frg 0
ARGEVT Carmack route 2 start '753.0 -151.0  24.0' goal '529.0 -311.0 -104.0'
ARGLOG Joe Rogan t  36.4 pos '681.5 -455.6 -136.0' spd 321.4 yaw 150 mode 2 st 3 gl 1 hp 100 frg 1
ARGEVT Joe Rogan hazard
ARGLOG Romero t  36.4 pos '786.7 -530.8 -120.0' spd 367.7 yaw 160 mode 2 st 2 gl 0 hp 100 frg 0
ARGLOG Carmack t  36.6 pos '637.5 -190.6  24.0' spd 323.5 yaw 187 mode 2 st 1 gl 2 hp 100 frg 0
ARGEVT Romero route 16 start '753.0 -471.0 -104.0' goal '529.0 -311.0 -104.0'
ARGLOG Joe Rogan t  37.0 pos '466.0 -240.0 -296.0' spd 300 yaw 181 mode 2 st 3 gl 1 hp 100 frg 1
ARGLOG Romero t  37.0 pos '817.7 -400.0 -104.0' spd 319.3 yaw 252 mode 2 st 2 gl 0 hp 100 frg 0
ARGLOG Carmack t  37.2 pos '433.7 -301.3 -50.5' spd 365.0 yaw 258 mode 1 st 1 gl 2 hp 100 frg 0
ARGEVT Joe Rogan engage Carmack
ARGEVT Joe Rogan grab 
ARGEVT Carmack engage Joe Rogan
ARGLOG Joe Rogan t  37.5 pos '415.2 -253.1 -296.0' spd 320.1 yaw 258.5 mode 2 st 3 gl 1 hp 100 frg 1
ARGLOG Romero t  37.5 pos '887.5 -529.6 -104.0' spd 383.5 yaw 208 mode 2 st 2 gl 0 hp 100 frg 0
ARGLOG Carmack t  37.7 pos '322.2 -368.0 -349.3' spd 180.9 yaw  64.2 mode 1 st 1 gl 2 hp 100 frg 0
ARGEVT Carmack weapon sg
ARGEVT Carmack swim
ARGEVT Carmack weapon rl
ARGLOG Joe Rogan t  38.1 pos '417.6 -247.7 -296.0' spd 133.5 yaw 212.8 mode 2 st 3 gl 1 hp 100 frg 1
ARGLOG Romero t  38.1 pos '752.0 -618.8 -152.0' spd 108.8 yaw 264 mode 2 st 2 gl 0 hp 100 frg 0
ARGUS Carmack shove
ARGEVT Carmack retreat
ARGLOG Carmack t  38.3 pos '235.1 -327.6 -402.6' spd 366.2 yaw  53.0 mode 1 st 1 gl 2 hp 9 frg 0
ARGEVT Joe Rogan hazard
ARGEVT Carmack death world pos '171.4 -308.5 -407.8'
ARGLOG Joe Rogan t  38.6 pos '373.5 -272.9 -296.0' spd 320.5 yaw 241.7 mode 2 st 3 gl 1 hp 100 frg 1
ARGLOG Romero t  38.6 pos '747.2 -728.4 -216.0' spd 320.0 yaw 114 mode 2 st 2 gl 0 hp 100 frg 0
ARGLOG Joe Rogan t  39.2 pos '201.8 -277.1 -296.0' spd 320.7 yaw 137 mode 2 st 3 gl 1 hp 100 frg 1
ARGUS routecache adopt
ARGEVT Romero route 11 start '721.0 -887.0 -232.0' goal '529.0 -311.0 -104.0'
ARGLOG Romero t  39.2 pos '720.0 -895.5 -232.0' spd 346.2 yaw 211.5 mode 0 st 2 gl 0 hp 100 frg 0
ARGEVT Romero hazard
ARGUS routecache adopt
ARGEVT Romero route 11 start '721.0 -887.0 -232.0' goal '529.0 -311.0 -104.0'
ARGEVT Joe Rogan hazard
ARGUS routecache adopt
ARGEVT Romero route 11 start '721.0 -887.0 -232.0' goal '529.0 -311.0 -104.0'
ARGLOG Joe Rogan t  39.7 pos ' 13.2 -272.0 -296.0' spd 325.6 yaw 295.1 mode 2 st 3 gl 1 hp 100 frg 1
ARGLOG Romero t  39.7 pos '720.0 -810.4 -232.0' spd 345.3 yaw 110 mode 2 st 2 gl 0 hp 100 frg 0
ARGEVT Carmack respawn
ARGEVT Carmack goal weapon_rocketlauncher
ARGLOG Carmack t  40.1 pos '-64.0 512.0 -296.0' spd 0 yaw 286.3 mode 0 st 1 gl 2 hp 100 frg -1
ARGEVT Carmack route 23 start '-15.0 553.0 -296.0' goal '721.0 -887.0 -232.0'
ARGLOG Joe Rogan t  40.3 pos '143.1 -273.5 -296.0' spd 320.6 yaw 103 mode 2 st 3 gl 1 hp 100 frg 1
ARGLOG Romero t  40.3 pos '720.6 -801.0 -232.0' spd 320.0 yaw 111 mode 2 st 2 gl 0 hp 100 frg 0
ARGEVT Carmack hazard
ARGEVT Joe Rogan route 3 start '241.0 -279.0 -296.0' goal ' 49.0 105.0 -296.0'
ARGEVT Joe Rogan hazard
ARGEVT Romero hazard
ARGLOG Carmack t  40.6 pos ' 40.2 406.5 -296.0' spd 241.6 yaw 248 mode 2 st 1 gl 2 hp 100 frg -1
ARGEVT Joe Rogan engage Romero
ARGEVT Romero engage Joe Rogan
ARGLOG Joe Rogan t  40.8 pos '292.0 -213.0 -296.0' spd 132.8 yaw  71.1 mode 2 st 3 gl 1 hp 100 frg 1
ARGLOG Romero t  40.8 pos '368.0  24.8 -267.5' spd 300 yaw 257.8 mode 0 st 2 gl 0 hp 100 frg 0
ARGEVT Romero route 10 start '337.0   9.0 -296.0' goal '529.0 -311.0 -104.0'
ARGLOG Carmack t  41.1 pos '104.6 374.0 -296.0' spd 191.1 yaw 229 mode 2 st 1 gl 2 hp 100 frg -1
ARGEVT Joe Rogan route 4 start '401.0 -183.0 -296.0' goal ' 49.0 105.0 -296.0'
ARGLOG Joe Rogan t  41.3 pos '393.7 -206.8 -296.0' spd 231.6 yaw 107.0 mode 2 st 3 gl 1 hp 100 frg 1
ARGLOG Romero t  41.3 pos '368.0 -37.6 -296.0' spd 119.6 yaw 272.4 mode 2 st 2 gl 0 hp 96 frg 0
ARGEVT Carmack hazard
ARGEVT Joe Rogan hazard
ARGLOG Carmack t  41.6 pos '-20.0 425.9 -296.0' spd 313.7 yaw 264 mode 2 st 1 gl 2 hp 100 frg -1
ARGLOG Joe Rogan t  41.8 pos '249.3 -243.4 -296.0' spd 320.2 yaw  50.1 mode 2 st 3 gl 1 hp 76 frg 1
ARGLOG Romero t  41.8 pos '396.3 -134.5 -296.0' spd 321.8 yaw 223.8 mode 2 st 2 gl 0 hp 96 frg 0
ARGLOG Carmack t  42.1 pos '-59.5 317.3 -296.0' spd 320.2 yaw 273 mode 2 st 1 gl 2 hp 100 frg -1
ARGLOG Joe Rogan t  42.3 pos '249.8 -260.9 -296.0' spd 354.2 yaw  42.9 mode 2 st 3 gl 1 hp 60 frg 1
ARGLOG Romero t  42.3 pos '372.0 -112.4 -296.0' spd 320.0 yaw 233.6 mode 2 st 2 gl 0 hp 96 frg 0
ARGLOG Carmack t  42.6 pos '-45.1 147.1 -296.0' spd 335.7 yaw 281.6 mode 2 st 1 gl 2 hp 100 frg -1
ARGLOG Joe Rogan t  42.8 pos '307.2 -220.6 -296.0' spd 325.5 yaw 57 mode 2 st 3 gl 1 hp 36 frg 1
ARGEVT Joe Rogan hazard
ARGLOG Romero t  42.8 pos '380.9 -92.5 -296.0' spd 310.6 yaw 244.7 mode 2 st 2 gl 0 hp 92 frg 0
ARGEVT Joe Rogan retreat
ARGEVT Carmack hazard
ARGEVT Romero hazard
ARGLOG Carmack t  43.2 pos ' 11.5  48.0 -296.0' spd 257.3 yaw 288 mode 2 st 1 gl 2 hp 100 frg -1
ARGLOG Joe Rogan t  43.4 pos '186.7 -263.2 -296.0' spd 332.8 yaw  28.3 mode 2 st 3 gl 1 hp 12 frg 1
ARGEVT Joe Rogan death Romero pos '169.7 -264.1 -296.0'
ARGUS Romero watch spawn
ARGLOG Romero t  43.4 pos '378.4 -150.8 -296.0' spd 345.0 yaw 210.6 mode 2 st 2 gl 0 hp 88 frg 1
ARGEVT Romero goal weapon_rocketlauncher
ARGUS routecache adopt
ARGEVT Romero route 4 start '401.0 -183.0 -296.0' goal ' 49.0 105.0 -296.0'
ARGLOG Carmack t  43.7 pos '-54.0 -20.9 -296.0' spd 348.7 yaw 290.3 mode 2 st 1 gl 2 hp 100 frg -1
ARGLOG Romero t  43.9 pos '293.7 -228.1 -296.0' spd 392.0 yaw 151 mode 2 st 2 gl 0 hp 88 frg 1
ARGEVT Carmack hazard
ARGEVT Romero engage Carmack
ARGEVT Romero grab 
ARGEVT Carmack engage Romero
ARGLOG Carmack t  44.2 pos '-41.2 -193.5 -296.0' spd 396.2 yaw 354.9 mode 2 st 1 gl 2 hp 100 frg -1
ARGLOG Romero t  44.4 pos '129.5 -253.5 -296.0' spd 357.5 yaw 161.5 mode 2 st 2 gl 0 hp 88 frg 1
ARGEVT Romero hazard
ARGLOG Carmack t  44.7 pos '-49.5 -203.7 -296.0' spd 320.0 yaw 350.5 mode 2 st 1 gl 2 hp 100 frg -1
ARGEVT Joe Rogan respawn
ARGLOG Romero t  44.9 pos ' 79.1 -243.4 -296.0' spd 291.2 yaw 181.6 mode 2 st 2 gl 0 hp 84 frg 1
ARGEVT Joe Rogan goal weapon_supernailgun
ARGLOG Joe Rogan t  45.0 pos '-64.0 -232.0 -72.0' spd 0 yaw 10 mode 0 st 3 gl 1 hp 100 frg 1
ARGEVT Joe Rogan routefail
ARGEVT Joe Rogan goal weapon_lightning
ARGEVT Joe Rogan route 5 start '-47.0 -215.0 -72.0' goal '529.0 -311.0 -104.0'
ARGLOG Carmack t  45.2 pos '-72.1 -172.7 -296.0' spd 333.8 yaw 336.1 mode 2 st 1 gl 2 hp 100 frg -1
ARGLOG Romero t  45.4 pos ' 68.6 -250.7 -296.0' spd 240.0 yaw 131.4 mode 2 st 2 gl 0 hp 84 frg 1
ARGLOG Joe Rogan t  45.5 pos ' 89.8 -208.0 -72.0' spd 329.0 yaw 278 mode 2 st 3 gl 1 hp 100 frg 1
ARGEVT Romero hazard
ARGEVT Carmack hazard
ARGLOG Carmack t  45.7 pos '-65.2 -132.7 -296.0' spd  79.6 yaw 309.8 mode 2 st 1 gl 2 hp 96 frg -1
ARGEVT Joe Rogan hazard
ARGLOG Romero t  45.9 pos '-27.4 -266.9 -296.0' spd 352.0 yaw 101.3 mode 2 st 2 gl 0 hp 84 frg 1
ARGLOG Joe Rogan t  46.0 pos '187.0 -293.1 -56.0' spd 344.6 yaw 220.5 mode 2 st 3 gl 1 hp 100 frg 1
ARGEVT Joe Rogan jump
ARGLOG Carmack t  46.2 pos '-38.3 -68.1 -296.0' spd 274.7 yaw 258.9 mode 2 st 1 gl 2 hp 72 frg -1
ARGLOG Romero t  46.4 pos '-31.8 -265.8 -296.0' spd 325.4 yaw  93.4 mode 2 st 2 gl 0 hp 84 frg 1
ARGLOG Joe Rogan t  46.5 pos '112.0 -332.8  -5.1' spd  30.7 yaw 358 mode 2 st 3 gl 1 hp 100 frg 1
ARGLOG Carmack t  46.7 pos '-60.5 -96.6 -296.0' spd 320.2 yaw 312.0 mode 2 st 1 gl 2 hp 52 frg -1
ARGEVT Romero hazard
ARGEVT Carmack hazard
ARGLOG Romero t  47.0 pos ' 62.4 -221.6 -296.0' spd 261.5 yaw 151.3 mode 2 st 2 gl 0 hp 84 frg 1
ARGLOG Joe Rogan t  47.0 pos '115.1 -248.0 -72.0' spd 328.8 yaw 126.0 mode 2 st 3 gl 1 hp 100 frg 1
ARGEVT Joe Rogan hazard
ARGLOG Carmack t  47.3 pos '-39.4 -188.7 -296.0' spd 301.5 yaw 329.8 mode 2 st 1 gl 2 hp 52 frg -1
ARGUS routecache adopt
ARGEVT Joe Rogan route 5 start '-47.0 -215.0 -72.0' goal '529.0 -311.0 -104.0'
ARGLOG Romero t  47.5 pos '140.7 -250.0 -296.0' spd 353.3 yaw 160.1 mode 2 st 2 gl 0 hp 84 frg 1
ARGLOG Joe Rogan t  47.5 pos '-37.8 -233.3 -72.0' spd 381.7 yaw 317 mode 2 st 3 gl 1 hp 100 frg 1
ARGLOG Carmack t  47.8 pos '-37.7 -218.9 -296.0' spd 320.0 yaw   1.9 mode 2 st 1 gl 2 hp 36 frg -1
ARGEVT Carmack retreat
ARGLOG Romero t  48.0 pos '156.7 -242.0 -296.0' spd 274.5 yaw 160.5 mode 2 st 2 gl 0 hp 84 frg 1
ARGLOG Joe Rogan t  48.0 pos ' 39.0 -264.6 -72.0' spd 336.5 yaw  47.6 mode 2 st 3 gl 1 hp 100 frg 1
ARGEVT Joe Rogan hazard
ARGEVT Carmack pursue
ARGLOG Carmack t  48.3 pos '-75.8 -63.8 -296.0' spd 320.0 yaw 326 mode 2 st 1 gl 2 hp 12 frg -1
ARGEVT Romero pursue
ARGLOG Romero t  48.5 pos ' 95.8 -220.6 -296.0' spd 328.2 yaw 165 mode 2 st 2 gl 0 hp 84 frg 1
ARGUS Carmack hunch item_artifact_super_damage
ARGLOG Joe Rogan t  48.5 pos ' 64.0 -208.0 -72.0' spd 327.0 yaw 321 mode 2 st 3 gl 1 hp 100 frg 1
ARGEVT Carmack pursue
ARGUS Romero hunch item_artifact_super_damage
ARGEVT Carmack goal weapon_rocketlauncher
ARGEVT Carmack hazard
ARGEVT Carmack route 2 start '-79.0 -151.0 -296.0' goal ' 49.0 105.0 -296.0'
ARGEVT Romero goal weapon_rocketlauncher
ARGEVT Romero route 2 start ' 17.0 -247.0 -296.0' goal ' 49.0 105.0 -296.0'
ARGLOG Carmack t  48.8 pos '-63.7 -123.4 -296.0' spd 376.1 yaw 268.8 mode 2 st 1 gl 2 hp 12 frg -1
ARGEVT Carmack death Romero pos '-68.5 -130.9 -296.0'
ARGEVT Romero goal weapon_rocketlauncher
ARGUS routecache adopt
ARGEVT Romero route 2 start ' 17.0 -247.0 -296.0' goal ' 49.0 105.0 -296.0'
ARGLOG Romero t  49.0 pos ' -5.1 -221.9 -296.0' spd 156.2 yaw 80 mode 2 st 2 gl 0 hp 84 frg 2
ARGLOG Joe Rogan t  49.1 pos '-72.0 -255.0 -72.0' spd  78.7 yaw 341.8 mode 2 st 3 gl 1 hp 100 frg 1
ARGLOG Romero t  49.5 pos '-65.3 -70.3 -296.0' spd 325.9 yaw 140.0 mode 2 st 2 gl 0 hp 84 frg 2
ARGLOG Joe Rogan t  49.6 pos ' 86.9 -250.5 -72.0' spd 379.2 yaw  79.8 mode 2 st 3 gl 1 hp 100 frg 1
ARGEVT Romero hazard
ARGEVT Joe Rogan hazard
ARGLOG Romero t  50.0 pos '-76.7 -18.6 -296.0' spd 326.3 yaw 285 mode 1 st 2 gl 0 hp 84 frg 2
ARGLOG Joe Rogan t  50.1 pos '112.0 -200.6 -72.0' spd  13.8 yaw 314 mode 2 st 3 gl 1 hp 100 frg 1
ARGEVT Carmack respawn
ARGEVT Carmack goal weapon_rocketlauncher
ARGLOG Carmack t  50.4 pos '272.0 -952.0  24.0' spd 0 yaw 8 mode 0 st 1 gl 2 hp 100 frg -1
ARGLOG Romero t  50.5 pos '-26.1 -180.3 -296.0' spd 321.1 yaw  28.2 mode 1 st 2 gl 0 hp 84 frg 2
ARGLOG Joe Rogan t  50.6 pos '-29.2 -216.4 -72.0' spd 321.8 yaw 331 mode 2 st 3 gl 1 hp 100 frg 1
ARGEVT Romero hazard
ARGEVT Carmack route 14 start '305.0 -983.0  24.0' goal '721.0 -887.0 -232.0'
ARGEVT Joe Rogan hazard
ARGLOG Carmack t  51.0 pos '410.8 -877.4  24.0' spd 401.8 yaw 110 mode 2 st 1 gl 2 hp 100 frg -1
ARGLOG Romero t  51.1 pos '-30.5 -75.1 -296.0' spd 326.4 yaw 102.4 mode 1 st 2 gl 0 hp 84 frg 2
ARGLOG Joe Rogan t  51.1 pos '-109.8 -302.4 -72.0' spd 349.7 yaw 337.8 mode 2 st 3 gl 1 hp 100 frg 1
ARGLOG Carmack t  51.5 pos '346.9 -733.2  24.0' spd 330.7 yaw 123 mode 2 st 1 gl 2 hp 100 frg -1
ARGLOG Romero t  51.6 pos ' -1.5  91.5 -296.0' spd 373.8 yaw   3.2 mode 1 st 2 gl 0 hp 84 frg 2
ARGLOG Joe Rogan t  51.6 pos '-80.0 -331.1 -72.0' spd 320.0 yaw 89 mode 2 st 3 gl 1 hp 100 frg 1
ARGEVT Romero goal item_health
ARGEVT Romero hazard
ARGEVT Romero route 4 start ' 49.0 105.0 -296.0' goal '-15.0 553.0 -296.0'
ARGEVT Joe Rogan hazard
ARGLOG Carmack t  52.0 pos '305.5 -582.0  24.0' spd 320.0 yaw 42 mode 2 st 1 gl 2 hp 100 frg -1
ARGLOG Romero t  52.1 pos '112.0  59.5 -296.0' spd 322.7 yaw 118 mode 2 st 2 gl 1 hp 84 frg 2
ARGLOG Joe Rogan t  52.1 pos ' -5.7 -209.1 -72.0' spd 333.4 yaw 328 mode 2 st 3 gl 1 hp 100 frg 1
ARGEVT Carmack engage Joe Rogan
ARGEVT Joe Rogan engage Carmack
ARGEVT Carmack grab 
ARGLOG Carmack t  52.5 pos '274.3 -466.1  24.0' spd 365.0 yaw 140.3 mode 2 st 1 gl 2 hp 100 frg -1
ARGLOG Romero t  52.6 pos '-56.9  70.7 -296.0' spd 377.5 yaw 79 mode 2 st 2 gl 1 hp 84 frg 2
ARGLOG Joe Rogan t  52.7 pos '105.0 -249.5 -72.0' spd 320.9 yaw 303.7 mode 2 st 3 gl 1 hp 100 frg 1
ARGEVT Romero hazard
ARGLOG Carmack t  53.0 pos '241.6 -480.4  24.0' spd 167.0 yaw  97.8 mode 2 st 1 gl 2 hp 80 frg -1
ARGLOG Romero t  53.1 pos '-51.2 192.3 -296.0' spd 306.2 yaw 293.6 mode 2 st 2 gl 1 hp 84 frg 2
ARGLOG Joe Rogan t  53.2 pos '140.1 -233.7 -72.0' spd 324.4 yaw 292.7 mode 2 st 3 gl 1 hp 80 frg 1
ARGLOG Carmack t  53.5 pos '249.8 -493.6  24.0' spd  16.5 yaw 116.7 mode 2 st 1 gl 2 hp 68 frg -1
ARGLOG Romero t  53.6 pos '-50.2 109.2 -296.0' spd 336.1 yaw 297 mode 2 st 2 gl 1 hp 84 frg 2
ARGLOG Joe Rogan t  53.7 pos '160.2 -210.4 -72.0' spd 332.0 yaw 291.2 mode 2 st 3 gl 1 hp 56 frg 1
ARGEVT Joe Rogan hazard
ARGEVT Romero hazard
ARGLOG Carmack t  54.1 pos '315.0 -496.4  24.0' spd 344.3 yaw 130.5 mode 2 st 1 gl 2 hp 48 frg -1
ARGLOG Romero t  54.2 pos '-19.9 -28.7 -296.0' spd  91.8 yaw 89 mode 2 st 2 gl 1 hp 84 frg 2
ARGLOG Joe Rogan t  54.2 pos '114.3 -299.8 -56.0' spd 329.1 yaw 322.8 mode 2 st 3 gl 1 hp 48 frg 1
ARGEVT Joe Rogan jump
ARGEVT Carmack retreat
ARGLOG Carmack t  54.6 pos '474.6 -440.2  24.0' spd 323.3 yaw 158.0 mode 2 st 1 gl 2 hp 49 frg -1
ARGLOG Romero t  54.7 pos ' 38.6  99.5 -296.0' spd 397.2 yaw 339.7 mode 2 st 2 gl 1 hp 84 frg 2
ARGLOG Joe Rogan t  54.7 pos '112.8 -288.2 -35.0' spd  40.8 yaw 333.6 mode 2 st 3 gl 1 hp 44 frg 1
ARGEVT Carmack hazard
ARGEVT Joe Rogan retreat
ARGEVT Romero hazard
ARGEVT Carmack grab weapon_lightning
ARGLOG Carmack t  55.1 pos '559.8 -401.9  24.0' spd 337.9 yaw 157.7 mode 2 st 1 gl 2 hp 49 frg -1
ARGLOG Romero t  55.2 pos '112.0  90.3 -296.0' spd 263.2 yaw 271 mode 2 st 2 gl 1 hp 84 frg 2
ARGLOG Joe Rogan t  55.2 pos '128.1 -289.5 -56.0' spd 320.0 yaw 347.6 mode 2 st 3 gl 1 hp 24 frg 1
ARGEVT Joe Rogan jump
ARGLOG Carmack t  55.6 pos '509.2 -272.0  17.8' spd 231.5 yaw 197.3 mode 2 st 1 gl 2 hp 49 frg -1
ARGLOG Romero t  55.7 pos '-22.2  63.2 -296.0' spd 328.5 yaw 205.4 mode 2 st 2 gl 1 hp 84 frg 2
ARGLOG Joe Rogan t  55.7 pos '112.0 -400.0  -8.0' spd 0 yaw  27.3 mode 2 st 3 gl 1 hp 12 frg 1
ARGEVT Joe Rogan death Carmack pos '112.0 -400.0  -8.0'
ARGUS Carmack watch spawn
ARGEVT Carmack goal item_artifact_super_damage
ARGEVT Romero hazard
ARGLOG Carmack t  56.1 pos '504.9 -319.8 -104.0' spd 178.7 yaw 159.3 mode 0 st 1 gl 2 hp 49 frg 0
ARGEVT Carmack routefail
ARGLOG Romero t  56.2 pos '-91.0  48.0 -296.0' spd 331.6 yaw 303.6 mode 2 st 2 gl 1 hp 84 frg 2
ARGEVT Carmack goal item_health
ARGEVT Carmack hazard
ARGEVT Carmack route 13 start '433.0 -311.0 -104.0' goal '-239.0 -471.0 -72.0'
ARGLOG Carmack t  56.6 pos '373.3 -393.7 -104.0' spd 334.3 yaw 182 mode 2 st 1 gl 2 hp 49 frg 0
ARGLOG Romero t  56.7 pos '-17.3 -93.1 -296.0' spd 330.6 yaw 309.6 mode 0 st 2 gl 1 hp 84 frg 2
ARGEVT Romero route 5 start '-79.0 -151.0 -296.0' goal '-15.0 553.0 -296.0'
ARGEVT Romero engage Carmack
ARGEVT Carmack engage Romero
ARGEVT Carmack grab 
ARGLOG Carmack t  57.1 pos '207.9 -410.5 -104.0' spd 321.7 yaw 141.1 mode 2 st 1 gl 2 hp 49 frg 0
ARGLOG Romero t  57.2 pos '-37.7 -260.2 -296.0' spd 321.9 yaw 297.9 mode 2 st 2 gl 1 hp 84 frg 2
ARGEVT Romero hazard
ARGUS Romero shove
ARGEVT Romero pursue
ARGEVT Carmack pursue
ARGEVT Carmack hazard
ARGUS Carmack hunch item_artifact_super_damage
ARGEVT Joe Rogan respawn
ARGUS Romero hunch item_artifact_super_damage
ARGEVT Carmack pursue
ARGEVT Joe Rogan goal weapon_rocketlauncher
ARGLOG Joe Rogan t  57.5 pos '112.0 -1136.0 -104.0' spd 0 yaw  28.4 mode 0 st 3 gl 1 hp 100 frg 1
ARGEVT Romero goal 
ARGEVT Romero pursue
ARGEVT Carmack goal item_health
ARGLOG Carmack t  57.7 pos '181.8 -427.4 -104.0' spd 346.3 yaw  50.8 mode 0 st 1 gl 2 hp 49 frg 0
ARGEVT Joe Rogan route 18 start '145.0 -1143.0 -88.0' goal '721.0 -887.0 -232.0'
ARGLOG Romero t  57.8 pos '-112.0 -228.4 -296.0' spd 238.5 yaw 238.8 mode 0 st 2 gl 1 hp 84 frg 2
ARGEVT Carmack pursue
ARGEVT Romero route 3 start '-111.0 -247.0 -296.0' goal '273.0 -375.0 -296.0'
ARGEVT Carmack route 15 start '209.0 -375.0 -104.0' goal '-239.0 -471.0 -72.0'
ARGLOG Joe Rogan t  58.1 pos '252.2 -1062.0 -104.0' spd 348.6 yaw 70 mode 2 st 3 gl 1 hp 100 frg 1
ARGEVT Carmack pursue
ARGLOG Carmack t  58.2 pos '174.4 -402.5 -104.0' spd 368.5 yaw 116.7 mode 2 st 1 gl 2 hp 49 frg 0
ARGEVT Romero route 2 start ' 17.0 -247.0 -296.0' goal '273.0 -375.0 -296.0'
ARGLOG Romero t  58.3 pos '-13.5 -272.0 -296.0' spd 320.1 yaw  13.3 mode 2 st 2 gl 1 hp 84 frg 2
ARGEVT Romero hazard
ARGLOG Joe Rogan t  58.6 pos '330.6 -914.9 -104.0' spd 320.6 yaw 73 mode 2 st 3 gl 1 hp 100 frg 1
ARGEVT Carmack pursue
ARGEVT Carmack hazard
ARGEVT Romero grab 
ARGLOG Carmack t  58.7 pos '121.8 -368.0 -104.0' spd  56.0 yaw  84.7 mode 2 st 1 gl 2 hp 49 frg 0
ARGLOG Romero t  58.8 pos '141.5 -274.0 -296.0' spd 265.6 yaw 279.1 mode 2 st 2 gl 1 hp 84 frg 2
ARGEVT Joe Rogan route 20 start '401.0 -887.0 -104.0' goal '721.0 -887.0 -232.0'
ARGLOG Joe Rogan t  59.1 pos '334.5 -748.6 -104.0' spd 322.3 yaw 111 mode 2 st 3 gl 1 hp 100 frg 1
ARGEVT Carmack grab item_cells
ARGLOG Carmack t  59.2 pos '236.2 -431.7 -104.0' spd 320.2 yaw 112.1 mode 2 st 1 gl 2 hp 49 frg 0
ARGEVT Joe Rogan engage Carmack
ARGLOG Romero t  59.3 pos '155.9 -260.7 -296.0' spd 149.7 yaw 319.8 mode 2 st 2 gl 1 hp 84 frg 2
ARGEVT Carmack pursue
ARGLOG Joe Rogan t  59.6 pos '324.9 -613.6 -104.0' spd 316.5 yaw  83.6 mode 2 st 3 gl 1 hp 100 frg 1
ARGEVT Carmack grab weapon_grenadelauncher
ARGLOG Carmack t  59.7 pos '297.6 -428.3 -104.0' spd 336.7 yaw 130.5 mode 2 st 1 gl 2 hp 49 frg 0
ARGEVT Romero hazard
ARGLOG Romero t  59.8 pos '141.6 -252.5 -296.0' spd 251.1 yaw 290.8 mode 2 st 2 gl 1 hp 84 frg 2
ARGEVT Joe Rogan grab 
ARGEVT Carmack retreat
ARGLOG Joe Rogan t  60.1 pos '307.4 -516.9 -104.0' spd 325.2 yaw  90.3 mode 0 st 3 gl 1 hp 100 frg 1
ARGEVT Joe Rogan weapon ssg
ARGEVT Joe Rogan route 20 start '337.0 -567.0 -104.0' goal '721.0 -887.0 -232.0'
ARGLOG Carmack t  60.2 pos '345.8 -478.0 -108.0' spd 321.2 yaw 121.7 mode 2 st 1 gl 2 hp 17 frg 0
ARGEVT Joe Rogan hazard
ARGUS Romero shove
ARGLOG Romero t  60.3 pos '130.7 -249.1 -296.0' spd 229.9 yaw 311.6 mode 2 st 2 gl 1 hp 84 frg 2
ARGEVT Carmack pursue
ARGEVT Carmack death Joe Rogan pos '359.0 -494.0 -108.0'
ARGUS Joe Rogan watch spawn
ARGEVT Joe Rogan goal 
ARGLOG Joe Rogan t  60.6 pos '239.2 -431.2 -104.0' spd 343.6 yaw 141.4 mode 1 st 3 gl 1 hp 100 frg 2
ARGEVT Joe Rogan jump
ARGEVT Joe Rogan engage Romero
ARGEVT Joe Rogan weapon gl
ARGEVT Romero engage Joe Rogan
ARGEVT Romero hazard
ARGLOG Romero t  60.8 pos ' 94.2 -272.0 -296.0' spd 253.9 yaw 309.5 mode 2 st 2 gl 1 hp 84 frg 2
ARGEVT Joe Rogan grab 
ARGLOG Joe Rogan t  61.1 pos '230.9 -354.2 -74.0' spd 104.3 yaw 161.9 mode 1 st 3 gl 1 hp 100 frg 2
ARGEVT Joe Rogan weapon ssg
ARGLOG Romero t  61.4 pos '-33.6 -263.9 -296.0' spd 217.4 yaw 346.6 mode 2 st 2 gl 1 hp 84 frg 2
ARGLOG Joe Rogan t  61.7 pos '282.1 -334.2 -239.9' spd 108.1 yaw 149.9 mode 1 st 3 gl 1 hp 100 frg 2
ARGLOG Romero t  61.9 pos '-35.5 -134.2 -296.0' spd 107.7 yaw 336.0 mode 2 st 2 gl 1 hp 84 frg 2
ARGEVT Joe Rogan swim
ARGEVT Joe Rogan pursue
ARGEVT Romero pursue
ARGEVT Carmack respawn
ARGLOG Joe Rogan t  62.2 pos '313.8 -331.7 -400.0' spd  85.2 yaw 157 mode 1 st 3 gl 1 hp 50 frg 2
ARGEVT Carmack goal weapon_rocketlauncher
ARGLOG Carmack t  62.2 pos '776.0 -808.0 -232.0' spd 0 yaw 106.6 mode 1 st 1 gl 2 hp 100 frg 0
ARGUS Romero prefire
ARGEVT Joe Rogan retreat
ARGLOG Romero t  62.4 pos ' 27.0 -263.9 -296.0' spd 330.5 yaw 348.8 mode 2 st 2 gl 1 hp 84 frg 2
ARGEVT Carmack hazard
ARGEVT Romero hazard
ARGLOG Joe Rogan t  62.7 pos '285.1 -275.7 -395.5' spd 203.6 yaw 175.6 mode 1 st 3 gl 1 hp 10 frg 2
ARGLOG Carmack t  62.7 pos '720.0 -838.2 -232.0' spd 366.2 yaw 273.5 mode 1 st 1 gl 2 hp 100 frg 0
ARGEVT Joe Rogan death world pos '291.8 -266.6 -395.0'
ARGEVT Carmack goal 
ARGEVT Carmack route 4 start '721.0 -887.0 -232.0' goal '273.0 -375.0 -296.0'
ARGLOG Romero t  62.9 pos ' 91.3 -271.7 -296.0' spd 324.6 yaw 333.2 mode 2 st 2 gl 1 hp 84 frg 2
ARGEVT Carmack route 5 start '817.0 -855.0 -232.0' goal '273.0 -375.0 -296.0'
ARGLOG Carmack t  63.2 pos '823.2 -775.5 -232.0' spd 427.6 yaw 117 mode 2 st 1 gl 3 hp 100 frg 0
ARGLOG Romero t  63.4 pos '259.6 -259.4 -296.0' spd 350.4 yaw 277 mode 2 st 2 gl 1 hp 84 frg 2
ARGEVT Carmack hazard
ARGEVT Romero hazard
ARGLOG Carmack t  63.7 pos '754.4 -638.9 -168.0' spd 118.1 yaw 117 mode 2 st 1 gl 3 hp 100 frg 0
ARGLOG Romero t  63.9 pos '348.0 -212.3 -296.0' spd 308.8 yaw 215.4 mode 2 st 2 gl 1 hp 84 frg 2
ARGLOG Carmack t  64.2 pos '752.0 -794.8 -232.0' spd 321.0 yaw 193.1 mode 2 st 1 gl 3 hp 100 frg 0
ARGEVT Joe Rogan respawn
ARGEVT Joe Rogan goal 
ARGLOG Joe Rogan t  64.3 pos '784.0 -176.0  24.0' spd 0 yaw 185 mode 0 st 3 gl 1 hp 100 frg 1
ARGEVT Joe Rogan route 4 start '753.0 -151.0  24.0' goal '273.0 -375.0 -296.0'
ARGLOG Romero t  64.4 pos '282.7 -236.5 -296.0' spd 329.9 yaw 267 mode 2 st 2 gl 1 hp 84 frg 2
ARGEVT Carmack hazard
ARGEVT Carmack route 4 start '721.0 -887.0 -232.0' goal '273.0 -375.0 -296.0'
ARGLOG Carmack t  64.7 pos '720.7 -880.8 -232.0' spd 331.1 yaw 128.1 mode 0 st 1 gl 3 hp 100 frg 0
ARGEVT Romero engage Joe Rogan
ARGEVT Joe Rogan engage Romero
ARGLOG Joe Rogan t  64.9 pos '629.3 -190.8  24.0' spd 320.0 yaw 185.8 mode 2 st 3 gl 1 hp 100 frg 1
ARGUS routecache adopt
ARGEVT Carmack route 4 start '721.0 -887.0 -232.0' goal '273.0 -375.0 -296.0'
ARGEVT Joe Rogan grab item_armor1
ARGLOG Romero t  65.0 pos '171.5 -247.1 -296.0' spd 279.5 yaw 346.5 mode 2 st 2 gl 1 hp 84 frg 2
ARGEVT Romero jump
ARGLOG Carmack t  65.3 pos '736.1 -729.3 -216.0' spd  83.8 yaw 113 mode 2 st 1 gl 3 hp 100 frg 0
ARGLOG Joe Rogan t  65.4 pos '470.9 -92.5 -20.2' spd 321.8 yaw 200.3 mode 2 st 3 gl 1 hp 100 frg 1
ARGEVT Romero weapon sg
ARGLOG Romero t  65.5 pos ' 39.7 -272.0 -260.0' spd 426.1 yaw  26.6 mode 2 st 2 gl 1 hp 81 frg 2
ARGLOG Carmack t  65.8 pos '720.0 -873.7 -232.0' spd 320.4 yaw 286.6 mode 0 st 1 gl 3 hp 100 frg 0
ARGEVT Carmack hazard
ARGLOG Joe Rogan t  65.9 pos '563.8 -84.8 -104.0' spd 227.4 yaw 196.0 mode 2 st 3 gl 1 hp 100 frg 1
ARGUS routecache adopt
ARGEVT Carmack route 4 start '721.0 -887.0 -232.0' goal '273.0 -375.0 -296.0'
ARGLOG Romero t  66.0 pos ' 59.4 -211.7 -296.0' spd 274.8 yaw  19.5 mode 2 st 2 gl 1 hp 81 frg 2
ARGEVT Romero hazard
ARGUS routecache adopt
ARGEVT Carmack route 2 start '337.0   9.0 -296.0' goal '273.0 -375.0 -296.0'
ARGEVT Carmack engage Romero
ARGUS Carmack shove
ARGLOG Carmack t  66.3 pos '368.0 -35.8 -296.0' spd 300 yaw 196.0 mode 2 st 1 gl 3 hp 100 frg 0
ARGLOG Joe Rogan t  66.4 pos '457.5 -81.4 -104.0' spd 263.3 yaw 194.3 mode 2 st 3 gl 1 hp 95 frg 1
ARGLOG Romero t  66.5 pos '-31.5 -187.1 -296.0' spd 346.6 yaw  12.1 mode 0 st 2 gl 1 hp 81 frg 2
ARGEVT Carmack pursue
ARGUS Carmack prefire
ARGEVT Romero route 3 start '-79.0 -151.0 -296.0' goal '273.0 -375.0 -296.0'
ARGUS Carmack hunch item_artifact_super_damage
ARGEVT Joe Rogan pursue
ARGEVT Carmack pursue
ARGLOG Carmack t  66.8 pos '372.8 -91.2 -296.0' spd 296.1 yaw 334.3 mode 2 st 1 gl 3 hp 100 frg 0
ARGLOG Joe Rogan t  66.9 pos '400.2 -203.2 -104.9' spd 323.1 yaw 185 mode 2 st 3 gl 1 hp 95 frg 1
ARGEVT Carmack goal weapon_supernailgun
ARGEVT Carmack hazard
ARGEVT Carmack route 5 start '401.0 -183.0 -296.0' goal '177.0 -55.0 -104.0'
ARGLOG Romero t  67.0 pos '-16.0 -14.7 -296.0' spd 285.1 yaw 334.1 mode 2 st 2 gl 1 hp 81 frg 2
ARGUS Joe Rogan hunch item_artifact_super_damage
ARGEVT Romero hazard
ARGEVT Joe Rogan goal weapon_supernailgun
ARGEVT Joe Rogan pursue
ARGLOG Carmack t  67.3 pos '353.1 -243.9 -296.0' spd 388.9 yaw 181 mode 2 st 1 gl 3 hp 100 frg 0
ARGEVT Joe Rogan routefail
ARGEVT Joe Rogan goal 
ARGLOG Joe Rogan t  67.4 pos '348.9 -256.3 -231.0' spd 117.6 yaw 303.7 mode 0 st 3 gl 1 hp 95 frg 1
ARGEVT Joe Rogan route 2 start '369.0 -279.0 -296.0' goal '273.0 -375.0 -296.0'
ARGLOG Romero t  67.5 pos '-16.0 -112.8 -296.0' spd 324.8 yaw 284 mode 2 st 2 gl 1 hp 81 frg 2
ARGEVT Joe Rogan pursue
ARGEVT Carmack grab 
ARGLOG Carmack t  67.8 pos '281.0 -256.1 -296.0' spd 307.0 yaw 189.7 mode 2 st 1 gl 3 hp 100 frg 0
ARGLOG Joe Rogan t  67.9 pos '359.7 -293.9 -271.6' spd  43.7 yaw 169.4 mode 2 st 3 gl 1 hp 95 frg 1
ARGLOG Romero t  68.0 pos '-28.7 -248.3 -296.0' spd  79.8 yaw 355.4 mode 2 st 2 gl 1 hp 77 frg 2
ARGEVT Carmack hazard
ARGUS Carmack shove
ARGLOG Carmack t  68.3 pos '327.9 -250.1 -296.0' spd  62.4 yaw 142.7 mode 2 st 1 gl 3 hp 100 frg 0
ARGLOG Joe Rogan t  68.4 pos '365.5 -166.7 -296.0' spd 320.0 yaw 167.9 mode 2 st 3 gl 1 hp 95 frg 1
ARGEVT Carmack pursue
ARGEVT Romero route 4 start '-79.0 -23.0 -296.0' goal '273.0 -375.0 -296.0'
ARGEVT Romero pursue
ARGLOG Romero t  68.6 pos '-48.4 -46.6 -296.0' spd 325.9 yaw 334.2 mode 2 st 2 gl 1 hp 59 frg 2
ARGUS Romero hunch 
ARGEVT Carmack pursue
ARGEVT Romero goal 
ARGUS routecache adopt
ARGEVT Romero route 4 start '-79.0 -23.0 -296.0' goal '273.0 -375.0 -296.0'
ARGEVT Romero pursue
ARGEVT Joe Rogan hazard
ARGEVT Romero hazard
ARGEVT Carmack pursue
ARGLOG Carmack t  68.9 pos '263.8 -216.0 -296.0' spd 378.1 yaw 177 mode 2 st 1 gl 3 hp 100 frg 0
ARGEVT Carmack rjump
ARGLOG Joe Rogan t  69.0 pos '336.0  -2.6 -296.0' spd 211.2 yaw 235.5 mode 2 st 3 gl 1 hp 95 frg 1
ARGLOG Romero t  69.1 pos '-66.7 -124.2 -296.0' spd 340.4 yaw 308.2 mode 2 st 2 gl 1 hp 59 frg 2
ARGEVT Carmack route 8 start '209.0 -375.0 -104.0' goal '177.0 -55.0 -104.0'
ARGEVT Romero pursue
ARGLOG Carmack t  69.4 pos '112.0 -284.1 -146.1' spd  30.0 yaw  75.4 mode 2 st 1 gl 3 hp 91 frg 0
ARGLOG Joe Rogan t  69.5 pos '344.9 -125.3 -296.0' spd 308.2 yaw 203.3 mode 2 st 3 gl 1 hp 95 frg 1
ARGLOG Romero t  69.6 pos ' 52.5 -256.1 -296.0' spd 336.9 yaw  14.9 mode 2 st 2 gl 1 hp 59 frg 2
ARGEVT Carmack weapon ng
ARGEVT Romero hazard
ARGLOG Carmack t  69.9 pos '129.1 -269.6 -283.3' spd  59.5 yaw 149.9 mode 2 st 1 gl 3 hp 91 frg 0
ARGLOG Joe Rogan t  70.0 pos '393.1 -253.7 -296.0' spd  86.9 yaw 170.8 mode 2 st 3 gl 1 hp 93 frg 1
ARGLOG Romero t  70.1 pos ' 71.6 -241.9 -296.0' spd  95.2 yaw 356.9 mode 2 st 2 gl 1 hp 46 frg 2
ARGEVT Carmack hazard
ARGEVT Romero retreat
ARGLOG Carmack t  70.4 pos '196.2 -233.0 -296.0' spd 135.6 yaw 185.9 mode 2 st 1 gl 3 hp 91 frg 0
ARGEVT Carmack weapon rl
ARGLOG Joe Rogan t  70.5 pos '363.0 -224.5 -296.0' spd 321.2 yaw 183.4 mode 2 st 3 gl 1 hp 93 frg 1
ARGLOG Romero t  70.6 pos '-26.9 -257.3 -296.0' spd 321.4 yaw   1.9 mode 2 st 2 gl 1 hp 10 frg 2
ARGUS Carmack shove
ARGEVT Joe Rogan hazard
ARGEVT Romero route 3 start '-111.0 -247.0 -296.0' goal '273.0 -375.0 -296.0'
ARGEVT Romero hazard
ARGEVT Romero death Carmack pos '-112.0 -230.9 -296.0'
ARGUS Carmack watch spawn
ARGEVT Joe Rogan engage Carmack
ARGEVT Carmack engage Joe Rogan
ARGLOG Carmack t  70.9 pos '129.5 -228.2 -296.0' spd 301.7 yaw 130.8 mode 2 st 1 gl 3 hp 86 frg 1
ARGLOG Joe Rogan t  71.0 pos '346.6 -188.8 -296.0' spd 320.6 yaw 189.5 mode 2 st 3 gl 1 hp 93 frg 1
ARGEVT Carmack goal 
ARGEVT Carmack route 2 start '145.0 -183.0 -296.0' goal '273.0 -375.0 -296.0'
ARGEVT Carmack weapon ng
ARGLOG Carmack t  71.4 pos '176.4 -228.8 -296.0' spd 156.2 yaw   8.6 mode 2 st 1 gl 3 hp 86 frg 1
ARGLOG Joe Rogan t  71.5 pos '343.0 -225.6 -296.0' spd  98.9 yaw 182.9 mode 2 st 3 gl 1 hp 93 frg 1
ARGLOG Carmack t  72.0 pos '235.7 -255.9 -296.0' spd 369.3 yaw  38.3 mode 2 st 1 gl 3 hp 82 frg 1
ARGLOG Joe Rogan t  72.1 pos '356.8 -167.2 -296.0' spd 367.1 yaw 217.3 mode 2 st 3 gl 1 hp 87 frg 1
ARGEVT Carmack weapon rl
ARGEVT Carmack weapon ng
ARGEVT Romero respawn
ARGEVT Romero goal item_health
ARGLOG Romero t  72.5 pos '-64.0 512.0 -296.0' spd 0 yaw 286.6 mode 1 st 2 gl 1 hp 100 frg 2
ARGLOG Carmack t  72.5 pos '203.7 -255.7 -296.0' spd  96.7 yaw  32.5 mode 2 st 1 gl 3 hp 81 frg 1
ARGLOG Joe Rogan t  72.6 pos '380.4 -148.8 -296.0' spd 898.0 yaw 204.6 mode 2 st 3 gl 1 hp 25 frg 1
ARGEVT Romero hazard
ARGEVT Carmack hazard
ARGEVT Carmack jump
ARGLOG Romero t  73.0 pos ' 45.7 431.7 -296.0' spd 350.5 yaw  10.9 mode 1 st 2 gl 1 hp 100 frg 2
ARGLOG Carmack t  73.0 pos '274.9 -215.5 -284.1' spd 392.1 yaw  70.4 mode 2 st 1 gl 3 hp 77 frg 1
ARGLOG Joe Rogan t  73.1 pos '370.6 112.0 -288.0' spd 117.3 yaw 251.2 mode 2 st 3 gl 1 hp 25 frg 1
ARGLOG Romero t  73.5 pos ' 58.9 409.0 -296.0' spd 363.6 yaw 206.1 mode 1 st 2 gl 1 hp 100 frg 2
ARGLOG Carmack t  73.5 pos '363.2 -358.5 -283.2' spd 270.8 yaw  86.3 mode 2 st 1 gl 3 hp 77 frg 1
ARGEVT Joe Rogan grab item_shells
ARGLOG Joe Rogan t  73.6 pos '369.5  68.2 -288.0' spd 247.7 yaw 267.0 mode 2 st 3 gl 1 hp 19 frg 1
ARGEVT Joe Rogan retreat
ARGEVT Carmack swim
ARGLOG Romero t  74.0 pos '-78.5 497.8 -296.0' spd 412.1 yaw  42.2 mode 1 st 2 gl 1 hp 100 frg 2
ARGLOG Carmack t  74.0 pos '371.1 -362.9 -402.6' spd 161.8 yaw 101.8 mode 2 st 1 gl 3 hp 73 frg 1
ARGEVT Joe Rogan pursue
ARGLOG Joe Rogan t  74.1 pos '358.1  41.7 -288.0' spd 324.3 yaw 274 mode 2 st 3 gl 1 hp 13 frg 1
ARGEVT Carmack pursue
ARGEVT Romero hazard
ARGUS Joe Rogan hunch 
ARGEVT Romero goal item_armorInv
ARGEVT Joe Rogan hazard
ARGEVT Joe Rogan goal item_health
ARGEVT Joe Rogan pursue
ARGEVT Romero route 22 start '-15.0 553.0 -296.0' goal '817.0 -855.0 -232.0'
ARGLOG Romero t  74.5 pos '  1.1 538.2 -296.0' spd 334.7 yaw 262 mode 2 st 2 gl 2 hp 200 frg 2
ARGLOG Carmack t  74.5 pos '325.6 -304.0 -398.0' spd   6.7 yaw 79 mode 2 st 1 gl 3 hp 61 frg 1
ARGLOG Joe Rogan t  74.6 pos '379.6 -74.4 -296.0' spd 326.4 yaw 271 mode 0 st 3 gl 1 hp 13 frg 1
ARGEVT Joe Rogan route 4 start '305.0 -87.0 -296.0' goal '529.0  73.0 -296.0'
ARGLOG Romero t  75.0 pos ' 70.3 416.1 -296.0' spd 331.7 yaw 242 mode 2 st 2 gl 2 hp 200 frg 2
ARGLOG Carmack t  75.0 pos '343.8 -304.0 -393.5' spd  42.2 yaw 82 mode 2 st 1 gl 3 hp 44 frg 1
ARGLOG Joe Rogan t  75.1 pos '392.3 -239.3 -296.0' spd 320.5 yaw 266 mode 2 st 3 gl 1 hp 13 frg 1
ARGEVT Romero hazard
ARGEVT Carmack death world pos '359.2 -304.0 -389.8'
ARGLOG Romero t  75.6 pos '  2.7 415.5 -296.0' spd 364.8 yaw 257 mode 2 st 2 gl 2 hp 200 frg 2
ARGLOG Joe Rogan t  75.7 pos '543.1 -272.0 -296.0' spd 360.0 yaw 298.6 mode 2 st 3 gl 1 hp 13 frg 1
ARGEVT Joe Rogan hazard
ARGLOG Romero t  76.1 pos '-68.0 256.7 -296.0' spd 332.4 yaw 269 mode 2 st 2 gl 2 hp 200 frg 2
ARGLOG Joe Rogan t  76.2 pos '549.1 -272.0 -296.0' spd 320.7 yaw 185 mode 2 st 3 gl 1 hp 13 frg 1
ARGEVT Romero hazard
ARGLOG Romero t  76.6 pos '-75.8  88.9 -296.0' spd 386.7 yaw 335.6 mode 2 st 2 gl 2 hp 200 frg 2
ARGLOG Joe Rogan t  76.7 pos '384.3 -275.4 -296.0' spd 321.7 yaw 192 mode 2 st 3 gl 1 hp 13 frg 1
ARGEVT Joe Rogan hazard
ARGEVT Carmack respawn
ARGEVT Carmack goal weapon_rocketlauncher
ARGLOG Carmack t  77.0 pos '-64.0 -232.0 -72.0' spd 0 yaw  16.3 mode 0 st 1 gl 3 hp 100 frg 0
ARGLOG Romero t  77.1 pos '-45.1 -54.1 -296.0' spd 351.3 yaw 306 mode 2 st 2 gl 2 hp 200 frg 2
ARGEVT Carmack route 9 start '-47.0 -215.0 -72.0' goal ' 49.0 105.0 -296.0'
ARGLOG Joe Rogan t  77.2 pos '260.6 -205.8 -296.0' spd 205.3 yaw  27.8 mode 0 st 3 gl 1 hp 13 frg 1
ARGEVT Joe Rogan route 4 start '273.0 -183.0 -296.0' goal '529.0  73.0 -296.0'
ARGEVT Joe Rogan engage Romero
ARGEVT Romero engage Joe Rogan
ARGLOG Carmack t  77.6 pos ' 88.0 -268.1 -72.0' spd 410.9 yaw 238 mode 2 st 1 gl 3 hp 100 frg 0
ARGEVT Romero grab 
ARGLOG Romero t  77.6 pos '-49.0 -223.4 -296.0' spd 322.0 yaw   1.1 mode 2 st 2 gl 2 hp 200 frg 2
ARGEVT Carmack hazard
ARGLOG Joe Rogan t  77.7 pos '399.7 -197.2 -296.0' spd 379.7 yaw 161.0 mode 2 st 3 gl 1 hp 13 frg 1
ARGLOG Carmack t  78.1 pos '  1.1 -261.8 -72.0' spd 320.5 yaw 152.4 mode 2 st 1 gl 3 hp 100 frg 0
ARGLOG Romero t  78.1 pos '-83.8 -208.0 -296.0' spd  37.6 yaw 360.0 mode 2 st 2 gl 2 hp 200 frg 2
ARGLOG Joe Rogan t  78.2 pos '432.0 -206.3 -296.0' spd 0 yaw 172.0 mode 2 st 3 gl 1 hp 13 frg 1
ARGLOG Carmack t  78.6 pos '-144.0 -238.9 -72.0' spd 276.6 yaw 251.2 mode 2 st 1 gl 3 hp 100 frg 0
ARGEVT Joe Rogan pursue
ARGLOG Romero t  78.6 pos '-36.9 -79.1 -296.0' spd 306.9 yaw 327.7 mode 2 st 2 gl 2 hp 200 frg 2
ARGEVT Romero hazard
ARGLOG Joe Rogan t  78.7 pos '477.2 -260.2 -296.0' spd 212.1 yaw 142.4 mode 2 st 3 gl 1 hp 5 frg 1
ARGEVT Joe Rogan pursue
ARGEVT Joe Rogan hazard
ARGEVT Carmack hazard
ARGEVT Carmack route 8 start '-143.0 -375.0 -72.0' goal ' 49.0 105.0 -296.0'
ARGLOG Carmack t  79.1 pos '-102.6 -395.9 -72.0' spd 264.8 yaw 15 mode 2 st 1 gl 3 hp 100 frg 0
ARGLOG Romero t  79.1 pos '-16.0 -152.7 -296.0' spd 366.1 yaw 316 mode 2 st 2 gl 2 hp 199 frg 2
ARGLOG Joe Rogan t  79.3 pos '322.0 -224.4 -296.0' spd 336.1 yaw 161.4 mode 2 st 3 gl 1 hp 5 frg 1
ARGLOG Carmack t  79.6 pos '-27.9 -537.2 -72.0' spd 352.3 yaw 350.8 mode 2 st 1 gl 3 hp 100 frg 0
ARGLOG Romero t  79.7 pos ' -4.6 -225.4 -296.0' spd 321.2 yaw   6.4 mode 2 st 2 gl 2 hp 191 frg 2
ARGEVT Romero hazard
ARGLOG Joe Rogan t  79.8 pos '353.3 -183.9 -296.0' spd 344.0 yaw 185.0 mode 2 st 3 gl 1 hp 5 frg 1
ARGEVT Joe Rogan hazard
ARGEVT Joe Rogan pursue
ARGLOG Carmack t  80.1 pos '-16.0 -496.2 -72.0' spd 320.1 yaw 92 mode 2 st 1 gl 3 hp 100 frg 0
ARGLOG Romero t  80.2 pos '-32.9 -59.2 -296.0' spd 337.5 yaw  46.4 mode 2 st 2 gl 2 hp 190 frg 2
ARGLOG Joe Rogan t  80.3 pos '352.5 -102.3 -296.0' spd 324.2 yaw 213.3 mode 2 st 3 gl 1 hp 5 frg 1
ARGEVT Carmack hazard
ARGLOG Carmack t  80.6 pos '-132.7 -416.3 -72.0' spd 367.3 yaw 108.0 mode 2 st 1 gl 3 hp 100 frg 0
ARGLOG Romero t  80.7 pos '-16.0   8.6 -296.0' spd 247.2 yaw 295 mode 2 st 2 gl 2 hp 190 frg 2
ARGEVT Joe Rogan pursue
ARGLOG Joe Rogan t  80.8 pos '374.1 -167.9 -296.0' spd 379.2 yaw 328.4 mode 2 st 3 gl 1 hp 5 frg 1
ARGUS Joe Rogan hunch item_artifact_super_damage
ARGEVT Joe Rogan pursue
ARGEVT Joe Rogan goal item_health
ARGEVT Joe Rogan route 5 start '401.0 -247.0 -296.0' goal '529.0  73.0 -296.0'
ARGLOG Carmack t  81.2 pos '-97.3 -294.4 -72.0' spd 321.0 yaw 59 mode 2 st 1 gl 3 hp 100 frg 0
ARGLOG Romero t  81.2 pos '-16.0 -171.5 -296.0' spd 372.3 yaw 321 mode 2 st 2 gl 2 hp 189 frg 2
ARGLOG Joe Rogan t  81.3 pos '272.5 -245.6 -296.0' spd 110.8 yaw 173.1 mode 2 st 3 gl 1 hp 5 frg 1
ARGEVT Carmack hazard
ARGEVT Carmack route 9 start '-47.0 -215.0 -72.0' goal ' 49.0 105.0 -296.0'
ARGLOG Carmack t  81.7 pos ' 27.7 -209.2 -72.0' spd 330.3 yaw 248 mode 2 st 1 gl 3 hp 100 frg 0
ARGLOG Romero t  81.7 pos '-20.9 -182.5 -296.0' spd 321.0 yaw 353.9 mode 2 st 2 gl 2 hp 169 frg 2
ARGLOG Joe Rogan t  81.8 pos '401.9 -241.6 -296.0' spd 320.3 yaw 168.3 mode 2 st 3 gl 1 hp 5 frg 1
ARGEVT Carmack engage Joe Rogan
ARGEVT Carmack grab weapon_grenadelauncher
ARGLOG Carmack t  82.2 pos '161.2 -304.6 -40.0' spd 366.6 yaw   9.5 mode 2 st 1 gl 3 hp 100 frg 0
ARGLOG Romero t  82.2 pos '-15.7 -245.5 -296.0' spd 321.0 yaw   0.0 mode 2 st 2 gl 2 hp 168 frg 2
ARGLOG Joe Rogan t  82.3 pos '564.9 -263.6 -296.0' spd 320.0 yaw 182.7 mode 2 st 3 gl 1 hp 5 frg 1
ARGEVT Romero hazard
ARGEVT Joe Rogan hazard
ARGEVT Carmack pursue
ARGLOG Carmack t  82.7 pos '119.4 -450.7  24.0' spd 173.6 yaw 22 mode 2 st 1 gl 3 hp 100 frg 0
ARGEVT Romero route 18 start ' 17.0 -247.0 -296.0' goal '817.0 -855.0 -232.0'
ARGLOG Romero t  82.8 pos ' 94.6 -208.8 -296.0' spd 239.3 yaw 354.8 mode 2 st 2 gl 2 hp 156 frg 2
ARGLOG Joe Rogan t  82.9 pos '645.4 -205.8 -296.0' spd 170.9 yaw 181.7 mode 2 st 3 gl 1 hp 5 frg 1
ARGUS Carmack hunch 
ARGEVT Carmack goal weapon_lightning
ARGLOG Carmack t  83.2 pos '249.1 -372.2  -4.9' spd 242.3 yaw   7.1 mode 0 st 1 gl 3 hp 100 frg 0
ARGEVT Carmack route 4 start '177.0 -343.0 -24.0' goal '529.0 -311.0 -104.0'
ARGLOG Romero t  83.3 pos '188.9 -245.8 -296.0' spd 308.7 yaw  13.5 mode 2 st 2 gl 2 hp 147 frg 2
ARGLOG Joe Rogan t  83.4 pos '644.4 -149.1 -296.0' spd 176.3 yaw 192.3 mode 2 st 3 gl 1 hp 5 frg 1
ARGEVT Romero pursue
ARGEVT Joe Rogan pursue
ARGEVT Romero hazard
ARGEVT Joe Rogan hazard
ARGEVT Carmack pursue
ARGLOG Carmack t  83.7 pos '322.7 -271.1 -186.5' spd 242.3 yaw  74.0 mode 2 st 1 gl 3 hp 100 frg 0
ARGLOG Romero t  83.8 pos '318.4 -232.2 -296.0' spd 324.5 yaw 8 mode 2 st 2 gl 2 hp 147 frg 2
ARGLOG Joe Rogan t  83.9 pos '592.0 -67.3 -296.0' spd 285.2 yaw 114 mode 2 st 3 gl 1 hp 5 frg 1
ARGUS Romero hunch item_health
ARGEVT Romero pursue
ARGEVT Joe Rogan pursue
ARGEVT Romero goal weapon_rocketlauncher
ARGEVT Romero route 6 start '401.0 -247.0 -296.0' goal ' 49.0 105.0 -296.0'
ARGLOG Carmack t  84.2 pos '373.0 -174.6 -284.2' spd 202.3 yaw 336 mode 2 st 1 gl 3 hp 100 frg 0
ARGLOG Romero t  84.3 pos '376.0 -197.8 -296.0' spd 147.5 yaw  79.2 mode 2 st 2 gl 2 hp 146 frg 2
ARGEVT Carmack hazard
ARGLOG Joe Rogan t  84.4 pos '536.0  92.7 -296.0' spd 400.8 yaw 205.6 mode 1 st 3 gl 1 hp 30 frg 1
ARGEVT Carmack pursue
ARGEVT Joe Rogan hazard
ARGLOG Carmack t  84.8 pos '453.4 -227.2 -296.0' spd 340.2 yaw 342 mode 2 st 1 gl 3 hp 100 frg 0
ARGEVT Romero pursue
ARGLOG Romero t  84.8 pos '359.5 -70.0 -296.0' spd 392.0 yaw 177.7 mode 2 st 2 gl 2 hp 146 frg 2
ARGEVT Romero hazard
ARGLOG Joe Rogan t  84.9 pos '544.8  31.3 -296.0' spd 322.9 yaw 322.0 mode 1 st 3 gl 1 hp 30 frg 1
ARGEVT Carmack jump
ARGEVT Joe Rogan pursue
ARGEVT Romero pursue
ARGEVT Carmack route 9 start '497.0 -247.0 -296.0' goal '529.0 -311.0 -104.0'
ARGLOG Carmack t  85.3 pos '577.1 -255.5 -258.3' spd 140.7 yaw  70.5 mode 2 st 1 gl 3 hp 100 frg 0
ARGLOG Romero t  85.3 pos '339.6 -97.6 -296.0' spd 340.6 yaw 315.6 mode 2 st 2 gl 2 hp 145 frg 2
ARGLOG Joe Rogan t  85.4 pos '707.8  35.9 -296.0' spd 412.6 yaw 289 mode 1 st 3 gl 1 hp 19 frg 1
ARGEVT Carmack pursue
ARGLOG Carmack t  85.8 pos '608.6 -172.8 -296.0' spd 320.7 yaw  73.2 mode 2 st 1 gl 3 hp 100 frg 0
ARGLOG Romero t  85.8 pos '392.1 -264.0 -296.0' spd 361.7 yaw 215.8 mode 2 st 2 gl 2 hp 145 frg 2
ARGEVT Romero hazard
ARGLOG Joe Rogan t  85.9 pos '635.3  27.9 -296.0' spd 336.7 yaw 123.2 mode 1 st 3 gl 1 hp 3 frg 1
ARGEVT Joe Rogan engage Carmack
ARGEVT Joe Rogan death Carmack pos '531.0 107.4 -296.0'
ARGUS Carmack watch spawn
ARGLOG Carmack t  86.3 pos '635.6 -95.3 -296.0' spd 323.9 yaw 112.0 mode 2 st 1 gl 3 hp 100 frg 1
ARGLOG Romero t  86.4 pos '311.9 -220.3 -296.0' spd 399.6 yaw  65.2 mode 2 st 2 gl 2 hp 144 frg 2
ARGEVT Carmack goal 
ARGEVT Carmack hazard
ARGEVT Carmack route 4 start '593.0 -87.0 -296.0' goal '273.0 -375.0 -296.0'
ARGLOG Carmack t  86.8 pos '598.5  29.6 -296.0' spd 364.7 yaw  32.5 mode 2 st 1 gl 3 hp 100 frg 1
ARGLOG Romero t  86.9 pos '388.8 -212.5 -296.0' spd 336.4 yaw 25 mode 0 st 2 gl 2 hp 144 frg 2
ARGEVT Romero route 4 start '401.0 -183.0 -296.0' goal ' 49.0 105.0 -296.0'
ARGEVT Romero hazard
ARGLOG Carmack t  87.3 pos '724.9  54.7 -296.0' spd 320.5 yaw 233 mode 2 st 1 gl 3 hp 100 frg 1
ARGLOG Romero t  87.4 pos '461.8 -211.5 -296.0' spd 158.5 yaw 185 mode 2 st 2 gl 2 hp 143 frg 2
ARGEVT Joe Rogan respawn
ARGLOG Carmack t  87.9 pos '645.7 -87.9 -296.0' spd 423.8 yaw 352.2 mode 2 st 1 gl 3 hp 100 frg 1
ARGEVT Carmack hazard
ARGEVT Joe Rogan goal weapon_lightning
ARGLOG Joe Rogan t  87.9 pos '272.0 -952.0  24.0' spd 0 yaw  16.3 mode 0 st 3 gl 1 hp 100 frg 1
ARGLOG Romero t  87.9 pos '297.9 -207.9 -296.0' spd 352.7 yaw 104.8 mode 2 st 2 gl 2 hp 143 frg 2
ARGEVT Joe Rogan route 6 start '305.0 -983.0  24.0' goal '529.0 -311.0 -104.0'
ARGEVT Romero hazard
ARGLOG Carmack t  88.4 pos '656.0 -57.9 -296.0' spd 320.2 yaw 199 mode 2 st 1 gl 3 hp 100 frg 1
ARGLOG Joe Rogan t  88.4 pos '352.4 -817.8  24.0' spd 345.4 yaw 81 mode 2 st 3 gl 1 hp 100 frg 1
ARGLOG Romero t  88.4 pos '275.4 -199.9 -296.0' spd 326.1 yaw 16 mode 2 st 2 gl 2 hp 142 frg 2
ARGEVT Romero route 4 start '401.0 -183.0 -296.0' goal ' 49.0 105.0 -296.0'
ARGLOG Carmack t  88.9 pos '529.0  56.0 -296.0' spd 328.2 yaw 224 mode 2 st 1 gl 3 hp 100 frg 1
ARGEVT Carmack hazard
ARGLOG Joe Rogan t  88.9 pos '343.4 -650.4  24.0' spd 337.7 yaw 62 mode 2 st 3 gl 1 hp 100 frg 1
ARGLOG Romero t  88.9 pos '404.3 -118.5 -296.0' spd 341.6 yaw 199 mode 2 st 2 gl 2 hp 142 frg 2
ARGEVT Romero engage Joe Rogan
ARGLOG Carmack t  89.4 pos '582.8  16.0 -296.0' spd  76.8 yaw 213 mode 2 st 1 gl 3 hp 100 frg 1
ARGEVT Joe Rogan engage Romero
ARGLOG Joe Rogan t  89.4 pos '375.6 -486.2  24.0' spd 320.1 yaw  60.3 mode 2 st 3 gl 1 hp 100 frg 1
ARGLOG Romero t  89.4 pos '370.1 -204.2 -296.0' spd 258.7 yaw 252.3 mode 2 st 2 gl 2 hp 141 frg 2
ARGEVT Joe Rogan grab 
ARGLOG Carmack t  89.9 pos '592.0 -109.5 -296.0' spd 346.5 yaw 193 mode 2 st 1 gl 3 hp 100 frg 1
ARGLOG Joe Rogan t  90.0 pos '371.2 -514.8  24.0' spd 232.2 yaw  95.6 mode 2 st 3 gl 1 hp 100 frg 1
ARGLOG Romero t  90.0 pos '385.1 -105.7 -296.0' spd 322.7 yaw 268.4 mode 2 st 2 gl 2 hp 141 frg 2
ARGEVT Romero pursue
ARGEVT Romero hazard
ARGEVT Carmack engage Romero
ARGEVT Carmack grab weapon_lightning
ARGLOG Carmack t  90.4 pos '509.8 -257.2 -296.0' spd 429.1 yaw 140.3 mode 2 st 1 gl 3 hp 100 frg 1
ARGLOG Joe Rogan t  90.5 pos '357.7 -494.5  24.0' spd 335.1 yaw  96.0 mode 2 st 3 gl 1 hp 88 frg 1
ARGLOG Romero t  90.5 pos '351.2 -91.5 -296.0' spd  56.4 yaw 270.6 mode 2 st 2 gl 2 hp 140 frg 2
ARGEVT Carmack hazard
ARGEVT Carmack grab 
ARGLOG Carmack t  90.9 pos '460.0 -265.8 -296.0' spd 248.0 yaw 118.1 mode 2 st 1 gl 3 hp 100 frg 1
ARGLOG Joe Rogan t  91.0 pos '367.2 -518.2  24.0' spd 139.2 yaw  89.2 mode 2 st 3 gl 1 hp 88 frg 1
ARGEVT Romero pursue
ARGLOG Romero t  91.0 pos '390.7 -104.8 -296.0' spd 180.8 yaw 266 mode 2 st 2 gl 2 hp 116 frg 2
ARGEVT Joe Rogan pursue
ARGLOG Carmack t  91.5 pos '459.9 -265.5 -296.0' spd  79.7 yaw 116.4 mode 2 st 1 gl 3 hp 100 frg 1
ARGLOG Joe Rogan t  91.5 pos '482.6 -427.9  24.0' spd 325.9 yaw 108.7 mode 1 st 3 gl 1 hp 100 frg 1
ARGLOG Romero t  91.5 pos '346.3   1.5 -296.0' spd 368.2 yaw 297.6 mode 2 st 2 gl 2 hp 95 frg 2
ARGEVT Carmack hazard
ARGEVT Joe Rogan grab weapon_lightning
ARGEVT Romero route 5 start '337.0   9.0 -296.0' goal ' 49.0 105.0 -296.0'
ARGEVT Carmack grab weapon_lightning
ARGLOG Carmack t  92.0 pos '415.5 -243.5 -296.0' spd 105.4 yaw  99.7 mode 2 st 1 gl 3 hp 100 frg 1
ARGLOG Joe Rogan t  92.0 pos '523.0 -280.3  25.7' spd  68.1 yaw 111.0 mode 1 st 3 gl 1 hp 96 frg 1
ARGLOG Romero t  92.0 pos '359.9 102.4 -288.0' spd 507.4 yaw 293.6 mode 2 st 2 gl 2 hp 51 frg 2
ARGEVT Romero hazard
ARGEVT Romero pursue
ARGEVT Joe Rogan pursue
ARGEVT Joe Rogan goal item_armorInv
ARGUS Romero hunch item_artifact_super_damage
ARGEVT Carmack pursue
ARGLOG Carmack t  92.5 pos '548.2 -247.9 -296.0' spd 322.4 yaw 113 mode 2 st 1 gl 3 hp 100 frg 1
ARGLOG Joe Rogan t  92.5 pos '494.7 -295.2 -91.6' spd  65.3 yaw 111 mode 0 st 3 gl 2 hp 96 frg 1
ARGLOG Romero t  92.5 pos '398.7  11.2 -296.0' spd 112.7 yaw  83.4 mode 2 st 2 gl 2 hp 51 frg 2
ARGUS Carmack hunch item_artifact_super_damage
ARGEVT Joe Rogan route 17 start '529.0 -311.0 -104.0' goal '817.0 -855.0 -232.0'
ARGEVT Romero goal weapon_rocketlauncher
ARGEVT Romero route 5 start '337.0   9.0 -296.0' goal ' 49.0 105.0 -296.0'
ARGEVT Carmack goal weapon_rocketlauncher
ARGEVT Carmack pursue
ARGEVT Joe Rogan grab item_armor1
ARGEVT Carmack hazard
ARGEVT Carmack route 16 start '593.0 -215.0 -296.0' goal '721.0 -887.0 -232.0'
ARGLOG Carmack t  93.0 pos '656.0 -221.9 -296.0' spd 286.3 yaw  53.9 mode 2 st 1 gl 3 hp 100 frg 1
ARGLOG Joe Rogan t  93.0 pos '468.4 -154.4 -104.0' spd 306.7 yaw 123.8 mode 2 st 3 gl 2 hp 88 frg 1
ARGLOG Romero t  93.0 pos '355.3  43.1 -288.0' spd 107.5 yaw 299.0 mode 2 st 2 gl 2 hp 51 frg 2
ARGEVT Romero hazard
ARGEVT Romero pursue
ARGEVT Joe Rogan pursue
ARGLOG Carmack t  93.5 pos '611.1 -59.7 -296.0' spd 329.5 yaw 124.0 mode 2 st 1 gl 3 hp 100 frg 1
ARGUS Joe Rogan hunch item_artifact_super_damage
ARGLOG Joe Rogan t  93.6 pos '540.0 -14.3 -104.0' spd 321.8 yaw  17.0 mode 2 st 3 gl 2 hp 88 frg 1
ARGLOG Romero t  93.6 pos '354.0  72.1 -288.0' spd 329.6 yaw 297 mode 2 st 2 gl 2 hp 51 frg 2
ARGEVT Joe Rogan goal weapon_supernailgun
ARGEVT Carmack pursue
ARGEVT Joe Rogan pursue
ARGEVT Romero pursue
ARGEVT Joe Rogan routefail
ARGEVT Joe Rogan goal 
ARGEVT Joe Rogan route 4 start '529.0 -55.0 -104.0' goal '273.0 -375.0 -296.0'
ARGEVT Joe Rogan hazard
ARGLOG Carmack t  94.0 pos '531.0  91.2 -296.0' spd 351.9 yaw 173 mode 2 st 1 gl 3 hp 100 frg 1
ARGEVT Carmack hazard
ARGLOG Joe Rogan t  94.1 pos '471.2 -103.8 -104.0' spd 214.0 yaw 128 mode 2 st 3 gl 2 hp 88 frg 1
ARGLOG Romero t  94.1 pos '404.8 -88.6 -296.0' spd 351.5 yaw 236.8 mode 2 st 2 gl 2 hp 51 frg 2
ARGLOG Carmack t  94.5 pos '544.0 121.7 -296.0' spd  89.6 yaw 10 mode 2 st 1 gl 3 hp 100 frg 1
ARGLOG Joe Rogan t  94.6 pos '505.1 -158.8 -104.0' spd 321.6 yaw 212.4 mode 2 st 3 gl 2 hp 88 frg 1
ARGLOG Romero t  94.6 pos '348.9 -252.8 -296.0' spd 320.7 yaw  27.2 mode 2 st 2 gl 2 hp 51 frg 2
ARGEVT Romero hazard
ARGEVT Romero pursue
ARGEVT Joe Rogan pursue
ARGEVT Carmack stall
ARGEVT Carmack stallnode '625.0 137.0 -296.0'
ARGEVT Carmack jump
ARGEVT Joe Rogan hazard
ARGLOG Carmack t  95.1 pos '544.0 124.8 -261.5' spd  11.9 yaw 304.1 mode 0 st 2 gl 3 hp 100 frg 1
ARGLOG Joe Rogan t  95.1 pos '471.7 -216.4 -104.0' spd 199.9 yaw 154.1 mode 2 st 3 gl 2 hp 88 frg 1
ARGLOG Romero t  95.1 pos '356.1 -167.3 -296.0' spd 251.9 yaw 345.2 mode 0 st 2 gl 2 hp 51 frg 2
ARGEVT Carmack route 15 start '529.0  73.0 -296.0' goal '721.0 -887.0 -232.0'
ARGEVT Romero route 4 start '401.0 -183.0 -296.0' goal ' 49.0 105.0 -296.0'
ARGLOG Carmack t  95.6 pos '537.6 102.4 -296.0' spd 177.8 yaw 228.0 mode 2 st 2 gl 3 hp 100 frg 1
ARGLOG Joe Rogan t  95.6 pos '462.6 -63.4 -104.0' spd 110.6 yaw 196.5 mode 2 st 3 gl 2 hp 77 frg 1
ARGLOG Romero t  95.6 pos '346.1 -116.1 -296.0' spd 217.4 yaw  22.1 mode 2 st 2 gl 2 hp 51 frg 2
ARGEVT Romero hazard
ARGEVT Carmack hazard
ARGEVT Joe Rogan weapon sg
ARGLOG Carmack t  96.1 pos '613.0  14.3 -296.0' spd 320.4 yaw 263 mode 2 st 2 gl 3 hp 100 frg 1
ARGLOG Joe Rogan t  96.1 pos '480.4 -213.0 -104.0' spd 349.9 yaw 142.9 mode 2 st 3 gl 2 hp 77 frg 1
ARGLOG Romero t  96.1 pos '333.4 -100.3 -296.0' spd 327.8 yaw 324.3 mode 2 st 2 gl 2 hp 51 frg 2
ARGLOG Carmack t  96.6 pos '647.7 -92.7 -296.0' spd 354.6 yaw 210.7 mode 2 st 2 gl 3 hp 100 frg 1
ARGLOG Joe Rogan t  96.7 pos '562.8 -161.1 -104.0' spd 324.5 yaw 141.1 mode 2 st 3 gl 2 hp 77 frg 1
ARGEVT Romero pursue
ARGLOG Romero t  96.7 pos '349.0  17.1 -288.0' spd 205.3 yaw 324.6 mode 2 st 2 gl 2 hp 51 frg 2
ARGEVT Joe Rogan pursue
ARGEVT Carmack hazard
ARGEVT Romero hazard
ARGLOG Carmack t  97.1 pos '598.6 -109.7 -296.0' spd 322.8 yaw 263 mode 2 st 2 gl 3 hp 100 frg 1
ARGLOG Joe Rogan t  97.2 pos '464.0 -56.0 -104.0' spd 328.5 yaw 190.3 mode 2 st 3 gl 2 hp 77 frg 1
ARGEVT Joe Rogan hazard
ARGLOG Romero t  97.2 pos '398.7 -118.4 -296.0' spd 344.7 yaw 230.1 mode 2 st 2 gl 2 hp 51 frg 2
ARGEVT Romero retreat
ARGLOG Carmack t  97.6 pos '611.8  54.5 -296.0' spd 326.2 yaw 114.0 mode 2 st 2 gl 3 hp 100 frg 1
ARGLOG Joe Rogan t  97.7 pos '474.3 -227.3 -104.0' spd 321.3 yaw 209.3 mode 2 st 3 gl 2 hp 77 frg 1
ARGLOG Romero t  97.7 pos '373.5 -268.1 -296.0' spd 237.8 yaw 330.0 mode 2 st 2 gl 2 hp 27 frg 2
ARGEVT Carmack hazard
ARGEVT Romero hazard
ARGLOG Carmack t  98.1 pos '394.8 -864.0  24.0' spd 300 yaw 81 mode 2 st 2 gl 3 hp 100 frg 1
ARGLOG Joe Rogan t  98.2 pos '444.4 -391.1 -104.0' spd 347.8 yaw 126.5 mode 2 st 3 gl 2 hp 77 frg 1
ARGLOG Romero t  98.2 pos '359.6 -241.5 -296.0' spd 203.7 yaw 277.0 mode 0 st 2 gl 2 hp 27 frg 2
ARGEVT Joe Rogan grab item_cells
ARGEVT Romero pursue
ARGEVT Joe Rogan route 4 start '401.0 -471.0 -104.0' goal '273.0 -375.0 -296.0'
ARGEVT Joe Rogan pursue
ARGEVT Joe Rogan hazard
ARGEVT Romero route 5 start '401.0 -279.0 -296.0' goal ' 49.0 105.0 -296.0'
ARGLOG Carmack t  98.7 pos '367.1 -822.5  24.0' spd 360.1 yaw 83 mode 2 st 2 gl 3 hp 100 frg 1
ARGLOG Joe Rogan t  98.7 pos '322.1 -420.8 -104.0' spd  78.5 yaw  52.5 mode 2 st 3 gl 2 hp 77 frg 1
ARGLOG Romero t  98.7 pos '440.3 -269.2 -296.0' spd 174.3 yaw 244.1 mode 2 st 2 gl 2 hp 27 frg 2
ARGEVT Joe Rogan grab weapon_grenadelauncher
ARGEVT Romero pursue
ARGEVT Joe Rogan pursue
ARGUS Romero hunch item_artifact_super_damage
ARGEVT Romero pursue
ARGLOG Carmack t  99.2 pos '352.7 -655.6  24.0' spd 320.0 yaw 91 mode 2 st 2 gl 3 hp 100 frg 1
ARGLOG Joe Rogan t  99.2 pos '290.1 -422.9 -104.0' spd 305.4 yaw 46 mode 2 st 3 gl 2 hp 77 frg 1
ARGEVT Romero goal item_armorInv
ARGLOG Romero t  99.2 pos '577.1 -236.3 -296.0' spd 356.6 yaw  96.5 mode 0 st 2 gl 2 hp 27 frg 2
ARGEVT Romero route 15 start '593.0 -215.0 -296.0' goal '817.0 -855.0 -232.0'
ARGEVT Joe Rogan grab 
ARGLOG Carmack t  99.7 pos '332.8 -490.5  24.0' spd 320.2 yaw  89.4 mode 2 st 2 gl 3 hp 100 frg 1
ARGLOG Joe Rogan t  99.7 pos '315.9 -461.1 -104.0' spd 320.9 yaw  43.3 mode 2 st 3 gl 2 hp 77 frg 1
ARGLOG Romero t  99.7 pos '541.4 -209.9 -296.0' spd 233.7 yaw 249.0 mode 2 st 2 gl 2 hp 27 frg 2
ARGEVT Carmack engage Joe Rogan
ARGEVT Romero pursue
ARGEVT Joe Rogan pursue
ARGEVT Joe Rogan hazard
ARGLOG Carmack t 100.2 pos '314.4 -318.2 -35.2' spd 279.8 yaw 305.3 mode 2 st 2 gl 3 hp 100 frg 1
ARGLOG Joe Rogan t 100.3 pos '421.6 -480.7 -104.0' spd 337.8 yaw 69 mode 2 st 3 gl 2 hp 77 frg 1
ARGUS routecache adopt
ARGEVT Romero route 15 start '593.0 -215.0 -296.0' goal '817.0 -855.0 -232.0'
ARGLOG Romero t 100.3 pos '606.4 -226.6 -296.0' spd 323.7 yaw 214 mode 0 st 2 gl 2 hp 27 frg 2
ARGEVT Romero hazard
ARGEVT Romero pursue
ARGLOG Carmack t 100.7 pos '238.5 -223.2 -296.0' spd 222.7 yaw 329.9 mode 0 st 2 gl 3 hp 100 frg 1
ARGLOG Joe Rogan t 100.8 pos '483.6 -328.3 -104.0' spd 331.2 yaw 70 mode 2 st 3 gl 2 hp 61 frg 1
ARGLOG Romero t 100.8 pos '454.6 -252.7 -296.0' spd 358.9 yaw 196.4 mode 2 st 2 gl 2 hp 27 frg 2
