LOG started on: 09/18/2026 06:32:54 
Playing registered version.
UDP Initialized
WIPX_OpenSocket: Address family not supported by protocol family
WIPX_Init: Unable to open control socket, IPX disabled
Exe: 20:02:47 Jul 31 2024
256.0 megabyte heap

Language initialization
Couldn't load 'localization/loc_english.txt'
from 'C:\argus\engine'

========= Quake Initialized =========

execing autoexec.cfg
SpawnServer: dm4
Clearing memory
Programs occupy 906K.
trying to open external vis file
maps/dm4.vis not found, trying argus.vis
external vis not found
ARGUS slots 8
ARGUS worldspawn reached
ARGNAV 137 nodes, 678 links
0 entities inhibited
ARGUS init on dm4
ARGEVT Carmack spawned
ARGEVT Romero spawned
ARGEVT Joe Rogan spawned
Server spawned.
ARGLOG Joe Rogan t   1.2 pos '-64.0 -232.0 -72.0' spd 0 yaw 357.6 mode 0 st 0 gl 0 hp 100 frg 0
ARGLOG Romero t   1.2 pos '112.0 -1136.0 -104.0' spd 0 yaw  92.5 mode 0 st 0 gl 0 hp 100 frg 0
ARGLOG Carmack t   1.2 pos '-64.0 512.0 -296.0' spd 0 yaw 299.6 mode 0 st 0 gl 0 hp 100 frg 0
ARGEVT Carmack hazard
ARGLOG Joe Rogan t   1.7 pos ' 81.6 -237.1 -72.0' spd 320 yaw 357.6 mode 0 st 0 gl 0 hp 100 frg 0
ARGLOG Romero t   1.7 pos '106.9 -990.4 -104.0' spd 320 yaw  92.5 mode 0 st 0 gl 0 hp 100 frg 0
ARGLOG Carmack t   1.7 pos '  5.2 469.1 -296.0' spd 336.8 yaw  66.4 mode 0 st 0 gl 0 hp 100 frg 0
ARGUS Carmack wallslide
ARGLOG Joe Rogan t   2.2 pos '247.9 -243.2 -77.9' spd 320 yaw 357.6 mode 0 st 0 gl 0 hp 100 frg 0
ARGLOG Romero t   2.2 pos '101.3 -828.9 -104.0' spd 320 yaw  92.5 mode 0 st 0 gl 0 hp 100 frg 0
ARGLOG Carmack t   2.2 pos '  0.2 451.6 -296.0' spd 253.5 yaw 102.1 mode 0 st 0 gl 0 hp 100 frg 0
ARGLOG Joe Rogan t   2.7 pos '386.0 -252.3 -228.8' spd  54.8 yaw 185.8 mode 0 st 0 gl 0 hp 100 frg 0
ARGLOG Romero t   2.7 pos '149.4 -831.9 -104.0' spd 321.3 yaw 295.7 mode 0 st 0 gl 0 hp 100 frg 0
ARGLOG Carmack t   2.7 pos '-34.7 603.7 -296.0' spd 184.6 yaw 322.2 mode 0 st 0 gl 0 hp 200 frg 0
ARGEVT Carmack hazard
ARGUS Carmack wallslide
ARGEVT Joe Rogan hazard
ARGLOG Joe Rogan t   3.2 pos '353.4 -203.1 -296.0' spd 368.2 yaw 272.8 mode 0 st 0 gl 0 hp 100 frg 0
ARGLOG Romero t   3.2 pos '226.7 -975.8 -104.0' spd 320.0 yaw 295.7 mode 0 st 0 gl 0 hp 100 frg 0
ARGLOG Carmack t   3.2 pos '  9.5 496.2 -296.0' spd 330.6 yaw 296.8 mode 0 st 0 gl 0 hp 200 frg 0
ARGEVT Romero hazard
ARGLOG Joe Rogan t   3.7 pos '326.5 -251.8 -296.0' spd 186.7 yaw 108.2 mode 0 st 0 gl 0 hp 100 frg 0
ARGLOG Romero t   3.7 pos '253.6 -1041.8 -104.0' spd 321.9 yaw 108.1 mode 0 st 0 gl 0 hp 100 frg 0
ARGLOG Carmack t   3.7 pos '-111.8 515.6 -296.0' spd 321.5 yaw 319.0 mode 0 st 0 gl 0 hp 200 frg 0
ARGEVT Joe Rogan goal weapon_rocketlauncher
ARGEVT Romero goal item_armorInv
ARGEVT Carmack goal weapon_lightning
ARGEVT Joe Rogan route 5 start '337.0 -247.0 -296.0' goal ' 81.0  73.0 -296.0'
ARGEVT Carmack hazard
ARGLOG Joe Rogan t   4.2 pos '331.7 -269.2 -296.0' spd 380.4 yaw 162 mode 2 st 0 gl 0 hp 100 frg 0
ARGLOG Romero t   4.2 pos '204.6 -882.5 -104.0' spd 380.8 yaw  50.5 mode 0 st 0 gl 0 hp 100 frg 0
ARGLOG Carmack t   4.2 pos '-36.7 431.6 -296.0' spd 323.4 yaw 327.5 mode 0 st 0 gl 0 hp 200 frg 0
ARGEVT Joe Rogan hazard
ARGEVT Romero route 9 start '177.0 -855.0 -104.0' goal '817.0 -855.0 -232.0'
ARGEVT Joe Rogan route 6 start '369.0 -247.0 -296.0' goal ' 81.0  73.0 -296.0'
ARGEVT Romero hazard
ARGUS routecache adopt
ARGEVT Joe Rogan route 6 start '369.0 -247.0 -296.0' goal ' 81.0  73.0 -296.0'
ARGEVT Carmack route 17 start ' 81.0 425.0 -296.0' goal '529.0 -311.0 -104.0'
ARGLOG Joe Rogan t   4.8 pos '344.7 -258.4 -296.0' spd 330.4 yaw 164 mode 2 st 0 gl 0 hp 100 frg 0
ARGLOG Romero t   4.8 pos '303.4 -752.0 -104.0' spd 304.1 yaw 71 mode 2 st 0 gl 0 hp 100 frg 0
ARGLOG Carmack t   4.8 pos '108.8 397.5 -296.0' spd 331.5 yaw 164 mode 2 st 0 gl 0 hp 200 frg 0
ARGEVT Carmack hazard
ARGLOG Joe Rogan t   5.3 pos '256.7 -261.9 -296.0' spd 320.0 yaw 159 mode 2 st 0 gl 0 hp 100 frg 0
ARGLOG Romero t   5.3 pos '363.4 -596.3 -104.0' spd 331.1 yaw 40 mode 2 st 0 gl 0 hp 100 frg 0
ARGLOG Carmack t   5.3 pos ' 32.7 399.3 -296.0' spd 320.7 yaw 158 mode 2 st 0 gl 0 hp 200 frg 0
ARGEVT Joe Rogan hazard
ARGEVT Joe Rogan engage Romero
ARGUS Joe Rogan threatmove range 2
ARGLOG Joe Rogan t   5.8 pos '121.5 -224.6 -296.0' spd 372.9 yaw 164.4 mode 2 st 0 gl 0 hp 100 frg 0
ARGEVT Romero engage Joe Rogan
ARGUS Romero threatmove range 2
ARGEVT Romero grab weapon_lightning
ARGLOG Romero t   5.8 pos '392.4 -433.2 -104.0' spd 377.0 yaw 357.7 mode 2 st 0 gl 0 hp 100 frg 0
ARGLOG Carmack t   5.8 pos '-126.6 424.9 -296.0' spd 339.5 yaw 283 mode 2 st 0 gl 0 hp 200 frg 0
ARGUS Joe Rogan threatmove range 4
ARGLOG Joe Rogan t   6.3 pos ' 66.4 -227.4 -296.0' spd  43.4 yaw 356.9 mode 2 st 0 gl 0 hp 100 frg 0
ARGEVT Romero weapon sg
ARGEVT Romero grab item_armor1
ARGLOG Romero t   6.3 pos '500.4 -304.1 -104.0' spd 362.8 yaw 167.4 mode 2 st 0 gl 0 hp 100 frg 0
ARGLOG Carmack t   6.3 pos '-211.5 420.4 -296.0' spd 206.7 yaw 355.6 mode 2 st 0 gl 0 hp 200 frg 0
ARGUS Joe Rogan threatmove range 2
ARGEVT Carmack hazard
ARGEVT Carmack goal weapon_rocketlauncher
ARGEVT Carmack route 20 start '-207.0 425.0 -296.0' goal '753.0 -887.0 -232.0'
ARGEVT Romero weapon lg
ARGUS Joe Rogan threatmove range 4
ARGEVT Joe Rogan hazard
ARGLOG Joe Rogan t   6.8 pos '111.3 -233.0 -296.0' spd 152.9 yaw   8.0 mode 2 st 0 gl 0 hp 92 frg 0
ARGLOG Romero t   6.8 pos '526.5 -138.4 -104.0' spd 349.0 yaw 189.1 mode 2 st 0 gl 0 hp 100 frg 0
ARGLOG Carmack t   6.8 pos '-83.6 429.8 -296.0' spd 359.1 yaw 276 mode 2 st 0 gl 0 hp 200 frg 0
ARGEVT Romero route 6 start '529.0 -55.0 -104.0' goal '817.0 -855.0 -232.0'
ARGLOG Joe Rogan t   7.3 pos '178.1 -254.9 -296.0' spd  70.7 yaw  31.3 mode 2 st 0 gl 0 hp 92 frg 0
ARGLOG Romero t   7.3 pos '492.8 -82.0 -104.0' spd 320.9 yaw 210.1 mode 2 st 0 gl 0 hp 98 frg 0
ARGLOG Carmack t   7.3 pos ' 31.0 409.2 -296.0' spd  42.9 yaw 257 mode 2 st 0 gl 0 hp 200 frg 0
ARGEVT Carmack hazard
ARGLOG Joe Rogan t   7.8 pos '176.6 -237.1 -296.0' spd 117.1 yaw 355.0 mode 2 st 0 gl 0 hp 92 frg 0
ARGLOG Romero t   7.8 pos '528.6 -249.8 -104.0' spd 340.7 yaw 182.7 mode 2 st 0 gl 0 hp 82 frg 0
ARGLOG Carmack t   7.8 pos ' 52.7 408.4 -296.0' spd  41.8 yaw 254 mode 2 st 0 gl 0 hp 199 frg 0
ARGLOG Joe Rogan t   8.3 pos '177.6 -230.7 -296.0' spd  97.3 yaw 329.2 mode 2 st 0 gl 0 hp 92 frg 0
ARGEVT Romero grab item_health
ARGLOG Romero t   8.3 pos '483.2 -411.8 -104.0' spd 329.7 yaw 158.5 mode 2 st 0 gl 0 hp 82 frg 0
ARGEVT Romero hazard
ARGLOG Carmack t   8.3 pos ' 73.2 407.7 -296.0' spd  39.8 yaw 251 mode 2 st 0 gl 0 hp 199 frg 0
ARGEVT Carmack hazard
ARGEVT Joe Rogan pursue
ARGEVT Romero pursue
ARGEVT Joe Rogan hazard
ARGUS Joe Rogan hunch item_artifact_super_damage
ARGEVT Joe Rogan pursue
ARGLOG Joe Rogan t   8.8 pos '219.8 -248.4 -296.0' spd 323.2 yaw 254.7 mode 2 st 0 gl 0 hp 92 frg 0
ARGLOG Romero t   8.8 pos '517.5 -362.9 -104.0' spd 329.5 yaw 159 mode 2 st 0 gl 0 hp 82 frg 0
ARGLOG Carmack t   8.8 pos '101.0 384.6 -296.0' spd 176.5 yaw 245 mode 2 st 0 gl 0 hp 198 frg 0
ARGEVT Joe Rogan goal weapon_rocketlauncher
ARGEVT Joe Rogan route 5 start '337.0 -247.0 -296.0' goal ' 81.0  73.0 -296.0'
ARGLOG Joe Rogan t   9.4 pos '281.7 -252.7 -296.0' spd 190.0 yaw 325.5 mode 2 st 0 gl 0 hp 92 frg 0
ARGLOG Romero t   9.4 pos '511.5 -406.2 -104.0' spd 138.1 yaw 143.1 mode 2 st 0 gl 0 hp 82 frg 0
ARGLOG Carmack t   9.4 pos '  5.8 421.9 -296.0' spd 273.8 yaw 262 mode 2 st 0 gl 0 hp 198 frg 0
ARGEVT Carmack hazard
ARGEVT Joe Rogan pursue
ARGEVT Romero pursue
ARGUS Romero hunch item_artifact_super_damage
ARGEVT Romero goal item_armorInv
ARGEVT Joe Rogan route 6 start '369.0 -247.0 -296.0' goal ' 81.0  73.0 -296.0'
ARGEVT Joe Rogan hazard
ARGLOG Joe Rogan t   9.9 pos '395.5 -254.8 -296.0' spd 180.2 yaw 259.0 mode 0 st 0 gl 0 hp 92 frg 0
ARGLOG Romero t   9.9 pos '474.0 -355.1 -104.0' spd 234.6 yaw 306 mode 0 st 0 gl 0 hp 82 frg 0
ARGLOG Carmack t   9.9 pos '-96.2 409.4 -296.0' spd 373.5 yaw 279 mode 2 st 0 gl 0 hp 197 frg 0
ARGEVT Romero pursue
ARGUS routecache adopt
ARGEVT Joe Rogan route 6 start '369.0 -247.0 -296.0' goal ' 81.0  73.0 -296.0'
ARGEVT Romero route 5 start '529.0 -407.0 -104.0' goal '817.0 -855.0 -232.0'
ARGEVT Romero hazard
ARGEVT Joe Rogan route 5 start '337.0 -247.0 -296.0' goal ' 81.0  73.0 -296.0'
ARGEVT Joe Rogan pursue
ARGLOG Joe Rogan t  10.4 pos '280.5 -262.8 -296.0' spd 328.3 yaw 195.5 mode 2 st 0 gl 0 hp 92 frg 0
ARGLOG Romero t  10.4 pos '558.8 -422.5 -98.1' spd  33.4 yaw 183.1 mode 2 st 0 gl 0 hp 82 frg 0
ARGLOG Carmack t  10.4 pos '-63.0 243.6 -296.0' spd 326.3 yaw 304 mode 2 st 0 gl 0 hp 197 frg 0
ARGEVT Carmack hazard
ARGEVT Joe Rogan pursue
ARGEVT Joe Rogan hazard
ARGLOG Joe Rogan t  10.9 pos '112.0 -277.8 -296.0' spd  17.7 yaw 246.5 mode 2 st 0 gl 0 hp 92 frg 0
ARGLOG Romero t  10.9 pos '475.0 -373.7 -104.0' spd 375.6 yaw 152.9 mode 2 st 0 gl 0 hp 82 frg 0
ARGLOG Carmack t  10.9 pos '-58.9  70.6 -296.0' spd 383.5 yaw 316 mode 2 st 0 gl 0 hp 196 frg 0
ARGEVT Romero weapon sg
ARGUS Carmack wallslide
ARGUS Joe Rogan threatmove range 2
ARGLOG Joe Rogan t  11.4 pos ' 58.3 -233.4 -296.0' spd 135.2 yaw 352.3 mode 2 st 0 gl 0 hp 92 frg 0
ARGLOG Romero t  11.4 pos '528.4 -219.3 -104.0' spd 334.5 yaw 177.9 mode 2 st 0 gl 0 hp 82 frg 0
ARGLOG Carmack t  11.4 pos '-21.9 -91.7 -296.0' spd 327.3 yaw 285 mode 2 st 0 gl 0 hp 196 frg 0
ARGEVT Carmack engage Joe Rogan
ARGUS Carmack threatmove range 2
ARGEVT Carmack route 16 start '-47.0 -151.0 -296.0' goal '753.0 -887.0 -232.0'
ARGEVT Romero weapon lg
ARGUS Joe Rogan threatmove range 4
ARGLOG Joe Rogan t  11.9 pos ' 80.3 -235.8 -296.0' spd 306.6 yaw  22.2 mode 2 st 0 gl 0 hp 92 frg 0
ARGLOG Romero t  11.9 pos '481.2 -59.9 -104.0' spd 261.8 yaw 200.6 mode 0 st 0 gl 0 hp 82 frg 0
ARGLOG Carmack t  11.9 pos '-31.0 -187.8 -296.0' spd 116.2 yaw 334.3 mode 0 st 0 gl 0 hp 195 frg 0
ARGUS routecache adopt
ARGEVT Carmack route 16 start '-47.0 -151.0 -296.0' goal '753.0 -887.0 -232.0'
ARGEVT Romero route 6 start '529.0 -55.0 -104.0' goal '817.0 -855.0 -232.0'
ARGEVT Romero weapon sg
ARGUS Joe Rogan threatmove range 2
ARGEVT Joe Rogan hazard
ARGEVT Romero weapon lg
ARGUS Joe Rogan threatmove range 4
ARGUS Joe Rogan threatmove retreat 4
ARGEVT Joe Rogan retreat
ARGEVT Carmack route 16 start '-79.0 -247.0 -296.0' goal '753.0 -887.0 -232.0'
ARGEVT Romero weapon sg
ARGUS Joe Rogan threatmove range 2
ARGUS routecache adopt
ARGEVT Carmack route 16 start '-79.0 -247.0 -296.0' goal '753.0 -887.0 -232.0'
ARGLOG Joe Rogan t  12.4 pos ' 28.2 -230.3 -296.0' spd 320.6 yaw   6.2 mode 2 st 0 gl 0 hp 38 frg 0
ARGLOG Romero t  12.4 pos '481.0 -185.8 -104.0' spd 330.7 yaw 194.3 mode 2 st 0 gl 0 hp 74 frg 0
ARGLOG Carmack t  12.4 pos '-89.0 -267.1 -296.0' spd 218.8 yaw   1.9 mode 2 st 0 gl 0 hp 195 frg 0
ARGEVT Carmack hazard
ARGUS Joe Rogan wallslide
ARGUS routecache adopt
ARGEVT Carmack route 16 start '-79.0 -247.0 -296.0' goal '753.0 -887.0 -232.0'
ARGUS Carmack wallslide
ARGUS Carmack bodyblock
ARGUS Joe Rogan bodyblock
ARGEVT Romero hazard
ARGLOG Joe Rogan t  12.9 pos '-51.2 -219.8 -296.0' spd 178.4 yaw 347.4 mode 2 st 0 gl 0 hp 14 frg 0
ARGLOG Romero t  12.9 pos '466.0 -316.0 -104.0' spd 119.0 yaw 176.5 mode 2 st 0 gl 0 hp 66 frg 0
ARGLOG Carmack t  12.9 pos '-78.1 -259.6 -296.0' spd 278.9 yaw  47.3 mode 0 st 0 gl 0 hp 194 frg 0
ARGUS routecache adopt
ARGEVT Carmack route 16 start '-79.0 -247.0 -296.0' goal '753.0 -887.0 -232.0'
ARGUS routecache adopt
ARGEVT Carmack route 16 start '-79.0 -247.0 -296.0' goal '753.0 -887.0 -232.0'
ARGEVT Joe Rogan hazard
ARGUS routecache adopt
ARGEVT Carmack route 16 start '-79.0 -247.0 -296.0' goal '753.0 -887.0 -232.0'
ARGLOG Joe Rogan t  13.5 pos '-77.7 -188.8 -296.0' spd 137.5 yaw 357.8 mode 2 st 0 gl 0 hp 14 frg 0
ARGLOG Romero t  13.5 pos '459.6 -233.4 -104.0' spd 233.0 yaw 169.7 mode 2 st 0 gl 0 hp 66 frg 0
ARGLOG Carmack t  13.5 pos '-66.1 -245.7 -296.0' spd 326.0 yaw  74.8 mode 0 st 0 gl 0 hp 194 frg 0
ARGUS routecache adopt
ARGEVT Carmack route 15 start ' 17.0 -247.0 -296.0' goal '753.0 -887.0 -232.0'
ARGUS routecache adopt
ARGEVT Carmack route 15 start ' 17.0 -247.0 -296.0' goal '753.0 -887.0 -232.0'
ARGEVT Carmack hazard
ARGEVT Romero pursue
ARGUS Joe Rogan wallslide
ARGLOG Joe Rogan t  14.0 pos '-16.0 -41.2 -296.0' spd 326.9 yaw  98.6 mode 2 st 0 gl 0 hp 6 frg 0
ARGLOG Romero t  14.0 pos '395.4 -236.1 -157.8' spd 119.5 yaw 173 mode 2 st 0 gl 0 hp 66 frg 0
ARGLOG Carmack t  14.0 pos ' 35.3 -219.6 -296.0' spd 366.8 yaw 111.7 mode 2 st 0 gl 0 hp 193 frg 0
ARGUS routecache adopt
ARGEVT Carmack route 16 start '-79.0 -247.0 -296.0' goal '753.0 -887.0 -232.0'
ARGEVT Joe Rogan pursue
ARGEVT Joe Rogan hazard
ARGEVT Romero pursue
ARGUS routecache adopt
ARGEVT Carmack route 16 start '-79.0 -247.0 -296.0' goal '753.0 -887.0 -232.0'
ARGLOG Joe Rogan t  14.5 pos '-36.0 121.6 -296.0' spd 232.5 yaw  11.9 mode 1 st 0 gl 0 hp 2 frg 0
ARGLOG Romero t  14.5 pos '312.0 -274.6 -296.0' spd 322.4 yaw 188.7 mode 2 st 0 gl 0 hp 66 frg 0
ARGLOG Carmack t  14.5 pos '-50.0 -192.1 -296.0' spd 322.7 yaw  80.5 mode 0 st 0 gl 0 hp 193 frg 0
ARGEVT Romero hazard
ARGEVT Romero pursue
ARGEVT Romero route 14 start '337.0 -247.0 -296.0' goal '817.0 -855.0 -232.0'
ARGEVT Carmack route 16 start '-47.0 -151.0 -296.0' goal '753.0 -887.0 -232.0'
ARGLOG Joe Rogan t  15.0 pos ' 79.1  75.6 -296.0' spd 322.3 yaw 322 mode 1 st 0 gl 0 hp 2 frg 0
ARGLOG Romero t  15.0 pos '149.4 -266.6 -296.0' spd 344.3 yaw 151.4 mode 2 st 0 gl 0 hp 66 frg 0
ARGLOG Carmack t  15.0 pos '-34.6 -96.5 -296.0' spd 260.6 yaw  61.6 mode 2 st 0 gl 0 hp 192 frg 0
ARGEVT Joe Rogan goal item_health
ARGEVT Romero pursue
ARGEVT Joe Rogan route 9 start ' 81.0  73.0 -296.0' goal '529.0  73.0 -296.0'
ARGUS Joe Rogan hunch item_artifact_super_damage
ARGEVT Carmack pursue
ARGUS Joe Rogan wallslide
ARGEVT Joe Rogan goal item_health
ARGUS routecache adopt
ARGEVT Joe Rogan route 9 start ' 81.0  73.0 -296.0' goal '529.0  73.0 -296.0'
ARGUS Carmack threatmove range 3
ARGEVT Joe Rogan pursue
ARGEVT Joe Rogan hazard
ARGEVT Romero route 15 start ' 17.0 -247.0 -296.0' goal '817.0 -855.0 -232.0'
ARGLOG Joe Rogan t  15.5 pos ' 33.2 116.6 -296.0' spd 242.2 yaw  80.8 mode 2 st 0 gl 1 hp 2 frg 0
ARGLOG Romero t  15.5 pos '-19.4 -234.3 -296.0' spd 332.8 yaw 131.1 mode 0 st 0 gl 0 hp 66 frg 0
ARGLOG Carmack t  15.5 pos '-45.7  57.6 -296.0' spd 238.1 yaw  40.3 mode 2 st 0 gl 0 hp 192 frg 0
ARGUS Joe Rogan leadclip
ARGEVT Romero weapon lg
ARGUS Romero threatmove range 3
ARGUS Joe Rogan threatmove range 4
ARGEVT Romero route 16 start '-79.0 -247.0 -296.0' goal '817.0 -855.0 -232.0'
ARGEVT Joe Rogan death Romero pos '-36.2 108.4 -296.0'
ARGUS Romero watch spawn
ARGEVT Romero engage Carmack
ARGUS Romero threatmove range 2
ARGEVT Carmack engage Romero
ARGUS Carmack threatmove range 4
ARGEVT Carmack grab 
ARGEVT Romero goal backpack
ARGUS Romero threatmove range 3
ARGUS Carmack leadclip
ARGLOG Romero t  16.0 pos '-46.0 -157.6 -296.0' spd  99.6 yaw  97.8 mode 1 st 0 gl 0 hp 66 frg 1
ARGLOG Carmack t  16.0 pos '-101.5  68.3 -296.0' spd 296.9 yaw 290.1 mode 2 st 0 gl 0 hp 191 frg 0
ARGEVT Romero goal item_armorInv
ARGEVT Romero route 16 start '-47.0 -151.0 -296.0' goal '817.0 -855.0 -232.0'
ARGEVT Carmack route 12 start '-143.0 105.0 -296.0' goal '753.0 -887.0 -232.0'
ARGEVT Carmack hazard
ARGEVT Romero pursue
ARGEVT Carmack pursue
ARGLOG Romero t  16.5 pos '-55.7 -137.2 -296.0' spd 184.0 yaw 104.8 mode 2 st 0 gl 0 hp 66 frg 1
ARGLOG Carmack t  16.5 pos '-75.2  92.1 -296.0' spd 320.1 yaw 292.2 mode 2 st 0 gl 0 hp 137 frg 0
ARGEVT Romero weapon sg
ARGLOG Romero t  17.0 pos '-39.5 -120.1 -296.0' spd 167.6 yaw  63.9 mode 2 st 0 gl 0 hp 66 frg 1
ARGLOG Carmack t  17.0 pos ' 94.2 109.2 -296.0' spd 284.5 yaw 241.7 mode 2 st 0 gl 0 hp 77 frg 0
ARGEVT Carmack pursue
ARGEVT Romero pursue
ARGEVT Joe Rogan respawn
ARGEVT Joe Rogan goal weapon_rocketlauncher
ARGLOG Joe Rogan t  17.3 pos '784.0 -176.0  24.0' spd 0 yaw 182 mode 0 st 0 gl 1 hp 100 frg 0
ARGEVT Joe Rogan route 5 start '785.0 -183.0  24.0' goal '753.0 -887.0 -232.0'
ARGUS Carmack hunch item_artifact_super_damage
ARGEVT Carmack goal item_health
ARGEVT Carmack route 8 start ' 49.0 105.0 -296.0' goal '529.0  73.0 -296.0'
ARGEVT Carmack weapon sg
ARGLOG Romero t  17.6 pos '-28.7 -27.4 -296.0' spd 124.1 yaw  66.4 mode 2 st 0 gl 0 hp 66 frg 1
ARGLOG Carmack t  17.6 pos ' 10.9  76.7 -296.0' spd 209.6 yaw 133.7 mode 2 st 0 gl 0 hp 36 frg 0
ARGEVT Romero hazard
ARGUS Romero threatmove range 2
ARGUS Carmack threatmove range 2
ARGUS Carmack threatmove retreat 2
ARGEVT Carmack retreat
ARGEVT Carmack hazard
ARGLOG Joe Rogan t  17.8 pos '634.9 -181.2  24.0' spd 320 yaw 182 mode 2 st 0 gl 1 hp 100 frg 0
ARGLOG Romero t  18.1 pos '-29.4 -10.8 -296.0' spd  58.4 yaw 100.7 mode 2 st 0 gl 0 hp 66 frg 1
ARGLOG Carmack t  18.1 pos '-113.8 134.1 -296.0' spd 283.2 yaw 290.8 mode 2 st 0 gl 0 hp 12 frg 0
ARGEVT Joe Rogan route 6 start '593.0 -151.0  24.0' goal '753.0 -887.0 -232.0'
ARGLOG Joe Rogan t  18.3 pos '466.1 -187.1  -9.1' spd 320.0 yaw 311 mode 2 st 0 gl 1 hp 100 frg 0
ARGLOG Romero t  18.6 pos '-50.6  81.0 -296.0' spd 345.4 yaw 166.1 mode 2 st 0 gl 0 hp 66 frg 1
ARGLOG Carmack t  18.6 pos '-226.9  60.0 -296.0' spd 148.9 yaw 357.6 mode 2 st 0 gl 0 hp 12 frg 0
ARGEVT Romero hazard
ARGEVT Romero route 17 start '-47.0  73.0 -296.0' goal '817.0 -855.0 -232.0'
ARGEVT Carmack hazard
ARGLOG Joe Rogan t  18.9 pos '308.8 -213.6 -230.5' spd 333.4 yaw 333 mode 2 st 0 gl 1 hp 100 frg 0
ARGUS Carmack wallslide
ARGEVT Joe Rogan hazard
ARGEVT Carmack weapon rl
ARGUS Carmack leadclip
ARGLOG Romero t  19.1 pos '-60.6 -25.0 -296.0' spd 353.7 yaw 155.2 mode 2 st 0 gl 0 hp 50 frg 1
ARGLOG Carmack t  19.1 pos '-240.0 115.2 -296.0' spd 178.5 yaw 339.8 mode 2 st 0 gl 0 hp 12 frg 0
ARGEVT Joe Rogan route 14 start '337.0 -247.0 -296.0' goal '753.0 -887.0 -232.0'
ARGEVT Carmack weapon sg
ARGLOG Joe Rogan t  19.4 pos '179.2 -275.1 -296.0' spd 325.9 yaw 195.1 mode 2 st 0 gl 1 hp 95 frg 0
ARGEVT Carmack pursue
ARGEVT Romero pursue
ARGLOG Romero t  19.6 pos '-28.8  76.5 -296.0' spd 324.8 yaw 167.8 mode 2 st 0 gl 0 hp 50 frg 1
ARGLOG Carmack t  19.6 pos '-230.3  87.5 -296.0' spd 212.7 yaw 347.2 mode 2 st 0 gl 0 hp 12 frg 0
ARGEVT Romero hazard
ARGLOG Joe Rogan t  19.9 pos ' 56.8 -213.8 -296.0' spd 365.0 yaw 356 mode 2 st 0 gl 1 hp 95 frg 0
ARGEVT Carmack death Romero pos '-211.8  75.1 -296.0'
ARGUS Joe Rogan wallslide
ARGEVT Romero goal backpack
ARGEVT Joe Rogan hazard
ARGEVT Joe Rogan route 15 start ' 17.0 -247.0 -296.0' goal '753.0 -887.0 -232.0'
ARGEVT Romero jump
ARGLOG Romero t  20.1 pos '-141.0  70.5 -289.0' spd 325.9 yaw 180.1 mode 1 st 0 gl 0 hp 50 frg 2
ARGEVT Romero goal item_health
ARGLOG Joe Rogan t  20.4 pos '-37.7 -186.0 -296.0' spd 329.6 yaw 119 mode 0 st 0 gl 1 hp 95 frg 0
ARGEVT Romero route 18 start '-207.0  73.0 -296.0' goal '-207.0 -471.0 -72.0'
ARGLOG Romero t  20.6 pos '-239.9  71.3 -272.6' spd  61.9 yaw 311 mode 2 st 0 gl 1 hp 50 frg 2
ARGEVT Joe Rogan route 16 start '-47.0 -151.0 -296.0' goal '753.0 -887.0 -232.0'
ARGLOG Joe Rogan t  20.9 pos '-79.5 -22.5 -296.0' spd 341.2 yaw 332 mode 2 st 0 gl 1 hp 95 frg 0
ARGEVT Joe Rogan hazard
ARGEVT Joe Rogan engage Romero
ARGEVT Romero engage Joe Rogan
ARGLOG Romero t  21.1 pos '-126.8  87.6 -296.0' spd 245.5 yaw 355.6 mode 2 st 0 gl 1 hp 50 frg 2
ARGUS Romero threatmove range 2
ARGUS Joe Rogan threatmove range 2
ARGEVT Carmack respawn
ARGEVT Carmack goal weapon_rocketlauncher
ARGLOG Carmack t  21.4 pos '784.0 -176.0  24.0' spd 0 yaw 185.1 mode 0 st 0 gl 0 hp 100 frg 0
ARGEVT Carmack route 5 start '785.0 -183.0  24.0' goal '753.0 -887.0 -232.0'
ARGLOG Joe Rogan t  21.4 pos '-30.0 -42.7 -296.0' spd 124.3 yaw 101.5 mode 2 st 0 gl 1 hp 95 frg 0
ARGEVT Romero hazard
ARGEVT Carmack hazard
ARGLOG Romero t  21.7 pos '  7.2 107.2 -296.0' spd 358.6 yaw 258.8 mode 2 st 0 gl 1 hp 34 frg 2
ARGLOG Carmack t  21.9 pos '678.1 -206.8  24.0' spd  71.3 yaw 305 mode 2 st 0 gl 0 hp 100 frg 0
ARGLOG Joe Rogan t  21.9 pos '-33.2   3.1 -296.0' spd 321.6 yaw  36.2 mode 2 st 0 gl 1 hp 95 frg 0
ARGUS Carmack wallslide
ARGLOG Romero t  22.2 pos '106.8  99.9 -296.0' spd  41.1 yaw 198.3 mode 2 st 0 gl 1 hp 18 frg 2
ARGEVT Joe Rogan hazard
ARGEVT Joe Rogan route 17 start '-47.0  73.0 -296.0' goal '753.0 -887.0 -232.0'
ARGLOG Carmack t  22.4 pos '848.1 -226.2  24.0' spd 402.4 yaw 285 mode 2 st 0 gl 0 hp 100 frg 0
ARGLOG Joe Rogan t  22.5 pos '-47.4  69.9 -296.0' spd 358.9 yaw 352.2 mode 2 st 0 gl 1 hp 79 frg 0
ARGUS Carmack jumpstage 85
ARGLOG Romero t  22.7 pos '100.6  83.3 -296.0' spd 253.3 yaw 204.7 mode 2 st 0 gl 1 hp 18 frg 2
ARGEVT Romero hazard
ARGEVT Carmack hazard
ARGLOG Carmack t  22.9 pos '823.2 -358.7  24.0' spd 302.5 yaw 260 mode 2 st 0 gl 0 hp 100 frg 0
ARGLOG Joe Rogan t  23.0 pos '-42.6 -13.5 -296.0' spd 320.2 yaw  44.2 mode 2 st 0 gl 1 hp 79 frg 0
ARGUS Carmack wallslide
ARGUS Joe Rogan wallslide
ARGLOG Romero t  23.2 pos ' 35.3  96.5 -296.0' spd  98.1 yaw 214.2 mode 2 st 0 gl 1 hp 18 frg 2
ARGUS Romero threatmove retreat 2
ARGEVT Romero retreat
ARGUS Carmack jumpstage 180
ARGEVT Carmack route 4 start '849.0 -343.0  24.0' goal '753.0 -887.0 -232.0'
ARGUS Carmack jumpstage 85
ARGLOG Carmack t  23.5 pos '827.0 -307.7  24.0' spd 230.5 yaw 261 mode 2 st 0 gl 0 hp 100 frg 0
ARGUS Carmack jumpstage 180
ARGLOG Joe Rogan t  23.5 pos '-83.1 127.9 -296.0' spd 324.7 yaw   0.9 mode 2 st 0 gl 1 hp 55 frg 0
ARGEVT Carmack route 5 start '849.0 -247.0  24.0' goal '753.0 -887.0 -232.0'
ARGLOG Romero t  23.7 pos '110.2 110.7 -296.0' spd 158.2 yaw 159.8 mode 2 st 0 gl 1 hp 2 frg 2
ARGEVT Joe Rogan route 18 start '-111.0 201.0 -296.0' goal '753.0 -887.0 -232.0'
ARGEVT Joe Rogan hazard
ARGEVT Romero hazard
ARGLOG Carmack t  24.0 pos '877.1 -274.7  24.0' spd 301.4 yaw 282 mode 2 st 0 gl 0 hp 100 frg 0
ARGLOG Joe Rogan t  24.0 pos '-74.0 280.5 -296.0' spd 134.5 yaw 306.6 mode 2 st 0 gl 1 hp 51 frg 0
ARGUS Carmack jumpstage 85
ARGLOG Romero t  24.2 pos ' 92.8  70.5 -296.0' spd 245.0 yaw 130.6 mode 2 st 0 gl 1 hp 2 frg 2
ARGEVT Carmack hazard
ARGEVT Romero death Joe Rogan pos '102.3  80.2 -296.0'
ARGUS Joe Rogan watch spawn
ARGLOG Carmack t  24.5 pos '816.1 -369.3  24.0' spd 136.7 yaw 262 mode 2 st 0 gl 0 hp 100 frg 0
ARGEVT Joe Rogan goal backpack
ARGLOG Joe Rogan t  24.5 pos '-72.7 345.9 -296.0' spd 221.3 yaw 257.0 mode 0 st 0 gl 1 hp 51 frg 1
ARGEVT Joe Rogan route 4 start '-111.0 329.0 -296.0' goal ' 81.0  73.0 -296.0'
ARGUS Carmack jumpstage 180
ARGEVT Carmack route 4 start '849.0 -343.0  24.0' goal '753.0 -887.0 -232.0'
ARGUS Carmack jumpstage 85
ARGUS Carmack jumpstage 180
ARGLOG Carmack t  25.0 pos '850.3 -299.0  24.0' spd 182.1 yaw 356.4 mode 0 st 0 gl 0 hp 100 frg 0
ARGLOG Joe Rogan t  25.0 pos '-81.5 198.6 -296.0' spd 336.5 yaw 275.2 mode 1 st 0 gl 1 hp 51 frg 1
ARGEVT Joe Rogan hazard
ARGEVT Carmack route 5 start '849.0 -247.0  24.0' goal '753.0 -887.0 -232.0'
ARGUS Carmack jumpstage 85
ARGLOG Carmack t  25.5 pos '851.6 -321.9  24.0' spd 337.0 yaw 255 mode 2 st 0 gl 0 hp 100 frg 0
ARGLOG Joe Rogan t  25.5 pos '-68.3 161.2 -296.0' spd 352.7 yaw 254.2 mode 1 st 0 gl 1 hp 51 frg 1
ARGEVT Carmack hazard
ARGEVT Romero respawn
ARGEVT Romero goal item_armorInv
ARGLOG Romero t  25.9 pos '-64.0 -232.0 -72.0' spd 0 yaw 354.9 mode 0 st 0 gl 1 hp 100 frg 2
ARGEVT Romero route 9 start '-47.0 -247.0 -72.0' goal '817.0 -855.0 -232.0'
ARGLOG Carmack t  26.0 pos '817.9 -315.1  24.0' spd 320.0 yaw 263 mode 2 st 0 gl 0 hp 100 frg 0
ARGLOG Joe Rogan t  26.0 pos '-30.5  -2.3 -296.0' spd 220.4 yaw  44.6 mode 1 st 0 gl 1 hp 51 frg 1
ARGUS Carmack jumpstage 180
ARGEVT Joe Rogan hazard
ARGEVT Carmack route 4 start '849.0 -343.0  24.0' goal '753.0 -887.0 -232.0'
ARGUS Carmack jumpstage 85
ARGUS Carmack jumpstage 180
ARGEVT Carmack route 5 start '849.0 -247.0  24.0' goal '753.0 -887.0 -232.0'
ARGEVT Joe Rogan goal item_health
ARGEVT Joe Rogan route 7 start '-47.0  73.0 -296.0' goal '529.0  73.0 -296.0'
ARGLOG Romero t  26.4 pos ' 86.0 -234.9 -72.0' spd 320.1 yaw 322 mode 2 st 0 gl 1 hp 100 frg 2
ARGUS Romero jumpcharge 316
ARGLOG Carmack t  26.5 pos '872.6 -235.9  24.0' spd 330.8 yaw 282 mode 2 st 0 gl 0 hp 100 frg 0
ARGLOG Joe Rogan t  26.5 pos ' 56.7 112.5 -296.0' spd 425.2 yaw 264 mode 2 st 0 gl 2 hp 51 frg 1
ARGUS Carmack wallslide
ARGEVT Romero engage Carmack
ARGEVT Romero grab weapon_grenadelauncher
ARGEVT Carmack hazard
ARGLOG Romero t  26.9 pos '161.2 -346.5 -24.0' spd 350.6 yaw   5.6 mode 2 st 0 gl 1 hp 100 frg 2
ARGUS Carmack jumpstage 85
ARGUS Joe Rogan wallslide
ARGLOG Carmack t  27.0 pos '866.6 -308.2  24.0' spd 137.6 yaw 253 mode 2 st 0 gl 0 hp 100 frg 0
ARGLOG Joe Rogan t  27.1 pos ' 21.5  48.2 -296.0' spd 340.9 yaw 265.8 mode 2 st 0 gl 2 hp 51 frg 1
ARGEVT Romero pursue
ARGEVT Joe Rogan hazard
ARGEVT Romero hazard
ARGLOG Romero t  27.5 pos '144.5 -500.1  24.0' spd 324.1 yaw 321.9 mode 2 st 0 gl 1 hp 100 frg 2
ARGLOG Carmack t  27.6 pos '818.5 -350.8  24.0' spd 321.4 yaw 262 mode 2 st 0 gl 0 hp 100 frg 0
ARGLOG Joe Rogan t  27.6 pos ' 65.9  48.0 -296.0' spd 252.7 yaw 261 mode 2 st 0 gl 2 hp 51 frg 1
ARGUS Carmack jumpstage 180
ARGEVT Carmack route 4 start '849.0 -343.0  24.0' goal '753.0 -887.0 -232.0'
ARGUS Carmack jumpstage 85
ARGEVT Romero route 7 start '273.0 -503.0  24.0' goal '817.0 -855.0 -232.0'
ARGUS Carmack jumpstage 180
ARGEVT Carmack route 5 start '849.0 -247.0  24.0' goal '753.0 -887.0 -232.0'
ARGLOG Romero t  28.0 pos '313.1 -494.8  24.0' spd 324.2 yaw 26 mode 2 st 0 gl 1 hp 100 frg 2
ARGLOG Carmack t  28.1 pos '852.9 -257.8  24.0' spd 378.6 yaw 286 mode 2 st 0 gl 0 hp 100 frg 0
ARGLOG Joe Rogan t  28.1 pos ' 97.7  48.0 -296.0' spd  35.9 yaw 255 mode 2 st 0 gl 2 hp 51 frg 1
ARGEVT Carmack hazard
ARGUS Joe Rogan wallslide
ARGUS Carmack wallslide
ARGLOG Romero t  28.5 pos '465.6 -433.0  24.0' spd 320.1 yaw 27 mode 2 st 0 gl 1 hp 100 frg 2
ARGLOG Carmack t  28.6 pos '873.1 -265.4  24.0' spd 321.8 yaw 283 mode 2 st 0 gl 0 hp 100 frg 0
ARGLOG Joe Rogan t  28.6 pos '-19.1  47.3 -296.0' spd 238.9 yaw 278 mode 2 st 0 gl 2 hp 51 frg 1
ARGUS Carmack jumpstage 85
ARGUS Romero hunch item_artifact_super_damage
ARGEVT Romero goal item_armorInv
ARGEVT Romero route 5 start '529.0 -407.0  24.0' goal '817.0 -855.0 -232.0'
ARGEVT Romero pursue
ARGLOG Romero t  29.0 pos '521.7 -345.1  24.0' spd 329.5 yaw 109.5 mode 2 st 0 gl 1 hp 100 frg 2
ARGLOG Carmack t  29.1 pos '821.5 -382.3  24.0' spd 120.8 yaw 259 mode 2 st 0 gl 0 hp 100 frg 0
ARGLOG Joe Rogan t  29.1 pos '-59.3 -110.9 -296.0' spd 337.9 yaw 342 mode 2 st 0 gl 2 hp 51 frg 1
ARGEVT Carmack hazard
ARGEVT Joe Rogan engage Romero
ARGEVT Joe Rogan route 6 start '-47.0 -151.0 -296.0' goal '529.0  73.0 -296.0'
ARGUS Joe Rogan threatmove range 2
ARGUS Carmack jumpstage 180
ARGLOG Romero t  29.5 pos '489.1 -184.4 -71.5' spd 367.0 yaw 309.1 mode 2 st 0 gl 1 hp 100 frg 2
ARGEVT Carmack route 4 start '849.0 -343.0  24.0' goal '753.0 -887.0 -232.0'
ARGUS Carmack jumpstage 85
ARGUS Carmack jumpstage 180
ARGLOG Carmack t  29.6 pos '825.7 -310.4  24.0' spd  89.9 yaw 264 mode 2 st 0 gl 0 hp 100 frg 0
ARGEVT Joe Rogan route 5 start ' 17.0 -247.0 -296.0' goal '529.0  73.0 -296.0'
ARGLOG Joe Rogan t  29.6 pos ' 29.2 -252.8 -296.0' spd 195.6 yaw  10.1 mode 2 st 0 gl 2 hp 51 frg 1
ARGUS Romero threatmove range 2
ARGEVT Romero grab item_armor1
ARGEVT Carmack route 5 start '849.0 -247.0  24.0' goal '753.0 -887.0 -232.0'
ARGEVT Joe Rogan hazard
ARGUS Carmack wallslide
ARGLOG Romero t  30.0 pos '539.9 -110.0 -104.0' spd 163.6 yaw 198.2 mode 2 st 0 gl 1 hp 92 frg 2
ARGLOG Carmack t  30.1 pos '879.0 -260.1  24.0' spd 261.8 yaw 246.1 mode 2 st 0 gl 0 hp 100 frg 0
ARGLOG Joe Rogan t  30.1 pos '137.3 -237.2 -296.0' spd 237.6 yaw  18.8 mode 2 st 0 gl 2 hp 39 frg 1
ARGUS Carmack jumpstage 85
ARGUS Carmack jumpstage 180
ARGUS routecache adopt
ARGEVT Carmack route 4 start '849.0 -343.0  24.0' goal '753.0 -887.0 -232.0'
ARGUS Carmack jumpstage 85
ARGUS Carmack jumpstage 180
ARGEVT Carmack hazard
ARGLOG Romero t  30.5 pos '509.6 -265.6 -104.0' spd 323.6 yaw 179.8 mode 2 st 0 gl 1 hp 92 frg 2
ARGUS routecache adopt
ARGEVT Carmack route 4 start '849.0 -343.0  24.0' goal '753.0 -887.0 -232.0'
ARGUS Carmack jumpstage 85
ARGLOG Carmack t  30.6 pos '816.8 -361.3  24.0' spd 334.5 yaw 262 mode 2 st 0 gl 0 hp 100 frg 0
ARGLOG Joe Rogan t  30.6 pos '190.2 -247.2 -296.0' spd 134.5 yaw 355.8 mode 2 st 0 gl 2 hp 39 frg 1
ARGEVT Joe Rogan hazard
ARGLOG Romero t  31.0 pos '442.5 -419.7 -104.0' spd 335.1 yaw 146.1 mode 2 st 0 gl 1 hp 87 frg 2
ARGLOG Carmack t  31.1 pos '816.3 -366.2  24.0' spd 320.1 yaw 262 mode 2 st 0 gl 0 hp 100 frg 0
ARGLOG Joe Rogan t  31.1 pos '206.4 -243.4 -296.0' spd 164.1 yaw 316.7 mode 2 st 0 gl 2 hp 39 frg 1
ARGEVT Romero grab item_health
