LOG started on: 09/20/2026 06:29:17 
Playing registered version.
UDP Initialized
WIPX_OpenSocket: Address family not supported by protocol family
WIPX_Init: Unable to open control socket, IPX disabled
Exe: 20:02:47 Jul 31 2024
256.0 megabyte heap

Language initialization
Couldn't load 'localization/loc_english.txt'
from 'C:\argus\engine'

========= Quake Initialized =========

execing autoexec.cfg
SpawnServer: dm4
Clearing memory
Programs occupy 914K.
trying to open external vis file
maps/dm4.vis not found, trying argus.vis
external vis not found
ARGUS slots 8
ARGUS worldspawn reached
ARGNAV 137 nodes, 678 links
0 entities inhibited
ARGUS init on dm4
ARGEVT Carmack spawned
ARGEVT Romero spawned
ARGEVT Joe Rogan spawned
Server spawned.
ARGLOG Joe Rogan t   1.2 pos '-64.0 -232.0 -72.0' spd 0 yaw 357.6 mode 0 st 0 gl 0 hp 100 frg 0
ARGLOG Romero t   1.2 pos '112.0 -1136.0 -104.0' spd 0 yaw  92.5 mode 0 st 0 gl 0 hp 100 frg 0
ARGLOG Carmack t   1.2 pos '-64.0 512.0 -296.0' spd 0 yaw 299.6 mode 0 st 0 gl 0 hp 100 frg 0
ARGEVT Carmack hazard
ARGLOG Joe Rogan t   1.7 pos ' 81.0 -237.1 -72.0' spd 320 yaw 357.6 mode 0 st 0 gl 0 hp 100 frg 0
ARGLOG Romero t   1.7 pos '106.9 -991.0 -104.0' spd 320 yaw  92.5 mode 0 st 0 gl 0 hp 100 frg 0
ARGLOG Carmack t   1.7 pos '  4.5 468.5 -296.0' spd 336.1 yaw  66.4 mode 0 st 0 gl 0 hp 100 frg 0
ARGUS Carmack wallslide
ARGLOG Joe Rogan t   2.2 pos '247.3 -243.1 -78.1' spd 320 yaw 357.6 mode 0 st 0 gl 0 hp 100 frg 0
ARGLOG Romero t   2.2 pos '101.3 -829.5 -104.0' spd 320 yaw  92.5 mode 0 st 0 gl 0 hp 100 frg 0
ARGLOG Carmack t   2.2 pos '-99.9 548.5 -296.0' spd 321.3 yaw 349.3 mode 0 st 0 gl 0 hp 100 frg 0
ARGEVT Romero hazard
ARGLOG Joe Rogan t   2.7 pos '388.1 -260.5 -228.8' spd 166.1 yaw 208.3 mode 0 st 0 gl 0 hp 100 frg 0
ARGLOG Romero t   2.7 pos '138.5 -791.9 -104.0' spd 320.0 yaw 330.8 mode 0 st 0 gl 0 hp 100 frg 0
ARGLOG Carmack t   2.7 pos ' -7.1 550.7 -296.0' spd 196.9 yaw 124.0 mode 0 st 0 gl 0 hp 100 frg 0
ARGEVT Joe Rogan hazard
ARGEVT Carmack hazard
ARGLOG Joe Rogan t   3.2 pos '361.8 -213.2 -296.0' spd 347.8 yaw  21.8 mode 0 st 0 gl 0 hp 100 frg 0
ARGLOG Romero t   3.2 pos '282.3 -871.6 -104.0' spd 320 yaw 330.8 mode 0 st 0 gl 0 hp 100 frg 0
ARGLOG Carmack t   3.2 pos ' -0.6 547.0 -296.0' spd 316.1 yaw 291.8 mode 0 st 0 gl 0 hp 200 frg 0
ARGUS Carmack wallslide
ARGLOG Joe Rogan t   3.7 pos '337.0 -254.7 -296.0' spd 216.4 yaw 293.5 mode 0 st 0 gl 0 hp 100 frg 0
ARGLOG Romero t   3.7 pos '422.6 -949.3 -104.0' spd 320 yaw 330.8 mode 0 st 0 gl 0 hp 100 frg 0
ARGLOG Carmack t   3.7 pos ' 22.7 430.2 -296.0' spd  41.4 yaw 205.9 mode 0 st 0 gl 0 hp 200 frg 0
ARGEVT Romero hazard
ARGEVT Joe Rogan hazard
ARGEVT Joe Rogan goal weapon_rocketlauncher
ARGEVT Joe Rogan route 6 start '369.0 -247.0 -296.0' goal ' 81.0  73.0 -296.0'
ARGLOG Joe Rogan t   4.2 pos '437.1 -261.2 -296.0' spd 329.8 yaw 355.4 mode 0 st 0 gl 0 hp 100 frg 0
ARGLOG Romero t   4.2 pos '397.6 -871.8 -104.0' spd 320.8 yaw 131.7 mode 0 st 0 gl 0 hp 100 frg 0
ARGLOG Carmack t   4.2 pos '-45.9 445.5 -296.0' spd 320.0 yaw 165.7 mode 0 st 0 gl 0 hp 200 frg 0
ARGEVT Joe Rogan route 7 start '465.0 -247.0 -296.0' goal ' 81.0  73.0 -296.0'
ARGEVT Romero goal weapon_lightning
ARGEVT Romero route 4 start '305.0 -791.0 -104.0' goal '529.0 -311.0 -104.0'
ARGUS Joe Rogan wallslide
ARGLOG Joe Rogan t   4.7 pos '570.0 -208.0 -296.0' spd  19.5 yaw 190 mode 2 st 0 gl 0 hp 100 frg 0
ARGLOG Romero t   4.7 pos '315.9 -738.6 -104.0' spd 364.7 yaw 72 mode 2 st 0 gl 0 hp 100 frg 0
ARGLOG Carmack t   4.7 pos '-74.1 499.0 -296.0' spd 323.2 yaw  14.2 mode 0 st 0 gl 0 hp 200 frg 0
ARGEVT Carmack goal weapon_nailgun
ARGEVT Carmack route 7 start '-111.0 457.0 -296.0' goal '369.0   9.0 -296.0'
ARGEVT Carmack hazard
ARGEVT Joe Rogan hazard
ARGUS Romero wallslide
ARGLOG Joe Rogan t   5.3 pos '434.6 -257.5 -296.0' spd 379.1 yaw 168.4 mode 0 st 0 gl 0 hp 100 frg 0
ARGLOG Romero t   5.3 pos '366.9 -576.7 -104.0' spd 312.1 yaw 58 mode 2 st 0 gl 0 hp 100 frg 0
ARGLOG Carmack t   5.3 pos ' 32.1 417.1 -296.0' spd 287.3 yaw 258 mode 2 st 0 gl 0 hp 200 frg 0
ARGEVT Joe Rogan route 6 start '369.0 -247.0 -296.0' goal ' 81.0  73.0 -296.0'
ARGEVT Joe Rogan route 6 start '369.0 -215.0 -296.0' goal ' 81.0  73.0 -296.0'
ARGEVT Joe Rogan engage Romero
ARGUS Joe Rogan threatmove range 2
ARGEVT Romero engage Joe Rogan
ARGUS Romero threatmove range 2
ARGEVT Romero grab weapon_lightning
ARGUS Joe Rogan threatmove high 2
ARGLOG Joe Rogan t   5.8 pos '279.9 -215.2 -296.0' spd 289.0 yaw 242.4 mode 2 st 0 gl 0 hp 100 frg 0
ARGLOG Romero t   5.8 pos '405.4 -410.3 -104.0' spd 334.3 yaw  81.7 mode 1 st 0 gl 0 hp 100 frg 0
ARGLOG Carmack t   5.8 pos ' 75.5 406.2 -296.0' spd  38.8 yaw 250 mode 2 st 0 gl 0 hp 200 frg 0
ARGEVT Carmack hazard
ARGUS Joe Rogan threatmove range 4
ARGEVT Romero goal item_armorInv
ARGEVT Romero route 6 start '529.0 -311.0 -104.0' goal '817.0 -855.0 -232.0'
ARGEVT Romero grab item_armor1
ARGLOG Joe Rogan t   6.3 pos '178.5 -230.1 -296.0' spd  69.5 yaw 339.2 mode 2 st 0 gl 0 hp 100 frg 0
ARGLOG Romero t   6.3 pos '511.0 -277.4 -104.0' spd 342.0 yaw 160.4 mode 2 st 0 gl 1 hp 100 frg 0
ARGLOG Carmack t   6.3 pos ' 94.6 390.7 -296.0' spd 161.7 yaw 246 mode 2 st 0 gl 0 hp 200 frg 0
ARGLOG Joe Rogan t   6.8 pos '161.0 -231.2 -296.0' spd  18.7 yaw  13.7 mode 2 st 0 gl 0 hp 100 frg 0
ARGLOG Romero t   6.8 pos '522.8 -108.8 -104.0' spd 341.3 yaw 191.9 mode 2 st 0 gl 1 hp 100 frg 0
ARGLOG Carmack t   6.8 pos '-15.8 408.2 -296.0' spd 352.6 yaw 265 mode 2 st 0 gl 0 hp 200 frg 0
ARGEVT Romero route 6 start '529.0 -55.0 -104.0' goal '817.0 -855.0 -232.0'
ARGLOG Joe Rogan t   7.3 pos '160.8 -254.4 -296.0' spd 183.9 yaw  18.8 mode 2 st 0 gl 0 hp 100 frg 0
ARGLOG Romero t   7.3 pos '497.9 -112.4 -104.0' spd 320.0 yaw 202.6 mode 2 st 0 gl 1 hp 98 frg 0
ARGLOG Carmack t   7.3 pos '-72.9 244.9 -296.0' spd 402.5 yaw 274 mode 2 st 0 gl 0 hp 200 frg 0
ARGLOG Joe Rogan t   7.8 pos '146.3 -243.3 -296.0' spd 204.0 yaw  10.3 mode 2 st 0 gl 0 hp 100 frg 0
ARGLOG Romero t   7.8 pos '478.0 -121.7 -104.0' spd 322.2 yaw 197.8 mode 2 st 0 gl 1 hp 84 frg 0
ARGLOG Carmack t   7.8 pos '-23.7  88.1 -296.0' spd 323.4 yaw 300 mode 2 st 0 gl 0 hp 199 frg 0
ARGEVT Joe Rogan hazard
ARGEVT Carmack hazard
ARGEVT Romero hazard
ARGUS Carmack wallslide
ARGUS routecache adopt
ARGEVT Romero route 6 start '529.0 -55.0 -104.0' goal '817.0 -855.0 -232.0'
ARGEVT Joe Rogan goal weapon_nailgun
ARGEVT Joe Rogan route 3 start '145.0 -247.0 -296.0' goal '369.0   9.0 -296.0'
ARGLOG Joe Rogan t   8.3 pos ' 85.0 -232.1 -296.0' spd  64.5 yaw  17.8 mode 2 st 0 gl 0 hp 70 frg 0
ARGLOG Romero t   8.3 pos '489.2 -102.2 -104.0' spd 330.2 yaw 204.9 mode 2 st 0 gl 1 hp 84 frg 0
ARGLOG Carmack t   8.3 pos ' 58.5  48.0 -296.0' spd  46.9 yaw 262 mode 2 st 0 gl 0 hp 199 frg 0
ARGLOG Joe Rogan t   8.8 pos ' 78.2 -237.5 -296.0' spd 125.5 yaw 353.6 mode 2 st 0 gl 0 hp 70 frg 0
ARGLOG Romero t   8.8 pos '501.9 -267.6 -104.0' spd 327.1 yaw 179.4 mode 2 st 0 gl 1 hp 84 frg 0
ARGLOG Carmack t   8.8 pos ' 80.6  48.0 -296.0' spd  42.3 yaw 258 mode 2 st 0 gl 0 hp 198 frg 0
ARGEVT Carmack hazard
ARGEVT Romero grab item_health
ARGEVT Romero weapon sg
ARGEVT Romero hazard
ARGUS Joe Rogan threatmove range 2
ARGUS Carmack wallslide
ARGLOG Joe Rogan t   9.3 pos ' 80.1 -232.9 -296.0' spd  64.2 yaw 334.1 mode 2 st 0 gl 0 hp 70 frg 0
ARGLOG Romero t   9.3 pos '467.4 -423.7 -104.0' spd 374.9 yaw 159.3 mode 2 st 0 gl 1 hp 76 frg 0
ARGLOG Carmack t   9.3 pos ' 90.6  48.4 -296.0' spd 148.3 yaw 257 mode 2 st 0 gl 0 hp 198 frg 0
ARGUS Romero wallslide
ARGEVT Joe Rogan hazard
ARGEVT Romero pursue
ARGEVT Joe Rogan pursue
ARGUS Joe Rogan hunch item_artifact_super_damage
ARGEVT Joe Rogan pursue
ARGLOG Joe Rogan t   9.9 pos ' 87.8 -251.8 -296.0' spd 223.4 yaw  62.9 mode 2 st 0 gl 0 hp 70 frg 0
ARGLOG Romero t   9.9 pos '542.8 -402.6 -104.0' spd 233.2 yaw 160 mode 2 st 0 gl 1 hp 76 frg 0
ARGLOG Carmack t   9.9 pos '-36.8  28.7 -296.0' spd 343.6 yaw 282 mode 2 st 0 gl 0 hp 197 frg 0
ARGEVT Joe Rogan goal weapon_rocketlauncher
ARGEVT Joe Rogan route 15 start '145.0 -247.0 -296.0' goal '753.0 -887.0 -232.0'
ARGEVT Carmack hazard
ARGLOG Joe Rogan t  10.4 pos '176.0 -241.6 -296.0' spd 286.3 yaw 329.8 mode 2 st 0 gl 0 hp 70 frg 0
ARGLOG Romero t  10.4 pos '530.6 -411.9 -104.0' spd 237.8 yaw 151.6 mode 2 st 0 gl 1 hp 76 frg 0
ARGLOG Carmack t  10.4 pos '-19.7 -141.8 -296.0' spd 323.5 yaw 344 mode 2 st 0 gl 0 hp 197 frg 0
ARGEVT Carmack engage Joe Rogan
ARGUS Carmack leadclip
ARGUS Carmack threatmove range 2
ARGEVT Joe Rogan pursue
ARGEVT Romero pursue
ARGEVT Carmack route 3 start ' 17.0 -247.0 -296.0' goal '369.0   9.0 -296.0'
ARGEVT Joe Rogan pursue
ARGUS routecache adopt
ARGEVT Carmack route 3 start ' 17.0 -247.0 -296.0' goal '369.0   9.0 -296.0'
ARGLOG Joe Rogan t  10.9 pos '316.5 -247.5 -296.0' spd 342.8 yaw 315 mode 2 st 0 gl 0 hp 70 frg 0
ARGLOG Romero t  10.9 pos '455.4 -378.2 -104.0' spd 320.7 yaw 154 mode 2 st 0 gl 1 hp 76 frg 0
ARGLOG Carmack t  10.9 pos ' 14.4 -239.4 -296.0' spd 326.9 yaw 354.8 mode 2 st 0 gl 0 hp 196 frg 0
ARGUS Joe Rogan threatmove high 2
ARGEVT Joe Rogan hazard
ARGEVT Carmack weapon sg
ARGEVT Joe Rogan death Carmack pos '251.5 -211.5 -296.0' thirdparty
ARGUS Carmack watch spawn
ARGEVT Romero engage Carmack
ARGUS Romero threatmove range 2
ARGEVT Carmack engage Romero
ARGEVT Carmack weapon rl
ARGUS Carmack threatmove range 2
ARGUS Romero threatmove range 3
ARGLOG Romero t  11.4 pos '294.9 -412.3 -104.0' spd 361.6 yaw 121.4 mode 2 st 0 gl 1 hp 62 frg 0
ARGLOG Carmack t  11.4 pos ' 81.3 -238.9 -296.0' spd 213.8 yaw 354.4 mode 2 st 0 gl 0 hp 174 frg 1
ARGEVT Carmack goal backpack
ARGEVT Carmack grab 
ARGEVT Romero grab item_cells
ARGEVT Romero route 6 start '273.0 -407.0 -104.0' goal '817.0 -855.0 -232.0'
ARGEVT Carmack hazard
ARGEVT Romero hazard
ARGLOG Romero t  11.9 pos '288.7 -513.3 -104.0' spd 377.6 yaw 126.6 mode 2 st 0 gl 1 hp 62 frg 0
ARGEVT Carmack pursue
ARGLOG Carmack t  11.9 pos '137.0 -226.5 -296.0' spd 321.2 yaw 301 mode 1 st 0 gl 0 hp 173 frg 1
ARGEVT Romero pursue
ARGUS Carmack hunch item_artifact_super_damage
ARGEVT Carmack goal backpack
ARGEVT Carmack route 1 start '145.0 -247.0 -296.0' goal '337.0 -247.0 -296.0'
ARGEVT Carmack pursue
ARGUS Carmack threatmove high 2
ARGLOG Romero t  12.4 pos '260.9 -421.6 -104.0' spd 133.1 yaw 128.7 mode 2 st 0 gl 1 hp 62 frg 0
ARGLOG Carmack t  12.4 pos '170.3 -219.7 -296.0' spd 216.4 yaw 196.5 mode 2 st 0 gl 0 hp 173 frg 1
ARGUS Carmack leadclip
ARGEVT Carmack hazard
ARGEVT Joe Rogan respawn
ARGLOG Joe Rogan t  12.9 pos '-64.0 512.0 -296.0' spd 0 yaw 275.1 mode 0 st 0 gl 0 hp 100 frg 0
ARGEVT Joe Rogan goal weapon_grenadelauncher
ARGEVT Joe Rogan route 15 start '-79.0 553.0 -296.0' goal '145.0 -407.0 -104.0'
ARGLOG Romero t  12.9 pos '309.4 -528.0 -94.7' spd 132.2 yaw 104.4 mode 2 st 0 gl 1 hp 62 frg 0
ARGEVT Carmack pursue
ARGLOG Carmack t  12.9 pos '212.9 -236.8 -296.0' spd  44.2 yaw 284 mode 2 st 0 gl 0 hp 172 frg 1
ARGEVT Romero pursue
ARGLOG Joe Rogan t  13.4 pos '-36.8 364.9 -296.0' spd 339.6 yaw 268 mode 2 st 0 gl 0 hp 100 frg 0
ARGEVT Carmack pursue
ARGLOG Romero t  13.4 pos '331.3 -448.1 -104.0' spd 326.1 yaw 120 mode 2 st 0 gl 1 hp 62 frg 0
ARGLOG Carmack t  13.4 pos '334.8 -237.8 -296.0' spd 327.3 yaw  33.9 mode 1 st 0 gl 0 hp 172 frg 1
ARGEVT Carmack grab weapon_nailgun
ARGEVT Joe Rogan hazard
ARGEVT Romero hazard
ARGLOG Joe Rogan t  13.9 pos '-62.2 203.9 -296.0' spd 320.0 yaw 273 mode 2 st 0 gl 0 hp 100 frg 0
ARGLOG Romero t  13.9 pos '275.9 -435.8 -104.0' spd 320.7 yaw  67.7 mode 2 st 0 gl 1 hp 62 frg 0
ARGLOG Carmack t  13.9 pos '364.9 -101.6 -296.0' spd 267.8 yaw 249.6 mode 1 st 0 gl 0 hp 171 frg 1
ARGEVT Romero grab weapon_grenadelauncher
ARGEVT Carmack hazard
ARGLOG Joe Rogan t  14.4 pos '-16.0  44.7 -296.0' spd  48.0 yaw 277 mode 2 st 0 gl 0 hp 100 frg 0
ARGLOG Romero t  14.5 pos '257.3 -476.7 -104.0' spd 249.9 yaw  75.7 mode 2 st 0 gl 1 hp 62 frg 0
ARGLOG Carmack t  14.5 pos '387.3 -26.1 -296.0' spd 145.1 yaw 255.0 mode 1 st 0 gl 0 hp 171 frg 1
ARGUS Carmack leadclip
ARGUS Joe Rogan wallslide
ARGEVT Romero hazard
ARGUS Romero wallslide
ARGLOG Joe Rogan t  14.9 pos '-27.2 -75.6 -296.0' spd 320.9 yaw 285 mode 2 st 0 gl 0 hp 100 frg 0
ARGLOG Romero t  15.0 pos '327.8 -529.1 -104.0' spd  30.4 yaw  82.4 mode 2 st 0 gl 1 hp 62 frg 0
ARGLOG Carmack t  15.0 pos '372.3 -28.9 -296.0' spd 217.6 yaw 262.5 mode 1 st 0 gl 0 hp 170 frg 1
ARGEVT Carmack pursue
ARGEVT Romero pursue
ARGEVT Carmack grab 
ARGEVT Romero grab item_health
ARGUS routecache adopt
ARGEVT Joe Rogan route 10 start ' 17.0 -247.0 -296.0' goal '145.0 -407.0 -104.0'
ARGEVT Joe Rogan engage Carmack
ARGUS Joe Rogan threatmove range 3
ARGEVT Carmack hazard
ARGLOG Joe Rogan t  15.4 pos ' -7.2 -246.8 -296.0' spd 321.9 yaw   6.3 mode 0 st 0 gl 0 hp 100 frg 0
ARGUS routecache adopt
ARGEVT Joe Rogan route 10 start ' 17.0 -247.0 -296.0' goal '145.0 -407.0 -104.0'
ARGLOG Romero t  15.5 pos '392.8 -428.7 -104.0' spd 355.6 yaw  85.0 mode 2 st 0 gl 1 hp 62 frg 0
ARGLOG Carmack t  15.5 pos '370.6 -132.9 -296.0' spd 108.3 yaw 273.9 mode 1 st 0 gl 0 hp 170 frg 1
ARGUS routecache adopt
ARGEVT Joe Rogan route 10 start ' 17.0 -247.0 -296.0' goal '145.0 -407.0 -104.0'
ARGUS routecache adopt
ARGEVT Joe Rogan route 11 start '-47.0 -151.0 -296.0' goal '145.0 -407.0 -104.0'
ARGLOG Joe Rogan t  15.9 pos '-31.7 -154.2 -296.0' spd 322.8 yaw  15.9 mode 2 st 0 gl 0 hp 100 frg 0
ARGEVT Carmack pursue
ARGEVT Romero pursue
ARGLOG Romero t  16.0 pos '508.7 -423.4 -104.0' spd 117.1 yaw 116 mode 2 st 0 gl 1 hp 62 frg 0
ARGLOG Carmack t  16.0 pos '368.0 -88.2 -296.0' spd 105.1 yaw 281.5 mode 1 st 0 gl 0 hp 169 frg 1
ARGEVT Carmack pursue
ARGEVT Carmack pursue
ARGEVT Joe Rogan hazard
ARGEVT Carmack pursue
ARGUS Romero hunch item_artifact_super_damage
ARGEVT Carmack hazard
ARGLOG Joe Rogan t  16.4 pos '-23.5  11.6 -296.0' spd 165.1 yaw 319.0 mode 2 st 0 gl 0 hp 100 frg 0
ARGEVT Romero hazard
ARGLOG Romero t  16.5 pos '465.0 -298.7 -104.0' spd  92.5 yaw 198.2 mode 0 st 0 gl 1 hp 62 frg 0
ARGUS Carmack leadclip
ARGLOG Carmack t  16.5 pos '383.4 -151.6 -296.0' spd  63.8 yaw 284.9 mode 1 st 0 gl 0 hp 169 frg 1
ARGEVT Romero goal item_armorInv
ARGEVT Romero route 5 start '465.0 -279.0 -104.0' goal '817.0 -855.0 -232.0'
ARGUS Joe Rogan wallslide
ARGUS Romero threatmove retreat 3
ARGEVT Romero retreat
ARGLOG Joe Rogan t  17.0 pos '-16.0 -26.9 -296.0' spd 323.5 yaw 279 mode 2 st 0 gl 0 hp 100 frg 0
ARGLOG Romero t  17.0 pos '575.0 -352.8 -104.0' spd 510.6 yaw 125.7 mode 2 st 0 gl 1 hp 20 frg 0
ARGLOG Carmack t  17.0 pos '388.0 -143.2 -296.0' spd  29.8 yaw 307.8 mode 1 st 0 gl 0 hp 168 frg 1
ARGEVT Carmack pursue
ARGEVT Romero pursue
ARGEVT Carmack pursue
ARGEVT Carmack pursue
ARGEVT Carmack pursue
ARGEVT Carmack pursue
ARGLOG Joe Rogan t  17.5 pos '-16.0 -193.1 -296.0' spd 359.9 yaw 304.0 mode 2 st 0 gl 0 hp 100 frg 0
ARGEVT Carmack hazard
ARGLOG Romero t  17.5 pos '608.1 -310.2 -104.0' spd 322.4 yaw 149 mode 2 st 0 gl 1 hp 20 frg 0
ARGLOG Carmack t  17.5 pos '380.0 -253.5 -296.0' spd 291.5 yaw 311.4 mode 1 st 0 gl 0 hp 168 frg 1
ARGEVT Joe Rogan route 10 start ' 17.0 -247.0 -296.0' goal '145.0 -407.0 -104.0'
ARGUS routecache adopt
ARGEVT Joe Rogan route 10 start ' 17.0 -247.0 -296.0' goal '145.0 -407.0 -104.0'
ARGEVT Carmack pursue
ARGEVT Joe Rogan hazard
ARGUS routecache adopt
ARGEVT Joe Rogan route 10 start ' 17.0 -247.0 -296.0' goal '145.0 -407.0 -104.0'
ARGEVT Carmack pursue
ARGEVT Romero route 5 start '465.0 -279.0 -104.0' goal '817.0 -855.0 -232.0'
ARGLOG Joe Rogan t  18.0 pos '-19.6 -212.2 -296.0' spd 147.6 yaw 357.4 mode 0 st 0 gl 0 hp 100 frg 0
ARGLOG Romero t  18.0 pos '475.9 -220.1 -104.0' spd 320.2 yaw 152 mode 2 st 0 gl 1 hp 20 frg 0
ARGLOG Carmack t  18.0 pos '435.5 -215.6 -296.0' spd 323.0 yaw  17.0 mode 1 st 0 gl 0 hp 167 frg 1
ARGEVT Romero hazard
ARGEVT Romero pursue
ARGUS Romero bodyblock
ARGEVT Joe Rogan route 10 start ' 17.0 -247.0 -296.0' goal '145.0 -407.0 -104.0'
ARGUS routecache adopt
ARGEVT Joe Rogan route 10 start ' 17.0 -247.0 -296.0' goal '145.0 -407.0 -104.0'
ARGEVT Romero pursue
ARGLOG Joe Rogan t  18.5 pos '-27.0 -172.0 -296.0' spd 321.4 yaw 359.3 mode 0 st 0 gl 0 hp 100 frg 0
ARGLOG Romero t  18.5 pos '504.6 -154.7 -104.0' spd 366.3 yaw 115.8 mode 2 st 0 gl 1 hp 20 frg 0
ARGLOG Carmack t  18.5 pos '444.7 -207.4 -296.0' spd 0 yaw 283 mode 1 st 0 gl 0 hp 155 frg 1
ARGEVT Joe Rogan route 11 start '-47.0 -151.0 -296.0' goal '145.0 -407.0 -104.0'
ARGUS Joe Rogan wallslide
ARGEVT Romero pursue
ARGEVT Romero route 6 start '529.0 -55.0 -104.0' goal '817.0 -855.0 -232.0'
ARGLOG Joe Rogan t  19.0 pos '-16.5 -105.1 -296.0' spd 318.0 yaw 284 mode 2 st 0 gl 0 hp 100 frg 0
ARGLOG Romero t  19.1 pos '473.9 -57.2 -104.0' spd 313.7 yaw 226.9 mode 2 st 0 gl 1 hp 20 frg 0
ARGLOG Carmack t  19.1 pos '444.7 -207.4 -296.0' spd 0 yaw 283 mode 1 st 0 gl 0 hp 154 frg 1
ARGUS Carmack hunch item_health
ARGEVT Carmack stall
ARGEVT Joe Rogan route 10 start ' 17.0 -247.0 -296.0' goal '145.0 -407.0 -104.0'
ARGLOG Joe Rogan t  19.5 pos '-13.4 -253.4 -296.0' spd  48.1 yaw   5.4 mode 0 st 0 gl 0 hp 100 frg 0
ARGUS routecache adopt
ARGEVT Joe Rogan route 10 start ' 17.0 -247.0 -296.0' goal '145.0 -407.0 -104.0'
ARGLOG Romero t  19.6 pos '483.4 -221.3 -104.0' spd 333.4 yaw 313 mode 2 st 0 gl 1 hp 20 frg 0
ARGLOG Carmack t  19.6 pos '414.2 -205.8 -296.0' spd 320 yaw 169.9 mode 0 st 1 gl 0 hp 154 frg 1
ARGEVT Carmack goal item_armorInv
ARGEVT Carmack route 7 start '369.0 -215.0 -296.0' goal '817.0 -855.0 -232.0'
ARGEVT Carmack rjump
ARGUS Carmack aircontrol
ARGEVT Carmack engage Joe Rogan
ARGUS Carmack leadclip
ARGUS Carmack threatmove range 2
ARGEVT Joe Rogan route 10 start ' 17.0 -247.0 -296.0' goal '145.0 -407.0 -104.0'
ARGEVT Romero engage Carmack
ARGUS Romero threatmove range 3
ARGUS Romero threatmove retreat 3
ARGEVT Romero retreat
ARGUS Romero crossfire retreat
ARGUS routecache adopt
ARGEVT Joe Rogan route 10 start ' 17.0 -247.0 -296.0' goal '145.0 -407.0 -104.0'
ARGLOG Joe Rogan t  20.0 pos '-10.2 -208.0 -296.0' spd  11.6 yaw 356.2 mode 0 st 0 gl 0 hp 100 frg 0
ARGEVT Joe Rogan hazard
ARGLOG Romero t  20.1 pos '593.2 -342.4 -104.0' spd 324.7 yaw 167.9 mode 2 st 0 gl 1 hp 20 frg 0
ARGLOG Carmack t  20.1 pos '353.2 -247.4 -127.1' spd 182.1 yaw 183.9 mode 2 st 1 gl 0 hp 88 frg 1
ARGUS routecache adopt
ARGEVT Joe Rogan route 10 start ' 17.0 -247.0 -296.0' goal '145.0 -407.0 -104.0'
ARGUS Romero jumpapproach 0 actual 321.0
ARGEVT Romero jump
ARGUS Romero aircontrol
ARGUS routecache adopt
ARGEVT Joe Rogan route 10 start ' 17.0 -247.0 -296.0' goal '145.0 -407.0 -104.0'
ARGLOG Joe Rogan t  20.5 pos '-10.2 -234.9 -296.0' spd 278.8 yaw 349.8 mode 0 st 0 gl 0 hp 100 frg 0
ARGUS routecache adopt
ARGEVT Joe Rogan route 10 start ' 17.0 -247.0 -296.0' goal '145.0 -407.0 -104.0'
ARGLOG Romero t  20.6 pos '688.0 -438.8 -60.5' spd 149.1 yaw 158.2 mode 2 st 0 gl 1 hp 20 frg 0
ARGLOG Carmack t  20.6 pos '396.8 -329.1 -106.9' spd 203.9 yaw 168.5 mode 2 st 1 gl 0 hp 56 frg 1
ARGUS Carmack aircontrol
ARGUS routecache adopt
ARGEVT Joe Rogan route 10 start ' 17.0 -247.0 -296.0' goal '145.0 -407.0 -104.0'
ARGEVT Romero route 13 start '369.0 -247.0 -296.0' goal '817.0 -855.0 -232.0'
ARGLOG Joe Rogan t  21.0 pos '  7.2 -242.9 -296.0' spd  98.7 yaw 349.6 mode 2 st 0 gl 0 hp 100 frg 0
ARGUS Carmack threatmove retreat 2
ARGEVT Carmack retreat
ARGLOG Romero t  21.1 pos '442.3 -240.0 -289.9' spd 300 yaw 280.2 mode 2 st 0 gl 1 hp 20 frg 0
ARGLOG Carmack t  21.1 pos '419.2 -320.5 -273.4' spd 211.6 yaw 167.5 mode 2 st 1 gl 0 hp 32 frg 1
ARGEVT Carmack swim
ARGEVT Carmack swim
ARGEVT Carmack death Carmack pos '431.4 -304.0 -383.2'
ARGEVT Joe Rogan engage Romero
ARGUS Joe Rogan threatmove range 2
ARGEVT Romero engage Joe Rogan
ARGUS Romero threatmove range 2
ARGLOG Joe Rogan t  21.6 pos ' 35.7 -239.0 -296.0' spd 131.6 yaw   1.2 mode 2 st 0 gl 0 hp 100 frg 0
ARGLOG Romero t  21.6 pos '467.8 -242.7 -296.0' spd 227.8 yaw 202.9 mode 2 st 0 gl 1 hp 20 frg 0
ARGUS Romero threatmove retreat 2
ARGEVT Romero retreat
ARGEVT Joe Rogan hazard
ARGLOG Joe Rogan t  22.1 pos ' 69.4 -249.2 -296.0' spd  61.7 yaw 355.7 mode 2 st 0 gl 0 hp 100 frg 0
ARGLOG Romero t  22.1 pos '598.9 -255.9 -296.0' spd 321.0 yaw 173.3 mode 2 st 0 gl 1 hp 12 frg 0
ARGEVT Romero hazard
ARGLOG Joe Rogan t  22.6 pos '112.6 -237.8 -296.0' spd 300.5 yaw   7.2 mode 2 st 0 gl 0 hp 100 frg 0
ARGLOG Romero t  22.6 pos '638.1 -178.4 -296.0' spd 131.4 yaw 191.2 mode 2 st 0 gl 1 hp 7 frg 0
ARGEVT Joe Rogan hazard
ARGEVT Joe Rogan pursue
ARGEVT Romero pursue
ARGUS Joe Rogan hunch 
ARGEVT Carmack respawn
ARGLOG Carmack t  23.0 pos '112.0 -1136.0 -104.0' spd 0 yaw 100.3 mode 0 st 1 gl 0 hp 100 frg 0
ARGEVT Carmack goal weapon_rocketlauncher
ARGEVT Carmack route 10 start '113.0 -1079.0 -104.0' goal '753.0 -887.0 -232.0'
ARGUS Romero hunch item_artifact_super_damage
ARGEVT Joe Rogan goal backpack
ARGEVT Joe Rogan route 3 start '145.0 -247.0 -296.0' goal '465.0 -247.0 -296.0'
ARGLOG Joe Rogan t  23.1 pos '198.4 -256.3 -296.0' spd 137.4 yaw 179.5 mode 2 st 0 gl 0 hp 100 frg 0
ARGEVT Joe Rogan pursue
ARGLOG Romero t  23.1 pos '618.3 -182.1 -296.0' spd 173.2 yaw 333.5 mode 2 st 0 gl 1 hp 7 frg 0
ARGEVT Joe Rogan pursue
ARGEVT Romero hazard
ARGEVT Romero goal item_health
ARGLOG Carmack t  23.5 pos '121.6 -985.8 -104.0' spd 325.3 yaw 56 mode 2 st 1 gl 0 hp 100 frg 0
ARGLOG Joe Rogan t  23.6 pos '161.4 -232.2 -296.0' spd 157.4 yaw  16.0 mode 2 st 0 gl 0 hp 100 frg 0
ARGLOG Romero t  23.6 pos '652.6 -83.6 -296.0' spd 159.9 yaw 195.9 mode 1 st 0 gl 1 hp 7 frg 0
ARGEVT Romero pursue
ARGEVT Joe Rogan pursue
ARGEVT Joe Rogan pursue
ARGEVT Joe Rogan pursue
ARGUS Romero wallslide
ARGLOG Carmack t  24.0 pos '182.1 -834.2 -104.0' spd 320.0 yaw 65 mode 2 st 1 gl 0 hp 100 frg 0
ARGLOG Joe Rogan t  24.1 pos '306.8 -239.1 -296.0' spd 321.0 yaw 9 mode 2 st 0 gl 0 hp 100 frg 0
ARGEVT Romero pursue
ARGLOG Romero t  24.1 pos '591.3  25.3 -296.0' spd 369.5 yaw 128.6 mode 1 st 0 gl 1 hp 7 frg 0
ARGEVT Carmack hazard
ARGEVT Joe Rogan pursue
ARGEVT Joe Rogan hazard
ARGUS Carmack wallslide
ARGEVT Romero hazard
ARGEVT Joe Rogan pursue
ARGLOG Carmack t  24.5 pos '305.6 -751.4 -104.0' spd 323.9 yaw 73 mode 2 st 1 gl 0 hp 100 frg 0
ARGLOG Joe Rogan t  24.6 pos '407.5 -154.2 -296.0' spd 147.5 yaw 313.0 mode 2 st 0 gl 0 hp 100 frg 0
ARGLOG Romero t  24.7 pos '513.8  68.1 -296.0' spd 342.2 yaw 257.2 mode 1 st 0 gl 1 hp 32 frg 0
ARGEVT Joe Rogan pursue
ARGLOG Carmack t  25.0 pos '340.2 -602.0 -104.0' spd 343.4 yaw 38 mode 2 st 1 gl 0 hp 100 frg 0
ARGEVT Romero pursue
ARGLOG Joe Rogan t  25.1 pos '484.5 -240.5 -296.0' spd 357.8 yaw 18 mode 1 st 0 gl 0 hp 100 frg 0
ARGUS Romero wallslide
ARGLOG Romero t  25.2 pos '654.4  14.1 -296.0' spd  35.7 yaw 332.6 mode 1 st 0 gl 1 hp 32 frg 0
ARGLOG Carmack t  25.5 pos '387.2 -445.0 -104.0' spd 322.1 yaw 57 mode 2 st 1 gl 0 hp 100 frg 0
ARGLOG Joe Rogan t  25.6 pos '636.1 -224.7 -296.0' spd 107.9 yaw  83.6 mode 1 st 0 gl 0 hp 100 frg 0
ARGLOG Romero t  25.7 pos '645.2  65.8 -296.0' spd 333.6 yaw 265.4 mode 1 st 0 gl 1 hp 32 frg 0
ARGLOG Carmack t  26.0 pos '472.0 -303.6 -104.0' spd 329.3 yaw 41 mode 2 st 1 gl 0 hp 100 frg 0
ARGLOG Joe Rogan t  26.1 pos '636.0 -144.1 -296.0' spd 175.1 yaw 118.4 mode 1 st 0 gl 0 hp 100 frg 0
ARGLOG Romero t  26.2 pos '539.7  74.0 -296.0' spd 268.5 yaw 294.5 mode 1 st 0 gl 1 hp 32 frg 0
ARGLOG Carmack t  26.5 pos '539.0 -149.5 -104.0' spd 325.1 yaw 93 mode 2 st 1 gl 0 hp 100 frg 0
ARGLOG Joe Rogan t  26.7 pos '608.3 -68.5 -296.0' spd 158.3 yaw  69.4 mode 1 st 0 gl 0 hp 100 frg 0
ARGLOG Romero t  26.7 pos '705.0  82.8 -296.0' spd 360.6 yaw 255.9 mode 1 st 0 gl 1 hp 30 frg 0
ARGEVT Carmack hazard
ARGUS Carmack wallslide
ARGEVT Romero hazard
ARGLOG Carmack t  27.1 pos '568.2  -0.5 -104.0' spd  71.0 yaw 325.1 mode 0 st 1 gl 0 hp 100 frg 0
ARGEVT Carmack route 6 start '529.0 -55.0 -104.0' goal '753.0 -887.0 -232.0'
ARGUS Carmack bodyblock
ARGLOG Joe Rogan t  27.2 pos '595.4  -4.2 -296.0' spd 270.2 yaw  61.7 mode 1 st 0 gl 0 hp 100 frg 0
ARGUS Joe Rogan wallslide
ARGLOG Romero t  27.2 pos '654.7 107.9 -296.0' spd 165.8 yaw 235.8 mode 1 st 0 gl 1 hp 14 frg 0
ARGEVT Romero grab item_health
ARGLOG Carmack t  27.6 pos '620.1 -128.3 -104.0' spd 243.1 yaw   4.1 mode 2 st 1 gl 0 hp 100 frg 0
ARGLOG Joe Rogan t  27.7 pos '592.0 -97.4 -296.0' spd 328.5 yaw 260.1 mode 1 st 0 gl 0 hp 84 frg 0
ARGLOG Romero t  27.7 pos '390.3 -864.0  24.0' spd 300 yaw  80.1 mode 1 st 0 gl 1 hp 14 frg 0
ARGEVT Joe Rogan pursue
ARGEVT Romero pursue
ARGLOG Carmack t  28.1 pos '574.6 -134.5 -104.0' spd 374.0 yaw 282 mode 2 st 1 gl 0 hp 100 frg 0
ARGLOG Joe Rogan t  28.2 pos '591.0 -179.2 -296.0' spd 0 yaw 153.2 mode 1 st 0 gl 0 hp 84 frg 0
ARGLOG Romero t  28.2 pos '371.4 -849.5  24.0' spd 284.7 yaw 75 mode 1 st 0 gl 1 hp 14 frg 0
ARGUS Romero wallslide
ARGLOG Carmack t  28.6 pos '494.7 -288.7 -104.0' spd 486.7 yaw   8.7 mode 2 st 1 gl 0 hp 100 frg 0
ARGLOG Joe Rogan t  28.7 pos '591.0 -179.2 -296.0' spd 0 yaw 81 mode 1 st 0 gl 0 hp 84 frg 0
ARGLOG Romero t  28.7 pos '368.0 -679.5  24.0' spd 335.9 yaw 71 mode 1 st 0 gl 1 hp 14 frg 0
ARGUS Carmack wallslide
ARGEVT Romero pursue
ARGLOG Carmack t  29.1 pos '632.5 -272.0 -104.0' spd  66.3 yaw 104 mode 2 st 1 gl 0 hp 100 frg 0
ARGEVT Carmack engage Romero
ARGUS Carmack threatmove range 4
ARGLOG Joe Rogan t  29.2 pos '591.0 -179.2 -296.0' spd 0 yaw 81 mode 1 st 0 gl 0 hp 84 frg 0
ARGLOG Romero t  29.2 pos '369.4 -507.6  24.0' spd 339.7 yaw 65 mode 1 st 0 gl 1 hp 14 frg 0
ARGUS Romero hunch item_artifact_super_damage
ARGLOG Carmack t  29.6 pos '684.4 -389.3 -104.0' spd 336.3 yaw 182.6 mode 2 st 1 gl 0 hp 100 frg 0
ARGLOG Joe Rogan t  29.7 pos '591.0 -179.2 -296.0' spd 0 yaw 81 mode 1 st 0 gl 0 hp 84 frg 0
ARGEVT Romero pursue
ARGLOG Romero t  29.8 pos '422.2 -369.9  -5.7' spd 192.1 yaw 301.4 mode 1 st 0 gl 1 hp 12 frg 0
ARGEVT Romero goal item_health
ARGEVT Carmack hazard
ARGUS Joe Rogan hunch item_artifact_super_damage
ARGUS Carmack wallslide
ARGEVT Joe Rogan goal backpack
ARGEVT Joe Rogan route 1 start '593.0 -215.0 -296.0' goal '465.0 -247.0 -296.0'
ARGEVT Romero death Carmack pos '486.4 -357.3 -104.0'
ARGUS Carmack watch spawn
ARGLOG Carmack t  30.1 pos '688.0 -390.1 -104.0' spd 210.4 yaw  96.0 mode 0 st 1 gl 0 hp 100 frg 1
ARGEVT Carmack goal weapon_rocketlauncher
ARGEVT Carmack route 4 start '625.0 -375.0 -104.0' goal '753.0 -887.0 -232.0'
ARGLOG Joe Rogan t  30.2 pos '591.0 -179.2 -296.0' spd 0 yaw 294 mode 2 st 0 gl 0 hp 84 frg 0
ARGLOG Carmack t  30.6 pos '646.9 -272.4 -104.0' spd 169.6 yaw 108 mode 2 st 1 gl 0 hp 100 frg 1
ARGLOG Joe Rogan t  30.7 pos '591.0 -179.2 -296.0' spd 0 yaw 294 mode 2 st 0 gl 0 hp 84 frg 0
ARGUS Carmack bodyblock
ARGLOG Carmack t  31.1 pos '550.9 -178.6 -104.0' spd 320.5 yaw 302 mode 2 st 1 gl 0 hp 100 frg 1
ARGLOG Joe Rogan t  31.2 pos '615.6 -217.2 -296.0' spd 320.0 yaw 292 mode 2 st 0 gl 0 hp 84 frg 0
ARGEVT Carmack hazard
