LOG started on: 09/20/2026 06:29:52 
Playing registered version.
UDP Initialized
WIPX_OpenSocket: Address family not supported by protocol family
WIPX_Init: Unable to open control socket, IPX disabled
Exe: 20:02:47 Jul 31 2024
256.0 megabyte heap

Language initialization
Couldn't load 'localization/loc_english.txt'
from 'C:\argus\engine'

========= Quake Initialized =========

execing autoexec.cfg
SpawnServer: dm4
Clearing memory
Programs occupy 914K.
trying to open external vis file
maps/dm4.vis not found, trying argus.vis
external vis not found
ARGUS slots 8
ARGUS worldspawn reached
ARGNAV 137 nodes, 678 links
0 entities inhibited
ARGUS init on dm4
ARGEVT Carmack spawned
ARGEVT Romero spawned
ARGEVT Joe Rogan spawned
Server spawned.
ARGLOG Joe Rogan t   1.2 pos '-64.0 -232.0 -72.0' spd 0 yaw 357.6 mode 0 st 0 gl 0 hp 100 frg 0
ARGLOG Romero t   1.2 pos '112.0 -1136.0 -104.0' spd 0 yaw  92.5 mode 0 st 0 gl 0 hp 100 frg 0
ARGLOG Carmack t   1.2 pos '-64.0 512.0 -296.0' spd 0 yaw 299.6 mode 0 st 0 gl 0 hp 100 frg 0
ARGEVT Carmack hazard
ARGLOG Joe Rogan t   1.7 pos ' 81.0 -237.1 -72.0' spd 320 yaw 357.6 mode 0 st 0 gl 0 hp 100 frg 0
ARGLOG Romero t   1.7 pos '106.9 -991.0 -104.0' spd 320 yaw  92.5 mode 0 st 0 gl 0 hp 100 frg 0
ARGLOG Carmack t   1.7 pos '  4.3 469.2 -296.0' spd 336.0 yaw  66.4 mode 0 st 0 gl 0 hp 100 frg 0
ARGLOG Joe Rogan t   2.2 pos '245.6 -243.1 -77.8' spd 320 yaw 357.6 mode 0 st 0 gl 0 hp 100 frg 0
ARGLOG Romero t   2.2 pos '101.3 -830.8 -104.0' spd 320 yaw  92.5 mode 0 st 0 gl 0 hp 100 frg 0
ARGLOG Carmack t   2.2 pos '-102.8 554.8 -296.0' spd 200.2 yaw 338.2 mode 0 st 0 gl 0 hp 100 frg 0
ARGLOG Joe Rogan t   2.7 pos '385.3 -244.4 -229.8' spd  69.7 yaw 166.3 mode 0 st 0 gl 0 hp 100 frg 0
ARGLOG Romero t   2.7 pos '184.1 -792.2 -104.0' spd 325.0 yaw 321.1 mode 0 st 0 gl 0 hp 100 frg 0
ARGLOG Carmack t   2.7 pos ' -9.4 510.0 -296.0' spd 107.7 yaw 180.1 mode 0 st 0 gl 0 hp 100 frg 0
ARGLOG Joe Rogan t   3.2 pos '367.8 -259.5 -296.0' spd 138.5 yaw  83.0 mode 0 st 0 gl 0 hp 100 frg 0
ARGLOG Romero t   3.2 pos '319.6 -884.5 -104.0' spd 320.1 yaw 321.1 mode 0 st 0 gl 0 hp 100 frg 0
ARGLOG Carmack t   3.2 pos '-113.6 494.7 -296.0' spd 207.4 yaw   3.9 mode 0 st 0 gl 0 hp 100 frg 0
ARGEVT Joe Rogan hazard
ARGLOG Joe Rogan t   3.7 pos '356.0 -240.6 -296.0' spd 187.6 yaw  63.7 mode 0 st 0 gl 0 hp 100 frg 0
ARGLOG Romero t   3.7 pos '446.3 -985.1 -104.0' spd 330.2 yaw 301.4 mode 0 st 0 gl 0 hp 100 frg 0
ARGLOG Carmack t   3.7 pos '-25.0 477.5 -296.0' spd 324.8 yaw 207.4 mode 0 st 0 gl 0 hp 100 frg 0
ARGEVT Romero hazard
ARGEVT Carmack hazard
ARGEVT Joe Rogan goal weapon_rocketlauncher
ARGEVT Joe Rogan route 6 start '369.0 -247.0 -296.0' goal ' 81.0  73.0 -296.0'
ARGLOG Joe Rogan t   4.2 pos '379.6 -246.4 -296.0' spd 176.6 yaw 117.8 mode 0 st 0 gl 0 hp 100 frg 0
ARGLOG Romero t   4.2 pos '445.1 -941.5 -104.0' spd 320.6 yaw  85.7 mode 0 st 0 gl 0 hp 100 frg 0
ARGLOG Carmack t   4.2 pos '-94.8 478.2 -296.0' spd 336.6 yaw  34.0 mode 0 st 0 gl 0 hp 100 frg 0
ARGUS routecache adopt
ARGEVT Joe Rogan route 6 start '369.0 -247.0 -296.0' goal ' 81.0  73.0 -296.0'
ARGEVT Romero goal weapon_lightning
ARGEVT Romero route 4 start '401.0 -887.0 -104.0' goal '529.0 -311.0 -104.0'
ARGEVT Joe Rogan hazard
ARGEVT Joe Rogan route 6 start '369.0 -215.0 -296.0' goal ' 81.0  73.0 -296.0'
ARGEVT Carmack goal item_health
ARGLOG Joe Rogan t   4.7 pos '247.3 -233.5 -296.0' spd 333.2 yaw 164 mode 2 st 0 gl 0 hp 100 frg 0
ARGLOG Romero t   4.7 pos '417.7 -777.1 -104.0' spd 324.9 yaw 111 mode 2 st 0 gl 0 hp 100 frg 0
ARGLOG Carmack t   4.7 pos ' -9.5 514.6 -296.0' spd 334.2 yaw 242.8 mode 1 st 0 gl 0 hp 100 frg 0
ARGEVT Romero hazard
ARGUS Romero wallslide
ARGEVT Carmack hazard
ARGLOG Joe Rogan t   5.3 pos ' 82.7 -256.5 -296.0' spd 322.1 yaw 140 mode 2 st 0 gl 0 hp 100 frg 0
ARGLOG Romero t   5.3 pos '314.8 -653.1 -104.0' spd 363.9 yaw 57 mode 2 st 0 gl 0 hp 100 frg 0
ARGLOG Carmack t   5.3 pos '-119.8 502.2 -296.0' spd 324.9 yaw  78.0 mode 1 st 0 gl 0 hp 100 frg 0
ARGEVT Joe Rogan engage Carmack
ARGEVT Carmack engage Joe Rogan
ARGEVT Carmack goal weapon_grenadelauncher
ARGEVT Carmack route 15 start '-47.0 585.0 -296.0' goal '145.0 -407.0 -104.0'
ARGLOG Joe Rogan t   5.8 pos '-49.4 -149.8 -296.0' spd 342.7 yaw  86.4 mode 2 st 0 gl 0 hp 100 frg 0
ARGLOG Romero t   5.8 pos '356.8 -489.4 -108.0' spd 322.9 yaw 46 mode 2 st 0 gl 0 hp 100 frg 0
ARGLOG Carmack t   5.8 pos '-17.4 614.0 -296.0' spd 237.9 yaw 253.9 mode 2 st 0 gl 1 hp 200 frg 0
ARGUS Carmack wallslide
ARGUS Joe Rogan threatmove range 2
ARGUS Carmack threatmove range 2
ARGEVT Romero jump
ARGLOG Joe Rogan t   6.3 pos '-36.2   6.6 -296.0' spd 251.1 yaw  90.3 mode 2 st 0 gl 0 hp 100 frg 0
ARGLOG Romero t   6.3 pos '428.1 -337.9 -77.4' spd 328.7 yaw 18 mode 1 st 0 gl 0 hp 100 frg 0
ARGLOG Carmack t   6.3 pos '-35.7 457.5 -296.0' spd 344.7 yaw 269.6 mode 2 st 0 gl 1 hp 196 frg 0
ARGEVT Carmack hazard
ARGEVT Joe Rogan grab weapon_rocketlauncher
ARGLOG Joe Rogan t   6.8 pos ' -9.6  70.5 -296.0' spd 327.8 yaw 101.0 mode 1 st 0 gl 0 hp 88 frg 0
ARGLOG Romero t   6.8 pos '488.6 -184.0 -95.9' spd 328.7 yaw  23.5 mode 1 st 0 gl 0 hp 100 frg 0
ARGLOG Carmack t   6.8 pos '-71.3 336.4 -296.0' spd 309.6 yaw 280.5 mode 2 st 0 gl 1 hp 196 frg 0
ARGUS Carmack threatmove range 3
ARGEVT Joe Rogan goal item_shells
ARGEVT Joe Rogan route 6 start ' 49.0 105.0 -296.0' goal '337.0 -119.0 -296.0'
ARGUS Joe Rogan wallslide
ARGEVT Romero hazard
ARGLOG Joe Rogan t   7.3 pos '-19.2  47.8 -296.0' spd 320.7 yaw 124.2 mode 2 st 0 gl 1 hp 80 frg 0
ARGLOG Romero t   7.3 pos '531.1 -28.0 -104.0' spd 407.6 yaw 164.3 mode 1 st 0 gl 0 hp 100 frg 0
ARGLOG Carmack t   7.3 pos '-98.7 280.7 -296.0' spd  46.4 yaw 287.2 mode 2 st 0 gl 1 hp 196 frg 0
ARGEVT Carmack hazard
ARGLOG Joe Rogan t   7.8 pos '-94.0  55.5 -296.0' spd 265.1 yaw  91.9 mode 2 st 0 gl 1 hp 56 frg 0
ARGLOG Romero t   7.8 pos '462.8 -140.7 -104.0' spd 327.0 yaw 244.0 mode 1 st 0 gl 0 hp 100 frg 0
ARGLOG Carmack t   7.8 pos '-92.6 312.1 -296.0' spd 190.3 yaw 264.0 mode 2 st 0 gl 1 hp 196 frg 0
ARGUS Joe Rogan threatmove retreat 2
ARGEVT Joe Rogan retreat
ARGEVT Joe Rogan hazard
ARGLOG Joe Rogan t   8.3 pos '-174.5  57.2 -296.0' spd 334.4 yaw  74.1 mode 2 st 0 gl 1 hp 32 frg 0
ARGLOG Romero t   8.3 pos '493.9 -312.4 -104.0' spd 408.3 yaw 211.9 mode 1 st 0 gl 0 hp 100 frg 0
ARGLOG Carmack t   8.3 pos '-89.5 318.3 -296.0' spd 179.4 yaw 254.5 mode 2 st 0 gl 1 hp 196 frg 0
ARGEVT Romero goal item_armorInv
ARGEVT Romero route 6 start '529.0 -311.0 -104.0' goal '817.0 -855.0 -232.0'
ARGLOG Joe Rogan t   8.8 pos '-204.8  51.6 -296.0' spd  40.0 yaw  46.3 mode 2 st 0 gl 1 hp 24 frg 0
ARGLOG Romero t   8.8 pos '421.1 -483.7 -104.0' spd 431.6 yaw 357 mode 2 st 0 gl 1 hp 100 frg 0
ARGLOG Carmack t   8.8 pos '-60.1 307.1 -296.0' spd  47.5 yaw 245.4 mode 2 st 0 gl 1 hp 138 frg 0
ARGEVT Romero hazard
ARGUS Joe Rogan wallslide
ARGUS Romero wallslide
ARGEVT Carmack hazard
ARGEVT Joe Rogan hazard
ARGLOG Joe Rogan t   9.3 pos '-212.3  48.2 -296.0' spd 160.1 yaw  56.3 mode 2 st 0 gl 1 hp 24 frg 0
ARGLOG Romero t   9.3 pos '432.0 -453.7 -104.0' spd 283.1 yaw 352 mode 2 st 0 gl 1 hp 100 frg 0
ARGLOG Carmack t   9.3 pos '-65.9 306.8 -296.0' spd 195.6 yaw 240.9 mode 2 st 0 gl 1 hp 138 frg 0
ARGEVT Joe Rogan weapon sg
ARGUS Carmack threatmove range 2
ARGLOG Joe Rogan t   9.8 pos '-113.6  48.0 -296.0' spd 324.3 yaw 107.0 mode 2 st 0 gl 1 hp 8 frg 0
ARGLOG Romero t   9.8 pos '558.1 -361.3 -104.0' spd 338.6 yaw 324 mode 2 st 0 gl 1 hp 100 frg 0
ARGLOG Carmack t   9.8 pos '-170.9 151.2 -257.6' spd  88.2 yaw 286.3 mode 2 st 0 gl 1 hp 64 frg 0
ARGEVT Joe Rogan death Carmack pos '-68.0  47.7 -296.0'
ARGUS Carmack watch spawn
ARGUS Romero jumpapproach 0 actual 356.3
ARGEVT Romero jump
ARGUS Romero aircontrol
ARGLOG Romero t  10.4 pos '688.0 -443.7 -62.3' spd 272.9 yaw 309 mode 2 st 0 gl 1 hp 100 frg 0
ARGLOG Carmack t  10.4 pos '-201.3 161.1 -360.0' spd 275.6 yaw  84.8 mode 0 st 0 gl 1 hp 20 frg 1
ARGEVT Carmack death world pos '-151.9 252.9 -360.0'
ARGEVT Romero route 13 start '369.0 -247.0 -296.0' goal '817.0 -855.0 -232.0'
ARGLOG Romero t  10.9 pos '418.6 -240.0 -278.0' spd 300 yaw 59 mode 2 st 0 gl 1 hp 100 frg 0
ARGLOG Romero t  11.4 pos '455.8 -240.0 -296.0' spd 300 yaw 63 mode 2 st 0 gl 1 hp 100 frg 0
ARGEVT Joe Rogan respawn
ARGLOG Joe Rogan t  11.5 pos '-64.0 -232.0 -72.0' spd 0 yaw 353.6 mode 0 st 0 gl 1 hp 100 frg 0
ARGEVT Joe Rogan goal weapon_rocketlauncher
ARGEVT Joe Rogan route 9 start '-47.0 -247.0 -72.0' goal '753.0 -887.0 -232.0'
ARGUS Romero wallslide
ARGLOG Romero t  11.9 pos '611.2 -198.0 -296.0' spd 354.8 yaw 258 mode 2 st 0 gl 1 hp 100 frg 0
ARGLOG Joe Rogan t  12.0 pos ' 88.1 -225.2 -72.0' spd 320.9 yaw 321 mode 2 st 0 gl 1 hp 100 frg 0
ARGUS Joe Rogan jumpcharge 316
ARGEVT Carmack respawn
ARGLOG Carmack t  12.2 pos '776.0 -808.0 -232.0' spd 0 yaw  95.6 mode 0 st 0 gl 1 hp 100 frg 0
ARGEVT Carmack goal weapon_grenadelauncher
ARGEVT Carmack route 12 start '753.0 -759.0 -232.0' goal '145.0 -407.0 -104.0'
ARGEVT Joe Rogan hazard
ARGUS Joe Rogan sprintjump
ARGEVT Joe Rogan jump
ARGLOG Romero t  12.4 pos '651.1 -34.4 -296.0' spd 321.0 yaw 258 mode 2 st 0 gl 1 hp 100 frg 0
ARGEVT Carmack hazard
ARGLOG Joe Rogan t  12.5 pos '210.2 -285.8 -45.1' spd 332.2 yaw  41.9 mode 2 st 0 gl 1 hp 100 frg 0
ARGLOG Carmack t  12.7 pos '722.3 -752.6 -232.0' spd 320.3 yaw 113 mode 2 st 0 gl 1 hp 100 frg 0
ARGUS Carmack wallslide
ARGEVT Romero route 10 start '625.0 105.0 -296.0' goal '817.0 -855.0 -232.0'
ARGLOG Romero t  12.9 pos '437.1 -864.0  41.0' spd 300 yaw 110 mode 2 st 0 gl 1 hp 100 frg 0
ARGLOG Joe Rogan t  13.0 pos '289.6 -432.5 -64.1' spd 332.2 yaw 4 mode 2 st 0 gl 1 hp 100 frg 0
ARGEVT Joe Rogan goal weapon_supershotgun
ARGEVT Joe Rogan route 3 start '305.0 -407.0 -104.0' goal '273.0 -1015.0 -104.0'
ARGEVT Joe Rogan engage Carmack
ARGEVT Carmack engage Joe Rogan
ARGUS Carmack leadclip
ARGEVT Carmack grab weapon_nailgun
ARGEVT Carmack route 6 start '369.0  73.0 -288.0' goal '145.0 -407.0 -104.0'
ARGLOG Carmack t  13.2 pos '368.0  46.4 -261.6' spd 300 yaw 270.0 mode 2 st 0 gl 1 hp 100 frg 0
ARGUS Joe Rogan threatmove range 3
ARGUS Carmack threatmove range 2
ARGLOG Romero t  13.4 pos '390.0 -864.0  24.0' spd 300 yaw 358 mode 2 st 0 gl 1 hp 100 frg 0
ARGLOG Joe Rogan t  13.5 pos '410.6 -495.0 -104.0' spd 122.9 yaw  93.7 mode 2 st 0 gl 1 hp 100 frg 0
ARGLOG Carmack t  13.7 pos '368.0 -34.0 -296.0' spd 300 yaw 274.7 mode 2 st 0 gl 1 hp 100 frg 0
ARGEVT Joe Rogan pursue
ARGLOG Romero t  13.9 pos '421.7 -785.5  24.0' spd 337.1 yaw 92 mode 2 st 0 gl 1 hp 100 frg 0
ARGEVT Romero hazard
ARGLOG Joe Rogan t  14.0 pos '276.1 -478.9 -104.0' spd 321.0 yaw  79.9 mode 2 st 0 gl 1 hp 100 frg 0
ARGLOG Carmack t  14.2 pos '388.2 -137.0 -296.0' spd 263.2 yaw 250.0 mode 2 st 0 gl 1 hp 100 frg 0
ARGEVT Carmack hazard
ARGEVT Joe Rogan pursue
ARGEVT Carmack pursue
ARGLOG Romero t  14.4 pos '318.4 -672.6  24.0' spd 343.7 yaw 105 mode 2 st 0 gl 1 hp 100 frg 0
ARGLOG Joe Rogan t  14.6 pos '355.5 -456.6 -104.0' spd 363.5 yaw 88 mode 2 st 0 gl 1 hp 100 frg 0
ARGEVT Carmack rjump
ARGUS Carmack aircontrol
ARGLOG Carmack t  14.7 pos '351.0 -230.5 -223.5' spd 308.3 yaw 313.7 mode 2 st 0 gl 1 hp 90 frg 0
ARGEVT Joe Rogan route 3 start '433.0 -375.0 -104.0' goal '273.0 -1015.0 -104.0'
ARGEVT Carmack weapon ng
ARGUS Joe Rogan threatmove range 2
ARGEVT Romero engage Carmack
ARGUS Romero threatmove range 2
ARGLOG Romero t  15.0 pos '330.1 -502.7  24.0' spd 324.4 yaw  60.7 mode 2 st 0 gl 1 hp 100 frg 0
ARGLOG Joe Rogan t  15.1 pos '498.9 -373.6 -104.0' spd 291.8 yaw 156.0 mode 2 st 0 gl 1 hp 100 frg 0
ARGEVT Joe Rogan hazard
ARGLOG Carmack t  15.2 pos '390.4 -384.6 -67.8' spd 317.9 yaw 337.2 mode 2 st 0 gl 1 hp 90 frg 0
ARGLOG Romero t  15.5 pos '450.1 -496.7  24.0' spd 328.1 yaw 107.3 mode 2 st 0 gl 1 hp 100 frg 0
ARGEVT Romero hazard
ARGLOG Joe Rogan t  15.6 pos '534.9 -345.2 -104.0' spd 381.4 yaw 212.0 mode 2 st 0 gl 1 hp 100 frg 0
ARGUS Carmack aircontrol
ARGEVT Carmack grab item_health
ARGLOG Carmack t  15.7 pos '471.5 -432.0 -100.7' spd 180.6 yaw  85.8 mode 2 st 0 gl 1 hp 86 frg 0
ARGLOG Romero t  16.0 pos '412.4 -426.3  23.9' spd 366.3 yaw  57.1 mode 2 st 0 gl 1 hp 100 frg 0
ARGLOG Joe Rogan t  16.1 pos '545.4 -279.1 -104.0' spd 333.4 yaw 255.0 mode 0 st 0 gl 1 hp 100 frg 0
ARGEVT Joe Rogan route 5 start '561.0 -311.0 -104.0' goal '273.0 -1015.0 -104.0'
ARGEVT Joe Rogan grab item_health
ARGLOG Carmack t  16.2 pos '524.6 -407.1 -104.0' spd 153.3 yaw  43.1 mode 2 st 0 gl 1 hp 86 frg 0
ARGEVT Romero grab weapon_grenadelauncher
ARGLOG Romero t  16.5 pos '342.4 -399.5 -86.1' spd 142.2 yaw 357.9 mode 2 st 0 gl 1 hp 100 frg 0
ARGUS Joe Rogan bodyblock
ARGLOG Joe Rogan t  16.6 pos '615.1 -406.7 -120.0' spd 405.7 yaw 205.5 mode 2 st 0 gl 1 hp 46 frg 0
ARGUS Carmack bodyblock
ARGUS Joe Rogan threatmove retreat 2
ARGEVT Joe Rogan retreat
ARGUS Joe Rogan crossfire retreat
ARGLOG Carmack t  16.7 pos '581.4 -432.0 -104.0' spd 0 yaw  62.4 mode 2 st 0 gl 1 hp 58 frg 0
ARGEVT Joe Rogan death Romero pos '607.2 -390.4 -104.0' thirdparty
ARGUS Romero watch spawn
ARGEVT Carmack engage Romero
ARGEVT Carmack weapon rl
ARGUS Carmack threatmove range 4
ARGUS Carmack threatmove retreat 4
ARGEVT Carmack retreat
ARGUS Romero threatmove range 3
ARGUS Carmack leadclip
ARGEVT Romero goal weapon_grenadelauncher
ARGLOG Romero t  17.0 pos '194.7 -430.9 -104.0' spd 320.7 yaw 359.5 mode 1 st 0 gl 1 hp 100 frg 1
ARGEVT Carmack hazard
ARGEVT Carmack death Romero pos '668.9 -446.5 -136.0'
ARGUS Romero wallslide
ARGEVT Romero goal backpack
ARGEVT Romero route 4 start '145.0 -407.0 -104.0' goal '625.0 -471.0 -136.0'
ARGEVT Romero hazard
ARGLOG Romero t  17.5 pos '115.7 -369.2 -104.0' spd  91.5 yaw 355 mode 2 st 0 gl 1 hp 100 frg 2
ARGUS routecache adopt
ARGEVT Romero route 3 start '273.0 -407.0 -104.0' goal '625.0 -471.0 -136.0'
ARGLOG Romero t  18.0 pos '265.0 -398.4 -104.0' spd 321.1 yaw 1 mode 2 st 0 gl 1 hp 100 frg 2
ARGEVT Joe Rogan respawn
ARGLOG Joe Rogan t  18.3 pos '776.0 -808.0 -232.0' spd 0 yaw  95.1 mode 0 st 0 gl 1 hp 100 frg 0
ARGEVT Joe Rogan goal weapon_lightning
ARGEVT Joe Rogan route 13 start '753.0 -759.0 -232.0' goal '529.0 -311.0 -104.0'
ARGLOG Romero t  18.5 pos '429.6 -400.1 -104.0' spd 320.1 yaw 3 mode 2 st 0 gl 1 hp 100 frg 2
ARGEVT Carmack respawn
ARGEVT Carmack engage Romero
ARGEVT Carmack grab weapon_supershotgun
ARGLOG Carmack t  18.5 pos '112.0 -1136.0 -104.0' spd 0 yaw  47.4 mode 0 st 0 gl 1 hp 100 frg 0
ARGEVT Romero engage Carmack
ARGEVT Romero weapon sg
ARGEVT Carmack goal weapon_supershotgun
ARGEVT Joe Rogan hazard
ARGEVT Romero hazard
ARGUS Joe Rogan wallslide
ARGEVT Romero jump
ARGLOG Joe Rogan t  18.8 pos '730.4 -727.3 -216.0' spd 179.3 yaw 114 mode 2 st 0 gl 1 hp 100 frg 0
ARGEVT Carmack pursue
ARGLOG Romero t  19.0 pos '489.8 -407.5 -65.6' spd  63.3 yaw 157.5 mode 2 st 0 gl 1 hp 100 frg 2
ARGLOG Carmack t  19.0 pos '245.5 -1067.0 -104.0' spd 363.8 yaw 73 mode 1 st 0 gl 1 hp 100 frg 0
ARGEVT Romero pursue
ARGUS routecache adopt
ARGEVT Joe Rogan route 12 start '753.0 -887.0 -232.0' goal '529.0 -311.0 -104.0'
ARGLOG Joe Rogan t  19.3 pos '750.5 -885.4 -232.0' spd 381.1 yaw 328.5 mode 0 st 0 gl 1 hp 100 frg 0
ARGEVT Carmack goal item_armorInv
ARGEVT Carmack route 9 start '273.0 -1015.0 -104.0' goal '817.0 -855.0 -232.0'
ARGEVT Joe Rogan engage Romero
ARGUS Joe Rogan threatmove range 2
ARGLOG Romero t  19.5 pos '459.3 -392.2 -104.0' spd 214.3 yaw 246 mode 2 st 0 gl 1 hp 100 frg 2
ARGLOG Carmack t  19.5 pos '326.3 -923.5 -104.0' spd 321.2 yaw 76 mode 2 st 0 gl 2 hp 100 frg 0
ARGEVT Joe Rogan route 10 start '369.0   9.0 -296.0' goal '529.0 -311.0 -104.0'
ARGLOG Joe Rogan t  19.8 pos '368.0 -31.9 -296.0' spd 300 yaw 280.8 mode 2 st 0 gl 1 hp 100 frg 0
ARGUS Carmack threatmove range 2
ARGEVT Romero weapon lg
ARGUS Romero threatmove range 2
ARGUS Carmack threatmove range 4
ARGUS Joe Rogan threatmove range 4
ARGLOG Romero t  20.1 pos '355.7 -512.8 -104.0' spd 344.5 yaw 261.1 mode 2 st 0 gl 1 hp 100 frg 2
ARGLOG Carmack t  20.1 pos '339.0 -773.8 -104.0' spd 367.4 yaw  85.5 mode 2 st 0 gl 2 hp 100 frg 0
ARGUS Carmack threatmove retreat 4
ARGEVT Carmack retreat
ARGLOG Joe Rogan t  20.4 pos '368.3 -76.4 -296.0' spd 107.9 yaw 263.5 mode 2 st 0 gl 1 hp 100 frg 0
ARGEVT Joe Rogan pursue
ARGLOG Romero t  20.6 pos '353.3 -614.0 -104.0' spd 162.1 yaw 243.8 mode 2 st 0 gl 1 hp 100 frg 2
ARGLOG Carmack t  20.6 pos '193.9 -837.7 -104.0' spd 320.5 yaw  53.1 mode 2 st 0 gl 2 hp 40 frg 0
ARGEVT Romero pursue
ARGEVT Carmack pursue
ARGEVT Romero hazard
ARGEVT Romero route 4 start '337.0 -663.0 -104.0' goal '625.0 -471.0 -136.0'
ARGLOG Joe Rogan t  20.9 pos '362.6 -228.9 -296.0' spd 320.3 yaw 274 mode 2 st 0 gl 1 hp 100 frg 0
ARGUS Joe Rogan hunch 
ARGUS Romero hunch item_health
ARGUS Carmack hunch 
ARGUS Romero wallslide
ARGEVT Joe Rogan goal backpack
ARGEVT Joe Rogan route 10 start '369.0 -247.0 -296.0' goal '625.0 -471.0 -136.0'
ARGEVT Carmack hazard
ARGLOG Romero t  21.1 pos '309.8 -744.6 -104.0' spd 264.5 yaw 224.4 mode 2 st 0 gl 1 hp 100 frg 2
ARGLOG Carmack t  21.1 pos '180.0 -765.5 -104.0' spd 176.7 yaw 297.0 mode 2 st 0 gl 2 hp 40 frg 0
ARGEVT Joe Rogan pursue
ARGEVT Joe Rogan hazard
ARGEVT Romero goal item_health
ARGEVT Romero route 13 start '305.0 -791.0 -104.0' goal '-47.0 585.0 -296.0'
ARGEVT Carmack goal item_health
ARGEVT Carmack route 2 start '113.0 -823.0 -104.0' goal '401.0 -887.0 -104.0'
ARGLOG Joe Rogan t  21.4 pos '357.7 -144.6 -296.0' spd 425.9 yaw   4.4 mode 2 st 0 gl 1 hp 100 frg 0
ARGEVT Romero grab item_health
ARGLOG Romero t  21.6 pos '341.0 -928.4 -104.0' spd 358.9 yaw 168.3 mode 2 st 0 gl 1 hp 78 frg 2
ARGLOG Carmack t  21.6 pos ' 90.7 -861.0 -104.0' spd 351.5 yaw 344.5 mode 2 st 0 gl 2 hp 10 frg 0
ARGEVT Carmack death Romero pos ' 87.0 -891.9 -104.0'
ARGEVT Joe Rogan pursue
ARGEVT Romero goal backpack
ARGEVT Romero route 1 start '369.0 -983.0 -104.0' goal '113.0 -951.0 -104.0'
ARGEVT Romero hazard
ARGLOG Joe Rogan t  21.9 pos '386.8 -183.4 -296.0' spd 322.0 yaw 269 mode 2 st 0 gl 1 hp 100 frg 0
ARGLOG Romero t  22.1 pos '447.9 -945.8 -104.0' spd 322.2 yaw 112.8 mode 0 st 0 gl 1 hp 100 frg 3
ARGEVT Romero route 2 start '401.0 -887.0 -104.0' goal '113.0 -951.0 -104.0'
ARGEVT Joe Rogan hazard
ARGUS Joe Rogan wallslide
ARGLOG Joe Rogan t  22.4 pos '480.6 -271.2 -296.0' spd 327.6 yaw  17.8 mode 2 st 0 gl 1 hp 100 frg 0
ARGLOG Romero t  22.6 pos '336.3 -815.7 -104.0' spd 329.0 yaw 166 mode 2 st 0 gl 1 hp 100 frg 3
ARGLOG Joe Rogan t  22.9 pos '622.1 -168.9 -296.0' spd 344.6 yaw 89 mode 2 st 0 gl 1 hp 100 frg 0
ARGLOG Romero t  23.1 pos '170.3 -777.5 -104.0' spd 394.8 yaw 235.2 mode 1 st 0 gl 1 hp 100 frg 3
ARGEVT Carmack respawn
ARGLOG Carmack t  23.2 pos '272.0 -952.0  24.0' spd 0 yaw   5.1 mode 0 st 0 gl 2 hp 100 frg 0
ARGEVT Carmack goal item_armorInv
ARGEVT Carmack route 10 start '305.0 -983.0  24.0' goal '817.0 -855.0 -232.0'
ARGEVT Joe Rogan hazard
ARGUS Joe Rogan wallslide
ARGLOG Joe Rogan t  23.4 pos '592.2   0.9 -296.0' spd 140.4 yaw 262 mode 2 st 0 gl 1 hp 100 frg 0
ARGEVT Romero goal item_armor1
ARGEVT Romero route 7 start '113.0 -951.0 -104.0' goal '529.0 -55.0 -104.0'
ARGLOG Romero t  23.6 pos '121.6 -948.4 -104.0' spd 474.3 yaw  10.4 mode 2 st 0 gl 2 hp 100 frg 3
ARGLOG Carmack t  23.7 pos '344.3 -812.7  24.0' spd 466.1 yaw 169.6 mode 2 st 0 gl 2 hp 100 frg 0
ARGLOG Joe Rogan t  24.0 pos '570.6  81.9 -296.0' spd 374.5 yaw 264 mode 2 st 0 gl 1 hp 100 frg 0
ARGUS Carmack wallslide
ARGLOG Romero t  24.1 pos '264.3 -837.7 -104.0' spd 433.1 yaw 149 mode 2 st 0 gl 2 hp 100 frg 3
ARGEVT Carmack engage Joe Rogan
ARGUS Carmack threatmove range 2
ARGEVT Joe Rogan engage Carmack
ARGUS Joe Rogan threatmove range 2
ARGLOG Carmack t  24.2 pos '208.5 -811.1  24.0' spd 260.6 yaw 243.4 mode 2 st 0 gl 2 hp 100 frg 0
ARGEVT Joe Rogan route 6 start '465.0 -855.0  24.0' goal '625.0 -471.0 -136.0'
ARGEVT Romero hazard
ARGLOG Joe Rogan t  24.5 pos '390.6 -864.0  24.0' spd 300 yaw 183.2 mode 2 st 0 gl 1 hp 100 frg 0
ARGUS Romero wallslide
ARGEVT Carmack route 10 start '241.0 -887.0  24.0' goal '817.0 -855.0 -232.0'
ARGLOG Romero t  24.7 pos '204.3 -752.0 -104.0' spd 226.2 yaw 351.0 mode 2 st 0 gl 2 hp 100 frg 3
ARGEVT Joe Rogan grab item_health
ARGLOG Carmack t  24.7 pos '246.8 -975.1  24.0' spd 347.4 yaw  33.6 mode 2 st 0 gl 2 hp 96 frg 0
ARGLOG Joe Rogan t  25.0 pos '388.9 -872.1  24.0' spd 179.2 yaw 241.8 mode 2 st 0 gl 1 hp 80 frg 0
ARGLOG Romero t  25.2 pos '357.8 -818.6 -104.0' spd 334.6 yaw 306 mode 2 st 0 gl 2 hp 100 frg 3
ARGEVT Carmack grab item_health
ARGLOG Carmack t  25.2 pos '341.8 -1057.1  24.0' spd 138.8 yaw  55.8 mode 2 st 0 gl 2 hp 84 frg 0
ARGLOG Joe Rogan t  25.5 pos '456.6 -967.0  24.0' spd 195.2 yaw 215.8 mode 2 st 0 gl 1 hp 56 frg 0
ARGEVT Romero hazard
ARGUS Romero bodyblock
ARGUS Carmack bodyblock
ARGUS Joe Rogan threatmove retreat 2
ARGEVT Joe Rogan retreat
ARGUS Joe Rogan bodyblock
ARGEVT Joe Rogan hazard
ARGLOG Romero t  25.7 pos '451.4 -909.6 -104.0' spd 212.4 yaw 108 mode 2 st 0 gl 2 hp 100 frg 3
ARGLOG Carmack t  25.7 pos '427.2 -985.5  24.0' spd 285.3 yaw  36.8 mode 2 st 0 gl 2 hp 84 frg 0
ARGLOG Joe Rogan t  26.0 pos '405.7 -851.4  24.0' spd 332.7 yaw 288.5 mode 2 st 0 gl 1 hp 32 frg 0
ARGLOG Romero t  26.2 pos '308.3 -926.7 -104.0' spd 421.8 yaw 299.4 mode 2 st 0 gl 2 hp 100 frg 3
ARGLOG Carmack t  26.3 pos '461.0 -945.7  24.0' spd 376.8 yaw 110.6 mode 2 st 0 gl 2 hp 84 frg 0
ARGLOG Joe Rogan t  26.5 pos '346.0 -712.9  24.0' spd 338.6 yaw 288.9 mode 2 st 0 gl 1 hp 8 frg 0
ARGEVT Romero route 7 start '369.0 -983.0 -104.0' goal '529.0 -55.0 -104.0'
ARGEVT Romero hazard
ARGLOG Romero t  26.7 pos '443.7 -995.7 -104.0' spd 374.7 yaw 104.5 mode 2 st 0 gl 2 hp 100 frg 3
ARGEVT Joe Rogan death Carmack pos '335.4 -626.7  24.0'
ARGUS Carmack watch spawn
ARGLOG Carmack t  26.8 pos '437.1 -933.7  24.0' spd 250.1 yaw 109.9 mode 2 st 0 gl 2 hp 68 frg 1
ARGEVT Carmack goal backpack
ARGEVT Carmack route 6 start '401.0 -887.0  24.0' goal '625.0 -471.0 -136.0'
ARGLOG Romero t  27.2 pos '420.4 -836.6 -104.0' spd 347.2 yaw 139.0 mode 2 st 0 gl 2 hp 100 frg 3
ARGLOG Carmack t  27.3 pos '303.6 -815.6  24.0' spd 396.7 yaw 54 mode 2 st 0 gl 2 hp 68 frg 1
ARGLOG Romero t  27.7 pos '249.4 -836.8 -104.0' spd 485.4 yaw 303.8 mode 2 st 0 gl 2 hp 100 frg 3
ARGLOG Carmack t  27.8 pos '329.6 -646.4  24.0' spd 336.7 yaw  52.0 mode 2 st 0 gl 2 hp 68 frg 1
ARGEVT Carmack hazard
ARGEVT Romero route 7 start '273.0 -887.0 -104.0' goal '529.0 -55.0 -104.0'
ARGUS Carmack wallslide
ARGLOG Romero t  28.3 pos '402.0 -918.8 -104.0' spd 475.3 yaw 106 mode 2 st 0 gl 2 hp 100 frg 3
ARGEVT Joe Rogan respawn
ARGEVT Romero engage Joe Rogan
ARGUS Romero threatmove range 2
ARGEVT Joe Rogan engage Romero
ARGUS Joe Rogan threatmove range 4
ARGLOG Joe Rogan t  28.3 pos '112.0 -1136.0 -104.0' spd 0 yaw  44.5 mode 0 st 0 gl 1 hp 100 frg 0
ARGLOG Carmack t  28.3 pos '367.8 -583.4  24.0' spd 320.3 yaw 266 mode 2 st 0 gl 2 hp 68 frg 1
ARGEVT Joe Rogan goal weapon_rocketlauncher
ARGEVT Joe Rogan route 13 start '113.0 -1079.0 -104.0' goal ' 81.0  73.0 -296.0'
ARGEVT Romero hazard
ARGEVT Joe Rogan hazard
ARGLOG Romero t  28.8 pos '453.9 -997.5 -104.0' spd 320.0 yaw 196.3 mode 2 st 0 gl 2 hp 100 frg 3
ARGLOG Joe Rogan t  28.8 pos '119.5 -1137.9 -104.0' spd 321.9 yaw  24.8 mode 2 st 0 gl 1 hp 100 frg 0
ARGLOG Carmack t  28.8 pos '341.5 -748.7  24.0' spd 325.2 yaw 236.0 mode 2 st 0 gl 2 hp 68 frg 1
ARGEVT Carmack route 6 start '305.0 -855.0  24.0' goal '625.0 -471.0 -136.0'
ARGEVT Romero pursue
ARGEVT Joe Rogan pursue
ARGLOG Romero t  29.3 pos '338.6 -988.0 -104.0' spd 357.8 yaw 212.1 mode 2 st 0 gl 2 hp 100 frg 3
ARGLOG Joe Rogan t  29.3 pos '183.3 -1191.9 -72.0' spd 266.3 yaw  48.3 mode 2 st 0 gl 1 hp 100 frg 0
ARGLOG Carmack t  29.4 pos '274.2 -906.3  24.0' spd 350.6 yaw 284.6 mode 2 st 0 gl 2 hp 68 frg 1
ARGUS Carmack bodyblock
ARGEVT Carmack route 7 start '305.0 -983.0  24.0' goal '625.0 -471.0 -136.0'
ARGUS Joe Rogan threatmove retreat 4
ARGEVT Joe Rogan retreat
ARGEVT Joe Rogan hazard
ARGLOG Romero t  29.8 pos '167.1 -988.6 -104.0' spd 322.2 yaw 237.7 mode 2 st 0 gl 2 hp 100 frg 3
ARGLOG Joe Rogan t  29.8 pos ' 81.8 -1207.6 -104.0' spd 351.8 yaw  67.2 mode 2 st 0 gl 1 hp 10 frg 0
ARGLOG Carmack t  29.9 pos '211.0 -954.1  24.0' spd 305.7 yaw  69.6 mode 2 st 0 gl 2 hp 68 frg 1
ARGLOG Romero t  30.3 pos '154.0 -993.6 -104.0' spd 320.5 yaw 279.2 mode 2 st 0 gl 2 hp 100 frg 3
ARGLOG Joe Rogan t  30.4 pos '174.6 -1230.0 -88.0' spd  24.9 yaw  93.8 mode 2 st 0 gl 1 hp 10 frg 0
ARGLOG Carmack t  30.4 pos '362.0 -872.0  20.0' spd 485.3 yaw 266.4 mode 2 st 0 gl 2 hp 68 frg 1
ARGEVT Carmack engage Joe Rogan
ARGUS Carmack threatmove range 2
ARGEVT Joe Rogan hazard
ARGUS Joe Rogan wallslide
ARGLOG Romero t  30.8 pos '316.6 -1027.0 -104.0' spd 143.2 yaw 248.0 mode 2 st 0 gl 2 hp 89 frg 3
ARGUS Romero bodyblock
ARGLOG Joe Rogan t  30.9 pos '140.2 -1231.2 -104.0' spd 320.2 yaw  52.7 mode 2 st 0 gl 1 hp 10 frg 0
ARGLOG Carmack t  30.9 pos '320.5 -985.9  24.0' spd 320.2 yaw 231.5 mode 2 st 0 gl 2 hp 68 frg 1
ARGEVT Romero weapon gl
ARGEVT Carmack pursue
ARGEVT Joe Rogan pursue
ARGEVT Romero pursue
ARGUS Carmack wallslide
ARGUS Carmack hunch item_health
ARGUS Romero hunch item_health
ARGEVT Romero hazard
