LOG started on: 09/20/2026 06:27:02 
Playing registered version.
UDP Initialized
WIPX_OpenSocket: Address family not supported by protocol family
WIPX_Init: Unable to open control socket, IPX disabled
Exe: 20:02:47 Jul 31 2024
256.0 megabyte heap

Language initialization
Couldn't load 'localization/loc_english.txt'
from 'C:\argus\engine'

========= Quake Initialized =========

execing autoexec.cfg
SpawnServer: dm2
Clearing memory
Programs occupy 914K.
trying to open external vis file
maps/dm2.vis not found, trying argus.vis
external vis not found
ARGUS slots 8
ARGUS worldspawn reached
ARGNAV 215 nodes, 1005 links
0 entities inhibited
ARGUS init on dm2
ARGEVT Carmack spawned
ARGEVT Romero spawned
ARGEVT Joe Rogan spawned
Server spawned.
ARGLOG Joe Rogan t   1.2 pos '2624.0 -488.0  32.0' spd 0 yaw 177.6 mode 0 st 0 gl 0 hp 100 frg 0
ARGLOG Romero t   1.2 pos '2704.0 -2048.0 128.0' spd 0 yaw 317.5 mode 0 st 0 gl 0 hp 100 frg 0
ARGLOG Carmack t   1.2 pos '2560.0 -192.0  32.0' spd 0 yaw 209.6 mode 0 st 0 gl 0 hp 100 frg 0
ARGUS Carmack wallslide
ARGEVT Joe Rogan engage Carmack
ARGUS Joe Rogan threatmove range 2
ARGEVT Joe Rogan grab item_armorInv
ARGEVT Carmack engage Joe Rogan
ARGUS Carmack threatmove range 2
ARGLOG Joe Rogan t   1.7 pos '2476.5 -441.9   8.0' spd 307.5 yaw  98.1 mode 0 st 0 gl 0 hp 100 frg 0
ARGLOG Romero t   1.7 pos '2712.8 -2091.1 128.0' spd 322.0 yaw 157.1 mode 0 st 0 gl 0 hp 100 frg 0
ARGLOG Carmack t   1.7 pos '2423.6 -240.0  24.0' spd 359.7 yaw 216.9 mode 0 st 0 gl 0 hp 100 frg 0
ARGEVT Joe Rogan hazard
ARGUS Joe Rogan wallslide
ARGLOG Joe Rogan t   2.2 pos '2371.6 -527.6   8.0' spd 107.4 yaw  79.3 mode 0 st 0 gl 0 hp 100 frg 0
ARGLOG Romero t   2.2 pos '2760.0 -2053.6 120.0' spd 344.7 yaw 116.2 mode 0 st 0 gl 0 hp 100 frg 0
ARGLOG Carmack t   2.2 pos '2405.7 -240.0  24.0' spd 322.7 yaw 249.7 mode 0 st 0 gl 0 hp 100 frg 0
ARGLOG Joe Rogan t   2.7 pos '2343.0 -528.0   8.0' spd  51.3 yaw  86.5 mode 0 st 0 gl 0 hp 100 frg 0
ARGLOG Romero t   2.7 pos '2792.7 -2024.5 120.0' spd 321.2 yaw 304.5 mode 0 st 0 gl 0 hp 100 frg 0
ARGLOG Carmack t   2.7 pos '2372.7 -240.0  24.0' spd 336.0 yaw 267.6 mode 0 st 0 gl 0 hp 100 frg 0
ARGEVT Joe Rogan hazard
ARGEVT Romero hazard
ARGLOG Joe Rogan t   3.2 pos '2309.4 -521.8   8.0' spd 266.4 yaw  73.5 mode 0 st 0 gl 0 hp 100 frg 0
ARGLOG Romero t   3.2 pos '2852.3 -1984.5 120.0' spd 238.1 yaw 268.8 mode 0 st 0 gl 0 hp 100 frg 0
ARGLOG Carmack t   3.2 pos '2365.8 -234.1  24.0' spd 321.4 yaw 249.4 mode 0 st 0 gl 0 hp 100 frg 0
ARGLOG Joe Rogan t   3.7 pos '2165.3 -451.5   8.0' spd 320.0 yaw  78.6 mode 0 st 0 gl 0 hp 100 frg 0
ARGLOG Romero t   3.7 pos '2835.9 -2027.0 120.0' spd 323.1 yaw 112.5 mode 0 st 0 gl 0 hp 100 frg 0
ARGLOG Carmack t   3.7 pos '2205.2 -240.1  24.0' spd 320.0 yaw 240.1 mode 0 st 0 gl 0 hp 100 frg 0
ARGEVT Joe Rogan goal item_armorInv
ARGEVT Joe Rogan route 4 start '2177.0 -375.0   8.0' goal '2369.0 -567.0  56.0'
ARGLOG Joe Rogan t   4.2 pos '2250.1 -401.7   8.0' spd 321.2 yaw 109.2 mode 2 st 0 gl 0 hp 82 frg 0
ARGLOG Romero t   4.2 pos '2842.9 -1996.5 120.0' spd 229.4 yaw 114.7 mode 0 st 0 gl 0 hp 100 frg 0
ARGLOG Carmack t   4.2 pos '2206.6 -255.2  24.0' spd 321.3 yaw 309.0 mode 0 st 0 gl 0 hp 100 frg 0
ARGEVT Romero goal weapon_supershotgun
ARGEVT Romero route 2 start '2785.0 -2039.0 120.0' goal '2721.0 -2327.0 120.0'
ARGUS Carmack wallslide
ARGEVT Carmack goal weapon_rocketlauncher
ARGEVT Carmack route 14 start '2209.0 -279.0  24.0' goal '2465.0 -1719.0  24.0'
ARGEVT Romero hazard
ARGLOG Joe Rogan t   4.8 pos '2405.3 -333.0   8.0' spd 335.0 yaw 136.9 mode 2 st 0 gl 0 hp 64 frg 0
ARGLOG Romero t   4.8 pos '2793.0 -2058.5 120.0' spd 342.9 yaw 255 mode 2 st 0 gl 0 hp 100 frg 0
ARGLOG Carmack t   4.8 pos '2273.0 -217.2  24.0' spd 197.8 yaw 334.6 mode 2 st 0 gl 0 hp 100 frg 0
ARGEVT Joe Rogan pursue
ARGEVT Joe Rogan hazard
ARGUS Joe Rogan wallslide
ARGEVT Carmack pursue
ARGUS Joe Rogan hunch item_armorInv
ARGLOG Joe Rogan t   5.3 pos '2369.5 -305.8   8.0' spd 239.3 yaw 315.0 mode 2 st 0 gl 0 hp 64 frg 0
ARGLOG Romero t   5.3 pos '2686.3 -2199.9 120.0' spd 355.2 yaw 296 mode 1 st 0 gl 0 hp 100 frg 0
ARGLOG Carmack t   5.3 pos '2168.9 -268.3  24.0' spd 372.5 yaw 250.5 mode 2 st 0 gl 0 hp 100 frg 0
ARGEVT Joe Rogan grab item_health
ARGEVT Joe Rogan goal item_armorInv
ARGEVT Joe Rogan route 3 start '2401.0 -343.0   8.0' goal '2369.0 -567.0  56.0'
ARGUS Carmack wallslide
ARGEVT Romero goal item_armor2
ARGEVT Romero route 8 start '2721.0 -2327.0 120.0' goal '1313.0 -951.0  32.0'
ARGEVT Romero hazard
ARGEVT Carmack route 15 start '2177.0 -375.0   8.0' goal '2465.0 -1719.0  24.0'
ARGLOG Joe Rogan t   5.8 pos '2456.1 -311.4   8.0' spd  90.6 yaw 194.6 mode 2 st 0 gl 0 hp 64 frg 0
ARGLOG Romero t   5.8 pos '2676.1 -2329.4 120.0' spd 382.0 yaw 213 mode 2 st 0 gl 1 hp 100 frg 0
ARGLOG Carmack t   5.8 pos '2142.0 -447.5   8.0' spd 335.3 yaw  11.4 mode 2 st 0 gl 0 hp 88 frg 0
ARGUS Romero wallslide
ARGEVT Carmack hazard
ARGLOG Joe Rogan t   6.3 pos '2441.2 -318.7   8.0' spd  58.9 yaw 201.1 mode 2 st 0 gl 0 hp 64 frg 0
ARGLOG Romero t   6.3 pos '2629.2 -2300.4 120.0' spd 322.6 yaw 224 mode 2 st 0 gl 1 hp 100 frg 0
ARGLOG Carmack t   6.3 pos '2136.9 -381.2   8.0' spd 342.4 yaw  20.5 mode 2 st 0 gl 0 hp 64 frg 0
ARGEVT Carmack weapon sg
ARGEVT Joe Rogan hazard
ARGUS Joe Rogan wallslide
ARGLOG Joe Rogan t   6.8 pos '2429.4 -305.2   8.0' spd  26.5 yaw 162.5 mode 2 st 0 gl 0 hp 46 frg 0
ARGLOG Romero t   6.8 pos '2461.9 -2283.3 120.0' spd 393.5 yaw 141 mode 2 st 0 gl 1 hp 100 frg 0
ARGLOG Carmack t   6.8 pos '2180.3 -220.8  24.0' spd 324.7 yaw 347.9 mode 2 st 0 gl 0 hp 64 frg 0
ARGEVT Joe Rogan grab item_health
ARGLOG Joe Rogan t   7.3 pos '2415.5 -306.9   8.0' spd  92.4 yaw 126.0 mode 2 st 0 gl 0 hp 46 frg 0
ARGLOG Romero t   7.3 pos '2397.9 -2456.2 120.0' spd 369.0 yaw 131 mode 2 st 0 gl 1 hp 100 frg 0
ARGLOG Carmack t   7.3 pos '2275.7 -83.2  24.0' spd 333.2 yaw 308.9 mode 2 st 0 gl 0 hp 64 frg 0
ARGEVT Romero route 5 start '2433.0 -2487.0 120.0' goal '1313.0 -951.0  32.0'
ARGEVT Joe Rogan pursue
ARGEVT Carmack jump
ARGEVT Romero hazard
ARGEVT Carmack pursue
ARGUS routecache adopt
ARGEVT Romero route 5 start '2433.0 -2487.0 120.0' goal '1313.0 -951.0  32.0'
ARGUS Joe Rogan wallslide
ARGUS routecache adopt
ARGEVT Romero route 5 start '2433.0 -2487.0 120.0' goal '1313.0 -951.0  32.0'
ARGEVT Joe Rogan hazard
ARGLOG Joe Rogan t   7.8 pos '2344.7 -304.0   8.0' spd  87.7 yaw  81.2 mode 2 st 0 gl 0 hp 46 frg 0
ARGLOG Romero t   7.8 pos '2464.6 -2403.1 120.0' spd 334.6 yaw 138 mode 2 st 0 gl 1 hp 100 frg 0
ARGEVT Carmack grab item_health
ARGLOG Carmack t   7.8 pos '2384.0   4.6  77.7' spd  62.9 yaw 263.2 mode 2 st 0 gl 0 hp 64 frg 0
ARGLOG Joe Rogan t   8.3 pos '2416.6 -304.1   8.0' spd 271.1 yaw  76.1 mode 2 st 0 gl 0 hp 46 frg 0
ARGLOG Romero t   8.3 pos '2386.4 -2292.7 120.0' spd 163.0 yaw 139 mode 2 st 0 gl 1 hp 100 frg 0
ARGEVT Carmack grab item_health
ARGLOG Carmack t   8.3 pos '2471.3 -79.2 120.0' spd 186.0 yaw 258.2 mode 2 st 0 gl 0 hp 64 frg 0
ARGEVT Joe Rogan grab item_health
ARGEVT Carmack pursue
ARGEVT Carmack hazard
ARGEVT Joe Rogan pursue
ARGEVT Joe Rogan hazard
ARGUS Joe Rogan wallslide
ARGLOG Joe Rogan t   8.8 pos '2483.2 -304.4   8.0' spd 127.2 yaw  65.4 mode 2 st 0 gl 0 hp 46 frg 0
ARGLOG Romero t   8.8 pos '2423.7 -2449.2 120.0' spd 320.7 yaw 275.4 mode 0 st 0 gl 1 hp 100 frg 0
ARGLOG Carmack t   8.8 pos '2508.2 -79.8 120.0' spd  49.2 yaw 238 mode 2 st 0 gl 0 hp 64 frg 0
ARGUS Carmack wallslide
ARGUS routecache adopt
ARGEVT Romero route 5 start '2433.0 -2487.0 120.0' goal '1313.0 -951.0  32.0'
ARGUS routecache adopt
ARGEVT Romero route 4 start '1313.0 -1367.0 144.0' goal '1313.0 -951.0  32.0'
ARGUS Carmack hunch item_armorInv
ARGEVT Carmack pursue
ARGEVT Joe Rogan pursue
ARGLOG Joe Rogan t   9.4 pos '2619.6 -347.2  24.0' spd 341.4 yaw 269.0 mode 2 st 0 gl 0 hp 46 frg 0
ARGLOG Romero t   9.4 pos '1362.7 -1376.0 144.0' spd 300 yaw 102 mode 2 st 0 gl 1 hp 100 frg 0
ARGLOG Carmack t   9.4 pos '2521.6 -56.7 120.0' spd 315.6 yaw  97.8 mode 2 st 0 gl 0 hp 64 frg 0
ARGEVT Carmack pursue
ARGEVT Carmack goal item_health
ARGEVT Carmack hazard
ARGLOG Joe Rogan t   9.9 pos '2482.6 -383.4   8.0' spd 327.4 yaw 162.3 mode 2 st 0 gl 0 hp 46 frg 0
ARGLOG Romero t   9.9 pos '1382.0 -1349.4 136.0' spd 314.8 yaw 108 mode 2 st 0 gl 1 hp 100 frg 0
ARGLOG Carmack t   9.9 pos '2404.0  -1.3  88.0' spd 323.2 yaw 205.8 mode 1 st 0 gl 0 hp 64 frg 0
ARGEVT Romero jump
ARGEVT Carmack pursue
ARGEVT Joe Rogan hazard
ARGLOG Joe Rogan t  10.4 pos '2541.5 -319.5  24.0' spd 143.5 yaw 241.0 mode 2 st 0 gl 0 hp 46 frg 0
ARGLOG Romero t  10.4 pos '1340.1 -1200.0 170.2' spd 113.5 yaw 105 mode 2 st 0 gl 1 hp 100 frg 0
ARGLOG Carmack t  10.4 pos '2265.4 -85.6  24.0' spd 343.9 yaw 306 mode 1 st 0 gl 0 hp 64 frg 0
ARGEVT Joe Rogan pursue
ARGUS Carmack wallslide
ARGLOG Joe Rogan t  10.9 pos '2438.5 -449.9   8.0' spd 383.3 yaw 165.8 mode 2 st 0 gl 0 hp 46 frg 0
ARGLOG Romero t  10.9 pos '1283.0 -1179.6 168.0' spd 137.1 yaw 82 mode 2 st 0 gl 1 hp 100 frg 0
ARGLOG Carmack t  10.9 pos '2260.3 -240.0  24.0' spd 195.6 yaw 313.6 mode 1 st 0 gl 0 hp 64 frg 0
ARGLOG Joe Rogan t  11.4 pos '2270.6 -498.3   8.0' spd 321.6 yaw 128.8 mode 2 st 0 gl 0 hp 46 frg 0
ARGLOG Romero t  11.4 pos '1281.6 -1023.0 200.0' spd 334.3 yaw 66 mode 1 st 0 gl 1 hp 100 frg 0
ARGLOG Carmack t  11.4 pos '2135.5 -335.7  24.0' spd 193.7 yaw 301.1 mode 1 st 0 gl 0 hp 64 frg 0
ARGEVT Joe Rogan route 4 start '2177.0 -503.0   8.0' goal '2369.0 -567.0  56.0'
ARGUS Joe Rogan wallslide
ARGLOG Joe Rogan t  11.9 pos '2142.4 -502.2   8.0' spd  70.1 yaw  60.4 mode 2 st 0 gl 0 hp 46 frg 0
ARGLOG Romero t  11.9 pos '1348.6 -871.7 104.5' spd 355.8 yaw 280.0 mode 1 st 0 gl 1 hp 100 frg 0
ARGLOG Carmack t  11.9 pos '2275.3 -349.3   8.0' spd 357.5 yaw 247.3 mode 1 st 0 gl 0 hp 64 frg 0
ARGEVT Joe Rogan grab item_health
ARGEVT Joe Rogan hazard
ARGLOG Joe Rogan t  12.4 pos '2133.8 -491.8   8.0' spd  74.6 yaw  38.8 mode 2 st 0 gl 0 hp 46 frg 0
ARGLOG Romero t  12.4 pos '1311.5 -959.5  32.0' spd 322.7 yaw 232.8 mode 1 st 0 gl 1 hp 100 frg 0
ARGLOG Carmack t  12.4 pos '2286.8 -341.0   8.0' spd 323.1 yaw 217.8 mode 1 st 0 gl 0 hp 64 frg 0
ARGEVT Romero hazard
ARGLOG Joe Rogan t  12.9 pos '2148.2 -510.1   8.0' spd  50.6 yaw  88.5 mode 2 st 0 gl 0 hp 46 frg 0
ARGLOG Romero t  12.9 pos '1696.0 -956.3  20.0' spd 300 yaw 197.0 mode 1 st 0 gl 1 hp 100 frg 0
ARGLOG Carmack t  12.9 pos '2147.6 -276.6  24.0' spd  24.4 yaw 267.2 mode 1 st 0 gl 0 hp 64 frg 0
ARGUS Joe Rogan threatmove retreat 2
ARGEVT Joe Rogan retreat
ARGUS Carmack wallslide
ARGLOG Joe Rogan t  13.5 pos '2279.6 -498.9   8.0' spd 320.5 yaw  83.2 mode 2 st 0 gl 0 hp 22 frg 0
ARGLOG Romero t  13.5 pos '1695.9 -960.9  20.0' spd 134.9 yaw  63.8 mode 1 st 0 gl 1 hp 100 frg 0
ARGLOG Carmack t  13.5 pos '2263.2 -307.9  24.0' spd 197.0 yaw 272.0 mode 1 st 0 gl 0 hp 64 frg 0
ARGEVT Joe Rogan death Carmack pos '2351.2 -478.9   8.0'
ARGUS Carmack watch spawn
ARGEVT Romero hazard
ARGEVT Carmack goal item_armorInv
ARGEVT Carmack route 3 start '2401.0 -343.0   8.0' goal '2369.0 -567.0  56.0'
ARGLOG Romero t  14.0 pos '1811.6 -860.5  20.0' spd 344.6 yaw  90.6 mode 1 st 0 gl 1 hp 100 frg 0
ARGLOG Carmack t  14.0 pos '2423.7 -366.6   8.0' spd 420.5 yaw 260.9 mode 2 st 0 gl 0 hp 64 frg 1
ARGEVT Carmack hazard
ARGUS Carmack wallslide
ARGLOG Romero t  14.5 pos '1769.5 -855.3  20.0' spd 322.0 yaw 192 mode 1 st 0 gl 1 hp 100 frg 0
ARGLOG Carmack t  14.5 pos '2342.8 -525.8   8.0' spd 320.1 yaw 177 mode 2 st 0 gl 0 hp 64 frg 1
ARGEVT Romero hazard
ARGEVT Carmack route 4 start '2177.0 -503.0   8.0' goal '2369.0 -567.0  56.0'
ARGLOG Romero t  15.0 pos '1596.8 -859.4  20.0' spd 285.6 yaw  74.0 mode 1 st 0 gl 1 hp 100 frg 0
ARGLOG Carmack t  15.0 pos '2175.7 -500.2   8.0' spd 403.0 yaw 0 mode 2 st 0 gl 0 hp 64 frg 1
ARGEVT Joe Rogan respawn
ARGEVT Joe Rogan engage Romero
ARGLOG Joe Rogan t  15.2 pos '2048.0 -1352.0 136.0' spd 0 yaw 175.2 mode 0 st 0 gl 0 hp 100 frg 0
ARGEVT Joe Rogan goal item_armor2
ARGEVT Joe Rogan route 3 start '2049.0 -1367.0 136.0' goal '2049.0 -983.0  32.0'
ARGLOG Romero t  15.5 pos '1453.0 -862.9  20.0' spd 342.0 yaw 213 mode 1 st 0 gl 1 hp 100 frg 0
ARGLOG Carmack t  15.5 pos '2241.4 -339.6   8.0' spd 486.1 yaw 300.8 mode 2 st 0 gl 0 hp 64 frg 1
ARGUS Romero wallslide
ARGLOG Joe Rogan t  15.7 pos '1942.1 -1252.6 136.0' spd 320.4 yaw 145.0 mode 2 st 0 gl 0 hp 100 frg 0
ARGEVT Carmack weapon ng
ARGUS Joe Rogan threatmove range 2
ARGUS Romero threatmove range 2
ARGEVT Carmack hazard
ARGLOG Romero t  16.0 pos '1525.7 -920.4  20.0' spd 353.8 yaw 325.4 mode 1 st 0 gl 1 hp 96 frg 0
ARGLOG Carmack t  16.0 pos '2272.5 -507.9   8.0' spd 387.2 yaw 187 mode 2 st 0 gl 0 hp 64 frg 1
ARGLOG Joe Rogan t  16.2 pos '1817.0 -1150.2  38.1' spd 225.2 yaw 134.9 mode 2 st 0 gl 0 hp 88 frg 0
ARGLOG Romero t  16.5 pos '1682.6 -854.2  20.0' spd 349.0 yaw 297.6 mode 1 st 0 gl 1 hp 87 frg 0
ARGLOG Carmack t  16.5 pos '2150.2 -513.8   8.0' spd 198.8 yaw 1 mode 2 st 0 gl 0 hp 64 frg 1
ARGUS Carmack wallslide
ARGEVT Joe Rogan route 7 start '1601.0 -1303.0  40.0' goal '2049.0 -983.0  32.0'
ARGLOG Joe Rogan t  16.7 pos '1659.9 -1135.3  20.0' spd 338.9 yaw  77.3 mode 2 st 0 gl 0 hp 88 frg 0
ARGLOG Romero t  17.0 pos '1846.4 -912.8  20.0' spd 360.1 yaw 221.3 mode 1 st 0 gl 1 hp 87 frg 0
ARGLOG Carmack t  17.0 pos '2309.5 -522.6   8.0' spd 320.3 yaw 4 mode 2 st 0 gl 0 hp 64 frg 1
ARGLOG Joe Rogan t  17.2 pos '1530.3 -1022.3  20.0' spd 354.1 yaw  10.1 mode 2 st 0 gl 0 hp 88 frg 0
ARGEVT Joe Rogan route 19 start '1313.0 -951.0  32.0' goal '2049.0 -983.0  32.0'
ARGLOG Romero t  17.5 pos '1876.1 -1090.7  20.0' spd 361.4 yaw 172.2 mode 1 st 0 gl 1 hp 84 frg 0
ARGLOG Carmack t  17.5 pos '2477.3 -524.5   8.0' spd 332.6 yaw 202 mode 2 st 0 gl 0 hp 64 frg 1
ARGEVT Joe Rogan hazard
ARGLOG Joe Rogan t  17.7 pos '1570.4 -868.7  20.0' spd 335.2 yaw 318.4 mode 2 st 0 gl 0 hp 88 frg 0
ARGEVT Carmack hazard
ARGUS routecache adopt
ARGEVT Joe Rogan route 17 start '1793.0 -727.0  24.0' goal '2049.0 -983.0  32.0'
ARGLOG Romero t  18.1 pos '1746.6 -1205.5  20.0' spd 346.6 yaw 115.1 mode 1 st 0 gl 1 hp 84 frg 0
ARGLOG Carmack t  18.1 pos '2552.8 -449.3  24.0' spd 320.2 yaw 152.0 mode 2 st 0 gl 0 hp 64 frg 1
ARGUS Carmack wallslide
ARGUS Carmack jumpapproach 0 actual 306.2
ARGEVT Carmack jump
ARGUS Carmack aircontrol
ARGLOG Joe Rogan t  18.3 pos '1733.3 -849.8  20.0' spd 329.9 yaw 268.7 mode 2 st 0 gl 0 hp 88 frg 0
ARGEVT Carmack jump
ARGLOG Romero t  18.6 pos '1572.8 -1171.2  20.0' spd 373.6 yaw  57.9 mode 1 st 0 gl 1 hp 80 frg 0
ARGLOG Carmack t  18.6 pos '2421.0 -528.0  19.5' spd 266.1 yaw 217 mode 2 st 0 gl 0 hp 64 frg 1
ARGEVT Joe Rogan grab item_armor2
ARGLOG Joe Rogan t  18.8 pos '1882.0 -930.8  20.0' spd 343.9 yaw 214.2 mode 1 st 0 gl 0 hp 88 frg 0
ARGLOG Romero t  19.1 pos '1488.6 -1017.6  20.0' spd 367.8 yaw  13.4 mode 1 st 0 gl 1 hp 76 frg 0
ARGLOG Carmack t  19.1 pos '2332.8 -528.0  30.1' spd  41.5 yaw 297 mode 1 st 0 gl 0 hp 64 frg 1
ARGUS Carmack wallslide
ARGUS Joe Rogan wallslide
ARGLOG Joe Rogan t  19.3 pos '1934.2 -971.9  20.0' spd  33.7 yaw 179.4 mode 1 st 0 gl 0 hp 84 frg 0
ARGLOG Romero t  19.6 pos '1503.3 -868.5  20.0' spd 100.0 yaw 350.4 mode 1 st 0 gl 1 hp 76 frg 0
ARGLOG Carmack t  19.6 pos '2396.0 -528.0   8.0' spd 109.4 yaw 269 mode 1 st 0 gl 0 hp 64 frg 1
ARGEVT Carmack hazard
ARGLOG Joe Rogan t  19.8 pos '1927.3 -953.7  20.0' spd 320.2 yaw 171.5 mode 1 st 0 gl 0 hp 84 frg 0
ARGEVT Joe Rogan hazard
ARGLOG Romero t  20.1 pos '1527.9 -1017.2  20.0' spd 324.5 yaw   2.1 mode 1 st 0 gl 1 hp 70 frg 0
ARGLOG Carmack t  20.1 pos '2425.6 -528.0   8.0' spd  53.9 yaw 255 mode 1 st 0 gl 0 hp 64 frg 1
ARGUS Carmack wallslide
ARGUS Joe Rogan wallslide
ARGLOG Joe Rogan t  20.3 pos '1936.0 -949.8  20.0' spd  92.5 yaw 195.1 mode 1 st 0 gl 0 hp 84 frg 0
ARGLOG Romero t  20.6 pos '1579.2 -1019.0  20.0' spd 321.0 yaw   5.7 mode 1 st 0 gl 1 hp 70 frg 0
ARGLOG Carmack t  20.6 pos '2453.3 -528.0   8.0' spd  50.4 yaw 243 mode 1 st 0 gl 0 hp 64 frg 1
ARGEVT Carmack hazard
ARGLOG Joe Rogan t  20.8 pos '1921.4 -1107.7  20.0' spd 337.2 yaw 159.8 mode 1 st 0 gl 0 hp 84 frg 0
ARGLOG Romero t  21.1 pos '1666.8 -879.6  20.0' spd 343.5 yaw 321.6 mode 1 st 0 gl 1 hp 70 frg 0
ARGLOG Carmack t  21.1 pos '2468.8 -528.0   8.0' spd 103.6 yaw 238 mode 1 st 0 gl 0 hp 64 frg 1
ARGUS Carmack wallslide
ARGEVT Romero hazard
ARGLOG Joe Rogan t  21.3 pos '1802.1 -1230.6  20.0' spd 344.8 yaw 108.0 mode 1 st 0 gl 0 hp 84 frg 0
ARGLOG Romero t  21.6 pos '1694.4 -810.1  20.0' spd 327.6 yaw 279.8 mode 1 st 0 gl 1 hp 70 frg 0
ARGLOG Carmack t  21.6 pos '2377.3 -528.0   8.0' spd  70.9 yaw 277 mode 1 st 0 gl 0 hp 64 frg 1
ARGEVT Carmack hazard
ARGLOG Joe Rogan t  21.8 pos '1635.4 -1237.1  20.0' spd 324.3 yaw  85.7 mode 1 st 0 gl 0 hp 84 frg 0
ARGLOG Romero t  22.1 pos '1764.9 -860.6  20.0' spd 349.1 yaw 244.0 mode 1 st 0 gl 1 hp 61 frg 0
ARGLOG Carmack t  22.1 pos '2347.1 -528.0   8.0' spd  57.3 yaw 291 mode 1 st 0 gl 0 hp 64 frg 1
ARGUS Carmack wallslide
ARGLOG Joe Rogan t  22.4 pos '1485.7 -1161.7  20.0' spd 352.1 yaw  41.8 mode 1 st 0 gl 0 hp 76 frg 0
ARGLOG Romero t  22.6 pos '1892.0 -985.2  20.0' spd 377.4 yaw 200.1 mode 1 st 0 gl 1 hp 53 frg 0
ARGLOG Carmack t  22.6 pos '2321.8 -528.0   8.0' spd  45.7 yaw 301 mode 1 st 0 gl 0 hp 64 frg 1
ARGUS Joe Rogan wallslide
ARGEVT Romero grab item_armor2
ARGEVT Carmack hazard
ARGEVT Romero hazard
ARGLOG Joe Rogan t  22.9 pos '1428.7 -1012.0  20.0' spd 322.5 yaw   0.4 mode 1 st 0 gl 0 hp 76 frg 0
ARGUS Romero wallslide
ARGLOG Romero t  23.2 pos '1936.0 -994.1  20.0' spd  37.9 yaw 174.6 mode 1 st 0 gl 1 hp 50 frg 0
ARGLOG Carmack t  23.2 pos '2372.0 -528.0   8.0' spd 225.0 yaw 280 mode 1 st 0 gl 0 hp 64 frg 1
ARGUS Carmack wallslide
ARGLOG Joe Rogan t  23.4 pos '1437.8 -910.1  20.0' spd 262.0 yaw 355.6 mode 1 st 0 gl 0 hp 56 frg 0
ARGLOG Romero t  23.7 pos '1930.0 -971.9  20.0' spd  70.1 yaw 172.4 mode 1 st 0 gl 1 hp 50 frg 0
ARGLOG Carmack t  23.7 pos '2423.2 -528.0   8.0' spd  65.3 yaw 256 mode 1 st 0 gl 0 hp 64 frg 1
ARGEVT Carmack hazard
ARGLOG Joe Rogan t  23.9 pos '1453.7 -1070.3  20.0' spd 323.5 yaw   7.3 mode 1 st 0 gl 0 hp 56 frg 0
ARGLOG Romero t  24.2 pos '1916.7 -971.7  20.0' spd  37.2 yaw 195.3 mode 1 st 0 gl 1 hp 49 frg 0
ARGLOG Carmack t  24.2 pos '2451.6 -528.0   8.0' spd  48.3 yaw 244 mode 1 st 0 gl 0 hp 64 frg 1
ARGEVT Romero hazard
ARGUS Carmack wallslide
ARGLOG Joe Rogan t  24.4 pos '1520.1 -1221.8  20.0' spd 326.2 yaw  32.9 mode 1 st 0 gl 0 hp 56 frg 0
ARGEVT Joe Rogan jump
ARGLOG Romero t  24.7 pos '1851.1 -866.9  20.0' spd 331.9 yaw 233.0 mode 1 st 0 gl 1 hp 41 frg 0
ARGLOG Carmack t  24.7 pos '2470.1 -528.0   8.0' spd  83.4 yaw 237 mode 1 st 0 gl 0 hp 64 frg 1
ARGLOG Joe Rogan t  24.9 pos '1593.0 -1261.5  61.6' spd  31.8 yaw  64.3 mode 1 st 0 gl 0 hp 40 frg 0
ARGLOG Romero t  25.2 pos '1686.3 -846.3  20.0' spd 320.4 yaw 255.6 mode 1 st 0 gl 1 hp 33 frg 0
ARGLOG Carmack t  25.2 pos '2377.8 -528.0   8.0' spd  79.0 yaw 277 mode 1 st 0 gl 0 hp 64 frg 1
ARGEVT Carmack hazard
ARGUS Carmack wallslide
ARGEVT Romero hazard
ARGLOG Joe Rogan t  25.4 pos '1529.4 -1225.8  20.0' spd 320.1 yaw  67.6 mode 1 st 0 gl 0 hp 40 frg 0
ARGEVT Carmack abandon
ARGLOG Romero t  25.7 pos '1731.7 -897.0  20.0' spd 331.0 yaw 232.6 mode 1 st 0 gl 1 hp 33 frg 0
ARGLOG Carmack t  25.7 pos '2348.5 -526.1   8.0' spd 104.4 yaw 134.1 mode 0 st 0 gl 0 hp 64 frg 1
ARGEVT Joe Rogan hazard
ARGLOG Joe Rogan t  25.9 pos '1428.0 -1110.1  20.0' spd 320.8 yaw  23.8 mode 1 st 0 gl 0 hp 36 frg 0
ARGEVT Carmack goal weapon_rocketlauncher
ARGEVT Carmack route 16 start '2337.0 -503.0   8.0' goal '2465.0 -1719.0  24.0'
ARGUS Joe Rogan wallslide
ARGLOG Romero t  26.2 pos '1832.5 -1045.3  20.0' spd 361.3 yaw 181.8 mode 1 st 0 gl 1 hp 27 frg 0
ARGLOG Carmack t  26.2 pos '2183.9 -508.0   8.0' spd 341.8 yaw 82 mode 2 st 0 gl 0 hp 64 frg 1
ARGEVT Carmack hazard
ARGLOG Joe Rogan t  26.4 pos '1436.3 -944.8  20.0' spd 331.3 yaw 342.1 mode 1 st 0 gl 0 hp 36 frg 0
ARGLOG Romero t  26.7 pos '1790.6 -1213.2  20.0' spd 339.9 yaw 143.6 mode 1 st 0 gl 1 hp 27 frg 0
ARGLOG Carmack t  26.7 pos '2129.9 -394.6   8.0' spd  77.5 yaw 230.4 mode 2 st 0 gl 0 hp 64 frg 1
ARGUS Carmack wallslide
ARGLOG Joe Rogan t  26.9 pos '1511.1 -880.3  20.0' spd 261.8 yaw 309.4 mode 1 st 0 gl 0 hp 32 frg 0
ARGLOG Romero t  27.3 pos '1654.6 -1310.2  20.0' spd 320.8 yaw 127.7 mode 1 st 0 gl 1 hp 27 frg 0
ARGLOG Carmack t  27.3 pos '2183.2 -506.7   8.0' spd 325.4 yaw 82 mode 2 st 0 gl 0 hp 64 frg 1
ARGLOG Joe Rogan t  27.5 pos '1448.6 -956.0  20.0' spd 285.9 yaw 297.9 mode 1 st 0 gl 0 hp 20 frg 0
ARGLOG Romero t  27.8 pos '1495.2 -1357.7  88.0' spd 335.3 yaw  91.1 mode 1 st 0 gl 1 hp 27 frg 0
ARGLOG Carmack t  27.8 pos '2285.4 -362.9   8.0' spd 375.7 yaw 99 mode 2 st 0 gl 0 hp 64 frg 1
ARGUS Carmack wallslide
ARGLOG Joe Rogan t  28.0 pos '1613.7 -942.7  20.0' spd 336.4 yaw 251.3 mode 1 st 0 gl 0 hp 20 frg 0
ARGEVT Romero weapon axe
ARGUS Joe Rogan threatmove range 1
ARGLOG Romero t  28.3 pos '1385.0 -1279.3 136.0' spd 363.0 yaw  48.4 mode 1 st 0 gl 1 hp 27 frg 0
ARGLOG Carmack t  28.3 pos '2240.1 -244.8  24.0' spd 324.2 yaw 55 mode 2 st 0 gl 0 hp 64 frg 1
ARGLOG Joe Rogan t  28.5 pos '1761.0 -1038.0  20.0' spd 337.2 yaw 209.5 mode 1 st 0 gl 0 hp 12 frg 0
ARGLOG Romero t  28.8 pos '1487.0 -1233.2  94.3' spd 214.5 yaw  16.1 mode 1 st 0 gl 1 hp 21 frg 0
ARGLOG Carmack t  28.8 pos '2249.2 -76.1  24.0' spd 390.5 yaw 9 mode 2 st 0 gl 0 hp 64 frg 1
ARGEVT Carmack jump
ARGLOG Joe Rogan t  29.0 pos '1812.3 -1196.6  20.0' spd 326.8 yaw 191.7 mode 1 st 0 gl 0 hp 12 frg 0
ARGLOG Romero t  29.3 pos '1620.6 -1234.9  20.0' spd 321.2 yaw 352.5 mode 1 st 0 gl 1 hp 20 frg 0
ARGLOG Carmack t  29.3 pos '2354.2   7.0  83.3' spd 158.9 yaw 314 mode 2 st 0 gl 0 hp 64 frg 1
ARGEVT Joe Rogan weapon axe
ARGLOG Joe Rogan t  29.5 pos '1761.9 -1262.3  20.0' spd 265.1 yaw 164.8 mode 1 st 0 gl 0 hp 12 frg 0
ARGUS Joe Rogan bodyblock
ARGUS Romero bodyblock
ARGUS Joe Rogan wallslide
ARGUS Romero wallslide
ARGLOG Romero t  29.8 pos '1722.9 -1271.5  20.0' spd 206.1 yaw  42.5 mode 1 st 0 gl 1 hp 10 frg 0
ARGLOG Carmack t  29.8 pos '2482.5  -1.0 120.0' spd 320.5 yaw 295 mode 2 st 0 gl 0 hp 64 frg 1
ARGLOG Joe Rogan t  30.0 pos '1695.9 -1241.9  20.0' spd 154.6 yaw 337.5 mode 1 st 0 gl 0 hp 12 frg 0
ARGLOG Romero t  30.3 pos '1733.7 -1198.6  20.0' spd 358.5 yaw 246.3 mode 1 st 0 gl 1 hp 10 frg 0
ARGLOG Carmack t  30.3 pos '2607.9 -119.2 120.0' spd 343.4 yaw 268 mode 2 st 0 gl 0 hp 64 frg 1
ARGLOG Joe Rogan t  30.5 pos '1724.2 -1175.5  20.0' spd 429.9 yaw 135.6 mode 1 st 0 gl 0 hp 12 frg 0
ARGUS routecache adopt
ARGEVT Carmack route 10 start '2593.0 -247.0 120.0' goal '2465.0 -1719.0  24.0'
ARGUS Joe Rogan wallslide
ARGLOG Romero t  30.8 pos '1675.5 -1185.5  20.0' spd  74.2 yaw  99.9 mode 1 st 0 gl 1 hp 10 frg 0
ARGLOG Carmack t  30.8 pos '2619.9 -281.6 120.0' spd 320.5 yaw 267 mode 2 st 0 gl 0 hp 64 frg 1
ARGLOG Joe Rogan t  31.0 pos '1684.9 -1173.6  20.0' spd  66.0 yaw   6.6 mode 1 st 0 gl 0 hp 12 frg 0
