LOG started on: 09/20/2026 06:23:59 
Playing registered version.
UDP Initialized
WIPX_OpenSocket: Address family not supported by protocol family
WIPX_Init: Unable to open control socket, IPX disabled
Exe: 20:02:47 Jul 31 2024
256.0 megabyte heap

Language initialization
Couldn't load 'localization/loc_english.txt'
from 'C:\argus\engine'

========= Quake Initialized =========

execing autoexec.cfg
SpawnServer: dm2
Clearing memory
Programs occupy 910K.
trying to open external vis file
maps/dm2.vis not found, trying argus.vis
external vis not found
ARGUS slots 8
ARGUS worldspawn reached
ARGNAV 215 nodes, 1005 links
0 entities inhibited
ARGUS init on dm2
ARGEVT Carmack spawned
ARGEVT Romero spawned
ARGEVT Joe Rogan spawned
Server spawned.
ARGLOG Joe Rogan t   1.2 pos '2624.0 -488.0  32.0' spd 0 yaw 177.6 mode 0 st 0 gl 0 hp 100 frg 0
ARGLOG Romero t   1.2 pos '2704.0 -2048.0 128.0' spd 0 yaw 317.5 mode 0 st 0 gl 0 hp 100 frg 0
ARGLOG Carmack t   1.2 pos '2560.0 -192.0  32.0' spd 0 yaw 209.6 mode 0 st 0 gl 0 hp 100 frg 0
ARGUS Carmack wallslide
ARGEVT Joe Rogan engage Carmack
ARGUS Joe Rogan threatmove range 2
ARGEVT Joe Rogan grab item_armorInv
ARGEVT Carmack engage Joe Rogan
ARGUS Carmack threatmove range 2
ARGLOG Joe Rogan t   1.7 pos '2473.8 -446.4   8.0' spd 316.3 yaw  99.3 mode 0 st 0 gl 0 hp 100 frg 0
ARGLOG Romero t   1.7 pos '2710.8 -2090.4 128.0' spd 321.9 yaw 157.1 mode 0 st 0 gl 0 hp 100 frg 0
ARGLOG Carmack t   1.7 pos '2438.8 -240.0  24.0' spd  19.8 yaw 240.4 mode 0 st 0 gl 0 hp 100 frg 0
ARGEVT Joe Rogan hazard
ARGUS Joe Rogan wallslide
ARGLOG Joe Rogan t   2.2 pos '2363.2 -528.0   8.0' spd  77.7 yaw  84.2 mode 0 st 0 gl 0 hp 100 frg 0
ARGLOG Romero t   2.2 pos '2741.2 -2123.8 120.0' spd 249.9 yaw 189.4 mode 0 st 0 gl 0 hp 100 frg 0
ARGLOG Carmack t   2.2 pos '2375.5 -240.0  24.0' spd 326.2 yaw 256.8 mode 0 st 0 gl 0 hp 100 frg 0
ARGEVT Carmack hazard
ARGUS Romero wallslide
ARGLOG Joe Rogan t   2.7 pos '2338.0 -528.0   8.0' spd  46.1 yaw  80.6 mode 0 st 0 gl 0 hp 100 frg 0
ARGLOG Romero t   2.7 pos '2688.0 -2173.2 120.0' spd 295.1 yaw 355.3 mode 0 st 0 gl 0 hp 100 frg 0
ARGLOG Carmack t   2.7 pos '2402.0 -238.4  24.0' spd 355.9 yaw 262.0 mode 0 st 0 gl 0 hp 92 frg 0
ARGUS Carmack wallslide
ARGEVT Joe Rogan hazard
ARGUS Joe Rogan wallslide
ARGLOG Joe Rogan t   3.2 pos '2333.9 -526.4   8.0' spd 241.0 yaw  79.6 mode 0 st 0 gl 0 hp 100 frg 0
ARGLOG Romero t   3.2 pos '2731.9 -2102.7 120.0' spd 324.5 yaw 124.9 mode 0 st 0 gl 0 hp 100 frg 0
ARGLOG Carmack t   3.2 pos '2343.9 -231.3  24.0' spd 326.6 yaw 260.0 mode 0 st 0 gl 0 hp 92 frg 0
ARGLOG Joe Rogan t   3.7 pos '2482.0 -453.0   8.0' spd 349.8 yaw 142.0 mode 0 st 0 gl 0 hp 100 frg 0
ARGLOG Romero t   3.7 pos '2703.3 -2005.5 128.0' spd 310.1 yaw 328.6 mode 0 st 0 gl 0 hp 100 frg 0
ARGLOG Carmack t   3.7 pos '2168.8 -281.2  24.0' spd 377.9 yaw 339.0 mode 0 st 0 gl 0 hp 92 frg 0
ARGUS Carmack wallslide
ARGEVT Romero hazard
ARGEVT Joe Rogan goal item_armorInv
ARGEVT Joe Rogan route 3 start '2529.0 -343.0  24.0' goal '2369.0 -567.0  56.0'
ARGLOG Joe Rogan t   4.2 pos '2500.0 -318.7   8.0' spd  87.8 yaw 194.6 mode 2 st 0 gl 0 hp 100 frg 0
ARGLOG Romero t   4.2 pos '2822.9 -2061.5 120.0' spd 117.4 yaw 192.3 mode 0 st 0 gl 0 hp 100 frg 0
ARGLOG Carmack t   4.2 pos '2142.6 -444.1   8.0' spd 331.3 yaw  24.8 mode 0 st 0 gl 0 hp 92 frg 0
ARGUS Romero wallslide
ARGEVT Romero goal weapon_supershotgun
ARGEVT Romero route 2 start '2785.0 -2039.0 120.0' goal '2721.0 -2327.0 120.0'
ARGEVT Carmack goal weapon_rocketlauncher
ARGEVT Carmack route 15 start '2177.0 -503.0   8.0' goal '2465.0 -1719.0  24.0'
ARGEVT Carmack grab item_health
ARGLOG Joe Rogan t   4.8 pos '2507.5 -474.0   8.0' spd 326.3 yaw 181.4 mode 2 st 0 gl 0 hp 100 frg 0
ARGLOG Romero t   4.8 pos '2678.1 -2154.8 120.0' spd 393.9 yaw 292 mode 1 st 0 gl 0 hp 100 frg 0
ARGLOG Carmack t   4.8 pos '2151.2 -472.4   8.0' spd 213.5 yaw 354.5 mode 2 st 0 gl 0 hp 68 frg 0
ARGEVT Carmack hazard
ARGEVT Romero goal item_armor2
ARGEVT Romero route 7 start '2657.0 -2295.0 120.0' goal '1313.0 -951.0  32.0'
ARGLOG Joe Rogan t   5.3 pos '2480.8 -414.9   8.0' spd 322.9 yaw 182.3 mode 2 st 0 gl 0 hp 100 frg 0
ARGLOG Romero t   5.3 pos '2723.3 -2325.2 120.0' spd 331.8 yaw 210 mode 2 st 0 gl 1 hp 100 frg 0
ARGLOG Carmack t   5.3 pos '2137.3 -460.5   8.0' spd   8.6 yaw  23.7 mode 2 st 0 gl 0 hp 44 frg 0
ARGEVT Romero hazard
ARGUS Romero wallslide
ARGUS Joe Rogan wallslide
ARGLOG Joe Rogan t   5.8 pos '2439.0 -323.7   8.0' spd 317.4 yaw 210.9 mode 2 st 0 gl 0 hp 82 frg 0
ARGLOG Romero t   5.8 pos '2672.0 -2325.5 120.0' spd  86.0 yaw 215 mode 2 st 0 gl 1 hp 100 frg 0
ARGLOG Carmack t   5.8 pos '2146.0 -468.3   8.0' spd  35.7 yaw  19.5 mode 2 st 0 gl 0 hp 36 frg 0
ARGUS Carmack threatmove retreat 2
ARGEVT Carmack retreat
ARGEVT Carmack weapon sg
ARGLOG Joe Rogan t   6.3 pos '2464.7 -486.3   8.0' spd 325.3 yaw 181.7 mode 2 st 0 gl 0 hp 82 frg 0
ARGLOG Romero t   6.3 pos '2542.7 -2281.5 120.0' spd 320.0 yaw 242 mode 2 st 0 gl 1 hp 100 frg 0
ARGLOG Carmack t   6.3 pos '2151.2 -486.8   8.0' spd  39.2 yaw 349.9 mode 2 st 0 gl 0 hp 16 frg 0
ARGEVT Joe Rogan hazard
ARGLOG Joe Rogan t   6.8 pos '2482.4 -408.4   8.0' spd 321.1 yaw 176.0 mode 2 st 0 gl 0 hp 40 frg 0
ARGLOG Romero t   6.8 pos '2393.6 -2369.5 120.0' spd 384.8 yaw 137 mode 2 st 0 gl 1 hp 100 frg 0
ARGLOG Carmack t   6.8 pos '2189.2 -343.8   8.0' spd 320.0 yaw 347.8 mode 2 st 0 gl 0 hp 16 frg 0
ARGUS routecache adopt
ARGEVT Romero route 5 start '2433.0 -2487.0 120.0' goal '1313.0 -951.0  32.0'
ARGEVT Romero hazard
ARGEVT Joe Rogan grab item_health
ARGLOG Joe Rogan t   7.3 pos '2470.0 -342.7   8.0' spd  64.5 yaw 154.6 mode 2 st 0 gl 0 hp 40 frg 0
ARGLOG Romero t   7.3 pos '2468.1 -2477.8 120.0' spd 335.9 yaw  49.9 mode 0 st 0 gl 1 hp 100 frg 0
ARGLOG Carmack t   7.3 pos '2237.5 -185.9  24.0' spd 320.0 yaw 335.8 mode 2 st 0 gl 0 hp 16 frg 0
ARGUS routecache adopt
ARGEVT Romero route 5 start '2433.0 -2487.0 120.0' goal '1313.0 -951.0  32.0'
ARGEVT Joe Rogan pursue
ARGEVT Carmack pursue
ARGEVT Joe Rogan hazard
ARGUS Joe Rogan wallslide
ARGEVT Romero route 6 start '2433.0 -2359.0 120.0' goal '1313.0 -951.0  32.0'
ARGLOG Joe Rogan t   7.8 pos '2379.5 -304.0   8.0' spd  47.6 yaw 141.9 mode 2 st 0 gl 0 hp 40 frg 0
ARGLOG Romero t   7.8 pos '2400.4 -2320.8 120.0' spd 383.6 yaw 138 mode 2 st 0 gl 1 hp 100 frg 0
ARGLOG Carmack t   7.8 pos '2316.5 -189.2  24.0' spd 120.1 yaw 308.0 mode 2 st 0 gl 0 hp 16 frg 0
ARGLOG Joe Rogan t   8.4 pos '2458.5 -320.7   8.0' spd 222.8 yaw 149.4 mode 2 st 0 gl 0 hp 40 frg 0
ARGLOG Romero t   8.4 pos '2405.0 -2386.0 120.0' spd 320.3 yaw 136 mode 2 st 0 gl 1 hp 100 frg 0
ARGLOG Carmack t   8.4 pos '2176.0 -150.5  24.0' spd 320.3 yaw 330.3 mode 2 st 0 gl 0 hp 16 frg 0
ARGEVT Joe Rogan pursue
ARGUS Joe Rogan hunch item_health
ARGEVT Joe Rogan pursue
ARGUS routecache adopt
ARGEVT Romero route 4 start '1313.0 -1367.0 144.0' goal '1313.0 -951.0  32.0'
ARGEVT Carmack pursue
ARGEVT Joe Rogan goal item_armorInv
ARGEVT Joe Rogan route 3 start '2401.0 -343.0   8.0' goal '2369.0 -567.0  56.0'
ARGLOG Joe Rogan t   8.9 pos '2406.3 -335.1   8.0' spd 320.0 yaw 255.6 mode 2 st 0 gl 0 hp 40 frg 0
ARGLOG Romero t   8.9 pos '1354.0 -1376.0 146.3' spd 300 yaw 99 mode 2 st 0 gl 1 hp 100 frg 0
ARGLOG Carmack t   8.9 pos '2039.2 -92.1  24.0' spd  21.5 yaw 331 mode 2 st 0 gl 0 hp 16 frg 0
ARGLOG Joe Rogan t   9.4 pos '2314.8 -477.4   8.0' spd 339.5 yaw 114.1 mode 2 st 0 gl 0 hp 40 frg 0
ARGLOG Romero t   9.4 pos '1363.6 -1376.0 144.0' spd 300 yaw 102 mode 2 st 0 gl 1 hp 100 frg 0
ARGLOG Carmack t   9.4 pos '2134.5 -38.6  24.0' spd 328.0 yaw 298.9 mode 2 st 0 gl 0 hp 16 frg 0
ARGEVT Joe Rogan route 4 start '2177.0 -503.0   8.0' goal '2369.0 -567.0  56.0'
ARGLOG Joe Rogan t   9.9 pos '2186.4 -451.7   8.0' spd 344.9 yaw  86.1 mode 2 st 0 gl 0 hp 36 frg 0
ARGLOG Romero t   9.9 pos '1362.9 -1252.8 136.0' spd 322.3 yaw 106 mode 2 st 0 gl 1 hp 100 frg 0
ARGLOG Carmack t   9.9 pos '2169.9 118.4  24.0' spd 320.1 yaw 272.5 mode 2 st 0 gl 0 hp 16 frg 0
ARGEVT Romero jump
ARGLOG Joe Rogan t  10.4 pos '2162.6 -290.8  24.0' spd 321.4 yaw  95.2 mode 0 st 0 gl 0 hp 28 frg 0
ARGLOG Romero t  10.4 pos '1306.4 -1196.2 195.1' spd 124.2 yaw 96 mode 2 st 0 gl 1 hp 100 frg 0
ARGLOG Carmack t  10.4 pos '2204.9 252.8  24.0' spd  62.0 yaw 266.6 mode 0 st 0 gl 0 hp 16 frg 0
ARGEVT Joe Rogan route 4 start '2209.0 -279.0  24.0' goal '2369.0 -567.0  56.0'
ARGEVT Carmack route 15 start '2145.0 201.0  24.0' goal '2465.0 -1719.0  24.0'
ARGUS Carmack wallslide
ARGLOG Joe Rogan t  10.9 pos '2270.8 -197.8  24.0' spd 320.1 yaw 103.5 mode 2 st 0 gl 0 hp 28 frg 0
ARGLOG Romero t  10.9 pos '1274.8 -1095.9 200.0' spd 320.9 yaw 75 mode 2 st 0 gl 1 hp 100 frg 0
ARGLOG Carmack t  10.9 pos '2130.6 217.4  24.0' spd 262.9 yaw 284.3 mode 2 st 0 gl 0 hp 16 frg 0
ARGEVT Joe Rogan pursue
ARGEVT Carmack hazard
ARGLOG Joe Rogan t  11.4 pos '2280.4 -150.6  24.0' spd 369.4 yaw 110 mode 2 st 0 gl 0 hp 28 frg 0
ARGLOG Romero t  11.4 pos '1296.8 -922.9 174.3' spd 338.2 yaw 351.2 mode 1 st 0 gl 1 hp 100 frg 0
ARGLOG Carmack t  11.4 pos '2256.0 233.0  24.0' spd   0.7 yaw 332.3 mode 2 st 0 gl 0 hp 16 frg 0
ARGEVT Joe Rogan grab item_health
ARGLOG Joe Rogan t  11.9 pos '2186.9  -7.1  24.0' spd 326.2 yaw  96.7 mode 0 st 0 gl 0 hp 28 frg 0
ARGLOG Romero t  11.9 pos '1349.4 -896.6  32.0' spd 305.6 yaw 237 mode 1 st 0 gl 1 hp 100 frg 0
ARGLOG Carmack t  11.9 pos '2199.9 176.0  24.0' spd 301.2 yaw 235.5 mode 2 st 0 gl 0 hp 16 frg 0
ARGEVT Joe Rogan route 6 start '2177.0 -23.0  24.0' goal '2369.0 -567.0  56.0'
ARGUS Joe Rogan wallslide
ARGEVT Romero hazard
ARGEVT Romero door
ARGLOG Joe Rogan t  12.4 pos '2086.3   7.8  24.0' spd 244.6 yaw  74.0 mode 2 st 0 gl 0 hp 28 frg 0
ARGLOG Romero t  12.4 pos '1696.0 -918.8  32.2' spd 300 yaw 324.3 mode 1 st 0 gl 1 hp 100 frg 0
ARGLOG Carmack t  12.4 pos '2159.0 152.6  24.0' spd 322.6 yaw 254.9 mode 2 st 0 gl 0 hp 16 frg 0
ARGEVT Carmack hazard
ARGEVT Carmack retreat
ARGLOG Joe Rogan t  12.9 pos '2031.0 -64.5  24.0' spd 338.8 yaw  63.4 mode 2 st 0 gl 0 hp 53 frg 0
ARGLOG Romero t  12.9 pos '1696.0 -955.7  20.0' spd 300 yaw 61 mode 1 st 0 gl 1 hp 100 frg 0
ARGLOG Carmack t  12.9 pos '2140.0 225.2  24.0' spd 336.5 yaw 243.8 mode 2 st 0 gl 0 hp 16 frg 0
ARGEVT Carmack pursue
ARGEVT Joe Rogan pursue
ARGEVT Carmack route 15 start '2145.0 201.0  24.0' goal '2465.0 -1719.0  24.0'
ARGLOG Joe Rogan t  13.4 pos '2193.0 -97.4  24.0' spd 325.7 yaw  72.4 mode 2 st 0 gl 0 hp 41 frg 0
ARGLOG Romero t  13.4 pos '1754.3 -896.8  20.0' spd 322.8 yaw 69 mode 1 st 0 gl 1 hp 100 frg 0
ARGLOG Carmack t  13.4 pos '2246.1 322.9  24.0' spd 219.4 yaw 261.9 mode 2 st 0 gl 0 hp 16 frg 0
ARGEVT Romero hazard
ARGEVT Joe Rogan pursue
ARGEVT Carmack pursue
ARGLOG Joe Rogan t  14.0 pos '2243.0 -53.5  24.0' spd 328.1 yaw 92 mode 2 st 0 gl 0 hp 41 frg 0
ARGLOG Romero t  14.0 pos '1694.8 -766.3  20.0' spd 421.6 yaw  48.9 mode 1 st 0 gl 1 hp 100 frg 0
ARGLOG Carmack t  14.0 pos '2304.0 279.2  24.0' spd 330.3 yaw 251 mode 2 st 0 gl 0 hp 16 frg 0
ARGUS Carmack hunch item_artifact_super_damage
ARGEVT Joe Rogan hazard
ARGEVT Carmack goal item_health
ARGUS Joe Rogan wallslide
ARGEVT Carmack pursue
ARGEVT Joe Rogan pursue
ARGLOG Joe Rogan t  14.5 pos '2130.8  42.6  24.0' spd 390.4 yaw 104.7 mode 2 st 0 gl 0 hp 41 frg 0
ARGLOG Romero t  14.5 pos '1743.3 -709.2  20.0' spd 363.3 yaw 327.2 mode 1 st 0 gl 1 hp 100 frg 0
ARGLOG Carmack t  14.5 pos '2413.8 300.1 -24.0' spd 369.0 yaw 335.3 mode 1 st 0 gl 0 hp 16 frg 0
ARGEVT Romero hazard
ARGEVT Joe Rogan route 6 start '2145.0 105.0  24.0' goal '2369.0 -567.0  56.0'
ARGLOG Joe Rogan t  15.0 pos '2168.4 125.2  24.0' spd 336.3 yaw  12.1 mode 2 st 0 gl 0 hp 41 frg 0
ARGLOG Romero t  15.0 pos '1775.5 -725.4  24.0' spd  52.0 yaw  29.0 mode 1 st 0 gl 1 hp 100 frg 0
ARGLOG Carmack t  15.0 pos '2589.0 221.9 -72.0' spd 351.2 yaw 197.7 mode 1 st 0 gl 0 hp 41 frg 0
ARGEVT Carmack hazard
ARGUS Carmack wallslide
ARGUS Romero wallslide
ARGLOG Joe Rogan t  15.5 pos '2212.3 -38.9  24.0' spd 337.9 yaw  33.7 mode 2 st 0 gl 0 hp 41 frg 0
ARGLOG Romero t  15.5 pos '1741.4 -752.5  20.0' spd 197.3 yaw 224.6 mode 1 st 0 gl 1 hp 100 frg 0
ARGLOG Carmack t  15.5 pos '2600.1 279.6 -72.0' spd 255.0 yaw 216.8 mode 1 st 0 gl 0 hp 41 frg 0
ARGEVT Carmack pursue
ARGEVT Joe Rogan pursue
ARGEVT Romero hazard
ARGLOG Joe Rogan t  16.0 pos '2363.6 -52.0  72.0' spd 330.2 yaw 42 mode 2 st 0 gl 0 hp 41 frg 0
ARGLOG Romero t  16.0 pos '1642.4 -866.4  20.0' spd 372.5 yaw 199.4 mode 1 st 0 gl 1 hp 100 frg 0
ARGLOG Carmack t  16.0 pos '2563.3 182.7 -72.0' spd 377.1 yaw 272.0 mode 1 st 0 gl 0 hp 41 frg 0
ARGEVT Carmack pursue
ARGUS Joe Rogan hunch item_armor2
ARGEVT Joe Rogan hazard
ARGEVT Joe Rogan goal item_armor2
ARGEVT Joe Rogan route 2 start '2465.0   9.0 120.0' goal '2817.0 -55.0 -72.0'
ARGEVT Carmack hazard
ARGLOG Joe Rogan t  16.5 pos '2466.5  14.6 120.0' spd  46.2 yaw 130.1 mode 2 st 0 gl 0 hp 41 frg 0
ARGLOG Romero t  16.5 pos '1492.9 -959.4  20.0' spd 320.0 yaw 197.8 mode 1 st 0 gl 1 hp 100 frg 0
ARGLOG Carmack t  16.5 pos '2657.3  78.0 -72.0' spd 321.0 yaw 271.1 mode 1 st 0 gl 0 hp 41 frg 0
ARGUS Joe Rogan wallslide
ARGEVT Joe Rogan pursue
ARGLOG Joe Rogan t  17.0 pos '2575.4  16.0 120.0' spd 420.8 yaw  53.9 mode 2 st 0 gl 0 hp 41 frg 0
ARGLOG Romero t  17.0 pos '1448.0 -1093.8  20.0' spd 409.6 yaw 351.0 mode 1 st 0 gl 1 hp 100 frg 0
ARGLOG Carmack t  17.0 pos '2578.1 -75.0 -64.0' spd 397.0 yaw 163.1 mode 1 st 0 gl 0 hp 41 frg 0
ARGUS Carmack wallslide
ARGLOG Joe Rogan t  17.5 pos '2633.3  16.0 120.0' spd   6.2 yaw 83 mode 2 st 0 gl 0 hp 41 frg 0
ARGLOG Romero t  17.5 pos '1608.0 -1024.5  20.0' spd 485.8 yaw 151.3 mode 1 st 0 gl 1 hp 100 frg 0
ARGLOG Carmack t  17.5 pos '2415.3 -48.7 -72.0' spd 321.4 yaw 155 mode 1 st 0 gl 0 hp 41 frg 0
ARGEVT Carmack hazard
ARGEVT Joe Rogan stall
ARGEVT Joe Rogan stallnode '2625.0  73.0 -72.0'
ARGEVT Joe Rogan jump
ARGLOG Joe Rogan t  18.1 pos '2631.4  16.0 141.3' spd  12.0 yaw  66.2 mode 0 st 1 gl 0 hp 41 frg 0
ARGLOG Romero t  18.1 pos '1457.5 -903.4  20.0' spd 326.9 yaw 144.2 mode 1 st 0 gl 1 hp 100 frg 0
ARGLOG Carmack t  18.1 pos '2270.1  13.3 -136.0' spd  96.9 yaw  33.7 mode 1 st 0 gl 0 hp 41 frg 0
ARGUS Romero wallslide
ARGEVT Joe Rogan route 2 start '2561.0 -23.0 120.0' goal '2817.0 -55.0 -72.0'
ARGEVT Romero hazard
ARGLOG Joe Rogan t  18.6 pos '2631.7  16.0 132.3' spd  44.6 yaw 170.9 mode 2 st 1 gl 0 hp 41 frg 0
ARGLOG Romero t  18.6 pos '1549.2 -848.2  20.0' spd 238.5 yaw 121.9 mode 1 st 0 gl 1 hp 100 frg 0
ARGLOG Carmack t  18.6 pos '2395.8 -59.0 -72.0' spd 348.5 yaw 278.2 mode 1 st 0 gl 0 hp 41 frg 0
ARGEVT Joe Rogan stall
ARGEVT Joe Rogan stallnode '2561.0 -23.0 120.0'
ARGEVT Joe Rogan jump
ARGUS Carmack wallslide
ARGEVT Joe Rogan goal item_health
ARGLOG Joe Rogan t  19.1 pos '2638.1  11.7 161.2' spd  47.9 yaw 319.0 mode 1 st 2 gl 0 hp 41 frg 0
ARGLOG Romero t  19.1 pos '1447.1 -877.7  20.0' spd 381.1 yaw 253.5 mode 1 st 0 gl 1 hp 100 frg 0
ARGLOG Carmack t  19.1 pos '2561.9 -59.6 -64.0' spd 407.2 yaw  78.8 mode 1 st 0 gl 0 hp 41 frg 0
ARGUS Carmack bodyblock
ARGLOG Joe Rogan t  19.6 pos '2641.0   7.3 136.2' spd 0 yaw 242 mode 1 st 2 gl 0 hp 41 frg 0
ARGLOG Romero t  19.6 pos '1464.0 -1006.9  20.0' spd 369.6 yaw 235.3 mode 1 st 0 gl 1 hp 100 frg 0
ARGLOG Carmack t  19.6 pos '2648.5 -43.8 -72.0' spd 153.6 yaw 169.0 mode 1 st 0 gl 0 hp 41 frg 0
ARGEVT Romero hazard
ARGEVT Carmack hazard
ARGUS Carmack wallslide
ARGUS Romero wallslide
ARGEVT Joe Rogan stall
ARGLOG Joe Rogan t  20.1 pos '2641.0   7.3 136.2' spd 0 yaw 463.1 mode 0 st 3 gl 0 hp 41 frg 0
ARGLOG Romero t  20.1 pos '1424.3 -1112.2  20.0' spd 235.7 yaw 101.1 mode 1 st 0 gl 1 hp 100 frg 0
ARGLOG Carmack t  20.1 pos '2494.3  16.0 -64.0' spd 288.6 yaw 103.0 mode 1 st 0 gl 0 hp 41 frg 0
ARGEVT Joe Rogan route 1 start '2561.0 -23.0 120.0' goal '2593.0 -119.0 120.0'
ARGLOG Joe Rogan t  20.6 pos '2641.0   7.3 136.2' spd 0 yaw 250.0 mode 2 st 3 gl 0 hp 41 frg 0
ARGLOG Romero t  20.6 pos '1458.8 -953.9  20.0' spd 327.9 yaw 88 mode 1 st 0 gl 1 hp 100 frg 0
ARGLOG Carmack t  20.6 pos '2492.5  16.0 -72.0' spd 250.5 yaw 66 mode 1 st 0 gl 0 hp 41 frg 0
ARGEVT Joe Rogan stall
ARGEVT Joe Rogan stallnode '2593.0 -119.0 120.0'
ARGEVT Romero hazard
ARGEVT Joe Rogan goal item_health
ARGLOG Joe Rogan t  21.1 pos '2641.0   7.3 136.2' spd 0 yaw  36.5 mode 1 st 4 gl 0 hp 41 frg 0
ARGLOG Romero t  21.1 pos '1466.6 -873.0  20.0' spd 324.2 yaw 183.3 mode 1 st 0 gl 1 hp 100 frg 0
ARGLOG Carmack t  21.1 pos '2507.1  16.0 -64.0' spd  38.6 yaw 69 mode 1 st 0 gl 0 hp 41 frg 0
ARGEVT Carmack hazard
ARGUS Romero wallslide
ARGEVT Joe Rogan stall
ARGEVT Carmack stall
ARGEVT Carmack jump
ARGEVT Joe Rogan route 1 start '2561.0 -23.0 120.0' goal '2593.0 -247.0 120.0'
ARGLOG Joe Rogan t  21.6 pos '2641.0   7.3 136.2' spd 0 yaw 250.8 mode 2 st 5 gl 0 hp 41 frg 0
ARGLOG Romero t  21.6 pos '1427.8 -928.4  20.0' spd 331.8 yaw 291 mode 1 st 0 gl 1 hp 100 frg 0
ARGLOG Carmack t  21.6 pos '2511.4  16.0 -40.0' spd   3.2 yaw  73.8 mode 0 st 1 gl 0 hp 41 frg 0
ARGEVT Carmack route 2 start '2497.0 -23.0 -64.0' goal '2561.0 233.0 -72.0'
ARGLOG Joe Rogan t  22.1 pos '2641.0   7.3 136.2' spd 0 yaw 260 mode 2 st 5 gl 0 hp 41 frg 0
ARGLOG Romero t  22.1 pos '1437.7 -1100.3  20.0' spd 394.1 yaw 330.8 mode 1 st 0 gl 1 hp 100 frg 0
ARGLOG Carmack t  22.1 pos '2525.2  16.0 -53.7' spd  45.7 yaw 80 mode 2 st 1 gl 0 hp 41 frg 0
ARGUS Carmack wallslide
ARGEVT Joe Rogan stall
ARGEVT Joe Rogan stallnode '2593.0 -247.0 120.0'
ARGEVT Joe Rogan goal item_armorInv
ARGEVT Joe Rogan route 5 start '2561.0 -23.0 120.0' goal '2369.0 -567.0  56.0'
ARGUS Carmack bodyblock
ARGLOG Joe Rogan t  22.6 pos '2641.0   7.3 136.2' spd 0 yaw 263 mode 2 st 6 gl 0 hp 41 frg 0
ARGLOG Romero t  22.6 pos '1611.9 -1080.2  20.0' spd 486.4 yaw 134.9 mode 1 st 0 gl 1 hp 100 frg 0
ARGLOG Carmack t  22.6 pos '2604.5  -5.2 -72.0' spd 337.0 yaw 295.1 mode 2 st 1 gl 0 hp 41 frg 0
ARGEVT Carmack hazard
ARGEVT Joe Rogan stall
ARGEVT Joe Rogan stallnode '2593.0 -119.0 120.0'
ARGUS routecache adopt
ARGEVT Joe Rogan route 5 start '2561.0 -23.0 120.0' goal '2369.0 -567.0  56.0'
ARGLOG Joe Rogan t  23.2 pos '2641.0   7.3 136.2' spd 0 yaw 263 mode 2 st 7 gl 0 hp 41 frg 0
ARGLOG Romero t  23.2 pos '1489.6 -930.9  20.0' spd 321.0 yaw 160.0 mode 1 st 0 gl 1 hp 100 frg 0
ARGLOG Carmack t  23.2 pos '2687.9  -9.3 -72.0' spd 309.3 yaw 104.2 mode 2 st 1 gl 0 hp 41 frg 0
ARGUS Carmack wallslide
ARGEVT Romero hazard
ARGUS Romero wallslide
ARGLOG Joe Rogan t  23.7 pos '2627.3 -16.3 120.0' spd 271.1 yaw 248 mode 2 st 7 gl 0 hp 41 frg 0
ARGLOG Romero t  23.7 pos '1447.1 -862.8  20.0' spd 328.0 yaw  12.9 mode 1 st 0 gl 1 hp 100 frg 0
ARGLOG Carmack t  23.7 pos '2613.4  71.7 -72.0' spd 326.0 yaw 121.8 mode 1 st 1 gl 0 hp 41 frg 0
ARGUS routecache adopt
ARGEVT Joe Rogan route 4 start '2593.0 -119.0 120.0' goal '2369.0 -567.0  56.0'
ARGEVT Carmack hazard
ARGLOG Joe Rogan t  24.2 pos '2588.3 -176.1 120.0' spd 322.9 yaw 242 mode 2 st 7 gl 0 hp 81 frg 0
ARGLOG Romero t  24.2 pos '1571.0 -982.3  20.0' spd 462.0 yaw 209.4 mode 1 st 0 gl 1 hp 100 frg 0
ARGLOG Carmack t  24.2 pos '2623.8 245.2 -72.0' spd 381.7 yaw 349.7 mode 1 st 1 gl 0 hp 41 frg 0
ARGEVT Romero hazard
ARGLOG Joe Rogan t  24.7 pos '2589.2 -340.9 120.0' spd 321.9 yaw 261 mode 2 st 7 gl 0 hp 81 frg 0
ARGLOG Romero t  24.7 pos '1430.2 -1088.0  20.0' spd  31.0 yaw 116 mode 1 st 0 gl 1 hp 100 frg 0
ARGLOG Carmack t  24.7 pos '2612.3 142.1 -72.0' spd 434.5 yaw 186.5 mode 1 st 1 gl 0 hp 41 frg 0
ARGUS Romero wallslide
ARGUS Carmack wallslide
ARGEVT Carmack hazard
ARGLOG Joe Rogan t  25.2 pos '2545.0 -457.0 168.1' spd  35.6 yaw 147 mode 2 st 7 gl 0 hp 81 frg 0
ARGLOG Romero t  25.2 pos '1456.4 -942.1  20.0' spd 335.7 yaw 96 mode 1 st 0 gl 1 hp 100 frg 0
ARGLOG Carmack t  25.2 pos '2575.9 275.7 -72.0' spd 401.4 yaw  22.0 mode 1 st 1 gl 0 hp 41 frg 0
ARGEVT Romero abandon
ARGEVT Romero goal item_armorInv
ARGEVT Romero route 12 start '1281.0 -983.0  32.0' goal '2369.0 -567.0  56.0'
ARGEVT Romero hazard
ARGLOG Joe Rogan t  25.7 pos '2545.2 -392.3 167.4' spd 100.9 yaw 279 mode 2 st 7 gl 0 hp 81 frg 0
ARGLOG Romero t  25.7 pos '1424.0 -868.4  20.0' spd  12.3 yaw 20 mode 2 st 0 gl 1 hp 100 frg 0
ARGLOG Carmack t  25.7 pos '2595.0 229.7 -72.0' spd 320.5 yaw 280.4 mode 1 st 1 gl 0 hp 41 frg 0
ARGEVT Carmack hazard
ARGLOG Joe Rogan t  26.2 pos '2547.3 -407.7 162.0' spd 106.6 yaw 279 mode 2 st 7 gl 0 hp 81 frg 0
ARGLOG Romero t  26.2 pos '1424.0 -876.8  20.0' spd  83.9 yaw 22 mode 2 st 0 gl 1 hp 100 frg 0
ARGLOG Carmack t  26.2 pos '2670.7  91.2 -72.0' spd  23.8 yaw  84.3 mode 1 st 1 gl 0 hp 41 frg 0
ARGLOG Joe Rogan t  26.7 pos '2548.5 -416.4 158.8' spd  73.6 yaw 279 mode 2 st 7 gl 0 hp 81 frg 0
ARGLOG Romero t  26.7 pos '1424.0 -886.5  20.0' spd 0 yaw 23 mode 2 st 0 gl 1 hp 100 frg 0
ARGLOG Carmack t  26.7 pos '2641.0 238.8 -72.0' spd 365.7 yaw 145.4 mode 1 st 1 gl 0 hp 41 frg 0
ARGUS Romero wallslide
ARGEVT Romero hazard
ARGEVT Carmack hazard
ARGLOG Joe Rogan t  27.3 pos '2550.1 -392.6 154.5' spd  32.2 yaw 276 mode 2 st 7 gl 0 hp 81 frg 0
ARGLOG Romero t  27.3 pos '1424.0 -906.5  20.0' spd  11.5 yaw 25 mode 2 st 0 gl 1 hp 100 frg 0
ARGLOG Carmack t  27.3 pos '2464.5 255.5 -56.0' spd 379.0 yaw 268.2 mode 1 st 1 gl 0 hp 41 frg 0
ARGLOG Joe Rogan t  27.8 pos '2552.4 -421.3 148.5' spd  13.3 yaw 277 mode 2 st 7 gl 0 hp 81 frg 0
ARGLOG Romero t  27.8 pos '1424.0 -916.6  20.0' spd 0 yaw 27 mode 2 st 0 gl 1 hp 100 frg 0
ARGLOG Carmack t  27.8 pos '2495.0 248.6 -72.0' spd 371.8 yaw  52.1 mode 1 st 1 gl 0 hp 41 frg 0
ARGUS Romero wallslide
ARGEVT Romero hazard
ARGLOG Joe Rogan t  28.3 pos '2554.5 -397.4 142.7' spd  47.7 yaw 274 mode 2 st 7 gl 0 hp 81 frg 0
ARGLOG Romero t  28.3 pos '1424.0 -943.0  20.0' spd  14.1 yaw 30 mode 2 st 0 gl 1 hp 100 frg 0
ARGLOG Carmack t  28.3 pos '2558.0 301.1 -72.0' spd 337.7 yaw 187.8 mode 1 st 1 gl 0 hp 41 frg 0
ARGEVT Carmack hazard
ARGUS Carmack wallslide
ARGLOG Joe Rogan t  28.8 pos '2556.2 -409.4 138.2' spd  63.5 yaw 273 mode 2 st 7 gl 0 hp 81 frg 0
ARGLOG Romero t  28.8 pos '1424.0 -969.3  20.0' spd  94.8 yaw 33 mode 2 st 0 gl 1 hp 100 frg 0
ARGLOG Carmack t  28.8 pos '2520.2 239.8 -72.0' spd 325.3 yaw 352.0 mode 1 st 1 gl 0 hp 41 frg 0
ARGEVT Joe Rogan hazard
ARGLOG Joe Rogan t  29.3 pos '2547.0 -421.2 162.8' spd 141.8 yaw 280 mode 2 st 7 gl 0 hp 81 frg 0
ARGLOG Romero t  29.3 pos '1424.0 -977.4  20.0' spd   2.8 yaw 34 mode 2 st 0 gl 1 hp 100 frg 0
ARGLOG Carmack t  29.3 pos '2634.5 244.3 -72.0' spd 217.1 yaw 157.4 mode 1 st 1 gl 0 hp 41 frg 0
ARGEVT Carmack hazard
ARGLOG Joe Rogan t  29.8 pos '2549.6 -409.5 155.8' spd 145.5 yaw 277 mode 2 st 7 gl 0 hp 81 frg 0
ARGLOG Romero t  29.8 pos '1424.0 -978.5  20.0' spd   1.7 yaw 34 mode 2 st 0 gl 1 hp 100 frg 0
ARGLOG Carmack t  29.8 pos '2482.6 326.3 -72.0' spd 331.3 yaw  72.6 mode 1 st 1 gl 0 hp 41 frg 0
ARGEVT Romero stall
ARGEVT Romero stallnode '1281.0 -983.0  32.0'
ARGEVT Romero jump
ARGEVT Romero route 13 start '1313.0 -951.0  32.0' goal '2369.0 -567.0  56.0'
ARGLOG Joe Rogan t  30.3 pos '2551.8 -390.5 150.1' spd  75.4 yaw 275 mode 2 st 7 gl 0 hp 81 frg 0
ARGLOG Romero t  30.3 pos '1424.0 -969.5  62.6' spd  55.5 yaw 186 mode 2 st 1 gl 1 hp 100 frg 0
ARGLOG Carmack t  30.3 pos '2541.6 306.1 -72.0' spd 412.9 yaw 272.3 mode 1 st 1 gl 0 hp 41 frg 0
ARGUS Romero wallslide
ARGEVT Romero hazard
ARGLOG Joe Rogan t  30.8 pos '2554.2 -427.2 143.6' spd   7.8 yaw 276 mode 2 st 7 gl 0 hp 81 frg 0
ARGLOG Romero t  30.8 pos '1424.0 -966.3  20.0' spd  83.4 yaw 32 mode 2 st 1 gl 1 hp 100 frg 0
ARGLOG Carmack t  30.8 pos '2615.0 135.4 -72.0' spd 410.7 yaw   2.2 mode 1 st 1 gl 0 hp 41 frg 0
ARGEVT Carmack hazard
