LOG started on: 09/20/2026 06:27:35 
Playing registered version.
UDP Initialized
WIPX_OpenSocket: Address family not supported by protocol family
WIPX_Init: Unable to open control socket, IPX disabled
Exe: 20:02:47 Jul 31 2024
256.0 megabyte heap

Language initialization
Couldn't load 'localization/loc_english.txt'
from 'C:\argus\engine'

========= Quake Initialized =========

execing autoexec.cfg
SpawnServer: dm2
Clearing memory
Programs occupy 914K.
trying to open external vis file
maps/dm2.vis not found, trying argus.vis
external vis not found
ARGUS slots 8
ARGUS worldspawn reached
ARGNAV 215 nodes, 1005 links
0 entities inhibited
ARGUS init on dm2
ARGEVT Carmack spawned
ARGEVT Romero spawned
ARGEVT Joe Rogan spawned
Server spawned.
ARGLOG Joe Rogan t   1.2 pos '2624.0 -488.0  32.0' spd 0 yaw 177.6 mode 0 st 0 gl 0 hp 100 frg 0
ARGLOG Romero t   1.2 pos '2704.0 -2048.0 128.0' spd 0 yaw 317.5 mode 0 st 0 gl 0 hp 100 frg 0
ARGLOG Carmack t   1.2 pos '2560.0 -192.0  32.0' spd 0 yaw 209.6 mode 0 st 0 gl 0 hp 100 frg 0
ARGUS Carmack wallslide
ARGEVT Joe Rogan engage Carmack
ARGUS Joe Rogan threatmove range 2
ARGEVT Joe Rogan grab item_armorInv
ARGEVT Carmack engage Joe Rogan
ARGUS Carmack threatmove range 2
ARGLOG Joe Rogan t   1.7 pos '2476.0 -443.4   8.0' spd 309.7 yaw  98.7 mode 0 st 0 gl 0 hp 100 frg 0
ARGLOG Romero t   1.7 pos '2713.9 -2091.7 128.0' spd 322.0 yaw 157.1 mode 0 st 0 gl 0 hp 100 frg 0
ARGLOG Carmack t   1.7 pos '2423.4 -240.0  24.0' spd 360.0 yaw 216.8 mode 0 st 0 gl 0 hp 100 frg 0
ARGEVT Joe Rogan hazard
ARGUS Joe Rogan wallslide
ARGLOG Joe Rogan t   2.2 pos '2423.7 -527.9   8.0' spd  84.5 yaw  85.7 mode 0 st 0 gl 0 hp 100 frg 0
ARGLOG Romero t   2.2 pos '2760.4 -2054.8 120.0' spd 345.1 yaw 116.2 mode 0 st 0 gl 0 hp 100 frg 0
ARGLOG Carmack t   2.2 pos '2405.1 -240.0  24.0' spd 334.3 yaw 270.4 mode 0 st 0 gl 0 hp 100 frg 0
ARGLOG Joe Rogan t   2.7 pos '2448.6 -527.9   8.0' spd  45.1 yaw  90.0 mode 0 st 0 gl 0 hp 100 frg 0
ARGLOG Romero t   2.7 pos '2740.8 -2042.8 128.0' spd 320.5 yaw 272.9 mode 0 st 0 gl 0 hp 100 frg 0
ARGLOG Carmack t   2.7 pos '2454.2 -237.7  24.0' spd 339.7 yaw 278.7 mode 0 st 0 gl 0 hp 92 frg 0
ARGUS Carmack wallslide
ARGEVT Joe Rogan hazard
ARGUS Joe Rogan wallslide
ARGEVT Joe Rogan pursue
ARGEVT Carmack pursue
ARGLOG Joe Rogan t   3.2 pos '2462.8 -523.8   8.0' spd 153.9 yaw  92.2 mode 0 st 0 gl 0 hp 100 frg 0
ARGLOG Romero t   3.2 pos '2747.0 -2204.0 120.0' spd 320.0 yaw 272.9 mode 0 st 0 gl 0 hp 100 frg 0
ARGLOG Carmack t   3.2 pos '2440.4 -240.0  24.0' spd 334.7 yaw 266.7 mode 0 st 0 gl 0 hp 92 frg 0
ARGLOG Joe Rogan t   3.7 pos '2308.1 -487.8   8.0' spd 321.7 yaw  93.8 mode 0 st 0 gl 0 hp 100 frg 0
ARGLOG Romero t   3.7 pos '2747.4 -2330.3 120.0' spd 162.7 yaw 106.8 mode 0 st 0 gl 0 hp 100 frg 0
ARGLOG Carmack t   3.7 pos '2322.4 -240.0  24.0' spd 214.1 yaw 253.6 mode 0 st 0 gl 0 hp 80 frg 0
ARGEVT Joe Rogan goal item_armorInv
ARGEVT Joe Rogan route 3 start '2241.0 -471.0   8.0' goal '2369.0 -567.0  56.0'
ARGEVT Carmack grab item_health
ARGLOG Joe Rogan t   4.2 pos '2164.2 -403.8   8.0' spd 324.0 yaw  49.6 mode 2 st 0 gl 0 hp 100 frg 0
ARGLOG Romero t   4.2 pos '2694.9 -2180.1 120.0' spd 320.0 yaw 106.8 mode 0 st 0 gl 0 hp 100 frg 0
ARGLOG Carmack t   4.2 pos '2340.4 -193.9  24.0' spd 257.4 yaw 212.1 mode 0 st 0 gl 0 hp 80 frg 0
ARGEVT Romero goal item_armor2
ARGEVT Romero route 8 start '2721.0 -2199.0 120.0' goal '1313.0 -951.0  32.0'
ARGEVT Joe Rogan hazard
ARGEVT Romero hazard
ARGEVT Joe Rogan route 4 start '2177.0 -375.0   8.0' goal '2369.0 -567.0  56.0'
ARGEVT Carmack goal weapon_rocketlauncher
ARGEVT Carmack route 14 start '2433.0 -183.0  24.0' goal '2465.0 -1719.0  24.0'
ARGEVT Carmack grab item_spikes
ARGLOG Joe Rogan t   4.7 pos '2218.6 -358.1   8.0' spd 326.8 yaw  32.2 mode 2 st 0 gl 0 hp 100 frg 0
ARGLOG Romero t   4.7 pos '2673.6 -2056.7 128.0' spd  78.4 yaw 221 mode 2 st 0 gl 0 hp 100 frg 0
ARGLOG Carmack t   4.7 pos '2468.9 -181.5  24.0' spd 344.1 yaw 226.7 mode 2 st 0 gl 0 hp 76 frg 0
ARGUS Romero wallslide
ARGEVT Joe Rogan pursue
ARGEVT Carmack pursue
ARGEVT Carmack hazard
ARGEVT Carmack route 15 start '2529.0 -183.0  32.0' goal '2465.0 -1719.0  24.0'
ARGUS Carmack wallslide
ARGLOG Joe Rogan t   5.3 pos '2371.5 -332.7   8.0' spd 361.7 yaw 83 mode 2 st 0 gl 0 hp 100 frg 0
ARGLOG Romero t   5.3 pos '2669.2 -2212.1 120.0' spd 346.5 yaw 230 mode 2 st 0 gl 0 hp 100 frg 0
ARGLOG Carmack t   5.3 pos '2526.9 -240.0  32.0' spd 328.3 yaw 195 mode 2 st 0 gl 0 hp 76 frg 0
ARGUS Joe Rogan hunch item_armorInv
ARGEVT Joe Rogan pursue
ARGUS Joe Rogan wallslide
ARGEVT Joe Rogan pursue
ARGEVT Carmack grab item_health
ARGEVT Joe Rogan goal item_armorInv
ARGEVT Joe Rogan route 3 start '2401.0 -343.0   8.0' goal '2369.0 -567.0  56.0'
ARGLOG Joe Rogan t   5.8 pos '2502.9 -370.3   8.0' spd 362.9 yaw 107.1 mode 2 st 0 gl 0 hp 100 frg 0
ARGLOG Romero t   5.8 pos '2547.1 -2313.4 120.0' spd 346.2 yaw 237 mode 2 st 0 gl 0 hp 100 frg 0
ARGLOG Carmack t   5.8 pos '2465.0 -222.3  24.0' spd 322.3 yaw 296.5 mode 2 st 0 gl 0 hp 76 frg 0
ARGEVT Carmack pursue
ARGEVT Joe Rogan pursue
ARGEVT Carmack hazard
ARGUS Carmack hunch item_armorInv
ARGEVT Carmack goal weapon_rocketlauncher
ARGEVT Carmack route 15 start '2529.0 -183.0  32.0' goal '2465.0 -1719.0  24.0'
ARGEVT Joe Rogan hazard
ARGEVT Romero hazard
ARGLOG Joe Rogan t   6.3 pos '2556.3 -309.2  24.0' spd 320.2 yaw 159.9 mode 2 st 0 gl 0 hp 100 frg 0
ARGLOG Romero t   6.3 pos '2406.1 -2363.3 120.0' spd 323.8 yaw 137 mode 2 st 0 gl 0 hp 100 frg 0
ARGLOG Carmack t   6.3 pos '2548.1 -222.0  32.0' spd 291.0 yaw 161 mode 2 st 0 gl 0 hp 76 frg 0
ARGEVT Carmack pursue
ARGEVT Joe Rogan pursue
ARGEVT Joe Rogan pursue
ARGEVT Romero route 5 start '2433.0 -2487.0 120.0' goal '1313.0 -951.0  32.0'
ARGLOG Joe Rogan t   6.8 pos '2386.1 -356.4   8.0' spd 400.6 yaw  87.5 mode 2 st 0 gl 0 hp 100 frg 0
ARGLOG Romero t   6.8 pos '1335.1 -1376.0 152.2' spd 300 yaw 95 mode 2 st 0 gl 0 hp 100 frg 0
ARGLOG Carmack t   6.8 pos '2434.8 -204.9  24.0' spd 219.3 yaw 244.7 mode 2 st 0 gl 0 hp 76 frg 0
ARGEVT Joe Rogan pursue
ARGEVT Carmack pursue
ARGEVT Joe Rogan pursue
ARGEVT Joe Rogan hazard
ARGEVT Joe Rogan pursue
ARGLOG Joe Rogan t   7.3 pos '2326.3 -305.5   8.0' spd 345.2 yaw  33.3 mode 2 st 0 gl 0 hp 100 frg 0
ARGLOG Romero t   7.3 pos '1362.4 -1376.0 144.0' spd 300 yaw 101 mode 2 st 0 gl 0 hp 100 frg 0
ARGLOG Carmack t   7.3 pos '2490.5 -214.9  24.0' spd 338.2 yaw 237.2 mode 2 st 0 gl 0 hp 76 frg 0
ARGEVT Carmack pursue
ARGUS Joe Rogan wallslide
ARGUS Carmack wallslide
ARGEVT Carmack grab item_health
ARGLOG Joe Rogan t   7.8 pos '2469.0 -374.0   8.0' spd 385.9 yaw  78.3 mode 2 st 0 gl 0 hp 100 frg 0
ARGLOG Romero t   7.8 pos '1367.8 -1271.8 136.0' spd 322.4 yaw 106 mode 2 st 0 gl 0 hp 100 frg 0
ARGLOG Carmack t   7.8 pos '2499.7 -188.1  24.0' spd 325.2 yaw 273.3 mode 2 st 0 gl 0 hp 76 frg 0
ARGEVT Romero jump
ARGEVT Carmack pursue
ARGEVT Joe Rogan pursue
ARGEVT Carmack route 15 start '2529.0 -183.0  32.0' goal '2465.0 -1719.0  24.0'
ARGEVT Carmack hazard
ARGLOG Joe Rogan t   8.3 pos '2482.3 -317.4   8.0' spd 332.8 yaw 140.6 mode 2 st 0 gl 0 hp 100 frg 0
ARGLOG Romero t   8.3 pos '1313.1 -1198.1 195.5' spd 118.1 yaw 98 mode 2 st 0 gl 0 hp 100 frg 0
ARGLOG Carmack t   8.3 pos '2538.5 -233.4  32.0' spd 320.0 yaw 202.0 mode 2 st 0 gl 0 hp 76 frg 0
ARGEVT Joe Rogan pursue
ARGEVT Joe Rogan pursue
ARGUS Joe Rogan wallslide
ARGEVT Carmack pursue
ARGEVT Joe Rogan pursue
ARGLOG Joe Rogan t   8.8 pos '2363.0 -348.2   8.0' spd 275.6 yaw  47.2 mode 2 st 0 gl 0 hp 100 frg 0
ARGLOG Romero t   8.8 pos '1279.3 -1114.8 200.0' spd 320.4 yaw 78 mode 2 st 0 gl 0 hp 100 frg 0
ARGLOG Carmack t   8.8 pos '2483.8 -188.6  24.0' spd 338.4 yaw 237.7 mode 2 st 0 gl 0 hp 76 frg 0
ARGEVT Carmack weapon sg
ARGEVT Carmack grab item_health
ARGEVT Carmack pursue
ARGEVT Joe Rogan pursue
ARGLOG Joe Rogan t   9.3 pos '2497.5 -418.5   8.0' spd 197.6 yaw  81.8 mode 2 st 0 gl 0 hp 100 frg 0
ARGLOG Romero t   9.3 pos '1293.7 -941.4 184.7' spd 337.3 yaw  11.4 mode 1 st 0 gl 0 hp 100 frg 0
ARGLOG Carmack t   9.3 pos '2549.9 -221.1  32.0' spd 332.3 yaw 233.4 mode 2 st 0 gl 0 hp 76 frg 0
ARGEVT Carmack hazard
ARGEVT Carmack pursue
ARGEVT Carmack pursue
ARGEVT Joe Rogan hazard
ARGUS Joe Rogan wallslide
ARGLOG Joe Rogan t   9.8 pos '2476.9 -305.4   8.0' spd  20.6 yaw  40.8 mode 2 st 0 gl 0 hp 100 frg 0
ARGLOG Romero t   9.8 pos '1357.4 -880.2  32.0' spd 161.5 yaw 238.0 mode 1 st 0 gl 0 hp 100 frg 0
ARGLOG Carmack t   9.8 pos '2380.6 -238.5  24.0' spd 307.6 yaw 249.7 mode 2 st 0 gl 0 hp 76 frg 0
ARGUS Carmack wallslide
ARGEVT Romero hazard
ARGUS Romero wallslide
ARGLOG Joe Rogan t  10.4 pos '2365.0 -372.0   8.0' spd 411.1 yaw  64.5 mode 2 st 0 gl 0 hp 100 frg 0
ARGLOG Romero t  10.4 pos '1295.7 -1008.0  32.0' spd  65.2 yaw 302.0 mode 1 st 0 gl 0 hp 100 frg 0
ARGLOG Carmack t  10.4 pos '2497.6 -215.0  24.0' spd 320.0 yaw 244.6 mode 2 st 0 gl 0 hp 76 frg 0
ARGEVT Joe Rogan pursue
ARGEVT Carmack pursue
ARGEVT Joe Rogan hazard
ARGEVT Carmack hazard
ARGUS routecache adopt
ARGEVT Carmack route 15 start '2529.0 -183.0  32.0' goal '2465.0 -1719.0  24.0'
ARGLOG Joe Rogan t  10.9 pos '2284.9 -308.6   8.0' spd 158.0 yaw 342.9 mode 0 st 0 gl 0 hp 100 frg 0
ARGLOG Romero t  10.9 pos '1696.0 -956.3  20.0' spd 300 yaw 198.0 mode 1 st 0 gl 0 hp 100 frg 0
ARGLOG Carmack t  10.9 pos '2501.1 -231.5  24.0' spd 321.8 yaw 180.8 mode 2 st 0 gl 0 hp 76 frg 0
ARGEVT Joe Rogan pursue
ARGEVT Carmack pursue
ARGEVT Joe Rogan route 3 start '2273.0 -375.0   8.0' goal '2369.0 -567.0  56.0'
ARGUS Joe Rogan wallslide
ARGUS Carmack wallslide
ARGLOG Joe Rogan t  11.4 pos '2440.4 -307.9   8.0' spd 127.5 yaw  73.8 mode 2 st 0 gl 0 hp 100 frg 0
ARGLOG Romero t  11.4 pos '1640.8 -995.1  20.0' spd 349.5 yaw 172 mode 1 st 0 gl 0 hp 100 frg 0
ARGLOG Carmack t  11.4 pos '2328.3 -239.9  24.0' spd 357.9 yaw 254.7 mode 2 st 0 gl 0 hp 76 frg 0
ARGEVT Carmack pursue
ARGLOG Joe Rogan t  11.9 pos '2443.5 -304.0   8.0' spd 0 yaw 90 mode 2 st 0 gl 0 hp 100 frg 0
ARGLOG Romero t  11.9 pos '1473.4 -994.8  20.0' spd 321.4 yaw 165 mode 1 st 0 gl 0 hp 100 frg 0
ARGLOG Carmack t  11.9 pos '2171.5 -260.0  24.0' spd 351.4 yaw 230.6 mode 2 st 0 gl 0 hp 76 frg 0
ARGEVT Carmack hazard
ARGUS Romero wallslide
ARGEVT Romero hazard
ARGLOG Joe Rogan t  12.4 pos '2392.5 -413.5   8.0' spd 343.2 yaw 145.2 mode 2 st 0 gl 0 hp 100 frg 0
ARGLOG Romero t  12.4 pos '1424.0 -969.3  20.0' spd   3.6 yaw 188.9 mode 1 st 0 gl 0 hp 100 frg 0
ARGLOG Carmack t  12.4 pos '2200.0 -215.9  24.0' spd 336.0 yaw 326.3 mode 2 st 0 gl 0 hp 76 frg 0
ARGEVT Joe Rogan grab item_armorInv
ARGEVT Joe Rogan hazard
ARGUS Joe Rogan wallslide
ARGEVT Joe Rogan pursue
ARGEVT Carmack pursue
ARGLOG Joe Rogan t  12.9 pos '2384.4 -527.5   8.0' spd 227.6 yaw  95.7 mode 2 st 0 gl 0 hp 100 frg 0
ARGLOG Romero t  12.9 pos '1424.0 -980.7  20.0' spd  32.9 yaw 221 mode 1 st 0 gl 0 hp 100 frg 0
ARGLOG Carmack t  12.9 pos '2352.0 -154.1  24.0' spd 325.6 yaw 277.3 mode 2 st 0 gl 0 hp 76 frg 0
ARGEVT Carmack grab item_health
ARGLOG Joe Rogan t  13.4 pos '2430.3 -528.0   8.0' spd  53.6 yaw  77.0 mode 2 st 0 gl 0 hp 100 frg 0
ARGLOG Romero t  13.4 pos '1424.0 -983.2  20.0' spd 0 yaw 220 mode 1 st 0 gl 0 hp 100 frg 0
ARGLOG Carmack t  13.4 pos '2515.1 -184.6  32.0' spd 337.8 yaw 260.9 mode 2 st 0 gl 0 hp 76 frg 0
ARGEVT Carmack hazard
ARGEVT Joe Rogan pursue
ARGEVT Carmack pursue
ARGEVT Romero stall
ARGEVT Romero jump
ARGEVT Romero route 0 start '1313.0 -951.0  32.0' goal '1313.0 -951.0  32.0'
ARGUS Carmack hunch item_armorInv
ARGLOG Joe Rogan t  13.9 pos '2460.1 -470.2   8.0' spd 321.4 yaw 87 mode 2 st 0 gl 0 hp 100 frg 0
ARGLOG Romero t  13.9 pos '1424.0 -993.1  58.4' spd  60.8 yaw 214.0 mode 1 st 1 gl 0 hp 100 frg 0
ARGLOG Carmack t  13.9 pos '2504.3 -220.1  24.0' spd 176.9 yaw  26.8 mode 2 st 0 gl 0 hp 76 frg 0
ARGEVT Carmack goal item_armorInv
ARGEVT Carmack route 6 start '2529.0 -183.0  32.0' goal '2369.0 -567.0  56.0'
ARGEVT Carmack pursue
ARGUS Joe Rogan hunch item_armorInv
ARGUS Carmack wallslide
ARGLOG Joe Rogan t  14.5 pos '2470.2 -325.3   8.0' spd  62.5 yaw 254.0 mode 0 st 0 gl 0 hp 100 frg 0
ARGLOG Romero t  14.5 pos '1424.0 -994.9  20.0' spd 200.6 yaw 103 mode 1 st 1 gl 0 hp 100 frg 0
ARGLOG Carmack t  14.5 pos '2511.5 -144.8  24.0' spd  38.2 yaw   2.7 mode 2 st 0 gl 0 hp 76 frg 0
ARGEVT Joe Rogan goal weapon_rocketlauncher
ARGEVT Joe Rogan route 16 start '2529.0 -343.0  24.0' goal '2465.0 -1719.0  24.0'
ARGEVT Joe Rogan pursue
ARGEVT Carmack route 6 start '2529.0 -183.0  32.0' goal '2369.0 -567.0  56.0'
ARGEVT Carmack hazard
ARGLOG Joe Rogan t  15.0 pos '2343.9 -423.8   8.0' spd 391.6 yaw 144.9 mode 2 st 0 gl 0 hp 100 frg 0
ARGLOG Romero t  15.0 pos '1424.0 -934.3  20.0' spd  36.8 yaw 134 mode 1 st 1 gl 0 hp 100 frg 0
ARGLOG Carmack t  15.0 pos '2547.2 -231.8  32.0' spd 368.9 yaw 241.7 mode 2 st 0 gl 0 hp 76 frg 0
ARGEVT Carmack pursue
ARGUS Carmack wallslide
ARGLOG Joe Rogan t  15.5 pos '2227.5 -285.4  24.0' spd 414.5 yaw  45.9 mode 2 st 0 gl 0 hp 100 frg 0
ARGLOG Romero t  15.5 pos '1424.0 -930.4  20.0' spd 0 yaw 136 mode 1 st 1 gl 0 hp 100 frg 0
ARGLOG Carmack t  15.5 pos '2369.6 -240.0  24.0' spd 421.3 yaw 234.2 mode 2 st 0 gl 0 hp 76 frg 0
ARGEVT Joe Rogan pursue
ARGEVT Romero stall
ARGEVT Romero jump
ARGEVT Romero route 0 start '1313.0 -951.0  32.0' goal '1313.0 -951.0  32.0'
ARGLOG Joe Rogan t  16.0 pos '2179.6 -134.5  24.0' spd 339.9 yaw 352.8 mode 2 st 0 gl 0 hp 100 frg 0
ARGLOG Romero t  16.0 pos '1424.0 -925.2  49.3' spd  57.2 yaw 166.1 mode 1 st 2 gl 0 hp 100 frg 0
ARGLOG Carmack t  16.0 pos '2361.6 -155.3  24.0' spd 323.2 yaw 170.1 mode 2 st 0 gl 0 hp 72 frg 0
ARGEVT Carmack grab item_health
ARGLOG Joe Rogan t  16.5 pos '2223.3 -15.4  24.0' spd 173.2 yaw 328.3 mode 2 st 0 gl 0 hp 100 frg 0
ARGLOG Romero t  16.5 pos '1424.0 -931.9  22.0' spd  38.6 yaw 246 mode 1 st 2 gl 0 hp 100 frg 0
ARGLOG Carmack t  16.5 pos '2489.6 -186.2  24.0' spd 320.1 yaw 145.2 mode 2 st 0 gl 0 hp 72 frg 0
ARGEVT Romero stall
ARGEVT Romero jump
ARGEVT Romero goal weapon_nailgun
ARGEVT Romero route 9 start '1313.0 -951.0  32.0' goal '2433.0 -183.0  24.0'
ARGUS routecache adopt
ARGEVT Romero route 9 start '1313.0 -951.0  32.0' goal '2433.0 -183.0  24.0'
ARGEVT Carmack route 6 start '2529.0 -183.0  32.0' goal '2369.0 -567.0  56.0'
ARGLOG Joe Rogan t  17.0 pos '2200.8 -173.5  24.0' spd 325.0 yaw 352.3 mode 2 st 0 gl 0 hp 100 frg 0
ARGLOG Romero t  17.0 pos '1436.8 -931.7  58.0' spd  31.5 yaw 35 mode 0 st 3 gl 0 hp 100 frg 0
ARGLOG Carmack t  17.0 pos '2549.1 -210.8  32.0' spd 107.4 yaw 169.1 mode 2 st 0 gl 0 hp 52 frg 0
ARGEVT Romero route 9 start '1313.0 -951.0  32.0' goal '2433.0 -183.0  24.0'
ARGUS routecache adopt
ARGEVT Romero route 9 start '1313.0 -951.0  32.0' goal '2433.0 -183.0  24.0'
ARGEVT Romero routefail
ARGLOG Joe Rogan t  17.5 pos '2235.2 -335.9   8.0' spd 327.2 yaw  19.6 mode 2 st 0 gl 0 hp 100 frg 0
ARGLOG Romero t  17.5 pos '1510.6 -884.9  20.0' spd 320.0 yaw 35 mode 0 st 3 gl 0 hp 100 frg 0
ARGLOG Carmack t  17.5 pos '2542.7 -208.2  32.0' spd  26.3 yaw 201.8 mode 2 st 0 gl 0 hp 52 frg 0
ARGEVT Carmack grab item_health
ARGEVT Romero hazard
ARGEVT Carmack pursue
ARGEVT Joe Rogan pursue
ARGEVT Joe Rogan route 15 start '2273.0 -375.0   8.0' goal '2465.0 -1719.0  24.0'
ARGEVT Romero goal item_armorInv
ARGEVT Romero route 10 start '1697.0 -663.0  24.0' goal '2369.0 -567.0  56.0'
ARGLOG Joe Rogan t  18.0 pos '2378.6 -386.1   8.0' spd 341.7 yaw  53.5 mode 2 st 0 gl 0 hp 100 frg 0
ARGLOG Romero t  18.0 pos '1671.3 -863.9  20.0' spd 343.3 yaw 76 mode 2 st 3 gl 0 hp 100 frg 0
ARGLOG Carmack t  18.0 pos '2515.1 -168.7  32.0' spd 281.5 yaw 232.7 mode 2 st 0 gl 0 hp 52 frg 0
ARGEVT Carmack pursue
ARGEVT Joe Rogan pursue
ARGUS Joe Rogan wallslide
ARGLOG Joe Rogan t  18.5 pos '2508.7 -361.0   8.0' spd 320.1 yaw 92 mode 2 st 0 gl 0 hp 100 frg 0
ARGLOG Romero t  18.5 pos '1724.2 -773.6  20.0' spd 320.0 yaw 82 mode 2 st 3 gl 0 hp 100 frg 0
ARGLOG Carmack t  18.5 pos '2497.9 -198.2  24.0' spd 326.1 yaw 234 mode 2 st 0 gl 0 hp 52 frg 0
ARGEVT Joe Rogan hazard
ARGUS Carmack wallslide
ARGLOG Joe Rogan t  19.1 pos '2494.4 -308.2   8.0' spd 320.2 yaw 174 mode 2 st 0 gl 0 hp 100 frg 0
ARGLOG Romero t  19.1 pos '1727.2 -607.6  24.0' spd 322.2 yaw 31 mode 2 st 3 gl 0 hp 100 frg 0
ARGLOG Carmack t  19.1 pos '2370.4 -239.7  24.0' spd 229.8 yaw 265 mode 2 st 0 gl 0 hp 52 frg 0
ARGEVT Joe Rogan pursue
ARGEVT Carmack hazard
ARGEVT Romero hazard
ARGLOG Joe Rogan t  19.6 pos '2409.6 -329.4   8.0' spd 214.8 yaw 130.6 mode 2 st 0 gl 0 hp 100 frg 0
ARGLOG Romero t  19.6 pos '1813.4 -480.6  40.0' spd 363.0 yaw 26 mode 2 st 3 gl 0 hp 100 frg 0
ARGLOG Carmack t  19.6 pos '2305.2 -192.9  24.0' spd 305.5 yaw 310.9 mode 2 st 0 gl 0 hp 52 frg 0
ARGUS Carmack wallslide
ARGEVT Romero jump
ARGEVT Carmack grab item_health
ARGUS Joe Rogan wallslide
ARGEVT Joe Rogan pursue
ARGEVT Carmack pursue
ARGLOG Joe Rogan t  20.1 pos '2350.9 -304.7   8.0' spd 193.5 yaw 116.2 mode 2 st 0 gl 0 hp 100 frg 0
ARGLOG Romero t  20.1 pos '1982.9 -464.0 115.5' spd 324.3 yaw 34 mode 2 st 3 gl 0 hp 100 frg 0
ARGLOG Carmack t  20.1 pos '2447.8 -165.6  24.0' spd 347.4 yaw 260 mode 2 st 0 gl 0 hp 52 frg 0
ARGEVT Carmack hazard
ARGEVT Joe Rogan pursue
ARGEVT Carmack route 6 start '2529.0 -183.0  32.0' goal '2369.0 -567.0  56.0'
ARGLOG Joe Rogan t  20.6 pos '2445.6 -379.1   8.0' spd 324.7 yaw  64.0 mode 2 st 0 gl 0 hp 100 frg 0
ARGLOG Romero t  20.6 pos '2045.9 -363.0  88.0' spd 322.3 yaw 99 mode 2 st 3 gl 0 hp 100 frg 0
ARGLOG Carmack t  20.6 pos '2542.6 -191.1  32.0' spd 160.0 yaw 237.3 mode 2 st 0 gl 0 hp 52 frg 0
ARGEVT Carmack pursue
ARGUS Joe Rogan hunch item_health
ARGEVT Romero engage Carmack
ARGUS Romero threatmove range 2
ARGEVT Joe Rogan pursue
ARGUS Carmack hunch item_armorInv
ARGEVT Joe Rogan goal item_armorInv
ARGEVT Joe Rogan route 3 start '2529.0 -343.0  24.0' goal '2369.0 -567.0  56.0'
ARGEVT Carmack pursue
ARGLOG Joe Rogan t  21.1 pos '2592.7 -347.9  24.0' spd 320.4 yaw 336.5 mode 2 st 0 gl 0 hp 100 frg 0
ARGLOG Romero t  21.1 pos '2041.5 -196.8  24.0' spd 324.8 yaw   6.0 mode 2 st 3 gl 0 hp 100 frg 0
ARGLOG Carmack t  21.1 pos '2510.4 -223.2  24.0' spd 261.2 yaw  86.2 mode 2 st 0 gl 0 hp 52 frg 0
ARGEVT Joe Rogan hazard
ARGEVT Carmack goal item_health
ARGEVT Carmack route 4 start '2529.0 -183.0  32.0' goal '1953.0 -23.0  24.0'
ARGUS Carmack wallslide
ARGEVT Joe Rogan pursue
ARGLOG Joe Rogan t  21.6 pos '2628.7 -329.5  24.0' spd 341.4 yaw 308.6 mode 2 st 0 gl 0 hp 100 frg 0
ARGLOG Romero t  21.6 pos '2109.6 -46.6  24.0' spd 325.2 yaw 343.6 mode 2 st 3 gl 0 hp 100 frg 0
ARGLOG Carmack t  21.6 pos '2405.0 -144.5  24.0' spd 324.2 yaw 194.1 mode 2 st 0 gl 0 hp 44 frg 0
ARGUS Joe Rogan wallslide
ARGLOG Joe Rogan t  22.1 pos '2501.3 -384.4   8.0' spd 344.7 yaw 200.3 mode 2 st 0 gl 0 hp 100 frg 0
ARGLOG Romero t  22.1 pos '2162.4  -7.2  24.0' spd 322.4 yaw 298.1 mode 2 st 3 gl 0 hp 100 frg 0
ARGLOG Carmack t  22.1 pos '2265.6 -239.1  24.0' spd 150.9 yaw 244.7 mode 2 st 0 gl 0 hp 44 frg 0
ARGEVT Carmack pursue
ARGUS Carmack threatmove retreat 2
ARGEVT Carmack retreat
ARGEVT Carmack hazard
ARGLOG Joe Rogan t  22.6 pos '2351.2 -441.2   8.0' spd 337.7 yaw 152.2 mode 2 st 0 gl 0 hp 76 frg 0
ARGLOG Romero t  22.6 pos '2072.1 -131.2  24.0' spd 159.7 yaw 306.7 mode 2 st 3 gl 0 hp 100 frg 0
ARGLOG Carmack t  22.6 pos '2153.4 -236.0  24.0' spd 395.0 yaw 332.1 mode 2 st 0 gl 0 hp 8 frg 0
ARGLOG Joe Rogan t  23.1 pos '2211.1 -527.9   8.0' spd 325.7 yaw 113.6 mode 0 st 0 gl 0 hp 76 frg 0
ARGUS Joe Rogan wallslide
ARGLOG Romero t  23.1 pos '1970.6 -60.7  24.0' spd 325.7 yaw 344.9 mode 2 st 3 gl 0 hp 100 frg 0
ARGLOG Carmack t  23.1 pos '2069.6 -91.0  24.0' spd 321.3 yaw 296.8 mode 1 st 0 gl 0 hp 8 frg 0
ARGEVT Joe Rogan route 4 start '2177.0 -503.0   8.0' goal '2369.0 -567.0  56.0'
ARGEVT Joe Rogan grab item_health
ARGEVT Romero route 7 start '1953.0 -23.0  24.0' goal '2369.0 -567.0  56.0'
ARGEVT Carmack hazard
ARGEVT Joe Rogan pursue
ARGUS Romero bodyblock
ARGEVT Carmack pursue
ARGUS Romero wallslide
ARGUS Carmack bodyblock
ARGLOG Joe Rogan t  23.7 pos '2164.6 -507.4   8.0' spd 138.0 yaw 103 mode 2 st 0 gl 0 hp 76 frg 0
ARGLOG Romero t  23.7 pos '1931.6 -24.8  24.0' spd 106.9 yaw  63.8 mode 2 st 3 gl 0 hp 100 frg 0
ARGLOG Carmack t  23.7 pos '1964.6  -2.6  24.0' spd 227.0 yaw 294 mode 1 st 0 gl 0 hp 33 frg 0
ARGLOG Joe Rogan t  24.2 pos '2138.2 -351.4  24.0' spd 320.3 yaw 106 mode 0 st 0 gl 0 hp 76 frg 0
ARGLOG Romero t  24.2 pos '1968.5 -179.2  24.0' spd 337.5 yaw  81.6 mode 2 st 3 gl 0 hp 100 frg 0
ARGLOG Carmack t  24.2 pos '2001.1 -109.5  24.0' spd 320.4 yaw 295 mode 1 st 0 gl 0 hp 33 frg 0
ARGEVT Joe Rogan route 4 start '2177.0 -375.0   8.0' goal '2369.0 -567.0  56.0'
ARGEVT Romero hazard
ARGUS Joe Rogan wallslide
ARGEVT Carmack death Romero pos '2029.3 -206.0  24.0' thirdparty
ARGUS Romero watch spawn
ARGEVT Joe Rogan hazard
ARGEVT Romero goal backpack
ARGLOG Joe Rogan t  24.7 pos '2128.0 -245.5  24.0' spd  44.0 yaw 335 mode 2 st 0 gl 0 hp 76 frg 0
ARGLOG Romero t  24.7 pos '1979.5 -330.7  72.0' spd 340.1 yaw 288.1 mode 1 st 3 gl 0 hp 100 frg 1
ARGLOG Joe Rogan t  25.2 pos '2222.2 -375.4   8.0' spd 446.3 yaw  43.2 mode 2 st 0 gl 0 hp 76 frg 0
ARGLOG Romero t  25.2 pos '2054.9 -491.1 104.0' spd 331.8 yaw  15.7 mode 1 st 3 gl 0 hp 100 frg 1
ARGEVT Romero hazard
ARGUS Romero wallslide
ARGUS Joe Rogan wallslide
ARGLOG Joe Rogan t  25.7 pos '2327.2 -304.2   8.0' spd 276.8 yaw 176 mode 2 st 0 gl 0 hp 76 frg 0
ARGLOG Romero t  25.7 pos '2064.0 -425.6 104.0' spd 322.7 yaw 82 mode 1 st 3 gl 0 hp 100 frg 1
ARGEVT Carmack respawn
ARGLOG Carmack t  26.1 pos '2544.0 -32.0 -64.0' spd 0 yaw 185.1 mode 0 st 0 gl 0 hp 100 frg 0
ARGEVT Carmack goal item_armor2
ARGLOG Joe Rogan t  26.2 pos '2161.9 -317.2  24.0' spd 323.2 yaw 169 mode 2 st 0 gl 0 hp 76 frg 0
ARGLOG Romero t  26.2 pos '2064.0 -259.6  59.8' spd 325.2 yaw 66 mode 1 st 3 gl 0 hp 100 frg 1
ARGEVT Joe Rogan hazard
ARGEVT Joe Rogan engage Romero
ARGUS Joe Rogan threatmove range 2
ARGEVT Romero engage Joe Rogan
ARGUS Romero threatmove range 2
ARGEVT Romero goal weapon_rocketlauncher
ARGEVT Romero route 15 start '2113.0 -215.0  24.0' goal '2465.0 -1719.0  24.0'
ARGUS Carmack wallslide
ARGLOG Carmack t  26.6 pos '2404.6 -79.0 -72.0' spd 331.5 yaw 199 mode 1 st 0 gl 0 hp 100 frg 0
ARGLOG Joe Rogan t  26.7 pos '2179.4 -379.4   8.0' spd 321.0 yaw  91.9 mode 2 st 0 gl 0 hp 76 frg 0
ARGLOG Romero t  26.7 pos '2180.9 -154.1  24.0' spd 345.9 yaw 281.6 mode 2 st 3 gl 1 hp 100 frg 1
ARGLOG Carmack t  27.1 pos '2214.5 -80.0 -135.9' spd 365.4 yaw 224.8 mode 1 st 0 gl 0 hp 100 frg 0
ARGEVT Carmack hazard
ARGLOG Joe Rogan t  27.2 pos '2340.3 -353.8   8.0' spd 320.0 yaw  84.8 mode 2 st 0 gl 0 hp 76 frg 0
ARGLOG Romero t  27.2 pos '2341.7 -191.4  24.0' spd 320.2 yaw 266.0 mode 2 st 3 gl 1 hp 100 frg 1
ARGLOG Carmack t  27.6 pos '2175.0 -208.0 -82.4' spd  31.5 yaw   6.2 mode 1 st 0 gl 0 hp 100 frg 0
ARGUS Romero wallslide
ARGLOG Joe Rogan t  27.7 pos '2511.9 -330.2   8.0' spd 397.4 yaw 135.0 mode 2 st 0 gl 0 hp 76 frg 0
ARGLOG Romero t  27.7 pos '2361.7 -239.7  24.0' spd 195.8 yaw 309.3 mode 2 st 3 gl 1 hp 100 frg 1
ARGEVT Joe Rogan weapon axe
ARGEVT Romero pursue
ARGEVT Romero hazard
ARGUS Joe Rogan wallslide
ARGEVT Joe Rogan pursue
ARGLOG Carmack t  28.1 pos '2265.8 -208.0 -136.0' spd 320.1 yaw   3.3 mode 1 st 0 gl 0 hp 100 frg 0
ARGEVT Carmack hazard
ARGUS Joe Rogan hunch item_artifact_super_damage
ARGUS Carmack wallslide
ARGLOG Joe Rogan t  28.3 pos '2408.7 -325.3   8.0' spd 359.8 yaw 228.4 mode 2 st 0 gl 0 hp 76 frg 0
ARGLOG Romero t  28.3 pos '2410.2 -240.0  24.0' spd 163.8 yaw 270 mode 2 st 3 gl 1 hp 100 frg 1
ARGEVT Joe Rogan pursue
ARGEVT Joe Rogan goal item_armorInv
ARGEVT Joe Rogan route 3 start '2401.0 -343.0   8.0' goal '2369.0 -567.0  56.0'
ARGUS Romero threatmove range 1
ARGLOG Carmack t  28.6 pos '2288.5 -40.9 -120.0' spd 360.6 yaw  49.0 mode 1 st 0 gl 0 hp 100 frg 0
ARGLOG Joe Rogan t  28.8 pos '2331.1 -314.2   8.0' spd 304.6 yaw  57.5 mode 2 st 0 gl 0 hp 76 frg 0
ARGLOG Romero t  28.8 pos '2370.2 -218.7  24.0' spd 276.3 yaw 241.0 mode 2 st 3 gl 1 hp 100 frg 1
ARGUS Joe Rogan wallslide
ARGEVT Joe Rogan grab item_health
ARGEVT Joe Rogan hazard
ARGEVT Carmack hazard
ARGLOG Carmack t  29.1 pos '2444.2 -52.6 -72.0' spd 420.1 yaw 263.8 mode 1 st 0 gl 0 hp 100 frg 0
ARGLOG Joe Rogan t  29.3 pos '2356.6 -305.3   8.0' spd 152.0 yaw 119.2 mode 2 st 0 gl 0 hp 76 frg 0
ARGLOG Romero t  29.3 pos '2277.1 -196.7  24.0' spd 352.3 yaw 294.0 mode 2 st 3 gl 1 hp 100 frg 1
ARGEVT Romero pursue
ARGEVT Joe Rogan pursue
ARGUS Romero hunch item_armorInv
ARGUS Carmack wallslide
ARGEVT Romero pursue
ARGEVT Romero goal weapon_rocketlauncher
ARGEVT Romero route 14 start '2241.0 -183.0  24.0' goal '2465.0 -1719.0  24.0'
ARGLOG Carmack t  29.7 pos '2612.1 -77.3 -72.0' spd 322.7 yaw 13 mode 1 st 0 gl 0 hp 100 frg 0
ARGEVT Joe Rogan pursue
ARGLOG Joe Rogan t  29.8 pos '2343.6 -304.0   8.0' spd 354.0 yaw  31.6 mode 2 st 0 gl 0 hp 76 frg 0
ARGLOG Romero t  29.8 pos '2209.2 -146.7  24.0' spd 394.0 yaw  51.2 mode 2 st 3 gl 1 hp 100 frg 1
ARGUS Joe Rogan wallslide
ARGEVT Romero jump
ARGLOG Carmack t  30.2 pos '2755.1 -70.2 -72.0' spd 389.1 yaw 290.6 mode 1 st 0 gl 0 hp 100 frg 0
ARGEVT Carmack hazard
ARGLOG Joe Rogan t  30.3 pos '2491.5 -304.0   8.0' spd 108.6 yaw  65.2 mode 2 st 0 gl 0 hp 76 frg 0
ARGLOG Romero t  30.3 pos '2326.2 -34.2  73.6' spd  78.7 yaw 287.4 mode 2 st 3 gl 1 hp 100 frg 1
ARGEVT Joe Rogan pursue
ARGUS Carmack wallslide
ARGLOG Carmack t  30.7 pos '1312.4 -1024.0 357.7' spd 300 yaw 324.8 mode 1 st 0 gl 0 hp 100 frg 0
ARGEVT Joe Rogan pursue
ARGEVT Joe Rogan hazard
ARGLOG Joe Rogan t  30.8 pos '2624.6 -342.9  24.0' spd 320.1 yaw 280.5 mode 2 st 0 gl 0 hp 76 frg 0
ARGLOG Romero t  30.8 pos '2363.8 -88.4  72.0' spd 323.7 yaw 267 mode 2 st 3 gl 1 hp 100 frg 1
ARGUS Joe Rogan wallslide
ARGLOG Carmack t  31.2 pos '1331.3 -1024.0 352.0' spd 300 yaw 34 mode 1 st 0 gl 0 hp 100 frg 0
ARGUS Romero wallslide
