LOG started on: 09/20/2026 06:19:50 
Playing registered version.
UDP Initialized
WIPX_OpenSocket: Address family not supported by protocol family
WIPX_Init: Unable to open control socket, IPX disabled
Exe: 20:02:47 Jul 31 2024
256.0 megabyte heap

Language initialization
Couldn't load 'localization/loc_english.txt'
from 'C:\argus\engine'

========= Quake Initialized =========

execing autoexec.cfg
SpawnServer: dm2
Clearing memory
Programs occupy 914K.
trying to open external vis file
maps/dm2.vis not found, trying argus.vis
external vis not found
ARGUS slots 8
ARGUS worldspawn reached
ARGNAV 215 nodes, 1005 links
0 entities inhibited
ARGUS init on dm2
ARGEVT Carmack spawned
ARGEVT Romero spawned
ARGEVT Joe Rogan spawned
Server spawned.
ARGLOG Joe Rogan t   1.2 pos '2624.0 -488.0  32.0' spd 0 yaw 177.6 mode 0 st 0 gl 0 hp 100 frg 0
ARGLOG Romero t   1.2 pos '2704.0 -2048.0 128.0' spd 0 yaw 317.5 mode 0 st 0 gl 0 hp 100 frg 0
ARGLOG Carmack t   1.2 pos '2560.0 -192.0  32.0' spd 0 yaw 209.6 mode 0 st 0 gl 0 hp 100 frg 0
ARGUS Carmack wallslide
ARGEVT Joe Rogan engage Carmack
ARGUS Joe Rogan threatmove range 2
ARGEVT Joe Rogan grab item_armorInv
ARGEVT Carmack engage Joe Rogan
ARGUS Carmack threatmove range 2
ARGLOG Joe Rogan t   1.7 pos '2477.2 -444.6   8.0' spd 313.4 yaw  98.8 mode 0 st 0 gl 0 hp 100 frg 0
ARGLOG Romero t   1.7 pos '2711.3 -2089.9 128.0' spd 321.9 yaw 157.1 mode 0 st 0 gl 0 hp 100 frg 0
ARGLOG Carmack t   1.7 pos '2439.7 -239.9  24.0' spd  44.6 yaw 237.9 mode 0 st 0 gl 0 hp 100 frg 0
ARGEVT Carmack hazard
ARGEVT Joe Rogan hazard
ARGUS Joe Rogan wallslide
ARGLOG Joe Rogan t   2.2 pos '2366.2 -527.5   8.0' spd 105.2 yaw  82.0 mode 0 st 0 gl 0 hp 100 frg 0
ARGLOG Romero t   2.2 pos '2723.8 -2193.2 120.0' spd 321.4 yaw 304.1 mode 0 st 0 gl 0 hp 100 frg 0
ARGLOG Carmack t   2.2 pos '2388.2 -240.0  24.0' spd 324.4 yaw 255.1 mode 0 st 0 gl 0 hp 100 frg 0
ARGEVT Romero hazard
ARGUS Romero wallslide
ARGLOG Joe Rogan t   2.7 pos '2338.8 -528.0   8.0' spd  44.9 yaw  89.3 mode 0 st 0 gl 0 hp 100 frg 0
ARGLOG Romero t   2.7 pos '2768.0 -2214.8 120.0' spd 327.3 yaw  77.1 mode 0 st 0 gl 0 hp 100 frg 0
ARGLOG Carmack t   2.7 pos '2385.8 -240.0  24.0' spd 343.8 yaw 262.9 mode 0 st 0 gl 0 hp 100 frg 0
ARGEVT Joe Rogan hazard
ARGUS Joe Rogan wallslide
ARGLOG Joe Rogan t   3.2 pos '2331.3 -527.3   8.0' spd 207.9 yaw  79.5 mode 0 st 0 gl 0 hp 91 frg 0
ARGLOG Romero t   3.2 pos '2768.5 -2050.9 120.0' spd 325.8 yaw  77.1 mode 0 st 0 gl 0 hp 100 frg 0
ARGLOG Carmack t   3.2 pos '2360.4 -232.2  24.0' spd 324.7 yaw 260.3 mode 0 st 0 gl 0 hp 100 frg 0
ARGEVT Carmack hazard
ARGLOG Joe Rogan t   3.7 pos '2486.5 -486.7   8.0' spd 323.1 yaw 105.6 mode 0 st 0 gl 0 hp 91 frg 0
ARGLOG Romero t   3.7 pos '2841.6 -2026.2 120.0' spd 324.8 yaw 304.6 mode 0 st 0 gl 0 hp 100 frg 0
ARGLOG Carmack t   3.7 pos '2381.0 -227.5  24.0' spd 320.0 yaw 311.6 mode 0 st 0 gl 0 hp 100 frg 0
ARGEVT Romero hazard
ARGUS Romero wallslide
ARGUS Carmack wallslide
ARGEVT Joe Rogan goal item_armorInv
ARGEVT Joe Rogan route 1 start '2561.0 -503.0  24.0' goal '2369.0 -567.0  56.0'
ARGLOG Joe Rogan t   4.2 pos '2478.2 -459.5   8.0' spd 320.2 yaw 107.8 mode 2 st 0 gl 0 hp 91 frg 0
ARGLOG Romero t   4.2 pos '2734.9 -2061.5 128.0' spd 320.1 yaw 177.0 mode 0 st 0 gl 0 hp 100 frg 0
ARGLOG Carmack t   4.2 pos '2422.7 -240.0  24.0' spd 354.8 yaw 265.1 mode 0 st 0 gl 0 hp 100 frg 0
ARGEVT Romero goal item_armor2
ARGEVT Romero route 8 start '2721.0 -2103.0 120.0' goal '1313.0 -951.0  32.0'
ARGEVT Carmack goal weapon_rocketlauncher
ARGEVT Carmack route 14 start '2337.0 -215.0  24.0' goal '2465.0 -1719.0  24.0'
ARGLOG Joe Rogan t   4.7 pos '2309.8 -453.3   8.0' spd 361.2 yaw  78.5 mode 2 st 0 gl 0 hp 82 frg 0
ARGLOG Romero t   4.7 pos '2751.2 -2132.2 120.0' spd 414.9 yaw 203 mode 2 st 0 gl 0 hp 100 frg 0
ARGLOG Carmack t   4.7 pos '2437.5 -239.5  24.0' spd 253.0 yaw 230.3 mode 2 st 0 gl 0 hp 96 frg 0
ARGLOG Joe Rogan t   5.3 pos '2378.1 -462.3   8.0' spd 346.7 yaw  91.0 mode 2 st 0 gl 0 hp 82 frg 0
ARGLOG Romero t   5.3 pos '2667.9 -2291.8 120.0' spd 367.9 yaw 220 mode 2 st 0 gl 0 hp 100 frg 0
ARGLOG Carmack t   5.3 pos '2318.5 -185.4  24.0' spd 361.4 yaw 288.3 mode 2 st 0 gl 0 hp 92 frg 0
ARGEVT Joe Rogan pursue
ARGEVT Carmack pursue
ARGEVT Joe Rogan grab item_health
ARGLOG Joe Rogan t   5.8 pos '2512.7 -370.2  24.0' spd 323.5 yaw 152.6 mode 2 st 0 gl 0 hp 82 frg 0
ARGLOG Romero t   5.8 pos '2497.8 -2296.5 120.0' spd 331.5 yaw 141 mode 2 st 0 gl 0 hp 100 frg 0
ARGLOG Carmack t   5.8 pos '2180.9 -281.2  24.0' spd 332.5 yaw 349.7 mode 2 st 0 gl 0 hp 92 frg 0
ARGUS Romero wallslide
ARGLOG Joe Rogan t   6.3 pos '2585.8 -337.9  24.0' spd 175.3 yaw 188.0 mode 2 st 0 gl 0 hp 82 frg 0
ARGLOG Romero t   6.3 pos '2388.2 -2422.6 120.0' spd 350.1 yaw 135 mode 2 st 0 gl 0 hp 100 frg 0
ARGLOG Carmack t   6.3 pos '2191.6 -448.5   8.0' spd 324.6 yaw   8.9 mode 0 st 0 gl 0 hp 92 frg 0
ARGEVT Carmack route 15 start '2177.0 -503.0   8.0' goal '2465.0 -1719.0  24.0'
ARGEVT Romero hazard
ARGEVT Joe Rogan hazard
ARGEVT Romero route 4 start '1313.0 -1367.0 144.0' goal '1313.0 -951.0  32.0'
ARGLOG Joe Rogan t   6.8 pos '2619.7 -322.4  24.0' spd 156.6 yaw 211.8 mode 2 st 0 gl 0 hp 82 frg 0
ARGLOG Romero t   6.8 pos '1363.0 -1376.0 144.0' spd 300 yaw 102 mode 2 st 0 gl 0 hp 100 frg 0
ARGLOG Carmack t   6.8 pos '2224.7 -457.6   8.0' spd 320.0 yaw  20.7 mode 2 st 0 gl 0 hp 92 frg 0
ARGEVT Carmack weapon sg
ARGEVT Joe Rogan grab item_health
ARGLOG Joe Rogan t   7.3 pos '2634.1 -342.8  24.0' spd  74.0 yaw 182.4 mode 2 st 0 gl 0 hp 40 frg 0
ARGLOG Romero t   7.3 pos '1370.7 -1373.9 136.0' spd 247.3 yaw 104 mode 2 st 0 gl 0 hp 100 frg 0
ARGLOG Carmack t   7.3 pos '2228.7 -293.9  24.0' spd 325.5 yaw 356.4 mode 2 st 0 gl 0 hp 92 frg 0
ARGEVT Joe Rogan pursue
ARGEVT Carmack pursue
ARGLOG Joe Rogan t   7.8 pos '2605.7 -323.0  24.0' spd 268.6 yaw 174 mode 2 st 0 gl 0 hp 40 frg 0
ARGLOG Romero t   7.8 pos '1353.4 -1224.0 152.0' spd 322.0 yaw 106 mode 2 st 0 gl 0 hp 100 frg 0
ARGLOG Carmack t   7.8 pos '2289.2 -152.4  24.0' spd 282.1 yaw 332 mode 2 st 0 gl 0 hp 92 frg 0
ARGEVT Romero jump
ARGUS Joe Rogan wallslide
ARGLOG Joe Rogan t   8.3 pos '2444.0 -304.0   8.0' spd 321.5 yaw 174 mode 2 st 0 gl 0 hp 40 frg 0
ARGLOG Romero t   8.3 pos '1294.9 -1190.2 188.0' spd 130.1 yaw 93 mode 2 st 0 gl 0 hp 100 frg 0
ARGLOG Carmack t   8.3 pos '2450.6 -197.5  24.0' spd 322.6 yaw 322 mode 2 st 0 gl 0 hp 92 frg 0
ARGEVT Joe Rogan hazard
ARGUS Carmack wallslide
ARGLOG Joe Rogan t   8.8 pos '2382.1 -304.0   8.0' spd 244.2 yaw  71.7 mode 2 st 0 gl 0 hp 40 frg 0
ARGLOG Romero t   8.8 pos '1275.0 -1064.1 200.0' spd 321.0 yaw 71 mode 2 st 0 gl 0 hp 100 frg 0
ARGLOG Carmack t   8.8 pos '2421.9 -144.9  24.0' spd 320.0 yaw 250.6 mode 2 st 0 gl 0 hp 92 frg 0
ARGEVT Joe Rogan grab item_health
ARGUS Joe Rogan wallslide
ARGEVT Carmack pursue
ARGEVT Joe Rogan pursue
ARGUS Joe Rogan hunch item_armorInv
ARGEVT Joe Rogan goal item_armorInv
ARGEVT Joe Rogan route 3 start '2401.0 -343.0   8.0' goal '2369.0 -567.0  56.0'
ARGLOG Joe Rogan t   9.3 pos '2470.6 -320.5   8.0' spd 209.6 yaw 228.5 mode 2 st 0 gl 0 hp 40 frg 0
ARGLOG Romero t   9.3 pos '1311.5 -892.2 146.8' spd 347.0 yaw 318.0 mode 1 st 0 gl 0 hp 100 frg 0
ARGLOG Carmack t   9.3 pos '2345.5 -239.0  24.0' spd 150.8 yaw 311 mode 2 st 0 gl 0 hp 92 frg 0
ARGUS Carmack hunch item_armorInv
ARGEVT Joe Rogan pursue
ARGEVT Carmack pursue
ARGEVT Carmack goal weapon_rocketlauncher
ARGEVT Carmack route 14 start '2337.0 -215.0  24.0' goal '2465.0 -1719.0  24.0'
ARGLOG Joe Rogan t   9.8 pos '2427.7 -379.1   8.0' spd 321.4 yaw 119.0 mode 2 st 0 gl 0 hp 40 frg 0
ARGLOG Romero t   9.8 pos '1332.0 -926.9  32.0' spd 324.4 yaw 245.6 mode 1 st 0 gl 0 hp 100 frg 0
ARGLOG Carmack t   9.8 pos '2262.0 -184.8  24.0' spd 384.5 yaw 297.0 mode 2 st 0 gl 0 hp 92 frg 0
ARGEVT Romero hazard
ARGEVT Joe Rogan pursue
ARGEVT Carmack pursue
ARGEVT Joe Rogan hazard
ARGUS Joe Rogan wallslide
ARGEVT Romero door
ARGLOG Joe Rogan t  10.4 pos '2405.6 -306.8   8.0' spd 213.9 yaw 179.3 mode 2 st 0 gl 0 hp 40 frg 0
ARGLOG Romero t  10.4 pos '1696.0 -933.2  28.1' spd 300 yaw 358.2 mode 1 st 0 gl 0 hp 100 frg 0
ARGLOG Carmack t  10.4 pos '2215.8 -330.7  24.0' spd 320.0 yaw 357.7 mode 2 st 0 gl 0 hp 92 frg 0
ARGUS Joe Rogan threatmove retreat 2
ARGEVT Joe Rogan retreat
ARGLOG Joe Rogan t  10.9 pos '2433.5 -329.6   8.0' spd 326.8 yaw 202.1 mode 2 st 0 gl 0 hp 16 frg 0
ARGLOG Romero t  10.9 pos '1696.0 -956.3  20.0' spd 300 yaw 61 mode 1 st 0 gl 0 hp 100 frg 0
ARGLOG Carmack t  10.9 pos '2264.3 -426.3   8.0' spd 242.8 yaw  29.6 mode 0 st 0 gl 0 hp 92 frg 0
ARGEVT Carmack route 15 start '2241.0 -471.0   8.0' goal '2465.0 -1719.0  24.0'
ARGEVT Joe Rogan hazard
ARGUS Joe Rogan wallslide
ARGLOG Joe Rogan t  11.4 pos '2442.7 -304.0   8.0' spd 181.7 yaw 177.4 mode 2 st 0 gl 0 hp 4 frg 0
ARGLOG Romero t  11.4 pos '1760.9 -885.2  20.0' spd 322.5 yaw 69 mode 1 st 0 gl 0 hp 100 frg 0
ARGLOG Carmack t  11.4 pos '2208.9 -267.9  24.0' spd 340.7 yaw 359.3 mode 2 st 0 gl 0 hp 68 frg 0
ARGEVT Romero hazard
ARGEVT Joe Rogan pursue
ARGEVT Carmack pursue
ARGLOG Joe Rogan t  11.9 pos '2497.1 -331.1   8.0' spd  82.3 yaw 160.3 mode 2 st 0 gl 0 hp 4 frg 0
ARGLOG Romero t  11.9 pos '1697.4 -751.2  20.0' spd 431.7 yaw  36.8 mode 1 st 0 gl 0 hp 100 frg 0
ARGLOG Carmack t  11.9 pos '2283.9 -143.3  24.0' spd 278.6 yaw 314.8 mode 2 st 0 gl 0 hp 68 frg 0
ARGEVT Joe Rogan hazard
ARGEVT Joe Rogan pursue
ARGUS Romero wallslide
ARGEVT Carmack pursue
ARGLOG Joe Rogan t  12.4 pos '2615.5 -366.7  24.0' spd 160.3 yaw 146 mode 2 st 0 gl 0 hp 4 frg 0
ARGLOG Romero t  12.4 pos '1744.7 -720.6  24.0' spd 335.7 yaw 338.4 mode 1 st 0 gl 0 hp 100 frg 0
ARGLOG Carmack t  12.4 pos '2347.2 -205.1  24.0' spd 350.6 yaw 320 mode 2 st 0 gl 0 hp 68 frg 0
ARGEVT Romero hazard
ARGEVT Carmack hazard
ARGEVT Joe Rogan pursue
ARGLOG Joe Rogan t  12.9 pos '2493.1 -310.1   8.0' spd 333.9 yaw 203.5 mode 2 st 0 gl 0 hp 4 frg 0
ARGLOG Romero t  12.9 pos '1767.1 -721.7  24.0' spd 141.9 yaw 344 mode 1 st 0 gl 0 hp 100 frg 0
ARGLOG Carmack t  12.9 pos '2500.7 -237.6  24.0' spd 111.7 yaw 219.5 mode 2 st 0 gl 0 hp 68 frg 0
ARGEVT Joe Rogan pursue
ARGUS Carmack wallslide
ARGEVT Carmack grab item_health
ARGLOG Joe Rogan t  13.4 pos '2325.2 -341.0   8.0' spd 324.6 yaw  42.3 mode 2 st 0 gl 0 hp 4 frg 0
ARGLOG Romero t  13.4 pos '1766.2 -721.7  24.0' spd 139.6 yaw  24.3 mode 1 st 0 gl 0 hp 100 frg 0
ARGLOG Carmack t  13.4 pos '2479.2 -210.5  24.0' spd 327.2 yaw 229.6 mode 2 st 0 gl 0 hp 68 frg 0
ARGEVT Romero hazard
ARGUS Romero wallslide
ARGEVT Carmack pursue
ARGEVT Joe Rogan pursue
ARGEVT Carmack hazard
ARGEVT Carmack pursue
ARGLOG Joe Rogan t  13.9 pos '2317.6 -321.5   8.0' spd 320.3 yaw 35 mode 2 st 0 gl 0 hp 4 frg 0
ARGLOG Romero t  13.9 pos '1732.6 -758.8  20.0' spd 262.4 yaw 230.1 mode 1 st 0 gl 0 hp 100 frg 0
ARGEVT Carmack pursue
ARGLOG Carmack t  13.9 pos '2477.1 -235.8  24.0' spd 321.2 yaw 200.5 mode 2 st 0 gl 0 hp 68 frg 0
ARGUS Joe Rogan wallslide
ARGUS Carmack wallslide
ARGEVT Joe Rogan pursue
ARGEVT Joe Rogan pursue
ARGLOG Joe Rogan t  14.4 pos '2479.7 -312.1   8.0' spd 381.1 yaw 301.6 mode 2 st 0 gl 0 hp 4 frg 0
ARGLOG Romero t  14.4 pos '1617.0 -884.0  20.0' spd 355.5 yaw 195 mode 1 st 0 gl 0 hp 100 frg 0
ARGLOG Carmack t  14.4 pos '2324.3 -239.7  24.0' spd  48.5 yaw 308.4 mode 2 st 0 gl 0 hp 68 frg 0
ARGEVT Joe Rogan pursue
ARGEVT Joe Rogan pursue
ARGEVT Joe Rogan hazard
ARGEVT Carmack pursue
ARGLOG Joe Rogan t  15.0 pos '2445.7 -417.4   8.0' spd 328.5 yaw 193.6 mode 2 st 0 gl 0 hp 4 frg 0
ARGLOG Romero t  15.0 pos '1463.1 -956.2  20.0' spd 352.3 yaw 234.9 mode 1 st 0 gl 0 hp 100 frg 0
ARGEVT Joe Rogan death Carmack pos '2441.0 -420.2   8.0'
ARGUS Carmack watch spawn
ARGLOG Carmack t  15.0 pos '2385.3 -239.9  24.0' spd 298.1 yaw 284.4 mode 2 st 0 gl 0 hp 68 frg 1
ARGUS Carmack wallslide
ARGEVT Carmack goal item_armorInv
ARGEVT Carmack route 5 start '2337.0 -215.0  24.0' goal '2369.0 -567.0  56.0'
ARGLOG Romero t  15.5 pos '1474.7 -1108.6  20.0' spd 437.1 yaw  16.9 mode 1 st 0 gl 0 hp 100 frg 0
ARGLOG Carmack t  15.5 pos '2344.5 -240.0  24.0' spd  99.3 yaw 274 mode 2 st 0 gl 0 hp 68 frg 1
ARGEVT Carmack hazard
ARGLOG Romero t  16.0 pos '1590.7 -975.8  20.0' spd 479.2 yaw 174 mode 1 st 0 gl 0 hp 100 frg 0
ARGLOG Carmack t  16.0 pos '2344.6 -240.0  24.0' spd   3.6 yaw 274 mode 2 st 0 gl 0 hp 68 frg 1
ARGEVT Joe Rogan respawn
ARGLOG Joe Rogan t  16.5 pos '2624.0 -488.0  32.0' spd 0 yaw 175.2 mode 0 st 0 gl 0 hp 100 frg 0
ARGLOG Romero t  16.5 pos '1427.1 -888.0  20.0' spd 329.2 yaw 145.9 mode 1 st 0 gl 0 hp 100 frg 0
ARGUS Romero wallslide
ARGLOG Carmack t  16.5 pos '2344.7 -240.0  24.0' spd   5.8 yaw 243 mode 2 st 0 gl 0 hp 68 frg 1
ARGEVT Carmack hazard
ARGUS Carmack wallslide
ARGEVT Joe Rogan goal backpack
ARGEVT Joe Rogan route 1 start '2561.0 -503.0  24.0' goal '2465.0 -407.0   8.0'
ARGEVT Romero hazard
ARGEVT Carmack stall
ARGEVT Carmack stallnode '2209.0 -279.0  24.0'
ARGEVT Carmack jump
ARGEVT Carmack route 5 start '2337.0 -215.0  24.0' goal '2369.0 -567.0  56.0'
ARGUS Joe Rogan wallslide
ARGLOG Joe Rogan t  17.0 pos '2481.5 -436.0   8.0' spd 386.4 yaw 116 mode 1 st 0 gl 0 hp 100 frg 0
ARGLOG Romero t  17.0 pos '1426.7 -924.5  20.0' spd 339.6 yaw 294 mode 1 st 0 gl 0 hp 100 frg 0
ARGLOG Carmack t  17.0 pos '2286.5 -240.0  64.2' spd 128.0 yaw 265 mode 2 st 1 gl 0 hp 68 frg 1
ARGEVT Joe Rogan goal weapon_rocketlauncher
ARGEVT Joe Rogan route 16 start '2465.0 -407.0   8.0' goal '2465.0 -1719.0  24.0'
ARGEVT Joe Rogan engage Carmack
ARGUS Joe Rogan threatmove range 2
ARGEVT Carmack engage Joe Rogan
ARGUS Carmack threatmove range 2
ARGLOG Joe Rogan t  17.5 pos '2376.5 -313.1   8.0' spd 190.7 yaw 163.9 mode 2 st 0 gl 1 hp 100 frg 0
ARGLOG Romero t  17.5 pos '1440.8 -1097.4  20.0' spd 397.4 yaw 334.7 mode 1 st 0 gl 0 hp 100 frg 0
ARGLOG Carmack t  17.5 pos '2240.9 -310.4  24.0' spd 323.9 yaw 330.1 mode 2 st 1 gl 0 hp 68 frg 1
ARGLOG Joe Rogan t  18.0 pos '2352.9 -452.0   8.0' spd 320.3 yaw 195.0 mode 2 st 0 gl 1 hp 100 frg 0
ARGLOG Romero t  18.0 pos '1613.4 -1064.8  20.0' spd 486.2 yaw 139.2 mode 1 st 0 gl 0 hp 100 frg 0
ARGLOG Carmack t  18.0 pos '2199.6 -489.7   8.0' spd 335.4 yaw 359.6 mode 2 st 1 gl 0 hp 44 frg 1
ARGEVT Joe Rogan grab item_armorInv
ARGLOG Joe Rogan t  18.5 pos '2349.9 -470.4   8.0' spd  78.5 yaw 152.0 mode 2 st 0 gl 1 hp 100 frg 0
ARGLOG Romero t  18.5 pos '1481.2 -923.8  20.0' spd 320.0 yaw 156.9 mode 1 st 0 gl 0 hp 100 frg 0
ARGLOG Carmack t  18.5 pos '2229.3 -399.6   8.0' spd 349.5 yaw 320.4 mode 2 st 1 gl 0 hp 44 frg 1
ARGEVT Romero hazard
ARGUS Romero wallslide
ARGEVT Joe Rogan hazard
ARGUS Joe Rogan wallslide
ARGEVT Carmack hazard
ARGUS Carmack threatmove retreat 2
ARGEVT Carmack retreat
ARGLOG Joe Rogan t  19.1 pos '2424.4 -527.9   8.0' spd  60.2 yaw 121.3 mode 2 st 0 gl 1 hp 76 frg 0
ARGLOG Romero t  19.1 pos '1482.8 -864.3  20.0' spd 327.2 yaw   3.0 mode 1 st 0 gl 0 hp 100 frg 0
ARGLOG Carmack t  19.1 pos '2323.9 -315.2   8.0' spd 123.7 yaw 300.7 mode 2 st 1 gl 0 hp 20 frg 1
ARGEVT Carmack death Joe Rogan pos '2345.9 -324.7   8.0'
ARGUS Joe Rogan watch spawn
ARGLOG Joe Rogan t  19.6 pos '2449.6 -527.9   8.0' spd  29.7 yaw 207.6 mode 0 st 0 gl 1 hp 72 frg 1
ARGLOG Romero t  19.6 pos '1598.4 -988.6  20.0' spd 471.5 yaw 200.4 mode 1 st 0 gl 0 hp 100 frg 0
ARGEVT Joe Rogan goal item_armorInv
ARGEVT Joe Rogan route 2 start '2465.0 -503.0   8.0' goal '2369.0 -567.0  56.0'
ARGEVT Romero hazard
ARGLOG Joe Rogan t  20.1 pos '2317.4 -446.1   8.0' spd 380.6 yaw 79 mode 2 st 0 gl 1 hp 72 frg 1
ARGLOG Romero t  20.1 pos '1435.6 -1074.7  20.0' spd 171.0 yaw 109.2 mode 1 st 0 gl 0 hp 100 frg 0
ARGUS Joe Rogan wallslide
ARGLOG Joe Rogan t  20.6 pos '2405.6 -307.3   8.0' spd 407.0 yaw 262 mode 2 st 0 gl 1 hp 72 frg 1
ARGLOG Romero t  20.6 pos '1466.8 -954.5  20.0' spd 323.8 yaw 88 mode 1 st 0 gl 0 hp 100 frg 0
ARGUS Romero wallslide
ARGEVT Carmack respawn
ARGLOG Carmack t  21.0 pos '2544.0 -32.0 -64.0' spd 0 yaw 184.8 mode 0 st 1 gl 0 hp 100 frg 1
ARGEVT Carmack goal item_armor2
ARGEVT Romero hazard
ARGLOG Joe Rogan t  21.1 pos '2436.6 -476.7   8.0' spd 486.7 yaw 155.3 mode 2 st 0 gl 1 hp 72 frg 1
ARGLOG Romero t  21.1 pos '1424.0 -908.9  20.0' spd 0 yaw 222.4 mode 1 st 0 gl 0 hp 100 frg 0
ARGEVT Carmack hazard
ARGLOG Carmack t  21.5 pos '2432.9 -76.7 -72.0' spd  36.0 yaw 346.1 mode 1 st 1 gl 0 hp 100 frg 1
ARGLOG Joe Rogan t  21.6 pos '2299.6 -350.7   8.0' spd 453.3 yaw 288 mode 2 st 0 gl 1 hp 72 frg 1
ARGLOG Romero t  21.6 pos '1428.0 -1027.9  20.0' spd 332.0 yaw 290.5 mode 1 st 0 gl 0 hp 100 frg 0
ARGUS Joe Rogan wallslide
ARGEVT Carmack door
ARGLOG Carmack t  22.0 pos '2585.6 -65.3 -64.0' spd 374.2 yaw  59.2 mode 1 st 1 gl 0 hp 100 frg 1
ARGLOG Joe Rogan t  22.1 pos '2459.5 -360.4   8.0' spd 410.3 yaw 259.7 mode 2 st 0 gl 1 hp 72 frg 1
ARGLOG Romero t  22.1 pos '1581.1 -1104.7  20.0' spd 483.2 yaw  93.7 mode 1 st 0 gl 0 hp 100 frg 0
ARGEVT Carmack hazard
ARGLOG Carmack t  22.5 pos '2564.7  -3.9 -64.0' spd 321.1 yaw 218 mode 1 st 1 gl 0 hp 100 frg 1
ARGLOG Joe Rogan t  22.6 pos '2337.6 -484.8   8.0' spd 485.4 yaw  95.6 mode 2 st 0 gl 1 hp 72 frg 1
ARGLOG Romero t  22.6 pos '1518.3 -923.8  20.0' spd 375.4 yaw 191 mode 1 st 0 gl 0 hp 100 frg 0
ARGEVT Romero hazard
ARGLOG Carmack t  23.0 pos '2425.7 -62.2 -72.0' spd 321.7 yaw 165 mode 1 st 1 gl 0 hp 100 frg 1
ARGLOG Joe Rogan t  23.1 pos '2393.9 -316.0   8.0' spd 461.8 yaw 265 mode 2 st 0 gl 1 hp 72 frg 1
ARGLOG Romero t  23.1 pos '1480.0 -857.8  20.0' spd 382.7 yaw  50.1 mode 1 st 0 gl 0 hp 100 frg 0
ARGEVT Joe Rogan hazard
ARGLOG Carmack t  23.5 pos '2257.0 -73.5 -136.0' spd 374.6 yaw 239.9 mode 1 st 1 gl 0 hp 100 frg 1
ARGLOG Joe Rogan t  23.6 pos '2567.7 -380.6  24.0' spd 334.7 yaw 224 mode 2 st 0 gl 1 hp 72 frg 1
ARGLOG Romero t  23.6 pos '1522.3 -855.5  20.0' spd 338.7 yaw 211 mode 1 st 0 gl 0 hp 100 frg 0
ARGUS Joe Rogan wallslide
ARGEVT Carmack hazard
ARGUS Romero wallslide
ARGLOG Carmack t  24.0 pos '2265.0 -210.5 -136.0' spd 343.4 yaw 319.0 mode 1 st 1 gl 0 hp 100 frg 1
ARGLOG Joe Rogan t  24.2 pos '2620.8 -384.0  24.0' spd  49.7 yaw 217 mode 2 st 0 gl 1 hp 72 frg 1
ARGLOG Romero t  24.2 pos '1437.0 -971.1  20.0' spd 332.7 yaw 257 mode 1 st 0 gl 0 hp 100 frg 0
ARGEVT Romero abandon
ARGUS Carmack wallslide
ARGEVT Romero goal weapon_nailgun
ARGEVT Romero route 12 start '1537.0 -1303.0  72.0' goal '2433.0 -183.0  24.0'
ARGLOG Carmack t  24.5 pos '2203.0 -205.3 -128.5' spd 281.6 yaw 276.1 mode 1 st 1 gl 0 hp 100 frg 1
ARGLOG Joe Rogan t  24.7 pos '2566.8 -383.9  24.0' spd 170.8 yaw 223 mode 2 st 0 gl 1 hp 72 frg 1
ARGLOG Romero t  24.7 pos '1452.0 -1066.2  20.0' spd 328.7 yaw 255 mode 2 st 0 gl 0 hp 100 frg 0
ARGUS Joe Rogan wallslide
ARGEVT Joe Rogan hazard
ARGEVT Carmack hazard
ARGLOG Carmack t  25.1 pos '2288.0 -165.2 -136.0' spd 320.1 yaw  71.7 mode 1 st 1 gl 0 hp 100 frg 1
ARGLOG Joe Rogan t  25.2 pos '2532.9 -384.0  24.0' spd  35.2 yaw 229 mode 2 st 0 gl 1 hp 72 frg 1
ARGLOG Romero t  25.2 pos '1615.0 -1128.5  20.0' spd 407.2 yaw 221 mode 2 st 0 gl 0 hp 100 frg 0
ARGEVT Romero jump
ARGLOG Carmack t  25.6 pos '2308.0  -4.8 -120.0' spd 357.8 yaw   9.0 mode 1 st 1 gl 0 hp 100 frg 1
ARGLOG Joe Rogan t  25.7 pos '2521.0 -384.0  24.0' spd  34.4 yaw 231 mode 2 st 0 gl 1 hp 72 frg 1
ARGLOG Romero t  25.7 pos '1575.2 -1264.0  51.2' spd 159.9 yaw 200 mode 2 st 0 gl 0 hp 100 frg 0
ARGEVT Joe Rogan hazard
ARGLOG Carmack t  26.1 pos '2471.3   3.8 -72.0' spd 320.6 yaw 354 mode 1 st 1 gl 0 hp 100 frg 1
ARGLOG Joe Rogan t  26.2 pos '2514.0 -384.0  24.0' spd  12.7 yaw 232 mode 2 st 0 gl 1 hp 72 frg 1
ARGLOG Romero t  26.2 pos '1493.8 -1264.0  20.0' spd 159.9 yaw 172 mode 2 st 0 gl 0 hp 100 frg 0
ARGEVT Joe Rogan stall
ARGEVT Joe Rogan stallnode '2561.0 -503.0  24.0'
ARGEVT Joe Rogan jump
ARGEVT Romero hazard
ARGEVT Joe Rogan route 3 start '2529.0 -343.0  24.0' goal '2369.0 -567.0  56.0'
ARGLOG Carmack t  26.6 pos '2635.0  -8.6 -72.0' spd 320.1 yaw 352 mode 1 st 1 gl 0 hp 100 frg 1
ARGUS Romero wallslide
ARGLOG Joe Rogan t  26.7 pos '2506.1 -397.0  63.1' spd  42.1 yaw 298 mode 2 st 1 gl 1 hp 72 frg 1
ARGLOG Romero t  26.7 pos '1437.0 -1250.2  20.0' spd 236.0 yaw 174 mode 2 st 0 gl 0 hp 100 frg 0
ARGUS Joe Rogan wallslide
ARGLOG Carmack t  27.1 pos '2776.5 -30.3 -72.0' spd 338.9 yaw  20.3 mode 1 st 1 gl 0 hp 100 frg 1
ARGLOG Joe Rogan t  27.2 pos '2516.6 -470.2  24.0' spd 387.6 yaw 324.0 mode 2 st 1 gl 1 hp 72 frg 1
ARGLOG Romero t  27.2 pos '1429.6 -1240.6  20.0' spd  64.1 yaw 179 mode 2 st 0 gl 0 hp 100 frg 0
ARGEVT Romero stall
ARGEVT Romero stallnode '1377.0 -1335.0 136.0'
ARGEVT Romero jump
ARGEVT Romero route 12 start '1537.0 -1303.0  72.0' goal '2433.0 -183.0  24.0'
ARGEVT Joe Rogan hazard
ARGUS Joe Rogan jumpapproach 0 actual 326.6
ARGEVT Joe Rogan jump
ARGUS Carmack wallslide
ARGUS Joe Rogan aircontrol
ARGEVT Carmack hazard
ARGLOG Carmack t  27.6 pos '1331.0 -1024.0 352.0' spd 300 yaw 34 mode 1 st 1 gl 0 hp 100 frg 1
ARGLOG Joe Rogan t  27.7 pos '2421.4 -528.0  66.3' spd 100.7 yaw 328.0 mode 2 st 1 gl 1 hp 72 frg 1
ARGLOG Romero t  27.7 pos '1426.2 -1260.6  52.7' spd  55.2 yaw 237 mode 2 st 1 gl 0 hp 100 frg 0
ARGEVT Romero jump
ARGLOG Carmack t  28.1 pos '1341.3 -1022.9 344.0' spd 347.8 yaw 34 mode 1 st 1 gl 0 hp 100 frg 1
ARGLOG Joe Rogan t  28.2 pos '2464.4 -513.0  36.0' spd  98.9 yaw 328.0 mode 2 st 1 gl 1 hp 72 frg 1
ARGLOG Romero t  28.2 pos '1531.3 -1264.0  53.3' spd 354.8 yaw 173 mode 2 st 1 gl 0 hp 100 frg 0
ARGEVT Carmack hazard
ARGUS Carmack wallslide
ARGUS Joe Rogan wallslide
ARGLOG Carmack t  28.6 pos '1423.6 -976.0 344.0' spd  15.2 yaw 109.6 mode 1 st 1 gl 0 hp 100 frg 1
ARGEVT Romero hazard
ARGEVT Joe Rogan hazard
ARGLOG Joe Rogan t  28.8 pos '2576.6 -527.5  32.0' spd  51.2 yaw 328.0 mode 2 st 1 gl 1 hp 72 frg 1
ARGLOG Romero t  28.8 pos '1582.9 -1379.9  56.0' spd 337.4 yaw 152 mode 2 st 1 gl 0 hp 100 frg 0
ARGLOG Carmack t  29.1 pos '1340.5 -861.4 344.0' spd 440.6 yaw  35.5 mode 1 st 1 gl 0 hp 100 frg 1
ARGLOG Joe Rogan t  29.3 pos '2639.1 -475.8  32.0' spd  85.6 yaw 297.9 mode 2 st 1 gl 1 hp 72 frg 1
ARGLOG Romero t  29.3 pos '1427.0 -1335.3 120.0' spd 330.9 yaw 120 mode 2 st 1 gl 0 hp 100 frg 0
ARGUS Joe Rogan wallslide
ARGLOG Carmack t  29.7 pos '1356.5 -683.0 343.9' spd 327.4 yaw 120.0 mode 1 st 1 gl 0 hp 100 frg 1
ARGEVT Romero jump
ARGEVT Joe Rogan hazard
ARGLOG Joe Rogan t  29.8 pos '2563.8 -527.3  24.0' spd  78.3 yaw 283.2 mode 2 st 1 gl 1 hp 72 frg 1
ARGLOG Romero t  29.8 pos '1314.1 -1209.3 159.6' spd 337.6 yaw 98 mode 2 st 1 gl 0 hp 100 frg 0
ARGLOG Carmack t  30.2 pos '1301.4 -524.9 230.1' spd 331.1 yaw 18 mode 1 st 1 gl 0 hp 100 frg 1
ARGLOG Joe Rogan t  30.3 pos '2526.4 -526.7  24.0' spd  73.2 yaw 283.2 mode 2 st 1 gl 1 hp 72 frg 1
ARGLOG Romero t  30.3 pos '1266.3 -1149.5 184.0' spd 219.0 yaw 38 mode 2 st 1 gl 0 hp 100 frg 0
ARGUS Carmack wallslide
ARGUS Joe Rogan wallslide
ARGLOG Carmack t  30.7 pos '1362.3 -395.4 184.0' spd 205.4 yaw 14 mode 1 st 1 gl 0 hp 100 frg 1
ARGLOG Joe Rogan t  30.8 pos '2454.2 -528.0   8.0' spd 345.8 yaw 205 mode 2 st 1 gl 1 hp 72 frg 1
ARGLOG Romero t  30.8 pos '1281.4 -981.1 197.3' spd 338.0 yaw  35.8 mode 0 st 1 gl 0 hp 100 frg 0
ARGEVT Romero route 9 start '1313.0 -1047.0 200.0' goal '2433.0 -183.0  24.0'
ARGEVT Joe Rogan jump
ARGLOG Carmack t  31.2 pos '1510.9 -336.0 184.0' spd 323.7 yaw 13 mode 1 st 1 gl 0 hp 100 frg 1
