LOG started on: 09/17/2026 22:53:29 
Playing registered version.
UDP Initialized
WIPX_OpenSocket: Address family not supported by protocol family
WIPX_Init: Unable to open control socket, IPX disabled
Exe: 20:02:47 Jul 31 2024
256.0 megabyte heap

Language initialization
Couldn't load 'localization/loc_english.txt'
from 'C:\argus\engine'

========= Quake Initialized =========

execing autoexec.cfg
SpawnServer: dm2
Clearing memory
Programs occupy 904K.
trying to open external vis file
maps/dm2.vis not found, trying argus.vis
external vis not found
ARGUS slots 4
ARGUS worldspawn reached
ARGNAV 215 nodes, 1005 links
0 entities inhibited
ARGUS init on dm2
ARGEVT Carmack spawned
ARGEVT Romero spawned
ARGEVT Joe Rogan spawned
Server spawned.
ARGLOG Joe Rogan t   1.2 pos '2624.0 -488.0  32.0' spd 0 yaw 177.6 mode 0 st 0 gl 0 hp 100 frg 0
ARGLOG Romero t   1.2 pos '2704.0 -2048.0 128.0' spd 0 yaw 317.5 mode 0 st 0 gl 0 hp 100 frg 0
ARGLOG Carmack t   1.2 pos '2560.0 -192.0  32.0' spd 0 yaw 209.6 mode 0 st 0 gl 0 hp 100 frg 0
ARGUS Carmack wallslide
ARGEVT Joe Rogan engage Carmack
ARGUS Joe Rogan threatmove range 2
ARGEVT Joe Rogan grab item_armorInv
ARGEVT Carmack engage Joe Rogan
ARGUS Carmack threatmove range 2
ARGLOG Joe Rogan t   1.7 pos '2472.7 -445.3   8.0' spd 312.8 yaw  98.5 mode 0 st 0 gl 0 hp 100 frg 0
ARGLOG Romero t   1.7 pos '2710.9 -2090.6 128.0' spd 321.8 yaw 157.1 mode 0 st 0 gl 0 hp 100 frg 0
ARGLOG Carmack t   1.7 pos '2438.7 -240.0  24.0' spd   8.8 yaw 241.5 mode 0 st 0 gl 0 hp 100 frg 0
ARGEVT Carmack hazard
ARGEVT Joe Rogan hazard
ARGUS Joe Rogan wallslide
ARGLOG Joe Rogan t   2.2 pos '2364.8 -527.4   8.0' spd  89.9 yaw  82.9 mode 0 st 0 gl 0 hp 100 frg 0
ARGLOG Romero t   2.2 pos '2736.9 -2115.7 120.0' spd 229.2 yaw 178.0 mode 0 st 0 gl 0 hp 100 frg 0
ARGLOG Carmack t   2.2 pos '2382.3 -240.0  24.0' spd 325.3 yaw 255.7 mode 0 st 0 gl 0 hp 100 frg 0
ARGLOG Joe Rogan t   2.7 pos '2338.3 -527.9   8.0' spd  43.5 yaw  86.1 mode 0 st 0 gl 0 hp 100 frg 0
ARGLOG Romero t   2.7 pos '2751.3 -2088.0 128.0' spd 228.5 yaw 143.6 mode 0 st 0 gl 0 hp 100 frg 0
ARGLOG Carmack t   2.7 pos '2393.2 -240.0  24.0' spd 346.0 yaw 264.1 mode 0 st 0 gl 0 hp 100 frg 0
ARGEVT Joe Rogan hazard
ARGUS Joe Rogan wallslide
ARGLOG Joe Rogan t   3.2 pos '2304.7 -520.9   8.0' spd 287.1 yaw  79.0 mode 0 st 0 gl 0 hp 100 frg 0
ARGLOG Romero t   3.2 pos '2715.9 -1981.5 120.0' spd 335.4 yaw   0.9 mode 0 st 0 gl 0 hp 100 frg 0
ARGLOG Carmack t   3.2 pos '2349.7 -232.7  24.0' spd 321.9 yaw 251.4 mode 0 st 0 gl 0 hp 100 frg 0
ARGUS Romero wallslide
ARGLOG Joe Rogan t   3.7 pos '2154.6 -454.5   8.0' spd 320.4 yaw  82.4 mode 0 st 0 gl 0 hp 91 frg 0
ARGLOG Romero t   3.7 pos '2837.4 -1970.3 120.0' spd 177.6 yaw 184.6 mode 0 st 0 gl 0 hp 100 frg 0
ARGLOG Carmack t   3.7 pos '2185.8 -244.1  24.0' spd 320.0 yaw 244.1 mode 0 st 0 gl 0 hp 100 frg 0
ARGEVT Joe Rogan plan powerup via weapon
ARGEVT Joe Rogan goal weapon_rocketlauncher
ARGEVT Romero goal item_armorInv
ARGEVT Carmack goal item_armorInv
ARGEVT Joe Rogan routefail
ARGEVT Romero hazard
ARGLOG Joe Rogan t   4.3 pos '2267.2 -409.1   8.0' spd 320.9 yaw  98.5 mode 0 st 0 gl 0 hp 82 frg 0
ARGLOG Romero t   4.3 pos '2682.1 -1997.2 120.0' spd 341.3 yaw 213.1 mode 0 st 0 gl 0 hp 100 frg 0
ARGLOG Carmack t   4.3 pos '2236.4 -266.7  24.0' spd 112.8 yaw 290.4 mode 0 st 0 gl 0 hp 88 frg 0
ARGEVT Joe Rogan plan powerup via weapon
ARGEVT Joe Rogan goal weapon_rocketlauncher
ARGEVT Joe Rogan route 15 start '2273.0 -375.0   8.0' goal '2465.0 -1719.0  24.0'
ARGUS Romero wallslide
ARGEVT Romero route 32 start '2721.0 -2103.0 120.0' goal '2465.0 -1975.0 120.0'
ARGEVT Joe Rogan hazard
ARGEVT Joe Rogan grab item_health
ARGEVT Carmack route 4 start '2177.0 -375.0   8.0' goal '2369.0 -567.0  56.0'
ARGLOG Joe Rogan t   4.8 pos '2347.5 -305.8   8.0' spd  97.9 yaw 198.1 mode 2 st 0 gl 0 hp 73 frg 0
ARGLOG Romero t   4.8 pos '2672.0 -2167.1 120.0' spd 321.3 yaw 202 mode 2 st 0 gl 0 hp 100 frg 0
ARGLOG Carmack t   4.8 pos '2187.7 -422.7   8.0' spd 381.1 yaw  34.5 mode 2 st 0 gl 0 hp 88 frg 0
ARGUS Joe Rogan wallslide
ARGLOG Joe Rogan t   5.3 pos '2469.9 -309.7   8.0' spd 100.7 yaw 226.8 mode 2 st 0 gl 0 hp 55 frg 0
ARGLOG Romero t   5.3 pos '2594.9 -2308.3 120.0' spd 369.4 yaw 228 mode 2 st 0 gl 0 hp 100 frg 0
ARGLOG Carmack t   5.3 pos '2252.7 -501.3   8.0' spd 290.5 yaw  32.9 mode 2 st 0 gl 0 hp 88 frg 0
ARGLOG Joe Rogan t   5.8 pos '2466.6 -322.5   8.0' spd  47.7 yaw 188.7 mode 2 st 0 gl 0 hp 37 frg 0
ARGLOG Romero t   5.8 pos '2418.0 -2324.3 120.0' spd 412.7 yaw 139 mode 2 st 0 gl 0 hp 100 frg 0
ARGLOG Carmack t   5.8 pos '2199.3 -344.3   8.0' spd 330.8 yaw  17.0 mode 2 st 0 gl 0 hp 84 frg 0
ARGUS Joe Rogan threatmove retreat 2
ARGEVT Joe Rogan retreat
ARGEVT Romero hazard
ARGEVT Joe Rogan route 16 start '2529.0 -343.0  24.0' goal '2465.0 -1719.0  24.0'
ARGLOG Joe Rogan t   6.3 pos '2621.6 -326.5  24.0' spd 310.5 yaw 157.0 mode 0 st 0 gl 0 hp 28 frg 0
ARGLOG Romero t   6.3 pos '2439.0 -2488.1 120.0' spd 349.1 yaw 321.0 mode 0 st 0 gl 0 hp 100 frg 0
ARGLOG Carmack t   6.3 pos '2228.6 -179.1  24.0' spd 324.7 yaw 347.9 mode 2 st 0 gl 0 hp 84 frg 0
ARGEVT Joe Rogan hazard
ARGEVT Joe Rogan pursue
ARGEVT Carmack pursue
ARGEVT Joe Rogan route 16 start '2593.0 -375.0  24.0' goal '2465.0 -1719.0  24.0'
ARGUS Carmack wallslide
ARGUS routecache adopt
ARGEVT Joe Rogan route 16 start '2593.0 -375.0  24.0' goal '2465.0 -1719.0  24.0'
ARGEVT Romero route 28 start '1377.0 -1335.0 136.0' goal '2465.0 -1975.0 120.0'
ARGEVT Carmack route 5 start '2337.0 -215.0  24.0' goal '2369.0 -567.0  56.0'
ARGLOG Joe Rogan t   6.8 pos '2519.5 -358.3  24.0' spd 322.7 yaw 165 mode 2 st 0 gl 0 hp 28 frg 0
ARGLOG Romero t   6.8 pos '1363.3 -1376.0 144.0' spd 300 yaw 102 mode 2 st 0 gl 0 hp 100 frg 0
ARGLOG Carmack t   6.8 pos '2329.1 -185.8  24.0' spd 322.3 yaw 325 mode 2 st 0 gl 0 hp 84 frg 0
ARGUS Carmack hunch item_health
ARGEVT Carmack pursue
ARGEVT Carmack goal item_armorInv
ARGEVT Carmack route 5 start '2433.0 -183.0  24.0' goal '2369.0 -567.0  56.0'
ARGEVT Carmack grab item_health
ARGLOG Joe Rogan t   7.3 pos '2363.0 -333.9   8.0' spd 271.0 yaw 106.8 mode 2 st 0 gl 0 hp 28 frg 0
ARGLOG Romero t   7.3 pos '1376.7 -1307.2 136.0' spd 323.7 yaw 106 mode 2 st 0 gl 0 hp 100 frg 0
ARGLOG Carmack t   7.3 pos '2417.8 -231.7  24.0' spd 139.8 yaw 209.6 mode 2 st 0 gl 0 hp 84 frg 0
ARGEVT Romero jump
ARGEVT Carmack weapon sg
ARGEVT Carmack route 6 start '2529.0 -183.0  32.0' goal '2369.0 -567.0  56.0'
ARGLOG Joe Rogan t   7.8 pos '2324.3 -495.5   8.0' spd 321.1 yaw  48.2 mode 2 st 0 gl 0 hp 28 frg 0
ARGLOG Romero t   7.8 pos '1325.9 -1200.0 189.1' spd 114.3 yaw 101 mode 2 st 0 gl 0 hp 100 frg 0
ARGLOG Carmack t   7.8 pos '2558.0 -208.9  32.0' spd  27.3 yaw 233.3 mode 2 st 0 gl 0 hp 84 frg 0
ARGEVT Joe Rogan hazard
ARGEVT Joe Rogan pursue
ARGEVT Carmack pursue
ARGEVT Carmack pursue
ARGUS Carmack wallslide
ARGLOG Joe Rogan t   8.4 pos '2427.6 -442.1   8.0' spd 135.6 yaw  81.3 mode 2 st 0 gl 0 hp 28 frg 0
ARGLOG Romero t   8.4 pos '1277.8 -1151.3 184.0' spd 321.5 yaw 39 mode 2 st 0 gl 0 hp 100 frg 0
ARGLOG Carmack t   8.4 pos '2428.7 -236.6  24.0' spd  67.9 yaw 254.9 mode 2 st 0 gl 0 hp 84 frg 0
ARGEVT Carmack grab item_health
ARGUS routecache adopt
ARGEVT Carmack route 6 start '2529.0 -183.0  32.0' goal '2369.0 -567.0  56.0'
ARGEVT Joe Rogan route 17 start '2561.0 -503.0  24.0' goal '2465.0 -1719.0  24.0'
ARGLOG Joe Rogan t   8.9 pos '2568.1 -495.2  24.0' spd 327.9 yaw  87.8 mode 2 st 0 gl 0 hp 12 frg 0
ARGLOG Romero t   8.9 pos '1281.8 -980.8 197.2' spd 337.2 yaw  40.2 mode 0 st 0 gl 0 hp 100 frg 0
ARGLOG Carmack t   8.9 pos '2554.9 -193.8  32.0' spd 251.5 yaw 270.3 mode 2 st 0 gl 0 hp 84 frg 0
ARGEVT Joe Rogan pursue
ARGEVT Carmack pursue
ARGUS routecache adopt
ARGEVT Joe Rogan route 17 start '2561.0 -503.0  24.0' goal '2465.0 -1719.0  24.0'
ARGUS Joe Rogan hunch item_armorInv
ARGEVT Joe Rogan hazard
ARGEVT Romero route 26 start '1313.0 -1047.0 200.0' goal '2465.0 -1975.0 120.0'
ARGEVT Joe Rogan pursue
ARGEVT Joe Rogan goal item_health
ARGEVT Joe Rogan route 7 start '2561.0 -503.0  24.0' goal '2593.0 -247.0 120.0'
ARGEVT Carmack hazard
ARGLOG Joe Rogan t   9.4 pos '2620.8 -517.5  32.0' spd  78.5 yaw  19.5 mode 2 st 0 gl 0 hp 12 frg 0
ARGLOG Romero t   9.4 pos '1360.0 -885.7  60.9' spd  70.2 yaw 231 mode 2 st 0 gl 0 hp 100 frg 0
ARGLOG Carmack t   9.4 pos '2557.1 -233.5  32.0' spd 120.2 yaw 199.0 mode 2 st 0 gl 0 hp 84 frg 0
ARGUS Joe Rogan wallslide
ARGEVT Carmack pursue
ARGEVT Joe Rogan pursue
ARGLOG Joe Rogan t   9.9 pos '2529.6 -448.0  24.0' spd 388.1 yaw 138.1 mode 2 st 0 gl 0 hp 12 frg 0
ARGLOG Romero t   9.9 pos '1304.9 -1017.4  32.0' spd 322.5 yaw 226.4 mode 0 st 0 gl 0 hp 100 frg 0
ARGEVT Romero hazard
ARGLOG Carmack t   9.9 pos '2428.7 -193.5  24.0' spd 333.0 yaw 180.2 mode 2 st 0 gl 0 hp 84 frg 0
ARGEVT Romero route 25 start '1281.0 -983.0  32.0' goal '2465.0 -1975.0 120.0'
ARGLOG Joe Rogan t  10.4 pos '2369.3 -522.9   8.0' spd 242.5 yaw  75.1 mode 2 st 0 gl 0 hp 12 frg 0
ARGLOG Romero t  10.4 pos '1696.0 -956.6  20.0' spd 300 yaw 89 mode 2 st 0 gl 0 hp 100 frg 0
ARGLOG Carmack t  10.4 pos '2477.7 -163.3  24.0' spd  48.9 yaw 257.4 mode 2 st 0 gl 0 hp 84 frg 0
ARGEVT Joe Rogan hazard
ARGEVT Carmack grab item_health
ARGLOG Joe Rogan t  10.9 pos '2311.6 -513.3   8.0' spd  54.1 yaw  55.7 mode 2 st 0 gl 0 hp 12 frg 0
ARGLOG Romero t  10.9 pos '1733.3 -913.6  20.0' spd 322.9 yaw 98 mode 2 st 0 gl 0 hp 100 frg 0
ARGLOG Carmack t  10.9 pos '2558.5 -212.0  32.0' spd 139.0 yaw 234.3 mode 0 st 0 gl 0 hp 84 frg 0
ARGEVT Joe Rogan pursue
ARGEVT Carmack pursue
ARGEVT Romero hazard
ARGEVT Carmack route 6 start '2529.0 -183.0  32.0' goal '2369.0 -567.0  56.0'
ARGEVT Carmack hazard
ARGEVT Carmack pursue
ARGEVT Carmack pursue
ARGLOG Joe Rogan t  11.4 pos '2368.5 -423.0   8.0' spd 147.6 yaw  64.6 mode 2 st 0 gl 0 hp 12 frg 0
ARGLOG Romero t  11.4 pos '1739.7 -750.8  20.0' spd 321.8 yaw  98.3 mode 2 st 0 gl 0 hp 100 frg 0
ARGLOG Carmack t  11.4 pos '2446.2 -221.8  24.0' spd 115.9 yaw 219.1 mode 2 st 0 gl 0 hp 72 frg 0
ARGEVT Joe Rogan hazard
ARGUS Romero wallslide
ARGUS routecache adopt
ARGEVT Carmack route 6 start '2529.0 -183.0  32.0' goal '2369.0 -567.0  56.0'
ARGUS Joe Rogan wallslide
ARGEVT Joe Rogan pursue
ARGEVT Carmack pursue
ARGLOG Joe Rogan t  11.9 pos '2394.0 -526.7   8.0' spd 116.3 yaw  71.3 mode 2 st 0 gl 0 hp 12 frg 0
ARGLOG Romero t  11.9 pos '1744.0 -585.8  24.0' spd 324.6 yaw  73.2 mode 2 st 0 gl 0 hp 100 frg 0
ARGLOG Carmack t  11.9 pos '2558.6 -216.4  32.0' spd 131.7 yaw 232 mode 2 st 0 gl 0 hp 72 frg 0
ARGEVT Carmack pursue
ARGEVT Romero hazard
ARGLOG Joe Rogan t  12.4 pos '2410.7 -416.4   8.0' spd 194.1 yaw  83.3 mode 2 st 0 gl 0 hp 12 frg 0
ARGLOG Romero t  12.4 pos '1861.3 -480.3  56.0' spd 333.7 yaw 6 mode 2 st 0 gl 0 hp 100 frg 0
ARGLOG Carmack t  12.4 pos '2402.2 -208.7  24.0' spd 334.1 yaw 252.2 mode 2 st 0 gl 0 hp 68 frg 0
ARGEVT Romero jump
ARGUS Carmack wallslide
ARGLOG Joe Rogan t  13.0 pos '2415.4 -516.8   8.0' spd 128.9 yaw 119.3 mode 2 st 0 gl 0 hp 12 frg 0
ARGLOG Romero t  13.0 pos '2029.1 -503.2 107.9' spd 329.4 yaw  23.3 mode 2 st 0 gl 0 hp 100 frg 0
ARGLOG Carmack t  13.0 pos '2233.6 -244.5  24.0' spd 372.4 yaw 298.0 mode 2 st 0 gl 0 hp 68 frg 0
ARGLOG Joe Rogan t  13.5 pos '2377.4 -506.8   8.0' spd  50.9 yaw 132.1 mode 2 st 0 gl 0 hp 12 frg 0
ARGLOG Romero t  13.5 pos '2047.0 -356.8  88.0' spd 324.1 yaw 89 mode 2 st 0 gl 0 hp 100 frg 0
ARGLOG Carmack t  13.5 pos '2176.1 -275.9  24.0' spd 320.6 yaw 312.4 mode 2 st 0 gl 0 hp 68 frg 0
ARGEVT Romero engage Carmack
ARGUS Romero threatmove range 2
ARGLOG Joe Rogan t  14.0 pos '2426.7 -519.8   8.0' spd 320.0 yaw 105.9 mode 2 st 0 gl 0 hp 12 frg 0
ARGLOG Romero t  14.0 pos '2036.1 -191.1  24.0' spd 324.6 yaw  16.8 mode 2 st 0 gl 0 hp 100 frg 0
ARGLOG Carmack t  14.0 pos '2315.9 -171.4  24.0' spd 327.4 yaw 289.7 mode 2 st 0 gl 0 hp 44 frg 0
ARGUS Joe Rogan wallslide
ARGEVT Joe Rogan route 6 start '2465.0 -503.0   8.0' goal '2593.0 -247.0 120.0'
ARGUS Carmack wallslide
ARGEVT Carmack grab item_health
ARGLOG Joe Rogan t  14.5 pos '2580.3 -528.0  32.0' spd 134.1 yaw 104.2 mode 0 st 0 gl 0 hp 12 frg 0
ARGLOG Romero t  14.5 pos '2096.1 -36.3  24.0' spd 323.9 yaw 350.5 mode 2 st 0 gl 0 hp 100 frg 0
ARGLOG Carmack t  14.5 pos '2478.7 -146.7  24.0' spd 325.7 yaw 285.8 mode 2 st 0 gl 0 hp 44 frg 0
ARGEVT Joe Rogan route 7 start '2561.0 -503.0  24.0' goal '2593.0 -247.0 120.0'
ARGEVT Joe Rogan pursue
ARGEVT Carmack pursue
ARGUS Carmack hunch item_armorInv
ARGEVT Joe Rogan hazard
ARGEVT Carmack hazard
ARGEVT Carmack goal item_armorInv
ARGEVT Carmack route 6 start '2529.0 -183.0  32.0' goal '2369.0 -567.0  56.0'
ARGLOG Joe Rogan t  15.0 pos '2587.1 -461.8  32.0' spd 320.1 yaw 175.9 mode 2 st 0 gl 0 hp 12 frg 0
ARGLOG Romero t  15.0 pos '2170.1  -4.6  24.0' spd 326.2 yaw 329.9 mode 2 st 0 gl 0 hp 100 frg 0
ARGLOG Carmack t  15.0 pos '2543.3 -235.1  32.0' spd 346.1 yaw 154 mode 2 st 0 gl 0 hp 44 frg 0
ARGEVT Joe Rogan pursue
ARGEVT Carmack pursue
ARGLOG Joe Rogan t  15.5 pos '2423.9 -483.1   8.0' spd 347.5 yaw  86.6 mode 2 st 0 gl 0 hp 12 frg 0
ARGLOG Romero t  15.5 pos '2176.0 -170.0  24.0' spd 329.5 yaw 352.2 mode 2 st 0 gl 0 hp 100 frg 0
ARGLOG Carmack t  15.5 pos '2466.7 -173.8  24.0' spd 341.3 yaw 264.6 mode 2 st 0 gl 0 hp 44 frg 0
ARGEVT Carmack pursue
ARGUS Joe Rogan wallslide
ARGUS Carmack wallslide
ARGUS routecache adopt
ARGEVT Carmack route 6 start '2529.0 -183.0  32.0' goal '2369.0 -567.0  56.0'
ARGEVT Carmack hazard
ARGEVT Joe Rogan pursue
ARGLOG Joe Rogan t  16.0 pos '2319.2 -514.2   8.0' spd 205.0 yaw 64 mode 2 st 0 gl 0 hp 12 frg 0
ARGLOG Romero t  16.0 pos '2243.7 -323.1   8.0' spd 322.2 yaw  12.4 mode 2 st 0 gl 0 hp 100 frg 0
ARGLOG Carmack t  16.0 pos '2544.0 -228.3  32.0' spd 328.2 yaw 214.5 mode 2 st 0 gl 0 hp 32 frg 0
ARGEVT Romero pursue
ARGUS Romero bodyblock
ARGEVT Joe Rogan death Carmack pos '2325.9 -400.3   8.0'
ARGUS Carmack watch spawn
ARGLOG Romero t  16.5 pos '2286.3 -423.6   8.0' spd 375.6 yaw  49.5 mode 0 st 0 gl 0 hp 100 frg 0
ARGLOG Carmack t  16.5 pos '2389.8 -197.1  24.0' spd 326.7 yaw 174.1 mode 2 st 0 gl 0 hp 20 frg 1
ARGEVT Romero route 20 start '2273.0 -375.0   8.0' goal '2465.0 -1975.0 120.0'
ARGEVT Carmack goal item_armorInv
ARGEVT Carmack route 5 start '2337.0 -215.0  24.0' goal '2369.0 -567.0  56.0'
ARGEVT Carmack engage Romero
ARGUS Carmack threatmove range 2
ARGUS Carmack threatmove retreat 2
ARGEVT Carmack retreat
ARGLOG Romero t  17.1 pos '2360.2 -512.0   8.0' spd 356.2 yaw 102.8 mode 2 st 0 gl 0 hp 100 frg 0
ARGLOG Carmack t  17.1 pos '2227.6 -228.0  24.0' spd 288.6 yaw 289.5 mode 2 st 0 gl 0 hp 20 frg 1
ARGLOG Romero t  17.6 pos '2485.6 -396.8   8.0' spd 324.7 yaw 130.7 mode 2 st 0 gl 0 hp 100 frg 0
ARGLOG Carmack t  17.6 pos '2165.7 -72.4  24.0' spd 320.7 yaw 313.1 mode 2 st 0 gl 0 hp 20 frg 1
ARGEVT Carmack route 6 start '2177.0 -23.0  24.0' goal '2369.0 -567.0  56.0'
ARGEVT Romero pursue
ARGEVT Carmack pursue
ARGEVT Joe Rogan respawn
ARGEVT Joe Rogan plan powerup via weapon
ARGEVT Joe Rogan goal weapon_rocketlauncher
ARGLOG Joe Rogan t  18.1 pos '1712.0 -504.0  24.0' spd 0 yaw 274.8 mode 0 st 0 gl 0 hp 100 frg 0
ARGLOG Romero t  18.1 pos '2460.5 -306.8   8.0' spd 356.1 yaw 141 mode 2 st 0 gl 0 hp 100 frg 0
ARGLOG Carmack t  18.1 pos '2144.4  72.0  24.0' spd 120.3 yaw 307 mode 2 st 0 gl 0 hp 20 frg 1
ARGUS Romero wallslide
ARGEVT Joe Rogan route 17 start '1761.0 -503.0  24.0' goal '2465.0 -1719.0  24.0'
ARGUS Romero hunch item_health
ARGEVT Romero plan powerup via weapon
ARGEVT Romero goal weapon_grenadelauncher
ARGEVT Romero pursue
ARGEVT Romero route 11 start '2401.0 -343.0   8.0' goal '2049.0 -919.0 344.0'
ARGEVT Joe Rogan hazard
ARGLOG Joe Rogan t  18.6 pos '1835.3 -539.3  40.0' spd 321.4 yaw 19 mode 2 st 0 gl 0 hp 100 frg 0
ARGLOG Romero t  18.6 pos '2307.8 -372.2   8.0' spd 215.4 yaw 120.6 mode 2 st 0 gl 0 hp 100 frg 0
ARGLOG Carmack t  18.6 pos '2129.4 -27.3  24.0' spd 328.5 yaw 297.0 mode 2 st 0 gl 0 hp 20 frg 1
ARGEVT Joe Rogan jump
ARGLOG Joe Rogan t  19.1 pos '1904.2 -493.4 115.4' spd  94.3 yaw 71 mode 2 st 0 gl 0 hp 100 frg 0
ARGLOG Romero t  19.1 pos '2245.2 -316.0  24.0' spd 327.1 yaw 136.8 mode 2 st 0 gl 0 hp 99 frg 0
ARGLOG Carmack t  19.1 pos '1980.8 -90.2  24.0' spd 401.1 yaw 319.7 mode 2 st 0 gl 0 hp 4 frg 1
ARGEVT Carmack hazard
ARGEVT Joe Rogan hazard
ARGUS Joe Rogan wallslide
ARGLOG Joe Rogan t  19.6 pos '1968.2 -463.4 104.0' spd 383.9 yaw  68.5 mode 2 st 0 gl 0 hp 100 frg 0
ARGLOG Romero t  19.6 pos '2136.6 -305.7  24.0' spd 335.9 yaw 133.5 mode 2 st 0 gl 0 hp 99 frg 0
ARGLOG Carmack t  19.6 pos '1921.4 -87.9  24.0' spd 321.5 yaw 320.9 mode 2 st 0 gl 0 hp 4 frg 1
ARGEVT Joe Rogan engage Carmack
ARGUS Joe Rogan threatmove range 2
ARGEVT Carmack pursue
ARGEVT Romero pursue
ARGLOG Joe Rogan t  20.1 pos '1998.3 -392.4 104.0' spd 320.9 yaw  87.3 mode 2 st 0 gl 0 hp 100 frg 0
ARGLOG Romero t  20.1 pos '2182.4 -147.5  24.0' spd 320.2 yaw 134.1 mode 2 st 0 gl 0 hp 99 frg 0
ARGLOG Carmack t  20.1 pos '1997.9   6.5  24.0' spd 152.7 yaw 307.7 mode 2 st 0 gl 0 hp 13 frg 1
ARGEVT Carmack hazard
ARGEVT Carmack death Romero pos '1916.6 -16.1  24.0'
ARGUS Romero watch spawn
ARGEVT Joe Rogan engage Romero
ARGUS Joe Rogan threatmove range 2
ARGEVT Romero engage Joe Rogan
ARGUS Romero threatmove range 2
ARGLOG Joe Rogan t  20.6 pos '2035.1 -322.0  72.0' spd 299.9 yaw 118.3 mode 2 st 0 gl 0 hp 100 frg 0
ARGEVT Romero plan powerup via weapon
ARGEVT Romero goal weapon_grenadelauncher
ARGLOG Romero t  20.6 pos '2126.7 -141.4  24.0' spd 321.8 yaw 242.5 mode 0 st 0 gl 0 hp 99 frg 1
ARGEVT Romero route 9 start '2145.0 -119.0  24.0' goal '2049.0 -919.0 344.0'
ARGUS Romero wallslide
ARGLOG Joe Rogan t  21.1 pos '1959.6 -172.7  24.0' spd 348.0 yaw 344.4 mode 2 st 0 gl 0 hp 100 frg 0
ARGLOG Romero t  21.1 pos '2132.7 -195.3  24.0' spd 322.5 yaw 166.7 mode 2 st 0 gl 0 hp 91 frg 1
ARGEVT Joe Rogan grab 
ARGEVT Romero grab 
ARGEVT Joe Rogan hazard
ARGLOG Joe Rogan t  21.6 pos '1973.0  -6.8  24.0' spd 366.5 yaw 336.1 mode 2 st 0 gl 0 hp 100 frg 0
ARGLOG Romero t  21.6 pos '2079.7 -85.4  24.0' spd 200.0 yaw 148.9 mode 2 st 0 gl 0 hp 82 frg 1
ARGEVT Carmack respawn
ARGEVT Carmack goal item_armorInv
ARGEVT Carmack engage Romero
ARGUS Carmack threatmove range 2
ARGLOG Carmack t  22.0 pos '2624.0 -488.0  32.0' spd 0 yaw 177.2 mode 0 st 0 gl 0 hp 100 frg 1
ARGEVT Carmack route 1 start '2561.0 -503.0  24.0' goal '2369.0 -567.0  56.0'
ARGLOG Joe Rogan t  22.1 pos '1925.4 -63.3  24.0' spd 322.6 yaw 298.0 mode 2 st 0 gl 0 hp 76 frg 0
ARGLOG Romero t  22.2 pos '1970.8 -198.4  24.0' spd 390.9 yaw 116.5 mode 2 st 0 gl 0 hp 73 frg 1
ARGUS Carmack jumpapproach 0 actual 321.0
ARGEVT Carmack jump
ARGUS Carmack aircontrol
ARGEVT Romero hazard
ARGEVT Romero route 10 start '1953.0 -215.0  24.0' goal '2049.0 -919.0 344.0'
ARGLOG Carmack t  22.5 pos '2497.8 -486.5  45.0' spd 321.0 yaw 159.1 mode 2 st 0 gl 0 hp 100 frg 1
ARGEVT Carmack grab item_armorInv
ARGEVT Carmack pursue
ARGLOG Joe Rogan t  22.6 pos '2042.9 -109.0  24.0' spd 349.1 yaw 252.9 mode 2 st 0 gl 0 hp 56 frg 0
ARGLOG Romero t  22.7 pos '1996.1 -241.7  40.0' spd 343.9 yaw  66.5 mode 2 st 0 gl 0 hp 65 frg 1
ARGEVT Carmack jump
ARGEVT Romero grab item_health
ARGLOG Carmack t  23.0 pos '2357.9 -528.0  50.6' spd 272.2 yaw 138 mode 1 st 0 gl 0 hp 100 frg 1
ARGLOG Joe Rogan t  23.2 pos '2193.4 -185.0  24.0' spd 328.2 yaw 223.2 mode 2 st 0 gl 0 hp 56 frg 0
ARGLOG Romero t  23.2 pos '2047.0 -336.7  88.0' spd 320.7 yaw  49.0 mode 2 st 0 gl 0 hp 65 frg 1
ARGEVT Joe Rogan hazard
ARGEVT Joe Rogan pursue
ARGUS Joe Rogan wallslide
ARGEVT Romero pursue
ARGLOG Carmack t  23.5 pos '2213.4 -511.5   8.0' spd 346.6 yaw 126 mode 1 st 0 gl 0 hp 100 frg 1
ARGEVT Romero hazard
ARGLOG Joe Rogan t  23.7 pos '2204.0 -269.1  24.0' spd 322.9 yaw 187 mode 2 st 0 gl 0 hp 56 frg 0
ARGEVT Romero route 11 start '2017.0 -375.0 104.0' goal '2049.0 -919.0 344.0'
ARGLOG Romero t  23.7 pos '2057.0 -389.1 104.0' spd 344.6 yaw 64 mode 2 st 0 gl 0 hp 65 frg 1
ARGUS Joe Rogan hunch item_artifact_super_damage
ARGUS Carmack hunch item_artifact_super_damage
ARGEVT Carmack pursue
ARGEVT Joe Rogan plan powerup via weapon
ARGEVT Joe Rogan goal weapon_rocketlauncher
ARGEVT Romero pursue
ARGEVT Carmack plan powerup via weapon
ARGEVT Carmack goal weapon_nailgun
ARGEVT Joe Rogan pursue
ARGLOG Carmack t  24.0 pos '2154.1 -441.8   8.0' spd 316.6 yaw 345.4 mode 0 st 0 gl 0 hp 100 frg 1
ARGEVT Joe Rogan route 14 start '2209.0 -279.0  24.0' goal '2465.0 -1719.0  24.0'
ARGLOG Joe Rogan t  24.2 pos '2191.5 -356.7   8.0' spd 348.0 yaw 274.0 mode 2 st 0 gl 0 hp 56 frg 0
ARGLOG Romero t  24.2 pos '2040.8 -219.1  24.0' spd 346.0 yaw  71.2 mode 2 st 0 gl 0 hp 65 frg 1
ARGEVT Carmack route 3 start '2241.0 -471.0   8.0' goal '2433.0 -183.0  24.0'
ARGEVT Joe Rogan grab item_health
ARGUS Romero crossfire strafe
ARGEVT Joe Rogan route 15 start '2241.0 -471.0   8.0' goal '2465.0 -1719.0  24.0'
ARGLOG Carmack t  24.5 pos '2264.9 -442.7   8.0' spd 249.2 yaw 122.6 mode 2 st 0 gl 0 hp 100 frg 1
ARGEVT Joe Rogan hazard
ARGLOG Joe Rogan t  24.7 pos '2143.1 -504.3   8.0' spd 130.2 yaw 102.5 mode 2 st 0 gl 0 hp 56 frg 0
ARGLOG Romero t  24.7 pos '2025.4 -134.6  24.0' spd 323.4 yaw 292.6 mode 2 st 0 gl 0 hp 65 frg 1
ARGUS Carmack bodyblock
ARGEVT Romero pursue
ARGEVT Joe Rogan pursue
ARGUS Joe Rogan bodyblock
ARGLOG Carmack t  25.0 pos '2167.9 -452.8   8.0' spd 101.8 yaw 126.6 mode 2 st 0 gl 0 hp 92 frg 1
ARGEVT Carmack pursue
ARGLOG Joe Rogan t  25.2 pos '2199.2 -485.5   8.0' spd 269.4 yaw 109 mode 2 st 0 gl 0 hp 56 frg 0
ARGLOG Romero t  25.2 pos '1987.8 -272.4  56.0' spd 336.4 yaw 315 mode 2 st 0 gl 0 hp 65 frg 1
ARGUS Romero hunch item_armorInv
ARGLOG Carmack t  25.6 pos '2158.4 -318.0  24.0' spd 323.1 yaw 120 mode 2 st 0 gl 0 hp 92 frg 1
ARGEVT Romero goal item_health
ARGEVT Romero pursue
ARGLOG Joe Rogan t  25.7 pos '2183.7 -320.4  24.0' spd 323.2 yaw 120 mode 2 st 0 gl 0 hp 56 frg 0
ARGLOG Romero t  25.8 pos '2025.8 -362.5  88.0' spd 320.0 yaw 173.3 mode 1 st 0 gl 0 hp 65 frg 1
ARGEVT Romero hazard
ARGEVT Romero grab item_health
ARGLOG Carmack t  26.1 pos '2091.0 -157.9  24.0' spd 358.0 yaw 227.2 mode 2 st 0 gl 0 hp 92 frg 1
ARGLOG Joe Rogan t  26.2 pos '2135.5 -224.4  24.0' spd 243.4 yaw 219.0 mode 2 st 0 gl 0 hp 56 frg 0
ARGLOG Romero t  26.3 pos '1985.0 -363.9  88.0' spd 320.0 yaw  15.8 mode 1 st 0 gl 0 hp 65 frg 1
ARGEVT Joe Rogan pursue
ARGEVT Romero pursue
ARGLOG Carmack t  26.6 pos '1927.5 -102.1  24.0' spd 338.5 yaw 279.2 mode 2 st 0 gl 0 hp 92 frg 1
ARGLOG Joe Rogan t  26.8 pos '2167.7 -368.0   8.0' spd 383.6 yaw 170.6 mode 2 st 0 gl 0 hp 56 frg 0
ARGEVT Joe Rogan hazard
ARGLOG Romero t  26.8 pos '2049.1 -455.8 104.0' spd 346.8 yaw 71 mode 1 st 0 gl 0 hp 90 frg 1
ARGUS Joe Rogan wallslide
ARGLOG Carmack t  27.1 pos '2039.1 -103.7  24.0' spd 321.8 yaw 277.5 mode 2 st 0 gl 0 hp 92 frg 1
ARGUS Romero wallslide
ARGEVT Joe Rogan pursue
ARGLOG Joe Rogan t  27.3 pos '2142.4 -221.6  24.0' spd 329.7 yaw  62.1 mode 2 st 0 gl 0 hp 56 frg 0
ARGLOG Romero t  27.3 pos '2056.8 -292.6  56.0' spd 358.3 yaw 139.5 mode 1 st 0 gl 0 hp 86 frg 1
ARGEVT Romero pursue
ARGLOG Carmack t  27.6 pos '2199.2 -158.5  24.0' spd 337.2 yaw 227.3 mode 2 st 0 gl 0 hp 92 frg 1
ARGLOG Joe Rogan t  27.8 pos '2226.2 -272.8  24.0' spd 323.1 yaw 209.6 mode 2 st 0 gl 0 hp 56 frg 0
ARGLOG Romero t  27.8 pos '2043.4 -382.2 104.0' spd 340.8 yaw  19.5 mode 1 st 0 gl 0 hp 83 frg 1
ARGEVT Romero hazard
ARGEVT Joe Rogan pursue
ARGEVT Romero pursue
ARGEVT Romero pursue
ARGEVT Carmack pursue
ARGEVT Romero pursue
ARGEVT Romero pursue
ARGLOG Carmack t  28.1 pos '2206.9 -237.9  24.0' spd 320.4 yaw 201 mode 2 st 0 gl 0 hp 92 frg 1
ARGEVT Romero pursue
ARGEVT Joe Rogan hazard
ARGLOG Joe Rogan t  28.3 pos '2152.2 -355.1  24.0' spd 381.0 yaw 141.2 mode 2 st 0 gl 0 hp 56 frg 0
ARGLOG Romero t  28.3 pos '2033.6 -294.4  56.0' spd 327.7 yaw  87.9 mode 1 st 0 gl 0 hp 83 frg 1
ARGEVT Carmack hazard
ARGUS Carmack bodyblock
ARGUS Joe Rogan wallslide
ARGLOG Carmack t  28.6 pos '2176.4 -270.4  24.0' spd 164.8 yaw 101.3 mode 2 st 0 gl 0 hp 92 frg 1
ARGUS Joe Rogan bodyblock
ARGLOG Joe Rogan t  28.8 pos '2158.4 -293.6  24.0' spd 221.6 yaw 121.3 mode 2 st 0 gl 0 hp 56 frg 0
ARGLOG Romero t  28.8 pos '2065.0 -171.9  24.0' spd 203.6 yaw 316.8 mode 1 st 0 gl 0 hp 82 frg 1
ARGLOG Carmack t  29.1 pos '2107.0 -146.3  24.0' spd 316.0 yaw 222.5 mode 2 st 0 gl 0 hp 80 frg 1
ARGLOG Joe Rogan t  29.3 pos '2235.0 -256.9  24.0' spd 326.1 yaw 185.6 mode 2 st 0 gl 0 hp 44 frg 0
ARGEVT Carmack route 3 start '2049.0 -87.0  24.0' goal '2433.0 -183.0  24.0'
ARGLOG Romero t  29.3 pos '2016.8 -328.0  72.0' spd 364.9 yaw   3.8 mode 1 st 0 gl 0 hp 82 frg 1
ARGEVT Joe Rogan pursue
ARGEVT Romero pursue
ARGEVT Romero hazard
ARGUS Romero wallslide
ARGLOG Carmack t  29.6 pos '1948.7 -74.6  24.0' spd 346.8 yaw 286.2 mode 2 st 0 gl 0 hp 80 frg 1
ARGUS Joe Rogan hunch item_artifact_super_damage
ARGLOG Joe Rogan t  29.8 pos '2091.0 -188.5  24.0' spd 374.5 yaw 248.8 mode 2 st 0 gl 0 hp 44 frg 0
ARGLOG Romero t  29.8 pos '2063.2 -499.5 104.0' spd 372.6 yaw 337.0 mode 1 st 0 gl 0 hp 100 frg 1
ARGEVT Joe Rogan plan powerup via weapon
ARGEVT Joe Rogan goal weapon_rocketlauncher
ARGEVT Joe Rogan routefail
ARGEVT Joe Rogan plan powerup via weapon
ARGEVT Joe Rogan goal weapon_rocketlauncher
ARGLOG Carmack t  30.2 pos '2020.3 -83.6  24.0' spd 328.4 yaw 267.8 mode 2 st 0 gl 0 hp 80 frg 1
ARGEVT Joe Rogan route 15 start '1953.0 -215.0  24.0' goal '2465.0 -1719.0  24.0'
ARGEVT Joe Rogan hazard
ARGLOG Joe Rogan t  30.3 pos '1968.7 -255.1  40.0' spd 108.9 yaw 265.3 mode 2 st 0 gl 0 hp 44 frg 0
ARGEVT Romero grab item_artifact_super_damage
ARGLOG Romero t  30.3 pos '1909.8 -530.2  88.0' spd 265.1 yaw  78.0 mode 1 st 0 gl 0 hp 97 frg 1
ARGEVT Joe Rogan pursue
ARGEVT Romero pursue
ARGEVT Carmack pursue
ARGLOG Carmack t  30.7 pos '2063.2 -100.2  24.0' spd 320.0 yaw 248.7 mode 2 st 0 gl 0 hp 80 frg 1
ARGLOG Joe Rogan t  30.8 pos '2049.7 -367.7  88.0' spd 368.4 yaw 235.4 mode 2 st 0 gl 0 hp 44 frg 0
ARGLOG Romero t  30.8 pos '1896.8 -499.7  72.0' spd 109.1 yaw  54.2 mode 1 st 0 gl 0 hp 97 frg 1
ARGEVT Romero hazard
ARGUS Romero wallslide
ARGEVT Carmack hazard
ARGLOG Carmack t  31.2 pos '1966.2 -230.1  24.0' spd 343.8 yaw 264.9 mode 2 st 0 gl 0 hp 80 frg 1
ARGUS Carmack wallslide
ARGLOG Joe Rogan t  31.3 pos '1991.5 -402.3 104.0' spd 131.1 yaw 266.1 mode 2 st 0 gl 0 hp 44 frg 0
ARGLOG Romero t  31.4 pos '2007.8 -556.9 104.0' spd 264.0 yaw  86.4 mode 1 st 0 gl 0 hp 88 frg 1
ARGUS Joe Rogan threatmove retreat 2
ARGEVT Joe Rogan retreat
ARGLOG Carmack t  31.7 pos '2052.3 -247.6  40.0' spd  60.1 yaw 266.5 mode 2 st 0 gl 0 hp 80 frg 1
ARGLOG Joe Rogan t  31.8 pos '2054.3 -339.2  88.0' spd 320.1 yaw 258.8 mode 2 st 0 gl 0 hp 8 frg 0
ARGEVT Romero grab item_health
ARGLOG Romero t  31.9 pos '1999.5 -545.4 104.0' spd 150.5 yaw  78.9 mode 1 st 0 gl 0 hp 79 frg 1
ARGEVT Joe Rogan death Romero pos '2063.6 -239.4  24.0'
ARGUS Romero watch spawn
ARGEVT Romero engage Carmack
ARGUS Romero threatmove range 2
ARGEVT Carmack grab 
ARGLOG Carmack t  32.2 pos '2031.3 -295.1  56.0' spd 313.2 yaw 261.6 mode 2 st 0 gl 0 hp 80 frg 1
ARGEVT Romero goal item_armorInv
ARGEVT Carmack hazard
ARGEVT Romero route 9 start '1953.0 -535.0 104.0' goal '2369.0 -567.0  56.0'
ARGLOG Romero t  32.4 pos '1965.3 -533.5 104.0' spd  32.0 yaw  66.5 mode 2 st 0 gl 0 hp 79 frg 2
ARGLOG Carmack t  32.7 pos '2013.0 -239.3  24.0' spd 365.5 yaw 258.3 mode 2 st 0 gl 0 hp 80 frg 1
ARGLOG Romero t  32.9 pos '1958.6 -533.6 104.0' spd  51.2 yaw  84.3 mode 2 st 0 gl 0 hp 78 frg 2
ARGLOG Carmack t  33.2 pos '1963.1 -236.0  24.0' spd 320.0 yaw 269.7 mode 2 st 0 gl 0 hp 80 frg 1
ARGEVT Romero grab item_artifact_super_damage
ARGLOG Romero t  33.4 pos '1940.8 -530.3 104.0' spd  84.6 yaw  74.4 mode 2 st 0 gl 0 hp 78 frg 2
ARGEVT Carmack hazard
ARGEVT Joe Rogan respawn
ARGEVT Joe Rogan plan powerup via weapon
ARGEVT Joe Rogan goal weapon_rocketlauncher
ARGLOG Joe Rogan t  33.7 pos '2176.0 -2176.0  84.0' spd 0 yaw  85.2 mode 0 st 0 gl 0 hp 100 frg 0
ARGEVT Joe Rogan hazard
ARGEVT Joe Rogan route 5 start '2177.0 -2071.0  88.0' goal '2465.0 -1719.0  24.0'
ARGLOG Carmack t  33.7 pos '1999.1 -198.7  24.0' spd 344.0 yaw 257.7 mode 2 st 0 gl 0 hp 64 frg 1
ARGLOG Romero t  33.9 pos '1937.3 -528.2 104.0' spd  41.9 yaw  83.7 mode 2 st 0 gl 0 hp 78 frg 2
ARGEVT Romero pursue
ARGEVT Carmack pursue
ARGLOG Joe Rogan t  34.2 pos '2149.3 -2030.0  88.0' spd 337.9 yaw 79 mode 2 st 0 gl 0 hp 100 frg 0
ARGLOG Carmack t  34.2 pos '1956.9 -213.3  24.0' spd 354.1 yaw 266 mode 2 st 0 gl 0 hp 64 frg 1
ARGUS Carmack wallslide
ARGUS Romero wallslide
ARGEVT Romero grab item_health
ARGLOG Romero t  34.4 pos '1953.5 -472.3 104.0' spd 171.9 yaw  81.1 mode 2 st 0 gl 0 hp 78 frg 2
ARGLOG Joe Rogan t  34.7 pos '2208.1 -1868.6  24.0' spd 411.4 yaw 359 mode 2 st 0 gl 0 hp 100 frg 0
ARGEVT Romero hazard
ARGLOG Carmack t  34.7 pos '2039.6 -263.1  40.0' spd 208.0 yaw 246.8 mode 2 st 0 gl 0 hp 64 frg 1
ARGLOG Romero t  34.9 pos '1890.0 -531.0  72.0' spd 148.3 yaw  75.0 mode 2 st 0 gl 0 hp 77 frg 2
ARGEVT Carmack pursue
ARGLOG Joe Rogan t  35.2 pos '2376.3 -1821.7  24.0' spd 360.5 yaw 46 mode 1 st 0 gl 0 hp 100 frg 0
ARGEVT Romero pursue
ARGLOG Carmack t  35.2 pos '1968.0 -256.0  40.0' spd 230.9 yaw 259 mode 2 st 0 gl 0 hp 64 frg 1
ARGUS Romero hunch item_artifact_super_damage
ARGLOG Romero t  35.5 pos '1898.3 -479.4  72.0' spd  87.2 yaw 244.5 mode 2 st 0 gl 0 hp 77 frg 2
ARGEVT Joe Rogan goal item_artifact_super_damage
ARGEVT Romero goal item_armorInv
ARGUS Carmack wallslide
ARGEVT Romero pursue
ARGEVT Joe Rogan route 17 start '2465.0 -1719.0  24.0' goal '1921.0 -695.0 184.0'
ARGLOG Joe Rogan t  35.7 pos '2485.2 -1688.8  24.0' spd 393.8 yaw 93 mode 2 st 0 gl 1 hp 100 frg 0
ARGEVT Romero hazard
ARGEVT Romero route 11 start '1889.0 -535.0  72.0' goal '2369.0 -567.0  56.0'
ARGLOG Carmack t  35.8 pos '1968.0 -381.6 104.0' spd 240.1 yaw 251 mode 2 st 0 gl 0 hp 64 frg 1
ARGUS Carmack hunch item_artifact_super_damage
ARGEVT Romero grab item_artifact_super_damage
ARGEVT Carmack goal item_health
ARGEVT Carmack route 12 start '2017.0 -375.0 104.0' goal '2049.0 -983.0 344.0'
ARGLOG Romero t  36.0 pos '1961.2 -557.4 104.0' spd 210.8 yaw  50.8 mode 2 st 0 gl 0 hp 77 frg 2
ARGLOG Joe Rogan t  36.2 pos '2445.3 -1523.1  24.0' spd 331.4 yaw 87 mode 2 st 0 gl 1 hp 100 frg 0
ARGLOG Carmack t  36.3 pos '2048.0 -398.6 104.0' spd 194.2 yaw 249.7 mode 2 st 0 gl 0 hp 56 frg 1
ARGLOG Romero t  36.5 pos '1998.5 -544.5 104.0' spd 143.6 yaw  76.3 mode 2 st 0 gl 0 hp 68 frg 2
ARGUS Carmack threatmove retreat 2
ARGEVT Carmack retreat
ARGLOG Joe Rogan t  36.7 pos '2441.8 -1354.3  24.0' spd 358.5 yaw 128 mode 0 st 0 gl 1 hp 100 frg 0
ARGEVT Joe Rogan route 14 start '2401.0 -1367.0  24.0' goal '1921.0 -695.0 184.0'
ARGLOG Carmack t  36.8 pos '2025.9 -330.0  72.0' spd 355.2 yaw 268.1 mode 2 st 0 gl 0 hp 32 frg 1
ARGEVT Joe Rogan hazard
ARGEVT Romero grab item_health
ARGUS Joe Rogan wallslide
ARGLOG Romero t  37.0 pos '1981.4 -557.8 104.0' spd 207.2 yaw  79.9 mode 2 st 0 gl 0 hp 68 frg 2
ARGEVT Romero hazard
ARGUS Romero wallslide
ARGLOG Joe Rogan t  37.2 pos '2371.5 -1296.5  24.0' spd 115.5 yaw 78 mode 2 st 0 gl 1 hp 100 frg 0
ARGLOG Carmack t  37.3 pos '2048.7 -166.9  24.0' spd 322.3 yaw 256.7 mode 2 st 0 gl 0 hp 24 frg 1
ARGEVT Romero grab item_artifact_super_damage
ARGLOG Romero t  37.5 pos '1923.9 -529.3  88.0' spd 129.1 yaw  77.8 mode 2 st 0 gl 0 hp 59 frg 2
ARGLOG Joe Rogan t  37.7 pos '2455.7 -1288.9  24.0' spd 218.8 yaw 88 mode 2 st 0 gl 1 hp 100 frg 0
ARGLOG Carmack t  37.8 pos '2047.4  -4.4  24.0' spd 269.1 yaw 258.9 mode 2 st 0 gl 0 hp 24 frg 1
ARGEVT Carmack pursue
ARGEVT Romero pursue
ARGEVT Carmack hazard
ARGLOG Romero t  38.0 pos '1942.5 -493.3 104.0' spd 250.7 yaw  73.7 mode 2 st 0 gl 0 hp 59 frg 2
ARGLOG Joe Rogan t  38.2 pos '2480.2 -1127.7  24.0' spd 323.2 yaw 92 mode 2 st 0 gl 1 hp 100 frg 0
ARGEVT Romero hazard
ARGLOG Carmack t  38.3 pos '1964.1 -79.3  24.0' spd 328.9 yaw 266.4 mode 2 st 0 gl 0 hp 24 frg 1
ARGEVT Joe Rogan lift
ARGLOG Romero t  38.5 pos '1910.2 -538.8  88.0' spd 150.9 yaw  85.0 mode 2 st 0 gl 0 hp 56 frg 2
ARGEVT Joe Rogan board
ARGEVT Romero weapon axe
ARGEVT Romero jump
ARGEVT Romero pursue
ARGEVT Carmack pursue
ARGLOG Joe Rogan t  38.8 pos '2472.1 -1008.2  57.8' spd 0 yaw 64 mode 2 st 0 gl 1 hp 100 frg 0
ARGLOG Carmack t  38.8 pos '1955.8 -83.1  24.0' spd 303.8 yaw 269 mode 2 st 0 gl 0 hp 24 frg 1
ARGLOG Romero t  39.0 pos '1880.4 -493.3 112.0' spd 107.0 yaw  67.1 mode 2 st 0 gl 0 hp 56 frg 2
ARGLOG Joe Rogan t  39.3 pos '2485.3 -881.7 120.0' spd 324.7 yaw 74 mode 2 st 0 gl 1 hp 100 frg 0
ARGLOG Carmack t  39.3 pos '1973.7 -248.2  40.0' spd 320.8 yaw 265 mode 2 st 0 gl 0 hp 24 frg 1
ARGEVT Romero pursue
ARGEVT Romero grab item_health
ARGLOG Romero t  39.5 pos '1954.0 -464.0 104.0' spd 352.9 yaw  41.1 mode 2 st 0 gl 0 hp 56 frg 2
ARGUS Carmack threatmove range 1
ARGEVT Carmack route 11 start '2017.0 -279.0  56.0' goal '2049.0 -983.0 344.0'
ARGLOG Joe Rogan t  39.8 pos '2583.4 -744.3 120.0' spd 340.2 yaw 88 mode 2 st 0 gl 1 hp 100 frg 0
ARGLOG Carmack t  39.9 pos '2048.6 -322.6  72.0' spd 209.7 yaw 262.9 mode 2 st 0 gl 0 hp 24 frg 1
ARGLOG Romero t  40.1 pos '2053.1 -348.8  88.0' spd 328.8 yaw  75.9 mode 2 st 0 gl 0 hp 33 frg 2
ARGUS Romero wallslide
ARGLOG Joe Rogan t  40.3 pos '2589.7 -572.5 120.0' spd 403.0 yaw 164.4 mode 0 st 0 gl 1 hp 100 frg 0
ARGEVT Joe Rogan engage Carmack
ARGUS Joe Rogan threatmove range 2
ARGUS Joe Rogan leadclip
ARGUS Joe Rogan wallslide
ARGLOG Carmack t  40.4 pos '2072.9 -193.8  24.0' spd 322.0 yaw 282.1 mode 2 st 0 gl 0 hp 24 frg 1
ARGEVT Joe Rogan route 9 start '2593.0 -503.0 120.0' goal '1921.0 -695.0 184.0'
ARGEVT Romero grab item_health
ARGLOG Romero t  40.6 pos '2064.0 -191.3  35.2' spd 321.0 yaw  74.6 mode 2 st 0 gl 0 hp 9 frg 2
ARGEVT Carmack grab item_health
ARGEVT Romero death Carmack pos '2069.5 -129.2  24.0'
ARGUS Carmack watch spawn
ARGLOG Joe Rogan t  40.8 pos '2546.8 -430.6 163.4' spd 208.4 yaw 140.0 mode 2 st 0 gl 1 hp 45 frg 0
ARGLOG Carmack t  40.9 pos '2110.2 -60.4  24.0' spd 158.6 yaw 316.8 mode 2 st 0 gl 0 hp 4 frg 2
ARGEVT Joe Rogan grab item_health
ARGEVT Joe Rogan pursue
ARGEVT Carmack goal item_health
ARGEVT Carmack route 4 start '2145.0 -119.0  24.0' goal '2593.0 -119.0 120.0'
ARGLOG Joe Rogan t  41.3 pos '2553.3 -304.0 145.9' spd  72.5 yaw 161 mode 2 st 0 gl 1 hp 45 frg 0
ARGEVT Carmack hazard
ARGLOG Carmack t  41.4 pos '2269.2 -101.2  24.0' spd 335.4 yaw 13 mode 2 st 0 gl 0 hp 4 frg 2
ARGEVT Carmack jump
ARGLOG Joe Rogan t  41.8 pos '2556.9 -304.0 136.5' spd   5.0 yaw 161 mode 2 st 0 gl 1 hp 45 frg 0
ARGLOG Carmack t  41.9 pos '2343.7  10.1  82.6' spd 253.9 yaw 333 mode 2 st 0 gl 0 hp 4 frg 2
ARGEVT Romero respawn
ARGEVT Romero goal item_armorInv
ARGLOG Romero t  42.3 pos '2176.0 -2176.0  84.0' spd 0 yaw  85.2 mode 0 st 0 gl 0 hp 100 frg 2
ARGEVT Romero hazard
ARGEVT Romero route 3 start '2177.0 -2071.0  88.0' goal '2465.0 -1975.0 120.0'
ARGLOG Joe Rogan t  42.4 pos '2557.0 -304.0 136.0' spd 0 yaw 161 mode 2 st 0 gl 1 hp 45 frg 0
ARGLOG Carmack t  42.4 pos '2467.2 -32.9 120.0' spd 320.8 yaw 326 mode 2 st 0 gl 0 hp 4 frg 2
ARGEVT Romero door
ARGEVT Carmack engage Joe Rogan
ARGUS Carmack threatmove range 3
ARGEVT Carmack grab item_health
ARGUS Carmack threatmove retreat 3
ARGEVT Carmack retreat
ARGUS Joe Rogan wallslide
ARGUS Romero jumpapproach 0 actual 420.2
ARGEVT Romero jump
ARGUS Romero aircontrol
ARGUS Joe Rogan leadclip
ARGEVT Joe Rogan death Joe Rogan pos '2555.9 -304.0 139.0'
ARGLOG Romero t  42.8 pos '2205.0 -2022.2 102.8' spd 420.2 yaw 5 mode 2 st 0 gl 0 hp 100 frg 2
ARGLOG Carmack t  42.9 pos '2482.4 -63.6 120.0' spd 364.3 yaw 211.5 mode 1 st 0 gl 0 hp 4 frg 2
ARGEVT Romero hazard
ARGLOG Romero t  43.3 pos '2231.5 -1968.0 120.0' spd   7.2 yaw 358 mode 2 st 0 gl 0 hp 100 frg 2
ARGLOG Carmack t  43.4 pos '2371.4 -99.2  72.0' spd 189.4 yaw 313 mode 1 st 0 gl 0 hp 4 frg 2
ARGLOG Romero t  43.8 pos '2227.6 -1968.0 120.0' spd   7.9 yaw 358 mode 2 st 0 gl 0 hp 100 frg 2
ARGEVT Carmack hazard
ARGLOG Carmack t  43.9 pos '2470.2 -232.3  24.0' spd 321.7 yaw 335.7 mode 1 st 0 gl 0 hp 4 frg 2
ARGUS Carmack wallslide
ARGEVT Carmack jump
ARGEVT Joe Rogan respawn
ARGEVT Joe Rogan plan powerup via weapon
ARGEVT Joe Rogan goal weapon_grenadelauncher
ARGLOG Joe Rogan t  44.3 pos '2576.0 -1328.0  24.0' spd 0 yaw 264.9 mode 0 st 0 gl 1 hp 100 frg -1
ARGEVT Romero hazard
ARGLOG Romero t  44.3 pos '2224.0 -1968.1 119.4' spd   1.3 yaw 358 mode 2 st 0 gl 0 hp 100 frg 2
ARGEVT Joe Rogan route 13 start '2561.0 -1303.0  24.0' goal '2049.0 -919.0 344.0'
ARGLOG Carmack t  44.4 pos '2518.4 -223.6  32.0' spd 167.9 yaw 65 mode 1 st 0 gl 0 hp 4 frg 2
ARGUS Romero wallslide
ARGLOG Joe Rogan t  44.8 pos '2439.2 -1404.8  24.0' spd 398.3 yaw 129 mode 0 st 0 gl 1 hp 100 frg -1
ARGLOG Romero t  44.8 pos '2223.9 -1982.9  72.0' spd  61.1 yaw 0 mode 2 st 0 gl 0 hp 100 frg 2
ARGEVT Carmack jump
ARGEVT Joe Rogan route 13 start '2401.0 -1367.0  24.0' goal '2049.0 -919.0 344.0'
ARGLOG Carmack t  45.0 pos '2561.9 -192.7  48.0' spd 281.3 yaw 275.6 mode 1 st 0 gl 0 hp 4 frg 2
ARGEVT Joe Rogan hazard
ARGEVT Carmack hazard
ARGUS Carmack wallslide
ARGLOG Joe Rogan t  45.3 pos '2367.7 -1325.1  24.0' spd 168.9 yaw 70 mode 2 st 0 gl 1 hp 100 frg -1
ARGEVT Romero hazard
ARGLOG Romero t  45.3 pos '2223.5 -2024.0  88.0' spd  85.7 yaw 5 mode 2 st 0 gl 0 hp 100 frg 2
ARGLOG Carmack t  45.5 pos '2475.8 -228.6  24.0' spd 386.0 yaw 117.3 mode 1 st 0 gl 0 hp 4 frg 2
ARGLOG Joe Rogan t  45.8 pos '2514.3 -1244.1  24.0' spd 386.2 yaw 96 mode 2 st 0 gl 1 hp 100 frg -1
ARGLOG Romero t  45.8 pos '2223.5 -2069.1  88.0' spd  83.5 yaw 11 mode 2 st 0 gl 0 hp 100 frg 2
ARGEVT Carmack jump
ARGLOG Carmack t  46.0 pos '2487.5 -145.9  35.3' spd 337.7 yaw 317 mode 1 st 0 gl 0 hp 4 frg 2
ARGEVT Joe Rogan lift
ARGEVT Romero hazard
ARGLOG Joe Rogan t  46.3 pos '2497.8 -1070.5  24.0' spd 331.0 yaw 73 mode 2 st 0 gl 1 hp 100 frg -1
ARGLOG Romero t  46.4 pos '2222.9 -2106.3  88.0' spd  65.4 yaw 16 mode 2 st 0 gl 0 hp 100 frg 2
ARGEVT Joe Rogan board
ARGLOG Carmack t  46.5 pos '2511.3 -162.7  46.3' spd  39.4 yaw 237.7 mode 1 st 0 gl 0 hp 19 frg 2
ARGEVT Carmack jump
ARGLOG Joe Rogan t  46.8 pos '2470.9 -1007.6  83.0' spd  51.2 yaw 63 mode 2 st 0 gl 1 hp 100 frg -1
ARGLOG Romero t  46.9 pos '2223.8 -2135.4  88.0' spd  48.1 yaw 20 mode 2 st 0 gl 0 hp 100 frg 2
ARGLOG Carmack t 47 pos '2550.9 -240.0  32.7' spd 123.3 yaw  41.6 mode 1 st 0 gl 0 hp 19 frg 2
ARGEVT Carmack hazard
ARGUS Romero wallslide
ARGLOG Joe Rogan t  47.3 pos '2515.0 -841.2 120.0' spd 322.1 yaw 69 mode 2 st 0 gl 1 hp 100 frg -1
ARGLOG Romero t  47.4 pos '2224.0 -2126.8  88.0' spd 157.7 yaw 19 mode 2 st 0 gl 0 hp 100 frg 2
ARGUS Carmack wallslide
ARGLOG Carmack t  47.5 pos '2490.2 -146.2  24.0' spd 336.6 yaw 206.4 mode 1 st 0 gl 0 hp 19 frg 2
ARGEVT Carmack jump
ARGUS routecache adopt
ARGEVT Joe Rogan route 9 start '2593.0 -759.0 120.0' goal '2049.0 -919.0 344.0'
ARGLOG Joe Rogan t  47.8 pos '2589.5 -691.7 120.0' spd 329.4 yaw 89 mode 2 st 0 gl 1 hp 100 frg -1
ARGLOG Romero t  47.9 pos '2224.0 -2035.1  88.0' spd 154.0 yaw 7 mode 2 st 0 gl 0 hp 100 frg 2
ARGLOG Carmack t  48.0 pos '2360.9 -231.9  59.1' spd 372.1 yaw   7.6 mode 1 st 0 gl 0 hp 19 frg 2
ARGEVT Carmack engage Joe Rogan
ARGUS Carmack threatmove range 2
ARGEVT Joe Rogan engage Carmack
ARGUS Joe Rogan threatmove range 2
ARGUS Romero wallslide
ARGEVT Romero hazard
ARGLOG Joe Rogan t  48.4 pos '2624.5 -532.0 120.0' spd 190.8 yaw 123.1 mode 2 st 0 gl 1 hp 100 frg -1
ARGLOG Romero t  48.4 pos '2224.0 -1988.0  72.0' spd  64.9 yaw 0 mode 2 st 0 gl 0 hp 100 frg 2
ARGEVT Joe Rogan pursue
ARGLOG Carmack t  48.5 pos '2433.4 -165.9  24.0' spd 345.6 yaw 280.6 mode 1 st 0 gl 0 hp 19 frg 2
ARGEVT Joe Rogan hazard
ARGUS Joe Rogan wallslide
ARGUS Carmack wallslide
ARGEVT Carmack pursue
ARGUS Joe Rogan hunch 
ARGEVT Joe Rogan pursue
ARGLOG Joe Rogan t  48.9 pos '2550.2 -488.5 164.0' spd 106.0 yaw 313.6 mode 2 st 0 gl 1 hp 100 frg -1
ARGLOG Romero t  48.9 pos '2224.0 -1951.7  56.0' spd  87.9 yaw 356 mode 2 st 0 gl 0 hp 100 frg 2
ARGEVT Joe Rogan goal backpack
ARGUS Carmack hunch item_armorInv
ARGLOG Carmack t  49.0 pos '2445.2 -239.4  24.0' spd  69.6 yaw 118.0 mode 1 st 0 gl 0 hp 19 frg 2
ARGEVT Carmack goal item_armorInv
ARGEVT Carmack route 5 start '2433.0 -183.0  24.0' goal '2369.0 -567.0  56.0'
ARGEVT Carmack pursue
ARGUS Romero wallslide
ARGEVT Romero hazard
ARGLOG Joe Rogan t  49.4 pos '2624.6 -428.8 120.0' spd 327.9 yaw  87.3 mode 1 st 0 gl 1 hp 100 frg -1
ARGLOG Romero t  49.4 pos '2224.0 -1925.5  40.0' spd  48.9 yaw 352 mode 2 st 0 gl 0 hp 100 frg 2
ARGLOG Carmack t  49.5 pos '2304.9 -179.0  24.0' spd 419.1 yaw 240.9 mode 2 st 0 gl 0 hp 19 frg 2
ARGEVT Joe Rogan goal item_artifact_super_damage
ARGEVT Joe Rogan hazard
ARGEVT Carmack pursue
ARGEVT Joe Rogan route 8 start '2593.0 -247.0 120.0' goal '1921.0 -695.0 184.0'
ARGUS Joe Rogan wallslide
ARGLOG Joe Rogan t  49.9 pos '2561.7 -267.2 120.0' spd 306.3 yaw 151.1 mode 2 st 0 gl 2 hp 100 frg -1
ARGEVT Joe Rogan pursue
ARGLOG Romero t  49.9 pos '2224.0 -1913.0  40.0' spd   5.6 yaw 350 mode 2 st 0 gl 0 hp 100 frg 2
ARGUS Joe Rogan prefire
ARGLOG Carmack t  50.1 pos '2250.7 -357.0   8.0' spd 378.3 yaw 332 mode 2 st 0 gl 0 hp 19 frg 2
ARGLOG Joe Rogan t  50.4 pos '2421.2 -187.3  93.5' spd 358.4 yaw 190.0 mode 2 st 0 gl 2 hp 100 frg -1
ARGEVT Romero hazard
ARGLOG Romero t  50.4 pos '2224.0 -1908.3  40.0' spd  48.4 yaw 350 mode 2 st 0 gl 0 hp 100 frg 2
ARGEVT Romero abandon
ARGLOG Carmack t  50.6 pos '2381.2 -466.8   8.0' spd 322.3 yaw 339 mode 2 st 0 gl 0 hp 19 frg 2
ARGEVT Romero goal item_health
ARGEVT Romero route 4 start '2177.0 -1879.0  24.0' goal '2401.0 -1975.0 120.0'
ARGEVT Romero jump
ARGLOG Joe Rogan t  50.9 pos '2248.5 -155.1  24.0' spd 323.3 yaw 187 mode 2 st 0 gl 2 hp 100 frg -1
ARGLOG Romero t  50.9 pos '2128.0 -1890.0  67.1' spd  30.2 yaw 330 mode 2 st 0 gl 0 hp 100 frg 2
ARGLOG Carmack t  51.1 pos '2540.6 -514.1  24.0' spd 324.0 yaw 338.9 mode 2 st 0 gl 0 hp 19 frg 2
ARGEVT Carmack hazard
ARGEVT Carmack engage Joe Rogan
ARGUS Carmack threatmove range 3
ARGEVT Joe Rogan engage Carmack
ARGUS Joe Rogan threatmove range 2
ARGUS Joe Rogan leadclip
ARGEVT Joe Rogan grab item_rockets
ARGLOG Joe Rogan t  51.4 pos '2099.0 -192.6  24.0' spd  30.0 yaw 318.0 mode 2 st 0 gl 2 hp 100 frg -1
ARGLOG Romero t  51.4 pos '2136.7 -1931.5  40.0' spd 320.0 yaw 343 mode 2 st 0 gl 0 hp 100 frg 2
ARGLOG Carmack t  51.6 pos '2602.4 -466.4  32.0' spd 215.9 yaw 322.9 mode 2 st 0 gl 0 hp 19 frg 2
ARGEVT Romero door
ARGEVT Carmack pursue
ARGEVT Joe Rogan pursue
ARGLOG Joe Rogan t  51.9 pos '2224.2 -124.4  24.0' spd 346.4 yaw 318 mode 2 st 0 gl 2 hp 100 frg -1
ARGLOG Romero t  51.9 pos '2195.4 -2085.6  88.0' spd 388.0 yaw 350.3 mode 2 st 0 gl 0 hp 100 frg 2
ARGUS Carmack jumpapproach 0 actual 311.1
ARGEVT Carmack jump
ARGUS Carmack aircontrol
ARGEVT Romero hazard
ARGUS Romero wallslide
ARGUS Joe Rogan wallslide
ARGUS Romero jumpapproach 0 actual 390.2
ARGEVT Romero jump
ARGLOG Carmack t  52.1 pos '2512.7 -494.6  46.8' spd 311.1 yaw 207 mode 2 st 0 gl 0 hp 19 frg 2
ARGUS Carmack wallslide
ARGEVT Carmack jump
ARGLOG Joe Rogan t  52.4 pos '2338.4 -211.0  24.0' spd 321.1 yaw 316 mode 2 st 0 gl 2 hp 79 frg -1
ARGLOG Romero t  52.5 pos '2229.8 -1968.0 131.4' spd  35.6 yaw 358 mode 2 st 0 gl 0 hp 100 frg 2
ARGLOG Carmack t  52.6 pos '2369.2 -528.0  46.4' spd 287.0 yaw 274.8 mode 1 st 0 gl 0 hp 19 frg 2
ARGEVT Joe Rogan weapon sg
ARGEVT Joe Rogan routefail
ARGUS Carmack threatmove range 2
ARGEVT Joe Rogan goal item_armorInv
ARGEVT Joe Rogan route 5 start '2337.0 -215.0  24.0' goal '2369.0 -567.0  56.0'
ARGEVT Carmack death Joe Rogan pos '2312.8 -527.3  30.1'
ARGUS Joe Rogan watch spawn
ARGLOG Joe Rogan t  52.9 pos '2336.0 -163.4  24.0' spd 157.1 yaw 254 mode 2 st 0 gl 2 hp 79 frg 0
ARGLOG Romero t  53.0 pos '2229.5 -1968.0 120.0' spd   6.5 yaw 358 mode 2 st 0 gl 0 hp 100 frg 2
ARGEVT Romero hazard
ARGEVT Joe Rogan goal item_armorInv
ARGUS routecache adopt
ARGEVT Joe Rogan route 5 start '2337.0 -215.0  24.0' goal '2369.0 -567.0  56.0'
ARGUS Joe Rogan wallslide
ARGEVT Joe Rogan stall
ARGEVT Joe Rogan stallnode '2209.0 -279.0  24.0'
ARGEVT Joe Rogan jump
ARGEVT Romero stall
ARGEVT Romero stallnode '2401.0 -1975.0 120.0'
ARGEVT Romero jump
ARGUS routecache adopt
ARGEVT Joe Rogan route 5 start '2337.0 -215.0  24.0' goal '2369.0 -567.0  56.0'
ARGLOG Joe Rogan t  53.4 pos '2344.8 -240.0  55.3' spd 147.5 yaw 253.4 mode 0 st 1 gl 2 hp 79 frg 0
ARGLOG Romero t  53.5 pos '2227.7 -1968.1 134.8' spd  30.0 yaw 358 mode 0 st 1 gl 0 hp 100 frg 2
ARGEVT Romero route 3 start '2177.0 -1975.0  72.0' goal '2401.0 -1975.0 120.0'
ARGLOG Joe Rogan t  54.0 pos '2269.4 -240.0  24.0' spd 147.5 yaw 320 mode 2 st 1 gl 2 hp 79 frg 0
ARGLOG Romero t  54.0 pos '2232.0 -1972.9 139.9' spd  21.0 yaw 359 mode 2 st 1 gl 0 hp 100 frg 2
ARGEVT Romero hazard
ARGEVT Romero stall
ARGEVT Romero stallnode '2177.0 -2071.0  88.0'
ARGEVT Romero jump
ARGEVT Romero goal weapon_rocketlauncher
ARGEVT Romero routefail
ARGEVT Carmack respawn
ARGEVT Romero engage Carmack
ARGUS Romero threatmove range 2
ARGEVT Romero grab item_health
ARGEVT Carmack goal item_health
ARGUS routecache adopt
ARGEVT Carmack route 2 start '2177.0 -2071.0  88.0' goal '2401.0 -1975.0 120.0'
ARGEVT Carmack engage Romero
ARGUS Carmack threatmove range 2
ARGLOG Carmack t  54.5 pos '2176.0 -2176.0  84.0' spd 0 yaw  88.3 mode 0 st 0 gl 0 hp 100 frg 2
ARGLOG Joe Rogan t  54.5 pos '2252.8 -390.6   8.0' spd 413.6 yaw 340 mode 2 st 1 gl 2 hp 79 frg 0
ARGLOG Romero t  54.5 pos '2231.4 -1999.9 163.1' spd  30.0 yaw   2.9 mode 0 st 2 gl 0 hp 100 frg 2
ARGEVT Carmack hazard
ARGEVT Romero goal item_armor2
ARGEVT Romero route 21 start '2177.0 -2071.0  88.0' goal '2049.0 -983.0  32.0'
ARGEVT Romero stall
ARGEVT Romero stallnode '2177.0 -2071.0  88.0'
ARGEVT Romero jump
ARGUS routecache adopt
ARGEVT Romero route 20 start '2177.0 -1975.0  72.0' goal '2049.0 -983.0  32.0'
ARGLOG Carmack t  55.0 pos '2163.7 -2114.2  88.0' spd 193.9 yaw  64.8 mode 2 st 0 gl 0 hp 100 frg 2
ARGLOG Joe Rogan t  55.0 pos '2420.7 -444.7   8.0' spd 325.9 yaw 248 mode 2 st 1 gl 2 hp 79 frg 0
ARGLOG Romero t  55.0 pos '2232.0 -1968.2 153.2' spd   4.2 yaw 358 mode 2 st 3 gl 0 hp 76 frg 2
ARGEVT Joe Rogan door
ARGEVT Joe Rogan hazard
ARGLOG Carmack t  55.5 pos '2136.7 -1981.7  72.0' spd 216.6 yaw  15.3 mode 2 st 0 gl 0 hp 100 frg 2
ARGLOG Joe Rogan t  55.5 pos '2579.1 -508.1  32.0' spd 374.0 yaw 263.0 mode 2 st 1 gl 2 hp 79 frg 0
ARGLOG Romero t  55.5 pos '2232.0 -1974.0 120.0' spd   6.0 yaw 359 mode 2 st 3 gl 0 hp 68 frg 2
ARGEVT Romero hazard
ARGEVT Romero stall
ARGEVT Romero stallnode '2177.0 -1975.0  72.0'
ARGEVT Romero jump
ARGEVT Romero goal item_health
ARGEVT Romero route 18 start '2177.0 -1975.0  72.0' goal '2049.0 -983.0 344.0'
ARGUS Carmack threatmove high 2
ARGUS Joe Rogan wallslide
ARGEVT Carmack hazard
ARGLOG Carmack t  56.0 pos '2128.9 -1891.1  24.0' spd 321.2 yaw 319.6 mode 2 st 0 gl 0 hp 100 frg 2
ARGLOG Joe Rogan t  56.0 pos '2536.2 -528.0  26.5' spd 337.6 yaw 204 mode 2 st 1 gl 2 hp 79 frg 0
ARGLOG Romero t  56.0 pos '2230.5 -2000.0 168.9' spd  36.4 yaw 216.7 mode 2 st 4 gl 0 hp 44 frg 2
ARGUS Carmack wallslide
ARGUS Joe Rogan jumpapproach 0 actual 348.7
ARGEVT Joe Rogan jump
ARGUS Joe Rogan aircontrol
ARGLOG Carmack t  56.5 pos '2235.2 -1830.9  24.0' spd 327.5 yaw 269.1 mode 2 st 0 gl 0 hp 100 frg 2
ARGLOG Joe Rogan t  56.5 pos '2369.7 -530.1  59.6' spd 284.6 yaw 298 mode 1 st 1 gl 2 hp 79 frg 0
ARGLOG Romero t  56.5 pos '2209.9 -2000.5  88.0' spd 121.0 yaw 154.9 mode 2 st 4 gl 0 hp 40 frg 2
ARGEVT Joe Rogan hazard
ARGEVT Romero hazard
ARGLOG Carmack t  57.0 pos '2327.9 -1852.6  24.0' spd 320.6 yaw 187.8 mode 2 st 0 gl 0 hp 100 frg 2
ARGLOG Joe Rogan t  57.0 pos '2421.2 -535.3  56.0' spd  57.9 yaw 249 mode 1 st 1 gl 2 hp 79 frg 0
ARGLOG Romero t  57.0 pos '2151.8 -1875.8  24.0' spd 320.1 yaw  85.2 mode 2 st 4 gl 0 hp 40 frg 2
ARGUS Romero threatmove retreat 2
ARGEVT Romero retreat
ARGLOG Carmack t  57.5 pos '2344.7 -1890.6  24.0' spd 255.7 yaw 198.4 mode 2 st 0 gl 0 hp 100 frg 2
ARGLOG Joe Rogan t  57.5 pos '2443.1 -533.8  56.0' spd  33.5 yaw 232 mode 1 st 1 gl 2 hp 79 frg 0
ARGLOG Romero t  57.5 pos '2215.5 -1936.1  56.0' spd 320.1 yaw 305.1 mode 2 st 4 gl 0 hp 16 frg 2
ARGEVT Joe Rogan hazard
ARGUS Romero wallslide
ARGEVT Carmack hazard
ARGEVT Carmack pursue
ARGEVT Romero pursue
ARGLOG Carmack t  58.0 pos '2248.0 -1844.5  24.0' spd 348.2 yaw 249.3 mode 2 st 0 gl 0 hp 100 frg 2
ARGLOG Joe Rogan t  58.1 pos '2380.5 -535.7  56.0' spd  82.4 yaw 291 mode 1 st 1 gl 2 hp 79 frg 0
ARGLOG Romero t  58.1 pos '2205.8 -2030.7  88.0' spd 162.9 yaw 304.8 mode 2 st 4 gl 0 hp 16 frg 2
ARGLOG Carmack t  58.6 pos '2161.8 -1896.3  24.0' spd 294.3 yaw 286.2 mode 2 st 0 gl 0 hp 100 frg 2
ARGLOG Joe Rogan t  58.6 pos '2357.1 -535.7  56.0' spd  39.8 yaw 310 mode 1 st 1 gl 2 hp 79 frg 0
ARGEVT Joe Rogan hazard
ARGLOG Romero t  58.6 pos '2226.1 -2188.7  88.0' spd 327.8 yaw 288.1 mode 2 st 4 gl 0 hp 12 frg 2
ARGUS Romero wallslide
ARGUS Carmack wallslide
ARGEVT Carmack hazard
ARGEVT Romero route 20 start '2177.0 -2359.0  88.0' goal '2049.0 -983.0 344.0'
ARGEVT Romero hazard
ARGLOG Carmack t  59.1 pos '2224.0 -1907.5  40.0' spd  11.6 yaw 271.1 mode 2 st 0 gl 0 hp 100 frg 2
ARGLOG Joe Rogan t  59.1 pos '2417.0 -535.7  56.0' spd  88.2 yaw 252 mode 1 st 1 gl 2 hp 79 frg 0
ARGLOG Romero t  59.1 pos '2228.5 -2320.0  88.0' spd 0 yaw 288.1 mode 2 st 4 gl 0 hp 12 frg 2
ARGEVT Romero death Carmack pos '2228.5 -2320.0  88.0'
ARGUS Carmack watch spawn
ARGEVT Carmack goal item_health
ARGEVT Carmack route 4 start '2177.0 -1879.0  24.0' goal '2401.0 -1975.0 120.0'
ARGEVT Carmack jump
ARGLOG Carmack t  59.6 pos '2128.0 -1944.4  75.3' spd 116.2 yaw 349 mode 2 st 0 gl 0 hp 100 frg 3
ARGEVT Joe Rogan hazard
ARGLOG Joe Rogan t  59.6 pos '2441.1 -534.0  56.0' spd  42.0 yaw 233 mode 1 st 1 gl 2 hp 79 frg 0
ARGLOG Carmack t  60.1 pos '2148.7 -2030.6  88.0' spd 323.4 yaw 24 mode 2 st 0 gl 0 hp 100 frg 3
ARGEVT Carmack door
ARGLOG Joe Rogan t  60.1 pos '2386.9 -535.9  56.0' spd 146.8 yaw 285 mode 1 st 1 gl 2 hp 79 frg 0
ARGEVT Carmack hazard
ARGUS Carmack wallslide
ARGEVT Joe Rogan hazard
ARGLOG Carmack t  60.6 pos '2224.0 -2144.9  88.0' spd  21.1 yaw 21 mode 2 st 0 gl 0 hp 100 frg 3
ARGLOG Joe Rogan t  60.6 pos '2359.6 -535.9  56.0' spd  38.2 yaw 308 mode 1 st 1 gl 2 hp 79 frg 0
ARGEVT Romero respawn
ARGEVT Romero goal item_armorInv
ARGLOG Romero t  60.8 pos '2248.0 -16.0 -136.0' spd 0 yaw 354.9 mode 0 st 4 gl 0 hp 100 frg 2
ARGEVT Romero route 13 start '2241.0 -55.0 -136.0' goal '2369.0 -567.0  56.0'
ARGLOG Carmack t  61.1 pos '2224.0 -2156.1  88.0' spd  20.0 yaw 23 mode 2 st 0 gl 0 hp 100 frg 3
ARGLOG Joe Rogan t  61.1 pos '2410.4 -535.8  56.0' spd 160.8 yaw 259 mode 1 st 1 gl 2 hp 79 frg 0
ARGEVT Carmack hazard
ARGLOG Romero t  61.3 pos '2392.1 -51.7 -72.0' spd 330.6 yaw 28 mode 2 st 4 gl 0 hp 100 frg 2
ARGEVT Carmack stall
ARGEVT Carmack stallnode '2273.0 -1975.0 120.0'
ARGEVT Carmack jump
ARGEVT Carmack route 2 start '2177.0 -2071.0  88.0' goal '2401.0 -1975.0 120.0'
ARGEVT Joe Rogan hazard
ARGLOG Carmack t  61.6 pos '2224.0 -2132.2 127.8' spd  83.7 yaw 20 mode 2 st 1 gl 0 hp 100 frg 3
ARGLOG Joe Rogan t  61.6 pos '2438.4 -534.3  56.0' spd  39.8 yaw 235 mode 1 st 1 gl 2 hp 79 frg 0
ARGLOG Romero t  61.9 pos '2552.5  -1.1 -64.0' spd 326.7 yaw 87 mode 2 st 4 gl 0 hp 100 frg 2
ARGUS Carmack wallslide
ARGLOG Carmack t  62.1 pos '2224.0 -2082.3  88.0' spd 129.0 yaw 13 mode 2 st 1 gl 0 hp 100 frg 3
ARGLOG Joe Rogan t  62.1 pos '2400.8 -535.4  56.0' spd 217.8 yaw 270 mode 1 st 1 gl 2 hp 79 frg 0
ARGLOG Romero t  62.4 pos '2613.2 162.6 -72.0' spd 373.9 yaw 161 mode 2 st 4 gl 0 hp 100 frg 2
ARGEVT Carmack jump
ARGEVT Joe Rogan hazard
ARGLOG Carmack t  62.6 pos '2224.0 -2011.5 123.4' spd 150.4 yaw 3 mode 2 st 1 gl 0 hp 100 frg 3
ARGLOG Joe Rogan t  62.6 pos '2363.5 -535.4  56.0' spd  42.2 yaw 305 mode 1 st 1 gl 2 hp 79 frg 0
ARGEVT Romero jump
ARGLOG Romero t  62.9 pos '2478.2 279.9 -50.7' spd 347.4 yaw 208 mode 2 st 4 gl 0 hp 100 frg 2
ARGEVT Carmack hazard
ARGLOG Carmack t  63.1 pos '2231.6 -1968.0 120.0' spd 0 yaw 358 mode 2 st 1 gl 0 hp 100 frg 3
ARGLOG Joe Rogan t  63.2 pos '2392.8 -535.7  56.0' spd 240.5 yaw 278 mode 1 st 1 gl 2 hp 79 frg 0
ARGEVT Joe Rogan abandon
ARGLOG Romero t  63.4 pos '2402.0 299.3 -24.0' spd 272.4 yaw 218 mode 2 st 4 gl 0 hp 100 frg 2
ARGEVT Joe Rogan goal item_armor2
ARGEVT Joe Rogan route 14 start '2465.0 -503.0   8.0' goal '2049.0 -983.0  32.0'
ARGLOG Carmack t  63.6 pos '2231.6 -1968.0 120.0' spd 0 yaw 358 mode 2 st 1 gl 0 hp 100 frg 3
ARGLOG Joe Rogan t  63.7 pos '2454.5 -525.8  49.1' spd  50.1 yaw  51.8 mode 2 st 1 gl 2 hp 79 frg 0
ARGUS Romero wallslide
ARGLOG Romero t  63.9 pos '2249.5 238.3  24.0' spd 360.4 yaw 269 mode 2 st 4 gl 0 hp 100 frg 2
ARGEVT Carmack hazard
ARGLOG Carmack t  64.2 pos '2231.6 -1968.0 120.0' spd 0 yaw 358 mode 2 st 1 gl 0 hp 100 frg 3
ARGLOG Joe Rogan t  64.2 pos '2400.6 -465.4   8.0' spd 351.4 yaw 183 mode 2 st 1 gl 2 hp 79 frg 0
ARGEVT Carmack stall
ARGEVT Carmack stallnode '2401.0 -1975.0 120.0'
ARGEVT Carmack jump
ARGEVT Carmack route 3 start '2177.0 -1975.0  72.0' goal '2401.0 -1975.0 120.0'
ARGEVT Joe Rogan engage Romero
ARGUS Joe Rogan threatmove range 2
ARGEVT Joe Rogan grab item_armorInv
ARGEVT Romero engage Joe Rogan
ARGUS Romero threatmove range 2
ARGLOG Romero t  64.4 pos '2140.2  98.1  24.0' spd 344.4 yaw 281.9 mode 2 st 4 gl 0 hp 100 frg 2
ARGEVT Joe Rogan hazard
ARGLOG Carmack t  64.7 pos '2232.0 -1974.4 156.1' spd  23.8 yaw 359 mode 2 st 2 gl 0 hp 100 frg 3
ARGLOG Joe Rogan t  64.7 pos '2316.2 -513.0   8.0' spd 343.4 yaw 179.0 mode 2 st 1 gl 2 hp 79 frg 0
ARGUS Joe Rogan wallslide
ARGEVT Carmack stall
ARGEVT Carmack stallnode '2177.0 -2071.0  88.0'
ARGEVT Carmack jump
ARGLOG Romero t  64.9 pos '2202.7 -43.2  24.0' spd 352.9 yaw 292.4 mode 2 st 4 gl 0 hp 100 frg 2
ARGEVT Carmack goal weapon_rocketlauncher
ARGEVT Carmack route 4 start '2177.0 -1975.0  72.0' goal '2465.0 -1719.0  24.0'
ARGLOG Carmack t  65.2 pos '2225.6 -1968.0 161.7' spd  41.7 yaw  74.4 mode 2 st 3 gl 0 hp 100 frg 3
ARGLOG Joe Rogan t  65.2 pos '2409.3 -527.8   8.0' spd  72.3 yaw 256.9 mode 2 st 1 gl 2 hp 55 frg 0
ARGEVT Joe Rogan pursue
ARGEVT Romero pursue
ARGLOG Romero t  65.5 pos '2369.8 -71.6  72.0' spd 321.9 yaw 298.8 mode 2 st 4 gl 0 hp 100 frg 2
ARGEVT Carmack hazard
ARGEVT Carmack stall
ARGEVT Carmack stallnode '2177.0 -1975.0  72.0'
ARGEVT Carmack jump
ARGUS routecache adopt
ARGEVT Carmack route 4 start '2177.0 -1975.0  72.0' goal '2465.0 -1719.0  24.0'
ARGLOG Carmack t  65.7 pos '2232.0 -1968.1 134.8' spd   3.1 yaw 358 mode 2 st 4 gl 0 hp 100 frg 3
ARGLOG Joe Rogan t  65.7 pos '2374.8 -528.0   8.0' spd  67.9 yaw 274.2 mode 2 st 1 gl 2 hp 55 frg 0
ARGEVT Joe Rogan hazard
ARGUS Joe Rogan wallslide
ARGLOG Romero t  66.0 pos '2424.4 -147.5  75.0' spd 197.5 yaw 262.5 mode 2 st 4 gl 0 hp 100 frg 2
ARGLOG Carmack t  66.2 pos '2232.0 -1977.3 139.0' spd  27.4 yaw 0 mode 2 st 4 gl 0 hp 100 frg 3
ARGLOG Joe Rogan t  66.2 pos '2283.0 -489.1   8.0' spd 326.7 yaw 136.7 mode 2 st 1 gl 2 hp 55 frg 0
ARGEVT Carmack stall
ARGEVT Carmack stallnode '2177.0 -1975.0  72.0'
ARGEVT Carmack jump
ARGLOG Romero t  66.5 pos '2434.8 -232.9  24.0' spd 272.4 yaw 226.8 mode 2 st 4 gl 0 hp 100 frg 2
ARGEVT Carmack goal weapon_nailgun
ARGEVT Carmack route 12 start '2177.0 -2071.0  88.0' goal '2433.0 -183.0  24.0'
ARGEVT Joe Rogan pursue
ARGEVT Romero pursue
ARGLOG Carmack t  66.7 pos '2211.8 -1983.6 162.2' spd  84.1 yaw 310.6 mode 2 st 5 gl 0 hp 100 frg 3
ARGLOG Joe Rogan t  66.7 pos '2171.8 -364.4   8.0' spd 378.1 yaw 75 mode 2 st 1 gl 2 hp 55 frg 0
ARGUS Romero hunch item_armorInv
ARGEVT Romero goal item_armor2
ARGEVT Romero route 5 start '2337.0 -215.0  24.0' goal '2817.0 -55.0 -72.0'
ARGLOG Romero t  67.0 pos '2272.5 -192.4  24.0' spd 333.7 yaw 206.2 mode 2 st 4 gl 0 hp 100 frg 2
ARGEVT Carmack hazard
ARGUS Carmack wallslide
ARGLOG Carmack t  67.2 pos '2223.9 -2041.2  88.0' spd 186.1 yaw 8 mode 2 st 5 gl 0 hp 100 frg 3
ARGLOG Joe Rogan t  67.2 pos '2134.9 -221.4  24.0' spd  44.0 yaw 320.8 mode 2 st 1 gl 2 hp 47 frg 0
ARGEVT Joe Rogan grab item_rockets
ARGLOG Romero t  67.5 pos '2187.0 -61.5  24.0' spd 418.9 yaw 256.0 mode 2 st 4 gl 0 hp 100 frg 2
ARGLOG Carmack t  67.7 pos '2223.9 -2086.8  88.0' spd  72.7 yaw 14 mode 2 st 5 gl 0 hp 100 frg 3
ARGLOG Joe Rogan t  67.8 pos '2258.2 -180.5  24.0' spd 369.7 yaw 100 mode 2 st 1 gl 2 hp 47 frg 0
ARGLOG Romero t  68.0 pos '2033.6 -163.7  24.0' spd 409.8 yaw   6.9 mode 0 st 4 gl 0 hp 100 frg 2
ARGEVT Carmack abandon
ARGEVT Romero route 6 start '2017.0 -183.0  24.0' goal '2817.0 -55.0 -72.0'
ARGLOG Carmack t  68.3 pos '2199.4 -2095.4  88.0' spd 321.9 yaw 133.2 mode 0 st 5 gl 0 hp 100 frg 3
ARGLOG Joe Rogan t  68.3 pos '2248.0 -101.3  24.0' spd 277.1 yaw  85.2 mode 2 st 1 gl 2 hp 47 frg 0
ARGEVT Carmack goal backpack
ARGEVT Carmack hazard
ARGLOG Romero t  68.5 pos '2031.4 -180.2  24.0' spd 322.1 yaw  27.3 mode 2 st 4 gl 0 hp 100 frg 2
ARGUS Carmack wallslide
ARGLOG Carmack t  68.8 pos '2128.3 -2014.0  88.0' spd 202.9 yaw 282.7 mode 1 st 5 gl 0 hp 100 frg 3
ARGLOG Joe Rogan t  68.8 pos '2247.3 -97.8  24.0' spd  65.3 yaw  62.9 mode 2 st 1 gl 2 hp 43 frg 0
ARGLOG Romero t  69.1 pos '2033.5 -12.6  24.0' spd 330.1 yaw 347.1 mode 2 st 4 gl 0 hp 100 frg 2
ARGLOG Carmack t  69.3 pos '2168.0 -2167.3  84.0' spd 320.2 yaw 290 mode 1 st 5 gl 0 hp 100 frg 3
ARGLOG Joe Rogan t  69.3 pos '2263.8  -9.5  24.0' spd 328.8 yaw  99.5 mode 2 st 1 gl 2 hp 43 frg 0
ARGUS Joe Rogan wallslide
ARGLOG Romero t  69.6 pos '2086.8 -106.6  24.0' spd 326.4 yaw  19.6 mode 2 st 4 gl 0 hp 100 frg 2
ARGEVT Joe Rogan jump
ARGEVT Carmack goal weapon_supershotgun
ARGEVT Carmack route 14 start '2177.0 -2359.0  88.0' goal '2721.0 -2327.0 120.0'
ARGLOG Carmack t  69.8 pos '2226.4 -2320.0  88.0' spd  34.6 yaw 98 mode 2 st 5 gl 1 hp 100 frg 3
ARGLOG Joe Rogan t  69.8 pos '2292.9 -77.7  54.8' spd 115.5 yaw 125.5 mode 2 st 1 gl 2 hp 43 frg 0
ARGLOG Romero t  70.1 pos '2194.2 -233.1  24.0' spd 341.1 yaw  49.6 mode 2 st 4 gl 0 hp 100 frg 2
ARGEVT Carmack hazard
ARGEVT Romero hazard
ARGLOG Carmack t  70.3 pos '2136.3 -2299.5  88.0' spd 338.1 yaw 82 mode 2 st 5 gl 1 hp 100 frg 3
ARGLOG Joe Rogan t  70.3 pos '2256.6 -80.0  59.7' spd  72.6 yaw 196.4 mode 2 st 1 gl 2 hp 43 frg 0
ARGLOG Romero t  70.6 pos '2329.8 -187.9  24.0' spd 342.2 yaw 121.1 mode 2 st 4 gl 0 hp 100 frg 2
ARGUS Romero wallslide
ARGLOG Carmack t  70.8 pos '2181.9 -2139.4  84.0' spd 325.8 yaw 91 mode 2 st 5 gl 1 hp 100 frg 3
ARGLOG Joe Rogan t  70.8 pos '2185.5 -172.9  24.0' spd 370.4 yaw 292.4 mode 2 st 1 gl 2 hp 43 frg 0
ARGLOG Romero t  71.1 pos '2379.0 -223.3  24.0' spd 320.3 yaw 193.3 mode 2 st 4 gl 0 hp 100 frg 2
ARGEVT Joe Rogan route 12 start '2209.0 -279.0  24.0' goal '2049.0 -983.0  32.0'
ARGEVT Romero hazard
ARGLOG Carmack t  71.3 pos '2185.1 -1974.1  72.0' spd 320.0 yaw 32 mode 2 st 5 gl 1 hp 100 frg 3
ARGLOG Joe Rogan t  71.3 pos '2215.8 -341.8   8.0' spd 337.0 yaw 314.1 mode 2 st 1 gl 2 hp 43 frg 0
ARGEVT Joe Rogan abandon
ARGEVT Joe Rogan pursue
ARGEVT Romero pursue
ARGEVT Joe Rogan goal item_health
ARGEVT Joe Rogan route 5 start '2273.0 -375.0   8.0' goal '2593.0 -247.0 120.0'
ARGLOG Romero t  71.6 pos '2412.0 -240.0  24.0' spd  92.8 yaw 189 mode 2 st 4 gl 0 hp 100 frg 2
ARGLOG Carmack t  71.8 pos '2261.6 -1824.0  24.0' spd 450.8 yaw 55 mode 2 st 5 gl 1 hp 100 frg 3
ARGLOG Joe Rogan t  71.9 pos '2276.8 -322.7   8.0' spd 273.6 yaw  64.5 mode 2 st 1 gl 2 hp 43 frg 0
ARGLOG Romero t  72.1 pos '2308.1 -162.4  24.0' spd 333.3 yaw 229.8 mode 2 st 4 gl 0 hp 100 frg 2
ARGLOG Carmack t  72.3 pos '2449.5 -1859.9  24.0' spd 409.6 yaw 97 mode 2 st 5 gl 1 hp 100 frg 3
ARGLOG Joe Rogan t  72.4 pos '2155.9 -225.2  24.0' spd 320.3 yaw  74.1 mode 2 st 1 gl 2 hp 43 frg 0
ARGLOG Romero t  72.6 pos '2184.9 -39.6  24.0' spd 352.9 yaw 252.5 mode 2 st 4 gl 0 hp 55 frg 2
ARGEVT Romero grab item_health
ARGLOG Carmack t  72.9 pos '2498.8 -1678.0  24.0' spd 369.6 yaw 118 mode 2 st 5 gl 1 hp 100 frg 3
ARGLOG Joe Rogan t  72.9 pos '2210.5 -193.7  24.0' spd 356.2 yaw 123.9 mode 2 st 1 gl 2 hp 35 frg 0
ARGLOG Romero t  73.1 pos '2010.9  10.1  24.0' spd 345.9 yaw 320.4 mode 0 st 4 gl 0 hp 37 frg 2
ARGEVT Romero route 6 start '1953.0 -23.0  24.0' goal '2817.0 -55.0 -72.0'
ARGLOG Carmack t  73.4 pos '2431.9 -1519.4  24.0' spd 406.2 yaw 22 mode 2 st 5 gl 1 hp 100 frg 3
ARGLOG Joe Rogan t  73.4 pos '2277.9 -197.4  24.0' spd 320.6 yaw 173.9 mode 2 st 1 gl 2 hp 35 frg 0
ARGLOG Romero t  73.7 pos '1905.8 -126.5  24.0' spd 322.9 yaw 334.9 mode 2 st 4 gl 0 hp 62 frg 2
ARGUS Romero wallslide
ARGUS Joe Rogan threatmove retreat 2
ARGEVT Joe Rogan retreat
ARGEVT Romero route 6 start '1953.0 -215.0  24.0' goal '2817.0 -55.0 -72.0'
ARGLOG Carmack t  73.9 pos '2555.4 -1389.4  24.0' spd 338.8 yaw 328 mode 2 st 5 gl 1 hp 100 frg 3
ARGLOG Joe Rogan t  73.9 pos '2222.7 -346.3   8.0' spd 322.0 yaw 180.9 mode 2 st 1 gl 2 hp 11 frg 0
ARGEVT Romero pursue
ARGEVT Joe Rogan pursue
ARGLOG Romero t  74.2 pos '1941.2 -198.2  24.0' spd 322.7 yaw 340 mode 2 st 4 gl 0 hp 35 frg 2
ARGEVT Joe Rogan route 5 start '2241.0 -471.0   8.0' goal '2593.0 -247.0 120.0'
ARGEVT Carmack jump
ARGLOG Carmack t  74.4 pos '2725.1 -1432.4  35.3' spd 388.5 yaw 269 mode 2 st 5 gl 1 hp 100 frg 3
ARGLOG Joe Rogan t  74.4 pos '2187.2 -427.9   8.0' spd 330.2 yaw 136 mode 2 st 1 gl 2 hp 11 frg 0
ARGUS Joe Rogan hunch item_artifact_super_damage
ARGEVT Joe Rogan hazard
ARGEVT Joe Rogan goal item_health
ARGEVT Joe Rogan route 5 start '2177.0 -375.0   8.0' goal '2017.0 -535.0 104.0'
ARGLOG Romero t  74.7 pos '2113.0 -216.7  24.0' spd 342.0 yaw 313.4 mode 2 st 4 gl 0 hp 35 frg 2
ARGLOG Carmack t  74.9 pos '2758.5 -1524.5  72.0' spd 162.0 yaw 266 mode 2 st 5 gl 1 hp 100 frg 3
ARGLOG Joe Rogan t  74.9 pos '2136.9 -501.2   8.0' spd 321.4 yaw  68.3 mode 2 st 1 gl 2 hp 11 frg 0
ARGLOG Romero t  75.2 pos '2230.4 -261.7  24.0' spd 187.6 yaw 263.4 mode 2 st 4 gl 0 hp 35 frg 2
ARGLOG Carmack t  75.4 pos '2731.4 -1681.5 120.0' spd 320.3 yaw 268 mode 2 st 5 gl 1 hp 100 frg 3
ARGEVT Joe Rogan route 6 start '2337.0 -503.0   8.0' goal '2017.0 -535.0 104.0'
ARGLOG Joe Rogan t  75.5 pos '2300.4 -526.2   8.0' spd 321.2 yaw 128.9 mode 2 st 1 gl 2 hp 11 frg 0
ARGEVT Romero hazard
ARGLOG Romero t  75.7 pos '2168.1 -318.2  24.0' spd 329.8 yaw 315.3 mode 2 st 4 gl 0 hp 26 frg 2
ARGLOG Carmack t  75.9 pos '2722.0 -1846.1 120.0' spd 320.2 yaw 270 mode 2 st 5 gl 1 hp 100 frg 3
ARGEVT Joe Rogan death Romero pos '2444.2 -490.9   8.0'
ARGUS Romero watch spawn
ARGUS Romero wallslide
ARGEVT Romero goal item_health
ARGEVT Romero route 4 start '2209.0 -279.0  24.0' goal '2593.0 -247.0 120.0'
ARGEVT Carmack hazard
ARGLOG Romero t  76.2 pos '2256.0 -250.8  24.0' spd 0 yaw 312.0 mode 2 st 4 gl 0 hp 26 frg 3
ARGUS Carmack wallslide
ARGLOG Carmack t  76.5 pos '2716.8 -1912.0 120.0' spd 142.8 yaw 272 mode 2 st 5 gl 1 hp 100 frg 3
ARGLOG Romero t  76.7 pos '2258.2 -380.9   8.0' spd 320.1 yaw 273 mode 2 st 4 gl 0 hp 26 frg 3
ARGEVT Romero route 5 start '2241.0 -471.0   8.0' goal '2593.0 -247.0 120.0'
ARGLOG Carmack t  77.0 pos '2719.3 -1912.4 120.5' spd  15.9 yaw 271 mode 2 st 5 gl 1 hp 100 frg 3
ARGEVT Romero hazard
ARGEVT Carmack hazard
ARGLOG Romero t  77.2 pos '2281.7 -520.0   8.0' spd  48.5 yaw 95 mode 2 st 4 gl 0 hp 26 frg 3
ARGEVT Joe Rogan respawn
ARGEVT Joe Rogan goal item_armorInv
ARGEVT Joe Rogan engage Carmack
ARGUS Joe Rogan threatmove range 3
ARGLOG Joe Rogan t  77.5 pos '2576.0 -1328.0  24.0' spd 0 yaw 271.6 mode 0 st 1 gl 2 hp 100 frg 0
ARGLOG Carmack t  77.5 pos '2720.0 -1909.7 120.0' spd   4.5 yaw 271 mode 2 st 5 gl 1 hp 100 frg 3
ARGEVT Joe Rogan route 10 start '2561.0 -1303.0  24.0' goal '2465.0 -1975.0 120.0'
ARGEVT Carmack stall
ARGEVT Carmack stallnode '2721.0 -1975.0 120.0'
ARGEVT Carmack jump
ARGEVT Carmack engage Joe Rogan
ARGUS Carmack threatmove range 2
ARGUS Carmack leadclip
ARGEVT Carmack route 3 start '2721.0 -1847.0 120.0' goal '2721.0 -2327.0 120.0'
ARGLOG Romero t  77.7 pos '2202.6 -390.1   8.0' spd 444.5 yaw  26.0 mode 2 st 4 gl 0 hp 26 frg 3
ARGLOG Joe Rogan t  78.0 pos '2673.4 -1424.1  24.0' spd 328.7 yaw 280.5 mode 2 st 1 gl 2 hp 100 frg 0
ARGLOG Carmack t  78.0 pos '2722.0 -1890.7 162.7' spd  56.1 yaw  86.0 mode 2 st 6 gl 1 hp 100 frg 3
ARGLOG Romero t  78.3 pos '2378.9 -406.2   8.0' spd 483.1 yaw 227 mode 0 st 4 gl 0 hp 26 frg 3
ARGEVT Joe Rogan route 10 start '2721.0 -1399.0  24.0' goal '2465.0 -1975.0 120.0'
ARGLOG Joe Rogan t  78.5 pos '2692.1 -1445.5  24.0' spd 321.9 yaw 279.0 mode 2 st 1 gl 2 hp 100 frg 0
ARGEVT Romero hazard
ARGLOG Carmack t  78.5 pos '2779.0 -1854.2 120.0' spd 321.3 yaw  99.8 mode 2 st 6 gl 1 hp 100 frg 3
ARGEVT Romero route 6 start '2337.0 -503.0   8.0' goal '2593.0 -247.0 120.0'
ARGEVT Joe Rogan pursue
ARGUS Joe Rogan wallslide
ARGLOG Romero t  78.8 pos '2262.5 -492.3   8.0' spd 386.8 yaw 93 mode 2 st 4 gl 0 hp 26 frg 3
ARGEVT Joe Rogan pursue
ARGEVT Carmack pursue
ARGLOG Joe Rogan t  79.0 pos '2586.0 -1502.2  24.0' spd 354.5 yaw 291 mode 2 st 1 gl 2 hp 100 frg 0
ARGLOG Carmack t  79.0 pos '2948.8 -1830.3 120.0' spd 322.6 yaw 339.9 mode 2 st 6 gl 1 hp 100 frg 3
ARGEVT Carmack hazard
ARGUS Carmack hunch item_armorInv
ARGUS Carmack wallslide
ARGLOG Romero t  79.3 pos '2183.4 -331.7  24.0' spd 330.9 yaw 56 mode 2 st 4 gl 0 hp 26 frg 3
ARGEVT Carmack goal item_rockets
ARGEVT Carmack route 15 start '2785.0 -1879.0 120.0' goal '2241.0 -55.0 -136.0'
ARGUS Joe Rogan hunch item_armorInv
ARGEVT Joe Rogan pursue
ARGLOG Joe Rogan t  79.5 pos '2597.2 -1622.7  24.0' spd 208.8 yaw 131.0 mode 2 st 1 gl 2 hp 100 frg 0
ARGLOG Carmack t  79.5 pos '2881.4 -1811.2 120.0' spd 353.1 yaw 216 mode 2 st 6 gl 1 hp 100 frg 3
ARGEVT Joe Rogan goal item_armorInv
ARGEVT Joe Rogan route 8 start '2561.0 -1655.0  24.0' goal '2465.0 -1975.0 120.0'
ARGEVT Carmack pursue
ARGLOG Romero t  79.8 pos '2210.5 -170.1  24.0' spd 320.8 yaw 35 mode 2 st 4 gl 0 hp 26 frg 3
ARGLOG Joe Rogan t  80.0 pos '2430.0 -1590.3  24.0' spd 430.5 yaw 264.4 mode 2 st 1 gl 2 hp 100 frg 0
ARGLOG Carmack t  80.0 pos '2719.2 -1876.3 120.0' spd 383.0 yaw 144.8 mode 2 st 6 gl 1 hp 100 frg 3
ARGUS Carmack leadclip
ARGEVT Romero jump
ARGLOG Romero t  80.3 pos '2326.3 -39.9  64.0' spd 356.4 yaw 323 mode 2 st 4 gl 0 hp 26 frg 3
ARGLOG Joe Rogan t  80.6 pos '2476.3 -1564.9  24.0' spd 320.2 yaw 319.3 mode 2 st 1 gl 2 hp 100 frg 0
ARGLOG Carmack t  80.6 pos '2738.1 -1779.5 120.0' spd 320.1 yaw 140.7 mode 2 st 6 gl 1 hp 52 frg 3
ARGUS Carmack threatmove retreat 2
ARGEVT Carmack retreat
ARGEVT Carmack hazard
ARGLOG Romero t  80.8 pos '2402.6   9.9  88.0' spd 290.4 yaw 307 mode 2 st 4 gl 0 hp 26 frg 3
ARGLOG Joe Rogan t  81.1 pos '2596.9 -1455.6  24.0' spd 199.8 yaw 298.0 mode 2 st 1 gl 2 hp 100 frg 0
ARGLOG Carmack t  81.1 pos '2760.0 -1821.1 120.0' spd 320.1 yaw 104.1 mode 2 st 6 gl 1 hp 32 frg 3
ARGEVT Joe Rogan route 10 start '2561.0 -1399.0  24.0' goal '2465.0 -1975.0 120.0'
ARGEVT Joe Rogan pursue
ARGEVT Carmack pursue
ARGLOG Romero t  81.3 pos '2565.2 -45.3 120.0' spd 407.8 yaw 269.0 mode 1 st 4 gl 0 hp 26 frg 3
ARGEVT Carmack route 15 start '2785.0 -1879.0 120.0' goal '2241.0 -55.0 -136.0'
ARGLOG Joe Rogan t  81.6 pos '2565.2 -1531.4  24.0' spd 334.2 yaw 312 mode 2 st 1 gl 2 hp 100 frg 0
ARGLOG Carmack t  81.6 pos '2745.1 -1835.5 120.0' spd 322.2 yaw 117 mode 2 st 6 gl 1 hp 32 frg 3
ARGEVT Joe Rogan hazard
ARGLOG Romero t  81.8 pos '2578.3 -227.6 120.0' spd 340.7 yaw 276.9 mode 1 st 4 gl 0 hp 66 frg 3
ARGUS Carmack prefire
ARGEVT Carmack death Carmack pos '2692.1 -1716.6 120.0'
ARGLOG Joe Rogan t  82.1 pos '2581.3 -1680.2  24.0' spd 322.2 yaw 248.8 mode 2 st 1 gl 2 hp 100 frg 0
ARGEVT Romero hazard
ARGLOG Romero t  82.4 pos '2617.2 -400.1 120.0' spd 449.7 yaw  22.5 mode 1 st 4 gl 0 hp 66 frg 3
ARGUS Joe Rogan wallslide
ARGLOG Joe Rogan t  82.6 pos '2607.1 -1851.6  24.0' spd 325.8 yaw 184 mode 2 st 1 gl 2 hp 100 frg 0
ARGLOG Romero t  82.9 pos '2616.1 -361.9 120.0' spd 321.0 yaw 115 mode 1 st 4 gl 0 hp 66 frg 3
ARGEVT Joe Rogan engage Romero
ARGUS Joe Rogan threatmove range 2
ARGLOG Joe Rogan t  83.1 pos '2468.3 -1867.2  24.0' spd 414.8 yaw  91.7 mode 2 st 1 gl 2 hp 100 frg 0
ARGLOG Romero t  83.4 pos '2612.9 -195.5 120.0' spd 334.2 yaw 100 mode 1 st 4 gl 0 hp 66 frg 3
ARGEVT Carmack respawn
ARGEVT Carmack goal item_armorInv
ARGLOG Carmack t  83.5 pos '2560.0 -192.0  32.0' spd 0 yaw 184.8 mode 0 st 6 gl 1 hp 100 frg 2
ARGEVT Carmack route 6 start '2529.0 -183.0  32.0' goal '2369.0 -567.0  56.0'
ARGEVT Joe Rogan pursue
ARGLOG Joe Rogan t  83.6 pos '2432.2 -1701.0  24.0' spd 322.0 yaw 83 mode 2 st 1 gl 2 hp 100 frg 0
ARGEVT Carmack engage Romero
ARGUS Carmack threatmove range 2
ARGEVT Romero engage Carmack
ARGUS Romero threatmove range 2
ARGLOG Romero t  83.9 pos '2509.0 -60.0 120.0' spd 461.0 yaw 231.3 mode 1 st 4 gl 0 hp 66 frg 3
ARGEVT Carmack grab item_spikes
ARGLOG Carmack t  84.0 pos '2445.0 -203.5  24.0' spd 225.1 yaw 116.0 mode 2 st 6 gl 1 hp 100 frg 2
ARGEVT Carmack hazard
ARGLOG Joe Rogan t  84.1 pos '2446.4 -1538.3  24.0' spd 320.0 yaw 83 mode 0 st 1 gl 2 hp 100 frg 0
ARGEVT Joe Rogan route 9 start '2401.0 -1495.0  24.0' goal '2465.0 -1975.0 120.0'
ARGLOG Romero t  84.4 pos '2361.9 -80.0  93.3' spd 341.9 yaw 318.3 mode 1 st 4 gl 0 hp 66 frg 3
ARGLOG Carmack t  84.5 pos '2528.6 -215.2  32.0' spd  26.6 yaw 143.2 mode 2 st 6 gl 1 hp 100 frg 2
ARGLOG Joe Rogan t  84.6 pos '2466.0 -1379.1  24.0' spd 320.0 yaw 83 mode 2 st 1 gl 2 hp 100 frg 0
ARGEVT Romero hazard
ARGLOG Romero t  84.9 pos '2407.8  -8.9  88.0' spd 345.9 yaw 310.2 mode 1 st 4 gl 0 hp 57 frg 3
ARGLOG Carmack t  85.0 pos '2539.3 -215.1  32.0' spd  24.9 yaw 114.3 mode 2 st 6 gl 1 hp 73 frg 2
ARGEVT Joe Rogan route 10 start '2465.0 -1303.0  24.0' goal '2465.0 -1975.0 120.0'
ARGLOG Joe Rogan t  85.1 pos '2486.0 -1216.2  24.0' spd 320.0 yaw 83 mode 2 st 1 gl 2 hp 100 frg 0
ARGLOG Romero t  85.4 pos '2371.3 -116.5  56.0' spd 324.9 yaw 324.4 mode 1 st 4 gl 0 hp 57 frg 3
ARGLOG Carmack t  85.5 pos '2545.1 -184.4  32.0' spd 327.4 yaw 176.8 mode 0 st 6 gl 1 hp 73 frg 2
ARGEVT Carmack route 6 start '2529.0 -183.0  32.0' goal '2369.0 -567.0  56.0'
ARGUS Joe Rogan hunch item_armorInv
ARGEVT Joe Rogan goal backpack
ARGLOG Joe Rogan t  85.7 pos '2505.4 -1052.9  24.0' spd 340.1 yaw 102.1 mode 0 st 1 gl 2 hp 100 frg 0
ARGEVT Joe Rogan route 4 start '2497.0 -1047.0  24.0' goal '2721.0 -1719.0 120.0'
ARGEVT Romero hazard
ARGEVT Joe Rogan route 5 start '2497.0 -919.0  16.0' goal '2721.0 -1719.0 120.0'
ARGEVT Joe Rogan hazard
ARGLOG Romero t  85.9 pos '2345.8 -215.4  24.0' spd 319.1 yaw 351.8 mode 1 st 4 gl 0 hp 48 frg 3
ARGUS Joe Rogan wallslide
ARGLOG Carmack t  86.1 pos '2535.9 -200.9  32.0' spd 308.1 yaw 156.3 mode 2 st 6 gl 1 hp 73 frg 2
ARGLOG Joe Rogan t  86.2 pos '2534.8 -949.2  92.5' spd 341.0 yaw 275 mode 2 st 1 gl 2 hp 100 frg 0
ARGUS Romero wallslide
ARGLOG Romero t  86.4 pos '2388.9 -144.0  24.0' spd  42.3 yaw 334.5 mode 1 st 4 gl 0 hp 39 frg 3
ARGEVT Carmack hazard
ARGLOG Carmack t  86.6 pos '2533.8 -224.5  32.0' spd 285.0 yaw 148.9 mode 2 st 6 gl 1 hp 73 frg 2
ARGLOG Joe Rogan t  86.7 pos '2541.7 -1161.2  59.1' spd 321.7 yaw 308 mode 2 st 1 gl 2 hp 100 frg 0
ARGUS Romero threatmove retreat 2
ARGEVT Romero retreat
ARGEVT Carmack route 6 start '2529.0 -183.0  32.0' goal '2369.0 -567.0  56.0'
ARGEVT Romero jump
ARGLOG Romero t  86.9 pos '2469.2 -192.3  28.4' spd 325.2 yaw   2.9 mode 1 st 4 gl 0 hp 30 frg 3
ARGLOG Carmack t  87.1 pos '2564.4 -151.5  32.0' spd  51.2 yaw 228.7 mode 2 st 6 gl 1 hp 46 frg 2
ARGLOG Joe Rogan t  87.2 pos '2561.7 -1339.4  24.0' spd 409.3 yaw 301 mode 2 st 1 gl 2 hp 100 frg 0
ARGLOG Romero t  87.5 pos '2452.8 -240.0  43.6' spd 124.9 yaw  40.7 mode 1 st 4 gl 0 hp 12 frg 3
ARGUS Romero wallslide
ARGUS Carmack wallslide
ARGLOG Carmack t  87.6 pos '2575.9 -199.3  32.0' spd 322.5 yaw 197.3 mode 2 st 6 gl 1 hp 37 frg 2
ARGEVT Romero death Carmack pos '2418.1 -240.0  24.0'
ARGUS Carmack watch spawn
ARGLOG Joe Rogan t  87.7 pos '2718.7 -1421.8  24.0' spd 328.3 yaw 271 mode 2 st 1 gl 2 hp 100 frg 0
ARGEVT Joe Rogan hazard
ARGEVT Carmack goal backpack
ARGEVT Carmack jump
ARGLOG Carmack t  88.1 pos '2450.5 -180.2  35.5' spd 420.6 yaw 236.8 mode 1 st 6 gl 1 hp 37 frg 3
ARGEVT Carmack goal item_health
ARGEVT Carmack route 5 start '2433.0 -183.0  24.0' goal '2561.0 233.0 -72.0'
ARGLOG Joe Rogan t  88.2 pos '2744.0 -1572.3  88.0' spd 320.8 yaw 257 mode 1 st 1 gl 2 hp 100 frg 0
ARGEVT Joe Rogan goal item_armorInv
ARGEVT Joe Rogan route 12 start '2721.0 -1623.0 120.0' goal '2465.0 -1975.0 120.0'
ARGLOG Carmack t  88.6 pos '2245.3 -224.2  47.2' spd 429.4 yaw 318.5 mode 2 st 6 gl 2 hp 37 frg 3
ARGLOG Joe Rogan t  88.7 pos '2688.1 -1732.1 120.0' spd 404.6 yaw 84 mode 2 st 1 gl 3 hp 100 frg 0
ARGUS Joe Rogan wallslide
ARGLOG Carmack t  89.1 pos '2342.7 -309.8   8.0' spd 351.7 yaw 40 mode 2 st 6 gl 2 hp 37 frg 3
ARGUS Carmack wallslide
ARGEVT Romero respawn
ARGEVT Romero goal item_armorInv
ARGLOG Romero t  89.2 pos '2048.0 -1352.0 136.0' spd 0 yaw 175.2 mode 0 st 4 gl 0 hp 100 frg 3
ARGLOG Joe Rogan t  89.2 pos '2667.5 -1712.0 120.0' spd  27.4 yaw 80 mode 2 st 1 gl 3 hp 100 frg 0
ARGEVT Romero route 15 start '2049.0 -1367.0 136.0' goal '2369.0 -567.0  56.0'
ARGEVT Carmack hazard
ARGEVT Romero hazard
ARGLOG Carmack t  89.6 pos '2403.9 -304.0   8.0' spd 258.4 yaw 97 mode 2 st 6 gl 2 hp 37 frg 3
ARGLOG Romero t  89.7 pos '1946.6 -1234.0 136.0' spd  23.7 yaw 50 mode 2 st 4 gl 0 hp 100 frg 3
ARGLOG Joe Rogan t  89.7 pos '2688.0 -1609.4 104.0' spd 320.6 yaw 81 mode 2 st 1 gl 3 hp 100 frg 0
ARGLOG Carmack t  90.2 pos '2300.8 -304.1   8.0' spd 112.3 yaw 27 mode 2 st 6 gl 2 hp 37 frg 3
ARGEVT Romero jump
ARGUS Carmack wallslide
ARGLOG Romero t  90.2 pos '2095.8 -1168.0 179.5' spd 210.4 yaw 104 mode 2 st 4 gl 0 hp 100 frg 3
ARGLOG Joe Rogan t  90.2 pos '2712.6 -1446.0  24.0' spd 320.1 yaw 235 mode 2 st 1 gl 3 hp 100 frg 0
ARGEVT Joe Rogan hazard
ARGUS Joe Rogan wallslide
ARGLOG Carmack t  90.7 pos '2438.2 -304.0   8.0' spd  34.3 yaw 105 mode 2 st 6 gl 2 hp 37 frg 3
ARGLOG Romero t  90.7 pos '2080.8 -1160.9 189.7' spd  35.2 yaw 100 mode 2 st 4 gl 0 hp 100 frg 3
ARGLOG Joe Rogan t  90.8 pos '2595.7 -1370.6  24.0' spd 415.9 yaw 264 mode 2 st 1 gl 3 hp 100 frg 0
ARGLOG Carmack t  91.2 pos '2306.1 -304.0   8.0' spd 184.9 yaw 75 mode 2 st 6 gl 2 hp 37 frg 3
ARGUS Carmack wallslide
ARGLOG Romero t  91.3 pos '2037.7 -1026.6 200.0' spd 332.7 yaw 133 mode 2 st 4 gl 0 hp 100 frg 3
ARGLOG Joe Rogan t  91.3 pos '2520.2 -1533.4  24.0' spd 335.1 yaw 273 mode 2 st 1 gl 3 hp 100 frg 0
