LOG started on: 09/17/2026 22:51:47 
Playing registered version.
UDP Initialized
WIPX_OpenSocket: Address family not supported by protocol family
WIPX_Init: Unable to open control socket, IPX disabled
Exe: 20:02:47 Jul 31 2024
256.0 megabyte heap

Language initialization
Couldn't load 'localization/loc_english.txt'
from 'C:\argus\engine'

========= Quake Initialized =========

execing autoexec.cfg
SpawnServer: dm2
Clearing memory
Programs occupy 897K.
trying to open external vis file
maps/dm2.vis not found, trying argus.vis
external vis not found
ARGUS slots 4
ARGUS worldspawn reached
ARGNAV 215 nodes, 1005 links
0 entities inhibited
ARGUS init on dm2
ARGEVT Carmack spawned
ARGEVT Romero spawned
ARGEVT Joe Rogan spawned
Server spawned.
ARGLOG Joe Rogan t   1.2 pos '2624.0 -488.0  32.0' spd 0 yaw 177.6 mode 0 st 0 gl 0 hp 100 frg 0
ARGLOG Romero t   1.2 pos '2704.0 -2048.0 128.0' spd 0 yaw 317.5 mode 0 st 0 gl 0 hp 100 frg 0
ARGLOG Carmack t   1.2 pos '2560.0 -192.0  32.0' spd 0 yaw 209.6 mode 0 st 0 gl 0 hp 100 frg 0
ARGUS Carmack wallslide
ARGEVT Joe Rogan engage Carmack
ARGEVT Joe Rogan grab item_armorInv
ARGEVT Carmack engage Joe Rogan
ARGLOG Joe Rogan t   1.7 pos '2476.5 -443.6   8.0' spd 310.3 yaw  98.5 mode 0 st 0 gl 0 hp 100 frg 0
ARGLOG Romero t   1.7 pos '2712.5 -2090.9 128.0' spd 322.0 yaw 157.1 mode 0 st 0 gl 0 hp 100 frg 0
ARGLOG Carmack t   1.7 pos '2437.7 -239.5  24.0' spd  58.0 yaw 237.3 mode 0 st 0 gl 0 hp 100 frg 0
ARGEVT Joe Rogan hazard
ARGUS Joe Rogan wallslide
ARGLOG Joe Rogan t   2.2 pos '2364.1 -527.7   8.0' spd 106.6 yaw  75.1 mode 0 st 0 gl 0 hp 100 frg 0
ARGLOG Romero t   2.2 pos '2726.8 -2196.6 120.0' spd 321.3 yaw 304.1 mode 0 st 0 gl 0 hp 100 frg 0
ARGLOG Carmack t   2.2 pos '2418.7 -232.4  24.0' spd 320.6 yaw 246.9 mode 0 st 0 gl 0 hp 100 frg 0
ARGEVT Romero hazard
ARGUS Romero wallslide
ARGLOG Joe Rogan t   2.7 pos '2336.7 -528.0   8.0' spd  42.5 yaw 104.0 mode 0 st 0 gl 0 hp 100 frg 0
ARGLOG Romero t   2.7 pos '2762.0 -2238.6 120.0' spd 140.4 yaw 250.4 mode 0 st 0 gl 0 hp 100 frg 0
ARGLOG Carmack t   2.7 pos '2252.3 -240.1  24.0' spd 350.9 yaw 278.3 mode 0 st 0 gl 0 hp 100 frg 0
ARGEVT Joe Rogan hazard
ARGEVT Carmack hazard
ARGUS Joe Rogan wallslide
ARGLOG Joe Rogan t   3.2 pos '2326.2 -518.9   8.0' spd 223.2 yaw 127.3 mode 0 st 0 gl 0 hp 100 frg 0
ARGLOG Romero t   3.2 pos '2693.8 -2316.3 120.0' spd 333.1 yaw 107.7 mode 0 st 0 gl 0 hp 100 frg 0
ARGLOG Carmack t   3.2 pos '2163.6 -304.0  24.0' spd 275.0 yaw 309.5 mode 0 st 0 gl 0 hp 100 frg 0
ARGUS Carmack wallslide
ARGUS Romero wallslide
ARGLOG Joe Rogan t   3.7 pos '2439.0 -400.9   8.0' spd 325.8 yaw 126.1 mode 0 st 0 gl 0 hp 91 frg 0
ARGLOG Romero t   3.7 pos '2654.7 -2256.0 120.0' spd  30.3 yaw 107.7 mode 0 st 0 gl 0 hp 100 frg 0
ARGLOG Carmack t   3.7 pos '2283.9 -210.1  24.0' spd 327.4 yaw 325.1 mode 0 st 0 gl 0 hp 76 frg 0
ARGEVT Joe Rogan plan powerup via weapon
ARGEVT Joe Rogan goal weapon_rocketlauncher
ARGEVT Romero goal item_armorInv
ARGEVT Carmack goal item_armorInv
ARGEVT Romero hazard
ARGEVT Joe Rogan routefail
ARGEVT Joe Rogan hazard
ARGEVT Carmack grab item_health
ARGLOG Joe Rogan t   4.3 pos '2508.9 -315.1   8.0' spd 283.6 yaw 126.9 mode 0 st 0 gl 0 hp 91 frg 0
ARGLOG Romero t   4.3 pos '2615.4 -2255.8 120.0' spd 326.9 yaw 171.4 mode 0 st 0 gl 0 hp 100 frg 0
ARGLOG Carmack t   4.3 pos '2427.4 -146.4  24.0' spd 339.6 yaw 297.8 mode 0 st 0 gl 0 hp 76 frg 0
ARGEVT Joe Rogan plan powerup via weapon
ARGEVT Joe Rogan goal weapon_rocketlauncher
ARGEVT Joe Rogan route 16 start '2529.0 -343.0  24.0' goal '2465.0 -1719.0  24.0'
ARGEVT Joe Rogan pursue
ARGEVT Carmack pursue
ARGUS Joe Rogan hunch item_armorInv
ARGEVT Joe Rogan plan powerup via weapon
ARGEVT Joe Rogan goal weapon_rocketlauncher
ARGEVT Joe Rogan route 16 start '2401.0 -343.0   8.0' goal '2465.0 -1719.0  24.0'
ARGEVT Joe Rogan pursue
ARGUS Carmack hunch item_armorInv
ARGEVT Joe Rogan pursue
ARGEVT Carmack goal item_armorInv
ARGEVT Romero route 30 start '2433.0 -2263.0 120.0' goal '2465.0 -1975.0 120.0'
ARGLOG Joe Rogan t   4.8 pos '2428.9 -362.1   8.0' spd 330.6 yaw 257.0 mode 2 st 0 gl 0 hp 91 frg 0
ARGLOG Romero t   4.8 pos '2455.8 -2239.2 120.0' spd 320.0 yaw 142 mode 2 st 0 gl 0 hp 100 frg 0
ARGLOG Carmack t   4.8 pos '2500.5 -222.4  24.0' spd 269.2 yaw 165.5 mode 0 st 0 gl 0 hp 76 frg 0
ARGEVT Carmack route 5 start '2433.0 -183.0  24.0' goal '2369.0 -567.0  56.0'
ARGLOG Joe Rogan t   5.3 pos '2309.7 -447.4   8.0' spd 375.2 yaw  61.1 mode 2 st 0 gl 0 hp 91 frg 0
ARGLOG Romero t   5.3 pos '2412.5 -2357.6 120.0' spd 321.3 yaw 137 mode 2 st 0 gl 0 hp 100 frg 0
ARGLOG Carmack t   5.3 pos '2493.7 -212.3  24.0' spd 320.0 yaw 227.3 mode 2 st 0 gl 0 hp 76 frg 0
ARGEVT Carmack grab item_spikes
ARGEVT Carmack hazard
ARGEVT Carmack route 6 start '2529.0 -183.0  32.0' goal '2369.0 -567.0  56.0'
ARGEVT Joe Rogan pursue
ARGEVT Carmack pursue
ARGEVT Romero hazard
ARGEVT Romero route 29 start '2433.0 -2487.0 120.0' goal '2465.0 -1975.0 120.0'
ARGLOG Joe Rogan t   5.8 pos '2236.5 -322.3  24.0' spd 363.6 yaw 25 mode 2 st 0 gl 0 hp 91 frg 0
ARGLOG Romero t   5.8 pos '2459.6 -2499.3 120.0' spd 375.2 yaw 132 mode 2 st 0 gl 0 hp 100 frg 0
ARGLOG Carmack t   5.8 pos '2532.9 -208.8  32.0' spd 331.5 yaw 232 mode 2 st 0 gl 0 hp 76 frg 0
ARGEVT Joe Rogan hazard
ARGUS routecache adopt
ARGEVT Romero route 29 start '2433.0 -2487.0 120.0' goal '2465.0 -1975.0 120.0'
ARGUS Romero wallslide
ARGEVT Carmack pursue
ARGEVT Joe Rogan pursue
ARGEVT Carmack grab item_health
ARGLOG Joe Rogan t   6.3 pos '2270.7 -166.0  24.0' spd 320.7 yaw 351.6 mode 2 st 0 gl 0 hp 91 frg 0
ARGLOG Romero t   6.3 pos '2480.0 -2386.3 120.0' spd 155.5 yaw 138 mode 2 st 0 gl 0 hp 100 frg 0
ARGLOG Carmack t   6.3 pos '2514.9 -210.0  32.0' spd 322.5 yaw 151.8 mode 2 st 0 gl 0 hp 76 frg 0
ARGUS Joe Rogan wallslide
ARGEVT Carmack grab item_spikes
ARGEVT Joe Rogan jump
ARGUS routecache adopt
ARGEVT Romero route 28 start '1313.0 -1367.0 144.0' goal '2465.0 -1975.0 120.0'
ARGLOG Joe Rogan t   6.8 pos '2298.5   7.3  75.6' spd 373.2 yaw 324.0 mode 2 st 0 gl 0 hp 91 frg 0
ARGLOG Romero t   6.8 pos '1349.5 -1376.0 148.0' spd 300 yaw 98 mode 2 st 0 gl 0 hp 100 frg 0
ARGLOG Carmack t   6.8 pos '2546.9 -217.6  32.0' spd  77.9 yaw 126.7 mode 2 st 0 gl 0 hp 76 frg 0
ARGEVT Carmack grab item_health
ARGLOG Joe Rogan t   7.3 pos '2320.0  16.0  56.0' spd 106.8 yaw 324.0 mode 2 st 0 gl 0 hp 82 frg 0
ARGLOG Romero t   7.3 pos '1363.6 -1376.0 144.0' spd 300 yaw 102 mode 2 st 0 gl 0 hp 100 frg 0
ARGLOG Carmack t   7.3 pos '2543.0 -209.1  32.0' spd 132.9 yaw 130.9 mode 2 st 0 gl 0 hp 76 frg 0
ARGEVT Carmack grab item_spikes
ARGEVT Carmack weapon sg
ARGEVT Carmack hazard
ARGUS Carmack wallslide
ARGLOG Joe Rogan t   7.8 pos '2270.3 -96.5  24.0' spd 321.3 yaw 339.2 mode 2 st 0 gl 0 hp 74 frg 0
ARGLOG Romero t   7.8 pos '1363.6 -1254.4 136.0' spd 322.5 yaw 106 mode 2 st 0 gl 0 hp 100 frg 0
ARGLOG Carmack t   7.8 pos '2574.1 -208.6  32.0' spd 143.5 yaw 155.2 mode 2 st 0 gl 0 hp 76 frg 0
ARGEVT Romero jump
ARGEVT Carmack grab item_health
ARGEVT Joe Rogan route 14 start '2241.0 -183.0  24.0' goal '2465.0 -1719.0  24.0'
ARGLOG Joe Rogan t   8.3 pos '2234.2 -261.7  24.0' spd 329.7 yaw 357.8 mode 2 st 0 gl 0 hp 74 frg 0
ARGLOG Romero t   8.3 pos '1306.2 -1196.1 194.8' spd 124.0 yaw 96 mode 2 st 0 gl 0 hp 100 frg 0
ARGLOG Carmack t   8.3 pos '2542.7 -208.3  32.0' spd 231.4 yaw 184.6 mode 2 st 0 gl 0 hp 76 frg 0
ARGEVT Carmack grab item_spikes
ARGEVT Carmack pursue
ARGEVT Joe Rogan pursue
ARGLOG Joe Rogan t   8.8 pos '2297.4 -402.4   8.0' spd 318.8 yaw 38 mode 2 st 0 gl 0 hp 74 frg 0
ARGLOG Romero t   8.8 pos '1279.7 -1097.7 200.0' spd 320.1 yaw 35 mode 2 st 0 gl 0 hp 100 frg 0
ARGLOG Carmack t   8.8 pos '2535.0 -210.8  32.0' spd 227.7 yaw 190 mode 2 st 0 gl 0 hp 76 frg 0
ARGEVT Carmack grab item_health
ARGEVT Romero route 26 start '1313.0 -1047.0 200.0' goal '2465.0 -1975.0 120.0'
ARGLOG Joe Rogan t   9.3 pos '2469.3 -370.6   8.0' spd 321.0 yaw  76.3 mode 0 st 0 gl 0 hp 74 frg 0
ARGLOG Romero t   9.3 pos '1287.7 -924.8 173.7' spd 335.8 yaw 349.8 mode 2 st 0 gl 0 hp 100 frg 0
ARGLOG Carmack t   9.3 pos '2499.3 -215.0  24.0' spd 320.0 yaw 259.8 mode 2 st 0 gl 0 hp 76 frg 0
ARGEVT Joe Rogan route 16 start '2465.0 -407.0   8.0' goal '2465.0 -1719.0  24.0'
ARGEVT Joe Rogan pursue
ARGEVT Carmack grab item_spikes
ARGEVT Carmack route 6 start '2529.0 -183.0  32.0' goal '2369.0 -567.0  56.0'
ARGEVT Carmack pursue
ARGEVT Joe Rogan hazard
ARGEVT Carmack hazard
ARGLOG Joe Rogan t   9.9 pos '2532.7 -311.8  24.0' spd 335.7 yaw 156.0 mode 2 st 0 gl 0 hp 74 frg 0
ARGLOG Romero t   9.9 pos '1354.9 -908.2  32.0' spd 320.1 yaw 226 mode 2 st 0 gl 0 hp 100 frg 0
ARGLOG Carmack t   9.9 pos '2504.1 -237.7  24.0' spd 322.5 yaw 203.8 mode 2 st 0 gl 0 hp 76 frg 0
ARGUS Carmack wallslide
ARGUS Joe Rogan wallslide
ARGEVT Carmack pursue
ARGEVT Joe Rogan pursue
ARGEVT Carmack grab item_health
ARGEVT Romero route 25 start '1281.0 -983.0  32.0' goal '2465.0 -1975.0 120.0'
ARGLOG Joe Rogan t  10.4 pos '2425.8 -374.5   8.0' spd 273.1 yaw  83.1 mode 2 st 0 gl 0 hp 74 frg 0
ARGLOG Romero t  10.4 pos '1696.0 -937.4  26.5' spd 300 yaw 286.3 mode 0 st 0 gl 0 hp 100 frg 0
ARGLOG Carmack t  10.4 pos '2461.4 -221.7  24.0' spd 321.8 yaw 267.3 mode 2 st 0 gl 0 hp 76 frg 0
ARGUS routecache adopt
ARGEVT Romero route 23 start '1697.0 -663.0  24.0' goal '2465.0 -1975.0 120.0'
ARGEVT Joe Rogan pursue
ARGEVT Carmack pursue
ARGUS Carmack hunch item_armorInv
ARGEVT Carmack goal item_armorInv
ARGEVT Carmack route 6 start '2529.0 -183.0  32.0' goal '2369.0 -567.0  56.0'
ARGLOG Joe Rogan t  10.9 pos '2426.6 -345.8   8.0' spd 354.1 yaw 80 mode 2 st 0 gl 0 hp 74 frg 0
ARGLOG Romero t  10.9 pos '1696.0 -956.0  20.0' spd 300 yaw 81 mode 2 st 0 gl 0 hp 100 frg 0
ARGLOG Carmack t  10.9 pos '2550.6 -223.8  32.0' spd  56.7 yaw  86.3 mode 2 st 0 gl 0 hp 76 frg 0
ARGEVT Carmack pursue
ARGUS Joe Rogan wallslide
ARGEVT Carmack hazard
ARGUS Joe Rogan hunch item_armorInv
ARGEVT Joe Rogan plan powerup via weapon
ARGEVT Joe Rogan goal weapon_rocketlauncher
ARGEVT Joe Rogan route 16 start '2401.0 -343.0   8.0' goal '2465.0 -1719.0  24.0'
ARGLOG Joe Rogan t  11.4 pos '2454.9 -304.1   8.0' spd 106.9 yaw 102.8 mode 2 st 0 gl 0 hp 74 frg 0
ARGLOG Romero t  11.4 pos '1698.6 -864.6  20.0' spd 320.0 yaw 80 mode 2 st 0 gl 0 hp 100 frg 0
ARGLOG Carmack t  11.4 pos '2443.4 -156.0  24.0' spd 332.1 yaw 195.7 mode 2 st 0 gl 0 hp 76 frg 0
ARGEVT Joe Rogan hazard
ARGEVT Joe Rogan pursue
ARGLOG Joe Rogan t  11.9 pos '2410.9 -348.5   8.0' spd 320.3 yaw 136.2 mode 2 st 0 gl 0 hp 74 frg 0
ARGLOG Romero t  11.9 pos '1706.7 -699.5  24.0' spd 322.6 yaw 42 mode 2 st 0 gl 0 hp 100 frg 0
ARGLOG Carmack t  11.9 pos '2298.4 -226.2  24.0' spd  73.3 yaw 312.9 mode 2 st 0 gl 0 hp 76 frg 0
ARGEVT Carmack grab item_health
ARGEVT Joe Rogan pursue
ARGLOG Joe Rogan t  12.4 pos '2340.9 -402.9   8.0' spd 320.2 yaw  66.8 mode 2 st 0 gl 0 hp 74 frg 0
ARGLOG Romero t  12.4 pos '1746.8 -543.6  24.0' spd 325.4 yaw  56.6 mode 2 st 0 gl 0 hp 100 frg 0
ARGLOG Carmack t  12.4 pos '2436.7 -198.0  24.0' spd 320.3 yaw 248.8 mode 2 st 0 gl 0 hp 76 frg 0
ARGEVT Romero hazard
ARGEVT Romero jump
ARGEVT Carmack route 6 start '2529.0 -183.0  32.0' goal '2369.0 -567.0  56.0'
ARGEVT Joe Rogan pursue
ARGLOG Joe Rogan t  12.9 pos '2500.7 -443.2   8.0' spd 323.8 yaw  75.0 mode 2 st 0 gl 0 hp 74 frg 0
ARGLOG Romero t  12.9 pos '1889.7 -484.0  83.8' spd 330.2 yaw 10 mode 2 st 0 gl 0 hp 100 frg 0
ARGEVT Carmack pursue
ARGLOG Carmack t  12.9 pos '2542.8 -167.5  32.0' spd 218.8 yaw 251.5 mode 2 st 0 gl 0 hp 76 frg 0
ARGEVT Joe Rogan hazard
ARGUS Joe Rogan wallslide
ARGEVT Joe Rogan route 16 start '2465.0 -407.0   8.0' goal '2465.0 -1719.0  24.0'
ARGEVT Carmack hazard
ARGEVT Carmack pursue
ARGEVT Carmack pursue
ARGUS Carmack wallslide
ARGLOG Joe Rogan t  13.4 pos '2488.2 -321.6   8.0' spd 347.4 yaw 119.5 mode 2 st 0 gl 0 hp 74 frg 0
ARGLOG Romero t  13.4 pos '2052.7 -479.7 104.0' spd 325.1 yaw 90 mode 2 st 0 gl 0 hp 100 frg 0
ARGLOG Carmack t  13.4 pos '2406.7 -239.6  24.0' spd 295.8 yaw 261 mode 2 st 0 gl 0 hp 76 frg 0
ARGLOG Joe Rogan t  13.9 pos '2574.5 -325.2  24.0' spd 334.4 yaw 115.4 mode 2 st 0 gl 0 hp 74 frg 0
ARGLOG Romero t  13.9 pos '2045.8 -309.6  72.0' spd 329.1 yaw 48 mode 2 st 0 gl 0 hp 100 frg 0
ARGLOG Carmack t  13.9 pos '2502.1 -176.2  24.0' spd 320.8 yaw 299.7 mode 2 st 0 gl 0 hp 76 frg 0
ARGEVT Carmack grab item_health
ARGEVT Joe Rogan pursue
ARGEVT Carmack pursue
ARGEVT Joe Rogan hazard
ARGEVT Romero engage Carmack
ARGEVT Carmack route 6 start '2529.0 -183.0  32.0' goal '2369.0 -567.0  56.0'
ARGEVT Carmack hazard
ARGUS Carmack wallslide
ARGEVT Joe Rogan pursue
ARGLOG Joe Rogan t  14.5 pos '2453.2 -308.6   8.0' spd 321.6 yaw 175.1 mode 2 st 0 gl 0 hp 74 frg 0
ARGLOG Romero t  14.5 pos '2049.0 -318.0  72.0' spd 320.6 yaw   3.2 mode 2 st 0 gl 0 hp 100 frg 0
ARGLOG Carmack t  14.5 pos '2473.3 -239.9  24.0' spd 324.6 yaw 167.2 mode 2 st 0 gl 0 hp 76 frg 0
ARGEVT Joe Rogan grab item_health
ARGEVT Romero hazard
ARGUS Joe Rogan wallslide
ARGLOG Joe Rogan t  15.0 pos '2438.4 -313.3   8.0' spd 168.5 yaw  51.0 mode 2 st 0 gl 0 hp 74 frg 0
ARGLOG Romero t  15.0 pos '2057.3 -278.6  56.0' spd 320.0 yaw 92 mode 2 st 0 gl 0 hp 100 frg 0
ARGLOG Carmack t  15.0 pos '2525.6 -203.4  32.0' spd 333.0 yaw 235.0 mode 2 st 0 gl 0 hp 76 frg 0
ARGUS routecache adopt
ARGEVT Carmack route 6 start '2529.0 -183.0  32.0' goal '2369.0 -567.0  56.0'
ARGEVT Carmack pursue
ARGEVT Carmack pursue
ARGEVT Joe Rogan pursue
ARGEVT Carmack pursue
ARGLOG Joe Rogan t  15.5 pos '2428.1 -306.7   8.0' spd 320.1 yaw 177.7 mode 2 st 0 gl 0 hp 74 frg 0
ARGLOG Romero t  15.5 pos '2070.0 -117.8  24.0' spd 326.5 yaw 350.3 mode 2 st 0 gl 0 hp 100 frg 0
ARGLOG Carmack t  15.5 pos '2473.8 -239.8  24.0' spd 327.2 yaw 223.6 mode 2 st 0 gl 0 hp 76 frg 0
ARGUS Carmack wallslide
ARGEVT Carmack grab item_health
ARGEVT Joe Rogan hazard
ARGUS Joe Rogan wallslide
ARGLOG Joe Rogan t  16.0 pos '2457.9 -313.2   8.0' spd 152.9 yaw  63.9 mode 2 st 0 gl 0 hp 74 frg 0
ARGLOG Romero t  16.0 pos '2076.6 -187.2  24.0' spd 324.8 yaw 355.8 mode 2 st 0 gl 0 hp 100 frg 0
ARGLOG Carmack t  16.0 pos '2532.8 -160.5  32.0' spd 384.5 yaw 247.3 mode 0 st 0 gl 0 hp 76 frg 0
ARGUS routecache adopt
ARGEVT Carmack route 6 start '2529.0 -183.0  32.0' goal '2369.0 -567.0  56.0'
ARGEVT Carmack pursue
ARGEVT Joe Rogan pursue
ARGLOG Joe Rogan t  16.5 pos '2598.7 -347.5  24.0' spd 329.2 yaw   1.4 mode 2 st 0 gl 0 hp 74 frg 0
ARGLOG Romero t  16.5 pos '2099.6 -130.8  24.0' spd 324.2 yaw 354.9 mode 2 st 0 gl 0 hp 100 frg 0
ARGLOG Carmack t  16.5 pos '2488.8 -223.7  24.0' spd 323.8 yaw 232 mode 2 st 0 gl 0 hp 72 frg 0
ARGEVT Carmack pursue
ARGUS Carmack wallslide
ARGEVT Joe Rogan route 16 start '2593.0 -375.0  24.0' goal '2465.0 -1719.0  24.0'
ARGEVT Joe Rogan hazard
ARGUS routecache adopt
ARGEVT Joe Rogan route 16 start '2593.0 -375.0  24.0' goal '2465.0 -1719.0  24.0'
ARGEVT Carmack pursue
ARGEVT Joe Rogan pursue
ARGUS routecache adopt
ARGEVT Joe Rogan route 16 start '2593.0 -375.0  24.0' goal '2465.0 -1719.0  24.0'
ARGLOG Joe Rogan t  17.0 pos '2632.6 -351.2  24.0' spd 324.5 yaw 290.3 mode 0 st 0 gl 0 hp 74 frg 0
ARGLOG Romero t  17.0 pos '2180.0  15.0  24.0' spd 339.6 yaw 312.2 mode 2 st 0 gl 0 hp 100 frg 0
ARGLOG Carmack t  17.0 pos '2333.0 -229.4  24.0' spd 320.6 yaw 178.7 mode 2 st 0 gl 0 hp 64 frg 0
ARGUS routecache adopt
ARGEVT Joe Rogan route 16 start '2593.0 -375.0  24.0' goal '2465.0 -1719.0  24.0'
ARGUS Joe Rogan wallslide
ARGUS Carmack hunch item_armorInv
ARGEVT Carmack pursue
ARGEVT Carmack goal item_armorInv
ARGEVT Carmack route 4 start '2209.0 -279.0  24.0' goal '2369.0 -567.0  56.0'
ARGEVT Joe Rogan grab item_health
ARGLOG Joe Rogan t  17.5 pos '2489.2 -364.4   8.0' spd 335.0 yaw 176.3 mode 2 st 0 gl 0 hp 74 frg 0
ARGLOG Romero t  17.5 pos '2087.8 -39.6  24.0' spd 320.1 yaw 293.2 mode 2 st 0 gl 0 hp 100 frg 0
ARGLOG Carmack t  17.5 pos '2201.3 -302.7  24.0' spd 327.5 yaw 335.0 mode 2 st 0 gl 0 hp 64 frg 0
ARGEVT Joe Rogan hazard
ARGEVT Carmack grab item_health
ARGLOG Joe Rogan t  18.0 pos '2465.5 -315.5   8.0' spd  28.7 yaw 206.6 mode 2 st 0 gl 0 hp 74 frg 0
ARGLOG Romero t  18.0 pos '1956.3 -137.3  24.0' spd 321.0 yaw 304.4 mode 2 st 0 gl 0 hp 100 frg 0
ARGLOG Carmack t  18.0 pos '2195.9 -469.6   8.0' spd 344.3 yaw  23.8 mode 2 st 0 gl 0 hp 48 frg 0
ARGEVT Carmack retreat
ARGEVT Carmack hazard
ARGEVT Romero pursue
ARGUS Romero wallslide
ARGEVT Romero route 20 start '1953.0 -215.0  24.0' goal '2465.0 -1975.0 120.0'
ARGLOG Joe Rogan t  18.5 pos '2440.7 -323.8   8.0' spd  91.1 yaw 215.4 mode 2 st 0 gl 0 hp 70 frg 0
ARGLOG Romero t  18.5 pos '1968.7 -240.3  40.0' spd 338.4 yaw 326 mode 2 st 0 gl 0 hp 100 frg 0
ARGLOG Carmack t  18.5 pos '2184.3 -455.7   8.0' spd 322.2 yaw  36.8 mode 2 st 0 gl 0 hp 24 frg 0
ARGUS Romero hunch item_armorInv
ARGEVT Romero hazard
ARGEVT Romero goal item_artifact_super_damage
ARGEVT Romero pursue
ARGEVT Romero routefail
ARGEVT Joe Rogan hazard
ARGLOG Joe Rogan t  19.0 pos '2437.2 -322.9   8.0' spd 287.0 yaw 191.9 mode 2 st 0 gl 0 hp 50 frg 0
ARGEVT Romero goal item_health
ARGLOG Romero t  19.0 pos '2008.3 -242.5  40.0' spd 360.8 yaw  94.2 mode 0 st 0 gl 0 hp 100 frg 0
ARGLOG Carmack t  19.0 pos '2159.7 -296.8  24.0' spd 320.0 yaw   3.9 mode 2 st 0 gl 0 hp 24 frg 0
ARGEVT Romero route 11 start '2017.0 -279.0  56.0' goal '2049.0 -983.0 344.0'
ARGEVT Carmack route 5 start '2113.0 -215.0  24.0' goal '2369.0 -567.0  56.0'
ARGEVT Carmack death Joe Rogan pos '2140.7 -198.8  24.0'
ARGUS Joe Rogan watch spawn
ARGEVT Romero engage Joe Rogan
ARGEVT Joe Rogan engage Romero
ARGEVT Joe Rogan goal item_armorInv
ARGEVT Joe Rogan route 3 start '2369.0 -407.0   8.0' goal '2369.0 -567.0  56.0'
ARGEVT Joe Rogan grab item_armorInv
ARGLOG Joe Rogan t  19.5 pos '2370.7 -480.7   8.0' spd 359.0 yaw 133.2 mode 2 st 0 gl 0 hp 50 frg 1
ARGLOG Romero t  19.5 pos '1977.3 -134.1  24.0' spd 312.3 yaw 325.5 mode 2 st 0 gl 0 hp 100 frg 0
ARGEVT Romero grab 
ARGUS Joe Rogan wallslide
ARGEVT Joe Rogan pursue
ARGEVT Romero pursue
ARGLOG Joe Rogan t  20.0 pos '2399.1 -515.0   8.0' spd 250.3 yaw 137 mode 2 st 0 gl 0 hp 50 frg 1
ARGLOG Romero t  20.0 pos '2062.9 -212.3  24.0' spd 342.4 yaw 319 mode 2 st 0 gl 0 hp 100 frg 0
ARGEVT Joe Rogan hazard
ARGLOG Joe Rogan t  20.5 pos '2407.0 -527.4   8.0' spd  92.6 yaw 122.5 mode 2 st 0 gl 0 hp 38 frg 1
ARGLOG Romero t  20.5 pos '2143.5 -241.9  24.0' spd 320.2 yaw 308.9 mode 2 st 0 gl 0 hp 100 frg 0
ARGUS Joe Rogan wallslide
ARGEVT Carmack respawn
ARGEVT Carmack goal weapon_rocketlauncher
ARGLOG Carmack t  20.8 pos '2704.0 -2048.0 128.0' spd 0 yaw 264.9 mode 0 st 0 gl 0 hp 100 frg 0
ARGEVT Carmack route 27 start '2721.0 -2103.0 120.0' goal '2465.0 -1719.0  24.0'
ARGEVT Joe Rogan retreat
ARGLOG Joe Rogan t  21.0 pos '2453.1 -501.8   8.0' spd 322.4 yaw 130.3 mode 2 st 0 gl 0 hp 34 frg 1
ARGLOG Romero t  21.0 pos '2236.8 -208.4  24.0' spd 320.0 yaw 308.1 mode 2 st 0 gl 0 hp 100 frg 0
ARGLOG Carmack t  21.3 pos '2676.9 -2194.3 120.0' spd 321.3 yaw 231 mode 2 st 0 gl 0 hp 100 frg 0
ARGUS Carmack wallslide
ARGUS Romero wallslide
ARGLOG Joe Rogan t  21.6 pos '2515.6 -351.6  24.0' spd 344.5 yaw 121.3 mode 2 st 0 gl 0 hp 34 frg 1
ARGLOG Romero t  21.6 pos '2371.7 -153.5  24.0' spd 163.5 yaw 305.9 mode 2 st 0 gl 0 hp 100 frg 0
ARGEVT Joe Rogan hazard
ARGEVT Joe Rogan weapon axe
ARGEVT Romero pursue
ARGLOG Carmack t  21.9 pos '2565.2 -2306.8 120.0' spd 348.4 yaw 234 mode 2 st 0 gl 0 hp 100 frg 0
ARGEVT Joe Rogan pursue
ARGUS Joe Rogan hunch item_artifact_super_damage
ARGEVT Joe Rogan pursue
ARGEVT Joe Rogan goal item_health
ARGEVT Joe Rogan route 6 start '2529.0 -343.0  24.0' goal '2593.0 -247.0 120.0'
ARGLOG Joe Rogan t  22.1 pos '2590.3 -329.4  24.0' spd 320.7 yaw 341.9 mode 2 st 0 gl 0 hp 34 frg 1
ARGLOG Romero t  22.1 pos '2401.5 -239.8  24.0' spd 337.9 yaw 307 mode 2 st 0 gl 0 hp 100 frg 0
ARGEVT Joe Rogan route 6 start '2593.0 -375.0  24.0' goal '2593.0 -247.0 120.0'
ARGLOG Carmack t  22.4 pos '2398.5 -2349.8 120.0' spd 441.2 yaw 137 mode 2 st 0 gl 0 hp 100 frg 0
ARGUS routecache adopt
ARGEVT Joe Rogan route 6 start '2593.0 -375.0  24.0' goal '2593.0 -247.0 120.0'
ARGUS Joe Rogan wallslide
ARGEVT Romero hazard
ARGLOG Joe Rogan t  22.6 pos '2574.7 -304.4  24.0' spd 169.1 yaw 124.0 mode 2 st 0 gl 0 hp 34 frg 1
ARGLOG Romero t  22.6 pos '2566.4 -211.7  32.0' spd 320.2 yaw  65.6 mode 2 st 0 gl 0 hp 100 frg 0
ARGEVT Romero pursue
ARGEVT Carmack hazard
ARGLOG Carmack t  22.9 pos '2459.5 -2495.7 120.0' spd 359.3 yaw  35.6 mode 0 st 0 gl 0 hp 100 frg 0
ARGEVT Carmack route 24 start '2433.0 -2487.0 120.0' goal '2465.0 -1719.0  24.0'
ARGEVT Joe Rogan pursue
ARGUS Carmack wallslide
ARGUS routecache adopt
ARGEVT Carmack route 24 start '2433.0 -2487.0 120.0' goal '2465.0 -1719.0  24.0'
ARGEVT Joe Rogan pursue
ARGLOG Joe Rogan t  23.1 pos '2416.6 -315.2   8.0' spd 320.5 yaw 185.2 mode 2 st 0 gl 0 hp 34 frg 1
ARGLOG Romero t  23.1 pos '2554.5 -159.3  32.0' spd 157.9 yaw 302.2 mode 2 st 0 gl 0 hp 100 frg 0
ARGEVT Joe Rogan pursue
ARGEVT Joe Rogan pursue
ARGLOG Carmack t  23.4 pos '2434.3 -2330.6 120.0' spd 433.9 yaw 139 mode 2 st 0 gl 0 hp 100 frg 0
ARGUS Romero wallslide
ARGLOG Joe Rogan t  23.6 pos '2246.8 -311.0  24.0' spd 373.7 yaw 117.9 mode 2 st 0 gl 0 hp 34 frg 1
ARGLOG Romero t  23.6 pos '2470.2 -238.9  24.0' spd 342.5 yaw 151.4 mode 2 st 0 gl 0 hp 100 frg 0
ARGEVT Joe Rogan pursue
ARGEVT Romero pursue
ARGEVT Romero pursue
ARGLOG Carmack t  23.9 pos '2397.6 -2377.9 120.0' spd 330.7 yaw 137 mode 2 st 0 gl 0 hp 100 frg 0
ARGLOG Joe Rogan t  24.1 pos '2084.4 -229.1  24.0' spd 331.7 yaw  13.9 mode 2 st 0 gl 0 hp 34 frg 1
ARGLOG Romero t  24.1 pos '2340.0 -159.1  24.0' spd 134.7 yaw 193.2 mode 2 st 0 gl 0 hp 100 frg 0
ARGEVT Carmack hazard
ARGUS routecache adopt
ARGEVT Carmack route 24 start '2433.0 -2487.0 120.0' goal '2465.0 -1719.0  24.0'
ARGLOG Carmack t  24.4 pos '2466.0 -2480.6 120.0' spd 364.8 yaw  23.5 mode 0 st 0 gl 0 hp 100 frg 0
ARGUS Joe Rogan wallslide
ARGEVT Joe Rogan hazard
ARGUS routecache adopt
ARGEVT Carmack route 24 start '2433.0 -2487.0 120.0' goal '2465.0 -1719.0  24.0'
ARGUS Carmack wallslide
ARGLOG Joe Rogan t  24.6 pos '1968.0 -241.9  40.0' spd  16.7 yaw   7.4 mode 2 st 0 gl 0 hp 34 frg 1
ARGLOG Romero t  24.6 pos '2295.2 -161.7  24.0' spd 320.0 yaw 189.8 mode 2 st 0 gl 0 hp 100 frg 0
ARGLOG Carmack t  24.9 pos '2441.2 -2309.5 120.0' spd 428.7 yaw 140 mode 2 st 0 gl 0 hp 100 frg 0
ARGLOG Joe Rogan t  25.1 pos '1996.1 -264.8  40.0' spd 320.0 yaw  34.2 mode 2 st 0 gl 0 hp 14 frg 1
ARGLOG Romero t  25.1 pos '2231.7 -43.8  24.0' spd  89.1 yaw 216.1 mode 2 st 0 gl 0 hp 100 frg 0
ARGLOG Carmack t  25.4 pos '2375.8 -2352.0 120.0' spd  48.8 yaw 137 mode 2 st 0 gl 0 hp 100 frg 0
ARGUS Romero wallslide
ARGLOG Joe Rogan t  25.6 pos '2042.9 -325.7  72.0' spd 190.7 yaw  34.0 mode 2 st 0 gl 0 hp 14 frg 1
ARGLOG Romero t  25.6 pos '2297.5 -180.9  24.0' spd 321.8 yaw 216.1 mode 2 st 0 gl 0 hp 100 frg 0
ARGEVT Romero pursue
ARGEVT Joe Rogan pursue
ARGEVT Joe Rogan hazard
ARGUS Joe Rogan wallslide
ARGEVT Joe Rogan pursue
ARGUS routecache adopt
ARGEVT Carmack route 24 start '2433.0 -2487.0 120.0' goal '2465.0 -1719.0  24.0'
ARGLOG Carmack t  25.9 pos '2439.3 -2468.7 120.0' spd 323.5 yaw 132 mode 2 st 0 gl 0 hp 100 frg 0
ARGEVT Carmack hazard
ARGUS routecache adopt
ARGEVT Carmack route 23 start '1313.0 -1367.0 144.0' goal '2465.0 -1719.0  24.0'
ARGLOG Joe Rogan t  26.2 pos '2087.8 -214.0  24.0' spd 279.4 yaw 343.0 mode 2 st 0 gl 0 hp 14 frg 1
ARGLOG Romero t  26.2 pos '2188.3 -283.9  24.0' spd 276.4 yaw 165.7 mode 2 st 0 gl 0 hp 100 frg 0
ARGLOG Carmack t  26.4 pos '1363.6 -1376.0 144.0' spd 300 yaw 102 mode 2 st 0 gl 0 hp 100 frg 0
ARGEVT Romero route 11 start '2177.0 -375.0   8.0' goal '2049.0 -983.0 344.0'
ARGLOG Joe Rogan t  26.7 pos '1985.9 -250.3  40.0' spd 273.0 yaw 318.2 mode 2 st 0 gl 0 hp 14 frg 1
ARGLOG Romero t  26.7 pos '2179.0 -382.6   8.0' spd 292.3 yaw 137.9 mode 2 st 0 gl 0 hp 100 frg 0
ARGEVT Romero pursue
ARGEVT Joe Rogan pursue
ARGLOG Carmack t  26.9 pos '1381.3 -1333.0 136.0' spd 356.7 yaw 109 mode 2 st 0 gl 0 hp 100 frg 0
ARGEVT Joe Rogan hazard
ARGUS Romero hunch item_health
ARGEVT Romero goal weapon_rocketlauncher
ARGEVT Romero routefail
ARGLOG Joe Rogan t  27.2 pos '2051.1 -346.2  88.0' spd 195.2 yaw 53 mode 2 st 0 gl 0 hp 14 frg 1
ARGLOG Romero t  27.2 pos '2130.3 -223.2  24.0' spd 348.4 yaw 161.4 mode 0 st 0 gl 0 hp 100 frg 0
ARGEVT Romero goal item_health
ARGEVT Carmack jump
ARGEVT Romero route 11 start '2113.0 -215.0  24.0' goal '2049.0 -983.0 344.0'
ARGLOG Carmack t  27.5 pos '1334.6 -1200.0 178.6' spd 114.1 yaw 103 mode 2 st 0 gl 0 hp 100 frg 0
ARGEVT Joe Rogan death Romero pos '2008.8 -302.5  56.0'
ARGUS Romero watch spawn
ARGLOG Romero t  27.7 pos '2080.5 -148.6  24.0' spd 325.0 yaw 271.0 mode 2 st 0 gl 0 hp 100 frg 1
ARGEVT Romero goal backpack
ARGEVT Romero hazard
ARGEVT Romero jump
ARGLOG Carmack t  28.0 pos '1279.9 -1173.0 168.0' spd 190.5 yaw 40 mode 2 st 0 gl 0 hp 100 frg 0
ARGEVT Romero goal item_health
ARGEVT Romero route 11 start '2017.0 -279.0  56.0' goal '2049.0 -983.0 344.0'
ARGLOG Romero t  28.2 pos '1989.3 -247.6  66.5' spd 370.9 yaw 32 mode 2 st 0 gl 1 hp 100 frg 1
ARGLOG Carmack t  28.5 pos '1278.4 -1011.9 200.0' spd 331.3 yaw  65.2 mode 0 st 0 gl 0 hp 100 frg 0
ARGEVT Carmack route 21 start '1313.0 -1047.0 200.0' goal '2465.0 -1719.0  24.0'
ARGLOG Romero t  28.7 pos '2042.3 -240.6  40.0' spd 344.6 yaw 37 mode 2 st 0 gl 1 hp 100 frg 1
ARGLOG Carmack t  29.0 pos '1360.0 -880.2  91.6' spd  54.3 yaw 233 mode 2 st 0 gl 0 hp 100 frg 0
ARGEVT Joe Rogan respawn
ARGEVT Joe Rogan goal item_armorInv
ARGLOG Joe Rogan t  29.0 pos '2248.0 -16.0 -136.0' spd 0 yaw 354.9 mode 0 st 0 gl 0 hp 100 frg 1
ARGEVT Joe Rogan route 13 start '2241.0 -55.0 -136.0' goal '2369.0 -567.0  56.0'
ARGLOG Romero t  29.2 pos '1963.3 -89.1  24.0' spd 476.9 yaw 234.3 mode 2 st 0 gl 1 hp 100 frg 1
ARGEVT Joe Rogan hazard
ARGEVT Romero hazard
ARGLOG Carmack t  29.5 pos '1322.1 -994.7  32.0' spd 384.8 yaw 202.8 mode 0 st 0 gl 0 hp 100 frg 0
ARGLOG Joe Rogan t  29.5 pos '2365.8 -77.5 -88.0' spd  54.9 yaw 194.9 mode 2 st 0 gl 0 hp 100 frg 1
ARGEVT Carmack hazard
ARGUS Joe Rogan wallslide
ARGEVT Carmack route 20 start '1281.0 -983.0  32.0' goal '2465.0 -1719.0  24.0'
ARGUS Romero wallslide
ARGLOG Romero t  29.7 pos '1963.8 -240.0  24.0' spd 279.6 yaw 325 mode 2 st 0 gl 1 hp 100 frg 1
ARGUS routecache adopt
ARGEVT Carmack route 18 start '1697.0 -663.0  24.0' goal '2465.0 -1719.0  24.0'
ARGLOG Carmack t  30.0 pos '1696.0 -956.3  20.0' spd 300 yaw 81 mode 2 st 0 gl 0 hp 100 frg 0
ARGLOG Joe Rogan t  30.0 pos '2223.9 -80.2 -136.0' spd 335.1 yaw 200 mode 2 st 0 gl 0 hp 100 frg 1
ARGLOG Romero t  30.3 pos '2051.0 -295.9  56.0' spd  78.8 yaw 37 mode 2 st 0 gl 1 hp 100 frg 1
ARGEVT Romero hazard
ARGEVT Joe Rogan hazard
ARGLOG Carmack t  30.5 pos '1697.2 -936.8  20.0' spd 320.0 yaw 81 mode 2 st 0 gl 0 hp 100 frg 0
ARGLOG Joe Rogan t  30.5 pos '2237.8 -206.2 -136.0' spd 352.4 yaw 293.8 mode 2 st 0 gl 0 hp 100 frg 1
ARGLOG Romero t  30.8 pos '2117.0 -143.2  24.0' spd 343.2 yaw 19 mode 2 st 0 gl 1 hp 100 frg 1
ARGLOG Carmack t  31.0 pos '1699.7 -776.5  20.0' spd 320.0 yaw 77 mode 2 st 0 gl 0 hp 100 frg 0
ARGLOG Joe Rogan t  31.0 pos '2231.1 -192.2 -136.0' spd 236.7 yaw 33 mode 2 st 0 gl 0 hp 100 frg 1
ARGLOG Romero t  31.3 pos '2263.0 -68.2  24.0' spd 323.4 yaw 3 mode 2 st 0 gl 1 hp 100 frg 1
ARGEVT Romero jump
ARGLOG Carmack t  31.5 pos '1725.7 -612.7  24.0' spd 320.6 yaw 31 mode 2 st 0 gl 0 hp 100 frg 0
ARGLOG Joe Rogan t  31.6 pos '2252.2 -53.2 -136.0' spd 365.0 yaw 18 mode 2 st 0 gl 0 hp 100 frg 1
ARGLOG Romero t  31.8 pos '2384.0 -36.7  80.3' spd  11.1 yaw 357 mode 2 st 0 gl 1 hp 100 frg 1
ARGUS Joe Rogan bodyblock
ARGEVT Carmack hazard
ARGEVT Joe Rogan hazard
ARGLOG Carmack t  32.1 pos '1813.8 -474.0  40.0' spd 351.9 yaw 43 mode 2 st 0 gl 0 hp 100 frg 0
ARGLOG Joe Rogan t  32.1 pos '2378.9 -64.1 -88.0' spd 329.2 yaw 29 mode 2 st 0 gl 0 hp 100 frg 1
ARGUS Joe Rogan wallslide
ARGEVT Carmack jump
ARGLOG Romero t  32.3 pos '2504.7 -57.4 120.0' spd 320.7 yaw 0 mode 2 st 0 gl 1 hp 100 frg 1
ARGLOG Carmack t  32.6 pos '1983.9 -498.0 115.5' spd 333.4 yaw 80 mode 2 st 0 gl 0 hp 100 frg 0
ARGLOG Joe Rogan t  32.6 pos '2543.4 -44.4 -64.0' spd 339.2 yaw 86 mode 2 st 0 gl 0 hp 100 frg 1
ARGLOG Romero t  32.8 pos '2640.0 -59.2 120.0' spd   0.9 yaw 215 mode 2 st 0 gl 1 hp 100 frg 1
ARGLOG Carmack t  33.1 pos '2050.4 -387.2 104.0' spd 324.8 yaw 90 mode 2 st 0 gl 0 hp 100 frg 0
ARGLOG Joe Rogan t  33.1 pos '2616.2 111.7 -72.0' spd 339.8 yaw 140 mode 2 st 0 gl 0 hp 100 frg 1
ARGLOG Romero t  33.3 pos '2640.0 -58.7 120.0' spd   0.9 yaw 215 mode 2 st 0 gl 1 hp 100 frg 1
ARGEVT Romero stall
ARGEVT Romero stallnode '2817.0 -55.0 -72.0'
ARGEVT Romero jump
ARGLOG Carmack t  33.6 pos '2024.3 -221.2  24.0' spd 326.5 yaw 31 mode 2 st 0 gl 0 hp 100 frg 0
ARGLOG Joe Rogan t  33.6 pos '2522.7 256.8 -72.0' spd 344.4 yaw 177 mode 2 st 0 gl 0 hp 100 frg 1
ARGEVT Joe Rogan jump
ARGEVT Romero route 7 start '2593.0 -119.0 120.0' goal '2049.0 -983.0 344.0'
ARGLOG Romero t  33.8 pos '2640.0 -68.6 163.1' spd  44.6 yaw 266.0 mode 2 st 1 gl 1 hp 100 frg 1
ARGEVT Romero engage Carmack
ARGEVT Romero grab weapon_nailgun
ARGEVT Carmack engage Romero
ARGLOG Carmack t  34.1 pos '2120.9 -82.8  24.0' spd 288.7 yaw 358.4 mode 2 st 0 gl 0 hp 100 frg 0
ARGLOG Joe Rogan t  34.1 pos '2416.0 311.6 -36.0' spd  33.2 yaw 218 mode 2 st 0 gl 0 hp 100 frg 1
ARGLOG Romero t  34.3 pos '2614.9 -106.5 120.0' spd 320.8 yaw 189.9 mode 2 st 1 gl 1 hp 100 frg 1
ARGLOG Carmack t  34.6 pos '2201.9 -223.7  24.0' spd 360.2 yaw   6.5 mode 2 st 0 gl 0 hp 72 frg 0
ARGLOG Joe Rogan t  34.6 pos '2294.3 245.5  24.0' spd 325.7 yaw 261 mode 2 st 0 gl 0 hp 100 frg 1
ARGUS Joe Rogan wallslide
ARGLOG Romero t  34.8 pos '2476.3 -197.5 112.8' spd 310.2 yaw 198.5 mode 2 st 1 gl 1 hp 100 frg 1
ARGEVT Joe Rogan engage Carmack
ARGLOG Carmack t  35.1 pos '2243.6 -385.7   8.0' spd 335.9 yaw  36.5 mode 0 st 0 gl 0 hp 72 frg 0
ARGEVT Carmack route 15 start '2273.0 -375.0   8.0' goal '2465.0 -1719.0  24.0'
ARGLOG Joe Rogan t  35.1 pos '2153.9 155.8  24.0' spd 370.0 yaw 276.8 mode 2 st 0 gl 0 hp 100 frg 1
ARGEVT Romero pursue
ARGEVT Carmack pursue
ARGLOG Romero t  35.3 pos '2437.0 -186.9  24.0' spd 321.0 yaw 201 mode 2 st 1 gl 1 hp 100 frg 1
ARGLOG Carmack t  35.6 pos '2401.9 -367.2   8.0' spd 324.6 yaw 100.9 mode 2 st 0 gl 0 hp 68 frg 0
ARGLOG Joe Rogan t  35.7 pos '2167.4  62.3  24.0' spd 270.3 yaw 299.7 mode 2 st 0 gl 0 hp 100 frg 1
ARGEVT Romero route 10 start '2337.0 -215.0  24.0' goal '2049.0 -983.0 344.0'
ARGLOG Romero t  35.8 pos '2315.0 -222.7  24.0' spd 168.9 yaw 308.5 mode 2 st 1 gl 1 hp 100 frg 1
ARGEVT Carmack pursue
ARGEVT Romero pursue
ARGLOG Joe Rogan t  36.2 pos '2107.4 -50.3  24.0' spd 320.3 yaw 318.4 mode 2 st 0 gl 0 hp 96 frg 1
ARGLOG Carmack t  36.2 pos '2427.2 -327.2   8.0' spd 320.2 yaw 111.9 mode 2 st 0 gl 0 hp 68 frg 0
ARGEVT Romero hazard
ARGLOG Romero t  36.4 pos '2474.1 -224.8  24.0' spd 244.0 yaw 253.5 mode 2 st 1 gl 1 hp 91 frg 1
ARGLOG Joe Rogan t  36.7 pos '2027.0 -189.8  24.0' spd 323.4 yaw 329.1 mode 2 st 0 gl 0 hp 96 frg 1
ARGLOG Carmack t  36.7 pos '2303.6 -325.2   8.0' spd  98.0 yaw  45.2 mode 2 st 0 gl 0 hp 44 frg 0
ARGUS Romero wallslide
ARGLOG Romero t  36.9 pos '2384.1 -145.5  24.0' spd 255.8 yaw 241.7 mode 2 st 1 gl 1 hp 91 frg 1
ARGEVT Carmack grab item_health
ARGEVT Joe Rogan pursue
ARGEVT Joe Rogan route 8 start '2017.0 -375.0 104.0' goal '2369.0 -567.0  56.0'
ARGLOG Joe Rogan t  37.2 pos '1991.1 -351.9  88.0' spd 307.2 yaw 2 mode 2 st 0 gl 0 hp 96 frg 1
ARGLOG Carmack t  37.2 pos '2464.1 -336.4   8.0' spd 361.6 yaw  93.0 mode 2 st 0 gl 0 hp 44 frg 0
ARGEVT Carmack hazard
ARGUS Joe Rogan hunch item_armorInv
ARGLOG Romero t  37.4 pos '2504.0 -166.8  24.0' spd 320.0 yaw 277.5 mode 2 st 1 gl 1 hp 91 frg 1
ARGUS Carmack wallslide
ARGEVT Romero pursue
ARGEVT Joe Rogan goal item_armorInv
ARGUS routecache adopt
ARGEVT Joe Rogan route 8 start '2017.0 -375.0 104.0' goal '2369.0 -567.0  56.0'
ARGEVT Joe Rogan pursue
ARGLOG Joe Rogan t  37.7 pos '2017.3 -474.1 104.0' spd 323.2 yaw 252.2 mode 2 st 0 gl 0 hp 100 frg 1
ARGEVT Romero hazard
ARGLOG Carmack t  37.7 pos '2537.3 -305.5  24.0' spd 172.1 yaw 175 mode 2 st 0 gl 0 hp 44 frg 0
ARGUS Romero hunch item_armorInv
ARGEVT Joe Rogan hazard
ARGLOG Romero t  37.9 pos '2512.0 -231.0  32.0' spd 354.5 yaw 192.7 mode 0 st 1 gl 1 hp 91 frg 1
ARGEVT Romero goal item_health
ARGEVT Carmack pursue
ARGEVT Romero route 11 start '2529.0 -183.0  32.0' goal '2049.0 -983.0 344.0'
ARGEVT Romero pursue
ARGLOG Joe Rogan t  38.2 pos '2063.8 -492.3 104.0' spd 385.7 yaw  37.7 mode 2 st 0 gl 0 hp 100 frg 1
ARGUS Joe Rogan wallslide
ARGLOG Carmack t  38.2 pos '2403.4 -304.1   8.0' spd 102.4 yaw  70.6 mode 2 st 0 gl 0 hp 44 frg 0
ARGUS Romero wallslide
ARGLOG Romero t  38.4 pos '2430.1 -145.1  24.0' spd 140.3 yaw 260.5 mode 2 st 1 gl 1 hp 91 frg 1
ARGUS Carmack wallslide
ARGEVT Romero pursue
ARGEVT Carmack pursue
ARGEVT Carmack hazard
ARGLOG Joe Rogan t  38.7 pos '2043.8 -324.3  72.0' spd 324.8 yaw 120 mode 2 st 0 gl 0 hp 100 frg 1
ARGLOG Carmack t  38.7 pos '2459.4 -304.0   8.0' spd  94.4 yaw 97 mode 2 st 0 gl 0 hp 44 frg 0
ARGEVT Romero hazard
ARGEVT Joe Rogan pursue
ARGLOG Romero t  38.9 pos '2415.1 -234.0  24.0' spd 366.0 yaw 241.0 mode 2 st 1 gl 1 hp 91 frg 1
ARGUS Carmack hunch item_artifact_super_damage
ARGEVT Romero pursue
ARGEVT Carmack pursue
ARGEVT Romero pursue
ARGEVT Carmack goal item_health
ARGEVT Carmack route 6 start '2465.0 -407.0   8.0' goal '2593.0 -247.0 120.0'
ARGLOG Joe Rogan t  39.2 pos '2076.6 -154.6  24.0' spd 425.7 yaw 347.6 mode 2 st 0 gl 0 hp 100 frg 1
ARGLOG Carmack t  39.2 pos '2458.2 -369.5   8.0' spd 349.7 yaw 213.6 mode 2 st 0 gl 0 hp 44 frg 0
ARGLOG Romero t  39.4 pos '2243.7 -240.3  24.0' spd 320.1 yaw 177.5 mode 2 st 1 gl 1 hp 91 frg 1
ARGEVT Carmack grab item_armorInv
ARGUS Romero bodyblock
ARGUS Joe Rogan wallslide
ARGEVT Carmack retreat
ARGEVT Carmack hazard
ARGLOG Joe Rogan t  39.7 pos '2201.3 -206.8  24.0' spd 235.4 yaw 297.0 mode 2 st 0 gl 0 hp 100 frg 1
ARGLOG Carmack t  39.7 pos '2361.1 -499.7   8.0' spd 446.1 yaw 113.8 mode 2 st 0 gl 0 hp 28 frg 0
ARGLOG Romero t  39.9 pos '2321.0 -201.0  24.0' spd 330.5 yaw 292.2 mode 2 st 1 gl 1 hp 82 frg 1
ARGEVT Joe Rogan hazard
ARGEVT Romero grab item_health
ARGLOG Joe Rogan t  40.2 pos '2128.1 -342.6  24.0' spd 329.2 yaw 330.6 mode 2 st 0 gl 0 hp 100 frg 1
ARGLOG Carmack t  40.2 pos '2464.5 -512.6   8.0' spd  81.8 yaw  97.1 mode 2 st 0 gl 0 hp 16 frg 0
ARGLOG Romero t  40.4 pos '2491.7 -175.1  24.0' spd 337.0 yaw 277.7 mode 2 st 1 gl 1 hp 81 frg 1
ARGEVT Carmack death Joe Rogan pos '2490.7 -503.5   8.0'
ARGUS Joe Rogan watch spawn
ARGEVT Romero hazard
ARGLOG Joe Rogan t  40.8 pos '2141.9 -502.3   8.0' spd 340.0 yaw 305.8 mode 2 st 0 gl 0 hp 100 frg 2
ARGEVT Joe Rogan goal item_armorInv
ARGEVT Romero route 11 start '2529.0 -183.0  32.0' goal '2049.0 -983.0 344.0'
ARGLOG Romero t  41.0 pos '2478.0 -234.4  24.0' spd 334.0 yaw 215 mode 2 st 1 gl 1 hp 81 frg 1
ARGUS Romero wallslide
ARGEVT Joe Rogan route 4 start '2177.0 -503.0   8.0' goal '2369.0 -567.0  56.0'
ARGEVT Joe Rogan engage Romero
ARGEVT Joe Rogan grab 
ARGEVT Romero engage Joe Rogan
ARGLOG Joe Rogan t  41.3 pos '2296.5 -508.8   8.0' spd 320.9 yaw  64.9 mode 2 st 0 gl 0 hp 100 frg 2
ARGLOG Romero t  41.5 pos '2470.7 -217.6  24.0' spd 321.6 yaw 252.9 mode 2 st 1 gl 1 hp 81 frg 1
ARGEVT Romero grab item_health
ARGLOG Joe Rogan t  41.8 pos '2462.4 -480.5   8.0' spd 329.3 yaw  64.9 mode 2 st 0 gl 0 hp 100 frg 2
ARGEVT Romero pursue
ARGEVT Joe Rogan pursue
ARGEVT Romero route 11 start '2529.0 -183.0  32.0' goal '2049.0 -983.0 344.0'
ARGEVT Joe Rogan hazard
ARGLOG Romero t  42.0 pos '2552.9 -174.2  32.0' spd 253.9 yaw 238 mode 2 st 1 gl 1 hp 81 frg 1
ARGUS Joe Rogan wallslide
ARGEVT Romero hazard
ARGEVT Carmack respawn
ARGEVT Carmack goal weapon_rocketlauncher
ARGLOG Carmack t  42.2 pos '2544.0 -32.0 -64.0' spd 0 yaw 185.1 mode 0 st 0 gl 0 hp 100 frg 0
ARGEVT Carmack routefail
ARGEVT Romero pursue
ARGLOG Joe Rogan t  42.3 pos '2545.7 -448.1  24.0' spd 268.8 yaw 190.3 mode 2 st 0 gl 0 hp 100 frg 2
ARGEVT Joe Rogan pursue
ARGEVT Carmack goal weapon_rocketlauncher
ARGEVT Carmack route 19 start '2497.0 -23.0 -64.0' goal '2465.0 -1719.0  24.0'
ARGEVT Carmack hazard
ARGLOG Romero t  42.5 pos '2410.4 -239.8  24.0' spd 175.7 yaw 255.4 mode 2 st 1 gl 1 hp 81 frg 1
ARGUS Romero wallslide
ARGEVT Romero weapon ng
ARGLOG Carmack t  42.7 pos '2415.9 -77.8 -72.0' spd 129.6 yaw 64 mode 2 st 0 gl 0 hp 100 frg 0
ARGLOG Joe Rogan t  42.8 pos '2379.8 -451.7   8.0' spd 338.5 yaw  77.2 mode 2 st 0 gl 0 hp 100 frg 2
ARGUS Carmack wallslide
ARGLOG Romero t  43.0 pos '2526.0 -175.2  32.0' spd 320.6 yaw 222.5 mode 2 st 1 gl 1 hp 81 frg 1
ARGEVT Joe Rogan pursue
ARGEVT Romero pursue
ARGLOG Carmack t  43.2 pos '2543.5 -40.9 -64.0' spd 321.3 yaw  20.6 mode 2 st 0 gl 0 hp 100 frg 0
ARGLOG Joe Rogan t  43.3 pos '2275.4 -347.3   8.0' spd 371.6 yaw 37 mode 2 st 0 gl 0 hp 100 frg 2
ARGEVT Joe Rogan hazard
ARGEVT Romero hazard
ARGLOG Romero t  43.5 pos '2491.1 -219.6  24.0' spd 333.9 yaw 191.4 mode 2 st 1 gl 1 hp 81 frg 1
ARGEVT Romero pursue
ARGEVT Carmack hazard
ARGUS Joe Rogan hunch item_artifact_super_damage
ARGUS Joe Rogan wallslide
ARGEVT Romero pursue
ARGEVT Joe Rogan goal item_armorInv
ARGEVT Joe Rogan route 3 start '2401.0 -343.0   8.0' goal '2369.0 -567.0  56.0'
ARGLOG Carmack t  43.7 pos '2677.4 -63.6 -72.0' spd 317.5 yaw 126 mode 2 st 0 gl 0 hp 100 frg 0
ARGEVT Joe Rogan pursue
ARGEVT Romero pursue
ARGEVT Romero grab item_health
ARGLOG Joe Rogan t  43.8 pos '2325.8 -311.0   8.0' spd 353.1 yaw 148.1 mode 2 st 0 gl 0 hp 100 frg 2
ARGUS Carmack wallslide
ARGLOG Romero t  44.0 pos '2435.8 -228.3  24.0' spd 320.2 yaw 225.8 mode 2 st 1 gl 1 hp 81 frg 1
ARGLOG Carmack t  44.2 pos '2515.5 -33.1 -64.0' spd 320.8 yaw 152.5 mode 2 st 0 gl 0 hp 100 frg 0
ARGEVT Joe Rogan grab item_armorInv
ARGLOG Joe Rogan t  44.3 pos '2354.1 -441.2   8.0' spd 351.8 yaw  50.2 mode 2 st 0 gl 0 hp 100 frg 2
ARGEVT Joe Rogan pursue
ARGLOG Romero t  44.5 pos '2550.2 -204.2  32.0' spd 195.2 yaw 246.1 mode 2 st 1 gl 1 hp 81 frg 1
ARGEVT Romero pursue
ARGUS Romero hunch item_armorInv
ARGLOG Carmack t  44.7 pos '2344.6 -64.7 -104.0' spd 330.5 yaw 236.8 mode 0 st 0 gl 0 hp 100 frg 0
ARGEVT Carmack hazard
ARGEVT Romero pursue
ARGLOG Joe Rogan t  44.8 pos '2434.2 -346.7   8.0' spd 332.5 yaw 98 mode 2 st 0 gl 0 hp 100 frg 2
ARGEVT Romero goal item_health
ARGEVT Carmack route 20 start '2305.0 -55.0 -120.0' goal '2465.0 -1719.0  24.0'
ARGEVT Romero hazard
ARGLOG Romero t  45.0 pos '2480.1 -153.6  24.0' spd 335.7 yaw 137.9 mode 0 st 1 gl 1 hp 81 frg 1
ARGEVT Joe Rogan hazard
ARGUS Joe Rogan wallslide
ARGUS Romero wallslide
ARGEVT Romero route 10 start '2433.0 -183.0  24.0' goal '2049.0 -983.0 344.0'
ARGEVT Joe Rogan pursue
ARGLOG Carmack t  45.3 pos '2199.5 -171.9 -120.0' spd 411.6 yaw 299 mode 2 st 0 gl 0 hp 100 frg 0
ARGEVT Joe Rogan pursue
ARGLOG Joe Rogan t  45.4 pos '2504.6 -304.0   8.0' spd 340.0 yaw  45.7 mode 2 st 0 gl 0 hp 100 frg 2
ARGUS Carmack wallslide
ARGLOG Romero t  45.6 pos '2315.1 -179.2  24.0' spd 392.6 yaw 261.0 mode 2 st 1 gl 1 hp 81 frg 1
ARGEVT Joe Rogan pursue
ARGLOG Carmack t  45.8 pos '2285.7 -140.2 -136.0' spd 185.3 yaw 308.2 mode 2 st 0 gl 0 hp 100 frg 0
ARGEVT Carmack hazard
ARGLOG Joe Rogan t  45.9 pos '2623.5 -366.6  24.0' spd 351.0 yaw 256.1 mode 2 st 0 gl 0 hp 100 frg 2
ARGEVT Romero pursue
ARGLOG Romero t  46.1 pos '2189.6 -267.4  24.0' spd 397.3 yaw 258.6 mode 2 st 1 gl 1 hp 81 frg 1
ARGLOG Carmack t  46.3 pos '2259.7 -215.2 -136.0' spd  18.6 yaw 38 mode 2 st 0 gl 0 hp 100 frg 0
ARGLOG Joe Rogan t  46.4 pos '2503.3 -331.9   8.0' spd 209.9 yaw 185.7 mode 2 st 0 gl 0 hp 100 frg 2
ARGLOG Romero t  46.6 pos '2140.6 -437.8   8.0' spd 326.8 yaw 352.0 mode 0 st 1 gl 1 hp 81 frg 1
ARGUS Carmack wallslide
ARGEVT Romero route 11 start '2177.0 -503.0   8.0' goal '2049.0 -983.0 344.0'
ARGEVT Romero hazard
ARGLOG Carmack t  46.8 pos '2287.6 -140.5 -136.0' spd 108.1 yaw 32 mode 2 st 0 gl 0 hp 100 frg 0
ARGLOG Joe Rogan t  46.9 pos '2477.1 -493.1   8.0' spd 320.2 yaw 184.1 mode 2 st 0 gl 0 hp 100 frg 2
ARGLOG Romero t  47.1 pos '2198.5 -443.4   8.0' spd 320.6 yaw 356.1 mode 2 st 1 gl 1 hp 72 frg 1
ARGLOG Carmack t  47.3 pos '2341.4 -38.8 -104.0' spd 386.9 yaw 339.9 mode 2 st 0 gl 0 hp 100 frg 0
ARGLOG Joe Rogan t  47.4 pos '2481.4 -396.5   8.0' spd 320.0 yaw 165.0 mode 2 st 0 gl 0 hp 91 frg 2
ARGLOG Romero t  47.6 pos '2227.9 -280.7  24.0' spd 323.5 yaw   0.4 mode 2 st 1 gl 1 hp 63 frg 1
ARGEVT Carmack hazard
ARGLOG Carmack t  47.8 pos '2521.4 -72.3 -64.0' spd 333.3 yaw 82 mode 2 st 0 gl 0 hp 100 frg 0
ARGLOG Joe Rogan t  47.9 pos '2453.0 -361.6   8.0' spd 320.2 yaw 148.0 mode 2 st 0 gl 0 hp 73 frg 2
ARGLOG Romero t  48.1 pos '2224.2 -315.1  24.0' spd 320.1 yaw 315.9 mode 2 st 1 gl 1 hp 63 frg 1
ARGLOG Carmack t  48.3 pos '2595.8  87.3 -72.0' spd 483.7 yaw 188.8 mode 2 st 0 gl 0 hp 100 frg 0
ARGLOG Joe Rogan t  48.4 pos '2357.5 -497.0   8.0' spd 320.0 yaw 150.0 mode 2 st 0 gl 0 hp 64 frg 2
ARGEVT Romero route 11 start '2177.0 -375.0   8.0' goal '2049.0 -983.0 344.0'
ARGEVT Romero grab item_health
ARGLOG Romero t  48.6 pos '2152.7 -466.4   8.0' spd 365.0 yaw 331.3 mode 2 st 1 gl 1 hp 54 frg 1
ARGEVT Carmack hazard
ARGEVT Romero hazard
ARGLOG Carmack t  48.8 pos '2582.7  58.8 -72.0' spd 348.2 yaw 249 mode 2 st 0 gl 0 hp 100 frg 0
ARGLOG Joe Rogan t  48.9 pos '2327.3 -397.9   8.0' spd 339.1 yaw 206.3 mode 2 st 0 gl 0 hp 46 frg 2
ARGLOG Romero t  49.1 pos '2150.5 -514.8   8.0' spd  67.7 yaw  55.6 mode 2 st 1 gl 1 hp 45 frg 1
ARGEVT Joe Rogan route 4 start '2209.0 -279.0  24.0' goal '2369.0 -567.0  56.0'
ARGLOG Carmack t  49.4 pos '2512.9 -77.5 -64.0' spd 326.0 yaw 103 mode 2 st 0 gl 0 hp 100 frg 0
ARGUS Carmack wallslide
ARGLOG Joe Rogan t  49.5 pos '2204.8 -298.8  24.0' spd 320.1 yaw 253.0 mode 2 st 0 gl 0 hp 46 frg 2
ARGLOG Romero t  49.6 pos '2167.4 -522.0   8.0' spd 250.7 yaw  98.2 mode 2 st 1 gl 1 hp 36 frg 1
ARGLOG Carmack t  49.9 pos '2348.5 -16.5 -104.0' spd 382.1 yaw 206.6 mode 2 st 0 gl 0 hp 100 frg 0
ARGLOG Joe Rogan t  50.0 pos '2218.1 -302.2  24.0' spd 329.3 yaw 259.2 mode 2 st 0 gl 0 hp 46 frg 2
ARGEVT Romero hazard
ARGLOG Romero t  50.1 pos '2151.9 -514.8   8.0' spd 145.8 yaw  50.1 mode 2 st 1 gl 1 hp 28 frg 1
ARGEVT Carmack route 21 start '2241.0 -55.0 -136.0' goal '2465.0 -1719.0  24.0'
ARGLOG Carmack t  50.4 pos '2212.4 -138.6 -136.0' spd 325.4 yaw 264 mode 2 st 0 gl 0 hp 100 frg 0
ARGLOG Joe Rogan t  50.5 pos '2275.5 -321.6   8.0' spd 320.2 yaw 232.1 mode 2 st 0 gl 0 hp 46 frg 2
ARGEVT Carmack hazard
ARGUS Carmack wallslide
ARGLOG Romero t  50.7 pos '2155.2 -474.6   8.0' spd 275.5 yaw  73.0 mode 2 st 1 gl 1 hp 28 frg 1
ARGLOG Carmack t  50.9 pos '2281.0 -177.9 -136.0' spd 354.9 yaw 349.2 mode 2 st 0 gl 0 hp 100 frg 0
ARGEVT Joe Rogan route 5 start '2113.0 -215.0  24.0' goal '2369.0 -567.0  56.0'
ARGLOG Joe Rogan t  51.0 pos '2141.3 -264.6  24.0' spd 133.8 yaw 303.4 mode 2 st 0 gl 0 hp 37 frg 2
ARGEVT Romero grab item_armorInv
ARGLOG Romero t  51.2 pos '2310.4 -462.4   8.0' spd  22.0 yaw 111.2 mode 2 st 1 gl 1 hp 25 frg 1
ARGUS Carmack bodyblock
ARGLOG Carmack t  51.4 pos '2279.6 -201.7 -136.0' spd 255.2 yaw 39 mode 2 st 0 gl 0 hp 100 frg 0
ARGEVT Romero hazard
ARGLOG Joe Rogan t  51.5 pos '2264.4 -206.4  24.0' spd 324.3 yaw 286.0 mode 2 st 0 gl 0 hp 37 frg 2
ARGEVT Carmack hazard
ARGLOG Romero t  51.7 pos '2343.4 -528.0   8.0' spd   1.7 yaw  80.1 mode 2 st 1 gl 1 hp 25 frg 1
ARGLOG Carmack t  51.9 pos '2256.2 -210.3 -136.0' spd 356.1 yaw 328.6 mode 2 st 0 gl 0 hp 100 frg 0
ARGLOG Joe Rogan t  52.0 pos '2430.2 -201.8  24.0' spd 327.1 yaw 258.1 mode 2 st 0 gl 0 hp 37 frg 2
ARGUS Carmack wallslide
ARGEVT Joe Rogan grab item_health
ARGLOG Romero t  52.2 pos '2344.3 -528.0   8.0' spd   1.8 yaw  54.5 mode 2 st 1 gl 1 hp 25 frg 1
ARGLOG Carmack t  52.4 pos '2297.4 -44.3 -120.0' spd 419.5 yaw  21.0 mode 2 st 0 gl 0 hp 100 frg 0
ARGEVT Romero hazard
ARGEVT Romero pursue
ARGEVT Joe Rogan pursue
ARGLOG Joe Rogan t  52.5 pos '2559.8 -196.3  32.0' spd 134.8 yaw 237 mode 0 st 0 gl 0 hp 37 frg 2
ARGEVT Joe Rogan route 6 start '2529.0 -183.0  32.0' goal '2369.0 -567.0  56.0'
ARGUS Joe Rogan hunch item_armorInv
ARGEVT Joe Rogan hazard
ARGLOG Romero t  52.7 pos '2366.8 -478.6   8.0' spd 320.3 yaw 71 mode 2 st 1 gl 1 hp 25 frg 1
ARGEVT Joe Rogan goal item_armorInv
ARGUS routecache adopt
ARGEVT Joe Rogan route 6 start '2529.0 -183.0  32.0' goal '2369.0 -567.0  56.0'
ARGEVT Joe Rogan pursue
ARGLOG Carmack t  52.9 pos '2483.3 -37.6 -72.0' spd 367.0 yaw 288 mode 2 st 0 gl 0 hp 100 frg 0
ARGLOG Joe Rogan t  53.0 pos '2568.8 -178.2  32.0' spd 348.8 yaw   3.4 mode 2 st 0 gl 0 hp 37 frg 2
ARGEVT Carmack hazard
ARGLOG Romero t  53.2 pos '2421.1 -327.7   8.0' spd 320.0 yaw 74 mode 2 st 1 gl 1 hp 25 frg 1
ARGUS Romero wallslide
ARGUS Carmack wallslide
ARGLOG Carmack t  53.4 pos '2640.5 -66.1 -72.0' spd 403.2 yaw 104 mode 2 st 0 gl 0 hp 100 frg 0
ARGEVT Romero hazard
ARGLOG Joe Rogan t  53.5 pos '2544.3 -230.1  32.0' spd 372.8 yaw 226.3 mode 2 st 0 gl 0 hp 37 frg 2
ARGUS Joe Rogan wallslide
ARGLOG Romero t  53.7 pos '2434.5 -304.0   8.0' spd  10.8 yaw 77 mode 2 st 1 gl 1 hp 25 frg 1
ARGEVT Joe Rogan pursue
ARGLOG Carmack t  53.9 pos '2592.0  18.9 -72.0' spd 421.9 yaw 236.1 mode 2 st 0 gl 0 hp 100 frg 0
ARGLOG Joe Rogan t  54.1 pos '2393.5 -198.4  24.0' spd 355.5 yaw 282.6 mode 2 st 0 gl 0 hp 37 frg 2
ARGLOG Romero t  54.2 pos '2381.3 -389.0   8.0' spd 341.7 yaw 119.8 mode 2 st 1 gl 1 hp 25 frg 1
ARGEVT Carmack hazard
ARGLOG Carmack t  54.5 pos '2442.4 -78.2 -72.0' spd 225.7 yaw 91 mode 2 st 0 gl 0 hp 100 frg 0
ARGUS Carmack wallslide
ARGLOG Joe Rogan t  54.6 pos '2221.5 -215.3  24.0' spd 321.8 yaw 284.0 mode 2 st 0 gl 0 hp 37 frg 2
ARGEVT Romero retreat
ARGLOG Romero t  54.7 pos '2250.1 -436.5   8.0' spd 274.0 yaw 129.7 mode 2 st 1 gl 1 hp 16 frg 1
ARGLOG Carmack t  55.0 pos '2546.4 -13.6 -64.0' spd 443.2 yaw 119.0 mode 2 st 0 gl 0 hp 100 frg 0
ARGLOG Joe Rogan t  55.1 pos '2188.2 -231.8  24.0' spd 336.1 yaw 272.5 mode 2 st 0 gl 0 hp 10 frg 2
ARGLOG Romero t  55.3 pos '2172.4 -464.9   8.0' spd 320.2 yaw  60.6 mode 2 st 1 gl 1 hp 16 frg 1
ARGEVT Romero grab item_health
ARGLOG Carmack t  55.5 pos '2478.2 -17.9 -72.0' spd 328.5 yaw 220 mode 2 st 0 gl 0 hp 100 frg 0
ARGLOG Joe Rogan t  55.6 pos '2158.6 -248.6  24.0' spd 323.6 yaw 281.3 mode 2 st 0 gl 0 hp 10 frg 2
ARGEVT Romero hazard
ARGEVT Carmack hazard
ARGLOG Romero t  55.8 pos '2158.4 -497.1   8.0' spd 195.5 yaw  98.5 mode 2 st 1 gl 1 hp 13 frg 1
ARGEVT Carmack route 20 start '2465.0 -55.0 -72.0' goal '2465.0 -1719.0  24.0'
ARGLOG Carmack t  56.0 pos '2324.8 -75.7 -104.0' spd 367.8 yaw 26 mode 2 st 0 gl 0 hp 100 frg 0
ARGEVT Joe Rogan hazard
ARGLOG Joe Rogan t  56.1 pos '2250.5 -256.5  24.0' spd 186.5 yaw 247.7 mode 2 st 0 gl 0 hp 1 frg 2
ARGEVT Joe Rogan death Romero pos '2232.1 -235.8  24.0'
ARGUS Romero watch spawn
ARGEVT Romero goal item_armorInv
ARGEVT Romero route 4 start '2177.0 -503.0   8.0' goal '2369.0 -567.0  56.0'
ARGLOG Romero t  56.3 pos '2158.4 -503.6   8.0' spd 115.7 yaw 140.0 mode 2 st 1 gl 1 hp 13 frg 2
ARGUS Romero wallslide
ARGLOG Carmack t  56.5 pos '2196.7 -131.5 -119.0' spd 321.6 yaw 264 mode 2 st 0 gl 0 hp 100 frg 0
ARGEVT Romero route 4 start '2177.0 -375.0   8.0' goal '2369.0 -567.0  56.0'
ARGLOG Romero t  56.8 pos '2134.8 -353.6  24.0' spd 320.7 yaw 80 mode 2 st 1 gl 1 hp 13 frg 2
ARGUS Carmack wallslide
ARGEVT Carmack route 21 start '2241.0 -183.0 -136.0' goal '2465.0 -1719.0  24.0'
ARGEVT Carmack hazard
ARGLOG Carmack t  57.0 pos '2276.6 -185.4 -136.0' spd 325.0 yaw 346.4 mode 2 st 0 gl 0 hp 100 frg 0
ARGEVT Romero weapon ssg
ARGLOG Romero t  57.3 pos '2256.2 -240.0  24.0' spd 0 yaw 290.2 mode 2 st 1 gl 1 hp 13 frg 2
ARGEVT Romero hazard
ARGUS Romero wallslide
ARGUS Carmack bodyblock
ARGLOG Carmack t  57.5 pos '2266.9 -204.0 -136.0' spd 340.9 yaw 38 mode 2 st 0 gl 0 hp 100 frg 0
ARGEVT Joe Rogan respawn
ARGEVT Joe Rogan goal weapon_rocketlauncher
ARGUS routecache adopt
ARGEVT Joe Rogan route 4 start '2561.0 -1303.0  24.0' goal '2465.0 -1719.0  24.0'
ARGLOG Joe Rogan t  57.7 pos '2576.0 -1328.0  24.0' spd 0 yaw 265.2 mode 0 st 0 gl 0 hp 100 frg 2
ARGLOG Romero t  57.8 pos '2192.2 -250.5  24.0' spd 361.9 yaw 331 mode 2 st 1 gl 1 hp 13 frg 2
ARGLOG Carmack t  58.1 pos '2185.6 -77.1 -102.4' spd 400.0 yaw  36.8 mode 2 st 0 gl 0 hp 100 frg 0
ARGLOG Joe Rogan t  58.3 pos '2567.0 -1475.9  24.0' spd 320.1 yaw 270 mode 2 st 0 gl 0 hp 100 frg 2
ARGLOG Romero t  58.3 pos '2194.9 -422.9   8.0' spd 486.4 yaw  35.5 mode 2 st 1 gl 1 hp 13 frg 2
ARGEVT Carmack hazard
ARGLOG Carmack t  58.6 pos '2372.1 -58.2 -88.0' spd 405.3 yaw 232.9 mode 2 st 0 gl 0 hp 100 frg 0
ARGEVT Romero hazard
ARGUS Carmack wallslide
ARGLOG Joe Rogan t  58.8 pos '2540.2 -1641.1  24.0' spd 330.1 yaw 230 mode 1 st 0 gl 0 hp 100 frg 2
ARGLOG Romero t  58.8 pos '2337.1 -334.5   8.0' spd 136.2 yaw 324 mode 2 st 1 gl 1 hp 13 frg 2
ARGEVT Carmack goal item_armor2
ARGEVT Carmack route 2 start '2465.0 -55.0 -72.0' goal '2817.0 -55.0 -72.0'
ARGEVT Joe Rogan goal item_armorInv
ARGEVT Joe Rogan route 8 start '2465.0 -1687.0  24.0' goal '2465.0 -1975.0 120.0'
ARGLOG Carmack t  59.1 pos '2503.4 -18.3 -64.0' spd 435.6 yaw 137.9 mode 2 st 0 gl 0 hp 100 frg 0
ARGLOG Joe Rogan t  59.3 pos '2467.9 -1792.6  24.0' spd 334.4 yaw 197 mode 2 st 0 gl 1 hp 100 frg 2
ARGLOG Romero t  59.3 pos '2241.7 -462.9   8.0' spd 474.9 yaw 353 mode 2 st 1 gl 1 hp 13 frg 2
ARGLOG Carmack t  59.6 pos '2363.5 -26.9 -88.0' spd 338.7 yaw 237 mode 2 st 0 gl 0 hp 100 frg 0
ARGLOG Joe Rogan t  59.8 pos '2327.9 -1879.4  24.0' spd 327.8 yaw 213 mode 2 st 0 gl 1 hp 100 frg 2
ARGUS Carmack wallslide
ARGLOG Romero t  59.9 pos '2435.9 -489.6   8.0' spd 321.3 yaw 230 mode 2 st 1 gl 1 hp 13 frg 2
ARGLOG Carmack t  60.1 pos '2246.9 -121.5 -136.0' spd 353.0 yaw 264 mode 2 st 0 gl 0 hp 100 frg 0
ARGEVT Romero door
ARGEVT Joe Rogan jump
ARGLOG Joe Rogan t  60.3 pos '2161.4 -1905.9  50.7' spd 345.9 yaw 329 mode 2 st 0 gl 1 hp 100 frg 2
ARGEVT Romero hazard
ARGEVT Carmack hazard
ARGEVT Carmack route 4 start '2241.0 -183.0 -136.0' goal '2817.0 -55.0 -72.0'
ARGLOG Romero t  60.4 pos '2615.4 -515.4  32.0' spd 347.9 yaw 235.5 mode 2 st 1 gl 1 hp 13 frg 2
ARGLOG Carmack t  60.6 pos '2287.9 -133.0 -136.0' spd 380.1 yaw  18.8 mode 2 st 0 gl 0 hp 100 frg 0
ARGUS Romero jumpapproach 0 actual 320.8
ARGEVT Romero jump
ARGUS Romero aircontrol
ARGLOG Joe Rogan t  60.8 pos '2137.4 -1986.3  72.0' spd 322.1 yaw 4 mode 2 st 0 gl 1 hp 100 frg 2
ARGLOG Romero t  60.9 pos '2507.5 -528.0  46.8' spd 311.3 yaw 210 mode 2 st 1 gl 1 hp 13 frg 2
ARGEVT Joe Rogan door
ARGLOG Carmack t  61.1 pos '2404.9  -3.3 -72.0' spd 334.1 yaw 353 mode 2 st 0 gl 0 hp 100 frg 0
ARGEVT Joe Rogan hazard
ARGEVT Romero jump
ARGLOG Joe Rogan t  61.3 pos '2220.9 -2136.0  88.0' spd 214.4 yaw 20 mode 2 st 0 gl 1 hp 100 frg 2
ARGUS Joe Rogan wallslide
ARGLOG Romero t  61.4 pos '2359.9 -528.0  48.6' spd 145.2 yaw 308.1 mode 1 st 1 gl 1 hp 13 frg 2
ARGLOG Carmack t  61.6 pos '2569.9 -11.8 -64.0' spd 320.0 yaw 351 mode 2 st 0 gl 0 hp 100 frg 0
ARGLOG Joe Rogan t  61.8 pos '2224.0 -2156.7  88.0' spd  50.3 yaw 23 mode 2 st 0 gl 1 hp 100 frg 2
ARGUS Romero wallslide
ARGLOG Romero t  61.9 pos '2377.9 -528.0   8.0' spd 138.6 yaw 291 mode 1 st 1 gl 1 hp 13 frg 2
ARGLOG Carmack t  62.1 pos '2733.8 -29.8 -72.0' spd 320.3 yaw 359 mode 1 st 0 gl 0 hp 100 frg 0
ARGEVT Joe Rogan hazard
ARGEVT Romero hazard
ARGLOG Joe Rogan t  62.3 pos '2224.0 -2124.0  88.0' spd 162.9 yaw 19 mode 2 st 0 gl 1 hp 100 frg 2
ARGLOG Romero t  62.4 pos '2424.4 -527.7   8.0' spd  61.0 yaw 259 mode 1 st 1 gl 1 hp 13 frg 2
ARGUS Joe Rogan wallslide
ARGEVT Carmack hazard
ARGLOG Carmack t  62.7 pos '1294.1 -1024.0 361.8' spd 300 yaw   8.9 mode 1 st 0 gl 0 hp 100 frg 0
ARGEVT Joe Rogan jump
ARGUS Romero wallslide
ARGLOG Joe Rogan t  62.8 pos '2224.0 -2030.4  99.3' spd 161.5 yaw 6 mode 2 st 0 gl 1 hp 100 frg 2
ARGLOG Romero t  62.9 pos '2478.0 -528.0   8.0' spd 319.3 yaw 319.2 mode 1 st 1 gl 1 hp 13 frg 2
ARGLOG Carmack t  63.2 pos '1331.9 -1024.0 352.0' spd 300 yaw 34 mode 1 st 0 gl 0 hp 100 frg 0
ARGEVT Romero hazard
ARGEVT Joe Rogan hazard
ARGLOG Joe Rogan t  63.3 pos '2232.0 -1968.0 120.0' spd 0 yaw 358 mode 2 st 0 gl 1 hp 100 frg 2
ARGLOG Romero t  63.4 pos '2636.9 -486.6  32.0' spd 175.1 yaw 319.2 mode 1 st 1 gl 1 hp 13 frg 2
ARGLOG Carmack t  63.7 pos '1440.3 -988.0 344.0' spd 327.8 yaw  44.9 mode 1 st 0 gl 0 hp 100 frg 0
ARGEVT Carmack hazard
ARGUS Carmack wallslide
ARGLOG Joe Rogan t  63.8 pos '2232.0 -1968.0 120.0' spd 0 yaw 358 mode 2 st 0 gl 1 hp 100 frg 2
ARGUS Romero wallslide
ARGLOG Romero t  63.9 pos '2570.1 -527.5  24.0' spd 257.0 yaw 268.9 mode 1 st 1 gl 1 hp 13 frg 2
ARGEVT Joe Rogan stall
ARGEVT Joe Rogan stallnode '2401.0 -1975.0 120.0'
ARGEVT Joe Rogan jump
ARGEVT Joe Rogan route 4 start '2177.0 -1975.0  72.0' goal '2465.0 -1975.0 120.0'
ARGLOG Carmack t  64.2 pos '1364.8 -938.5 344.0' spd 362.9 yaw  99.8 mode 1 st 0 gl 0 hp 100 frg 0
ARGEVT Romero hazard
ARGLOG Joe Rogan t  64.3 pos '2232.0 -1972.7 161.9' spd  21.3 yaw 359 mode 2 st 1 gl 1 hp 100 frg 2
ARGLOG Romero t  64.4 pos '2505.3 -528.0   8.0' spd 102.1 yaw 268.9 mode 1 st 1 gl 1 hp 13 frg 2
ARGEVT Joe Rogan hazard
ARGEVT Carmack hazard
ARGLOG Carmack t  64.7 pos '1372.0 -764.0 344.0' spd 334.0 yaw  88.2 mode 1 st 0 gl 0 hp 100 frg 0
ARGLOG Joe Rogan t  64.9 pos '2232.0 -2000.0 120.0' spd 0 yaw 2 mode 2 st 1 gl 1 hp 100 frg 2
ARGUS Romero wallslide
ARGLOG Romero t  64.9 pos '2469.4 -528.0   8.0' spd  72.2 yaw 268.9 mode 1 st 1 gl 1 hp 13 frg 2
ARGLOG Carmack t  65.2 pos '1292.2 -600.2 314.3' spd 355.6 yaw 20 mode 1 st 0 gl 0 hp 100 frg 0
ARGLOG Joe Rogan t  65.4 pos '2232.0 -2000.0 120.0' spd 0 yaw 2 mode 2 st 1 gl 1 hp 100 frg 2
ARGLOG Romero t  65.5 pos '2411.0 -528.0   8.0' spd 242.7 yaw 260 mode 1 st 1 gl 1 hp 13 frg 2
ARGUS Carmack wallslide
ARGEVT Joe Rogan hazard
ARGEVT Romero hazard
ARGLOG Carmack t  65.7 pos '1307.7 -462.9 184.0' spd 324.7 yaw 16 mode 1 st 0 gl 0 hp 100 frg 0
ARGEVT Carmack hazard
ARGLOG Joe Rogan t  65.9 pos '2232.0 -2000.0 120.0' spd 0 yaw 2 mode 2 st 1 gl 1 hp 100 frg 2
ARGLOG Romero t  66.0 pos '2364.7 -528.0   8.0' spd  43.2 yaw 301 mode 1 st 1 gl 1 hp 13 frg 2
ARGUS Romero wallslide
ARGEVT Joe Rogan stall
ARGEVT Joe Rogan stallnode '2177.0 -2071.0  88.0'
ARGEVT Joe Rogan jump
ARGUS routecache adopt
ARGEVT Joe Rogan route 3 start '2177.0 -2071.0  88.0' goal '2465.0 -1975.0 120.0'
ARGLOG Carmack t  66.2 pos '1413.6 -355.5 184.0' spd 326.1 yaw 13 mode 1 st 0 gl 0 hp 100 frg 0
ARGLOG Joe Rogan t  66.4 pos '2232.0 -1996.6 163.5' spd  19.2 yaw 1 mode 2 st 2 gl 1 hp 100 frg 2
ARGLOG Romero t  66.5 pos '2415.4 -528.0   8.0' spd  54.8 yaw 256 mode 1 st 1 gl 1 hp 13 frg 2
ARGEVT Romero hazard
ARGUS Carmack wallslide
ARGLOG Carmack t  66.7 pos '1577.5 -336.0 184.0' spd 324.9 yaw 13 mode 1 st 0 gl 0 hp 100 frg 0
ARGEVT Joe Rogan hazard
ARGLOG Joe Rogan t  66.9 pos '2231.1 -1973.5 120.0' spd 104.4 yaw 359 mode 2 st 2 gl 1 hp 100 frg 2
ARGLOG Romero t  67.0 pos '2441.1 -528.0   8.0' spd  12.9 yaw 247.2 mode 1 st 1 gl 1 hp 13 frg 2
ARGLOG Carmack t  67.2 pos '1746.7 -336.0 184.0' spd 331.1 yaw 16 mode 1 st 0 gl 0 hp 100 frg 0
ARGLOG Joe Rogan t  67.4 pos '2229.0 -1968.0 120.0' spd   3.8 yaw 358 mode 2 st 2 gl 1 hp 100 frg 2
ARGLOG Romero t  67.5 pos '2448.4 -528.0   8.0' spd  14.0 yaw 286 mode 1 st 1 gl 1 hp 13 frg 2
ARGEVT Carmack hazard
ARGEVT Romero hazard
ARGUS Carmack wallslide
ARGEVT Joe Rogan hazard
ARGLOG Carmack t  67.8 pos '1871.2 -400.4 184.0' spd 352.3 yaw 303.1 mode 1 st 0 gl 0 hp 100 frg 0
ARGLOG Joe Rogan t  67.9 pos '2227.3 -1968.0 120.0' spd   3.6 yaw 358 mode 2 st 2 gl 1 hp 100 frg 2
ARGLOG Romero t  68.0 pos '2453.8 -528.0   8.0' spd   9.0 yaw 280 mode 1 st 1 gl 1 hp 13 frg 2
ARGEVT Romero abandon
ARGEVT Romero stall
ARGEVT Romero jump
ARGEVT Joe Rogan stall
ARGEVT Joe Rogan stallnode '2177.0 -2071.0  88.0'
ARGEVT Joe Rogan jump
ARGLOG Carmack t  68.3 pos '1877.1 -560.0 138.4' spd  74.2 yaw  22.9 mode 1 st 0 gl 0 hp 100 frg 0
ARGEVT Romero goal item_health
ARGEVT Romero route 7 start '2465.0 -503.0   8.0' goal '2017.0 -535.0 104.0'
ARGEVT Joe Rogan route 4 start '2177.0 -1975.0  72.0' goal '2465.0 -1975.0 120.0'
ARGLOG Joe Rogan t  68.5 pos '2232.0 -1968.4 161.8' spd   4.3 yaw 358 mode 2 st 3 gl 1 hp 100 frg 2
ARGLOG Romero t  68.5 pos '2460.9 -490.8  51.2' spd 104.3 yaw 157 mode 2 st 2 gl 1 hp 13 frg 2
ARGLOG Carmack t  68.8 pos '1972.6 -521.4 104.0' spd 320.2 yaw 30 mode 1 st 0 gl 0 hp 100 frg 0
ARGEVT Joe Rogan hazard
ARGEVT Joe Rogan stall
ARGEVT Joe Rogan stallnode '2177.0 -2071.0  88.0'
ARGEVT Joe Rogan jump
ARGEVT Joe Rogan goal item_artifact_super_damage
ARGEVT Joe Rogan abandon
ARGLOG Joe Rogan t  69.0 pos '2231.3 -1982.5 134.8' spd  69.2 yaw 134.3 mode 0 st 4 gl 1 hp 100 frg 2
ARGLOG Romero t  69.0 pos '2389.5 -460.1   8.0' spd 338.9 yaw 138 mode 2 st 2 gl 1 hp 13 frg 2
ARGEVT Carmack hazard
ARGEVT Joe Rogan goal item_health
ARGEVT Joe Rogan door
ARGEVT Joe Rogan route 2 start '2177.0 -2071.0  88.0' goal '2401.0 -1975.0 120.0'
ARGUS Carmack wallslide
ARGLOG Carmack t  69.3 pos '2063.8 -401.4 104.0' spd 323.1 yaw 80 mode 1 st 0 gl 0 hp 100 frg 0
ARGLOG Joe Rogan t  69.5 pos '2195.5 -1968.0 139.0' spd  11.9 yaw  14.3 mode 2 st 4 gl 1 hp 100 frg 2
ARGLOG Romero t  69.6 pos '2229.9 -404.6   8.0' spd 344.2 yaw 133 mode 2 st 2 gl 1 hp 13 frg 2
ARGLOG Carmack t  69.8 pos '2064.0 -235.4  36.2' spd 324.3 yaw  45.4 mode 1 st 0 gl 0 hp 100 frg 0
ARGEVT Joe Rogan hazard
ARGUS Joe Rogan wallslide
ARGEVT Romero engage Carmack
ARGEVT Romero retreat
ARGEVT Carmack engage Romero
ARGLOG Joe Rogan t  70.0 pos '2223.8 -2018.4  88.0' spd 202.2 yaw 4 mode 2 st 4 gl 1 hp 100 frg 2
ARGLOG Romero t  70.1 pos '2150.1 -307.2  24.0' spd 172.3 yaw 128.3 mode 2 st 2 gl 1 hp 13 frg 2
ARGLOG Carmack t  70.3 pos '2018.0 -229.2  24.0' spd 330.4 yaw 318.2 mode 1 st 0 gl 0 hp 100 frg 0
ARGLOG Joe Rogan t  70.5 pos '2223.3 -2068.8  88.0' spd  79.6 yaw 11 mode 2 st 4 gl 1 hp 100 frg 2
ARGEVT Romero pursue
ARGEVT Carmack pursue
ARGLOG Romero t  70.6 pos '2235.3 -431.2   8.0' spd  72.5 yaw 125 mode 2 st 2 gl 1 hp 13 frg 2
ARGUS Carmack hunch item_health
ARGLOG Carmack t  70.8 pos '2038.6 -346.8  88.0' spd 285.6 yaw 177.7 mode 1 st 0 gl 0 hp 100 frg 0
ARGEVT Joe Rogan hazard
ARGEVT Carmack goal weapon_rocketlauncher
ARGEVT Carmack pursue
ARGLOG Joe Rogan t  71.0 pos '2222.6 -2105.2  88.0' spd  65.9 yaw 16 mode 2 st 4 gl 1 hp 100 frg 2
ARGEVT Carmack routefail
ARGLOG Romero t  71.1 pos '2154.4 -318.8  24.0' spd 320.0 yaw 124 mode 2 st 2 gl 1 hp 13 frg 2
ARGEVT Carmack hazard
ARGEVT Carmack goal item_health
ARGEVT Carmack route 11 start '2017.0 -279.0  56.0' goal '2049.0 -983.0 344.0'
ARGUS Romero wallslide
ARGLOG Carmack t  71.3 pos '1985.5 -275.1  56.0' spd 327.0 yaw  80.7 mode 2 st 0 gl 0 hp 100 frg 0
ARGLOG Joe Rogan t  71.5 pos '2223.5 -2134.9  88.0' spd  24.2 yaw 20 mode 2 st 4 gl 1 hp 100 frg 2
ARGLOG Romero t  71.6 pos '2182.7 -234.6  24.0' spd 334.8 yaw 175.3 mode 2 st 2 gl 1 hp 13 frg 2
ARGUS Joe Rogan wallslide
ARGLOG Carmack t  71.9 pos '1980.9 -97.2  24.0' spd 347.4 yaw 329.2 mode 2 st 0 gl 0 hp 92 frg 0
ARGEVT Joe Rogan hazard
ARGLOG Joe Rogan t  72.0 pos '2224.0 -2128.2  88.0' spd 153.0 yaw 19 mode 2 st 4 gl 1 hp 100 frg 2
ARGLOG Romero t  72.1 pos '2277.9 -354.4   8.0' spd 335.5 yaw 133.3 mode 2 st 2 gl 1 hp 12 frg 2
ARGUS Carmack wallslide
ARGLOG Carmack t  72.4 pos '2096.7  15.5  24.0' spd 274.3 yaw 299.3 mode 2 st 0 gl 0 hp 97 frg 0
ARGEVT Romero route 6 start '2369.0 -407.0   8.0' goal '2017.0 -535.0 104.0'
ARGEVT Joe Rogan jump
ARGLOG Joe Rogan t  72.6 pos '2224.0 -2034.5  92.1' spd 156.4 yaw 7 mode 2 st 4 gl 1 hp 100 frg 2
ARGLOG Romero t  72.6 pos '2387.0 -480.8   8.0' spd 421.9 yaw 119.0 mode 2 st 2 gl 1 hp 6 frg 2
ARGLOG Carmack t  72.9 pos '2077.8 -121.7  24.0' spd 353.9 yaw 316.0 mode 2 st 0 gl 0 hp 97 frg 0
ARGEVT Romero route 7 start '2465.0 -503.0   8.0' goal '2017.0 -535.0 104.0'
ARGUS Romero wallslide
ARGEVT Joe Rogan hazard
ARGLOG Joe Rogan t  73.1 pos '2231.7 -1968.0 120.0' spd   7.2 yaw 358 mode 2 st 4 gl 1 hp 100 frg 2
ARGLOG Romero t  73.1 pos '2550.2 -527.8  24.0' spd 320.2 yaw 138.8 mode 2 st 2 gl 1 hp 6 frg 2
ARGEVT Romero death Carmack pos '2575.5 -528.0  24.0'
ARGUS Carmack watch spawn
ARGLOG Carmack t  73.4 pos '2154.3 -251.8  24.0' spd 323.9 yaw 325 mode 2 st 0 gl 0 hp 94 frg 1
ARGEVT Carmack goal backpack
ARGEVT Carmack route 3 start '2209.0 -279.0  24.0' goal '2561.0 -503.0  24.0'
ARGLOG Joe Rogan t  73.6 pos '2227.8 -1968.0 120.0' spd   7.8 yaw 358 mode 2 st 4 gl 1 hp 100 frg 2
ARGEVT Joe Rogan stall
ARGEVT Joe Rogan stallnode '2401.0 -1975.0 120.0'
ARGEVT Joe Rogan jump
ARGLOG Carmack t  73.9 pos '2295.5 -337.4   8.0' spd 320.2 yaw 323 mode 2 st 0 gl 0 hp 94 frg 1
ARGEVT Joe Rogan route 3 start '2177.0 -1975.0  72.0' goal '2401.0 -1975.0 120.0'
ARGLOG Joe Rogan t  74.1 pos '2232.0 -1968.4 161.1' spd   2.4 yaw 358 mode 2 st 5 gl 1 hp 100 frg 2
ARGLOG Carmack t  74.4 pos '2425.3 -431.5   8.0' spd 320.0 yaw 322 mode 1 st 0 gl 0 hp 94 frg 1
ARGEVT Joe Rogan hazard
ARGEVT Joe Rogan stall
ARGEVT Joe Rogan stallnode '2177.0 -2071.0  88.0'
ARGEVT Joe Rogan jump
ARGLOG Joe Rogan t  74.6 pos '2231.6 -1980.3 134.6' spd  66.8 yaw 201.2 mode 0 st 6 gl 1 hp 100 frg 2
ARGEVT Joe Rogan goal item_armor2
ARGEVT Joe Rogan route 21 start '2177.0 -2071.0  88.0' goal '2049.0 -983.0  32.0'
ARGEVT Romero respawn
ARGEVT Romero goal item_armorInv
ARGLOG Romero t  74.7 pos '2576.0 -1328.0  24.0' spd 0 yaw 265.2 mode 0 st 2 gl 1 hp 100 frg 2
ARGEVT Romero route 10 start '2561.0 -1303.0  24.0' goal '2465.0 -1975.0 120.0'
ARGEVT Carmack goal item_health
ARGEVT Carmack hazard
ARGEVT Carmack route 21 start '2561.0 -503.0  24.0' goal '2401.0 -1975.0 120.0'
ARGLOG Carmack t  74.9 pos '2562.5 -520.6  24.0' spd 346.0 yaw 145 mode 2 st 0 gl 1 hp 94 frg 1
ARGUS routecache adopt
ARGEVT Carmack route 21 start '2561.0 -503.0  24.0' goal '2401.0 -1975.0 120.0'
ARGUS Carmack wallslide
ARGLOG Joe Rogan t  75.1 pos '2232.0 -2000.0 139.2' spd 0 yaw   0.6 mode 2 st 6 gl 1 hp 100 frg 2
ARGLOG Romero t  75.3 pos '2457.7 -1430.2  24.0' spd 321.0 yaw 261 mode 2 st 2 gl 1 hp 100 frg 2
ARGLOG Carmack t  75.4 pos '2593.0 -527.4  32.0' spd 305.3 yaw 170 mode 2 st 0 gl 1 hp 94 frg 1
ARGEVT Joe Rogan hazard
ARGLOG Joe Rogan t  75.6 pos '2231.6 -2000.0 120.0' spd   0.8 yaw 2 mode 2 st 6 gl 1 hp 100 frg 2
ARGUS Romero wallslide
ARGLOG Romero t  75.8 pos '2353.4 -1563.7  24.0' spd 325.0 yaw 268 mode 2 st 2 gl 1 hp 100 frg 2
ARGEVT Joe Rogan stall
ARGEVT Joe Rogan stallnode '2177.0 -2071.0  88.0'
ARGEVT Joe Rogan jump
ARGLOG Carmack t  76.0 pos '2427.0 -507.2   8.0' spd 358.5 yaw 128.0 mode 2 st 0 gl 1 hp 94 frg 1
ARGEVT Joe Rogan route 21 start '2177.0 -2071.0  88.0' goal '2049.0 -983.0  32.0'
ARGLOG Joe Rogan t  76.1 pos '2232.0 -1999.1 155.4' spd  10.4 yaw 2 mode 2 st 7 gl 1 hp 100 frg 2
ARGLOG Romero t  76.3 pos '2378.3 -1724.1  24.0' spd 335.2 yaw 218 mode 2 st 2 gl 1 hp 100 frg 2
ARGLOG Carmack t  76.5 pos '2433.2 -334.7   8.0' spd 486.3 yaw 323.8 mode 2 st 0 gl 1 hp 94 frg 1
ARGEVT Joe Rogan hazard
ARGLOG Joe Rogan t  76.7 pos '2231.9 -1986.7 120.0' spd  66.9 yaw 360 mode 2 st 7 gl 1 hp 100 frg 2
ARGEVT Carmack hazard
ARGLOG Romero t  76.8 pos '2302.3 -1878.4  24.0' spd 359.9 yaw 218 mode 2 st 2 gl 1 hp 100 frg 2
ARGEVT Carmack route 20 start '2593.0 -375.0  24.0' goal '2401.0 -1975.0 120.0'
ARGEVT Joe Rogan engage Romero
ARGEVT Joe Rogan weapon sg
ARGEVT Joe Rogan grab item_health
ARGEVT Romero engage Joe Rogan
ARGLOG Carmack t  77.0 pos '2604.1 -382.8  24.0' spd 155.5 yaw 165 mode 2 st 0 gl 1 hp 94 frg 1
ARGUS Carmack wallslide
ARGEVT Joe Rogan abandon
ARGLOG Joe Rogan t  77.2 pos '2229.0 -1968.0 120.0' spd   0.7 yaw 155.8 mode 0 st 7 gl 1 hp 100 frg 2
ARGEVT Joe Rogan goal item_rockets
ARGEVT Romero hazard
ARGLOG Romero t  77.3 pos '2153.5 -1875.4  24.0' spd 373.9 yaw 301.5 mode 2 st 2 gl 1 hp 100 frg 2
ARGEVT Joe Rogan route 16 start '2177.0 -1975.0  72.0' goal '2177.0 -2487.0 200.0'
ARGLOG Carmack t  77.5 pos '2495.3 -381.0   8.0' spd 320.0 yaw 160 mode 2 st 0 gl 1 hp 94 frg 1
ARGLOG Joe Rogan t  77.7 pos '2232.0 -1968.3 126.9' spd   5.2 yaw 183.1 mode 2 st 7 gl 1 hp 76 frg 2
ARGLOG Romero t  77.8 pos '2156.2 -1987.7  72.0' spd 143.5 yaw   2.6 mode 2 st 2 gl 1 hp 76 frg 2
ARGEVT Joe Rogan hazard
ARGLOG Carmack t  78.0 pos '2329.6 -368.6   8.0' spd 342.0 yaw 107 mode 2 st 0 gl 1 hp 94 frg 1
ARGLOG Joe Rogan t  78.2 pos '2232.0 -1968.2 121.5' spd   4.2 yaw 200.1 mode 2 st 7 gl 1 hp 52 frg 2
ARGLOG Romero t  78.3 pos '2155.6 -2005.5  88.0' spd  66.6 yaw  23.4 mode 2 st 2 gl 1 hp 52 frg 2
ARGEVT Romero retreat
ARGLOG Carmack t  78.5 pos '2211.6 -241.9  24.0' spd 346.2 yaw 49 mode 2 st 0 gl 1 hp 94 frg 1
ARGLOG Joe Rogan t  78.7 pos '2229.8 -1968.0 120.0' spd   3.3 yaw 188.3 mode 2 st 7 gl 1 hp 52 frg 2
ARGUS Romero wallslide
ARGLOG Romero t  78.8 pos '2128.0 -1935.5  40.0' spd 321.8 yaw 351.7 mode 2 st 2 gl 1 hp 28 frg 2
ARGEVT Joe Rogan weapon rl
ARGUS Joe Rogan leadclip
ARGLOG Carmack t  79.0 pos '2258.0 -74.8  24.0' spd 371.4 yaw 9 mode 2 st 0 gl 1 hp 94 frg 1
ARGEVT Romero hazard
ARGEVT Carmack jump
ARGLOG Joe Rogan t  79.2 pos '2184.9 -2039.3  96.9' spd 248.2 yaw  97.8 mode 2 st 7 gl 1 hp 44 frg 2
ARGEVT Romero death Joe Rogan pos '2178.6 -1810.2  24.0'
ARGUS Joe Rogan watch spawn
ARGEVT Joe Rogan hazard
ARGEVT Joe Rogan goal item_armorInv
ARGEVT Joe Rogan route 4 start '2177.0 -1975.0  72.0' goal '2465.0 -1975.0 120.0'
ARGLOG Carmack t  79.5 pos '2384.0  10.8  81.9' spd 126.0 yaw 310 mode 2 st 0 gl 1 hp 94 frg 1
ARGLOG Joe Rogan t  79.7 pos '2133.6 -1937.6  56.0' spd 396.5 yaw 345 mode 2 st 7 gl 1 hp 44 frg 3
ARGLOG Carmack t  80.1 pos '2495.3  -8.6 120.0' spd 321.0 yaw 282 mode 2 st 0 gl 1 hp 94 frg 1
ARGLOG Joe Rogan t  80.2 pos '2319.7 -1896.6  24.0' spd 306.1 yaw 233.3 mode 2 st 7 gl 1 hp 44 frg 3
ARGUS Joe Rogan wallslide
ARGLOG Carmack t  80.6 pos '2611.9 -135.6 120.0' spd 342.7 yaw 268 mode 2 st 0 gl 1 hp 94 frg 1
ARGLOG Joe Rogan t  80.7 pos '2231.3 -1904.0  24.0' spd 326.2 yaw 192 mode 2 st 7 gl 1 hp 44 frg 3
ARGEVT Carmack route 14 start '2593.0 -247.0 120.0' goal '2401.0 -1975.0 120.0'
ARGEVT Romero respawn
ARGEVT Romero goal item_armor2
ARGLOG Romero t  80.8 pos '2560.0 -192.0  32.0' spd 0 yaw 175.2 mode 0 st 2 gl 1 hp 100 frg 2
ARGEVT Romero route 6 start '2529.0 -183.0  32.0' goal '2817.0 -55.0 -72.0'
ARGEVT Joe Rogan hazard
ARGLOG Carmack t  81.1 pos '2615.8 -303.7 120.0' spd 359.6 yaw 224.0 mode 2 st 0 gl 1 hp 94 frg 1
ARGLOG Joe Rogan t  81.2 pos '2148.0 -2013.8  88.0' spd 352.6 yaw 309.0 mode 2 st 7 gl 1 hp 44 frg 3
ARGLOG Romero t  81.3 pos '2411.1 -172.2  24.0' spd 326.7 yaw 109 mode 2 st 2 gl 1 hp 100 frg 2
ARGUS Romero wallslide
ARGLOG Carmack t  81.6 pos '2552.8 -365.3 147.2' spd  76.4 yaw 112 mode 2 st 0 gl 1 hp 94 frg 1
ARGLOG Joe Rogan t  81.8 pos '2208.6 -2110.4  88.0' spd 231.8 yaw 112.9 mode 2 st 7 gl 1 hp 44 frg 3
ARGEVT Carmack hazard
ARGLOG Romero t  81.9 pos '2256.0 -114.6  24.0' spd 371.6 yaw 15 mode 2 st 2 gl 1 hp 100 frg 2
ARGEVT Romero jump
ARGLOG Carmack t  82.1 pos '2547.5 -324.0 161.5' spd  30.5 yaw 276 mode 2 st 0 gl 1 hp 94 frg 1
ARGEVT Joe Rogan door
ARGLOG Joe Rogan t  82.3 pos '2155.5 -1953.3  56.0' spd 350.8 yaw  76.5 mode 2 st 7 gl 1 hp 44 frg 3
ARGLOG Romero t  82.4 pos '2341.9   9.5  81.8' spd 148.8 yaw 349 mode 2 st 2 gl 1 hp 100 frg 2
ARGLOG Carmack t  82.6 pos '2545.0 -378.9 168.0' spd 132.5 yaw 151.6 mode 2 st 0 gl 1 hp 94 frg 1
ARGLOG Joe Rogan t  82.8 pos '2280.9 -1824.8  24.0' spd 360.4 yaw 336 mode 2 st 7 gl 1 hp 44 frg 3
ARGLOG Romero t  82.9 pos '2445.9 -26.0 104.0' spd 320.3 yaw 356 mode 2 st 2 gl 1 hp 100 frg 2
ARGEVT Carmack engage Romero
ARGLOG Carmack t  83.1 pos '2557.7 -348.6 136.0' spd 285.1 yaw 113.7 mode 2 st 0 gl 1 hp 94 frg 1
ARGEVT Romero engage Carmack
ARGEVT Romero hazard
ARGLOG Joe Rogan t  83.3 pos '2441.2 -1865.1  24.0' spd 322.0 yaw 327 mode 2 st 7 gl 1 hp 44 frg 3
ARGLOG Romero t  83.4 pos '2547.0 -78.5 120.0' spd  51.2 yaw 275.7 mode 2 st 2 gl 1 hp 100 frg 2
ARGEVT Joe Rogan hazard
ARGLOG Carmack t  83.7 pos '2551.6 -304.1 150.4' spd   6.7 yaw 103.2 mode 2 st 0 gl 1 hp 94 frg 1
ARGUS Joe Rogan wallslide
ARGLOG Joe Rogan t  83.8 pos '2597.3 -1886.8  24.0' spd 249.5 yaw 286 mode 2 st 7 gl 1 hp 44 frg 3
ARGLOG Romero t  83.9 pos '2405.5 -75.3  88.0' spd 338.5 yaw 294.2 mode 2 st 2 gl 1 hp 68 frg 2
ARGEVT Carmack pursue
ARGEVT Romero pursue
ARGEVT Joe Rogan route 7 start '2561.0 -1879.0  24.0' goal '2465.0 -1975.0 120.0'
ARGLOG Carmack t  84.2 pos '2558.1 -304.0 136.0' spd   6.2 yaw 97 mode 2 st 0 gl 1 hp 94 frg 1
ARGLOG Joe Rogan t  84.3 pos '2519.7 -1903.6  24.0' spd  32.3 yaw 323 mode 2 st 7 gl 1 hp 44 frg 3
ARGLOG Romero t  84.4 pos '2414.9 -235.3  26.1' spd 361.0 yaw 334 mode 2 st 2 gl 1 hp 68 frg 2
ARGUS Romero wallslide
ARGUS Romero hunch item_artifact_super_damage
ARGEVT Romero goal item_armor2
ARGEVT Romero route 5 start '2433.0 -183.0  24.0' goal '2817.0 -55.0 -72.0'
ARGEVT Romero pursue
ARGEVT Joe Rogan hazard
ARGLOG Carmack t  84.7 pos '2557.0 -304.0 136.0' spd 0 yaw 97 mode 2 st 0 gl 1 hp 94 frg 1
ARGLOG Joe Rogan t  84.8 pos '2599.9 -1892.9  24.0' spd 239.7 yaw 285 mode 2 st 7 gl 1 hp 44 frg 3
ARGLOG Romero t  84.9 pos '2488.9 -144.4  24.0' spd 322.9 yaw 346.8 mode 2 st 2 gl 1 hp 68 frg 2
ARGUS Joe Rogan wallslide
ARGEVT Romero hazard
ARGLOG Carmack t  85.2 pos '2557.0 -304.0 136.0' spd 0 yaw 97 mode 2 st 0 gl 1 hp 94 frg 1
ARGEVT Romero route 6 start '2529.0 -183.0  32.0' goal '2817.0 -55.0 -72.0'
ARGLOG Joe Rogan t  85.3 pos '2554.5 -1903.9  24.0' spd  37.6 yaw 311 mode 2 st 7 gl 1 hp 44 frg 3
ARGLOG Romero t  85.4 pos '2523.6 -234.8  32.0' spd 326.5 yaw 201.5 mode 2 st 2 gl 1 hp 68 frg 2
ARGUS Romero wallslide
ARGEVT Joe Rogan hazard
ARGEVT Romero pursue
ARGLOG Carmack t  85.7 pos '2557.0 -304.0 136.0' spd 0 yaw 97 mode 2 st 0 gl 1 hp 94 frg 1
ARGLOG Joe Rogan t  85.9 pos '2536.5 -1903.9  24.0' spd  35.3 yaw 318 mode 2 st 7 gl 1 hp 44 frg 3
ARGLOG Romero t  85.9 pos '2369.6 -172.7  24.0' spd 421.2 yaw  70.9 mode 2 st 2 gl 1 hp 68 frg 2
ARGUS Joe Rogan wallslide
ARGUS Carmack hunch item_armorInv
ARGLOG Carmack t  86.2 pos '2557.0 -304.0 136.0' spd 0 yaw 102.4 mode 2 st 0 gl 1 hp 94 frg 1
ARGEVT Carmack goal weapon_rocketlauncher
ARGEVT Carmack hazard
ARGEVT Carmack route 10 start '2593.0 -247.0 120.0' goal '2465.0 -1719.0  24.0'
ARGLOG Joe Rogan t  86.4 pos '2519.9 -1903.9  24.0' spd  30.1 yaw 323 mode 2 st 7 gl 1 hp 44 frg 3
ARGLOG Romero t  86.4 pos '2380.6 -144.0  24.0' spd 240.2 yaw 157 mode 2 st 2 gl 1 hp 68 frg 2
ARGUS Romero wallslide
ARGEVT Carmack stall
ARGEVT Carmack stallnode '2593.0 -503.0 120.0'
ARGEVT Joe Rogan hazard
ARGUS routecache adopt
ARGEVT Carmack route 10 start '2593.0 -247.0 120.0' goal '2465.0 -1719.0  24.0'
ARGLOG Carmack t  86.7 pos '2547.4 -304.0 161.6' spd   6.5 yaw 276 mode 2 st 1 gl 1 hp 94 frg 1
ARGLOG Joe Rogan t  86.9 pos '2510.9 -1904.0  24.0' spd 138.4 yaw 325 mode 2 st 7 gl 1 hp 44 frg 3
ARGLOG Romero t  87.0 pos '2210.6 -187.6  24.0' spd 431.5 yaw 27 mode 2 st 2 gl 1 hp 68 frg 2
ARGUS Joe Rogan wallslide
ARGLOG Carmack t  87.2 pos '2551.5 -316.5 150.9' spd  33.7 yaw 276 mode 2 st 1 gl 1 hp 94 frg 1
ARGEVT Romero engage Carmack
ARGEVT Carmack engage Romero
ARGLOG Joe Rogan t  87.4 pos '2597.7 -1894.7  24.0' spd 293.5 yaw 287 mode 2 st 7 gl 1 hp 44 frg 3
ARGLOG Romero t  87.5 pos '2317.2 -356.7   8.0' spd 383.4 yaw   6.0 mode 2 st 2 gl 1 hp 68 frg 2
ARGEVT Joe Rogan hazard
ARGEVT Romero retreat
ARGLOG Carmack t  87.7 pos '2562.7 -417.4 120.0' spd 320.6 yaw 185.4 mode 0 st 1 gl 1 hp 94 frg 1
ARGEVT Romero route 7 start '2369.0 -407.0   8.0' goal '2817.0 -55.0 -72.0'
ARGLOG Joe Rogan t  87.9 pos '2554.5 -1903.9  24.0' spd  35.4 yaw 311 mode 2 st 7 gl 1 hp 44 frg 3
ARGEVT Carmack route 9 start '2593.0 -503.0 120.0' goal '2465.0 -1719.0  24.0'
ARGUS Joe Rogan wallslide
ARGLOG Romero t  88.0 pos '2279.9 -473.9   8.0' spd 332.5 yaw 339.8 mode 2 st 2 gl 1 hp 28 frg 2
ARGLOG Carmack t  88.2 pos '2546.2 -470.6 164.9' spd 320.2 yaw 182.2 mode 2 st 1 gl 1 hp 94 frg 1
ARGEVT Romero pursue
ARGEVT Carmack pursue
ARGLOG Joe Rogan t  88.4 pos '2536.2 -1904.0  24.0' spd  34.8 yaw 318 mode 2 st 7 gl 1 hp 44 frg 3
ARGEVT Romero hazard
ARGLOG Romero t  88.5 pos '2143.8 -490.4   8.0' spd 169.8 yaw 359 mode 2 st 2 gl 1 hp 28 frg 2
ARGEVT Carmack route 10 start '2593.0 -375.0 120.0' goal '2465.0 -1719.0  24.0'
ARGEVT Joe Rogan hazard
ARGLOG Carmack t  88.8 pos '2550.9 -370.9 152.4' spd  20.6 yaw 201 mode 2 st 1 gl 1 hp 94 frg 1
ARGLOG Joe Rogan t  88.9 pos '2519.4 -1904.0  24.0' spd  32.9 yaw 323 mode 2 st 7 gl 1 hp 44 frg 3
ARGUS Joe Rogan wallslide
ARGLOG Romero t  89.0 pos '2252.9 -474.9   8.0' spd 238.6 yaw  12.9 mode 2 st 2 gl 1 hp 4 frg 2
ARGLOG Carmack t  89.3 pos '2544.4 -321.4 169.9' spd 244.6 yaw 202.1 mode 2 st 1 gl 1 hp 94 frg 1
ARGLOG Joe Rogan t  89.4 pos '2592.4 -1894.5  24.0' spd 312.3 yaw 290 mode 2 st 7 gl 1 hp 44 frg 3
ARGLOG Romero t  89.5 pos '2135.4 -477.5   8.0' spd  79.7 yaw  21.5 mode 2 st 2 gl 1 hp 4 frg 2
ARGEVT Joe Rogan hazard
ARGEVT Romero death Carmack pos '2140.2 -464.8   8.0'
ARGUS Carmack watch spawn
ARGEVT Carmack goal item_armorInv
ARGEVT Carmack route 3 start '2593.0 -375.0 120.0' goal '2369.0 -567.0  56.0'
ARGLOG Carmack t  89.8 pos '2583.8 -363.5 120.0' spd 366.6 yaw 238.3 mode 2 st 1 gl 1 hp 94 frg 2
ARGLOG Joe Rogan t  89.9 pos '2564.3 -1904.0  24.0' spd  40.0 yaw 307 mode 2 st 7 gl 1 hp 44 frg 3
ARGUS Joe Rogan wallslide
ARGEVT Joe Rogan stall
ARGEVT Joe Rogan stallnode '2337.0 -1879.0  24.0'
ARGEVT Joe Rogan jump
ARGEVT Joe Rogan route 7 start '2561.0 -1879.0  24.0' goal '2465.0 -1975.0 120.0'
ARGEVT Joe Rogan abandon
ARGLOG Carmack t  90.3 pos '2546.8 -520.4 163.2' spd 254.4 yaw 175 mode 2 st 1 gl 1 hp 94 frg 2
ARGEVT Joe Rogan goal item_health
ARGEVT Joe Rogan route 4 start '2561.0 -1879.0  24.0' goal '2465.0 -1303.0  24.0'
ARGLOG Joe Rogan t  90.5 pos '2559.2 -1888.7  64.5' spd  55.1 yaw 111 mode 2 st 8 gl 1 hp 44 frg 3
ARGLOG Carmack t  90.8 pos '2548.6 -506.3 158.4' spd  81.5 yaw 177 mode 2 st 1 gl 1 hp 94 frg 2
ARGLOG Joe Rogan t  91.0 pos '2496.9 -1832.0  24.0' spd 320.4 yaw 105 mode 2 st 8 gl 1 hp 44 frg 3
ARGEVT Romero respawn
ARGEVT Romero goal item_armor2
ARGLOG Romero t  91.2 pos '2248.0 -16.0 -136.0' spd 0 yaw 354.9 mode 0 st 2 gl 1 hp 100 frg 2
ARGEVT Romero route 4 start '2241.0 -55.0 -136.0' goal '2817.0 -55.0 -72.0'
ARGLOG Carmack t  91.3 pos '2550.6 -463.3 153.1' spd  60.7 yaw 184 mode 2 st 1 gl 1 hp 94 frg 2
