LOG started on: 09/17/2026 23:12:50 
Playing registered version.
UDP Initialized
WIPX_OpenSocket: Address family not supported by protocol family
WIPX_Init: Unable to open control socket, IPX disabled
Exe: 20:02:47 Jul 31 2024
256.0 megabyte heap

Language initialization
Couldn't load 'localization/loc_english.txt'
from 'C:\argus\engine'

========= Quake Initialized =========

execing autoexec.cfg
SpawnServer: dm4
Clearing memory
Programs occupy 904K.
trying to open external vis file
maps/dm4.vis not found, trying argus.vis
external vis not found
ARGUS slots 4
ARGUS worldspawn reached
ARGNAV 137 nodes, 678 links
0 entities inhibited
ARGUS init on dm4
ARGEVT Carmack spawned
ARGEVT Romero spawned
ARGEVT Joe Rogan spawned
Server spawned.
ARGLOG Joe Rogan t   1.2 pos '-64.0 -232.0 -72.0' spd 0 yaw 357.6 mode 0 st 0 gl 0 hp 100 frg 0
ARGLOG Romero t   1.2 pos '112.0 -1136.0 -104.0' spd 0 yaw  92.5 mode 0 st 0 gl 0 hp 100 frg 0
ARGLOG Carmack t   1.2 pos '-64.0 512.0 -296.0' spd 0 yaw 299.6 mode 0 st 0 gl 0 hp 100 frg 0
ARGEVT Carmack hazard
ARGLOG Joe Rogan t   1.7 pos ' 83.2 -237.1 -72.0' spd 320 yaw 357.6 mode 0 st 0 gl 0 hp 100 frg 0
ARGLOG Romero t   1.7 pos '106.9 -988.8 -104.0' spd 320 yaw  92.5 mode 0 st 0 gl 0 hp 100 frg 0
ARGLOG Carmack t   1.7 pos '  5.8 472.9 -296.0' spd 340.9 yaw 306.1 mode 0 st 0 gl 0 hp 100 frg 0
ARGLOG Joe Rogan t   2.2 pos '249.4 -243.2 -77.9' spd 320 yaw 357.6 mode 0 st 0 gl 0 hp 100 frg 0
ARGLOG Romero t   2.2 pos '101.2 -827.3 -104.0' spd 320 yaw  92.5 mode 0 st 0 gl 0 hp 100 frg 0
ARGLOG Carmack t   2.2 pos '  0.9 456.5 -296.0' spd 289.7 yaw 102.1 mode 0 st 0 gl 0 hp 100 frg 0
ARGEVT Romero hazard
ARGUS Romero wallslide
ARGLOG Joe Rogan t   2.7 pos '386.3 -265.1 -234.3' spd 166.1 yaw 208.3 mode 0 st 0 gl 0 hp 100 frg 0
ARGLOG Romero t   2.7 pos '103.7 -808.8 -104.0' spd 284.6 yaw  42.4 mode 0 st 0 gl 0 hp 100 frg 0
ARGLOG Carmack t   2.7 pos '-34.7 604.6 -296.0' spd  35.8 yaw 284.1 mode 0 st 0 gl 0 hp 200 frg 0
ARGEVT Joe Rogan hazard
ARGEVT Joe Rogan jump
ARGLOG Joe Rogan t   3.2 pos '277.9 -265.5 -254.2' spd 201.2 yaw 349.3 mode 0 st 0 gl 0 hp 100 frg 0
ARGLOG Romero t   3.2 pos '149.8 -764.2 -104.0' spd 320 yaw 185.7 mode 0 st 0 gl 0 hp 100 frg 0
ARGLOG Carmack t   3.2 pos '  1.9 468.3 -296.0' spd 320.0 yaw 284.1 mode 0 st 0 gl 0 hp 200 frg 0
ARGEVT Carmack hazard
ARGLOG Joe Rogan t   3.7 pos '301.1 -268.6 -296.0' spd 284.4 yaw 349.3 mode 0 st 0 gl 0 hp 100 frg 0
ARGLOG Romero t   3.7 pos '179.3 -754.0 -104.0' spd 320.0 yaw   9.6 mode 0 st 0 gl 0 hp 100 frg 0
ARGLOG Carmack t   3.7 pos ' 21.9 432.0 -296.0' spd 183.8 yaw 139.9 mode 0 st 0 gl 0 hp 200 frg 0
ARGUS Romero wallslide
ARGEVT Joe Rogan jump
ARGEVT Joe Rogan goal weapon_lightning
ARGEVT Romero goal item_armorInv
ARGEVT Carmack goal weapon_rocketlauncher
ARGEVT Joe Rogan route 8 start '465.0 -247.0 -296.0' goal '529.0 -311.0 -104.0'
ARGLOG Joe Rogan t   4.3 pos '432.0 -274.8 -254.1' spd   5.3 yaw 63 mode 2 st 0 gl 0 hp 100 frg 0
ARGLOG Romero t   4.3 pos '344.5 -752.8 -104.0' spd 322.8 yaw 349 mode 0 st 0 gl 0 hp 100 frg 0
ARGLOG Carmack t   4.3 pos '-118.8 511.5 -296.0' spd 359.9 yaw 189.5 mode 0 st 0 gl 0 hp 200 frg 0
ARGEVT Romero route 8 start '401.0 -791.0 -104.0' goal '817.0 -855.0 -232.0'
ARGEVT Carmack hazard
ARGUS Carmack wallslide
ARGEVT Carmack route 5 start '-79.0 553.0 -296.0' goal ' 81.0  73.0 -296.0'
ARGEVT Romero hazard
ARGLOG Joe Rogan t   4.8 pos '448.6 -242.6 -296.0' spd 307.9 yaw 63 mode 2 st 0 gl 0 hp 100 frg 0
ARGLOG Romero t   4.8 pos '452.4 -765.7 -104.0' spd 223.0 yaw 92 mode 2 st 0 gl 0 hp 100 frg 0
ARGLOG Carmack t   4.8 pos '-126.4 463.3 -296.0' spd 320.2 yaw 268 mode 2 st 0 gl 0 hp 200 frg 0
ARGUS Romero wallslide
ARGEVT Joe Rogan hazard
ARGUS Joe Rogan wallslide
ARGLOG Joe Rogan t   5.3 pos '615.1 -198.1 -296.0' spd 375.8 yaw 258 mode 2 st 0 gl 0 hp 100 frg 0
ARGLOG Romero t   5.3 pos '319.5 -686.5 -104.0' spd 355.9 yaw 69 mode 2 st 0 gl 0 hp 100 frg 0
ARGLOG Carmack t   5.3 pos '-115.8 299.4 -296.0' spd 324.4 yaw 311 mode 2 st 0 gl 0 hp 200 frg 0
ARGLOG Joe Rogan t   5.8 pos '649.2 -34.3 -296.0' spd 320.5 yaw 258 mode 2 st 0 gl 0 hp 100 frg 0
ARGLOG Romero t   5.8 pos '343.3 -517.1 -104.0' spd 324.6 yaw 26 mode 2 st 0 gl 0 hp 100 frg 0
ARGLOG Carmack t   5.8 pos '-109.2 128.4 -296.0' spd 401.1 yaw 337.7 mode 1 st 0 gl 0 hp 200 frg 0
ARGEVT Joe Rogan route 6 start '625.0 105.0 -296.0' goal '529.0 -311.0 -104.0'
ARGUS Carmack wallslide
ARGLOG Joe Rogan t   6.3 pos '433.2 -864.0  40.2' spd 300 yaw 129.0 mode 0 st 0 gl 0 hp 100 frg 0
ARGLOG Romero t   6.3 pos '454.9 -390.8 -104.0' spd 325.0 yaw  21.7 mode 2 st 0 gl 0 hp 100 frg 0
ARGLOG Carmack t   6.3 pos ' 46.2  49.7 -296.0' spd 326.9 yaw 17 mode 1 st 0 gl 0 hp 200 frg 0
ARGEVT Carmack goal weapon_supershotgun
ARGEVT Joe Rogan route 5 start '401.0 -887.0  24.0' goal '529.0 -311.0 -104.0'
ARGEVT Carmack hazard
ARGEVT Joe Rogan goal weapon_rocketlauncher
ARGEVT Joe Rogan route 9 start '401.0 -887.0  24.0' goal '753.0 -887.0 -232.0'
ARGEVT Carmack route 12 start ' 81.0  73.0 -296.0' goal '273.0 -1015.0 -104.0'
ARGLOG Joe Rogan t   6.8 pos '391.5 -864.0  24.0' spd 300 yaw 76 mode 2 st 0 gl 0 hp 100 frg 0
ARGLOG Romero t   6.8 pos '520.7 -231.2 -104.0' spd 379.4 yaw 146 mode 2 st 0 gl 0 hp 100 frg 0
ARGLOG Carmack t   6.8 pos '109.9  69.4 -296.0' spd 331.3 yaw 235 mode 2 st 0 gl 1 hp 200 frg 0
ARGEVT Romero hazard
ARGUS Joe Rogan wallslide
ARGLOG Joe Rogan t   7.3 pos '369.3 -756.1  24.0' spd  37.6 yaw 90 mode 2 st 0 gl 0 hp 100 frg 0
ARGEVT Joe Rogan hazard
ARGLOG Romero t   7.3 pos '464.1 -114.5 -104.0' spd 117.2 yaw 307 mode 2 st 0 gl 0 hp 100 frg 0
ARGLOG Carmack t   7.3 pos '-23.4  41.6 -296.0' spd 178.5 yaw 278 mode 2 st 0 gl 1 hp 200 frg 0
ARGLOG Joe Rogan t   7.8 pos '398.4 -758.5  24.0' spd  67.4 yaw 95 mode 2 st 0 gl 0 hp 100 frg 0
ARGLOG Romero t   7.8 pos '509.8 -270.3 -104.0' spd 353.9 yaw 257.0 mode 2 st 0 gl 0 hp 100 frg 0
ARGLOG Carmack t   7.8 pos '-33.8 -118.2 -296.0' spd 326.2 yaw 341 mode 2 st 0 gl 1 hp 199 frg 0
ARGEVT Romero engage Carmack
ARGEVT Romero weapon sg
ARGEVT Carmack engage Romero
ARGUS Carmack leadclip
ARGUS Romero threatmove range 3
ARGUS Carmack threatmove range 2
ARGUS routecache adopt
ARGEVT Carmack route 8 start ' 17.0 -247.0 -296.0' goal '273.0 -1015.0 -104.0'
ARGEVT Romero weapon lg
ARGUS Carmack threatmove range 4
ARGUS Joe Rogan wallslide
ARGLOG Joe Rogan t   8.4 pos '399.2 -752.6  24.0' spd 195.9 yaw 96 mode 2 st 0 gl 0 hp 100 frg 0
ARGLOG Romero t   8.4 pos '415.1 -420.3 -104.0' spd 327.4 yaw 158.0 mode 2 st 0 gl 0 hp 100 frg 0
ARGLOG Carmack t   8.4 pos ' 39.3 -253.4 -296.0' spd 300.5 yaw 340.2 mode 2 st 0 gl 1 hp 199 frg 0
ARGEVT Carmack hazard
ARGEVT Romero grab item_cells
ARGEVT Carmack pursue
ARGEVT Romero pursue
ARGEVT Romero route 6 start '337.0 -567.0 -104.0' goal '817.0 -855.0 -232.0'
ARGLOG Joe Rogan t   8.9 pos '340.0 -646.7  24.0' spd 324.1 yaw 82 mode 2 st 0 gl 0 hp 100 frg 0
ARGLOG Romero t   8.9 pos '317.8 -548.1 -104.0' spd 260.2 yaw 132 mode 2 st 0 gl 0 hp 100 frg 0
ARGEVT Romero hazard
ARGLOG Carmack t   8.9 pos ' 11.1 -267.4 -296.0' spd 264.4 yaw 339 mode 2 st 0 gl 1 hp 198 frg 0
ARGUS Carmack hunch item_artifact_super_damage
ARGEVT Carmack goal weapon_grenadelauncher
ARGEVT Carmack route 6 start '145.0 -247.0 -296.0' goal '145.0 -407.0 -104.0'
ARGUS Carmack threatmove high 4
ARGEVT Romero grab weapon_grenadelauncher
ARGLOG Joe Rogan t   9.4 pos '361.9 -482.1  24.0' spd 331.8 yaw 22 mode 2 st 0 gl 0 hp 100 frg 0
ARGLOG Romero t   9.4 pos '229.9 -406.8 -104.0' spd 380.2 yaw 130.5 mode 2 st 0 gl 0 hp 100 frg 0
ARGLOG Carmack t   9.4 pos '173.2 -263.9 -296.0' spd 282.2 yaw 298.5 mode 2 st 0 gl 1 hp 198 frg 0
ARGEVT Joe Rogan engage Carmack
ARGUS Joe Rogan threatmove range 3
ARGEVT Carmack hazard
ARGEVT Carmack goal item_armorInv
ARGEVT Carmack route 8 start '337.0 -247.0 -296.0' goal '817.0 -855.0 -232.0'
ARGLOG Joe Rogan t   9.9 pos '247.9 -474.2  24.0' spd 324.8 yaw 101.7 mode 2 st 0 gl 0 hp 100 frg 0
ARGLOG Romero t   9.9 pos '180.3 -425.5 -104.0' spd 322.5 yaw  60.5 mode 2 st 0 gl 0 hp 100 frg 0
ARGLOG Carmack t   9.9 pos '252.7 -214.9 -296.0' spd 315.5 yaw 247.5 mode 2 st 0 gl 1 hp 197 frg 0
ARGUS Romero bodyblock
ARGUS Carmack leadclip
ARGLOG Joe Rogan t  10.4 pos '160.4 -464.1  24.0' spd 334.5 yaw  64.2 mode 2 st 0 gl 0 hp 100 frg 0
ARGLOG Romero t  10.4 pos '164.8 -409.9 -104.0' spd 133.9 yaw  63.5 mode 2 st 0 gl 0 hp 100 frg 0
ARGLOG Carmack t  10.4 pos '280.4 -227.7 -296.0' spd 317.2 yaw 239.4 mode 2 st 0 gl 1 hp 197 frg 0
ARGUS Joe Rogan bodyblock
ARGEVT Carmack hazard
ARGUS Romero wallslide
ARGUS Joe Rogan crossfire strafe
ARGLOG Joe Rogan t  10.9 pos '322.2 -464.3  24.0' spd 189.6 yaw  95.2 mode 2 st 0 gl 0 hp 100 frg 0
ARGLOG Romero t  10.9 pos '304.9 -405.1 -104.0' spd 320.4 yaw  89.0 mode 2 st 0 gl 0 hp 100 frg 0
ARGLOG Carmack t  10.9 pos '276.6 -235.0 -296.0' spd  75.4 yaw 289.8 mode 2 st 0 gl 1 hp 176 frg 0
ARGEVT Romero hazard
ARGEVT Romero route 6 start '273.0 -407.0 -104.0' goal '817.0 -855.0 -232.0'
ARGLOG Joe Rogan t  11.4 pos '192.7 -467.8  24.0' spd 321.0 yaw  90.0 mode 2 st 0 gl 0 hp 100 frg 0
ARGLOG Romero t  11.4 pos '222.6 -414.9 -104.0' spd 321.2 yaw 101.1 mode 2 st 0 gl 0 hp 100 frg 0
ARGLOG Carmack t  11.4 pos '189.8 -213.7 -296.0' spd 275.1 yaw 278.8 mode 2 st 0 gl 1 hp 82 frg 0
ARGEVT Carmack hazard
ARGEVT Romero route 7 start '145.0 -407.0 -104.0' goal '817.0 -855.0 -232.0'
ARGEVT Joe Rogan pursue
ARGLOG Joe Rogan t  11.9 pos '227.6 -437.4  24.0' spd 327.3 yaw  99.3 mode 2 st 0 gl 0 hp 100 frg 0
ARGLOG Romero t  11.9 pos '255.1 -408.0 -104.0' spd  85.9 yaw 106.6 mode 2 st 0 gl 0 hp 100 frg 0
ARGLOG Carmack t  11.9 pos '176.6 -206.4 -296.0' spd  51.2 yaw 299.1 mode 2 st 0 gl 1 hp 82 frg 0
ARGUS Romero bodyblock
ARGUS Carmack threatmove retreat 4
ARGEVT Carmack retreat
ARGUS Carmack leadclip
ARGLOG Joe Rogan t  12.5 pos '405.5 -402.8   6.3' spd 357.5 yaw 149.0 mode 2 st 0 gl 0 hp 100 frg 0
ARGLOG Romero t  12.5 pos '228.2 -431.6 -104.0' spd  51.2 yaw 125.5 mode 2 st 0 gl 0 hp 100 frg 0
ARGLOG Carmack t  12.5 pos ' 89.8 -255.0 -296.0' spd 151.6 yaw 305.5 mode 2 st 0 gl 1 hp 52 frg 0
ARGEVT Carmack route 15 start ' 17.0 -247.0 -296.0' goal '817.0 -855.0 -232.0'
ARGLOG Joe Rogan t  13.0 pos '498.2 -397.7 -104.0' spd 195.0 yaw 163.0 mode 2 st 0 gl 0 hp 100 frg 0
ARGLOG Romero t  13.0 pos '295.8 -458.8 -104.0' spd 338.5 yaw 147.9 mode 2 st 0 gl 0 hp 100 frg 0
ARGLOG Carmack t  13.0 pos '-33.8 -253.4 -296.0' spd 280.0 yaw 326.0 mode 0 st 0 gl 1 hp 52 frg 0
ARGEVT Romero weapon gl
ARGEVT Romero pursue
ARGEVT Carmack pursue
ARGEVT Carmack route 16 start '-79.0 -247.0 -296.0' goal '817.0 -855.0 -232.0'
ARGEVT Joe Rogan hazard
ARGEVT Romero hazard
ARGUS Romero hunch item_artifact_super_damage
ARGEVT Romero goal item_armorInv
ARGUS routecache adopt
ARGEVT Carmack route 16 start '-79.0 -247.0 -296.0' goal '817.0 -855.0 -232.0'
ARGEVT Joe Rogan pursue
ARGEVT Romero route 6 start '273.0 -503.0 -104.0' goal '817.0 -855.0 -232.0'
ARGEVT Romero pursue
ARGUS Carmack wallslide
ARGLOG Joe Rogan t  13.5 pos '393.5 -446.7 -104.0' spd 332.0 yaw 224.0 mode 2 st 0 gl 0 hp 100 frg 0
ARGLOG Romero t  13.5 pos '292.7 -472.6 -104.0' spd 323.3 yaw  33.8 mode 2 st 0 gl 0 hp 100 frg 0
ARGLOG Carmack t  13.5 pos '-30.7 -271.6 -296.0' spd 320.0 yaw   5.0 mode 0 st 0 gl 1 hp 48 frg 0
ARGEVT Carmack route 15 start ' 17.0 -247.0 -296.0' goal '817.0 -855.0 -232.0'
ARGUS Carmack threatmove range 3
ARGUS Carmack threatmove high 3
ARGEVT Joe Rogan route 6 start '273.0 -503.0 -104.0' goal '753.0 -887.0 -232.0'
ARGUS Joe Rogan hunch item_artifact_super_damage
ARGLOG Joe Rogan t  14.0 pos '253.9 -495.6 -104.0' spd 240.1 yaw 353.5 mode 2 st 0 gl 0 hp 100 frg 0
ARGLOG Romero t  14.0 pos '271.8 -423.4 -104.0' spd 339.0 yaw 134.6 mode 0 st 0 gl 0 hp 100 frg 0
ARGLOG Carmack t  14.0 pos ' 43.4 -233.1 -296.0' spd 326.1 yaw 327.0 mode 2 st 0 gl 1 hp 48 frg 0
ARGEVT Joe Rogan pursue
ARGEVT Joe Rogan goal weapon_rocketlauncher
ARGUS routecache adopt
ARGEVT Joe Rogan route 6 start '273.0 -503.0 -104.0' goal '753.0 -887.0 -232.0'
ARGEVT Romero route 6 start '273.0 -407.0 -104.0' goal '817.0 -855.0 -232.0'
ARGEVT Carmack hazard
ARGEVT Carmack route 16 start '-79.0 -247.0 -296.0' goal '817.0 -855.0 -232.0'
ARGUS Carmack leadclip
ARGEVT Romero pursue
ARGEVT Carmack pursue
ARGLOG Joe Rogan t  14.5 pos '384.8 -419.3 -104.0' spd 372.6 yaw  82.3 mode 2 st 0 gl 0 hp 100 frg 0
ARGLOG Romero t  14.5 pos '252.0 -460.5 -104.0' spd 316.5 yaw 150.9 mode 2 st 0 gl 0 hp 100 frg 0
ARGEVT Romero hazard
ARGLOG Carmack t  14.5 pos '-91.9 -217.9 -296.0' spd 180.5 yaw 328 mode 0 st 0 gl 1 hp 48 frg 0
ARGUS Romero wallslide
ARGUS routecache adopt
ARGEVT Carmack route 16 start '-79.0 -247.0 -296.0' goal '817.0 -855.0 -232.0'
ARGUS routecache adopt
ARGEVT Carmack route 16 start '-79.0 -247.0 -296.0' goal '817.0 -855.0 -232.0'
ARGEVT Carmack pursue
ARGEVT Carmack death Romero pos '-73.7 -267.1 -296.0'
ARGUS Romero watch spawn
ARGEVT Joe Rogan engage Romero
ARGUS Joe Rogan threatmove range 3
ARGEVT Romero engage Joe Rogan
ARGUS Romero threatmove range 2
ARGEVT Romero goal backpack
ARGEVT Romero route 7 start '145.0 -407.0 -104.0' goal '-79.0 -247.0 -296.0'
ARGLOG Joe Rogan t  15.0 pos '489.1 -317.7 -104.0' spd 276.2 yaw 152.9 mode 2 st 0 gl 0 hp 100 frg 0
ARGLOG Romero t  15.0 pos '161.5 -406.8 -104.0' spd 191.7 yaw  27.8 mode 2 st 0 gl 0 hp 100 frg 1
ARGUS routecache adopt
ARGEVT Romero route 7 start '145.0 -407.0 -104.0' goal '-79.0 -247.0 -296.0'
ARGLOG Joe Rogan t  15.5 pos '534.9 -380.3 -104.0' spd 322.7 yaw 180.3 mode 2 st 0 gl 0 hp 100 frg 0
ARGLOG Romero t  15.5 pos '122.0 -403.7 -104.0' spd 274.7 yaw  14.4 mode 2 st 0 gl 0 hp 100 frg 1
ARGEVT Romero hazard
ARGUS routecache adopt
ARGEVT Romero route 7 start '145.0 -407.0 -104.0' goal '-79.0 -247.0 -296.0'
ARGLOG Joe Rogan t  16.0 pos '503.4 -216.2 -104.0' spd 328.9 yaw 210.0 mode 2 st 0 gl 0 hp 100 frg 0
ARGLOG Romero t  16.0 pos '180.5 -428.5 -104.0' spd  53.1 yaw  50.4 mode 0 st 0 gl 0 hp 98 frg 1
ARGUS routecache adopt
ARGEVT Romero route 7 start '145.0 -407.0 -104.0' goal '-79.0 -247.0 -296.0'
ARGEVT Carmack respawn
ARGEVT Carmack goal item_armorInv
ARGLOG Carmack t  16.4 pos '112.0 -1136.0 -104.0' spd 0 yaw  39.6 mode 0 st 0 gl 1 hp 100 frg 0
ARGEVT Carmack route 10 start '113.0 -1079.0 -104.0' goal '817.0 -855.0 -232.0'
ARGLOG Joe Rogan t  16.5 pos '461.6 -93.0 -104.0' spd 160.9 yaw 225.5 mode 2 st 0 gl 0 hp 100 frg 0
ARGLOG Romero t  16.5 pos '176.5 -401.2 -104.0' spd 322.2 yaw  54.5 mode 0 st 0 gl 0 hp 84 frg 1
ARGEVT Romero route 7 start '145.0 -407.0 -104.0' goal '-79.0 -247.0 -296.0'
ARGEVT Carmack engage Joe Rogan
ARGEVT Carmack grab weapon_supershotgun
ARGLOG Carmack t  16.9 pos '201.9 -1016.1 -104.0' spd 383.9 yaw  67.1 mode 2 st 0 gl 1 hp 100 frg 0
ARGLOG Joe Rogan t  17.0 pos '577.9 -197.1 -104.0' spd 320.3 yaw 232.9 mode 2 st 0 gl 0 hp 100 frg 0
ARGLOG Romero t  17.0 pos '321.7 -460.5 -104.0' spd 321.9 yaw  19.5 mode 2 st 0 gl 0 hp 68 frg 1
ARGUS Joe Rogan wallslide
ARGEVT Carmack pursue
ARGLOG Carmack t  17.4 pos '366.2 -936.4 -104.0' spd 346.9 yaw 77 mode 2 st 0 gl 1 hp 100 frg 0
ARGEVT Romero grab item_health
ARGLOG Joe Rogan t  17.5 pos '637.7 -325.5 -104.0' spd  19.3 yaw 222.8 mode 2 st 0 gl 0 hp 100 frg 0
ARGLOG Romero t  17.5 pos '412.5 -497.3 -104.0' spd 161.3 yaw  19.5 mode 2 st 0 gl 0 hp 68 frg 1
ARGLOG Carmack t  17.9 pos '428.6 -785.6 -104.0' spd 320.6 yaw 80 mode 2 st 0 gl 1 hp 100 frg 0
ARGUS Carmack hunch item_artifact_super_damage
ARGEVT Carmack goal item_armorInv
ARGEVT Carmack hazard
ARGEVT Carmack route 8 start '401.0 -791.0 -104.0' goal '817.0 -855.0 -232.0'
ARGLOG Joe Rogan t  18.1 pos '562.2 -196.2 -104.0' spd 325.1 yaw 234.9 mode 2 st 0 gl 0 hp 100 frg 0
ARGLOG Romero t  18.1 pos '403.8 -458.7 -104.0' spd  31.6 yaw  77.9 mode 2 st 0 gl 0 hp 60 frg 1
ARGUS Joe Rogan threatmove retreat 3
ARGEVT Joe Rogan retreat
ARGEVT Carmack pursue
ARGUS Carmack wallslide
ARGLOG Carmack t  18.4 pos '463.5 -892.0 -104.0' spd 205.2 yaw  19.3 mode 2 st 0 gl 1 hp 100 frg 0
ARGLOG Joe Rogan t  18.6 pos '570.6 -102.8 -104.0' spd 320.7 yaw 244.2 mode 2 st 0 gl 0 hp 26 frg 0
ARGLOG Romero t  18.6 pos '403.6 -473.2 -104.0' spd 109.9 yaw  66.9 mode 2 st 0 gl 0 hp 60 frg 1
ARGUS Joe Rogan wallslide
ARGEVT Joe Rogan route 6 start '529.0 -55.0 -104.0' goal '753.0 -887.0 -232.0'
ARGEVT Romero hazard
ARGLOG Carmack t  18.9 pos '464.0 -790.7 -104.0' spd 322.1 yaw 83 mode 2 st 0 gl 1 hp 100 frg 0
ARGLOG Joe Rogan t  19.1 pos '566.4   3.2 -92.0' spd 0 yaw 254.8 mode 2 st 0 gl 0 hp 26 frg 0
ARGLOG Romero t  19.1 pos '381.9 -499.3 -104.0' spd 320.0 yaw  72.8 mode 2 st 0 gl 0 hp 46 frg 1
ARGEVT Joe Rogan hazard
ARGEVT Carmack pursue
ARGEVT Joe Rogan death Romero pos '565.9   3.0 -104.0'
ARGEVT Romero engage Carmack
ARGUS Romero threatmove range 2
ARGEVT Carmack engage Romero
ARGUS Carmack threatmove range 3
ARGLOG Carmack t  19.4 pos '319.9 -727.3 -104.0' spd 187.6 yaw  93.7 mode 2 st 0 gl 1 hp 100 frg 0
ARGEVT Romero goal item_health
ARGEVT Romero route 2 start '273.0 -407.0 -104.0' goal '401.0 -887.0 -104.0'
ARGLOG Romero t  19.6 pos '257.6 -443.5 -104.0' spd  73.2 yaw 266.0 mode 2 st 0 gl 0 hp 46 frg 2
ARGLOG Carmack t  20.0 pos '337.5 -678.2 -104.0' spd 114.6 yaw  92.0 mode 2 st 0 gl 1 hp 100 frg 0
ARGLOG Romero t  20.1 pos '415.9 -404.1 -104.0' spd 342.9 yaw 256.8 mode 2 st 0 gl 0 hp 27 frg 2
ARGLOG Carmack t  20.5 pos '326.9 -648.6 -104.0' spd 213.0 yaw  55.4 mode 2 st 0 gl 1 hp 100 frg 0
ARGEVT Carmack pursue
ARGEVT Romero pursue
ARGEVT Carmack hazard
ARGLOG Romero t  20.6 pos '433.8 -402.9 -104.0' spd 310.3 yaw 252 mode 2 st 0 gl 0 hp 27 frg 2
ARGEVT Romero weapon sg
ARGUS Carmack threatmove range 2
ARGEVT Joe Rogan respawn
ARGEVT Joe Rogan goal backpack
ARGLOG Joe Rogan t  20.8 pos '-64.0 -232.0 -72.0' spd 0 yaw 354.9 mode 0 st 0 gl 0 hp 100 frg 0
ARGEVT Joe Rogan route 9 start '-47.0 -247.0 -72.0' goal '-79.0 -247.0 -296.0'
ARGLOG Carmack t  21.0 pos '335.7 -551.6 -104.0' spd 130.3 yaw  87.6 mode 2 st 0 gl 1 hp 100 frg 0
ARGLOG Romero t  21.1 pos '280.3 -443.0 -104.0' spd 331.5 yaw 284.0 mode 2 st 0 gl 0 hp 27 frg 2
ARGEVT Romero hazard
ARGUS Joe Rogan wallslide
ARGLOG Joe Rogan t  21.3 pos ' 76.6 -270.0 -72.0' spd 320.4 yaw 354.2 mode 2 st 0 gl 0 hp 100 frg 0
ARGEVT Joe Rogan engage Carmack
ARGUS Joe Rogan threatmove range 2
ARGLOG Carmack t  21.5 pos '403.5 -461.2 -104.0' spd 477.0 yaw 180.8 mode 2 st 0 gl 1 hp 76 frg 0
ARGLOG Romero t  21.6 pos '265.1 -434.5 -104.0' spd 322.3 yaw  12.4 mode 2 st 0 gl 0 hp 27 frg 2
ARGLOG Joe Rogan t  21.9 pos '168.5 -245.3 -72.0' spd 314.0 yaw 330.3 mode 2 st 0 gl 0 hp 100 frg 0
ARGEVT Carmack grab item_health
ARGLOG Carmack t  22.0 pos '471.7 -429.9 -104.0' spd 229.6 yaw 190.2 mode 2 st 0 gl 1 hp 56 frg 0
ARGUS Carmack wallslide
ARGLOG Romero t  22.1 pos '336.3 -523.1 -104.0' spd 329.5 yaw  15.0 mode 2 st 0 gl 0 hp 25 frg 2
ARGEVT Carmack hazard
ARGUS Joe Rogan crossfire strafe
ARGLOG Joe Rogan t  22.4 pos '158.5 -410.8   8.0' spd 327.5 yaw 356.4 mode 2 st 0 gl 0 hp 100 frg 0
ARGLOG Carmack t  22.5 pos '500.3 -415.4 -104.0' spd 158.7 yaw 214.1 mode 2 st 0 gl 1 hp 44 frg 0
ARGEVT Romero route 2 start '273.0 -503.0 -104.0' goal '401.0 -887.0 -104.0'
ARGEVT Romero weapon gl
ARGUS Carmack threatmove range 3
ARGLOG Romero t  22.6 pos '302.8 -470.8 -104.0' spd 332.4 yaw  30.1 mode 2 st 0 gl 0 hp 25 frg 2
ARGLOG Joe Rogan t  22.9 pos '203.9 -462.6  24.0' spd 327.1 yaw  10.6 mode 2 st 0 gl 0 hp 100 frg 0
ARGEVT Romero death Carmack pos '287.8 -425.3 -104.0'
ARGUS Carmack watch spawn
ARGEVT Carmack engage Joe Rogan
ARGUS Carmack threatmove range 2
ARGUS Carmack threatmove retreat 2
ARGEVT Carmack retreat
ARGEVT Carmack goal backpack
ARGEVT Joe Rogan grab 
ARGLOG Carmack t  23.0 pos '582.2 -421.6 -104.0' spd 339.1 yaw 183.5 mode 1 st 0 gl 1 hp 28 frg 1
ARGUS Carmack threatmove high 2
ARGLOG Joe Rogan t  23.4 pos '352.7 -371.7 -50.5' spd 376.5 yaw  54.5 mode 2 st 0 gl 0 hp 100 frg 0
ARGLOG Carmack t  23.5 pos '449.6 -235.6 -296.0' spd 363.1 yaw 247.4 mode 1 st 0 gl 1 hp 4 frg 1
ARGEVT Joe Rogan route 5 start '433.0 -375.0 -104.0' goal '-79.0 -247.0 -296.0'
ARGLOG Joe Rogan t  23.9 pos '377.4 -505.1 -104.0' spd 391.6 yaw  55.6 mode 2 st 0 gl 0 hp 100 frg 0
ARGEVT Carmack goal item_health
ARGEVT Carmack pursue
ARGEVT Carmack route 2 start '465.0 -247.0 -296.0' goal '529.0  73.0 -296.0'
ARGEVT Joe Rogan pursue
ARGLOG Carmack t  24.0 pos '470.8 -242.5 -296.0' spd 225.8 yaw 244 mode 2 st 0 gl 1 hp 4 frg 1
ARGUS Carmack hunch item_artifact_super_damage
ARGEVT Carmack goal item_health
ARGUS routecache adopt
ARGEVT Carmack route 2 start '465.0 -247.0 -296.0' goal '529.0  73.0 -296.0'
ARGEVT Carmack pursue
ARGUS Joe Rogan hunch item_health
ARGEVT Joe Rogan hazard
ARGEVT Romero respawn
ARGEVT Romero goal backpack
ARGLOG Romero t  24.4 pos '-64.0 -232.0 -72.0' spd 0 yaw 354.9 mode 0 st 0 gl 0 hp 100 frg 2
ARGLOG Joe Rogan t  24.4 pos '292.9 -397.9 -104.0' spd 346.4 yaw 181.5 mode 2 st 0 gl 0 hp 100 frg 0
ARGEVT Romero route 9 start '-47.0 -247.0 -72.0' goal '-79.0 -247.0 -296.0'
ARGEVT Joe Rogan goal item_armorInv
ARGEVT Joe Rogan route 6 start '273.0 -407.0 -104.0' goal '817.0 -855.0 -232.0'
ARGLOG Carmack t  24.5 pos '629.4 -228.3 -296.0' spd 380.2 yaw 315.7 mode 2 st 0 gl 1 hp 4 frg 1
ARGEVT Carmack hazard
ARGEVT Joe Rogan pursue
ARGUS Joe Rogan wallslide
ARGEVT Joe Rogan route 7 start '145.0 -407.0 -104.0' goal '817.0 -855.0 -232.0'
ARGEVT Romero engage Carmack
ARGLOG Romero t  24.9 pos ' 79.3 -268.4 -72.0' spd 320.0 yaw 346.1 mode 2 st 0 gl 0 hp 100 frg 2
ARGLOG Joe Rogan t  24.9 pos '133.3 -404.7 -104.0' spd 391.4 yaw 105.2 mode 2 st 0 gl 0 hp 100 frg 0
ARGUS Romero threatmove range 2
ARGLOG Carmack t  25.0 pos '590.9 -264.2 -296.0' spd 322.0 yaw 203.1 mode 2 st 0 gl 1 hp 4 frg 1
ARGUS Carmack wallslide
ARGUS Carmack threatmove range 3
ARGUS Carmack crossfire retreat
ARGLOG Romero t  25.4 pos '154.2 -358.0 -24.0' spd 321.8 yaw  10.2 mode 2 st 0 gl 0 hp 100 frg 2
ARGLOG Joe Rogan t  25.4 pos '166.8 -410.0 -104.0' spd 321.6 yaw  32.1 mode 0 st 0 gl 0 hp 100 frg 0
ARGUS Joe Rogan bodyblock
ARGUS routecache adopt
ARGEVT Joe Rogan route 7 start '145.0 -407.0 -104.0' goal '817.0 -855.0 -232.0'
ARGUS Romero bodyblock
ARGLOG Carmack t  25.6 pos '553.5 -228.2 -296.0' spd 324.2 yaw 210.0 mode 2 st 0 gl 1 hp 4 frg 1
ARGEVT Carmack hazard
ARGLOG Romero t  25.9 pos '143.3 -494.0  24.0' spd 151.6 yaw  28.5 mode 2 st 0 gl 0 hp 100 frg 2
ARGLOG Joe Rogan t  25.9 pos '292.9 -429.0 -104.0' spd 290.4 yaw  40.1 mode 2 st 0 gl 0 hp 100 frg 0
ARGEVT Joe Rogan pursue
ARGEVT Carmack pursue
ARGEVT Romero pursue
ARGLOG Carmack t  26.1 pos '646.0 -155.5 -296.0' spd 170.9 yaw 212 mode 2 st 0 gl 1 hp 4 frg 1
ARGEVT Carmack pursue
ARGLOG Romero t  26.4 pos '292.4 -424.3  23.4' spd 320.7 yaw 36 mode 2 st 0 gl 0 hp 100 frg 2
ARGLOG Joe Rogan t  26.5 pos '451.9 -365.2 -104.0' spd 326.2 yaw 54 mode 2 st 0 gl 0 hp 100 frg 0
ARGUS Romero hunch item_health
ARGLOG Carmack t  26.6 pos '535.6 -259.1 -296.0' spd 345.2 yaw 207 mode 2 st 0 gl 1 hp 4 frg 1
ARGEVT Romero goal weapon_lightning
ARGEVT Romero route 3 start '305.0 -471.0  24.0' goal '529.0 -311.0 -104.0'
ARGEVT Carmack route 2 start '465.0 -247.0 -296.0' goal '529.0  73.0 -296.0'
ARGEVT Carmack pursue
ARGLOG Romero t  26.9 pos '306.3 -395.6 -92.9' spd  63.5 yaw   2.8 mode 2 st 0 gl 0 hp 100 frg 2
ARGLOG Joe Rogan t  27.0 pos '569.3 -246.7 -104.0' spd 392.2 yaw 345.8 mode 2 st 0 gl 0 hp 100 frg 0
ARGEVT Joe Rogan hazard
ARGUS Joe Rogan wallslide
ARGLOG Carmack t  27.1 pos '366.8 -225.5 -296.0' spd 431.1 yaw 231 mode 2 st 0 gl 1 hp 4 frg 1
ARGEVT Carmack hazard
ARGEVT Joe Rogan pursue
ARGEVT Carmack pursue
ARGEVT Carmack route 4 start '337.0 -247.0 -296.0' goal '529.0  73.0 -296.0'
ARGLOG Romero t  27.5 pos '454.2 -386.1 -104.0' spd 370.6 yaw 132.5 mode 1 st 0 gl 0 hp 100 frg 2
ARGLOG Joe Rogan t  27.5 pos '606.4 -368.3 -104.0' spd 386.3 yaw 201.5 mode 2 st 0 gl 0 hp 100 frg 0
ARGLOG Carmack t  27.6 pos '347.8 -274.3 -296.0' spd 388.0 yaw 316.4 mode 2 st 0 gl 1 hp 4 frg 1
ARGEVT Romero grab item_armor1
ARGEVT Romero pursue
ARGEVT Carmack death Joe Rogan pos '423.2 -257.4 -296.0'
ARGUS Joe Rogan watch spawn
ARGEVT Joe Rogan engage Romero
ARGEVT Joe Rogan weapon sg
ARGUS Joe Rogan threatmove range 2
ARGEVT Romero engage Joe Rogan
ARGUS Romero threatmove range 2
ARGEVT Joe Rogan goal item_armorInv
ARGEVT Joe Rogan route 5 start '433.0 -375.0 -104.0' goal '817.0 -855.0 -232.0'
ARGLOG Romero t  28.0 pos '531.0 -235.1 -104.0' spd 323.7 yaw 225.7 mode 1 st 0 gl 0 hp 100 frg 2
ARGLOG Joe Rogan t  28.0 pos '457.3 -388.4 -104.0' spd 126.7 yaw  61.5 mode 2 st 0 gl 0 hp 100 frg 1
ARGEVT Joe Rogan weapon gl
ARGUS Romero threatmove range 3
ARGEVT Romero grab 
ARGLOG Romero t  28.5 pos '495.6 -78.1 -104.0' spd 367.4 yaw 285.1 mode 1 st 0 gl 0 hp 100 frg 2
ARGLOG Joe Rogan t  28.5 pos '616.4 -369.1 -104.0' spd 330.5 yaw 107.8 mode 2 st 0 gl 0 hp 100 frg 1
ARGEVT Romero hazard
ARGEVT Joe Rogan hazard
ARGLOG Romero t  29.0 pos '534.0 -22.0 -93.8' spd 395.8 yaw 294.2 mode 1 st 0 gl 0 hp 26 frg 2
ARGLOG Joe Rogan t  29.0 pos '613.5 -309.4 -104.0' spd 320.8 yaw  81.1 mode 2 st 0 gl 0 hp 84 frg 1
ARGEVT Joe Rogan weapon sg
ARGUS Romero threatmove range 2
ARGEVT Carmack respawn
ARGEVT Carmack goal weapon_rocketlauncher
ARGLOG Carmack t  29.4 pos '272.0 -952.0  24.0' spd 0 yaw   4.8 mode 0 st 0 gl 1 hp 100 frg 1
ARGEVT Joe Rogan grab item_health
ARGEVT Carmack route 12 start '305.0 -983.0  24.0' goal ' 81.0  73.0 -296.0'
ARGUS Romero threatmove retreat 2
ARGEVT Romero retreat
ARGLOG Romero t  29.5 pos '610.2 -206.6 -104.0' spd 313.7 yaw 227.2 mode 1 st 0 gl 0 hp 15 frg 2
ARGLOG Joe Rogan t  29.5 pos '473.0 -326.8 -104.0' spd 337.6 yaw  43.4 mode 0 st 0 gl 0 hp 84 frg 1
ARGEVT Joe Rogan weapon gl
ARGUS Romero threatmove range 3
ARGUS Romero wallslide
ARGEVT Joe Rogan route 5 start '433.0 -375.0 -104.0' goal '817.0 -855.0 -232.0'
ARGEVT Joe Rogan hazard
ARGLOG Carmack t  29.9 pos '379.1 -848.0  24.0' spd 329.4 yaw 79 mode 2 st 0 gl 1 hp 100 frg 1
ARGLOG Romero t  30.0 pos '610.5 -86.0 -104.0' spd 335.2 yaw 251.1 mode 1 st 0 gl 0 hp 15 frg 2
ARGUS Joe Rogan wallslide
ARGLOG Joe Rogan t  30.0 pos '521.4 -431.6 -104.0' spd 143.5 yaw  84.7 mode 2 st 0 gl 0 hp 84 frg 1
ARGEVT Carmack hazard
ARGUS Carmack wallslide
ARGLOG Carmack t  30.4 pos '406.4 -752.4  24.0' spd 267.4 yaw 75 mode 2 st 0 gl 1 hp 100 frg 1
ARGLOG Romero t  30.5 pos '566.4   3.2 -104.0' spd 0 yaw 265.9 mode 1 st 0 gl 0 hp 15 frg 2
ARGLOG Joe Rogan t  30.5 pos '542.7 -403.3 -104.0' spd 128.5 yaw  87.5 mode 2 st 0 gl 0 hp 76 frg 1
ARGLOG Carmack t  30.9 pos '486.1 -780.5  24.0' spd 283.1 yaw 81 mode 2 st 0 gl 1 hp 100 frg 1
ARGEVT Romero death Joe Rogan pos '566.4   3.2 -104.0'
ARGEVT Joe Rogan goal item_armorInv
ARGEVT Joe Rogan route 5 start '529.0 -407.0 -104.0' goal '817.0 -855.0 -232.0'
ARGLOG Joe Rogan t  31.1 pos '578.9 -394.3 -104.0' spd 341.8 yaw  56.1 mode 2 st 0 gl 0 hp 52 frg 2
ARGEVT Carmack hazard
ARGLOG Carmack t  31.4 pos '457.4 -852.9  24.0' spd 426.7 yaw 330.2 mode 0 st 0 gl 1 hp 100 frg 1
ARGEVT Carmack route 10 start '465.0 -855.0  24.0' goal ' 81.0  73.0 -296.0'
ARGUS Joe Rogan wallslide
ARGLOG Joe Rogan t  31.6 pos '639.5 -272.0 -104.0' spd  56.9 yaw 104 mode 2 st 0 gl 0 hp 52 frg 2
ARGUS routecache adopt
ARGEVT Carmack route 9 start '625.0 105.0 -296.0' goal ' 81.0  73.0 -296.0'
ARGLOG Carmack t  31.9 pos '624.0  16.5 -296.0' spd 300 yaw 259 mode 2 st 0 gl 1 hp 100 frg 1
ARGLOG Joe Rogan t  32.1 pos '590.2 -185.2 -104.0' spd 322.3 yaw 97 mode 0 st 0 gl 0 hp 52 frg 2
ARGEVT Joe Rogan route 6 start '561.0 -183.0 -104.0' goal '817.0 -855.0 -232.0'
ARGEVT Romero respawn
ARGEVT Romero goal weapon_lightning
ARGLOG Romero t  32.4 pos '-64.0 512.0 -296.0' spd 0 yaw 275.1 mode 0 st 0 gl 0 hp 100 frg 2
ARGLOG Carmack t  32.4 pos '614.7 -83.8 -296.0' spd 320.8 yaw 257 mode 2 st 0 gl 1 hp 100 frg 1
ARGEVT Romero route 16 start '-79.0 553.0 -296.0' goal '529.0 -311.0 -104.0'
ARGLOG Joe Rogan t  32.6 pos '559.5 -20.1 -104.0' spd 371.0 yaw 281 mode 2 st 0 gl 0 hp 52 frg 2
ARGEVT Carmack hazard
ARGUS Joe Rogan wallslide
ARGEVT Romero hazard
ARGUS Carmack wallslide
ARGLOG Romero t  32.9 pos '-39.9 358.9 -296.0' spd 344.5 yaw 269 mode 2 st 0 gl 0 hp 100 frg 2
ARGLOG Carmack t  32.9 pos '592.0 -198.1 -296.0' spd  78.1 yaw 102.4 mode 2 st 0 gl 1 hp 100 frg 1
ARGEVT Joe Rogan hazard
ARGLOG Joe Rogan t  33.1 pos '485.8 -102.4 -104.0' spd 339.5 yaw 313.5 mode 2 st 0 gl 0 hp 52 frg 2
ARGLOG Romero t  33.5 pos '-79.5 207.5 -296.0' spd 323.8 yaw 276 mode 2 st 0 gl 0 hp 100 frg 2
ARGLOG Carmack t  33.5 pos '592.0 -35.8 -296.0' spd 406.0 yaw 224 mode 2 st 0 gl 1 hp 100 frg 1
ARGLOG Joe Rogan t  33.6 pos '623.7 -156.7 -104.0' spd 334.0 yaw 109 mode 2 st 0 gl 0 hp 11 frg 2
ARGEVT Carmack hazard
ARGLOG Romero t  34.0 pos '-33.2  46.2 -296.0' spd 322.8 yaw 280 mode 2 st 0 gl 0 hp 100 frg 2
ARGLOG Carmack t  34.0 pos '522.1  54.0 -296.0' spd  41.7 yaw 244 mode 2 st 0 gl 1 hp 100 frg 1
ARGUS Carmack wallslide
ARGLOG Joe Rogan t  34.1 pos '560.5  -4.5 -104.0' spd 389.4 yaw 280 mode 2 st 0 gl 0 hp 11 frg 2
ARGEVT Joe Rogan hazard
ARGLOG Romero t  34.5 pos '-35.1 -120.1 -296.0' spd 341.0 yaw 342 mode 2 st 0 gl 0 hp 100 frg 2
ARGLOG Carmack t  34.5 pos '573.5  16.0 -296.0' spd   7.1 yaw 233 mode 2 st 0 gl 1 hp 100 frg 1
ARGLOG Joe Rogan t  34.6 pos '460.4 -149.2 -104.0' spd 363.4 yaw 307 mode 2 st 0 gl 0 hp 11 frg 2
ARGEVT Romero engage Joe Rogan
ARGUS Romero threatmove range 3
ARGEVT Joe Rogan engage Romero
ARGUS Joe Rogan threatmove range 2
ARGUS Joe Rogan threatmove retreat 2
ARGEVT Joe Rogan retreat
ARGEVT Romero grab 
ARGEVT Carmack hazard
ARGUS routecache adopt
ARGEVT Romero route 11 start ' 17.0 -247.0 -296.0' goal '529.0 -311.0 -104.0'
ARGEVT Romero hazard
ARGUS Romero leadclip
ARGLOG Romero t  35.0 pos '-71.4 -254.3 -296.0' spd 267.0 yaw  12.3 mode 0 st 0 gl 0 hp 100 frg 2
ARGLOG Carmack t  35.0 pos '586.8  16.0 -296.0' spd  21.1 yaw 231 mode 2 st 0 gl 1 hp 100 frg 1
ARGEVT Joe Rogan weapon sg
ARGEVT Romero route 4 start '-79.0 -247.0 -296.0' goal '529.0 -311.0 -104.0'
ARGLOG Joe Rogan t  35.2 pos '557.6 -130.4 -104.0' spd 323.0 yaw 193.8 mode 2 st 0 gl 0 hp 11 frg 2
ARGEVT Romero route 12 start '-79.0 -247.0 -296.0' goal '529.0 -311.0 -104.0'
ARGEVT Joe Rogan hazard
ARGEVT Joe Rogan weapon gl
ARGUS routecache adopt
ARGEVT Romero route 11 start ' 17.0 -247.0 -296.0' goal '529.0 -311.0 -104.0'
ARGLOG Romero t  35.5 pos ' 38.6 -228.2 -296.0' spd 320.7 yaw  13.2 mode 2 st 0 gl 0 hp 88 frg 2
ARGLOG Carmack t  35.5 pos '588.9  16.0 -296.0' spd  20.3 yaw 231 mode 2 st 0 gl 1 hp 100 frg 1
ARGEVT Carmack stall
ARGEVT Carmack stallnode '465.0 -247.0 -296.0'
ARGEVT Carmack jump
ARGLOG Joe Rogan t  35.7 pos '580.4 -32.3 -104.0' spd  58.8 yaw 218.6 mode 2 st 0 gl 0 hp 11 frg 2
ARGEVT Carmack route 9 start '625.0 -23.0 -296.0' goal ' 81.0  73.0 -296.0'
ARGUS Joe Rogan bodyblock
ARGUS Carmack bodyblock
ARGEVT Joe Rogan pursue
ARGEVT Romero pursue
ARGUS Romero threatmove range 3
ARGEVT Romero grab 
ARGUS Joe Rogan threatmove range 3
ARGEVT Romero hazard
ARGLOG Romero t  36.0 pos '195.3 -230.9 -296.0' spd 290.8 yaw  26.1 mode 2 st 0 gl 0 hp 88 frg 2
ARGLOG Carmack t  36.0 pos '574.2  16.0 -257.4' spd  40.1 yaw 248 mode 2 st 1 gl 1 hp 100 frg 1
ARGLOG Joe Rogan t  36.2 pos '529.7 -72.2 -104.0' spd 334.6 yaw 217.9 mode 2 st 0 gl 0 hp 11 frg 2
ARGEVT Carmack hazard
ARGUS Carmack wallslide
ARGUS Joe Rogan wallslide
ARGEVT Romero pursue
ARGEVT Joe Rogan pursue
ARGLOG Romero t  36.5 pos '354.8 -239.7 -296.0' spd 389.5 yaw  30.0 mode 2 st 0 gl 0 hp 88 frg 2
ARGLOG Carmack t  36.5 pos '596.3  13.7 -296.0' spd 186.5 yaw 244 mode 2 st 1 gl 1 hp 100 frg 1
ARGUS Romero hunch item_health
ARGEVT Romero pursue
ARGLOG Joe Rogan t  36.7 pos '601.1 -175.0 -104.0' spd 362.6 yaw 197.1 mode 2 st 0 gl 0 hp 11 frg 2
ARGEVT Romero goal weapon_lightning
ARGEVT Romero route 8 start '465.0 -247.0 -296.0' goal '529.0 -311.0 -104.0'
ARGEVT Romero pursue
ARGUS Romero bodyblock
ARGEVT Romero pursue
ARGLOG Romero t  37.0 pos '476.1 -245.8 -296.0' spd 341.3 yaw 300.7 mode 2 st 0 gl 0 hp 88 frg 2
ARGLOG Carmack t  37.0 pos '598.1 -153.5 -296.0' spd 340.7 yaw 203 mode 2 st 1 gl 1 hp 100 frg 1
ARGEVT Romero hazard
ARGUS Joe Rogan hunch item_artifact_super_damage
ARGEVT Carmack engage Romero
ARGUS Carmack threatmove range 3
ARGUS Romero wallslide
ARGLOG Joe Rogan t  37.2 pos '484.0 -232.9 -104.0' spd  46.6 yaw 360.0 mode 2 st 0 gl 0 hp 11 frg 2
ARGEVT Joe Rogan goal item_health
ARGEVT Joe Rogan pursue
ARGEVT Joe Rogan route 3 start '465.0 -279.0 -104.0' goal '465.0 -471.0  24.0'
ARGEVT Carmack hazard
ARGLOG Romero t  37.6 pos '616.3 -236.6 -296.0' spd 320.0 yaw  89.8 mode 2 st 0 gl 0 hp 88 frg 2
ARGLOG Carmack t  37.6 pos '653.0 -253.4 -296.0' spd  55.9 yaw 178.1 mode 2 st 1 gl 1 hp 100 frg 1
ARGEVT Carmack grab weapon_lightning
ARGLOG Joe Rogan t  37.7 pos '620.7 -145.8 -104.0' spd 424.2 yaw 118.0 mode 2 st 0 gl 0 hp 11 frg 2
ARGUS Joe Rogan wallslide
ARGEVT Romero pursue
ARGLOG Romero t  38.1 pos '645.1 -82.6 -296.0' spd 344.3 yaw  64.6 mode 2 st 0 gl 0 hp 80 frg 2
ARGLOG Carmack t  38.1 pos '547.6 -259.7 -296.0' spd  75.9 yaw  64.4 mode 2 st 1 gl 1 hp 100 frg 1
ARGEVT Joe Rogan route 4 start '529.0 -55.0 -104.0' goal '465.0 -471.0  24.0'
ARGLOG Joe Rogan t  38.2 pos '488.0 -39.6 -104.0' spd 362.5 yaw 213 mode 2 st 0 gl 0 hp 11 frg 2
ARGEVT Joe Rogan hazard
ARGUS routecache adopt
ARGEVT Joe Rogan route 4 start '529.0 -55.0 -104.0' goal '465.0 -471.0  24.0'
ARGEVT Joe Rogan pursue
ARGUS routecache adopt
ARGEVT Joe Rogan route 3 start '465.0 -151.0 -104.0' goal '465.0 -471.0  24.0'
ARGEVT Romero route 4 start '625.0 105.0 -296.0' goal '529.0 -311.0 -104.0'
ARGEVT Carmack pursue
ARGLOG Romero t  38.6 pos '578.5  76.7 -296.0' spd 445.0 yaw 213.6 mode 2 st 0 gl 0 hp 100 frg 2
ARGLOG Carmack t  38.6 pos '537.4 -241.9 -296.0' spd 113.8 yaw  64.4 mode 2 st 1 gl 1 hp 100 frg 1
ARGUS Carmack hunch item_artifact_super_damage
ARGEVT Romero hazard
ARGEVT Carmack goal weapon_rocketlauncher
ARGEVT Carmack route 8 start '593.0 -215.0 -296.0' goal ' 81.0  73.0 -296.0'
ARGLOG Joe Rogan t  38.7 pos '485.5 -188.1 -104.0' spd 320.1 yaw 282 mode 2 st 0 gl 0 hp 11 frg 2
ARGUS Joe Rogan bodyblock
ARGEVT Carmack hazard
ARGEVT Romero goal item_armorInv
ARGEVT Romero route 10 start '529.0  73.0 -296.0' goal '817.0 -855.0 -232.0'
ARGLOG Romero t  39.1 pos '591.8  29.0 -296.0' spd 326.6 yaw 283 mode 2 st 0 gl 0 hp 100 frg 2
ARGLOG Carmack t  39.1 pos '423.2 -210.4 -296.0' spd 320.0 yaw 179.8 mode 0 st 1 gl 1 hp 100 frg 1
ARGEVT Carmack route 6 start '369.0 -215.0 -296.0' goal ' 81.0  73.0 -296.0'
ARGLOG Joe Rogan t  39.2 pos '513.6 -353.6 -104.0' spd 355.9 yaw 329.0 mode 2 st 0 gl 0 hp 11 frg 2
ARGEVT Carmack pursue
ARGEVT Joe Rogan jump
ARGUS routecache adopt
ARGEVT Carmack route 6 start '369.0 -215.0 -296.0' goal ' 81.0  73.0 -296.0'
ARGEVT Carmack pursue
ARGEVT Carmack pursue
Client 169.254.71.10:49351 connected
ARGLOG labprobe t  39.5 pos '112.0 -1136.0 -103.0' spd 0 yaw 45 mode 0 st 0 gl 0 hp 100 frg 0
ARGLOG Romero t  39.6 pos '599.5 -140.0 -296.0' spd 324.6 yaw 247 mode 2 st 0 gl 0 hp 100 frg 2
ARGLOG Carmack t  39.6 pos '289.1 -214.3 -296.0' spd 245.8 yaw  81.5 mode 2 st 1 gl 1 hp 100 frg 1
ARGUS Romero wallslide
ARGLOG Joe Rogan t  39.8 pos '647.8 -414.4 -69.9' spd 330.3 yaw 123 mode 2 st 0 gl 0 hp 11 frg 2
ARGEVT Romero engage Carmack
ARGUS Romero threatmove range 2
ARGEVT Carmack hazard
ARGLOG labprobe t  40.0 pos '112.0 -1136.0 -104.0' spd 0 yaw 45 mode 0 st 0 gl 0 hp 100 frg 0
ARGLOG Romero t  40.1 pos '572.7 -232.1 -296.0' spd 238.1 yaw 176.2 mode 2 st 0 gl 0 hp 100 frg 2
ARGLOG Carmack t  40.1 pos '274.9 -233.9 -296.0' spd  67.0 yaw 359.9 mode 2 st 1 gl 1 hp 100 frg 1
ARGLOG Joe Rogan t  40.3 pos '617.5 -285.2 -104.0' spd 338.1 yaw 170 mode 2 st 0 gl 0 hp 11 frg 2
ARGLOG labprobe t  40.5 pos '112.0 -1136.0 -104.0' spd 0 yaw 45 mode 0 st 0 gl 0 hp 100 frg 0
ARGEVT Carmack death Romero pos '315.2 -241.3 -296.0'
ARGUS Romero watch spawn
ARGLOG Romero t  40.6 pos '493.7 -240.2 -296.0' spd 317.9 yaw 236.6 mode 2 st 0 gl 0 hp 88 frg 3
ARGEVT Romero hazard
ARGEVT Romero goal item_armorInv
ARGLOG Joe Rogan t  40.8 pos '515.7 -177.1 -104.0' spd 399.4 yaw 164.2 mode 2 st 0 gl 0 hp 11 frg 2
ARGEVT Romero route 12 start '465.0 -247.0 -296.0' goal '817.0 -855.0 -232.0'
ARGEVT Joe Rogan hazard
ARGLOG labprobe t  41.0 pos '112.0 -1136.0 -104.0' spd 0 yaw 45 mode 0 st 0 gl 0 hp 100 frg 0
ARGEVT Joe Rogan engage Romero
ARGUS Joe Rogan threatmove range 3
ARGEVT Romero engage Joe Rogan
ARGUS Romero leadclip
ARGUS Romero threatmove range 4
ARGUS Romero threatmove high 4
ARGEVT Romero grab 
ARGLOG Romero t  41.1 pos '361.2 -218.1 -296.0' spd 342.8 yaw 139.1 mode 2 st 0 gl 0 hp 88 frg 3
ARGLOG Joe Rogan t  41.3 pos '493.6 -46.2 -104.0' spd 322.1 yaw 217.8 mode 0 st 0 gl 0 hp 11 frg 2
ARGEVT Joe Rogan route 4 start '529.0 -55.0 -104.0' goal '465.0 -471.0  24.0'
ARGUS Joe Rogan wallslide
ARGLOG labprobe t  41.5 pos '112.0 -1136.0 -104.0' spd 0 yaw 45 mode 0 st 0 gl 0 hp 100 frg 0
ARGEVT Romero pursue
ARGEVT Joe Rogan pursue
ARGLOG Romero t  41.6 pos '362.4 -260.1 -296.0' spd 302.2 yaw 58 mode 2 st 0 gl 0 hp 88 frg 3
ARGEVT Romero hazard
ARGLOG Joe Rogan t  41.8 pos '529.5 -25.3 -104.0' spd 320.5 yaw 224 mode 2 st 0 gl 0 hp 11 frg 2
ARGUS Romero hunch item_artifact_super_damage
ARGEVT Romero pursue
ARGUS routecache adopt
ARGEVT Joe Rogan route 4 start '529.0 -55.0 -104.0' goal '465.0 -471.0  24.0'
ARGEVT Romero goal item_armorInv
ARGEVT Romero route 13 start '369.0 -215.0 -296.0' goal '817.0 -855.0 -232.0'
ARGUS Joe Rogan hunch item_artifact_super_damage
ARGLOG labprobe t  42.0 pos '112.0 -1136.0 -104.0' spd 0 yaw 45 mode 0 st 0 gl 0 hp 100 frg 0
ARGEVT Carmack respawn
ARGEVT Carmack goal weapon_rocketlauncher
ARGLOG Carmack t  42.1 pos '272.0 -952.0  24.0' spd 0 yaw   5.1 mode 0 st 1 gl 1 hp 100 frg 1
ARGEVT Romero pursue
ARGEVT Carmack route 10 start '305.0 -983.0  24.0' goal '753.0 -887.0 -232.0'
ARGEVT Joe Rogan goal item_health
ARGLOG Romero t  42.2 pos '369.9 -186.0 -296.0' spd 362.0 yaw 103.1 mode 2 st 0 gl 0 hp 88 frg 3
ARGEVT Joe Rogan route 4 start '529.0 -55.0 -104.0' goal '465.0 -471.0  24.0'
ARGEVT Joe Rogan pursue
ARGLOG Joe Rogan t  42.3 pos '532.9 -56.2 -104.0' spd 353.0 yaw 343.9 mode 0 st 0 gl 0 hp 11 frg 2
ARGUS routecache adopt
ARGEVT Joe Rogan route 4 start '529.0 -55.0 -104.0' goal '465.0 -471.0  24.0'
ARGEVT Joe Rogan hazard
ARGLOG labprobe t  42.6 pos '112.0 -1136.0 -104.0' spd 0 yaw 45 mode 0 st 0 gl 0 hp 100 frg 0
ARGLOG Carmack t  42.6 pos '383.2 -847.6  24.0' spd 327.3 yaw 75 mode 2 st 1 gl 1 hp 100 frg 1
ARGLOG Romero t  42.7 pos '379.8 -53.8 -296.0' spd 137.9 yaw 308.0 mode 2 st 0 gl 0 hp 88 frg 3
ARGEVT Romero hazard
ARGLOG Joe Rogan t  42.8 pos '608.1 -187.5 -104.0' spd 403.0 yaw 210.5 mode 2 st 0 gl 0 hp 11 frg 2
ARGEVT Carmack hazard
ARGUS Carmack wallslide
ARGLOG labprobe t  43.1 pos '112.0 -1136.0 -104.0' spd 0 yaw 45 mode 0 st 0 gl 0 hp 100 frg 0
ARGLOG Carmack t  43.1 pos '346.9 -728.4  24.0' spd 357.4 yaw 68 mode 2 st 1 gl 1 hp 100 frg 1
ARGLOG Romero t  43.2 pos '401.5 -213.1 -296.0' spd 393.3 yaw 332 mode 2 st 0 gl 0 hp 88 frg 3
ARGEVT Romero pursue
ARGEVT Joe Rogan pursue
ARGLOG Joe Rogan t  43.4 pos '472.3 -297.6 -104.0' spd 125.4 yaw 120.0 mode 2 st 0 gl 0 hp 11 frg 2
ARGEVT Romero pursue
ARGEVT Joe Rogan hazard
ARGLOG labprobe t  43.6 pos '112.0 -1136.0 -104.0' spd 0 yaw 45 mode 0 st 0 gl 0 hp 100 frg 0
ARGLOG Carmack t  43.6 pos '366.1 -556.2  24.0' spd 323.4 yaw 60 mode 2 st 1 gl 1 hp 100 frg 1
ARGLOG Romero t  43.7 pos '538.8 -222.2 -296.0' spd 372.4 yaw  73.0 mode 2 st 0 gl 0 hp 88 frg 3
ARGEVT Carmack engage Joe Rogan
ARGUS Carmack threatmove range 4
ARGLOG Joe Rogan t  43.9 pos '468.2 -318.5 -104.0' spd  73.2 yaw  99.5 mode 2 st 0 gl 0 hp 11 frg 2
ARGLOG labprobe t  44.1 pos '112.0 -1136.0 -104.0' spd 0 yaw 45 mode 0 st 0 gl 0 hp 100 frg 0
ARGLOG Carmack t  44.1 pos '484.6 -496.3  24.0' spd 321.4 yaw  85.3 mode 2 st 1 gl 1 hp 100 frg 1
ARGLOG Romero t  44.2 pos '655.4 -103.4 -296.0' spd 336.8 yaw 98 mode 2 st 0 gl 0 hp 88 frg 3
ARGUS Romero wallslide
ARGEVT Joe Rogan engage Carmack
ARGUS Joe Rogan threatmove range 2
ARGLOG Joe Rogan t  44.4 pos '471.4 -216.8 -104.0' spd 366.8 yaw  32.9 mode 2 st 0 gl 0 hp 11 frg 2
ARGLOG labprobe t  44.6 pos '112.0 -1136.0 -104.0' spd 0 yaw 45 mode 0 st 0 gl 0 hp 100 frg 0
ARGEVT Romero hazard
ARGLOG Carmack t  44.6 pos '447.8 -471.6  24.0' spd 320.2 yaw  84.0 mode 2 st 1 gl 1 hp 100 frg 1
ARGLOG Romero t  44.7 pos '592.0   8.3 -296.0' spd  86.8 yaw 252 mode 2 st 0 gl 0 hp 88 frg 3
ARGLOG Joe Rogan t  44.9 pos '560.2 -73.3 -104.0' spd 321.1 yaw 251.4 mode 2 st 0 gl 0 hp 7 frg 2
ARGUS Romero bodyblock
ARGEVT Joe Rogan route 4 start '561.0 -87.0 -104.0' goal '465.0 -471.0  24.0'
ARGEVT Joe Rogan weapon gl
ARGUS Carmack threatmove range 3
ARGEVT Joe Rogan hazard
ARGLOG labprobe t  45.1 pos '112.0 -1136.0 -104.0' spd 0 yaw 45 mode 0 st 0 gl 0 hp 100 frg 0
ARGLOG Carmack t  45.2 pos '284.3 -418.8  20.0' spd 329.0 yaw  54.1 mode 2 st 1 gl 1 hp 100 frg 1
ARGLOG Romero t  45.2 pos '643.1 -54.0 -296.0' spd 375.2 yaw 258 mode 2 st 0 gl 0 hp 88 frg 3
ARGEVT Carmack grab weapon_grenadelauncher
ARGEVT Joe Rogan death Carmack pos '573.7 -14.0 -104.0'
ARGUS Carmack watch spawn
ARGUS Romero wallslide
ARGEVT Carmack goal weapon_rocketlauncher
ARGEVT Carmack route 10 start '305.0 -471.0  24.0' goal ' 81.0  73.0 -296.0'
ARGLOG Carmack t  45.7 pos '260.5 -437.1 -104.0' spd 139.1 yaw  14.5 mode 2 st 1 gl 1 hp 100 frg 2
ARGEVT Romero route 10 start '625.0 105.0 -296.0' goal '817.0 -855.0 -232.0'
ARGLOG Romero t  45.7 pos '539.6  76.6 -296.0' spd 472.5 yaw 241 mode 2 st 0 gl 0 hp 88 frg 3
ARGEVT Romero hazard
ARGEVT Carmack hazard
ARGLOG Carmack t  46.2 pos '418.6 -398.2 -104.0' spd 408.4 yaw  66.9 mode 2 st 1 gl 1 hp 100 frg 2
ARGLOG Romero t  46.3 pos '666.1  17.0 -296.0' spd 330.5 yaw 286.4 mode 2 st 0 gl 0 hp 88 frg 3
