LOG started on: 09/17/2026 22:43:16 
Playing registered version.
UDP Initialized
WIPX_OpenSocket: Address family not supported by protocol family
WIPX_Init: Unable to open control socket, IPX disabled
Exe: 20:02:47 Jul 31 2024
256.0 megabyte heap

Language initialization
Couldn't load 'localization/loc_english.txt'
from 'C:\argus\engine'

========= Quake Initialized =========

execing autoexec.cfg
SpawnServer: dm2
Clearing memory
Programs occupy 904K.
trying to open external vis file
maps/dm2.vis not found, trying argus.vis
external vis not found
ARGUS slots 4
ARGUS worldspawn reached
ARGNAV 215 nodes, 1005 links
0 entities inhibited
ARGUS init on dm2
ARGEVT Carmack spawned
ARGEVT Romero spawned
ARGEVT Joe Rogan spawned
Server spawned.
ARGLOG Joe Rogan t   1.2 pos '2624.0 -488.0  32.0' spd 0 yaw 177.6 mode 0 st 0 gl 0 hp 100 frg 0
ARGLOG Romero t   1.2 pos '2704.0 -2048.0 128.0' spd 0 yaw 317.5 mode 0 st 0 gl 0 hp 100 frg 0
ARGLOG Carmack t   1.2 pos '2560.0 -192.0  32.0' spd 0 yaw 209.6 mode 0 st 0 gl 0 hp 100 frg 0
ARGUS Carmack wallslide
ARGEVT Carmack engage Joe Rogan
ARGUS Carmack threatmove range 2
ARGEVT Joe Rogan engage Carmack
ARGUS Joe Rogan threatmove range 2
ARGLOG Joe Rogan t   1.7 pos '2480.8 -429.4   8.0' spd 388.6 yaw  90.6 mode 0 st 0 gl 0 hp 100 frg 0
ARGLOG Romero t   1.7 pos '2712.0 -2090.4 128.0' spd 321.9 yaw 157.1 mode 0 st 0 gl 0 hp 100 frg 0
ARGLOG Carmack t   1.7 pos '2424.6 -239.9  24.0' spd 296.4 yaw 217.2 mode 0 st 0 gl 0 hp 100 frg 0
ARGLOG Joe Rogan t   2.2 pos '2321.7 -347.7   8.0' spd 339.2 yaw  63.9 mode 0 st 0 gl 0 hp 100 frg 0
ARGLOG Romero t   2.2 pos '2796.9 -2049.5 120.0' spd 320.6 yaw   6.4 mode 0 st 0 gl 0 hp 100 frg 0
ARGLOG Carmack t   2.2 pos '2408.4 -232.3  24.0' spd 237.9 yaw 221.5 mode 0 st 0 gl 0 hp 100 frg 0
ARGLOG Joe Rogan t   2.7 pos '2178.4 -265.8  24.0' spd 346.0 yaw  53.7 mode 0 st 0 gl 0 hp 82 frg 0
ARGLOG Romero t   2.7 pos '2763.8 -2015.7 120.0' spd 320.5 yaw 171.4 mode 0 st 0 gl 0 hp 100 frg 0
ARGLOG Carmack t   2.7 pos '2272.0 -151.7  24.0' spd 320.6 yaw 213.5 mode 0 st 0 gl 0 hp 100 frg 0
ARGEVT Romero hazard
ARGEVT Joe Rogan grab item_health
ARGLOG Joe Rogan t   3.2 pos '2035.4 -160.8  24.0' spd 385.0 yaw  18.4 mode 0 st 0 gl 0 hp 55 frg 0
ARGLOG Romero t   3.2 pos '2707.5 -1973.6 120.0' spd 321.6 yaw   0.2 mode 0 st 0 gl 0 hp 100 frg 0
ARGLOG Carmack t   3.2 pos '2232.3 -150.5  24.0' spd 338.2 yaw 185.6 mode 0 st 0 gl 0 hp 76 frg 0
ARGLOG Joe Rogan t   3.7 pos '2010.4  -7.7  24.0' spd 378.1 yaw 313.3 mode 0 st 0 gl 0 hp 80 frg 0
ARGLOG Romero t   3.7 pos '2845.2 -1977.1 120.0' spd 151.4 yaw 207.6 mode 0 st 0 gl 0 hp 100 frg 0
ARGLOG Carmack t   3.7 pos '2182.3 -322.6  24.0' spd 358.8 yaw 114.2 mode 0 st 0 gl 0 hp 68 frg 0
ARGEVT Joe Rogan hazard
ARGEVT Joe Rogan plan powerup via weapon
ARGEVT Joe Rogan goal weapon_rocketlauncher
ARGEVT Romero goal item_armorInv
ARGEVT Carmack goal item_armorInv
ARGEVT Joe Rogan routefail
ARGLOG Joe Rogan t   4.2 pos '2173.5  -6.0  24.0' spd 320.0 yaw 281.9 mode 0 st 0 gl 0 hp 80 frg 0
ARGLOG Romero t   4.2 pos '2711.5 -2065.8 128.0' spd 357.6 yaw 167.9 mode 0 st 0 gl 0 hp 100 frg 0
ARGLOG Carmack t   4.2 pos '2240.9 -333.8   8.0' spd 322.0 yaw  78.4 mode 0 st 0 gl 0 hp 56 frg 0
ARGEVT Romero hazard
ARGEVT Joe Rogan plan powerup via weapon
ARGEVT Joe Rogan goal weapon_rocketlauncher
ARGEVT Joe Rogan route 14 start '2177.0 -23.0  24.0' goal '2465.0 -1719.0  24.0'
ARGUS Romero wallslide
ARGUS Carmack wallslide
ARGEVT Romero route 32 start '2721.0 -2199.0 120.0' goal '2465.0 -1975.0 120.0'
ARGEVT Joe Rogan jump
ARGEVT Carmack grab item_health
ARGLOG Joe Rogan t   4.8 pos '2320.5  -8.5  61.5' spd  30.3 yaw 282.0 mode 2 st 0 gl 0 hp 80 frg 0
ARGLOG Romero t   4.8 pos '2664.4 -2230.6 120.0' spd 362.9 yaw 228 mode 2 st 0 gl 0 hp 100 frg 0
ARGLOG Carmack t   4.8 pos '2401.5 -304.0   8.0' spd 362.0 yaw  85.9 mode 0 st 0 gl 0 hp 56 frg 0
ARGEVT Carmack route 3 start '2401.0 -343.0   8.0' goal '2369.0 -567.0  56.0'
ARGEVT Carmack grab item_spikes
ARGLOG Joe Rogan t   5.3 pos '2314.5 -23.1  53.0' spd  34.9 yaw 297.2 mode 2 st 0 gl 0 hp 80 frg 0
ARGLOG Romero t   5.3 pos '2529.7 -2302.3 120.0' spd 336.9 yaw 142 mode 2 st 0 gl 0 hp 100 frg 0
ARGLOG Carmack t   5.3 pos '2470.9 -316.9   8.0' spd  93.2 yaw 124.5 mode 2 st 0 gl 0 hp 52 frg 0
ARGEVT Carmack pursue
ARGEVT Joe Rogan pursue
ARGUS Carmack hunch item_armorInv
ARGEVT Carmack goal item_armorInv
ARGEVT Carmack route 3 start '2529.0 -343.0  24.0' goal '2369.0 -567.0  56.0'
ARGLOG Joe Rogan t   5.8 pos '2242.1 -142.2  24.0' spd 374.9 yaw 295.5 mode 0 st 0 gl 0 hp 80 frg 0
ARGLOG Romero t   5.8 pos '2385.0 -2397.5 120.0' spd 402.1 yaw 136 mode 2 st 0 gl 0 hp 100 frg 0
ARGEVT Carmack pursue
ARGLOG Carmack t   5.8 pos '2580.1 -327.0  24.0' spd 294.1 yaw 316.7 mode 2 st 0 gl 0 hp 52 frg 0
ARGEVT Carmack hazard
ARGEVT Joe Rogan hazard
ARGEVT Joe Rogan route 14 start '2241.0 -183.0  24.0' goal '2465.0 -1719.0  24.0'
ARGEVT Romero hazard
ARGEVT Romero route 28 start '1313.0 -1367.0 144.0' goal '2465.0 -1975.0 120.0'
ARGUS Joe Rogan wallslide
ARGLOG Joe Rogan t   6.3 pos '2359.1 -239.7  24.0' spd 347.3 yaw 322 mode 2 st 0 gl 0 hp 80 frg 0
ARGLOG Romero t   6.3 pos '1363.3 -1376.0 144.0' spd 300 yaw 102 mode 2 st 0 gl 0 hp 100 frg 0
ARGLOG Carmack t   6.3 pos '2635.7 -338.4  24.0' spd 328.0 yaw  64.9 mode 2 st 0 gl 0 hp 52 frg 0
ARGUS Carmack wallslide
ARGUS Joe Rogan hunch item_armorInv
ARGEVT Joe Rogan pursue
ARGEVT Joe Rogan plan powerup via weapon
ARGEVT Joe Rogan goal weapon_rocketlauncher
ARGLOG Joe Rogan t   6.8 pos '2520.4 -178.1  32.0' spd 384.0 yaw 110.9 mode 0 st 0 gl 0 hp 80 frg 0
ARGLOG Romero t   6.8 pos '1367.5 -1375.3 136.0' spd 267.6 yaw 103 mode 2 st 0 gl 0 hp 100 frg 0
ARGLOG Carmack t   6.8 pos '2479.9 -308.4   8.0' spd 360.4 yaw 224.5 mode 2 st 0 gl 0 hp 52 frg 0
ARGEVT Joe Rogan route 15 start '2529.0 -183.0  32.0' goal '2465.0 -1719.0  24.0'
ARGEVT Carmack pursue
ARGEVT Joe Rogan hazard
ARGEVT Joe Rogan grab item_health
ARGLOG Joe Rogan t   7.3 pos '2510.5 -202.1  24.0' spd 370.3 yaw 243.3 mode 2 st 0 gl 0 hp 80 frg 0
ARGLOG Romero t   7.3 pos '1353.8 -1225.2 152.0' spd 322.1 yaw 106 mode 2 st 0 gl 0 hp 100 frg 0
ARGLOG Carmack t   7.3 pos '2409.0 -379.6   8.0' spd 329.7 yaw  45.3 mode 2 st 0 gl 0 hp 52 frg 0
ARGEVT Romero jump
ARGEVT Joe Rogan pursue
ARGEVT Carmack pursue
ARGUS Carmack wallslide
ARGLOG Joe Rogan t   7.8 pos '2498.3 -230.3  24.0' spd 320.1 yaw 206.8 mode 2 st 0 gl 0 hp 80 frg 0
ARGLOG Romero t   7.8 pos '1295.0 -1190.3 187.9' spd 129.9 yaw 93 mode 2 st 0 gl 0 hp 100 frg 0
ARGLOG Carmack t   7.8 pos '2510.1 -378.6   8.0' spd 320.3 yaw 94 mode 2 st 0 gl 0 hp 52 frg 0
ARGEVT Joe Rogan pursue
ARGUS Joe Rogan wallslide
ARGEVT Joe Rogan pursue
ARGEVT Carmack hazard
ARGLOG Joe Rogan t   8.3 pos '2411.2 -229.4  24.0' spd 321.0 yaw 316.0 mode 2 st 0 gl 0 hp 80 frg 0
ARGLOG Romero t   8.3 pos '1272.2 -1067.0 200.0' spd 321.4 yaw 33 mode 2 st 0 gl 0 hp 100 frg 0
ARGLOG Carmack t   8.3 pos '2490.5 -343.8   8.0' spd 266.1 yaw 123.0 mode 2 st 0 gl 0 hp 52 frg 0
ARGEVT Joe Rogan grab item_health
ARGEVT Romero route 26 start '1313.0 -1047.0 200.0' goal '2465.0 -1975.0 120.0'
ARGLOG Joe Rogan t   8.9 pos '2553.0 -164.5  32.0' spd 342.6 yaw 226.1 mode 2 st 0 gl 0 hp 80 frg 0
ARGLOG Romero t   8.9 pos '1309.5 -897.2 151.1' spd 351.3 yaw 252 mode 2 st 0 gl 0 hp 100 frg 0
ARGLOG Carmack t   8.9 pos '2328.0 -366.3   8.0' spd 360.5 yaw  46.2 mode 2 st 0 gl 0 hp 52 frg 0
ARGEVT Joe Rogan hazard
ARGEVT Joe Rogan pursue
ARGEVT Carmack route 4 start '2209.0 -279.0  24.0' goal '2369.0 -567.0  56.0'
ARGEVT Joe Rogan pursue
ARGUS Joe Rogan wallslide
ARGEVT Carmack pursue
ARGLOG Joe Rogan t   9.4 pos '2437.1 -238.0  24.0' spd 205.7 yaw 224.3 mode 2 st 0 gl 0 hp 80 frg 0
ARGLOG Romero t   9.4 pos '1347.0 -943.9  32.0' spd 320.2 yaw 25 mode 2 st 0 gl 0 hp 100 frg 0
ARGLOG Carmack t   9.4 pos '2229.1 -249.5  24.0' spd 236.9 yaw  56.3 mode 2 st 0 gl 0 hp 52 frg 0
ARGEVT Romero route 23 start '1697.0 -663.0  24.0' goal '2465.0 -1975.0 120.0'
ARGLOG Joe Rogan t   9.9 pos '2553.2 -162.6  32.0' spd 314.1 yaw 213.6 mode 2 st 0 gl 0 hp 80 frg 0
ARGLOG Romero t   9.9 pos '1696.0 -952.4  20.0' spd 300 yaw 81 mode 2 st 0 gl 0 hp 100 frg 0
ARGLOG Carmack t   9.9 pos '2272.7 -367.7   8.0' spd 328.0 yaw  28.5 mode 2 st 0 gl 0 hp 44 frg 0
ARGEVT Joe Rogan pursue
ARGEVT Carmack pursue
ARGLOG Joe Rogan t  10.4 pos '2451.8 -224.0  24.0' spd 235.0 yaw 205.2 mode 2 st 0 gl 0 hp 80 frg 0
ARGLOG Romero t  10.4 pos '1696.3 -961.0  20.0' spd   7.1 yaw 81 mode 2 st 0 gl 0 hp 100 frg 0
ARGLOG Carmack t  10.4 pos '2414.6 -332.1   8.0' spd 228.9 yaw  72.5 mode 2 st 0 gl 0 hp 44 frg 0
ARGLOG Joe Rogan t  10.9 pos '2311.8 -219.4  24.0' spd 138.7 yaw 328.6 mode 2 st 0 gl 0 hp 80 frg 0
ARGLOG Romero t  10.9 pos '1699.3 -812.4  20.0' spd 320.0 yaw 78 mode 2 st 0 gl 0 hp 100 frg 0
ARGLOG Carmack t  10.9 pos '2544.4 -334.7  24.0' spd 119.0 yaw 161.6 mode 2 st 0 gl 0 hp 44 frg 0
ARGUS Carmack wallslide
ARGEVT Joe Rogan pursue
ARGEVT Carmack pursue
ARGEVT Joe Rogan grab item_health
ARGLOG Joe Rogan t  11.4 pos '2429.7 -202.0  24.0' spd 339.1 yaw 285.8 mode 2 st 0 gl 0 hp 80 frg 0
ARGLOG Romero t  11.4 pos '1716.6 -649.4  24.0' spd 321.0 yaw 37 mode 2 st 0 gl 0 hp 100 frg 0
ARGLOG Carmack t  11.4 pos '2421.3 -361.4   8.0' spd 320.0 yaw  81.7 mode 2 st 0 gl 0 hp 44 frg 0
ARGEVT Joe Rogan route 15 start '2529.0 -183.0  32.0' goal '2465.0 -1719.0  24.0'
ARGLOG Joe Rogan t  11.9 pos '2557.1 -197.5  32.0' spd 153.8 yaw 214.1 mode 2 st 0 gl 0 hp 80 frg 0
ARGLOG Romero t  11.9 pos '1774.2 -491.7  24.0' spd 385.0 yaw 15 mode 2 st 0 gl 0 hp 100 frg 0
ARGLOG Carmack t  11.9 pos '2358.4 -367.7   8.0' spd 327.9 yaw  36.4 mode 2 st 0 gl 0 hp 44 frg 0
ARGEVT Carmack pursue
ARGEVT Romero hazard
ARGEVT Joe Rogan pursue
ARGEVT Joe Rogan hazard
ARGEVT Joe Rogan pursue
ARGUS Joe Rogan wallslide
ARGEVT Joe Rogan pursue
ARGEVT Romero jump
ARGUS Carmack hunch item_armorInv
ARGLOG Joe Rogan t  12.4 pos '2460.7 -227.2  24.0' spd 233.6 yaw 277.3 mode 2 st 0 gl 0 hp 80 frg 0
ARGLOG Romero t  12.4 pos '1939.9 -472.9 108.9' spd 326.1 yaw 25 mode 2 st 0 gl 0 hp 100 frg 0
ARGLOG Carmack t  12.4 pos '2481.0 -331.1   8.0' spd 270.6 yaw 205.5 mode 2 st 0 gl 0 hp 44 frg 0
ARGEVT Carmack goal item_armorInv
ARGEVT Carmack route 3 start '2529.0 -343.0  24.0' goal '2369.0 -567.0  56.0'
ARGEVT Joe Rogan pursue
ARGUS Carmack wallslide
ARGEVT Carmack pursue
ARGUS Joe Rogan hunch item_armorInv
ARGEVT Joe Rogan plan powerup via weapon
ARGEVT Joe Rogan goal weapon_rocketlauncher
ARGEVT Joe Rogan pursue
ARGEVT Joe Rogan route 15 start '2529.0 -183.0  32.0' goal '2465.0 -1719.0  24.0'
ARGLOG Joe Rogan t  13.0 pos '2575.2 -205.6  32.0' spd 314.4 yaw 101.7 mode 2 st 0 gl 0 hp 80 frg 0
ARGLOG Romero t  13.0 pos '2054.8 -403.6 104.0' spd 321.7 yaw 91 mode 2 st 0 gl 0 hp 100 frg 0
ARGLOG Carmack t  13.0 pos '2615.2 -335.4  24.0' spd 406.7 yaw 117.6 mode 2 st 0 gl 0 hp 44 frg 0
ARGEVT Carmack hazard
ARGEVT Joe Rogan hazard
ARGUS Joe Rogan wallslide
ARGEVT Romero engage Joe Rogan
ARGUS Romero threatmove range 2
ARGLOG Joe Rogan t  13.5 pos '2447.3 -146.8  24.0' spd 338.7 yaw 209.6 mode 2 st 0 gl 0 hp 80 frg 0
ARGLOG Romero t  13.5 pos '2034.8 -253.0  40.0' spd 155.9 yaw  38.0 mode 2 st 0 gl 0 hp 100 frg 0
ARGLOG Carmack t  13.5 pos '2451.9 -318.3   8.0' spd 113.5 yaw 180.0 mode 2 st 0 gl 0 hp 44 frg 0
ARGEVT Romero hazard
ARGLOG Joe Rogan t  14.0 pos '2350.3 -225.8  24.0' spd 258.5 yaw 308.1 mode 2 st 0 gl 0 hp 80 frg 0
ARGLOG Romero t  14.0 pos '2092.2 -127.1  24.0' spd 334.4 yaw 345.6 mode 2 st 0 gl 0 hp 100 frg 0
ARGLOG Carmack t  14.0 pos '2409.3 -356.9   8.0' spd 328.8 yaw 125.5 mode 2 st 0 gl 0 hp 44 frg 0
ARGEVT Joe Rogan grab item_health
ARGLOG Joe Rogan t  14.5 pos '2521.1 -208.7  32.0' spd 359.5 yaw 245.8 mode 2 st 0 gl 0 hp 68 frg 0
ARGLOG Romero t  14.5 pos '2201.4  -2.0  24.0' spd 321.5 yaw 326.9 mode 2 st 0 gl 0 hp 100 frg 0
ARGLOG Carmack t  14.5 pos '2402.5 -426.0   8.0' spd 324.2 yaw  47.4 mode 2 st 0 gl 0 hp 44 frg 0
ARGUS Romero wallslide
ARGEVT Joe Rogan hazard
ARGEVT Carmack pursue
ARGEVT Joe Rogan pursue
ARGUS Carmack wallslide
ARGLOG Joe Rogan t  15.0 pos '2467.2 -203.8  24.0' spd 328.2 yaw 239 mode 2 st 0 gl 0 hp 68 frg 0
ARGLOG Romero t  15.0 pos '2326.9  16.0  56.0' spd 173.7 yaw 311.0 mode 2 st 0 gl 0 hp 100 frg 0
ARGLOG Carmack t  15.0 pos '2510.3 -383.0   8.0' spd 330.1 yaw 108 mode 2 st 0 gl 0 hp 44 frg 0
ARGEVT Carmack hazard
ARGLOG Joe Rogan t  15.5 pos '2442.6 -215.9  24.0' spd 320.0 yaw 291.9 mode 2 st 0 gl 0 hp 68 frg 0
ARGLOG Romero t  15.5 pos '2488.4  -9.0 120.0' spd 326.9 yaw 273.3 mode 2 st 0 gl 0 hp 100 frg 0
ARGLOG Carmack t  15.5 pos '2463.8 -364.0   8.0' spd 277.6 yaw  92.3 mode 2 st 0 gl 0 hp 44 frg 0
ARGEVT Joe Rogan grab item_health
ARGEVT Carmack grab item_health
ARGEVT Joe Rogan pursue
ARGEVT Carmack pursue
ARGEVT Joe Rogan hazard
ARGEVT Romero pursue
ARGLOG Joe Rogan t  16.0 pos '2551.6 -228.3  32.0' spd 364.9 yaw 254.0 mode 0 st 0 gl 0 hp 68 frg 0
ARGLOG Romero t  16.0 pos '2626.8 -99.1 120.0' spd 319.9 yaw 238.2 mode 2 st 0 gl 0 hp 100 frg 0
ARGLOG Carmack t  16.0 pos '2578.3 -324.7  24.0' spd 342.9 yaw 106.1 mode 2 st 0 gl 0 hp 44 frg 0
ARGUS routecache adopt
ARGEVT Joe Rogan route 15 start '2529.0 -183.0  32.0' goal '2465.0 -1719.0  24.0'
ARGUS Joe Rogan wallslide
ARGUS Carmack wallslide
ARGEVT Joe Rogan pursue
ARGEVT Carmack pursue
ARGEVT Romero route 15 start '2593.0 -247.0 120.0' goal '2465.0 -1975.0 120.0'
ARGEVT Romero hazard
ARGLOG Joe Rogan t  16.6 pos '2406.2 -234.5  24.0' spd  64.0 yaw 273.0 mode 2 st 0 gl 0 hp 48 frg 0
ARGLOG Romero t  16.6 pos '2569.4 -269.7 120.0' spd 371.2 yaw 180.1 mode 2 st 0 gl 0 hp 100 frg 0
ARGLOG Carmack t  16.6 pos '2420.5 -320.1   8.0' spd 169.0 yaw 128.9 mode 2 st 0 gl 0 hp 44 frg 0
ARGEVT Romero pursue
ARGLOG Joe Rogan t  17.1 pos '2554.5 -207.0  32.0' spd 221.1 yaw 226.3 mode 2 st 0 gl 0 hp 48 frg 0
ARGLOG Romero t  17.1 pos '2546.9 -426.5 163.0' spd 237.0 yaw 164.3 mode 0 st 0 gl 0 hp 100 frg 0
ARGLOG Carmack t  17.1 pos '2466.0 -312.4   8.0' spd  86.5 yaw  42.8 mode 2 st 0 gl 0 hp 44 frg 0
ARGUS Romero hunch item_armorInv
ARGEVT Joe Rogan pursue
ARGEVT Romero plan powerup via weapon
ARGEVT Romero goal weapon_rocketlauncher
ARGEVT Joe Rogan route 15 start '2529.0 -183.0  32.0' goal '2465.0 -1719.0  24.0'
ARGEVT Romero pursue
ARGEVT Carmack pursue
ARGEVT Joe Rogan hazard
ARGUS routecache adopt
ARGEVT Romero route 9 start '2593.0 -503.0 120.0' goal '2465.0 -1719.0  24.0'
ARGEVT Carmack hazard
ARGEVT Joe Rogan pursue
ARGEVT Joe Rogan pursue
ARGUS Carmack wallslide
ARGLOG Joe Rogan t  17.6 pos '2434.9 -230.7  24.0' spd 323.4 yaw 166.3 mode 2 st 0 gl 0 hp 48 frg 0
ARGLOG Romero t  17.6 pos '2549.9 -504.2 155.0' spd  67.3 yaw 149.2 mode 2 st 0 gl 0 hp 100 frg 0
ARGLOG Carmack t  17.6 pos '2577.9 -383.1  24.0' spd 181.2 yaw 226.6 mode 2 st 0 gl 0 hp 44 frg 0
ARGEVT Joe Rogan pursue
ARGEVT Joe Rogan pursue
ARGLOG Joe Rogan t  18.1 pos '2268.0 -227.8  24.0' spd 368.0 yaw 305.6 mode 2 st 0 gl 0 hp 48 frg 0
ARGLOG Romero t  18.1 pos '2620.4 -378.1 120.0' spd 334.7 yaw 144.6 mode 0 st 0 gl 0 hp 100 frg 0
ARGLOG Carmack t  18.1 pos '2466.3 -364.9   8.0' spd 369.3 yaw 119.3 mode 2 st 0 gl 0 hp 44 frg 0
ARGEVT Romero route 10 start '2593.0 -375.0 120.0' goal '2465.0 -1719.0  24.0'
ARGEVT Carmack grab item_health
ARGEVT Carmack hazard
ARGUS Carmack wallslide
ARGLOG Joe Rogan t  18.6 pos '2202.9 -388.9   8.0' spd 353.8 yaw  13.5 mode 2 st 0 gl 0 hp 48 frg 0
ARGLOG Romero t  18.6 pos '2606.2 -210.1 120.0' spd 341.5 yaw 194.6 mode 2 st 0 gl 0 hp 100 frg 0
ARGLOG Carmack t  18.6 pos '2390.9 -304.0   8.0' spd 155.7 yaw 213.7 mode 2 st 0 gl 0 hp 44 frg 0
ARGEVT Romero pursue
ARGEVT Joe Rogan route 15 start '2241.0 -471.0   8.0' goal '2465.0 -1719.0  24.0'
ARGEVT Carmack weapon sg
ARGEVT Romero route 11 start '2593.0 -119.0 120.0' goal '2465.0 -1719.0  24.0'
ARGEVT Joe Rogan hazard
ARGLOG Joe Rogan t  19.1 pos '2271.8 -521.3   8.0' spd  46.6 yaw  44.1 mode 2 st 0 gl 0 hp 39 frg 0
ARGLOG Romero t  19.1 pos '2446.5 -145.7 107.3' spd 366.2 yaw 216 mode 2 st 0 gl 0 hp 100 frg 0
ARGLOG Carmack t  19.1 pos '2488.1 -329.1   8.0' spd  57.8 yaw 224.9 mode 2 st 0 gl 0 hp 44 frg 0
ARGUS Joe Rogan threatmove retreat 2
ARGEVT Joe Rogan retreat
ARGEVT Carmack grab item_health
ARGUS Romero wallslide
ARGLOG Joe Rogan t  19.6 pos '2143.9 -453.9   8.0' spd 233.0 yaw  21.4 mode 2 st 0 gl 0 hp 23 frg 0
ARGLOG Romero t  19.6 pos '2360.0 -237.1  24.0' spd  51.6 yaw 232.6 mode 2 st 0 gl 0 hp 100 frg 0
ARGLOG Carmack t  19.6 pos '2514.1 -335.7  24.0' spd 165.5 yaw 202.0 mode 2 st 0 gl 0 hp 32 frg 0
ARGEVT Romero pursue
ARGEVT Romero hazard
ARGEVT Joe Rogan death Carmack pos '2140.7 -477.0   8.0'
ARGUS Carmack watch spawn
ARGEVT Carmack hazard
ARGEVT Carmack goal item_armorInv
ARGEVT Carmack route 3 start '2593.0 -375.0  24.0' goal '2369.0 -567.0  56.0'
ARGLOG Romero t  20.1 pos '2387.0 -240.0  24.0' spd 296.3 yaw 330 mode 2 st 0 gl 0 hp 100 frg 0
ARGLOG Carmack t  20.1 pos '2583.2 -375.2  24.0' spd  25.1 yaw 196 mode 2 st 0 gl 0 hp 32 frg 1
ARGUS Carmack wallslide
ARGLOG Romero t  20.7 pos '2559.0 -209.2  32.0' spd 378.8 yaw 69 mode 2 st 0 gl 0 hp 100 frg 0
ARGLOG Carmack t  20.7 pos '2435.9 -395.6   8.0' spd 323.3 yaw 201 mode 2 st 0 gl 0 hp 32 frg 1
ARGEVT Romero jump
ARGEVT Romero hazard
ARGUS Romero wallslide
ARGLOG Romero t  21.2 pos '2576.0 -178.6  32.0' spd 320.1 yaw 266.4 mode 2 st 0 gl 0 hp 100 frg 0
ARGLOG Carmack t  21.2 pos '2282.0 -450.1   8.0' spd 331.0 yaw 307 mode 2 st 0 gl 0 hp 32 frg 1
ARGEVT Joe Rogan respawn
ARGEVT Joe Rogan plan powerup via weapon
ARGEVT Joe Rogan goal weapon_nailgun
ARGLOG Joe Rogan t  21.3 pos '2544.0 -32.0 -64.0' spd 0 yaw 185.1 mode 0 st 0 gl 0 hp 100 frg 0
ARGEVT Carmack hazard
ARGEVT Joe Rogan route 8 start '2561.0 -23.0 -64.0' goal '2433.0 -183.0  24.0'
ARGEVT Carmack route 4 start '2177.0 -503.0   8.0' goal '2369.0 -567.0  56.0'
ARGEVT Joe Rogan hazard
ARGLOG Romero t  21.7 pos '2449.0 -222.5  24.0' spd 383.4 yaw 351 mode 2 st 0 gl 0 hp 100 frg 0
ARGEVT Carmack engage Romero
ARGUS Carmack threatmove range 2
ARGEVT Carmack grab 
ARGUS Carmack threatmove retreat 2
ARGEVT Carmack retreat
ARGLOG Carmack t  21.7 pos '2203.4 -522.4   8.0' spd 278.5 yaw   5.7 mode 2 st 0 gl 0 hp 32 frg 1
ARGEVT Romero engage Carmack
ARGUS Romero threatmove range 2
ARGLOG Joe Rogan t  21.9 pos '2432.1 -78.7 -72.0' spd  40.5 yaw 67 mode 2 st 0 gl 0 hp 100 frg 0
ARGUS Joe Rogan wallslide
ARGUS Romero wallslide
ARGLOG Romero t  22.2 pos '2293.2 -144.1  24.0' spd 320.0 yaw 237.7 mode 2 st 0 gl 0 hp 100 frg 0
ARGLOG Carmack t  22.2 pos '2177.2 -385.6   8.0' spd 321.4 yaw  65.3 mode 2 st 0 gl 0 hp 32 frg 1
ARGLOG Joe Rogan t  22.4 pos '2564.3   3.8 -64.0' spd 433.1 yaw 122.6 mode 2 st 0 gl 0 hp 100 frg 0
ARGEVT Carmack hazard
ARGEVT Romero route 14 start '2145.0 -119.0  24.0' goal '2465.0 -1719.0  24.0'
ARGEVT Carmack route 4 start '2209.0 -279.0  24.0' goal '2369.0 -567.0  56.0'
ARGLOG Romero t  22.7 pos '2127.1 -137.1  24.0' spd 337.0 yaw 269.4 mode 2 st 0 gl 0 hp 97 frg 0
ARGLOG Carmack t  22.7 pos '2138.2 -301.1  24.0' spd  83.5 yaw  87.5 mode 2 st 0 gl 0 hp 8 frg 1
ARGUS Carmack wallslide
ARGLOG Joe Rogan t  22.9 pos '2431.6  -5.0 -72.0' spd 325.6 yaw 211 mode 2 st 0 gl 0 hp 100 frg 0
ARGEVT Romero route 15 start '2017.0 -183.0  24.0' goal '2465.0 -1719.0  24.0'
ARGEVT Joe Rogan route 9 start '2305.0 -55.0 -120.0' goal '2433.0 -183.0  24.0'
ARGLOG Romero t  23.2 pos '1965.6 -197.4  24.0' spd 376.8 yaw 331.9 mode 2 st 0 gl 0 hp 88 frg 0
ARGLOG Carmack t  23.2 pos '2185.8 -286.2  24.0' spd 323.5 yaw 155.6 mode 2 st 0 gl 0 hp 8 frg 1
ARGUS Joe Rogan wallslide
ARGLOG Joe Rogan t  23.4 pos '2287.6 -80.6 -136.0' spd 328.4 yaw 200 mode 2 st 0 gl 0 hp 100 frg 0
ARGEVT Joe Rogan hazard
ARGLOG Romero t  23.7 pos '2058.6 -140.2  24.0' spd 325.1 yaw 317.5 mode 2 st 0 gl 0 hp 88 frg 0
ARGLOG Carmack t  23.7 pos '2289.5 -414.6   8.0' spd 320.0 yaw 131.9 mode 2 st 0 gl 0 hp 8 frg 1
ARGLOG Joe Rogan t  23.9 pos '2210.5 -186.0 -136.0' spd 344.6 yaw 31 mode 2 st 0 gl 0 hp 100 frg 0
ARGEVT Carmack hazard
ARGLOG Romero t  24.2 pos '2217.1 -89.1  24.0' spd 321.8 yaw 295.7 mode 2 st 0 gl 0 hp 88 frg 0
ARGLOG Carmack t  24.2 pos '2403.0 -522.3   8.0' spd 339.3 yaw 110.4 mode 2 st 0 gl 0 hp 8 frg 1
ARGLOG Joe Rogan t  24.4 pos '2247.5 -219.8 -132.1' spd  32.8 yaw 37 mode 2 st 0 gl 0 hp 100 frg 0
ARGUS Joe Rogan wallslide
ARGUS Romero wallslide
ARGEVT Carmack pursue
ARGEVT Romero jump
ARGEVT Joe Rogan hazard
ARGLOG Romero t  24.7 pos '2320.2 -75.0  69.4' spd 179.0 yaw 297.4 mode 2 st 0 gl 0 hp 88 frg 0
ARGLOG Carmack t  24.7 pos '2509.5 -474.5   8.0' spd 341.0 yaw 130 mode 2 st 0 gl 0 hp 8 frg 1
ARGLOG Joe Rogan t  24.9 pos '2287.9 -95.1 -136.0' spd 378.7 yaw 26 mode 2 st 0 gl 0 hp 100 frg 0
ARGEVT Carmack death Romero pos '2511.2 -420.4   8.0'
ARGUS Romero watch spawn
ARGEVT Romero goal item_armorInv
ARGEVT Romero route 6 start '2369.0 -55.0  72.0' goal '2369.0 -567.0  56.0'
ARGLOG Romero t  25.3 pos '2416.0 -89.8  88.0' spd 293.4 yaw 284 mode 2 st 0 gl 0 hp 88 frg 1
ARGLOG Joe Rogan t  25.4 pos '2431.1   0.5 -72.0' spd 374.4 yaw 322.7 mode 2 st 0 gl 0 hp 100 frg 0
ARGEVT Joe Rogan hazard
ARGUS Romero wallslide
ARGLOG Romero t  25.8 pos '2420.3 -240.0  24.0' spd  50.1 yaw 292 mode 2 st 0 gl 0 hp 88 frg 1
ARGLOG Joe Rogan t  25.9 pos '2548.8 -75.0 -64.0' spd 184.0 yaw 178 mode 2 st 0 gl 0 hp 100 frg 0
ARGLOG Romero t  26.3 pos '2523.9 -240.0  32.0' spd 320.6 yaw 298 mode 2 st 0 gl 0 hp 88 frg 1
ARGEVT Romero hazard
ARGLOG Joe Rogan t  26.4 pos '2384.1 -61.8 -72.0' spd 376.0 yaw 59 mode 2 st 0 gl 0 hp 100 frg 0
ARGEVT Carmack respawn
ARGEVT Joe Rogan engage Carmack
ARGUS Joe Rogan threatmove range 2
ARGEVT Romero jump
ARGEVT Carmack goal weapon_rocketlauncher
ARGEVT Carmack engage Joe Rogan
ARGUS Carmack threatmove range 2
ARGLOG Carmack t  26.5 pos '2248.0 -16.0 -136.0' spd 0 yaw 357.6 mode 0 st 0 gl 0 hp 100 frg 1
ARGEVT Carmack routefail
ARGEVT Carmack plan powerup via weapon
ARGEVT Carmack goal weapon_nailgun
ARGEVT Carmack route 10 start '2241.0 -55.0 -136.0' goal '2433.0 -183.0  24.0'
ARGLOG Romero t  26.8 pos '2568.9 -144.1  32.0' spd  38.3 yaw 276 mode 2 st 0 gl 0 hp 88 frg 1
ARGUS Romero wallslide
ARGLOG Joe Rogan t  27.0 pos '2310.4 -31.1 -120.0' spd 322.8 yaw 205.4 mode 2 st 0 gl 0 hp 100 frg 0
ARGLOG Carmack t  27.0 pos '2192.5 -147.0 -112.7' spd 442.0 yaw  38.8 mode 2 st 0 gl 0 hp 76 frg 1
ARGUS Joe Rogan wallslide
ARGEVT Carmack hazard
ARGUS routecache adopt
ARGEVT Joe Rogan route 10 start '2241.0 -55.0 -136.0' goal '2433.0 -183.0  24.0'
ARGLOG Romero t  27.3 pos '2508.3 -232.6  24.0' spd 320.2 yaw 173.6 mode 2 st 0 gl 0 hp 88 frg 1
ARGEVT Joe Rogan hazard
ARGLOG Joe Rogan t  27.5 pos '2213.3   4.8 -136.0' spd 266.2 yaw 294.3 mode 2 st 0 gl 0 hp 100 frg 0
ARGLOG Carmack t  27.5 pos '2234.8 -203.6 -136.0' spd 342.7 yaw  98.4 mode 2 st 0 gl 0 hp 52 frg 1
ARGLOG Romero t  27.8 pos '2350.9 -174.2  24.0' spd 322.1 yaw 139.9 mode 2 st 0 gl 0 hp 88 frg 1
ARGUS Romero wallslide
ARGUS Romero bodyblock
ARGLOG Joe Rogan t  28.0 pos '2386.8 -33.5 -72.0' spd 352.5 yaw 235.4 mode 2 st 0 gl 0 hp 76 frg 0
ARGUS Carmack bodyblock
ARGLOG Carmack t  28.1 pos '2273.3 -172.8 -136.0' spd 200.8 yaw  49.4 mode 2 st 0 gl 0 hp 52 frg 1
ARGEVT Romero route 5 start '2241.0 -87.0  24.0' goal '2369.0 -567.0  56.0'
ARGEVT Joe Rogan pursue
ARGLOG Romero t  28.3 pos '2178.0 -103.0  24.0' spd 389.2 yaw 239.2 mode 2 st 0 gl 0 hp 88 frg 1
ARGEVT Carmack hazard
ARGEVT Joe Rogan hazard
ARGLOG Joe Rogan t  28.5 pos '2398.3   1.5 -72.0' spd  99.1 yaw 205.0 mode 2 st 0 gl 0 hp 52 frg 0
ARGLOG Carmack t  28.6 pos '2198.6 -39.7 -120.0' spd 327.1 yaw   8.8 mode 2 st 0 gl 0 hp 52 frg 1
ARGLOG Romero t  28.8 pos '2219.7 -258.7  24.0' spd 485.8 yaw  49.4 mode 2 st 0 gl 0 hp 88 frg 1
ARGLOG Joe Rogan t  29.0 pos '2381.0 -14.9 -88.0' spd 339.1 yaw 189.0 mode 2 st 0 gl 0 hp 52 frg 0
ARGLOG Carmack t  29.1 pos '2212.5 -93.1 -136.0' spd 355.4 yaw  20.0 mode 2 st 0 gl 0 hp 52 frg 1
ARGUS Joe Rogan wallslide
ARGLOG Romero t  29.3 pos '2281.5 -121.3  24.0' spd 394.3 yaw 142.1 mode 2 st 0 gl 0 hp 88 frg 1
ARGUS Joe Rogan threatmove retreat 2
ARGEVT Joe Rogan retreat
ARGLOG Joe Rogan t  29.5 pos '2319.8 -12.1 -120.0' spd 327.3 yaw 249.7 mode 2 st 0 gl 0 hp 28 frg 0
ARGLOG Carmack t  29.6 pos '2222.2 -166.6 -136.0' spd 344.0 yaw  59.4 mode 2 st 0 gl 0 hp 52 frg 1
ARGEVT Carmack hazard
ARGEVT Romero hazard
ARGUS Romero wallslide
ARGEVT Romero route 6 start '2177.0 -23.0  24.0' goal '2369.0 -567.0  56.0'
ARGLOG Romero t  29.8 pos '2201.6  14.8  24.0' spd 250.7 yaw  77.1 mode 2 st 0 gl 0 hp 88 frg 1
ARGLOG Joe Rogan t  30.0 pos '2479.7   6.0 -72.0' spd 320.1 yaw 195.3 mode 2 st 0 gl 0 hp 28 frg 0
ARGLOG Carmack t  30.1 pos '2209.5 -10.8 -136.0' spd 251.6 yaw   7.7 mode 2 st 0 gl 0 hp 52 frg 1
ARGUS Romero bodyblock
ARGUS Joe Rogan wallslide
ARGLOG Romero t  30.4 pos '2140.9 -12.8  24.0' spd 395.3 yaw 284.1 mode 2 st 0 gl 0 hp 88 frg 1
ARGLOG Joe Rogan t  30.5 pos '2613.1 -49.2 -72.0' spd 337.7 yaw 192.2 mode 2 st 0 gl 0 hp 20 frg 0
ARGLOG Carmack t  30.6 pos '2222.0 -133.6 -136.0' spd 324.1 yaw   6.7 mode 2 st 0 gl 0 hp 28 frg 1
ARGEVT Joe Rogan grab item_armor2
ARGLOG Romero t  30.9 pos '2214.2 -183.0  24.0' spd 351.0 yaw 236.1 mode 2 st 0 gl 0 hp 88 frg 1
ARGEVT Carmack pursue
ARGEVT Joe Rogan pursue
ARGUS Carmack hunch item_health
ARGEVT Carmack goal item_health
ARGLOG Joe Rogan t  31.0 pos '2615.1  10.4 -72.0' spd 158.0 yaw 197 mode 2 st 0 gl 0 hp 20 frg 0
ARGEVT Carmack route 11 start '2241.0 -183.0 -136.0' goal '2593.0 -119.0 120.0'
ARGLOG Carmack t  31.1 pos '2278.3 -180.1 -136.0' spd 172.7 yaw 278.8 mode 2 st 0 gl 0 hp 28 frg 1
ARGEVT Carmack hazard
ARGUS Romero wallslide
ARGLOG Romero t  31.4 pos '2284.0 -335.6   8.0' spd 377.1 yaw   2.3 mode 2 st 0 gl 0 hp 88 frg 1
ARGLOG Joe Rogan t  31.6 pos '2460.5 -34.3 -72.0' spd 320.0 yaw 198 mode 2 st 0 gl 0 hp 20 frg 0
ARGLOG Carmack t  31.6 pos '2280.3 -174.8 -136.0' spd 334.7 yaw 78 mode 2 st 0 gl 0 hp 28 frg 1
ARGEVT Romero hazard
ARGEVT Joe Rogan hazard
ARGLOG Romero t  31.9 pos '2441.7 -304.0   8.0' spd   3.8 yaw  65.1 mode 2 st 0 gl 0 hp 88 frg 1
ARGEVT Joe Rogan route 8 start '2401.0   9.0 -72.0' goal '2433.0 -183.0  24.0'
ARGLOG Joe Rogan t  32.1 pos '2403.8 -68.3 -72.0' spd 320.8 yaw 183.0 mode 2 st 0 gl 0 hp 20 frg 0
ARGLOG Carmack t  32.1 pos '2213.8 -39.4 -136.0' spd 383.1 yaw 358.1 mode 2 st 0 gl 0 hp 4 frg 1
ARGUS Romero wallslide
ARGEVT Carmack hazard
ARGEVT Carmack death Joe Rogan pos '2193.4 -26.1 -114.0'
ARGUS Joe Rogan watch spawn
ARGLOG Romero t  32.4 pos '2533.5 -304.0  24.0' spd 352.3 yaw 238 mode 2 st 0 gl 0 hp 88 frg 1
ARGEVT Joe Rogan goal item_health
ARGEVT Joe Rogan route 2 start '2497.0 -23.0 -64.0' goal '2561.0 233.0 -72.0'
ARGLOG Joe Rogan t  32.6 pos '2499.0  10.5 -64.0' spd 330.3 yaw 147.4 mode 2 st 0 gl 0 hp 20 frg 1
ARGUS Joe Rogan wallslide
ARGEVT Romero hazard
ARGLOG Romero t  32.9 pos '2593.1 -376.4  24.0' spd 348.5 yaw 216.8 mode 2 st 0 gl 0 hp 88 frg 1
ARGLOG Joe Rogan t  33.1 pos '2339.2 -20.6 -104.0' spd 354.4 yaw 242.3 mode 2 st 0 gl 0 hp 20 frg 1
ARGEVT Joe Rogan hazard
ARGEVT Joe Rogan route 3 start '2305.0 -55.0 -120.0' goal '2561.0 233.0 -72.0'
ARGLOG Romero t  33.4 pos '2437.5 -309.2   8.0' spd 427.4 yaw  71.6 mode 2 st 0 gl 0 hp 88 frg 1
ARGUS Romero wallslide
ARGLOG Joe Rogan t  33.6 pos '2346.9 -76.4 -104.0' spd 325.0 yaw 28 mode 2 st 0 gl 0 hp 20 frg 1
ARGEVT Romero hazard
ARGEVT Carmack respawn
ARGEVT Carmack goal weapon_rocketlauncher
ARGLOG Carmack t  33.9 pos '2576.0 -1328.0  24.0' spd 0 yaw 264.9 mode 0 st 0 gl 0 hp 100 frg 1
ARGEVT Carmack route 4 start '2561.0 -1303.0  24.0' goal '2465.0 -1719.0  24.0'
ARGLOG Romero t  34.0 pos '2432.5 -304.0   8.0' spd  25.8 yaw 74 mode 2 st 0 gl 0 hp 88 frg 1
ARGLOG Joe Rogan t  34.1 pos '2508.3 -29.2 -64.0' spd 366.3 yaw 335.1 mode 2 st 0 gl 0 hp 20 frg 1
ARGEVT Joe Rogan hazard
ARGLOG Carmack t  34.4 pos '2567.0 -1476.6  24.0' spd 320.1 yaw 270 mode 2 st 0 gl 0 hp 100 frg 1
ARGLOG Romero t  34.5 pos '2435.5 -304.0   8.0' spd   9.2 yaw 74 mode 2 st 0 gl 0 hp 88 frg 1
ARGLOG Joe Rogan t  34.6 pos '2681.4 -77.4 -72.0' spd 320.5 yaw 111 mode 2 st 0 gl 0 hp 20 frg 1
ARGUS Joe Rogan wallslide
ARGEVT Romero hazard
ARGLOG Carmack t  35.0 pos '2538.5 -1641.4  24.0' spd 328.5 yaw 231 mode 1 st 0 gl 0 hp 100 frg 1
ARGLOG Romero t  35.0 pos '2437.6 -304.0   8.0' spd  10.4 yaw 75 mode 2 st 0 gl 0 hp 88 frg 1
ARGLOG Joe Rogan t  35.1 pos '2718.8 -16.0 -72.0' spd 172.0 yaw 179.6 mode 2 st 0 gl 0 hp 20 frg 1
ARGEVT Carmack goal item_armorInv
ARGEVT Carmack route 8 start '2465.0 -1687.0  24.0' goal '2465.0 -1975.0 120.0'
ARGLOG Carmack t  35.5 pos '2415.7 -1759.1  24.0' spd 325.6 yaw 207 mode 2 st 0 gl 1 hp 100 frg 1
ARGLOG Romero t  35.5 pos '2437.7 -304.0   8.0' spd   9.5 yaw 256 mode 2 st 0 gl 0 hp 88 frg 1
ARGUS Romero wallslide
ARGEVT Joe Rogan hazard
ARGLOG Joe Rogan t  35.7 pos '2560.4 -72.9 -64.0' spd 320.6 yaw 177.5 mode 2 st 0 gl 0 hp 20 frg 1
ARGEVT Romero hazard
ARGLOG Carmack t  36.0 pos '2284.1 -1862.3  24.0' spd 327.7 yaw 243 mode 2 st 0 gl 1 hp 100 frg 1
ARGLOG Romero t  36.0 pos '2578.2 -365.4  24.0' spd 368.0 yaw 224 mode 2 st 0 gl 0 hp 88 frg 1
ARGLOG Joe Rogan t  36.2 pos '2403.5   6.3 -72.0' spd 381.6 yaw 200.5 mode 2 st 0 gl 0 hp 20 frg 1
ARGEVT Carmack jump
ARGEVT Joe Rogan route 3 start '2305.0 -55.0 -120.0' goal '2561.0 233.0 -72.0'
ARGUS Romero wallslide
ARGLOG Carmack t  36.5 pos '2144.9 -1911.5  65.7' spd 268.0 yaw 334 mode 2 st 0 gl 1 hp 100 frg 1
ARGLOG Romero t  36.5 pos '2574.0 -383.5  24.0' spd 225.1 yaw 222 mode 2 st 0 gl 0 hp 88 frg 1
ARGEVT Joe Rogan hazard
ARGUS Joe Rogan wallslide
ARGLOG Joe Rogan t  36.7 pos '2300.8 -80.0 -120.0' spd 211.7 yaw 25 mode 2 st 0 gl 0 hp 20 frg 1
ARGEVT Romero hazard
ARGLOG Carmack t  37.0 pos '2151.0 -2011.9  88.0' spd 320.9 yaw 16 mode 2 st 0 gl 1 hp 100 frg 1
ARGLOG Romero t  37.0 pos '2532.5 -384.0  24.0' spd  49.8 yaw 229 mode 2 st 0 gl 0 hp 88 frg 1
ARGEVT Carmack door
ARGLOG Joe Rogan t  37.2 pos '2460.4 -43.5 -72.0' spd 325.0 yaw 69 mode 2 st 0 gl 0 hp 20 frg 1
ARGEVT Carmack hazard
ARGUS Carmack wallslide
ARGLOG Carmack t  37.5 pos '2223.5 -2146.5  88.0' spd  48.0 yaw 22 mode 2 st 0 gl 1 hp 100 frg 1
ARGLOG Romero t  37.5 pos '2517.9 -384.0  24.0' spd  48.0 yaw 231 mode 2 st 0 gl 0 hp 88 frg 1
ARGLOG Joe Rogan t  37.7 pos '2604.1  40.5 -72.0' spd 407.4 yaw  95.7 mode 2 st 0 gl 0 hp 20 frg 1
ARGEVT Romero stall
ARGEVT Romero stallnode '2561.0 -503.0  24.0'
ARGEVT Romero jump
ARGEVT Romero route 3 start '2529.0 -343.0  24.0' goal '2369.0 -567.0  56.0'
ARGLOG Carmack t  38.0 pos '2224.0 -2154.7  88.0' spd 0 yaw 23 mode 2 st 0 gl 1 hp 100 frg 1
ARGLOG Romero t  38.1 pos '2525.6 -384.0  37.7' spd  38.5 yaw 201.0 mode 2 st 1 gl 0 hp 88 frg 1
ARGLOG Joe Rogan t  38.2 pos '2630.6 214.3 -72.0' spd 335.7 yaw 121 mode 1 st 0 gl 0 hp 20 frg 1
ARGEVT Carmack hazard
ARGUS Carmack wallslide
ARGLOG Carmack t  38.6 pos '2224.0 -2104.5  88.0' spd 193.0 yaw 16 mode 2 st 0 gl 1 hp 100 frg 1
ARGLOG Romero t  38.6 pos '2430.3 -477.2   8.0' spd 450.3 yaw 317.4 mode 2 st 1 gl 0 hp 88 frg 1
ARGEVT Romero hazard
ARGLOG Joe Rogan t  38.7 pos '2509.0 324.6 -72.0' spd 422.6 yaw 227.2 mode 1 st 0 gl 0 hp 45 frg 1
ARGEVT Carmack jump
ARGEVT Joe Rogan hazard
ARGLOG Carmack t  39.1 pos '2224.0 -2014.4 117.6' spd 170.0 yaw 4 mode 2 st 0 gl 1 hp 100 frg 1
ARGLOG Romero t  39.1 pos '2592.5 -493.5  32.0' spd 435.0 yaw  93.7 mode 2 st 1 gl 0 hp 88 frg 1
ARGLOG Joe Rogan t  39.2 pos '2533.8 246.8 -72.0' spd 361.0 yaw  31.7 mode 1 st 0 gl 0 hp 45 frg 1
ARGUS Romero wallslide
ARGUS Romero jumpapproach 0 actual 331.0
ARGEVT Romero jump
ARGUS Romero aircontrol
ARGEVT Carmack hazard
ARGUS Joe Rogan wallslide
ARGLOG Carmack t  39.6 pos '2232.0 -1968.0 120.0' spd 0 yaw 358 mode 2 st 0 gl 1 hp 100 frg 1
ARGLOG Romero t  39.6 pos '2504.7 -482.5  46.1' spd 331.0 yaw 212 mode 2 st 1 gl 0 hp 88 frg 1
ARGLOG Joe Rogan t  39.7 pos '2658.2 221.8 -72.0' spd 269.7 yaw 347.2 mode 1 st 0 gl 0 hp 45 frg 1
ARGEVT Romero jump
ARGLOG Carmack t  40.1 pos '2232.0 -1968.0 120.0' spd 0 yaw 358 mode 2 st 0 gl 1 hp 100 frg 1
ARGLOG Romero t  40.1 pos '2365.6 -528.0  49.0' spd 278.4 yaw 272.3 mode 1 st 1 gl 0 hp 88 frg 1
ARGEVT Carmack stall
ARGEVT Carmack stallnode '2401.0 -1975.0 120.0'
ARGEVT Carmack jump
ARGLOG Joe Rogan t  40.3 pos '2648.0  56.5 -72.0' spd 412.1 yaw 186.9 mode 1 st 0 gl 0 hp 45 frg 1
ARGEVT Carmack route 4 start '2177.0 -1975.0  72.0' goal '2465.0 -1975.0 120.0'
ARGEVT Joe Rogan hazard
ARGUS Romero wallslide
ARGUS Joe Rogan wallslide
ARGLOG Carmack t  40.6 pos '2232.0 -1973.0 161.4' spd  21.8 yaw 359 mode 2 st 1 gl 1 hp 100 frg 1
ARGLOG Romero t  40.6 pos '2346.4 -528.0   8.0' spd 142.1 yaw 291 mode 1 st 1 gl 0 hp 88 frg 1
ARGLOG Joe Rogan t  40.8 pos '2579.9  97.0 -72.0' spd 320.3 yaw 83 mode 1 st 0 gl 0 hp 45 frg 1
ARGEVT Carmack hazard
ARGEVT Carmack stall
ARGEVT Carmack stallnode '2177.0 -2071.0  88.0'
ARGEVT Carmack jump
ARGEVT Carmack goal item_health
ARGEVT Carmack route 3 start '2177.0 -1975.0  72.0' goal '2401.0 -1975.0 120.0'
ARGEVT Romero hazard
ARGLOG Carmack t  41.1 pos '2220.6 -1975.9 157.0' spd  75.2 yaw 275.8 mode 2 st 2 gl 1 hp 100 frg 1
ARGLOG Romero t  41.1 pos '2409.9 -527.9   8.0' spd  59.5 yaw 262 mode 1 st 1 gl 0 hp 88 frg 1
ARGLOG Joe Rogan t  41.3 pos '2630.5 248.0 -72.0' spd 162.9 yaw 338.7 mode 1 st 0 gl 0 hp 45 frg 1
ARGUS Romero wallslide
ARGLOG Carmack t  41.6 pos '2220.3 -2024.2 104.8' spd 116.2 yaw 5 mode 2 st 2 gl 1 hp 100 frg 1
ARGLOG Romero t  41.6 pos '2436.4 -527.6   8.0' spd  52.1 yaw 250 mode 1 st 1 gl 0 hp 88 frg 1
ARGLOG Joe Rogan t  41.8 pos '2635.3 110.4 -72.0' spd 454.7 yaw 176.2 mode 1 st 0 gl 0 hp 45 frg 1
ARGUS Carmack wallslide
ARGEVT Joe Rogan hazard
ARGEVT Carmack hazard
ARGUS Joe Rogan wallslide
ARGEVT Romero hazard
ARGLOG Carmack t  42.1 pos '2221.8 -2070.7  88.0' spd  59.8 yaw 12 mode 2 st 2 gl 1 hp 100 frg 1
ARGLOG Romero t  42.1 pos '2461.8 -527.2   8.0' spd  42.7 yaw 241 mode 1 st 1 gl 0 hp 88 frg 1
ARGLOG Joe Rogan t  42.3 pos '2597.1 235.3 -72.0' spd 407.8 yaw  12.6 mode 1 st 0 gl 0 hp 45 frg 1
ARGUS Romero wallslide
ARGLOG Carmack t  42.6 pos '2217.7 -2099.4  88.0' spd  52.7 yaw 15 mode 2 st 2 gl 1 hp 100 frg 1
ARGLOG Romero t  42.6 pos '2402.6 -527.9   8.0' spd 192.4 yaw 265 mode 1 st 1 gl 0 hp 88 frg 1
ARGLOG Joe Rogan t  42.8 pos '2614.4 190.0 -72.0' spd 398.7 yaw 216.0 mode 1 st 0 gl 0 hp 45 frg 1
ARGEVT Carmack hazard
ARGEVT Joe Rogan hazard
ARGEVT Romero hazard
ARGLOG Carmack t  43.1 pos '2214.1 -2125.0  88.0' spd  52.7 yaw 18 mode 2 st 2 gl 1 hp 100 frg 1
ARGLOG Romero t  43.1 pos '2360.4 -527.9   8.0' spd  65.7 yaw 285 mode 1 st 1 gl 0 hp 88 frg 1
ARGLOG Joe Rogan t  43.3 pos '2556.4 192.3 -72.0' spd  29.3 yaw 276.8 mode 1 st 0 gl 0 hp 45 frg 1
ARGUS Carmack wallslide
ARGUS Romero wallslide
ARGLOG Carmack t  43.6 pos '2223.8 -2146.0  88.0' spd  51.2 yaw 22 mode 2 st 2 gl 1 hp 100 frg 1
ARGLOG Romero t  43.6 pos '2332.6 -527.9   8.0' spd  50.0 yaw 297 mode 1 st 1 gl 0 hp 88 frg 1
ARGLOG Joe Rogan t  43.8 pos '2664.1 145.1 -72.0' spd 253.0 yaw  40.5 mode 1 st 0 gl 0 hp 45 frg 1
ARGEVT Romero hazard
ARGLOG Carmack t  44.1 pos '2223.6 -2068.6  88.0' spd 190.9 yaw 11 mode 2 st 2 gl 1 hp 100 frg 1
ARGLOG Romero t  44.2 pos '2322.1 -528.0   8.0' spd 141.8 yaw 301 mode 1 st 1 gl 0 hp 88 frg 1
ARGEVT Carmack jump
ARGLOG Joe Rogan t  44.3 pos '2609.4 237.8 -72.0' spd 440.1 yaw 205.3 mode 1 st 0 gl 0 hp 45 frg 1
ARGUS Romero wallslide
ARGLOG Carmack t  44.6 pos '2226.2 -1984.1 131.4' spd 173.7 yaw 360 mode 2 st 2 gl 1 hp 100 frg 1
ARGLOG Romero t  44.7 pos '2410.4 -528.0   8.0' spd  47.2 yaw 262 mode 1 st 1 gl 0 hp 88 frg 1
ARGEVT Joe Rogan hazard
ARGEVT Carmack hazard
ARGLOG Joe Rogan t  44.8 pos '2445.5 317.8 -40.0' spd 350.1 yaw  54.0 mode 1 st 0 gl 0 hp 45 frg 1
ARGEVT Romero hazard
ARGEVT Carmack abandon
ARGLOG Carmack t  45.1 pos '2227.4 -1968.1 120.0' spd  87.5 yaw 186.6 mode 0 st 2 gl 1 hp 100 frg 1
ARGLOG Romero t  45.2 pos '2438.3 -528.0   8.0' spd  58.7 yaw 249 mode 1 st 1 gl 0 hp 88 frg 1
ARGEVT Romero abandon
ARGEVT Romero plan powerup via weapon
ARGEVT Romero goal weapon_nailgun
ARGEVT Romero route 4 start '2465.0 -503.0   8.0' goal '2433.0 -183.0  24.0'
ARGEVT Carmack goal item_armorInv
ARGEVT Carmack route 12 start '2177.0 -1975.0  72.0' goal '2369.0 -567.0  56.0'
ARGLOG Joe Rogan t  45.3 pos '2514.5 313.0 -72.0' spd 329.0 yaw   2.3 mode 1 st 0 gl 0 hp 45 frg 1
ARGLOG Carmack t  45.6 pos '2143.0 -1941.3  56.0' spd 357.3 yaw 50 mode 2 st 2 gl 1 hp 100 frg 1
ARGLOG Romero t  45.7 pos '2348.1 -509.9   8.0' spd 333.3 yaw 141 mode 2 st 1 gl 0 hp 88 frg 1
ARGEVT Romero abandon
ARGLOG Joe Rogan t  45.9 pos '2622.9 195.1 -72.0' spd 396.2 yaw 224.6 mode 1 st 0 gl 0 hp 45 frg 1
ARGEVT Joe Rogan hazard
ARGEVT Romero plan powerup via weapon
ARGEVT Romero goal weapon_grenadelauncher
ARGEVT Romero route 10 start '2241.0 -471.0   8.0' goal '2049.0 -919.0 344.0'
ARGLOG Carmack t  46.2 pos '2293.1 -1833.8  24.0' spd 383.8 yaw 62 mode 2 st 2 gl 1 hp 100 frg 1
ARGLOG Romero t  46.2 pos '2221.6 -470.7   8.0' spd 388.5 yaw 87 mode 2 st 1 gl 0 hp 88 frg 1
