LOG started on: 09/20/2026 14:05:52 
Playing registered version.
UDP Initialized
WIPX_OpenSocket: Address family not supported by protocol family
WIPX_Init: Unable to open control socket, IPX disabled
Exe: 20:02:47 Jul 31 2024
256.0 megabyte heap

Language initialization
Couldn't load 'localization/loc_english.txt'
from 'C:\argus\engine'

========= Quake Initialized =========

execing autoexec.cfg
SpawnServer: dm4
Clearing memory
Programs occupy 1001K.
trying to open external vis file
maps/dm4.vis not found, trying argus.vis
external vis not found
ARGUS slots 8
ARGUS worldspawn reached
ARGNAV 137 nodes, 678 links
0 entities inhibited
ARGUS init on dm4
ARGEVT Carmack spawned
ARGEVT Romero spawned
ARGEVT Joe Rogan spawned
Server spawned.
ARGLOG Joe Rogan t   1.2 pos '-64.0 -232.0 -72.0' spd 0 yaw 357.6 mode 0 st 0 gl 0 hp 100 frg 0
ARGLOG Romero t   1.2 pos '112.0 -1136.0 -104.0' spd 0 yaw  92.5 mode 0 st 0 gl 0 hp 100 frg 0
ARGLOG Carmack t   1.2 pos '-64.0 512.0 -296.0' spd 0 yaw 299.6 mode 0 st 0 gl 0 hp 100 frg 0
ARGEVT Carmack hazard
ARGLOG Joe Rogan t   1.7 pos ' 80.0 -237.0 -72.0' spd 320 yaw 357.6 mode 0 st 0 gl 0 hp 100 frg 0
ARGLOG Romero t   1.7 pos '107.0 -992.0 -104.0' spd 320 yaw  92.5 mode 0 st 0 gl 0 hp 100 frg 0
ARGLOG Carmack t   1.7 pos '  4.7 468.1 -296.0' spd 334.9 yaw  66.4 mode 0 st 0 gl 0 hp 100 frg 0
ARGLOG Joe Rogan t   2.2 pos '245.9 -243.1 -78.1' spd 320 yaw 357.6 mode 0 st 0 gl 0 hp 100 frg 0
ARGLOG Romero t   2.2 pos '101.3 -830.8 -104.0' spd 320 yaw  92.5 mode 0 st 0 gl 0 hp 100 frg 0
ARGLOG Carmack t   2.2 pos '-103.8 555.7 -296.0' spd 269.5 yaw  23.6 mode 0 st 0 gl 0 hp 100 frg 0
ARGLOG Joe Rogan t   2.7 pos '383.8 -252.2 -229.3' spd  54.8 yaw 185.8 mode 0 st 0 gl 0 hp 100 frg 0
ARGLOG Romero t   2.7 pos '183.5 -792.5 -104.0' spd 325.1 yaw 321.1 mode 0 st 0 gl 0 hp 100 frg 0
ARGLOG Carmack t   2.7 pos '-38.9 594.5 -296.0' spd 256.1 yaw 204.0 mode 0 st 0 gl 0 hp 200 frg 0
ARGEVT Joe Rogan hazard
ARGLOG Joe Rogan t   3.2 pos '390.4 -237.9 -296.0' spd 135.7 yaw 255.6 mode 0 st 0 gl 0 hp 100 frg 0
ARGLOG Romero t   3.2 pos '316.7 -883.1 -104.0' spd 320.1 yaw 321.1 mode 0 st 0 gl 0 hp 100 frg 0
ARGLOG Carmack t   3.2 pos '-85.6 545.5 -296.0' spd 320.2 yaw  24.1 mode 0 st 0 gl 0 hp 200 frg 0
ARGEVT Carmack hazard
ARGLOG Joe Rogan t   3.7 pos '325.2 -258.7 -296.0' spd 132.5 yaw 338.6 mode 0 st 0 gl 0 hp 100 frg 0
ARGLOG Romero t   3.7 pos '442.0 -981.5 -104.0' spd 236.2 yaw 188.4 mode 0 st 0 gl 0 hp 100 frg 0
ARGLOG Carmack t   3.7 pos '-73.2 618.0 -296.0' spd 177.0 yaw  13.2 mode 0 st 0 gl 0 hp 200 frg 0
ARGUS Carmack wallslide
ARGEVT Joe Rogan goal weapon_rocketlauncher
ARGEVT Joe Rogan route 6 start '369.0 -247.0 -296.0' goal ' 81.0  73.0 -296.0'
ARGUS Romero wallslide
ARGEVT Joe Rogan hazard
ARGLOG Joe Rogan t   4.2 pos '385.5 -242.6 -296.0' spd 324.6 yaw  40.5 mode 0 st 0 gl 0 hp 100 frg 0
ARGLOG Romero t   4.2 pos '314.1 -1039.6 -104.0' spd 322.0 yaw 188.4 mode 0 st 0 gl 0 hp 100 frg 0
ARGLOG Carmack t   4.2 pos '-73.8 584.8 -296.0' spd 322.4 yaw 205.8 mode 0 st 0 gl 0 hp 200 frg 0
ARGEVT Joe Rogan route 6 start '369.0 -215.0 -296.0' goal ' 81.0  73.0 -296.0'
ARGUS routecache adopt
ARGEVT Joe Rogan route 6 start '369.0 -215.0 -296.0' goal ' 81.0  73.0 -296.0'
ARGEVT Romero goal item_armorInv
ARGEVT Romero route 9 start '273.0 -1015.0 -104.0' goal '817.0 -855.0 -232.0'
ARGLOG Joe Rogan t   4.7 pos '397.4 -70.5 -296.0' spd 244.7 yaw 205 mode 2 st 0 gl 0 hp 100 frg 0
ARGLOG Romero t   4.7 pos '147.4 -1038.5 -104.0' spd 383.8 yaw 63 mode 2 st 0 gl 0 hp 100 frg 0
ARGLOG Carmack t   4.7 pos '-51.9 612.2 -296.0' spd 273.2 yaw 175.3 mode 0 st 0 gl 0 hp 200 frg 0
ARGEVT Carmack goal weapon_nailgun
ARGEVT Carmack route 8 start '-47.0 585.0 -296.0' goal '369.0   9.0 -296.0'
ARGEVT Carmack hazard
ARGEVT Carmack route 8 start '-79.0 553.0 -296.0' goal '369.0   9.0 -296.0'
ARGLOG Joe Rogan t   5.2 pos '379.4 -174.5 -296.0' spd 408.5 yaw 222.5 mode 0 st 0 gl 0 hp 100 frg 0
ARGLOG Romero t   5.2 pos '123.0 -859.1 -104.0' spd 374.8 yaw 42 mode 2 st 0 gl 0 hp 100 frg 0
ARGLOG Carmack t   5.2 pos '-112.0 517.6 -296.0' spd 334.8 yaw 279 mode 2 st 0 gl 0 hp 200 frg 0
ARGEVT Joe Rogan route 6 start '369.0 -215.0 -296.0' goal ' 81.0  73.0 -296.0'
ARGEVT Joe Rogan hazard
ARGUS routecache adopt
ARGEVT Joe Rogan route 5 start '337.0 -247.0 -296.0' goal ' 81.0  73.0 -296.0'
ARGLOG Joe Rogan t   5.7 pos '228.4 -241.9 -296.0' spd 320.0 yaw 161 mode 2 st 0 gl 0 hp 100 frg 0
ARGLOG Romero t   5.7 pos '273.6 -781.1 -104.0' spd 320.5 yaw 73 mode 2 st 0 gl 0 hp 100 frg 0
ARGLOG Carmack t   5.7 pos '-125.7 354.6 -296.0' spd 320.9 yaw 286 mode 2 st 0 gl 0 hp 200 frg 0
ARGEVT Romero hazard
ARGLOG Joe Rogan t   6.2 pos ' 66.5 -248.0 -296.0' spd 320.1 yaw 139 mode 2 st 0 gl 0 hp 100 frg 0
ARGLOG Romero t   6.2 pos '341.1 -658.9 -104.0' spd 337.6 yaw 44 mode 2 st 0 gl 0 hp 100 frg 0
ARGLOG Carmack t   6.2 pos '-99.2 194.0 -296.0' spd 322.2 yaw 279 mode 2 st 0 gl 0 hp 200 frg 0
ARGEVT Carmack engage Joe Rogan
ARGUS Carmack threatmove range 2
ARGEVT Carmack grab weapon_rocketlauncher
ARGEVT Joe Rogan engage Carmack
ARGUS Joe Rogan threatmove range 2
ARGEVT Joe Rogan hazard
ARGLOG Joe Rogan t   6.7 pos '-54.5 -201.9 -296.0' spd 330.9 yaw  87.3 mode 2 st 0 gl 0 hp 100 frg 0
ARGLOG Romero t   6.7 pos '375.1 -498.1 -104.0' spd 321.6 yaw 26 mode 2 st 0 gl 0 hp 100 frg 0
ARGLOG Carmack t   6.7 pos '  7.9  65.4 -296.0' spd 345.0 yaw 271.9 mode 2 st 0 gl 0 hp 200 frg 0
ARGUS Carmack leadclip
ARGEVT Carmack hazard
ARGEVT Romero engage Joe Rogan
ARGUS Romero threatmove range 2
ARGEVT Romero grab weapon_lightning
ARGEVT Joe Rogan goal weapon_lightning
ARGEVT Joe Rogan route 12 start '-47.0 -151.0 -296.0' goal '529.0 -311.0 -104.0'
ARGUS routecache adopt
ARGEVT Joe Rogan route 12 start '-47.0 -151.0 -296.0' goal '529.0 -311.0 -104.0'
ARGUS Joe Rogan threatmove range 3
ARGLOG Joe Rogan t   7.3 pos '-44.8 -192.3 -296.0' spd 320.6 yaw  84.3 mode 0 st 0 gl 0 hp 100 frg 0
ARGLOG Romero t   7.3 pos '452.7 -349.3 -104.0' spd 333.0 yaw 154.3 mode 2 st 0 gl 0 hp 100 frg 0
ARGLOG Carmack t   7.3 pos '-40.6  99.4 -296.0' spd 353.7 yaw 258.3 mode 2 st 0 gl 0 hp 146 frg 0
ARGUS routecache adopt
ARGEVT Joe Rogan route 12 start '-47.0 -151.0 -296.0' goal '529.0 -311.0 -104.0'
ARGEVT Romero weapon ssg
ARGEVT Romero grab item_armor1
ARGEVT Joe Rogan goal weapon_rocketlauncher
ARGEVT Joe Rogan route 16 start '-47.0 -151.0 -296.0' goal '753.0 -887.0 -232.0'
ARGUS Joe Rogan wallslide
ARGUS routecache adopt
ARGEVT Joe Rogan route 16 start '-47.0 -151.0 -296.0' goal '753.0 -887.0 -232.0'
ARGLOG Joe Rogan t   7.8 pos '-78.6 -192.4 -296.0' spd 114.9 yaw 112.5 mode 0 st 0 gl 0 hp 100 frg 0
ARGLOG Romero t   7.8 pos '524.2 -206.2 -104.0' spd 326.5 yaw 173.5 mode 2 st 0 gl 0 hp 100 frg 0
ARGLOG Carmack t   7.8 pos '-193.9  57.5 -296.0' spd  80.6 yaw 298.9 mode 2 st 0 gl 0 hp 145 frg 0
ARGEVT Joe Rogan pursue
ARGEVT Joe Rogan hazard
ARGEVT Joe Rogan route 16 start '-79.0 -247.0 -296.0' goal '753.0 -887.0 -232.0'
ARGUS Carmack wallslide
ARGUS Joe Rogan hunch item_artifact_super_damage
ARGEVT Carmack pursue
ARGUS Carmack prefire
ARGEVT Romero hazard
ARGEVT Joe Rogan goal weapon_nailgun
ARGEVT Joe Rogan route 4 start '-79.0 -247.0 -296.0' goal '369.0   9.0 -296.0'
ARGEVT Joe Rogan pursue
ARGLOG Joe Rogan t   8.3 pos '-99.4 -253.7 -296.0' spd 307.8 yaw 308.2 mode 2 st 0 gl 0 hp 100 frg 0
ARGLOG Romero t   8.3 pos '473.4 -74.8 -104.0' spd 197.4 yaw 192.0 mode 2 st 0 gl 0 hp 100 frg 0
ARGLOG Carmack t   8.3 pos '-54.6  33.9 -296.0' spd 323.3 yaw 274.1 mode 2 st 0 gl 0 hp 145 frg 0
ARGUS routecache adopt
ARGEVT Joe Rogan route 4 start '-79.0 -247.0 -296.0' goal '369.0   9.0 -296.0'
ARGEVT Romero route 6 start '529.0 -55.0 -104.0' goal '817.0 -855.0 -232.0'
ARGEVT Romero grab weapon_nailgun
ARGEVT Joe Rogan death Carmack pos '-32.0 -271.8 -296.0'
ARGUS Carmack watch spawn
ARGEVT Romero weapon lg
ARGEVT Carmack goal backpack
ARGLOG Romero t   8.8 pos '473.4 -47.8 -104.0' spd  30.6 yaw 170 mode 2 st 0 gl 0 hp 100 frg 0
ARGLOG Carmack t   8.8 pos '-34.1 -105.1 -296.0' spd 355.6 yaw 323.3 mode 1 st 0 gl 0 hp 144 frg 1
ARGEVT Carmack hazard
ARGUS Romero wallslide
ARGEVT Carmack jump
ARGEVT Romero engage Carmack
ARGUS Romero threatmove range 3
ARGEVT Carmack engage Romero
ARGUS Carmack threatmove range 4
ARGUS Carmack leadclip
ARGEVT Carmack goal weapon_nailgun
ARGEVT Carmack route 3 start ' 17.0 -247.0 -296.0' goal '369.0   9.0 -296.0'
ARGLOG Romero t   9.3 pos '374.6 -102.0 -114.7' spd 282.5 yaw 204.3 mode 2 st 0 gl 0 hp 100 frg 0
ARGLOG Carmack t   9.3 pos '-19.5 -256.0 -254.4' spd  63.4 yaw  12.4 mode 0 st 0 gl 1 hp 144 frg 1
ARGUS routecache adopt
ARGEVT Carmack route 3 start ' 17.0 -247.0 -296.0' goal '369.0   9.0 -296.0'
ARGEVT Carmack route 4 start '-79.0 -247.0 -296.0' goal '369.0   9.0 -296.0'
ARGLOG Romero t   9.8 pos '301.1 -90.9 -287.9' spd 115.2 yaw 196.8 mode 2 st 0 gl 0 hp 100 frg 0
ARGLOG Carmack t   9.8 pos '-56.8 -234.5 -296.0' spd 294.7 yaw  22.8 mode 0 st 0 gl 1 hp 143 frg 1
ARGUS routecache adopt
ARGEVT Carmack route 4 start '-79.0 -247.0 -296.0' goal '369.0   9.0 -296.0'
ARGEVT Romero weapon ssg
ARGEVT Romero swim
ARGEVT Joe Rogan respawn
ARGLOG Joe Rogan t  10.0 pos '272.0 -952.0  24.0' spd 0 yaw   3.6 mode 0 st 0 gl 0 hp 100 frg 0
ARGUS Carmack wallslide
ARGEVT Joe Rogan goal weapon_rocketlauncher
ARGEVT Joe Rogan route 10 start '305.0 -983.0  24.0' goal '753.0 -887.0 -232.0'
ARGEVT Carmack route 4 start '-47.0 -151.0 -296.0' goal '369.0   9.0 -296.0'
ARGEVT Romero pursue
ARGEVT Carmack pursue
ARGUS Carmack hunch item_artifact_super_damage
ARGEVT Carmack goal weapon_nailgun
ARGEVT Carmack route 4 start '-47.0 -151.0 -296.0' goal '369.0   9.0 -296.0'
ARGEVT Romero swim
ARGLOG Romero t  10.3 pos '277.4 -48.7 -383.7' spd  82.4 yaw 213 mode 2 st 0 gl 0 hp 72 frg 0
ARGLOG Carmack t  10.3 pos '-33.6 -88.2 -296.0' spd 311.9 yaw 144.2 mode 2 st 0 gl 1 hp 143 frg 1
ARGEVT Romero swim
ARGEVT Carmack pursue
ARGEVT Carmack hazard
ARGLOG Joe Rogan t  10.5 pos '374.2 -833.5  24.0' spd 356.2 yaw 99 mode 2 st 0 gl 0 hp 100 frg 0
ARGEVT Romero swim
ARGEVT Romero swim
ARGEVT Romero swim
ARGUS Joe Rogan wallslide
ARGLOG Romero t  10.8 pos '232.0 -57.4 -383.3' spd 103.2 yaw 216 mode 2 st 0 gl 0 hp 51 frg 0
ARGLOG Carmack t  10.8 pos '-80.0 -173.3 -296.0' spd 324.7 yaw 262.1 mode 2 st 0 gl 1 hp 142 frg 1
ARGEVT Romero swim
ARGEVT Joe Rogan hazard
ARGEVT Romero swim
ARGLOG Joe Rogan t  11.0 pos '376.8 -752.0  24.0' spd   8.9 yaw 82 mode 2 st 0 gl 0 hp 100 frg 0
ARGEVT Romero swim
ARGEVT Carmack route 4 start '-79.0 -247.0 -296.0' goal '369.0   9.0 -296.0'
ARGUS Carmack prefire
ARGEVT Romero swim
ARGEVT Romero swim
ARGUS routecache adopt
ARGEVT Carmack route 3 start ' 17.0 -247.0 -296.0' goal '369.0   9.0 -296.0'
ARGLOG Romero t  11.3 pos '177.0 -75.8 -383.2' spd 127.5 yaw 219 mode 0 st 0 gl 0 hp 37 frg 0
ARGLOG Carmack t  11.3 pos ' 18.9 -263.8 -296.0' spd 344.1 yaw 29 mode 2 st 0 gl 1 hp 142 frg 1
ARGEVT Romero route 14 start '337.0 -119.0 -296.0' goal '817.0 -855.0 -232.0'
ARGEVT Romero swim
ARGEVT Romero weapon lg
ARGUS Romero threatmove retreat 3
ARGEVT Romero retreat
ARGUS Carmack leadclip
ARGEVT Romero weapon ssg
ARGEVT Romero swim
ARGUS Carmack threatmove range 2
ARGLOG Joe Rogan t  11.5 pos '376.5 -752.0  24.0' spd   7.6 yaw 82 mode 2 st 0 gl 0 hp 100 frg 0
ARGEVT Romero weapon lg
ARGUS Carmack threatmove range 4
ARGEVT Carmack weapon sg
ARGEVT Romero weapon ssg
ARGEVT Romero swim
ARGEVT Carmack hazard
ARGEVT Romero weapon lg
ARGEVT Romero weapon ssg
ARGEVT Romero swim
ARGEVT Romero weapon lg
ARGLOG Romero t  11.8 pos '136.3 -122.7 -383.6' spd 127.4 yaw 228.9 mode 2 st 0 gl 0 hp 9 frg 0
ARGLOG Carmack t  11.8 pos ' 44.9 -243.7 -296.0' spd 273.5 yaw  50.1 mode 2 st 0 gl 1 hp 133 frg 1
ARGEVT Romero weapon ssg
ARGEVT Romero swim
ARGEVT Romero weapon lg
ARGUS Romero threatmove range 2
ARGUS Joe Rogan wallslide
ARGEVT Romero weapon ssg
ARGEVT Romero swim
ARGEVT Romero weapon lg
ARGLOG Joe Rogan t  12.0 pos '370.4 -752.0  24.0' spd 106.4 yaw 121 mode 2 st 0 gl 0 hp 100 frg 0
ARGEVT Romero weapon ssg
ARGEVT Romero swim
ARGEVT Romero weapon lg
ARGEVT Romero weapon ssg
ARGEVT Romero swim
ARGEVT Romero weapon lg
ARGEVT Romero death world pos '119.7 -169.7 -382.9'
ARGEVT Carmack weapon rl
ARGLOG Carmack t  12.3 pos '204.4 -246.1 -296.0' spd 397.0 yaw  68.2 mode 2 st 0 gl 1 hp 133 frg 1
ARGEVT Joe Rogan hazard
ARGLOG Joe Rogan t  12.5 pos '310.3 -621.7  24.0' spd 320.4 yaw 63 mode 2 st 0 gl 0 hp 100 frg 0
ARGEVT Carmack hazard
ARGLOG Carmack t  12.8 pos '242.3 -206.3 -296.0' spd 320.0 yaw 59 mode 2 st 0 gl 1 hp 132 frg 1
ARGEVT Carmack engage Joe Rogan
ARGUS Carmack threatmove range 2
ARGUS Carmack threatmove high 2
ARGEVT Joe Rogan engage Carmack
ARGUS Joe Rogan threatmove range 3
ARGEVT Joe Rogan grab weapon_grenadelauncher
ARGLOG Joe Rogan t  13.0 pos '283.9 -454.7  24.0' spd 394.1 yaw 100.6 mode 2 st 0 gl 0 hp 100 frg 0
ARGLOG Carmack t  13.3 pos '375.1 -180.2 -296.0' spd 343.1 yaw 214.0 mode 1 st 0 gl 1 hp 132 frg 1
ARGEVT Carmack grab weapon_nailgun
ARGUS Carmack leadclip
ARGEVT Joe Rogan hazard
ARGLOG Joe Rogan t  13.5 pos '128.1 -385.6  -8.0' spd 320.8 yaw  39.8 mode 2 st 0 gl 0 hp 100 frg 0
ARGEVT Romero respawn
ARGLOG Romero t  13.7 pos '-64.0 -232.0 -72.0' spd 0 yaw 355.2 mode 0 st 0 gl 0 hp 100 frg -1
ARGEVT Romero lifeveto
ARGEVT Romero goal item_health
ARGEVT Carmack hazard
ARGLOG Carmack t  13.8 pos '343.6 -36.2 -296.0' spd 104.4 yaw 249.9 mode 1 st 0 gl 1 hp 131 frg 1
ARGEVT Carmack goal backpack
ARGEVT Carmack route 1 start '369.0   9.0 -296.0' goal '337.0 -119.0 -296.0'
ARGLOG Joe Rogan t  14.0 pos '179.1 -500.0  24.0' spd  47.7 yaw  74.0 mode 2 st 0 gl 0 hp 49 frg 0
ARGUS Romero wallslide
ARGLOG Romero t  14.2 pos ' 89.3 -267.9 -72.0' spd 258.4 yaw 275.7 mode 1 st 0 gl 0 hp 100 frg -1
ARGEVT Romero engage Joe Rogan
ARGUS Romero threatmove range 2
ARGEVT Romero grab weapon_grenadelauncher
ARGLOG Carmack t  14.3 pos '378.5 -130.7 -296.0' spd 167.3 yaw 238.5 mode 1 st 0 gl 2 hp 131 frg 1
ARGLOG Joe Rogan t  14.5 pos '134.1 -474.9  24.0' spd 326.0 yaw  50.1 mode 2 st 0 gl 0 hp 49 frg 0
ARGEVT Joe Rogan hazard
ARGLOG Romero t  14.7 pos '136.5 -388.8  -8.0' spd 340.2 yaw 284.1 mode 1 st 0 gl 0 hp 100 frg -1
ARGLOG Carmack t  14.9 pos '390.4 -141.9 -296.0' spd 319.7 yaw 249.7 mode 1 st 0 gl 2 hp 126 frg 1
ARGUS Joe Rogan threatmove retreat 3
ARGEVT Joe Rogan retreat
ARGEVT Romero hazard
ARGEVT Carmack pursue
ARGEVT Joe Rogan pursue
ARGLOG Joe Rogan t  15.0 pos '283.9 -524.9  24.0' spd 325.6 yaw 72 mode 2 st 0 gl 0 hp 37 frg 0
ARGEVT Carmack hazard
ARGLOG Romero t  15.2 pos '112.4 -423.1   8.0' spd  80.5 yaw 343.7 mode 1 st 0 gl 0 hp 100 frg -1
ARGUS Romero wallslide
ARGLOG Carmack t  15.4 pos '390.7 -92.6 -296.0' spd 346.8 yaw 289.9 mode 1 st 0 gl 2 hp 126 frg 1
ARGUS Carmack leadclip
ARGLOG Joe Rogan t  15.5 pos '440.1 -446.4  24.0' spd 351.4 yaw  86.8 mode 2 st 0 gl 0 hp 25 frg 0
ARGEVT Joe Rogan death Carmack pos '489.8 -439.0  24.0'
ARGUS Carmack watch spawn
ARGEVT Romero engage Carmack
ARGEVT Carmack engage Romero
ARGLOG Romero t  15.7 pos '112.0 -432.0   8.0' spd 0 yaw  22.0 mode 1 st 0 gl 0 hp 100 frg -1
ARGEVT Carmack goal backpack
ARGEVT Carmack route 1 start '369.0   9.0 -296.0' goal '337.0 -119.0 -296.0'
ARGUS Romero threatmove range 3
ARGUS Carmack threatmove range 2
ARGLOG Carmack t  15.9 pos '340.5 -19.1 -296.0' spd 276.9 yaw 237.2 mode 2 st 0 gl 2 hp 125 frg 2
ARGUS Carmack threatmove high 2
ARGEVT Carmack hazard
ARGLOG Romero t  16.2 pos '252.4 -404.0 -15.3' spd 332.3 yaw  66.4 mode 1 st 0 gl 0 hp 100 frg -1
ARGLOG Carmack t  16.4 pos '391.7 -48.6 -296.0' spd 255.9 yaw 252.9 mode 1 st 0 gl 2 hp 109 frg 2
ARGLOG Romero t  16.8 pos '418.9 -419.1 -104.0' spd 324.6 yaw  94.8 mode 1 st 0 gl 0 hp 100 frg -1
ARGEVT Romero grab 
ARGLOG Carmack t  16.9 pos '364.4   1.5 -296.0' spd 248.2 yaw 287.3 mode 1 st 0 gl 2 hp 96 frg 2
ARGEVT Romero hazard
ARGEVT Joe Rogan respawn
ARGLOG Joe Rogan t  17.2 pos '784.0 -176.0  24.0' spd 0 yaw 230.6 mode 0 st 0 gl 0 hp 100 frg 0
ARGEVT Joe Rogan goal weapon_rocketlauncher
ARGEVT Joe Rogan route 5 start '785.0 -183.0  24.0' goal '753.0 -887.0 -232.0'
ARGLOG Romero t  17.3 pos '544.1 -428.2 -104.0' spd 125.6 yaw 110.6 mode 1 st 0 gl 0 hp 100 frg -1
ARGEVT Carmack pursue
ARGEVT Joe Rogan hazard
ARGEVT Romero pursue
ARGLOG Carmack t  17.4 pos '341.4 -27.8 -296.0' spd 334.5 yaw 289 mode 1 st 0 gl 2 hp 96 frg 2
ARGUS Joe Rogan wallslide
ARGUS Carmack leadclip
ARGLOG Joe Rogan t  17.7 pos '630.6 -208.0  24.0' spd 418.1 yaw 225 mode 2 st 0 gl 0 hp 100 frg 0
ARGEVT Joe Rogan engage Romero
ARGUS Joe Rogan threatmove range 2
ARGEVT Joe Rogan grab 
ARGLOG Romero t  17.8 pos '483.5 -348.1 -104.0' spd 142.7 yaw 118.5 mode 1 st 0 gl 0 hp 100 frg -1
ARGEVT Carmack hazard
ARGLOG Carmack t  17.9 pos '391.4 -141.2 -296.0' spd  38.8 yaw 298.0 mode 1 st 0 gl 2 hp 96 frg 2
ARGEVT Romero pursue
ARGEVT Carmack pursue
ARGUS Carmack hunch item_artifact_super_damage
ARGLOG Joe Rogan t  18.2 pos '484.9 -343.1  -7.8' spd 380.0 yaw 307.5 mode 0 st 0 gl 0 hp 100 frg 0
ARGEVT Carmack pursue
ARGEVT Carmack goal backpack
ARGEVT Carmack route 0 start '337.0 -119.0 -296.0' goal '337.0 -119.0 -296.0'
ARGLOG Romero t  18.3 pos '546.7 -384.6 -104.0' spd 334.2 yaw 127 mode 1 st 0 gl 0 hp 88 frg -1
ARGEVT Carmack pursue
ARGLOG Carmack t  18.4 pos '383.6 -170.3 -296.0' spd 337.4 yaw 299 mode 1 st 0 gl 2 hp 96 frg 2
ARGEVT Joe Rogan route 5 start '433.0 -375.0 -104.0' goal '753.0 -887.0 -232.0'
ARGEVT Carmack pursue
ARGEVT Carmack pursue
ARGUS Romero hunch item_artifact_super_damage
ARGLOG Joe Rogan t  18.7 pos '503.5 -430.7 -104.0' spd 320.0 yaw  89.3 mode 2 st 0 gl 0 hp 100 frg 0
ARGLOG Romero t  18.8 pos '473.8 -248.4 -104.0' spd 191.7 yaw 357.9 mode 1 st 0 gl 0 hp 88 frg -1
ARGEVT Romero goal backpack
ARGEVT Romero route 2 start '465.0 -279.0 -104.0' goal '529.0 -407.0  24.0'
ARGEVT Romero pursue
ARGEVT Carmack hazard
ARGLOG Carmack t  18.9 pos '327.4 -278.8 -296.0' spd 387.3 yaw 224.8 mode 1 st 0 gl 2 hp 96 frg 2
ARGEVT Carmack pursue
ARGLOG Joe Rogan t  19.2 pos '544.3 -426.8 -104.0' spd  25.0 yaw  78.5 mode 2 st 0 gl 0 hp 100 frg 0
ARGLOG Romero t  19.3 pos '602.4 -130.9 -104.0' spd 460.9 yaw 128.7 mode 2 st 0 gl 0 hp 64 frg -1
ARGLOG Carmack t  19.4 pos '223.8 -270.1 -296.0' spd  70.6 yaw 316.1 mode 1 st 0 gl 2 hp 96 frg 2
ARGEVT Romero hazard
ARGEVT Romero route 3 start '529.0 -55.0 -104.0' goal '529.0 -407.0  24.0'
ARGEVT Romero grab item_health
ARGLOG Joe Rogan t  19.7 pos '453.9 -359.2 -104.0' spd 200.4 yaw  79.1 mode 2 st 0 gl 0 hp 100 frg 0
ARGUS Carmack leadclip
ARGLOG Romero t  19.8 pos '483.3 -49.9 -104.0' spd 179.5 yaw 221.0 mode 0 st 0 gl 0 hp 60 frg -1
ARGUS routecache adopt
ARGEVT Romero route 3 start '529.0 -55.0 -104.0' goal '529.0 -407.0  24.0'
ARGLOG Carmack t  19.9 pos '274.1 -222.2 -296.0' spd 211.8 yaw  45.7 mode 1 st 0 gl 2 hp 96 frg 2
ARGEVT Carmack hazard
ARGUS routecache adopt
ARGEVT Romero route 3 start '529.0 -55.0 -104.0' goal '529.0 -407.0  24.0'
ARGLOG Joe Rogan t  20.2 pos '593.1 -301.5 -104.0' spd 117.8 yaw 106.5 mode 2 st 0 gl 0 hp 100 frg 0
ARGUS Romero threatmove retreat 3
ARGEVT Romero retreat
ARGLOG Romero t  20.3 pos '532.3 -117.2 -104.0' spd 364.0 yaw 206.5 mode 2 st 0 gl 0 hp 36 frg -1
ARGLOG Carmack t  20.4 pos '218.9 -246.7 -296.0' spd 214.6 yaw  25.5 mode 1 st 0 gl 2 hp 96 frg 2
ARGEVT Romero pursue
ARGEVT Carmack pursue
ARGEVT Carmack jump
ARGUS routecache adopt
ARGEVT Romero route 3 start '529.0 -55.0 -104.0' goal '529.0 -407.0  24.0'
ARGEVT Joe Rogan hazard
ARGLOG Joe Rogan t  20.8 pos '450.6 -270.4 -104.0' spd 378.7 yaw  69.5 mode 2 st 0 gl 0 hp 100 frg 0
ARGLOG Romero t  20.8 pos '541.6 -23.7 -104.0' spd 110.5 yaw 211.2 mode 2 st 0 gl 0 hp 36 frg -1
ARGUS Romero wallslide
ARGLOG Carmack t  20.9 pos ' 90.7 -259.4 -255.0' spd 358.3 yaw  43.9 mode 1 st 0 gl 2 hp 76 frg 2
ARGEVT Romero hazard
ARGLOG Joe Rogan t  21.3 pos '319.3 -266.5 -191.6' spd 117.3 yaw  46.0 mode 2 st 0 gl 0 hp 100 frg 0
ARGLOG Romero t  21.3 pos '565.9  -1.7 -104.0' spd  13.2 yaw 210.9 mode 2 st 0 gl 0 hp 28 frg -1
ARGLOG Carmack t  21.4 pos '112.0 -247.0 -296.0' spd 321.3 yaw  29.9 mode 1 st 0 gl 2 hp 76 frg 2
ARGEVT Romero pursue
ARGEVT Carmack pursue
ARGEVT Joe Rogan pursue
ARGEVT Joe Rogan hazard
ARGEVT Carmack hazard
ARGUS Joe Rogan hunch item_artifact_super_damage
ARGEVT Joe Rogan pursue
ARGUS Carmack bodyblock
ARGLOG Joe Rogan t  21.8 pos '245.6 -243.9 -296.0' spd 286.2 yaw 203.6 mode 0 st 0 gl 0 hp 100 frg 0
ARGUS Joe Rogan bodyblock
ARGLOG Romero t  21.8 pos '514.7 -59.9 -104.0' spd 340.0 yaw 208.4 mode 0 st 0 gl 0 hp 28 frg -1
ARGUS routecache adopt
ARGEVT Romero route 3 start '529.0 -55.0 -104.0' goal '529.0 -407.0  24.0'
ARGLOG Carmack t  21.9 pos '195.0 -251.9 -296.0' spd 133.7 yaw  15.2 mode 1 st 0 gl 2 hp 76 frg 2
ARGEVT Joe Rogan goal backpack
ARGEVT Joe Rogan route 3 start '145.0 -247.0 -296.0' goal '337.0 -119.0 -296.0'
ARGUS routecache adopt
ARGEVT Joe Rogan route 3 start '145.0 -247.0 -296.0' goal '337.0 -119.0 -296.0'
ARGLOG Joe Rogan t  22.3 pos '208.6 -251.3 -296.0' spd 171.7 yaw   4.3 mode 0 st 0 gl 0 hp 88 frg 0
ARGLOG Romero t  22.3 pos '503.0 -223.1 -104.0' spd 320.3 yaw 187.9 mode 2 st 0 gl 0 hp 8 frg -1
ARGUS routecache adopt
ARGEVT Joe Rogan route 3 start '145.0 -247.0 -296.0' goal '337.0 -119.0 -296.0'
ARGUS Romero crossfire strafe
ARGLOG Carmack t  22.4 pos '154.3 -240.1 -296.0' spd 280.8 yaw 336.3 mode 1 st 0 gl 2 hp 76 frg 2
ARGEVT Joe Rogan death Carmack pos '200.1 -241.4 -296.0' thirdparty
ARGUS Carmack watch spawn
ARGEVT Carmack hazard
ARGEVT Romero grab 
ARGEVT Romero jump
ARGEVT Carmack goal item_health
ARGEVT Carmack route 5 start '145.0 -247.0 -296.0' goal '529.0  73.0 -296.0'
ARGLOG Romero t  22.8 pos '525.2 -383.0 -87.0' spd 321.8 yaw 159.4 mode 2 st 0 gl 0 hp 8 frg -1
ARGUS Carmack leadclip
ARGLOG Carmack t  23.0 pos '109.9 -210.4 -296.0' spd 306.6 yaw 333.2 mode 2 st 0 gl 2 hp 16 frg 3
ARGLOG Romero t  23.3 pos '545.0 -418.0 -84.1' spd  53.5 yaw 158.8 mode 2 st 0 gl 0 hp 8 frg -1
ARGLOG Carmack t  23.5 pos '108.9 -259.9 -296.0' spd 257.0 yaw 340.4 mode 2 st 0 gl 2 hp 16 frg 3
ARGEVT Romero jump
ARGEVT Carmack weapon ng
ARGUS Romero threatmove range 2
ARGEVT Carmack hazard
ARGLOG Romero t  23.8 pos '537.0 -416.2 -61.2' spd  89.6 yaw 155.9 mode 2 st 0 gl 0 hp 8 frg -1
ARGLOG Carmack t  24.0 pos ' 86.7 -237.4 -296.0' spd 219.8 yaw 340.6 mode 2 st 0 gl 2 hp 4 frg 3
ARGEVT Joe Rogan respawn
ARGEVT Joe Rogan engage Romero
ARGLOG Joe Rogan t  24.2 pos '-64.0 -232.0 -72.0' spd 0 yaw 358.7 mode 0 st 0 gl 0 hp 100 frg 0
ARGEVT Joe Rogan goal weapon_rocketlauncher
ARGEVT Joe Rogan route 9 start '-47.0 -247.0 -72.0' goal '753.0 -887.0 -232.0'
ARGLOG Romero t  24.3 pos '556.3 -396.7 -104.0' spd 271.5 yaw 159.8 mode 2 st 0 gl 0 hp 8 frg -1
ARGEVT Romero jump
ARGLOG Carmack t  24.5 pos ' 78.8 -226.5 -296.0' spd 120.0 yaw   2.0 mode 2 st 0 gl 2 hp 4 frg 3
ARGUS Joe Rogan threatmove range 2
ARGEVT Romero death Joe Rogan pos '569.6 -333.5 -67.1' thirdparty
ARGUS Joe Rogan watch spawn
ARGUS Carmack bodyblock
ARGUS Joe Rogan bodyblock
ARGEVT Joe Rogan goal weapon_rocketlauncher
ARGEVT Joe Rogan route 8 start ' 49.0 -247.0 -72.0' goal '753.0 -887.0 -232.0'
ARGLOG Joe Rogan t  24.7 pos ' 40.7 -254.3 -72.0' spd 141.7 yaw 330 mode 2 st 0 gl 0 hp 100 frg 1
ARGEVT Carmack hazard
ARGEVT Joe Rogan hazard
ARGLOG Carmack t  25.0 pos '131.3 -218.6 -296.0' spd  56.8 yaw 247.5 mode 2 st 0 gl 2 hp 4 frg 3
ARGLOG Joe Rogan t  25.2 pos ' 97.1 -207.3 -72.0' spd 0 yaw 317 mode 2 st 0 gl 0 hp 100 frg 1
ARGLOG Carmack t  25.5 pos '119.7 -235.3 -296.0' spd 172.7 yaw  43.8 mode 2 st 0 gl 2 hp 4 frg 3
ARGLOG Joe Rogan t  25.7 pos ' 97.0 -207.2 -72.0' spd 0 yaw 317 mode 2 st 0 gl 0 hp 100 frg 1
ARGEVT Carmack hazard
ARGLOG Carmack t  26.0 pos '156.9 -264.7 -296.0' spd 183.4 yaw 175 mode 2 st 0 gl 2 hp 4 frg 3
ARGEVT Romero respawn
ARGLOG Romero t  26.1 pos '776.0 -808.0 -232.0' spd 0 yaw  78.7 mode 0 st 0 gl 0 hp 100 frg -1
ARGEVT Romero goal backpack
ARGEVT Romero route 4 start '753.0 -759.0 -232.0' goal '337.0 -119.0 -296.0'
ARGLOG Joe Rogan t  26.2 pos ' 97.0 -207.2 -72.0' spd 0 yaw 317 mode 2 st 0 gl 0 hp 100 frg 1
ARGEVT Romero hazard
ARGUS Carmack wallslide
ARGLOG Carmack t  26.5 pos '  3.4 -208.1 -296.0' spd 171.3 yaw 354 mode 2 st 0 gl 2 hp 4 frg 3
ARGUS Romero wallslide
ARGLOG Romero t  26.6 pos '720.1 -805.1 -232.0' spd 354.1 yaw 111 mode 2 st 0 gl 0 hp 100 frg -1
ARGEVT Carmack route 5 start ' 17.0 -247.0 -296.0' goal '529.0  73.0 -296.0'
ARGLOG Joe Rogan t  26.7 pos ' 97.0 -207.2 -72.0' spd 0 yaw 349.6 mode 0 st 0 gl 0 hp 100 frg 1
ARGEVT Joe Rogan goal weapon_rocketlauncher
ARGEVT Joe Rogan route 11 start ' 49.0 -247.0 -72.0' goal ' 81.0  73.0 -296.0'
ARGUS Carmack bodyblock
ARGEVT Joe Rogan stall
ARGEVT Joe Rogan stallnode '145.0 -247.0 -72.0'
ARGEVT Carmack hazard
ARGUS routecache adopt
ARGEVT Joe Rogan route 11 start ' 49.0 -247.0 -72.0' goal ' 81.0  73.0 -296.0'
ARGEVT Romero route 3 start '753.0 -887.0 -232.0' goal '337.0 -119.0 -296.0'
ARGLOG Carmack t  27.0 pos ' 72.5 -249.5 -296.0' spd 167.7 yaw 0 mode 2 st 0 gl 2 hp 4 frg 3
ARGLOG Romero t  27.1 pos '368.0  25.7 -265.7' spd 300 yaw 327.1 mode 0 st 0 gl 0 hp 100 frg -1
ARGUS routecache adopt
ARGEVT Romero route 1 start '369.0   9.0 -296.0' goal '337.0 -119.0 -296.0'
ARGEVT Joe Rogan engage Romero
ARGUS Joe Rogan threatmove range 3
ARGEVT Joe Rogan grab weapon_grenadelauncher
ARGEVT Romero engage Carmack
ARGUS Romero leadclip
ARGUS Romero threatmove range 2
ARGEVT Carmack engage Romero
ARGUS Carmack threatmove range 3
ARGUS Carmack threatmove retreat 3
ARGEVT Carmack retreat
ARGEVT Carmack coverroute
ARGLOG Joe Rogan t  27.2 pos ' 97.0 -207.2 -72.0' spd 0 yaw  17.8 mode 2 st 1 gl 0 hp 100 frg 1
ARGEVT Carmack route 6 start '-47.0 -151.0 -296.0' goal '529.0  73.0 -296.0'
ARGLOG Carmack t  27.5 pos '-57.5 -188.7 -296.0' spd 329.7 yaw  11.3 mode 2 st 0 gl 2 hp 4 frg 3
ARGLOG Romero t  27.6 pos '368.0 -31.3 -296.0' spd 265.6 yaw 201.1 mode 2 st 0 gl 0 hp 98 frg -1
ARGUS Carmack wallslide
ARGEVT Romero pursue
ARGUS Romero prefire
ARGEVT Carmack pursue
ARGUS routecache adopt
ARGEVT Carmack route 6 start '-47.0 -151.0 -296.0' goal '529.0  73.0 -296.0'
ARGLOG Joe Rogan t  27.8 pos ' 97.0 -207.2 -72.0' spd 0 yaw  39.0 mode 2 st 1 gl 0 hp 100 frg 1
ARGUS Carmack hunch item_artifact_super_damage
ARGUS Romero hunch 
ARGEVT Romero pursue
ARGEVT Carmack pursue
ARGEVT Carmack goal item_health
ARGEVT Carmack route 6 start '-47.0 -151.0 -296.0' goal '529.0  73.0 -296.0'
ARGLOG Carmack t  28.0 pos '-71.8 -197.2 -296.0' spd 330.6 yaw 177.2 mode 0 st 0 gl 2 hp 4 frg 3
ARGEVT Romero hazard
ARGEVT Carmack death Romero pos '-78.3 -200.9 -296.0'
ARGUS Romero watch spawn
ARGLOG Romero t  28.1 pos '391.4 -150.3 -296.0' spd 352.7 yaw 284.6 mode 0 st 0 gl 0 hp 98 frg 0
ARGEVT Romero goal backpack
ARGEVT Romero route 1 start '369.0 -215.0 -296.0' goal '337.0 -119.0 -296.0'
ARGLOG Joe Rogan t  28.3 pos ' 97.0 -207.2 -72.0' spd 0 yaw   6.5 mode 2 st 1 gl 0 hp 100 frg 1
ARGEVT Joe Rogan pursue
ARGLOG Romero t  28.6 pos '374.0 -253.2 -296.0' spd 201.0 yaw 170 mode 2 st 0 gl 0 hp 98 frg 0
ARGLOG Joe Rogan t  28.8 pos ' 97.0 -207.2 -72.0' spd 0 yaw 14 mode 2 st 1 gl 0 hp 100 frg 1
ARGLOG Romero t  29.1 pos '203.2 -275.7 -296.0' spd 355.7 yaw 147 mode 2 st 0 gl 0 hp 98 frg 0
ARGEVT Romero hazard
ARGLOG Joe Rogan t  29.3 pos ' 97.0 -207.2 -72.0' spd 0 yaw 14 mode 2 st 1 gl 0 hp 100 frg 1
ARGUS Romero bodyblock
ARGEVT Carmack respawn
ARGEVT Carmack engage Joe Rogan
ARGLOG Carmack t  29.6 pos '784.0 -176.0  24.0' spd 0 yaw 179.6 mode 0 st 0 gl 2 hp 100 frg 3
ARGLOG Romero t  29.6 pos '111.0 -240.2 -296.0' spd 196.8 yaw  27.8 mode 2 st 0 gl 0 hp 98 frg 0
ARGEVT Carmack goal weapon_grenadelauncher
ARGEVT Carmack route 5 start '785.0 -183.0  24.0' goal '145.0 -407.0 -104.0'
ARGLOG Joe Rogan t  29.8 pos ' 96.9 -207.1 -72.0' spd 0 yaw 14 mode 2 st 1 gl 0 hp 100 frg 1
ARGEVT Carmack grab 
ARGLOG Carmack t  30.1 pos '639.2 -186.1  24.0' spd 320.0 yaw 183.9 mode 2 st 0 gl 2 hp 100 frg 3
ARGLOG Romero t  30.1 pos '249.4 -214.5 -296.0' spd 343.9 yaw  62.3 mode 2 st 0 gl 0 hp 98 frg 0
ARGUS Carmack threatmove range 2
ARGEVT Romero engage Carmack
ARGUS Romero threatmove range 2
ARGUS Romero threatmove high 2
ARGEVT Romero hazard
ARGLOG Joe Rogan t  30.3 pos ' 96.9 -207.1 -72.0' spd 0 yaw 14 mode 2 st 1 gl 0 hp 84 frg 1
ARGUS Romero leadclip
ARGUS Joe Rogan hunch item_artifact_super_damage
ARGLOG Carmack t  30.6 pos '571.6 -330.8  24.0' spd 226.7 yaw 166.1 mode 2 st 0 gl 2 hp 100 frg 3
ARGLOG Romero t  30.6 pos '207.4 -269.6 -296.0' spd 342.7 yaw 335.0 mode 2 st 0 gl 0 hp 98 frg 0
ARGEVT Joe Rogan goal weapon_lightning
ARGEVT Joe Rogan route 4 start ' 49.0 -247.0 -72.0' goal '529.0 -311.0 -104.0'
ARGLOG Joe Rogan t  30.8 pos ' 96.9 -207.1 -72.0' spd 0 yaw 252.6 mode 2 st 1 gl 0 hp 68 frg 1
ARGEVT Joe Rogan engage Carmack
ARGUS Joe Rogan threatmove range 2
ARGLOG Carmack t  31.1 pos '547.2 -352.6  24.0' spd  51.6 yaw 161.0 mode 2 st 0 gl 2 hp 100 frg 3
ARGLOG Romero t  31.1 pos '176.7 -223.0 -296.0' spd 248.4 yaw 343.4 mode 2 st 0 gl 0 hp 98 frg 0
ARGUS Carmack threatmove retreat 2
ARGEVT Carmack retreat
ARGLOG Joe Rogan t  31.3 pos ' 96.9 -207.1 -72.0' spd 0 yaw 342.3 mode 2 st 1 gl 0 hp 52 frg 1
ARGEVT Romero hazard
