LOG started on: 09/20/2026 14:03:51 
Playing registered version.
UDP Initialized
WIPX_OpenSocket: Address family not supported by protocol family
WIPX_Init: Unable to open control socket, IPX disabled
Exe: 20:02:47 Jul 31 2024
256.0 megabyte heap

Language initialization
Couldn't load 'localization/loc_english.txt'
from 'C:\argus\engine'

========= Quake Initialized =========

execing autoexec.cfg
SpawnServer: dm2
Clearing memory
Programs occupy 1001K.
trying to open external vis file
maps/dm2.vis not found, trying argus.vis
external vis not found
ARGUS slots 8
ARGUS worldspawn reached
ARGNAV 215 nodes, 1005 links
0 entities inhibited
ARGUS init on dm2
ARGEVT Carmack spawned
ARGEVT Romero spawned
ARGEVT Joe Rogan spawned
Server spawned.
ARGLOG Joe Rogan t   1.2 pos '2624.0 -488.0  32.0' spd 0 yaw 177.6 mode 0 st 0 gl 0 hp 100 frg 0
ARGLOG Romero t   1.2 pos '2704.0 -2048.0 128.0' spd 0 yaw 317.5 mode 0 st 0 gl 0 hp 100 frg 0
ARGLOG Carmack t   1.2 pos '2560.0 -192.0  32.0' spd 0 yaw 209.6 mode 0 st 0 gl 0 hp 100 frg 0
ARGUS Carmack wallslide
ARGEVT Carmack engage Joe Rogan
ARGUS Carmack threatmove range 2
ARGEVT Joe Rogan engage Carmack
ARGUS Joe Rogan threatmove range 2
ARGLOG Joe Rogan t   1.7 pos '2480.6 -430.1   8.0' spd 390.1 yaw  90.6 mode 0 st 0 gl 0 hp 100 frg 0
ARGLOG Romero t   1.7 pos '2713.1 -2091.3 128.0' spd 322.0 yaw 157.1 mode 0 st 0 gl 0 hp 100 frg 0
ARGLOG Carmack t   1.7 pos '2424.6 -239.9  24.0' spd 295.9 yaw 217.2 mode 0 st 0 gl 0 hp 100 frg 0
ARGLOG Joe Rogan t   2.2 pos '2318.3 -355.8   8.0' spd 361.0 yaw  62.8 mode 0 st 0 gl 0 hp 100 frg 0
ARGLOG Romero t   2.2 pos '2796.3 -2050.8 120.0' spd 320.6 yaw   6.4 mode 0 st 0 gl 0 hp 100 frg 0
ARGLOG Carmack t   2.2 pos '2431.8 -239.1  24.0' spd 279.7 yaw 227.5 mode 0 st 0 gl 0 hp 100 frg 0
ARGEVT Joe Rogan pursue
ARGEVT Carmack pursue
ARGUS Joe Rogan hunch item_armorInv
ARGEVT Joe Rogan pursue
ARGEVT Joe Rogan hazard
ARGEVT Joe Rogan pursue
ARGLOG Joe Rogan t   2.7 pos '2287.8 -305.4   8.0' spd 320.2 yaw 157.1 mode 0 st 0 gl 0 hp 100 frg 0
ARGUS Joe Rogan wallslide
ARGLOG Romero t   2.7 pos '2763.6 -2064.0 120.0' spd 329.1 yaw 194.3 mode 0 st 0 gl 0 hp 100 frg 0
ARGLOG Carmack t   2.7 pos '2335.7 -213.6  24.0' spd 408.1 yaw 271.4 mode 0 st 0 gl 0 hp 100 frg 0
ARGEVT Carmack hazard
ARGUS Carmack wallslide
ARGEVT Joe Rogan pursue
ARGEVT Romero stall
ARGEVT Romero jump
ARGLOG Joe Rogan t   3.2 pos '2137.2 -251.4  24.0' spd 343.8 yaw  36.2 mode 0 st 0 gl 0 hp 100 frg 0
ARGLOG Romero t   3.2 pos '2719.8 -2043.3 153.0' spd 162.7 yaw 256.4 mode 0 st 1 gl 0 hp 100 frg 0
ARGLOG Carmack t   3.2 pos '2360.8 -216.5  24.0' spd 315.5 yaw 197.5 mode 0 st 0 gl 0 hp 100 frg 0
ARGLOG Joe Rogan t   3.7 pos '2138.9 -81.7  24.0' spd 367.6 yaw 336.0 mode 0 st 0 gl 0 hp 100 frg 0
ARGLOG Romero t   3.7 pos '2768.0 -2077.1 138.1' spd  66.9 yaw 256.4 mode 0 st 1 gl 0 hp 100 frg 0
ARGLOG Carmack t   3.7 pos '2290.2 -227.8  24.0' spd 337.6 yaw 135.1 mode 0 st 0 gl 0 hp 100 frg 0
ARGEVT Joe Rogan goal item_armorInv
ARGEVT Joe Rogan route 6 start '2177.0 -23.0  24.0' goal '2369.0 -567.0  56.0'
ARGLOG Joe Rogan t   4.2 pos '2303.3 -18.0  40.0' spd 386.0 yaw 237.8 mode 2 st 0 gl 0 hp 100 frg 0
ARGLOG Romero t   4.2 pos '2741.9 -2206.7 120.0' spd 320.0 yaw 256.4 mode 0 st 1 gl 0 hp 100 frg 0
ARGLOG Carmack t   4.2 pos '2131.7 -218.2  24.0' spd 358.9 yaw  39.7 mode 0 st 0 gl 0 hp 100 frg 0
ARGEVT Romero goal weapon_supershotgun
ARGEVT Romero goal item_armor2
ARGEVT Romero route 8 start '2721.0 -2327.0 120.0' goal '1313.0 -951.0  32.0'
ARGEVT Carmack grab item_spikes
ARGEVT Romero hazard
ARGEVT Carmack goal weapon_rocketlauncher
ARGEVT Carmack route 14 start '2049.0 -87.0  24.0' goal '2465.0 -1719.0  24.0'
ARGLOG Joe Rogan t   4.7 pos '2401.9 -125.7  76.9' spd  51.9 yaw 177.1 mode 2 st 0 gl 0 hp 100 frg 0
ARGLOG Romero t   4.7 pos '2749.5 -2343.4 120.0' spd 135.0 yaw 205 mode 2 st 1 gl 1 hp 100 frg 0
ARGLOG Carmack t   4.7 pos '2029.4 -94.1  24.0' spd 279.3 yaw 354.4 mode 2 st 0 gl 0 hp 100 frg 0
ARGEVT Carmack pursue
ARGEVT Joe Rogan pursue
ARGEVT Joe Rogan hazard
ARGUS Joe Rogan wallslide
ARGUS Romero wallslide
ARGLOG Joe Rogan t   5.2 pos '2352.0 -99.5  72.0' spd  23.4 yaw 232 mode 2 st 0 gl 0 hp 100 frg 0
ARGLOG Romero t   5.2 pos '2668.4 -2314.8 120.0' spd 177.4 yaw 217 mode 2 st 1 gl 1 hp 100 frg 0
ARGLOG Carmack t   5.2 pos '2062.7 -133.8  24.0' spd 322.9 yaw 10 mode 2 st 0 gl 0 hp 100 frg 0
ARGEVT Romero hazard
ARGLOG Joe Rogan t   5.8 pos '2352.0 -88.4  72.0' spd  20.0 yaw 234 mode 2 st 0 gl 0 hp 100 frg 0
ARGLOG Romero t   5.8 pos '2522.7 -2285.6 120.0' spd 325.8 yaw 142 mode 2 st 1 gl 1 hp 100 frg 0
ARGLOG Carmack t   5.8 pos '2224.6 -113.0  24.0' spd 320.4 yaw 14 mode 2 st 0 gl 0 hp 100 frg 0
ARGEVT Carmack hazard
ARGUS Carmack hunch item_armorInv
ARGEVT Joe Rogan pursue
ARGEVT Carmack pursue
ARGEVT Joe Rogan hazard
ARGEVT Carmack goal weapon_rocketlauncher
ARGEVT Carmack route 13 start '2241.0 -87.0  24.0' goal '2465.0 -1719.0  24.0'
ARGLOG Joe Rogan t   6.3 pos '2355.4 -99.9  72.0' spd 285.6 yaw 196.0 mode 2 st 0 gl 0 hp 100 frg 0
ARGLOG Romero t   6.3 pos '2399.6 -2403.7 120.0' spd 370.8 yaw 136 mode 2 st 1 gl 1 hp 100 frg 0
ARGLOG Carmack t   6.3 pos '2213.2 -118.7  24.0' spd 196.9 yaw  37.0 mode 2 st 0 gl 0 hp 100 frg 0
ARGEVT Romero route 5 start '2433.0 -2487.0 120.0' goal '1313.0 -951.0  32.0'
ARGUS Joe Rogan wallslide
ARGEVT Romero route 4 start '1377.0 -1335.0 136.0' goal '1313.0 -951.0  32.0'
ARGLOG Joe Rogan t   6.8 pos '2364.2 -239.2  24.0' spd  63.5 yaw 188.7 mode 2 st 0 gl 0 hp 91 frg 0
ARGLOG Romero t   6.8 pos '1363.3 -1376.0 144.0' spd 300 yaw 102 mode 2 st 1 gl 1 hp 100 frg 0
ARGLOG Carmack t   6.8 pos '2218.3 -279.7  24.0' spd 426.3 yaw 353.2 mode 2 st 0 gl 0 hp 76 frg 0
ARGEVT Joe Rogan pursue
ARGEVT Carmack pursue
ARGEVT Carmack route 15 start '2273.0 -375.0   8.0' goal '2465.0 -1719.0  24.0'
ARGLOG Joe Rogan t   7.3 pos '2408.2 -240.0  24.0' spd 197.7 yaw 188 mode 2 st 0 gl 0 hp 91 frg 0
ARGLOG Romero t   7.3 pos '1367.1 -1375.5 136.0' spd 271.2 yaw 103 mode 2 st 1 gl 1 hp 100 frg 0
ARGLOG Carmack t   7.3 pos '2287.3 -418.4   8.0' spd 340.3 yaw 67 mode 2 st 0 gl 0 hp 76 frg 0
ARGLOG Joe Rogan t   7.8 pos '2381.6 -227.6  24.0' spd 321.8 yaw 301.1 mode 2 st 0 gl 0 hp 91 frg 0
ARGLOG Romero t   7.8 pos '1353.6 -1226.1 152.0' spd 321.5 yaw 106 mode 2 st 1 gl 1 hp 100 frg 0
ARGLOG Carmack t   7.8 pos '2437.0 -347.6   8.0' spd 118.2 yaw  97.2 mode 2 st 0 gl 0 hp 76 frg 0
ARGEVT Romero jump
ARGEVT Carmack grab item_spikes
ARGLOG Joe Rogan t   8.3 pos '2545.0 -213.2  32.0' spd 337.7 yaw 267.8 mode 0 st 0 gl 0 hp 91 frg 0
ARGLOG Romero t   8.3 pos '1296.4 -1191.1 188.9' spd 128.8 yaw 94 mode 2 st 1 gl 1 hp 100 frg 0
ARGLOG Carmack t   8.3 pos '2544.7 -343.3  24.0' spd 320.2 yaw  70.0 mode 0 st 0 gl 0 hp 76 frg 0
ARGEVT Carmack pursue
ARGEVT Joe Rogan route 6 start '2529.0 -183.0  32.0' goal '2369.0 -567.0  56.0'
ARGEVT Joe Rogan pursue
ARGUS Joe Rogan wallslide
ARGEVT Carmack hazard
ARGEVT Carmack route 16 start '2593.0 -375.0  24.0' goal '2465.0 -1719.0  24.0'
ARGUS Joe Rogan hunch item_armorInv
ARGUS Carmack wallslide
ARGEVT Joe Rogan hazard
ARGUS routecache adopt
ARGEVT Carmack route 16 start '2593.0 -375.0  24.0' goal '2465.0 -1719.0  24.0'
ARGLOG Joe Rogan t   8.8 pos '2511.9 -214.8  24.0' spd 377.1 yaw 208.0 mode 0 st 0 gl 0 hp 91 frg 0
ARGLOG Romero t   8.8 pos '1272.5 -1067.5 200.0' spd 321.5 yaw 70 mode 2 st 1 gl 1 hp 100 frg 0
ARGLOG Carmack t   8.8 pos '2585.8 -304.7  24.0' spd 325.4 yaw 193 mode 2 st 0 gl 0 hp 76 frg 0
ARGEVT Joe Rogan goal item_armorInv
ARGEVT Joe Rogan route 6 start '2529.0 -183.0  32.0' goal '2369.0 -567.0  56.0'
ARGEVT Joe Rogan pursue
ARGLOG Joe Rogan t   9.3 pos '2369.8 -215.1  24.0' spd 130.8 yaw 299.4 mode 2 st 0 gl 0 hp 91 frg 0
ARGLOG Romero t   9.3 pos '1306.8 -899.0 154.6' spd 346.8 yaw 324.3 mode 1 st 1 gl 1 hp 100 frg 0
ARGLOG Carmack t   9.3 pos '2430.4 -340.1   8.0' spd 322.3 yaw 136.0 mode 2 st 0 gl 0 hp 76 frg 0
ARGLOG Joe Rogan t   9.8 pos '2484.0 -211.3  24.0' spd 207.4 yaw 177.0 mode 2 st 0 gl 0 hp 91 frg 0
ARGLOG Romero t   9.8 pos '1336.0 -920.0  32.0' spd 325.0 yaw 244.6 mode 1 st 1 gl 1 hp 100 frg 0
ARGLOG Carmack t   9.8 pos '2290.5 -333.4   8.0' spd 164.6 yaw  32.4 mode 2 st 0 gl 0 hp 76 frg 0
ARGEVT Joe Rogan pursue
ARGEVT Carmack pursue
ARGEVT Romero hazard
ARGUS Romero wallslide
ARGEVT Romero door
ARGLOG Joe Rogan t  10.3 pos '2323.3 -225.1  24.0' spd 177.2 yaw 284.2 mode 2 st 0 gl 0 hp 91 frg 0
ARGLOG Romero t  10.3 pos '1327.4 -1008.6  32.0' spd 334.7 yaw 340.0 mode 1 st 1 gl 1 hp 100 frg 0
ARGLOG Carmack t  10.3 pos '2430.2 -339.5   8.0' spd 378.2 yaw 131.5 mode 2 st 0 gl 0 hp 76 frg 0
ARGEVT Carmack pursue
ARGLOG Joe Rogan t  10.8 pos '2440.9 -156.4  24.0' spd 381.5 yaw 267.1 mode 2 st 0 gl 0 hp 91 frg 0
ARGLOG Romero t  10.8 pos '1360.0 -965.6  32.0' spd 0 yaw 26 mode 1 st 1 gl 1 hp 100 frg 0
ARGLOG Carmack t  10.8 pos '2372.3 -346.3   8.0' spd 333.6 yaw 107.9 mode 2 st 0 gl 0 hp 76 frg 0
ARGEVT Carmack hazard
ARGUS Romero wallslide
ARGEVT Joe Rogan pursue
ARGUS routecache adopt
ARGEVT Joe Rogan route 6 start '2529.0 -183.0  32.0' goal '2369.0 -567.0  56.0'
ARGEVT Joe Rogan hazard
ARGEVT Carmack pursue
ARGEVT Romero hazard
ARGLOG Joe Rogan t  11.3 pos '2545.1 -223.3  32.0' spd 247.1 yaw 217 mode 2 st 0 gl 0 hp 91 frg 0
ARGLOG Romero t  11.3 pos '1360.0 -941.9  32.0' spd  70.3 yaw  47.0 mode 1 st 1 gl 1 hp 100 frg 0
ARGLOG Carmack t  11.3 pos '2211.4 -284.9  24.0' spd 406.9 yaw 104.1 mode 2 st 0 gl 0 hp 76 frg 0
ARGUS Joe Rogan wallslide
ARGLOG Joe Rogan t  11.8 pos '2427.9 -144.4  24.0' spd 141.7 yaw 174.2 mode 2 st 0 gl 0 hp 91 frg 0
ARGLOG Romero t  11.8 pos '1360.0 -928.9  32.0' spd  41.4 yaw 22 mode 1 st 1 gl 1 hp 100 frg 0
ARGLOG Carmack t  11.8 pos '2140.3 -111.5  24.0' spd 346.7 yaw  10.5 mode 2 st 0 gl 0 hp 60 frg 0
ARGEVT Carmack grab item_health
ARGUS Romero wallslide
ARGLOG Joe Rogan t  12.3 pos '2347.3 -210.6  24.0' spd 320.9 yaw 149.9 mode 2 st 0 gl 0 hp 91 frg 0
ARGLOG Romero t  12.3 pos '1360.0 -880.4  32.0' spd 288.9 yaw  35.1 mode 1 st 1 gl 1 hp 100 frg 0
ARGLOG Carmack t  12.3 pos '2012.4   4.7  24.0' spd 424.3 yaw 305.3 mode 0 st 0 gl 0 hp 40 frg 0
ARGEVT Romero hazard
ARGEVT Carmack route 15 start '1953.0 -23.0  24.0' goal '2465.0 -1719.0  24.0'
ARGEVT Carmack hazard
ARGLOG Joe Rogan t  12.8 pos '2312.2 -168.4  24.0' spd 230.4 yaw 168.1 mode 2 st 0 gl 0 hp 91 frg 0
ARGLOG Romero t  12.8 pos '1360.0 -882.7  32.0' spd   5.5 yaw 17 mode 1 st 1 gl 1 hp 100 frg 0
ARGLOG Carmack t  12.8 pos '1927.6 -118.4  24.0' spd 321.2 yaw 356.7 mode 2 st 0 gl 0 hp 65 frg 0
ARGEVT Romero stall
ARGEVT Romero jump
ARGUS Joe Rogan wallslide
ARGEVT Romero route 0 start '1313.0 -951.0  32.0' goal '1313.0 -951.0  32.0'
ARGLOG Joe Rogan t  13.3 pos '2230.6 -267.7  24.0' spd 320.7 yaw 174.4 mode 2 st 0 gl 0 hp 82 frg 0
ARGLOG Romero t  13.3 pos '1360.0 -871.2  75.3' spd  19.8 yaw 327 mode 1 st 2 gl 1 hp 100 frg 0
ARGLOG Carmack t  13.3 pos '1953.0 -197.7  24.0' spd 320.1 yaw 342.0 mode 2 st 0 gl 0 hp 61 frg 0
ARGEVT Romero stall
ARGEVT Romero jump
ARGEVT Romero goal item_health
ARGEVT Romero route 25 start '1313.0 -951.0  32.0' goal '2401.0 -1975.0 120.0'
ARGLOG Joe Rogan t  13.9 pos '2147.7 -368.5   8.0' spd 128.4 yaw 116.0 mode 2 st 0 gl 0 hp 82 frg 0
ARGLOG Romero t  13.9 pos '1356.0 -890.7  63.9' spd  35.9 yaw 250.6 mode 0 st 3 gl 1 hp 100 frg 0
ARGLOG Carmack t  13.9 pos '1996.9 -117.4  24.0' spd 302.2 yaw 294.1 mode 2 st 0 gl 0 hp 61 frg 0
ARGUS routecache adopt
ARGEVT Romero route 25 start '1313.0 -951.0  32.0' goal '2401.0 -1975.0 120.0'
ARGEVT Carmack pursue
ARGEVT Joe Rogan pursue
ARGUS routecache adopt
ARGEVT Romero route 25 start '1313.0 -951.0  32.0' goal '2401.0 -1975.0 120.0'
ARGUS routecache adopt
ARGEVT Romero route 25 start '1313.0 -951.0  32.0' goal '2401.0 -1975.0 120.0'
ARGEVT Joe Rogan route 5 start '2113.0 -215.0  24.0' goal '2369.0 -567.0  56.0'
ARGLOG Joe Rogan t  14.4 pos '2158.6 -220.8  24.0' spd 325.6 yaw 180.8 mode 2 st 0 gl 0 hp 82 frg 0
ARGLOG Romero t  14.4 pos '1351.5 -919.8  32.0' spd  80.8 yaw   4.1 mode 2 st 3 gl 1 hp 100 frg 0
ARGLOG Carmack t  14.4 pos '2006.1 -263.7  40.0' spd 321.3 yaw  24.2 mode 2 st 0 gl 0 hp 61 frg 0
ARGEVT Romero hazard
ARGUS Romero wallslide
ARGEVT Carmack grab item_health
ARGEVT Carmack route 16 start '2017.0 -375.0 104.0' goal '2465.0 -1719.0  24.0'
ARGLOG Joe Rogan t  14.9 pos '2029.8 -107.7  24.0' spd 350.7 yaw 270.0 mode 0 st 0 gl 0 hp 82 frg 0
ARGLOG Romero t  14.9 pos '1360.0 -911.6  32.0' spd  16.1 yaw 21 mode 2 st 3 gl 1 hp 100 frg 0
ARGLOG Carmack t  14.9 pos '2038.7 -426.0 104.0' spd 324.8 yaw  98.7 mode 2 st 0 gl 0 hp 53 frg 0
ARGEVT Carmack grab item_health
ARGEVT Joe Rogan route 6 start '1953.0 -87.0  24.0' goal '2369.0 -567.0  56.0'
ARGEVT Romero stall
ARGEVT Romero stallnode '1281.0 -983.0  32.0'
ARGEVT Romero jump
ARGEVT Romero route 25 start '1313.0 -951.0  32.0' goal '2401.0 -1975.0 120.0'
ARGEVT Carmack hazard
ARGUS routecache adopt
ARGEVT Romero route 25 start '1313.0 -951.0  32.0' goal '2401.0 -1975.0 120.0'
ARGLOG Joe Rogan t  15.4 pos '1940.9 -124.6  24.0' spd 343.8 yaw 276.6 mode 2 st 0 gl 0 hp 73 frg 0
ARGLOG Romero t  15.4 pos '1360.0 -902.5  73.7' spd  74.2 yaw 20 mode 0 st 4 gl 1 hp 100 frg 0
ARGLOG Carmack t  15.4 pos '1973.2 -553.2 104.0' spd 184.2 yaw  87.4 mode 2 st 0 gl 0 hp 100 frg 0
ARGEVT Carmack grab item_artifact_super_damage
ARGUS routecache adopt
ARGEVT Romero route 25 start '1313.0 -951.0  32.0' goal '2401.0 -1975.0 120.0'
ARGEVT Romero hazard
ARGEVT Romero routefail
ARGLOG Joe Rogan t  15.9 pos '2102.0 -153.4  24.0' spd 325.8 yaw 247.6 mode 2 st 0 gl 0 hp 73 frg 0
ARGLOG Romero t  15.9 pos '1357.5 -859.3  32.0' spd 100.3 yaw  17.3 mode 0 st 4 gl 1 hp 100 frg 0
ARGLOG Carmack t  15.9 pos '1944.4 -530.2 104.0' spd  89.8 yaw  47.7 mode 2 st 0 gl 0 hp 84 frg 0
ARGUS Romero wallslide
ARGLOG Joe Rogan t  16.4 pos '2019.4 -152.7  24.0' spd 322.0 yaw 252.2 mode 2 st 0 gl 0 hp 73 frg 0
ARGLOG Romero t  16.4 pos '1356.4 -883.4  32.0' spd 125.7 yaw 174.0 mode 0 st 4 gl 1 hp 100 frg 0
ARGLOG Carmack t  16.4 pos '1949.9 -529.0 104.0' spd  51.2 yaw  94.1 mode 2 st 0 gl 0 hp 84 frg 0
ARGEVT Romero goal item_health
ARGEVT Romero route 17 start '1313.0 -951.0  32.0' goal '2049.0 -983.0 344.0'
ARGEVT Romero routefail
ARGLOG Joe Rogan t  16.9 pos '1952.6 -165.7  24.0' spd 320.1 yaw 275.1 mode 2 st 0 gl 0 hp 73 frg 0
ARGLOG Romero t  16.9 pos '1283.8 -862.1  32.0' spd 327.5 yaw 26 mode 0 st 4 gl 1 hp 100 frg 0
ARGLOG Carmack t  16.9 pos '1947.1 -529.9 104.0' spd  68.8 yaw  76.3 mode 2 st 0 gl 0 hp 84 frg 0
ARGEVT Romero goal weapon_rocketlauncher
ARGEVT Romero route 21 start '1313.0 -951.0  32.0' goal '2465.0 -1719.0  24.0'
ARGLOG Joe Rogan t  17.4 pos '2108.9 -209.3  24.0' spd 320.7 yaw 262.7 mode 2 st 0 gl 0 hp 73 frg 0
ARGLOG Romero t  17.4 pos '1353.1 -969.9  32.0' spd 401.2 yaw 353.2 mode 2 st 4 gl 1 hp 100 frg 0
ARGLOG Carmack t  17.4 pos '2042.4 -527.3 104.0' spd 117.0 yaw  65.1 mode 2 st 0 gl 0 hp 68 frg 0
ARGEVT Carmack grab item_health
ARGEVT Romero hazard
ARGUS Romero wallslide
ARGEVT Carmack pursue
ARGEVT Joe Rogan pursue
ARGLOG Joe Rogan t  17.9 pos '2217.5 -313.1  24.0' spd 370.2 yaw 232 mode 2 st 0 gl 0 hp 73 frg 0
ARGLOG Romero t  17.9 pos '1360.0 -961.9  32.0' spd  21.0 yaw 26 mode 2 st 4 gl 1 hp 100 frg 0
ARGLOG Carmack t  17.9 pos '1957.8 -522.5 104.0' spd 320.5 yaw 67 mode 2 st 0 gl 0 hp 68 frg 0
ARGEVT Romero abandon
ARGUS Joe Rogan hunch item_artifact_super_damage
ARGLOG Joe Rogan t  18.4 pos '2139.5 -456.3   8.0' spd 184.4 yaw  87.1 mode 2 st 0 gl 0 hp 73 frg 0
ARGEVT Joe Rogan hazard
ARGLOG Romero t  18.4 pos '1329.3 -930.4  32.0' spd 320.8 yaw 174 mode 0 st 4 gl 1 hp 100 frg 0
ARGLOG Carmack t  18.4 pos '2018.3 -371.5 104.0' spd 320.0 yaw 67 mode 2 st 0 gl 0 hp 68 frg 0
ARGEVT Joe Rogan goal item_armorInv
ARGEVT Joe Rogan route 4 start '2177.0 -503.0   8.0' goal '2369.0 -567.0  56.0'
ARGEVT Joe Rogan pursue
ARGEVT Romero goal item_armorInv
ARGEVT Romero route 26 start '1313.0 -951.0  32.0' goal '2465.0 -1975.0 120.0'
ARGUS Carmack hunch item_artifact_super_damage
ARGUS Carmack wallslide
ARGUS routecache adopt
ARGEVT Romero route 26 start '1313.0 -951.0  32.0' goal '2465.0 -1975.0 120.0'
ARGEVT Carmack goal item_armor2
ARGEVT Carmack route 6 start '2113.0 -215.0  24.0' goal '2817.0 -55.0 -72.0'
ARGLOG Joe Rogan t  18.9 pos '2222.8 -359.9   8.0' spd 393.3 yaw 340.2 mode 2 st 0 gl 0 hp 73 frg 0
ARGLOG Romero t  18.9 pos '1342.2 -955.0  32.0' spd 352.0 yaw 26 mode 2 st 4 gl 1 hp 100 frg 0
ARGLOG Carmack t  18.9 pos '2064.0 -216.7  41.4' spd 338.5 yaw  47.7 mode 2 st 0 gl 0 hp 68 frg 0
ARGEVT Romero hazard
ARGUS Romero wallslide
ARGEVT Romero route 25 start '1281.0 -983.0  32.0' goal '2465.0 -1975.0 120.0'
ARGLOG Joe Rogan t  19.4 pos '2253.2 -384.2   8.0' spd 320.1 yaw 156.6 mode 2 st 0 gl 0 hp 73 frg 0
ARGLOG Romero t  19.4 pos '1296.0 -1015.5  32.0' spd  61.4 yaw 213.7 mode 0 st 4 gl 1 hp 100 frg 0
ARGLOG Carmack t  19.4 pos '2005.3 -282.6  56.0' spd 322.4 yaw 318.9 mode 2 st 0 gl 0 hp 68 frg 0
ARGUS routecache adopt
ARGEVT Romero route 25 start '1281.0 -983.0  32.0' goal '2465.0 -1975.0 120.0'
ARGEVT Romero abandon
ARGEVT Joe Rogan pursue
ARGEVT Carmack pursue
ARGEVT Romero goal weapon_grenadelauncher
ARGEVT Romero route 13 start '1697.0 -663.0  24.0' goal '2049.0 -919.0 344.0'
ARGEVT Joe Rogan hazard
ARGEVT Carmack hazard
ARGLOG Joe Rogan t  19.9 pos '2139.2 -454.0   8.0' spd 143.0 yaw 114 mode 2 st 0 gl 0 hp 73 frg 0
ARGLOG Romero t  19.9 pos '1701.2 -933.0 -28.7' spd  35.8 yaw 82 mode 2 st 4 gl 1 hp 92 frg 0
ARGLOG Carmack t  19.9 pos '2052.2 -438.3 104.0' spd 338.7 yaw  39.7 mode 2 st 0 gl 0 hp 68 frg 0
ARGEVT Romero swim
ARGUS Carmack wallslide
ARGEVT Romero swim
ARGEVT Carmack route 8 start '2017.0 -535.0 104.0' goal '2817.0 -55.0 -72.0'
ARGUS Joe Rogan wallslide
ARGEVT Romero swim
ARGEVT Joe Rogan route 4 start '2177.0 -375.0   8.0' goal '2369.0 -567.0  56.0'
ARGEVT Romero swim
ARGEVT Joe Rogan pursue
ARGLOG Joe Rogan t  20.4 pos '2151.2 -341.2  24.0' spd 353.4 yaw  37.3 mode 2 st 0 gl 0 hp 73 frg 0
ARGLOG Romero t  20.4 pos '1709.6 -900.9 -32.2' spd  81.4 yaw 82 mode 2 st 4 gl 1 hp 84 frg 0
ARGEVT Romero swim
ARGLOG Carmack t  20.4 pos '2061.2 -427.2 104.0' spd 348.3 yaw 127.7 mode 2 st 0 gl 0 hp 68 frg 0
ARGEVT Romero swim
ARGEVT Carmack pursue
ARGEVT Romero swim
ARGEVT Romero swim
ARGEVT Romero swim
ARGLOG Joe Rogan t  20.9 pos '2203.2 -179.7  24.0' spd 354.6 yaw 161.0 mode 2 st 0 gl 0 hp 73 frg 0
ARGLOG Romero t  20.9 pos '1715.7 -851.6 -30.9' spd 115.9 yaw 82 mode 2 st 4 gl 1 hp 68 frg 0
ARGLOG Carmack t  20.9 pos '1970.5 -279.5  56.0' spd 320.5 yaw  87.3 mode 2 st 0 gl 0 hp 68 frg 0
ARGEVT Romero swim
ARGEVT Romero swim
ARGEVT Romero swim
ARGEVT Romero swim
ARGLOG Joe Rogan t  21.5 pos '2132.3 -30.3  24.0' spd 320.8 yaw 213.2 mode 0 st 0 gl 0 hp 73 frg 0
ARGLOG Romero t  21.5 pos '1719.4 -787.5 -32.0' spd 135.9 yaw 68 mode 2 st 4 gl 1 hp 60 frg 0
ARGEVT Romero swim
ARGLOG Carmack t  21.5 pos '1952.7 -117.5  24.0' spd 320.6 yaw  54.8 mode 0 st 0 gl 0 hp 68 frg 0
ARGEVT Joe Rogan route 6 start '2113.0   9.0  24.0' goal '2369.0 -567.0  56.0'
ARGEVT Romero swim
ARGEVT Joe Rogan hazard
ARGEVT Romero swim
ARGEVT Carmack route 6 start '1953.0 -23.0  24.0' goal '2817.0 -55.0 -72.0'
ARGEVT Romero swim
ARGEVT Romero swim
ARGLOG Joe Rogan t  22.0 pos '2097.2 -73.2  24.0' spd 334.5 yaw 176.7 mode 2 st 0 gl 0 hp 64 frg 0
ARGLOG Romero t  22.0 pos '1728.1 -720.0 -31.4' spd  33.4 yaw 66 mode 2 st 4 gl 1 hp 44 frg 0
ARGLOG Carmack t  22.0 pos '1928.4 -13.7  24.0' spd 237.3 yaw 325.0 mode 2 st 0 gl 0 hp 68 frg 0
ARGEVT Romero swim
ARGEVT Romero swim
ARGEVT Romero swim
ARGEVT Romero swim
ARGLOG Joe Rogan t  22.5 pos '2030.2 -221.1  24.0' spd 320.0 yaw 156.2 mode 2 st 0 gl 0 hp 55 frg 0
ARGLOG Romero t  22.5 pos '1744.0 -720.0 -31.1' spd 0 yaw 60 mode 2 st 4 gl 1 hp 36 frg 0
ARGLOG Carmack t  22.5 pos '1904.9 -171.8  24.0' spd 261.7 yaw 315.0 mode 2 st 0 gl 0 hp 68 frg 0
ARGEVT Romero swim
ARGEVT Romero swim
ARGUS Joe Rogan threatmove retreat 2
ARGEVT Joe Rogan retreat
ARGEVT Romero swim
ARGEVT Romero swim
ARGEVT Joe Rogan weapon axe
ARGUS Carmack threatmove range 1
ARGLOG Joe Rogan t  23.0 pos '1969.3 -378.9 104.0' spd 320.0 yaw  86.6 mode 2 st 0 gl 0 hp 28 frg 0
ARGLOG Romero t  23.0 pos '1744.0 -754.9 -32.5' spd 0 yaw 59 mode 2 st 4 gl 1 hp 28 frg 0
ARGEVT Romero swim
ARGLOG Carmack t  23.0 pos '2043.2 -146.5  24.0' spd 367.1 yaw 257.7 mode 2 st 0 gl 0 hp 68 frg 0
ARGUS Joe Rogan wallslide
ARGEVT Romero swim
ARGEVT Romero swim
ARGEVT Romero swim
ARGEVT Romero swim
ARGLOG Joe Rogan t  23.5 pos '1953.0 -543.4 104.0' spd 272.2 yaw  51.1 mode 0 st 0 gl 0 hp 28 frg 0
ARGEVT Joe Rogan hazard
ARGLOG Romero t  23.5 pos '1735.0 -805.7 -31.2' spd  71.1 yaw 100.2 mode 2 st 4 gl 1 hp 12 frg 0
ARGLOG Carmack t  23.5 pos '2189.2 -231.2  24.0' spd 326.4 yaw 241.6 mode 2 st 0 gl 0 hp 68 frg 0
ARGEVT Romero swim
ARGEVT Joe Rogan route 9 start '1953.0 -535.0 104.0' goal '2369.0 -567.0  56.0'
ARGEVT Joe Rogan pursue
ARGEVT Carmack pursue
ARGEVT Romero swim
ARGEVT Romero swim
ARGEVT Romero death world pos '1734.4 -836.3 -32.0'
ARGLOG Joe Rogan t  24.0 pos '2020.8 -463.2 104.0' spd 321.0 yaw 71 mode 2 st 0 gl 0 hp 28 frg 0
ARGLOG Carmack t  24.0 pos '2171.5 -382.6   8.0' spd 343.2 yaw 202 mode 2 st 0 gl 0 hp 68 frg 0
ARGEVT Carmack hazard
ARGEVT Carmack route 6 start '2177.0 -375.0   8.0' goal '2817.0 -55.0 -72.0'
ARGUS Carmack wallslide
ARGUS Joe Rogan wallslide
ARGUS Joe Rogan hunch item_artifact_super_damage
ARGEVT Joe Rogan pursue
ARGLOG Joe Rogan t  24.5 pos '2059.7 -306.3  72.0' spd 358.6 yaw 127.4 mode 2 st 0 gl 0 hp 28 frg 0
ARGLOG Carmack t  24.5 pos '2131.6 -417.4   8.0' spd 337.1 yaw 60 mode 2 st 0 gl 0 hp 68 frg 0
ARGEVT Joe Rogan goal item_health
ARGEVT Joe Rogan route 5 start '2017.0 -279.0  56.0' goal '2593.0 -119.0 120.0'
ARGEVT Carmack pursue
ARGEVT Joe Rogan coverroute
ARGLOG Joe Rogan t  25.0 pos '2047.5 -138.2  24.0' spd 323.9 yaw 326.3 mode 2 st 0 gl 0 hp 28 frg 0
ARGLOG Carmack t  25.0 pos '2180.4 -256.4  24.0' spd 321.4 yaw 119.7 mode 2 st 0 gl 0 hp 68 frg 0
ARGEVT Romero respawn
ARGLOG Romero t  25.3 pos '2048.0 -1352.0 136.0' spd 0 yaw 213.9 mode 0 st 4 gl 1 hp 100 frg -1
ARGEVT Romero goal item_armor2
ARGEVT Romero route 3 start '2049.0 -1367.0 136.0' goal '2049.0 -983.0  32.0'
ARGEVT Carmack weapon sg
ARGUS Joe Rogan wallslide
ARGLOG Joe Rogan t  25.5 pos '2087.4  14.2  24.0' spd  33.0 yaw 316.7 mode 2 st 0 gl 0 hp 10 frg 0
ARGLOG Carmack t  25.5 pos '2234.4 -104.7  24.0' spd 320.1 yaw 146.5 mode 2 st 0 gl 0 hp 68 frg 0
ARGEVT Joe Rogan death Carmack pos '2089.1  16.0  24.0'
ARGUS Carmack watch spawn
ARGEVT Carmack goal item_armor2
ARGEVT Carmack route 4 start '2241.0 -87.0  24.0' goal '2817.0 -55.0 -72.0'
ARGEVT Romero hazard
ARGEVT Carmack hazard
ARGLOG Romero t  25.8 pos '1893.9 -1311.0  88.0' spd 373.2 yaw 52 mode 2 st 4 gl 1 hp 100 frg -1
ARGLOG Carmack t  26.0 pos '2170.5  12.1  24.0' spd 388.7 yaw 218.9 mode 2 st 0 gl 0 hp 68 frg 1
ARGLOG Romero t  26.3 pos '1936.0 -1225.6  74.9' spd 207.9 yaw  42.8 mode 2 st 4 gl 1 hp 100 frg -1
ARGLOG Carmack t  26.5 pos '2040.9 -111.9  24.0' spd 420.0 yaw 7 mode 2 st 0 gl 0 hp 68 frg 1
ARGLOG Romero t  26.8 pos '1936.0 -1093.3  20.0' spd 320.2 yaw 88 mode 2 st 4 gl 1 hp 100 frg -1
ARGLOG Carmack t  27.0 pos '2211.1 -157.8  24.0' spd 484.5 yaw 114.5 mode 2 st 0 gl 0 hp 68 frg 1
ARGEVT Joe Rogan respawn
ARGLOG Joe Rogan t  27.1 pos '2176.0 -2176.0  84.0' spd 0 yaw  72.5 mode 0 st 0 gl 0 hp 100 frg 0
ARGEVT Joe Rogan hazard
ARGEVT Joe Rogan goal item_armorInv
ARGEVT Joe Rogan route 3 start '2177.0 -2071.0  88.0' goal '2465.0 -1975.0 120.0'
ARGEVT Romero hazard
ARGLOG Romero t  27.3 pos '1936.0 -970.8  20.0' spd  35.2 yaw  56.3 mode 1 st 4 gl 1 hp 100 frg -1
ARGUS Romero wallslide
ARGLOG Carmack t  27.5 pos '2082.8 -42.8  24.0' spd 437.6 yaw 250 mode 2 st 0 gl 0 hp 68 frg 1
ARGLOG Joe Rogan t  27.6 pos '2129.0 -2062.9  88.0' spd 339.6 yaw 31 mode 2 st 0 gl 0 hp 100 frg 0
ARGLOG Romero t  27.8 pos '1914.8 -865.5  20.0' spd 143.6 yaw 334 mode 1 st 4 gl 1 hp 100 frg -1
ARGEVT Carmack route 6 start '2017.0 -183.0  24.0' goal '2817.0 -55.0 -72.0'
ARGLOG Carmack t  28.0 pos '2106.5 -216.4  24.0' spd 486.1 yaw 31 mode 2 st 0 gl 0 hp 68 frg 1
ARGLOG Joe Rogan t  28.1 pos '2217.7 -1938.2  56.0' spd  47.4 yaw 327 mode 2 st 0 gl 0 hp 100 frg 0
ARGEVT Romero hazard
ARGLOG Romero t  28.3 pos '1936.0 -909.8  20.0' spd  61.5 yaw 348 mode 1 st 4 gl 1 hp 100 frg -1
ARGEVT Joe Rogan door
ARGLOG Carmack t  28.5 pos '2263.6 -113.8  24.0' spd 333.4 yaw 16 mode 2 st 0 gl 0 hp 68 frg 1
ARGUS Romero wallslide
ARGLOG Joe Rogan t  28.6 pos '2184.7 -2087.9  88.0' spd 379.9 yaw 310.2 mode 2 st 0 gl 0 hp 100 frg 0
ARGEVT Carmack jump
ARGUS Joe Rogan wallslide
ARGLOG Romero t  28.8 pos '1936.0 -942.8  20.0' spd   1.6 yaw 3 mode 1 st 4 gl 1 hp 100 frg -1
ARGEVT Joe Rogan hazard
ARGLOG Carmack t  29.0 pos '2357.1  16.0  83.6' spd 211.5 yaw 347 mode 2 st 0 gl 0 hp 68 frg 1
ARGLOG Joe Rogan t  29.1 pos '2232.0 -2160.0  88.0' spd 0 yaw 24 mode 2 st 0 gl 0 hp 100 frg 0
ARGLOG Romero t  29.3 pos '1936.0 -941.8  20.0' spd   1.7 yaw 2 mode 1 st 4 gl 1 hp 100 frg -1
ARGEVT Romero stall
ARGEVT Romero jump
ARGLOG Carmack t  29.6 pos '2452.2 -44.3 120.0' spd 349.7 yaw 359 mode 2 st 0 gl 0 hp 68 frg 1
ARGLOG Joe Rogan t  29.6 pos '2232.0 -2160.0  88.0' spd 0 yaw 24 mode 2 st 0 gl 0 hp 100 frg 0
ARGEVT Romero route 0 start '2049.0 -983.0  32.0' goal '2049.0 -983.0  32.0'
ARGEVT Joe Rogan stall
ARGEVT Joe Rogan stallnode '2273.0 -1975.0 120.0'
ARGEVT Joe Rogan jump
ARGLOG Romero t  29.9 pos '1936.0 -936.1  60.4' spd  18.8 yaw 0 mode 1 st 5 gl 1 hp 100 frg -1
ARGEVT Joe Rogan route 3 start '2177.0 -2071.0  88.0' goal '2465.0 -1975.0 120.0'
ARGEVT Joe Rogan hazard
ARGLOG Carmack t  30.1 pos '2617.0 -73.7 120.0' spd 333.5 yaw  18.5 mode 2 st 0 gl 0 hp 68 frg 1
ARGEVT Romero hazard
ARGUS Carmack wallslide
ARGLOG Joe Rogan t  30.1 pos '2232.0 -2160.0  88.0' spd 0 yaw 24 mode 2 st 1 gl 0 hp 100 frg 0
ARGEVT Romero stall
ARGEVT Romero jump
ARGEVT Romero goal item_armorInv
ARGEVT Romero route 12 start '2049.0 -983.0  32.0' goal '2369.0 -567.0  56.0'
ARGLOG Romero t  30.4 pos '1931.2 -930.7  58.4' spd  40.3 yaw 124 mode 2 st 6 gl 1 hp 100 frg -1
ARGEVT Joe Rogan stall
ARGEVT Joe Rogan stallnode '2177.0 -2071.0  88.0'
ARGEVT Joe Rogan jump
ARGLOG Carmack t  30.6 pos '2640.0 -68.3 120.0' spd   3.3 yaw 4 mode 2 st 0 gl 0 hp 68 frg 1
ARGEVT Joe Rogan goal weapon_nailgun
ARGEVT Joe Rogan route 12 start '2177.0 -2071.0  88.0' goal '2433.0 -183.0  24.0'
ARGLOG Joe Rogan t  30.6 pos '2231.0 -2163.4  92.4' spd  30.1 yaw 244.8 mode 0 st 2 gl 0 hp 100 frg 0
ARGEVT Romero routefail
ARGUS routecache adopt
ARGEVT Joe Rogan route 12 start '2177.0 -2071.0  88.0' goal '2433.0 -183.0  24.0'
ARGLOG Romero t  30.9 pos '1936.0 -904.7  20.0' spd  12.0 yaw 29 mode 0 st 6 gl 1 hp 100 frg -1
ARGUS Romero wallslide
ARGEVT Joe Rogan routefail
ARGLOG Carmack t  31.1 pos '2640.0 -66.8 120.0' spd   2.3 yaw 3 mode 2 st 0 gl 0 hp 68 frg 1
ARGEVT Joe Rogan hazard
ARGLOG Joe Rogan t  31.1 pos '2225.8 -2305.5  88.0' spd 418.6 yaw 352.0 mode 0 st 2 gl 0 hp 100 frg 0
