LOG started on: 09/18/2026 07:27:06 
Playing registered version.
UDP Initialized
WIPX_OpenSocket: Address family not supported by protocol family
WIPX_Init: Unable to open control socket, IPX disabled
Exe: 20:02:47 Jul 31 2024
256.0 megabyte heap

Language initialization
Couldn't load 'localization/loc_english.txt'
from 'C:\argus\engine'

========= Quake Initialized =========

execing autoexec.cfg
SpawnServer: e1m8
Clearing memory
Programs occupy 908K.
trying to open external vis file
maps/e1m8.vis not found, trying argus.vis
external vis not found
ARGUS slots 8
ARGUS worldspawn reached
ARGNAV 127 nodes, 1073 links
31 entities inhibited
ARGUS init on e1m8
ARGEVT Carmack spawned
ARGEVT Romero spawned
ARGEVT Joe Rogan spawned
Server spawned.
ARGLOG Joe Rogan t   1.2 pos '384.0 -256.0 -712.0' spd 0 yaw 177.6 mode 0 st 0 gl 0 hp 100 frg 0
ARGLOG Romero t   1.2 pos '880.0 128.0  24.0' spd 0 yaw 317.5 mode 0 st 0 gl 0 hp 100 frg 0
ARGLOG Carmack t   1.2 pos '1000.0 -136.0 -712.0' spd 0 yaw  29.6 mode 0 st 0 gl 0 hp 100 frg 0
ARGEVT Romero hazard
ARGLOG Joe Rogan t   1.7 pos '238.8 -248.4 -712.0' spd 320 yaw 177.6 mode 0 st 0 gl 0 hp 100 frg 0
ARGLOG Romero t   1.7 pos '877.9 119.0  24.0' spd 320.1 yaw 149.7 mode 0 st 0 gl 0 hp 100 frg 0
ARGLOG Carmack t   1.7 pos '1115.5 -95.9 -712.0' spd 270.8 yaw 264.3 mode 0 st 0 gl 0 hp 100 frg 0
ARGLOG Joe Rogan t   2.2 pos ' 78.4 -240.0 -712.0' spd 320 yaw 177.6 mode 0 st 0 gl 0 hp 100 frg 0
ARGLOG Romero t   2.2 pos '920.1 112.4  24.0' spd 333.4 yaw  89.8 mode 0 st 0 gl 0 hp 100 frg 0
ARGLOG Carmack t   2.2 pos '1198.0 -109.4 -712.0' spd 324.2 yaw  57.4 mode 0 st 0 gl 0 hp 100 frg 0
ARGLOG Joe Rogan t   2.7 pos ' 75.7 -141.4 -712.0' spd 323.2 yaw  46.2 mode 0 st 0 gl 0 hp 100 frg 0
ARGLOG Romero t   2.7 pos '886.1  79.5  24.0' spd 320.2 yaw 246.2 mode 0 st 0 gl 0 hp 100 frg 0
ARGLOG Carmack t   2.7 pos '1164.0 -156.4 -712.0' spd 176.5 yaw  83.1 mode 0 st 0 gl 0 hp 100 frg 0
ARGLOG Joe Rogan t   3.2 pos ' 31.8 -119.6 -712.0' spd 191.3 yaw 332.0 mode 0 st 0 gl 0 hp 100 frg 0
ARGLOG Romero t   3.2 pos '911.2 180.3  24.0' spd 320.0 yaw  72.1 mode 0 st 0 gl 0 hp 100 frg 0
ARGLOG Carmack t   3.2 pos '1209.1 -155.5 -712.0' spd 321.5 yaw 294.4 mode 0 st 0 gl 0 hp 100 frg 0
ARGUS Romero wallslide
ARGLOG Joe Rogan t   3.7 pos ' 40.9 -189.6 -712.0' spd 279.6 yaw  53.8 mode 0 st 0 gl 0 hp 100 frg 0
ARGLOG Romero t   3.7 pos '912.0 240.0  24.0' spd 0 yaw  72.1 mode 0 st 0 gl 0 hp 100 frg 0
ARGLOG Carmack t   3.7 pos '1284.2 -301.6 -712.0' spd 320.0 yaw 294.4 mode 0 st 0 gl 0 hp 100 frg 0
ARGEVT Joe Rogan plan powerup via weapon
ARGEVT Joe Rogan goal weapon_rocketlauncher
ARGEVT Romero goal weapon_rocketlauncher
ARGEVT Carmack plan powerup via weapon
ARGEVT Carmack goal weapon_supernailgun
ARGEVT Romero hazard
ARGEVT Joe Rogan route 11 start ' 65.0 -127.0 -712.0' goal '1249.0 -127.0 -552.0'
ARGLOG Joe Rogan t   4.2 pos ' 81.6 -53.6 -712.0' spd 345.3 yaw 56 mode 2 st 0 gl 0 hp 100 frg 0
ARGLOG Romero t   4.2 pos '911.7 240.0  24.0' spd  21.1 yaw   1.4 mode 0 st 0 gl 0 hp 100 frg 0
ARGLOG Carmack t   4.2 pos '1299.5 -384.2 -712.0' spd 323.6 yaw 134 mode 0 st 0 gl 0 hp 100 frg 0
ARGEVT Romero route 1 start '833.0 -159.0 -368.0' goal '833.0 -383.0 -368.0'
ARGUS Romero wallslide
ARGUS routecache adopt
ARGEVT Romero route 1 start '833.0 -159.0 -368.0' goal '833.0 -383.0 -368.0'
ARGEVT Carmack hazard
ARGEVT Carmack route 16 start '1153.0 -223.0 -752.0' goal '673.0 257.0 -454.0'
ARGEVT Romero route 1 start '833.0 -159.0 -368.0' goal '833.0 -383.0 -368.0'
ARGLOG Joe Rogan t   4.8 pos ' 82.0 115.5 -712.0' spd 351.3 yaw 344 mode 2 st 0 gl 0 hp 100 frg 0
ARGLOG Romero t   4.8 pos '908.4 140.1  24.0' spd 322.6 yaw 262 mode 2 st 0 gl 0 hp 100 frg 0
ARGLOG Carmack t   4.8 pos '1231.8 -232.9 -712.0' spd 371.3 yaw 195 mode 2 st 0 gl 0 hp 100 frg 0
ARGEVT Romero hazard
ARGLOG Joe Rogan t   5.3 pos '236.2 202.7 -712.0' spd 388.7 yaw 358 mode 2 st 0 gl 0 hp 100 frg 0
ARGLOG Romero t   5.3 pos '909.1  60.5  24.0' spd 110.2 yaw 261 mode 2 st 0 gl 0 hp 100 frg 0
ARGLOG Carmack t   5.3 pos '1113.1 -169.9 -712.0' spd 341.0 yaw 229 mode 2 st 0 gl 0 hp 100 frg 0
ARGEVT Joe Rogan hazard
ARGUS Romero wallslide
ARGEVT Carmack hazard
ARGLOG Joe Rogan t   5.8 pos '318.5  61.7 -712.0' spd 339.3 yaw 16 mode 2 st 0 gl 0 hp 100 frg 0
ARGLOG Romero t   5.8 pos '883.8  48.6  24.0' spd 156.3 yaw 264 mode 2 st 0 gl 0 hp 100 frg 0
ARGLOG Carmack t   5.8 pos '988.0 -171.1 -712.0' spd  59.8 yaw 246 mode 2 st 0 gl 0 hp 100 frg 0
ARGDBG Joe Rogan hazardproof 2 slime 2 lava 2
ARGDBG Romero hazardproof 2 slime 2 lava 2
ARGDBG Carmack hazardproof 2 slime 2 lava 2
ARGEVT Romero hazard
ARGLOG Joe Rogan t   6.3 pos '457.1 102.2 -646.7' spd 371.3 yaw 16 mode 2 st 0 gl 0 hp 100 frg 0
ARGLOG Romero t   6.3 pos '894.9  49.4  24.0' spd 192.5 yaw 262 mode 2 st 0 gl 0 hp 100 frg 0
ARGLOG Carmack t   6.3 pos '1064.2 -175.9 -712.0' spd  45.6 yaw 234 mode 2 st 0 gl 0 hp 100 frg 0
ARGEVT Joe Rogan jump
ARGEVT Carmack hazard
ARGUS Romero wallslide
ARGLOG Joe Rogan t   6.8 pos '488.6 288.3 -537.7' spd 377.0 yaw 283 mode 2 st 0 gl 0 hp 100 frg 0
ARGLOG Romero t   6.8 pos '878.6  48.4  24.0' spd 150.2 yaw 264 mode 2 st 0 gl 0 hp 100 frg 0
ARGLOG Carmack t   6.8 pos '1082.3 -169.5 -712.0' spd  33.1 yaw 232 mode 2 st 0 gl 0 hp 100 frg 0
ARGLOG Joe Rogan t   7.3 pos '651.9 313.0 -433.3' spd 408.3 yaw 261 mode 2 st 0 gl 0 hp 100 frg 0
ARGLOG Romero t   7.3 pos '867.8  48.4  24.0' spd 150.4 yaw 266 mode 2 st 0 gl 0 hp 100 frg 0
ARGLOG Carmack t   7.3 pos '1109.8 -174.6 -712.0' spd  41.3 yaw 229 mode 2 st 0 gl 0 hp 100 frg 0
ARGEVT Romero stall
ARGEVT Romero stallnode '833.0 -159.0 -368.0'
ARGEVT Romero jump
ARGUS routecache adopt
ARGEVT Romero route 1 start '833.0 -159.0 -368.0' goal '833.0 -383.0 -368.0'
ARGEVT Carmack goal weapon_rocketlauncher
ARGEVT Carmack route 20 start '1153.0 -223.0 -752.0' goal '1249.0 -127.0 -552.0'
ARGLOG Joe Rogan t   7.8 pos '747.7 130.8 -353.2' spd 432.1 yaw 237 mode 2 st 0 gl 0 hp 100 frg 0
ARGLOG Romero t   7.8 pos '863.4  48.0  94.6' spd  16.1 yaw 266 mode 2 st 1 gl 0 hp 100 frg 0
ARGLOG Carmack t   7.8 pos '998.0 -153.2 -712.0' spd 344.4 yaw 128 mode 2 st 0 gl 0 hp 100 frg 0
ARGEVT Carmack hazard
ARGUS Carmack wallslide
ARGLOG Joe Rogan t   8.3 pos '640.0  16.0 -299.1' spd 280.0 yaw 247 mode 2 st 0 gl 0 hp 100 frg 0
ARGLOG Romero t   8.3 pos '848.0  48.0  73.0' spd 0 yaw 269 mode 2 st 1 gl 0 hp 100 frg 0
ARGLOG Carmack t   8.3 pos '1097.1 -80.0 -712.0' spd 324.8 yaw 251 mode 2 st 0 gl 0 hp 100 frg 0
ARGLOG Joe Rogan t   8.8 pos '499.4  31.1 -271.6' spd 292.3 yaw 297 mode 2 st 0 gl 0 hp 100 frg 0
ARGLOG Romero t   8.8 pos '848.0  48.0  25.7' spd 0 yaw 269 mode 2 st 1 gl 0 hp 100 frg 0
ARGLOG Carmack t   8.8 pos '1223.9 -162.6 -712.0' spd 202.4 yaw 182.1 mode 2 st 0 gl 0 hp 100 frg 0
ARGEVT Romero hazard
ARGUS Romero wallslide
ARGLOG Joe Rogan t   9.3 pos '457.9 168.3 -269.8' spd 326.8 yaw 292 mode 2 st 0 gl 0 hp 100 frg 0
ARGLOG Romero t   9.3 pos '853.0  61.8  24.0' spd 204.8 yaw 268 mode 2 st 1 gl 0 hp 100 frg 0
ARGLOG Carmack t   9.3 pos '1065.5 -125.6 -712.0' spd 326.2 yaw 135 mode 2 st 0 gl 0 hp 100 frg 0
ARGEVT Carmack hazard
ARGLOG Joe Rogan t   9.8 pos '606.9 190.3 -294.1' spd 364.6 yaw 265 mode 2 st 0 gl 0 hp 100 frg 0
ARGLOG Romero t   9.8 pos '883.3  48.0  24.0' spd 187.9 yaw 183.3 mode 2 st 1 gl 0 hp 100 frg 0
ARGLOG Carmack t   9.8 pos '1002.2 -162.8 -712.0' spd 290.4 yaw 223.3 mode 2 st 0 gl 0 hp 100 frg 0
ARGEVT Romero hazard
ARGUS Carmack wallslide
ARGUS Romero wallslide
ARGLOG Joe Rogan t  10.3 pos '543.7  50.9 -344.4' spd 402.6 yaw 281 mode 2 st 0 gl 0 hp 100 frg 0
ARGLOG Romero t  10.3 pos '855.6  60.3  24.0' spd 331.5 yaw 268 mode 2 st 1 gl 0 hp 100 frg 0
ARGLOG Carmack t  10.3 pos '977.8 -91.7 -712.0' spd 175.3 yaw 253 mode 2 st 0 gl 0 hp 100 frg 0
ARGEVT Carmack hazard
ARGLOG Joe Rogan t  10.9 pos '526.0 201.4 -421.2' spd 436.5 yaw 279 mode 2 st 0 gl 0 hp 100 frg 0
ARGLOG Romero t  10.9 pos '887.3  48.5  24.0' spd 255.6 yaw 263 mode 2 st 1 gl 0 hp 100 frg 0
ARGLOG Carmack t  10.9 pos '1043.4 -167.5 -712.0' spd 294.5 yaw 238 mode 2 st 0 gl 0 hp 100 frg 0
ARGEVT Romero hazard
ARGUS Romero wallslide
ARGLOG Joe Rogan t  11.4 pos '590.8  54.5 -524.1' spd 466.3 yaw 266 mode 2 st 0 gl 0 hp 100 frg 0
ARGLOG Romero t  11.4 pos '893.8  48.4  24.0' spd  82.8 yaw 262 mode 2 st 1 gl 0 hp 100 frg 0
ARGLOG Carmack t  11.4 pos '1096.6 -170.4 -712.0' spd  37.1 yaw 231 mode 2 st 0 gl 0 hp 100 frg 0
ARGEVT Romero stall
ARGEVT Romero stallnode '833.0 -159.0 -368.0'
ARGEVT Romero jump
ARGEVT Carmack hazard
ARGEVT Romero route 1 start '833.0 -159.0 -368.0' goal '833.0 -383.0 -368.0'
ARGLOG Joe Rogan t  11.9 pos '464.0 183.2 -638.8' spd 388.4 yaw 291 mode 2 st 0 gl 0 hp 100 frg 0
ARGLOG Romero t  11.9 pos '848.0  48.0  91.4' spd 0 yaw 269 mode 2 st 2 gl 0 hp 100 frg 0
ARGLOG Carmack t  11.9 pos '1115.6 -169.3 -712.0' spd  79.0 yaw 228 mode 2 st 0 gl 0 hp 100 frg 0
ARGLOG Joe Rogan t  12.4 pos '527.5 229.0 -566.3' spd 138.5 yaw 278 mode 2 st 0 gl 0 hp 100 frg 0
ARGLOG Romero t  12.4 pos '848.0  48.0  84.0' spd 0 yaw 269 mode 2 st 2 gl 0 hp 100 frg 0
ARGLOG Carmack t  12.4 pos '1142.1 -177.9 -712.0' spd  39.8 yaw 225 mode 2 st 0 gl 0 hp 100 frg 0
ARGEVT Carmack hazard
ARGLOG Joe Rogan t  12.9 pos '590.9 203.6 -493.8' spd 142.4 yaw 268 mode 2 st 0 gl 0 hp 100 frg 0
ARGLOG Romero t  12.9 pos '848.0  48.0  46.1' spd 0 yaw 269 mode 2 st 2 gl 0 hp 100 frg 0
ARGLOG Carmack t  12.9 pos '1160.7 -180.2 -712.0' spd  34.9 yaw 223 mode 2 st 0 gl 0 hp 100 frg 0
ARGEVT Romero hazard
ARGUS Romero wallslide
ARGLOG Joe Rogan t  13.4 pos '619.0 132.4 -444.7' spd 168.3 yaw 261 mode 2 st 0 gl 0 hp 100 frg 0
ARGLOG Romero t  13.4 pos '874.0  48.0  24.0' spd  89.7 yaw 265 mode 2 st 2 gl 0 hp 100 frg 0
ARGLOG Carmack t  13.4 pos '1124.2 -179.1 -712.0' spd 321.3 yaw 226 mode 2 st 0 gl 0 hp 100 frg 0
ARGEVT Carmack hazard
ARGLOG Joe Rogan t  13.9 pos '556.8  70.1 -421.9' spd 204.4 yaw 276 mode 2 st 0 gl 0 hp 100 frg 0
ARGLOG Romero t  13.9 pos '882.8  48.6  24.0' spd 162.1 yaw 264 mode 2 st 2 gl 0 hp 100 frg 0
ARGLOG Carmack t  13.9 pos '998.2 -166.3 -712.0' spd 119.6 yaw 245 mode 2 st 0 gl 0 hp 100 frg 0
ARGEVT Romero hazard
ARGUS Romero wallslide
ARGLOG Joe Rogan t  14.4 pos '501.3 148.6 -425.4' spd 252.0 yaw 323 mode 2 st 0 gl 0 hp 100 frg 0
ARGLOG Romero t  14.4 pos '886.9  48.0  24.0' spd  86.2 yaw 263 mode 2 st 2 gl 0 hp 100 frg 0
ARGLOG Carmack t  14.4 pos '1071.7 -179.7 -712.0' spd  93.2 yaw 233 mode 2 st 0 gl 0 hp 100 frg 0
ARGEVT Romero stall
ARGEVT Romero stallnode '833.0 -159.0 -368.0'
ARGEVT Romero jump
ARGUS routecache adopt
ARGEVT Romero route 1 start '833.0 -159.0 -368.0' goal '833.0 -383.0 -368.0'
ARGEVT Carmack hazard
ARGLOG Joe Rogan t  14.9 pos '629.0 161.9 -455.1' spd 277.6 yaw 310 mode 2 st 0 gl 0 hp 100 frg 0
ARGLOG Romero t  14.9 pos '875.2  48.0  93.8' spd  74.8 yaw 265 mode 2 st 3 gl 0 hp 100 frg 0
ARGLOG Carmack t  14.9 pos '1095.0 -175.6 -712.0' spd  36.3 yaw 230 mode 2 st 0 gl 0 hp 100 frg 0
ARGLOG Joe Rogan t  15.5 pos '757.2  88.3 -512.9' spd 290.6 yaw 297 mode 2 st 0 gl 0 hp 100 frg 0
ARGLOG Romero t  15.5 pos '848.0  48.0  68.8' spd 0 yaw 269 mode 2 st 3 gl 0 hp 100 frg 0
ARGLOG Carmack t  15.5 pos '1027.3 -179.7 -712.0' spd 324.8 yaw 239 mode 2 st 0 gl 0 hp 100 frg 0
ARGUS Joe Rogan bodyblock
ARGEVT Carmack hazard
ARGEVT Romero hazard
ARGLOG Joe Rogan t  16.0 pos '802.3  18.6 -595.1' spd  44.4 yaw 294 mode 2 st 0 gl 0 hp 100 frg 0
ARGLOG Romero t  16.0 pos '849.7  48.2  24.0' spd  60.1 yaw 268 mode 2 st 3 gl 0 hp 100 frg 0
ARGLOG Carmack t  16.0 pos '1044.2 -178.9 -712.0' spd 205.0 yaw 237 mode 2 st 0 gl 0 hp 100 frg 0
ARGUS Romero wallslide
ARGEVT Joe Rogan hazard
ARGLOG Joe Rogan t  16.5 pos '786.5  36.0 -640.0' spd  39.6 yaw 296 mode 2 st 0 gl 0 hp 100 frg 0
ARGLOG Romero t  16.5 pos '886.8  50.1  24.0' spd  64.9 yaw 263 mode 2 st 3 gl 0 hp 100 frg 0
ARGLOG Carmack t  16.5 pos '1077.9 -172.5 -712.0' spd  41.9 yaw 233 mode 2 st 0 gl 0 hp 100 frg 0
ARGEVT Carmack hazard
ARGEVT Romero hazard
ARGLOG Joe Rogan t  17.0 pos '784.0  42.4 -635.5' spd  45.7 yaw 296 mode 2 st 0 gl 0 hp 100 frg 0
ARGLOG Romero t  17.0 pos '856.8  53.5  24.0' spd  30.8 yaw 267 mode 2 st 3 gl 0 hp 100 frg 0
ARGLOG Carmack t  17.0 pos '1097.0 -168.5 -712.0' spd  37.9 yaw 231 mode 2 st 0 gl 0 hp 100 frg 0
ARGUS Romero wallslide
ARGEVT Joe Rogan stall
ARGEVT Joe Rogan stallnode '577.0 -127.0 -552.0'
ARGEVT Romero stall
ARGEVT Romero stallnode '833.0 -159.0 -368.0'
ARGEVT Romero jump
ARGUS routecache adopt
ARGEVT Romero route 1 start '833.0 -159.0 -368.0' goal '833.0 -383.0 -368.0'
ARGEVT Joe Rogan route 8 start '897.0  33.0 -640.0' goal '1249.0 -127.0 -552.0'
ARGEVT Joe Rogan hazard
ARGLOG Joe Rogan t  17.5 pos '793.5  20.8 -640.0' spd 142.2 yaw 86 mode 2 st 1 gl 0 hp 100 frg 0
ARGLOG Romero t  17.5 pos '878.8  48.0  84.5' spd  70.3 yaw 264 mode 2 st 4 gl 0 hp 100 frg 0
ARGLOG Carmack t  17.5 pos '1114.9 -164.7 -712.0' spd  36.3 yaw 229 mode 2 st 0 gl 0 hp 100 frg 0
ARGUS Joe Rogan bodyblock
ARGEVT Carmack hazard
ARGLOG Joe Rogan t  18.0 pos '796.2  77.7 -604.8' spd 366.4 yaw 86 mode 2 st 1 gl 0 hp 100 frg 0
ARGLOG Romero t  18.0 pos '848.0  57.0  85.6' spd  30.0 yaw 269 mode 2 st 4 gl 0 hp 100 frg 0
ARGLOG Carmack t  18.0 pos '1141.3 -173.9 -712.0' spd  44.1 yaw 225 mode 2 st 0 gl 0 hp 100 frg 0
ARGEVT Joe Rogan hazard
ARGLOG Joe Rogan t  18.5 pos '916.4 229.7 -639.7' spd 442.0 yaw 211 mode 2 st 1 gl 0 hp 100 frg 0
ARGLOG Romero t  18.5 pos '848.0  48.0  49.0' spd 0 yaw 269 mode 2 st 4 gl 0 hp 100 frg 0
ARGLOG Carmack t  18.5 pos '1159.5 -179.8 -712.0' spd  77.8 yaw 223 mode 2 st 0 gl 0 hp 100 frg 0
ARGEVT Romero hazard
ARGUS Romero wallslide
ARGEVT Carmack hazard
ARGLOG Joe Rogan t  19.0 pos '1079.2  97.5 -657.9' spd 453.0 yaw 167 mode 2 st 1 gl 0 hp 100 frg 0
ARGLOG Romero t  19.0 pos '868.6  49.1  24.0' spd  71.2 yaw 266 mode 2 st 4 gl 0 hp 100 frg 0
ARGLOG Carmack t  19.0 pos '1025.0 -173.1 -712.0' spd 259.2 yaw 240 mode 2 st 0 gl 0 hp 100 frg 0
ARGLOG Joe Rogan t  19.6 pos '1065.7  16.0 -702.0' spd  62.1 yaw 151 mode 2 st 1 gl 0 hp 100 frg 0
ARGLOG Romero t  19.6 pos '900.0  51.8  24.0' spd  33.4 yaw 262 mode 2 st 4 gl 0 hp 100 frg 0
ARGLOG Carmack t  19.6 pos '1043.5 -178.6 -712.0' spd 223.2 yaw 237 mode 2 st 0 gl 0 hp 100 frg 0
ARGEVT Romero hazard
ARGEVT Carmack hazard
ARGEVT Joe Rogan jump
ARGLOG Joe Rogan t  20.1 pos '936.8  29.8 -679.4' spd 320.0 yaw 165 mode 2 st 1 gl 0 hp 100 frg 0
ARGLOG Romero t  20.1 pos '866.2  52.0  24.0' spd 138.5 yaw 266 mode 2 st 4 gl 0 hp 100 frg 0
ARGLOG Carmack t  20.1 pos '1087.1 -178.4 -712.0' spd  38.1 yaw 231 mode 2 st 0 gl 0 hp 100 frg 0
ARGUS Romero bodyblock
ARGLOG Joe Rogan t  20.6 pos '916.3  45.0 -561.0' spd  40.1 yaw 167 mode 2 st 1 gl 0 hp 100 frg 0
ARGLOG Romero t  20.6 pos '892.8  76.3  24.0' spd  30.8 yaw 263 mode 2 st 4 gl 0 hp 100 frg 0
ARGLOG Carmack t  20.6 pos '1106.1 -175.4 -712.0' spd  37.0 yaw 229 mode 2 st 0 gl 0 hp 100 frg 0
ARGEVT Carmack hazard
ARGUS Joe Rogan bodyblock
ARGLOG Joe Rogan t  21.1 pos '934.1  51.1 -468.5' spd  41.5 yaw 168 mode 2 st 1 gl 0 hp 100 frg 0
ARGLOG Romero t  21.1 pos '902.8  68.9  24.0' spd 118.1 yaw 262 mode 2 st 4 gl 0 hp 100 frg 0
ARGLOG Carmack t  21.1 pos '1112.6 -174.3 -712.0' spd 185.0 yaw 228 mode 2 st 0 gl 0 hp 100 frg 0
ARGLOG Joe Rogan t  21.6 pos '937.0  69.4 -402.8' spd  44.3 yaw 171 mode 2 st 1 gl 0 hp 100 frg 0
ARGLOG Romero t  21.6 pos '906.0  87.7  24.0' spd  65.8 yaw 262 mode 2 st 4 gl 0 hp 100 frg 0
ARGLOG Carmack t  21.6 pos '987.5 -175.0 -712.0' spd  19.6 yaw 246 mode 2 st 0 gl 0 hp 100 frg 0
ARGEVT Carmack hazard
ARGLOG Joe Rogan t  22.1 pos '950.0  84.2 -363.0' spd  47.1 yaw 173 mode 2 st 1 gl 0 hp 100 frg 0
ARGLOG Romero t  22.1 pos '908.7  85.0  24.0' spd 153.5 yaw 261 mode 2 st 4 gl 0 hp 100 frg 0
ARGLOG Carmack t  22.1 pos '1066.5 -184.2 -712.0' spd  37.3 yaw 233 mode 2 st 0 gl 0 hp 100 frg 0
ARGUS Romero bodyblock
ARGEVT Romero hazard
ARGLOG Joe Rogan t  22.6 pos '944.1 108.2 -349.6' spd  49.9 yaw 177 mode 2 st 1 gl 0 hp 100 frg 0
ARGLOG Romero t  22.6 pos '853.0  71.8  24.0' spd 161.0 yaw 268 mode 2 st 4 gl 0 hp 100 frg 0
ARGLOG Carmack t  22.6 pos '1082.8 -177.4 -712.0' spd  35.3 yaw 232 mode 2 st 0 gl 0 hp 100 frg 0
ARGUS Romero wallslide
ARGEVT Carmack hazard
ARGLOG Joe Rogan t  23.1 pos '935.6 133.4 -362.4' spd  53.7 yaw 181 mode 2 st 1 gl 0 hp 100 frg 0
ARGLOG Romero t  23.1 pos '868.4  48.6  24.0' spd 212.8 yaw 266 mode 2 st 4 gl 0 hp 100 frg 0
ARGLOG Carmack t  23.1 pos '1101.5 -173.4 -712.0' spd  34.1 yaw 230 mode 2 st 0 gl 0 hp 100 frg 0
ARGEVT Romero hazard
ARGLOG Joe Rogan t  23.7 pos '923.3 159.2 -401.5' spd  58.0 yaw 185 mode 2 st 1 gl 0 hp 100 frg 0
ARGLOG Romero t  23.7 pos '897.2  49.7  24.0' spd  53.2 yaw 262 mode 2 st 4 gl 0 hp 100 frg 0
ARGLOG Carmack t  23.7 pos '1116.1 -170.1 -712.0' spd  76.3 yaw 228 mode 2 st 0 gl 0 hp 100 frg 0
ARGEVT Romero stall
ARGEVT Romero stallnode '833.0 -159.0 -368.0'
ARGEVT Romero jump
ARGEVT Romero route 1 start '833.0 -159.0 -368.0' goal '833.0 -383.0 -368.0'
ARGEVT Carmack hazard
ARGEVT Joe Rogan abandon
ARGEVT Joe Rogan goal item_artifact_invulnerability
ARGEVT Romero abandon
ARGEVT Romero goal item_health
ARGEVT Joe Rogan route 3 start '801.0 161.0 -549.0' goal '673.0 545.0 -712.0'
ARGLOG Joe Rogan t  24.2 pos '905.1 185.0 -467.0' spd  64.8 yaw 150 mode 2 st 1 gl 0 hp 100 frg 0
ARGLOG Romero t  24.2 pos '865.0  48.0  94.4' spd  73.8 yaw 223.2 mode 0 st 5 gl 0 hp 100 frg 0
ARGLOG Carmack t  24.2 pos '987.8 -175.6 -712.0' spd  60.6 yaw 246 mode 2 st 0 gl 0 hp 100 frg 0
ARGEVT Romero routefail
ARGEVT Romero goal item_armor2
ARGEVT Romero route 1 start '833.0 -159.0 -368.0' goal '833.0 -383.0 -368.0'
ARGLOG Joe Rogan t  24.7 pos '879.4 208.6 -558.0' spd  71.2 yaw 108 mode 2 st 1 gl 0 hp 100 frg 0
ARGLOG Romero t  24.7 pos '848.0  60.2  72.3' spd  66.7 yaw 269 mode 2 st 5 gl 0 hp 100 frg 0
ARGLOG Carmack t  24.7 pos '1069.4 -183.8 -712.0' spd  99.1 yaw 233 mode 2 st 0 gl 0 hp 100 frg 0
ARGEVT Carmack hazard
ARGLOG Joe Rogan t  25.2 pos '885.0 234.9 -644.5' spd 119.7 yaw 124 mode 2 st 1 gl 0 hp 100 frg 0
ARGLOG Romero t  25.2 pos '848.0  49.6  24.1' spd  38.4 yaw 269 mode 2 st 5 gl 0 hp 100 frg 0
ARGLOG Carmack t  25.2 pos '1094.3 -183.4 -712.0' spd  40.6 yaw 229 mode 2 st 0 gl 0 hp 100 frg 0
ARGEVT Romero hazard
ARGUS Romero wallslide
ARGLOG Joe Rogan t  25.7 pos '939.1 283.0 -706.4' spd 166.2 yaw 135 mode 2 st 1 gl 0 hp 100 frg 0
ARGLOG Romero t  25.7 pos '888.5  48.3  24.0' spd  63.2 yaw 263 mode 2 st 5 gl 0 hp 100 frg 0
ARGLOG Carmack t  25.7 pos '1114.4 -183.0 -712.0' spd  38.8 yaw 227 mode 2 st 0 gl 0 hp 100 frg 0
ARGEVT Carmack hazard
ARGUS Joe Rogan hazardpass pent lava
ARGLOG Joe Rogan t  26.2 pos '948.7 372.9 -752.0' spd 337.5 yaw 148 mode 2 st 1 gl 0 hp 100 frg 0
ARGLOG Romero t  26.2 pos '856.5  53.0  24.0' spd  24.9 yaw 267 mode 2 st 5 gl 0 hp 100 frg 0
ARGEVT Romero hazard
ARGLOG Carmack t  26.2 pos '1133.1 -182.7 -712.0' spd  36.1 yaw 225 mode 2 st 0 gl 0 hp 100 frg 0
ARGUS Joe Rogan wallslide
ARGUS Romero wallslide
ARGEVT Romero stall
ARGEVT Romero stallnode '833.0 -159.0 -368.0'
ARGEVT Romero jump
ARGLOG Joe Rogan t  26.7 pos '944.3 467.8 -752.0' spd  32.1 yaw 164 mode 2 st 1 gl 0 hp 100 frg 0
ARGLOG Romero t  26.7 pos '900.3  48.0  72.4' spd  71.1 yaw 315.5 mode 0 st 6 gl 0 hp 100 frg 0
ARGLOG Carmack t  26.7 pos '1151.4 -183.7 -712.0' spd  32.9 yaw 223 mode 2 st 0 gl 0 hp 100 frg 0
ARGUS routecache adopt
ARGEVT Romero route 1 start '833.0 -159.0 -368.0' goal '833.0 -383.0 -368.0'
ARGEVT Carmack hazard
ARGLOG Joe Rogan t  27.2 pos '944.0 463.1 -752.0' spd   6.3 yaw 163 mode 2 st 1 gl 0 hp 100 frg 0
ARGLOG Romero t  27.2 pos '894.5  48.0  87.5' spd  84.9 yaw 262 mode 2 st 6 gl 0 hp 100 frg 0
ARGLOG Carmack t  27.2 pos '1169.2 -185.5 -712.0' spd  35.2 yaw 221 mode 2 st 0 gl 0 hp 100 frg 0
ARGEVT Carmack abandon
ARGEVT Carmack goal weapon_rocketlauncher
ARGEVT Carmack routefail
ARGLOG Joe Rogan t  27.7 pos '944.0 460.6 -752.0' spd   4.5 yaw 162 mode 2 st 1 gl 0 hp 100 frg 0
ARGLOG Romero t  27.7 pos '848.0  48.0  53.5' spd 0 yaw 269 mode 2 st 6 gl 0 hp 100 frg 0
ARGLOG Carmack t  27.7 pos '1087.0 -161.9 -712.0' spd 322.8 yaw 158.7 mode 0 st 0 gl 0 hp 100 frg 0
ARGEVT Carmack plan powerup via weapon
ARGEVT Carmack goal weapon_supernailgun
ARGEVT Carmack routefail
ARGEVT Joe Rogan stall
ARGEVT Joe Rogan stallnode '801.0 449.0 -622.0'
ARGEVT Joe Rogan jump
ARGEVT Carmack goal item_health
ARGEVT Carmack route 18 start '1025.0 -95.0 -712.0' goal '1025.0 -351.0 -544.0'
ARGEVT Romero hazard
ARGEVT Carmack hazard
ARGUS Romero wallslide
ARGEVT Joe Rogan route 2 start '897.0 481.0 -658.0' goal '673.0 545.0 -712.0'
ARGLOG Joe Rogan t  28.3 pos '941.4 469.2 -676.7' spd  57.1 yaw 164 mode 2 st 2 gl 0 hp 100 frg 0
ARGLOG Romero t  28.3 pos '865.6  48.9  24.0' spd  74.8 yaw 266 mode 2 st 6 gl 0 hp 100 frg 0
ARGLOG Carmack t  28.3 pos '980.8 -143.3 -712.0' spd 342.3 yaw 250 mode 2 st 0 gl 0 hp 100 frg 0
ARGLOG Joe Rogan t  28.8 pos '919.7 493.5 -569.0' spd  68.2 yaw 168 mode 2 st 2 gl 0 hp 100 frg 0
ARGLOG Romero t  28.8 pos '897.6  52.6  24.0' spd  54.6 yaw 262 mode 2 st 6 gl 0 hp 100 frg 0
ARGLOG Carmack t  28.8 pos '1079.5 -176.2 -712.0' spd  41.5 yaw 232 mode 2 st 0 gl 0 hp 100 frg 0
ARGEVT Romero hazard
ARGEVT Carmack hazard
ARGUS Romero wallslide
ARGLOG Joe Rogan t  29.3 pos '890.4 515.3 -485.4' spd  75.2 yaw 172 mode 2 st 2 gl 0 hp 100 frg 0
ARGLOG Romero t  29.3 pos '874.8  48.3  24.0' spd 149.6 yaw 265 mode 2 st 6 gl 0 hp 100 frg 0
ARGLOG Carmack t  29.3 pos '1098.5 -172.5 -712.0' spd  38.0 yaw 230 mode 2 st 0 gl 0 hp 100 frg 0
ARGEVT Romero stall
ARGEVT Romero stallnode '833.0 -159.0 -368.0'
ARGEVT Romero jump
ARGEVT Romero route 1 start '833.0 -159.0 -368.0' goal '833.0 -383.0 -368.0'
ARGLOG Joe Rogan t  29.8 pos '852.6 529.9 -428.1' spd  85.1 yaw 175 mode 2 st 2 gl 0 hp 100 frg 0
ARGLOG Romero t  29.8 pos '877.8  48.0  95.1' spd  79.3 yaw 265 mode 2 st 7 gl 0 hp 100 frg 0
ARGLOG Carmack t  29.8 pos '1005.5 -178.9 -712.0' spd 240.1 yaw 243 mode 2 st 0 gl 0 hp 100 frg 0
ARGEVT Carmack hazard
ARGLOG Joe Rogan t  30.3 pos '805.8 529.4 -396.2' spd  99.1 yaw 173 mode 2 st 2 gl 0 hp 100 frg 0
ARGLOG Romero t  30.3 pos '848.0  48.0  75.2' spd 0 yaw 269 mode 2 st 7 gl 0 hp 100 frg 0
ARGLOG Carmack t  30.3 pos '1048.7 -183.3 -712.0' spd 192.0 yaw 236 mode 2 st 0 gl 0 hp 100 frg 0
ARGLOG Joe Rogan t  30.8 pos '759.8 499.7 -390.7' spd 119.3 yaw 152 mode 2 st 2 gl 0 hp 100 frg 0
ARGLOG Romero t  30.8 pos '848.0  48.0  28.9' spd 0 yaw 269 mode 2 st 7 gl 0 hp 100 frg 0
ARGLOG Carmack t  30.8 pos '1088.6 -184.8 -712.0' spd  46.3 yaw 230 mode 2 st 0 gl 0 hp 100 frg 0
ARGEVT Romero hazard
ARGUS Romero wallslide
ARGEVT Carmack hazard
ARGLOG Joe Rogan t  31.3 pos '752.2 434.7 -411.6' spd 149.8 yaw 125 mode 2 st 2 gl 0 hp 100 frg 0
ARGLOG Romero t  31.3 pos '884.9  49.3  24.0' spd  57.4 yaw 264 mode 2 st 7 gl 0 hp 100 frg 0
ARGLOG Carmack t  31.3 pos '1111.1 -185.2 -712.0' spd  39.8 yaw 227 mode 2 st 0 gl 0 hp 100 frg 0
ARGLOG Joe Rogan t  31.8 pos '820.3 439.7 -458.5' spd 201.6 yaw 144 mode 2 st 2 gl 0 hp 100 frg 0
ARGLOG Romero t  31.8 pos '857.8  52.3  24.0' spd 110.4 yaw 267 mode 2 st 7 gl 0 hp 100 frg 0
ARGLOG Carmack t  31.8 pos '1130.1 -185.5 -712.0' spd  34.6 yaw 225 mode 2 st 0 gl 0 hp 100 frg 0
ARGEVT Romero hazard
ARGEVT Carmack hazard
ARGUS Romero wallslide
ARGEVT Romero stall
ARGEVT Romero stallnode '833.0 -159.0 -368.0'
ARGEVT Romero jump
ARGUS routecache adopt
ARGEVT Romero route 1 start '833.0 -159.0 -368.0' goal '833.0 -383.0 -368.0'
ARGLOG Joe Rogan t  32.3 pos '840.6 544.3 -532.2' spd 218.5 yaw 179 mode 2 st 2 gl 0 hp 100 frg 0
ARGLOG Romero t  32.3 pos '895.7  48.0  56.9' spd   7.2 yaw 262 mode 2 st 8 gl 0 hp 100 frg 0
ARGLOG Carmack t  32.3 pos '1148.2 -185.9 -712.0' spd  35.9 yaw 223 mode 2 st 0 gl 0 hp 100 frg 0
ARGLOG Joe Rogan t  32.9 pos '787.5 646.0 -632.0' spd 238.7 yaw 222 mode 2 st 2 gl 0 hp 100 frg 0
ARGLOG Romero t  32.9 pos '858.2  48.0  89.8' spd 115.9 yaw 267 mode 2 st 8 gl 0 hp 100 frg 0
ARGLOG Carmack t  32.9 pos '1048.5 -170.1 -712.0' spd 283.9 yaw 237 mode 2 st 0 gl 0 hp 100 frg 0
ARGEVT Carmack hazard
ARGLOG Joe Rogan t  33.4 pos '675.5 642.4 -712.0' spd 355.4 yaw 269 mode 1 st 2 gl 0 hp 100 frg 0
ARGLOG Romero t  33.4 pos '848.0  48.0  58.4' spd 0 yaw 269 mode 2 st 8 gl 0 hp 100 frg 0
ARGLOG Carmack t  33.4 pos '1022.0 -176.9 -712.0' spd 234.7 yaw 240 mode 2 st 0 gl 0 hp 100 frg 0
ARGEVT Joe Rogan goal item_artifact_super_damage
ARGEVT Joe Rogan route 4 start '673.0 545.0 -712.0' goal '673.0 929.0 -728.0'
ARGEVT Romero hazard
ARGUS Romero wallslide
ARGLOG Joe Rogan t  33.9 pos '625.6 476.4 -712.0' spd 396.5 yaw 137 mode 2 st 2 gl 1 hp 100 frg 0
ARGUS Joe Rogan wallslide
ARGLOG Romero t  33.9 pos '860.7  48.4  24.0' spd  80.4 yaw 267 mode 2 st 8 gl 0 hp 100 frg 0
ARGLOG Carmack t  33.9 pos '1082.4 -179.2 -712.0' spd  41.1 yaw 231 mode 2 st 0 gl 0 hp 100 frg 0
ARGEVT Carmack hazard
ARGLOG Joe Rogan t  34.4 pos '629.6 519.0 -712.0' spd 323.0 yaw 145 mode 2 st 2 gl 1 hp 100 frg 0
ARGLOG Romero t  34.4 pos '900.5  49.8  24.0' spd  50.4 yaw 262 mode 2 st 8 gl 0 hp 100 frg 0
ARGLOG Carmack t  34.4 pos '1034.8 -181.2 -712.0' spd 264.3 yaw 238 mode 2 st 0 gl 0 hp 100 frg 0
ARGEVT Romero hazard
ARGLOG Joe Rogan t  34.9 pos '665.9 679.1 -708.0' spd 367.0 yaw 115 mode 2 st 2 gl 1 hp 100 frg 0
ARGLOG Romero t  34.9 pos '864.4  52.6  24.0' spd 142.7 yaw 266 mode 2 st 8 gl 0 hp 100 frg 0
ARGLOG Carmack t  34.9 pos '1033.3 -180.8 -712.0' spd 210.9 yaw 238 mode 2 st 0 gl 0 hp 100 frg 0
ARGUS Romero wallslide
ARGEVT Joe Rogan hazard
ARGEVT Romero stall
ARGEVT Romero stallnode '833.0 -159.0 -368.0'
ARGEVT Romero jump
ARGEVT Carmack hazard
ARGEVT Romero route 1 start '833.0 -159.0 -368.0' goal '833.0 -383.0 -368.0'
ARGLOG Joe Rogan t  35.4 pos '530.9 702.7 -712.0' spd 325.6 yaw 74 mode 2 st 2 gl 1 hp 100 frg 0
ARGLOG Romero t  35.4 pos '909.5  48.0  95.9' spd  35.8 yaw 260 mode 2 st 9 gl 0 hp 100 frg 0
ARGLOG Carmack t  35.4 pos '1120.7 -171.0 -712.0' spd  85.7 yaw 228 mode 2 st 0 gl 0 hp 100 frg 0
ARGLOG Joe Rogan t  35.9 pos '371.2 671.9 -712.0' spd 404.1 yaw 40 mode 2 st 2 gl 1 hp 100 frg 0
ARGLOG Romero t  35.9 pos '871.5  48.0  80.0' spd 108.5 yaw 265 mode 2 st 9 gl 0 hp 100 frg 0
ARGLOG Carmack t  35.9 pos '991.3 -176.2 -712.0' spd 147.0 yaw 245 mode 2 st 0 gl 0 hp 100 frg 0
ARGEVT Joe Rogan hazard
ARGEVT Carmack hazard
ARGLOG Joe Rogan t  36.4 pos '301.2 749.6 -712.0' spd 232.4 yaw 25 mode 2 st 2 gl 1 hp 100 frg 0
ARGLOG Romero t  36.4 pos '848.0  48.0  38.3' spd 0 yaw 269 mode 2 st 9 gl 0 hp 100 frg 0
ARGLOG Carmack t  36.4 pos '1066.7 -186.0 -712.0' spd 105.7 yaw 233 mode 2 st 0 gl 0 hp 100 frg 0
ARGUS Joe Rogan wallslide
ARGEVT Romero hazard
ARGUS Romero wallslide
ARGLOG Joe Rogan t  36.9 pos '485.2 752.0 -712.0' spd 432.7 yaw 43 mode 2 st 2 gl 1 hp 100 frg 0
ARGLOG Romero t  36.9 pos '876.3  49.2  24.0' spd  67.0 yaw 265 mode 2 st 9 gl 0 hp 100 frg 0
ARGLOG Carmack t  36.9 pos '1095.0 -188.3 -712.0' spd  43.4 yaw 229 mode 2 st 0 gl 0 hp 100 frg 0
ARGEVT Carmack hazard
ARGEVT Joe Rogan hazard
ARGLOG Joe Rogan t  37.4 pos '618.7 752.0 -712.0' spd  62.8 yaw 72 mode 2 st 2 gl 1 hp 100 frg 0
ARGUS Joe Rogan wallslide
ARGLOG Romero t  37.4 pos '875.8  48.7  24.0' spd 178.7 yaw 265 mode 2 st 9 gl 0 hp 100 frg 0
ARGLOG Carmack t  37.4 pos '1035.5 -178.3 -712.0' spd 232.5 yaw 238 mode 2 st 0 gl 0 hp 100 frg 0
ARGEVT Romero hazard
ARGUS Romero wallslide
ARGEVT Romero stall
ARGEVT Romero stallnode '833.0 -159.0 -368.0'
ARGEVT Romero jump
ARGLOG Joe Rogan t  38.0 pos '644.8 752.0 -708.0' spd  43.9 yaw 80 mode 2 st 2 gl 1 hp 100 frg 0
ARGLOG Romero t  38.0 pos '891.1  48.4  32.1' spd  77.7 yaw 264.9 mode 0 st 10 gl 0 hp 100 frg 0
ARGLOG Carmack t  38.0 pos '1030.2 -179.0 -712.0' spd 209.8 yaw 239 mode 2 st 0 gl 0 hp 100 frg 0
ARGUS routecache adopt
ARGEVT Romero route 1 start '833.0 -159.0 -368.0' goal '833.0 -383.0 -368.0'
ARGEVT Carmack hazard
ARGEVT Joe Rogan hazard
ARGUS Joe Rogan wallslide
ARGLOG Joe Rogan t  38.5 pos '666.3 752.0 -708.0' spd  40.2 yaw 87 mode 2 st 2 gl 1 hp 100 frg 0
ARGLOG Romero t  38.5 pos '901.7  48.0  92.7' spd  72.9 yaw 261 mode 2 st 10 gl 0 hp 100 frg 0
ARGLOG Carmack t  38.5 pos '1080.9 -179.3 -712.0' spd  41.0 yaw 232 mode 2 st 0 gl 0 hp 100 frg 0
ARGLOG Joe Rogan t  39.0 pos '685.7 752.0 -708.0' spd  37.8 yaw 94 mode 2 st 2 gl 1 hp 100 frg 0
ARGLOG Romero t  39.0 pos '848.0  48.0  66.3' spd 0 yaw 269 mode 2 st 10 gl 0 hp 100 frg 0
ARGLOG Carmack t  39.0 pos '1100.1 -176.0 -712.0' spd  38.0 yaw 230 mode 2 st 0 gl 0 hp 100 frg 0
ARGEVT Carmack hazard
ARGEVT Joe Rogan hazard
ARGEVT Romero hazard
ARGUS Joe Rogan wallslide
ARGLOG Joe Rogan t  39.5 pos '703.5 752.0 -708.0' spd  32.7 yaw 99 mode 2 st 2 gl 1 hp 100 frg 0
ARGLOG Romero t  39.5 pos '853.0  48.6  24.0' spd  74.5 yaw 268 mode 2 st 10 gl 0 hp 100 frg 0
ARGLOG Carmack t  39.5 pos '1117.7 -172.9 -712.0' spd  32.9 yaw 228 mode 2 st 0 gl 0 hp 100 frg 0
ARGUS Romero wallslide
ARGLOG Joe Rogan t  40.0 pos '710.5 752.0 -708.0' spd 161.3 yaw 101 mode 2 st 2 gl 1 hp 100 frg 0
ARGLOG Romero t  40.0 pos '890.1  50.5  24.0' spd  55.7 yaw 263 mode 2 st 10 gl 0 hp 100 frg 0
ARGLOG Carmack t  40.0 pos '1025.0 -179.8 -712.0' spd 315.9 yaw 240 mode 2 st 0 gl 0 hp 100 frg 0
ARGEVT Joe Rogan stall
ARGEVT Joe Rogan stallnode '577.0 865.0 -728.0'
ARGEVT Joe Rogan jump
ARGEVT Joe Rogan route 3 start '673.0 673.0 -708.0' goal '673.0 929.0 -728.0'
ARGEVT Carmack hazard
ARGEVT Romero hazard
ARGLOG Joe Rogan t  40.5 pos '579.2 752.0 -596.5' spd 259.6 yaw 91 mode 2 st 3 gl 1 hp 100 frg 0
ARGLOG Romero t  40.5 pos '860.5  53.0  24.0' spd  81.6 yaw 267 mode 2 st 10 gl 0 hp 100 frg 0
ARGLOG Carmack t  40.5 pos '1041.6 -181.7 -712.0' spd 205.3 yaw 237 mode 2 st 0 gl 0 hp 100 frg 0
ARGUS Romero wallslide
ARGEVT Romero stall
ARGEVT Romero stallnode '833.0 -159.0 -368.0'
ARGEVT Romero jump
ARGEVT Romero route 1 start '833.0 -159.0 -368.0' goal '833.0 -383.0 -368.0'
ARGLOG Joe Rogan t  41.0 pos '446.5 751.0 -495.1' spd 262.5 yaw 41 mode 2 st 3 gl 1 hp 100 frg 0
ARGLOG Romero t  41.0 pos '905.0  48.0  87.5' spd  71.8 yaw 261 mode 2 st 11 gl 0 hp 100 frg 0
ARGLOG Carmack t  41.0 pos '1087.2 -184.9 -712.0' spd  46.3 yaw 230 mode 2 st 0 gl 0 hp 100 frg 0
ARGEVT Carmack hazard
ARGLOG Joe Rogan t  41.5 pos '353.8 656.2 -419.3' spd 295.3 yaw 43 mode 2 st 3 gl 1 hp 100 frg 0
ARGLOG Romero t  41.5 pos '884.0  48.0  84.7' spd  97.6 yaw 264 mode 2 st 11 gl 0 hp 100 frg 0
ARGLOG Carmack t  41.5 pos '1109.1 -185.3 -712.0' spd  37.9 yaw 227 mode 2 st 0 gl 0 hp 100 frg 0
ARGLOG Joe Rogan t  42.1 pos '452.7 554.6 -370.1' spd 332.5 yaw 68 mode 2 st 3 gl 1 hp 100 frg 0
ARGLOG Romero t  42.1 pos '848.0  48.0  47.1' spd 0 yaw 269 mode 2 st 11 gl 0 hp 100 frg 0
ARGLOG Carmack t  42.1 pos '1128.5 -185.6 -712.0' spd  37.6 yaw 225 mode 2 st 0 gl 0 hp 100 frg 0
ARGEVT Carmack hazard
ARGEVT Romero hazard
ARGUS Romero wallslide
ARGLOG Joe Rogan t  42.6 pos '510.0 689.7 -347.3' spd 372.2 yaw 69 mode 2 st 3 gl 1 hp 100 frg 0
ARGLOG Romero t  42.6 pos '871.2  48.5  24.0' spd  73.3 yaw 265 mode 2 st 11 gl 0 hp 100 frg 0
ARGLOG Carmack t  42.6 pos '1146.6 -185.9 -712.0' spd  35.9 yaw 223 mode 2 st 0 gl 0 hp 100 frg 0
ARGLOG Joe Rogan t  43.1 pos '464.0 705.1 -351.0' spd  30.8 yaw 54 mode 2 st 3 gl 1 hp 100 frg 0
ARGLOG Romero t  43.1 pos '890.5  48.9  24.0' spd 156.5 yaw 263 mode 2 st 11 gl 0 hp 100 frg 0
ARGLOG Carmack t  43.1 pos '1065.9 -169.5 -712.0' spd 319.5 yaw 235 mode 2 st 0 gl 0 hp 100 frg 0
ARGEVT Carmack hazard
ARGEVT Romero hazard
ARGUS Romero wallslide
ARGLOG Joe Rogan t  43.6 pos '464.0 689.1 -381.1' spd  31.4 yaw 57 mode 2 st 3 gl 1 hp 100 frg 0
ARGLOG Romero t  43.6 pos '883.8  48.6  24.0' spd  94.3 yaw 264 mode 2 st 11 gl 0 hp 100 frg 0
ARGLOG Carmack t  43.6 pos '1008.3 -176.4 -712.0' spd 221.8 yaw 243 mode 2 st 0 gl 0 hp 100 frg 0
ARGEVT Romero stall
ARGEVT Romero stallnode '833.0 -159.0 -368.0'
ARGEVT Romero jump
ARGUS routecache adopt
ARGEVT Romero route 1 start '833.0 -159.0 -368.0' goal '833.0 -383.0 -368.0'
ARGLOG Joe Rogan t  44.1 pos '464.0 672.7 -437.8' spd  32.7 yaw 59 mode 2 st 3 gl 1 hp 100 frg 0
ARGLOG Romero t  44.1 pos '907.5  48.0  93.7' spd  55.3 yaw 261 mode 2 st 12 gl 0 hp 100 frg 0
ARGLOG Carmack t  44.1 pos '1082.4 -181.3 -712.0' spd  43.8 yaw 231 mode 2 st 0 gl 0 hp 100 frg 0
ARGEVT Carmack hazard
ARGEVT Romero abandon
ARGEVT Romero goal weapon_rocketlauncher
ARGEVT Romero route 4 start '833.0 -159.0 -368.0' goal '1249.0 -127.0 -552.0'
ARGLOG Joe Rogan t  44.6 pos '461.5 653.9 -520.9' spd  53.3 yaw 52 mode 2 st 3 gl 1 hp 100 frg 0
ARGLOG Romero t  44.6 pos '859.1  48.0  69.6' spd 122.8 yaw 267 mode 2 st 12 gl 0 hp 100 frg 0
ARGLOG Carmack t  44.6 pos '1103.1 -179.5 -712.0' spd  39.3 yaw 229 mode 2 st 0 gl 0 hp 100 frg 0
ARGEVT Romero hazard
ARGLOG Joe Rogan t  45.1 pos '426.1 664.1 -629.9' spd 109.8 yaw 47 mode 2 st 3 gl 1 hp 100 frg 0
ARGLOG Romero t  45.1 pos '849.7  48.2  24.0' spd  59.9 yaw 268 mode 2 st 12 gl 0 hp 100 frg 0
ARGLOG Carmack t  45.1 pos '1121.7 -177.8 -712.0' spd  33.5 yaw 227 mode 2 st 0 gl 0 hp 100 frg 0
ARGUS Romero wallslide
ARGEVT Carmack hazard
ARGLOG Joe Rogan t  45.7 pos '431.0 736.5 -712.0' spd 325.7 yaw 38 mode 2 st 3 gl 1 hp 100 frg 0
ARGLOG Romero t  45.7 pos '886.5  50.9  24.0' spd  62.4 yaw 263 mode 2 st 12 gl 0 hp 100 frg 0
ARGLOG Carmack t  45.7 pos '1093.9 -177.3 -712.0' spd 293.1 yaw 230 mode 2 st 0 gl 0 hp 100 frg 0
ARGEVT Joe Rogan hazard
ARGUS Joe Rogan wallslide
ARGEVT Romero hazard
ARGLOG Joe Rogan t  46.2 pos '597.0 751.9 -712.0' spd 177.8 yaw 66 mode 2 st 3 gl 1 hp 100 frg 0
ARGLOG Romero t  46.2 pos '856.7  53.9  24.0' spd  33.4 yaw 267 mode 2 st 12 gl 0 hp 100 frg 0
ARGLOG Carmack t  46.2 pos '993.4 -176.4 -712.0' spd 136.5 yaw 245 mode 2 st 0 gl 0 hp 100 frg 0
ARGUS Romero wallslide
ARGEVT Carmack hazard
ARGEVT Romero stall
ARGEVT Romero stallnode '833.0 -159.0 -368.0'
ARGEVT Romero jump
ARGUS routecache adopt
ARGEVT Romero route 4 start '833.0 -159.0 -368.0' goal '1249.0 -127.0 -552.0'
ARGLOG Joe Rogan t  46.7 pos '632.6 751.9 -708.0' spd  51.2 yaw 77 mode 2 st 3 gl 1 hp 100 frg 0
ARGEVT Joe Rogan hazard
ARGLOG Romero t  46.7 pos '898.0  48.0  83.6' spd  65.3 yaw 262 mode 2 st 13 gl 0 hp 100 frg 0
ARGLOG Carmack t  46.7 pos '1074.1 -182.1 -712.0' spd  47.3 yaw 232 mode 2 st 0 gl 0 hp 100 frg 0
ARGLOG Joe Rogan t  47.2 pos '655.5 751.9 -708.0' spd  41.0 yaw 84 mode 2 st 3 gl 1 hp 100 frg 0
ARGLOG Romero t  47.2 pos '893.7  48.0  85.7' spd  84.2 yaw 262 mode 2 st 13 gl 0 hp 100 frg 0
ARGLOG Carmack t  47.2 pos '1095.3 -180.2 -712.0' spd  38.2 yaw 230 mode 2 st 0 gl 0 hp 100 frg 0
ARGEVT Carmack hazard
ARGLOG Joe Rogan t  47.7 pos '675.6 751.9 -708.0' spd  36.8 yaw 90 mode 2 st 3 gl 1 hp 100 frg 0
ARGEVT Joe Rogan hazard
ARGLOG Romero t  47.7 pos '848.0  48.0  49.7' spd 0 yaw 269 mode 2 st 13 gl 0 hp 100 frg 0
ARGLOG Carmack t  47.7 pos '1114.2 -178.6 -712.0' spd  34.9 yaw 228 mode 2 st 0 gl 0 hp 100 frg 0
ARGEVT Romero hazard
ARGUS Romero wallslide
ARGEVT Carmack abandon
ARGEVT Carmack goal weapon_rocketlauncher
ARGEVT Carmack route 20 start '1153.0 -223.0 -752.0' goal '1249.0 -127.0 -552.0'
ARGLOG Joe Rogan t  48.2 pos '693.9 751.9 -708.0' spd  34.5 yaw 96 mode 2 st 3 gl 1 hp 100 frg 0
ARGLOG Romero t  48.2 pos '867.6  49.0  24.0' spd  72.7 yaw 266 mode 2 st 13 gl 0 hp 100 frg 0
ARGLOG Carmack t  48.2 pos '1132.8 -177.0 -712.0' spd  54.6 yaw 226 mode 2 st 0 gl 0 hp 100 frg 0
ARGEVT Carmack hazard
ARGEVT Joe Rogan hazard
ARGLOG Joe Rogan t  48.7 pos '711.7 751.9 -708.0' spd  34.8 yaw 102 mode 2 st 3 gl 1 hp 100 frg 0
ARGLOG Romero t  48.7 pos '895.2  51.8  24.0' spd  73.3 yaw 262 mode 2 st 13 gl 0 hp 100 frg 0
ARGLOG Carmack t  48.7 pos '1103.6 -174.9 -712.0' spd 337.6 yaw 229 mode 2 st 0 gl 0 hp 100 frg 0
ARGUS Joe Rogan wallslide
ARGEVT Romero hazard
ARGUS Romero wallslide
ARGLOG Joe Rogan t  49.2 pos '578.5 751.9 -712.0' spd 270.1 yaw 61 mode 2 st 3 gl 1 hp 100 frg 0
ARGLOG Romero t  49.2 pos '881.2  48.5  24.0' spd  82.1 yaw 264 mode 2 st 13 gl 0 hp 100 frg 0
ARGLOG Carmack t  49.2 pos '988.6 -171.7 -712.0' spd  80.2 yaw 246 mode 2 st 0 gl 0 hp 100 frg 0
ARGEVT Romero stall
ARGEVT Romero stallnode '833.0 -159.0 -368.0'
ARGEVT Romero jump
ARGEVT Romero route 4 start '833.0 -159.0 -368.0' goal '1249.0 -127.0 -552.0'
ARGEVT Carmack hazard
ARGEVT Joe Rogan hazard
ARGLOG Joe Rogan t  49.7 pos '531.6 751.9 -712.0' spd  50.1 yaw 51 mode 2 st 3 gl 1 hp 100 frg 0
ARGLOG Romero t  49.7 pos '879.9  48.0  94.7' spd  82.9 yaw 264 mode 2 st 14 gl 0 hp 100 frg 0
ARGLOG Carmack t  49.7 pos '1061.6 -175.0 -712.0' spd  68.3 yaw 235 mode 2 st 0 gl 0 hp 100 frg 0
ARGUS Joe Rogan wallslide
ARGLOG Joe Rogan t  50.2 pos '508.8 751.9 -712.0' spd  42.1 yaw 47 mode 2 st 3 gl 1 hp 100 frg 0
ARGLOG Romero t  50.2 pos '848.0  48.0  73.9' spd 0 yaw 269 mode 2 st 14 gl 0 hp 100 frg 0
ARGLOG Carmack t  50.2 pos '1085.4 -173.8 -712.0' spd  75.2 yaw 232 mode 2 st 0 gl 0 hp 100 frg 0
ARGEVT Carmack hazard
ARGEVT Joe Rogan hazard
ARGLOG Joe Rogan t  50.7 pos '489.1 751.9 -712.0' spd  35.9 yaw 43 mode 2 st 3 gl 1 hp 100 frg 0
ARGLOG Romero t  50.7 pos '848.0  48.0  27.0' spd 0 yaw 269 mode 2 st 14 gl 0 hp 100 frg 0
ARGLOG Carmack t  50.7 pos '1110.5 -176.0 -712.0' spd  42.7 yaw 228 mode 2 st 0 gl 0 hp 100 frg 0
ARGUS Joe Rogan wallslide
ARGEVT Romero hazard
ARGUS Romero wallslide
ARGLOG Joe Rogan t  51.3 pos '470.6 751.9 -712.0' spd  32.8 yaw 41 mode 2 st 3 gl 1 hp 100 frg 0
ARGLOG Romero t  51.3 pos '883.7  50.0  24.0' spd  59.4 yaw 264 mode 2 st 14 gl 0 hp 100 frg 0
ARGLOG Carmack t  51.3 pos '1132.1 -178.6 -712.0' spd  37.5 yaw 226 mode 2 st 0 gl 0 hp 100 frg 0
ARGEVT Carmack hazard
ARGEVT Joe Rogan hazard
ARGLOG Joe Rogan t  51.8 pos '453.2 751.9 -712.0' spd  34.8 yaw 38 mode 2 st 3 gl 1 hp 100 frg 0
ARGUS Joe Rogan wallslide
ARGLOG Romero t  51.8 pos '857.5  50.9  24.0' spd 182.2 yaw 267 mode 2 st 14 gl 0 hp 100 frg 0
ARGLOG Carmack t  51.8 pos '1151.2 -180.2 -712.0' spd  37.6 yaw 223 mode 2 st 0 gl 0 hp 100 frg 0
ARGEVT Romero hazard
ARGUS Romero wallslide
ARGEVT Romero stall
ARGEVT Romero stallnode '833.0 -159.0 -368.0'
ARGEVT Romero jump
ARGUS routecache adopt
ARGEVT Romero route 4 start '833.0 -159.0 -368.0' goal '1249.0 -127.0 -552.0'
ARGLOG Joe Rogan t  52.3 pos '436.7 751.9 -712.0' spd  29.7 yaw 36 mode 2 st 3 gl 1 hp 100 frg 0
ARGLOG Romero t  52.3 pos '897.3  48.0  68.6' spd  69.5 yaw 262 mode 2 st 15 gl 0 hp 100 frg 0
ARGLOG Carmack t  52.3 pos '1169.2 -181.8 -712.0' spd  32.7 yaw 222 mode 2 st 0 gl 0 hp 100 frg 0
ARGEVT Carmack hazard
ARGEVT Joe Rogan hazard
ARGUS Joe Rogan wallslide
ARGLOG Joe Rogan t  52.8 pos '420.4 751.9 -712.0' spd  30.6 yaw 35 mode 2 st 3 gl 1 hp 100 frg 0
ARGLOG Romero t  52.8 pos '872.4  48.0  88.1' spd 103.3 yaw 265 mode 2 st 15 gl 0 hp 100 frg 0
ARGLOG Carmack t  52.8 pos '1033.9 -174.4 -712.0' spd 337.6 yaw 239 mode 2 st 0 gl 0 hp 100 frg 0
ARGLOG Joe Rogan t  53.3 pos '404.8 751.9 -712.0' spd  31.1 yaw 33 mode 2 st 3 gl 1 hp 100 frg 0
ARGLOG Romero t  53.3 pos '848.0  48.0  55.6' spd 0 yaw 269 mode 2 st 15 gl 0 hp 100 frg 0
ARGLOG Carmack t  53.3 pos '1034.2 -177.6 -712.0' spd 209.0 yaw 238 mode 2 st 0 gl 0 hp 100 frg 0
ARGEVT Carmack hazard
ARGEVT Romero hazard
ARGUS Romero wallslide
ARGUS Joe Rogan wallslide
ARGLOG Joe Rogan t  53.8 pos '407.5 751.9 -712.0' spd 234.3 yaw 33 mode 2 st 3 gl 1 hp 100 frg 0
ARGLOG Romero t  53.8 pos '863.1  48.6  24.0' spd  83.6 yaw 267 mode 2 st 15 gl 0 hp 100 frg 0
ARGLOG Carmack t  53.8 pos '1077.2 -174.7 -712.0' spd  37.6 yaw 233 mode 2 st 0 gl 0 hp 100 frg 0
ARGEVT Joe Rogan abandon
ARGEVT Joe Rogan goal item_artifact_invulnerability
ARGEVT Joe Rogan routefail
ARGEVT Joe Rogan goal item_armor2
ARGEVT Joe Rogan route 3 start '417.0 705.0 -712.0' goal '673.0 321.0 -712.0'
ARGLOG Joe Rogan t  54.3 pos '569.7 708.0 -712.0' spd 338.2 yaw 285 mode 2 st 3 gl 1 hp 100 frg 0
ARGLOG Romero t  54.3 pos '896.1  51.6  24.0' spd  60.2 yaw 262 mode 2 st 15 gl 0 hp 100 frg 0
ARGLOG Carmack t  54.3 pos '1098.0 -172.8 -712.0' spd  78.9 yaw 230 mode 2 st 0 gl 0 hp 100 frg 0
ARGEVT Carmack hazard
ARGEVT Romero hazard
ARGLOG Joe Rogan t  54.8 pos '664.7 570.0 -712.0' spd 328.9 yaw 272 mode 2 st 3 gl 1 hp 100 frg 0
ARGLOG Romero t  54.8 pos '861.5  52.6  24.0' spd  83.1 yaw 267 mode 2 st 15 gl 0 hp 100 frg 0
ARGLOG Carmack t  54.8 pos '1121.9 -175.8 -712.0' spd  41.8 yaw 227 mode 2 st 0 gl 0 hp 100 frg 0
ARGUS Romero wallslide
ARGLOG Joe Rogan t  55.4 pos '683.6 405.4 -712.0' spd 321.2 yaw 263 mode 1 st 3 gl 1 hp 100 frg 0
ARGLOG Romero t  55.4 pos '904.1  50.8  24.0' spd  40.9 yaw 261 mode 2 st 15 gl 0 hp 100 frg 0
ARGLOG Carmack t  55.4 pos '1142.9 -179.0 -712.0' spd  39.4 yaw 224 mode 2 st 0 gl 0 hp 100 frg 0
ARGEVT Carmack hazard
ARGLOG Joe Rogan t  55.9 pos '687.8 235.9 -680.0' spd 367.6 yaw 228.9 mode 1 st 3 gl 1 hp 100 frg 0
ARGLOG Romero t  55.9 pos '862.8  48.7  24.0' spd 179.9 yaw 267 mode 2 st 15 gl 0 hp 100 frg 0
ARGLOG Carmack t  55.9 pos '1052.0 -166.2 -712.0' spd 356.4 yaw 128 mode 2 st 0 gl 0 hp 100 frg 0
ARGEVT Romero hazard
ARGEVT Joe Rogan hazard
ARGUS Romero wallslide
ARGEVT Romero stall
ARGEVT Romero stallnode '833.0 -159.0 -368.0'
ARGEVT Romero jump
ARGLOG Joe Rogan t  56.4 pos '628.8 137.7 -664.0' spd 272.5 yaw 76 mode 1 st 3 gl 1 hp 100 frg 0
ARGLOG Romero t  56.4 pos '896.5  48.6  28.3' spd  79.5 yaw 258.8 mode 0 st 16 gl 0 hp 100 frg 0
ARGLOG Carmack t  56.4 pos '1006.8 -89.8 -712.0' spd 199.4 yaw 249 mode 2 st 0 gl 0 hp 100 frg 0
ARGEVT Romero route 4 start '833.0 -159.0 -368.0' goal '1249.0 -127.0 -552.0'
ARGUS Carmack wallslide
ARGEVT Carmack hazard
ARGLOG Joe Rogan t  56.9 pos '607.8 305.0 -712.0' spd 328.2 yaw  95.2 mode 1 st 3 gl 1 hp 100 frg 0
ARGLOG Romero t  56.9 pos '895.8  48.0  93.1' spd  81.3 yaw 262 mode 2 st 16 gl 0 hp 100 frg 0
ARGLOG Carmack t  56.9 pos '1035.7 -178.4 -712.0' spd  51.2 yaw 200.9 mode 2 st 0 gl 0 hp 100 frg 0
ARGLOG Joe Rogan t  57.4 pos '648.3 412.6 -712.0' spd 323.1 yaw   7.5 mode 1 st 3 gl 1 hp 100 frg 0
ARGLOG Romero t  57.4 pos '848.0  48.0  67.6' spd 0 yaw 269 mode 2 st 16 gl 0 hp 100 frg 0
ARGLOG Carmack t  57.4 pos '988.9 -88.8 -712.0' spd 110.3 yaw 251 mode 2 st 0 gl 0 hp 100 frg 0
ARGEVT Carmack hazard
ARGEVT Romero hazard
ARGLOG Joe Rogan t  57.9 pos '807.0 346.7 -712.0' spd 425.7 yaw 251 mode 1 st 3 gl 1 hp 100 frg 0
ARGLOG Romero t  57.9 pos '851.7  48.4  24.0' spd  69.8 yaw 268 mode 2 st 16 gl 0 hp 100 frg 0
ARGLOG Carmack t  57.9 pos '1035.6 -170.9 -712.0' spd  63.8 yaw 206.3 mode 2 st 0 gl 0 hp 100 frg 0
ARGUS Romero wallslide
ARGEVT Joe Rogan hazard
ARGUS Joe Rogan wallslide
ARGUS Carmack wallslide
ARGLOG Joe Rogan t  58.4 pos '784.1 169.8 -712.0' spd  81.8 yaw 129.8 mode 1 st 3 gl 1 hp 100 frg 0
ARGLOG Romero t  58.4 pos '888.9  50.3  24.0' spd  62.1 yaw 263 mode 2 st 16 gl 0 hp 100 frg 0
ARGLOG Carmack t  58.4 pos '977.1 -94.2 -712.0' spd 230.5 yaw 253 mode 2 st 0 gl 0 hp 100 frg 0
ARGEVT Carmack hazard
ARGEVT Romero hazard
ARGLOG Joe Rogan t  58.9 pos '707.8 277.9 -712.0' spd 457.1 yaw 221.5 mode 1 st 3 gl 1 hp 100 frg 0
ARGLOG Romero t  58.9 pos '859.4  53.4  24.0' spd  81.8 yaw 267 mode 2 st 16 gl 0 hp 100 frg 0
ARGLOG Carmack t  58.9 pos '1068.9 -178.6 -712.0' spd 232.9 yaw 233 mode 2 st 0 gl 0 hp 100 frg 0
ARGUS Romero wallslide
ARGEVT Romero stall
ARGEVT Romero stallnode '833.0 -159.0 -368.0'
ARGEVT Romero jump
ARGUS routecache adopt
ARGEVT Romero route 4 start '833.0 -159.0 -368.0' goal '1249.0 -127.0 -552.0'
ARGLOG Joe Rogan t  59.4 pos '521.7 292.8 -712.0' spd 428.6 yaw  87.7 mode 1 st 3 gl 1 hp 100 frg 0
ARGLOG Romero t  59.4 pos '903.8  48.0  84.0' spd  44.5 yaw 261 mode 2 st 17 gl 0 hp 100 frg 0
ARGLOG Carmack t  59.4 pos '1105.4 -180.7 -712.0' spd  40.3 yaw 228 mode 2 st 0 gl 0 hp 100 frg 0
ARGEVT Carmack hazard
ARGLOG Joe Rogan t  59.9 pos '591.6 415.0 -712.0' spd  99.7 yaw 2 mode 1 st 3 gl 1 hp 100 frg 0
ARGLOG Romero t  59.9 pos '873.4  48.0  86.0' spd 105.5 yaw 265 mode 2 st 17 gl 0 hp 100 frg 0
ARGLOG Carmack t  59.9 pos '1124.3 -180.0 -712.0' spd  37.6 yaw 226 mode 2 st 0 gl 0 hp 100 frg 0
ARGLOG Joe Rogan t  60.5 pos '745.9 407.1 -712.0' spd 367.6 yaw 308.2 mode 1 st 3 gl 1 hp 100 frg 0
ARGLOG Romero t  60.5 pos '848.0  48.0  49.7' spd 0 yaw 269 mode 2 st 17 gl 0 hp 100 frg 0
ARGLOG Carmack t  60.5 pos '1139.5 -179.3 -712.0' spd  79.4 yaw 225 mode 2 st 0 gl 0 hp 100 frg 0
