LOG started on: 09/18/2026 06:57:02 
Playing registered version.
UDP Initialized
WIPX_OpenSocket: Address family not supported by protocol family
WIPX_Init: Unable to open control socket, IPX disabled
Exe: 20:02:47 Jul 31 2024
256.0 megabyte heap

Language initialization
Couldn't load 'localization/loc_english.txt'
from 'C:\argus\engine'

========= Quake Initialized =========

execing autoexec.cfg
SpawnServer: e1m1
Clearing memory
Programs occupy 909K.
trying to open external vis file
maps/e1m1.vis not found, trying argus.vis
external vis not found
Loaded external entity file maps/e1m1@c49d.ent
ARGUS slots 8
ARGUS worldspawn reached
ARGNAV 238 nodes, 962 links
13 entities inhibited
ARGUS init on e1m1
ARGEVT Carmack spawned
ARGEVT Romero spawned
ARGEVT Joe Rogan spawned
Server spawned.
ARGLOG Joe Rogan t   1.2 pos '480.0  48.0  24.0' spd 0 yaw  87.6 mode 0 st 0 gl 0 hp 100 frg 0
ARGLOG Romero t   1.2 pos '-272.0 2928.0 -56.0' spd 0 yaw  47.5 mode 0 st 0 gl 0 hp 100 frg 0
ARGLOG Carmack t   1.2 pos '1312.0 880.0 -256.0' spd 0 yaw 119.6 mode 0 st 0 gl 0 hp 100 frg 0
ARGLOG Joe Rogan t   1.7 pos '487.6 192.2  24.0' spd 320 yaw  87.6 mode 0 st 0 gl 0 hp 100 frg 0
ARGLOG Romero t   1.7 pos '-226.9 2937.2 -56.0' spd 322.0 yaw 247.1 mode 0 st 0 gl 0 hp 100 frg 0
ARGLOG Carmack t   1.7 pos '1242.0 1006.3 -256.0' spd 320 yaw 119.6 mode 0 st 0 gl 0 hp 100 frg 0
ARGEVT Carmack hazard
ARGLOG Joe Rogan t   2.2 pos '496.0 353.0  24.0' spd 320 yaw  87.6 mode 0 st 0 gl 0 hp 100 frg 0
ARGLOG Romero t   2.2 pos '-273.2 2782.9 -72.0' spd 334.9 yaw 247.1 mode 0 st 0 gl 0 hp 100 frg 0
ARGLOG Carmack t   2.2 pos '1178.5 996.5 -256.0' spd 333.4 yaw 246.3 mode 0 st 0 gl 0 hp 100 frg 0
ARGLOG Joe Rogan t   2.7 pos '504.6 517.2  24.0' spd 320 yaw  87.6 mode 0 st 0 gl 0 hp 100 frg 0
ARGLOG Romero t   2.7 pos '-317.0 2623.1 -104.0' spd 320.2 yaw 247.1 mode 0 st 0 gl 0 hp 100 frg 0
ARGLOG Carmack t   2.7 pos '1273.3 925.4 -256.0' spd 325.3 yaw  14.0 mode 0 st 0 gl 0 hp 100 frg 0
ARGLOG Joe Rogan t   3.2 pos '513.0 678.6  24.0' spd 320 yaw  87.6 mode 0 st 0 gl 0 hp 100 frg 0
ARGLOG Romero t   3.2 pos '-446.7 2522.4 -120.0' spd 323.2 yaw 191.3 mode 0 st 0 gl 0 hp 100 frg 0
ARGLOG Carmack t   3.2 pos '1433.3 951.4 -256.0' spd 320.1 yaw  14.0 mode 0 st 0 gl 0 hp 100 frg 0
ARGEVT Carmack hazard
ARGEVT Joe Rogan hazard
ARGLOG Joe Rogan t   3.7 pos '514.1 688.0  24.0' spd 0 yaw  99.6 mode 0 st 0 gl 0 hp 100 frg 0
ARGLOG Romero t   3.7 pos '-366.6 2582.5 -104.0' spd 320.1 yaw  30.2 mode 0 st 0 gl 0 hp 100 frg 0
ARGLOG Carmack t   3.7 pos '1339.9 1022.7 -256.0' spd 322.0 yaw 148.8 mode 0 st 0 gl 0 hp 100 frg 0
ARGEVT Joe Rogan plan powerup via weapon
ARGEVT Joe Rogan goal weapon_rocketlauncher
ARGEVT Romero plan powerup via weapon
ARGEVT Romero goal weapon_supernailgun
ARGEVT Carmack goal item_armor2
ARGEVT Joe Rogan route 25 start '497.0 641.0  24.0' goal '145.0 2337.0  40.0'
ARGLOG Joe Rogan t   4.2 pos '513.7 688.0  24.0' spd  28.6 yaw 199 mode 2 st 0 gl 0 hp 100 frg 0
ARGLOG Romero t   4.2 pos '-219.5 2662.2 -88.0' spd 359.8 yaw 349 mode 0 st 0 gl 0 hp 100 frg 0
ARGLOG Carmack t   4.2 pos '1240.3 1081.7 -256.0' spd 210.0 yaw 335 mode 0 st 0 gl 0 hp 100 frg 0
ARGUS Joe Rogan wallslide
ARGEVT Romero route 28 start '-175.0 2625.0 -72.0' goal '817.0 2433.0 -344.0'
ARGUS Romero wallslide
ARGEVT Romero hazard
ARGEVT Carmack route 3 start '1265.0 1089.0 -256.0' goal '1297.0 1057.0 -408.0'
ARGLOG Joe Rogan t   4.7 pos '402.2 634.0  24.0' spd 385.1 yaw 196 mode 2 st 0 gl 0 hp 100 frg 0
ARGLOG Romero t   4.7 pos '-147.7 2612.9 -72.0' spd 355.1 yaw 232 mode 2 st 0 gl 0 hp 100 frg 0
ARGLOG Carmack t   4.7 pos '1368.1 975.0 -256.0' spd 434.6 yaw 202 mode 2 st 0 gl 0 hp 100 frg 0
ARGEVT Carmack hazard
ARGLOG Joe Rogan t   5.3 pos '353.8 529.0  24.0' spd 320.2 yaw 176 mode 2 st 0 gl 0 hp 100 frg 0
ARGLOG Romero t   5.3 pos '-193.3 2448.4 -136.0' spd 324.6 yaw 278 mode 2 st 0 gl 0 hp 100 frg 0
ARGLOG Carmack t   5.3 pos '1227.6 917.3 -256.0' spd 356.6 yaw 200 mode 2 st 0 gl 0 hp 100 frg 0
ARGUS Romero wallslide
ARGLOG Joe Rogan t   5.8 pos '189.5 542.5  24.0' spd 320.1 yaw 179 mode 2 st 0 gl 0 hp 100 frg 0
ARGLOG Romero t   5.8 pos '-147.0 2300.0 -136.0' spd 320.4 yaw 301 mode 2 st 0 gl 0 hp 100 frg 0
ARGLOG Carmack t   5.8 pos '1173.9 1006.9 -256.0' spd 320.3 yaw 22 mode 2 st 0 gl 0 hp 100 frg 0
ARGEVT Joe Rogan lift
ARGUS Carmack wallslide
ARGEVT Joe Rogan door
ARGEVT Joe Rogan board
ARGLOG Joe Rogan t   6.3 pos ' 25.4 552.9  24.0' spd 322.5 yaw 165 mode 2 st 0 gl 0 hp 100 frg 0
ARGLOG Romero t   6.3 pos '-144.5 2136.1 -136.0' spd 320.0 yaw 324 mode 2 st 0 gl 0 hp 100 frg 0
ARGLOG Carmack t   6.3 pos '1258.6 907.4 -256.0' spd 347.6 yaw  13.0 mode 2 st 0 gl 0 hp 100 frg 0
ARGUS Joe Rogan wallslide
ARGLOG Joe Rogan t   6.8 pos '-41.4 570.3  24.0' spd  23.4 yaw 214 mode 2 st 0 gl 0 hp 100 frg 0
ARGLOG Romero t   6.8 pos '-84.2 1991.9 -184.0' spd 360.0 yaw 299 mode 2 st 0 gl 0 hp 100 frg 0
ARGLOG Carmack t   6.8 pos '1362.4 1046.8 -256.0' spd 467.8 yaw 171 mode 2 st 0 gl 0 hp 100 frg 0
ARGLOG Joe Rogan t   7.3 pos '-41.4 570.3  24.0' spd 0 yaw 214 mode 2 st 0 gl 0 hp 100 frg 0
ARGLOG Romero t   7.3 pos ' 68.9 1929.6 -184.0' spd 320.2 yaw 282 mode 2 st 0 gl 0 hp 100 frg 0
ARGLOG Carmack t   7.3 pos '1199.1 985.2 -256.0' spd 478.2 yaw 335.0 mode 1 st 0 gl 0 hp 100 frg 0
ARGEVT Romero route 22 start '145.0 1889.0 -184.0' goal '817.0 2433.0 -344.0'
ARGLOG Joe Rogan t   7.8 pos '-41.4 570.3  24.0' spd 0 yaw 214 mode 2 st 0 gl 0 hp 100 frg 0
ARGLOG Romero t   7.8 pos '230.3 1877.8 -184.0' spd 354.6 yaw 248 mode 2 st 0 gl 0 hp 100 frg 0
ARGLOG Carmack t   7.8 pos '1368.4 996.6 -256.0' spd 476.9 yaw 137 mode 1 st 0 gl 0 hp 100 frg 0
ARGEVT Romero hazard
ARGLOG Joe Rogan t   8.3 pos '-41.4 570.3  24.0' spd 0 yaw 214 mode 2 st 0 gl 0 hp 100 frg 0
ARGLOG Romero t   8.3 pos '256.0 1869.6 -184.0' spd   1.8 yaw 245 mode 2 st 0 gl 0 hp 100 frg 0
ARGLOG Carmack t   8.3 pos '1201.1 1041.8 -256.0' spd 476.8 yaw 300.2 mode 1 st 0 gl 0 hp 100 frg 0
ARGEVT Romero stall
ARGEVT Romero stallnode '145.0 1569.0 -200.0'
ARGEVT Romero jump
ARGLOG Joe Rogan t   8.9 pos '-41.4 570.3  24.0' spd 0 yaw 214 mode 2 st 0 gl 0 hp 100 frg 0
ARGLOG Romero t   8.9 pos '255.4 1866.6 -162.9' spd  31.6 yaw 279.8 mode 0 st 1 gl 0 hp 100 frg 0
ARGLOG Carmack t   8.9 pos '1345.3 954.4 -256.0' spd 475.6 yaw 104.1 mode 1 st 0 gl 0 hp 100 frg 0
ARGEVT Romero route 23 start '305.0 1921.0 -168.0' goal '817.0 2433.0 -344.0'
ARGLOG Joe Rogan t   9.4 pos '-41.4 570.3  24.0' spd 0 yaw 214 mode 2 st 0 gl 0 hp 100 frg 0
ARGLOG Romero t   9.4 pos '245.5 1856.1 -171.5' spd  31.6 yaw 251 mode 2 st 1 gl 0 hp 100 frg 0
ARGLOG Carmack t   9.4 pos '1232.0 1081.4 -256.0' spd 476.9 yaw 267.9 mode 1 st 0 gl 0 hp 100 frg 0
ARGLOG Joe Rogan t   9.9 pos '-41.4 570.3  24.0' spd 0 yaw 214 mode 2 st 0 gl 0 hp 100 frg 0
ARGLOG Romero t   9.9 pos '111.0 1881.9 -184.0' spd 400.8 yaw 262 mode 2 st 1 gl 0 hp 100 frg 0
ARGLOG Carmack t   9.9 pos '1305.9 929.6 -256.0' spd 475.4 yaw  70.5 mode 1 st 0 gl 0 hp 100 frg 0
ARGEVT Romero hazard
ARGLOG Joe Rogan t  10.4 pos '-41.4 570.3  24.0' spd 0 yaw 214 mode 2 st 0 gl 0 hp 100 frg 0
ARGLOG Romero t  10.4 pos ' 95.9 1726.6 -184.0' spd 321.7 yaw 261 mode 2 st 1 gl 0 hp 100 frg 0
ARGLOG Carmack t  10.4 pos '1285.2 1096.2 -256.0' spd 475.8 yaw 231.1 mode 1 st 0 gl 0 hp 100 frg 0
ARGLOG Joe Rogan t  10.9 pos '-41.4 570.3  24.0' spd 0 yaw 214 mode 2 st 0 gl 0 hp 100 frg 0
ARGLOG Romero t  10.9 pos '113.6 1559.6 -200.0' spd 331.7 yaw 270 mode 2 st 1 gl 0 hp 100 frg 0
ARGLOG Carmack t  10.9 pos '1256.9 929.1 -256.0' spd 475.9 yaw  35.6 mode 1 st 0 gl 0 hp 100 frg 0
ARGUS routecache adopt
ARGEVT Romero route 21 start '145.0 1569.0 -200.0' goal '817.0 2433.0 -344.0'
ARGLOG Joe Rogan t  11.4 pos '-41.4 570.3  24.0' spd 0 yaw 214 mode 2 st 0 gl 0 hp 100 frg 0
ARGLOG Romero t  11.4 pos ' 89.3 1398.1 -200.0' spd 322.2 yaw 293 mode 2 st 1 gl 0 hp 100 frg 0
ARGLOG Carmack t  11.4 pos '1335.8 1078.3 -256.0' spd 476.1 yaw 196.6 mode 1 st 0 gl 0 hp 100 frg 0
ARGLOG Joe Rogan t  11.9 pos '-41.4 570.3  24.0' spd 0 yaw 214 mode 2 st 0 gl 0 hp 100 frg 0
ARGLOG Romero t  11.9 pos '104.9 1233.9 -184.0' spd 320.2 yaw 326 mode 2 st 1 gl 0 hp 100 frg 0
ARGLOG Carmack t  11.9 pos '1218.5 957.9 -256.0' spd 475.9 yaw   1.0 mode 1 st 0 gl 0 hp 100 frg 0
ARGEVT Romero jump
ARGLOG Joe Rogan t  12.4 pos '-41.4 570.3  24.0' spd 0 yaw 214 mode 2 st 0 gl 0 hp 100 frg 0
ARGLOG Romero t  12.4 pos '183.4 1092.6 -144.8' spd 359.9 yaw 29 mode 2 st 1 gl 0 hp 100 frg 0
ARGLOG Carmack t  12.4 pos '1366.8 1040.4 -256.0' spd 475.7 yaw 164.6 mode 1 st 0 gl 0 hp 100 frg 0
ARGLOG Joe Rogan t  12.9 pos '-41.4 570.3  24.0' spd 0 yaw 214 mode 2 st 0 gl 0 hp 100 frg 0
ARGLOG Romero t  12.9 pos '248.8 1233.5 -221.6' spd 377.9 yaw 354 mode 2 st 1 gl 0 hp 100 frg 0
ARGLOG Carmack t  12.9 pos '1203.8 1003.2 -256.0' spd 475.9 yaw 328.1 mode 1 st 0 gl 0 hp 100 frg 0
ARGEVT Romero swim
ARGEVT Romero swim
ARGLOG Joe Rogan t  13.4 pos '-41.4 570.3  24.0' spd 0 yaw 214 mode 2 st 0 gl 0 hp 100 frg 0
ARGLOG Romero t  13.4 pos '188.2 1248.9 -295.2' spd 115.5 yaw 352 mode 2 st 1 gl 0 hp 100 frg 0
ARGLOG Carmack t  13.4 pos '1373.4 992.5 -256.0' spd 475.6 yaw 131.9 mode 1 st 0 gl 0 hp 100 frg 0
ARGEVT Romero swim
ARGEVT Romero swim
ARGEVT Romero swim
ARGEVT Romero swim
ARGEVT Romero swim
ARGLOG Joe Rogan t  14.0 pos '-41.4 570.3  24.0' spd 0 yaw 214 mode 2 st 0 gl 0 hp 100 frg 0
ARGLOG Romero t  14.0 pos '145.9 1204.6 -295.0' spd 125.4 yaw 2 mode 2 st 1 gl 0 hp 100 frg 0
ARGLOG Carmack t  14.0 pos '1215.8 1049.4 -256.0' spd 476.0 yaw 296.4 mode 1 st 0 gl 0 hp 100 frg 0
ARGEVT Joe Rogan abandon
ARGUS Joe Rogan wallslide
ARGEVT Romero swim
ARGEVT Joe Rogan plan powerup via weapon
ARGEVT Joe Rogan goal weapon_grenadelauncher
ARGEVT Joe Rogan abandon
ARGEVT Romero swim
ARGEVT Romero swim
ARGEVT Joe Rogan plan powerup via weapon
ARGEVT Joe Rogan goal weapon_supernailgun
ARGEVT Joe Rogan hazard
ARGEVT Romero swim
ARGEVT Joe Rogan route 24 start ' 81.0 545.0  24.0' goal '817.0 2433.0 -344.0'
ARGEVT Joe Rogan abandon
ARGLOG Joe Rogan t  14.5 pos ' 48.0 529.6  -2.4' spd  69.3 yaw   3.7 mode 0 st 0 gl 0 hp 100 frg 0
ARGLOG Romero t  14.5 pos '183.8 1161.1 -295.6' spd 159.3 yaw 14 mode 2 st 1 gl 0 hp 100 frg 0
ARGLOG Carmack t  14.5 pos '1354.4 951.3 -256.0' spd 475.8 yaw  99.9 mode 1 st 0 gl 0 hp 100 frg 0
ARGEVT Romero swim
ARGEVT Joe Rogan plan powerup via weapon
ARGEVT Joe Rogan goal weapon_supershotgun
ARGEVT Joe Rogan route 17 start ' 81.0 545.0  24.0' goal '-335.0 2913.0 -56.0'
ARGEVT Joe Rogan abandon
ARGEVT Romero swim
ARGEVT Romero swim
ARGEVT Joe Rogan goal item_artifact_invulnerability
ARGEVT Joe Rogan route 18 start ' 81.0 545.0  24.0' goal '241.0 1793.0 -40.0'
ARGEVT Romero swim
ARGEVT Romero swim
ARGLOG Joe Rogan t  15.0 pos ' 48.0 593.1 -52.6' spd 208.9 yaw 201 mode 2 st 0 gl 0 hp 100 frg 0
ARGLOG Romero t  15.0 pos '169.4 1222.4 -294.9' spd 190.8 yaw 359 mode 2 st 1 gl 0 hp 100 frg 0
ARGLOG Carmack t  15.0 pos '1256.7 1086.5 -256.0' spd 475.8 yaw 260.3 mode 1 st 0 gl 0 hp 100 frg 0
ARGEVT Joe Rogan jump
ARGEVT Romero swim
ARGEVT Romero swim
ARGEVT Romero swim
ARGEVT Romero swim
ARGEVT Romero swim
ARGLOG Joe Rogan t  15.5 pos ' 48.0 610.2 -23.5' spd  41.2 yaw 208 mode 2 st 0 gl 0 hp 100 frg 0
ARGLOG Romero t  15.5 pos '160.5 1148.5 -295.6' spd 214.4 yaw 15 mode 2 st 1 gl 0 hp 100 frg 0
ARGLOG Carmack t  15.5 pos '1313.2 927.0 -256.0' spd 475.9 yaw  65.1 mode 1 st 0 gl 0 hp 100 frg 0
ARGEVT Romero swim
ARGEVT Romero swim
ARGEVT Romero swim
ARGEVT Joe Rogan jump
ARGEVT Romero swim
ARGLOG Joe Rogan t  16.0 pos ' 48.0 589.0 -126.1' spd  41.2 yaw 200 mode 2 st 0 gl 0 hp 100 frg 0
ARGLOG Romero t  16.0 pos '197.6 1220.8 -295.5' spd 239.3 yaw 359 mode 2 st 1 gl 0 hp 100 frg 0
ARGLOG Carmack t  16.0 pos '1304.0 1095.8 -256.0' spd 475.7 yaw 229.5 mode 1 st 0 gl 0 hp 100 frg 0
ARGEVT Romero swim
ARGEVT Romero swim
ARGEVT Romero swim
ARGEVT Romero swim
ARGEVT Romero swim
ARGLOG Joe Rogan t  16.5 pos ' 48.0 566.4 -134.9' spd  52.5 yaw 190 mode 2 st 0 gl 0 hp 100 frg 0
ARGLOG Romero t  16.5 pos '137.5 1157.8 -294.8' spd 251.8 yaw 12 mode 2 st 1 gl 0 hp 100 frg 0
ARGLOG Carmack t  16.5 pos '1271.1 930.2 -256.0' spd 475.9 yaw  33.7 mode 1 st 0 gl 0 hp 100 frg 0
ARGEVT Romero swim
ARGEVT Romero swim
ARGEVT Joe Rogan jump
ARGEVT Romero swim
ARGEVT Romero swim
ARGLOG Joe Rogan t  17.0 pos ' 48.0 534.8 -165.4' spd   7.6 yaw 175 mode 2 st 0 gl 0 hp 100 frg 0
ARGLOG Romero t  17.0 pos '217.2 1199.6 -296.1' spd 258.9 yaw 5 mode 2 st 1 gl 0 hp 100 frg 0
ARGEVT Romero swim
ARGLOG Carmack t  17.0 pos '1349.7 1080.5 -256.0' spd 475.8 yaw 198.8 mode 1 st 0 gl 0 hp 100 frg 0
ARGEVT Romero swim
ARGEVT Romero swim
ARGEVT Romero swim
ARGEVT Joe Rogan hazard
ARGEVT Romero swim
ARGLOG Joe Rogan t  17.5 pos ' 47.3 559.4 -208.0' spd  49.3 yaw 187 mode 2 st 0 gl 0 hp 100 frg 0
ARGLOG Romero t  17.5 pos '126.9 1180.7 -295.1' spd 265.1 yaw 7 mode 2 st 1 gl 0 hp 100 frg 0
ARGLOG Carmack t  17.5 pos '1236.9 956.1 -256.0' spd 475.9 yaw   3.3 mode 1 st 0 gl 0 hp 100 frg 0
ARGEVT Joe Rogan jump
ARGEVT Romero swim
ARGEVT Romero swim
ARGEVT Romero swim
ARGEVT Romero swim
ARGEVT Joe Rogan stall
ARGEVT Joe Rogan stallnode ' 81.0 545.0  24.0'
ARGEVT Romero swim
ARGUS routecache adopt
ARGEVT Joe Rogan route 16 start '-15.0 577.0 -216.0' goal '241.0 1793.0 -40.0'
ARGLOG Joe Rogan t  18.1 pos ' 48.0 537.5 -176.0' spd  16.8 yaw 95 mode 2 st 1 gl 0 hp 100 frg 0
ARGLOG Romero t  18.1 pos '222.4 1174.0 -294.9' spd 270.9 yaw 13 mode 2 st 1 gl 0 hp 100 frg 0
ARGLOG Carmack t  18.1 pos '1381.2 1046.1 -256.0' spd 475.8 yaw 168.1 mode 1 st 0 gl 0 hp 100 frg 0
ARGEVT Romero swim
ARGEVT Romero swim
ARGEVT Romero swim
ARGEVT Romero swim
ARGLOG Joe Rogan t  18.6 pos '  3.2 632.0 -208.0' spd 338.0 yaw 78 mode 2 st 1 gl 0 hp 100 frg 0
ARGLOG Romero t  18.6 pos '133.8 1206.9 -295.5' spd 273.1 yaw 2 mode 2 st 1 gl 0 hp 100 frg 0
ARGLOG Carmack t  18.6 pos '1220.5 996.8 -256.0' spd 475.8 yaw 332.6 mode 1 st 0 gl 0 hp 100 frg 0
ARGEVT Romero swim
ARGEVT Romero swim
ARGEVT Romero swim
ARGEVT Romero swim
ARGEVT Romero swim
ARGLOG Joe Rogan t  19.1 pos '-10.4 802.2 -200.0' spd 326.5 yaw 72 mode 2 st 1 gl 0 hp 100 frg 0
ARGLOG Romero t  19.1 pos '213.1 1150.9 -295.0' spd 276.0 yaw 19 mode 2 st 1 gl 0 hp 100 frg 0
ARGLOG Carmack t  19.1 pos '1390.8 1001.3 -256.0' spd 475.9 yaw 137.4 mode 1 st 0 gl 0 hp 100 frg 0
ARGEVT Romero swim
ARGEVT Romero swim
ARGEVT Romero swim
ARGEVT Romero swim
ARGEVT Romero swim
ARGLOG Joe Rogan t  19.6 pos ' 44.6 957.0 -200.0' spd 320.8 yaw 59 mode 2 st 1 gl 0 hp 100 frg 0
ARGLOG Romero t  19.6 pos '151.2 1227.9 -296.1' spd 277.3 yaw 358 mode 2 st 1 gl 0 hp 100 frg 0
ARGLOG Carmack t  19.6 pos '1228.2 1042.7 -256.0' spd 475.9 yaw 300.9 mode 1 st 0 gl 0 hp 100 frg 0
ARGEVT Romero swim
ARGEVT Romero swim
ARGUS Joe Rogan wallslide
ARGEVT Romero swim
ARGEVT Romero swim
ARGLOG Joe Rogan t  20.1 pos '102.7 1091.6 -184.0' spd 326.1 yaw 51 mode 2 st 1 gl 0 hp 100 frg 0
ARGLOG Romero t  20.1 pos '187.1 1138.9 -295.1' spd 268.4 yaw 20 mode 2 st 1 gl 0 hp 100 frg 0
ARGLOG Carmack t  20.1 pos '1375.3 958.0 -256.0' spd 475.7 yaw 105.7 mode 1 st 0 gl 0 hp 100 frg 0
ARGEVT Romero swim
ARGEVT Romero swim
ARGEVT Joe Rogan jump
ARGEVT Romero swim
ARGEVT Romero swim
ARGUS Joe Rogan bodyblock
ARGUS Romero bodyblock
ARGEVT Romero swim
ARGLOG Joe Rogan t  20.6 pos '139.7 1252.4 -140.5' spd 274.2 yaw 353 mode 2 st 1 gl 0 hp 100 frg 0
ARGLOG Romero t  20.6 pos '175.3 1235.4 -295.6' spd 267.7 yaw 356 mode 2 st 1 gl 0 hp 100 frg 0
ARGLOG Carmack t  20.6 pos '1258.4 1079.0 -256.0' spd 475.6 yaw 270.2 mode 1 st 0 gl 0 hp 100 frg 0
ARGEVT Romero swim
ARGEVT Romero swim
ARGEVT Romero swim
ARGEVT Romero swim
ARGLOG Joe Rogan t  21.1 pos ' 65.4 1274.0 -184.0' spd 0 yaw 351 mode 2 st 1 gl 0 hp 100 frg 0
ARGLOG Romero t  21.1 pos ' 96.9 1266.2 -295.5' spd 123.9 yaw 351 mode 2 st 1 gl 0 hp 100 frg 0
ARGLOG Carmack t  21.1 pos '1340.8 930.9 -256.0' spd 476.0 yaw  74.0 mode 1 st 0 gl 0 hp 100 frg 0
ARGEVT Romero swim
ARGEVT Romero swim
ARGEVT Romero swim
ARGEVT Romero swim
ARGEVT Romero swim
ARGLOG Joe Rogan t  21.6 pos ' 34.6 1288.4 -184.0' spd 0 yaw 349 mode 2 st 1 gl 0 hp 100 frg 0
ARGLOG Romero t  21.6 pos ' 66.5 1271.8 -296.2' spd  31.1 yaw 351 mode 2 st 1 gl 0 hp 100 frg 0
ARGLOG Carmack t  21.6 pos '1307.0 1095.6 -256.0' spd 475.8 yaw 236.9 mode 1 st 0 gl 0 hp 100 frg 0
ARGEVT Romero swim
ARGEVT Romero swim
ARGEVT Romero swim
ARGEVT Romero swim
ARGLOG Joe Rogan t  22.2 pos ' 34.3 1288.5 -184.0' spd 0 yaw 349 mode 2 st 1 gl 0 hp 100 frg 0
ARGLOG Romero t  22.2 pos ' 81.5 1264.8 -295.0' spd  63.1 yaw 352 mode 2 st 1 gl 0 hp 100 frg 0
ARGLOG Carmack t  22.2 pos '1295.2 927.2 -256.0' spd 475.9 yaw  40.7 mode 1 st 0 gl 0 hp 100 frg 0
ARGEVT Joe Rogan stall
ARGEVT Joe Rogan stallnode '177.0 1185.0 -160.0'
ARGEVT Romero swim
ARGEVT Romero swim
ARGEVT Joe Rogan route 15 start '-47.0 1345.0 -200.0' goal '241.0 1793.0 -40.0'
ARGEVT Romero swim
ARGEVT Romero swim
ARGEVT Romero swim
ARGLOG Joe Rogan t  22.7 pos ' 34.3 1288.5 -184.0' spd 0 yaw 308 mode 2 st 2 gl 0 hp 100 frg 0
ARGLOG Romero t  22.7 pos '108.5 1230.5 -295.6' spd 102.5 yaw 358 mode 2 st 1 gl 0 hp 100 frg 0
ARGLOG Carmack t  22.7 pos '1355.5 1085.2 -256.0' spd 475.9 yaw 205.5 mode 1 st 0 gl 0 hp 100 frg 0
ARGEVT Romero swim
ARGEVT Romero swim
ARGEVT Joe Rogan stall
ARGEVT Joe Rogan stallnode ' 49.0 1441.0 -200.0'
ARGEVT Joe Rogan plan powerup via weapon
ARGEVT Joe Rogan goal weapon_nailgun
ARGEVT Joe Rogan route 9 start '-47.0 1345.0 -200.0' goal '465.0 577.0  24.0'
ARGEVT Romero swim
ARGEVT Romero swim
ARGLOG Joe Rogan t  23.2 pos ' 34.3 1288.5 -184.0' spd 0 yaw 308 mode 2 st 3 gl 0 hp 100 frg 0
ARGLOG Romero t  23.2 pos '148.7 1190.3 -295.3' spd 123.7 yaw 6 mode 2 st 1 gl 0 hp 100 frg 0
ARGLOG Carmack t  23.2 pos '1254.4 952.0 -256.0' spd 476.1 yaw   6.5 mode 1 st 0 gl 0 hp 100 frg 0
ARGEVT Romero swim
ARGEVT Romero swim
ARGEVT Romero swim
ARGEVT Romero swim
ARGEVT Joe Rogan stall
ARGEVT Joe Rogan stallnode ' 49.0 1441.0 -200.0'
ARGEVT Romero swim
ARGLOG Joe Rogan t  23.7 pos ' 34.3 1288.5 -184.0' spd 0 yaw  59.4 mode 0 st 4 gl 0 hp 100 frg 0
ARGLOG Romero t  23.7 pos '206.1 1180.7 -295.5' spd 151.8 yaw 10 mode 2 st 1 gl 0 hp 100 frg 0
ARGLOG Carmack t  23.7 pos '1396.2 1043.8 -256.0' spd 476.1 yaw 166.8 mode 1 st 0 gl 0 hp 100 frg 0
ARGUS routecache adopt
ARGEVT Joe Rogan route 9 start '-47.0 1345.0 -200.0' goal '465.0 577.0  24.0'
ARGEVT Romero swim
ARGEVT Romero swim
ARGEVT Romero swim
ARGEVT Romero swim
ARGEVT Romero abandon
ARGEVT Romero goal item_health
ARGEVT Carmack abandon
ARGEVT Carmack goal item_artifact_invulnerability
ARGEVT Romero route 6 start '241.0 1249.0 -312.0' goal '945.0 993.0 -248.0'
ARGLOG Joe Rogan t  24.2 pos ' 34.3 1288.5 -184.0' spd 0 yaw 308 mode 2 st 4 gl 0 hp 100 frg 0
ARGLOG Romero t  24.2 pos '158.7 1221.3 -296.4' spd 192.6 yaw 347 mode 2 st 1 gl 0 hp 100 frg 0
ARGEVT Romero swim
ARGLOG Carmack t  24.2 pos '1233.3 999.3 -256.0' spd 423.6 yaw 301.2 mode 0 st 0 gl 0 hp 100 frg 0
ARGEVT Joe Rogan stall
ARGEVT Joe Rogan stallnode ' 49.0 1441.0 -200.0'
ARGEVT Romero swim
ARGEVT Joe Rogan goal item_artifact_super_damage
ARGEVT Romero swim
ARGEVT Joe Rogan route 31 start '-47.0 1345.0 -200.0' goal '529.0 2465.0 -88.0'
ARGEVT Romero swim
ARGEVT Carmack hazard
ARGEVT Carmack route 5 start '1201.0 961.0 -256.0' goal '241.0 1793.0 -40.0'
ARGEVT Romero swim
ARGLOG Joe Rogan t  24.7 pos ' 34.3 1288.5 -184.0' spd 0 yaw 308 mode 2 st 5 gl 0 hp 100 frg 0
ARGLOG Romero t  24.7 pos '168.1 1129.2 -295.3' spd 193.5 yaw 359 mode 2 st 1 gl 0 hp 100 frg 0
ARGLOG Carmack t  24.7 pos '1214.6 838.7 -256.0' spd  80.8 yaw 128 mode 2 st 0 gl 0 hp 100 frg 0
ARGEVT Romero swim
ARGEVT Romero swim
ARGUS Carmack wallslide
ARGEVT Joe Rogan stall
ARGEVT Joe Rogan stallnode ' 49.0 1441.0 -200.0'
ARGLOG Joe Rogan t  25.2 pos ' 34.3 1288.5 -184.0' spd 0 yaw 66 mode 0 st 6 gl 0 hp 100 frg 0
ARGLOG Romero t  25.2 pos '262.1 1133.8 -312.0' spd 320.5 yaw 358 mode 2 st 1 gl 0 hp 100 frg 0
ARGLOG Carmack t  25.2 pos '1207.6 974.0 -256.0' spd 369.1 yaw 146 mode 2 st 0 gl 0 hp 100 frg 0
ARGEVT Joe Rogan route 31 start '-47.0 1345.0 -200.0' goal '529.0 2465.0 -88.0'
ARGEVT Carmack route 6 start '1265.0 1089.0 -256.0' goal '241.0 1793.0 -40.0'
ARGEVT Joe Rogan stall
ARGEVT Joe Rogan stallnode ' 49.0 1441.0 -200.0'
ARGLOG Joe Rogan t  25.7 pos ' 34.3 1288.5 -184.0' spd 0 yaw 160.3 mode 0 st 7 gl 0 hp 100 frg 0
ARGLOG Romero t  25.7 pos '417.3 1203.0 -312.0' spd 377.4 yaw 301 mode 2 st 1 gl 0 hp 100 frg 0
ARGLOG Carmack t  25.7 pos '1312.0 1119.5 -256.0' spd 393.4 yaw 238 mode 2 st 0 gl 0 hp 100 frg 0
ARGEVT Joe Rogan goal item_armor2
ARGEVT Joe Rogan route 12 start '-47.0 1345.0 -200.0' goal '1297.0 1057.0 -408.0'
ARGEVT Carmack hazard
ARGLOG Joe Rogan t  26.2 pos ' 34.3 1288.5 -184.0' spd 0 yaw 308 mode 2 st 7 gl 0 hp 100 frg 0
ARGLOG Romero t  26.2 pos '564.0 1112.2 -312.0' spd 352.3 yaw 330 mode 2 st 1 gl 0 hp 100 frg 0
ARGLOG Carmack t  26.2 pos '1264.4 1270.0 -323.0' spd  65.4 yaw 256 mode 2 st 0 gl 0 hp 100 frg 0
ARGEVT Romero swim
ARGEVT Joe Rogan stall
ARGEVT Joe Rogan stallnode ' 49.0 1441.0 -200.0'
ARGUS routecache adopt
ARGEVT Joe Rogan route 12 start '-47.0 1345.0 -200.0' goal '1297.0 1057.0 -408.0'
ARGLOG Joe Rogan t  26.7 pos ' 34.3 1288.5 -184.0' spd 0 yaw 308 mode 2 st 8 gl 0 hp 100 frg 0
ARGLOG Romero t  26.7 pos '586.5 946.3 -304.8' spd 310.2 yaw 2 mode 2 st 1 gl 0 hp 100 frg 0
ARGLOG Carmack t  26.7 pos '1273.6 1115.5 -256.0' spd 338.9 yaw 245 mode 2 st 0 gl 0 hp 100 frg 0
ARGEVT Romero swim
ARGEVT Joe Rogan stall
ARGEVT Joe Rogan stallnode ' 49.0 1441.0 -200.0'
ARGEVT Romero swim
ARGEVT Joe Rogan goal item_health
ARGEVT Joe Rogan route 9 start '-47.0 1345.0 -200.0' goal '945.0 993.0 -248.0'
ARGLOG Joe Rogan t  27.3 pos ' 34.3 1288.5 -184.0' spd 0 yaw 308 mode 2 st 9 gl 0 hp 100 frg 0
ARGLOG Romero t  27.3 pos '631.6 913.4 -295.6' spd 117.7 yaw 10 mode 2 st 1 gl 0 hp 100 frg 0
ARGLOG Carmack t  27.3 pos '1214.3 958.5 -256.0' spd 320.9 yaw 49 mode 2 st 0 gl 0 hp 100 frg 0
ARGEVT Romero swim
ARGEVT Carmack hazard
ARGEVT Romero swim
ARGEVT Romero swim
ARGUS Joe Rogan unstick pinned '-47.0 1345.0 -200.0'
ARGEVT Romero swim
ARGEVT Romero swim
ARGLOG Joe Rogan t  27.8 pos '-31.4 1373.3 -200.0' spd 340.4 yaw  29.0 mode 0 st 9 gl 0 hp 100 frg 0
ARGLOG Romero t  27.8 pos '699.5 920.2 -295.2' spd 147.9 yaw 12 mode 2 st 1 gl 0 hp 100 frg 0
ARGLOG Carmack t  27.8 pos '1229.9 906.6 -251.8' spd 240 yaw 144 mode 2 st 0 gl 0 hp 100 frg 0
ARGEVT Romero swim
ARGEVT Romero swim
ARGEVT Romero swim
ARGEVT Romero swim
ARGEVT Carmack route 6 start '1265.0 1089.0 -256.0' goal '241.0 1793.0 -40.0'
ARGLOG Joe Rogan t  28.3 pos '140.6 1412.2 -200.0' spd 328.6 yaw 335 mode 0 st 9 gl 0 hp 100 frg 0
ARGLOG Romero t  28.3 pos '779.3 932.6 -296.0' spd 166.2 yaw 20 mode 2 st 1 gl 0 hp 100 frg 0
ARGEVT Romero swim
ARGLOG Carmack t  28.3 pos '1292.8 1052.7 -256.0' spd 361.7 yaw 232 mode 2 st 0 gl 0 hp 100 frg 0
ARGEVT Carmack hazard
ARGLOG Joe Rogan t  28.8 pos '292.6 1358.7 -200.0' spd 320.2 yaw 334 mode 0 st 9 gl 0 hp 100 frg 0
ARGLOG Romero t  28.8 pos '908.7 985.9 -248.0' spd 321.9 yaw 36 mode 1 st 1 gl 0 hp 100 frg 0
ARGLOG Carmack t  28.8 pos '1267.0 1173.0 -274.5' spd 212.2 yaw 251 mode 2 st 0 gl 0 hp 100 frg 0
ARGEVT Joe Rogan goal item_health
ARGEVT Romero goal item_armor2
ARGEVT Joe Rogan route 33 start '305.0 1345.0 -200.0' goal '945.0 2433.0 -112.0'
ARGEVT Joe Rogan hazard
ARGEVT Romero route 4 start '977.0 993.0 -248.0' goal '1297.0 1057.0 -408.0'
ARGEVT Romero hazard
ARGLOG Joe Rogan t  29.3 pos '297.1 1488.1 -200.0' spd 418.7 yaw 239 mode 2 st 9 gl 0 hp 100 frg 0
ARGLOG Romero t  29.3 pos '1066.2 996.0 -248.0' spd 374.8 yaw 346 mode 2 st 1 gl 1 hp 200 frg 0
ARGLOG Carmack t  29.3 pos '1213.2 997.0 -228.8' spd 374.3 yaw 177 mode 2 st 0 gl 0 hp 100 frg 0
ARGUS Carmack wallslide
ARGEVT Carmack hazard
ARGLOG Joe Rogan t  29.8 pos '116.2 1499.0 -200.0' spd 368.1 yaw 281 mode 2 st 9 gl 0 hp 100 frg 0
ARGLOG Romero t  29.8 pos '977.6 973.9 -248.0' spd 340.6 yaw 339 mode 2 st 1 gl 1 hp 200 frg 0
ARGLOG Carmack t  29.8 pos '1187.5 944.7 -256.0' spd  35.1 yaw 165 mode 2 st 0 gl 0 hp 100 frg 0
ARGEVT Joe Rogan hazard
ARGEVT Romero swim
ARGLOG Joe Rogan t  30.3 pos ' 96.3 1375.7 -189.9' spd 190.3 yaw 293 mode 2 st 9 gl 0 hp 100 frg 0
ARGLOG Romero t  30.3 pos '932.1 807.8 -326.3' spd 474.1 yaw 20 mode 2 st 1 gl 1 hp 200 frg 0
ARGLOG Carmack t  30.3 pos '1211.6 1066.2 -256.0' spd 323.8 yaw  49.5 mode 2 st 0 gl 0 hp 100 frg 0
ARGLOG Joe Rogan t  30.8 pos '140.0 1251.4 -184.0' spd 330.9 yaw 300 mode 2 st 9 gl 0 hp 100 frg 0
ARGLOG Romero t  30.8 pos '992.0 746.9 -301.5' spd  20.1 yaw 40 mode 2 st 1 gl 1 hp 200 frg 0
ARGLOG Carmack t  30.8 pos '1232.6 1101.0 -256.0' spd 283.2 yaw 198 mode 2 st 0 gl 0 hp 100 frg 0
ARGEVT Carmack hazard
ARGEVT Joe Rogan jump
ARGEVT Romero swim
ARGEVT Romero swim
ARGEVT Romero swim
ARGLOG Joe Rogan t  31.3 pos '123.9 1086.4 -145.0' spd 336.4 yaw 4 mode 2 st 9 gl 0 hp 100 frg 0
ARGLOG Romero t  31.3 pos '992.0 782.4 -295.0' spd  83.8 yaw 32 mode 2 st 1 gl 1 hp 200 frg 0
ARGLOG Carmack t  31.3 pos '1162.1 992.0 -256.0' spd  98.8 yaw 145 mode 2 st 0 gl 0 hp 100 frg 0
ARGEVT Romero swim
ARGEVT Romero swim
ARGEVT Romero swim
ARGEVT Romero swim
ARGLOG Joe Rogan t  31.9 pos '260.3 1016.8 -200.0' spd 362.2 yaw 19 mode 2 st 9 gl 0 hp 100 frg 0
ARGLOG Romero t  31.9 pos '992.0 828.7 -296.7' spd  94.9 yaw 21 mode 2 st 1 gl 1 hp 200 frg 0
ARGEVT Romero swim
ARGLOG Carmack t  31.9 pos '1320.9 1036.8 -256.0' spd 462.8 yaw 121.6 mode 0 st 0 gl 0 hp 100 frg 0
ARGEVT Carmack route 6 start '1265.0 1089.0 -256.0' goal '241.0 1793.0 -40.0'
ARGEVT Romero swim
ARGUS Romero wallslide
ARGEVT Carmack hazard
ARGEVT Joe Rogan hazard
ARGLOG Joe Rogan t  32.4 pos '342.3 1161.3 -205.4' spd 352.4 yaw 350 mode 2 st 9 gl 0 hp 100 frg 0
ARGLOG Romero t  32.4 pos '992.0 904.6 -280.0' spd 224.5 yaw 358 mode 2 st 1 gl 1 hp 200 frg 0
ARGLOG Carmack t  32.4 pos '1247.8 1047.5 -256.0' spd 320.1 yaw 243 mode 2 st 0 gl 0 hp 100 frg 0
ARGEVT Romero hazard
ARGEVT Joe Rogan swim
ARGLOG Joe Rogan t  32.9 pos '344.0 1272.3 -297.6' spd   5.8 yaw 305 mode 2 st 9 gl 0 hp 100 frg 0
ARGLOG Romero t  32.9 pos '1029.3 987.5 -248.0' spd 343.5 yaw 328 mode 2 st 1 gl 1 hp 200 frg 0
ARGLOG Carmack t  32.9 pos '1200.8 893.6 -256.0' spd 320.1 yaw 143 mode 2 st 0 gl 0 hp 100 frg 0
ARGEVT Joe Rogan swim
ARGEVT Joe Rogan swim
ARGEVT Joe Rogan swim
ARGEVT Joe Rogan swim
ARGLOG Joe Rogan t  33.4 pos '344.4 1246.6 -295.3' spd  64.0 yaw 308 mode 2 st 9 gl 0 hp 100 frg 0
ARGLOG Romero t  33.4 pos '1088.0 1069.9 -248.0' spd  81.5 yaw 296 mode 2 st 1 gl 1 hp 200 frg 0
ARGUS Romero wallslide
ARGLOG Carmack t  33.4 pos '1333.9 785.8 -256.0' spd 476.5 yaw 143 mode 2 st 0 gl 0 hp 100 frg 0
ARGEVT Joe Rogan swim
ARGEVT Joe Rogan swim
ARGEVT Joe Rogan swim
ARGEVT Romero hazard
ARGEVT Joe Rogan swim
ARGLOG Joe Rogan t  33.9 pos '357.1 1212.3 -296.6' spd  82.3 yaw 310 mode 2 st 9 gl 0 hp 100 frg 0
ARGEVT Joe Rogan swim
ARGLOG Romero t  33.9 pos '1087.0 1001.1 -248.0' spd  52.5 yaw 309 mode 2 st 1 gl 1 hp 199 frg 0
ARGLOG Carmack t  33.9 pos '1385.7 969.2 -256.0' spd 351.5 yaw 149 mode 2 st 0 gl 0 hp 100 frg 0
ARGEVT Joe Rogan swim
ARGEVT Joe Rogan swim
ARGEVT Joe Rogan swim
ARGEVT Joe Rogan swim
ARGUS routecache adopt
ARGEVT Carmack route 6 start '1265.0 1089.0 -256.0' goal '241.0 1793.0 -40.0'
ARGLOG Joe Rogan t  34.4 pos '388.3 1181.6 -295.2' spd  83.1 yaw 309 mode 2 st 9 gl 0 hp 100 frg 0
ARGLOG Romero t  34.4 pos '1087.6 1012.1 -248.0' spd 117.1 yaw 306 mode 2 st 1 gl 1 hp 199 frg 0
ARGUS Romero wallslide
ARGLOG Carmack t  34.4 pos '1277.4 1098.4 -256.0' spd 340.4 yaw 242 mode 2 st 0 gl 0 hp 100 frg 0
ARGEVT Carmack hazard
ARGEVT Joe Rogan swim
ARGEVT Joe Rogan swim
ARGEVT Joe Rogan swim
ARGEVT Romero hazard
ARGEVT Joe Rogan swim
ARGLOG Joe Rogan t  34.9 pos '437.6 1183.5 -296.2' spd 110.8 yaw 300 mode 2 st 9 gl 0 hp 100 frg 0
ARGEVT Joe Rogan swim
ARGLOG Romero t  34.9 pos '1087.9 1054.1 -248.0' spd  55.0 yaw 298 mode 2 st 1 gl 1 hp 198 frg 0
ARGLOG Carmack t  34.9 pos '1165.9 979.6 -243.7' spd 416.2 yaw 30 mode 2 st 0 gl 0 hp 100 frg 0
ARGEVT Joe Rogan swim
ARGEVT Joe Rogan swim
ARGEVT Joe Rogan swim
ARGLOG Joe Rogan t  35.4 pos '500.1 1169.6 -305.8' spd 156.6 yaw 309 mode 2 st 9 gl 0 hp 100 frg 0
ARGLOG Romero t  35.4 pos '1087.9 1059.8 -248.0' spd 162.7 yaw 297 mode 2 st 1 gl 1 hp 198 frg 0
ARGUS Romero wallslide
ARGLOG Carmack t  35.4 pos '1294.8 911.2 -256.0' spd 391.6 yaw 146 mode 2 st 0 gl 0 hp 100 frg 0
ARGEVT Romero hazard
ARGLOG Joe Rogan t  35.9 pos '552.7 1085.4 -305.6' spd 234.8 yaw 312 mode 2 st 9 gl 0 hp 100 frg 0
ARGLOG Romero t  35.9 pos '1086.9 996.9 -248.0' spd  60.7 yaw 310 mode 2 st 1 gl 1 hp 197 frg 0
ARGLOG Carmack t  35.9 pos '1325.0 1084.8 -256.0' spd 394.7 yaw 164.7 mode 0 st 0 gl 0 hp 100 frg 0
ARGUS routecache adopt
ARGEVT Carmack route 6 start '1265.0 1089.0 -256.0' goal '241.0 1793.0 -40.0'
ARGEVT Carmack hazard
ARGEVT Joe Rogan engage Romero
ARGUS Joe Rogan threatmove range 2
ARGEVT Romero engage Joe Rogan
ARGUS Romero threatmove range 2
ARGLOG Joe Rogan t  36.4 pos '604.0 977.5 -305.2' spd 169.9 yaw   0.5 mode 2 st 9 gl 0 hp 100 frg 0
ARGLOG Romero t  36.4 pos '1082.7 1003.5 -248.0' spd 186.1 yaw 239.0 mode 2 st 1 gl 1 hp 197 frg 0
ARGLOG Carmack t  36.4 pos '1243.3 1072.4 -221.6' spd 166.1 yaw 248 mode 2 st 0 gl 0 hp 100 frg 0
ARGLOG Joe Rogan t  36.9 pos '651.0 999.8 -304.3' spd 163.6 yaw  29.6 mode 2 st 9 gl 0 hp 100 frg 0
ARGLOG Romero t  36.9 pos '972.7 1084.0 -248.0' spd 332.3 yaw 192.8 mode 2 st 1 gl 1 hp 196 frg 0
ARGLOG Carmack t  36.9 pos '1202.4 952.0 -256.0' spd 321.2 yaw 47 mode 2 st 0 gl 0 hp 100 frg 0
ARGEVT Romero pursue
ARGEVT Carmack hazard
ARGEVT Romero route 4 start '849.0 993.0 -248.0' goal '1297.0 1057.0 -408.0'
ARGLOG Joe Rogan t  37.4 pos '648.0 1055.2 -303.7' spd  94.6 yaw 331.1 mode 2 st 9 gl 0 hp 100 frg 0
ARGLOG Romero t  37.4 pos '836.9 999.2 -248.0' spd 329.2 yaw 188 mode 2 st 1 gl 1 hp 196 frg 0
ARGLOG Carmack t  37.4 pos '1189.7 1059.2 -256.0' spd 354.4 yaw 148 mode 2 st 0 gl 0 hp 100 frg 0
ARGEVT Romero swim
ARGUS Romero hunch item_artifact_invulnerability
ARGLOG Joe Rogan t  37.9 pos '646.8 1038.7 -303.9' spd  65.2 yaw 280.6 mode 2 st 9 gl 0 hp 100 frg 0
ARGLOG Romero t  37.9 pos '681.1 965.5 -316.1' spd 253.5 yaw 139.0 mode 2 st 1 gl 1 hp 195 frg 0
ARGLOG Carmack t  37.9 pos '1334.8 1076.6 -256.0' spd 417.9 yaw 272.9 mode 0 st 0 gl 0 hp 100 frg 0
ARGEVT Romero goal item_armor2
ARGEVT Romero route 5 start '721.0 961.0 -328.0' goal '1297.0 1057.0 -408.0'
ARGEVT Carmack route 5 start '1329.0 865.0 -256.0' goal '241.0 1793.0 -40.0'
ARGLOG Joe Rogan t  38.4 pos '618.7 1084.5 -303.8' spd 159.0 yaw 253.3 mode 2 st 9 gl 0 hp 88 frg 0
ARGLOG Romero t  38.4 pos '599.5 912.4 -296.8' spd 195.7 yaw  88.4 mode 2 st 1 gl 1 hp 168 frg 0
ARGLOG Carmack t  38.4 pos '1258.6 914.1 -256.0' spd 402.4 yaw 151 mode 2 st 0 gl 0 hp 100 frg 0
ARGUS Carmack wallslide
ARGEVT Romero swim
ARGEVT Carmack hazard
ARGLOG Joe Rogan t  39.0 pos '532.8 1107.6 -305.6' spd  87.0 yaw 273.2 mode 2 st 9 gl 0 hp 88 frg 0
ARGLOG Romero t  39.0 pos '563.8 949.6 -297.1' spd 112.0 yaw  89.1 mode 2 st 1 gl 1 hp 122 frg 0
ARGEVT Romero swim
ARGLOG Carmack t  39.0 pos '1190.5 977.6 -256.0' spd 166.1 yaw 186.5 mode 2 st 0 gl 0 hp 100 frg 0
ARGEVT Romero swim
ARGEVT Romero swim
ARGEVT Romero swim
ARGEVT Romero swim
ARGLOG Joe Rogan t  39.5 pos '564.7 1115.4 -305.1' spd 163.5 yaw 299.1 mode 2 st 9 gl 0 hp 88 frg 0
ARGLOG Romero t  39.5 pos '623.2 984.5 -295.2' spd 177.3 yaw 117.8 mode 2 st 1 gl 1 hp 113 frg 0
ARGLOG Carmack t  39.5 pos '1209.0 927.2 -256.0' spd 343.1 yaw 325.1 mode 2 st 0 gl 0 hp 100 frg 0
ARGEVT Romero swim
ARGEVT Romero swim
ARGEVT Romero swim
ARGEVT Romero swim
ARGEVT Romero swim
ARGLOG Joe Rogan t  40.0 pos '556.0 1152.3 -305.1' spd 214.4 yaw 302.1 mode 2 st 9 gl 0 hp 44 frg 0
ARGLOG Romero t  40.0 pos '628.5 953.8 -295.1' spd 123.1 yaw 108.2 mode 2 st 1 gl 1 hp 86 frg 0
ARGLOG Carmack t  40.0 pos '1327.6 795.0 -256.0' spd 428.4 yaw 96 mode 2 st 0 gl 0 hp 100 frg 0
ARGEVT Romero swim
ARGEVT Romero swim
ARGEVT Carmack hazard
ARGEVT Romero swim
ARGUS Carmack wallslide
ARGEVT Romero swim
ARGEVT Romero swim
ARGLOG Joe Rogan t  40.5 pos '459.2 1164.0 -304.6' spd 104.3 yaw 293.9 mode 2 st 9 gl 0 hp 44 frg 0
ARGLOG Romero t  40.5 pos '599.9 915.3 -295.4' spd  39.9 yaw 120.9 mode 2 st 1 gl 1 hp 77 frg 0
ARGLOG Carmack t  40.5 pos '1218.6 674.6 -256.0' spd  44.0 yaw 78 mode 2 st 0 gl 0 hp 100 frg 0
ARGEVT Romero swim
ARGEVT Romero swim
ARGEVT Romero swim
ARGEVT Romero swim
ARGLOG Joe Rogan t  41.0 pos '503.5 1184.3 -303.9' spd 184.4 yaw 299.3 mode 2 st 9 gl 0 hp 44 frg 0
ARGLOG Romero t  41.0 pos '624.8 929.5 -296.2' spd  69.8 yaw 116.8 mode 2 st 1 gl 1 hp 77 frg 0
ARGEVT Romero swim
ARGLOG Carmack t  41.0 pos '1205.2 661.2 -256.0' spd  33.9 yaw 76 mode 2 st 0 gl 0 hp 100 frg 0
ARGEVT Romero swim
ARGEVT Romero swim
ARGEVT Carmack hazard
ARGEVT Joe Rogan weapon sg
ARGUS Joe Rogan threatmove retreat 2
ARGEVT Joe Rogan retreat
ARGLOG Joe Rogan t  41.5 pos '602.7 1233.3 -305.7' spd 187.5 yaw 282.6 mode 2 st 9 gl 0 hp 28 frg 0
ARGLOG Romero t  41.5 pos '673.0 928.5 -291.4' spd 315.5 yaw  99.5 mode 2 st 1 gl 1 hp 26 frg 0
ARGLOG Carmack t  41.5 pos '1200.0 656.0 -256.0' spd 0 yaw 76 mode 2 st 0 gl 0 hp 100 frg 0
ARGEVT Romero swim
ARGEVT Romero swim
ARGEVT Romero swim
ARGEVT Romero swim
ARGEVT Carmack stall
ARGEVT Carmack stallnode '1169.0 897.0 -408.0'
ARGEVT Carmack jump
ARGEVT Joe Rogan pursue
ARGEVT Romero pursue
ARGLOG Joe Rogan t  42.0 pos '561.3 1230.9 -305.2' spd 169.7 yaw 293 mode 2 st 9 gl 0 hp 28 frg 0
ARGLOG Romero t  42.0 pos '780.0 917.5 -295.3' spd 203.8 yaw 117 mode 2 st 1 gl 1 hp 17 frg 0
ARGLOG Carmack t  42.0 pos '1200.9 656.9 -241.4' spd  34.6 yaw 116.8 mode 0 st 1 gl 0 hp 100 frg 0
ARGEVT Carmack route 5 start '1265.0 737.0 -256.0' goal '241.0 1793.0 -40.0'
ARGEVT Romero swim
ARGEVT Romero hazard
ARGUS Romero wallslide
ARGLOG Joe Rogan t  42.5 pos '542.0 1151.1 -304.5' spd 204.1 yaw 302 mode 2 st 9 gl 0 hp 28 frg 0
ARGLOG Romero t  42.5 pos '813.8 1028.6 -264.0' spd  67.3 yaw 196.1 mode 2 st 1 gl 1 hp 17 frg 0
ARGLOG Carmack t  42.5 pos '1222.3 678.3 -235.9' spd  61.1 yaw 103 mode 2 st 1 gl 0 hp 100 frg 0
ARGEVT Romero pursue
ARGLOG Joe Rogan t  43.1 pos '589.4 1048.4 -303.9' spd 173.7 yaw 325.5 mode 2 st 9 gl 0 hp 28 frg 0
ARGLOG Romero t  43.1 pos '750.7 941.4 -296.8' spd  51.7 yaw 155.8 mode 2 st 1 gl 1 hp 17 frg 0
ARGEVT Romero swim
ARGLOG Carmack t  43.1 pos '1264.0 811.0 -256.0' spd 440.6 yaw 162.0 mode 2 st 1 gl 0 hp 100 frg 0
ARGEVT Romero swim
ARGEVT Carmack hazard
ARGEVT Romero swim
ARGEVT Romero swim
ARGEVT Romero swim
ARGLOG Joe Rogan t  43.6 pos '616.7 1093.9 -303.5' spd 185.5 yaw 325.0 mode 2 st 9 gl 0 hp 4 frg 0
ARGLOG Romero t  43.6 pos '738.2 966.9 -294.9' spd  63.4 yaw 138.8 mode 2 st 1 gl 1 hp 17 frg 0
ARGLOG Carmack t  43.6 pos '1178.5 973.1 -256.0' spd 367.8 yaw 145 mode 2 st 1 gl 0 hp 100 frg 0
ARGEVT Romero swim
ARGEVT Joe Rogan pursue
ARGEVT Romero pursue
ARGUS Joe Rogan hunch item_health
ARGEVT Romero swim
ARGEVT Romero swim
ARGEVT Joe Rogan goal item_health
ARGEVT Joe Rogan route 15 start '561.0 1121.0 -312.0' goal '337.0 865.0 -200.0'
ARGEVT Joe Rogan pursue
ARGEVT Romero swim
ARGUS Carmack wallslide
ARGLOG Joe Rogan t  44.1 pos '629.3 1133.2 -303.4' spd  90.1 yaw 227.2 mode 2 st 9 gl 0 hp 4 frg 0
ARGLOG Romero t  44.1 pos '698.7 970.1 -295.7' spd  90.4 yaw 138 mode 2 st 1 gl 1 hp 17 frg 0
ARGLOG Carmack t  44.1 pos '1242.7 1101.0 -256.0' spd 320.8 yaw 151 mode 2 st 1 gl 0 hp 100 frg 0
ARGEVT Romero swim
ARGEVT Romero swim
ARGEVT Joe Rogan death Romero pos '608.1 1124.4 -303.6'
ARGUS Romero watch spawn
ARGEVT Romero goal item_health
ARGEVT Romero swim
ARGEVT Carmack abandon
ARGEVT Carmack goal item_armor2
ARGEVT Romero route 3 start '721.0 961.0 -328.0' goal '1201.0 961.0 -256.0'
ARGEVT Romero swim
ARGEVT Carmack route 3 start '1265.0 1089.0 -256.0' goal '1297.0 1057.0 -408.0'
ARGEVT Romero swim
ARGLOG Romero t  44.6 pos '646.7 983.6 -295.0' spd 115.1 yaw 105 mode 2 st 1 gl 1 hp 17 frg 1
ARGLOG Carmack t  44.6 pos '1339.3 960.5 -256.0' spd 479.0 yaw 186.1 mode 2 st 1 gl 0 hp 100 frg 0
ARGEVT Romero swim
ARGEVT Romero swim
ARGEVT Romero swim
ARGEVT Carmack hazard
ARGEVT Romero swim
ARGEVT Romero swim
ARGLOG Romero t  45.1 pos '594.8 1011.0 -295.7' spd 118.9 yaw 75 mode 2 st 1 gl 1 hp 17 frg 1
ARGLOG Carmack t  45.1 pos '1201.2 853.9 -256.0' spd 154.4 yaw 90 mode 2 st 1 gl 0 hp 100 frg 0
ARGEVT Romero swim
ARGEVT Romero swim
ARGEVT Romero swim
ARGEVT Romero swim
ARGLOG Romero t  45.6 pos '588.3 1064.3 -295.6' spd 146.9 yaw 336 mode 2 st 1 gl 1 hp 17 frg 1
ARGLOG Carmack t  45.6 pos '1211.0 992.2 -256.0' spd 402.6 yaw 153 mode 2 st 1 gl 0 hp 100 frg 0
ARGEVT Romero swim
ARGEVT Romero swim
ARGEVT Joe Rogan respawn
ARGEVT Carmack engage Joe Rogan
ARGUS Carmack threatmove range 2
ARGEVT Carmack grab item_armor2
ARGEVT Joe Rogan plan powerup via weapon
ARGEVT Joe Rogan goal weapon_grenadelauncher
ARGEVT Joe Rogan engage Carmack
ARGUS Joe Rogan threatmove range 2
ARGEVT Joe Rogan grab item_armor2
ARGLOG Joe Rogan t  45.8 pos '1312.0 880.0 -256.0' spd 0 yaw  93.3 mode 0 st 9 gl 0 hp 100 frg 0
ARGEVT Joe Rogan route 2 start '1329.0 865.0 -256.0' goal '1201.0 1057.0 -408.0'
ARGEVT Romero swim
ARGEVT Romero swim
ARGEVT Romero swim
ARGLOG Romero t  46.1 pos '648.0 1096.5 -295.1' spd  18.6 yaw 325 mode 2 st 1 gl 1 hp 17 frg 1
ARGLOG Carmack t  46.1 pos '1301.6 1071.0 -256.0' spd 402.5 yaw 285.2 mode 2 st 1 gl 0 hp 100 frg 0
ARGEVT Romero swim
ARGUS Carmack bodyblock
ARGUS Carmack wallslide
ARGEVT Romero swim
ARGLOG Joe Rogan t  46.3 pos '1306.6 1010.8 -256.0' spd 191.9 yaw  64.0 mode 2 st 9 gl 0 hp 100 frg 0
ARGEVT Romero swim
ARGUS Joe Rogan wallslide
ARGEVT Romero swim
ARGLOG Romero t  46.6 pos '648.0 1072.3 -295.5' spd  61.1 yaw 329 mode 2 st 1 gl 1 hp 17 frg 1
ARGLOG Carmack t  46.6 pos '1233.7 1072.4 -256.0' spd 372.4 yaw  87.2 mode 2 st 1 gl 0 hp 76 frg 0
ARGEVT Romero swim
ARGEVT Carmack hazard
ARGEVT Romero swim
ARGLOG Joe Rogan t  46.8 pos '1311.7 1042.8 -256.0' spd  73.3 yaw 185.0 mode 2 st 9 gl 0 hp 100 frg 0
ARGEVT Romero swim
ARGEVT Romero swim
ARGEVT Romero swim
ARGLOG Romero t  47.1 pos '648.0 1034.3 -295.0' spd  86.9 yaw 336 mode 2 st 1 gl 1 hp 17 frg 1
ARGLOG Carmack t  47.1 pos '1265.8 1007.9 -256.0' spd 355.2 yaw  31.9 mode 2 st 1 gl 0 hp 77 frg 0
ARGUS Joe Rogan bodyblock
ARGEVT Romero swim
ARGEVT Romero swim
ARGEVT Carmack grab weapon_grenadelauncher
ARGEVT Joe Rogan grab weapon_grenadelauncher
ARGLOG Joe Rogan t  47.3 pos '1282.4 1053.5 -256.0' spd 330.3 yaw 290.7 mode 2 st 9 gl 0 hp 100 frg 0
ARGEVT Romero swim
ARGEVT Romero swim
ARGLOG Romero t  47.6 pos '650.0 986.6 -296.7' spd 104.4 yaw 6 mode 2 st 1 gl 1 hp 17 frg 1
ARGEVT Romero swim
ARGLOG Carmack t  47.6 pos '1354.3 994.5 -256.0' spd 339.2 yaw 163.7 mode 2 st 1 gl 0 hp 77 frg 0
ARGEVT Romero swim
ARGLOG Joe Rogan t  47.9 pos '1221.9 1042.2 -256.0' spd 270.3 yaw 340.8 mode 2 st 9 gl 0 hp 100 frg 0
ARGEVT Romero swim
ARGEVT Romero swim
ARGEVT Romero swim
ARGLOG Romero t  48.1 pos '683.1 945.2 -295.0' spd 110.4 yaw 11 mode 2 st 1 gl 1 hp 17 frg 1
ARGLOG Carmack t  48.1 pos '1256.9 1046.0 -256.0' spd 320.0 yaw 150.2 mode 2 st 1 gl 0 hp 53 frg 0
ARGEVT Romero swim
ARGEVT Joe Rogan hazard
ARGEVT Romero swim
ARGEVT Carmack grab item_health
ARGLOG Joe Rogan t  48.4 pos '1191.4 1000.7 -256.0' spd 258.7 yaw  52.3 mode 2 st 9 gl 0 hp 96 frg 0
ARGEVT Romero swim
ARGEVT Romero swim
ARGUS Carmack threatmove retreat 2
ARGEVT Carmack retreat
ARGUS Carmack bodyblock
ARGEVT Romero swim
ARGLOG Romero t  48.6 pos '732.5 912.3 -295.5' spd 124.5 yaw 14 mode 2 st 1 gl 1 hp 17 frg 1
ARGLOG Carmack t  48.6 pos '1229.1 1086.3 -256.0' spd 332.1 yaw 253.4 mode 2 st 1 gl 0 hp 29 frg 0
ARGEVT Carmack hazard
ARGEVT Romero swim
ARGEVT Joe Rogan grab item_armor2
ARGLOG Joe Rogan t  48.9 pos '1324.8 1041.6 -256.0' spd 323.2 yaw 160.2 mode 2 st 9 gl 0 hp 96 frg 0
ARGEVT Romero swim
ARGEVT Romero swim
ARGEVT Romero swim
ARGLOG Romero t  49.2 pos '797.4 890.3 -295.0' spd 141.5 yaw 23 mode 2 st 1 gl 1 hp 17 frg 1
ARGLOG Carmack t  49.2 pos '1306.3 1134.7 -256.0' spd 320.5 yaw 316.9 mode 2 st 1 gl 0 hp 29 frg 0
ARGEVT Romero swim
ARGEVT Romero swim
ARGLOG Joe Rogan t  49.4 pos '1319.9 1046.1 -256.0' spd 200.0 yaw  76.4 mode 2 st 9 gl 0 hp 72 frg 0
ARGEVT Carmack route 4 start '1297.0 1249.0 -312.0' goal '1297.0 1057.0 -408.0'
ARGEVT Romero swim
ARGLOG Romero t  49.7 pos '886.1 891.2 -280.0' spd 325.6 yaw 34 mode 2 st 1 gl 1 hp 17 frg 1
ARGLOG Carmack t  49.7 pos '1359.2 1279.9 -327.9' spd 325.7 yaw 257.6 mode 2 st 1 gl 0 hp 29 frg 0
ARGEVT Romero jump
ARGLOG Joe Rogan t  49.9 pos '1313.6 1045.8 -256.0' spd  49.4 yaw  85.3 mode 2 st 9 gl 0 hp 48 frg 0
ARGLOG Romero t  50.2 pos '992.8 961.1 -242.7' spd 143.4 yaw  42.0 mode 2 st 1 gl 1 hp 17 frg 1
ARGLOG Carmack t  50.2 pos '1321.4 1444.8 -408.0' spd 320.0 yaw 261.6 mode 0 st 1 gl 0 hp 5 frg 0
ARGEVT Carmack route 6 start '1297.0 1537.0 -408.0' goal '1297.0 1057.0 -408.0'
ARGEVT Carmack death Joe Rogan pos '1309.3 1513.2 -408.0'
ARGLOG Joe Rogan t  50.4 pos '1315.1 1052.9 -256.0' spd 177.5 yaw  19.7 mode 2 st 9 gl 0 hp 48 frg 1
ARGEVT Joe Rogan goal item_health
ARGEVT Joe Rogan route 2 start '1265.0 1089.0 -256.0' goal '1169.0 897.0 -408.0'
ARGEVT Romero hazard
ARGLOG Romero t  50.7 pos '1078.1 1025.3 -248.0' spd 413.3 yaw 0 mode 2 st 1 gl 1 hp 17 frg 1
ARGLOG Joe Rogan t  50.9 pos '1367.2 1104.0 -256.0' spd   5.8 yaw 97 mode 2 st 9 gl 0 hp 48 frg 1
ARGUS Romero wallslide
ARGLOG Romero t  51.2 pos '1087.8 1032.3 -248.0' spd 133.3 yaw 354 mode 2 st 1 gl 1 hp 17 frg 1
ARGLOG Joe Rogan t  51.4 pos '1360.9 1137.6 -246.1' spd 320.0 yaw 97 mode 2 st 9 gl 0 hp 48 frg 1
ARGEVT Romero hazard
ARGLOG Romero t  51.7 pos '1088.0 1065.0 -248.0' spd  45.8 yaw 331 mode 2 st 1 gl 1 hp 17 frg 1
ARGEVT Carmack respawn
ARGEVT Carmack goal weapon_rocketlauncher
ARGLOG Carmack t  51.9 pos '528.0 1888.0 -168.0' spd 0 yaw 175.2 mode 0 st 1 gl 0 hp 100 frg 0
ARGEVT Carmack route 15 start '465.0 1921.0 -168.0' goal '145.0 2337.0  40.0'
ARGLOG Joe Rogan t  52.0 pos '1341.0 1300.3 -338.1' spd 320 yaw 97 mode 0 st 9 gl 0 hp 48 frg 1
ARGUS Romero wallslide
ARGEVT Joe Rogan route 4 start '1297.0 1377.0 -376.0' goal '1169.0 897.0 -408.0'
ARGLOG Romero t  52.2 pos '1088.0 1017.0 -248.0' spd 133.2 yaw 5 mode 2 st 1 gl 1 hp 17 frg 1
ARGEVT Joe Rogan hazard
ARGLOG Carmack t  52.4 pos '382.6 1911.2 -168.0' spd 325.6 yaw 163 mode 2 st 1 gl 0 hp 100 frg 0
ARGLOG Joe Rogan t  52.5 pos '1274.7 1462.2 -408.0' spd 322.2 yaw 269 mode 2 st 9 gl 0 hp 48 frg 1
ARGEVT Romero hazard
ARGLOG Romero t  52.7 pos '1085.3 992.7 -248.0' spd  95.7 yaw 345 mode 2 st 1 gl 1 hp 17 frg 1
ARGLOG Carmack t  52.9 pos '216.5 1904.6 -184.0' spd 347.5 yaw 163 mode 2 st 1 gl 0 hp 100 frg 0
ARGLOG Joe Rogan t  53.0 pos '1280.1 1382.3 -379.1' spd 320.0 yaw 268 mode 2 st 9 gl 0 hp 48 frg 1
ARGUS Romero wallslide
ARGEVT Joe Rogan jump
ARGLOG Romero t  53.2 pos '1087.8 1045.9 -248.0' spd  69.1 yaw 344 mode 2 st 1 gl 1 hp 17 frg 1
ARGLOG Carmack t  53.4 pos ' 58.7 1966.3 -184.0' spd 327.2 yaw 130 mode 2 st 1 gl 0 hp 100 frg 0
ARGLOG Joe Rogan t  53.5 pos '1326.4 1232.0 -303.9' spd 289.4 yaw  51.1 mode 2 st 9 gl 0 hp 48 frg 1
ARGEVT Joe Rogan hazard
ARGEVT Romero hazard
ARGLOG Romero t  53.8 pos '1088.0 1071.6 -248.0' spd  40.4 yaw 327 mode 2 st 1 gl 1 hp 17 frg 1
ARGLOG Carmack t  54.0 pos '-99.1 2012.7 -168.0' spd 320.0 yaw 106 mode 2 st 1 gl 0 hp 100 frg 0
ARGLOG Joe Rogan t  54.0 pos '1274.7 1381.2 -378.5' spd 401.0 yaw 261 mode 2 st 9 gl 0 hp 48 frg 1
ARGUS Romero wallslide
ARGLOG Romero t  54.3 pos '1087.4 1003.4 -248.0' spd  65.7 yaw 15 mode 2 st 1 gl 1 hp 17 frg 1
ARGLOG Carmack t  54.5 pos '-213.1 2143.3 -136.0' spd 343.2 yaw  71.3 mode 0 st 1 gl 0 hp 100 frg 0
ARGLOG Joe Rogan t  54.5 pos '1265.8 1312.7 -344.3' spd 320.0 yaw 260 mode 2 st 9 gl 0 hp 48 frg 1
ARGEVT Carmack route 10 start '-175.0 2241.0 -136.0' goal '145.0 2337.0  40.0'
ARGEVT Romero hazard
ARGLOG Romero t  54.8 pos '1087.6 1009.5 -248.0' spd 135.7 yaw 11 mode 2 st 1 gl 1 hp 17 frg 1
ARGLOG Carmack t  55.0 pos '-164.3 2317.3 -136.0' spd 346.5 yaw 137 mode 2 st 1 gl 0 hp 100 frg 0
ARGEVT Carmack hazard
ARGLOG Joe Rogan t  55.0 pos '1263.9 1146.8 -247.8' spd 325.2 yaw 250 mode 2 st 9 gl 0 hp 48 frg 1
ARGUS Romero wallslide
ARGLOG Romero t  55.3 pos '1087.9 1054.7 -248.0' spd  54.3 yaw 337 mode 2 st 1 gl 1 hp 17 frg 1
ARGUS Carmack wallslide
ARGLOG Carmack t  55.5 pos '-179.4 2320.0 -136.0' spd  92.5 yaw 136 mode 2 st 1 gl 0 hp 100 frg 0
ARGLOG Joe Rogan t  55.5 pos '1228.1 980.5 -244.7' spd 322.5 yaw 235 mode 2 st 9 gl 0 hp 48 frg 1
ARGEVT Romero hazard
ARGEVT Joe Rogan hazard
ARGLOG Romero t  55.8 pos '1088.0 1053.8 -248.0' spd 186.7 yaw 338 mode 2 st 1 gl 1 hp 17 frg 1
ARGUS Joe Rogan wallslide
ARGLOG Carmack t  56.0 pos '-242.0 2369.4 -136.0' spd 328.5 yaw 134 mode 2 st 1 gl 0 hp 100 frg 0
ARGLOG Joe Rogan t  56.0 pos '1200.3 864.4 -256.0' spd 151.9 yaw 105.6 mode 1 st 9 gl 0 hp 48 frg 1
ARGUS Romero wallslide
ARGLOG Romero t  56.3 pos '1087.9 992.6 -248.0' spd  71.6 yaw 355.0 mode 2 st 1 gl 1 hp 17 frg 1
ARGLOG Carmack t  56.5 pos '-319.2 2522.2 -120.0' spd 338.1 yaw 140 mode 2 st 1 gl 0 hp 100 frg 0
ARGLOG Joe Rogan t  56.6 pos '1176.4 1033.6 -256.0' spd 290.4 yaw 204.4 mode 1 st 9 gl 0 hp 48 frg 1
ARGEVT Romero hazard
ARGLOG Romero t  56.8 pos '1087.8 1029.6 -248.0' spd  99.9 yaw 356 mode 2 st 1 gl 1 hp 17 frg 1
ARGLOG Carmack t  57.0 pos '-447.8 2625.3 -104.0' spd 320.0 yaw 197 mode 2 st 1 gl 0 hp 100 frg 0
ARGLOG Joe Rogan t  57.1 pos '1194.0 928.0 -256.0' spd 275.1 yaw 356.5 mode 1 st 9 gl 0 hp 48 frg 1
ARGUS Romero wallslide
ARGEVT Carmack lift
ARGEVT Carmack board
ARGLOG Romero t  57.3 pos '1088.0 1063.1 -248.0' spd  46.7 yaw 332 mode 2 st 1 gl 1 hp 17 frg 1
ARGLOG Carmack t  57.5 pos '-536.8 2702.5 -51.9' spd 0 yaw 273 mode 2 st 1 gl 0 hp 100 frg 0
ARGLOG Joe Rogan t  57.6 pos '1313.1 1049.0 -256.0' spd 472.9 yaw 159.4 mode 1 st 9 gl 0 hp 48 frg 1
ARGEVT Joe Rogan hazard
ARGLOG Romero t  57.9 pos '1088.0 1024.2 -248.0' spd 168.7 yaw 0 mode 2 st 1 gl 1 hp 17 frg 1
ARGEVT Romero hazard
ARGLOG Carmack t  58.1 pos '-537.2 2688.3  25.4' spd 177.4 yaw 292 mode 2 st 1 gl 0 hp 100 frg 0
ARGLOG Joe Rogan t  58.1 pos '1252.3 1069.8 -256.0' spd 320.8 yaw 243 mode 1 st 9 gl 0 hp 48 frg 1
ARGLOG Romero t  58.4 pos '1083.0 985.5 -248.0' spd  35.5 yaw 349 mode 2 st 1 gl 1 hp 17 frg 1
ARGUS Romero wallslide
ARGLOG Carmack t  58.6 pos '-511.6 2521.8  56.0' spd 326.8 yaw 326 mode 2 st 1 gl 0 hp 100 frg 0
ARGLOG Joe Rogan t  58.6 pos '1199.0 928.0 -256.0' spd 105.5 yaw 250.7 mode 1 st 9 gl 0 hp 48 frg 1
ARGEVT Joe Rogan hazard
ARGLOG Romero t  58.9 pos '1087.8 1038.6 -248.0' spd  82.1 yaw 349 mode 2 st 1 gl 1 hp 17 frg 1
ARGEVT Romero hazard
ARGUS Joe Rogan wallslide
ARGLOG Carmack t  59.1 pos '-420.6 2416.0  22.7' spd 218.4 yaw 358 mode 2 st 1 gl 0 hp 100 frg 0
ARGLOG Joe Rogan t  59.1 pos '1199.9 929.0 -256.0' spd 329.6 yaw 109 mode 1 st 9 gl 0 hp 48 frg 1
ARGLOG Romero t  59.4 pos '1088.0 1066.9 -248.0' spd  43.9 yaw 330 mode 2 st 1 gl 1 hp 17 frg 1
ARGUS Romero wallslide
ARGLOG Carmack t  59.6 pos '-403.6 2416.0 -136.0' spd 0 yaw 358 mode 2 st 1 gl 0 hp 100 frg 0
ARGLOG Joe Rogan t  59.6 pos '1171.2 1032.4 -256.0' spd 271.3 yaw 271.1 mode 1 st 9 gl 0 hp 48 frg 1
ARGEVT Romero stall
ARGEVT Romero stallnode '1201.0 961.0 -256.0'
ARGEVT Romero jump
ARGEVT Romero route 2 start '977.0 993.0 -248.0' goal '1201.0 961.0 -256.0'
ARGLOG Romero t  59.9 pos '1088.0 1005.0 -209.3' spd 197.0 yaw 339 mode 2 st 2 gl 1 hp 17 frg 1
ARGLOG Carmack t  60.1 pos '-403.6 2416.0 -136.0' spd 0 yaw 358 mode 2 st 1 gl 0 hp 100 frg 0
ARGLOG Joe Rogan t  60.1 pos '1262.6 938.4 -256.0' spd 385.4 yaw  62.5 mode 1 st 9 gl 0 hp 48 frg 1
ARGLOG Romero t  60.4 pos '1069.3 976.0 -248.0' spd 201.4 yaw 354 mode 2 st 2 gl 1 hp 17 frg 1
ARGEVT Joe Rogan hazard
ARGLOG Carmack t  60.6 pos '-403.6 2416.0 -136.0' spd 0 yaw 358 mode 2 st 1 gl 0 hp 100 frg 0
ARGLOG Joe Rogan t  60.7 pos '1279.5 1124.5 -256.0' spd 245.5 yaw 226.0 mode 1 st 9 gl 0 hp 48 frg 1
ARGLOG Romero t  60.9 pos '905.9 930.5 -264.0' spd 429.6 yaw 281.5 mode 2 st 2 gl 1 hp 17 frg 1
