LOG started on: 09/19/2026 22:05:14 
Playing registered version.
UDP Initialized
WIPX_OpenSocket: Address family not supported by protocol family
WIPX_Init: Unable to open control socket, IPX disabled
Exe: 20:02:47 Jul 31 2024
256.0 megabyte heap

Language initialization
Couldn't load 'localization/loc_english.txt'
from 'C:\argus\engine'

========= Quake Initialized =========

execing autoexec.cfg
SpawnServer: dm4
Clearing memory
Programs occupy 908K.
trying to open external vis file
maps/dm4.vis not found, trying argus.vis
external vis not found
ARGUS slots 8
ARGUS worldspawn reached
ARGNAV 137 nodes, 678 links
0 entities inhibited
ARGUS init on dm4
ARGEVT Carmack spawned
ARGEVT Romero spawned
ARGEVT Joe Rogan spawned
Server spawned.
ARGLOG Joe Rogan t   1.2 pos '-64.0 -232.0 -72.0' spd 0 yaw 357.6 mode 0 st 0 gl 0 hp 100 frg 0
ARGLOG Romero t   1.2 pos '112.0 -1136.0 -104.0' spd 0 yaw  92.5 mode 0 st 0 gl 0 hp 100 frg 0
ARGLOG Carmack t   1.2 pos '-64.0 512.0 -296.0' spd 0 yaw 299.6 mode 0 st 0 gl 0 hp 100 frg 0
ARGEVT Carmack hazard
ARGLOG Joe Rogan t   1.7 pos ' 84.8 -237.2 -72.0' spd 320 yaw 357.6 mode 0 st 0 gl 0 hp 100 frg 0
ARGLOG Romero t   1.7 pos '106.8 -987.2 -104.0' spd 320 yaw  92.5 mode 0 st 0 gl 0 hp 100 frg 0
ARGLOG Carmack t   1.7 pos '  6.2 472.3 -296.0' spd 340.8 yaw 306.1 mode 0 st 0 gl 0 hp 100 frg 0
ARGUS Carmack wallslide
ARGLOG Joe Rogan t   2.2 pos '249.5 -243.2 -79.4' spd 320 yaw 357.6 mode 0 st 0 gl 0 hp 100 frg 0
ARGLOG Romero t   2.2 pos '101.2 -827.0 -104.0' spd 320 yaw  92.5 mode 0 st 0 gl 0 hp 100 frg 0
ARGLOG Carmack t   2.2 pos '-26.6 603.0 -296.0' spd 269.2 yaw 177.7 mode 0 st 0 gl 0 hp 200 frg 0
ARGEVT Romero hazard
ARGUS Romero wallslide
ARGLOG Joe Rogan t   2.7 pos '385.1 -258.5 -238.5' spd 111.2 yaw 197.1 mode 0 st 0 gl 0 hp 100 frg 0
ARGLOG Romero t   2.7 pos '103.9 -819.1 -104.0' spd 304.4 yaw  23.6 mode 0 st 0 gl 0 hp 100 frg 0
ARGLOG Carmack t   2.7 pos '-103.3 590.5 -296.0' spd 315.6 yaw 260.7 mode 0 st 0 gl 0 hp 200 frg 0
ARGEVT Joe Rogan hazard
ARGLOG Joe Rogan t   3.2 pos '375.5 -224.9 -296.0' spd 283.0 yaw 319.4 mode 0 st 0 gl 0 hp 100 frg 0
ARGLOG Romero t   3.2 pos '263.1 -781.8 -104.0' spd 320.5 yaw  23.6 mode 0 st 0 gl 0 hp 100 frg 0
ARGLOG Carmack t   3.2 pos '-128.1 446.9 -296.0' spd 116.6 yaw 110.4 mode 0 st 0 gl 0 hp 200 frg 0
ARGEVT Carmack hazard
ARGLOG Joe Rogan t   3.7 pos '519.8 -256.8 -296.0' spd 101.7 yaw 132.0 mode 0 st 0 gl 0 hp 100 frg 0
ARGLOG Romero t   3.7 pos '322.7 -717.2 -104.0' spd 104.1 yaw 310.1 mode 0 st 0 gl 0 hp 100 frg 0
ARGLOG Carmack t   3.7 pos '-62.7 550.9 -296.0' spd 341.4 yaw 345.9 mode 0 st 0 gl 0 hp 200 frg 0
ARGEVT Joe Rogan hazard
ARGEVT Joe Rogan goal weapon_lightning
ARGEVT Joe Rogan jump
ARGEVT Romero goal item_armorInv
ARGEVT Carmack goal weapon_rocketlauncher
ARGEVT Joe Rogan route 8 start '593.0 -215.0 -296.0' goal '529.0 -311.0 -104.0'
ARGLOG Joe Rogan t   4.2 pos '585.0 -258.1 -262.3' spd 327.9 yaw 83 mode 2 st 0 gl 0 hp 100 frg 0
ARGLOG Romero t   4.2 pos '411.9 -828.6 -104.0' spd 365.9 yaw 358 mode 0 st 0 gl 0 hp 100 frg 0
ARGLOG Carmack t   4.2 pos '-100.3 555.3 -296.0' spd 385.2 yaw 233.7 mode 0 st 0 gl 0 hp 200 frg 0
ARGEVT Romero route 8 start '401.0 -791.0 -104.0' goal '817.0 -855.0 -232.0'
ARGEVT Romero hazard
ARGEVT Carmack route 4 start '-111.0 457.0 -296.0' goal ' 81.0  73.0 -296.0'
ARGUS Romero wallslide
ARGLOG Joe Rogan t   4.7 pos '656.0 -264.6 -296.0' spd  30.5 yaw 94 mode 2 st 0 gl 0 hp 100 frg 0
ARGLOG Romero t   4.7 pos '401.5 -752.3 -104.0' spd 320.3 yaw 109 mode 2 st 0 gl 0 hp 100 frg 0
ARGLOG Carmack t   4.7 pos '-118.3 392.2 -296.0' spd 320.0 yaw 266 mode 2 st 0 gl 0 hp 200 frg 0
ARGEVT Carmack hazard
ARGLOG Joe Rogan t   5.2 pos '635.2 -118.3 -296.0' spd 320.4 yaw 257 mode 2 st 0 gl 0 hp 100 frg 0
ARGLOG Romero t   5.2 pos '309.4 -630.7 -104.0' spd 353.3 yaw 39 mode 2 st 0 gl 0 hp 100 frg 0
ARGLOG Carmack t   5.2 pos '-84.3 228.5 -296.0' spd 357.6 yaw 318 mode 2 st 0 gl 0 hp 200 frg 0
ARGLOG Joe Rogan t   5.8 pos '627.8  43.2 -296.0' spd 320.0 yaw 260 mode 2 st 0 gl 0 hp 100 frg 0
ARGLOG Romero t   5.8 pos '361.8 -473.9 -108.0' spd 322.4 yaw 20 mode 2 st 0 gl 0 hp 100 frg 0
ARGLOG Carmack t   5.8 pos ' -2.0  83.2 -296.0' spd 364.8 yaw 347 mode 1 st 0 gl 0 hp 200 frg 0
ARGEVT Carmack goal weapon_grenadelauncher
ARGEVT Joe Rogan route 6 start '625.0 105.0 -296.0' goal '529.0 -311.0 -104.0'
ARGUS Carmack wallslide
ARGEVT Carmack hazard
ARGEVT Carmack route 10 start ' 81.0  73.0 -296.0' goal '145.0 -407.0 -104.0'
ARGLOG Joe Rogan t   6.3 pos '391.8 -864.0  24.0' spd 300 yaw 101 mode 2 st 0 gl 0 hp 100 frg 0
ARGLOG Romero t   6.3 pos '485.5 -363.1 -104.0' spd 320.7 yaw  22.7 mode 2 st 0 gl 0 hp 100 frg 0
ARGLOG Carmack t   6.3 pos '104.7 116.0 -296.0' spd 320.5 yaw 241 mode 2 st 0 gl 1 hp 200 frg 0
ARGEVT Joe Rogan goal weapon_rocketlauncher
ARGEVT Joe Rogan route 9 start '401.0 -887.0  24.0' goal '753.0 -887.0 -232.0'
ARGLOG Joe Rogan t   6.8 pos '370.6 -843.0  24.0' spd 312.2 yaw 73 mode 2 st 0 gl 0 hp 100 frg 0
ARGLOG Romero t   6.8 pos '551.8 -204.6 -104.0' spd 388.7 yaw 150 mode 2 st 0 gl 0 hp 100 frg 0
ARGLOG Carmack t   6.8 pos ' 87.9 123.3 -296.0' spd 347.5 yaw 330.3 mode 2 st 0 gl 1 hp 200 frg 0
ARGUS Joe Rogan wallslide
ARGEVT Joe Rogan hazard
ARGEVT Romero hazard
ARGEVT Carmack hazard
ARGUS Carmack wallslide
ARGLOG Joe Rogan t   7.3 pos '370.9 -752.0  24.0' spd  13.1 yaw 77 mode 2 st 0 gl 0 hp 100 frg 0
ARGLOG Romero t   7.3 pos '455.9 -69.4 -104.0' spd 244.9 yaw 209.0 mode 0 st 0 gl 0 hp 100 frg 0
ARGLOG Carmack t   7.3 pos ' 16.5  48.1 -296.0' spd 238.0 yaw 296.7 mode 2 st 0 gl 1 hp 199 frg 0
ARGEVT Romero route 6 start '529.0 -55.0 -104.0' goal '817.0 -855.0 -232.0'
ARGLOG Joe Rogan t   7.8 pos '373.9 -752.0  24.0' spd   7.3 yaw 78 mode 2 st 0 gl 0 hp 100 frg 0
ARGLOG Romero t   7.8 pos '313.2 -107.4 -146.3' spd 320.6 yaw 312 mode 2 st 0 gl 0 hp 100 frg 0
ARGLOG Carmack t   7.8 pos '102.8  74.7 -296.0' spd 156.5 yaw 237 mode 2 st 0 gl 1 hp 199 frg 0
ARGEVT Joe Rogan hazard
ARGEVT Romero hazard
ARGUS Carmack wallslide
ARGLOG Joe Rogan t   8.3 pos '373.5 -752.0  24.0' spd   8.6 yaw 78 mode 2 st 0 gl 0 hp 100 frg 0
ARGLOG Romero t   8.3 pos '306.8 -201.0 -296.0' spd 321.8 yaw 334 mode 2 st 0 gl 0 hp 100 frg 0
ARGLOG Carmack t   8.3 pos '  2.7  48.1 -296.0' spd 210.5 yaw 292.1 mode 2 st 0 gl 1 hp 198 frg 0
ARGEVT Carmack hazard
ARGLOG Joe Rogan t   8.8 pos '373.8 -752.0  24.0' spd   7.3 yaw 78 mode 2 st 0 gl 0 hp 100 frg 0
ARGLOG Romero t   8.8 pos '383.8 -76.9 -296.0' spd 408.0 yaw 292 mode 2 st 0 gl 0 hp 100 frg 0
ARGLOG Carmack t   8.8 pos ' 98.4  59.7 -296.0' spd 337.0 yaw 256 mode 2 st 0 gl 1 hp 198 frg 0
ARGUS Romero wallslide
ARGEVT Joe Rogan hazard
ARGLOG Joe Rogan t   9.3 pos '373.7 -752.0  24.0' spd   7.3 yaw 78 mode 2 st 0 gl 0 hp 100 frg 0
ARGLOG Romero t   9.3 pos '399.7  92.9 -288.0' spd 168.9 yaw 280 mode 2 st 0 gl 0 hp 100 frg 0
ARGLOG Carmack t   9.3 pos ' 24.7  52.7 -296.0' spd 221.0 yaw 298.5 mode 2 st 0 gl 1 hp 197 frg 0
ARGEVT Romero hazard
ARGEVT Carmack hazard
ARGUS Carmack wallslide
ARGLOG Joe Rogan t   9.8 pos '374.0 -752.0  24.0' spd  15.0 yaw 78 mode 2 st 0 gl 0 hp 100 frg 0
ARGLOG Romero t   9.8 pos '400.0 -26.9 -296.0' spd 336.6 yaw 285 mode 2 st 0 gl 0 hp 100 frg 0
ARGLOG Carmack t   9.8 pos '101.0  72.9 -296.0' spd 202.5 yaw 256 mode 2 st 0 gl 1 hp 197 frg 0
ARGEVT Joe Rogan stall
ARGEVT Joe Rogan stallnode '337.0 -599.0  24.0'
ARGEVT Joe Rogan jump
ARGEVT Joe Rogan route 8 start '337.0 -727.0  24.0' goal '753.0 -887.0 -232.0'
ARGLOG Joe Rogan t  10.3 pos '362.7 -748.2  51.5' spd  64.9 yaw 88 mode 2 st 1 gl 0 hp 100 frg 0
ARGLOG Romero t  10.3 pos '401.6 -105.7 -296.0' spd  37.2 yaw 291 mode 2 st 0 gl 0 hp 100 frg 0
ARGLOG Carmack t  10.3 pos ' 18.2  48.3 -296.0' spd  77.9 yaw 317.1 mode 2 st 0 gl 1 hp 196 frg 0
ARGEVT Romero hazard
ARGEVT Carmack hazard
ARGLOG Joe Rogan t  10.8 pos '337.5 -727.1  30.3' spd  64.9 yaw 82 mode 2 st 1 gl 0 hp 100 frg 0
ARGLOG Romero t  10.8 pos '397.1 -123.7 -296.0' spd  36.2 yaw 294 mode 2 st 0 gl 0 hp 100 frg 0
ARGLOG Carmack t  10.8 pos '103.1  79.8 -296.0' spd  42.2 yaw 256 mode 2 st 0 gl 1 hp 196 frg 0
ARGLOG Joe Rogan t  11.3 pos '341.9 -586.0  24.0' spd 321.4 yaw 66 mode 2 st 1 gl 0 hp 100 frg 0
ARGLOG Romero t  11.3 pos '404.4 -94.7 -296.0' spd 314.3 yaw 289 mode 2 st 0 gl 0 hp 100 frg 0
ARGLOG Carmack t  11.3 pos ' 24.9  50.6 -296.0' spd 146.7 yaw 342.9 mode 2 st 0 gl 1 hp 195 frg 0
ARGUS Carmack wallslide
ARGEVT Romero hazard
ARGEVT Romero engage Joe Rogan
ARGEVT Romero weapon ng
ARGEVT Joe Rogan engage Romero
ARGUS Romero threatmove range 2
ARGEVT Carmack stall
ARGEVT Carmack stallnode '-47.0 -151.0 -296.0'
ARGEVT Carmack jump
ARGUS Joe Rogan threatmove range 2
ARGEVT Carmack route 10 start ' 81.0  73.0 -296.0' goal '145.0 -407.0 -104.0'
ARGUS Romero threatmove high 2
ARGLOG Joe Rogan t  11.8 pos '317.7 -427.9  23.9' spd 342.5 yaw  73.9 mode 2 st 1 gl 0 hp 100 frg 0
ARGLOG Romero t  11.8 pos '365.7 -67.4 -296.0' spd 213.0 yaw 247.0 mode 2 st 0 gl 0 hp 100 frg 0
ARGLOG Carmack t  11.8 pos '112.0  82.8 -255.9' spd  31.8 yaw 236 mode 2 st 1 gl 1 hp 195 frg 0
ARGEVT Joe Rogan grab weapon_grenadelauncher
ARGEVT Romero weapon lg
ARGUS Joe Rogan threatmove range 4
ARGEVT Carmack stall
ARGEVT Carmack stallnode '-47.0  73.0 -296.0'
ARGEVT Carmack jump
ARGLOG Joe Rogan t  12.3 pos '266.0 -363.8 -87.1' spd  81.2 yaw  75.7 mode 2 st 1 gl 0 hp 100 frg 0
ARGLOG Romero t  12.3 pos '381.2  10.9 -296.0' spd 144.5 yaw 256.4 mode 2 st 0 gl 0 hp 100 frg 0
ARGLOG Carmack t  12.3 pos ' 93.3  62.0 -288.9' spd 157.6 yaw 157.2 mode 0 st 2 gl 1 hp 194 frg 0
ARGEVT Carmack goal item_armorInv
ARGEVT Carmack route 13 start ' 81.0  73.0 -296.0' goal '817.0 -855.0 -232.0'
ARGEVT Romero hazard
ARGLOG Joe Rogan t  12.8 pos '236.6 -368.0 -363.3' spd  11.6 yaw  61.0 mode 2 st 1 gl 0 hp 70 frg 0
ARGLOG Romero t  12.8 pos '357.5  20.9 -288.0' spd 157.4 yaw 250.1 mode 2 st 0 gl 0 hp 100 frg 0
ARGLOG Carmack t  12.8 pos ' 26.2  91.4 -268.9' spd 194.7 yaw  12.4 mode 2 st 2 gl 1 hp 194 frg 0
ARGUS Joe Rogan threatmove retreat 4
ARGEVT Joe Rogan retreat
ARGEVT Joe Rogan swim
ARGEVT Carmack hazard
ARGEVT Joe Rogan swim
ARGEVT Joe Rogan swim
ARGEVT Joe Rogan pursue
ARGEVT Joe Rogan swim
ARGEVT Romero pursue
ARGUS Romero hunch item_artifact_super_damage
ARGEVT Romero pursue
ARGLOG Joe Rogan t  13.3 pos '202.3 -362.0 -384.5' spd  87.3 yaw 67 mode 2 st 1 gl 0 hp 30 frg 0
ARGEVT Joe Rogan swim
ARGLOG Romero t  13.3 pos '348.2 -12.8 -296.0' spd 124.8 yaw  57.0 mode 2 st 0 gl 0 hp 100 frg 0
ARGLOG Carmack t  13.3 pos ' 51.5  51.6 -296.0' spd 399.3 yaw 280.0 mode 2 st 2 gl 1 hp 193 frg 0
ARGEVT Joe Rogan swim
ARGEVT Romero goal weapon_grenadelauncher
ARGEVT Romero pursue
ARGEVT Romero route 9 start '369.0   9.0 -296.0' goal '145.0 -407.0 -104.0'
ARGEVT Romero pursue
ARGEVT Joe Rogan swim
ARGEVT Romero hazard
ARGUS Carmack wallslide
ARGEVT Joe Rogan swim
ARGUS Romero wallslide
ARGEVT Joe Rogan swim
ARGLOG Joe Rogan t  13.8 pos '177.7 -323.4 -383.0' spd  96.1 yaw 62 mode 2 st 1 gl 0 hp 10 frg 0
ARGLOG Romero t  13.8 pos '399.9  72.3 -288.0' spd  31.0 yaw 303.8 mode 2 st 0 gl 0 hp 100 frg 0
ARGLOG Carmack t  13.8 pos ' 99.5  65.2 -296.0' spd 352.5 yaw 236 mode 2 st 2 gl 1 hp 193 frg 0
ARGEVT Joe Rogan death world pos '177.1 -322.1 -383.3'
ARGEVT Carmack hazard
ARGLOG Romero t  14.3 pos '383.0 -65.9 -296.0' spd 326.0 yaw 244 mode 2 st 0 gl 0 hp 100 frg 0
ARGLOG Carmack t  14.3 pos ' 60.9 119.8 -296.0' spd 146.6 yaw  18.5 mode 2 st 2 gl 1 hp 192 frg 0
ARGEVT Romero hazard
ARGLOG Romero t  14.9 pos '367.1 -229.0 -296.0' spd 362.9 yaw 227 mode 2 st 0 gl 0 hp 100 frg 0
ARGLOG Carmack t  14.9 pos ' 47.2  52.9 -296.0' spd 284.3 yaw 290.5 mode 2 st 2 gl 1 hp 192 frg 0
ARGUS Carmack wallslide
ARGEVT Carmack hazard
ARGLOG Romero t  15.4 pos '436.8 -270.1 -296.0' spd 137.1 yaw 63 mode 2 st 0 gl 0 hp 100 frg 0
ARGLOG Carmack t  15.4 pos '103.8  79.8 -296.0' spd 383.6 yaw 237 mode 2 st 2 gl 1 hp 191 frg 0
ARGEVT Joe Rogan respawn
ARGEVT Joe Rogan goal weapon_rocketlauncher
ARGLOG Joe Rogan t  15.4 pos '776.0 -808.0 -232.0' spd 0 yaw  94.5 mode 1 st 1 gl 0 hp 100 frg -1
ARGEVT Joe Rogan hazard
ARGUS Joe Rogan wallslide
ARGLOG Romero t  15.9 pos '589.5 -220.1 -296.0' spd 331.7 yaw  12.6 mode 2 st 0 gl 0 hp 100 frg 0
ARGLOG Carmack t  15.9 pos ' 54.2 120.0 -296.0' spd 136.1 yaw  20.7 mode 2 st 2 gl 1 hp 191 frg 0
ARGLOG Joe Rogan t  15.9 pos '735.2 -720.2 -216.0' spd  30.2 yaw 194.4 mode 1 st 1 gl 0 hp 100 frg -1
ARGEVT Romero hazard
ARGEVT Carmack hazard
ARGLOG Romero t  16.4 pos '653.6 -154.1 -296.0' spd 137.0 yaw 255 mode 2 st 0 gl 0 hp 100 frg 0
ARGLOG Carmack t  16.4 pos ' 82.6  53.5 -296.0' spd 332.0 yaw 238 mode 2 st 2 gl 1 hp 190 frg 0
ARGLOG Joe Rogan t  16.4 pos '725.0 -871.8 -232.0' spd 333.9 yaw 297.4 mode 1 st 1 gl 0 hp 100 frg -1
ARGUS Romero wallslide
ARGUS Carmack wallslide
ARGEVT Joe Rogan goal backpack
ARGEVT Joe Rogan route 5 start '753.0 -887.0 -232.0' goal '145.0 -247.0 -296.0'
ARGUS routecache adopt
ARGEVT Joe Rogan route 4 start '369.0  73.0 -288.0' goal '145.0 -247.0 -296.0'
ARGLOG Romero t  16.9 pos '651.7  -7.7 -296.0' spd 321.9 yaw 258 mode 2 st 0 gl 0 hp 100 frg 0
ARGLOG Carmack t  16.9 pos '-80.0  47.6 -296.0' spd 0 yaw 289 mode 2 st 2 gl 1 hp 190 frg 0
ARGLOG Joe Rogan t  16.9 pos '368.0 -34.9 -296.0' spd 300 yaw 262 mode 2 st 1 gl 1 hp 100 frg -1
ARGEVT Romero route 5 start '625.0 105.0 -296.0' goal '145.0 -407.0 -104.0'
ARGLOG Romero t  17.4 pos '412.5 -864.0  33.7' spd 300 yaw 113.2 mode 0 st 0 gl 0 hp 100 frg 0
ARGLOG Carmack t  17.4 pos '-58.8 -97.7 -296.0' spd 324.8 yaw 340 mode 2 st 2 gl 1 hp 189 frg 0
ARGEVT Romero route 4 start '401.0 -887.0  24.0' goal '145.0 -407.0 -104.0'
ARGLOG Joe Rogan t  17.4 pos '368.6 -66.9 -296.0' spd 320.0 yaw 261 mode 2 st 1 gl 1 hp 100 frg -1
ARGEVT Carmack engage Joe Rogan
ARGUS Carmack threatmove range 3
ARGEVT Joe Rogan engage Carmack
ARGUS Joe Rogan leadclip
ARGUS Joe Rogan threatmove range 3
ARGEVT Carmack route 9 start ' 17.0 -247.0 -296.0' goal '817.0 -855.0 -232.0'
ARGEVT Carmack hazard
ARGEVT Joe Rogan hazard
ARGUS Carmack leadclip
ARGLOG Romero t  17.9 pos '390.6 -864.0  24.0' spd 300 yaw 2 mode 2 st 0 gl 0 hp 100 frg 0
ARGLOG Carmack t  17.9 pos '-13.6 -208.0 -296.0' spd  11.9 yaw 357.9 mode 0 st 2 gl 1 hp 189 frg 0
ARGLOG Joe Rogan t  17.9 pos '346.1 -174.5 -296.0' spd 304.2 yaw 179.9 mode 2 st 1 gl 1 hp 100 frg -1
ARGUS routecache adopt
ARGEVT Carmack route 9 start ' 17.0 -247.0 -296.0' goal '817.0 -855.0 -232.0'
ARGUS routecache adopt
ARGEVT Carmack route 9 start ' 17.0 -247.0 -296.0' goal '817.0 -855.0 -232.0'
ARGLOG Romero t  18.4 pos '624.0  74.1 -271.6' spd 300 yaw 338.3 mode 0 st 0 gl 0 hp 100 frg 0
ARGUS routecache adopt
ARGEVT Carmack route 9 start ' 17.0 -247.0 -296.0' goal '817.0 -855.0 -232.0'
ARGLOG Carmack t  18.4 pos '-11.8 -208.0 -296.0' spd   5.7 yaw 348.1 mode 0 st 2 gl 1 hp 188 frg 0
ARGEVT Romero route 5 start '625.0 105.0 -296.0' goal '145.0 -407.0 -104.0'
ARGLOG Joe Rogan t  18.4 pos '333.7 -243.7 -296.0' spd 359.9 yaw 173.4 mode 2 st 1 gl 1 hp 100 frg -1
ARGEVT Romero route 6 start '625.0 -23.0 -296.0' goal '145.0 -407.0 -104.0'
ARGEVT Carmack route 9 start ' 17.0 -247.0 -296.0' goal '817.0 -855.0 -232.0'
ARGLOG Romero t  18.9 pos '624.0  15.9 -296.0' spd 300 yaw 260 mode 2 st 0 gl 0 hp 100 frg 0
ARGLOG Carmack t  18.9 pos ' 11.9 -229.2 -296.0' spd 147.6 yaw 358.8 mode 2 st 2 gl 1 hp 188 frg 0
ARGLOG Joe Rogan t  18.9 pos '277.4 -245.0 -296.0' spd 324.6 yaw 174.5 mode 2 st 1 gl 1 hp 88 frg -1
ARGEVT Joe Rogan hazard
ARGEVT Romero hazard
ARGUS Romero wallslide
ARGLOG Romero t  19.4 pos '592.2 -31.4 -296.0' spd 215.8 yaw 262 mode 2 st 0 gl 0 hp 100 frg 0
ARGLOG Carmack t  19.4 pos '-16.3 -209.1 -208.0' spd 387.8 yaw   2.8 mode 0 st 2 gl 1 hp 73 frg 0
ARGLOG Joe Rogan t  19.4 pos '330.5 -247.3 -262.9' spd 578.6 yaw 172.9 mode 2 st 1 gl 1 hp 65 frg -1
ARGEVT Carmack route 15 start ' 17.0 -247.0 -296.0' goal '817.0 -855.0 -232.0'
ARGUS Joe Rogan leadclip
ARGEVT Romero route 5 start '625.0 105.0 -296.0' goal '145.0 -407.0 -104.0'
ARGLOG Romero t  19.9 pos '434.4 -864.0  40.5' spd 300 yaw 128.0 mode 0 st 0 gl 0 hp 100 frg 0
ARGLOG Carmack t  19.9 pos '-101.2 -221.9 -296.0' spd 153.6 yaw 358.3 mode 2 st 2 gl 1 hp 73 frg 0
ARGLOG Joe Rogan t  19.9 pos '424.2 -226.1 -89.0' spd  58.2 yaw 183.4 mode 2 st 1 gl 1 hp 65 frg -1
ARGEVT Romero route 4 start '401.0 -887.0  24.0' goal '145.0 -407.0 -104.0'
ARGUS Carmack leadclip
ARGEVT Carmack route 16 start '-47.0 -151.0 -296.0' goal '817.0 -855.0 -232.0'
ARGEVT Carmack death Joe Rogan pos '-41.1 -222.6 -296.0'
ARGUS Joe Rogan watch spawn
ARGLOG Romero t  20.4 pos '391.2 -864.0  24.0' spd 300 yaw 86 mode 2 st 0 gl 0 hp 100 frg 0
ARGLOG Joe Rogan t  20.4 pos '442.9 -199.4 -104.0' spd 208.6 yaw  29.5 mode 2 st 1 gl 1 hp 65 frg 0
ARGEVT Joe Rogan goal backpack
ARGEVT Joe Rogan route 4 start '465.0 -151.0 -104.0' goal ' 17.0 -247.0 -296.0'
ARGLOG Romero t  20.9 pos '346.9 -750.8  24.0' spd 327.6 yaw 81 mode 2 st 0 gl 0 hp 100 frg 0
ARGLOG Joe Rogan t  21.0 pos '570.5 -86.4 -104.0' spd 419.4 yaw 120.4 mode 2 st 1 gl 1 hp 65 frg 0
ARGUS Joe Rogan wallslide
ARGEVT Romero engage Joe Rogan
ARGEVT Romero weapon ng
ARGEVT Joe Rogan engage Romero
ARGEVT Joe Rogan grab item_health
ARGEVT Joe Rogan hazard
ARGLOG Romero t  21.4 pos '363.5 -587.9  24.0' spd 320.8 yaw  75.8 mode 2 st 0 gl 0 hp 100 frg 0
ARGLOG Joe Rogan t  21.5 pos '516.6 -21.7 -104.0' spd  34.0 yaw 262.4 mode 2 st 1 gl 1 hp 65 frg 0
ARGUS Romero wallslide
ARGUS Joe Rogan threatmove range 2
ARGUS Romero threatmove range 3
ARGEVT Carmack respawn
ARGEVT Carmack goal item_armor2
ARGLOG Carmack t  21.9 pos '776.0 -808.0 -232.0' spd 0 yaw  94.8 mode 0 st 2 gl 1 hp 100 frg 0
ARGEVT Carmack route 23 start '753.0 -759.0 -232.0' goal '1169.0 -599.0  24.0'
ARGLOG Romero t  21.9 pos '397.6 -468.6  24.0' spd 335.9 yaw  65.1 mode 2 st 0 gl 0 hp 100 frg 0
ARGLOG Joe Rogan t  22.0 pos '543.4  -8.3 -104.0' spd 283.1 yaw 272.0 mode 2 st 1 gl 1 hp 65 frg 0
ARGUS Joe Rogan leadclip
ARGEVT Romero weapon lg
ARGUS Joe Rogan threatmove range 4
ARGEVT Carmack hazard
ARGEVT Romero grab item_health
ARGEVT Joe Rogan weapon sg
ARGUS Romero threatmove range 2
ARGLOG Carmack t  22.4 pos '723.7 -772.3 -232.0' spd  87.8 yaw 112 mode 2 st 2 gl 1 hp 100 frg 0
ARGUS Joe Rogan threatmove retreat 4
ARGEVT Joe Rogan retreat
ARGLOG Romero t  22.4 pos '473.6 -312.6 -92.2' spd 346.4 yaw  72.1 mode 2 st 0 gl 0 hp 49 frg 0
ARGLOG Joe Rogan t  22.5 pos '566.4   3.2 -104.0' spd   0.0 yaw 256.6 mode 2 st 1 gl 1 hp 51 frg 0
ARGUS Carmack wallslide
ARGLOG Carmack t  22.9 pos '720.3 -891.7 -232.0' spd 348.4 yaw 305.0 mode 0 st 2 gl 1 hp 100 frg 0
ARGUS routecache adopt
ARGEVT Carmack route 22 start '753.0 -887.0 -232.0' goal '1169.0 -599.0  24.0'
ARGLOG Romero t  22.9 pos '603.9 -359.0 -104.0' spd 353.1 yaw  93.1 mode 2 st 0 gl 0 hp 49 frg 0
ARGLOG Joe Rogan t  23.0 pos '566.4   3.2 -104.0' spd   0.0 yaw 275.0 mode 2 st 1 gl 1 hp 21 frg 0
ARGEVT Romero hazard
ARGUS routecache adopt
ARGEVT Carmack route 21 start '369.0  73.0 -288.0' goal '1169.0 -599.0  24.0'
ARGEVT Joe Rogan death Romero pos '566.4   3.2 -104.0'
ARGUS Romero watch spawn
ARGEVT Romero goal backpack
ARGEVT Romero route 2 start '625.0 -471.0 -136.0' goal ' 17.0 -247.0 -296.0'
ARGLOG Carmack t  23.4 pos '368.0 -31.3 -296.0' spd 300 yaw 300 mode 2 st 2 gl 1 hp 100 frg 0
ARGLOG Romero t  23.4 pos '655.7 -421.7 -120.0' spd 408.2 yaw  94.6 mode 0 st 0 gl 0 hp 49 frg 1
ARGEVT Romero route 3 start '625.0 -375.0 -104.0' goal ' 17.0 -247.0 -296.0'
ARGUS Romero wallslide
ARGLOG Carmack t  23.9 pos '377.4 -78.5 -296.0' spd 331.7 yaw 302 mode 2 st 2 gl 1 hp 100 frg 0
ARGLOG Romero t  24.0 pos '649.9 -272.4 -104.0' spd 241.3 yaw 106 mode 2 st 0 gl 0 hp 49 frg 1
ARGEVT Carmack hazard
ARGLOG Carmack t  24.4 pos '402.8 -250.6 -296.0' spd 375.0 yaw 316 mode 2 st 2 gl 1 hp 100 frg 0
ARGLOG Romero t  24.5 pos '568.5 -162.6 -104.0' spd 326.4 yaw 90 mode 2 st 0 gl 0 hp 49 frg 1
ARGEVT Joe Rogan respawn
ARGEVT Joe Rogan goal backpack
ARGLOG Joe Rogan t  24.7 pos '784.0 -176.0  24.0' spd 0 yaw 184.8 mode 0 st 1 gl 1 hp 100 frg 0
ARGEVT Joe Rogan route 2 start '785.0 -183.0  24.0' goal '529.0 -55.0 -104.0'
ARGEVT Romero route 4 start '561.0 -87.0 -104.0' goal ' 17.0 -247.0 -296.0'
ARGLOG Carmack t  24.9 pos '434.1 -267.4 -296.0' spd 176.2 yaw  67.8 mode 2 st 2 gl 1 hp 100 frg 0
ARGEVT Joe Rogan goal item_armor1
ARGEVT Joe Rogan route 2 start '689.0 -183.0  24.0' goal '529.0 -55.0 -104.0'
ARGEVT Romero hazard
ARGLOG Romero t  25.0 pos '545.9  -7.2 -104.0' spd  52.8 yaw 280 mode 2 st 0 gl 0 hp 49 frg 1
ARGUS Joe Rogan wallslide
ARGLOG Joe Rogan t  25.2 pos '636.3 -145.5  24.0' spd 277.1 yaw 128 mode 2 st 1 gl 1 hp 100 frg 0
ARGEVT Joe Rogan engage Romero
ARGUS Joe Rogan threatmove range 4
ARGEVT Romero engage Joe Rogan
ARGUS Romero threatmove range 2
ARGUS Romero threatmove high 2
ARGUS Carmack wallslide
ARGLOG Carmack t  25.4 pos '567.0 -208.6 -296.0' spd 289.6 yaw 79 mode 2 st 2 gl 1 hp 100 frg 0
ARGLOG Romero t  25.5 pos '469.5 -49.9 -104.0' spd 153.5 yaw 306.1 mode 2 st 0 gl 0 hp 49 frg 1
ARGUS Carmack bodyblock
ARGLOG Joe Rogan t  25.7 pos '492.3 -227.1  -1.6' spd 283.3 yaw  91.2 mode 1 st 1 gl 1 hp 100 frg 0
ARGEVT Romero grab item_health
ARGEVT Carmack hazard
ARGUS Romero wallslide
ARGLOG Carmack t  25.9 pos '609.1 -57.3 -296.0' spd 408.8 yaw 200.9 mode 2 st 2 gl 1 hp 100 frg 0
ARGLOG Romero t  26.0 pos '557.5  -1.3 -104.0' spd 117.1 yaw 255.5 mode 2 st 0 gl 0 hp 44 frg 1
ARGEVT Romero hazard
ARGLOG Joe Rogan t  26.2 pos '521.5 -331.7 -104.0' spd 342.1 yaw  78.0 mode 1 st 1 gl 1 hp 100 frg 0
ARGLOG Carmack t  26.4 pos '591.6  99.7 -296.0' spd 391.8 yaw 165.3 mode 0 st 2 gl 1 hp 100 frg 0
ARGEVT Carmack route 16 start '625.0 105.0 -296.0' goal '1169.0 -599.0  24.0'
ARGLOG Romero t  26.5 pos '566.4   3.2 -104.0' spd 0 yaw 264.8 mode 2 st 0 gl 0 hp 42 frg 1
ARGEVT Carmack route 15 start '401.0 -887.0  24.0' goal '1169.0 -599.0  24.0'
ARGLOG Joe Rogan t  26.7 pos '671.0 -365.7 -104.0' spd  69.6 yaw 103.9 mode 1 st 1 gl 1 hp 100 frg 0
ARGLOG Carmack t  26.9 pos '390.9 -864.0  24.0' spd 300 yaw 61 mode 2 st 2 gl 1 hp 100 frg 0
ARGLOG Romero t  27.0 pos '566.4   3.2 -104.0' spd 0 yaw 284.3 mode 2 st 0 gl 0 hp 26 frg 1
ARGLOG Joe Rogan t  27.2 pos '533.5 -404.6 -104.0' spd 324.4 yaw  86.5 mode 1 st 1 gl 1 hp 100 frg 0
ARGEVT Romero weapon ng
ARGUS Joe Rogan threatmove range 2
ARGUS Romero threatmove retreat 2
ARGEVT Romero retreat
ARGEVT Romero hazard
ARGUS Romero wallslide
ARGLOG Carmack t  27.4 pos '386.4 -790.0  24.0' spd 326.1 yaw  66.0 mode 2 st 2 gl 1 hp 100 frg 0
ARGEVT Carmack hazard
ARGLOG Romero t  27.5 pos '549.7  -5.2 -104.0' spd 137.9 yaw 240.8 mode 2 st 0 gl 0 hp 12 frg 1
ARGUS Carmack wallslide
ARGLOG Joe Rogan t  27.7 pos '455.3 -384.5 -104.0' spd 320.6 yaw  71.0 mode 1 st 1 gl 1 hp 100 frg 0
ARGLOG Carmack t  27.9 pos '361.5 -669.0  24.0' spd 329.2 yaw 66 mode 2 st 2 gl 1 hp 100 frg 0
ARGLOG Romero t  28.0 pos '564.9   2.4 -104.0' spd  32.0 yaw 273.8 mode 2 st 0 gl 0 hp 10 frg 1
ARGEVT Carmack engage Romero
ARGLOG Joe Rogan t  28.2 pos '616.4 -371.6 -104.0' spd 324.6 yaw  93.2 mode 1 st 1 gl 1 hp 100 frg 0
ARGLOG Carmack t  28.4 pos '369.7 -503.5  24.0' spd 332.4 yaw  65.3 mode 2 st 2 gl 1 hp 100 frg 0
ARGUS Carmack threatmove range 2
ARGLOG Romero t  28.5 pos '564.9   2.4 -104.0' spd   0.0 yaw 297.8 mode 2 st 0 gl 0 hp 10 frg 1
ARGEVT Romero death Joe Rogan pos '564.9   2.4 -104.0'
ARGUS Joe Rogan watch spawn
ARGEVT Carmack engage Joe Rogan
ARGUS Carmack threatmove range 2
ARGEVT Joe Rogan engage Carmack
ARGUS Joe Rogan threatmove range 2
ARGEVT Joe Rogan goal backpack
ARGEVT Joe Rogan route 3 start '657.0 -311.0 -104.0' goal ' 17.0 -247.0 -296.0'
ARGLOG Joe Rogan t  28.8 pos '616.4 -372.6 -104.0' spd 352.5 yaw 187.4 mode 2 st 1 gl 1 hp 100 frg 1
ARGEVT Joe Rogan hazard
ARGLOG Carmack t  28.9 pos '353.4 -413.3 -14.7' spd  47.0 yaw 358.5 mode 2 st 2 gl 1 hp 100 frg 0
ARGEVT Carmack jump
ARGLOG Joe Rogan t  29.3 pos '582.2 -363.2 -104.0' spd 327.9 yaw 188.2 mode 2 st 1 gl 1 hp 76 frg 1
ARGEVT Joe Rogan grab item_health
ARGLOG Carmack t  29.4 pos '374.6 -425.0 -63.2' spd  47.8 yaw  20.8 mode 2 st 2 gl 1 hp 100 frg 0
ARGLOG Joe Rogan t  29.8 pos '536.5 -422.0 -104.0' spd 145.8 yaw 190.3 mode 2 st 1 gl 1 hp 52 frg 1
ARGLOG Carmack t  29.9 pos '372.7 -453.4 -104.0' spd 252.8 yaw   5.4 mode 2 st 2 gl 1 hp 76 frg 0
ARGEVT Carmack jump
ARGEVT Romero respawn
ARGEVT Romero goal weapon_lightning
ARGLOG Romero t  30.1 pos '112.0 -1136.0 -104.0' spd 0 yaw  49.8 mode 0 st 0 gl 0 hp 100 frg 1
ARGEVT Romero route 6 start '113.0 -1079.0 -104.0' goal '529.0 -311.0 -104.0'
ARGEVT Romero engage Carmack
ARGEVT Romero grab weapon_supershotgun
ARGEVT Carmack grab item_health
ARGLOG Joe Rogan t  30.3 pos '529.9 -402.8 -104.0' spd 233.2 yaw 219.1 mode 2 st 1 gl 1 hp 52 frg 1
ARGEVT Carmack pursue
ARGEVT Joe Rogan pursue
ARGLOG Carmack t  30.5 pos '402.0 -528.0 -65.9' spd  74.7 yaw 35 mode 2 st 2 gl 1 hp 76 frg 0
ARGUS Carmack hunch item_health
ARGLOG Romero t  30.6 pos '235.8 -1062.3 -104.0' spd 321.3 yaw  70.6 mode 2 st 0 gl 0 hp 100 frg 1
ARGUS Joe Rogan wallslide
ARGEVT Carmack hazard
ARGUS Romero threatmove range 2
ARGEVT Romero pursue
ARGEVT Carmack goal weapon_rocketlauncher
ARGEVT Carmack route 9 start '369.0 -471.0 -104.0' goal ' 81.0  73.0 -296.0'
ARGLOG Joe Rogan t  30.8 pos '444.3 -432.0 -104.0' spd 0 yaw 247.5 mode 2 st 1 gl 1 hp 52 frg 1
ARGLOG Carmack t  31.0 pos '401.0 -515.7 -104.0' spd  82.7 yaw  65.7 mode 2 st 2 gl 1 hp 52 frg 0
ARGLOG Romero t  31.1 pos '291.5 -926.9 -104.0' spd 320.2 yaw 76 mode 2 st 0 gl 0 hp 100 frg 1
