LOG started on: 09/18/2026 07:59:54 
Playing registered version.
UDP Initialized
WIPX_OpenSocket: Address family not supported by protocol family
WIPX_Init: Unable to open control socket, IPX disabled
Exe: 20:02:47 Jul 31 2024
256.0 megabyte heap

Language initialization
Couldn't load 'localization/loc_english.txt'
from 'C:\argus\engine'

========= Quake Initialized =========

execing autoexec.cfg
SpawnServer: e1m1
Clearing memory
Programs occupy 909K.
trying to open external vis file
maps/e1m1.vis not found, trying argus.vis
external vis not found
Loaded external entity file maps/e1m1@c49d.ent
ARGUS slots 8
ARGUS worldspawn reached
ARGNAV 238 nodes, 962 links
13 entities inhibited
ARGUS init on e1m1
ARGEVT Carmack spawned
ARGEVT Romero spawned
ARGEVT Joe Rogan spawned
Server spawned.
ARGLOG Joe Rogan t   1.2 pos '480.0  48.0  24.0' spd 0 yaw  87.6 mode 0 st 0 gl 0 hp 100 frg 0
ARGLOG Romero t   1.2 pos '-272.0 2928.0 -56.0' spd 0 yaw  47.5 mode 0 st 0 gl 0 hp 100 frg 0
ARGLOG Carmack t   1.2 pos '1312.0 880.0 -256.0' spd 0 yaw 119.6 mode 0 st 0 gl 0 hp 100 frg 0
ARGLOG Joe Rogan t   1.7 pos '487.5 191.9  24.0' spd 320 yaw  87.6 mode 0 st 0 gl 0 hp 100 frg 0
ARGLOG Romero t   1.7 pos '-226.9 2937.4 -56.0' spd 322.0 yaw 247.1 mode 0 st 0 gl 0 hp 100 frg 0
ARGLOG Carmack t   1.7 pos '1242.2 1006.0 -256.0' spd 320 yaw 119.6 mode 0 st 0 gl 0 hp 100 frg 0
ARGEVT Carmack hazard
ARGLOG Joe Rogan t   2.2 pos '495.9 352.0  24.0' spd 320 yaw  87.6 mode 0 st 0 gl 0 hp 100 frg 0
ARGLOG Romero t   2.2 pos '-273.2 2783.8 -72.0' spd 335.0 yaw 247.1 mode 0 st 0 gl 0 hp 100 frg 0
ARGLOG Carmack t   2.2 pos '1178.6 996.3 -256.0' spd 333.6 yaw 246.3 mode 0 st 0 gl 0 hp 100 frg 0
ARGLOG Joe Rogan t   2.7 pos '504.4 513.0  24.0' spd 320 yaw  87.6 mode 0 st 0 gl 0 hp 100 frg 0
ARGLOG Romero t   2.7 pos '-315.9 2627.0 -104.0' spd 320.2 yaw 247.1 mode 0 st 0 gl 0 hp 100 frg 0
ARGLOG Carmack t   2.7 pos '1267.0 933.6 -256.0' spd 321.6 yaw  14.0 mode 0 st 0 gl 0 hp 100 frg 0
ARGLOG Joe Rogan t   3.2 pos '512.9 675.0  24.0' spd 320 yaw  87.6 mode 0 st 0 gl 0 hp 100 frg 0
ARGLOG Romero t   3.2 pos '-319.1 2461.5 -136.0' spd 321.7 yaw 287.2 mode 0 st 0 gl 0 hp 100 frg 0
ARGLOG Carmack t   3.2 pos '1426.3 965.0 -256.0' spd 320.0 yaw 235.1 mode 0 st 0 gl 0 hp 100 frg 0
ARGUS Joe Rogan wallslide
ARGLOG Joe Rogan t   3.7 pos '475.4 688.0  24.0' spd 285.1 yaw 127.7 mode 0 st 0 gl 0 hp 100 frg 0
ARGLOG Romero t   3.7 pos '-276.3 2305.2 -136.0' spd 320.0 yaw 287.2 mode 0 st 0 gl 0 hp 100 frg 0
ARGLOG Carmack t   3.7 pos '1394.8 840.8 -256.0' spd 321.1 yaw 235.1 mode 0 st 0 gl 0 hp 100 frg 0
ARGEVT Joe Rogan hazard
ARGEVT Joe Rogan plan powerup via weapon
ARGEVT Joe Rogan goal weapon_rocketlauncher
ARGEVT Romero plan powerup via weapon
ARGEVT Romero goal weapon_supernailgun
ARGEVT Carmack goal item_armor2
ARGEVT Joe Rogan route 25 start '497.0 641.0  24.0' goal '145.0 2337.0  40.0'
ARGLOG Joe Rogan t   4.2 pos '409.1 681.1  24.0' spd  39.8 yaw 203 mode 2 st 0 gl 0 hp 100 frg 0
ARGLOG Romero t   4.2 pos '-219.4 2147.8 -136.0' spd 374.5 yaw 341.6 mode 0 st 0 gl 0 hp 100 frg 0
ARGLOG Carmack t   4.2 pos '1298.9 703.5 -256.0' spd 375.9 yaw 180.7 mode 0 st 0 gl 0 hp 100 frg 0
ARGEVT Romero route 25 start '-207.0 2113.0 -136.0' goal '817.0 2433.0 -344.0'
ARGEVT Carmack hazard
ARGEVT Carmack route 2 start '1265.0 737.0 -256.0' goal '1297.0 1057.0 -408.0'
ARGUS Joe Rogan wallslide
ARGLOG Joe Rogan t   4.7 pos '400.4 626.9  24.0' spd 320.0 yaw 195 mode 2 st 0 gl 0 hp 100 frg 0
ARGLOG Romero t   4.7 pos '-87.9 2052.3 -168.0' spd 327.0 yaw 296 mode 2 st 0 gl 0 hp 100 frg 0
ARGLOG Carmack t   4.7 pos '1243.0 715.3 -256.0' spd 321.0 yaw 81 mode 2 st 0 gl 0 hp 100 frg 0
ARGLOG Joe Rogan t   5.2 pos '325.7 528.9  24.0' spd 322.8 yaw 177 mode 2 st 0 gl 0 hp 100 frg 0
ARGLOG Romero t   5.2 pos ' 49.9 1963.4 -184.0' spd 320.1 yaw 284 mode 2 st 0 gl 0 hp 100 frg 0
ARGLOG Carmack t   5.2 pos '1207.2 882.1 -256.0' spd 337.8 yaw 141.8 mode 2 st 0 gl 0 hp 100 frg 0
ARGUS Carmack wallslide
ARGEVT Romero route 22 start '145.0 1889.0 -184.0' goal '817.0 2433.0 -344.0'
ARGEVT Romero hazard
ARGLOG Joe Rogan t   5.8 pos '163.2 543.2  24.0' spd 320.1 yaw 179 mode 2 st 0 gl 0 hp 100 frg 0
ARGLOG Romero t   5.8 pos '185.2 1871.5 -184.0' spd 348.0 yaw 253 mode 2 st 0 gl 0 hp 100 frg 0
ARGLOG Carmack t   5.8 pos '1241.6 1042.9 -256.0' spd 372.1 yaw 14 mode 2 st 0 gl 0 hp 100 frg 0
ARGEVT Joe Rogan lift
ARGUS Romero wallslide
ARGEVT Joe Rogan door
ARGDBG Joe Rogan hazardproof 7 slime 1 lava 0
ARGDBG Romero hazardproof 7 slime 1 lava 0
ARGDBG Carmack hazardproof 7 slime 1 lava 0
ARGEVT Joe Rogan board
ARGEVT Carmack hazard
ARGLOG Joe Rogan t   6.3 pos '  2.5 556.8  24.0' spd 321.9 yaw 163 mode 2 st 0 gl 0 hp 100 frg 0
ARGLOG Romero t   6.3 pos '234.1 1856.4 -184.0' spd 179.0 yaw 246 mode 2 st 0 gl 0 hp 100 frg 0
ARGLOG Carmack t   6.3 pos ' 80.9 2949.0 -104.0' spd 160 yaw 215.8 mode 0 st 0 gl 0 hp 100 frg 0
ARGLOG Joe Rogan t   6.8 pos '-41.5 566.5  24.0' spd  64.8 yaw 210 mode 2 st 0 gl 0 hp 100 frg 0
ARGLOG Romero t   6.8 pos '154.2 1812.4 -184.0' spd 329.9 yaw 255 mode 2 st 0 gl 0 hp 100 frg 0
ARGLOG Carmack t   6.8 pos ' 80.9 2978.0 -104.0' spd 160 yaw 203.0 mode 0 st 0 gl 0 hp 100 frg 0
ARGEVT Carmack hazard
ARGLOG Joe Rogan t   7.3 pos '-41.5 566.5  24.0' spd 0 yaw 210 mode 2 st 0 gl 0 hp 100 frg 0
ARGLOG Romero t   7.3 pos '137.5 1651.3 -200.0' spd 334.1 yaw 267 mode 2 st 0 gl 0 hp 100 frg 0
ARGLOG Carmack t   7.3 pos ' 82.0 2975.4 -104.0' spd 160 yaw 203.0 mode 0 st 0 gl 0 hp 100 frg 0
ARGEVT Carmack stall
ARGEVT Carmack jump
ARGEVT Carmack route 21 start ' 49.0 2977.0 -88.0' goal '1297.0 1057.0 -408.0'
ARGLOG Joe Rogan t   7.8 pos '-41.5 566.5  24.0' spd 0 yaw 210 mode 2 st 0 gl 0 hp 100 frg 0
ARGLOG Romero t   7.8 pos ' 92.0 1489.7 -200.0' spd 356.1 yaw 288.6 mode 0 st 0 gl 0 hp 100 frg 0
ARGLOG Carmack t   7.8 pos ' 82.9 2950.4 -63.9' spd  78.5 yaw 198 mode 2 st 1 gl 0 hp 100 frg 0
ARGEVT Romero route 20 start ' 49.0 1441.0 -200.0' goal '817.0 2433.0 -344.0'
ARGEVT Carmack hazard
ARGLOG Joe Rogan t   8.3 pos '-41.5 566.5  24.0' spd 0 yaw 210 mode 2 st 0 gl 0 hp 100 frg 0
ARGLOG Romero t   8.3 pos ' 91.2 1325.3 -184.0' spd 320.6 yaw 302 mode 2 st 0 gl 0 hp 100 frg 0
ARGLOG Carmack t   8.3 pos ' 82.5 2961.5 -104.0' spd 160 yaw 200 mode 2 st 1 gl 0 hp 100 frg 0
ARGEVT Romero jump
ARGLOG Joe Rogan t   8.8 pos '-41.5 566.5  24.0' spd 0 yaw 210 mode 2 st 0 gl 0 hp 100 frg 0
ARGLOG Romero t   8.8 pos '122.8 1162.7 -157.6' spd 348.8 yaw 11 mode 2 st 0 gl 0 hp 100 frg 0
ARGLOG Carmack t   8.8 pos ' 80.1 2977.7 -104.0' spd 160 yaw 202 mode 2 st 1 gl 0 hp 100 frg 0
ARGLOG Joe Rogan t   9.3 pos '-41.5 566.5  24.0' spd 0 yaw 210 mode 2 st 0 gl 0 hp 100 frg 0
ARGLOG Romero t   9.3 pos '255.0 1129.1 -176.8' spd 382.4 yaw 31 mode 2 st 0 gl 0 hp 100 frg 0
ARGLOG Carmack t   9.3 pos ' 33.5 2991.4 -88.0' spd 331.3 yaw 208 mode 2 st 1 gl 0 hp 100 frg 0
ARGEVT Romero swim
ARGLOG Joe Rogan t   9.8 pos '-41.5 566.5  24.0' spd 0 yaw 210 mode 2 st 0 gl 0 hp 100 frg 0
ARGLOG Romero t   9.8 pos '193.4 1281.6 -296.5' spd 275.3 yaw 343 mode 2 st 0 gl 0 hp 100 frg 0
ARGLOG Carmack t   9.8 pos '-128.4 2968.3 -56.0' spd 346.5 yaw 259 mode 2 st 1 gl 0 hp 100 frg 0
ARGEVT Romero swim
ARGEVT Romero swim
ARGEVT Carmack route 20 start '-207.0 2945.0 -56.0' goal '1297.0 1057.0 -408.0'
ARGEVT Romero swim
ARGEVT Romero swim
ARGLOG Joe Rogan t  10.3 pos '-41.5 566.5  24.0' spd 0 yaw 210 mode 2 st 0 gl 0 hp 100 frg 0
ARGLOG Romero t  10.3 pos ' 95.8 1215.7 -295.4' spd 252.5 yaw 0 mode 2 st 0 gl 0 hp 100 frg 0
ARGLOG Carmack t  10.3 pos '-234.2 2832.2 -56.0' spd 336.1 yaw 270 mode 2 st 1 gl 0 hp 100 frg 0
ARGEVT Romero swim
ARGEVT Romero swim
ARGEVT Romero swim
ARGEVT Romero swim
ARGEVT Romero swim
ARGLOG Joe Rogan t  10.8 pos '-41.5 566.5  24.0' spd 0 yaw 210 mode 2 st 0 gl 0 hp 100 frg 0
ARGLOG Romero t  10.8 pos '151.4 1114.1 -295.1' spd 250.1 yaw 22 mode 2 st 0 gl 0 hp 100 frg 0
ARGLOG Carmack t  10.8 pos '-229.1 2666.1 -88.0' spd 322.8 yaw 278 mode 2 st 1 gl 0 hp 100 frg 0
ARGEVT Romero swim
ARGEVT Romero swim
ARGEVT Romero swim
ARGEVT Romero swim
ARGEVT Romero swim
ARGLOG Joe Rogan t  11.3 pos '-41.5 566.5  24.0' spd 0 yaw 210 mode 2 st 0 gl 0 hp 100 frg 0
ARGLOG Romero t  11.3 pos '241.9 1181.2 -295.6' spd 250.3 yaw 12 mode 2 st 0 gl 0 hp 100 frg 0
ARGLOG Carmack t  11.3 pos '-231.0 2499.8 -120.0' spd 326.8 yaw 282 mode 2 st 1 gl 0 hp 100 frg 0
ARGEVT Romero swim
ARGEVT Romero swim
ARGUS Carmack wallslide
ARGEVT Romero swim
ARGEVT Romero swim
ARGLOG Joe Rogan t  11.9 pos '-41.5 566.5  24.0' spd 0 yaw 210 mode 2 st 0 gl 0 hp 100 frg 0
ARGLOG Romero t  11.9 pos '147.2 1229.7 -295.4' spd 263.9 yaw 358 mode 2 st 0 gl 0 hp 100 frg 0
ARGLOG Carmack t  11.9 pos '-198.8 2411.8 -102.4' spd 120.0 yaw 279 mode 2 st 1 gl 0 hp 100 frg 0
ARGEVT Romero swim
ARGEVT Romero swim
ARGEVT Romero swim
ARGEVT Romero swim
ARGLOG Joe Rogan t  12.4 pos '-41.5 566.5  24.0' spd 0 yaw 210 mode 2 st 0 gl 0 hp 100 frg 0
ARGLOG Romero t  12.4 pos '181.2 1139.3 -296.0' spd 259.1 yaw 19 mode 2 st 0 gl 0 hp 100 frg 0
ARGLOG Carmack t  12.4 pos '-150.1 2339.7 -136.0' spd 320.7 yaw 298 mode 2 st 1 gl 0 hp 100 frg 0
ARGEVT Romero swim
ARGEVT Romero swim
ARGEVT Romero swim
ARGEVT Romero swim
ARGEVT Romero swim
ARGLOG Joe Rogan t  12.9 pos '-41.5 566.5  24.0' spd 0 yaw 210 mode 2 st 0 gl 0 hp 100 frg 0
ARGLOG Romero t  12.9 pos '181.7 1229.1 -295.6' spd 248.6 yaw 357 mode 2 st 0 gl 0 hp 100 frg 0
ARGLOG Carmack t  12.9 pos '-144.4 2176.3 -136.0' spd 320.0 yaw 316 mode 2 st 1 gl 0 hp 100 frg 0
ARGEVT Romero swim
ARGEVT Romero swim
ARGEVT Romero swim
ARGEVT Romero swim
ARGLOG Joe Rogan t  13.4 pos '-41.5 566.5  24.0' spd 0 yaw 210 mode 2 st 0 gl 0 hp 100 frg 0
ARGLOG Romero t  13.4 pos '156.7 1140.7 -295.4' spd 266.0 yaw 17 mode 2 st 0 gl 0 hp 100 frg 0
ARGLOG Carmack t  13.4 pos '-125.0 2015.3 -168.0' spd 379.6 yaw 335 mode 2 st 1 gl 0 hp 100 frg 0
ARGEVT Romero swim
ARGEVT Romero swim
ARGEVT Romero swim
ARGEVT Romero swim
ARGEVT Joe Rogan abandon
ARGEVT Romero swim
ARGLOG Joe Rogan t  13.9 pos '-43.1 564.7  24.0' spd  96.4 yaw 228.4 mode 0 st 0 gl 0 hp 100 frg 0
ARGUS Joe Rogan wallslide
ARGLOG Romero t  13.9 pos '210.8 1216.1 -295.0' spd 256.0 yaw 0 mode 2 st 0 gl 0 hp 100 frg 0
ARGLOG Carmack t  13.9 pos ' 31.6 1946.9 -184.0' spd 320.2 yaw 287 mode 2 st 1 gl 0 hp 100 frg 0
ARGEVT Joe Rogan plan powerup via weapon
ARGEVT Joe Rogan goal weapon_supernailgun
ARGEVT Joe Rogan abandon
ARGEVT Romero swim
ARGEVT Romero swim
ARGEVT Joe Rogan plan powerup via weapon
ARGEVT Joe Rogan goal weapon_grenadelauncher
ARGEVT Joe Rogan route 15 start ' 81.0 545.0  24.0' goal '1201.0 1057.0 -408.0'
ARGEVT Romero swim
ARGEVT Romero swim
ARGLOG Joe Rogan t  14.4 pos '-48.0 624.0  18.3' spd   4.2 yaw 249 mode 2 st 0 gl 0 hp 100 frg 0
ARGLOG Romero t  14.4 pos '137.6 1160.8 -295.1' spd 261.6 yaw 12 mode 2 st 0 gl 0 hp 100 frg 0
ARGLOG Carmack t  14.4 pos '177.2 1871.1 -184.0' spd 320.3 yaw 325 mode 0 st 1 gl 0 hp 100 frg 0
ARGEVT Carmack route 13 start '145.0 1889.0 -184.0' goal '1297.0 1057.0 -408.0'
ARGEVT Romero swim
ARGEVT Carmack hazard
ARGEVT Romero swim
ARGEVT Romero swim
ARGUS Carmack wallslide
ARGEVT Romero swim
ARGLOG Joe Rogan t  14.9 pos ' 10.0 618.2 -36.3' spd 227.7 yaw 220 mode 2 st 0 gl 0 hp 100 frg 0
ARGLOG Romero t  14.9 pos '223.3 1193.6 -296.7' spd 266.9 yaw 7 mode 2 st 0 gl 0 hp 100 frg 0
ARGEVT Romero swim
ARGLOG Carmack t  14.9 pos '216.6 1856.3 -184.0' spd 207.5 yaw 249 mode 2 st 1 gl 0 hp 100 frg 0
ARGEVT Joe Rogan jump
ARGEVT Romero swim
ARGEVT Joe Rogan abandon
ARGEVT Romero swim
ARGEVT Joe Rogan plan powerup via weapon
ARGEVT Joe Rogan goal weapon_supershotgun
ARGEVT Joe Rogan route 17 start ' 81.0 545.0  24.0' goal '-335.0 2913.0 -56.0'
ARGEVT Joe Rogan abandon
ARGEVT Romero swim
ARGEVT Joe Rogan goal item_artifact_invulnerability
ARGEVT Romero swim
ARGLOG Joe Rogan t  15.4 pos ' 42.1 528.0  -4.8' spd  39.0 yaw 162.1 mode 0 st 0 gl 0 hp 100 frg 0
ARGLOG Romero t  15.4 pos '132.5 1186.2 -295.2' spd 252.8 yaw 6 mode 2 st 0 gl 0 hp 100 frg 0
ARGLOG Carmack t  15.4 pos '145.5 1777.1 -184.0' spd 325.8 yaw 254 mode 2 st 1 gl 0 hp 100 frg 0
ARGEVT Joe Rogan route 18 start ' 81.0 545.0  24.0' goal '241.0 1793.0 -40.0'
ARGEVT Joe Rogan abandon
ARGEVT Romero swim
ARGEVT Joe Rogan goal item_artifact_super_damage
ARGEVT Romero swim
ARGEVT Joe Rogan route 34 start ' 81.0 545.0  24.0' goal '529.0 2465.0 -88.0'
ARGEVT Romero swim
ARGEVT Romero swim
ARGEVT Joe Rogan jump
ARGLOG Joe Rogan t  15.9 pos ' 20.4 536.9 -117.8' spd  75.6 yaw 175 mode 2 st 0 gl 0 hp 100 frg 0
ARGLOG Romero t  15.9 pos '223.6 1169.4 -296.0' spd 269.4 yaw 15 mode 2 st 0 gl 0 hp 100 frg 0
ARGEVT Romero swim
ARGLOG Carmack t  15.9 pos '130.6 1611.3 -200.0' spd 328.4 yaw 268 mode 2 st 1 gl 0 hp 100 frg 0
ARGEVT Romero swim
