LOG started on: 09/19/2026 22:05:44 
Playing registered version.
UDP Initialized
WIPX_OpenSocket: Address family not supported by protocol family
WIPX_Init: Unable to open control socket, IPX disabled
Exe: 20:02:47 Jul 31 2024
256.0 megabyte heap

Language initialization
Couldn't load 'localization/loc_english.txt'
from 'C:\argus\engine'

========= Quake Initialized =========

execing autoexec.cfg
SpawnServer: dm4
Clearing memory
Programs occupy 908K.
trying to open external vis file
maps/dm4.vis not found, trying argus.vis
external vis not found
ARGUS slots 8
ARGUS worldspawn reached
ARGNAV 137 nodes, 678 links
0 entities inhibited
ARGUS init on dm4
ARGEVT Carmack spawned
ARGEVT Romero spawned
ARGEVT Joe Rogan spawned
Server spawned.
ARGLOG Joe Rogan t   1.2 pos '-64.0 -232.0 -72.0' spd 0 yaw 357.6 mode 0 st 0 gl 0 hp 100 frg 0
ARGLOG Romero t   1.2 pos '112.0 -1136.0 -104.0' spd 0 yaw  92.5 mode 0 st 0 gl 0 hp 100 frg 0
ARGLOG Carmack t   1.2 pos '-64.0 512.0 -296.0' spd 0 yaw 299.6 mode 0 st 0 gl 0 hp 100 frg 0
ARGEVT Carmack hazard
ARGLOG Joe Rogan t   1.7 pos ' 80.3 -237.0 -72.0' spd 320 yaw 357.6 mode 0 st 0 gl 0 hp 100 frg 0
ARGLOG Romero t   1.7 pos '107.0 -991.7 -104.0' spd 320 yaw  92.5 mode 0 st 0 gl 0 hp 100 frg 0
ARGLOG Carmack t   1.7 pos '  4.7 467.8 -296.0' spd 334.6 yaw  66.4 mode 0 st 0 gl 0 hp 100 frg 0
ARGLOG Joe Rogan t   2.2 pos '246.3 -243.1 -77.9' spd 320 yaw 357.6 mode 0 st 0 gl 0 hp 100 frg 0
ARGLOG Romero t   2.2 pos '101.3 -830.2 -104.0' spd 320 yaw  92.5 mode 0 st 0 gl 0 hp 100 frg 0
ARGLOG Carmack t   2.2 pos '-104.6 555.3 -296.0' spd 269.4 yaw  23.6 mode 0 st 0 gl 0 hp 100 frg 0
ARGEVT Romero hazard
ARGLOG Joe Rogan t   2.7 pos '384.0 -247.7 -228.3' spd  34.3 yaw 174.6 mode 0 st 0 gl 0 hp 100 frg 0
ARGLOG Romero t   2.7 pos '143.0 -790.8 -104.0' spd 320.1 yaw 330.8 mode 0 st 0 gl 0 hp 100 frg 0
ARGLOG Carmack t   2.7 pos '-38.9 606.1 -296.0' spd 240.9 yaw 211.8 mode 0 st 0 gl 0 hp 200 frg 0
ARGLOG Joe Rogan t   3.2 pos '287.6 -242.7 -296.0' spd 182.4 yaw 307.8 mode 0 st 0 gl 0 hp 100 frg 0
ARGLOG Romero t   3.2 pos '284.9 -866.7 -104.0' spd 320.0 yaw 330.8 mode 0 st 0 gl 0 hp 100 frg 0
ARGLOG Carmack t   3.2 pos '-103.3 496.7 -296.0' spd 344.6 yaw 337.9 mode 0 st 0 gl 0 hp 200 frg 0
ARGEVT Joe Rogan jump
ARGLOG Joe Rogan t   3.7 pos '168.4 -271.8 -252.5' spd 293.2 yaw  36.9 mode 0 st 0 gl 0 hp 100 frg 0
ARGLOG Romero t   3.7 pos '426.0 -944.9 -104.0' spd 320 yaw 330.8 mode 0 st 0 gl 0 hp 100 frg 0
ARGLOG Carmack t   3.7 pos ' 37.0 412.9 -296.0' spd 320.4 yaw 337.9 mode 0 st 0 gl 0 hp 200 frg 0
ARGEVT Romero hazard
ARGEVT Carmack hazard
ARGEVT Joe Rogan goal weapon_rocketlauncher
ARGEVT Joe Rogan hazard
ARGEVT Romero goal item_armorInv
ARGEVT Carmack goal weapon_lightning
ARGEVT Joe Rogan route 5 start '145.0 -247.0 -296.0' goal ' 81.0  73.0 -296.0'
ARGLOG Joe Rogan t   4.2 pos '120.5 -216.5 -296.0' spd  74.9 yaw 158 mode 2 st 0 gl 0 hp 100 frg 0
ARGLOG Romero t   4.2 pos '392.7 -993.6 -104.0' spd 394.8 yaw  84.6 mode 0 st 0 gl 0 hp 100 frg 0
ARGLOG Carmack t   4.2 pos ' 49.9 425.3 -296.0' spd 347.0 yaw 258.9 mode 0 st 0 gl 0 hp 200 frg 0
ARGEVT Romero route 9 start '369.0 -983.0 -104.0' goal '817.0 -855.0 -232.0'
ARGEVT Carmack route 16 start '-15.0 457.0 -296.0' goal '529.0 -311.0 -104.0'
ARGLOG Joe Rogan t   4.7 pos ' -3.5 -215.5 -296.0' spd 378.5 yaw 80 mode 2 st 0 gl 0 hp 100 frg 0
ARGLOG Romero t   4.7 pos '361.5 -822.7 -104.0' spd 320.0 yaw 95 mode 2 st 0 gl 0 hp 100 frg 0
ARGLOG Carmack t   4.7 pos ' 91.9 406.4 -296.0' spd 377.9 yaw 226 mode 2 st 0 gl 0 hp 200 frg 0
ARGEVT Carmack engage Joe Rogan
ARGEVT Joe Rogan engage Carmack
ARGEVT Carmack hazard
ARGUS Carmack threatmove range 2
ARGUS Joe Rogan threatmove range 2
ARGLOG Joe Rogan t   5.2 pos '-51.2 -64.3 -296.0' spd 364.1 yaw  83.4 mode 2 st 0 gl 0 hp 100 frg 0
ARGLOG Romero t   5.2 pos '344.3 -660.5 -104.0' spd 328.0 yaw 45 mode 2 st 0 gl 0 hp 100 frg 0
ARGLOG Carmack t   5.2 pos ' 34.2 429.7 -296.0' spd 331.2 yaw 261.4 mode 2 st 0 gl 0 hp 200 frg 0
ARGLOG Joe Rogan t   5.7 pos '-50.4  40.3 -296.0' spd 277.6 yaw  88.3 mode 1 st 0 gl 0 hp 100 frg 0
ARGLOG Romero t   5.7 pos '377.1 -499.4 -104.0' spd 321.5 yaw 26 mode 2 st 0 gl 0 hp 100 frg 0
ARGLOG Carmack t   5.7 pos '-108.1 429.2 -296.0' spd 197.7 yaw 281.1 mode 2 st 0 gl 0 hp 200 frg 0
ARGEVT Joe Rogan grab weapon_rocketlauncher
ARGEVT Carmack hazard
ARGLOG Joe Rogan t   6.3 pos '-48.8  60.8 -296.0' spd 331.5 yaw  85.3 mode 1 st 0 gl 0 hp 76 frg 0
ARGLOG Romero t   6.3 pos '494.3 -375.3 -104.0' spd 341.2 yaw 334 mode 2 st 0 gl 0 hp 100 frg 0
ARGLOG Carmack t   6.3 pos '-69.1 383.0 -296.0' spd 291.9 yaw 272.8 mode 2 st 0 gl 0 hp 200 frg 0
ARGUS Carmack threatmove range 3
ARGEVT Joe Rogan goal item_armor2
ARGEVT Joe Rogan hazard
ARGEVT Joe Rogan route 26 start ' 81.0  73.0 -296.0' goal '1169.0 -599.0  24.0'
ARGUS Joe Rogan wallslide
ARGLOG Joe Rogan t   6.8 pos '  9.9  48.0 -296.0' spd 320.7 yaw 102.4 mode 2 st 0 gl 1 hp 76 frg 0
ARGLOG Romero t   6.8 pos '665.6 -338.9 -104.0' spd 404.5 yaw  77.5 mode 2 st 0 gl 0 hp 100 frg 0
ARGEVT Romero hazard
ARGLOG Carmack t   6.8 pos '-70.7 311.3 -296.0' spd 142.1 yaw 297.1 mode 2 st 0 gl 0 hp 200 frg 0
ARGUS Romero wallslide
ARGUS Joe Rogan leadclip
ARGLOG Joe Rogan t   7.3 pos '-152.2  61.4 -296.0' spd 331.6 yaw  72.7 mode 2 st 0 gl 1 hp 76 frg 0
ARGLOG Romero t   7.3 pos '570.8 -262.9 -104.0' spd 337.9 yaw 146 mode 2 st 0 gl 0 hp 100 frg 0
ARGLOG Carmack t   7.3 pos '-68.8 306.9 -296.0' spd 109.0 yaw 261.4 mode 2 st 0 gl 0 hp 143 frg 0
ARGEVT Carmack goal weapon_rocketlauncher
ARGEVT Carmack route 19 start '-111.0 329.0 -296.0' goal '753.0 -887.0 -232.0'
ARGEVT Romero route 5 start '465.0 -279.0 -104.0' goal '817.0 -855.0 -232.0'
ARGLOG Joe Rogan t   7.8 pos '-186.1  86.9 -296.0' spd 320.3 yaw  56.7 mode 2 st 0 gl 1 hp 76 frg 0
ARGLOG Romero t   7.8 pos '458.3 -174.8 -104.0' spd 218.2 yaw 312 mode 2 st 0 gl 0 hp 100 frg 0
ARGLOG Carmack t   7.8 pos '-75.3 317.0 -296.0' spd 235.4 yaw 233.5 mode 2 st 0 gl 0 hp 142 frg 0
ARGEVT Romero hazard
ARGEVT Carmack hazard
ARGEVT Joe Rogan weapon sg
ARGUS Carmack threatmove range 2
ARGLOG Joe Rogan t   8.3 pos '-33.8  27.7 -296.0' spd 321.1 yaw 116.9 mode 2 st 0 gl 1 hp 76 frg 0
ARGLOG Romero t   8.3 pos '415.1 -268.8 -105.5' spd 322.6 yaw 135.0 mode 2 st 0 gl 0 hp 100 frg 0
ARGLOG Carmack t   8.3 pos '-119.3 125.8 -268.0' spd 267.8 yaw 302.9 mode 2 st 0 gl 0 hp 57 frg 0
ARGEVT Romero abandon
ARGLOG Joe Rogan t   8.8 pos '-43.4 -14.7 -296.0' spd 320.2 yaw 132.8 mode 2 st 0 gl 1 hp 76 frg 0
ARGLOG Romero t   8.8 pos '270.8 -335.4 -232.2' spd 266.7 yaw 115.1 mode 0 st 0 gl 0 hp 100 frg 0
ARGLOG Carmack t   8.8 pos '-133.4  81.0 -296.0' spd 321.8 yaw 311.2 mode 2 st 0 gl 0 hp 57 frg 0
ARGEVT Romero goal item_cells
ARGEVT Romero abandon
ARGEVT Joe Rogan hazard
ARGEVT Carmack hazard
ARGEVT Romero goal weapon_grenadelauncher
ARGEVT Romero swim
ARGEVT Romero route 9 start '337.0 -247.0 -296.0' goal '145.0 -407.0 -104.0'
ARGUS Carmack threatmove retreat 2
ARGEVT Carmack retreat
ARGEVT Romero swim
ARGEVT Romero swim
ARGLOG Joe Rogan t   9.3 pos ' -6.1  60.2 -296.0' spd 253.8 yaw 157.5 mode 2 st 0 gl 1 hp 76 frg 0
ARGLOG Romero t   9.3 pos '242.8 -336.3 -383.5' spd  51.0 yaw 128 mode 2 st 0 gl 0 hp 70 frg 0
ARGLOG Carmack t   9.3 pos '-154.6  98.5 -296.0' spd 320.7 yaw 314.5 mode 2 st 0 gl 0 hp 33 frg 0
ARGEVT Joe Rogan weapon rl
ARGUS Carmack threatmove range 3
ARGUS Joe Rogan leadclip
ARGEVT Romero swim
ARGEVT Joe Rogan route 25 start ' 49.0 105.0 -296.0' goal '1169.0 -599.0  24.0'
ARGEVT Romero swim
ARGEVT Romero swim
ARGEVT Romero swim
ARGLOG Joe Rogan t   9.8 pos '  4.9  86.6 -296.0' spd 223.1 yaw 177.0 mode 2 st 0 gl 1 hp 64 frg 0
ARGLOG Romero t   9.8 pos '237.9 -305.7 -383.2' spd  74.7 yaw 115.2 mode 2 st 0 gl 0 hp 50 frg 0
ARGLOG Carmack t   9.8 pos '-231.9  70.4 -296.0' spd 194.7 yaw 359.9 mode 2 st 0 gl 0 hp 33 frg 0
ARGEVT Romero swim
ARGEVT Carmack death Joe Rogan pos '-236.1 102.3 -296.0'
ARGUS Joe Rogan watch spawn
ARGEVT Romero swim
ARGEVT Romero swim
ARGEVT Joe Rogan goal backpack
ARGEVT Romero weapon sg
ARGEVT Romero swim
ARGEVT Joe Rogan hazard
ARGEVT Romero swim
ARGLOG Joe Rogan t  10.3 pos '-70.0 -25.7 -296.0' spd 277.1 yaw 133.6 mode 1 st 0 gl 1 hp 64 frg 1
ARGLOG Romero t  10.3 pos '214.8 -304.0 -383.2' spd  60.4 yaw 140 mode 2 st 0 gl 0 hp 10 frg 0
ARGEVT Romero swim
ARGEVT Romero weapon lg
ARGEVT Romero death world pos '204.0 -304.0 -383.5'
ARGLOG Joe Rogan t  10.8 pos '-85.8  80.2 -296.0' spd 403.8 yaw 161.0 mode 1 st 0 gl 1 hp 64 frg 1
ARGEVT Joe Rogan hazard
ARGLOG Joe Rogan t  11.3 pos '-231.9  61.0 -296.0' spd 223.2 yaw 129.2 mode 1 st 0 gl 1 hp 64 frg 1
ARGEVT Carmack respawn
ARGEVT Carmack goal weapon_rocketlauncher
ARGLOG Carmack t  11.4 pos '272.0 -952.0  24.0' spd 0 yaw   4.8 mode 0 st 0 gl 0 hp 100 frg 0
ARGEVT Carmack route 10 start '305.0 -983.0  24.0' goal '753.0 -887.0 -232.0'
ARGLOG Joe Rogan t  11.8 pos '-190.8 115.1 -296.0' spd  99.4 yaw 121.4 mode 1 st 0 gl 1 hp 64 frg 1
ARGLOG Carmack t  11.9 pos '377.9 -839.0  24.0' spd 363.0 yaw 99 mode 2 st 0 gl 0 hp 100 frg 0
ARGEVT Romero respawn
ARGEVT Carmack engage Romero
ARGUS Carmack threatmove range 2
ARGEVT Romero goal item_armor2
ARGEVT Romero engage Carmack
ARGUS Romero threatmove range 2
ARGEVT Romero grab weapon_supershotgun
ARGLOG Romero t  12.0 pos '272.0 -952.0  24.0' spd 0 yaw   3.5 mode 0 st 0 gl 0 hp 100 frg -1
ARGEVT Romero route 16 start '305.0 -983.0  24.0' goal '1169.0 -599.0  24.0'
ARGEVT Joe Rogan hazard
ARGLOG Joe Rogan t  12.3 pos '-239.4  90.1 -296.0' spd 253.1 yaw 90 mode 1 st 0 gl 1 hp 64 frg 1
ARGUS Joe Rogan wallslide
ARGLOG Carmack t  12.5 pos '276.1 -762.1  24.0' spd 320.2 yaw 280.2 mode 2 st 0 gl 0 hp 100 frg 0
ARGLOG Romero t  12.5 pos '331.2 -1038.2  24.0' spd  69.7 yaw 101.0 mode 2 st 0 gl 0 hp 76 frg -1
ARGUS Carmack wallslide
ARGLOG Joe Rogan t  12.8 pos '-162.1 116.2 -296.0' spd 112.9 yaw 159.1 mode 1 st 0 gl 1 hp 64 frg 1
ARGLOG Carmack t  13.0 pos '208.0 -870.0  24.0' spd 402.5 yaw 305.7 mode 2 st 0 gl 0 hp 88 frg 0
ARGEVT Carmack grab weapon_supershotgun
ARGLOG Romero t  13.0 pos '327.9 -1032.3  24.0' spd  82.0 yaw 125.7 mode 2 st 0 gl 0 hp 76 frg -1
ARGEVT Joe Rogan hazard
ARGEVT Carmack route 10 start '241.0 -1015.0  24.0' goal '753.0 -887.0 -232.0'
ARGLOG Joe Rogan t  13.3 pos '-238.1  78.6 -296.0' spd 222.9 yaw 91 mode 1 st 0 gl 1 hp 64 frg 1
ARGUS Joe Rogan wallslide
ARGUS Romero bodyblock
ARGUS Carmack bodyblock
ARGLOG Carmack t  13.5 pos '283.6 -1019.7  24.0' spd 309.6 yaw 334.6 mode 2 st 0 gl 0 hp 64 frg 0
ARGEVT Joe Rogan jump
ARGEVT Carmack grab item_health
ARGEVT Romero grab item_health
ARGLOG Romero t  13.5 pos '330.5 -1025.9  24.0' spd 168.5 yaw 176.5 mode 2 st 0 gl 0 hp 52 frg -1
ARGEVT Joe Rogan goal backpack
ARGEVT Joe Rogan route 14 start '-239.0 105.0 -296.0' goal '465.0 -279.0 -104.0'
ARGLOG Joe Rogan t  13.8 pos '-236.9 236.3 -252.6' spd 314.6 yaw 297 mode 2 st 0 gl 2 hp 64 frg 1
ARGEVT Carmack hazard
ARGLOG Carmack t  14.0 pos '359.6 -1093.8  24.0' spd 339.7 yaw  76.2 mode 2 st 0 gl 0 hp 64 frg 0
ARGLOG Romero t  14.0 pos '410.0 -955.5  24.0' spd 379.9 yaw 256.5 mode 2 st 0 gl 0 hp 52 frg -1
ARGUS Romero threatmove retreat 2
ARGEVT Romero retreat
ARGLOG Joe Rogan t  14.3 pos '-169.1 363.4 -360.0' spd 336.6 yaw 284 mode 2 st 0 gl 2 hp 44 frg 1
ARGLOG Carmack t  14.5 pos '406.2 -1032.0  24.0' spd 246.6 yaw  43.0 mode 2 st 0 gl 0 hp 40 frg 0
ARGLOG Romero t  14.5 pos '466.5 -959.8  24.0' spd 364.6 yaw 225.5 mode 2 st 0 gl 0 hp 28 frg -1
ARGEVT Romero hazard
ARGUS Romero wallslide
ARGLOG Joe Rogan t  14.8 pos '-144.0 220.6 -360.0' spd 371.4 yaw 285 mode 2 st 0 gl 2 hp 24 frg 1
ARGLOG Carmack t  15.0 pos '416.7 -995.4  24.0' spd 267.7 yaw  37.5 mode 2 st 0 gl 0 hp 40 frg 0
ARGLOG Romero t  15.0 pos '464.0 -935.7  24.0' spd   2.5 yaw 227.9 mode 2 st 0 gl 0 hp 4 frg -1
ARGEVT Carmack hazard
ARGEVT Romero route 16 start '625.0 105.0 -296.0' goal '1169.0 -599.0  24.0'
ARGEVT Joe Rogan death world pos '-144.0 149.0 -360.0'
ARGLOG Carmack t  15.5 pos '493.4 -971.0  24.0' spd 329.1 yaw  84.8 mode 2 st 0 gl 0 hp 16 frg 0
ARGEVT Romero route 17 start '625.0 -23.0 -296.0' goal '1169.0 -599.0  24.0'
ARGEVT Carmack grab item_health
ARGLOG Romero t  15.5 pos '624.0  17.7 -296.0' spd 300 yaw 260.8 mode 2 st 0 gl 0 hp 4 frg -1
ARGEVT Romero grab item_health
ARGEVT Romero pursue
ARGEVT Carmack pursue
ARGLOG Carmack t  16.0 pos '356.3 -908.9  24.0' spd 369.0 yaw 108.7 mode 2 st 0 gl 0 hp 16 frg 0
ARGLOG Romero t  16.0 pos '623.2  -9.7 -296.0' spd 321.7 yaw 261 mode 2 st 0 gl 0 hp 4 frg -1
ARGEVT Carmack hazard
ARGLOG Carmack t  16.5 pos '354.8 -722.4  24.0' spd 337.9 yaw 336.4 mode 2 st 0 gl 0 hp 16 frg 0
ARGLOG Romero t  16.5 pos '605.7 -172.1 -296.0' spd 320.1 yaw 260 mode 2 st 0 gl 0 hp 4 frg -1
ARGUS Carmack wallslide
ARGUS Romero hunch item_health
ARGEVT Joe Rogan respawn
ARGEVT Joe Rogan goal backpack
ARGEVT Joe Rogan engage Carmack
ARGUS Joe Rogan threatmove range 2
ARGEVT Joe Rogan grab weapon_supershotgun
ARGLOG Joe Rogan t  16.9 pos '272.0 -952.0  24.0' spd 0 yaw   6.0 mode 0 st 0 gl 2 hp 100 frg 0
ARGEVT Romero goal item_health
ARGEVT Joe Rogan route 12 start '305.0 -983.0  24.0' goal '-175.0 169.0 -360.0'
ARGEVT Romero pursue
ARGEVT Romero hazard
ARGLOG Carmack t  17.0 pos '372.4 -783.4  24.0' spd 347.8 yaw 305 mode 2 st 0 gl 0 hp 16 frg 0
ARGLOG Romero t  17.0 pos '573.3 -228.8 -296.0' spd 333.4 yaw 139.1 mode 0 st 0 gl 0 hp 4 frg -1
ARGEVT Romero route 6 start '593.0 -215.0 -296.0' goal '369.0 -983.0 -104.0'
ARGEVT Carmack route 9 start '401.0 -887.0  24.0' goal '753.0 -887.0 -232.0'
ARGUS Carmack hunch item_health
ARGLOG Joe Rogan t  17.4 pos '330.9 -1036.2  24.0' spd 176.2 yaw  62.8 mode 2 st 0 gl 2 hp 100 frg 0
ARGEVT Carmack goal item_health
ARGEVT Carmack route 3 start '401.0 -887.0  24.0' goal '401.0 -887.0 -104.0'
ARGLOG Carmack t  17.5 pos '455.8 -928.4  24.0' spd 337.7 yaw 282.0 mode 2 st 0 gl 0 hp 16 frg 0
ARGLOG Romero t  17.6 pos '404.5 -262.7 -296.0' spd 323.9 yaw 290.6 mode 2 st 0 gl 0 hp 4 frg -1
ARGEVT Carmack pursue
ARGEVT Carmack death Joe Rogan pos '474.3 -1006.9  24.0'
ARGUS Joe Rogan watch spawn
ARGEVT Joe Rogan goal weapon_rocketlauncher
ARGLOG Joe Rogan t  17.9 pos '348.1 -1016.2  24.0' spd 320.9 yaw  26.2 mode 0 st 0 gl 2 hp 100 frg 1
ARGEVT Joe Rogan route 10 start '401.0 -1015.0  24.0' goal '753.0 -887.0 -232.0'
ARGEVT Romero hazard
ARGLOG Romero t  18.1 pos '457.6 -216.9 -296.0' spd 326.1 yaw 62 mode 2 st 0 gl 0 hp 4 frg -1
ARGUS Romero wallslide
ARGLOG Joe Rogan t  18.4 pos '437.5 -871.5  24.0' spd 365.3 yaw 110 mode 2 st 0 gl 2 hp 100 frg 1
ARGLOG Romero t  18.6 pos '635.5 -177.9 -296.0' spd 403.4 yaw 256 mode 2 st 0 gl 0 hp 4 frg -1
ARGUS Joe Rogan wallslide
ARGLOG Joe Rogan t  18.9 pos '354.8 -746.1  24.0' spd 311.9 yaw 87 mode 2 st 0 gl 2 hp 100 frg 1
ARGLOG Romero t  19.1 pos '647.2 -14.9 -296.0' spd 320.5 yaw 258 mode 2 st 0 gl 0 hp 4 frg -1
ARGEVT Carmack respawn
ARGEVT Carmack goal backpack
ARGLOG Carmack t  19.2 pos '-64.0 -232.0 -72.0' spd 0 yaw 355.5 mode 0 st 0 gl 0 hp 100 frg 0
ARGEVT Carmack route 5 start '-47.0 -247.0 -72.0' goal '465.0 -279.0 -104.0'
ARGEVT Romero route 4 start '625.0 105.0 -296.0' goal '369.0 -983.0 -104.0'
ARGLOG Joe Rogan t  19.4 pos '317.3 -578.3  24.0' spd 332.4 yaw 60 mode 2 st 0 gl 2 hp 100 frg 1
ARGEVT Romero route 3 start '401.0 -887.0  24.0' goal '369.0 -983.0 -104.0'
ARGLOG Romero t  19.6 pos '417.6 -864.0  35.7' spd 300 yaw 207 mode 2 st 0 gl 0 hp 4 frg -1
ARGEVT Joe Rogan engage Romero
ARGUS Joe Rogan threatmove range 2
ARGEVT Romero engage Joe Rogan
ARGUS Romero threatmove range 2
ARGEVT Romero grab item_health
ARGUS Romero threatmove retreat 2
ARGEVT Romero retreat
ARGEVT Carmack engage Joe Rogan
ARGUS Carmack threatmove range 2
ARGLOG Carmack t  19.7 pos ' 73.7 -248.6 -72.0' spd 274.8 yaw 320.6 mode 2 st 0 gl 0 hp 100 frg 0
ARGEVT Carmack route 3 start '145.0 -247.0 -72.0' goal '465.0 -279.0 -104.0'
ARGLOG Joe Rogan t  19.9 pos '423.3 -476.9  24.0' spd 344.0 yaw 267.0 mode 2 st 0 gl 2 hp 100 frg 1
ARGUS routecache adopt
ARGEVT Carmack route 3 start '145.0 -247.0 -72.0' goal '465.0 -279.0 -104.0'
ARGLOG Romero t  20.1 pos '392.1 -864.0  24.0' spd 300 yaw  76.4 mode 2 st 0 gl 0 hp 4 frg -1
ARGEVT Romero pursue
ARGEVT Joe Rogan pursue
ARGEVT Carmack grab weapon_grenadelauncher
ARGUS Joe Rogan hunch item_health
ARGEVT Joe Rogan hazard
ARGLOG Carmack t  20.3 pos '128.4 -254.4 -72.0' spd 321.5 yaw 328.6 mode 2 st 0 gl 0 hp 100 frg 0
ARGEVT Joe Rogan pursue
ARGEVT Joe Rogan goal weapon_rocketlauncher
ARGEVT Joe Rogan route 5 start '529.0 -407.0  24.0' goal '753.0 -887.0 -232.0'
ARGLOG Joe Rogan t  20.4 pos '556.2 -435.9  24.0' spd 378.1 yaw  29.3 mode 2 st 0 gl 2 hp 100 frg 1
ARGUS Joe Rogan wallslide
ARGLOG Romero t  20.6 pos '337.0 -739.0  24.0' spd 327.4 yaw 82 mode 2 st 0 gl 0 hp 4 frg -1
ARGLOG Carmack t  20.8 pos '112.1 -416.3   8.0' spd 320.5 yaw   4.0 mode 2 st 0 gl 0 hp 100 frg 0
ARGUS Carmack wallslide
ARGLOG Joe Rogan t  20.9 pos '556.1 -382.2  24.0' spd 321.8 yaw 257.2 mode 2 st 0 gl 2 hp 100 frg 1
ARGLOG Romero t  21.1 pos '349.1 -574.8  24.0' spd 320.7 yaw 77 mode 2 st 0 gl 0 hp 4 frg -1
ARGUS Romero crossfire retreat
ARGEVT Romero route 4 start '337.0 -599.0  24.0' goal '369.0 -983.0 -104.0'
ARGEVT Romero hazard
ARGLOG Carmack t  21.3 pos '129.2 -428.1   8.0' spd  73.3 yaw 354.0 mode 2 st 0 gl 0 hp 100 frg 0
ARGLOG Joe Rogan t  21.4 pos '489.9 -458.2  24.0' spd 320.2 yaw 205.7 mode 2 st 0 gl 2 hp 76 frg 1
ARGUS Romero wallslide
ARGLOG Romero t  21.6 pos '367.9 -546.5  24.0' spd 141.8 yaw  49.9 mode 2 st 0 gl 0 hp 4 frg -1
ARGLOG Carmack t  21.8 pos '142.1 -404.8   8.0' spd 320.2 yaw   4.7 mode 2 st 0 gl 0 hp 100 frg 0
ARGEVT Romero death Joe Rogan pos '368.0 -610.4  24.0'
ARGEVT Joe Rogan engage Carmack
ARGUS Joe Rogan threatmove range 2
ARGLOG Joe Rogan t  21.9 pos '401.7 -367.1 -36.8' spd 139.0 yaw 196.3 mode 2 st 0 gl 2 hp 52 frg 2
ARGEVT Joe Rogan goal weapon_rocketlauncher
ARGEVT Joe Rogan route 5 start '433.0 -375.0 -104.0' goal '753.0 -887.0 -232.0'
ARGLOG Carmack t  22.3 pos '182.7 -254.4 -72.0' spd 103.3 yaw 327.9 mode 2 st 0 gl 0 hp 100 frg 0
ARGLOG Joe Rogan t  22.4 pos '388.5 -470.9 -104.0' spd 358.1 yaw 133.0 mode 2 st 0 gl 2 hp 40 frg 2
ARGEVT Joe Rogan grab 
ARGLOG Carmack t  22.8 pos '114.9 -362.5 -24.0' spd 122.1 yaw 314.6 mode 2 st 0 gl 0 hp 88 frg 0
ARGEVT Joe Rogan route 6 start '337.0 -567.0 -104.0' goal '753.0 -887.0 -232.0'
ARGLOG Joe Rogan t  22.9 pos '334.5 -637.3 -104.0' spd 381.0 yaw 134.1 mode 2 st 0 gl 2 hp 40 frg 2
ARGEVT Joe Rogan pursue
ARGEVT Carmack pursue
ARGLOG Carmack t  23.3 pos '173.0 -435.7  24.0' spd 353.4 yaw 324 mode 2 st 0 gl 0 hp 88 frg 0
ARGEVT Romero respawn
ARGEVT Romero goal backpack
ARGLOG Romero t  23.3 pos '776.0 -808.0 -232.0' spd 0 yaw  94.5 mode 0 st 0 gl 0 hp 100 frg -1
ARGEVT Romero route 9 start '753.0 -759.0 -232.0' goal '337.0 -727.0  24.0'
ARGLOG Joe Rogan t  23.4 pos '318.0 -636.2 -104.0' spd 320.0 yaw 123 mode 2 st 0 gl 2 hp 40 frg 2
ARGEVT Joe Rogan hazard
ARGEVT Joe Rogan pursue
ARGEVT Romero hazard
ARGUS Carmack hunch 
ARGUS Romero wallslide
ARGUS Carmack wallslide
ARGEVT Carmack goal backpack
ARGEVT Carmack route 3 start '273.0 -503.0  24.0' goal '465.0 -279.0 -104.0'
ARGLOG Carmack t  23.8 pos '300.0 -528.0  24.0' spd 359.8 yaw 330.3 mode 2 st 0 gl 0 hp 88 frg 0
ARGLOG Romero t  23.8 pos '730.3 -723.9 -216.0' spd 155.1 yaw 114 mode 2 st 0 gl 0 hp 100 frg -1
ARGLOG Joe Rogan t  23.9 pos '327.4 -465.0 -104.0' spd 378.2 yaw 149 mode 2 st 0 gl 2 hp 40 frg 2
ARGEVT Carmack pursue
ARGEVT Joe Rogan goal item_health
ARGUS Joe Rogan threatmove high 2
ARGEVT Joe Rogan grab weapon_grenadelauncher
ARGEVT Carmack grab 
ARGEVT Joe Rogan route 2 start '273.0 -407.0 -104.0' goal '401.0 -887.0 -104.0'
ARGLOG Carmack t  24.3 pos '396.9 -457.5  24.0' spd  54.3 yaw 145.2 mode 2 st 0 gl 0 hp 88 frg 0
ARGLOG Romero t  24.4 pos '742.6 -883.5 -232.0' spd 384.4 yaw 339.5 mode 0 st 0 gl 0 hp 100 frg -1
ARGEVT Romero route 8 start '753.0 -887.0 -232.0' goal '337.0 -727.0  24.0'
ARGLOG Joe Rogan t  24.5 pos '181.0 -413.9 -104.0' spd 324.8 yaw 351.0 mode 2 st 0 gl 2 hp 40 frg 2
ARGEVT Romero engage Joe Rogan
ARGUS Romero leadclip
ARGUS Romero threatmove range 2
ARGEVT Romero grab weapon_nailgun
ARGUS Romero threatmove range 3
ARGEVT Carmack hazard
ARGUS routecache adopt
ARGEVT Romero route 6 start '369.0   9.0 -296.0' goal '337.0 -727.0  24.0'
ARGEVT Joe Rogan hazard
ARGEVT Joe Rogan pursue
ARGEVT Carmack pursue
ARGLOG Carmack t  24.8 pos '454.1 -503.9  24.0' spd 146.4 yaw 160 mode 2 st 0 gl 0 hp 88 frg 0
ARGLOG Romero t  24.9 pos '368.0 -34.3 -296.0' spd 300 yaw 229.4 mode 2 st 0 gl 0 hp 100 frg -1
ARGEVT Joe Rogan route 3 start '145.0 -407.0 -104.0' goal '401.0 -887.0 -104.0'
ARGLOG Joe Rogan t  25.0 pos '126.1 -381.1 -104.0' spd 108.9 yaw 347.6 mode 2 st 0 gl 2 hp 40 frg 2
ARGUS Carmack threatmove range 3
ARGUS Joe Rogan threatmove retreat 2
ARGEVT Joe Rogan retreat
ARGUS Carmack wallslide
ARGEVT Joe Rogan death Romero pos '120.4 -398.8 -104.0' thirdparty
ARGUS Romero watch spawn
ARGLOG Carmack t  25.3 pos '360.7 -544.9  24.0' spd 322.6 yaw 258.2 mode 2 st 0 gl 0 hp 88 frg 0
ARGLOG Romero t  25.4 pos '377.2 -101.5 -296.0' spd 320.0 yaw 281.0 mode 2 st 0 gl 0 hp 100 frg 0
ARGEVT Romero goal backpack
ARGEVT Romero route 5 start '337.0 -119.0 -296.0' goal '145.0 -407.0 -104.0'
ARGEVT Romero rjump
ARGEVT Carmack hazard
ARGUS Romero aircontrol
ARGLOG Carmack t  25.8 pos '311.9 -653.0  24.0' spd 309.8 yaw  97.3 mode 2 st 0 gl 0 hp 88 frg 0
ARGLOG Romero t  25.9 pos '344.3 -304.0 -173.1' spd 487.1 yaw 331 mode 2 st 0 gl 0 hp 91 frg 0
ARGEVT Romero engage Carmack
ARGUS Romero threatmove range 2
ARGEVT Carmack engage Romero
ARGUS Carmack threatmove range 3
ARGLOG Carmack t  26.3 pos '330.8 -493.6  24.0' spd 330.6 yaw  74.0 mode 2 st 0 gl 0 hp 88 frg 0
ARGLOG Romero t  26.4 pos '395.5 -340.5 -95.3' spd 127.5 yaw 247.7 mode 2 st 0 gl 0 hp 91 frg 0
ARGUS Romero threatmove high 2
ARGUS Romero aircontrol
ARGEVT Joe Rogan respawn
ARGEVT Carmack grab 
ARGEVT Joe Rogan goal weapon_lightning
ARGLOG Joe Rogan t  26.8 pos '112.0 -1136.0 -104.0' spd 0 yaw  49.8 mode 0 st 0 gl 2 hp 100 frg 2
ARGEVT Joe Rogan route 6 start '113.0 -1079.0 -104.0' goal '529.0 -311.0 -104.0'
ARGLOG Carmack t  26.8 pos '281.6 -414.1 -14.7' spd  31.8 yaw  34.4 mode 2 st 0 gl 0 hp 88 frg 0
ARGLOG Romero t  26.9 pos '432.0 -282.0 -231.6' spd 195.8 yaw 212.0 mode 2 st 0 gl 0 hp 88 frg 0
ARGEVT Romero hazard
ARGUS Romero leadclip
ARGLOG Joe Rogan t  27.3 pos '166.7 -1000.6 -104.0' spd 320.6 yaw 62 mode 2 st 0 gl 2 hp 100 frg 2
ARGLOG Carmack t  27.3 pos '210.6 -405.2 -104.0' spd 320.0 yaw  49.0 mode 2 st 0 gl 0 hp 88 frg 0
ARGLOG Romero t  27.4 pos '395.9 -205.7 -296.0' spd 286.7 yaw 210.0 mode 2 st 0 gl 0 hp 84 frg 0
ARGEVT Romero goal backpack
ARGUS Romero threatmove range 3
ARGUS Romero threatmove high 3
ARGEVT Romero route 2 start '369.0 -215.0 -296.0' goal '465.0 -279.0 -104.0'
ARGEVT Romero rjump
ARGUS Romero aircontrol
ARGEVT Carmack hazard
ARGLOG Joe Rogan t  27.8 pos '197.6 -836.9 -104.0' spd 322.1 yaw 98 mode 2 st 0 gl 2 hp 100 frg 2
ARGLOG Carmack t  27.8 pos '147.3 -395.1 -104.0' spd 321.6 yaw  32.9 mode 2 st 0 gl 0 hp 88 frg 0
ARGLOG Romero t  27.9 pos '366.7 -250.6 -124.0' spd 122.7 yaw 209.1 mode 2 st 0 gl 0 hp 74 frg 0
ARGEVT Joe Rogan hazard
ARGEVT Romero weapon ng
ARGUS Carmack threatmove range 2
ARGLOG Joe Rogan t  28.3 pos '169.5 -752.3 -104.0' spd 248.0 yaw 47 mode 2 st 0 gl 2 hp 100 frg 2
ARGUS Joe Rogan wallslide
ARGLOG Carmack t  28.4 pos '158.2 -415.5 -104.0' spd 243.2 yaw  17.2 mode 2 st 0 gl 0 hp 88 frg 0
ARGLOG Romero t  28.4 pos '370.6 -314.6 -90.8' spd 133.4 yaw 202.9 mode 2 st 0 gl 0 hp 74 frg 0
ARGEVT Carmack death Romero pos '165.1 -422.4 -104.0'
ARGUS Romero aircontrol
ARGEVT Joe Rogan engage Romero
ARGUS Joe Rogan threatmove range 2
ARGEVT Romero engage Joe Rogan
ARGUS Romero threatmove range 2
ARGEVT Romero goal backpack
ARGEVT Romero route 1 start '433.0 -375.0 -104.0' goal '465.0 -279.0 -104.0'
ARGLOG Joe Rogan t  28.8 pos '352.7 -751.5 -104.0' spd 321.9 yaw  88.2 mode 2 st 0 gl 2 hp 100 frg 2
ARGLOG Romero t  28.9 pos '388.3 -348.4 -261.1' spd  38.3 yaw 284.1 mode 2 st 0 gl 0 hp 74 frg 1
ARGEVT Joe Rogan hazard
ARGEVT Joe Rogan pursue
ARGEVT Romero pursue
ARGEVT Romero swim
ARGEVT Romero swim
ARGLOG Joe Rogan t  29.3 pos '368.0 -673.5 -104.0' spd 320.4 yaw 87 mode 2 st 0 gl 2 hp 100 frg 2
ARGEVT Romero swim
ARGLOG Romero t  29.4 pos '411.8 -344.1 -382.8' spd  52.8 yaw 176.5 mode 2 st 0 gl 0 hp 68 frg 1
ARGEVT Romero swim
ARGEVT Romero swim
ARGEVT Romero swim
ARGUS Romero aircontrol
ARGEVT Romero swim
ARGLOG Joe Rogan t  29.8 pos '368.4 -512.8 -104.0' spd 320.8 yaw 84 mode 2 st 0 gl 2 hp 100 frg 2
ARGLOG Romero t  29.9 pos '405.8 -368.0 -384.4' spd   5.8 yaw 255 mode 2 st 0 gl 0 hp 64 frg 1
ARGEVT Romero swim
ARGEVT Romero swim
ARGEVT Carmack respawn
ARGEVT Carmack goal weapon_rocketlauncher
ARGLOG Carmack t  30.0 pos '272.0 -952.0  24.0' spd 0 yaw   4.8 mode 0 st 0 gl 0 hp 100 frg 0
ARGEVT Carmack route 12 start '305.0 -983.0  24.0' goal ' 81.0  73.0 -296.0'
ARGUS Joe Rogan hunch item_artifact_super_damage
ARGEVT Romero swim
ARGEVT Romero swim
ARGEVT Joe Rogan goal backpack
ARGEVT Joe Rogan pursue
ARGLOG Joe Rogan t  30.3 pos '327.8 -435.0 -104.0' spd 320.0 yaw 206.7 mode 1 st 0 gl 2 hp 100 frg 2
ARGEVT Romero swim
ARGLOG Romero t  30.4 pos '401.0 -368.0 -383.0' spd  17.1 yaw 255 mode 2 st 0 gl 0 hp 56 frg 1
ARGEVT Romero swim
ARGEVT Joe Rogan hazard
ARGLOG Carmack t  30.5 pos '375.0 -839.3  24.0' spd 334.9 yaw 90 mode 2 st 0 gl 0 hp 100 frg 0
ARGEVT Romero swim
ARGEVT Romero swim
ARGEVT Carmack hazard
ARGUS Carmack wallslide
ARGEVT Romero swim
ARGLOG Joe Rogan t  30.9 pos '240.4 -478.6 -104.0' spd 310.7 yaw  73.0 mode 1 st 0 gl 2 hp 100 frg 2
ARGUS Romero aircontrol
ARGLOG Romero t  30.9 pos '401.0 -368.0 -384.5' spd  13.5 yaw 255 mode 2 st 0 gl 0 hp 52 frg 1
ARGEVT Romero swim
ARGEVT Romero swim
ARGLOG Carmack t  31.1 pos '356.6 -712.3  24.0' spd 325.9 yaw 88 mode 2 st 0 gl 0 hp 100 frg 0
ARGEVT Romero swim
ARGUS Romero hunch 
ARGEVT Romero goal backpack
ARGEVT Romero route 9 start '369.0 -247.0 -296.0' goal '465.0 -279.0 -104.0'
ARGEVT Romero swim
