LOG started on: 09/18/2026 07:41:13 
Playing registered version.
UDP Initialized
WIPX_OpenSocket: Address family not supported by protocol family
WIPX_Init: Unable to open control socket, IPX disabled
Exe: 20:02:47 Jul 31 2024
256.0 megabyte heap

Language initialization
Couldn't load 'localization/loc_english.txt'
from 'C:\argus\engine'

========= Quake Initialized =========

execing autoexec.cfg
SpawnServer: e1m1
Clearing memory
Programs occupy 908K.
trying to open external vis file
maps/e1m1.vis not found, trying argus.vis
external vis not found
Loaded external entity file maps/e1m1@c49d.ent
ARGUS slots 8
ARGUS worldspawn reached
ARGNAV 238 nodes, 962 links
13 entities inhibited
ARGUS init on e1m1
ARGEVT Carmack spawned
ARGEVT Romero spawned
ARGEVT Joe Rogan spawned
Server spawned.
ARGLOG Joe Rogan t   1.2 pos '480.0  48.0  24.0' spd 0 yaw  87.6 mode 0 st 0 gl 0 hp 100 frg 0
ARGLOG Romero t   1.2 pos '-272.0 2928.0 -56.0' spd 0 yaw  47.5 mode 0 st 0 gl 0 hp 100 frg 0
ARGLOG Carmack t   1.2 pos '1312.0 880.0 -256.0' spd 0 yaw 119.6 mode 0 st 0 gl 0 hp 100 frg 0
ARGEVT Romero hazard
ARGLOG Joe Rogan t   1.7 pos '487.8 196.3  24.0' spd 320 yaw  87.6 mode 0 st 0 gl 0 hp 100 frg 0
ARGLOG Romero t   1.7 pos '-248.0 2950.0 -56.0' spd 320.5 yaw 221.6 mode 0 st 0 gl 0 hp 100 frg 0
ARGLOG Carmack t   1.7 pos '1240.0 1009.9 -256.0' spd 320 yaw 119.6 mode 0 st 0 gl 0 hp 100 frg 0
ARGLOG Joe Rogan t   2.2 pos '496.2 357.1  24.0' spd 320 yaw  87.6 mode 0 st 0 gl 0 hp 100 frg 0
ARGLOG Romero t   2.2 pos '-191.5 2851.8 -56.0' spd 324.3 yaw 344.5 mode 0 st 0 gl 0 hp 100 frg 0
ARGLOG Carmack t   2.2 pos '1191.3 998.5 -256.0' spd 322.1 yaw 272.7 mode 0 st 0 gl 0 hp 100 frg 0
ARGLOG Joe Rogan t   2.7 pos '504.8 520.3  24.0' spd 320 yaw  87.6 mode 0 st 0 gl 0 hp 100 frg 0
ARGLOG Romero t   2.7 pos '-38.9 2798.6 -56.0' spd 216.3 yaw 195.2 mode 0 st 0 gl 0 hp 100 frg 0
ARGLOG Carmack t   2.7 pos '1190.6 928.0 -256.0' spd   2.1 yaw 272.7 mode 0 st 0 gl 0 hp 100 frg 0
ARGLOG Joe Rogan t   3.2 pos '513.2 681.7  24.0' spd 320 yaw  87.6 mode 0 st 0 gl 0 hp 100 frg 0
ARGLOG Romero t   3.2 pos '-155.5 2733.7 -72.0' spd 320.6 yaw 195.2 mode 0 st 0 gl 0 hp 100 frg 0
ARGLOG Carmack t   3.2 pos '1191.7 928.0 -256.0' spd   2.1 yaw 272.7 mode 0 st 0 gl 0 hp 100 frg 0
ARGUS Joe Rogan wallslide
ARGLOG Joe Rogan t   3.7 pos '560.0 688.0  24.0' spd 0 yaw  44.4 mode 0 st 0 gl 0 hp 100 frg 0
ARGLOG Romero t   3.7 pos '-309.7 2686.4 -88.0' spd 320.0 yaw 195.2 mode 0 st 0 gl 0 hp 100 frg 0
ARGLOG Carmack t   3.7 pos '1192.8 928.0 -256.0' spd   2.3 yaw 272.7 mode 0 st 0 gl 0 hp 100 frg 0
ARGEVT Carmack stall
ARGEVT Carmack jump
ARGEVT Joe Rogan plan powerup via weapon
ARGEVT Joe Rogan goal weapon_rocketlauncher
ARGEVT Romero plan powerup via weapon
ARGEVT Romero goal weapon_supernailgun
ARGEVT Carmack goal item_health
ARGEVT Joe Rogan route 25 start '497.0 641.0  24.0' goal '145.0 2337.0  40.0'
ARGEVT Romero hazard
ARGLOG Joe Rogan t   4.2 pos '559.9 688.0  24.0' spd   3.1 yaw 197 mode 2 st 0 gl 0 hp 100 frg 0
ARGLOG Romero t   4.2 pos '-462.0 2632.0 -104.0' spd 374.1 yaw 249.6 mode 0 st 0 gl 0 hp 100 frg 0
ARGLOG Carmack t   4.2 pos '1201.5 938.2 -216.7' spd  40.3 yaw 106.3 mode 0 st 1 gl 0 hp 100 frg 0
ARGEVT Romero route 27 start '-431.0 2561.0 -104.0' goal '817.0 2433.0 -344.0'
ARGEVT Carmack route 14 start '1201.0 961.0 -256.0' goal '945.0 993.0 -248.0'
ARGEVT Carmack hazard
ARGLOG Joe Rogan t   4.8 pos '431.0 662.2  24.0' spd 398.3 yaw 199 mode 2 st 0 gl 0 hp 100 frg 0
ARGLOG Romero t   4.8 pos '-381.0 2477.6 -136.0' spd 368.1 yaw 312 mode 2 st 0 gl 0 hp 100 frg 0
ARGLOG Carmack t   4.8 pos '1172.3 989.8 -256.0' spd 240 yaw 28 mode 2 st 1 gl 0 hp 100 frg 0
ARGUS Joe Rogan wallslide
ARGLOG Joe Rogan t   5.3 pos '365.2 528.3  24.0' spd 323.2 yaw 176.6 mode 2 st 0 gl 0 hp 100 frg 0
ARGLOG Romero t   5.3 pos '-232.3 2402.9 -136.0' spd 346.4 yaw 285 mode 2 st 0 gl 0 hp 100 frg 0
ARGLOG Carmack t   5.3 pos '1182.4 930.5 -256.0' spd 225.1 yaw 144 mode 2 st 1 gl 0 hp 100 frg 0
ARGEVT Carmack route 15 start '1265.0 1089.0 -256.0' goal '945.0 993.0 -248.0'
ARGLOG Joe Rogan t   5.8 pos '204.8 539.9  24.0' spd 320.0 yaw 178 mode 2 st 0 gl 0 hp 100 frg 0
ARGLOG Romero t   5.8 pos '-211.4 2239.4 -136.0' spd 322.5 yaw 316 mode 2 st 0 gl 0 hp 100 frg 0
ARGLOG Carmack t   5.8 pos '1299.3 1044.5 -256.0' spd 373.5 yaw 229 mode 2 st 1 gl 0 hp 100 frg 0
ARGEVT Joe Rogan lift
ARGEVT Carmack hazard
ARGDBG Joe Rogan hazardproof 1 slime 1 lava 0
ARGDBG Romero hazardproof 1 slime 1 lava 0
ARGDBG Carmack hazardproof 1 slime 1 lava 0
ARGEVT Joe Rogan door
ARGEVT Joe Rogan board
ARGLOG Joe Rogan t   6.3 pos ' 44.7 550.3  24.0' spd 322.8 yaw 166 mode 2 st 0 gl 0 hp 100 frg 0
ARGLOG Romero t   6.3 pos '-158.5 2087.1 -152.0' spd 344.4 yaw 327 mode 2 st 0 gl 0 hp 100 frg 0
ARGLOG Carmack t   6.3 pos '1276.1 1187.1 -281.5' spd 102.0 yaw 250 mode 2 st 1 gl 0 hp 100 frg 0
ARGLOG Joe Rogan t   6.8 pos '-43.1 567.4  24.0' spd 121.8 yaw 212 mode 2 st 0 gl 0 hp 100 frg 0
ARGLOG Romero t   6.8 pos '-18.6 1985.9 -184.0' spd 320.0 yaw 292 mode 2 st 0 gl 0 hp 100 frg 0
ARGLOG Carmack t   6.8 pos '1247.5 1038.0 -235.6' spd 304.6 yaw 241 mode 2 st 1 gl 0 hp 100 frg 0
ARGEVT Carmack hazard
ARGLOG Joe Rogan t   7.3 pos '-43.1 567.4  24.0' spd 0 yaw 212 mode 2 st 0 gl 0 hp 100 frg 0
ARGLOG Romero t   7.3 pos '120.6 1906.2 -184.0' spd 320.7 yaw 337.2 mode 0 st 0 gl 0 hp 100 frg 0
ARGLOG Carmack t   7.3 pos '1205.6 882.7 -256.0' spd 313.1 yaw 143 mode 2 st 1 gl 0 hp 100 frg 0
ARGUS Carmack wallslide
ARGEVT Romero route 22 start '145.0 1889.0 -184.0' goal '817.0 2433.0 -344.0'
ARGEVT Romero hazard
ARGLOG Joe Rogan t   7.8 pos '-43.1 567.4  24.0' spd 0 yaw 212 mode 2 st 0 gl 0 hp 100 frg 0
ARGLOG Romero t   7.8 pos '248.9 1861.7 -184.0' spd 169.3 yaw 245 mode 2 st 0 gl 0 hp 100 frg 0
ARGLOG Carmack t   7.8 pos '1216.7 987.9 -256.0' spd 352.8 yaw 146 mode 2 st 1 gl 0 hp 100 frg 0
ARGUS Romero wallslide
ARGEVT Carmack route 15 start '1265.0 1089.0 -256.0' goal '945.0 993.0 -248.0'
ARGLOG Joe Rogan t   8.3 pos '-43.1 567.4  24.0' spd 0 yaw 212 mode 2 st 0 gl 0 hp 100 frg 0
ARGLOG Romero t   8.3 pos '149.3 1812.2 -184.0' spd 335.7 yaw 255 mode 2 st 0 gl 0 hp 100 frg 0
ARGLOG Carmack t   8.3 pos '1312.7 1132.4 -256.0' spd 411.4 yaw 239 mode 2 st 1 gl 0 hp 100 frg 0
ARGEVT Carmack hazard
ARGLOG Joe Rogan t   8.8 pos '-43.1 567.4  24.0' spd 0 yaw 212 mode 2 st 0 gl 0 hp 100 frg 0
ARGLOG Romero t   8.8 pos '132.5 1646.8 -200.0' spd 334.4 yaw 268 mode 2 st 0 gl 0 hp 100 frg 0
ARGLOG Carmack t   8.8 pos '1264.7 1260.7 -313.9' spd  43.1 yaw 256 mode 2 st 1 gl 0 hp 100 frg 0
ARGLOG Joe Rogan t   9.3 pos '-43.1 567.4  24.0' spd 0 yaw 212 mode 2 st 0 gl 0 hp 100 frg 0
ARGLOG Romero t   9.3 pos ' 90.3 1484.0 -200.0' spd 362.9 yaw 294.7 mode 0 st 0 gl 0 hp 100 frg 0
ARGLOG Carmack t   9.3 pos '1273.2 1129.5 -256.0' spd 349.9 yaw 246 mode 2 st 1 gl 0 hp 100 frg 0
ARGEVT Romero route 20 start ' 49.0 1441.0 -200.0' goal '817.0 2433.0 -344.0'
ARGLOG Joe Rogan t   9.8 pos '-43.1 567.4  24.0' spd 0 yaw 212 mode 2 st 0 gl 0 hp 100 frg 0
ARGLOG Romero t   9.8 pos '130.9 1310.9 -184.0' spd 326.9 yaw 291 mode 2 st 0 gl 0 hp 100 frg 0
ARGLOG Carmack t   9.8 pos '1222.1 968.3 -256.0' spd 320.7 yaw 49 mode 2 st 1 gl 0 hp 100 frg 0
ARGEVT Carmack hazard
ARGEVT Romero jump
ARGLOG Joe Rogan t  10.3 pos '-43.1 567.4  24.0' spd 0 yaw 212 mode 2 st 0 gl 0 hp 100 frg 0
ARGLOG Romero t  10.3 pos '119.0 1146.3 -142.3' spd 321.8 yaw 14 mode 2 st 0 gl 0 hp 100 frg 0
ARGLOG Carmack t  10.3 pos '1224.3 893.8 -251.0' spd 240 yaw 144 mode 2 st 1 gl 0 hp 100 frg 0
ARGLOG Joe Rogan t  10.8 pos '-43.1 567.4  24.0' spd 0 yaw 212 mode 2 st 0 gl 0 hp 100 frg 0
ARGLOG Romero t  10.8 pos '176.0 1082.1 -184.0' spd 203.9 yaw 30 mode 2 st 0 gl 0 hp 100 frg 0
ARGLOG Carmack t  10.8 pos '1287.7 1032.8 -256.0' spd 335.7 yaw  93.0 mode 0 st 1 gl 0 hp 100 frg 0
ARGEVT Romero jump
ARGEVT Carmack route 15 start '1265.0 1089.0 -256.0' goal '945.0 993.0 -248.0'
ARGEVT Carmack hazard
ARGLOG Joe Rogan t  11.4 pos '-43.1 567.4  24.0' spd 0 yaw 212 mode 2 st 0 gl 0 hp 100 frg 0
ARGLOG Romero t  11.4 pos '179.2 1244.5 -142.8' spd 324.0 yaw 343 mode 2 st 0 gl 0 hp 100 frg 0
ARGLOG Carmack t  11.4 pos '1267.7 1181.8 -278.8' spd  87.9 yaw 251 mode 2 st 1 gl 0 hp 100 frg 0
ARGLOG Joe Rogan t  11.9 pos '-43.1 567.4  24.0' spd 0 yaw 212 mode 2 st 0 gl 0 hp 100 frg 0
ARGLOG Romero t  11.9 pos '321.5 1324.7 -186.3' spd 373.3 yaw 320 mode 2 st 0 gl 0 hp 100 frg 0
ARGLOG Carmack t  11.9 pos '1245.4 1168.0 -272.0' spd  11.8 yaw 255 mode 2 st 1 gl 0 hp 100 frg 0
ARGEVT Romero hazard
ARGEVT Carmack hazard
ARGLOG Joe Rogan t  12.4 pos '-43.1 567.4  24.0' spd 0 yaw 212 mode 2 st 0 gl 0 hp 100 frg 0
ARGLOG Romero t  12.4 pos '337.7 1279.9 -204.1' spd 307.7 yaw 325 mode 2 st 0 gl 0 hp 100 frg 0
ARGLOG Carmack t  12.4 pos '1242.7 1168.0 -272.0' spd   7.8 yaw 255 mode 2 st 1 gl 0 hp 100 frg 0
ARGEVT Romero swim
ARGLOG Joe Rogan t  12.9 pos '-43.1 567.4  24.0' spd 0 yaw 212 mode 2 st 0 gl 0 hp 100 frg 0
ARGLOG Romero t  12.9 pos '344.0 1154.9 -295.7' spd  76.9 yaw 352 mode 2 st 0 gl 0 hp 100 frg 0
ARGLOG Carmack t  12.9 pos '1241.8 1168.0 -272.0' spd  12.0 yaw 255 mode 2 st 1 gl 0 hp 100 frg 0
ARGEVT Romero swim
ARGEVT Carmack stall
ARGEVT Carmack stallnode '1201.0 961.0 -256.0'
ARGEVT Carmack jump
ARGUS routecache adopt
ARGEVT Carmack route 15 start '1265.0 1089.0 -256.0' goal '945.0 993.0 -248.0'
ARGEVT Romero swim
ARGEVT Romero swim
ARGEVT Romero swim
ARGLOG Joe Rogan t  13.4 pos '-43.1 567.4  24.0' spd 0 yaw 212 mode 2 st 0 gl 0 hp 100 frg 0
ARGLOG Romero t  13.4 pos '344.0 1177.6 -295.6' spd  57.7 yaw 346 mode 2 st 0 gl 0 hp 100 frg 0
ARGLOG Carmack t  13.4 pos '1232.0 1168.0 -229.9' spd 0 yaw 257 mode 2 st 2 gl 0 hp 100 frg 0
ARGEVT Romero swim
ARGEVT Romero swim
ARGEVT Romero swim
ARGEVT Carmack hazard
ARGEVT Carmack stall
ARGEVT Carmack stallnode '1201.0 961.0 -256.0'
ARGEVT Carmack jump
ARGEVT Romero swim
ARGEVT Romero swim
ARGEVT Carmack goal item_armor2
ARGEVT Carmack route 3 start '1265.0 1089.0 -256.0' goal '1297.0 1057.0 -408.0'
ARGLOG Joe Rogan t  13.9 pos '-43.1 567.4  24.0' spd 0 yaw 212 mode 2 st 0 gl 0 hp 100 frg 0
ARGLOG Romero t  13.9 pos '364.1 1207.4 -295.0' spd  82.9 yaw 309 mode 2 st 0 gl 0 hp 100 frg 0
ARGLOG Carmack t  13.9 pos '1236.5 1171.4 -237.1' spd  31.3 yaw 261 mode 2 st 3 gl 0 hp 100 frg 0
ARGEVT Romero swim
ARGEVT Joe Rogan abandon
ARGUS Joe Rogan wallslide
ARGEVT Joe Rogan plan powerup via weapon
ARGEVT Joe Rogan goal weapon_grenadelauncher
ARGEVT Romero swim
ARGEVT Joe Rogan route 15 start ' 81.0 545.0  24.0' goal '1201.0 1057.0 -408.0'
ARGEVT Joe Rogan abandon
ARGEVT Romero swim
ARGEVT Joe Rogan plan powerup via weapon
ARGEVT Joe Rogan goal weapon_supernailgun
ARGEVT Romero swim
ARGEVT Joe Rogan route 24 start ' 81.0 545.0  24.0' goal '817.0 2433.0 -344.0'
ARGEVT Romero swim
ARGLOG Joe Rogan t  14.4 pos '  7.9 558.0  24.0' spd 320.2 yaw 189 mode 2 st 0 gl 0 hp 100 frg 0
ARGLOG Romero t  14.4 pos '406.5 1225.2 -295.2' spd  98.4 yaw 301 mode 2 st 0 gl 0 hp 100 frg 0
ARGLOG Carmack t  14.4 pos '1262.2 1170.4 -273.2' spd  43.8 yaw 252 mode 2 st 3 gl 0 hp 100 frg 0
ARGEVT Romero swim
ARGEVT Joe Rogan abandon
ARGEVT Romero swim
ARGEVT Joe Rogan plan powerup via weapon
ARGEVT Joe Rogan goal weapon_supershotgun
ARGEVT Romero swim
ARGEVT Joe Rogan route 17 start ' 81.0 545.0  24.0' goal '-335.0 2913.0 -56.0'
ARGEVT Joe Rogan abandon
ARGEVT Romero swim
ARGEVT Joe Rogan goal item_artifact_invulnerability
ARGLOG Joe Rogan t  15.0 pos ' 18.6 588.4  24.0' spd 328.4 yaw 163.8 mode 0 st 0 gl 0 hp 100 frg 0
ARGLOG Romero t  15.0 pos '460.9 1228.6 -296.1' spd 112.7 yaw 291 mode 2 st 0 gl 0 hp 100 frg 0
ARGEVT Romero swim
ARGLOG Carmack t  15.0 pos '1251.3 1168.0 -272.0' spd  21.7 yaw 254 mode 2 st 3 gl 0 hp 100 frg 0
ARGEVT Joe Rogan route 18 start ' 81.0 545.0  24.0' goal '241.0 1793.0 -40.0'
ARGEVT Carmack hazard
ARGEVT Romero swim
ARGUS Joe Rogan wallslide
ARGEVT Romero swim
ARGEVT Romero swim
ARGEVT Joe Rogan hazard
ARGEVT Romero swim
ARGEVT Joe Rogan abandon
ARGLOG Joe Rogan t  15.5 pos ' 55.2 529.1  24.0' spd 240.4 yaw 172 mode 0 st 0 gl 0 hp 100 frg 0
ARGLOG Romero t  15.5 pos '521.7 1215.0 -303.7' spd 133.4 yaw 301 mode 2 st 0 gl 0 hp 100 frg 0
ARGLOG Carmack t  15.5 pos '1244.4 1168.0 -272.0' spd  12.9 yaw 255 mode 2 st 3 gl 0 hp 100 frg 0
ARGEVT Joe Rogan goal item_artifact_super_damage
ARGEVT Joe Rogan route 34 start ' 81.0 545.0  24.0' goal '529.0 2465.0 -88.0'
ARGEVT Joe Rogan abandon
ARGEVT Joe Rogan goal item_health
ARGEVT Joe Rogan route 12 start ' 81.0 545.0  24.0' goal '945.0 993.0 -248.0'
ARGEVT Carmack stall
ARGEVT Carmack stallnode '1201.0 961.0 -256.0'
ARGEVT Carmack jump
ARGEVT Carmack route 3 start '1265.0 1089.0 -256.0' goal '1297.0 1057.0 -408.0'
ARGLOG Joe Rogan t  16.0 pos '-34.7 582.9 -34.3' spd 255.4 yaw  58.1 mode 2 st 0 gl 0 hp 100 frg 0
ARGLOG Romero t  16.0 pos '563.5 1133.4 -305.8' spd 224.6 yaw 302 mode 2 st 0 gl 0 hp 100 frg 0
ARGLOG Carmack t  16.0 pos '1242.8 1168.0 -243.0' spd  16.1 yaw 255 mode 2 st 4 gl 0 hp 100 frg 0
ARGEVT Joe Rogan hazard
ARGEVT Joe Rogan jump
ARGLOG Joe Rogan t  16.5 pos ' 48.0 589.0 -76.6' spd 278.2 yaw 200 mode 2 st 0 gl 0 hp 100 frg 0
ARGLOG Romero t  16.5 pos '584.6 1007.0 -305.2' spd 257.7 yaw 346 mode 2 st 0 gl 0 hp 100 frg 0
ARGLOG Carmack t  16.5 pos '1232.0 1168.0 -270.3' spd 0 yaw 257 mode 2 st 4 gl 0 hp 100 frg 0
ARGEVT Carmack hazard
ARGEVT Carmack stall
ARGEVT Carmack stallnode '1201.0 961.0 -256.0'
ARGEVT Carmack jump
ARGEVT Carmack goal item_health
ARGEVT Carmack route 21 start '1265.0 1089.0 -256.0' goal '945.0 2433.0 -112.0'
ARGLOG Joe Rogan t  17.0 pos ' 48.0 544.1 -72.4' spd  85.0 yaw 179 mode 2 st 0 gl 0 hp 100 frg 0
ARGLOG Romero t  17.0 pos '664.6 912.0 -299.3' spd 214.0 yaw 9 mode 2 st 0 gl 0 hp 100 frg 0
ARGLOG Carmack t  17.0 pos '1249.3 1171.7 -235.0' spd  52.9 yaw 58 mode 2 st 5 gl 0 hp 100 frg 0
ARGEVT Romero swim
ARGEVT Romero swim
ARGEVT Joe Rogan jump
ARGEVT Romero swim
ARGLOG Joe Rogan t  17.5 pos ' 48.0 540.8 -149.7' spd  54.5 yaw 178 mode 2 st 0 gl 0 hp 100 frg 0
ARGLOG Romero t  17.5 pos '781.8 914.5 -296.2' spd 234.9 yaw 6 mode 2 st 0 gl 0 hp 100 frg 0
ARGEVT Romero swim
ARGLOG Carmack t  17.5 pos '1332.6 1132.5 -256.0' spd 383.6 yaw 98 mode 2 st 5 gl 0 hp 100 frg 0
ARGEVT Carmack hazard
ARGEVT Romero swim
ARGLOG Joe Rogan t  18.0 pos ' 48.0 551.4 -190.0' spd  17.3 yaw 183 mode 2 st 0 gl 0 hp 100 frg 0
ARGLOG Romero t  18.0 pos '925.3 941.2 -264.0' spd 322.0 yaw 23 mode 2 st 0 gl 0 hp 100 frg 0
ARGLOG Carmack t  18.0 pos '1364.7 1123.5 -238.5' spd  85.0 yaw 104 mode 2 st 5 gl 0 hp 100 frg 0
ARGUS Romero jumpapproach 0 actual 329.6
ARGEVT Romero jump
ARGUS Romero aircontrol
ARGEVT Joe Rogan hazard
ARGUS Joe Rogan wallslide
ARGEVT Joe Rogan jump
ARGLOG Joe Rogan t  18.6 pos ' 48.0 541.3 -165.9' spd  56.1 yaw 178 mode 2 st 0 gl 0 hp 100 frg 0
ARGLOG Romero t  18.6 pos '1016.0 992.1 -214.0' spd 162.6 yaw 21 mode 2 st 0 gl 0 hp 100 frg 0
ARGLOG Carmack t  18.6 pos '1297.9 1239.1 -307.5' spd 333.8 yaw 90 mode 2 st 5 gl 0 hp 100 frg 0
ARGEVT Joe Rogan stall
ARGEVT Joe Rogan stallnode ' 81.0 545.0  24.0'
ARGEVT Joe Rogan route 10 start '-15.0 577.0 -216.0' goal '945.0 993.0 -248.0'
ARGEVT Romero hazard
ARGLOG Joe Rogan t  19.1 pos ' 47.3 619.1 -208.0' spd 337.5 yaw 97 mode 2 st 1 gl 0 hp 100 frg 0
ARGLOG Romero t  19.1 pos '1072.6 986.5 -248.0' spd 241.1 yaw 28 mode 2 st 0 gl 0 hp 100 frg 0
ARGLOG Carmack t  19.1 pos '1288.4 1404.8 -390.4' spd 320.1 yaw 94 mode 2 st 5 gl 0 hp 100 frg 0
ARGUS Romero wallslide
ARGLOG Joe Rogan t  19.6 pos '-99.3 589.9 -224.0' spd 442.1 yaw 67 mode 2 st 1 gl 0 hp 100 frg 0
ARGLOG Romero t  19.6 pos '1087.8 1039.8 -248.0' spd  95.8 yaw 15 mode 2 st 0 gl 0 hp 100 frg 0
ARGLOG Carmack t  19.6 pos '1285.7 1569.6 -408.0' spd 320.6 yaw 138 mode 2 st 5 gl 0 hp 100 frg 0
ARGEVT Joe Rogan hazard
ARGEVT Romero hazard
ARGLOG Joe Rogan t  20.1 pos '-83.9 542.9 -216.0' spd 321.4 yaw 72 mode 2 st 1 gl 0 hp 100 frg 0
ARGLOG Romero t  20.1 pos '1088.0 1067.6 -248.0' spd  40.4 yaw 6 mode 2 st 0 gl 0 hp 100 frg 0
ARGLOG Carmack t  20.1 pos '1234.9 1732.3 -408.0' spd 409.3 yaw 181 mode 2 st 5 gl 0 hp 100 frg 0
ARGUS Romero wallslide
ARGLOG Joe Rogan t  20.6 pos ' 32.0 664.8 -209.8' spd 320.7 yaw 82 mode 2 st 1 gl 0 hp 100 frg 0
ARGLOG Romero t  20.6 pos '1088.0 1007.1 -248.0' spd  88.9 yaw 24 mode 2 st 0 gl 0 hp 100 frg 0
ARGLOG Carmack t  20.6 pos '1064.1 1766.4 -408.0' spd 329.7 yaw 153 mode 2 st 5 gl 0 hp 100 frg 0
ARGEVT Romero hazard
ARGLOG Joe Rogan t  21.1 pos ' 32.2 829.3 -200.0' spd 323.0 yaw 77 mode 2 st 1 gl 0 hp 100 frg 0
ARGLOG Romero t  21.1 pos '1087.7 1006.1 -248.0' spd 127.2 yaw 25 mode 2 st 0 gl 0 hp 100 frg 0
ARGLOG Carmack t  21.1 pos '890.8 1756.8 -408.0' spd 378.2 yaw 105 mode 2 st 5 gl 0 hp 100 frg 0
ARGUS Romero wallslide
ARGLOG Joe Rogan t  21.6 pos ' 66.8 989.4 -200.0' spd 320.0 yaw 60 mode 2 st 1 gl 0 hp 100 frg 0
ARGLOG Romero t  21.6 pos '1088.0 1052.9 -248.0' spd  53.8 yaw 11 mode 2 st 0 gl 0 hp 100 frg 0
ARGLOG Carmack t  21.6 pos '795.5 1900.6 -408.0' spd 326.9 yaw 91 mode 2 st 5 gl 0 hp 100 frg 0
ARGEVT Romero hazard
ARGLOG Joe Rogan t  22.1 pos '111.4 1131.0 -184.0' spd 323.8 yaw 39 mode 2 st 1 gl 0 hp 100 frg 0
ARGLOG Romero t  22.1 pos '1088.0 1062.5 -248.0' spd 146.0 yaw 8 mode 2 st 0 gl 0 hp 100 frg 0
ARGLOG Carmack t  22.1 pos '782.4 2000.0 -408.0' spd   1.8 yaw 89 mode 2 st 5 gl 0 hp 100 frg 0
ARGEVT Joe Rogan jump
ARGEVT Romero stall
ARGEVT Romero stallnode '1201.0 961.0 -256.0'
ARGEVT Romero jump
ARGEVT Romero route 13 start '977.0 993.0 -248.0' goal '817.0 2433.0 -344.0'
ARGLOG Joe Rogan t  22.6 pos '171.6 1277.0 -146.3' spd 337.9 yaw 346 mode 2 st 1 gl 0 hp 100 frg 0
ARGLOG Romero t  22.6 pos '1088.0 1019.3 -206.6' spd  33.6 yaw 203 mode 2 st 1 gl 0 hp 100 frg 0
ARGLOG Carmack t  22.6 pos '782.9 2000.0 -408.0' spd   0.9 yaw 89 mode 2 st 5 gl 0 hp 100 frg 0
ARGEVT Carmack stall
ARGEVT Carmack stallnode '785.0 2145.0 -396.0'
ARGEVT Carmack jump
ARGEVT Carmack route 14 start '817.0 2049.0 -408.0' goal '945.0 2433.0 -112.0'
ARGLOG Joe Rogan t  23.2 pos '250.8 1162.2 -208.9' spd 324.9 yaw 20 mode 2 st 1 gl 0 hp 100 frg 0
ARGLOG Romero t  23.2 pos '1021.4 1008.4 -248.0' spd 322.7 yaw 346 mode 2 st 1 gl 0 hp 100 frg 0
ARGLOG Carmack t  23.2 pos '788.1 2002.6 -371.0' spd  39.7 yaw 90 mode 2 st 6 gl 0 hp 100 frg 0
ARGEVT Joe Rogan goal item_armor2
ARGEVT Joe Rogan route 9 start '241.0 1153.0 -312.0' goal '1297.0 1057.0 -408.0'
ARGEVT Joe Rogan swim
ARGEVT Joe Rogan swim
ARGEVT Joe Rogan swim
ARGLOG Joe Rogan t  23.7 pos '258.7 1118.7 -294.9' spd  61.5 yaw 0 mode 2 st 1 gl 0 hp 100 frg 0
ARGLOG Romero t  23.7 pos '927.9 863.7 -296.0' spd 457.1 yaw 33 mode 2 st 1 gl 0 hp 200 frg 0
ARGLOG Carmack t  23.7 pos '804.2 2023.2 -408.0' spd 162.9 yaw 93 mode 2 st 6 gl 0 hp 100 frg 0
ARGEVT Joe Rogan swim
ARGEVT Romero hazard
ARGEVT Romero swim
ARGEVT Joe Rogan swim
ARGEVT Joe Rogan swim
ARGEVT Joe Rogan swim
ARGEVT Romero abandon
ARGEVT Romero goal item_artifact_envirosuit
ARGEVT Joe Rogan swim
ARGEVT Romero route 13 start '945.0 801.0 -328.0' goal '689.0 2049.0 -376.0'
ARGLOG Joe Rogan t  24.2 pos '295.7 1133.8 -295.5' spd  96.0 yaw 358 mode 2 st 1 gl 0 hp 100 frg 0
ARGLOG Romero t  24.2 pos '992.0 711.1 -307.4' spd 112.6 yaw 100 mode 2 st 1 gl 0 hp 200 frg 0
ARGLOG Carmack t  24.2 pos '789.0 2183.3 -387.4' spd 320.4 yaw 63 mode 2 st 6 gl 0 hp 100 frg 0
ARGEVT Joe Rogan swim
ARGEVT Joe Rogan swim
ARGEVT Joe Rogan swim
ARGEVT Romero swim
ARGEVT Joe Rogan swim
ARGLOG Joe Rogan t  24.7 pos '344.0 1161.2 -295.1' spd  68.8 yaw 350 mode 2 st 1 gl 0 hp 100 frg 0
ARGLOG Romero t  24.7 pos '982.2 726.1 -296.2' spd  87.9 yaw 99 mode 2 st 1 gl 0 hp 200 frg 0
ARGEVT Romero swim
ARGLOG Carmack t  24.7 pos '810.4 2350.6 -348.1' spd 346.2 yaw 8 mode 2 st 6 gl 0 hp 100 frg 0
ARGEVT Joe Rogan swim
ARGEVT Romero swim
ARGEVT Joe Rogan swim
ARGEVT Romero swim
ARGEVT Joe Rogan swim
ARGEVT Romero swim
ARGEVT Joe Rogan swim
ARGEVT Romero swim
ARGLOG Joe Rogan t  25.2 pos '351.5 1200.1 -295.2' spd  93.1 yaw 312 mode 2 st 1 gl 0 hp 100 frg 0
ARGLOG Romero t  25.2 pos '964.8 777.9 -295.1' spd 119.0 yaw 37 mode 2 st 1 gl 0 hp 200 frg 0
ARGLOG Carmack t  25.2 pos '950.9 2449.0 -327.3' spd 343.4 yaw 327 mode 2 st 6 gl 0 hp 100 frg 0
ARGEVT Joe Rogan swim
ARGEVT Romero swim
ARGEVT Joe Rogan swim
ARGEVT Romero swim
ARGEVT Joe Rogan engage Romero
ARGEVT Joe Rogan swim
ARGEVT Romero swim
ARGEVT Joe Rogan swim
ARGEVT Romero swim
ARGEVT Joe Rogan swim
ARGEVT Romero swim
ARGLOG Joe Rogan t  25.7 pos '391.1 1228.2 -295.5' spd 101.7 yaw 342.5 mode 2 st 1 gl 0 hp 100 frg 0
ARGLOG Romero t  25.7 pos '947.2 843.6 -295.5' spd 149.1 yaw 24 mode 2 st 1 gl 0 hp 200 frg 0
ARGLOG Carmack t  25.7 pos '1116.6 2421.6 -288.3' spd 349.0 yaw 284 mode 2 st 6 gl 0 hp 100 frg 0
ARGEVT Joe Rogan swim
ARGEVT Joe Rogan pursue
ARGEVT Romero jump
ARGEVT Joe Rogan swim
ARGEVT Joe Rogan swim
ARGUS Carmack wallslide
ARGEVT Joe Rogan swim
ARGLOG Joe Rogan t  26.2 pos '445.8 1238.0 -295.0' spd 118.3 yaw 321 mode 2 st 1 gl 0 hp 100 frg 0
ARGLOG Romero t  26.2 pos '937.1 986.6 -236.5' spd 321.2 yaw 17 mode 2 st 1 gl 0 hp 200 frg 0
ARGLOG Carmack t  26.2 pos '1156.5 2400.0 -280.0' spd  24.6 yaw 274 mode 2 st 6 gl 0 hp 100 frg 0
ARGEVT Joe Rogan swim
ARGEVT Joe Rogan swim
ARGEVT Joe Rogan swim
ARGEVT Romero hazard
ARGEVT Joe Rogan swim
ARGEVT Joe Rogan swim
ARGLOG Joe Rogan t  26.7 pos '510.4 1232.1 -295.0' spd 136.4 yaw 317 mode 2 st 1 gl 0 hp 100 frg 0
ARGLOG Romero t  26.7 pos '1028.8 1006.8 -248.0' spd 341.1 yaw 19 mode 2 st 1 gl 0 hp 200 frg 0
ARGLOG Carmack t  26.7 pos '1160.3 2400.0 -280.0' spd   5.4 yaw 273 mode 2 st 6 gl 0 hp 100 frg 0
ARGEVT Joe Rogan swim
ARGEVT Joe Rogan swim
ARGUS Romero wallslide
ARGEVT Carmack stall
ARGEVT Carmack stallnode '1169.0 2305.0 -234.0'
ARGEVT Carmack jump
ARGLOG Joe Rogan t  27.2 pos '584.7 1202.2 -304.2' spd 205.1 yaw 314 mode 2 st 1 gl 0 hp 100 frg 0
ARGLOG Romero t  27.2 pos '1088.0 1060.1 -248.0' spd  57.6 yaw 9 mode 2 st 1 gl 0 hp 200 frg 0
ARGLOG Carmack t  27.2 pos '1162.5 2400.0 -268.5' spd   1.6 yaw 260.0 mode 0 st 7 gl 0 hp 100 frg 0
ARGEVT Carmack route 10 start '1137.0 2401.0 -284.0' goal '945.0 2433.0 -112.0'
ARGUS Joe Rogan hunch item_armor2
ARGEVT Joe Rogan goal item_armor2
ARGEVT Joe Rogan route 7 start '561.0 1121.0 -312.0' goal '1297.0 1057.0 -408.0'
ARGEVT Carmack hazard
ARGLOG Joe Rogan t  27.8 pos '641.4 1133.8 -303.9' spd 132.6 yaw 221.8 mode 2 st 1 gl 0 hp 100 frg 0
ARGLOG Romero t  27.8 pos '1087.9 1036.5 -248.0' spd 198.3 yaw 16 mode 2 st 1 gl 0 hp 200 frg 0
ARGLOG Carmack t  27.8 pos '1145.3 2390.0 -253.6' spd  52.7 yaw 276 mode 2 st 7 gl 0 hp 100 frg 0
ARGEVT Romero hazard
ARGEVT Joe Rogan pursue
ARGUS Romero wallslide
ARGLOG Joe Rogan t  28.3 pos '600.2 1041.7 -306.0' spd 237.7 yaw 280.2 mode 2 st 1 gl 0 hp 100 frg 0
ARGLOG Romero t  28.3 pos '1085.0 986.5 -248.0' spd  72.9 yaw 29 mode 2 st 1 gl 0 hp 199 frg 0
ARGLOG Carmack t  28.3 pos '1168.4 2239.1 -218.1' spd 320.6 yaw 225 mode 2 st 7 gl 0 hp 100 frg 0
ARGUS Joe Rogan threatmove range 2
ARGEVT Romero engage Joe Rogan
ARGUS Romero threatmove range 2
ARGLOG Joe Rogan t  28.8 pos '601.4 923.4 -305.5' spd 187.8 yaw  21.1 mode 2 st 1 gl 0 hp 100 frg 0
ARGLOG Romero t  28.8 pos '1053.0 1050.6 -248.0' spd 221.2 yaw 182.5 mode 2 st 1 gl 0 hp 199 frg 0
ARGLOG Carmack t  28.8 pos '1111.7 2068.4 -186.1' spd 401.6 yaw 145 mode 2 st 7 gl 0 hp 100 frg 0
ARGLOG Joe Rogan t  29.3 pos '610.2 953.0 -304.4' spd 163.1 yaw  29.0 mode 2 st 1 gl 0 hp 92 frg 0
ARGLOG Romero t  29.3 pos '947.8 1041.9 -248.0' spd 323.6 yaw 202.0 mode 2 st 1 gl 0 hp 198 frg 0
ARGLOG Carmack t  29.3 pos '945.4 2001.4 -159.8' spd 331.5 yaw 115 mode 2 st 7 gl 0 hp 100 frg 0
ARGEVT Romero route 12 start '881.0 1057.0 -248.0' goal '689.0 2049.0 -376.0'
ARGEVT Joe Rogan pursue
ARGEVT Romero pursue
ARGLOG Joe Rogan t  29.8 pos '604.8 1054.4 -303.9' spd 163.9 yaw 359 mode 2 st 1 gl 0 hp 92 frg 0
ARGLOG Romero t  29.8 pos '840.4 1034.4 -248.0' spd 351.3 yaw 199 mode 2 st 1 gl 0 hp 198 frg 0
ARGLOG Carmack t  29.8 pos '795.9 2086.7 -152.0' spd 372.7 yaw 99 mode 2 st 7 gl 0 hp 100 frg 0
ARGEVT Romero swim
ARGLOG Joe Rogan t  30.3 pos '648.0 1080.0 -306.0' spd  73.2 yaw 286 mode 2 st 1 gl 0 hp 92 frg 0
ARGLOG Romero t  30.3 pos '732.0 906.7 -298.2' spd 319.7 yaw 158 mode 2 st 1 gl 0 hp 197 frg 0
ARGLOG Carmack t  30.3 pos '796.1 2256.1 -114.3' spd 320.1 yaw 44 mode 2 st 7 gl 0 hp 100 frg 0
ARGEVT Carmack jump
ARGEVT Romero swim
ARGEVT Romero swim
ARGEVT Romero swim
ARGEVT Romero swim
ARGLOG Joe Rogan t  30.8 pos '608.1 1037.5 -305.1' spd 177.9 yaw 310.6 mode 2 st 1 gl 0 hp 76 frg 0
ARGLOG Romero t  30.8 pos '719.8 909.1 -295.6' spd 132.9 yaw 121.6 mode 2 st 1 gl 0 hp 188 frg 0
ARGLOG Carmack t  30.8 pos '800.0 2410.3 -72.1' spd  99.2 yaw 7 mode 2 st 7 gl 0 hp 100 frg 0
ARGEVT Romero swim
ARGUS Carmack wallslide
ARGEVT Romero swim
ARGEVT Romero swim
ARGUS Carmack jumpstage 45
ARGUS Carmack jumpcharge 45
ARGLOG Joe Rogan t  31.3 pos '599.6 1043.2 -304.4' spd 124.7 yaw 342.7 mode 2 st 1 gl 0 hp 76 frg 0
ARGLOG Romero t  31.3 pos '769.0 953.6 -312.0' spd 191.3 yaw 158.5 mode 2 st 1 gl 0 hp 160 frg 0
ARGLOG Carmack t  31.3 pos '774.1 2319.8 -99.3' spd 172.1 yaw 33 mode 2 st 7 gl 0 hp 100 frg 0
ARGEVT Romero swim
ARGEVT Carmack jump
ARGLOG Joe Rogan t  31.8 pos '626.4 1092.2 -303.8' spd  42.8 yaw 298.6 mode 2 st 1 gl 0 hp 72 frg 0
ARGLOG Romero t  31.8 pos '687.0 913.0 -305.1' spd 118.6 yaw 116.7 mode 2 st 1 gl 0 hp 160 frg 0
ARGLOG Carmack t  31.8 pos '788.4 2284.0 -66.1' spd 103.6 yaw 43 mode 2 st 7 gl 0 hp 100 frg 0
ARGEVT Romero swim
ARGUS Joe Rogan threatmove retreat 2
ARGEVT Joe Rogan retreat
ARGEVT Romero swim
ARGLOG Joe Rogan t  32.4 pos '547.5 1116.7 -305.9' spd 351.3 yaw 282.6 mode 2 st 1 gl 0 hp 28 frg 0
ARGLOG Romero t  32.4 pos '633.1 963.0 -295.2' spd 149.8 yaw 113.1 mode 2 st 1 gl 0 hp 159 frg 0
ARGLOG Carmack t  32.4 pos '793.2 2335.1 -95.7' spd 302.0 yaw 163.1 mode 2 st 7 gl 0 hp 100 frg 0
ARGEVT Romero swim
ARGEVT Carmack hazard
ARGUS Carmack wallslide
ARGEVT Romero swim
ARGEVT Romero swim
ARGEVT Romero swim
ARGEVT Joe Rogan route 8 start '401.0 1217.0 -312.0' goal '1297.0 1057.0 -408.0'
ARGEVT Romero swim
ARGLOG Joe Rogan t  32.9 pos '450.3 1250.6 -297.3' spd 284.1 yaw 314.3 mode 2 st 1 gl 0 hp 28 frg 0
ARGLOG Romero t  32.9 pos '614.8 1038.3 -295.2' spd 157.1 yaw 124.9 mode 2 st 1 gl 0 hp 159 frg 0
ARGLOG Carmack t  32.9 pos '814.3 2378.5 -88.0' spd 320.0 yaw 22 mode 2 st 7 gl 0 hp 100 frg 0
ARGEVT Romero route 15 start '561.0 1121.0 -312.0' goal '689.0 2049.0 -376.0'
ARGEVT Joe Rogan swim
ARGEVT Joe Rogan death Romero pos '436.3 1251.2 -296.1'
ARGUS Romero watch spawn
ARGEVT Romero swim
ARGEVT Romero goal item_armor2
ARGEVT Romero route 7 start '561.0 1121.0 -312.0' goal '1297.0 1057.0 -408.0'
ARGEVT Romero swim
ARGLOG Romero t  33.4 pos '605.1 1097.8 -303.8' spd 136.3 yaw 297 mode 2 st 1 gl 0 hp 140 frg 1
ARGLOG Carmack t  33.4 pos '876.8 2466.2 -88.0' spd 185.7 yaw 335 mode 2 st 7 gl 0 hp 100 frg 0
ARGEVT Carmack hazard
ARGUS Carmack wallslide
ARGLOG Romero t  33.9 pos '548.7 1105.1 -305.6' spd 136.2 yaw 309 mode 2 st 1 gl 0 hp 140 frg 1
ARGLOG Carmack t  33.9 pos '872.7 2456.7 -88.0' spd  34.2 yaw 342 mode 2 st 7 gl 0 hp 100 frg 0
ARGLOG Romero t  34.4 pos '540.8 1017.8 -304.9' spd 200.4 yaw 346 mode 2 st 1 gl 0 hp 139 frg 1
ARGLOG Carmack t  34.4 pos '864.0 2442.5 -88.0' spd   5.4 yaw 354 mode 2 st 7 gl 0 hp 100 frg 0
ARGEVT Joe Rogan respawn
ARGEVT Joe Rogan goal weapon_rocketlauncher
ARGLOG Joe Rogan t  34.6 pos '528.0 1888.0 -168.0' spd 0 yaw 174.9 mode 0 st 1 gl 0 hp 100 frg 0
ARGEVT Joe Rogan route 15 start '465.0 1921.0 -168.0' goal '145.0 2337.0  40.0'
ARGLOG Romero t  34.9 pos '608.5 973.4 -303.7' spd 123.7 yaw 100 mode 2 st 1 gl 0 hp 139 frg 1
ARGLOG Carmack t  34.9 pos '864.0 2440.1 -88.0' spd   4.5 yaw 355 mode 2 st 7 gl 0 hp 100 frg 0
ARGEVT Carmack stall
ARGEVT Carmack stallnode '945.0 2433.0 -112.0'
ARGEVT Carmack jump
ARGEVT Carmack route 4 start '817.0 2497.0 -88.0' goal '945.0 2433.0 -112.0'
ARGLOG Joe Rogan t  35.1 pos '381.2 1911.3 -168.0' spd 325.4 yaw 163 mode 2 st 1 gl 0 hp 100 frg 0
ARGLOG Romero t  35.4 pos '629.0 1044.3 -305.7' spd 200.0 yaw 336 mode 2 st 1 gl 0 hp 138 frg 1
ARGLOG Carmack t  35.4 pos '864.0 2424.4 -46.1' spd  45.0 yaw 219 mode 2 st 8 gl 0 hp 100 frg 0
ARGLOG Joe Rogan t  35.6 pos '219.2 1905.0 -184.0' spd 347.6 yaw 164 mode 2 st 1 gl 0 hp 100 frg 0
ARGLOG Romero t  35.9 pos '648.0 1099.1 -304.8' spd  33.3 yaw 324 mode 2 st 1 gl 0 hp 138 frg 1
ARGLOG Carmack t  35.9 pos '846.7 2352.7 -91.6' spd 320.2 yaw 190 mode 2 st 8 gl 0 hp 100 frg 0
ARGLOG Joe Rogan t  36.1 pos ' 62.2 1965.4 -184.0' spd 326.6 yaw 130 mode 2 st 1 gl 0 hp 100 frg 0
ARGEVT Carmack hazard
ARGLOG Romero t  36.4 pos '648.0 1030.7 -304.2' spd 197.3 yaw 337 mode 2 st 1 gl 0 hp 137 frg 1
ARGLOG Carmack t  36.4 pos '768.0 2210.4 -125.1' spd  75.3 yaw 46 mode 2 st 8 gl 0 hp 100 frg 0
ARGLOG Joe Rogan t  36.6 pos '-92.4 2010.9 -168.0' spd 321.2 yaw 106 mode 2 st 1 gl 0 hp 100 frg 0
ARGEVT Carmack jump
ARGUS Carmack jumpstage 45
ARGUS Carmack jumpcharge 45
ARGEVT Carmack abandon
ARGEVT Carmack goal item_spikes
ARGEVT Carmack route 19 start '753.0 2337.0 -71.0' goal '209.0 2337.0  40.0'
ARGLOG Romero t  37.0 pos '673.0 922.9 -298.0' spd 216.9 yaw 7 mode 2 st 1 gl 0 hp 137 frg 1
ARGLOG Carmack t  37.0 pos '768.0 2347.7 -71.2' spd 324.2 yaw 267 mode 2 st 8 gl 0 hp 100 frg 0
ARGLOG Joe Rogan t  37.1 pos '-210.3 2139.5 -136.0' spd 355.2 yaw 117 mode 2 st 1 gl 0 hp 100 frg 0
ARGEVT Romero swim
ARGEVT Romero swim
ARGEVT Joe Rogan route 11 start '-207.0 2113.0 -136.0' goal '145.0 2337.0  40.0'
ARGEVT Romero swim
ARGEVT Romero swim
ARGLOG Romero t  37.5 pos '753.7 912.7 -295.2' spd 169.0 yaw 14 mode 2 st 1 gl 0 hp 136 frg 1
ARGLOG Carmack t  37.5 pos '800.5 2310.9 -101.4' spd 365.2 yaw 257 mode 2 st 8 gl 0 hp 100 frg 0
ARGEVT Romero swim
ARGLOG Joe Rogan t  37.6 pos '-174.2 2312.0 -136.0' spd 336.9 yaw 135 mode 2 st 1 gl 0 hp 100 frg 0
ARGEVT Joe Rogan hazard
ARGUS Joe Rogan wallslide
ARGEVT Romero swim
ARGEVT Romero swim
ARGLOG Romero t  38.0 pos '853.5 920.9 -280.0' spd 323.4 yaw 6 mode 2 st 1 gl 0 hp 136 frg 1
ARGLOG Carmack t  38.0 pos '776.8 2143.0 -140.9' spd 332.9 yaw 216 mode 2 st 8 gl 0 hp 100 frg 0
ARGLOG Joe Rogan t  38.1 pos '-234.9 2339.3 -136.0' spd 306.1 yaw 131 mode 2 st 1 gl 0 hp 100 frg 0
ARGUS Romero jumpapproach 0 actual 329.2
ARGEVT Romero jump
ARGUS Romero aircontrol
ARGLOG Romero t  38.5 pos '998.9 957.9 -205.5' spd 162.4 yaw 341 mode 2 st 1 gl 0 hp 135 frg 1
ARGLOG Carmack t  38.5 pos '768.0 2096.0 -152.0' spd 0 yaw 211 mode 2 st 8 gl 0 hp 100 frg 0
ARGLOG Joe Rogan t  38.6 pos '-295.3 2499.8 -120.0' spd 342.8 yaw 140 mode 2 st 1 gl 0 hp 100 frg 0
ARGLOG Romero t  39.0 pos '1057.1 1025.1 -248.0' spd 326.9 yaw 312 mode 2 st 1 gl 0 hp 135 frg 1
ARGLOG Carmack t  39.0 pos '768.0 2096.0 -152.0' spd 0 yaw 211 mode 2 st 8 gl 0 hp 100 frg 0
ARGEVT Romero hazard
ARGLOG Joe Rogan t  39.1 pos '-424.2 2605.4 -104.0' spd 320.1 yaw 186 mode 2 st 1 gl 0 hp 100 frg 0
ARGEVT Carmack stall
ARGEVT Carmack stallnode '593.0 1953.0 -104.0'
ARGEVT Carmack jump
ARGEVT Carmack route 17 start '753.0 2113.0 -124.0' goal '209.0 2337.0  40.0'
ARGUS Romero wallslide
ARGEVT Joe Rogan lift
ARGEVT Joe Rogan board
ARGLOG Romero t  39.5 pos '1087.8 1064.0 -248.0' spd 140.2 yaw 296 mode 2 st 1 gl 0 hp 134 frg 1
ARGLOG Carmack t  39.5 pos '764.4 2094.6 -111.0' spd  31.6 yaw 211 mode 2 st 9 gl 0 hp 100 frg 0
ARGLOG Joe Rogan t  39.7 pos '-530.5 2697.3 -65.5' spd 0 yaw 272 mode 2 st 1 gl 0 hp 100 frg 0
ARGEVT Carmack hazard
ARGUS Carmack jumpapproach 0 actual 293.6
ARGEVT Carmack jump
ARGUS Carmack aircontrol
ARGLOG Romero t  40.0 pos '1087.8 997.1 -248.0' spd  62.2 yaw 310 mode 2 st 1 gl 0 hp 134 frg 1
ARGLOG Carmack t  40.0 pos '720.4 2058.4 -103.8' spd 293.6 yaw 209 mode 2 st 9 gl 0 hp 100 frg 0
ARGEVT Romero hazard
ARGLOG Joe Rogan t  40.2 pos '-530.5 2697.3  10.8' spd 0 yaw 272 mode 2 st 1 gl 0 hp 100 frg 0
ARGUS Romero wallslide
ARGLOG Romero t  40.5 pos '1088.0 1044.6 -248.0' spd  81.8 yaw 299 mode 2 st 1 gl 0 hp 133 frg 1
ARGLOG Carmack t  40.5 pos '672.0 1962.5 -119.2' spd 188.8 yaw 192 mode 2 st 9 gl 0 hp 100 frg 0
ARGLOG Joe Rogan t  40.7 pos '-521.2 2545.8  56.0' spd 332.8 yaw 324 mode 2 st 1 gl 0 hp 100 frg 0
ARGLOG Romero t  41.1 pos '1087.9 1044.7 -248.0' spd 208.2 yaw 299 mode 2 st 1 gl 0 hp 133 frg 1
ARGLOG Carmack t  41.1 pos '672.0 1926.5 -360.3' spd  48.0 yaw 182 mode 2 st 9 gl 0 hp 100 frg 0
ARGEVT Romero hazard
ARGLOG Joe Rogan t  41.2 pos '-432.3 2416.0  35.6' spd 219.0 yaw 358 mode 2 st 1 gl 0 hp 100 frg 0
ARGEVT Carmack swim
ARGUS Romero wallslide
ARGLOG Romero t  41.6 pos '1087.5 1008.6 -248.0' spd 183.3 yaw 307 mode 2 st 1 gl 0 hp 132 frg 1
ARGLOG Carmack t  41.6 pos '672.0 1936.0 -461.1' spd 0 yaw 185 mode 2 st 9 gl 0 hp 100 frg 0
ARGLOG Joe Rogan t  41.7 pos '-398.3 2413.3 -136.0' spd 0 yaw 358 mode 2 st 1 gl 0 hp 100 frg 0
ARGEVT Carmack swim
ARGEVT Carmack swim
ARGEVT Carmack swim
ARGLOG Romero t  42.1 pos '1088.0 1057.6 -248.0' spd  49.8 yaw 297 mode 2 st 1 gl 0 hp 132 frg 1
ARGEVT Romero hazard
ARGLOG Carmack t  42.1 pos '672.0 1936.0 -455.3' spd 0 yaw 185 mode 2 st 9 gl 0 hp 100 frg 0
ARGEVT Carmack swim
ARGLOG Joe Rogan t  42.2 pos '-398.3 2413.3 -136.0' spd 0 yaw 358 mode 2 st 1 gl 0 hp 100 frg 0
ARGEVT Carmack swim
ARGEVT Carmack swim
ARGEVT Carmack swim
ARGUS Romero wallslide
ARGEVT Carmack swim
ARGLOG Romero t  42.6 pos '1088.0 1037.9 -248.0' spd 200.5 yaw 300 mode 2 st 1 gl 0 hp 131 frg 1
ARGLOG Carmack t  42.6 pos '672.0 1936.0 -455.4' spd 0 yaw 185 mode 2 st 9 gl 0 hp 100 frg 0
ARGEVT Carmack swim
ARGLOG Joe Rogan t  42.7 pos '-398.3 2413.3 -136.0' spd 0 yaw 358 mode 2 st 1 gl 0 hp 100 frg 0
ARGEVT Carmack swim
ARGEVT Carmack stall
ARGEVT Carmack stallnode '593.0 1953.0 -104.0'
ARGEVT Carmack swim
ARGEVT Carmack swim
ARGEVT Carmack route 27 start '689.0 1985.0 -376.0' goal '209.0 2337.0  40.0'
ARGUS Carmack aircontrol
ARGEVT Romero hazard
ARGLOG Romero t  43.1 pos '1086.0 987.2 -248.0' spd 123.7 yaw 313 mode 2 st 1 gl 0 hp 131 frg 1
ARGLOG Carmack t  43.1 pos '672.5 1936.0 -456.0' spd  18.5 yaw 342 mode 2 st 10 gl 0 hp 100 frg 0
ARGEVT Carmack swim
ARGLOG Joe Rogan t  43.2 pos '-398.3 2413.3 -136.0' spd 0 yaw 358 mode 2 st 1 gl 0 hp 100 frg 0
ARGEVT Carmack swim
ARGEVT Carmack swim
ARGEVT Carmack swim
ARGUS Romero wallslide
ARGEVT Carmack swim
ARGLOG Romero t  43.6 pos '1088.0 1034.2 -248.0' spd  89.7 yaw 301 mode 2 st 1 gl 0 hp 130 frg 1
ARGLOG Carmack t  43.6 pos '688.0 1936.0 -455.4' spd 0 yaw 340 mode 2 st 10 gl 0 hp 100 frg 0
ARGEVT Carmack swim
ARGLOG Joe Rogan t  43.7 pos '-398.3 2413.3 -136.0' spd 0 yaw 358 mode 2 st 1 gl 0 hp 100 frg 0
ARGEVT Carmack swim
ARGEVT Carmack swim
ARGEVT Carmack swim
ARGEVT Romero hazard
ARGUS Carmack aircontrol
ARGLOG Romero t  44.1 pos '1088.0 1065.8 -248.0' spd  46.4 yaw 296 mode 2 st 1 gl 0 hp 130 frg 1
ARGLOG Carmack t  44.1 pos '688.0 1936.0 -456.3' spd 0 yaw 340 mode 2 st 10 gl 0 hp 100 frg 0
ARGEVT Carmack swim
ARGEVT Carmack stall
ARGEVT Carmack stallnode '689.0 1985.0 -376.0'
ARGLOG Joe Rogan t  44.2 pos '-398.3 2413.3 -136.0' spd 0 yaw 358 mode 2 st 1 gl 0 hp 100 frg 0
ARGEVT Carmack swim
ARGUS routecache adopt
ARGEVT Carmack route 27 start '689.0 1985.0 -376.0' goal '209.0 2337.0  40.0'
ARGEVT Carmack swim
ARGEVT Carmack swim
ARGEVT Carmack swim
ARGUS Romero wallslide
ARGLOG Romero t  44.7 pos '1088.0 1016.0 -248.0' spd 124.1 yaw 305 mode 2 st 1 gl 0 hp 129 frg 1
ARGLOG Carmack t  44.7 pos '688.0 1936.0 -455.1' spd 0 yaw 340 mode 2 st 11 gl 0 hp 100 frg 0
ARGEVT Carmack swim
ARGLOG Joe Rogan t  44.8 pos '-358.2 2394.6 -136.0' spd 247.7 yaw 1 mode 2 st 1 gl 0 hp 100 frg 0
ARGEVT Carmack swim
ARGEVT Carmack swim
ARGEVT Carmack stall
ARGEVT Carmack stallnode '689.0 1985.0 -376.0'
ARGEVT Carmack swim
ARGEVT Carmack goal item_spikes
ARGEVT Carmack route 8 start '689.0 1985.0 -376.0' goal '1265.0 1089.0 -256.0'
ARGEVT Romero hazard
ARGUS Carmack aircontrol
ARGEVT Carmack swim
ARGLOG Romero t  45.2 pos '1085.3 991.2 -248.0' spd  90.0 yaw 312 mode 2 st 1 gl 0 hp 129 frg 1
ARGLOG Carmack t  45.2 pos '688.0 1936.0 -455.6' spd 0 yaw 340 mode 2 st 12 gl 0 hp 100 frg 0
ARGEVT Carmack swim
ARGLOG Joe Rogan t  45.3 pos '-358.2 2394.6 -136.0' spd 0 yaw 1 mode 2 st 1 gl 0 hp 100 frg 0
ARGEVT Carmack swim
ARGEVT Carmack swim
ARGEVT Carmack swim
ARGUS Romero wallslide
ARGEVT Carmack stall
ARGEVT Carmack stallnode '689.0 1985.0 -376.0'
ARGLOG Romero t  45.7 pos '1088.0 1043.5 -248.0' spd  79.3 yaw 299 mode 2 st 1 gl 0 hp 128 frg 1
ARGLOG Carmack t  45.7 pos '688.0 1936.0 -454.9' spd 0 yaw  82.9 mode 0 st 13 gl 0 hp 100 frg 0
ARGUS routecache adopt
ARGEVT Carmack route 8 start '689.0 1985.0 -376.0' goal '1265.0 1089.0 -256.0'
ARGEVT Carmack swim
ARGLOG Joe Rogan t  45.8 pos '-358.2 2394.6 -136.0' spd 0 yaw 1 mode 2 st 1 gl 0 hp 100 frg 0
ARGEVT Carmack swim
ARGEVT Carmack swim
ARGEVT Carmack swim
ARGEVT Romero hazard
ARGUS Carmack aircontrol
ARGEVT Carmack swim
ARGLOG Romero t  46.2 pos '1088.0 1070.5 -248.0' spd  41.5 yaw 296 mode 2 st 1 gl 0 hp 127 frg 1
ARGLOG Carmack t  46.2 pos '688.0 1936.0 -455.1' spd 0 yaw 340 mode 2 st 13 gl 0 hp 100 frg 0
ARGEVT Carmack swim
ARGLOG Joe Rogan t  46.3 pos '-358.2 2394.6 -136.0' spd 0 yaw 1 mode 2 st 1 gl 0 hp 100 frg 0
ARGEVT Carmack stall
ARGEVT Carmack stallnode '689.0 1985.0 -376.0'
ARGEVT Carmack swim
ARGEVT Carmack goal weapon_grenadelauncher
ARGEVT Carmack route 11 start '689.0 1985.0 -376.0' goal '1201.0 1057.0 -408.0'
ARGEVT Carmack swim
ARGUS Romero wallslide
ARGEVT Carmack swim
ARGLOG Romero t  46.7 pos '1087.5 1006.2 -248.0' spd  83.4 yaw 307 mode 2 st 1 gl 0 hp 127 frg 1
ARGLOG Carmack t  46.7 pos '679.3 1936.0 -455.0' spd   1.8 yaw 342 mode 2 st 14 gl 0 hp 100 frg 0
ARGEVT Carmack swim
ARGLOG Joe Rogan t  46.8 pos '-358.2 2394.6 -136.0' spd 0 yaw 1 mode 2 st 1 gl 0 hp 100 frg 0
ARGEVT Carmack swim
ARGEVT Carmack swim
ARGEVT Carmack stall
ARGEVT Carmack stallnode '689.0 1985.0 -376.0'
ARGEVT Carmack swim
ARGUS routecache adopt
ARGEVT Carmack route 11 start '689.0 1985.0 -376.0' goal '1201.0 1057.0 -408.0'
ARGEVT Romero hazard
ARGUS Carmack aircontrol
ARGEVT Carmack swim
ARGLOG Romero t  47.2 pos '1087.7 1004.9 -248.0' spd 131.2 yaw 308 mode 2 st 1 gl 0 hp 126 frg 1
ARGLOG Carmack t  47.2 pos '688.0 1936.0 -455.5' spd   0.3 yaw 340 mode 2 st 15 gl 0 hp 100 frg 0
ARGUS Carmack unstick pinned '689.0 1985.0 -376.0'
ARGLOG Joe Rogan t  47.3 pos '-358.2 2394.6 -136.0' spd 0 yaw 1 mode 2 st 1 gl 0 hp 100 frg 0
ARGEVT Joe Rogan abandon
ARGUS Romero wallslide
ARGEVT Joe Rogan goal weapon_supernailgun
ARGEVT Joe Rogan route 26 start '-303.0 2465.0 -136.0' goal '817.0 2433.0 -344.0'
ARGLOG Romero t  47.7 pos '1088.0 1052.0 -248.0' spd  57.1 yaw 298 mode 2 st 1 gl 0 hp 126 frg 1
ARGLOG Carmack t  47.7 pos '720.0 2082.1 -405.7' spd  90.7 yaw 308.8 mode 0 st 15 gl 0 hp 100 frg 0
ARGUS Carmack wallslide
ARGLOG Joe Rogan t  47.8 pos '-285.6 2451.8 -136.0' spd 382.3 yaw 276 mode 2 st 1 gl 0 hp 100 frg 0
ARGEVT Romero hazard
ARGLOG Romero t  48.2 pos '1088.0 1066.6 -248.0' spd 114.8 yaw 296 mode 2 st 1 gl 0 hp 125 frg 1
ARGLOG Carmack t  48.2 pos '728.6 1984.0 -408.0' spd 124.0 yaw 298 mode 0 st 15 gl 0 hp 100 frg 0
ARGUS Joe Rogan wallslide
ARGEVT Joe Rogan hazard
ARGLOG Joe Rogan t  48.3 pos '-165.9 2388.7 -136.0' spd 134.2 yaw 260 mode 2 st 1 gl 0 hp 100 frg 0
ARGUS Romero wallslide
ARGLOG Romero t  48.7 pos '1087.3 999.5 -248.0' spd  59.8 yaw 309 mode 2 st 1 gl 0 hp 125 frg 1
ARGLOG Carmack t  48.7 pos '826.5 1872.9 -408.0' spd 320.8 yaw 296 mode 0 st 15 gl 0 hp 100 frg 0
ARGLOG Joe Rogan t  48.9 pos '-168.0 2384.0 -136.0' spd 0 yaw 260 mode 2 st 1 gl 0 hp 100 frg 0
ARGEVT Romero hazard
ARGEVT Romero stall
ARGEVT Romero stallnode '1201.0 961.0 -256.0'
ARGEVT Romero jump
ARGLOG Romero t  49.3 pos '1087.7 1014.9 -236.7' spd 139.9 yaw  26.7 mode 0 st 2 gl 0 hp 124 frg 1
ARGLOG Carmack t  49.3 pos '902.6 1727.7 -408.0' spd 323.2 yaw 309.7 mode 0 st 15 gl 0 hp 100 frg 0
ARGEVT Carmack hazard
ARGEVT Joe Rogan hazard
ARGEVT Romero route 4 start '977.0 993.0 -248.0' goal '1297.0 1057.0 -408.0'
ARGEVT Joe Rogan stall
ARGEVT Joe Rogan stallnode '-303.0 2145.0 -136.0'
ARGLOG Joe Rogan t  49.4 pos '-168.7 2384.0 -130.0' spd   2.8 yaw 497.3 mode 0 st 2 gl 0 hp 100 frg 0
ARGUS Joe Rogan wallslide
ARGEVT Joe Rogan route 27 start '-175.0 2497.0 -120.0' goal '817.0 2433.0 -344.0'
ARGLOG Romero t  49.8 pos '1084.8 1072.0 -226.1' spd  30.7 yaw 219 mode 2 st 2 gl 0 hp 124 frg 1
ARGLOG Carmack t  49.8 pos '1066.2 1706.6 -397.1' spd 322.0 yaw   5.2 mode 0 st 15 gl 0 hp 100 frg 0
ARGLOG Joe Rogan t  49.9 pos '-144.4 2438.3 -136.0' spd 286.2 yaw 271 mode 2 st 2 gl 0 hp 100 frg 0
ARGLOG Romero t  50.3 pos '991.0 1001.7 -248.0' spd 320.2 yaw 350 mode 2 st 2 gl 0 hp 123 frg 1
ARGLOG Carmack t  50.3 pos '1229.9 1734.1 -408.0' spd 320.2 yaw  13.0 mode 0 st 15 gl 0 hp 100 frg 0
ARGLOG Joe Rogan t  50.4 pos '-144.0 2437.7 -128.6' spd 291.1 yaw 271 mode 2 st 2 gl 0 hp 100 frg 0
ARGEVT Carmack hazard
ARGEVT Romero hazard
ARGLOG Romero t  50.8 pos '969.2 828.4 -312.0' spd 471.3 yaw 18 mode 2 st 2 gl 0 hp 123 frg 1
ARGLOG Carmack t  50.8 pos '1348.9 1754.6 -408.0' spd 198.3 yaw 260 mode 0 st 15 gl 0 hp 100 frg 0
ARGEVT Romero swim
ARGLOG Joe Rogan t  50.9 pos '-153.5 2278.8 -136.0' spd 321.1 yaw 304 mode 2 st 2 gl 0 hp 100 frg 0
ARGLOG Romero t  51.3 pos '992.0 735.9 -303.3' spd  13.3 yaw 42 mode 2 st 2 gl 0 hp 122 frg 1
ARGLOG Carmack t  51.3 pos '1323.5 1594.1 -408.0' spd 320.0 yaw 260 mode 0 st 15 gl 0 hp 100 frg 0
ARGLOG Joe Rogan t  51.4 pos '-147.6 2114.6 -136.0' spd 320.1 yaw 330 mode 2 st 2 gl 0 hp 100 frg 0
ARGEVT Romero swim
ARGEVT Romero swim
ARGLOG Romero t  51.8 pos '992.0 763.8 -296.2' spd  73.2 yaw 36 mode 2 st 2 gl 0 hp 122 frg 1
ARGEVT Romero swim
ARGLOG Carmack t  51.8 pos '1295.1 1432.1 -404.0' spd 320.0 yaw 259 mode 0 st 15 gl 0 hp 100 frg 0
ARGLOG Joe Rogan t  51.9 pos '-45.8 1980.3 -184.0' spd 321.8 yaw 295 mode 2 st 2 gl 0 hp 100 frg 0
ARGEVT Romero swim
ARGEVT Romero swim
ARGEVT Romero swim
ARGEVT Romero swim
ARGLOG Romero t  52.3 pos '992.0 805.9 -295.0' spd  91.2 yaw 27 mode 2 st 2 gl 0 hp 121 frg 1
ARGLOG Carmack t  52.3 pos '1266.5 1274.4 -325.1' spd 320.0 yaw 258 mode 0 st 15 gl 0 hp 100 frg 0
ARGEVT Romero swim
ARGLOG Joe Rogan t  52.4 pos '101.8 1907.2 -184.0' spd 320.2 yaw 333.2 mode 2 st 2 gl 0 hp 100 frg 0
ARGEVT Romero swim
ARGEVT Romero swim
ARGEVT Joe Rogan hazard
ARGEVT Romero swim
ARGEVT Carmack hazard
ARGUS Romero wallslide
ARGLOG Romero t  52.8 pos '992.0 855.3 -296.0' spd 115.9 yaw 13 mode 2 st 2 gl 0 hp 121 frg 1
ARGLOG Carmack t  52.8 pos '1250.0 1168.0 -272.0' spd  17.3 yaw 256.0 mode 0 st 15 gl 0 hp 100 frg 0
ARGLOG Joe Rogan t  52.9 pos '166.7 1765.8 -184.0' spd 320.5 yaw 251 mode 2 st 2 gl 0 hp 100 frg 0
ARGEVT Romero abandon
ARGEVT Romero goal weapon_grenadelauncher
ARGEVT Romero route 3 start '945.0 961.0 -248.0' goal '1201.0 1057.0 -408.0'
ARGLOG Romero t  53.3 pos '993.6 947.2 -248.0' spd 113.2 yaw 3 mode 2 st 2 gl 0 hp 120 frg 1
ARGLOG Carmack t  53.3 pos '1247.2 1168.0 -272.0' spd  16.8 yaw 257 mode 0 st 15 gl 0 hp 100 frg 0
ARGLOG Joe Rogan t  53.4 pos '145.2 1605.5 -200.0' spd 325.6 yaw 297 mode 2 st 2 gl 0 hp 100 frg 0
ARGEVT Carmack stall
ARGEVT Carmack jump
ARGEVT Carmack route 3 start '1265.0 1089.0 -256.0' goal '1201.0 1057.0 -408.0'
ARGLOG Romero t  53.8 pos '973.5 1064.7 -248.0' spd 340.9 yaw 336 mode 2 st 2 gl 0 hp 120 frg 1
ARGLOG Carmack t  53.8 pos '1235.8 1168.0 -230.6' spd  32.8 yaw 261 mode 2 st 16 gl 0 hp 100 frg 0
ARGLOG Joe Rogan t  53.9 pos ' 91.2 1442.1 -200.0' spd 406.6 yaw 294 mode 2 st 2 gl 0 hp 100 frg 0
ARGEVT Carmack stall
ARGEVT Carmack stallnode '1201.0 961.0 -256.0'
ARGEVT Carmack jump
ARGEVT Carmack goal item_armor2
ARGEVT Carmack route 3 start '1265.0 1089.0 -256.0' goal '1297.0 1057.0 -408.0'
ARGUS Joe Rogan wallslide
ARGLOG Romero t  54.4 pos '901.6 908.7 -280.0' spd 484.8 yaw 9 mode 2 st 2 gl 0 hp 119 frg 1
ARGEVT Romero jump
ARGLOG Carmack t  54.4 pos '1250.4 1174.5 -235.4' spd  41.7 yaw 254 mode 2 st 17 gl 0 hp 100 frg 0
ARGLOG Joe Rogan t  54.5 pos '176.0 1327.0 -184.0' spd  25.5 yaw 271 mode 2 st 2 gl 0 hp 100 frg 0
ARGLOG Romero t  54.9 pos '991.7 851.1 -249.5' spd  31.9 yaw 27 mode 2 st 2 gl 0 hp 119 frg 1
ARGLOG Carmack t  54.9 pos '1281.1 1181.6 -278.8' spd  62.5 yaw 249 mode 2 st 17 gl 0 hp 100 frg 0
ARGLOG Joe Rogan t  55.0 pos '176.0 1336.8 -184.0' spd   5.9 yaw 271 mode 2 st 2 gl 0 hp 100 frg 0
ARGEVT Joe Rogan stall
ARGEVT Joe Rogan stallnode '273.0 1345.0 -200.0'
ARGEVT Joe Rogan jump
ARGEVT Romero jump
ARGEVT Joe Rogan route 19 start '177.0 1281.0 -160.0' goal '817.0 2433.0 -344.0'
ARGLOG Romero t  55.4 pos '960.1 933.3 -250.7' spd 320.1 yaw 351 mode 2 st 2 gl 0 hp 118 frg 1
ARGLOG Carmack t  55.4 pos '1239.2 1041.4 -256.0' spd 320.6 yaw 245 mode 2 st 17 gl 0 hp 100 frg 0
ARGLOG Joe Rogan t  55.5 pos '180.4 1356.3 -144.0' spd 121.3 yaw 328 mode 2 st 3 gl 0 hp 100 frg 0
ARGEVT Carmack hazard
ARGLOG Romero t  55.9 pos '974.2 1072.5 -248.0' spd 375.1 yaw 318 mode 2 st 2 gl 0 hp 118 frg 1
ARGLOG Carmack t  55.9 pos '1210.3 888.4 -256.0' spd 292.0 yaw 181.2 mode 2 st 17 gl 0 hp 100 frg 0
ARGEVT Romero hazard
ARGLOG Joe Rogan t  56.0 pos '321.8 1256.1 -196.6' spd 388.7 yaw 334 mode 2 st 3 gl 0 hp 100 frg 0
ARGEVT Joe Rogan swim
ARGUS Romero wallslide
ARGLOG Romero t  56.4 pos '1087.0 1040.5 -248.0' spd 315.8 yaw 300 mode 2 st 2 gl 0 hp 117 frg 1
ARGLOG Carmack t  56.4 pos '1217.2 993.8 -256.0' spd 366.2 yaw 38 mode 2 st 17 gl 0 hp 100 frg 0
ARGLOG Joe Rogan t  56.5 pos '221.8 1118.5 -295.2' spd 285.8 yaw 28 mode 2 st 3 gl 0 hp 100 frg 0
ARGEVT Joe Rogan swim
ARGEVT Joe Rogan swim
ARGEVT Joe Rogan swim
ARGEVT Joe Rogan swim
ARGLOG Romero t  56.9 pos '1087.9 1048.2 -248.0' spd 196.2 yaw 299 mode 2 st 2 gl 0 hp 117 frg 1
ARGLOG Carmack t  56.9 pos '1384.0 1043.8 -256.0' spd 472.4 yaw 262.1 mode 1 st 17 gl 0 hp 100 frg 0
ARGEVT Joe Rogan swim
ARGLOG Joe Rogan t  57.0 pos ' 92.3 1158.9 -295.0' spd 269.5 yaw 10 mode 2 st 3 gl 0 hp 100 frg 0
ARGEVT Joe Rogan swim
ARGEVT Romero hazard
ARGEVT Joe Rogan swim
ARGEVT Joe Rogan swim
ARGEVT Joe Rogan swim
ARGLOG Romero t  57.4 pos '1087.5 991.4 -248.0' spd 102.4 yaw 311 mode 2 st 2 gl 0 hp 116 frg 1
ARGLOG Carmack t  57.4 pos '1280.7 903.4 -256.0' spd 477.4 yaw  98.0 mode 1 st 17 gl 0 hp 100 frg 0
ARGEVT Joe Rogan swim
ARGLOG Joe Rogan t  57.5 pos ' 71.9 1286.6 -295.5' spd 255.2 yaw 342 mode 2 st 3 gl 0 hp 100 frg 0
ARGUS Joe Rogan wallslide
ARGUS Romero wallslide
ARGLOG Romero t  57.9 pos '1087.9 1030.8 -248.0' spd  92.0 yaw 302 mode 2 st 2 gl 0 hp 116 frg 1
ARGLOG Carmack t  57.9 pos '1320.2 1078.7 -256.0' spd 483.3 yaw 314.0 mode 1 st 17 gl 0 hp 100 frg 0
ARGLOG Joe Rogan t  58.0 pos '195.9 1287.0 -312.0' spd 320.2 yaw 336 mode 2 st 3 gl 0 hp 100 frg 0
ARGEVT Romero hazard
ARGLOG Romero t  58.4 pos '1088.0 1063.3 -248.0' spd  46.9 yaw 296 mode 2 st 2 gl 0 hp 115 frg 1
ARGLOG Carmack t  58.4 pos '1373.7 915.2 -256.0' spd 475.7 yaw 153.3 mode 1 st 17 gl 0 hp 100 frg 0
ARGLOG Joe Rogan t  58.5 pos '348.9 1237.2 -312.0' spd 321.3 yaw 308 mode 2 st 3 gl 0 hp 100 frg 0
ARGUS Romero wallslide
ARGLOG Romero t  59.0 pos '1082.0 995.5 -248.0' spd 350.8 yaw 232.0 mode 2 st 2 gl 0 hp 115 frg 1
ARGLOG Carmack t  59.0 pos '1273.8 1056.6 -256.0' spd 481.5 yaw 357.6 mode 1 st 17 gl 0 hp 100 frg 0
ARGLOG Joe Rogan t  59.0 pos '495.9 1163.7 -312.0' spd 330.7 yaw 310 mode 2 st 3 gl 0 hp 100 frg 0
ARGEVT Carmack hazard
ARGEVT Joe Rogan swim
ARGLOG Romero t  59.5 pos '924.7 994.4 -248.0' spd 322.3 yaw 157 mode 2 st 2 gl 0 hp 114 frg 1
ARGLOG Carmack t  59.5 pos '1385.9 985.9 -256.0' spd 393.2 yaw 195.0 mode 1 st 17 gl 0 hp 100 frg 0
ARGLOG Joe Rogan t  59.5 pos '583.6 1017.7 -311.6' spd 314.5 yaw 344 mode 2 st 3 gl 0 hp 100 frg 0
ARGEVT Romero route 4 start '817.0 1025.0 -248.0' goal '1201.0 1057.0 -408.0'
ARGEVT Romero hazard
ARGEVT Joe Rogan engage Romero
ARGUS Joe Rogan threatmove range 2
ARGEVT Romero engage Joe Rogan
ARGUS Romero threatmove range 2
ARGLOG Romero t  60.0 pos '794.8 980.9 -280.0' spd 340.6 yaw 261.2 mode 2 st 2 gl 0 hp 114 frg 1
ARGLOG Carmack t  60.0 pos '1224.6 1048.1 -256.0' spd 486.5 yaw  31.2 mode 1 st 17 gl 0 hp 100 frg 0
ARGLOG Joe Rogan t  60.1 pos '661.1 912.1 -300.4' spd 129.4 yaw   0.0 mode 2 st 3 gl 0 hp 100 frg 0
ARGEVT Joe Rogan swim
ARGEVT Romero swim
ARGEVT Joe Rogan swim
ARGEVT Joe Rogan weapon sg
ARGEVT Joe Rogan swim
ARGLOG Romero t  60.5 pos '824.6 814.5 -315.5' spd 315.9 yaw 155.8 mode 2 st 2 gl 0 hp 104 frg 1
ARGLOG Carmack t  60.5 pos '1362.7 1022.1 -256.0' spd 458.6 yaw 227.4 mode 1 st 17 gl 0 hp 100 frg 0
ARGLOG Joe Rogan t  60.6 pos '675.9 928.5 -295.4' spd  52.9 yaw 326.8 mode 2 st 3 gl 0 hp 100 frg 0
ARGEVT Joe Rogan swim
ARGEVT Joe Rogan swim
ARGEVT Joe Rogan swim
ARGEVT Joe Rogan swim
ARGLOG Romero t  61.0 pos '888.1 840.1 -296.2' spd 192.1 yaw 146.3 mode 2 st 2 gl 0 hp 100 frg 1
ARGLOG Carmack t  61.0 pos '1228.8 884.9 -256.0' spd 337.0 yaw 168.9 mode 1 st 17 gl 0 hp 100 frg 0
ARGEVT Carmack hazard
ARGEVT Joe Rogan swim
ARGLOG Joe Rogan t  61.1 pos '581.9 991.4 -295.7' spd 236.6 yaw 335.3 mode 2 st 3 gl 0 hp 64 frg 0
ARGEVT Joe Rogan swim
ARGEVT Romero jump
ARGEVT Joe Rogan swim
ARGEVT Joe Rogan route 15 start '561.0 961.0 -344.0' goal '817.0 2433.0 -344.0'
ARGEVT Joe Rogan swim
ARGLOG Romero t  61.5 pos '930.1 903.0 -237.6' spd  43.9 yaw 173.0 mode 2 st 2 gl 0 hp 88 frg 1
ARGLOG Carmack t  61.5 pos '1226.7 924.6 -256.0' spd 320.3 yaw  71.0 mode 1 st 17 gl 0 hp 100 frg 0
ARGLOG Joe Rogan t  61.6 pos '528.1 971.5 -304.3' spd 117.0 yaw 348.2 mode 2 st 3 gl 0 hp 60 frg 0
ARGLOG Romero t  62.0 pos '951.4 852.0 -296.0' spd 337.8 yaw 172.0 mode 2 st 2 gl 0 hp 72 frg 1
ARGLOG Carmack t  62.0 pos '1180.3 1032.4 -256.0' spd 343.2 yaw 215.4 mode 1 st 17 gl 0 hp 100 frg 0
ARGLOG Joe Rogan t  62.1 pos '547.7 979.0 -305.9' spd 143.9 yaw 340.2 mode 2 st 3 gl 0 hp 60 frg 0
ARGEVT Romero swim
ARGLOG Romero t  62.5 pos '915.8 718.6 -306.8' spd 111.3 yaw 143.3 mode 2 st 2 gl 0 hp 64 frg 1
ARGLOG Carmack t  62.5 pos '1169.3 928.0 -250.8' spd  73.6 yaw 338.6 mode 1 st 17 gl 0 hp 100 frg 0
ARGLOG Joe Rogan t  62.6 pos '611.7 1061.4 -305.1' spd 241.3 yaw 315.1 mode 2 st 3 gl 0 hp 60 frg 0
ARGEVT Romero swim
ARGEVT Romero swim
ARGLOG Romero t  63.1 pos '980.7 742.6 -295.7' spd 163.9 yaw 129.6 mode 2 st 2 gl 0 hp 64 frg 1
ARGLOG Carmack t  63.1 pos '1299.7 1013.3 -256.0' spd 396.4 yaw 112.3 mode 1 st 17 gl 0 hp 100 frg 0
ARGEVT Romero pursue
ARGLOG Joe Rogan t  63.1 pos '643.2 1082.1 -304.1' spd  92.3 yaw 261.6 mode 2 st 3 gl 0 hp 60 frg 0
ARGEVT Romero swim
ARGEVT Romero swim
ARGEVT Carmack hazard
ARGEVT Joe Rogan pursue
ARGEVT Romero swim
ARGEVT Romero swim
ARGLOG Romero t  63.6 pos '988.0 814.0 -295.3' spd 148.9 yaw 144.7 mode 2 st 2 gl 0 hp 64 frg 1
ARGLOG Carmack t  63.6 pos '1247.6 1096.5 -226.8' spd  68.8 yaw 187 mode 1 st 17 gl 0 hp 100 frg 0
ARGEVT Romero swim
ARGLOG Joe Rogan t  63.6 pos '636.5 1009.9 -303.9' spd 167.3 yaw 331.7 mode 2 st 3 gl 0 hp 48 frg 0
ARGEVT Romero swim
ARGEVT Romero jump
ARGLOG Romero t  64.1 pos '986.6 913.4 -253.4' spd  31.1 yaw 173.1 mode 2 st 2 gl 0 hp 64 frg 1
ARGLOG Carmack t  64.1 pos '1172.5 1032.7 -256.0' spd 323.2 yaw 250.6 mode 1 st 17 gl 0 hp 100 frg 0
ARGLOG Joe Rogan t  64.1 pos '614.1 918.1 -305.5' spd  76.8 yaw 359.6 mode 2 st 3 gl 0 hp 48 frg 0
ARGLOG Romero t  64.6 pos '992.0 941.0 -261.6' spd  57.0 yaw 182.9 mode 2 st 2 gl 0 hp 40 frg 1
ARGLOG Carmack t  64.6 pos '1215.9 871.2 -256.0' spd 342.9 yaw 316.6 mode 1 st 17 gl 0 hp 100 frg 0
ARGLOG Joe Rogan t  64.7 pos '611.7 953.4 -304.7' spd 165.2 yaw 359.2 mode 2 st 3 gl 0 hp 44 frg 0
ARGUS Romero threatmove retreat 2
ARGEVT Romero retreat
ARGLOG Romero t  65.1 pos '1047.5 1064.0 -247.8' spd 235.7 yaw 182.7 mode 2 st 2 gl 0 hp 20 frg 1
ARGLOG Carmack t  65.1 pos '1266.1 699.2 -256.0' spd 443.6 yaw 192.1 mode 1 st 17 gl 0 hp 100 frg 0
ARGLOG Joe Rogan t  65.2 pos '622.6 1064.7 -303.9' spd 252.4 yaw   0.2 mode 2 st 3 gl 0 hp 44 frg 0
ARGEVT Romero hazard
ARGEVT Romero pursue
ARGEVT Carmack hazard
ARGUS Carmack wallslide
ARGLOG Romero t  65.6 pos '998.2 1042.9 -248.0' spd 322.7 yaw 189 mode 2 st 2 gl 0 hp 20 frg 1
ARGLOG Carmack t  65.6 pos '1256.7 740.7 -256.0' spd 400.8 yaw 121.5 mode 1 st 17 gl 0 hp 100 frg 0
ARGLOG Joe Rogan t  65.7 pos '639.9 1168.2 -303.4' spd  59.5 yaw 295.9 mode 2 st 3 gl 0 hp 44 frg 0
ARGEVT Romero route 4 start '849.0 993.0 -248.0' goal '1201.0 1057.0 -408.0'
ARGLOG Romero t  66.1 pos '837.7 1010.0 -248.0' spd 320.2 yaw 186 mode 2 st 2 gl 0 hp 20 frg 1
ARGLOG Carmack t  66.1 pos '1208.3 908.0 -256.0' spd 325.0 yaw 134 mode 1 st 17 gl 0 hp 100 frg 0
ARGLOG Joe Rogan t  66.2 pos '648.0 1127.8 -305.7' spd 169.7 yaw 282 mode 2 st 3 gl 0 hp 44 frg 0
ARGUS Romero hunch item_health
ARGEVT Romero hazard
ARGEVT Romero goal item_health
ARGEVT Romero route 12 start '817.0 1025.0 -248.0' goal '337.0 865.0 -200.0'
ARGEVT Carmack hazard
ARGEVT Romero pursue
ARGLOG Romero t  66.6 pos '885.4 1053.1 -248.0' spd 393.2 yaw 327.6 mode 2 st 2 gl 0 hp 20 frg 1
ARGLOG Carmack t  66.6 pos '1199.6 1055.4 -256.0' spd 336.5 yaw  26.4 mode 1 st 17 gl 0 hp 100 frg 0
ARGLOG Joe Rogan t  66.7 pos '648.0 1017.6 -304.6' spd 244.2 yaw 295 mode 2 st 3 gl 0 hp 44 frg 0
ARGEVT Joe Rogan pursue
ARGUS Carmack wallslide
ARGLOG Romero t  67.1 pos '977.1 1070.3 -248.0' spd 323.8 yaw 199.2 mode 2 st 2 gl 0 hp 20 frg 1
ARGLOG Carmack t  67.1 pos '1268.6 1159.9 -267.9' spd 254.6 yaw 180.0 mode 1 st 17 gl 0 hp 100 frg 0
ARGLOG Joe Rogan t  67.2 pos '656.5 955.0 -295.7' spd  43.2 yaw  20.5 mode 2 st 3 gl 0 hp 44 frg 0
ARGEVT Romero hazard
ARGEVT Joe Rogan swim
ARGEVT Joe Rogan swim
ARGEVT Joe Rogan swim
ARGUS Romero wallslide
ARGEVT Joe Rogan pursue
ARGEVT Romero pursue
ARGEVT Joe Rogan swim
ARGLOG Romero t  67.7 pos '995.9 1069.8 -248.0' spd 180.1 yaw 199 mode 2 st 2 gl 0 hp 20 frg 1
ARGLOG Carmack t  67.7 pos '1263.8 1168.0 -271.7' spd  89.6 yaw 292 mode 1 st 17 gl 0 hp 100 frg 0
ARGLOG Joe Rogan t  67.7 pos '657.6 985.0 -295.7' spd  72.9 yaw 17 mode 2 st 3 gl 0 hp 44 frg 0
ARGUS Joe Rogan hunch item_health
ARGEVT Joe Rogan swim
ARGEVT Joe Rogan goal item_health
ARGEVT Joe Rogan route 3 start '721.0 961.0 -328.0' goal '1201.0 961.0 -256.0'
ARGEVT Joe Rogan swim
ARGEVT Joe Rogan swim
ARGEVT Joe Rogan swim
ARGLOG Romero t  68.2 pos '843.9 1017.5 -248.0' spd 320.0 yaw 199 mode 2 st 2 gl 0 hp 20 frg 1
ARGLOG Carmack t  68.2 pos '1252.9 1017.7 -256.0' spd 401.3 yaw 185 mode 1 st 17 gl 0 hp 100 frg 0
ARGEVT Joe Rogan swim
ARGLOG Joe Rogan t  68.2 pos '644.0 1017.5 -294.9' spd  87.1 yaw  22.2 mode 2 st 3 gl 0 hp 44 frg 0
ARGEVT Joe Rogan swim
ARGEVT Joe Rogan swim
ARGEVT Carmack hazard
ARGEVT Joe Rogan swim
ARGEVT Romero death Joe Rogan pos '741.8 951.8 -328.0'
ARGUS Joe Rogan watch spawn
ARGEVT Joe Rogan swim
ARGEVT Joe Rogan goal item_health
ARGUS routecache adopt
ARGEVT Joe Rogan route 3 start '721.0 961.0 -328.0' goal '1201.0 961.0 -256.0'
ARGLOG Carmack t  68.7 pos '1170.1 962.9 -256.0' spd 287.9 yaw  72.2 mode 1 st 17 gl 0 hp 100 frg 0
ARGEVT Joe Rogan swim
ARGLOG Joe Rogan t  68.8 pos '637.5 1026.9 -295.0' spd  63.2 yaw 339 mode 2 st 3 gl 0 hp 44 frg 1
ARGEVT Joe Rogan swim
ARGEVT Joe Rogan swim
ARGEVT Joe Rogan swim
ARGEVT Joe Rogan swim
ARGLOG Carmack t  69.2 pos '1268.7 1112.6 -256.0' spd 378.6 yaw  99.7 mode 1 st 17 gl 0 hp 100 frg 0
ARGLOG Joe Rogan t  69.3 pos '604.6 1008.3 -295.2' spd 101.9 yaw 334.9 mode 2 st 3 gl 0 hp 44 frg 1
ARGEVT Joe Rogan swim
ARGEVT Joe Rogan swim
ARGEVT Joe Rogan swim
ARGEVT Carmack hazard
ARGEVT Joe Rogan swim
ARGLOG Carmack t  69.7 pos '1264.0 1288.3 -311.9' spd 144.1 yaw 233.5 mode 1 st 17 gl 0 hp 100 frg 0
ARGEVT Joe Rogan swim
ARGLOG Joe Rogan t  69.8 pos '629.2 957.2 -294.9' spd 114.0 yaw 12 mode 2 st 3 gl 0 hp 44 frg 1
ARGEVT Joe Rogan swim
ARGEVT Joe Rogan swim
ARGEVT Romero respawn
ARGEVT Joe Rogan swim
ARGEVT Romero goal weapon_rocketlauncher
ARGLOG Romero t  70.1 pos '480.0  48.0  24.0' spd 0 yaw  94.8 mode 0 st 2 gl 0 hp 100 frg 1
ARGEVT Romero route 27 start '433.0  33.0  24.0' goal '145.0 2337.0  40.0'
ARGEVT Joe Rogan swim
ARGLOG Carmack t  70.2 pos '1277.8 1232.5 -304.2' spd 320.0 yaw 281 mode 1 st 17 gl 0 hp 100 frg 0
ARGLOG Joe Rogan t  70.3 pos '673.6 918.1 -295.4' spd 120.7 yaw 20 mode 2 st 3 gl 0 hp 44 frg 1
ARGEVT Joe Rogan swim
ARGEVT Joe Rogan swim
ARGEVT Joe Rogan swim
ARGLOG Romero t  70.6 pos '457.3 195.3  24.0' spd 321.8 yaw 99 mode 2 st 2 gl 0 hp 100 frg 1
ARGEVT Joe Rogan swim
ARGLOG Carmack t  70.7 pos '1275.3 1059.9 -256.0' spd 426.6 yaw 185.0 mode 1 st 17 gl 0 hp 100 frg 0
ARGEVT Joe Rogan swim
ARGLOG Joe Rogan t  70.8 pos '735.4 915.8 -295.1' spd 131.1 yaw 12 mode 2 st 3 gl 0 hp 44 frg 1
ARGEVT Joe Rogan swim
ARGEVT Joe Rogan swim
ARGEVT Carmack hazard
ARGLOG Romero t  71.1 pos '447.8 360.2  24.0' spd 321.1 yaw  99.2 mode 2 st 2 gl 0 hp 100 frg 1
ARGEVT Joe Rogan swim
ARGEVT Joe Rogan swim
ARGLOG Carmack t  71.3 pos '1166.3 967.7 -242.1' spd  40.9 yaw  87.4 mode 1 st 17 gl 0 hp 100 frg 0
ARGLOG Joe Rogan t  71.3 pos '808.2 926.1 -295.3' spd 155.7 yaw 5 mode 2 st 3 gl 0 hp 44 frg 1
ARGLOG Romero t  71.6 pos '465.5 526.0  24.0' spd 321.0 yaw 70 mode 2 st 2 gl 0 hp 100 frg 1
ARGUS Joe Rogan jumpapproach 0 actual 325.7
ARGEVT Joe Rogan jump
ARGUS Joe Rogan aircontrol
ARGLOG Carmack t  71.8 pos '1268.8 1030.7 -256.0' spd 321.3 yaw 21 mode 1 st 17 gl 0 hp 100 frg 0
ARGLOG Joe Rogan t  71.8 pos '962.9 948.4 -212.5' spd 325.7 yaw 301.8 mode 2 st 3 gl 0 hp 44 frg 1
ARGLOG Romero t  72.1 pos '517.5 678.1  24.0' spd 332.4 yaw 197 mode 2 st 2 gl 0 hp 100 frg 1
ARGUS Romero wallslide
ARGEVT Carmack hazard
ARGEVT Romero hazard
ARGLOG Carmack t  72.3 pos '1418.7 996.7 -256.0' spd 390.9 yaw 241.4 mode 1 st 17 gl 0 hp 100 frg 0
ARGLOG Joe Rogan t  72.4 pos '990.6 942.0 -260.2' spd  33.2 yaw 216 mode 2 st 3 gl 0 hp 44 frg 1
ARGLOG Romero t  72.6 pos '433.0 664.8  24.0' spd 402.6 yaw 199 mode 2 st 2 gl 0 hp 100 frg 1
ARGLOG Carmack t  72.8 pos '1262.2 922.9 -256.0' spd 486.5 yaw  76.9 mode 1 st 17 gl 0 hp 100 frg 0
ARGLOG Joe Rogan t  72.9 pos '875.0 853.0 -312.0' spd 320.0 yaw 216 mode 0 st 3 gl 0 hp 44 frg 1
ARGEVT Joe Rogan route 3 start '849.0 833.0 -328.0' goal '1201.0 961.0 -256.0'
ARGEVT Joe Rogan swim
ARGLOG Romero t  73.1 pos '385.9 528.0  24.0' spd 170.8 yaw 182.0 mode 2 st 2 gl 0 hp 100 frg 1
ARGLOG Carmack t  73.3 pos '1361.9 1077.2 -256.0' spd 486.6 yaw 288.9 mode 1 st 17 gl 0 hp 100 frg 0
ARGLOG Joe Rogan t  73.4 pos '792.4 820.9 -305.0' spd  12.0 yaw 42 mode 2 st 3 gl 0 hp 44 frg 1
ARGLOG Romero t  73.6 pos '229.3 539.5  24.0' spd 320.1 yaw 178 mode 2 st 2 gl 0 hp 100 frg 1
ARGEVT Joe Rogan swim
ARGLOG Carmack t  73.8 pos '1337.4 908.1 -256.0' spd 474.8 yaw 125.0 mode 1 st 17 gl 0 hp 100 frg 0
ARGEVT Joe Rogan swim
ARGLOG Joe Rogan t  73.9 pos '836.6 826.3 -295.2' spd 127.0 yaw   9.1 mode 2 st 3 gl 0 hp 44 frg 1
ARGEVT Romero lift
ARGEVT Joe Rogan swim
ARGEVT Romero door
ARGEVT Joe Rogan swim
ARGLOG Romero t  74.2 pos ' 65.7 548.5  24.0' spd 323.2 yaw 168 mode 2 st 2 gl 0 hp 100 frg 1
ARGEVT Joe Rogan swim
ARGEVT Romero board
ARGEVT Joe Rogan swim
ARGLOG Carmack t  74.3 pos '1312.0 1083.0 -256.0' spd 486.6 yaw 330.0 mode 1 st 17 gl 0 hp 100 frg 0
ARGEVT Carmack abandon
ARGEVT Carmack goal item_artifact_invulnerability
ARGEVT Carmack route 6 start '1265.0 1089.0 -256.0' goal '241.0 1793.0 -40.0'
ARGLOG Joe Rogan t  74.4 pos '897.6 812.0 -296.1' spd 155.6 yaw 210 mode 2 st 3 gl 0 hp 44 frg 1
ARGEVT Joe Rogan swim
ARGEVT Joe Rogan swim
ARGEVT Carmack hazard
ARGEVT Joe Rogan swim
ARGLOG Romero t  74.7 pos '-42.6 566.9  24.0' spd 157.5 yaw 212 mode 2 st 2 gl 0 hp 100 frg 1
ARGEVT Joe Rogan swim
ARGLOG Carmack t  74.8 pos '1391.2 943.9 -256.0' spd 474.0 yaw 192 mode 2 st 17 gl 0 hp 100 frg 0
ARGEVT Joe Rogan swim
ARGLOG Joe Rogan t  74.9 pos '902.1 738.9 -295.0' spd 158.6 yaw 36 mode 2 st 3 gl 0 hp 44 frg 1
ARGEVT Joe Rogan swim
ARGEVT Joe Rogan swim
ARGEVT Joe Rogan swim
ARGLOG Romero t  75.2 pos '-42.6 566.9  24.0' spd 0 yaw 212 mode 2 st 2 gl 0 hp 100 frg 1
ARGEVT Joe Rogan swim
ARGLOG Carmack t  75.3 pos '1206.1 930.0 -256.0' spd 332.3 yaw 54 mode 2 st 17 gl 0 hp 100 frg 0
ARGLOG Joe Rogan t  75.4 pos '889.5 756.3 -296.2' spd  62.0 yaw 33 mode 2 st 3 gl 0 hp 44 frg 1
ARGEVT Joe Rogan swim
ARGEVT Joe Rogan swim
ARGEVT Joe Rogan swim
ARGLOG Romero t  75.7 pos '-42.6 566.9  24.0' spd 0 yaw 212 mode 2 st 2 gl 0 hp 100 frg 1
ARGEVT Joe Rogan swim
ARGEVT Joe Rogan swim
ARGLOG Carmack t  75.9 pos '1222.8 1082.2 -256.0' spd 436.4 yaw 150 mode 2 st 17 gl 0 hp 100 frg 0
ARGLOG Joe Rogan t  75.9 pos '886.3 797.1 -295.1' spd  93.3 yaw 27 mode 2 st 3 gl 0 hp 44 frg 1
ARGEVT Joe Rogan swim
ARGUS routecache adopt
ARGEVT Carmack route 6 start '1265.0 1089.0 -256.0' goal '241.0 1793.0 -40.0'
ARGEVT Joe Rogan swim
ARGEVT Joe Rogan swim
ARGLOG Romero t  76.2 pos '-42.6 566.9  24.0' spd 0 yaw 212 mode 2 st 2 gl 0 hp 100 frg 1
ARGEVT Joe Rogan swim
ARGLOG Carmack t  76.4 pos '1343.8 953.8 -256.0' spd 482.7 yaw 199 mode 2 st 17 gl 0 hp 100 frg 0
ARGLOG Joe Rogan t  76.4 pos '891.3 851.5 -296.0' spd 121.4 yaw 19 mode 2 st 3 gl 0 hp 44 frg 1
ARGEVT Joe Rogan jump
ARGLOG Romero t  76.7 pos '-42.6 566.9  24.0' spd 0 yaw 212 mode 2 st 2 gl 0 hp 100 frg 1
ARGLOG Carmack t  76.9 pos '1199.6 973.6 -256.0' spd 352.5 yaw 145 mode 2 st 17 gl 0 hp 100 frg 0
ARGLOG Joe Rogan t  77.0 pos '953.6 996.4 -236.8' spd 321.3 yaw 352 mode 2 st 3 gl 0 hp 44 frg 1
ARGUS Joe Rogan wallslide
ARGLOG Romero t  77.2 pos '-42.6 566.9  24.0' spd 0 yaw 212 mode 2 st 2 gl 0 hp 100 frg 1
ARGUS routecache adopt
ARGEVT Carmack route 6 start '1265.0 1089.0 -256.0' goal '241.0 1793.0 -40.0'
ARGLOG Carmack t  77.4 pos '1322.1 1102.7 -256.0' spd 365.6 yaw 234 mode 2 st 17 gl 0 hp 100 frg 0
ARGLOG Joe Rogan t  77.5 pos '1060.9 1043.0 -248.0' spd 321.3 yaw 350 mode 2 st 3 gl 0 hp 44 frg 1
ARGEVT Joe Rogan hazard
ARGLOG Romero t  77.7 pos '-42.6 566.9  24.0' spd 0 yaw 212 mode 2 st 2 gl 0 hp 100 frg 1
ARGLOG Carmack t  77.9 pos '1395.6 1070.6 -219.1' spd 125.5 yaw 218 mode 2 st 17 gl 0 hp 100 frg 0
ARGLOG Joe Rogan t  78.0 pos '1087.0 1007.5 -248.0' spd 211.6 yaw   3.8 mode 2 st 3 gl 0 hp 44 frg 1
ARGUS Joe Rogan wallslide
ARGLOG Romero t  78.2 pos '-42.6 566.9  24.0' spd 0 yaw 212 mode 2 st 2 gl 0 hp 100 frg 1
ARGLOG Carmack t  78.4 pos '1324.2 993.2 -256.0' spd 324.3 yaw 212 mode 2 st 17 gl 0 hp 100 frg 0
ARGLOG Joe Rogan t  78.5 pos '1088.0 1060.0 -248.0' spd  51.3 yaw 334 mode 2 st 3 gl 0 hp 44 frg 1
ARGEVT Joe Rogan hazard
ARGLOG Romero t  78.8 pos '-42.6 566.9  24.0' spd 0 yaw 212 mode 2 st 2 gl 0 hp 100 frg 1
ARGEVT Carmack hazard
ARGLOG Carmack t  78.9 pos '1187.3 930.7 -256.0' spd 240 yaw 144 mode 2 st 17 gl 0 hp 100 frg 0
ARGLOG Joe Rogan t  79.0 pos '1088.0 1034.7 -248.0' spd 196.7 yaw 352 mode 2 st 3 gl 0 hp 44 frg 1
ARGUS Joe Rogan wallslide
ARGLOG Romero t  79.3 pos '-42.6 566.9  24.0' spd 0 yaw 212 mode 2 st 2 gl 0 hp 100 frg 1
ARGLOG Carmack t  79.4 pos '1334.7 879.2 -256.0' spd 447.3 yaw 145 mode 2 st 17 gl 0 hp 100 frg 0
ARGLOG Joe Rogan t  79.5 pos '1084.0 985.6 -248.0' spd  41.1 yaw 349 mode 2 st 3 gl 0 hp 44 frg 1
ARGEVT Joe Rogan hazard
ARGLOG Romero t  79.8 pos '-42.6 566.9  24.0' spd 0 yaw 212 mode 2 st 2 gl 0 hp 100 frg 1
ARGEVT Joe Rogan stall
ARGEVT Joe Rogan stallnode '1201.0 961.0 -256.0'
ARGEVT Joe Rogan jump
ARGEVT Joe Rogan route 2 start '977.0 993.0 -248.0' goal '1201.0 961.0 -256.0'
ARGLOG Carmack t  79.9 pos '1339.9 1069.2 -256.0' spd 435.1 yaw 148 mode 2 st 17 gl 0 hp 100 frg 0
ARGLOG Joe Rogan t  80.0 pos '1088.0 1033.9 -212.6' spd  25.0 yaw 208 mode 2 st 4 gl 0 hp 44 frg 1
ARGEVT Carmack route 6 start '1265.0 1089.0 -256.0' goal '241.0 1793.0 -40.0'
ARGEVT Carmack hazard
ARGLOG Romero t  80.3 pos '-42.6 566.9  24.0' spd 0 yaw 212 mode 2 st 2 gl 0 hp 100 frg 1
ARGLOG Carmack t  80.5 pos '1248.0 1088.0 -212.8' spd 113.2 yaw 248 mode 2 st 17 gl 0 hp 100 frg 0
ARGLOG Joe Rogan t  80.5 pos '1083.0 1013.7 -248.0' spd 131.6 yaw 336 mode 2 st 4 gl 0 hp 44 frg 1
ARGEVT Joe Rogan stall
ARGEVT Joe Rogan stallnode '945.0 961.0 -248.0'
ARGEVT Joe Rogan jump
ARGEVT Joe Rogan goal item_health
ARGLOG Romero t  80.8 pos '-42.6 566.9  24.0' spd 0 yaw 212 mode 2 st 2 gl 0 hp 100 frg 1
ARGLOG Carmack t  81.0 pos '1226.1 996.3 -256.0' spd 323.8 yaw 40 mode 2 st 17 gl 0 hp 100 frg 0
ARGLOG Joe Rogan t  81.0 pos '1003.3 1015.8 -215.4' spd 205.5 yaw 44 mode 1 st 5 gl 0 hp 44 frg 1
ARGEVT Joe Rogan plan powerup via weapon
ARGEVT Joe Rogan goal weapon_grenadelauncher
ARGEVT Joe Rogan route 4 start '977.0 993.0 -248.0' goal '1201.0 1057.0 -408.0'
ARGEVT Joe Rogan hazard
ARGLOG Romero t  81.3 pos '-42.6 566.9  24.0' spd 0 yaw 212 mode 2 st 2 gl 0 hp 100 frg 1
ARGEVT Carmack hazard
ARGUS Carmack wallslide
ARGLOG Carmack t  81.5 pos '1181.1 931.1 -256.0' spd 247.0 yaw 144 mode 2 st 17 gl 0 hp 100 frg 0
ARGLOG Joe Rogan t  81.5 pos '907.9 1100.4 -248.0' spd 330.2 yaw 335 mode 2 st 5 gl 1 hp 144 frg 1
ARGUS Joe Rogan wallslide
ARGLOG Romero t  81.8 pos '-42.6 566.9  24.0' spd 0 yaw 212 mode 2 st 2 gl 0 hp 100 frg 1
ARGEVT Romero abandon
ARGEVT Romero stall
ARGEVT Romero jump
ARGLOG Carmack t  82.0 pos '1209.8 1068.7 -256.0' spd 329.3 yaw  40.1 mode 2 st 17 gl 0 hp 100 frg 0
ARGLOG Joe Rogan t  82.0 pos '821.5 997.2 -264.0' spd 375.3 yaw 355 mode 2 st 5 gl 1 hp 144 frg 1
ARGEVT Romero goal item_armor2
ARGEVT Romero abandon
ARGEVT Romero plan powerup via weapon
ARGEVT Romero goal weapon_supernailgun
ARGEVT Romero route 24 start ' 81.0 545.0  24.0' goal '817.0 2433.0 -344.0'
ARGUS Joe Rogan jumpapproach 0 actual 412.7
ARGEVT Joe Rogan jump
ARGUS Joe Rogan aircontrol
ARGLOG Romero t  82.3 pos '-38.4 574.8  67.3' spd  34.3 yaw  51.4 mode 2 st 3 gl 0 hp 100 frg 1
ARGEVT Carmack hazard
ARGLOG Carmack t  82.5 pos '1295.3 1210.9 -293.4' spd  74.6 yaw 203.3 mode 2 st 17 gl 0 hp 100 frg 0
ARGLOG Joe Rogan t  82.6 pos '992.0 937.7 -225.6' spd  45.8 yaw 348 mode 2 st 5 gl 1 hp 144 frg 1
ARGLOG Romero t  82.9 pos '-20.6 590.5 -47.9' spd  53.7 yaw 218 mode 2 st 3 gl 0 hp 100 frg 1
ARGUS Joe Rogan wallslide
ARGEVT Romero jump
ARGEVT Carmack route 6 start '1265.0 1089.0 -256.0' goal '241.0 1793.0 -40.0'
ARGLOG Carmack t  83.0 pos '1261.9 1075.5 -256.0' spd 357.1 yaw 226.0 mode 2 st 17 gl 0 hp 100 frg 0
ARGLOG Joe Rogan t  83.1 pos '1008.9 976.1 -248.0' spd 184.1 yaw 334 mode 2 st 5 gl 1 hp 144 frg 1
ARGEVT Romero abandon
ARGEVT Joe Rogan hazard
ARGEVT Romero plan powerup via weapon
ARGEVT Romero goal weapon_supershotgun
ARGEVT Romero route 8 start ' 81.0 545.0  24.0' goal '145.0 1217.0 -184.0'
ARGEVT Romero abandon
ARGLOG Romero t  83.4 pos ' 44.3 544.5 -19.8' spd  99.0 yaw 183.9 mode 0 st 3 gl 0 hp 100 frg 1
ARGEVT Carmack hazard
ARGEVT Romero plan powerup via weapon
ARGEVT Romero goal weapon_supershotgun
ARGEVT Romero route 17 start ' 81.0 545.0  24.0' goal '-335.0 2913.0 -56.0'
ARGLOG Carmack t  83.5 pos '1164.9 932.9 -241.8' spd 333.4 yaw 143 mode 2 st 17 gl 0 hp 100 frg 0
ARGLOG Joe Rogan t  83.6 pos '1082.0 1061.6 -248.0' spd  23.6 yaw 298 mode 2 st 5 gl 1 hp 144 frg 1
ARGUS Carmack wallslide
ARGLOG Romero t  83.9 pos ' 16.4 535.7 -152.8' spd  92.5 yaw 174 mode 2 st 3 gl 0 hp 100 frg 1
ARGEVT Romero jump
ARGUS Joe Rogan wallslide
ARGLOG Carmack t  84.0 pos '1276.7 940.3 -256.0' spd 393.3 yaw  67.3 mode 2 st 17 gl 0 hp 100 frg 0
ARGEVT Joe Rogan stall
ARGEVT Joe Rogan stallnode '1201.0 961.0 -256.0'
ARGLOG Joe Rogan t  84.1 pos '1087.9 1029.6 -248.0' spd 185.0 yaw 477.2 mode 0 st 6 gl 1 hp 144 frg 1
ARGEVT Joe Rogan jump
ARGEVT Joe Rogan route 4 start '977.0 993.0 -248.0' goal '1201.0 1057.0 -408.0'
ARGLOG Romero t  84.4 pos ' 40.1 586.2 -122.6' spd 135.4 yaw 200 mode 2 st 3 gl 0 hp 100 frg 1
ARGEVT Carmack route 6 start '1265.0 1089.0 -256.0' goal '241.0 1793.0 -40.0'
ARGLOG Carmack t  84.6 pos '1289.1 1123.6 -256.0' spd 423.4 yaw 243 mode 2 st 17 gl 0 hp 100 frg 0
ARGEVT Carmack hazard
ARGLOG Joe Rogan t  84.6 pos '1080.3 976.0 -217.5' spd  44.5 yaw 353 mode 2 st 6 gl 1 hp 144 frg 1
ARGEVT Romero jump
ARGLOG Romero t  84.9 pos ' 48.0 575.4 -172.9' spd  43.6 yaw 194 mode 2 st 3 gl 0 hp 100 frg 1
ARGLOG Carmack t  85.1 pos '1259.2 1063.9 -256.0' spd 281.8 yaw 242 mode 2 st 17 gl 0 hp 100 frg 0
ARGLOG Joe Rogan t  85.1 pos '971.4 972.5 -248.0' spd 346.1 yaw 340 mode 2 st 6 gl 1 hp 144 frg 1
ARGUS Romero wallslide
ARGEVT Romero hazard
ARGLOG Romero t  85.4 pos ' 47.6 543.5 -208.0' spd  93.9 yaw 179 mode 2 st 3 gl 0 hp 100 frg 1
ARGEVT Romero jump
ARGLOG Carmack t  85.6 pos '1171.4 949.3 -256.0' spd 288.9 yaw 144 mode 2 st 17 gl 0 hp 100 frg 0
ARGEVT Joe Rogan swim
ARGLOG Joe Rogan t  85.6 pos '931.3 807.3 -326.3' spd 474.4 yaw 20 mode 2 st 6 gl 1 hp 144 frg 1
ARGEVT Carmack hazard
ARGUS Carmack wallslide
ARGLOG Romero t  85.9 pos ' 48.0 547.2 -165.9' spd  71.4 yaw 181 mode 2 st 3 gl 0 hp 100 frg 1
ARGLOG Carmack t  86.1 pos '1252.0 944.4 -256.0' spd 394.2 yaw 146 mode 2 st 17 gl 0 hp 100 frg 0
ARGLOG Joe Rogan t  86.1 pos '992.0 747.0 -300.5' spd  21.1 yaw 40 mode 2 st 6 gl 1 hp 144 frg 1
ARGEVT Romero stall
ARGEVT Romero stallnode ' 81.0 545.0  24.0'
ARGEVT Romero jump
ARGEVT Joe Rogan swim
ARGEVT Romero route 15 start '-15.0 577.0 -216.0' goal '-335.0 2913.0 -56.0'
ARGLOG Romero t  86.4 pos ' 48.0 557.1 -172.7' spd  90.7 yaw 95 mode 2 st 4 gl 0 hp 100 frg 1
ARGEVT Joe Rogan swim
ARGEVT Carmack route 6 start '1265.0 1089.0 -256.0' goal '241.0 1793.0 -40.0'
ARGEVT Joe Rogan swim
ARGLOG Carmack t  86.6 pos '1286.4 1118.7 -256.0' spd 447.7 yaw 243 mode 2 st 17 gl 0 hp 100 frg 0
ARGLOG Joe Rogan t  86.6 pos '992.0 779.9 -295.3' spd  76.5 yaw 33 mode 2 st 6 gl 1 hp 143 frg 1
ARGEVT Joe Rogan swim
ARGEVT Joe Rogan swim
ARGEVT Joe Rogan swim
ARGLOG Romero t  86.9 pos ' 36.4 602.4 -208.0' spd 150.7 yaw 94 mode 2 st 4 gl 0 hp 100 frg 1
ARGEVT Joe Rogan swim
ARGEVT Joe Rogan swim
ARGLOG Carmack t  87.1 pos '1256.5 1067.1 -256.0' spd 323.1 yaw 243 mode 2 st 17 gl 0 hp 100 frg 0
ARGLOG Joe Rogan t  87.1 pos '992.0 823.3 -295.9' spd  93.5 yaw 22 mode 2 st 6 gl 1 hp 143 frg 1
ARGEVT Joe Rogan swim
ARGEVT Joe Rogan swim
ARGUS Joe Rogan wallslide
ARGLOG Romero t  87.5 pos '-123.1 649.1 -213.7' spd 457.3 yaw 61 mode 2 st 4 gl 0 hp 100 frg 1
ARGEVT Carmack hazard
ARGLOG Carmack t  87.6 pos '1172.0 947.1 -256.0' spd 293.0 yaw 41 mode 2 st 17 gl 0 hp 100 frg 0
ARGLOG Joe Rogan t  87.7 pos '992.0 889.0 -280.0' spd 218.6 yaw 2 mode 2 st 6 gl 1 hp 142 frg 1
ARGUS Carmack wallslide
ARGLOG Romero t  88.0 pos '-69.6 826.9 -200.0' spd 321.7 yaw 62 mode 2 st 4 gl 0 hp 100 frg 1
ARGLOG Carmack t  88.1 pos '1309.2 927.6 -256.0' spd 410.2 yaw 146 mode 2 st 17 gl 0 hp 100 frg 0
ARGLOG Joe Rogan t  88.2 pos '1030.6 989.4 -248.0' spd 358.8 yaw 327 mode 2 st 6 gl 1 hp 142 frg 1
ARGEVT Joe Rogan hazard
ARGLOG Romero t  88.5 pos ' 35.0 955.0 -200.0' spd 327.9 yaw 66 mode 2 st 4 gl 0 hp 100 frg 1
ARGUS routecache adopt
ARGEVT Carmack route 6 start '1265.0 1089.0 -256.0' goal '241.0 1793.0 -40.0'
ARGLOG Carmack t  88.7 pos '1299.9 1111.6 -256.0' spd 391.8 yaw 239 mode 2 st 17 gl 0 hp 100 frg 0
ARGLOG Joe Rogan t  88.7 pos '1085.9 1050.2 -248.0' spd 238.9 yaw 299 mode 2 st 6 gl 1 hp 141 frg 1
ARGUS Joe Rogan wallslide
ARGEVT Carmack hazard
ARGLOG Romero t  89.0 pos '103.0 1041.4 -194.2' spd 124.7 yaw 72 mode 2 st 4 gl 0 hp 100 frg 1
ARGLOG Carmack t  89.2 pos '1237.2 1039.3 -240.6' spd 187.2 yaw 245 mode 2 st 17 gl 0 hp 100 frg 0
ARGLOG Joe Rogan t  89.2 pos '1084.0 993.0 -248.0' spd 120.3 yaw 312 mode 2 st 6 gl 1 hp 140 frg 1
ARGEVT Joe Rogan hazard
ARGLOG Romero t  89.5 pos '127.8 1192.3 -184.0' spd 343.0 yaw 46 mode 2 st 4 gl 0 hp 100 frg 1
ARGEVT Romero jump
ARGLOG Joe Rogan t  89.7 pos '1088.0 1060.1 -248.0' spd  99.5 yaw 297 mode 2 st 6 gl 1 hp 140 frg 1
ARGLOG Carmack t  89.7 pos '1200.6 932.8 -256.0' spd 145.9 yaw 144 mode 2 st 17 gl 0 hp 100 frg 0
ARGUS Joe Rogan wallslide
ARGLOG Romero t  90.0 pos '179.0 1356.9 -144.0' spd 337.6 yaw 53 mode 2 st 4 gl 0 hp 100 frg 1
ARGLOG Joe Rogan t  90.2 pos '1088.0 1015.4 -248.0' spd 123.6 yaw 305 mode 2 st 6 gl 1 hp 139 frg 1
ARGLOG Carmack t  90.2 pos '1365.8 898.8 -256.0' spd 459.0 yaw 147 mode 2 st 17 gl 0 hp 100 frg 0
ARGEVT Joe Rogan hazard
ARGLOG Romero t  90.5 pos '337.8 1443.8 -200.0' spd 325.5 yaw 113 mode 2 st 4 gl 0 hp 100 frg 1
ARGUS Romero wallslide
ARGLOG Joe Rogan t  90.7 pos '1085.2 992.9 -248.0' spd  93.5 yaw 312 mode 2 st 6 gl 1 hp 139 frg 1
ARGLOG Carmack t  90.7 pos '1319.0 1084.6 -256.0' spd 347.8 yaw 169.1 mode 0 st 17 gl 0 hp 100 frg 0
ARGUS routecache adopt
ARGEVT Carmack route 6 start '1265.0 1089.0 -256.0' goal '241.0 1793.0 -40.0'
ARGUS Joe Rogan wallslide
ARGEVT Carmack hazard
ARGLOG Romero t  91.0 pos '309.4 1593.8 -200.0' spd 407.2 yaw 119 mode 2 st 4 gl 0 hp 100 frg 1
ARGLOG Joe Rogan t  91.2 pos '1088.0 1044.9 -248.0' spd  74.5 yaw 299 mode 2 st 6 gl 1 hp 138 frg 1
ARGLOG Carmack t  91.2 pos '1237.5 1082.5 -218.3' spd 104.6 yaw 250 mode 2 st 17 gl 0 hp 100 frg 0
ARGEVT Joe Rogan hazard
ARGLOG Romero t  91.5 pos '136.3 1589.7 -200.0' spd 327.1 yaw 182.2 mode 2 st 4 gl 0 hp 100 frg 1
ARGLOG Joe Rogan t  91.7 pos '1088.0 1071.5 -248.0' spd  43.7 yaw 295 mode 2 st 6 gl 1 hp 138 frg 1
ARGLOG Carmack t  91.7 pos '1202.9 979.0 -256.0' spd 321.4 yaw 39 mode 2 st 17 gl 0 hp 100 frg 0
ARGUS Joe Rogan wallslide
ARGEVT Romero hazard
ARGLOG Romero t  92.0 pos ' 26.7 1680.4 -200.0' spd 361.4 yaw 60 mode 2 st 4 gl 0 hp 100 frg 1
ARGUS Romero wallslide
ARGLOG Joe Rogan t  92.3 pos '1087.3 1003.0 -248.0' spd  63.5 yaw 308 mode 2 st 6 gl 1 hp 137 frg 1
ARGLOG Carmack t  92.3 pos '1248.2 867.9 -256.0' spd 384.3 yaw 143 mode 2 st 17 gl 0 hp 100 frg 0
ARGEVT Joe Rogan hazard
ARGLOG Romero t  92.6 pos '157.5 1794.1 -184.0' spd 372.0 yaw 146 mode 2 st 4 gl 0 hp 100 frg 1
ARGLOG Joe Rogan t  92.8 pos '1087.9 1024.7 -248.0' spd  93.4 yaw 303 mode 2 st 6 gl 1 hp 137 frg 1
ARGLOG Carmack t  92.8 pos '1403.0 954.3 -256.0' spd 437.0 yaw 149 mode 2 st 17 gl 0 hp 100 frg 0
ARGUS Joe Rogan wallslide
ARGLOG Romero t  93.1 pos '103.0 1960.1 -184.0' spd 338.2 yaw 134 mode 2 st 4 gl 0 hp 100 frg 1
ARGLOG Joe Rogan t  93.3 pos '1088.0 1061.3 -248.0' spd  49.1 yaw 297 mode 2 st 6 gl 1 hp 136 frg 1
ARGLOG Carmack t  93.3 pos '1291.8 1096.3 -256.0' spd 320.4 yaw 145.0 mode 0 st 17 gl 0 hp 100 frg 0
ARGUS routecache adopt
ARGEVT Carmack route 6 start '1265.0 1089.0 -256.0' goal '241.0 1793.0 -40.0'
ARGEVT Joe Rogan hazard
ARGEVT Carmack hazard
ARGLOG Romero t  93.6 pos '-52.5 2028.0 -184.0' spd 326.3 yaw 119 mode 2 st 4 gl 0 hp 100 frg 1
ARGLOG Joe Rogan t  93.8 pos '1088.0 1030.8 -248.0' spd 188.9 yaw 302 mode 2 st 6 gl 1 hp 136 frg 1
ARGLOG Carmack t  93.8 pos '1231.6 1071.0 -231.6' spd 110.2 yaw 251 mode 2 st 17 gl 0 hp 100 frg 0
ARGUS Joe Rogan wallslide
ARGLOG Romero t  94.1 pos '-217.2 2083.3 -152.0' spd 438.3 yaw 93 mode 2 st 4 gl 0 hp 100 frg 1
ARGLOG Joe Rogan t  94.3 pos '1083.4 985.6 -248.0' spd  43.6 yaw 315 mode 2 st 6 gl 1 hp 135 frg 1
ARGLOG Carmack t  94.3 pos '1192.7 946.3 -256.0' spd 322.0 yaw 46 mode 2 st 17 gl 0 hp 100 frg 0
ARGEVT Romero route 5 start '-207.0 2113.0 -136.0' goal '-335.0 2913.0 -56.0'
ARGEVT Joe Rogan hazard
ARGEVT Carmack abandon
ARGEVT Carmack goal item_artifact_super_damage
ARGEVT Carmack route 21 start '1201.0 961.0 -256.0' goal '529.0 2465.0 -88.0'
ARGLOG Romero t  94.6 pos '-234.2 2261.6 -136.0' spd 320.0 yaw 85 mode 2 st 4 gl 0 hp 100 frg 1
ARGLOG Joe Rogan t  94.8 pos '1087.9 1034.7 -248.0' spd  86.1 yaw 301 mode 2 st 6 gl 1 hp 135 frg 1
ARGLOG Carmack t  94.8 pos '1247.9 829.0 -256.0' spd 376.2 yaw 83 mode 2 st 17 gl 0 hp 100 frg 0
ARGUS Joe Rogan wallslide
ARGLOG Romero t  95.1 pos '-233.4 2425.1 -136.0' spd 322.0 yaw 90 mode 2 st 4 gl 0 hp 100 frg 1
ARGLOG Joe Rogan t  95.3 pos '1088.0 1063.5 -248.0' spd  43.0 yaw 296 mode 2 st 6 gl 1 hp 134 frg 1
ARGLOG Carmack t  95.3 pos '1416.7 878.1 -256.0' spd 445.2 yaw 107 mode 2 st 17 gl 0 hp 100 frg 0
ARGEVT Joe Rogan hazard
ARGEVT Romero jump
ARGLOG Romero t  95.6 pos '-212.0 2588.9 -81.5' spd 320.6 yaw 110 mode 2 st 4 gl 0 hp 100 frg 1
ARGLOG Joe Rogan t  95.8 pos '1087.9 1024.2 -248.0' spd 167.0 yaw 303 mode 2 st 6 gl 1 hp 134 frg 1
ARGLOG Carmack t  95.8 pos '1353.2 1047.3 -256.0' spd 335.0 yaw 105 mode 2 st 17 gl 0 hp 100 frg 0
ARGUS Joe Rogan wallslide
ARGLOG Romero t  96.1 pos '-198.3 2754.7 -72.0' spd 330.1 yaw 130 mode 2 st 4 gl 0 hp 100 frg 1
ARGEVT Carmack hazard
ARGEVT Romero door
ARGLOG Joe Rogan t  96.4 pos '1083.7 988.3 -248.0' spd  79.0 yaw 314 mode 2 st 6 gl 1 hp 133 frg 1
ARGLOG Carmack t  96.4 pos '1250.1 1105.2 -212.5' spd  35.9 yaw 80 mode 2 st 17 gl 0 hp 100 frg 0
ARGEVT Joe Rogan hazard
ARGEVT Romero hazard
ARGLOG Romero t  96.6 pos '-275.1 2903.3 -56.0' spd 340.1 yaw 174 mode 2 st 4 gl 0 hp 100 frg 1
ARGUS Romero wallslide
ARGLOG Joe Rogan t  96.9 pos '1088.0 1041.5 -248.0' spd  75.2 yaw 300 mode 2 st 6 gl 1 hp 133 frg 1
ARGLOG Carmack t  96.9 pos '1287.9 1153.4 -264.6' spd 326.1 yaw 87 mode 2 st 17 gl 0 hp 100 frg 0
ARGUS Joe Rogan wallslide
ARGLOG Romero t  97.2 pos '-287.1 2952.7 -56.0' spd 157.5 yaw 210 mode 2 st 4 gl 0 hp 100 frg 1
ARGEVT Romero door
ARGLOG Joe Rogan t  97.4 pos '1088.0 1067.7 -248.0' spd  39.6 yaw 296 mode 2 st 6 gl 1 hp 132 frg 1
ARGLOG Carmack t  97.4 pos '1308.5 1315.4 -345.7' spd 322.5 yaw 92 mode 2 st 17 gl 0 hp 100 frg 0
ARGEVT Joe Rogan hazard
ARGEVT Romero hazard
ARGLOG Romero t  97.7 pos '-285.9 2886.5 -56.0' spd  41.9 yaw 161 mode 1 st 4 gl 0 hp 100 frg 1
ARGLOG Joe Rogan t  97.9 pos '1087.9 1013.0 -248.0' spd 101.6 yaw 305 mode 2 st 6 gl 1 hp 132 frg 1
ARGLOG Carmack t  97.9 pos '1299.2 1477.9 -408.0' spd 320.3 yaw 127 mode 2 st 17 gl 0 hp 100 frg 0
ARGUS Joe Rogan wallslide
ARGUS Romero wallslide
ARGLOG Romero t  98.2 pos '-287.6 2903.5 -56.0' spd 197.6 yaw 173 mode 1 st 4 gl 0 hp 100 frg 1
ARGEVT Romero door
ARGLOG Joe Rogan t  98.4 pos '1085.9 994.0 -248.0' spd 100.8 yaw 311 mode 2 st 6 gl 1 hp 131 frg 1
ARGLOG Carmack t  98.4 pos '1278.5 1638.6 -408.0' spd 320.2 yaw 152 mode 2 st 17 gl 0 hp 100 frg 0
ARGEVT Joe Rogan hazard
ARGEVT Romero hazard
ARGLOG Romero t  98.7 pos '-286.0 2945.9 -56.0' spd  41.4 yaw 205 mode 1 st 4 gl 0 hp 100 frg 1
ARGLOG Joe Rogan t  98.9 pos '1087.8 1046.5 -248.0' spd  67.1 yaw 299 mode 2 st 6 gl 1 hp 131 frg 1
ARGLOG Carmack t  98.9 pos '1159.6 1764.9 -408.0' spd 348.9 yaw 160 mode 2 st 17 gl 0 hp 100 frg 0
ARGUS Joe Rogan wallslide
ARGLOG Romero t  99.2 pos '-283.7 2956.5 -56.0' spd 140.8 yaw 211 mode 1 st 4 gl 0 hp 100 frg 1
ARGUS Romero wallslide
ARGEVT Romero door
ARGLOG Joe Rogan t  99.4 pos '1088.0 1072.0 -248.0' spd 0 yaw 295 mode 2 st 6 gl 1 hp 130 frg 1
ARGEVT Joe Rogan hazard
ARGLOG Carmack t  99.4 pos '992.6 1746.2 -408.0' spd 325.4 yaw 117 mode 2 st 17 gl 0 hp 100 frg 0
ARGEVT Romero hazard
ARGLOG Romero t  99.7 pos '-287.1 2880.0 -56.0' spd  50.0 yaw 156 mode 1 st 4 gl 0 hp 100 frg 1
ARGLOG Joe Rogan t  99.9 pos '1087.5 1003.1 -248.0' spd  66.3 yaw 308 mode 2 st 6 gl 1 hp 130 frg 1
ARGLOG Carmack t  99.9 pos '831.7 1815.5 -408.0' spd 349.6 yaw 98 mode 2 st 17 gl 0 hp 100 frg 0
ARGLOG Romero t 100.2 pos '-287.2 2925.8 -56.0' spd  85.5 yaw 191 mode 1 st 4 gl 0 hp 100 frg 1
ARGEVT Romero door
ARGUS Joe Rogan wallslide
ARGLOG Joe Rogan t 100.4 pos '1087.9 1008.4 -248.0' spd 137.3 yaw 307 mode 2 st 6 gl 1 hp 129 frg 1
ARGLOG Carmack t 100.4 pos '784.4 1975.8 -408.0' spd 322.3 yaw 89 mode 2 st 17 gl 0 hp 100 frg 0
ARGUS Carmack wallslide
ARGEVT Joe Rogan hazard
ARGEVT Romero hazard
ARGLOG Romero t 100.7 pos '-283.8 2950.6 -56.0' spd  36.9 yaw 207 mode 1 st 4 gl 0 hp 100 frg 1
ARGLOG Joe Rogan t 101.0 pos '1087.9 1054.4 -248.0' spd  54.2 yaw 298 mode 2 st 6 gl 1 hp 129 frg 1
ARGLOG Carmack t 101.0 pos '782.5 2000.0 -408.0' spd   0.9 yaw 89 mode 2 st 17 gl 0 hp 100 frg 0
ARGUS Romero wallslide
ARGLOG Romero t 101.2 pos '-287.9 2898.3 -56.0' spd  87.5 yaw 169 mode 1 st 4 gl 0 hp 100 frg 1
ARGEVT Joe Rogan abandon
ARGEVT Joe Rogan plan powerup via weapon
ARGEVT Joe Rogan goal weapon_supershotgun
ARGEVT Joe Rogan route 14 start '977.0 993.0 -248.0' goal '-335.0 2913.0 -56.0'
ARGEVT Romero door
ARGUS Joe Rogan wallslide
ARGLOG Joe Rogan t 101.5 pos '1088.0 1070.0 -248.0' spd  75.7 yaw 218 mode 2 st 6 gl 1 hp 128 frg 1
ARGLOG Carmack t 101.5 pos '783.0 2000.0 -408.0' spd   0.9 yaw 89 mode 2 st 17 gl 0 hp 100 frg 0
ARGEVT Romero hazard
ARGEVT Carmack stall
ARGEVT Carmack stallnode '785.0 2145.0 -396.0'
ARGEVT Carmack jump
ARGEVT Joe Rogan hazard
ARGEVT Carmack route 13 start '817.0 2049.0 -408.0' goal '529.0 2465.0 -88.0'
ARGLOG Romero t 101.8 pos '-282.8 2874.9 -56.0' spd  20.3 yaw 154 mode 1 st 4 gl 0 hp 100 frg 1
ARGLOG Joe Rogan t 102.0 pos '1006.9 975.8 -248.0' spd 323.2 yaw 356 mode 2 st 6 gl 1 hp 128 frg 1
ARGLOG Carmack t 102.0 pos '779.6 2000.0 -364.6' spd   4.1 yaw 89 mode 2 st 18 gl 0 hp 100 frg 0
ARGUS Romero wallslide
ARGLOG Romero t 102.3 pos '-287.9 2937.8 -56.0' spd  56.9 yaw 200 mode 1 st 4 gl 0 hp 100 frg 1
ARGEVT Carmack stall
ARGEVT Carmack stallnode '785.0 2145.0 -396.0'
ARGEVT Carmack jump
ARGEVT Romero door
ARGLOG Joe Rogan t 102.5 pos '902.6 840.8 -312.0' spd 472.6 yaw 11 mode 2 st 6 gl 1 hp 127 frg 1
ARGLOG Carmack t 102.5 pos '784.0 2006.7 -383.8' spd  30.6 yaw 257.1 mode 0 st 19 gl 0 hp 100 frg 0
ARGEVT Carmack goal weapon_rocketlauncher
ARGEVT Joe Rogan swim
ARGEVT Carmack route 27 start '817.0 2049.0 -408.0' goal '145.0 2337.0  40.0'
ARGEVT Romero hazard
ARGLOG Romero t 102.8 pos '-282.6 2957.2 -56.0' spd  33.1 yaw 211 mode 1 st 4 gl 0 hp 100 frg 1
ARGLOG Joe Rogan t 103.0 pos '992.0 743.0 -305.2' spd  25.6 yaw 41 mode 2 st 6 gl 1 hp 127 frg 1
ARGLOG Carmack t 103.0 pos '763.8 1986.6 -397.9' spd 103.1 yaw 299 mode 2 st 19 gl 0 hp 100 frg 0
ARGUS Romero wallslide
ARGEVT Carmack hazard
ARGUS Carmack wallslide
ARGLOG Romero t 103.3 pos '-287.5 2895.4 -56.0' spd  87.9 yaw 167 mode 1 st 4 gl 0 hp 100 frg 1
ARGEVT Joe Rogan swim
ARGEVT Romero door
ARGEVT Joe Rogan swim
ARGLOG Joe Rogan t 103.5 pos '992.0 769.1 -295.3' spd  79.1 yaw 35 mode 2 st 6 gl 1 hp 126 frg 1
ARGLOG Carmack t 103.5 pos '736.0 1999.7 -408.0' spd  27.9 yaw 307 mode 2 st 19 gl 0 hp 100 frg 0
ARGEVT Romero abandon
ARGEVT Romero goal item_artifact_super_damage
ARGEVT Joe Rogan swim
ARGEVT Romero route 38 start '-239.0 2849.0 -56.0' goal '529.0 2465.0 -88.0'
ARGEVT Joe Rogan swim
ARGEVT Romero hazard
ARGEVT Joe Rogan swim
ARGLOG Romero t 103.8 pos '-280.8 2872.9 -56.0' spd  48.0 yaw 277 mode 2 st 4 gl 0 hp 100 frg 1
ARGEVT Joe Rogan swim
ARGEVT Joe Rogan swim
ARGLOG Joe Rogan t 104.0 pos '992.0 813.5 -295.8' spd  94.4 yaw 25 mode 2 st 6 gl 1 hp 126 frg 1
ARGLOG Carmack t 104.0 pos '723.1 2000.0 -408.0' spd  27.3 yaw 311 mode 2 st 19 gl 0 hp 100 frg 0
ARGEVT Carmack hazard
ARGEVT Joe Rogan swim
ARGEVT Joe Rogan swim
ARGEVT Joe Rogan swim
ARGLOG Romero t 104.3 pos '-229.1 2742.4 -72.0' spd 321.1 yaw 268 mode 2 st 4 gl 0 hp 100 frg 1
ARGUS Joe Rogan wallslide
ARGLOG Joe Rogan t 104.5 pos '992.0 868.5 -296.0' spd 178.3 yaw 9 mode 2 st 6 gl 1 hp 125 frg 1
ARGLOG Carmack t 104.5 pos '713.4 2045.0 -408.0' spd 141.3 yaw 304 mode 2 st 19 gl 0 hp 100 frg 0
ARGUS Carmack wallslide
ARGLOG Romero t 104.8 pos '-216.1 2576.9 -88.0' spd 323.6 yaw 277 mode 2 st 4 gl 0 hp 100 frg 1
ARGEVT Joe Rogan hazard
ARGLOG Joe Rogan t 105.0 pos '992.0 944.0 -264.0' spd 0 yaw 346 mode 2 st 6 gl 1 hp 125 frg 1
ARGLOG Carmack t 105.0 pos '720.0 2088.0 -408.0' spd  19.1 yaw 296 mode 2 st 19 gl 0 hp 100 frg 0
ARGEVT Carmack hazard
ARGLOG Romero t 105.4 pos '-224.1 2410.6 -136.0' spd 323.2 yaw 283 mode 2 st 4 gl 0 hp 100 frg 1
ARGLOG Joe Rogan t 105.5 pos '992.0 944.0 -264.0' spd 0 yaw 346 mode 2 st 6 gl 1 hp 124 frg 1
ARGLOG Carmack t 105.5 pos '720.3 2096.4 -408.0' spd  56.4 yaw 295 mode 2 st 19 gl 0 hp 100 frg 0
ARGUS Romero wallslide
ARGLOG Romero t 105.9 pos '-224.0 2373.2 -136.0' spd 171.2 yaw 285 mode 2 st 4 gl 0 hp 100 frg 1
ARGEVT Joe Rogan hazard
ARGEVT Carmack stall
ARGEVT Carmack stallnode '817.0 2049.0 -408.0'
ARGEVT Carmack jump
ARGEVT Carmack route 28 start '689.0 2049.0 -376.0' goal '145.0 2337.0  40.0'
ARGLOG Joe Rogan t 106.1 pos '992.0 944.0 -264.0' spd 0 yaw 346 mode 2 st 6 gl 1 hp 124 frg 1
ARGLOG Carmack t 106.1 pos '731.5 2096.0 -378.9' spd  54.5 yaw 293 mode 2 st 20 gl 0 hp 100 frg 0
ARGEVT Joe Rogan stall
ARGEVT Joe Rogan stallnode '1201.0 961.0 -256.0'
ARGEVT Joe Rogan jump
ARGEVT Joe Rogan route 14 start '977.0 993.0 -248.0' goal '-335.0 2913.0 -56.0'
ARGLOG Romero t 106.4 pos '-205.6 2210.8 -136.0' spd 322.3 yaw 319 mode 2 st 4 gl 0 hp 100 frg 1
ARGLOG Joe Rogan t 106.6 pos '996.3 959.3 -231.8' spd  57.3 yaw 0 mode 2 st 7 gl 1 hp 123 frg 1
ARGLOG Carmack t 106.6 pos '717.4 2095.9 -406.6' spd  89.8 yaw 296 mode 2 st 20 gl 0 hp 100 frg 0
ARGUS Carmack wallslide
ARGEVT Carmack jump
ARGLOG Romero t 106.9 pos '-135.2 2057.1 -152.0' spd 368.7 yaw 330 mode 2 st 4 gl 0 hp 100 frg 1
ARGLOG Joe Rogan t 107.1 pos '904.2 877.6 -296.0' spd 449.4 yaw 4 mode 2 st 7 gl 1 hp 123 frg 1
ARGLOG Carmack t 107.1 pos '704.0 1950.7 -364.6' spd 323.3 yaw 321 mode 2 st 20 gl 0 hp 100 frg 0
ARGEVT Joe Rogan swim
ARGEVT Carmack hazard
ARGLOG Romero t 107.4 pos ' 11.1 1972.6 -184.0' spd 320.1 yaw 289 mode 2 st 4 gl 0 hp 100 frg 1
ARGLOG Joe Rogan t 107.6 pos '992.0 740.4 -308.1' spd  78.6 yaw 41 mode 2 st 7 gl 1 hp 122 frg 1
ARGLOG Carmack t 107.6 pos '784.0 1951.2 -388.4' spd 289.4 yaw 311 mode 2 st 20 gl 0 hp 100 frg 0
ARGEVT Romero route 32 start '145.0 1889.0 -184.0' goal '529.0 2465.0 -88.0'
ARGLOG Romero t 107.9 pos '154.4 1889.7 -184.0' spd 337.8 yaw 257 mode 2 st 4 gl 0 hp 100 frg 1
ARGEVT Joe Rogan swim
ARGEVT Romero hazard
ARGLOG Joe Rogan t 108.1 pos '992.0 754.4 -295.8' spd  69.2 yaw 38 mode 2 st 7 gl 1 hp 122 frg 1
ARGLOG Carmack t 108.1 pos '859.4 1840.3 -408.0' spd 351.7 yaw 336 mode 2 st 20 gl 0 hp 100 frg 0
ARGEVT Joe Rogan swim
ARGEVT Joe Rogan swim
ARGEVT Joe Rogan swim
ARGUS Romero wallslide
ARGLOG Romero t 108.4 pos '226.3 1856.5 -184.0' spd 248.8 yaw 247 mode 2 st 4 gl 0 hp 100 frg 1
ARGEVT Joe Rogan swim
ARGEVT Joe Rogan swim
ARGLOG Joe Rogan t 108.6 pos '992.0 795.5 -295.1' spd  88.0 yaw 29 mode 2 st 7 gl 1 hp 121 frg 1
ARGLOG Carmack t 108.6 pos '989.8 1729.0 -408.0' spd 334.9 yaw 354 mode 2 st 20 gl 0 hp 100 frg 0
ARGEVT Joe Rogan swim
ARGEVT Joe Rogan swim
ARGEVT Joe Rogan swim
ARGLOG Romero t 108.9 pos '143.3 1782.2 -184.0' spd 328.7 yaw 255 mode 2 st 4 gl 0 hp 100 frg 1
ARGEVT Joe Rogan swim
ARGEVT Joe Rogan swim
ARGLOG Joe Rogan t 109.1 pos '992.0 843.7 -295.0' spd  99.5 yaw 16 mode 2 st 7 gl 1 hp 121 frg 1
ARGLOG Carmack t 109.1 pos '1152.4 1703.1 -408.0' spd 320.2 yaw 312 mode 2 st 20 gl 0 hp 100 frg 0
ARGUS Joe Rogan wallslide
ARGLOG Romero t 109.5 pos '129.7 1616.0 -200.0' spd 329.1 yaw 298 mode 2 st 4 gl 0 hp 100 frg 1
ARGLOG Joe Rogan t 109.6 pos '992.0 935.9 -264.0' spd 186.4 yaw 348 mode 2 st 7 gl 1 hp 120 frg 1
ARGLOG Carmack t 109.6 pos '1168.0 1700.2 -408.0' spd   0.9 yaw 309 mode 2 st 20 gl 0 hp 100 frg 0
ARGEVT Joe Rogan hazard
ARGLOG Romero t 110.0 pos ' 92.4 1447.2 -200.0' spd 404.5 yaw 294 mode 2 st 4 gl 0 hp 100 frg 1
ARGLOG Joe Rogan t 110.2 pos '992.0 944.0 -264.0' spd 0 yaw 346 mode 2 st 7 gl 1 hp 120 frg 1
ARGLOG Carmack t 110.2 pos '1168.0 1699.7 -408.0' spd   0.8 yaw 309 mode 2 st 20 gl 0 hp 100 frg 0
ARGEVT Carmack stall
ARGEVT Carmack stallnode '1265.0 1697.0 -408.0'
ARGEVT Carmack jump
ARGUS Romero wallslide
ARGEVT Carmack route 24 start '1105.0 1729.0 -408.0' goal '145.0 2337.0  40.0'
ARGEVT Joe Rogan stall
ARGEVT Joe Rogan stallnode '1201.0 961.0 -256.0'
ARGEVT Joe Rogan jump
ARGLOG Romero t 110.5 pos '176.0 1331.6 -184.0' spd  63.8 yaw 271 mode 2 st 4 gl 0 hp 100 frg 1
ARGEVT Joe Rogan route 14 start '977.0 993.0 -248.0' goal '-335.0 2913.0 -56.0'
ARGLOG Joe Rogan t 110.7 pos '995.6 951.3 -220.5' spd  36.9 yaw 2 mode 2 st 8 gl 1 hp 119 frg 1
ARGLOG Carmack t 110.7 pos '1178.6 1718.8 -375.3' spd  61.5 yaw 304 mode 2 st 21 gl 0 hp 100 frg 0
ARGLOG Romero t 111.0 pos '176.0 1334.3 -184.0' spd   5.0 yaw 271 mode 2 st 4 gl 0 hp 100 frg 1
ARGEVT Romero stall
ARGEVT Romero stallnode '273.0 1345.0 -200.0'
ARGEVT Romero jump
ARGEVT Romero route 29 start '177.0 1281.0 -160.0' goal '529.0 2465.0 -88.0'
ARGLOG Joe Rogan t 111.2 pos '933.7 942.6 -264.0' spd 391.5 yaw 350 mode 2 st 8 gl 1 hp 119 frg 1
ARGLOG Carmack t 111.2 pos '1279.4 1686.3 -408.0' spd 393.1 yaw 274 mode 2 st 21 gl 0 hp 100 frg 0
ARGEVT Joe Rogan swim
ARGLOG Romero t 111.5 pos '190.1 1351.0 -144.0' spd 108.1 yaw 328 mode 2 st 5 gl 0 hp 100 frg 1
ARGLOG Joe Rogan t 111.7 pos '986.7 762.0 -314.3' spd 356.9 yaw 36 mode 2 st 8 gl 1 hp 118 frg 1
ARGLOG Carmack t 111.7 pos '1331.9 1520.9 -408.0' spd 327.0 yaw 263 mode 2 st 21 gl 0 hp 100 frg 0
ARGEVT Carmack jump
ARGLOG Romero t 112.0 pos '212.5 1189.2 -160.0' spd 405.9 yaw 349 mode 2 st 5 gl 0 hp 100 frg 1
ARGLOG Joe Rogan t 112.2 pos '992.0 741.6 -295.2' spd  64.4 yaw 41 mode 2 st 8 gl 1 hp 117 frg 1
ARGLOG Carmack t 112.2 pos '1307.7 1356.3 -364.9' spd 324.6 yaw 261 mode 2 st 21 gl 0 hp 100 frg 0
ARGEVT Joe Rogan swim
ARGEVT Romero hazard
ARGEVT Joe Rogan swim
ARGEVT Joe Rogan swim
ARGLOG Romero t 112.5 pos '337.6 1051.3 -200.0' spd  67.5 yaw 17 mode 2 st 5 gl 0 hp 100 frg 1
ARGEVT Joe Rogan swim
ARGUS Romero wallslide
ARGLOG Joe Rogan t 112.7 pos '992.0 779.4 -296.1' spd  81.2 yaw 33 mode 2 st 8 gl 1 hp 117 frg 1
ARGEVT Joe Rogan swim
ARGLOG Carmack t 112.7 pos '1285.3 1193.7 -284.8' spd 321.7 yaw 249 mode 2 st 21 gl 0 hp 100 frg 0
ARGEVT Joe Rogan swim
ARGEVT Joe Rogan swim
ARGLOG Romero t 113.0 pos '344.0 1198.3 -217.4' spd 367.3 yaw 341 mode 2 st 5 gl 0 hp 100 frg 1
ARGEVT Joe Rogan swim
ARGEVT Joe Rogan swim
ARGLOG Joe Rogan t 113.2 pos '992.0 826.5 -295.6' spd 100.6 yaw 21 mode 2 st 8 gl 1 hp 116 frg 1
ARGLOG Carmack t 113.2 pos '1239.2 1036.5 -256.0' spd 320.8 yaw 244 mode 2 st 21 gl 0 hp 100 frg 0
ARGEVT Joe Rogan swim
ARGEVT Romero swim
ARGEVT Joe Rogan swim
ARGUS Joe Rogan wallslide
ARGEVT Carmack hazard
ARGLOG Romero t 113.6 pos '344.0 1273.4 -294.9' spd  43.0 yaw 305 mode 2 st 5 gl 0 hp 100 frg 1
ARGEVT Romero swim
ARGUS Carmack wallslide
ARGEVT Romero swim
ARGLOG Joe Rogan t 113.7 pos '992.0 894.6 -280.0' spd 212.8 yaw 0 mode 2 st 8 gl 1 hp 116 frg 1
ARGLOG Carmack t 113.7 pos '1200.1 876.0 -256.0' spd 300.0 yaw 142 mode 2 st 21 gl 0 hp 100 frg 0
ARGEVT Romero swim
ARGEVT Romero swim
ARGEVT Romero swim
ARGLOG Romero t 114.1 pos '344.3 1243.4 -295.1' spd  66.7 yaw 308 mode 2 st 5 gl 0 hp 100 frg 1
ARGEVT Romero swim
ARGLOG Joe Rogan t 114.3 pos '1035.0 990.9 -248.0' spd 361.2 yaw 325 mode 2 st 8 gl 1 hp 115 frg 1
ARGEVT Romero swim
ARGLOG Carmack t 114.3 pos '1245.5 947.6 -256.0' spd 320 yaw 146 mode 2 st 21 gl 0 hp 100 frg 0
ARGEVT Joe Rogan hazard
ARGEVT Romero swim
ARGEVT Romero swim
ARGLOG Romero t 114.6 pos '356.9 1207.3 -296.0' spd  83.7 yaw 310 mode 2 st 5 gl 0 hp 100 frg 1
ARGEVT Romero swim
ARGEVT Carmack route 19 start '1265.0 1089.0 -256.0' goal '145.0 2337.0  40.0'
ARGEVT Romero swim
ARGLOG Joe Rogan t 114.8 pos '1086.9 1050.5 -248.0' spd 223.9 yaw 299 mode 2 st 8 gl 1 hp 115 frg 1
ARGUS Joe Rogan wallslide
ARGLOG Carmack t 114.8 pos '1287.2 1114.4 -256.0' spd 425.1 yaw 242 mode 2 st 21 gl 0 hp 100 frg 0
ARGEVT Carmack hazard
ARGEVT Romero swim
ARGEVT Romero swim
ARGEVT Romero swim
ARGLOG Romero t 115.1 pos '389.9 1182.5 -295.9' spd  88.2 yaw 308 mode 2 st 5 gl 0 hp 100 frg 1
ARGEVT Romero swim
ARGLOG Joe Rogan t 115.3 pos '1086.0 989.4 -248.0' spd 113.4 yaw 312 mode 2 st 8 gl 1 hp 114 frg 1
ARGEVT Romero swim
ARGLOG Carmack t 115.3 pos '1263.2 1138.2 -246.4' spd 328.9 yaw 249 mode 2 st 21 gl 0 hp 100 frg 0
ARGEVT Joe Rogan hazard
ARGEVT Romero swim
ARGEVT Romero swim
ARGLOG Romero t 115.6 pos '440.8 1184.1 -295.8' spd 110.7 yaw 299 mode 2 st 5 gl 0 hp 100 frg 1
ARGEVT Romero swim
ARGEVT Romero swim
ARGUS Joe Rogan wallslide
ARGLOG Joe Rogan t 115.8 pos '1088.0 1037.6 -248.0' spd  81.6 yaw 300 mode 2 st 8 gl 1 hp 114 frg 1
ARGLOG Carmack t 115.8 pos '1218.0 978.2 -256.0' spd 321.1 yaw 44 mode 2 st 21 gl 0 hp 100 frg 0
ARGEVT Romero swim
ARGEVT Carmack hazard
ARGEVT Romero swim
ARGLOG Romero t 116.1 pos '503.9 1169.9 -305.9' spd 155.7 yaw 308 mode 2 st 5 gl 0 hp 100 frg 1
ARGLOG Joe Rogan t 116.3 pos '1088.0 1065.7 -248.0' spd  44.3 yaw 296 mode 2 st 8 gl 1 hp 113 frg 1
ARGLOG Carmack t 116.3 pos '1189.2 928.0 -255.9' spd  37.2 yaw 144 mode 2 st 21 gl 0 hp 100 frg 0
ARGEVT Joe Rogan hazard
ARGLOG Romero t 116.6 pos '555.5 1083.4 -305.0' spd 235.2 yaw 311 mode 2 st 5 gl 0 hp 100 frg 1
ARGUS routecache adopt
ARGEVT Carmack route 19 start '1265.0 1089.0 -256.0' goal '145.0 2337.0  40.0'
ARGUS Joe Rogan wallslide
ARGLOG Joe Rogan t 116.8 pos '1087.9 1017.9 -248.0' spd 136.9 yaw 304 mode 2 st 8 gl 1 hp 113 frg 1
ARGLOG Carmack t 116.8 pos '1304.1 1043.9 -256.0' spd 386.2 yaw 228 mode 2 st 21 gl 0 hp 100 frg 0
ARGEVT Romero engage Joe Rogan
ARGUS Romero threatmove range 2
ARGEVT Romero grab 
ARGEVT Joe Rogan engage Romero
ARGUS Joe Rogan threatmove range 2
ARGEVT Carmack hazard
ARGLOG Romero t 117.1 pos '609.7 972.2 -304.8' spd 241.8 yaw 359.7 mode 2 st 5 gl 0 hp 100 frg 1
ARGLOG Joe Rogan t 117.3 pos '1058.5 1047.9 -248.0' spd 142.8 yaw 197.6 mode 2 st 8 gl 1 hp 112 frg 1
ARGLOG Carmack t 117.3 pos '1269.3 1184.4 -280.2' spd 116.7 yaw 251 mode 2 st 21 gl 0 hp 100 frg 0
ARGLOG Romero t 117.6 pos '694.2 936.7 -294.8' spd 163.6 yaw  12.3 mode 2 st 5 gl 0 hp 88 frg 1
ARGEVT Romero swim
ARGEVT Romero swim
ARGLOG Joe Rogan t 117.8 pos '990.0 1052.5 -248.0' spd 320.0 yaw 204.0 mode 2 st 8 gl 1 hp 108 frg 1
ARGLOG Carmack t 117.8 pos '1226.4 1018.5 -223.6' spd 365.7 yaw 184 mode 2 st 21 gl 0 hp 100 frg 0
ARGEVT Romero swim
ARGEVT Romero swim
ARGEVT Carmack hazard
ARGUS Carmack wallslide
ARGEVT Romero swim
ARGLOG Romero t 118.1 pos '721.5 954.0 -295.1' spd  30.5 yaw  32.0 mode 2 st 5 gl 0 hp 64 frg 1
ARGEVT Romero swim
ARGEVT Romero swim
ARGLOG Joe Rogan t 118.3 pos '979.7 1017.3 -248.0' spd 335.3 yaw 200.4 mode 2 st 8 gl 1 hp 84 frg 1
ARGLOG Carmack t 118.3 pos '1173.3 957.4 -256.0' spd 294.7 yaw 144 mode 2 st 21 gl 0 hp 100 frg 0
ARGEVT Romero swim
ARGUS Joe Rogan wallslide
ARGEVT Romero swim
ARGLOG Romero t 118.7 pos '720.1 930.4 -296.0' spd  72.6 yaw 358.8 mode 2 st 5 gl 0 hp 56 frg 1
ARGEVT Romero swim
ARGEVT Romero swim
ARGEVT Carmack engage Romero
ARGUS Carmack threatmove range 2
ARGEVT Carmack grab item_armor2
ARGLOG Joe Rogan t 118.9 pos '960.3 858.6 -296.0' spd 320.8 yaw 172.1 mode 2 st 8 gl 1 hp 84 frg 1
ARGLOG Carmack t 118.9 pos '1218.5 1025.7 -256.0' spd 347.4 yaw 170.0 mode 2 st 21 gl 0 hp 100 frg 0
ARGEVT Romero swim
ARGEVT Joe Rogan swim
ARGUS routecache adopt
ARGEVT Carmack route 19 start '1265.0 1089.0 -256.0' goal '145.0 2337.0  40.0'
ARGUS Romero threatmove retreat 2
ARGEVT Romero retreat
ARGEVT Romero swim
ARGEVT Romero swim
ARGLOG Romero t 119.2 pos '689.2 910.9 -295.4' spd 161.0 yaw 338.9 mode 2 st 5 gl 0 hp 32 frg 1
ARGEVT Romero swim
ARGEVT Romero swim
ARGLOG Joe Rogan t 119.4 pos '929.3 692.6 -305.8' spd 255.7 yaw 138.8 mode 0 st 8 gl 1 hp 60 frg 1
ARGLOG Carmack t 119.4 pos '1314.3 1041.4 -256.0' spd 267.0 yaw 182.1 mode 2 st 21 gl 0 hp 100 frg 0
ARGEVT Romero swim
ARGEVT Joe Rogan route 15 start '945.0 609.0 -320.0' goal '-335.0 2913.0 -56.0'
ARGEVT Romero swim
ARGLOG Romero t 119.7 pos '625.6 969.0 -296.1' spd 175.4 yaw 313.7 mode 2 st 5 gl 0 hp 32 frg 1
ARGEVT Romero swim
ARGEVT Joe Rogan swim
ARGEVT Joe Rogan pursue
ARGEVT Romero pursue
ARGUS Joe Rogan hunch item_health
ARGEVT Romero swim
ARGEVT Joe Rogan plan powerup via weapon
ARGEVT Joe Rogan goal weapon_supernailgun
ARGEVT Joe Rogan pursue
ARGEVT Joe Rogan swim
ARGEVT Joe Rogan route 14 start '945.0 609.0 -320.0' goal '817.0 2433.0 -344.0'
ARGLOG Joe Rogan t 119.9 pos '932.0 663.1 -295.1' spd  47.6 yaw 340.2 mode 2 st 8 gl 1 hp 60 frg 1
ARGLOG Carmack t 119.9 pos '1311.0 1044.1 -256.0' spd  50.4 yaw 182.1 mode 2 st 21 gl 0 hp 100 frg 0
ARGEVT Romero swim
ARGEVT Joe Rogan swim
ARGEVT Romero swim
ARGEVT Joe Rogan swim
ARGEVT Romero swim
ARGEVT Joe Rogan swim
ARGLOG Romero t 120.2 pos '618.2 971.8 -295.5' spd  62.2 yaw 319 mode 2 st 5 gl 0 hp 32 frg 1
ARGEVT Romero swim
ARGEVT Joe Rogan swim
ARGEVT Carmack grab weapon_grenadelauncher
ARGLOG Joe Rogan t 120.4 pos '962.5 669.6 -295.5' spd  79.6 yaw 112.8 mode 2 st 8 gl 1 hp 60 frg 1
ARGEVT Romero swim
ARGLOG Carmack t 120.4 pos '1289.9 1050.1 -256.0' spd 310.2 yaw 192.8 mode 2 st 21 gl 0 hp 100 frg 0
ARGEVT Joe Rogan swim
ARGUS Romero crossfire retreat
ARGEVT Joe Rogan swim
ARGEVT Romero swim
ARGEVT Joe Rogan swim
ARGEVT Romero swim
ARGLOG Romero t 120.7 pos '645.5 968.1 -294.9' spd  71.4 yaw 317.1 mode 2 st 5 gl 0 hp 32 frg 1
ARGEVT Joe Rogan swim
ARGEVT Romero swim
ARGEVT Joe Rogan swim
ARGEVT Romero swim
ARGLOG Joe Rogan t 120.9 pos '963.2 638.2 -295.1' spd  82.3 yaw 133.9 mode 2 st 8 gl 1 hp 52 frg 1
ARGLOG Carmack t 120.9 pos '1223.3 1046.0 -256.0' spd  26.6 yaw 184.5 mode 2 st 21 gl 0 hp 100 frg 0
ARGEVT Romero swim
ARGEVT Joe Rogan swim
ARGEVT Romero swim
