LOG started on: 09/18/2026 07:46:14 
Playing registered version.
UDP Initialized
WIPX_OpenSocket: Address family not supported by protocol family
WIPX_Init: Unable to open control socket, IPX disabled
Exe: 20:02:47 Jul 31 2024
256.0 megabyte heap

Language initialization
Couldn't load 'localization/loc_english.txt'
from 'C:\argus\engine'

========= Quake Initialized =========

execing autoexec.cfg
SpawnServer: e1m1
Clearing memory
Programs occupy 909K.
trying to open external vis file
maps/e1m1.vis not found, trying argus.vis
external vis not found
Loaded external entity file maps/e1m1@c49d.ent
ARGUS slots 8
ARGUS worldspawn reached
ARGNAV 238 nodes, 962 links
13 entities inhibited
ARGUS init on e1m1
ARGEVT Carmack spawned
ARGEVT Romero spawned
ARGEVT Joe Rogan spawned
Server spawned.
ARGLOG Joe Rogan t   1.2 pos '480.0  48.0  24.0' spd 0 yaw  87.6 mode 0 st 0 gl 0 hp 100 frg 0
ARGLOG Romero t   1.2 pos '-272.0 2928.0 -56.0' spd 0 yaw  47.5 mode 0 st 0 gl 0 hp 100 frg 0
ARGLOG Carmack t   1.2 pos '1312.0 880.0 -256.0' spd 0 yaw 119.6 mode 0 st 0 gl 0 hp 100 frg 0
ARGEVT Romero hazard
ARGLOG Joe Rogan t   1.7 pos '487.7 195.0  24.0' spd 320 yaw  87.6 mode 0 st 0 gl 0 hp 100 frg 0
ARGLOG Romero t   1.7 pos '-247.2 2951.4 -56.0' spd 320.5 yaw 221.6 mode 0 st 0 gl 0 hp 100 frg 0
ARGLOG Carmack t   1.7 pos '1240.6 1008.8 -256.0' spd 320 yaw 119.6 mode 0 st 0 gl 0 hp 100 frg 0
ARGLOG Joe Rogan t   2.2 pos '496.2 356.4  24.0' spd 320 yaw  87.6 mode 0 st 0 gl 0 hp 100 frg 0
ARGLOG Romero t   2.2 pos '-191.4 2852.9 -56.0' spd 324.2 yaw 344.5 mode 0 st 0 gl 0 hp 100 frg 0
ARGLOG Carmack t   2.2 pos '1191.8 997.3 -256.0' spd 322.1 yaw 272.7 mode 0 st 0 gl 0 hp 100 frg 0
ARGLOG Joe Rogan t   2.7 pos '504.6 517.8  24.0' spd 320 yaw  87.6 mode 0 st 0 gl 0 hp 100 frg 0
ARGLOG Romero t   2.7 pos '-39.0 2800.5 -56.0' spd 265.2 yaw 195.2 mode 0 st 0 gl 0 hp 100 frg 0
ARGLOG Carmack t   2.7 pos '1191.1 928.0 -256.0' spd   2.1 yaw 272.7 mode 0 st 0 gl 0 hp 100 frg 0
ARGLOG Joe Rogan t   3.2 pos '513.2 682.0  24.0' spd 320 yaw  87.6 mode 0 st 0 gl 0 hp 100 frg 0
ARGLOG Romero t   3.2 pos '-151.4 2734.6 -72.0' spd 320.6 yaw 195.2 mode 0 st 0 gl 0 hp 100 frg 0
ARGLOG Carmack t   3.2 pos '1192.2 928.0 -256.0' spd   2.3 yaw 272.7 mode 0 st 0 gl 0 hp 100 frg 0
ARGUS Joe Rogan wallslide
ARGLOG Joe Rogan t   3.7 pos '559.6 688.0  24.0' spd 0 yaw  44.4 mode 0 st 0 gl 0 hp 100 frg 0
ARGLOG Romero t   3.7 pos '-306.5 2687.1 -88.0' spd 320.0 yaw 195.2 mode 0 st 0 gl 0 hp 100 frg 0
ARGLOG Carmack t   3.7 pos '1193.4 928.0 -256.0' spd   2.3 yaw 272.7 mode 0 st 0 gl 0 hp 100 frg 0
ARGEVT Carmack stall
ARGEVT Carmack jump
ARGEVT Joe Rogan plan powerup via weapon
ARGEVT Joe Rogan goal weapon_rocketlauncher
ARGEVT Romero plan powerup via weapon
ARGEVT Romero goal weapon_supernailgun
ARGEVT Carmack goal item_health
ARGEVT Joe Rogan route 25 start '497.0 641.0  24.0' goal '145.0 2337.0  40.0'
ARGEVT Romero hazard
ARGLOG Joe Rogan t   4.3 pos '559.8 688.0  24.0' spd   8.1 yaw 197 mode 2 st 0 gl 0 hp 100 frg 0
ARGLOG Romero t   4.3 pos '-460.5 2629.8 -104.0' spd 381.8 yaw 255.0 mode 0 st 0 gl 0 hp 100 frg 0
ARGLOG Carmack t   4.3 pos '1202.2 938.6 -217.3' spd  42.3 yaw 111.8 mode 0 st 1 gl 0 hp 100 frg 0
ARGEVT Romero route 27 start '-431.0 2561.0 -104.0' goal '817.0 2433.0 -344.0'
ARGEVT Carmack route 14 start '1201.0 961.0 -256.0' goal '945.0 993.0 -248.0'
ARGEVT Carmack hazard
ARGUS Carmack wallslide
ARGLOG Joe Rogan t   4.8 pos '426.2 657.9  24.0' spd 395.5 yaw 199 mode 2 st 0 gl 0 hp 100 frg 0
ARGLOG Romero t   4.8 pos '-371.8 2479.8 -136.0' spd 363.5 yaw 310 mode 2 st 0 gl 0 hp 100 frg 0
ARGLOG Carmack t   4.8 pos '1186.9 933.9 -256.0' spd 240 yaw 144 mode 2 st 1 gl 0 hp 100 frg 0
ARGUS Joe Rogan wallslide
ARGLOG Joe Rogan t   5.3 pos '364.6 528.6  24.0' spd 320.0 yaw 176 mode 2 st 0 gl 0 hp 100 frg 0
ARGLOG Romero t   5.3 pos '-230.1 2399.5 -136.0' spd 340.0 yaw 284 mode 2 st 0 gl 0 hp 100 frg 0
ARGLOG Carmack t   5.3 pos '1194.3 1061.5 -256.0' spd 337.0 yaw 148 mode 2 st 1 gl 0 hp 100 frg 0
ARGUS Romero wallslide
ARGEVT Carmack route 15 start '1265.0 1089.0 -256.0' goal '945.0 993.0 -248.0'
ARGLOG Joe Rogan t   5.8 pos '200.4 540.4  24.0' spd 320.0 yaw 179 mode 2 st 0 gl 0 hp 100 frg 0
ARGLOG Romero t   5.8 pos '-210.7 2231.8 -136.0' spd 323.0 yaw 317 mode 2 st 0 gl 0 hp 100 frg 0
ARGLOG Carmack t   5.8 pos '1360.9 1018.5 -256.0' spd 484.1 yaw 200 mode 2 st 1 gl 0 hp 100 frg 0
ARGEVT Joe Rogan lift
ARGDBG Joe Rogan hazardproof 7 slime 1 lava 0
ARGDBG Romero hazardproof 7 slime 1 lava 0
ARGDBG Carmack hazardproof 7 slime 1 lava 0
ARGEVT Carmack hazard
ARGEVT Joe Rogan door
ARGEVT Joe Rogan board
ARGLOG Joe Rogan t   6.3 pos ' 35.8 551.6  24.0' spd 322.2 yaw 166 mode 2 st 0 gl 0 hp 100 frg 0
ARGLOG Romero t   6.3 pos '-153.0 2075.6 -152.0' spd 357.6 yaw 328 mode 2 st 0 gl 0 hp 100 frg 0
ARGLOG Carmack t   6.3 pos ' 83.5 2973.9 -104.0' spd 160 yaw 170.0 mode 0 st 1 gl 0 hp 100 frg 0
ARGLOG Joe Rogan t   6.8 pos '-42.8 567.3  24.0' spd 108.4 yaw 212 mode 2 st 0 gl 0 hp 100 frg 0
ARGLOG Romero t   6.8 pos ' -8.9 1980.8 -184.0' spd 320.0 yaw 291 mode 2 st 0 gl 0 hp 100 frg 0
ARGLOG Carmack t   6.8 pos ' 80.3 2980.7 -104.0' spd 160 yaw 195 mode 0 st 1 gl 0 hp 100 frg 0
ARGEVT Carmack hazard
ARGLOG Joe Rogan t   7.3 pos '-42.8 567.3  24.0' spd 0 yaw 212 mode 2 st 0 gl 0 hp 100 frg 0
ARGLOG Romero t   7.3 pos '130.3 1901.0 -184.0' spd 327.2 yaw 347.2 mode 0 st 0 gl 0 hp 100 frg 0
ARGLOG Carmack t   7.3 pos ' 80.8 2980.8 -104.0' spd 160 yaw 195 mode 0 st 1 gl 0 hp 100 frg 0
ARGEVT Carmack stall
ARGEVT Carmack jump
ARGEVT Romero route 22 start '145.0 1889.0 -184.0' goal '817.0 2433.0 -344.0'
ARGEVT Carmack route 18 start ' 49.0 2977.0 -88.0' goal '945.0 993.0 -248.0'
ARGEVT Romero hazard
ARGLOG Joe Rogan t   7.8 pos '-42.8 567.3  24.0' spd 0 yaw 212 mode 2 st 0 gl 0 hp 100 frg 0
ARGLOG Romero t   7.8 pos '240.4 1859.5 -184.0' spd 219.7 yaw 246 mode 2 st 0 gl 0 hp 100 frg 0
ARGLOG Carmack t   7.8 pos ' 16.0 2960.7 -69.6' spd  48.3 yaw 204 mode 2 st 2 gl 0 hp 100 frg 0
ARGUS Romero wallslide
ARGEVT Carmack hazard
ARGLOG Joe Rogan t   8.3 pos '-42.8 567.3  24.0' spd 0 yaw 212 mode 2 st 0 gl 0 hp 100 frg 0
ARGLOG Romero t   8.3 pos '145.1 1793.1 -184.0' spd 331.3 yaw 255 mode 2 st 0 gl 0 hp 100 frg 0
ARGLOG Carmack t   8.3 pos ' 62.7 2978.4 -88.0' spd 160.0 yaw 204 mode 2 st 2 gl 0 hp 100 frg 0
ARGLOG Joe Rogan t   8.8 pos '-42.8 567.3  24.0' spd 0 yaw 212 mode 2 st 0 gl 0 hp 100 frg 0
ARGLOG Romero t   8.8 pos '131.0 1630.6 -200.0' spd 332.1 yaw 268 mode 2 st 0 gl 0 hp 100 frg 0
ARGLOG Carmack t   8.8 pos ' 83.2 2983.3 -104.0' spd 160 yaw 203 mode 2 st 2 gl 0 hp 100 frg 0
ARGLOG Joe Rogan t   9.4 pos '-42.8 567.3  24.0' spd 0 yaw 212 mode 2 st 0 gl 0 hp 100 frg 0
ARGLOG Romero t   9.4 pos ' 89.3 1464.9 -200.0' spd 385.3 yaw 310.1 mode 0 st 0 gl 0 hp 100 frg 0
ARGLOG Carmack t   9.4 pos '-13.2 2965.7 -56.0' spd 320.1 yaw 208 mode 2 st 2 gl 0 hp 100 frg 0
ARGEVT Romero route 20 start ' 49.0 1441.0 -200.0' goal '817.0 2433.0 -344.0'
ARGLOG Joe Rogan t   9.9 pos '-42.8 567.3  24.0' spd 0 yaw 212 mode 2 st 0 gl 0 hp 100 frg 0
ARGLOG Romero t   9.9 pos '133.3 1296.3 -184.0' spd 327.0 yaw 292 mode 2 st 0 gl 0 hp 100 frg 0
ARGLOG Carmack t   9.9 pos '-175.8 2926.9 -56.0' spd 359.7 yaw 262 mode 2 st 2 gl 0 hp 100 frg 0
ARGEVT Romero jump
ARGLOG Joe Rogan t  10.4 pos '-42.8 567.3  24.0' spd 0 yaw 212 mode 2 st 0 gl 0 hp 100 frg 0
ARGLOG Romero t  10.4 pos '117.5 1130.3 -140.6' spd 323.6 yaw 16 mode 2 st 0 gl 0 hp 100 frg 0
ARGLOG Carmack t  10.4 pos '-242.0 2763.2 -72.0' spd 328.4 yaw 271 mode 2 st 2 gl 0 hp 100 frg 0
ARGLOG Joe Rogan t  10.9 pos '-42.8 567.3  24.0' spd 0 yaw 212 mode 2 st 0 gl 0 hp 100 frg 0
ARGLOG Romero t  10.9 pos '176.0 1086.9 -184.0' spd 192.7 yaw 30 mode 2 st 0 gl 0 hp 100 frg 0
ARGLOG Carmack t  10.9 pos '-229.0 2598.2 -88.0' spd 321.4 yaw 279 mode 2 st 2 gl 0 hp 100 frg 0
ARGEVT Romero jump
ARGLOG Joe Rogan t  11.4 pos '-42.8 567.3  24.0' spd 0 yaw 212 mode 2 st 0 gl 0 hp 100 frg 0
ARGLOG Romero t  11.4 pos '180.1 1248.5 -143.8' spd 324.6 yaw 342 mode 2 st 0 gl 0 hp 100 frg 0
ARGLOG Carmack t  11.4 pos '-223.1 2433.0 -136.0' spd 321.4 yaw 282 mode 2 st 2 gl 0 hp 100 frg 0
ARGEVT Carmack hazard
ARGLOG Joe Rogan t  11.9 pos '-42.8 567.3  24.0' spd 0 yaw 212 mode 2 st 0 gl 0 hp 100 frg 0
ARGLOG Romero t  11.9 pos '325.7 1325.9 -189.7' spd 372.3 yaw 319 mode 2 st 0 gl 0 hp 100 frg 0
ARGLOG Carmack t  11.9 pos '-155.9 2409.0 -125.5' spd 162.6 yaw 273 mode 2 st 2 gl 0 hp 100 frg 0
ARGEVT Romero hazard
ARGLOG Joe Rogan t  12.4 pos '-42.8 567.3  24.0' spd 0 yaw 212 mode 2 st 0 gl 0 hp 100 frg 0
ARGLOG Romero t  12.4 pos '334.3 1287.5 -203.0' spd 311.1 yaw 324 mode 2 st 0 gl 0 hp 100 frg 0
ARGLOG Carmack t  12.4 pos '-155.2 2264.4 -136.0' spd 320.9 yaw 305 mode 2 st 2 gl 0 hp 100 frg 0
ARGEVT Romero swim
ARGLOG Joe Rogan t  12.9 pos '-42.8 567.3  24.0' spd 0 yaw 212 mode 2 st 0 gl 0 hp 100 frg 0
ARGLOG Romero t  12.9 pos '344.0 1147.9 -295.4' spd 117.4 yaw 353 mode 2 st 0 gl 0 hp 100 frg 0
ARGLOG Carmack t  12.9 pos '-146.9 2103.9 -152.0' spd 321.4 yaw 324 mode 2 st 2 gl 0 hp 100 frg 0
ARGEVT Romero swim
ARGEVT Romero swim
ARGEVT Romero swim
ARGEVT Romero swim
ARGEVT Romero swim
ARGLOG Joe Rogan t  13.4 pos '-42.8 567.3  24.0' spd 0 yaw 212 mode 2 st 0 gl 0 hp 100 frg 0
ARGLOG Romero t  13.4 pos '344.0 1167.8 -295.9' spd  60.0 yaw 348 mode 2 st 0 gl 0 hp 100 frg 0
ARGLOG Carmack t  13.4 pos '-33.0 1973.0 -184.0' spd 321.1 yaw 294 mode 2 st 2 gl 0 hp 100 frg 0
ARGEVT Romero swim
ARGEVT Romero swim
ARGEVT Romero swim
ARGEVT Romero swim
ARGLOG Joe Rogan t  14.0 pos '-42.8 567.3  24.0' spd 0 yaw 212 mode 2 st 0 gl 0 hp 100 frg 0
ARGLOG Romero t  14.0 pos '354.5 1200.9 -295.7' spd  85.3 yaw 311 mode 2 st 0 gl 0 hp 100 frg 0
ARGLOG Carmack t  14.0 pos '115.1 1901.3 -184.0' spd 327.1 yaw 262 mode 2 st 2 gl 0 hp 100 frg 0
ARGEVT Romero swim
ARGEVT Joe Rogan abandon
ARGUS Joe Rogan wallslide
ARGEVT Romero swim
ARGEVT Joe Rogan plan powerup via weapon
ARGEVT Joe Rogan goal weapon_supernailgun
ARGEVT Joe Rogan abandon
ARGEVT Carmack hazard
ARGEVT Romero swim
ARGEVT Romero swim
ARGEVT Joe Rogan plan powerup via weapon
ARGEVT Joe Rogan goal weapon_grenadelauncher
ARGEVT Joe Rogan route 15 start ' 81.0 545.0  24.0' goal '1201.0 1057.0 -408.0'
ARGEVT Romero swim
ARGEVT Joe Rogan abandon
ARGLOG Joe Rogan t  14.5 pos ' 44.1 542.7  24.0' spd 183.0 yaw 179 mode 0 st 0 gl 0 hp 100 frg 0
ARGLOG Romero t  14.5 pos '393.3 1224.1 -295.2' spd  96.9 yaw 303 mode 2 st 0 gl 0 hp 100 frg 0
ARGLOG Carmack t  14.5 pos '166.6 1753.0 -184.0' spd 320.9 yaw 250 mode 2 st 2 gl 0 hp 100 frg 0
ARGEVT Joe Rogan plan powerup via weapon
ARGEVT Joe Rogan goal weapon_supershotgun
ARGEVT Romero swim
ARGEVT Joe Rogan route 17 start ' 81.0 545.0  24.0' goal '-335.0 2913.0 -56.0'
ARGEVT Joe Rogan abandon
ARGEVT Romero swim
ARGEVT Joe Rogan goal item_artifact_invulnerability
ARGEVT Romero swim
ARGEVT Joe Rogan route 18 start ' 81.0 545.0  24.0' goal '241.0 1793.0 -40.0'
ARGEVT Romero swim
ARGEVT Romero swim
ARGLOG Joe Rogan t  15.0 pos '-43.9 602.2  24.0' spd 321.4 yaw 239 mode 2 st 0 gl 0 hp 100 frg 0
ARGLOG Romero t  15.0 pos '445.9 1233.3 -295.8' spd 113.0 yaw 293 mode 2 st 0 gl 0 hp 100 frg 0
ARGLOG Carmack t  15.0 pos '140.9 1588.7 -200.0' spd 325.0 yaw 267 mode 2 st 2 gl 0 hp 100 frg 0
ARGUS Joe Rogan wallslide
ARGEVT Romero swim
ARGEVT Romero swim
ARGEVT Romero swim
ARGEVT Romero swim
ARGEVT Joe Rogan jump
ARGLOG Joe Rogan t  15.5 pos ' 48.0 610.8  -5.3' spd 111.1 yaw 208 mode 2 st 0 gl 0 hp 100 frg 0
ARGLOG Romero t  15.5 pos '506.6 1226.0 -295.8' spd 125.0 yaw 282 mode 2 st 0 gl 0 hp 100 frg 0
ARGLOG Carmack t  15.5 pos ' 83.7 1430.1 -200.0' spd 328.9 yaw 291 mode 2 st 2 gl 0 hp 100 frg 0
ARGEVT Romero swim
ARGEVT Romero swim
ARGEVT Joe Rogan abandon
ARGEVT Joe Rogan goal item_artifact_super_damage
ARGLOG Joe Rogan t  16.0 pos ' 47.6 555.1   8.0' spd 115.0 yaw 181.6 mode 0 st 0 gl 0 hp 100 frg 0
ARGLOG Romero t  16.0 pos '557.8 1177.3 -303.4' spd 190.2 yaw 298 mode 2 st 0 gl 0 hp 100 frg 0
ARGLOG Carmack t  16.0 pos ' 93.9 1269.1 -184.0' spd 320.8 yaw 315 mode 2 st 2 gl 0 hp 100 frg 0
ARGEVT Joe Rogan route 34 start ' 81.0 545.0  24.0' goal '529.0 2465.0 -88.0'
ARGEVT Joe Rogan abandon
