LOG started on: 09/17/2026 18:12:38 
Playing registered version.
UDP Initialized
WIPX_OpenSocket: Address family not supported by protocol family
WIPX_Init: Unable to open control socket, IPX disabled
Exe: 20:02:47 Jul 31 2024
256.0 megabyte heap

Language initialization
Couldn't load 'localization/loc_english.txt'
from 'C:\argus\engine'

========= Quake Initialized =========

execing autoexec.cfg
SpawnServer: dm4
Clearing memory
Programs occupy 891K.
trying to open external vis file
maps/dm4.vis not found, trying argus.vis
external vis not found
ARGUS slots 8
ARGUS worldspawn reached
ARGNAV 137 nodes, 678 links
0 entities inhibited
ARGUS init on dm4
ARGEVT Carmack spawned
ARGEVT Romero spawned
ARGEVT Joe Rogan spawned
Server spawned.
ARGLOG Joe Rogan t   1.2 pos '-64.0 -232.0 -72.0' spd 0 yaw 357.6 mode 0 st 0 gl 0 hp 100 frg 0
ARGLOG Romero t   1.2 pos '112.0 -1136.0 -104.0' spd 0 yaw  92.5 mode 0 st 0 gl 0 hp 100 frg 0
ARGLOG Carmack t   1.2 pos '-64.0 512.0 -296.0' spd 0 yaw 299.6 mode 0 st 0 gl 0 hp 100 frg 0
ARGEVT Carmack hazard
ARGLOG Joe Rogan t   1.7 pos ' 82.0 -237.1 -72.0' spd 320 yaw 357.6 mode 0 st 0 gl 0 hp 100 frg 0
ARGLOG Romero t   1.7 pos '106.9 -990.0 -104.0' spd 320 yaw  92.5 mode 0 st 0 gl 0 hp 100 frg 0
ARGLOG Carmack t   1.7 pos '  4.8 468.8 -296.0' spd 335.8 yaw  66.4 mode 0 st 0 gl 0 hp 100 frg 0
ARGUS Carmack wallslide
ARGLOG Joe Rogan t   2.2 pos '248.3 -243.2 -78.0' spd 320 yaw 357.6 mode 0 st 0 gl 0 hp 100 frg 0
ARGLOG Romero t   2.2 pos '101.2 -828.1 -104.0' spd 320 yaw  92.5 mode 0 st 0 gl 0 hp 100 frg 0
ARGLOG Carmack t   2.2 pos ' -0.0 451.6 -296.0' spd 255.8 yaw 102.1 mode 0 st 0 gl 0 hp 100 frg 0
ARGLOG Joe Rogan t   2.7 pos '386.1 -236.6 -230.8' spd 145.7 yaw 151.1 mode 0 st 0 gl 0 hp 100 frg 0
ARGLOG Romero t   2.7 pos '149.8 -832.1 -104.0' spd 321.2 yaw 295.7 mode 0 st 0 gl 0 hp 100 frg 0
ARGLOG Carmack t   2.7 pos '-35.2 604.9 -296.0' spd 186.8 yaw 322.2 mode 0 st 0 gl 0 hp 200 frg 0
ARGEVT Carmack hazard
ARGEVT Joe Rogan hazard
ARGUS Carmack wallslide
ARGLOG Joe Rogan t   3.2 pos '385.1 -164.9 -296.0' spd 335.3 yaw 155.6 mode 0 st 0 gl 0 hp 100 frg 0
ARGLOG Romero t   3.2 pos '226.5 -975.2 -104.0' spd 320.0 yaw 295.7 mode 0 st 0 gl 0 hp 100 frg 0
ARGLOG Carmack t   3.2 pos '  9.0 498.8 -296.0' spd 330.7 yaw 296.8 mode 0 st 0 gl 0 hp 200 frg 0
ARGLOG Joe Rogan t   3.7 pos '355.0 -93.6 -296.0' spd 172.5 yaw  19.8 mode 0 st 0 gl 0 hp 100 frg 0
ARGLOG Romero t   3.7 pos '246.8 -1050.7 -104.0' spd 321.5 yaw 131.1 mode 0 st 0 gl 0 hp 100 frg 0
ARGLOG Carmack t   3.7 pos '-55.3 471.3 -296.0' spd 321.9 yaw 139.2 mode 0 st 0 gl 0 hp 200 frg 0
ARGEVT Joe Rogan goal weapon_rocketlauncher
ARGEVT Romero goal item_armorInv
ARGEVT Carmack goal weapon_lightning
ARGEVT Joe Rogan route 7 start '337.0 -119.0 -296.0' goal ' 81.0  73.0 -296.0'
ARGLOG Joe Rogan t   4.2 pos '371.2 -165.9 -296.0' spd 341.8 yaw 224.4 mode 0 st 0 gl 0 hp 100 frg 0
ARGLOG Romero t   4.2 pos '142.5 -923.7 -104.0' spd 384.9 yaw  70.9 mode 0 st 0 gl 0 hp 100 frg 0
ARGLOG Carmack t   4.2 pos '-72.9 515.5 -296.0' spd 346.4 yaw 307 mode 0 st 0 gl 0 hp 200 frg 0
ARGUS routecache adopt
ARGEVT Joe Rogan route 6 start '369.0 -215.0 -296.0' goal ' 81.0  73.0 -296.0'
ARGEVT Romero route 9 start '113.0 -951.0 -104.0' goal '817.0 -855.0 -232.0'
ARGEVT Joe Rogan hazard
ARGEVT Joe Rogan route 5 start '337.0 -247.0 -296.0' goal ' 81.0  73.0 -296.0'
ARGEVT Carmack hazard
ARGEVT Carmack route 17 start ' 81.0 425.0 -296.0' goal '529.0 -311.0 -104.0'
ARGEVT Romero hazard
ARGLOG Joe Rogan t   4.7 pos '225.0 -225.7 -296.0' spd 320.3 yaw 164 mode 2 st 0 gl 0 hp 100 frg 0
ARGLOG Romero t   4.7 pos '209.0 -764.2 -104.0' spd 343.8 yaw 57 mode 2 st 0 gl 0 hp 100 frg 0
ARGLOG Carmack t   4.7 pos ' 51.0 410.2 -296.0' spd 326.4 yaw 163 mode 2 st 0 gl 0 hp 200 frg 0
ARGUS Romero wallslide
ARGLOG Joe Rogan t   5.3 pos ' 61.3 -242.8 -296.0' spd 320.0 yaw 108 mode 2 st 0 gl 0 hp 100 frg 0
ARGLOG Romero t   5.3 pos '361.2 -687.8 -104.0' spd 369.4 yaw 77 mode 2 st 0 gl 0 hp 100 frg 0
ARGLOG Carmack t   5.3 pos '  4.1 428.5 -296.0' spd 329.1 yaw 166 mode 2 st 0 gl 0 hp 200 frg 0
ARGEVT Joe Rogan engage Carmack
ARGEVT Carmack engage Joe Rogan
ARGEVT Carmack hazard
ARGLOG Joe Rogan t   5.8 pos '-68.6 -139.9 -296.0' spd 330.0 yaw  91.7 mode 2 st 0 gl 0 hp 100 frg 0
ARGLOG Romero t   5.8 pos '357.7 -514.0 -104.0' spd 339.9 yaw 27 mode 2 st 0 gl 0 hp 100 frg 0
ARGLOG Carmack t   5.8 pos '-137.9 433.3 -296.0' spd 139.2 yaw 274.1 mode 2 st 0 gl 0 hp 200 frg 0
ARGLOG Joe Rogan t   6.3 pos '-55.4 -28.4 -296.0' spd 135.1 yaw 111.5 mode 2 st 0 gl 0 hp 100 frg 0
ARGLOG Romero t   6.3 pos '460.1 -376.8 -104.0' spd 349.0 yaw   6.1 mode 2 st 0 gl 0 hp 100 frg 0
ARGLOG Carmack t   6.3 pos '-177.6 427.7 -296.0' spd 300.5 yaw 293.1 mode 2 st 0 gl 0 hp 188 frg 0
ARGEVT Carmack goal weapon_rocketlauncher
ARGEVT Carmack route 19 start '-111.0 457.0 -296.0' goal '753.0 -887.0 -232.0'
ARGUS Joe Rogan wallslide
ARGLOG Joe Rogan t   6.8 pos '-18.0  42.8 -296.0' spd 112.9 yaw  91.3 mode 1 st 0 gl 0 hp 100 frg 0
ARGLOG Romero t   6.8 pos '545.3 -226.8 -104.0' spd 435.8 yaw 158 mode 2 st 0 gl 0 hp 100 frg 0
ARGLOG Carmack t   6.8 pos '-12.1 436.5 -296.0' spd 321.9 yaw 273.9 mode 2 st 0 gl 0 hp 188 frg 0
ARGEVT Joe Rogan grab weapon_rocketlauncher
ARGUS Joe Rogan leadclip
ARGEVT Romero hazard
ARGEVT Joe Rogan goal item_rockets
ARGEVT Joe Rogan route 5 start ' 81.0  73.0 -296.0' goal '-79.0 553.0 -296.0'
ARGEVT Carmack hazard
ARGLOG Joe Rogan t   7.3 pos ' 90.9  64.6 -296.0' spd 124.7 yaw  88.5 mode 2 st 0 gl 1 hp 80 frg 0
ARGLOG Romero t   7.3 pos '458.0 -89.9 -104.0' spd 165.8 yaw 212.6 mode 2 st 0 gl 0 hp 100 frg 0
ARGLOG Carmack t   7.3 pos ' 95.3 407.0 -296.0' spd  69.4 yaw 272.3 mode 2 st 0 gl 0 hp 188 frg 0
ARGEVT Romero route 6 start '529.0 -55.0 -104.0' goal '817.0 -855.0 -232.0'
ARGLOG Joe Rogan t   7.8 pos '-40.0 112.6 -296.0' spd  44.5 yaw  61.1 mode 2 st 0 gl 1 hp 80 frg 0
ARGLOG Romero t   7.8 pos '319.4 -90.3 -127.5' spd 394.2 yaw 308 mode 2 st 0 gl 0 hp 100 frg 0
ARGLOG Carmack t   7.8 pos '112.0 344.1 -257.7' spd  36.2 yaw 239.4 mode 2 st 0 gl 0 hp 100 frg 0
ARGEVT Carmack death Joe Rogan pos '112.0 355.9 -312.0'
ARGUS Joe Rogan watch spawn
ARGEVT Joe Rogan hazard
ARGEVT Joe Rogan goal backpack
ARGEVT Joe Rogan route 6 start ' 81.0  73.0 -296.0' goal ' 81.0 425.0 -296.0'
ARGLOG Joe Rogan t   8.4 pos ' 35.6  59.4 -296.0' spd 320.7 yaw 190.6 mode 2 st 0 gl 1 hp 80 frg 1
ARGLOG Romero t   8.4 pos '248.1 -48.0 -333.7' spd  30.0 yaw 314 mode 2 st 0 gl 0 hp 100 frg 0
ARGEVT Romero swim
ARGEVT Romero weapon sg
ARGUS routecache adopt
ARGEVT Joe Rogan route 4 start '-143.0 105.0 -296.0' goal ' 81.0 425.0 -296.0'
ARGEVT Romero weapon lg
ARGEVT Romero swim
ARGLOG Joe Rogan t   8.9 pos '-109.3 153.2 -296.0' spd 404.6 yaw  56.5 mode 2 st 0 gl 1 hp 80 frg 1
ARGLOG Romero t   8.9 pos '273.1 -48.0 -383.0' spd  29.1 yaw 111 mode 2 st 0 gl 0 hp 65 frg 0
ARGEVT Romero swim
ARGEVT Romero weapon sg
ARGEVT Romero swim
ARGEVT Romero swim
ARGEVT Romero swim
ARGEVT Joe Rogan hazard
ARGEVT Romero weapon lg
ARGEVT Romero swim
ARGLOG Joe Rogan t   9.4 pos '-56.0 218.6 -296.0' spd 247.0 yaw 80 mode 2 st 0 gl 1 hp 80 frg 1
ARGLOG Romero t   9.4 pos '234.7 -48.0 -383.5' spd  93.0 yaw 107 mode 2 st 0 gl 0 hp 51 frg 0
ARGEVT Romero swim
ARGEVT Romero swim
ARGEVT Carmack respawn
ARGEVT Carmack goal weapon_rocketlauncher
ARGLOG Carmack t   9.7 pos '-64.0 -232.0 -72.0' spd 0 yaw 355.2 mode 0 st 0 gl 0 hp 100 frg 0
ARGEVT Romero swim
ARGEVT Carmack route 9 start '-47.0 -247.0 -72.0' goal '753.0 -887.0 -232.0'
ARGEVT Romero swim
ARGLOG Joe Rogan t   9.9 pos '-53.6 366.6 -296.0' spd 322.2 yaw 23 mode 2 st 0 gl 1 hp 80 frg 1
ARGLOG Romero t   9.9 pos '179.0 -48.0 -383.5' spd 125.3 yaw 99 mode 0 st 0 gl 0 hp 30 frg 0
ARGEVT Romero swim
ARGEVT Romero route 14 start '337.0 -119.0 -296.0' goal '817.0 -855.0 -232.0'
ARGEVT Romero swim
ARGEVT Romero swim
ARGEVT Romero weapon sg
ARGLOG Carmack t  10.2 pos ' 86.7 -233.4 -72.0' spd 323.8 yaw 322 mode 2 st 0 gl 0 hp 100 frg 0
ARGUS Carmack jumpcharge 316
ARGEVT Romero swim
ARGEVT Joe Rogan hazard
ARGEVT Romero weapon lg
ARGEVT Romero swim
ARGLOG Joe Rogan t  10.4 pos '  6.6 501.2 -296.0' spd  37.8 yaw 315 mode 2 st 0 gl 1 hp 80 frg 1
ARGLOG Romero t  10.4 pos '112.0 -48.0 -383.1' spd 0 yaw 90 mode 2 st 0 gl 0 hp 16 frg 0
ARGUS Joe Rogan wallslide
ARGEVT Romero swim
ARGEVT Carmack hazard
ARGEVT Romero swim
ARGEVT Carmack engage Romero
ARGEVT Romero engage Carmack
ARGEVT Romero retreat
ARGLOG Carmack t  10.7 pos '171.2 -215.5 -72.0' spd 190.7 yaw 351.3 mode 2 st 0 gl 0 hp 100 frg 0
ARGEVT Romero weapon sg
ARGEVT Romero swim
ARGEVT Romero weapon lg
ARGEVT Romero weapon sg
ARGEVT Romero death world pos '112.0 -48.0 -384.1'
ARGEVT Carmack route 7 start '145.0 -247.0 -72.0' goal '753.0 -887.0 -232.0'
ARGLOG Joe Rogan t  10.9 pos ' 87.5 410.7 -296.0' spd 330.3 yaw 348.2 mode 1 st 0 gl 1 hp 80 frg 1
ARGUS Carmack jumpcharge 316
ARGLOG Carmack t  11.2 pos ' 97.7 -250.2 -72.0' spd 342.4 yaw 340 mode 2 st 0 gl 0 hp 100 frg 0
ARGEVT Joe Rogan hazard
ARGLOG Joe Rogan t  11.4 pos ' 36.0 412.4 -296.0' spd 289.2 yaw 243.8 mode 1 st 0 gl 1 hp 80 frg 1
ARGEVT Carmack hazard
ARGLOG Carmack t  11.7 pos '201.7 -265.8 -72.0' spd 365.2 yaw 335 mode 2 st 0 gl 0 hp 100 frg 0
ARGLOG Joe Rogan t  11.9 pos ' 82.5 409.1 -296.0' spd 320.0 yaw 352.9 mode 1 st 0 gl 1 hp 80 frg 1
ARGLOG Carmack t  12.2 pos '243.1 -183.4 -163.7' spd 232.5 yaw 315 mode 2 st 0 gl 0 hp 100 frg 0
ARGEVT Joe Rogan hazard
ARGEVT Romero respawn
ARGEVT Romero goal item_armorInv
ARGLOG Romero t  12.4 pos '112.0 -1136.0 -104.0' spd 0 yaw  39.9 mode 0 st 0 gl 0 hp 100 frg -1
ARGEVT Romero route 10 start '113.0 -1079.0 -104.0' goal '817.0 -855.0 -232.0'
ARGLOG Joe Rogan t  12.5 pos '101.9 384.4 -296.0' spd 199.1 yaw 208.2 mode 1 st 0 gl 1 hp 80 frg 1
ARGEVT Carmack swim
ARGLOG Carmack t  12.7 pos '171.7 -88.7 -391.6' spd 215.4 yaw 313 mode 2 st 0 gl 0 hp 80 frg 0
ARGLOG Romero t  12.9 pos '165.6 -992.4 -104.0' spd 321.0 yaw 62 mode 2 st 0 gl 0 hp 100 frg -1
ARGLOG Joe Rogan t  13.0 pos ' -4.2 455.9 -296.0' spd 315.0 yaw  54.3 mode 1 st 0 gl 1 hp 80 frg 1
ARGEVT Carmack swim
ARGEVT Carmack swim
ARGLOG Carmack t  13.2 pos '112.0 -98.2 -383.2' spd  55.1 yaw 320 mode 2 st 0 gl 0 hp 40 frg 0
ARGEVT Carmack swim
ARGEVT Carmack swim
ARGLOG Romero t  13.4 pos '206.4 -835.7 -104.0' spd 327.3 yaw 64 mode 2 st 0 gl 0 hp 100 frg -1
ARGLOG Joe Rogan t  13.5 pos '  4.9 519.3 -296.0' spd 320.0 yaw 281 mode 1 st 0 gl 1 hp 80 frg 1
ARGEVT Carmack swim
ARGEVT Carmack swim
ARGUS Joe Rogan wallslide
ARGEVT Romero hazard
ARGEVT Carmack swim
ARGEVT Joe Rogan hazard
ARGUS Romero wallslide
ARGLOG Carmack t  13.7 pos '112.0 -136.0 -382.9' spd  89.7 yaw 324 mode 2 st 0 gl 0 hp 20 frg 0
ARGEVT Carmack swim
ARGLOG Romero t  13.9 pos '330.2 -733.2 -104.0' spd 374.6 yaw 73 mode 2 st 0 gl 0 hp 100 frg -1
ARGEVT Carmack swim
ARGLOG Joe Rogan t  14.0 pos ' 72.4 408.6 -296.0' spd 320.9 yaw 345 mode 1 st 0 gl 1 hp 80 frg 1
ARGEVT Carmack death world pos '112.0 -163.2 -384.1'
ARGLOG Romero t  14.4 pos '359.1 -561.8 -104.0' spd 328.3 yaw 35 mode 2 st 0 gl 0 hp 100 frg -1
ARGLOG Joe Rogan t  14.5 pos ' 83.2 397.0 -296.0' spd  75.4 yaw 255.4 mode 1 st 0 gl 1 hp 80 frg 1
ARGEVT Joe Rogan hazard
ARGLOG Romero t  14.9 pos '423.2 -401.6 -104.0' spd 365.1 yaw 343 mode 2 st 0 gl 0 hp 100 frg -1
ARGLOG Joe Rogan t  15.0 pos ' 37.7 407.5 -296.0' spd 238.3 yaw 340.5 mode 1 st 0 gl 1 hp 80 frg 1
ARGLOG Romero t  15.4 pos '589.0 -359.7 -104.0' spd 325.5 yaw 314 mode 2 st 0 gl 0 hp 100 frg -1
ARGLOG Joe Rogan t  15.5 pos ' 85.4 408.8 -296.0' spd 193.4 yaw 277.2 mode 1 st 0 gl 1 hp 80 frg 1
ARGEVT Carmack respawn
ARGEVT Carmack goal weapon_rocketlauncher
ARGLOG Carmack t  15.5 pos '784.0 -176.0  24.0' spd 0 yaw 185.1 mode 0 st 0 gl 0 hp 100 frg -1
ARGEVT Carmack route 5 start '785.0 -183.0  24.0' goal '753.0 -887.0 -232.0'
ARGEVT Romero hazard
ARGEVT Carmack hazard
ARGEVT Joe Rogan hazard
ARGUS Romero wallslide
ARGLOG Romero t  15.9 pos '647.5 -273.2 -104.0' spd 233.2 yaw 296 mode 2 st 0 gl 0 hp 100 frg -1
ARGLOG Joe Rogan t  16.0 pos ' 16.3 415.5 -296.0' spd 202.6 yaw 341.2 mode 1 st 0 gl 1 hp 80 frg 1
ARGLOG Carmack t  16.1 pos '678.1 -206.3  24.0' spd  71.4 yaw 305 mode 2 st 0 gl 0 hp 100 frg -1
ARGUS Carmack wallslide
ARGLOG Romero t  16.5 pos '484.8 -235.5 -104.0' spd 350.8 yaw 199.4 mode 0 st 0 gl 0 hp 100 frg -1
ARGEVT Romero route 5 start '465.0 -279.0 -104.0' goal '817.0 -855.0 -232.0'
ARGLOG Joe Rogan t  16.6 pos '104.1 390.0 -296.0' spd 356.4 yaw 305.4 mode 1 st 0 gl 1 hp 80 frg 1
ARGLOG Carmack t  16.6 pos '849.5 -226.2  24.0' spd 399.7 yaw 285 mode 2 st 0 gl 0 hp 100 frg -1
ARGEVT Joe Rogan hazard
ARGLOG Romero t  17.0 pos '364.4 -348.8 -148.5' spd 388.0 yaw 339 mode 2 st 0 gl 0 hp 100 frg -1
ARGLOG Joe Rogan t  17.1 pos ' 50.3 407.7 -296.0' spd 403.9 yaw 221.2 mode 1 st 0 gl 1 hp 80 frg 1
ARGLOG Carmack t  17.1 pos '816.0 -393.8  24.0' spd 146.7 yaw 260 mode 2 st 0 gl 0 hp 100 frg -1
ARGEVT Carmack hazard
ARGLOG Romero t  17.5 pos '378.5 -358.9 -392.1' spd  40.9 yaw 339 mode 2 st 0 gl 0 hp 80 frg -1
ARGEVT Romero swim
ARGLOG Joe Rogan t  17.6 pos ' 40.7 400.5 -296.0' spd 330.9 yaw 5 mode 1 st 0 gl 1 hp 80 frg 1
ARGLOG Carmack t  17.6 pos '752.0 -455.0  -8.8' spd  42.1 yaw 287 mode 2 st 0 gl 0 hp 100 frg -1
ARGEVT Romero swim
ARGEVT Joe Rogan hazard
ARGEVT Romero swim
ARGLOG Romero t  18.0 pos '432.0 -353.2 -382.9' spd   0.7 yaw 335 mode 2 st 0 gl 0 hp 50 frg -1
ARGUS Joe Rogan wallslide
ARGUS Carmack wallslide
ARGEVT Romero swim
ARGLOG Joe Rogan t  18.1 pos ' 92.7 395.9 -296.0' spd 251.3 yaw 290.1 mode 1 st 0 gl 1 hp 80 frg 1
ARGLOG Carmack t  18.1 pos '760.3 -423.7 -104.0' spd  50.7 yaw 280 mode 2 st 0 gl 0 hp 100 frg -1
ARGEVT Romero swim
ARGEVT Romero swim
ARGEVT Carmack hazard
ARGEVT Romero swim
ARGEVT Romero swim
ARGLOG Romero t  18.5 pos '432.0 -368.0 -383.4' spd   0.3 yaw 338 mode 2 st 0 gl 0 hp 10 frg -1
ARGLOG Joe Rogan t  18.6 pos ' -4.9 419.7 -296.0' spd  69.9 yaw 300.0 mode 1 st 0 gl 1 hp 80 frg 1
ARGEVT Romero swim
ARGLOG Carmack t  18.6 pos '758.1 -432.0 -104.0' spd 169.0 yaw 282 mode 2 st 0 gl 0 hp 100 frg -1
ARGEVT Romero death world pos '432.0 -368.0 -383.6'
ARGEVT Joe Rogan hazard
ARGUS Carmack wallslide
ARGLOG Joe Rogan t  19.1 pos ' 97.1 395.1 -296.0' spd 326.0 yaw  12.6 mode 1 st 0 gl 1 hp 80 frg 1
ARGLOG Carmack t  19.1 pos '752.0 -474.1 -104.0' spd  52.4 yaw 290 mode 2 st 0 gl 0 hp 100 frg -1
ARGEVT Carmack hazard
ARGLOG Joe Rogan t  19.6 pos ' 76.3 401.8 -296.0' spd 258.3 yaw 218.0 mode 1 st 0 gl 1 hp 80 frg 1
ARGLOG Carmack t  19.6 pos '752.0 -500.1 -104.0' spd  48.9 yaw 297 mode 2 st 0 gl 0 hp 100 frg -1
ARGUS Carmack wallslide
ARGLOG Joe Rogan t  20.1 pos '-70.3 480.7 -296.0' spd 382.5 yaw 203.0 mode 1 st 0 gl 1 hp 80 frg 1
ARGLOG Carmack t  20.2 pos '752.0 -524.5 -104.0' spd  47.4 yaw 153 mode 2 st 0 gl 0 hp 100 frg -1
ARGEVT Romero respawn
ARGEVT Carmack engage Romero
ARGEVT Romero goal weapon_rocketlauncher
ARGEVT Romero engage Carmack
ARGLOG Romero t  20.2 pos '776.0 -808.0 -232.0' spd 0 yaw  90.8 mode 1 st 0 gl 0 hp 100 frg -2
ARGEVT Romero grab weapon_rocketlauncher
ARGEVT Joe Rogan hazard
ARGUS Romero leadclip
ARGEVT Romero goal item_health
ARGEVT Carmack goal item_armor2
ARGEVT Romero route 12 start '817.0 -855.0 -232.0' goal '-47.0 585.0 -296.0'
ARGLOG Joe Rogan t  20.6 pos '-163.0 420.3 -296.0' spd 156.8 yaw 342 mode 1 st 0 gl 1 hp 80 frg 1
ARGLOG Carmack t  20.7 pos '884.8 -554.1 -104.0' spd 321.0 yaw 261.2 mode 0 st 0 gl 0 hp 100 frg -1
ARGEVT Carmack route 25 start '849.0 -599.0 -104.0' goal '1169.0 -599.0  24.0'
ARGLOG Romero t  20.7 pos '822.9 -873.8 -232.0' spd 199.3 yaw  81.1 mode 2 st 0 gl 1 hp 100 frg -2
ARGUS Carmack jumpstage 265
ARGEVT Carmack pursue
ARGEVT Romero pursue
ARGEVT Romero route 11 start '753.0 -887.0 -232.0' goal '-47.0 585.0 -296.0'
ARGLOG Joe Rogan t  21.2 pos '  1.9 429.9 -296.0' spd 321.6 yaw  12.3 mode 1 st 0 gl 1 hp 80 frg 1
ARGLOG Carmack t  21.2 pos '872.3 -598.7 -104.0' spd 326.0 yaw 244.5 mode 2 st 0 gl 0 hp 100 frg -1
ARGLOG Romero t  21.2 pos '767.5 -819.8 -232.0' spd 325.9 yaw  62.8 mode 2 st 0 gl 1 hp 100 frg -2
ARGEVT Carmack hazard
ARGEVT Romero pursue
ARGEVT Carmack pursue
ARGLOG Joe Rogan t  21.7 pos ' 16.0 432.8 -296.0' spd 0 yaw 0 mode 1 st 0 gl 1 hp 80 frg 1
ARGLOG Carmack t  21.7 pos '792.9 -624.0 -106.0' spd 303.1 yaw 268.8 mode 2 st 0 gl 0 hp 100 frg -1
ARGLOG Romero t  21.7 pos '790.3 -785.1 -232.0' spd 346.7 yaw 101.0 mode 2 st 0 gl 1 hp 100 frg -2
ARGEVT Romero weapon sg
ARGLOG Joe Rogan t  22.2 pos ' 16.0 432.8 -296.0' spd 0 yaw 0 mode 1 st 0 gl 1 hp 80 frg 1
ARGEVT Joe Rogan stall
ARGEVT Joe Rogan jump
ARGLOG Carmack t  22.2 pos '795.3 -633.3 -168.0' spd  87.8 yaw 271.8 mode 2 st 0 gl 0 hp 100 frg -1
ARGLOG Romero t  22.2 pos '814.1 -778.9 -232.0' spd 325.2 yaw  88.9 mode 2 st 0 gl 1 hp 96 frg -2
ARGEVT Romero hazard
ARGEVT Carmack jump
ARGEVT Joe Rogan route 1 start '-15.0 457.0 -296.0' goal ' 81.0 425.0 -296.0'
ARGEVT Romero weapon rl
ARGLOG Joe Rogan t  22.7 pos ' 21.3 428.0 -263.8' spd  35.4 yaw 358 mode 2 st 1 gl 1 hp 80 frg 1
ARGLOG Carmack t  22.7 pos '775.9 -622.1 -131.0' spd 140.7 yaw 261.7 mode 2 st 0 gl 0 hp 76 frg -1
ARGLOG Romero t  22.8 pos '736.4 -797.7 -232.0' spd  79.5 yaw  80.7 mode 2 st 0 gl 1 hp 95 frg -2
ARGUS Romero leadclip
ARGUS Carmack wallslide
ARGEVT Joe Rogan hazard
ARGEVT Carmack death Romero pos '816.0 -601.8 -152.0'
ARGUS Romero watch spawn
ARGLOG Joe Rogan t  23.2 pos '107.5 394.8 -296.0' spd 361.6 yaw 315.2 mode 1 st 1 gl 1 hp 80 frg 1
ARGEVT Romero goal backpack
ARGLOG Romero t  23.3 pos '817.4 -826.7 -232.0' spd 244.7 yaw 138.1 mode 1 st 0 gl 1 hp 91 frg -1
ARGUS Romero wallslide
ARGEVT Romero hazard
ARGLOG Joe Rogan t  23.7 pos ' 33.3 412.5 -296.0' spd 162.5 yaw 289.9 mode 1 st 1 gl 1 hp 80 frg 1
ARGLOG Romero t  23.8 pos '761.7 -697.3 -200.0' spd 321.7 yaw 78 mode 1 st 0 gl 1 hp 91 frg -1
ARGEVT Romero jump
ARGEVT Joe Rogan hazard
ARGLOG Joe Rogan t  24.2 pos '101.4 418.4 -296.0' spd 255.6 yaw 319 mode 1 st 1 gl 1 hp 80 frg 1
ARGLOG Romero t  24.3 pos '812.4 -642.8 -142.3' spd 117.8 yaw 113 mode 1 st 0 gl 1 hp 91 frg -1
ARGEVT Romero goal item_rockets
ARGEVT Romero route 11 start '753.0 -599.0 -152.0' goal '401.0 -791.0 -104.0'
ARGEVT Romero hazard
ARGEVT Carmack respawn
ARGEVT Carmack goal weapon_grenadelauncher
ARGLOG Carmack t  24.7 pos '-64.0 -232.0 -72.0' spd 0 yaw 354.9 mode 0 st 0 gl 0 hp 100 frg -1
ARGEVT Carmack route 4 start '-47.0 -247.0 -72.0' goal '145.0 -407.0 -104.0'
ARGLOG Joe Rogan t  24.7 pos ' 45.1 406.5 -296.0' spd 169.2 yaw 253.4 mode 1 st 1 gl 1 hp 80 frg 1
ARGLOG Romero t  24.8 pos '758.2 -560.1 -136.0' spd 251.8 yaw 270 mode 2 st 0 gl 2 hp 91 frg -1
ARGLOG Carmack t  25.2 pos ' 82.8 -242.4 -72.0' spd 320.0 yaw 324 mode 2 st 0 gl 0 hp 100 frg -1
ARGLOG Joe Rogan t  25.2 pos ' 89.5 415.5 -296.0' spd 217.6 yaw 352.6 mode 1 st 1 gl 1 hp 80 frg 1
ARGEVT Joe Rogan hazard
ARGLOG Romero t  25.3 pos '776.9 -656.3 -184.0' spd 331.9 yaw 119 mode 2 st 0 gl 2 hp 91 frg -1
ARGEVT Carmack hazard
ARGEVT Romero hazard
ARGLOG Carmack t  25.7 pos '201.8 -252.9 -72.0' spd  59.5 yaw 273.5 mode 2 st 0 gl 0 hp 100 frg -1
ARGEVT Joe Rogan stall
ARGLOG Joe Rogan t  25.8 pos ' 64.5 395.7 -296.0' spd 336.3 yaw 455.5 mode 0 st 2 gl 1 hp 80 frg 1
ARGEVT Joe Rogan jump
ARGLOG Romero t  25.8 pos '726.4 -748.1 -216.0' spd 437.9 yaw 113 mode 2 st 0 gl 2 hp 91 frg -1
ARGEVT Joe Rogan route 0 start ' 81.0 425.0 -296.0' goal ' 81.0 425.0 -296.0'
ARGUS Romero wallslide
ARGLOG Carmack t  26.2 pos '267.0 -333.9 -144.4' spd 228.7 yaw 211 mode 2 st 0 gl 0 hp 100 frg -1
ARGLOG Joe Rogan t  26.3 pos '-103.1 430.0 -265.6' spd 343.6 yaw  54.3 mode 2 st 2 gl 1 hp 80 frg 1
ARGLOG Romero t  26.3 pos '738.5 -836.0 -232.0' spd 321.5 yaw 112 mode 2 st 0 gl 2 hp 91 frg -1
ARGEVT Romero route 9 start '753.0 -887.0 -232.0' goal '401.0 -791.0 -104.0'
ARGEVT Carmack swim
ARGEVT Romero hazard
ARGLOG Carmack t  26.7 pos '266.4 -368.0 -390.4' spd  54.7 yaw 198 mode 2 st 0 gl 0 hp 80 frg -1
ARGUS routecache adopt
ARGEVT Romero route 9 start '753.0 -887.0 -232.0' goal '401.0 -791.0 -104.0'
ARGLOG Joe Rogan t  26.8 pos '-27.1 509.0 -296.0' spd 351.5 yaw 323.0 mode 2 st 2 gl 1 hp 80 frg 1
ARGEVT Joe Rogan hazard
ARGLOG Romero t  26.8 pos '720.2 -841.4 -232.0' spd 223.7 yaw 136.9 mode 0 st 0 gl 2 hp 91 frg -1
ARGUS Joe Rogan wallslide
ARGEVT Romero route 10 start '753.0 -759.0 -232.0' goal '401.0 -791.0 -104.0'
ARGEVT Carmack swim
ARGEVT Carmack swim
ARGUS Romero wallslide
ARGLOG Carmack t  27.2 pos '207.5 -368.0 -384.1' spd 135.8 yaw 212 mode 2 st 0 gl 0 hp 50 frg -1
ARGEVT Carmack swim
ARGLOG Joe Rogan t  27.3 pos ' 75.1 416.2 -296.0' spd 321.0 yaw 342 mode 1 st 2 gl 1 hp 80 frg 1
ARGLOG Romero t  27.4 pos '776.3 -721.5 -216.0' spd 337.9 yaw 117 mode 2 st 0 gl 2 hp 91 frg -1
ARGEVT Carmack swim
ARGEVT Carmack swim
ARGEVT Carmack swim
ARGEVT Carmack swim
ARGLOG Carmack t  27.8 pos '135.2 -368.0 -383.1' spd 116.7 yaw 285 mode 2 st 0 gl 0 hp 20 frg -1
ARGLOG Joe Rogan t  27.8 pos ' 39.4 409.2 -296.0' spd 338.8 yaw 183.0 mode 1 st 2 gl 1 hp 80 frg 1
ARGEVT Carmack swim
ARGLOG Romero t  27.9 pos '809.7 -866.2 -232.0' spd 380.4 yaw 115 mode 2 st 0 gl 2 hp 91 frg -1
ARGEVT Carmack death world pos '128.7 -368.0 -384.0'
ARGUS routecache adopt
ARGEVT Romero route 9 start '753.0 -887.0 -232.0' goal '401.0 -791.0 -104.0'
ARGUS routecache adopt
ARGEVT Romero route 7 start '369.0   9.0 -296.0' goal '401.0 -791.0 -104.0'
ARGEVT Joe Rogan hazard
ARGLOG Joe Rogan t  28.3 pos '-117.0 463.1 -296.0' spd 400.2 yaw 247.0 mode 1 st 2 gl 1 hp 80 frg 1
ARGLOG Romero t  28.4 pos '368.0 -32.5 -296.0' spd 300 yaw 301 mode 2 st 0 gl 2 hp 91 frg -1
ARGEVT Joe Rogan abandon
ARGEVT Joe Rogan goal item_health
ARGLOG Joe Rogan t  28.8 pos '-139.3 420.9 -296.0' spd 320.6 yaw   3.4 mode 1 st 2 gl 1 hp 80 frg 1
ARGLOG Romero t  28.9 pos '368.8 -76.7 -296.0' spd 320.0 yaw 305 mode 2 st 0 gl 2 hp 91 frg -1
ARGEVT Romero rjump
ARGUS Romero aircontrol
ARGLOG Joe Rogan t  29.3 pos ' 13.1 460.3 -296.0' spd 320.6 yaw  79.0 mode 1 st 2 gl 1 hp 80 frg 1
ARGEVT Joe Rogan hazard
ARGLOG Romero t  29.4 pos '355.8 -243.6 -214.3' spd 353.2 yaw 343 mode 2 st 0 gl 2 hp 83 frg -1
ARGEVT Carmack respawn
ARGEVT Carmack goal weapon_lightning
ARGLOG Carmack t  29.4 pos '-64.0 -232.0 -72.0' spd 0 yaw 355.2 mode 0 st 0 gl 0 hp 100 frg -2
ARGEVT Carmack route 5 start '-47.0 -247.0 -72.0' goal '529.0 -311.0 -104.0'
ARGEVT Romero engage Carmack
ARGEVT Carmack engage Romero
ARGEVT Joe Rogan goal item_rockets
ARGLOG Joe Rogan t  29.8 pos '-43.0 611.4 -296.0' spd 370.8 yaw 261.8 mode 1 st 2 gl 2 hp 180 frg 1
ARGEVT Joe Rogan goal weapon_grenadelauncher
ARGLOG Romero t  29.9 pos '375.5 -360.4 -117.4' spd  97.8 yaw 147.0 mode 2 st 0 gl 2 hp 83 frg -1
ARGUS Romero leadclip
ARGLOG Carmack t  29.9 pos ' 55.4 -238.6 -72.0' spd 248.9 yaw 337.9 mode 2 st 0 gl 0 hp 100 frg -2
ARGEVT Joe Rogan route 11 start '-47.0 585.0 -296.0' goal '145.0 -407.0 -104.0'
ARGEVT Romero weapon ng
ARGEVT Carmack grab weapon_grenadelauncher
ARGEVT Joe Rogan route 11 start '-79.0 553.0 -296.0' goal '145.0 -407.0 -104.0'
ARGEVT Carmack route 3 start '145.0 -247.0 -72.0' goal '529.0 -311.0 -104.0'
ARGUS Romero aircontrol
ARGLOG Joe Rogan t  30.4 pos '-91.5 446.9 -296.0' spd 341.7 yaw 307 mode 2 st 2 gl 3 hp 180 frg 1
ARGEVT Joe Rogan hazard
ARGLOG Romero t  30.4 pos '394.0 -342.0 -241.1' spd  49.1 yaw 177.6 mode 2 st 0 gl 2 hp 79 frg -1
ARGUS routecache adopt
ARGEVT Carmack route 3 start '145.0 -247.0 -72.0' goal '529.0 -311.0 -104.0'
ARGLOG Carmack t  30.4 pos '104.9 -272.0 -72.0' spd   9.5 yaw 347.5 mode 0 st 0 gl 0 hp 100 frg -2
ARGEVT Romero grab 
ARGEVT Romero swim
ARGEVT Romero pursue
ARGEVT Carmack pursue
ARGLOG Joe Rogan t  30.9 pos '-62.6 329.0 -296.0' spd 328.1 yaw 274 mode 2 st 2 gl 3 hp 180 frg 1
ARGEVT Romero swim
ARGLOG Romero t  30.9 pos '406.4 -330.3 -383.3' spd  39.2 yaw 167.4 mode 2 st 0 gl 2 hp 73 frg -1
ARGLOG Carmack t  31.0 pos '148.6 -278.5 -56.0' spd 304.4 yaw 345.9 mode 2 st 0 gl 0 hp 100 frg -2
ARGEVT Romero swim
ARGEVT Romero swim
ARGEVT Romero swim
ARGEVT Romero swim
ARGLOG Joe Rogan t  31.4 pos '-93.9 233.5 -296.0' spd 364.6 yaw 297 mode 2 st 2 gl 3 hp 180 frg 1
ARGEVT Romero swim
ARGLOG Romero t  31.5 pos '432.0 -356.7 -383.4' spd  73.3 yaw 207.1 mode 2 st 0 gl 2 hp 67 frg -1
ARGLOG Carmack t  31.5 pos '129.4 -444.1  24.0' spd 340.2 yaw  14.3 mode 2 st 0 gl 0 hp 100 frg -2
ARGEVT Romero swim
ARGEVT Carmack hazard
ARGEVT Romero swim
ARGEVT Romero swim
ARGEVT Romero pursue
ARGEVT Carmack pursue
ARGEVT Romero swim
ARGLOG Joe Rogan t  31.9 pos '-49.8  70.1 -296.0' spd 321.6 yaw 301 mode 2 st 2 gl 3 hp 180 frg 1
ARGEVT Romero swim
ARGLOG Romero t  32.0 pos '423.5 -368.0 -383.1' spd  47.6 yaw 189 mode 2 st 0 gl 2 hp 59 frg -1
ARGLOG Carmack t  32.0 pos '236.0 -473.3  24.0' spd 347.3 yaw 32 mode 2 st 0 gl 0 hp 100 frg -2
ARGEVT Romero swim
ARGEVT Joe Rogan hazard
ARGEVT Romero swim
ARGEVT Romero swim
ARGUS Romero aircontrol
ARGEVT Romero swim
ARGLOG Joe Rogan t  32.4 pos '-32.7 -89.1 -296.0' spd 358.8 yaw 337 mode 2 st 2 gl 3 hp 180 frg 1
ARGUS Carmack hunch item_artifact_super_damage
ARGUS Romero bodyblock
ARGEVT Romero swim
ARGEVT Carmack goal weapon_lightning
ARGUS Carmack bodyblock
ARGLOG Romero t  32.5 pos '402.5 -361.2 -383.7' spd  62.5 yaw 191 mode 2 st 0 gl 2 hp 55 frg -1
ARGLOG Carmack t  32.5 pos '390.4 -403.6  13.2' spd 326.4 yaw 350.1 mode 1 st 0 gl 0 hp 100 frg -2
ARGUS Joe Rogan wallslide
ARGEVT Romero swim
ARGEVT Romero swim
ARGEVT Joe Rogan engage Carmack
ARGUS Joe Rogan leadclip
ARGEVT Joe Rogan route 6 start ' 17.0 -247.0 -296.0' goal '145.0 -407.0 -104.0'
ARGEVT Romero swim
ARGEVT Romero swim
ARGLOG Joe Rogan t  32.9 pos ' 12.8 -250.6 -296.0' spd 221.7 yaw 341.5 mode 0 st 2 gl 3 hp 180 frg 1
ARGEVT Carmack pursue
ARGUS routecache adopt
ARGEVT Joe Rogan route 6 start ' 17.0 -247.0 -296.0' goal '145.0 -407.0 -104.0'
ARGLOG Romero t 33 pos '400.8 -331.1 -383.5' spd  52.8 yaw 197 mode 2 st 0 gl 2 hp 21 frg -1
ARGLOG Carmack t 33 pos '542.9 -328.4 -104.0' spd 406.9 yaw 316.5 mode 1 st 0 gl 0 hp 100 frg -2
ARGEVT Romero swim
ARGEVT Joe Rogan hazard
ARGEVT Romero swim
ARGEVT Romero swim
ARGUS Romero aircontrol
ARGEVT Romero swim
ARGLOG Joe Rogan t  33.4 pos '160.8 -213.5 -296.0' spd 343.0 yaw 335.6 mode 2 st 2 gl 3 hp 180 frg 1
ARGEVT Romero retreat
ARGEVT Romero swim
ARGLOG Romero t  33.5 pos '403.1 -335.5 -383.2' spd  52.5 yaw 131.7 mode 2 st 0 gl 2 hp 1 frg -1
ARGEVT Romero death world pos '403.1 -335.5 -383.2'
ARGEVT Carmack engage Joe Rogan
ARGLOG Carmack t  33.5 pos '404.5 -240.0 -273.2' spd 300 yaw 296.1 mode 1 st 0 gl 0 hp 100 frg -2
ARGLOG Joe Rogan t  33.9 pos '249.2 -246.6 -296.0' spd 222.6 yaw   8.0 mode 2 st 2 gl 3 hp 176 frg 1
ARGEVT Joe Rogan weapon sg
ARGEVT Carmack retreat
ARGLOG Carmack t  34.0 pos '432.6 -223.7 -296.0' spd 578.5 yaw 187.5 mode 1 st 0 gl 0 hp 32 frg -2
ARGEVT Joe Rogan hazard
ARGEVT Carmack hazard
ARGEVT Carmack jump
ARGEVT Joe Rogan rjump
ARGEVT Joe Rogan weapon sg
ARGUS Joe Rogan aircontrol
ARGEVT Joe Rogan weapon rl
ARGLOG Joe Rogan t  34.5 pos '361.7 -226.5 -233.1' spd 243.3 yaw 349.4 mode 2 st 2 gl 3 hp 121 frg 1
ARGLOG Carmack t  34.5 pos '575.3 -254.4 -256.2' spd 346.1 yaw 175.0 mode 1 st 0 gl 0 hp 32 frg -2
ARGUS Joe Rogan leadclip
ARGEVT Joe Rogan grab item_armor1
ARGEVT Joe Rogan pursue
ARGEVT Carmack pursue
ARGLOG Joe Rogan t  35.0 pos '432.8 -232.7 -53.7' spd  42.4 yaw 352 mode 2 st 2 gl 3 hp 120 frg 1
ARGEVT Romero respawn
ARGEVT Romero goal item_armorInv
ARGLOG Romero t  35.0 pos '272.0 -952.0  24.0' spd 0 yaw   5.1 mode 0 st 0 gl 2 hp 100 frg -2
ARGLOG Carmack t  35.0 pos '643.2 -262.1 -296.0' spd 239.9 yaw 171 mode 1 st 0 gl 0 hp 32 frg -2
ARGEVT Romero route 10 start '305.0 -983.0  24.0' goal '817.0 -855.0 -232.0'
ARGEVT Romero engage Joe Rogan
ARGEVT Romero grab weapon_supershotgun
ARGEVT Carmack jump
ARGUS Joe Rogan aircontrol
ARGLOG Joe Rogan t  35.5 pos '435.8 -255.1 -85.7' spd  44.7 yaw 360 mode 2 st 2 gl 3 hp 120 frg 1
ARGLOG Romero t  35.5 pos '335.6 -1050.8  24.0' spd 308.8 yaw  84.5 mode 2 st 0 gl 2 hp 100 frg -2
ARGLOG Carmack t  35.5 pos '486.4 -232.4 -252.6' spd 320.2 yaw 185.2 mode 1 st 0 gl 0 hp 32 frg -2
ARGUS Joe Rogan bodyblock
ARGEVT Romero pursue
ARGEVT Carmack pursue
ARGUS Joe Rogan hunch item_artifact_super_damage
ARGEVT Joe Rogan goal weapon_lightning
ARGLOG Joe Rogan t  36.0 pos '565.9 -282.4 -104.0' spd 322.2 yaw 346.1 mode 1 st 2 gl 3 hp 119 frg 1
ARGEVT Carmack hazard
ARGLOG Romero t  36.0 pos '313.6 -927.1  24.0' spd 321.1 yaw 80 mode 2 st 0 gl 2 hp 100 frg -2
ARGLOG Carmack t  36.1 pos '366.0 -256.5 -296.0' spd 321.0 yaw 340.4 mode 1 st 0 gl 0 hp 32 frg -2
ARGEVT Joe Rogan pursue
ARGEVT Carmack pursue
ARGEVT Carmack jump
ARGLOG Joe Rogan t  36.5 pos '677.6 -417.9 -120.0' spd 415.3 yaw 216.7 mode 1 st 2 gl 3 hp 119 frg 1
ARGLOG Romero t  36.6 pos '339.3 -765.2  24.0' spd 320.0 yaw 79 mode 2 st 0 gl 2 hp 100 frg -2
ARGLOG Carmack t  36.6 pos '537.3 -243.7 -257.5' spd 373.2 yaw  44.6 mode 1 st 0 gl 0 hp 32 frg -2
ARGEVT Joe Rogan weapon sg
ARGEVT Joe Rogan grab 
ARGEVT Joe Rogan weapon rl
ARGUS Joe Rogan leadclip
ARGLOG Joe Rogan t  37.0 pos '455.8 -240.0 -296.0' spd 300 yaw   6.9 mode 1 st 2 gl 3 hp 118 frg 1
ARGUS Romero wallslide
ARGLOG Romero t  37.1 pos '368.0 -603.1  24.0' spd 325.2 yaw 79 mode 2 st 0 gl 2 hp 100 frg -2
ARGLOG Carmack t  37.1 pos '643.4 -219.3 -296.0' spd  72.7 yaw 182.6 mode 1 st 0 gl 0 hp 8 frg -2
ARGEVT Joe Rogan grab weapon_lightning
ARGEVT Carmack death Joe Rogan pos '644.7 -191.8 -296.0'
ARGUS Joe Rogan watch spawn
ARGEVT Joe Rogan goal weapon_lightning
ARGEVT Joe Rogan jump
ARGEVT Joe Rogan route 8 start '465.0 -247.0 -296.0' goal '529.0 -311.0 -104.0'
ARGLOG Joe Rogan t  37.5 pos '513.4 -271.2 -274.7' spd 333.4 yaw  23.6 mode 2 st 2 gl 3 hp 94 frg 2
ARGLOG Romero t  37.6 pos '379.2 -437.3  24.0' spd 321.5 yaw 74 mode 2 st 0 gl 2 hp 100 frg -2
ARGUS Romero hunch weapon_lightning
ARGEVT Romero goal item_armorInv
ARGEVT Romero route 6 start '369.0 -471.0  24.0' goal '817.0 -855.0 -232.0'
ARGLOG Joe Rogan t  38.1 pos '656.0 -266.5 -282.3' spd  86.7 yaw 94 mode 2 st 2 gl 3 hp 94 frg 2
ARGLOG Romero t  38.1 pos '335.5 -415.2 -77.0' spd 151.8 yaw 313.8 mode 2 st 0 gl 2 hp 100 frg -2
ARGLOG Joe Rogan t  38.6 pos '638.6 -126.6 -296.0' spd 320.2 yaw 257 mode 2 st 2 gl 3 hp 94 frg 2
ARGLOG Romero t  38.6 pos '458.8 -417.1 -104.0' spd 344.3 yaw 54 mode 2 st 0 gl 2 hp 100 frg -2
ARGUS Joe Rogan wallslide
ARGEVT Carmack respawn
ARGEVT Carmack goal weapon_rocketlauncher
ARGEVT Carmack engage Romero
ARGLOG Carmack t  38.9 pos '-64.0 -232.0 -72.0' spd 0 yaw 358.3 mode 0 st 0 gl 0 hp 100 frg -2
ARGEVT Carmack route 12 start '-47.0 -247.0 -72.0' goal ' 81.0  73.0 -296.0'
ARGEVT Joe Rogan hazard
ARGEVT Joe Rogan goal backpack
ARGLOG Joe Rogan t  39.1 pos '656.0   7.5 -296.0' spd   5.8 yaw 298.4 mode 0 st 2 gl 3 hp 94 frg 2
ARGEVT Joe Rogan route 2 start '625.0 -23.0 -296.0' goal '465.0 -247.0 -296.0'
ARGLOG Romero t  39.1 pos '573.3 -295.8 -104.0' spd 321.6 yaw 62 mode 2 st 0 gl 2 hp 100 frg -2
ARGEVT Romero weapon sg
ARGEVT Romero grab item_armor1
ARGLOG Carmack t  39.4 pos ' 79.7 -233.7 -72.0' spd 301.4 yaw   3.1 mode 2 st 0 gl 0 hp 100 frg -2
ARGLOG Joe Rogan t  39.6 pos '625.5 -133.8 -296.0' spd 332.9 yaw 225.6 mode 2 st 2 gl 3 hp 94 frg 2
ARGEVT Romero weapon lg
ARGLOG Romero t  39.6 pos '565.6 -118.3 -104.0' spd 359.1 yaw 194.0 mode 2 st 0 gl 2 hp 88 frg -2
ARGEVT Carmack route 11 start '145.0 -279.0 -56.0' goal ' 81.0  73.0 -296.0'
ARGEVT Joe Rogan engage Carmack
ARGUS Joe Rogan leadclip
ARGLOG Carmack t  39.9 pos '154.1 -343.5 -24.0' spd 330.1 yaw  35.2 mode 2 st 0 gl 0 hp 100 frg -2
ARGEVT Carmack grab weapon_grenadelauncher
ARGEVT Romero route 6 start '529.0 -55.0 -104.0' goal '817.0 -855.0 -232.0'
ARGEVT Romero weapon sg
ARGLOG Joe Rogan t  40.1 pos '582.9 -254.2 -296.0' spd 196.2 yaw 202.0 mode 2 st 2 gl 3 hp 94 frg 2
ARGLOG Romero t  40.2 pos '514.6 -69.9 -104.0' spd 320.2 yaw 225.3 mode 2 st 0 gl 2 hp 88 frg -2
ARGEVT Joe Rogan pursue
ARGUS Joe Rogan prefire
ARGEVT Carmack hazard
ARGUS Joe Rogan wallslide
ARGLOG Carmack t  40.4 pos '115.7 -455.3  24.0' spd 246.0 yaw  34.1 mode 2 st 0 gl 0 hp 88 frg -2
ARGUS Carmack wallslide
ARGEVT Joe Rogan hazard
ARGEVT Romero weapon lg
ARGLOG Joe Rogan t  40.6 pos '475.7 -270.0 -296.0' spd 123.6 yaw 183.0 mode 1 st 2 gl 3 hp 94 frg 2
ARGLOG Romero t  40.7 pos '529.1 -241.3 -104.0' spd 320.1 yaw 203.2 mode 2 st 0 gl 2 hp 88 frg -2
ARGEVT Carmack death Joe Rogan pos '112.0 -347.6 -24.0'
ARGEVT Joe Rogan goal item_armorInv
ARGEVT Joe Rogan route 12 start '465.0 -247.0 -296.0' goal '817.0 -855.0 -232.0'
ARGLOG Joe Rogan t  41.1 pos '359.8 -242.7 -296.0' spd 323.2 yaw 206 mode 2 st 2 gl 3 hp 94 frg 3
ARGLOG Romero t  41.2 pos '456.3 -397.8 -104.0' spd 370.2 yaw 174 mode 2 st 0 gl 2 hp 88 frg -2
ARGEVT Joe Rogan engage Romero
ARGEVT Romero engage Joe Rogan
ARGLOG Joe Rogan t  41.6 pos '281.0 -225.7 -296.0' spd 273.0 yaw 291.6 mode 2 st 2 gl 3 hp 94 frg 3
ARGEVT Joe Rogan hazard
ARGLOG Romero t  41.7 pos '294.4 -445.8 -104.0' spd 332.5 yaw 105.3 mode 2 st 0 gl 2 hp 88 frg -2
ARGEVT Romero route 6 start '273.0 -407.0 -104.0' goal '817.0 -855.0 -232.0'
ARGEVT Romero grab 
ARGUS Joe Rogan leadclip
ARGUS Romero wallslide
ARGEVT Joe Rogan pursue
ARGEVT Romero pursue
ARGEVT Romero hazard
ARGLOG Joe Rogan t  42.2 pos '398.3 -187.3 -296.0' spd 239.8 yaw 219.9 mode 2 st 2 gl 3 hp 94 frg 3
ARGLOG Romero t  42.2 pos '182.7 -429.6 -104.0' spd 158.9 yaw  50.5 mode 0 st 0 gl 2 hp 88 frg -2
ARGEVT Carmack respawn
ARGEVT Carmack goal weapon_rocketlauncher
ARGLOG Carmack t  42.2 pos '112.0 -1136.0 -104.0' spd 0 yaw  50.1 mode 0 st 0 gl 0 hp 100 frg -2
ARGEVT Carmack route 13 start '113.0 -1079.0 -104.0' goal ' 81.0  73.0 -296.0'
ARGEVT Romero route 7 start '145.0 -407.0 -104.0' goal '817.0 -855.0 -232.0'
ARGEVT Joe Rogan retreat
ARGLOG Joe Rogan t  42.7 pos '377.9 -109.4 -296.0' spd 369.4 yaw 228.5 mode 2 st 2 gl 3 hp 4 frg 3
ARGLOG Romero t  42.7 pos '131.3 -421.9 -104.0' spd 127.0 yaw  50.6 mode 2 st 0 gl 2 hp 88 frg -2
ARGEVT Joe Rogan hazard
ARGLOG Carmack t  42.8 pos '144.0 -990.1 -104.0' spd 321.2 yaw 92 mode 2 st 0 gl 0 hp 100 frg -2
ARGEVT Joe Rogan death Romero pos '392.5 -90.5 -296.0'
ARGUS Romero watch spawn
ARGEVT Romero goal backpack
ARGEVT Romero route 7 start '145.0 -407.0 -104.0' goal '337.0 -119.0 -296.0'
ARGLOG Romero t  43.2 pos '279.4 -412.9 -104.0' spd 320.1 yaw 1 mode 2 st 0 gl 2 hp 88 frg -1
ARGLOG Carmack t  43.3 pos '145.4 -825.2 -104.0' spd 320.1 yaw 93 mode 2 st 0 gl 0 hp 100 frg -2
ARGEVT Carmack hazard
ARGLOG Romero t  43.7 pos '440.0 -409.2 -104.0' spd 333.3 yaw  26.0 mode 2 st 0 gl 2 hp 88 frg -1
ARGLOG Carmack t  43.8 pos '130.1 -758.3 -104.0' spd 324.8 yaw 24 mode 2 st 0 gl 0 hp 100 frg -2
ARGEVT Romero jump
ARGLOG Romero t  44.2 pos '587.6 -298.5 -61.6' spd 401.2 yaw 157 mode 2 st 0 gl 2 hp 88 frg -1
ARGEVT Joe Rogan respawn
ARGEVT Joe Rogan goal item_armorInv
ARGLOG Joe Rogan t  44.3 pos '272.0 -952.0  24.0' spd 0 yaw   4.8 mode 0 st 2 gl 3 hp 100 frg 3
ARGLOG Carmack t  44.3 pos '302.7 -752.0 -104.0' spd 319.5 yaw 70 mode 2 st 0 gl 0 hp 100 frg -2
ARGEVT Joe Rogan route 10 start '305.0 -983.0  24.0' goal '817.0 -855.0 -232.0'
ARGEVT Romero engage Carmack
ARGEVT Romero weapon gl
ARGEVT Carmack engage Romero
ARGLOG Romero t  44.8 pos '537.0 -135.6 -104.0' spd 326.5 yaw 228.2 mode 0 st 0 gl 2 hp 88 frg -1
ARGLOG Joe Rogan t  44.8 pos '359.4 -820.3  24.0' spd 359.3 yaw 120 mode 2 st 2 gl 3 hp 100 frg 3
ARGLOG Carmack t  44.8 pos '344.1 -608.0 -104.0' spd 203.7 yaw  67.5 mode 2 st 0 gl 0 hp 100 frg -2
ARGEVT Romero route 4 start '561.0 -87.0 -104.0' goal '337.0 -119.0 -296.0'
ARGEVT Romero weapon lg
ARGLOG Romero t  45.3 pos '558.5 -139.4 -104.0' spd 328.8 yaw 243.7 mode 2 st 0 gl 2 hp 74 frg -1
ARGLOG Joe Rogan t  45.3 pos '333.4 -650.8  24.0' spd 330.8 yaw 72 mode 2 st 2 gl 3 hp 100 frg 3
ARGLOG Carmack t  45.3 pos '309.9 -526.4 -104.0' spd 337.2 yaw  59.0 mode 2 st 0 gl 0 hp 70 frg -2
ARGEVT Joe Rogan engage Romero
ARGUS Romero wallslide
ARGEVT Carmack hazard
ARGEVT Carmack grab 
ARGLOG Romero t  45.8 pos '620.0 -262.0 -104.0' spd 145.2 yaw 203.5 mode 2 st 0 gl 2 hp 72 frg -1
ARGLOG Joe Rogan t  45.8 pos '303.9 -487.0  24.0' spd 320.0 yaw  37.4 mode 2 st 2 gl 3 hp 100 frg 3
ARGLOG Carmack t  45.8 pos '208.6 -412.2 -104.0' spd 254.1 yaw  24.3 mode 2 st 0 gl 0 hp 70 frg -2
ARGEVT Romero weapon gl
ARGEVT Joe Rogan grab 
ARGUS Carmack wallslide
ARGLOG Romero t  46.3 pos '558.5 -126.7 -104.0' spd 326.4 yaw 189.6 mode 2 st 0 gl 2 hp 48 frg -1
ARGLOG Joe Rogan t  46.3 pos '230.3 -368.4 -20.5' spd 113.8 yaw  34.0 mode 2 st 2 gl 3 hp 100 frg 3
ARGLOG Carmack t  46.3 pos '114.1 -370.6 -104.0' spd 115.6 yaw  28.0 mode 2 st 0 gl 0 hp 40 frg -2
ARGEVT Romero grab item_health
ARGLOG Romero t  46.8 pos '536.2 -41.9 -104.0' spd 221.9 yaw 230.3 mode 2 st 0 gl 2 hp 40 frg -1
ARGLOG Joe Rogan t  46.9 pos '197.3 -365.7 -263.4' spd  67.6 yaw  44.1 mode 2 st 2 gl 3 hp 100 frg 3
ARGLOG Carmack t  46.9 pos '153.1 -407.3 -104.0' spd 204.7 yaw  42.6 mode 2 st 0 gl 0 hp 40 frg -2
ARGUS Romero wallslide
ARGUS Carmack bodyblock
ARGEVT Romero hazard
ARGUS Joe Rogan bodyblock
ARGEVT Joe Rogan swim
ARGEVT Carmack hazard
ARGUS Carmack wallslide
ARGEVT Joe Rogan pursue
ARGLOG Romero t  47.3 pos '566.4   3.2 -104.0' spd 0 yaw 241.5 mode 2 st 0 gl 2 hp 21 frg -1
ARGEVT Joe Rogan swim
ARGLOG Joe Rogan t  47.4 pos '192.8 -357.0 -383.8' spd  75.5 yaw 43 mode 2 st 2 gl 3 hp 60 frg 3
ARGLOG Carmack t  47.4 pos '239.0 -432.0 -104.0' spd 189.5 yaw  51.2 mode 2 st 0 gl 0 hp 40 frg -2
ARGEVT Joe Rogan swim
ARGEVT Joe Rogan swim
ARGEVT Joe Rogan swim
ARGEVT Carmack grab item_health
ARGEVT Joe Rogan swim
ARGLOG Romero t  47.8 pos '566.4   3.2 -104.0' spd 0 yaw 270.6 mode 2 st 0 gl 2 hp 16 frg -1
ARGLOG Joe Rogan t  47.9 pos '225.1 -324.6 -383.6' spd 102.1 yaw 43 mode 2 st 2 gl 3 hp 30 frg 3
ARGLOG Carmack t  47.9 pos '371.7 -480.8 -104.0' spd 324.1 yaw  64.7 mode 2 st 0 gl 0 hp 40 frg -2
ARGEVT Joe Rogan swim
ARGEVT Joe Rogan swim
ARGEVT Romero retreat
ARGEVT Romero hazard
ARGEVT Joe Rogan swim
ARGEVT Joe Rogan swim
ARGEVT Carmack death Romero pos '326.3 -445.5 -104.0'
ARGEVT Joe Rogan swim
ARGLOG Romero t  48.3 pos '566.4   3.2 -104.0' spd 0 yaw  43.7 mode 2 st 0 gl 2 hp 8 frg 0
ARGLOG Joe Rogan t  48.4 pos '268.8 -282.0 -383.0' spd 131.4 yaw 42 mode 2 st 2 gl 3 hp 10 frg 3
ARGEVT Joe Rogan death world pos '273.3 -277.7 -384.2'
ARGEVT Romero weapon lg
ARGEVT Romero goal item_health
ARGEVT Romero route 2 start '529.0 -55.0 -104.0' goal '529.0  73.0 -296.0'
ARGUS Romero wallslide
ARGLOG Romero t  48.8 pos '600.2 -78.6 -104.0' spd 373.0 yaw 243.4 mode 2 st 0 gl 2 hp 8 frg 0
ARGLOG Romero t  49.4 pos '559.3 -245.2 -104.0' spd 323.1 yaw 234.0 mode 2 st 0 gl 2 hp 8 frg 0
ARGEVT Carmack respawn
ARGEVT Carmack goal weapon_rocketlauncher
ARGLOG Carmack t  49.8 pos '272.0 -952.0  24.0' spd 0 yaw   5.1 mode 0 st 0 gl 0 hp 100 frg -2
ARGEVT Carmack route 10 start '305.0 -983.0  24.0' goal '753.0 -887.0 -232.0'
ARGLOG Romero t  49.9 pos '469.0 -383.8 -104.0' spd 320.4 yaw 230.0 mode 2 st 0 gl 2 hp 8 frg 0
ARGEVT Joe Rogan respawn
ARGEVT Joe Rogan goal weapon_rocketlauncher
ARGLOG Joe Rogan t  50.0 pos '784.0 -176.0  24.0' spd 0 yaw 184.8 mode 0 st 2 gl 3 hp 100 frg 2
ARGEVT Joe Rogan route 10 start '785.0 -183.0  24.0' goal ' 81.0  73.0 -296.0'
ARGEVT Romero route 5 start '369.0 -471.0 -104.0' goal '529.0  73.0 -296.0'
ARGEVT Joe Rogan hazard
ARGLOG Carmack t  50.3 pos '380.0 -839.1  24.0' spd 337.8 yaw 95 mode 2 st 0 gl 0 hp 100 frg -2
ARGEVT Romero engage Joe Rogan
ARGEVT Joe Rogan engage Romero
ARGLOG Romero t  50.4 pos '318.3 -467.2 -104.0' spd 402.0 yaw  46.6 mode 2 st 0 gl 2 hp 8 frg 0
ARGLOG Joe Rogan t  50.5 pos '632.1 -194.6  24.0' spd 365.6 yaw 220.4 mode 2 st 2 gl 3 hp 100 frg 2
ARGEVT Carmack hazard
ARGEVT Romero route 5 start '273.0 -503.0 -104.0' goal '529.0  73.0 -296.0'
ARGEVT Romero jump
ARGEVT Romero weapon gl
ARGEVT Romero death Joe Rogan pos '241.2 -528.0 -63.0'
ARGUS Joe Rogan watch spawn
ARGLOG Carmack t  50.8 pos '343.0 -702.1  24.0' spd 322.4 yaw  94.8 mode 2 st 0 gl 0 hp 100 frg -2
ARGEVT Joe Rogan engage Carmack
ARGEVT Carmack engage Joe Rogan
ARGEVT Joe Rogan goal weapon_rocketlauncher
ARGLOG Joe Rogan t  51.0 pos '484.3 -144.3 -12.6' spd  85.9 yaw 250.0 mode 0 st 2 gl 3 hp 100 frg 3
ARGEVT Joe Rogan route 9 start '593.0 -151.0  24.0' goal ' 81.0  73.0 -296.0'
ARGLOG Carmack t  51.3 pos '346.6 -579.6  24.0' spd 225.7 yaw  67.6 mode 2 st 0 gl 0 hp 100 frg -2
ARGEVT Carmack grab 
ARGEVT Joe Rogan jump
ARGLOG Joe Rogan t  51.5 pos '549.7 -186.9 -80.0' spd 326.0 yaw 242.8 mode 2 st 2 gl 3 hp 92 frg 3
ARGLOG Carmack t  51.8 pos '239.1 -517.7  24.0' spd 134.1 yaw  39.1 mode 2 st 0 gl 0 hp 100 frg -2
ARGEVT Carmack hazard
ARGLOG Joe Rogan t  52.0 pos '624.0 -252.2 -94.9' spd 127.1 yaw 218.4 mode 2 st 2 gl 3 hp 92 frg 3
ARGEVT Romero respawn
ARGEVT Romero goal item_armorInv
ARGEVT Romero engage Joe Rogan
ARGLOG Romero t  52.3 pos '-64.0 -232.0 -72.0' spd 0 yaw 358.9 mode 0 st 0 gl 2 hp 100 frg 0
ARGLOG Carmack t  52.3 pos '256.2 -528.0  24.0' spd 152.1 yaw  26.9 mode 2 st 0 gl 0 hp 84 frg -2
ARGEVT Romero route 9 start '-47.0 -247.0 -72.0' goal '817.0 -855.0 -232.0'
ARGLOG Joe Rogan t  52.5 pos '654.4 -398.1 -104.0' spd 321.1 yaw 200.3 mode 2 st 2 gl 3 hp 92 frg 3
ARGEVT Carmack pursue
ARGEVT Joe Rogan pursue
ARGLOG Romero t  52.8 pos ' 78.6 -244.3 -72.0' spd 320.9 yaw 358.2 mode 2 st 0 gl 2 hp 100 frg 0
ARGEVT Romero grab 
ARGLOG Carmack t  52.8 pos '316.3 -500.7  24.0' spd 320.3 yaw 32 mode 2 st 0 gl 0 hp 84 frg -2
ARGLOG Joe Rogan t  53.0 pos '455.5 -240.0 -296.0' spd 300 yaw 256.9 mode 2 st 2 gl 3 hp 92 frg 3
ARGEVT Romero route 8 start '145.0 -279.0 -56.0' goal '817.0 -855.0 -232.0'
ARGLOG Romero t  53.3 pos '148.7 -319.2 -40.0' spd 126.2 yaw  13.2 mode 2 st 0 gl 2 hp 100 frg 0
ARGLOG Carmack t  53.4 pos '478.6 -461.4  24.0' spd 322.0 yaw  91.9 mode 2 st 0 gl 0 hp 100 frg -2
ARGEVT Joe Rogan pursue
ARGEVT Carmack pursue
ARGUS Joe Rogan hunch 
ARGEVT Joe Rogan pursue
ARGLOG Joe Rogan t  53.6 pos '489.1 -243.7 -296.0' spd 295.1 yaw  77.7 mode 2 st 2 gl 3 hp 80 frg 3
ARGEVT Joe Rogan goal backpack
ARGEVT Joe Rogan hazard
ARGEVT Joe Rogan route 6 start '465.0 -247.0 -296.0' goal '273.0 -503.0 -104.0'
ARGLOG Romero t  53.9 pos '171.2 -244.9 -72.0' spd 289.8 yaw   3.5 mode 2 st 0 gl 2 hp 100 frg 0
ARGLOG Carmack t  53.9 pos '524.9 -324.3  24.0' spd 340.2 yaw 129 mode 2 st 0 gl 0 hp 100 frg -2
ARGEVT Joe Rogan pursue
ARGEVT Romero hazard
ARGEVT Joe Rogan grab 
ARGLOG Joe Rogan t  54.1 pos '367.3 -196.9 -296.0' spd 349.5 yaw  77.4 mode 2 st 2 gl 3 hp 52 frg 3
ARGUS Joe Rogan leadclip
ARGLOG Romero t  54.4 pos '185.4 -244.2 -72.0' spd 250.4 yaw  35.3 mode 2 st 0 gl 2 hp 100 frg 0
ARGLOG Carmack t  54.4 pos '462.7 -158.9 -75.4' spd 339.1 yaw 146.8 mode 2 st 0 gl 0 hp 100 frg -2
ARGUS Romero sprintjump
ARGEVT Romero jump
ARGEVT Carmack hazard
ARGEVT Joe Rogan retreat
ARGLOG Joe Rogan t  54.6 pos '340.4 -24.7 -296.0' spd 323.5 yaw 326.3 mode 2 st 2 gl 3 hp 12 frg 3
ARGUS Joe Rogan wallslide
ARGEVT Joe Rogan death Joe Rogan pos '336.2  54.6 -288.0'
ARGEVT Romero engage Carmack
ARGEVT Carmack engage Romero
ARGLOG Romero t  54.9 pos '265.9 -387.7 -37.6' spd 323.8 yaw  63.7 mode 2 st 0 gl 2 hp 100 frg 0
ARGEVT Romero grab 
ARGLOG Carmack t  54.9 pos '562.1 -37.8 -104.0' spd 256.5 yaw 200.6 mode 0 st 0 gl 0 hp 100 frg -2
ARGEVT Carmack route 6 start '529.0 -55.0 -104.0' goal '753.0 -887.0 -232.0'
ARGUS Carmack wallslide
ARGUS Romero wallslide
ARGEVT Romero hazard
ARGLOG Romero t  55.4 pos '308.9 -530.6 -104.0' spd 189.5 yaw  23.0 mode 2 st 0 gl 2 hp 76 frg 0
ARGLOG Carmack t  55.4 pos '598.3 -96.2 -104.0' spd 369.2 yaw 237.4 mode 2 st 0 gl 0 hp 100 frg -2
ARGLOG Romero t  55.9 pos '302.5 -479.9 -104.0' spd 328.3 yaw   0.1 mode 2 st 0 gl 2 hp 68 frg 0
ARGLOG Carmack t  55.9 pos '624.2 -273.4 -104.0' spd 344.5 yaw 216.6 mode 2 st 0 gl 0 hp 100 frg -2
ARGEVT Joe Rogan respawn
ARGEVT Joe Rogan goal weapon_rocketlauncher
ARGLOG Joe Rogan t  56.3 pos '272.0 -952.0  24.0' spd 0 yaw   4.5 mode 0 st 2 gl 3 hp 100 frg 2
ARGEVT Joe Rogan route 12 start '305.0 -983.0  24.0' goal ' 81.0  73.0 -296.0'
ARGLOG Romero t  56.4 pos '279.2 -489.2 -104.0' spd 337.0 yaw  36.6 mode 2 st 0 gl 2 hp 52 frg 0
ARGLOG Carmack t  56.4 pos '640.3 -301.0 -104.0' spd 320.2 yaw 204.4 mode 2 st 0 gl 0 hp 100 frg -2
ARGUS Romero wallslide
ARGEVT Romero hazard
ARGUS Carmack wallslide
ARGLOG Joe Rogan t  56.9 pos '373.2 -834.5  24.0' spd 322.0 yaw 61 mode 2 st 2 gl 3 hp 100 frg 2
ARGLOG Romero t  56.9 pos '352.7 -554.3 -104.0' spd 226.5 yaw  32.3 mode 2 st 0 gl 2 hp 52 frg 0
ARGLOG Carmack t  56.9 pos '674.1 -332.3 -104.0' spd 238.3 yaw 213.7 mode 2 st 0 gl 0 hp 100 frg -2
ARGEVT Joe Rogan hazard
ARGEVT Romero retreat
ARGLOG Joe Rogan t  57.4 pos '479.8 -766.9  24.0' spd 323.2 yaw 80 mode 2 st 2 gl 3 hp 100 frg 2
ARGUS Joe Rogan wallslide
ARGLOG Romero t  57.4 pos '294.2 -506.0 -104.0' spd 332.6 yaw  72.4 mode 2 st 0 gl 2 hp 28 frg 0
ARGLOG Carmack t  57.4 pos '554.0 -225.9 -104.0' spd 329.7 yaw 224.4 mode 2 st 0 gl 0 hp 100 frg -2
ARGLOG Joe Rogan t  57.9 pos '486.8 -769.4  24.0' spd 266.8 yaw 81 mode 2 st 2 gl 3 hp 100 frg 2
ARGEVT Romero weapon sg
ARGLOG Romero t  57.9 pos '326.6 -619.9 -104.0' spd 322.2 yaw  38.2 mode 2 st 0 gl 2 hp 4 frg 0
ARGLOG Carmack t  58.0 pos '610.7 -234.9 -104.0' spd 334.4 yaw 235.2 mode 2 st 0 gl 0 hp 100 frg -2
ARGUS Carmack wallslide
ARGEVT Romero pursue
ARGEVT Carmack pursue
ARGLOG Joe Rogan t  58.4 pos '395.5 -808.3  24.0' spd 370.8 yaw 152.6 mode 2 st 2 gl 3 hp 100 frg 2
ARGUS Carmack jumpapproach 0 actual 350.3
ARGEVT Carmack jump
ARGUS Romero hunch item_artifact_super_damage
ARGUS Carmack aircontrol
ARGEVT Romero goal item_health
ARGLOG Romero t  58.4 pos '371.2 -759.1 -104.0' spd 219.3 yaw 264.7 mode 1 st 0 gl 2 hp 4 frg 0
ARGUS Joe Rogan bodyblock
ARGLOG Carmack t  58.5 pos '671.9 -376.1 -85.6' spd 350.3 yaw 216 mode 2 st 0 gl 0 hp 100 frg -2
ARGEVT Romero pursue
ARGEVT Romero hazard
ARGLOG Joe Rogan t  58.9 pos '432.2 -766.0  24.0' spd 321.0 yaw 77 mode 2 st 2 gl 3 hp 100 frg 2
ARGEVT Joe Rogan hazard
ARGUS Romero wallslide
ARGLOG Romero t  59.0 pos '461.7 -906.9 -104.0' spd 162.0 yaw  55.0 mode 1 st 0 gl 2 hp 19 frg 0
ARGLOG Carmack t  59.0 pos '680.9 -464.0 -87.8' spd  32.8 yaw 204 mode 2 st 0 gl 0 hp 100 frg -2
ARGUS Joe Rogan wallslide
ARGEVT Carmack route 12 start '465.0 -247.0 -296.0' goal '753.0 -887.0 -232.0'
ARGLOG Joe Rogan t  59.4 pos '475.7 -761.1  24.0' spd  51.2 yaw 80 mode 2 st 2 gl 3 hp 100 frg 2
ARGLOG Romero t  59.5 pos '461.7 -784.5 -104.0' spd 327.6 yaw 76 mode 1 st 0 gl 2 hp 19 frg 0
ARGLOG Carmack t  59.5 pos '455.8 -240.0 -296.0' spd 300 yaw 252 mode 2 st 0 gl 0 hp 100 frg -2
ARGUS Carmack hunch item_health
ARGUS Romero bodyblock
ARGEVT Carmack goal weapon_rocketlauncher
ARGUS routecache adopt
ARGEVT Carmack route 12 start '465.0 -247.0 -296.0' goal '753.0 -887.0 -232.0'
ARGEVT Carmack pursue
ARGLOG Joe Rogan t  59.9 pos '476.0 -784.8  24.0' spd 0 yaw  19.2 mode 2 st 2 gl 3 hp 100 frg 2
ARGEVT Romero pursue
ARGLOG Romero t  60.0 pos '440.2 -804.4 -104.0' spd 338.9 yaw 287.7 mode 1 st 0 gl 2 hp 19 frg 0
ARGLOG Carmack t  60.0 pos '559.4 -238.4 -296.0' spd 327.9 yaw  21.4 mode 2 st 0 gl 0 hp 58 frg -2
ARGEVT Romero hazard
ARGEVT Carmack hazard
ARGUS Romero wallslide
ARGLOG Joe Rogan t  60.4 pos '476.0 -784.8  24.0' spd 0 yaw 71 mode 2 st 2 gl 3 hp 100 frg 2
ARGLOG Romero t  60.5 pos '464.0 -918.5 -104.0' spd 181.3 yaw  79.5 mode 1 st 0 gl 2 hp 19 frg 0
ARGLOG Carmack t  60.5 pos '650.3 -213.6 -296.0' spd 263.6 yaw 242.1 mode 2 st 0 gl 0 hp 58 frg -2
ARGEVT Carmack route 12 start '593.0 -215.0 -296.0' goal '753.0 -887.0 -232.0'
ARGLOG Joe Rogan t  61.0 pos '476.0 -784.8  24.0' spd 0 yaw 71 mode 2 st 2 gl 3 hp 100 frg 2
ARGLOG Romero t  61.0 pos '357.5 -786.6 -104.0' spd 338.9 yaw 183.5 mode 1 st 0 gl 2 hp 19 frg 0
ARGLOG Carmack t  61.0 pos '504.1 -258.0 -296.0' spd 399.2 yaw 71 mode 2 st 0 gl 0 hp 58 frg -2
ARGEVT Romero weapon gl
ARGEVT Romero hazard
ARGEVT Carmack hazard
ARGLOG Joe Rogan t  61.5 pos '476.0 -784.8  24.0' spd 0 yaw 80 mode 2 st 2 gl 3 hp 100 frg 2
ARGLOG Romero t  61.5 pos '224.6 -756.1 -104.0' spd  79.5 yaw  18.7 mode 1 st 0 gl 2 hp 19 frg 0
ARGLOG Carmack t  61.5 pos '402.5 -194.2 -296.0' spd 138.6 yaw 53 mode 2 st 0 gl 0 hp 58 frg -2
ARGUS Romero wallslide
ARGEVT Joe Rogan stall
ARGEVT Joe Rogan stallnode '465.0 -855.0  24.0'
ARGLOG Joe Rogan t  62.0 pos '476.0 -784.8  24.0' spd 0 yaw 227.4 mode 0 st 3 gl 3 hp 100 frg 2
ARGLOG Romero t  62.0 pos '373.2 -809.4 -104.0' spd 333.1 yaw 301 mode 1 st 0 gl 2 hp 19 frg 0
ARGLOG Carmack t  62.1 pos '401.3 -102.7 -296.0' spd 151.5 yaw 42 mode 2 st 0 gl 0 hp 58 frg -2
ARGEVT Joe Rogan route 10 start '465.0 -855.0  24.0' goal ' 81.0  73.0 -296.0'
ARGEVT Carmack hazard
ARGLOG Joe Rogan t  62.5 pos '476.0 -784.8  24.0' spd 0 yaw 80 mode 2 st 3 gl 3 hp 100 frg 2
ARGLOG Romero t  62.6 pos '391.3 -982.1 -104.0' spd 322.6 yaw 259.4 mode 1 st 0 gl 2 hp 34 frg 0
ARGEVT Joe Rogan stall
ARGEVT Joe Rogan stallnode '465.0 -855.0  24.0'
ARGLOG Carmack t  62.6 pos '399.6 -57.0 -296.0' spd  78.6 yaw 35 mode 2 st 0 gl 0 hp 58 frg -2
ARGEVT Joe Rogan goal item_armorInv
ARGEVT Romero hazard
ARGEVT Joe Rogan route 9 start '465.0 -855.0  24.0' goal '817.0 -855.0 -232.0'
ARGLOG Joe Rogan t  63.0 pos '476.0 -784.8  24.0' spd 0 yaw 126 mode 2 st 4 gl 3 hp 100 frg 2
ARGLOG Romero t  63.1 pos '430.8 -1036.3 -104.0' spd 305.4 yaw 174.6 mode 1 st 0 gl 2 hp 49 frg 0
ARGLOG Carmack t  63.1 pos '399.1 -26.8 -296.0' spd  48.3 yaw 30 mode 2 st 0 gl 0 hp 58 frg -2
ARGEVT Carmack hazard
ARGLOG Joe Rogan t  63.5 pos '476.0 -784.8  24.0' spd 0 yaw 240 mode 2 st 4 gl 3 hp 100 frg 2
ARGLOG Romero t  63.6 pos '309.2 -912.2 -104.0' spd 447.4 yaw  27.7 mode 1 st 0 gl 2 hp 49 frg 0
ARGLOG Carmack t  63.6 pos '392.6  -9.0 -296.0' spd  33.9 yaw 26 mode 2 st 0 gl 0 hp 58 frg -2
ARGLOG Joe Rogan t  64.0 pos '476.0 -784.8  24.0' spd 0 yaw 240 mode 2 st 4 gl 3 hp 100 frg 2
ARGUS Romero bodyblock
ARGEVT Romero hazard
ARGLOG Romero t  64.1 pos '450.4 -794.5 -104.0' spd 246.6 yaw 283.4 mode 1 st 0 gl 2 hp 49 frg 0
ARGLOG Carmack t  64.1 pos '386.5   7.8 -296.0' spd  33.7 yaw 22 mode 2 st 0 gl 0 hp 58 frg -2
ARGUS Joe Rogan wallslide
ARGEVT Carmack hazard
ARGLOG Joe Rogan t  64.5 pos '406.1 -831.9  24.0' spd 337.4 yaw 249 mode 2 st 4 gl 3 hp 100 frg 2
ARGLOG Romero t  64.6 pos '351.0 -863.9 -104.0' spd 379.0 yaw 243.3 mode 1 st 0 gl 2 hp 49 frg 0
ARGLOG Carmack t  64.6 pos '400.0 -60.1 -296.0' spd 326.9 yaw 36 mode 2 st 0 gl 0 hp 58 frg -2
ARGLOG Joe Rogan t  65.1 pos '333.2 -982.6  24.0' spd 336.2 yaw 89 mode 2 st 4 gl 3 hp 100 frg 2
ARGLOG Romero t  65.1 pos '358.8 -1027.3 -104.0' spd 324.9 yaw 342 mode 1 st 0 gl 2 hp 49 frg 0
ARGLOG Carmack t  65.1 pos '399.0 -150.5 -296.0' spd 144.7 yaw 48 mode 2 st 0 gl 0 hp 58 frg -2
ARGEVT Joe Rogan hazard
ARGEVT Romero hazard
ARGEVT Carmack hazard
ARGUS Joe Rogan wallslide
ARGUS Romero wallslide
ARGLOG Joe Rogan t  65.6 pos '209.1 -955.2  24.0' spd 343.6 yaw  60.3 mode 2 st 4 gl 3 hp 100 frg 2
ARGLOG Romero t  65.6 pos '460.1 -945.0 -104.0' spd 328.4 yaw 115.5 mode 1 st 0 gl 2 hp 49 frg 0
ARGLOG Carmack t  65.7 pos '410.6 -209.8 -296.0' spd 111.1 yaw 55 mode 2 st 0 gl 0 hp 58 frg -2
ARGLOG Joe Rogan t  66.1 pos '370.1 -907.3  24.0' spd 485.1 yaw 255.8 mode 2 st 4 gl 3 hp 100 frg 2
ARGUS Carmack wallslide
ARGLOG Romero t  66.2 pos '303.7 -879.4 -104.0' spd 481.1 yaw 278.3 mode 1 st 0 gl 2 hp 49 frg 0
ARGLOG Carmack t  66.2 pos '494.7 -208.0 -296.0' spd 369.8 yaw 67 mode 2 st 0 gl 0 hp 58 frg -2
ARGEVT Joe Rogan hazard
ARGUS Joe Rogan wallslide
ARGUS Romero bodyblock
ARGEVT Carmack hazard
ARGLOG Joe Rogan t  66.6 pos '302.4 -1031.8  24.0' spd 276.4 yaw 85 mode 2 st 4 gl 3 hp 100 frg 2
ARGLOG Romero t  66.7 pos '374.3 -1024.5 -104.0' spd 283.1 yaw  76.1 mode 1 st 0 gl 2 hp 49 frg 0
ARGLOG Carmack t  66.7 pos '638.3 -133.2 -296.0' spd 330.7 yaw 257 mode 2 st 0 gl 0 hp 58 frg -2
ARGLOG Joe Rogan t  67.1 pos '305.5 -867.9  24.0' spd 321.0 yaw 83 mode 2 st 4 gl 3 hp 100 frg 2
ARGLOG Romero t  67.2 pos '408.3 -849.9 -104.0' spd 387.2 yaw  29.6 mode 1 st 0 gl 2 hp 49 frg 0
ARGLOG Carmack t  67.2 pos '619.6  29.9 -296.0' spd 320.9 yaw 261 mode 2 st 0 gl 0 hp 58 frg -2
ARGEVT Romero hazard
ARGEVT Joe Rogan engage Carmack
ARGEVT Carmack engage Joe Rogan
ARGEVT Carmack route 9 start '465.0 -855.0  24.0' goal '753.0 -887.0 -232.0'
ARGLOG Joe Rogan t  67.6 pos '346.3 -717.2  24.0' spd 128.2 yaw 306.0 mode 2 st 4 gl 3 hp 100 frg 2
ARGEVT Carmack retreat
ARGLOG Romero t  67.7 pos '457.5 -810.1 -104.0' spd 321.9 yaw 259.8 mode 1 st 0 gl 2 hp 49 frg 0
ARGLOG Carmack t  67.7 pos '390.0 -864.0  24.0' spd 304.6 yaw 109.9 mode 2 st 0 gl 0 hp 34 frg -2
ARGEVT Joe Rogan hazard
ARGLOG Joe Rogan t  68.1 pos '249.7 -820.4  24.0' spd 407.3 yaw 339.1 mode 2 st 4 gl 3 hp 82 frg 2
ARGLOG Romero t  68.2 pos '366.6 -957.2 -104.0' spd 320.3 yaw 215.8 mode 1 st 0 gl 2 hp 49 frg 0
ARGLOG Carmack t  68.2 pos '385.5 -869.8  24.0' spd 179.4 yaw 180.5 mode 2 st 0 gl 0 hp 10 frg -2
ARGEVT Carmack hazard
ARGUS Romero bodyblock
ARGEVT Joe Rogan route 10 start '241.0 -1015.0  24.0' goal '817.0 -855.0 -232.0'
ARGLOG Joe Rogan t  68.6 pos '211.5 -992.1  24.0' spd 353.6 yaw  33.9 mode 2 st 4 gl 3 hp 82 frg 2
ARGLOG Romero t  68.7 pos '219.6 -945.3 -104.0' spd 326.4 yaw 141.5 mode 1 st 0 gl 2 hp 49 frg 0
ARGLOG Carmack t  68.7 pos '469.3 -776.4  24.0' spd 336.3 yaw 238.0 mode 2 st 0 gl 0 hp 10 frg -2
ARGUS Carmack wallslide
ARGEVT Romero hazard
ARGEVT Joe Rogan hazard
ARGLOG Joe Rogan t  69.2 pos '361.8 -1048.3  24.0' spd 329.3 yaw  85.6 mode 2 st 4 gl 3 hp 55 frg 2
ARGEVT Carmack death Joe Rogan pos '336.2 -750.4  24.0'
ARGUS Joe Rogan watch spawn
ARGLOG Romero t  69.2 pos ' 85.3 -850.9 -104.0' spd  98.0 yaw 274.3 mode 1 st 0 gl 2 hp 49 frg 0
ARGEVT Joe Rogan goal backpack
ARGEVT Joe Rogan route 2 start '401.0 -1015.0  24.0' goal '337.0 -727.0  24.0'
ARGLOG Joe Rogan t  69.7 pos '389.9 -946.0  24.0' spd 322.4 yaw 89 mode 2 st 4 gl 3 hp 46 frg 3
ARGLOG Romero t  69.7 pos '182.7 -949.9 -104.0' spd 322.5 yaw 332 mode 1 st 0 gl 2 hp 49 frg 0
ARGLOG Joe Rogan t  70.2 pos '361.8 -780.7  24.0' spd 331.8 yaw 135.9 mode 1 st 4 gl 3 hp 46 frg 3
ARGLOG Romero t  70.2 pos '328.3 -1028.9 -104.0' spd 350.1 yaw 360.0 mode 1 st 0 gl 2 hp 49 frg 0
ARGEVT Joe Rogan hazard
ARGEVT Joe Rogan goal weapon_lightning
ARGEVT Joe Rogan route 4 start '337.0 -727.0  24.0' goal '529.0 -311.0 -104.0'
ARGUS Joe Rogan wallslide
ARGLOG Joe Rogan t  70.7 pos '264.5 -824.0  24.0' spd 397.1 yaw 301.0 mode 2 st 4 gl 4 hp 46 frg 3
ARGUS Romero wallslide
ARGEVT Carmack respawn
ARGEVT Carmack goal weapon_rocketlauncher
ARGLOG Carmack t  70.7 pos '-64.0 -232.0 -72.0' spd 0 yaw   5.1 mode 0 st 0 gl 0 hp 100 frg -2
ARGLOG Romero t  70.8 pos '463.7 -917.9 -104.0' spd 382.1 yaw 127 mode 1 st 0 gl 2 hp 49 frg 0
ARGEVT Carmack route 12 start '-47.0 -247.0 -72.0' goal ' 81.0  73.0 -296.0'
ARGLOG Joe Rogan t  71.2 pos '425.7 -892.6  24.0' spd 486.3 yaw 97 mode 2 st 4 gl 4 hp 46 frg 3
ARGLOG Carmack t  71.3 pos ' 84.2 -233.4 -72.0' spd 321.6 yaw 322 mode 2 st 0 gl 0 hp 100 frg -2
ARGLOG Romero t  71.3 pos '389.1 -763.7 -104.0' spd 327.1 yaw 145 mode 1 st 0 gl 2 hp 49 frg 0
ARGUS routecache adopt
ARGEVT Carmack route 10 start '145.0 -247.0 -72.0' goal ' 81.0  73.0 -296.0'
ARGEVT Joe Rogan hazard
ARGUS routecache adopt
ARGEVT Carmack route 10 start '145.0 -247.0 -72.0' goal ' 81.0  73.0 -296.0'
ARGEVT Carmack hazard
ARGUS Joe Rogan wallslide
ARGLOG Joe Rogan t  71.7 pos '383.2 -753.4  24.0' spd 281.5 yaw 92 mode 2 st 4 gl 4 hp 46 frg 3
ARGLOG Carmack t  71.8 pos '196.7 -211.2 -72.0' spd 375.5 yaw 326 mode 2 st 0 gl 0 hp 100 frg -2
ARGLOG Romero t  71.8 pos '296.9 -790.0 -104.0' spd 337.4 yaw 285.5 mode 1 st 0 gl 2 hp 49 frg 0
ARGEVT Carmack engage Romero
ARGEVT Romero engage Carmack
ARGEVT Romero weapon ssg
ARGLOG Joe Rogan t  72.2 pos '317.7 -616.0  24.0' spd 334.8 yaw 64 mode 2 st 4 gl 4 hp 46 frg 3
ARGLOG Carmack t  72.3 pos '324.4 -159.9 -157.6' spd 220.6 yaw 275.8 mode 2 st 0 gl 0 hp 100 frg -2
ARGLOG Romero t  72.3 pos '412.6 -919.7 -104.0' spd 320.7 yaw  86.5 mode 1 st 0 gl 2 hp 49 frg 0
ARGEVT Joe Rogan engage Carmack
ARGEVT Romero pursue
ARGEVT Carmack pursue
ARGEVT Carmack hazard
ARGLOG Joe Rogan t  72.7 pos '326.7 -455.1  24.0' spd 369.5 yaw  82.5 mode 2 st 4 gl 4 hp 46 frg 3
ARGLOG Carmack t  72.8 pos '382.6 -173.5 -296.0' spd 287.9 yaw 272 mode 2 st 0 gl 0 hp 100 frg -2
ARGLOG Romero t  72.8 pos '460.3 -993.1 -104.0' spd 209.9 yaw 99 mode 1 st 0 gl 2 hp 49 frg 0
ARGUS Carmack hunch item_armorInv
ARGEVT Joe Rogan grab weapon_grenadelauncher
ARGEVT Carmack goal weapon_rocketlauncher
ARGEVT Carmack pursue
ARGEVT Carmack route 6 start '369.0 -247.0 -296.0' goal ' 81.0  73.0 -296.0'
ARGLOG Joe Rogan t  73.3 pos '278.0 -370.4 -54.4' spd  89.0 yaw  72.9 mode 2 st 4 gl 4 hp 46 frg 3
ARGLOG Carmack t  73.3 pos '367.3 -201.4 -296.0' spd 343.2 yaw  55.5 mode 0 st 0 gl 0 hp 100 frg -2
ARGLOG Romero t  73.3 pos '433.9 -833.0 -104.0' spd 320.0 yaw 99 mode 1 st 0 gl 2 hp 49 frg 0
ARGEVT Carmack route 6 start '369.0 -215.0 -296.0' goal ' 81.0  73.0 -296.0'
ARGUS Romero hunch item_artifact_super_damage
ARGEVT Carmack pursue
ARGEVT Romero goal item_armorInv
ARGEVT Romero route 8 start '401.0 -791.0 -104.0' goal '817.0 -855.0 -232.0'
ARGEVT Carmack route 7 start '337.0 -119.0 -296.0' goal ' 81.0  73.0 -296.0'
ARGEVT Romero pursue
ARGEVT Carmack hazard
ARGLOG Joe Rogan t  73.8 pos '234.6 -361.2 -342.1' spd  89.5 yaw  64.3 mode 2 st 4 gl 4 hp 46 frg 3
ARGLOG Carmack t  73.8 pos '388.4 -72.9 -296.0' spd  71.3 yaw 299.6 mode 2 st 0 gl 0 hp 91 frg -2
ARGEVT Joe Rogan retreat
ARGEVT Joe Rogan swim
ARGLOG Romero t  73.8 pos '405.5 -848.6 -104.0' spd 386.0 yaw 199.1 mode 2 st 0 gl 2 hp 49 frg 0
ARGEVT Carmack pursue
ARGEVT Joe Rogan swim
ARGEVT Carmack pursue
ARGEVT Joe Rogan pursue
ARGUS routecache adopt
ARGEVT Carmack route 7 start '337.0 -119.0 -296.0' goal ' 81.0  73.0 -296.0'
ARGEVT Joe Rogan death world pos '188.3 -365.1 -384.6'
ARGLOG Carmack t  74.3 pos '344.4 -183.9 -296.0' spd 378.9 yaw 275 mode 2 st 0 gl 0 hp 82 frg -2
ARGLOG Romero t  74.3 pos '230.0 -822.6 -104.0' spd 399.2 yaw 82 mode 2 st 0 gl 2 hp 49 frg 0
ARGEVT Romero hazard
ARGUS Romero wallslide
ARGLOG Carmack t  74.8 pos '208.1 -267.0 -296.0' spd 328.2 yaw 174 mode 2 st 0 gl 0 hp 82 frg -2
ARGLOG Romero t  74.8 pos '214.1 -752.1 -104.0' spd 352.6 yaw 35 mode 2 st 0 gl 2 hp 49 frg 0
ARGEVT Carmack hazard
ARGLOG Carmack t  75.3 pos ' 35.5 -220.2 -296.0' spd 414.9 yaw 239.1 mode 2 st 0 gl 0 hp 82 frg -2
ARGEVT Romero weapon gl
ARGLOG Romero t  75.4 pos '353.5 -671.4 -104.0' spd 328.5 yaw 103 mode 2 st 0 gl 2 hp 49 frg 0
ARGEVT Joe Rogan respawn
ARGEVT Joe Rogan goal weapon_rocketlauncher
ARGLOG Joe Rogan t  75.8 pos '112.0 -1136.0 -104.0' spd 0 yaw  39.9 mode 0 st 4 gl 4 hp 100 frg 2
ARGEVT Joe Rogan route 10 start '113.0 -1079.0 -104.0' goal '753.0 -887.0 -232.0'
ARGLOG Carmack t  75.8 pos ' 21.5 -266.9 -296.0' spd 321.5 yaw 338 mode 0 st 0 gl 0 hp 82 frg -2
ARGEVT Carmack route 4 start ' 17.0 -247.0 -296.0' goal ' 81.0  73.0 -296.0'
ARGLOG Romero t  75.9 pos '306.1 -516.7 -104.0' spd 320.3 yaw 100 mode 2 st 0 gl 2 hp 49 frg 0
ARGEVT Carmack hazard
ARGEVT Carmack engage Romero
ARGEVT Romero engage Carmack
ARGEVT Romero hazard
ARGLOG Joe Rogan t  76.3 pos '165.4 -995.7 -104.0' spd 320.8 yaw 62 mode 2 st 4 gl 4 hp 100 frg 2
ARGLOG Carmack t  76.3 pos '140.3 -244.6 -296.0' spd 260.4 yaw 309.0 mode 2 st 0 gl 0 hp 82 frg -2
ARGLOG Romero t  76.4 pos '295.5 -410.2 -104.0' spd 262.7 yaw 128.6 mode 2 st 0 gl 2 hp 49 frg 0
ARGEVT Carmack grab 
ARGUS Carmack wallslide
ARGLOG Joe Rogan t  76.8 pos '191.7 -832.3 -104.0' spd 324.3 yaw 68 mode 2 st 4 gl 4 hp 100 frg 2
ARGUS Romero wallslide
ARGLOG Carmack t  76.9 pos ' 36.7 -213.0 -296.0' spd 363.7 yaw 328.2 mode 2 st 0 gl 0 hp 82 frg -2
ARGLOG Romero t  76.9 pos '432.0 -437.6 -104.0' spd  37.1 yaw 162.5 mode 2 st 0 gl 2 hp 49 frg 0
ARGEVT Joe Rogan hazard
ARGEVT Carmack hazard
ARGUS Joe Rogan wallslide
ARGEVT Joe Rogan engage Romero
ARGEVT Romero hazard
ARGLOG Joe Rogan t  77.3 pos '311.5 -752.9 -104.0' spd 323.8 yaw  70.8 mode 2 st 4 gl 4 hp 100 frg 2
ARGLOG Carmack t  77.4 pos '-40.0 -258.4 -296.0' spd 224.9 yaw 340.1 mode 2 st 0 gl 0 hp 82 frg -2
ARGLOG Romero t  77.4 pos '428.4 -442.2 -104.0' spd 140.5 yaw 175.3 mode 2 st 0 gl 2 hp 45 frg 0
ARGEVT Carmack death Romero pos '-51.8 -257.5 -296.0'
ARGUS Romero watch spawn
ARGEVT Romero goal item_armorInv
ARGEVT Romero route 6 start '369.0 -471.0 -104.0' goal '817.0 -855.0 -232.0'
ARGLOG Joe Rogan t  77.8 pos '452.4 -781.2 -104.0' spd 104.8 yaw  80.6 mode 2 st 4 gl 4 hp 100 frg 2
ARGLOG Romero t  77.9 pos '263.1 -474.2 -104.0' spd 349.9 yaw 133 mode 2 st 0 gl 2 hp 45 frg 1
ARGEVT Joe Rogan hazard
ARGUS Joe Rogan wallslide
ARGEVT Romero engage Joe Rogan
ARGLOG Joe Rogan t  78.3 pos '331.3 -756.7 -104.0' spd 322.8 yaw 115.7 mode 2 st 4 gl 4 hp 100 frg 2
ARGLOG Romero t  78.4 pos '166.9 -417.0 -104.0' spd  89.5 yaw 267.1 mode 2 st 0 gl 2 hp 45 frg 1
ARGEVT Romero pursue
ARGEVT Romero hazard
ARGLOG Joe Rogan t  78.8 pos '161.3 -752.5 -104.0' spd 418.8 yaw  95.4 mode 2 st 4 gl 4 hp 100 frg 2
ARGLOG Romero t  78.9 pos '191.8 -429.9 -104.0' spd 333.3 yaw 12 mode 2 st 0 gl 2 hp 45 frg 1
ARGEVT Carmack respawn
ARGEVT Carmack goal weapon_rocketlauncher
ARGLOG Carmack t  78.9 pos '776.0 -808.0 -232.0' spd 0 yaw  95.1 mode 1 st 0 gl 0 hp 100 frg -2
ARGEVT Romero pursue
ARGEVT Joe Rogan hazard
ARGUS Joe Rogan wallslide
ARGEVT Carmack hazard
ARGUS Carmack wallslide
ARGLOG Joe Rogan t  79.3 pos '195.3 -752.3 -104.0' spd 393.7 yaw 52 mode 2 st 4 gl 4 hp 100 frg 2
ARGLOG Romero t  79.4 pos '347.6 -504.4 -104.0' spd 347.7 yaw 280 mode 2 st 0 gl 2 hp 45 frg 1
ARGLOG Carmack t  79.5 pos '729.4 -727.4 -216.0' spd 272.8 yaw 209.6 mode 1 st 0 gl 0 hp 100 frg -2
ARGEVT Joe Rogan goal weapon_lightning
ARGLOG Joe Rogan t  79.8 pos '378.3 -753.2 -104.0' spd 320.2 yaw  79.4 mode 0 st 4 gl 4 hp 100 frg 2
ARGEVT Joe Rogan route 4 start '401.0 -791.0 -104.0' goal '529.0 -311.0 -104.0'
ARGLOG Romero t  80.0 pos '426.6 -453.2 -104.0' spd 308.9 yaw 297.6 mode 2 st 0 gl 2 hp 21 frg 1
ARGEVT Carmack goal backpack
ARGEVT Carmack route 5 start '753.0 -887.0 -232.0' goal '465.0 -279.0 -104.0'
ARGLOG Carmack t  80.0 pos '781.6 -876.1 -232.0' spd 440.2 yaw  42.3 mode 2 st 0 gl 1 hp 100 frg -2
ARGEVT Joe Rogan hazard
ARGEVT Romero pursue
ARGUS Joe Rogan wallslide
ARGEVT Carmack route 6 start '817.0 -855.0 -232.0' goal '465.0 -279.0 -104.0'
ARGUS Romero hunch item_artifact_super_damage
ARGEVT Joe Rogan pursue
ARGLOG Joe Rogan t  80.3 pos '375.7 -752.0 -104.0' spd 313.7 yaw  95.7 mode 2 st 4 gl 4 hp 100 frg 2
ARGEVT Romero pursue
ARGEVT Romero goal item_health
ARGEVT Romero jump
ARGEVT Romero route 2 start '529.0 -407.0 -104.0' goal '465.0 -471.0  24.0'
ARGLOG Romero t  80.5 pos '534.4 -411.2 -96.2' spd 321.7 yaw 339.4 mode 2 st 0 gl 2 hp 21 frg 1
ARGLOG Carmack t  80.5 pos '770.5 -836.5 -232.0' spd 338.6 yaw 165 mode 2 st 0 gl 1 hp 100 frg -2
ARGEVT Carmack hazard
ARGEVT Romero pursue
ARGUS Carmack wallslide
ARGLOG Joe Rogan t  80.9 pos '342.2 -602.1 -104.0' spd 331.2 yaw 62 mode 2 st 4 gl 4 hp 100 frg 2
ARGUS Joe Rogan hunch item_health
ARGLOG Romero t  81.0 pos '688.0 -415.7 -78.5' spd  30.9 yaw 321.7 mode 2 st 0 gl 2 hp 21 frg 1
ARGLOG Carmack t  81.0 pos '724.1 -808.2 -232.0' spd 324.9 yaw 111 mode 2 st 0 gl 1 hp 100 frg -2
ARGEVT Joe Rogan goal weapon_lightning
ARGEVT Carmack route 5 start '753.0 -887.0 -232.0' goal '465.0 -279.0 -104.0'
ARGEVT Romero hazard
ARGLOG Joe Rogan t  81.4 pos '384.2 -435.6 -104.0' spd 339.6 yaw 42 mode 1 st 4 gl 4 hp 100 frg 2
ARGEVT Carmack engage Joe Rogan
ARGUS Carmack leadclip
ARGEVT Carmack grab 
ARGEVT Joe Rogan grab weapon_lightning
ARGUS routecache adopt
ARGEVT Carmack route 4 start '369.0  73.0 -288.0' goal '465.0 -279.0 -104.0'
ARGLOG Romero t  81.5 pos '409.3 -240.0 -274.6' spd 300 yaw 333.8 mode 2 st 0 gl 2 hp 21 frg 1
ARGLOG Carmack t  81.5 pos '368.0   8.6 -272.0' spd 300 yaw 282.9 mode 2 st 0 gl 1 hp 100 frg -2
ARGEVT Joe Rogan goal backpack
ARGLOG Joe Rogan t  81.9 pos '496.9 -317.2 -104.0' spd 320.3 yaw 107.4 mode 0 st 4 gl 5 hp 100 frg 2
ARGEVT Joe Rogan route 5 start '529.0 -311.0 -104.0' goal '369.0  73.0 -288.0'
ARGEVT Joe Rogan grab item_armor1
ARGEVT Joe Rogan pursue
ARGEVT Romero pursue
ARGLOG Romero t  82.0 pos '456.4 -240.0 -296.0' spd 300 yaw 331.8 mode 2 st 0 gl 2 hp 21 frg 1
ARGLOG Carmack t  82.0 pos '368.0 -33.7 -296.0' spd 300 yaw 306.0 mode 2 st 0 gl 1 hp 100 frg -2
ARGEVT Romero death Carmack pos '456.4 -240.0 -296.0'
ARGUS Carmack watch spawn
ARGEVT Carmack pursue
ARGEVT Carmack hazard
ARGEVT Carmack goal backpack
ARGEVT Carmack route 2 start '369.0   9.0 -296.0' goal '465.0 -247.0 -296.0'
ARGLOG Joe Rogan t  82.4 pos '481.1 -173.3 -104.0' spd 322.7 yaw 129 mode 2 st 4 gl 5 hp 100 frg 2
ARGEVT Joe Rogan engage Carmack
ARGEVT Joe Rogan grab 
ARGEVT Joe Rogan hazard
ARGEVT Joe Rogan route 5 start '465.0 -151.0 -104.0' goal '369.0  73.0 -288.0'
ARGLOG Carmack t  82.5 pos '392.5 -119.4 -296.0' spd  95.6 yaw 332.0 mode 1 st 0 gl 1 hp 100 frg -1
ARGEVT Carmack pursue
ARGEVT Joe Rogan pursue
ARGLOG Joe Rogan t  82.9 pos '508.4 -106.5 -104.0' spd 301.1 yaw 167.5 mode 2 st 4 gl 5 hp 100 frg 2
ARGLOG Carmack t  83.1 pos '357.8 -42.4 -296.0' spd 173.7 yaw 316 mode 1 st 0 gl 1 hp 94 frg -1
ARGEVT Joe Rogan pursue
ARGUS Carmack hunch item_artifact_super_damage
ARGEVT Carmack hazard
ARGEVT Carmack pursue
ARGEVT Carmack goal backpack
ARGEVT Carmack route 2 start '369.0   9.0 -296.0' goal '465.0 -247.0 -296.0'
ARGLOG Joe Rogan t  83.4 pos '478.7 -103.1 -104.0' spd 325.8 yaw 306.3 mode 2 st 4 gl 5 hp 100 frg 2
ARGUS Carmack wallslide
ARGEVT Joe Rogan pursue
ARGEVT Romero respawn
ARGEVT Romero goal weapon_rocketlauncher
ARGEVT Romero engage Joe Rogan
ARGLOG Romero t  83.6 pos '-64.0 -232.0 -72.0' spd 0 yaw   0.8 mode 0 st 0 gl 2 hp 100 frg 1
ARGEVT Romero grab 
ARGLOG Carmack t  83.6 pos '399.8  90.1 -288.0' spd 275.8 yaw 355.2 mode 2 st 0 gl 1 hp 94 frg -1
ARGEVT Romero route 12 start '-47.0 -247.0 -72.0' goal ' 81.0  73.0 -296.0'
ARGLOG Joe Rogan t  83.9 pos '558.9 -255.9 -104.0' spd 394.9 yaw 230.9 mode 2 st 4 gl 5 hp 100 frg 2
ARGEVT Romero hazard
ARGUS Romero wallslide
ARGEVT Carmack pursue
ARGLOG Romero t  84.1 pos ' 11.6 -208.0 -72.0' spd  42.7 yaw 352.7 mode 2 st 0 gl 2 hp 100 frg 1
ARGLOG Carmack t  84.1 pos '385.7  -9.6 -296.0' spd 373.8 yaw 274.7 mode 2 st 0 gl 1 hp 94 frg -1
ARGEVT Joe Rogan grab item_health
ARGEVT Carmack hazard
ARGLOG Joe Rogan t  84.4 pos '412.1 -302.4  19.5' spd 174.1 yaw 101.1 mode 2 st 4 gl 5 hp 31 frg 2
ARGEVT Joe Rogan weapon sg
ARGLOG Romero t  84.6 pos ' 16.1 -208.1 -72.0' spd  32.1 yaw 347.1 mode 2 st 0 gl 2 hp 100 frg 1
ARGUS Carmack leadclip
ARGLOG Carmack t  84.6 pos '350.8  30.5 -288.0' spd 333.1 yaw 286.5 mode 2 st 0 gl 1 hp 82 frg -1
ARGEVT Joe Rogan death Carmack pos '458.7 -361.2  27.1'
ARGEVT Carmack goal backpack
ARGEVT Carmack route 3 start '369.0  73.0 -288.0' goal '465.0 -247.0 -296.0'
ARGUS Romero wallslide
ARGLOG Romero t  85.1 pos '-60.4 -269.1 -72.0' spd 128.5 yaw 303.8 mode 2 st 0 gl 2 hp 100 frg 1
ARGLOG Carmack t  85.1 pos '375.6  65.5 -288.0' spd 346.6 yaw 233.4 mode 2 st 0 gl 1 hp 82 frg 0
ARGEVT Romero hazard
ARGEVT Carmack hazard
ARGLOG Romero t  85.6 pos ' 74.9 -239.8 -72.0' spd 339.5 yaw 53 mode 2 st 0 gl 2 hp 100 frg 1
ARGLOG Carmack t  85.6 pos '382.4 -91.2 -296.0' spd 443.0 yaw 218.3 mode 2 st 0 gl 1 hp 82 frg 0
ARGUS Romero jumpcharge 316
ARGEVT Carmack engage Romero
ARGEVT Carmack grab 
ARGEVT Romero engage Carmack
ARGLOG Romero t  86.1 pos '216.2 -236.3 -72.1' spd 379.6 yaw   3.5 mode 2 st 0 gl 2 hp 100 frg 1
ARGLOG Carmack t  86.1 pos '376.0 -240.0 -296.0' spd 302.3 yaw 226.8 mode 1 st 0 gl 1 hp 82 frg 0
ARGEVT Joe Rogan respawn
ARGEVT Joe Rogan goal item_health
ARGLOG Joe Rogan t  86.2 pos '-64.0 512.0 -296.0' spd 0 yaw 275.1 mode 1 st 4 gl 5 hp 100 frg 2
ARGEVT Carmack grab 
ARGEVT Carmack goal backpack
ARGEVT Carmack route 4 start '465.0 -247.0 -296.0' goal '369.0 -471.0 -104.0'
ARGEVT Carmack weapon sg
ARGEVT Joe Rogan hazard
ARGLOG Romero t  86.6 pos '410.1 -259.0 -187.2' spd 385.8 yaw   7.7 mode 2 st 0 gl 2 hp 100 frg 1
ARGLOG Carmack t  86.6 pos '477.7 -240.9 -296.0' spd 204.4 yaw 197.9 mode 2 st 0 gl 2 hp 78 frg 0
ARGLOG Joe Rogan t  86.7 pos ' 42.1 419.3 -296.0' spd 320.9 yaw 352.2 mode 1 st 4 gl 5 hp 100 frg 2
ARGUS Romero bodyblock
ARGUS Carmack bodyblock
ARGEVT Carmack hazard
ARGEVT Romero route 7 start '465.0 -247.0 -296.0' goal ' 81.0  73.0 -296.0'
ARGEVT Romero hazard
ARGUS routecache adopt
ARGEVT Romero route 6 start '369.0 -247.0 -296.0' goal ' 81.0  73.0 -296.0'
ARGLOG Romero t  87.1 pos '372.6 -216.2 -296.0' spd 403.5 yaw   3.7 mode 0 st 0 gl 2 hp 76 frg 1
ARGLOG Carmack t  87.2 pos '510.5 -221.0 -296.0' spd 201.9 yaw 179.1 mode 2 st 0 gl 2 hp 74 frg 0
ARGEVT Romero route 6 start '369.0 -215.0 -296.0' goal ' 81.0  73.0 -296.0'
ARGLOG Joe Rogan t  87.2 pos ' 96.9 405.5 -296.0' spd 121.9 yaw 330.2 mode 1 st 4 gl 5 hp 100 frg 2
ARGEVT Romero grab 
ARGEVT Joe Rogan hazard
ARGEVT Romero route 6 start '369.0 -247.0 -296.0' goal ' 81.0  73.0 -296.0'
ARGLOG Romero t  87.7 pos '387.4 -267.9 -296.0' spd 132.4 yaw   0.9 mode 2 st 0 gl 2 hp 76 frg 1
ARGLOG Carmack t  87.7 pos '481.2 -255.1 -296.0' spd 171.5 yaw 182.2 mode 2 st 0 gl 2 hp 70 frg 0
ARGLOG Joe Rogan t  87.8 pos ' 63.4 404.5 -296.0' spd 223.6 yaw 215.3 mode 1 st 4 gl 5 hp 100 frg 2
ARGUS routecache adopt
ARGEVT Romero route 6 start '369.0 -247.0 -296.0' goal ' 81.0  73.0 -296.0'
ARGEVT Romero hazard
ARGEVT Carmack hazard
ARGUS routecache adopt
ARGEVT Romero route 6 start '369.0 -247.0 -296.0' goal ' 81.0  73.0 -296.0'
ARGUS Carmack wallslide
ARGLOG Romero t  88.2 pos '410.1 -232.8 -296.0' spd  99.1 yaw 345.2 mode 0 st 0 gl 2 hp 52 frg 1
ARGLOG Carmack t  88.2 pos '540.5 -270.7 -296.0' spd 318.4 yaw 165.0 mode 2 st 0 gl 2 hp 66 frg 0
ARGUS routecache adopt
ARGEVT Romero route 6 start '369.0 -247.0 -296.0' goal ' 81.0  73.0 -296.0'
ARGLOG Joe Rogan t  88.3 pos '-76.9 496.2 -296.0' spd 429.5 yaw 62 mode 1 st 4 gl 5 hp 100 frg 2
ARGEVT Carmack weapon rl
ARGUS routecache adopt
ARGEVT Romero route 6 start '369.0 -247.0 -296.0' goal ' 81.0  73.0 -296.0'
ARGEVT Joe Rogan hazard
ARGUS routecache adopt
ARGEVT Romero route 6 start '369.0 -247.0 -296.0' goal ' 81.0  73.0 -296.0'
ARGEVT Joe Rogan goal weapon_rocketlauncher
ARGEVT Joe Rogan route 5 start '-47.0 585.0 -296.0' goal ' 81.0  73.0 -296.0'
ARGLOG Romero t  88.7 pos '388.1 -259.3 -296.0' spd  51.8 yaw   0.4 mode 0 st 0 gl 2 hp 52 frg 1
ARGLOG Carmack t  88.7 pos '613.3 -245.1 -296.0' spd 168.1 yaw 181.4 mode 2 st 0 gl 2 hp 62 frg 0
ARGLOG Joe Rogan t  88.8 pos '-10.5 548.0 -296.0' spd 324.5 yaw 254 mode 2 st 4 gl 6 hp 200 frg 2
ARGEVT Romero route 6 start '369.0 -247.0 -296.0' goal ' 81.0  73.0 -296.0'
ARGUS Carmack leadclip
ARGEVT Carmack hazard
ARGUS routecache adopt
ARGEVT Romero route 6 start '369.0 -247.0 -296.0' goal ' 81.0  73.0 -296.0'
ARGLOG Romero t  89.2 pos '376.3 -208.6 -296.0' spd  72.4 yaw  13.0 mode 0 st 0 gl 2 hp 52 frg 1
ARGLOG Carmack t  89.2 pos '603.0 -201.7 -296.0' spd 325.6 yaw 186.4 mode 2 st 0 gl 2 hp 62 frg 0
ARGEVT Romero route 6 start '369.0 -215.0 -296.0' goal ' 81.0  73.0 -296.0'
ARGLOG Joe Rogan t  89.3 pos ' 24.2 418.0 -296.0' spd 202.5 yaw 242 mode 2 st 4 gl 6 hp 200 frg 2
ARGEVT Romero route 6 start '369.0 -247.0 -296.0' goal ' 81.0  73.0 -296.0'
ARGEVT Joe Rogan hazard
ARGEVT Romero hazard
ARGEVT Romero route 6 start '369.0 -215.0 -296.0' goal ' 81.0  73.0 -296.0'
ARGLOG Romero t  89.7 pos '397.1 -184.8 -296.0' spd 365.9 yaw   1.4 mode 0 st 0 gl 2 hp 52 frg 1
ARGLOG Carmack t  89.7 pos '607.1 -168.1 -296.0' spd 327.9 yaw 178.2 mode 2 st 0 gl 2 hp 58 frg 0
ARGLOG Joe Rogan t  89.8 pos ' 63.9 405.8 -296.0' spd  47.1 yaw 236 mode 2 st 4 gl 6 hp 200 frg 2
ARGEVT Romero route 7 start '337.0 -119.0 -296.0' goal ' 81.0  73.0 -296.0'
ARGEVT Carmack grab item_health
ARGEVT Romero pursue
ARGUS Carmack wallslide
ARGUS Romero hunch item_artifact_super_damage
ARGLOG Romero t  90.2 pos '380.0 -84.5 -296.0' spd 126.8 yaw 157.2 mode 2 st 0 gl 2 hp 52 frg 1
ARGLOG Carmack t  90.2 pos '592.0   0.9 -296.0' spd 331.9 yaw 174.0 mode 2 st 0 gl 2 hp 58 frg 0
ARGEVT Romero goal item_health
ARGEVT Romero route 4 start '337.0 -119.0 -296.0' goal '529.0  73.0 -296.0'
ARGLOG Joe Rogan t  90.3 pos ' 92.4 388.1 -296.0' spd 324.2 yaw 231 mode 2 st 4 gl 6 hp 200 frg 2
ARGEVT Romero pursue
ARGEVT Carmack route 6 start '625.0 -23.0 -296.0' goal '369.0 -471.0 -104.0'
ARGEVT Carmack hazard
ARGEVT Joe Rogan hazard
ARGEVT Carmack pursue
ARGEVT Romero pursue
ARGLOG Romero t  90.7 pos '338.4 -42.8 -296.0' spd 240.2 yaw 284.4 mode 2 st 0 gl 2 hp 52 frg 1
ARGLOG Carmack t  90.8 pos '525.6 106.2 -296.0' spd 349.7 yaw 116.4 mode 2 st 0 gl 2 hp 83 frg 0
ARGLOG Joe Rogan t  90.8 pos '107.9 386.2 -296.0' spd 242.8 yaw 229 mode 2 st 4 gl 6 hp 200 frg 2
ARGEVT Romero hazard
ARGUS Carmack hunch item_artifact_super_damage
ARGEVT Romero pursue
ARGLOG Romero t  91.2 pos '407.1 -206.9 -296.0' spd 376.8 yaw 333.3 mode 2 st 0 gl 2 hp 52 frg 1
ARGLOG Carmack t  91.3 pos '511.7  66.6 -296.0' spd 271.1 yaw 348.0 mode 2 st 0 gl 2 hp 83 frg 0
ARGLOG Joe Rogan t  91.3 pos '101.3 385.4 -296.0' spd 237.3 yaw 229 mode 2 st 4 gl 6 hp 200 frg 2
ARGEVT Carmack goal weapon_nailgun
ARGEVT Carmack route 4 start '529.0  73.0 -296.0' goal '369.0   9.0 -296.0'
ARGEVT Carmack pursue
ARGEVT Joe Rogan stall
ARGEVT Joe Rogan stallnode '-111.0 201.0 -296.0'
ARGEVT Joe Rogan jump
ARGLOG Romero t  91.8 pos '545.9 -258.4 -296.0' spd 350.5 yaw 47 mode 2 st 0 gl 2 hp 52 frg 1
ARGLOG Carmack t  91.8 pos '632.2 -57.6 -296.0' spd 359.5 yaw 252.0 mode 2 st 0 gl 2 hp 83 frg 0
ARGEVT Carmack weapon sg
ARGLOG Joe Rogan t  91.9 pos '102.3 391.7 -266.9' spd  31.2 yaw 195.0 mode 0 st 5 gl 6 hp 200 frg 2
ARGEVT Joe Rogan route 6 start ' 81.0 425.0 -296.0' goal ' 81.0  73.0 -296.0'
ARGEVT Romero death Carmack pos '612.9 -240.7 -296.0'
ARGUS Carmack watch spawn
ARGEVT Carmack hazard
ARGEVT Carmack weapon rl
ARGEVT Carmack goal backpack
ARGLOG Carmack t  92.3 pos '648.5 -101.2 -296.0' spd 276.0 yaw 247 mode 1 st 0 gl 2 hp 61 frg 1
ARGLOG Joe Rogan t  92.4 pos ' 86.2 382.8 -291.5' spd  37.3 yaw 222.9 mode 2 st 5 gl 6 hp 200 frg 2
ARGEVT Joe Rogan hazard
ARGEVT Carmack jump
ARGEVT Carmack goal item_armorInv
ARGLOG Carmack t  92.8 pos '595.6 -254.0 -262.3' spd 320.0 yaw 309.3 mode 0 st 0 gl 3 hp 61 frg 1
ARGEVT Carmack route 12 start '593.0 -215.0 -296.0' goal '817.0 -855.0 -232.0'
ARGLOG Joe Rogan t  92.9 pos ' 23.5 402.2 -296.0' spd 322.4 yaw 157 mode 2 st 5 gl 6 hp 200 frg 2
ARGLOG Carmack t  93.3 pos '601.8 -267.7 -296.0' spd  82.7 yaw 86 mode 2 st 0 gl 3 hp 61 frg 1
ARGLOG Joe Rogan t  93.4 pos '-141.5 423.8 -296.0' spd 352.2 yaw 270 mode 2 st 5 gl 6 hp 200 frg 2
ARGEVT Romero respawn
ARGEVT Joe Rogan hazard
ARGEVT Romero goal item_armor2
ARGLOG Romero t  93.5 pos '776.0 -808.0 -232.0' spd 0 yaw  95.1 mode 0 st 0 gl 2 hp 100 frg 1
ARGEVT Romero route 23 start '753.0 -759.0 -232.0' goal '1169.0 -599.0  24.0'
ARGLOG Carmack t  93.8 pos '616.9 -113.1 -296.0' spd 390.6 yaw 148.8 mode 2 st 0 gl 3 hp 61 frg 1
ARGEVT Carmack hazard
ARGLOG Joe Rogan t  93.9 pos '-202.3 411.0 -296.0' spd 229.6 yaw 281 mode 2 st 5 gl 6 hp 199 frg 2
ARGUS Romero wallslide
ARGLOG Romero t  94.0 pos '752.2 -661.5 -184.0' spd 324.9 yaw 101 mode 2 st 0 gl 2 hp 100 frg 1
ARGLOG Carmack t  94.3 pos '593.0 -75.3 -296.0' spd 320.3 yaw 267 mode 2 st 0 gl 3 hp 61 frg 1
ARGUS Carmack wallslide
ARGLOG Joe Rogan t  94.4 pos '-109.2 341.9 -296.0' spd 333.9 yaw 274.8 mode 2 st 5 gl 6 hp 199 frg 2
ARGLOG Romero t  94.5 pos '752.0 -538.1 -120.0' spd 328.5 yaw 104 mode 0 st 0 gl 2 hp 100 frg 1
ARGEVT Romero route 25 start '753.0 -503.0 -104.0' goal '1169.0 -599.0  24.0'
ARGEVT Joe Rogan hazard
ARGEVT Romero hazard
ARGLOG Carmack t  94.8 pos '605.9 -244.5 -296.0' spd 366.3 yaw 328.3 mode 0 st 0 gl 3 hp 61 frg 1
ARGLOG Joe Rogan t  94.9 pos '-70.0 306.6 -296.0' spd 320.5 yaw 251 mode 2 st 5 gl 6 hp 198 frg 2
ARGEVT Carmack hazard
ARGLOG Romero t  95.0 pos '784.6 -405.1 -104.0' spd  23.3 yaw 271 mode 2 st 0 gl 2 hp 100 frg 1
ARGEVT Carmack route 12 start '593.0 -215.0 -296.0' goal '817.0 -855.0 -232.0'
ARGLOG Carmack t  95.3 pos '656.0 -208.1 -296.0' spd 144.4 yaw 254 mode 2 st 0 gl 3 hp 61 frg 1
ARGUS Carmack wallslide
ARGLOG Joe Rogan t  95.4 pos '-113.0 143.2 -296.0' spd 387.1 yaw 341 mode 2 st 5 gl 6 hp 198 frg 2
ARGLOG Romero t  95.5 pos '774.0 -543.9 -120.0' spd 320.4 yaw 267 mode 2 st 0 gl 2 hp 100 frg 1
ARGEVT Joe Rogan hazard
ARGLOG Carmack t  95.9 pos '650.8 -52.1 -296.0' spd 320.5 yaw 257 mode 2 st 0 gl 3 hp 61 frg 1
ARGLOG Joe Rogan t  96.0 pos ' 27.9  95.4 -296.0' spd 414.2 yaw 329.2 mode 1 st 5 gl 6 hp 197 frg 2
ARGEVT Joe Rogan goal item_armorInv
ARGEVT Joe Rogan route 12 start ' 49.0 105.0 -296.0' goal '817.0 -855.0 -232.0'
ARGLOG Romero t  96.1 pos '785.3 -708.9 -200.0' spd 321.9 yaw 118 mode 2 st 0 gl 2 hp 100 frg 1
ARGLOG Carmack t  96.4 pos '555.5  91.8 -296.0' spd 354.4 yaw 184 mode 0 st 0 gl 3 hp 61 frg 1
ARGEVT Carmack hazard
ARGLOG Joe Rogan t  96.5 pos ' 51.3  70.9 -296.0' spd 355.7 yaw 247 mode 2 st 5 gl 7 hp 196 frg 2
ARGEVT Carmack route 11 start '529.0  73.0 -296.0' goal '817.0 -855.0 -232.0'
ARGLOG Romero t  96.6 pos '761.3 -872.5 -232.0' spd 329.1 yaw 278.0 mode 0 st 0 gl 2 hp 100 frg 1
ARGEVT Romero route 22 start '753.0 -887.0 -232.0' goal '1169.0 -599.0  24.0'
ARGUS Romero wallslide
ARGUS routecache adopt
ARGEVT Romero route 21 start '369.0  73.0 -288.0' goal '1169.0 -599.0  24.0'
ARGEVT Joe Rogan hazard
ARGLOG Carmack t  96.9 pos '537.1  48.9 -296.0' spd 323.3 yaw 266 mode 2 st 0 gl 3 hp 61 frg 1
ARGLOG Joe Rogan t  97.0 pos '-75.3 -10.9 -296.0' spd 344.0 yaw 283.3 mode 2 st 5 gl 7 hp 196 frg 2
ARGUS Carmack wallslide
ARGLOG Romero t  97.1 pos '368.0 -33.4 -296.0' spd 300 yaw 295 mode 2 st 0 gl 2 hp 100 frg 1
ARGLOG Carmack t  97.4 pos '685.3  90.7 -296.0' spd 452.1 yaw 125.2 mode 2 st 0 gl 3 hp 61 frg 1
ARGLOG Joe Rogan t  97.5 pos '-17.9 -186.4 -296.0' spd 322.8 yaw 351 mode 2 st 5 gl 7 hp 195 frg 2
ARGUS Joe Rogan wallslide
ARGEVT Romero engage Joe Rogan
ARGLOG Romero t  97.6 pos '369.2 -96.2 -296.0' spd 359.7 yaw 233.6 mode 2 st 0 gl 2 hp 100 frg 1
ARGEVT Joe Rogan engage Romero
ARGEVT Joe Rogan route 9 start ' 17.0 -247.0 -296.0' goal '817.0 -855.0 -232.0'
ARGEVT Romero hazard
ARGEVT Carmack route 9 start '401.0 -887.0  24.0' goal '817.0 -855.0 -232.0'
ARGLOG Carmack t  97.9 pos '390.0 -864.0  24.0' spd 300 yaw 101 mode 2 st 0 gl 3 hp 61 frg 1
ARGLOG Joe Rogan t  98.0 pos ' 22.6 -241.5 -296.0' spd 158.6 yaw 359.6 mode 2 st 5 gl 7 hp 195 frg 2
ARGLOG Romero t  98.1 pos '376.1 -182.7 -296.0' spd 299.7 yaw 189.7 mode 2 st 0 gl 2 hp 100 frg 1
ARGUS Joe Rogan leadclip
ARGEVT Joe Rogan hazard
ARGLOG Carmack t  98.4 pos '344.3 -826.6  24.0' spd 380.1 yaw 86 mode 2 st 0 gl 3 hp 61 frg 1
ARGLOG Joe Rogan t  98.5 pos '114.0 -248.5 -296.0' spd 352.2 yaw  40.7 mode 2 st 5 gl 7 hp 185 frg 2
ARGLOG Romero t  98.6 pos '392.5 -62.9 -296.0' spd 255.9 yaw 229.4 mode 2 st 0 gl 2 hp 48 frg 1
ARGEVT Romero hazard
ARGUS Carmack wallslide
ARGLOG Carmack t  98.9 pos '304.5 -658.2  24.0' spd 317.3 yaw 110 mode 2 st 0 gl 3 hp 61 frg 1
ARGEVT Romero death Joe Rogan pos '402.1 -138.1 -296.0'
ARGUS Joe Rogan watch spawn
ARGLOG Joe Rogan t  99.0 pos '166.3 -254.8 -296.0' spd 322.2 yaw 317.0 mode 2 st 5 gl 7 hp 185 frg 3
ARGEVT Joe Rogan goal backpack
ARGEVT Joe Rogan route 3 start '145.0 -247.0 -296.0' goal '337.0 -119.0 -296.0'
ARGEVT Joe Rogan hazard
ARGLOG Carmack t  99.4 pos '308.2 -487.3  24.0' spd 340.5 yaw 123 mode 2 st 0 gl 3 hp 61 frg 1
ARGEVT Joe Rogan engage Carmack
ARGEVT Joe Rogan grab 
ARGEVT Carmack engage Joe Rogan
ARGEVT Carmack grab item_health
ARGLOG Joe Rogan t  99.5 pos '313.6 -211.1 -296.0' spd 308.6 yaw   8.8 mode 1 st 5 gl 7 hp 184 frg 3
ARGUS Carmack leadclip
ARGLOG Carmack t  99.9 pos '457.4 -429.4  13.5' spd 344.3 yaw  92.6 mode 2 st 0 gl 3 hp 61 frg 1
ARGEVT Joe Rogan goal item_armorInv
ARGLOG Joe Rogan t 100.0 pos '399.8 -73.8 -296.0' spd 396.2 yaw 285.2 mode 0 st 5 gl 8 hp 184 frg 3
ARGEVT Joe Rogan route 8 start '337.0 -119.0 -296.0' goal '817.0 -855.0 -232.0'
ARGUS Joe Rogan leadclip
ARGLOG Carmack t 100.5 pos '456.5 -363.6 -104.0' spd 328.1 yaw 104.2 mode 2 st 0 gl 3 hp 86 frg 1
ARGEVT Romero respawn
ARGEVT Carmack grab 
ARGEVT Romero goal item_armor2
ARGLOG Romero t 100.5 pos '272.0 -952.0  24.0' spd 0 yaw   5.1 mode 0 st 0 gl 2 hp 100 frg 1
ARGEVT Romero route 16 start '305.0 -983.0  24.0' goal '1169.0 -599.0  24.0'
ARGLOG Joe Rogan t 100.6 pos '367.1  65.8 -288.0' spd 231.5 yaw 261.7 mode 2 st 5 gl 8 hp 115 frg 3
ARGLOG Carmack t 101.0 pos '318.7 -435.4 -104.0' spd 115.3 yaw  83.0 mode 2 st 0 gl 3 hp 86 frg 1
ARGLOG Romero t 101.0 pos '378.2 -840.6  24.0' spd 331.8 yaw 85 mode 2 st 0 gl 2 hp 100 frg 1
ARGLOG Joe Rogan t 101.1 pos '372.2  51.8 -288.0' spd 127.0 yaw 272.1 mode 2 st 5 gl 8 hp 115 frg 3
ARGEVT Romero hazard
ARGUS Romero wallslide
ARGLOG Carmack t 101.5 pos '318.5 -423.6 -104.0' spd 464.1 yaw  76.1 mode 2 st 0 gl 3 hp 54 frg 1
ARGLOG Romero t 101.5 pos '352.0 -712.7  24.0' spd 331.8 yaw 86 mode 2 st 0 gl 2 hp 100 frg 1
ARGLOG Joe Rogan t 101.6 pos '379.2 -213.8 -248.8' spd 541.5 yaw 245.6 mode 2 st 5 gl 8 hp 37 frg 3
ARGUS Carmack leadclip
ARGLOG Carmack t 102.0 pos '404.5 -517.2 -104.0' spd 341.5 yaw  81.7 mode 2 st 0 gl 3 hp 54 frg 1
ARGEVT Carmack pursue
ARGEVT Joe Rogan pursue
ARGLOG Romero t 102.0 pos '348.5 -546.9  24.0' spd 320.3 yaw 84 mode 2 st 0 gl 2 hp 100 frg 1
ARGEVT Joe Rogan swim
ARGLOG Joe Rogan t 102.1 pos '425.3 -327.2 -385.7' spd 174.2 yaw  94.5 mode 2 st 5 gl 8 hp 17 frg 3
ARGUS Carmack wallslide
ARGEVT Joe Rogan swim
ARGEVT Joe Rogan swim
ARGEVT Romero engage Carmack
ARGEVT Joe Rogan swim
ARGUS Carmack hunch item_artifact_super_damage
ARGEVT Joe Rogan death world pos '428.3 -305.0 -383.8'
ARGEVT Carmack engage Romero
ARGEVT Carmack weapon sg
ARGLOG Carmack t 102.5 pos '423.9 -384.0 -104.0' spd 322.8 yaw 299.8 mode 2 st 0 gl 3 hp 54 frg 1
ARGEVT Carmack goal weapon_lightning
ARGLOG Romero t 102.5 pos '416.6 -450.9  24.0' spd 325.4 yaw  54.6 mode 2 st 0 gl 2 hp 100 frg 1
ARGEVT Carmack weapon rl
ARGLOG Carmack t 103.0 pos '524.8 -248.1 -104.0' spd 369.7 yaw 283.0 mode 1 st 0 gl 3 hp 43 frg 1
ARGLOG Romero t 103.0 pos '537.7 -446.9  24.0' spd 179.8 yaw  97.3 mode 2 st 0 gl 2 hp 100 frg 1
ARGEVT Carmack pursue
ARGEVT Romero pursue
ARGUS Carmack wallslide
ARGLOG Carmack t 103.5 pos '624.0 -305.6 -99.3' spd 307.8 yaw 200.8 mode 1 st 0 gl 3 hp 43 frg 1
ARGLOG Romero t 103.6 pos '410.9 -396.3 -13.1' spd 107.9 yaw  26.2 mode 2 st 0 gl 2 hp 100 frg 1
ARGUS Carmack leadclip
ARGEVT Romero death Carmack pos '390.6 -422.7 -104.0'
ARGUS Carmack watch spawn
ARGEVT Carmack goal item_health
ARGEVT Carmack route 3 start '625.0 -471.0 -136.0' goal '977.0 -471.0 -104.0'
ARGEVT Joe Rogan respawn
ARGEVT Carmack jump
ARGEVT Joe Rogan goal weapon_rocketlauncher
ARGLOG Joe Rogan t 104.0 pos '-64.0 512.0 -296.0' spd 0 yaw 275.1 mode 0 st 5 gl 8 hp 100 frg 2
ARGEVT Joe Rogan route 20 start '-79.0 553.0 -296.0' goal '753.0 -887.0 -232.0'
ARGLOG Carmack t 104.0 pos '385.0 -240.0 -269.5' spd 300 yaw 233.6 mode 2 st 0 gl 3 hp 43 frg 2
ARGEVT Joe Rogan hazard
ARGLOG Joe Rogan t 104.5 pos '-40.0 362.8 -296.0' spd 361.3 yaw 269 mode 2 st 5 gl 8 hp 100 frg 2
ARGLOG Carmack t 104.5 pos '454.0 -240.0 -296.0' spd 300 yaw 257 mode 2 st 0 gl 3 hp 43 frg 2
ARGEVT Carmack hazard
ARGUS Carmack wallslide
ARGLOG Joe Rogan t 105.0 pos '-117.7 197.4 -296.0' spd 384.4 yaw 282 mode 2 st 5 gl 8 hp 100 frg 2
ARGLOG Carmack t 105.0 pos '567.4 -271.6 -296.0' spd 400.9 yaw 309 mode 2 st 0 gl 3 hp 43 frg 2
ARGEVT Romero respawn
ARGEVT Joe Rogan engage Romero
ARGEVT Romero goal backpack
ARGEVT Romero engage Joe Rogan
ARGLOG Romero t 105.4 pos '-64.0 512.0 -296.0' spd 0 yaw 269.8 mode 0 st 0 gl 2 hp 100 frg 1
ARGEVT Romero route 8 start '-79.0 553.0 -296.0' goal '465.0 -247.0 -296.0'
ARGEVT Joe Rogan hazard
ARGLOG Joe Rogan t 105.5 pos '-123.3  54.2 -296.0' spd 341.7 yaw  30.8 mode 2 st 5 gl 8 hp 100 frg 2
ARGLOG Carmack t 105.6 pos '618.0 -271.4 -296.0' spd 143.2 yaw 301 mode 2 st 0 gl 3 hp 43 frg 2
ARGEVT Carmack hazard
ARGLOG Romero t 105.9 pos '-57.9 479.1 -296.0' spd 325.4 yaw 255.8 mode 2 st 0 gl 2 hp 88 frg 1
ARGUS Carmack wallslide
ARGLOG Joe Rogan t 106.0 pos '-194.0  57.0 -296.0' spd 320.1 yaw  65.5 mode 2 st 5 gl 8 hp 100 frg 2
ARGLOG Carmack t 106.1 pos '580.2 -271.9 -296.0' spd  50.3 yaw 307 mode 2 st 0 gl 3 hp 43 frg 2
ARGUS Joe Rogan wallslide
ARGLOG Romero t 106.4 pos '-37.2 459.9 -296.0' spd 335.8 yaw 261.5 mode 2 st 0 gl 2 hp 68 frg 1
ARGLOG Joe Rogan t 106.5 pos '-30.3  49.1 -296.0' spd 325.9 yaw  91.5 mode 2 st 5 gl 8 hp 100 frg 2
ARGLOG Carmack t 106.6 pos '556.8 -271.9 -296.0' spd  42.1 yaw 311 mode 2 st 0 gl 3 hp 43 frg 2
ARGEVT Romero hazard
ARGEVT Carmack hazard
ARGLOG Romero t 106.9 pos '-142.1 432.0 -296.0' spd  97.0 yaw 300.6 mode 2 st 0 gl 2 hp 68 frg 1
ARGUS Carmack wallslide
ARGEVT Joe Rogan hazard
ARGLOG Joe Rogan t 107.0 pos ' 23.5  49.7 -296.0' spd 323.6 yaw 109.4 mode 2 st 5 gl 8 hp 76 frg 2
ARGLOG Carmack t 107.1 pos '492.9 -272.0 -296.0' spd 324.4 yaw 186.0 mode 2 st 0 gl 3 hp 43 frg 2
ARGLOG Romero t 107.4 pos '  1.2 474.5 -296.0' spd  86.6 yaw 265.0 mode 2 st 0 gl 2 hp 44 frg 1
ARGLOG Joe Rogan t 107.6 pos '-141.1  66.3 -296.0' spd 324.2 yaw  73.0 mode 2 st 5 gl 8 hp 76 frg 2
ARGLOG Carmack t 107.6 pos '327.3 -235.8 -296.0' spd 362.7 yaw 142 mode 2 st 0 gl 3 hp 43 frg 2
ARGEVT Carmack route 12 start '337.0 -247.0 -296.0' goal '977.0 -471.0 -104.0'
ARGLOG Romero t 107.9 pos '-120.5 500.9 -296.0' spd  85.6 yaw 266.9 mode 2 st 0 gl 2 hp 44 frg 1
ARGEVT Carmack hazard
ARGLOG Joe Rogan t 108.1 pos '-85.1  92.2 -296.0' spd 320.4 yaw  90.1 mode 2 st 5 gl 8 hp 76 frg 2
ARGLOG Carmack t 108.1 pos '145.2 -217.5 -296.0' spd 289.7 yaw 355 mode 2 st 0 gl 3 hp 43 frg 2
ARGEVT Romero retreat
ARGEVT Romero hazard
ARGLOG Romero t 108.5 pos '-16.0 540.5 -296.0' spd 328.0 yaw 272.9 mode 0 st 0 gl 2 hp 20 frg 1
ARGEVT Joe Rogan hazard
ARGLOG Joe Rogan t 108.6 pos ' 63.1 113.7 -296.0' spd  75.4 yaw  97.4 mode 2 st 5 gl 8 hp 76 frg 2
ARGEVT Romero route 8 start '-47.0 585.0 -296.0' goal '465.0 -247.0 -296.0'
ARGLOG Carmack t 108.6 pos '200.3 -215.4 -296.0' spd 321.3 yaw 354 mode 2 st 0 gl 3 hp 43 frg 2
ARGUS Romero wallslide
ARGLOG Romero t 109.0 pos '-98.6 621.9 -296.0' spd  61.4 yaw 279.8 mode 2 st 0 gl 2 hp 4 frg 1
ARGLOG Joe Rogan t 109.1 pos '-80.5 108.8 -296.0' spd 321.3 yaw  93.6 mode 2 st 5 gl 8 hp 76 frg 2
ARGLOG Carmack t 109.1 pos '368.9 -206.0 -296.0' spd 321.2 yaw 354.7 mode 2 st 0 gl 3 hp 43 frg 2
ARGEVT Carmack hazard
ARGEVT Romero death Joe Rogan pos '-64.9 619.9 -296.0'
ARGUS Joe Rogan watch spawn
ARGEVT Joe Rogan goal weapon_lightning
ARGEVT Joe Rogan route 14 start '-143.0 105.0 -296.0' goal '529.0 -311.0 -104.0'
ARGEVT Joe Rogan hazard
ARGLOG Joe Rogan t 109.6 pos '-157.6  58.1 -296.0' spd 156.3 yaw 358.1 mode 2 st 5 gl 8 hp 76 frg 3
ARGLOG Carmack t 109.7 pos '405.0 -48.0 -296.0' spd 124.0 yaw 343 mode 2 st 0 gl 3 hp 43 frg 2
ARGLOG Joe Rogan t 110.1 pos '-79.1 165.1 -296.0' spd 335.3 yaw 92 mode 2 st 5 gl 8 hp 76 frg 3
ARGLOG Carmack t 110.2 pos '343.2  53.8 -288.0' spd  60.6 yaw 329 mode 2 st 0 gl 3 hp 43 frg 2
ARGEVT Joe Rogan route 14 start '-111.0 201.0 -296.0' goal '529.0 -311.0 -104.0'
ARGEVT Carmack hazard
ARGLOG Joe Rogan t 110.6 pos '-62.8 330.4 -296.0' spd 321.0 yaw 96 mode 2 st 5 gl 8 hp 76 frg 3
ARGEVT Joe Rogan hazard
ARGLOG Carmack t 110.7 pos '368.8 -91.6 -296.0' spd 376.6 yaw 208.2 mode 2 st 0 gl 3 hp 43 frg 2
ARGEVT Romero respawn
ARGEVT Romero goal item_armorInv
ARGLOG Romero t 110.8 pos '112.0 -1136.0 -104.0' spd 0 yaw  39.9 mode 0 st 0 gl 2 hp 100 frg 1
ARGEVT Romero route 10 start '113.0 -1079.0 -104.0' goal '817.0 -855.0 -232.0'
ARGEVT Joe Rogan route 15 start '-111.0 457.0 -296.0' goal '529.0 -311.0 -104.0'
ARGLOG Joe Rogan t 111.1 pos '-126.1 465.7 -296.0' spd 328.8 yaw 79 mode 2 st 5 gl 8 hp 76 frg 3
ARGLOG Carmack t 111.2 pos '358.6 -254.0 -296.0' spd 328.5 yaw 302.3 mode 2 st 0 gl 3 hp 43 frg 2
ARGLOG Romero t 111.3 pos '166.4 -992.2 -104.0' spd 320.7 yaw 62 mode 2 st 0 gl 2 hp 100 frg 1
ARGEVT Carmack hazard
ARGEVT Joe Rogan route 16 start '-79.0 553.0 -296.0' goal '529.0 -311.0 -104.0'
ARGLOG Joe Rogan t 111.6 pos '-66.1 603.0 -296.0' spd 325.7 yaw 264 mode 2 st 5 gl 8 hp 76 frg 3
ARGLOG Carmack t 111.7 pos '381.2 -270.8 -296.0' spd 359.2 yaw 143 mode 2 st 0 gl 3 hp 43 frg 2
ARGEVT Joe Rogan hazard
ARGLOG Romero t 111.9 pos '208.5 -831.1 -104.0' spd 327.8 yaw 64 mode 2 st 0 gl 2 hp 100 frg 1
ARGEVT Romero hazard
ARGEVT Carmack route 12 start '337.0 -247.0 -296.0' goal '977.0 -471.0 -104.0'
ARGLOG Joe Rogan t 112.2 pos '-17.1 464.6 -296.0' spd 321.5 yaw 266 mode 2 st 5 gl 8 hp 76 frg 3
ARGUS Romero wallslide
ARGLOG Carmack t 112.2 pos '205.7 -224.6 -296.0' spd 336.5 yaw 356 mode 2 st 0 gl 3 hp 43 frg 2
ARGLOG Romero t 112.4 pos '333.1 -722.1 -104.0' spd 382.8 yaw 73 mode 2 st 0 gl 2 hp 100 frg 1
ARGEVT Carmack hazard
ARGLOG Joe Rogan t 112.7 pos ' 58.8 403.1 -296.0' spd  62.7 yaw 253 mode 2 st 5 gl 8 hp 76 frg 3
ARGLOG Carmack t 112.7 pos '204.0 -224.9 -296.0' spd 329.6 yaw 356 mode 2 st 0 gl 3 hp 43 frg 2
ARGEVT Joe Rogan hazard
ARGLOG Romero t 112.9 pos '360.5 -548.6 -104.0' spd 346.6 yaw 33 mode 2 st 0 gl 2 hp 100 frg 1
ARGLOG Joe Rogan t 113.2 pos ' 85.1 393.6 -296.0' spd  57.6 yaw 248 mode 2 st 5 gl 8 hp 76 frg 3
ARGLOG Carmack t 113.3 pos '368.4 -261.9 -296.0' spd 325.7 yaw 29 mode 2 st 0 gl 3 hp 43 frg 2
ARGLOG Romero t 113.4 pos '437.7 -393.9 -104.0' spd 359.6 yaw 341 mode 2 st 0 gl 2 hp 100 frg 1
ARGLOG Joe Rogan t 113.7 pos ' 76.4 398.3 -296.0' spd 189.4 yaw 250 mode 2 st 5 gl 8 hp 76 frg 3
ARGEVT Joe Rogan stall
ARGEVT Joe Rogan stallnode '-111.0 201.0 -296.0'
ARGEVT Joe Rogan jump
ARGLOG Carmack t 113.8 pos '531.4 -219.8 -296.0' spd 328.6 yaw 73 mode 2 st 0 gl 3 hp 43 frg 2
ARGEVT Carmack hazard
ARGLOG Romero t 113.9 pos '603.9 -360.0 -104.0' spd 320.6 yaw 312 mode 2 st 0 gl 2 hp 100 frg 1
ARGEVT Joe Rogan route 17 start ' 81.0 425.0 -296.0' goal '529.0 -311.0 -104.0'
ARGEVT Romero hazard
ARGLOG Joe Rogan t 114.2 pos '-21.5 348.6 -261.8' spd 234.1 yaw 129 mode 2 st 6 gl 8 hp 76 frg 3
ARGLOG Carmack t 114.3 pos '653.6 -102.7 -296.0' spd 341.9 yaw 256 mode 2 st 0 gl 3 hp 43 frg 2
ARGUS Carmack wallslide
ARGUS Romero wallslide
ARGLOG Romero t 114.4 pos '632.8 -272.0 -104.0' spd 329.6 yaw 298 mode 2 st 0 gl 2 hp 100 frg 1
ARGEVT Joe Rogan hazard
ARGEVT Joe Rogan goal backpack
ARGLOG Joe Rogan t 114.7 pos '-101.4 278.5 -296.0' spd  76.7 yaw 100.9 mode 0 st 6 gl 8 hp 76 frg 3
ARGEVT Joe Rogan route 7 start '-111.0 329.0 -296.0' goal '465.0 -247.0 -296.0'
ARGLOG Carmack t 114.8 pos '627.5  61.0 -296.0' spd 397.5 yaw 168.3 mode 2 st 0 gl 3 hp 43 frg 2
ARGEVT Romero route 5 start '465.0 -279.0 -104.0' goal '817.0 -855.0 -232.0'
ARGLOG Romero t 114.9 pos '473.7 -250.3 -104.0' spd 345.2 yaw 318 mode 2 st 0 gl 2 hp 100 frg 1
ARGEVT Carmack route 8 start '625.0 105.0 -296.0' goal '977.0 -471.0 -104.0'
ARGEVT Carmack hazard
ARGLOG Joe Rogan t 115.2 pos '-104.4 314.0 -296.0' spd 336.8 yaw 278 mode 2 st 6 gl 8 hp 76 frg 3
ARGLOG Carmack t 115.3 pos '566.3  17.2 -296.0' spd 190.3 yaw 264 mode 2 st 0 gl 3 hp 68 frg 2
ARGLOG Romero t 115.4 pos '338.4 -366.5 -170.4' spd 414.7 yaw 342 mode 2 st 0 gl 2 hp 100 frg 1
ARGUS Carmack wallslide
ARGEVT Joe Rogan hazard
ARGLOG Joe Rogan t 115.7 pos '-67.1 153.1 -296.0' spd 329.7 yaw 282 mode 2 st 6 gl 8 hp 76 frg 3
ARGLOG Carmack t 115.8 pos '646.3 -96.6 -296.0' spd 331.6 yaw 241 mode 2 st 0 gl 3 hp 68 frg 2
ARGEVT Romero swim
ARGEVT Romero weapon sg
ARGLOG Romero t 115.9 pos '355.5 -368.0 -386.5' spd  69.1 yaw 342 mode 2 st 0 gl 2 hp 80 frg 1
ARGEVT Romero weapon lg
ARGEVT Romero swim
ARGEVT Romero swim
ARGLOG Joe Rogan t 116.3 pos '-40.5 -10.0 -296.0' spd 321.1 yaw 283.0 mode 2 st 6 gl 8 hp 76 frg 3
ARGLOG Carmack t 116.3 pos '575.7 -247.3 -296.0' spd 329.0 yaw 220 mode 0 st 0 gl 3 hp 68 frg 2
ARGEVT Romero swim
ARGEVT Joe Rogan goal weapon_rocketlauncher
ARGEVT Joe Rogan route 3 start '-47.0 -23.0 -296.0' goal ' 81.0  73.0 -296.0'
ARGEVT Carmack hazard
ARGEVT Romero swim
ARGLOG Romero t 116.5 pos '411.6 -368.0 -383.4' spd 126.6 yaw 339 mode 2 st 0 gl 2 hp 60 frg 1
ARGEVT Romero swim
ARGEVT Carmack route 10 start '465.0 -247.0 -296.0' goal '977.0 -471.0 -104.0'
ARGEVT Romero swim
ARGUS Carmack wallslide
ARGEVT Joe Rogan engage Carmack
ARGLOG Joe Rogan t 116.8 pos '-43.7 -186.6 -296.0' spd 406.8 yaw 332.1 mode 2 st 6 gl 8 hp 76 frg 3
ARGEVT Romero swim
ARGEVT Romero engage Joe Rogan
ARGEVT Romero weapon rl
ARGLOG Carmack t 116.8 pos '497.3 -271.9 -296.0' spd 297.2 yaw 71 mode 2 st 0 gl 3 hp 68 frg 2
ARGUS Romero leadclip
ARGEVT Romero swim
ARGEVT Joe Rogan hazard
ARGEVT Romero weapon lg
ARGLOG Romero t 117.0 pos '432.0 -362.4 -383.4' spd  49.2 yaw 226.6 mode 2 st 0 gl 2 hp 20 frg 1
ARGEVT Romero weapon rl
ARGEVT Romero swim
ARGEVT Romero weapon lg
ARGEVT Romero weapon rl
ARGEVT Romero swim
ARGEVT Carmack engage Joe Rogan
ARGEVT Romero weapon lg
ARGUS Carmack leadclip
ARGEVT Romero weapon rl
ARGEVT Romero swim
ARGLOG Joe Rogan t 117.3 pos ' 76.0 -246.3 -296.0' spd 231.4 yaw   5.3 mode 0 st 6 gl 8 hp 76 frg 3
ARGEVT Romero death world pos '432.0 -343.9 -383.5'
ARGLOG Carmack t 117.3 pos '617.1 -145.7 -296.0' spd 356.2 yaw 187.1 mode 2 st 0 gl 3 hp 68 frg 2
ARGEVT Joe Rogan route 5 start '145.0 -247.0 -296.0' goal ' 81.0  73.0 -296.0'
ARGEVT Joe Rogan pursue
ARGEVT Carmack pursue
ARGUS Joe Rogan hunch 
ARGUS Carmack hunch item_artifact_super_damage
ARGEVT Joe Rogan goal backpack
ARGEVT Joe Rogan pursue
ARGEVT Carmack goal item_health
ARGEVT Joe Rogan route 2 start '145.0 -247.0 -296.0' goal '369.0 -247.0 -296.0'
ARGLOG Joe Rogan t 117.8 pos '188.1 -263.5 -296.0' spd 126.1 yaw 204.3 mode 2 st 6 gl 8 hp 76 frg 3
ARGLOG Carmack t 117.9 pos '611.3  10.8 -296.0' spd 140.3 yaw  29.2 mode 0 st 0 gl 3 hp 34 frg 2
ARGEVT Joe Rogan hazard
ARGEVT Carmack pursue
ARGEVT Carmack route 11 start '625.0 -23.0 -296.0' goal '-47.0 585.0 -296.0'
ARGEVT Carmack hazard
ARGLOG Joe Rogan t 118.3 pos '121.5 -280.8 -296.0' spd 194.9 yaw 337.7 mode 2 st 6 gl 8 hp 76 frg 3
ARGUS Carmack wallslide
ARGLOG Carmack t 118.4 pos '689.3 112.0 -296.0' spd  89.8 yaw 166.3 mode 2 st 0 gl 3 hp 34 frg 2
ARGEVT Joe Rogan pursue
ARGEVT Joe Rogan pursue
ARGEVT Carmack route 13 start '401.0 -887.0  24.0' goal '-47.0 585.0 -296.0'
ARGEVT Joe Rogan pursue
ARGEVT Romero respawn
ARGEVT Romero goal item_armorInv
ARGLOG Romero t 118.8 pos '112.0 -1136.0 -104.0' spd 0 yaw  40.2 mode 0 st 0 gl 2 hp 100 frg 0
ARGLOG Joe Rogan t 118.8 pos '270.9 -213.4 -296.0' spd 364.6 yaw 354.1 mode 2 st 6 gl 8 hp 76 frg 3
ARGEVT Romero route 10 start '113.0 -1079.0 -104.0' goal '817.0 -855.0 -232.0'
ARGEVT Joe Rogan pursue
ARGLOG Carmack t 118.9 pos '391.5 -864.0  24.0' spd 300 yaw 117 mode 2 st 0 gl 3 hp 34 frg 2
ARGEVT Joe Rogan hazard
ARGEVT Joe Rogan pursue
ARGEVT Joe Rogan pursue
ARGEVT Joe Rogan pursue
ARGLOG Joe Rogan t 119.3 pos '394.4 -114.4 -296.0' spd 106.0 yaw 291.8 mode 2 st 6 gl 8 hp 76 frg 3
ARGLOG Romero t 119.3 pos '165.3 -991.2 -104.0' spd 321.1 yaw 62 mode 2 st 0 gl 2 hp 100 frg 0
ARGLOG Carmack t 119.4 pos '319.3 -810.2  24.0' spd 334.5 yaw 113 mode 2 st 0 gl 3 hp 34 frg 2
ARGEVT Carmack hazard
ARGEVT Joe Rogan pursue
ARGUS Carmack wallslide
ARGLOG Joe Rogan t 119.8 pos '379.2 -242.0 -296.0' spd 347.9 yaw 293 mode 1 st 6 gl 8 hp 76 frg 3
ARGLOG Romero t 119.8 pos '185.9 -830.5 -104.0' spd 324.3 yaw 102 mode 2 st 0 gl 2 hp 100 frg 0
ARGLOG Carmack t 119.9 pos '261.3 -752.3  24.0' spd 304.2 yaw 343.7 mode 2 st 0 gl 3 hp 34 frg 2
ARGEVT Joe Rogan hazard
ARGEVT Romero hazard
ARGUS Joe Rogan wallslide
ARGUS Romero wallslide
ARGLOG Joe Rogan t 120.3 pos '554.9 -272.0 -296.0' spd 385.4 yaw 328.5 mode 1 st 6 gl 8 hp 76 frg 3
ARGLOG Romero t 120.3 pos '161.4 -753.0 -104.0' spd 285.1 yaw 46 mode 2 st 0 gl 2 hp 100 frg 0
ARGLOG Carmack t 120.4 pos '418.8 -809.7  24.0' spd 325.1 yaw 77 mode 2 st 0 gl 3 hp 34 frg 2
ARGEVT Joe Rogan engage Carmack
ARGEVT Carmack engage Joe Rogan
ARGEVT Carmack route 11 start '625.0 105.0 -296.0' goal '-47.0 585.0 -296.0'
ARGUS Carmack leadclip
ARGLOG Joe Rogan t 120.8 pos '613.4 -196.4 -296.0' spd 315.3 yaw  87.2 mode 1 st 6 gl 8 hp 76 frg 3
ARGLOG Romero t 120.8 pos '351.6 -718.5 -104.0' spd 417.0 yaw 76 mode 2 st 0 gl 2 hp 100 frg 0
ARGLOG Carmack t 120.9 pos '624.0  17.1 -296.0' spd 300 yaw 283.1 mode 2 st 0 gl 3 hp 34 frg 2
ARGEVT Carmack weapon sg
ARGLOG Joe Rogan t 121.4 pos '629.9 -110.9 -296.0' spd  42.1 yaw  94.9 mode 1 st 6 gl 8 hp 76 frg 3
ARGLOG Romero t 121.4 pos '354.7 -543.7 -104.0' spd 333.9 yaw 55 mode 2 st 0 gl 2 hp 100 frg 0
