LOG started on: 09/17/2026 17:18:50 
Playing registered version.
UDP Initialized
WIPX_OpenSocket: Address family not supported by protocol family
WIPX_Init: Unable to open control socket, IPX disabled
Exe: 20:02:47 Jul 31 2024
256.0 megabyte heap

Language initialization
Couldn't load 'localization/loc_english.txt'
from 'C:\argus\engine'

========= Quake Initialized =========

execing autoexec.cfg
SpawnServer: dm4
Clearing memory
Programs occupy 890K.
trying to open external vis file
maps/dm4.vis not found, trying argus.vis
external vis not found
ARGUS slots 8
ARGUS worldspawn reached
ARGNAV 137 nodes, 678 links
0 entities inhibited
ARGUS init on dm4
ARGEVT Carmack spawned
ARGEVT Romero spawned
ARGEVT Joe Rogan spawned
Server spawned.
ARGLOG Joe Rogan t   1.2 pos '-64.0 -232.0 -72.0' spd 0 yaw 357.6 mode 0 st 0 gl 0 hp 100 frg 0
ARGLOG Romero t   1.2 pos '112.0 -1136.0 -104.0' spd 0 yaw  92.5 mode 0 st 0 gl 0 hp 100 frg 0
ARGLOG Carmack t   1.2 pos '-64.0 512.0 -296.0' spd 0 yaw 299.6 mode 0 st 0 gl 0 hp 100 frg 0
ARGEVT Carmack hazard
ARGLOG Joe Rogan t   1.7 pos ' 81.0 -237.1 -72.0' spd 320 yaw 357.6 mode 0 st 0 gl 0 hp 100 frg 0
ARGLOG Romero t   1.7 pos '106.9 -991.0 -104.0' spd 320 yaw  92.5 mode 0 st 0 gl 0 hp 100 frg 0
ARGLOG Carmack t   1.7 pos '  4.7 469.6 -296.0' spd 336.1 yaw  66.4 mode 0 st 0 gl 0 hp 100 frg 0
ARGUS Carmack wallslide
ARGLOG Joe Rogan t   2.2 pos '248.9 -243.2 -77.9' spd 320 yaw 357.6 mode 0 st 0 gl 0 hp 100 frg 0
ARGLOG Romero t   2.2 pos '101.2 -827.6 -104.0' spd 320 yaw  92.5 mode 0 st 0 gl 0 hp 100 frg 0
ARGLOG Carmack t   2.2 pos ' -0.4 451.7 -296.0' spd 258.2 yaw 102.1 mode 0 st 0 gl 0 hp 100 frg 0
ARGLOG Joe Rogan t   2.7 pos '385.7 -236.7 -228.3' spd 145.7 yaw 151.1 mode 0 st 0 gl 0 hp 100 frg 0
ARGLOG Romero t   2.7 pos '149.5 -831.1 -104.0' spd 321.3 yaw 295.7 mode 0 st 0 gl 0 hp 100 frg 0
ARGLOG Carmack t   2.7 pos '-35.2 603.6 -296.0' spd 184.6 yaw 322.2 mode 0 st 0 gl 0 hp 200 frg 0
ARGEVT Carmack hazard
ARGEVT Joe Rogan hazard
ARGUS Carmack wallslide
ARGLOG Joe Rogan t   3.2 pos '366.6 -167.3 -296.0' spd 323.4 yaw 113.7 mode 0 st 0 gl 0 hp 100 frg 0
ARGLOG Romero t   3.2 pos '225.7 -973.0 -104.0' spd 320.0 yaw 295.7 mode 0 st 0 gl 0 hp 100 frg 0
ARGLOG Carmack t   3.2 pos '  9.0 498.9 -296.0' spd 330.7 yaw 296.8 mode 0 st 0 gl 0 hp 200 frg 0
ARGLOG Joe Rogan t   3.7 pos '346.9  -7.6 -296.0' spd 335.9 yaw  54.9 mode 0 st 0 gl 0 hp 100 frg 0
ARGLOG Romero t   3.7 pos '235.4 -1086.2 -104.0' spd 337.8 yaw 166.6 mode 0 st 0 gl 0 hp 100 frg 0
ARGLOG Carmack t   3.7 pos '  0.3 511.6 -296.0' spd 377.6 yaw 191.4 mode 0 st 0 gl 0 hp 200 frg 0
ARGEVT Joe Rogan goal weapon_rocketlauncher
ARGEVT Joe Rogan hazard
ARGEVT Romero goal item_armorInv
ARGEVT Carmack goal weapon_lightning
ARGEVT Joe Rogan route 8 start '369.0  73.0 -288.0' goal ' 81.0  73.0 -296.0'
ARGEVT Romero hazard
ARGLOG Joe Rogan t   4.2 pos '387.7  66.4 -288.0' spd 316.7 yaw 261 mode 2 st 0 gl 0 hp 100 frg 0
ARGLOG Romero t   4.2 pos ' 89.3 -1095.6 -104.0' spd 191.9 yaw 111.9 mode 0 st 0 gl 0 hp 100 frg 0
ARGLOG Carmack t   4.2 pos '-115.0 401.5 -296.0' spd 404.6 yaw 319 mode 0 st 0 gl 0 hp 200 frg 0
ARGEVT Romero route 10 start '113.0 -1079.0 -104.0' goal '817.0 -855.0 -232.0'
ARGEVT Carmack hazard
ARGEVT Carmack route 15 start '-111.0 329.0 -296.0' goal '529.0 -311.0 -104.0'
ARGLOG Joe Rogan t   4.7 pos '396.9 -96.6 -296.0' spd 321.8 yaw 249 mode 2 st 0 gl 0 hp 100 frg 0
ARGLOG Romero t   4.7 pos '116.2 -977.8 -104.0' spd 322.4 yaw 54 mode 2 st 0 gl 0 hp 100 frg 0
ARGLOG Carmack t   4.7 pos '-57.3 332.4 -296.0' spd 198.8 yaw 273 mode 2 st 0 gl 0 hp 200 frg 0
ARGEVT Joe Rogan route 6 start '369.0 -215.0 -296.0' goal ' 81.0  73.0 -296.0'
ARGLOG Joe Rogan t   5.2 pos '329.3 -248.6 -296.0' spd 415.3 yaw 164.5 mode 0 st 0 gl 0 hp 100 frg 0
ARGLOG Romero t   5.2 pos '185.0 -832.7 -104.0' spd 320.2 yaw 48 mode 2 st 0 gl 0 hp 100 frg 0
ARGLOG Carmack t   5.2 pos '-77.0 167.0 -296.0' spd 349.3 yaw 284.7 mode 2 st 0 gl 0 hp 200 frg 0
ARGUS routecache adopt
ARGEVT Joe Rogan route 5 start '337.0 -247.0 -296.0' goal ' 81.0  73.0 -296.0'
ARGEVT Joe Rogan hazard
ARGEVT Romero hazard
ARGEVT Carmack hazard
ARGUS Romero wallslide
ARGLOG Joe Rogan t   5.8 pos '162.5 -253.9 -296.0' spd 320.0 yaw 153 mode 2 st 0 gl 0 hp 100 frg 0
ARGLOG Romero t   5.8 pos '318.7 -744.9 -104.0' spd 338.8 yaw 72 mode 2 st 0 gl 0 hp 100 frg 0
ARGLOG Carmack t   5.8 pos '-29.2   0.9 -296.0' spd 320.6 yaw 281 mode 2 st 0 gl 0 hp 200 frg 0
ARGEVT Carmack engage Joe Rogan
ARGEVT Joe Rogan engage Carmack
ARGLOG Joe Rogan t   6.3 pos '  9.6 -232.3 -296.0' spd 168.6 yaw 115.6 mode 2 st 0 gl 0 hp 100 frg 0
ARGLOG Romero t   6.3 pos '360.9 -574.7 -104.0' spd 320.0 yaw 37 mode 2 st 0 gl 0 hp 100 frg 0
ARGLOG Carmack t   6.3 pos '-35.0 -154.7 -296.0' spd  93.2 yaw 318.1 mode 2 st 0 gl 0 hp 200 frg 0
ARGEVT Joe Rogan hazard
ARGLOG Joe Rogan t   6.8 pos '-97.3 -237.0 -296.0' spd 181.9 yaw  77.6 mode 2 st 0 gl 0 hp 76 frg 0
ARGLOG Romero t   6.8 pos '409.4 -409.5 -104.0' spd 378.0 yaw 345 mode 2 st 0 gl 0 hp 100 frg 0
ARGLOG Carmack t   6.8 pos '-37.8 -97.8 -296.0' spd  91.7 yaw 248.5 mode 2 st 0 gl 0 hp 200 frg 0
ARGUS Joe Rogan wallslide
ARGUS routecache adopt
ARGEVT Joe Rogan route 4 start ' 17.0 -247.0 -296.0' goal ' 81.0  73.0 -296.0'
ARGEVT Romero engage Joe Rogan
ARGEVT Romero weapon sg
ARGEVT Carmack goal weapon_rocketlauncher
ARGUS routecache adopt
ARGEVT Carmack route 3 start '-47.0 -151.0 -296.0' goal ' 81.0  73.0 -296.0'
ARGEVT Carmack hazard
ARGLOG Joe Rogan t   7.3 pos ' 49.6 -259.0 -296.0' spd 357.8 yaw 134.9 mode 2 st 0 gl 0 hp 76 frg 0
ARGLOG Romero t   7.3 pos '513.6 -348.1 -104.0' spd 237.9 yaw 159.5 mode 2 st 0 gl 0 hp 100 frg 0
ARGLOG Carmack t   7.3 pos '-68.7 -126.2 -296.0' spd  76.6 yaw 306.3 mode 2 st 0 gl 0 hp 182 frg 0
ARGEVT Joe Rogan hazard
ARGLOG Joe Rogan t   7.8 pos ' 10.3 -269.7 -296.0' spd 151.3 yaw 139.6 mode 2 st 0 gl 0 hp 52 frg 0
ARGLOG Romero t   7.8 pos '492.8 -359.5 -104.0' spd 320.5 yaw 169.2 mode 2 st 0 gl 0 hp 100 frg 0
ARGLOG Carmack t   7.8 pos '-66.0 -152.8 -296.0' spd  75.8 yaw 309.4 mode 2 st 0 gl 0 hp 172 frg 0
ARGEVT Joe Rogan retreat
ARGEVT Romero grab item_armor1
ARGLOG Joe Rogan t   8.3 pos '-103.8 -260.8 -296.0' spd 131.5 yaw  66.9 mode 2 st 0 gl 0 hp 24 frg 0
ARGLOG Romero t   8.3 pos '457.5 -201.4 -104.0' spd 367.6 yaw 185.7 mode 2 st 0 gl 0 hp 100 frg 0
ARGLOG Carmack t   8.3 pos '-37.0 -145.9 -296.0' spd  82.0 yaw 252.2 mode 2 st 0 gl 0 hp 172 frg 0
ARGEVT Joe Rogan death Carmack pos '-103.5 -258.1 -296.0'
ARGUS Carmack watch spawn
ARGEVT Romero weapon lg
ARGEVT Carmack goal weapon_rocketlauncher
ARGUS routecache adopt
ARGEVT Carmack route 3 start '-47.0 -151.0 -296.0' goal ' 81.0  73.0 -296.0'
ARGEVT Carmack hazard
ARGEVT Romero hazard
ARGEVT Romero route 6 start '465.0 -151.0 -104.0' goal '817.0 -855.0 -232.0'
ARGLOG Romero t   8.8 pos '387.1 -72.7 -106.9' spd 329.0 yaw 190 mode 2 st 0 gl 0 hp 100 frg 0
ARGLOG Carmack t   8.8 pos '-16.8 -63.3 -296.0' spd 190.4 yaw 267.4 mode 2 st 0 gl 0 hp 162 frg 1
ARGLOG Romero t   9.3 pos '233.9 -106.0 -245.9' spd 346.6 yaw 326 mode 2 st 0 gl 0 hp 100 frg 0
ARGLOG Carmack t   9.3 pos '-62.0 -220.2 -296.0' spd 350.0 yaw 71 mode 2 st 0 gl 0 hp 162 frg 1
ARGEVT Romero engage Carmack
ARGEVT Carmack engage Romero
ARGEVT Romero weapon sg
ARGEVT Romero swim
ARGEVT Romero weapon lg
ARGEVT Romero weapon sg
ARGEVT Romero swim
ARGEVT Joe Rogan respawn
ARGLOG Romero t   9.9 pos '218.8 -165.1 -383.5' spd  72.5 yaw 188.5 mode 2 st 0 gl 0 hp 70 frg 0
ARGLOG Carmack t   9.9 pos '-60.6 -185.4 -296.0' spd 320.2 yaw   5.0 mode 2 st 0 gl 0 hp 161 frg 1
ARGEVT Joe Rogan goal weapon_rocketlauncher
ARGLOG Joe Rogan t   9.9 pos '784.0 -176.0  24.0' spd 0 yaw 184.8 mode 0 st 0 gl 0 hp 100 frg 0
ARGEVT Romero weapon lg
ARGEVT Joe Rogan route 5 start '785.0 -183.0  24.0' goal '753.0 -887.0 -232.0'
ARGEVT Romero pursue
ARGEVT Carmack pursue
ARGEVT Romero swim
ARGUS Carmack hunch item_artifact_super_damage
ARGEVT Joe Rogan hazard
ARGEVT Romero swim
ARGEVT Carmack pursue
ARGEVT Carmack hazard
ARGEVT Romero swim
ARGEVT Carmack goal weapon_rocketlauncher
ARGEVT Carmack route 3 start '-47.0 -151.0 -296.0' goal ' 81.0  73.0 -296.0'
ARGEVT Romero swim
ARGUS Carmack wallslide
ARGLOG Romero t  10.4 pos '194.0 -142.4 -383.2' spd  87.4 yaw 205 mode 2 st 0 gl 0 hp 50 frg 0
ARGLOG Carmack t  10.4 pos '-79.7 -174.7 -296.0' spd 347.6 yaw 232.0 mode 2 st 0 gl 0 hp 161 frg 1
ARGLOG Joe Rogan t  10.4 pos '678.7 -205.1  24.0' spd  72.6 yaw 305 mode 2 st 0 gl 0 hp 100 frg 0
ARGEVT Joe Rogan engage Carmack
ARGEVT Joe Rogan grab item_armor1
ARGEVT Romero swim
ARGEVT Romero swim
ARGEVT Romero swim
ARGEVT Romero swim
ARGLOG Romero t  10.9 pos '145.0 -135.4 -383.2' spd 108.6 yaw 211 mode 0 st 0 gl 0 hp 20 frg 0
ARGLOG Carmack t  10.9 pos ' 12.5 -271.8 -296.0' spd 347.8 yaw 337.4 mode 0 st 0 gl 0 hp 156 frg 1
ARGEVT Romero route 14 start '337.0 -119.0 -296.0' goal '817.0 -855.0 -232.0'
ARGLOG Joe Rogan t  10.9 pos '586.3 -133.9  24.0' spd 320.7 yaw 195.0 mode 2 st 0 gl 0 hp 100 frg 0
ARGEVT Romero swim
ARGEVT Joe Rogan route 6 start '593.0 -151.0  24.0' goal '753.0 -887.0 -232.0'
ARGEVT Romero swim
ARGEVT Carmack route 4 start ' 17.0 -247.0 -296.0' goal ' 81.0  73.0 -296.0'
ARGEVT Romero retreat
ARGEVT Romero weapon sg
ARGEVT Romero swim
ARGEVT Romero weapon lg
ARGEVT Carmack hazard
ARGEVT Romero weapon sg
ARGEVT Romero death world pos '112.0 -125.5 -384.4'
ARGEVT Carmack engage Joe Rogan
ARGLOG Carmack t  11.4 pos ' 39.2 -238.6 -296.0' spd 264.4 yaw  21.3 mode 2 st 0 gl 0 hp 144 frg 1
ARGLOG Joe Rogan t  11.4 pos '496.9 -101.3 -51.3' spd  98.1 yaw 196.1 mode 2 st 0 gl 0 hp 100 frg 0
ARGLOG Carmack t  11.9 pos ' 37.6 -242.2 -296.0' spd 188.2 yaw 343.5 mode 2 st 0 gl 0 hp 127 frg 1
ARGLOG Joe Rogan t  11.9 pos '519.3 -219.1 -104.0' spd 323.1 yaw 185.6 mode 2 st 0 gl 0 hp 100 frg 0
ARGEVT Carmack hazard
ARGLOG Carmack t  12.4 pos ' 69.4 -241.5 -296.0' spd 192.3 yaw  30.1 mode 2 st 0 gl 0 hp 115 frg 1
ARGLOG Joe Rogan t  12.4 pos '481.8 -116.2 -104.0' spd 322.0 yaw 194.7 mode 2 st 0 gl 0 hp 100 frg 0
ARGEVT Joe Rogan route 6 start '529.0 -55.0 -104.0' goal '753.0 -887.0 -232.0'
ARGEVT Joe Rogan hazard
ARGEVT Romero respawn
ARGEVT Romero goal item_armorInv
ARGLOG Romero t  12.8 pos '272.0 -952.0  24.0' spd 0 yaw   4.8 mode 0 st 0 gl 0 hp 100 frg -1
ARGEVT Romero route 10 start '305.0 -983.0  24.0' goal '817.0 -855.0 -232.0'
ARGLOG Carmack t  12.9 pos '103.6 -247.4 -296.0' spd 205.0 yaw   3.3 mode 2 st 0 gl 0 hp 106 frg 1
ARGLOG Joe Rogan t  12.9 pos '481.1 -128.0 -104.0' spd 323.4 yaw 207.6 mode 2 st 0 gl 0 hp 94 frg 0
ARGLOG Romero t  13.3 pos '375.6 -839.5  24.0' spd 330.3 yaw  86.1 mode 2 st 0 gl 0 hp 100 frg -1
ARGLOG Carmack t  13.4 pos '171.6 -244.8 -296.0' spd 135.4 yaw 335.7 mode 2 st 0 gl 0 hp 94 frg 1
ARGLOG Joe Rogan t  13.4 pos '499.5 -289.4 -104.0' spd 326.1 yaw 171.3 mode 2 st 0 gl 0 hp 94 frg 0
ARGEVT Romero hazard
ARGUS Romero wallslide
ARGEVT Carmack hazard
ARGEVT Carmack weapon sg
ARGEVT Carmack grab 
ARGLOG Romero t  13.8 pos '353.1 -699.6  24.0' spd 355.8 yaw 69 mode 2 st 0 gl 0 hp 100 frg -1
ARGUS Joe Rogan wallslide
ARGLOG Carmack t  13.9 pos '129.0 -201.7 -296.0' spd 350.5 yaw 327.1 mode 2 st 0 gl 0 hp 82 frg 1
ARGLOG Joe Rogan t  13.9 pos '442.2 -431.8 -104.0' spd 243.5 yaw 143.8 mode 2 st 0 gl 0 hp 89 frg 0
ARGLOG Romero t  14.3 pos '323.5 -536.8  24.0' spd 322.7 yaw 55 mode 2 st 0 gl 0 hp 100 frg -1
ARGUS Romero bodyblock
ARGLOG Carmack t  14.4 pos '112.0 -207.9 -296.0' spd  32.9 yaw 308.1 mode 2 st 0 gl 0 hp 82 frg 1
ARGLOG Joe Rogan t  14.4 pos '291.7 -487.8 -104.0' spd 321.1 yaw 119.6 mode 0 st 0 gl 0 hp 89 frg 0
ARGEVT Carmack pursue
ARGEVT Joe Rogan pursue
ARGEVT Romero engage Carmack
ARGEVT Joe Rogan route 6 start '273.0 -503.0 -104.0' goal '753.0 -887.0 -232.0'
ARGEVT Joe Rogan hazard
ARGEVT Joe Rogan grab weapon_grenadelauncher
ARGLOG Romero t  14.8 pos '339.5 -398.3  12.4' spd 169.9 yaw 136.5 mode 2 st 0 gl 0 hp 100 frg -1
ARGLOG Carmack t  14.9 pos '171.3 -234.3 -296.0' spd 324.3 yaw 276.7 mode 2 st 0 gl 0 hp 46 frg 1
ARGLOG Joe Rogan t  14.9 pos '179.6 -393.6 -104.0' spd 378.0 yaw  96.0 mode 2 st 0 gl 0 hp 87 frg 0
ARGEVT Carmack hazard
ARGLOG Romero t  15.3 pos '285.9 -352.8 -158.3' spd  30.8 yaw 135.5 mode 2 st 0 gl 0 hp 100 frg -1
ARGEVT Carmack retreat
ARGLOG Carmack t  15.4 pos '151.0 -226.2 -296.0' spd 267.7 yaw 268.5 mode 2 st 0 gl 0 hp 22 frg 1
ARGLOG Joe Rogan t  15.4 pos '172.6 -397.0 -104.0' spd 149.2 yaw 101.3 mode 2 st 0 gl 0 hp 87 frg 0
ARGEVT Romero swim
ARGLOG Romero t  15.8 pos '288.2 -368.0 -387.1' spd  43.9 yaw 155.0 mode 2 st 0 gl 0 hp 80 frg -1
ARGLOG Carmack t  15.9 pos ' 30.4 -261.6 -296.0' spd 360.7 yaw 311.1 mode 2 st 0 gl 0 hp 2 frg 1
ARGLOG Joe Rogan t  15.9 pos '154.8 -420.7 -104.0' spd 161.1 yaw 144.0 mode 2 st 0 gl 0 hp 87 frg 0
ARGEVT Joe Rogan pursue
ARGEVT Romero swim
ARGEVT Joe Rogan hazard
ARGUS Joe Rogan hunch item_artifact_super_damage
ARGEVT Romero swim
ARGEVT Carmack pursue
ARGEVT Romero swim
ARGEVT Joe Rogan goal backpack
ARGEVT Carmack hazard
ARGEVT Romero pursue
ARGEVT Joe Rogan route 7 start '145.0 -407.0 -104.0' goal '337.0 -119.0 -296.0'
ARGLOG Romero t  16.3 pos '253.8 -368.0 -383.2' spd  74.2 yaw 153.3 mode 2 st 0 gl 0 hp 40 frg -1
ARGEVT Romero swim
ARGUS Carmack hunch item_artifact_super_damage
ARGLOG Carmack t  16.4 pos '-77.9 -264.1 -296.0' spd  41.3 yaw 165.0 mode 2 st 0 gl 0 hp 2 frg 1
ARGLOG Joe Rogan t  16.4 pos '161.6 -386.6 -104.0' spd 320.5 yaw 350 mode 2 st 0 gl 0 hp 87 frg 0
ARGEVT Romero swim
ARGEVT Carmack pursue
ARGUS routecache adopt
ARGEVT Joe Rogan route 7 start '145.0 -407.0 -104.0' goal '337.0 -119.0 -296.0'
ARGUS Joe Rogan bodyblock
ARGEVT Romero swim
ARGEVT Carmack goal weapon_rocketlauncher
ARGEVT Carmack route 4 start '-79.0 -247.0 -296.0' goal ' 81.0  73.0 -296.0'
ARGEVT Romero swim
ARGEVT Romero swim
ARGLOG Romero t  16.8 pos '209.5 -362.9 -382.9' spd 101.7 yaw 149 mode 2 st 0 gl 0 hp 10 frg -1
ARGUS Carmack wallslide
ARGEVT Romero death world pos '205.2 -362.1 -383.2'
ARGLOG Carmack t  16.9 pos '-112.0 -251.8 -296.0' spd 323.2 yaw 262.1 mode 2 st 0 gl 0 hp 2 frg 1
ARGLOG Joe Rogan t  17.0 pos '324.3 -411.6 -104.0' spd 320.6 yaw 1 mode 2 st 0 gl 0 hp 87 frg 0
ARGEVT Joe Rogan pursue
ARGEVT Joe Rogan pursue
ARGEVT Joe Rogan grab item_health
ARGLOG Carmack t  17.4 pos ' 45.2 -266.5 -296.0' spd  97.8 yaw   7.1 mode 2 st 0 gl 0 hp 2 frg 1
ARGLOG Joe Rogan t  17.5 pos '489.2 -385.3 -104.0' spd 318.0 yaw 117.8 mode 2 st 0 gl 0 hp 87 frg 0
ARGEVT Joe Rogan jump
ARGEVT Joe Rogan weapon sg
ARGLOG Carmack t  17.9 pos '-81.7 -208.0 -296.0' spd 0 yaw 344.0 mode 2 st 0 gl 0 hp 2 frg 1
ARGLOG Joe Rogan t  18.0 pos '612.9 -433.2 -72.3' spd 119.1 yaw 162.0 mode 2 st 0 gl 0 hp 87 frg 0
ARGEVT Carmack hazard
ARGEVT Joe Rogan route 4 start '625.0 -375.0 -104.0' goal '337.0 -119.0 -296.0'
ARGUS routecache adopt
ARGEVT Joe Rogan route 3 start '625.0 -471.0 -136.0' goal '337.0 -119.0 -296.0'
ARGEVT Romero respawn
ARGEVT Romero goal item_armorInv
ARGEVT Romero engage Joe Rogan
ARGUS Romero bodyblock
ARGLOG Romero t  18.4 pos '-63.6 -232.3 -72.0' spd 0 yaw 358.6 mode 0 st 0 gl 0 hp 100 frg -2
ARGEVT Romero route 9 start '-47.0 -247.0 -72.0' goal '817.0 -855.0 -232.0'
ARGEVT Joe Rogan pursue
ARGEVT Carmack pursue
ARGLOG Carmack t  18.5 pos '-89.5 -212.2 -296.0' spd  84.5 yaw 343 mode 2 st 0 gl 0 hp 2 frg 1
ARGLOG Joe Rogan t  18.5 pos '619.4 -436.5 -120.0' spd  85.4 yaw 162 mode 0 st 0 gl 0 hp 85 frg 0
ARGEVT Joe Rogan route 3 start '625.0 -471.0 -136.0' goal '337.0 -119.0 -296.0'
ARGEVT Joe Rogan weapon gl
ARGLOG Romero t  18.9 pos ' 62.3 -229.3 -72.0' spd 254.7 yaw 343.9 mode 2 st 0 gl 0 hp 100 frg -2
ARGLOG Carmack t  19.0 pos ' 26.4 -223.8 -296.0' spd 128.5 yaw 341.7 mode 2 st 0 gl 0 hp 2 frg 1
ARGLOG Joe Rogan t  19.0 pos '498.8 -394.8 -104.0' spd 228.6 yaw 141.3 mode 2 st 0 gl 0 hp 74 frg 0
ARGUS Romero wallslide
ARGLOG Romero t  19.4 pos '151.1 -346.3 -24.0' spd 320.0 yaw   5.1 mode 2 st 0 gl 0 hp 100 frg -2
ARGEVT Joe Rogan weapon sg
ARGEVT Joe Rogan hazard
ARGLOG Carmack t  19.5 pos '-65.4 -147.4 -296.0' spd 326.6 yaw 347.4 mode 2 st 0 gl 0 hp 2 frg 1
ARGLOG Joe Rogan t  19.5 pos '463.9 -274.2 -104.0' spd 117.5 yaw 165.9 mode 2 st 0 gl 0 hp 60 frg 0
ARGEVT Carmack hazard
ARGEVT Romero hazard
ARGEVT Joe Rogan pursue
ARGEVT Carmack pursue
ARGLOG Romero t  19.9 pos '164.4 -341.0 -24.0' spd 321.0 yaw  18.9 mode 2 st 0 gl 0 hp 100 frg -2
ARGLOG Carmack t  20.0 pos '-23.4  -9.4 -296.0' spd 366.8 yaw   7.3 mode 2 st 0 gl 0 hp 2 frg 1
ARGLOG Joe Rogan t  20.0 pos '388.7 -263.8 -123.8' spd 158.8 yaw 169 mode 2 st 0 gl 0 hp 44 frg 0
ARGUS Carmack wallslide
ARGEVT Carmack pursue
ARGEVT Joe Rogan pursue
ARGLOG Romero t  20.4 pos '162.7 -241.3 -72.0' spd 277.4 yaw   2.1 mode 2 st 0 gl 0 hp 100 frg -2
ARGEVT Joe Rogan pursue
ARGEVT Joe Rogan hazard
ARGEVT Carmack goal item_health
ARGEVT Carmack route 9 start ' 81.0  73.0 -296.0' goal '529.0  73.0 -296.0'
ARGLOG Carmack t  20.5 pos ' 88.4  88.7 -296.0' spd 371.6 yaw 317 mode 2 st 0 gl 1 hp 2 frg 1
ARGLOG Joe Rogan t  20.5 pos '321.3 -216.9 -296.0' spd 252.1 yaw 138.8 mode 2 st 0 gl 0 hp 36 frg 0
ARGEVT Carmack hazard
ARGEVT Carmack pursue
ARGUS Joe Rogan bodyblock
ARGLOG Romero t  20.9 pos '166.0 -236.7 -72.0' spd 228.6 yaw  29.3 mode 2 st 0 gl 0 hp 100 frg -2
ARGLOG Carmack t 21 pos ' 46.5  55.0 -296.0' spd 320.0 yaw 189.9 mode 2 st 0 gl 1 hp 2 frg 1
ARGLOG Joe Rogan t  21.0 pos '173.3 -218.8 -296.0' spd 326.2 yaw 166.5 mode 2 st 0 gl 0 hp 36 frg 0
ARGEVT Joe Rogan pursue
ARGEVT Romero hazard
ARGEVT Romero pursue
ARGUS Carmack wallslide
ARGEVT Joe Rogan pursue
ARGUS Romero hunch item_artifact_super_damage
ARGEVT Romero goal item_armorInv
ARGEVT Carmack pursue
ARGEVT Romero route 7 start '145.0 -247.0 -72.0' goal '817.0 -855.0 -232.0'
ARGEVT Romero pursue
ARGEVT Romero pursue
ARGLOG Romero t  21.4 pos '188.5 -287.7 -56.0' spd 322.9 yaw 259.5 mode 2 st 0 gl 0 hp 100 frg -2
ARGLOG Carmack t  21.5 pos '-80.0  39.3 -296.0' spd  12.8 yaw 249.9 mode 2 st 0 gl 1 hp 2 frg 1
ARGLOG Joe Rogan t  21.5 pos '  6.0 -233.8 -296.0' spd 260.1 yaw 124.9 mode 0 st 0 gl 0 hp 36 frg 0
ARGUS Carmack leadclip
ARGEVT Joe Rogan hazard
ARGEVT Joe Rogan route 3 start ' 17.0 -247.0 -296.0' goal '337.0 -119.0 -296.0'
ARGUS Joe Rogan wallslide
ARGEVT Romero pursue
ARGUS routecache adopt
ARGEVT Joe Rogan route 3 start ' 17.0 -247.0 -296.0' goal '337.0 -119.0 -296.0'
ARGLOG Romero t  21.9 pos '112.7 -441.4  24.0' spd 228.7 yaw 131.6 mode 2 st 0 gl 0 hp 100 frg -2
ARGUS Romero wallslide
ARGEVT Joe Rogan death Carmack pos ' 56.7 -208.0 -296.0'
ARGUS Carmack watch spawn
ARGLOG Carmack t  22.0 pos '-174.1  92.8 -296.0' spd 337.7 yaw 186.4 mode 2 st 0 gl 1 hp 2 frg 2
ARGEVT Carmack hazard
ARGEVT Carmack goal item_health
ARGEVT Carmack route 4 start '-207.0  73.0 -296.0' goal '-47.0 585.0 -296.0'
ARGLOG Romero t  22.4 pos '113.7 -328.4 -40.0' spd 323.4 yaw  91.6 mode 2 st 0 gl 0 hp 100 frg -2
ARGLOG Carmack t  22.5 pos '-136.8  48.6 -296.0' spd 321.8 yaw 86 mode 2 st 0 gl 1 hp 2 frg 2
ARGUS Carmack wallslide
ARGEVT Romero hazard
ARGEVT Romero route 8 start ' 49.0 -247.0 -72.0' goal '817.0 -855.0 -232.0'
ARGLOG Romero t  22.9 pos ' 42.9 -211.1 -72.0' spd 197.9 yaw 324 mode 2 st 0 gl 0 hp 100 frg -2
ARGLOG Carmack t  23.0 pos '-16.0   8.7 -296.0' spd 321.1 yaw 275 mode 2 st 0 gl 1 hp 2 frg 2
ARGUS Romero wallslide
ARGEVT Joe Rogan respawn
ARGLOG Romero t  23.5 pos '155.7 -237.1 -72.0' spd 321.5 yaw 331.2 mode 2 st 0 gl 0 hp 100 frg -2
ARGEVT Carmack engage Joe Rogan
ARGEVT Joe Rogan goal weapon_rocketlauncher
ARGEVT Joe Rogan engage Carmack
ARGLOG Joe Rogan t  23.5 pos '-64.0 512.0 -296.0' spd 0 yaw 270.4 mode 0 st 0 gl 0 hp 100 frg 0
ARGEVT Joe Rogan route 20 start '-79.0 553.0 -296.0' goal '753.0 -887.0 -232.0'
ARGLOG Carmack t  23.5 pos '-22.1 -155.0 -296.0' spd 370.1 yaw 340.8 mode 0 st 0 gl 1 hp 2 frg 2
ARGEVT Carmack route 5 start '-47.0 -151.0 -296.0' goal '-47.0 585.0 -296.0'
ARGEVT Romero hazard
ARGEVT Carmack death Joe Rogan pos '-80.6 -248.0 -296.0'
ARGUS Joe Rogan watch spawn
ARGEVT Joe Rogan goal backpack
ARGEVT Joe Rogan route 5 start '-15.0 457.0 -296.0' goal '-79.0 -247.0 -296.0'
ARGLOG Romero t  24.0 pos '134.0 -208.2 -72.0' spd 100.9 yaw  52.5 mode 0 st 0 gl 0 hp 100 frg -2
ARGLOG Joe Rogan t  24.0 pos '-55.2 364.0 -296.0' spd 320.2 yaw 275 mode 2 st 0 gl 0 hp 100 frg 1
ARGEVT Joe Rogan hazard
ARGEVT Romero route 7 start '145.0 -247.0 -72.0' goal '817.0 -855.0 -232.0'
ARGLOG Romero t  24.5 pos '281.7 -213.7 -87.4' spd 391.4 yaw 277 mode 2 st 0 gl 0 hp 100 frg -2
ARGLOG Joe Rogan t  24.5 pos '-105.9 201.4 -296.0' spd 328.5 yaw 283 mode 2 st 0 gl 0 hp 100 frg 1
ARGLOG Joe Rogan t  25.0 pos '-18.8  54.5 -296.0' spd 327.3 yaw 272 mode 2 st 0 gl 0 hp 100 frg 1
ARGLOG Romero t  25.0 pos '265.4 -368.0 -274.3' spd 294.3 yaw 134.0 mode 2 st 0 gl 0 hp 100 frg -2
ARGEVT Romero swim
ARGEVT Romero swim
ARGEVT Carmack respawn
ARGEVT Joe Rogan engage Carmack
ARGEVT Joe Rogan grab 
ARGEVT Carmack goal item_health
ARGEVT Carmack engage Joe Rogan
ARGLOG Carmack t  25.4 pos '-64.0 512.0 -296.0' spd 0 yaw 270.5 mode 1 st 0 gl 1 hp 100 frg 2
ARGEVT Romero swim
ARGLOG Joe Rogan t  25.5 pos '-25.8 -89.5 -296.0' spd 331.0 yaw 150.5 mode 1 st 0 gl 0 hp 100 frg 1
ARGLOG Romero t  25.5 pos '122.7 -355.6 -383.2' spd 269.4 yaw 345 mode 2 st 0 gl 0 hp 70 frg -2
ARGEVT Romero swim
ARGEVT Romero swim
ARGEVT Carmack jump
ARGEVT Romero swim
ARGEVT Romero swim
ARGLOG Carmack t  25.9 pos '-53.0 366.5 -257.9' spd 315.6 yaw 263.6 mode 1 st 0 gl 1 hp 88 frg 2
ARGUS Joe Rogan leadclip
ARGEVT Joe Rogan hazard
ARGEVT Joe Rogan goal item_rockets
ARGEVT Joe Rogan route 5 start '-79.0 -247.0 -296.0' goal '-79.0 553.0 -296.0'
ARGEVT Romero swim
ARGLOG Joe Rogan t  26.0 pos '-71.2 -192.9 -296.0' spd 204.8 yaw  81.9 mode 2 st 0 gl 1 hp 100 frg 1
ARGLOG Romero t  26.0 pos '112.0 -304.0 -383.5' spd 0 yaw 162 mode 2 st 0 gl 0 hp 30 frg -2
ARGEVT Romero swim
ARGEVT Romero swim
ARGEVT Romero swim
ARGLOG Carmack t  26.4 pos '-57.2 284.0 -296.0' spd 153.1 yaw 270.4 mode 1 st 0 gl 1 hp 88 frg 2
ARGEVT Carmack hazard
ARGEVT Romero swim
ARGLOG Joe Rogan t  26.5 pos '-43.0 -172.2 -296.0' spd 124.3 yaw  94.7 mode 2 st 0 gl 1 hp 76 frg 1
ARGLOG Romero t  26.5 pos '112.0 -304.0 -383.8' spd 0 yaw 105.0 mode 2 st 0 gl 0 hp 10 frg -2
ARGEVT Romero swim
ARGEVT Romero death world pos '112.0 -304.0 -383.1'
ARGEVT Joe Rogan grab 
ARGLOG Carmack t  26.9 pos '-85.0 209.8 -296.0' spd 145.6 yaw 276.7 mode 1 st 0 gl 1 hp 88 frg 2
ARGLOG Joe Rogan t  27.0 pos '-19.1 -172.8 -296.0' spd 320.0 yaw 102.0 mode 2 st 0 gl 1 hp 52 frg 1
ARGUS Joe Rogan wallslide
ARGEVT Carmack death Joe Rogan pos '-80.4 143.8 -296.0'
ARGEVT Joe Rogan hazard
ARGEVT Joe Rogan goal backpack
ARGEVT Joe Rogan route 3 start ' 17.0 -247.0 -296.0' goal '-143.0 105.0 -296.0'
ARGLOG Joe Rogan t  27.5 pos '  4.2 -245.3 -296.0' spd 327.6 yaw  65.1 mode 2 st 0 gl 1 hp 52 frg 2
ARGLOG Joe Rogan t  28.0 pos ' 83.1 -208.0 -296.0' spd  37.4 yaw 125 mode 2 st 0 gl 1 hp 52 frg 2
ARGEVT Romero respawn
ARGEVT Romero goal item_armorInv
ARGLOG Romero t  28.1 pos '784.0 -176.0  24.0' spd 0 yaw 184.5 mode 0 st 0 gl 0 hp 100 frg -3
ARGEVT Romero route 5 start '785.0 -183.0  24.0' goal '817.0 -855.0 -232.0'
ARGEVT Joe Rogan hazard
ARGEVT Romero hazard
ARGLOG Joe Rogan t  28.5 pos '102.0 -208.0 -296.0' spd  37.4 yaw 128 mode 2 st 0 gl 1 hp 52 frg 2
ARGLOG Romero t  28.6 pos '679.5 -204.2  24.0' spd  67.7 yaw 304 mode 2 st 0 gl 0 hp 100 frg -3
ARGUS Romero wallslide
ARGEVT Carmack respawn
ARGEVT Carmack goal weapon_rocketlauncher
ARGLOG Carmack t  28.8 pos '112.0 -1136.0 -104.0' spd 0 yaw  40.5 mode 0 st 0 gl 1 hp 100 frg 2
ARGEVT Carmack route 10 start '113.0 -1079.0 -104.0' goal '753.0 -887.0 -232.0'
ARGLOG Joe Rogan t  29.0 pos '120.8 -206.7 -296.0' spd  38.7 yaw 130 mode 2 st 0 gl 1 hp 52 frg 2
ARGLOG Romero t  29.1 pos '847.3 -223.7  24.0' spd 391.4 yaw 285 mode 2 st 0 gl 0 hp 100 frg -3
ARGLOG Carmack t  29.3 pos '162.3 -995.3 -104.0' spd 321.3 yaw 62 mode 2 st 0 gl 1 hp 100 frg 2
ARGEVT Joe Rogan hazard
ARGLOG Joe Rogan t  29.6 pos '140.3 -203.6 -296.0' spd  39.1 yaw 132 mode 2 st 0 gl 1 hp 52 frg 2
ARGLOG Romero t  29.6 pos '874.3 -397.9  24.0' spd 333.5 yaw 243 mode 2 st 0 gl 0 hp 100 frg -3
ARGLOG Carmack t  29.8 pos '156.7 -832.0 -104.0' spd 320.8 yaw 105 mode 2 st 0 gl 1 hp 100 frg 2
ARGEVT Carmack hazard
ARGLOG Joe Rogan t  30.1 pos '158.6 -200.7 -296.0' spd  34.3 yaw 134 mode 2 st 0 gl 1 hp 52 frg 2
ARGLOG Romero t  30.1 pos '918.6 -555.9  24.0' spd 330.7 yaw 269.5 mode 0 st 0 gl 0 hp 100 frg -3
ARGEVT Romero route 3 start '945.0 -599.0  24.0' goal '817.0 -855.0 -232.0'
ARGEVT Romero hazard
ARGLOG Carmack t  30.3 pos '106.4 -753.1 -104.0' spd 216.7 yaw 21 mode 2 st 0 gl 1 hp 100 frg 2
ARGEVT Joe Rogan hazard
ARGEVT Joe Rogan stall
ARGEVT Joe Rogan stallnode '-47.0 -23.0 -296.0'
ARGEVT Joe Rogan jump
ARGEVT Joe Rogan route 4 start '145.0 -247.0 -296.0' goal '-143.0 105.0 -296.0'
ARGLOG Joe Rogan t  30.6 pos '115.7 -217.8 -264.1' spd 232.2 yaw 129 mode 2 st 1 gl 1 hp 52 frg 2
ARGLOG Romero t  30.6 pos '879.4 -592.6  24.0' spd 320.3 yaw 217 mode 2 st 0 gl 0 hp 100 frg -3
ARGLOG Carmack t  30.8 pos '275.8 -771.3 -104.0' spd 405.8 yaw 73 mode 2 st 0 gl 1 hp 100 frg 2
ARGLOG Joe Rogan t  31.1 pos '  8.3 -265.5 -296.0' spd 232.2 yaw 112 mode 2 st 1 gl 1 hp 52 frg 2
ARGLOG Romero t  31.2 pos '752.0 -548.3   6.5' spd  86.8 yaw 287 mode 2 st 0 gl 0 hp 100 frg -3
ARGUS Carmack wallslide
ARGLOG Carmack t  31.3 pos '366.5 -617.7 -104.0' spd 344.4 yaw 74 mode 2 st 0 gl 1 hp 100 frg 2
ARGEVT Joe Rogan hazard
ARGLOG Joe Rogan t  31.6 pos '-72.0 -180.6 -296.0' spd 320.1 yaw 103 mode 2 st 1 gl 1 hp 52 frg 2
ARGLOG Romero t  31.7 pos '785.5 -523.0 -104.0' spd 340.1 yaw 270 mode 2 st 0 gl 0 hp 100 frg -3
ARGLOG Carmack t  31.8 pos '378.3 -452.6 -104.0' spd 348.6 yaw 353 mode 2 st 0 gl 1 hp 100 frg 2
ARGEVT Romero hazard
ARGLOG Joe Rogan t  32.1 pos '-49.2 -18.1 -296.0' spd 356.9 yaw 124 mode 1 st 1 gl 1 hp 52 frg 2
ARGLOG Romero t  32.2 pos '820.1 -616.5 -104.0' spd 366.3 yaw 135.4 mode 2 st 0 gl 0 hp 100 frg -3
ARGLOG Carmack t  32.3 pos '526.0 -362.5 -104.0' spd 332.0 yaw 329 mode 2 st 0 gl 1 hp 100 frg 2
ARGEVT Joe Rogan goal item_health
ARGEVT Joe Rogan route 3 start '-143.0 105.0 -296.0' goal '-47.0 585.0 -296.0'
ARGLOG Joe Rogan t  32.6 pos '-105.8 111.6 -296.0' spd 111.8 yaw 90 mode 2 st 1 gl 2 hp 52 frg 2
ARGLOG Romero t  32.7 pos '781.1 -571.7 -136.0' spd 322.0 yaw 273 mode 2 st 0 gl 0 hp 100 frg -3
ARGEVT Joe Rogan route 4 start '-47.0  73.0 -296.0' goal '-47.0 585.0 -296.0'
ARGEVT Carmack hazard
ARGLOG Carmack t  32.8 pos '674.2 -412.3 -120.0' spd 353.5 yaw 306 mode 2 st 0 gl 1 hp 100 frg 2
ARGEVT Joe Rogan hazard
ARGEVT Joe Rogan route 4 start ' 49.0 105.0 -296.0' goal '-47.0 585.0 -296.0'
ARGEVT Romero hazard
ARGLOG Joe Rogan t  33.1 pos ' 24.2 109.5 -296.0' spd  21.6 yaw 145 mode 2 st 1 gl 2 hp 52 frg 2
ARGLOG Romero t  33.2 pos '772.8 -434.9 -104.0' spd 365.4 yaw 274 mode 2 st 0 gl 0 hp 100 frg -3
ARGLOG Carmack t  33.3 pos '453.7 -240.0 -296.0' spd 300 yaw 316 mode 2 st 0 gl 1 hp 100 frg 2
ARGUS routecache adopt
ARGEVT Joe Rogan route 3 start '-143.0 105.0 -296.0' goal '-47.0 585.0 -296.0'
ARGLOG Joe Rogan t  33.6 pos '-130.2 125.6 -296.0' spd 390.3 yaw 79 mode 2 st 1 gl 2 hp 52 frg 2
ARGLOG Romero t  33.7 pos '795.8 -593.7 -152.0' spd 393.2 yaw 262 mode 2 st 0 gl 0 hp 100 frg -3
ARGUS Romero wallslide
ARGLOG Carmack t  33.8 pos '504.6 -254.8 -296.0' spd 306.4 yaw 312 mode 2 st 0 gl 1 hp 100 frg 2
ARGEVT Joe Rogan hazard
ARGEVT Romero jump
ARGEVT Carmack hazard
ARGEVT Joe Rogan route 4 start '-239.0 105.0 -296.0' goal '-47.0 585.0 -296.0'
ARGUS Carmack wallslide
ARGLOG Joe Rogan t  34.1 pos '-232.0 123.7 -296.0' spd   2.0 yaw 32 mode 2 st 1 gl 2 hp 52 frg 2
ARGLOG Romero t  34.2 pos '815.9 -617.1 -124.7' spd  34.6 yaw 121 mode 2 st 0 gl 0 hp 100 frg -3
ARGLOG Carmack t  34.3 pos '645.0 -251.7 -296.0' spd 148.7 yaw 294 mode 2 st 0 gl 1 hp 100 frg 2
ARGLOG Joe Rogan t  34.6 pos '-114.3 126.2 -296.0' spd 381.7 yaw 81 mode 2 st 1 gl 2 hp 52 frg 2
ARGLOG Romero t  34.7 pos '770.5 -548.8 -120.0' spd 357.9 yaw 278 mode 2 st 0 gl 0 hp 100 frg -3
ARGEVT Romero hazard
ARGLOG Carmack t  34.8 pos '612.8 -272.0 -296.0' spd  37.7 yaw 301 mode 2 st 0 gl 1 hp 100 frg 2
ARGEVT Carmack hazard
ARGUS Romero wallslide
ARGUS Carmack wallslide
ARGLOG Joe Rogan t  35.1 pos '-77.4 287.2 -296.0' spd 323.7 yaw 84 mode 2 st 1 gl 2 hp 52 frg 2
ARGLOG Romero t  35.2 pos '763.8 -553.4 -120.0' spd 367.1 yaw 281 mode 2 st 0 gl 0 hp 100 frg -3
ARGLOG Carmack t  35.3 pos '593.6 -272.0 -296.0' spd  35.7 yaw 303 mode 2 st 0 gl 1 hp 100 frg 2
ARGEVT Joe Rogan hazard
ARGLOG Joe Rogan t  35.6 pos '-52.6 448.0 -296.0' spd 321.3 yaw 79 mode 1 st 1 gl 2 hp 52 frg 2
ARGLOG Romero t  35.7 pos '812.1 -571.1 -136.0' spd 300.3 yaw 254 mode 2 st 0 gl 0 hp 100 frg -3
ARGLOG Carmack t  35.8 pos '575.3 -272.0 -296.0' spd  34.3 yaw 306 mode 2 st 0 gl 1 hp 100 frg 2
ARGEVT Romero hazard
ARGEVT Carmack hazard
ARGEVT Joe Rogan goal item_rockets
ARGUS Carmack wallslide
ARGLOG Joe Rogan t  36.2 pos '-33.7 606.2 -296.0' spd 354.5 yaw 140.0 mode 1 st 1 gl 3 hp 152 frg 2
ARGEVT Joe Rogan goal weapon_lightning
ARGLOG Romero t  36.2 pos '756.3 -478.5 -104.0' spd 226.5 yaw 279 mode 2 st 0 gl 0 hp 100 frg -3
ARGEVT Joe Rogan route 8 start '-47.0 585.0 -296.0' goal '529.0 -311.0 -104.0'
ARGLOG Carmack t  36.3 pos '557.8 -272.0 -296.0' spd  30.7 yaw 308 mode 2 st 0 gl 1 hp 100 frg 2
ARGUS routecache adopt
ARGEVT Joe Rogan route 7 start '-111.0 457.0 -296.0' goal '529.0 -311.0 -104.0'
ARGUS Romero wallslide
ARGLOG Joe Rogan t  36.7 pos '-118.9 493.8 -296.0' spd 363.2 yaw 280 mode 2 st 1 gl 4 hp 152 frg 2
ARGLOG Romero t  36.7 pos '816.0 -621.9 -152.0' spd  93.6 yaw  34.7 mode 2 st 0 gl 0 hp 100 frg -3
ARGEVT Joe Rogan hazard
ARGLOG Carmack t  36.9 pos '542.9 -272.0 -296.0' spd  28.0 yaw 310 mode 2 st 0 gl 1 hp 100 frg 2
ARGEVT Carmack hazard
ARGUS Carmack wallslide
ARGLOG Joe Rogan t  37.2 pos '-42.1 340.0 -296.0' spd 363.3 yaw 269 mode 2 st 1 gl 4 hp 152 frg 2
ARGEVT Romero hazard
ARGLOG Romero t  37.2 pos '774.2 -487.0 -104.0' spd 436.8 yaw 274 mode 2 st 0 gl 0 hp 100 frg -3
ARGLOG Carmack t  37.4 pos '528.3 -272.0 -296.0' spd  27.4 yaw 312 mode 2 st 0 gl 1 hp 100 frg 2
ARGLOG Joe Rogan t  37.7 pos '-89.5 183.8 -296.0' spd 343.3 yaw 278 mode 2 st 1 gl 4 hp 152 frg 2
ARGLOG Romero t  37.7 pos '768.6 -517.8 -104.0' spd 321.3 yaw 277 mode 2 st 0 gl 0 hp 100 frg -3
ARGLOG Carmack t  37.9 pos '514.3 -272.0 -296.0' spd  27.1 yaw 313 mode 2 st 0 gl 1 hp 100 frg 2
ARGEVT Carmack hazard
ARGUS Romero wallslide
ARGUS Carmack wallslide
ARGLOG Joe Rogan t  38.2 pos '-22.2  26.7 -296.0' spd 326.7 yaw 279 mode 2 st 1 gl 4 hp 152 frg 2
ARGLOG Romero t  38.2 pos '815.7 -585.4 -136.0' spd 238.1 yaw 249 mode 2 st 0 gl 0 hp 100 frg -3
ARGLOG Carmack t  38.4 pos '499.9 -272.0 -296.0' spd  28.4 yaw 315 mode 2 st 0 gl 1 hp 100 frg 2
ARGEVT Romero hazard
ARGLOG Joe Rogan t  38.7 pos '-33.7 -137.8 -296.0' spd 345.1 yaw 344 mode 2 st 1 gl 4 hp 152 frg 2
ARGLOG Romero t  38.7 pos '762.9 -446.8 -104.0' spd 242.1 yaw 276 mode 2 st 0 gl 0 hp 100 frg -3
ARGEVT Joe Rogan engage Carmack
ARGLOG Carmack t  38.9 pos '486.1 -272.0 -296.0' spd  28.6 yaw 316 mode 2 st 0 gl 1 hp 100 frg 2
ARGUS routecache adopt
ARGEVT Joe Rogan route 3 start ' 17.0 -247.0 -296.0' goal '529.0 -311.0 -104.0'
ARGEVT Carmack hazard
ARGUS Joe Rogan wallslide
ARGUS Carmack wallslide
ARGUS routecache adopt
ARGEVT Joe Rogan route 4 start '-47.0 -151.0 -296.0' goal '529.0 -311.0 -104.0'
ARGUS Joe Rogan leadclip
ARGLOG Joe Rogan t  39.2 pos '-28.3 -176.7 -296.0' spd 300.8 yaw 345.0 mode 2 st 1 gl 4 hp 96 frg 2
ARGEVT Carmack engage Joe Rogan
ARGEVT Carmack grab weapon_lightning
ARGLOG Romero t  39.2 pos '775.2 -546.7 -120.0' spd 324.8 yaw 275 mode 2 st 0 gl 0 hp 100 frg -3
ARGEVT Joe Rogan route 12 start '-79.0 -247.0 -296.0' goal '529.0 -311.0 -104.0'
ARGLOG Carmack t  39.4 pos '491.1 -257.0 -296.0' spd 216.3 yaw 185.6 mode 2 st 0 gl 1 hp 100 frg 2
ARGUS Romero wallslide
ARGUS routecache adopt
ARGEVT Joe Rogan route 12 start '-79.0 -247.0 -296.0' goal '529.0 -311.0 -104.0'
ARGEVT Joe Rogan hazard
ARGLOG Joe Rogan t  39.7 pos '  5.0 -235.7 -296.0' spd 250.7 yaw 355.8 mode 0 st 1 gl 4 hp 80 frg 2
ARGUS routecache adopt
ARGEVT Joe Rogan route 11 start ' 17.0 -247.0 -296.0' goal '529.0 -311.0 -104.0'
ARGLOG Romero t  39.8 pos '816.0 -556.3 -120.0' spd 125.7 yaw  98.5 mode 2 st 0 gl 0 hp 100 frg -3
ARGLOG Carmack t  39.9 pos '572.5 -256.4 -296.0' spd  71.8 yaw 177.5 mode 2 st 0 gl 1 hp 100 frg 2
ARGEVT Romero hazard
ARGLOG Joe Rogan t  40.2 pos ' 67.4 -237.1 -296.0' spd 228.8 yaw   1.4 mode 2 st 1 gl 4 hp 80 frg 2
ARGLOG Romero t  40.3 pos '772.3 -417.7 -104.0' spd 190.6 yaw 273 mode 2 st 0 gl 0 hp 100 frg -3
ARGLOG Carmack t  40.4 pos '619.9 -136.4 -296.0' spd 321.5 yaw 187.3 mode 2 st 0 gl 1 hp 100 frg 2
ARGEVT Joe Rogan pursue
ARGLOG Joe Rogan t  40.7 pos '155.0 -242.7 -296.0' spd 290.7 yaw 6 mode 2 st 1 gl 4 hp 80 frg 2
ARGUS Joe Rogan prefire
ARGLOG Romero t  40.8 pos '757.9 -534.4 -120.0' spd 379.1 yaw 282 mode 2 st 0 gl 0 hp 100 frg -3
ARGUS Joe Rogan hunch weapon_lightning
ARGUS Carmack wallslide
ARGEVT Joe Rogan goal weapon_lightning
ARGUS Romero wallslide
ARGEVT Joe Rogan route 11 start '145.0 -247.0 -296.0' goal '529.0 -311.0 -104.0'
ARGEVT Joe Rogan pursue
ARGEVT Joe Rogan hazard
ARGEVT Carmack pursue
ARGLOG Carmack t  40.9 pos '594.8 -203.4 -296.0' spd 157.1 yaw 254.6 mode 2 st 0 gl 1 hp 100 frg 2
ARGEVT Carmack hazard
ARGEVT Romero jump
ARGUS Joe Rogan leadclip
ARGLOG Joe Rogan t  41.2 pos '153.7 -236.2 -296.0' spd 183.4 yaw   8.6 mode 2 st 1 gl 4 hp 80 frg 2
ARGEVT Carmack retreat
ARGLOG Romero t  41.3 pos '770.5 -688.0 -128.7' spd  67.2 yaw  24.4 mode 1 st 0 gl 0 hp 100 frg -3
ARGLOG Carmack t  41.4 pos '609.1 -183.0 -296.0' spd 231.0 yaw 184.3 mode 2 st 0 gl 1 hp 20 frg 2
ARGEVT Joe Rogan pursue
ARGEVT Carmack pursue
ARGUS Carmack hunch item_artifact_super_damage
ARGEVT Joe Rogan pursue
ARGEVT Carmack pursue
ARGLOG Joe Rogan t  41.7 pos '235.8 -234.7 -296.0' spd 321.5 yaw 7 mode 2 st 1 gl 4 hp 80 frg 2
ARGLOG Romero t  41.8 pos '794.6 -652.5 -168.0' spd 324.7 yaw 114 mode 1 st 0 gl 0 hp 100 frg -3
ARGEVT Carmack goal weapon_rocketlauncher
ARGEVT Carmack route 11 start '625.0 -119.0 -296.0' goal '753.0 -887.0 -232.0'
ARGEVT Joe Rogan pursue
ARGLOG Carmack t  42.0 pos '653.5 -119.1 -296.0' spd  28.0 yaw 282.6 mode 2 st 0 gl 1 hp 20 frg 2
ARGEVT Romero hazard
ARGEVT Joe Rogan hazard
ARGLOG Joe Rogan t  42.2 pos '395.1 -219.9 -296.0' spd 245.6 yaw   0.0 mode 2 st 1 gl 4 hp 80 frg 2
ARGLOG Romero t  42.3 pos '752.7 -493.7 -104.0' spd 363.1 yaw 157.9 mode 1 st 0 gl 0 hp 100 frg -3
ARGUS Carmack wallslide
ARGLOG Carmack t  42.5 pos '655.7 -171.7 -296.0' spd 170.2 yaw 190.2 mode 2 st 0 gl 1 hp 20 frg 2
ARGEVT Carmack death Joe Rogan pos '654.1 -161.8 -296.0'
ARGUS Joe Rogan watch spawn
ARGEVT Joe Rogan goal weapon_lightning
ARGEVT Joe Rogan route 9 start '369.0 -215.0 -296.0' goal '529.0 -311.0 -104.0'
ARGLOG Joe Rogan t  42.7 pos '392.7 -154.3 -296.0' spd 329.6 yaw 8 mode 2 st 1 gl 4 hp 80 frg 3
ARGLOG Romero t  42.8 pos '763.3 -445.7 -104.0' spd 323.8 yaw 264.5 mode 1 st 0 gl 0 hp 100 frg -3
ARGUS Romero wallslide
ARGEVT Romero hazard
ARGLOG Joe Rogan t  43.3 pos '394.6 -124.2 -296.0' spd 321.0 yaw 1 mode 2 st 1 gl 4 hp 80 frg 3
ARGEVT Joe Rogan hazard
ARGLOG Romero t  43.3 pos '752.1 -571.2 -136.0' spd 126.3 yaw 110.9 mode 1 st 0 gl 0 hp 100 frg -3
ARGLOG Joe Rogan t  43.8 pos '447.2 -269.7 -296.0' spd 376.9 yaw 20 mode 2 st 1 gl 4 hp 80 frg 3
ARGLOG Romero t  43.8 pos '756.1 -445.2 -104.0' spd 412.2 yaw 155.4 mode 1 st 0 gl 0 hp 100 frg -3
ARGEVT Carmack respawn
ARGEVT Carmack goal weapon_rocketlauncher
ARGLOG Carmack t  44.0 pos '784.0 -176.0  24.0' spd 0 yaw 184.5 mode 0 st 0 gl 1 hp 100 frg 2
ARGEVT Carmack route 5 start '785.0 -183.0  24.0' goal '753.0 -887.0 -232.0'
ARGLOG Joe Rogan t  44.3 pos '612.8 -226.7 -296.0' spd 371.1 yaw 257 mode 2 st 1 gl 4 hp 80 frg 3
ARGLOG Romero t  44.3 pos '765.9 -497.3 -104.0' spd 366.7 yaw 232.5 mode 1 st 0 gl 0 hp 100 frg -3
ARGEVT Romero hazard
ARGLOG Carmack t  44.5 pos '644.5 -194.6  24.0' spd 323.1 yaw 307 mode 2 st 0 gl 1 hp 100 frg 2
ARGUS Romero wallslide
ARGLOG Joe Rogan t  44.8 pos '647.6 -52.9 -296.0' spd 410.5 yaw 155.5 mode 2 st 1 gl 4 hp 80 frg 3
ARGLOG Romero t  44.8 pos '752.0 -564.5 -136.0' spd 329.9 yaw 105 mode 1 st 0 gl 0 hp 100 frg -3
ARGUS Joe Rogan wallslide
ARGEVT Joe Rogan hazard
ARGLOG Carmack t  45.0 pos '463.0 -213.1  -3.9' spd 369.5 yaw  72.1 mode 0 st 0 gl 1 hp 100 frg 2
ARGEVT Carmack route 5 start '593.0 -247.0  24.0' goal '753.0 -887.0 -232.0'
ARGLOG Joe Rogan t  45.3 pos '594.8 -60.2 -296.0' spd 327.6 yaw 290 mode 2 st 1 gl 4 hp 80 frg 3
ARGLOG Romero t  45.3 pos '768.6 -420.1 -104.0' spd 326.5 yaw 155.1 mode 1 st 0 gl 0 hp 100 frg -3
ARGEVT Romero hazard
ARGLOG Carmack t  45.5 pos '411.3 -70.6 -211.4' spd  20.0 yaw 306 mode 2 st 0 gl 1 hp 100 frg 2
ARGEVT Carmack hazard
ARGLOG Joe Rogan t  45.8 pos '642.3 -177.0 -296.0' spd 110.3 yaw 256 mode 2 st 1 gl 4 hp 80 frg 3
ARGLOG Romero t  45.8 pos '755.4 -506.9 -104.0' spd 390.1 yaw 206.3 mode 1 st 0 gl 0 hp 100 frg -3
ARGUS Romero wallslide
ARGLOG Carmack t  46.0 pos '414.8 -175.6 -296.0' spd 393.8 yaw 317 mode 2 st 0 gl 1 hp 95 frg 2
ARGLOG Joe Rogan t  46.3 pos '639.5 -19.8 -296.0' spd 320.2 yaw 259 mode 2 st 1 gl 4 hp 80 frg 3
