LOG started on: 09/17/2026 17:12:32 
Playing registered version.
UDP Initialized
WIPX_OpenSocket: Address family not supported by protocol family
WIPX_Init: Unable to open control socket, IPX disabled
Exe: 20:02:47 Jul 31 2024
256.0 megabyte heap

Language initialization
Couldn't load 'localization/loc_english.txt'
from 'C:\argus\engine'

========= Quake Initialized =========

execing autoexec.cfg
SpawnServer: dm4
Clearing memory
Programs occupy 886K.
trying to open external vis file
maps/dm4.vis not found, trying argus.vis
external vis not found
ARGUS slots 8
ARGUS worldspawn reached
ARGNAV 137 nodes, 678 links
0 entities inhibited
ARGUS init on dm4
ARGEVT Carmack spawned
ARGEVT Romero spawned
ARGEVT Joe Rogan spawned
Server spawned.
ARGLOG Joe Rogan t   1.2 pos '-64.0 -232.0 -72.0' spd 0 yaw 357.6 mode 0 st 0 gl 0 hp 100 frg 0
ARGLOG Romero t   1.2 pos '112.0 -1136.0 -104.0' spd 0 yaw  92.5 mode 0 st 0 gl 0 hp 100 frg 0
ARGLOG Carmack t   1.2 pos '-64.0 512.0 -296.0' spd 0 yaw 299.6 mode 0 st 0 gl 0 hp 100 frg 0
ARGEVT Carmack hazard
ARGLOG Joe Rogan t   1.7 pos ' 81.2 -237.1 -72.0' spd 320 yaw 357.6 mode 0 st 0 gl 0 hp 100 frg 0
ARGLOG Romero t   1.7 pos '106.9 -990.8 -104.0' spd 320 yaw  92.5 mode 0 st 0 gl 0 hp 100 frg 0
ARGLOG Carmack t   1.7 pos '  5.0 469.4 -296.0' spd 336.4 yaw  66.4 mode 0 st 0 gl 0 hp 100 frg 0
ARGUS Carmack wallslide
ARGLOG Joe Rogan t   2.2 pos '247.8 -243.2 -78.1' spd 320 yaw 357.6 mode 0 st 0 gl 0 hp 100 frg 0
ARGLOG Romero t   2.2 pos '101.3 -829.0 -104.0' spd 320 yaw  92.5 mode 0 st 0 gl 0 hp 100 frg 0
ARGLOG Carmack t   2.2 pos ' -0.0 452.4 -296.0' spd 258.0 yaw 102.1 mode 0 st 0 gl 0 hp 100 frg 0
ARGLOG Joe Rogan t   2.7 pos '385.2 -252.4 -229.8' spd  54.8 yaw 185.8 mode 0 st 0 gl 0 hp 100 frg 0
ARGLOG Romero t   2.7 pos '149.6 -832.6 -104.0' spd 321.3 yaw 295.7 mode 0 st 0 gl 0 hp 100 frg 0
ARGLOG Carmack t   2.7 pos '-34.9 604.6 -296.0' spd 184.6 yaw 322.2 mode 0 st 0 gl 0 hp 200 frg 0
ARGEVT Carmack hazard
ARGUS Carmack wallslide
ARGEVT Joe Rogan hazard
ARGLOG Joe Rogan t   3.2 pos '352.5 -205.0 -296.0' spd 368.4 yaw 272.8 mode 0 st 0 gl 0 hp 100 frg 0
ARGLOG Romero t   3.2 pos '225.9 -974.5 -104.0' spd 320.0 yaw 295.7 mode 0 st 0 gl 0 hp 100 frg 0
ARGLOG Carmack t   3.2 pos '  8.8 499.6 -296.0' spd 330.7 yaw 296.8 mode 0 st 0 gl 0 hp 200 frg 0
ARGEVT Romero hazard
ARGLOG Joe Rogan t   3.7 pos '333.6 -225.3 -296.0' spd 320.1 yaw 280.8 mode 0 st 0 gl 0 hp 100 frg 0
ARGLOG Romero t   3.7 pos '271.2 -1050.2 -104.0' spd 303.8 yaw  83.6 mode 0 st 0 gl 0 hp 100 frg 0
ARGLOG Carmack t   3.7 pos '-17.9 499.5 -296.0' spd 320.4 yaw 111.4 mode 0 st 0 gl 0 hp 200 frg 0
ARGEVT Joe Rogan goal weapon_rocketlauncher
ARGEVT Romero goal item_armorInv
ARGEVT Carmack goal weapon_lightning
ARGEVT Joe Rogan route 5 start '337.0 -247.0 -296.0' goal ' 81.0  73.0 -296.0'
ARGEVT Carmack hazard
ARGEVT Joe Rogan hazard
ARGLOG Joe Rogan t   4.2 pos '350.4 -211.8 -296.0' spd 210.5 yaw 171 mode 2 st 0 gl 0 hp 100 frg 0
ARGLOG Romero t   4.2 pos '296.2 -886.0 -104.0' spd 392.1 yaw  18.6 mode 0 st 0 gl 0 hp 100 frg 0
ARGLOG Carmack t   4.2 pos '-102.7 618.2 -296.0' spd 190.5 yaw  46.4 mode 0 st 0 gl 0 hp 200 frg 0
ARGEVT Romero route 9 start '273.0 -887.0 -104.0' goal '817.0 -855.0 -232.0'
ARGEVT Joe Rogan route 6 start '369.0 -215.0 -296.0' goal ' 81.0  73.0 -296.0'
ARGEVT Romero hazard
ARGEVT Joe Rogan route 7 start '337.0 -119.0 -296.0' goal ' 81.0  73.0 -296.0'
ARGLOG Joe Rogan t   4.7 pos '343.7 -148.0 -296.0' spd 188.2 yaw 197 mode 2 st 0 gl 0 hp 100 frg 0
ARGLOG Romero t   4.7 pos '353.3 -738.0 -104.0' spd 344.1 yaw 77 mode 2 st 0 gl 0 hp 100 frg 0
ARGLOG Carmack t   4.7 pos '-47.3 547.4 -296.0' spd 377.5 yaw 305 mode 0 st 0 gl 0 hp 200 frg 0
ARGEVT Carmack route 16 start '-79.0 553.0 -296.0' goal '529.0 -311.0 -104.0'
ARGEVT Carmack hazard
ARGEVT Joe Rogan hazard
ARGLOG Joe Rogan t   5.3 pos '341.7 -250.7 -296.0' spd 344.7 yaw 165 mode 2 st 0 gl 0 hp 100 frg 0
ARGLOG Romero t   5.3 pos '339.6 -569.3 -104.0' spd 327.5 yaw 34 mode 2 st 0 gl 0 hp 100 frg 0
ARGLOG Carmack t   5.3 pos '-71.9 389.7 -296.0' spd 339.3 yaw 275 mode 2 st 0 gl 0 hp 200 frg 0
ARGEVT Joe Rogan engage Romero
ARGEVT Romero engage Joe Rogan
ARGEVT Romero grab weapon_lightning
ARGLOG Joe Rogan t   5.8 pos '249.6 -258.2 -296.0' spd 323.2 yaw 179.4 mode 2 st 0 gl 0 hp 100 frg 0
ARGLOG Romero t   5.8 pos '416.7 -419.0 -104.0' spd 344.8 yaw   6.1 mode 2 st 0 gl 0 hp 100 frg 0
ARGLOG Carmack t   5.8 pos '-56.3 233.7 -296.0' spd 331.1 yaw 272 mode 2 st 0 gl 0 hp 200 frg 0
ARGEVT Carmack goal weapon_rocketlauncher
ARGEVT Carmack route 17 start '-47.0  73.0 -296.0' goal '753.0 -887.0 -232.0'
ARGEVT Romero grab item_armor1
ARGLOG Joe Rogan t   6.3 pos '192.2 -246.8 -296.0' spd 201.4 yaw 352.0 mode 2 st 0 gl 0 hp 100 frg 0
ARGLOG Romero t   6.3 pos '523.0 -290.2 -104.0' spd 345.8 yaw 160.1 mode 2 st 0 gl 0 hp 100 frg 0
ARGLOG Carmack t   6.3 pos '-30.5  70.6 -296.0' spd 322.0 yaw 279 mode 2 st 0 gl 0 hp 200 frg 0
ARGEVT Joe Rogan hazard
ARGEVT Joe Rogan pursue
ARGEVT Romero pursue
ARGLOG Joe Rogan t   6.8 pos '256.6 -237.1 -296.0' spd 305.8 yaw 359.8 mode 2 st 0 gl 0 hp 100 frg 0
ARGLOG Romero t   6.8 pos '524.6 -127.5 -104.0' spd 290.7 yaw 201 mode 2 st 0 gl 0 hp 100 frg 0
ARGLOG Carmack t   6.8 pos '-34.9 -93.5 -296.0' spd 321.5 yaw 338 mode 2 st 0 gl 0 hp 200 frg 0
ARGEVT Romero hazard
ARGEVT Carmack engage Joe Rogan
ARGEVT Romero route 6 start '465.0 -151.0 -104.0' goal '817.0 -855.0 -232.0'
ARGLOG Joe Rogan t   7.3 pos '234.7 -237.3 -296.0' spd 175.8 yaw  31.9 mode 2 st 0 gl 0 hp 70 frg 0
ARGLOG Romero t   7.3 pos '478.1 -115.1 -104.0' spd 323.4 yaw 215.8 mode 2 st 0 gl 0 hp 100 frg 0
ARGLOG Carmack t   7.3 pos ' -3.5 -252.3 -296.0' spd 143.7 yaw 354.6 mode 0 st 0 gl 0 hp 200 frg 0
ARGEVT Carmack route 15 start ' 17.0 -247.0 -296.0' goal '753.0 -887.0 -232.0'
ARGEVT Joe Rogan hazard
ARGLOG Joe Rogan t   7.8 pos '257.3 -246.5 -296.0' spd 390.8 yaw 359.2 mode 2 st 0 gl 0 hp 46 frg 0
ARGLOG Romero t   7.8 pos '517.3 -275.9 -104.0' spd 330.2 yaw 180.1 mode 2 st 0 gl 0 hp 100 frg 0
ARGLOG Carmack t   7.8 pos ' 49.7 -239.3 -296.0' spd 167.4 yaw 357.5 mode 2 st 0 gl 0 hp 199 frg 0
ARGEVT Carmack hazard
ARGEVT Romero pursue
ARGEVT Joe Rogan pursue
ARGEVT Joe Rogan retreat
ARGLOG Joe Rogan t   8.3 pos '222.4 -235.6 -296.0' spd 108.6 yaw 349.2 mode 2 st 0 gl 0 hp 22 frg 0
ARGLOG Romero t   8.3 pos '477.5 -196.4 -104.0' spd 327.7 yaw 184.6 mode 2 st 0 gl 0 hp 100 frg 0
ARGLOG Carmack t   8.3 pos ' 93.9 -247.4 -296.0' spd 141.9 yaw 359.9 mode 2 st 0 gl 0 hp 199 frg 0
ARGEVT Romero hazard
ARGEVT Joe Rogan death Romero pos '179.5 -229.1 -296.0'
ARGUS Romero watch spawn
ARGEVT Romero engage Carmack
ARGEVT Carmack engage Romero
ARGUS Carmack wallslide
ARGEVT Romero goal weapon_rocketlauncher
ARGEVT Romero route 8 start '465.0 -151.0 -104.0' goal ' 81.0  73.0 -296.0'
ARGEVT Romero weapon sg
ARGEVT Carmack grab 
ARGEVT Romero weapon lg
ARGLOG Romero t   8.8 pos '474.1 -262.4 -104.0' spd 326.7 yaw 186.6 mode 2 st 0 gl 0 hp 100 frg 1
ARGLOG Carmack t   8.8 pos ' 64.1 -222.1 -296.0' spd 216.5 yaw 352.7 mode 2 st 0 gl 0 hp 198 frg 0
ARGEVT Carmack hazard
ARGLOG Romero t   9.3 pos '435.1 -424.8 -104.0' spd 337.9 yaw 149.6 mode 2 st 0 gl 0 hp 98 frg 1
ARGLOG Carmack t   9.3 pos '206.6 -243.6 -296.0' spd 225.3 yaw 328.9 mode 2 st 0 gl 0 hp 198 frg 0
ARGEVT Romero grab item_cells
ARGEVT Carmack pursue
ARGEVT Romero pursue
ARGUS Carmack hunch item_artifact_super_damage
ARGLOG Romero t   9.9 pos '344.1 -519.5 -104.0' spd 302.7 yaw 116 mode 2 st 0 gl 0 hp 98 frg 1
ARGEVT Carmack pursue
ARGLOG Carmack t   9.9 pos '179.4 -261.6 -296.0' spd 187.7 yaw 200.2 mode 2 st 0 gl 0 hp 197 frg 0
ARGEVT Carmack goal weapon_rocketlauncher
ARGEVT Carmack route 15 start '145.0 -247.0 -296.0' goal '753.0 -887.0 -232.0'
ARGEVT Joe Rogan respawn
ARGEVT Joe Rogan goal weapon_grenadelauncher
ARGLOG Joe Rogan t  10.0 pos '-64.0 512.0 -296.0' spd 0 yaw 275.1 mode 0 st 0 gl 0 hp 100 frg 0
ARGEVT Joe Rogan route 15 start '-79.0 553.0 -296.0' goal '145.0 -407.0 -104.0'
ARGEVT Carmack hazard
ARGUS Romero hunch item_artifact_super_damage
ARGEVT Joe Rogan hazard
ARGLOG Romero t  10.4 pos '282.3 -422.6 -104.0' spd 193.7 yaw  63.3 mode 0 st 0 gl 0 hp 98 frg 1
ARGLOG Carmack t  10.4 pos ' 83.3 -264.9 -296.0' spd 320.0 yaw 315.3 mode 2 st 0 gl 0 hp 197 frg 0
ARGEVT Romero goal weapon_rocketlauncher
ARGEVT Romero route 9 start '273.0 -407.0 -104.0' goal ' 81.0  73.0 -296.0'
ARGLOG Joe Rogan t  10.5 pos '  5.2 409.2 -296.0' spd 214.3 yaw 262 mode 2 st 0 gl 0 hp 100 frg 0
ARGEVT Romero weapon sg
ARGEVT Carmack pursue
ARGEVT Romero pursue
ARGLOG Romero t  10.9 pos '316.4 -547.1 -104.0' spd 162.8 yaw 128 mode 2 st 0 gl 0 hp 98 frg 1
ARGLOG Carmack t  10.9 pos ' 14.4 -248.1 -296.0' spd 300.7 yaw 328 mode 2 st 0 gl 0 hp 196 frg 0
ARGLOG Joe Rogan t  11.1 pos ' 43.6 401.1 -296.0' spd  35.7 yaw 255 mode 2 st 0 gl 0 hp 100 frg 0
ARGEVT Joe Rogan hazard
ARGEVT Romero hazard
ARGLOG Romero t  11.4 pos '240.8 -413.7 -104.0' spd 260.2 yaw 129.7 mode 2 st 0 gl 0 hp 98 frg 1
ARGLOG Carmack t  11.4 pos '177.5 -254.6 -296.0' spd 332.4 yaw 334.0 mode 2 st 0 gl 0 hp 196 frg 0
ARGEVT Carmack hazard
ARGLOG Joe Rogan t  11.6 pos ' 61.7 403.3 -296.0' spd  39.8 yaw 252 mode 2 st 0 gl 0 hp 100 frg 0
ARGEVT Romero grab weapon_grenadelauncher
ARGLOG Romero t  11.9 pos '260.6 -396.5 -104.0' spd 275.8 yaw  98.0 mode 2 st 0 gl 0 hp 98 frg 1
ARGLOG Carmack t  11.9 pos '242.9 -220.3 -296.0' spd 176.6 yaw 280.0 mode 2 st 0 gl 0 hp 195 frg 0
ARGLOG Joe Rogan t  12.1 pos ' 81.2 401.8 -296.0' spd  62.7 yaw 249 mode 2 st 0 gl 0 hp 100 frg 0
ARGEVT Romero route 10 start '145.0 -407.0 -104.0' goal ' 81.0  73.0 -296.0'
ARGEVT Joe Rogan goal weapon_nailgun
ARGEVT Joe Rogan route 9 start ' 81.0 425.0 -296.0' goal '369.0   9.0 -296.0'
ARGEVT Romero hazard
ARGLOG Romero t  12.4 pos '126.3 -392.3 -104.0' spd 120.3 yaw  49.0 mode 2 st 0 gl 0 hp 98 frg 1
ARGLOG Carmack t  12.4 pos '266.4 -215.0 -296.0' spd 364.0 yaw 243.5 mode 2 st 0 gl 0 hp 195 frg 0
ARGLOG Joe Rogan t  12.6 pos ' 11.7 431.7 -296.0' spd 320.1 yaw 168 mode 2 st 0 gl 0 hp 100 frg 0
ARGUS Romero wallslide
ARGEVT Romero route 10 start '145.0 -407.0 -104.0' goal ' 81.0  73.0 -296.0'
ARGLOG Romero t  12.9 pos '161.0 -399.3 -102.6' spd  13.1 yaw  11.1 mode 0 st 0 gl 0 hp 84 frg 1
ARGLOG Carmack t  12.9 pos '385.3 -251.6 -296.0' spd 131.3 yaw 221.8 mode 2 st 0 gl 0 hp 194 frg 0
ARGUS routecache adopt
ARGEVT Romero route 10 start '145.0 -407.0 -104.0' goal ' 81.0  73.0 -296.0'
ARGLOG Joe Rogan t  13.1 pos '-155.8 420.7 -296.0' spd 369.6 yaw 288 mode 2 st 0 gl 0 hp 100 frg 0
ARGEVT Joe Rogan hazard
ARGEVT Carmack hazard
ARGUS routecache adopt
ARGEVT Romero route 10 start '145.0 -407.0 -104.0' goal ' 81.0  73.0 -296.0'
ARGEVT Romero hazard
ARGLOG Romero t  13.4 pos '123.5 -409.0 -104.0' spd 341.2 yaw  20.5 mode 2 st 0 gl 0 hp 68 frg 1
ARGLOG Carmack t  13.4 pos '367.3 -250.5 -296.0' spd 255.7 yaw 222.5 mode 2 st 0 gl 0 hp 194 frg 0
ARGLOG Joe Rogan t  13.6 pos '-225.5 399.4 -296.0' spd 139.2 yaw 299 mode 2 st 0 gl 0 hp 100 frg 0
ARGUS routecache adopt
ARGEVT Romero route 10 start '145.0 -407.0 -104.0' goal ' 81.0  73.0 -296.0'
ARGUS Romero wallslide
ARGUS routecache adopt
ARGEVT Romero route 9 start '273.0 -407.0 -104.0' goal ' 81.0  73.0 -296.0'
ARGEVT Carmack grab weapon_nailgun
ARGLOG Romero t  13.9 pos '256.2 -432.0 -99.4' spd 338.6 yaw  57.2 mode 2 st 0 gl 0 hp 54 frg 1
ARGLOG Carmack t  13.9 pos '382.7 -211.8 -296.0' spd 206.6 yaw 237.7 mode 2 st 0 gl 0 hp 193 frg 0
ARGLOG Joe Rogan t  14.1 pos '-152.7 423.7 -296.0' spd 128.5 yaw 287 mode 2 st 0 gl 0 hp 100 frg 0
ARGEVT Carmack hazard
ARGEVT Romero grab item_health
ARGLOG Romero t  14.4 pos '425.4 -427.4 -104.0' spd 356.3 yaw  64.5 mode 2 st 0 gl 0 hp 54 frg 1
ARGLOG Carmack t  14.4 pos '383.9 -196.7 -296.0' spd 276.2 yaw 277.0 mode 2 st 0 gl 0 hp 193 frg 0
ARGLOG Joe Rogan t  14.6 pos '-86.2 285.1 -296.0' spd 321.5 yaw 303 mode 2 st 0 gl 0 hp 100 frg 0
ARGEVT Romero jump
ARGEVT Romero pursue
ARGEVT Joe Rogan hazard
ARGLOG Romero t  14.9 pos '508.1 -419.1 -61.4' spd  68.6 yaw 119 mode 2 st 0 gl 0 hp 54 frg 1
ARGLOG Carmack t  14.9 pos '490.2 -248.8 -296.0' spd 334.5 yaw 43 mode 2 st 0 gl 0 hp 192 frg 0
ARGEVT Carmack pursue
ARGLOG Joe Rogan t  15.2 pos '-70.9 127.1 -296.0' spd 325.8 yaw 284 mode 2 st 0 gl 0 hp 100 frg 0
ARGEVT Carmack hazard
ARGLOG Romero t  15.5 pos '513.0 -371.5 -104.0' spd 323.0 yaw 126 mode 2 st 0 gl 0 hp 54 frg 1
ARGLOG Carmack t  15.5 pos '644.1 -229.7 -296.0' spd 330.3 yaw 300.1 mode 2 st 0 gl 0 hp 192 frg 0
ARGUS Carmack wallslide
ARGLOG Joe Rogan t  15.7 pos '-64.2 -37.3 -296.0' spd 320.3 yaw 292 mode 2 st 0 gl 0 hp 100 frg 0
ARGEVT Carmack route 12 start '593.0 -215.0 -296.0' goal '753.0 -887.0 -232.0'
ARGEVT Romero hazard
ARGEVT Romero pursue
ARGEVT Romero pursue
ARGLOG Romero t  16.0 pos '477.5 -216.9 -104.0' spd 320.5 yaw  93.7 mode 2 st 0 gl 0 hp 54 frg 1
ARGLOG Carmack t  16.0 pos '494.8 -270.2 -296.0' spd 344.7 yaw 146.2 mode 2 st 0 gl 0 hp 191 frg 0
ARGUS Joe Rogan wallslide
ARGEVT Joe Rogan engage Carmack
ARGLOG Joe Rogan t  16.2 pos '-17.6 -194.4 -296.0' spd 225.4 yaw 350.3 mode 0 st 0 gl 0 hp 100 frg 0
ARGEVT Carmack pursue
ARGEVT Romero pursue
ARGEVT Romero route 8 start '465.0 -151.0 -104.0' goal ' 81.0  73.0 -296.0'
ARGEVT Carmack hazard
ARGLOG Romero t  16.5 pos '499.0 -50.6 -104.0' spd 353.6 yaw 119.5 mode 2 st 0 gl 0 hp 54 frg 1
ARGLOG Carmack t  16.5 pos '373.0 -209.6 -296.0' spd 138.1 yaw  11.4 mode 2 st 0 gl 0 hp 191 frg 0
ARGEVT Joe Rogan route 4 start '-47.0 -151.0 -296.0' goal '369.0   9.0 -296.0'
ARGUS Romero wallslide
ARGLOG Joe Rogan t  16.7 pos '-16.1 -157.0 -296.0' spd 320.3 yaw 354.2 mode 2 st 0 gl 0 hp 100 frg 0
ARGUS Carmack hunch item_artifact_super_damage
ARGEVT Joe Rogan pursue
ARGEVT Carmack pursue
ARGUS Romero hunch item_artifact_super_damage
ARGEVT Romero goal item_armorInv
ARGEVT Carmack goal weapon_rocketlauncher
ARGEVT Romero route 6 start '529.0 -55.0 -104.0' goal '817.0 -855.0 -232.0'
ARGEVT Joe Rogan route 3 start ' 17.0 -247.0 -296.0' goal '369.0   9.0 -296.0'
ARGEVT Romero hazard
ARGLOG Romero t  17.0 pos '454.9 -52.6 -103.6' spd 508.8 yaw 195.2 mode 2 st 0 gl 0 hp 37 frg 1
ARGLOG Carmack t  17.0 pos '432.5 -210.7 -296.0' spd 268.8 yaw 152.2 mode 0 st 0 gl 0 hp 190 frg 0
ARGEVT Romero grab weapon_nailgun
ARGEVT Carmack route 6 start '369.0 -215.0 -296.0' goal ' 81.0  73.0 -296.0'
ARGEVT Joe Rogan route 3 start ' 17.0 -247.0 -296.0' goal '369.0   9.0 -296.0'
ARGLOG Joe Rogan t  17.2 pos ' -2.4 -229.2 -296.0' spd  82.3 yaw   2.7 mode 0 st 0 gl 0 hp 100 frg 0
ARGEVT Carmack route 5 start '337.0 -247.0 -296.0' goal ' 81.0  73.0 -296.0'
ARGEVT Joe Rogan route 3 start ' 17.0 -247.0 -296.0' goal '369.0   9.0 -296.0'
ARGEVT Carmack hazard
ARGLOG Romero t  17.5 pos '346.4 -91.9 -152.3' spd  44.7 yaw 247.3 mode 2 st 0 gl 0 hp 32 frg 1
ARGLOG Carmack t  17.5 pos '318.7 -272.8 -296.0' spd 120.1 yaw  74.5 mode 2 st 0 gl 0 hp 186 frg 0
ARGUS Joe Rogan wallslide
ARGLOG Joe Rogan t  17.7 pos '-34.6 -203.6 -296.0' spd 347.2 yaw 350.9 mode 0 st 0 gl 0 hp 100 frg 0
ARGEVT Carmack route 6 start '369.0 -247.0 -296.0' goal ' 81.0  73.0 -296.0'
ARGEVT Joe Rogan route 4 start '-47.0 -151.0 -296.0' goal '369.0   9.0 -296.0'
ARGEVT Carmack route 7 start '465.0 -247.0 -296.0' goal ' 81.0  73.0 -296.0'
ARGEVT Joe Rogan route 4 start '-47.0 -151.0 -296.0' goal '369.0   9.0 -296.0'
ARGLOG Romero t  18.0 pos '358.2 -46.7 -296.0' spd 307.4 yaw 322.6 mode 2 st 0 gl 0 hp 32 frg 1
ARGLOG Carmack t  18.0 pos '442.7 -226.8 -296.0' spd 327.3 yaw 108.7 mode 0 st 0 gl 0 hp 161 frg 0
ARGEVT Carmack route 7 start '465.0 -247.0 -296.0' goal ' 81.0  73.0 -296.0'
ARGEVT Joe Rogan goal weapon_rocketlauncher
ARGEVT Joe Rogan route 17 start '-47.0 -23.0 -296.0' goal '753.0 -887.0 -232.0'
ARGLOG Joe Rogan t  18.2 pos '-47.1 -69.8 -296.0' spd 367.7 yaw 344.1 mode 2 st 0 gl 0 hp 100 frg 0
ARGEVT Joe Rogan hazard
ARGEVT Romero hazard
ARGLOG Romero t  18.5 pos '369.8  27.6 -288.0' spd 328.0 yaw 242.6 mode 2 st 0 gl 0 hp 32 frg 1
ARGLOG Carmack t  18.5 pos '402.8 -215.3 -215.8' spd 659.1 yaw 117.5 mode 2 st 0 gl 0 hp 56 frg 0
ARGLOG Joe Rogan t  18.7 pos '-16.0 -110.1 -296.0' spd 328.5 yaw 284 mode 2 st 0 gl 0 hp 100 frg 0
ARGEVT Joe Rogan pursue
ARGLOG Romero t  19.0 pos '375.8  36.8 -288.0' spd 332.6 yaw 234.9 mode 2 st 0 gl 0 hp 32 frg 1
ARGLOG Carmack t  19.0 pos '252.3 -206.2 -87.5' spd 113.1 yaw  67.3 mode 2 st 0 gl 0 hp 56 frg 0
ARGUS routecache adopt
ARGEVT Joe Rogan route 15 start ' 17.0 -247.0 -296.0' goal '753.0 -887.0 -232.0'
ARGEVT Romero route 15 start '369.0  73.0 -288.0' goal '817.0 -855.0 -232.0'
ARGLOG Joe Rogan t  19.3 pos ' 31.0 -260.2 -296.0' spd 156.5 yaw   4.3 mode 2 st 0 gl 0 hp 100 frg 0
ARGLOG Romero t  19.5 pos '358.1  41.7 -288.0' spd 252.5 yaw 238.2 mode 2 st 0 gl 0 hp 32 frg 1
ARGLOG Carmack t  19.5 pos '212.0 -247.3 -167.0' spd  93.2 yaw  59.1 mode 2 st 0 gl 0 hp 56 frg 0
ARGEVT Joe Rogan route 15 start ' 17.0 -247.0 -296.0' goal '753.0 -887.0 -232.0'
ARGEVT Carmack retreat
ARGEVT Romero retreat
ARGLOG Joe Rogan t  19.8 pos '-22.7 -224.3 -296.0' spd 302.3 yaw 355.4 mode 0 st 0 gl 0 hp 100 frg 0
ARGEVT Romero hazard
ARGEVT Carmack death Romero pos '208.5 -258.0 -292.8'
ARGUS Romero watch spawn
ARGUS routecache adopt
ARGEVT Joe Rogan route 15 start ' 17.0 -247.0 -296.0' goal '753.0 -887.0 -232.0'
ARGEVT Joe Rogan hazard
ARGEVT Romero goal item_health
ARGEVT Romero route 5 start '369.0  73.0 -288.0' goal '529.0  73.0 -296.0'
ARGLOG Romero t  20.1 pos '369.0 104.7 -288.0' spd  80.7 yaw 339.7 mode 2 st 0 gl 0 hp 16 frg 2
ARGEVT Joe Rogan route 16 start '-47.0 -151.0 -296.0' goal '753.0 -887.0 -232.0'
ARGUS Joe Rogan wallslide
ARGUS routecache adopt
ARGEVT Joe Rogan route 15 start ' 17.0 -247.0 -296.0' goal '753.0 -887.0 -232.0'
ARGLOG Joe Rogan t  20.3 pos '-16.0 -207.1 -296.0' spd  86.6 yaw 348 mode 0 st 0 gl 0 hp 100 frg 0
ARGUS routecache adopt
ARGEVT Joe Rogan route 15 start ' 17.0 -247.0 -296.0' goal '753.0 -887.0 -232.0'
ARGEVT Joe Rogan engage Romero
ARGEVT Romero engage Joe Rogan
ARGLOG Romero t  20.6 pos '372.0 -15.9 -296.0' spd  96.1 yaw 243.7 mode 2 st 0 gl 0 hp 16 frg 2
ARGLOG Joe Rogan t  20.8 pos '126.5 -261.9 -296.0' spd 217.5 yaw  43.9 mode 2 st 0 gl 0 hp 100 frg 0
ARGUS Romero wallslide
ARGEVT Romero hazard
ARGEVT Joe Rogan grab 
ARGLOG Romero t  21.1 pos '357.9 102.6 -288.0' spd 192.3 yaw 258.2 mode 2 st 0 gl 0 hp 2 frg 2
ARGEVT Joe Rogan hazard
ARGLOG Joe Rogan t  21.3 pos '205.8 -227.4 -296.0' spd 113.9 yaw  60.4 mode 2 st 0 gl 0 hp 100 frg 0
ARGEVT Romero pursue
ARGEVT Carmack respawn
ARGEVT Carmack goal weapon_rocketlauncher
ARGLOG Carmack t  21.3 pos '112.0 -1136.0 -104.0' spd 0 yaw  50.1 mode 0 st 0 gl 0 hp 100 frg 0
ARGEVT Carmack route 13 start '113.0 -1079.0 -104.0' goal ' 81.0  73.0 -296.0'
ARGLOG Romero t  21.6 pos '347.0  64.3 -288.0' spd 132.6 yaw 219.4 mode 2 st 0 gl 0 hp 2 frg 2
ARGEVT Romero pursue
ARGEVT Joe Rogan pursue
ARGLOG Joe Rogan t  21.8 pos '102.2 -233.0 -296.0' spd 193.5 yaw 46 mode 2 st 0 gl 0 hp 100 frg 0
ARGEVT Romero weapon ng
ARGLOG Carmack t  21.9 pos '145.6 -988.7 -104.0' spd 322.3 yaw 59 mode 2 st 0 gl 0 hp 100 frg 0
ARGEVT Romero death Joe Rogan pos '358.8 -21.2 -296.0'
ARGUS Joe Rogan watch spawn
ARGEVT Joe Rogan goal backpack
ARGEVT Joe Rogan hazard
ARGEVT Joe Rogan death Romero pos '237.9 -214.6 -296.0'
ARGLOG Carmack t  22.4 pos '175.8 -824.5 -104.0' spd 330.3 yaw 108 mode 2 st 0 gl 0 hp 100 frg 0
ARGEVT Carmack hazard
ARGUS Carmack wallslide
ARGLOG Carmack t  22.9 pos '140.4 -752.2 -104.0' spd 286.1 yaw 43 mode 2 st 0 gl 0 hp 100 frg 0
ARGLOG Carmack t  23.4 pos '336.2 -738.0 -104.0' spd 407.8 yaw 75 mode 2 st 0 gl 0 hp 100 frg 0
ARGEVT Romero respawn
ARGEVT Romero goal item_armorInv
ARGLOG Romero t  23.5 pos '-64.0 512.0 -296.0' spd 0 yaw 274.8 mode 0 st 0 gl 0 hp 100 frg 3
ARGEVT Romero route 20 start '-79.0 553.0 -296.0' goal '817.0 -855.0 -232.0'
ARGEVT Joe Rogan respawn
ARGEVT Joe Rogan goal weapon_rocketlauncher
ARGLOG Joe Rogan t  23.8 pos '776.0 -808.0 -232.0' spd 0 yaw  95.1 mode 1 st 0 gl 0 hp 100 frg 1
ARGEVT Romero hazard
ARGLOG Carmack t  23.9 pos '347.4 -563.9 -104.0' spd 327.5 yaw 54 mode 2 st 0 gl 0 hp 100 frg 0
ARGLOG Romero t  24.0 pos ' -6.2 413.3 -296.0' spd 202.5 yaw 264 mode 2 st 0 gl 0 hp 100 frg 3
ARGEVT Joe Rogan hazard
ARGUS Joe Rogan wallslide
ARGLOG Joe Rogan t  24.3 pos '726.2 -742.8 -216.0' spd 341.2 yaw 260.2 mode 1 st 0 gl 0 hp 100 frg 1
ARGUS Carmack wallslide
ARGLOG Carmack t  24.4 pos '432.7 -429.8 -104.0' spd 191.5 yaw 348 mode 2 st 0 gl 0 hp 100 frg 0
ARGLOG Romero t  24.5 pos ' 29.7 408.7 -296.0' spd  47.8 yaw 258 mode 2 st 0 gl 0 hp 100 frg 3
ARGEVT Joe Rogan goal backpack
ARGEVT Joe Rogan route 5 start '753.0 -887.0 -232.0' goal '145.0 -247.0 -296.0'
ARGUS routecache adopt
ARGEVT Joe Rogan route 5 start '753.0 -887.0 -232.0' goal '145.0 -247.0 -296.0'
ARGLOG Joe Rogan t  24.8 pos '368.0  51.2 -261.2' spd 300 yaw 223.4 mode 0 st 0 gl 1 hp 100 frg 1
ARGEVT Romero hazard
ARGLOG Carmack t  24.9 pos '589.3 -367.1 -104.0' spd 320.2 yaw 353.6 mode 2 st 0 gl 0 hp 100 frg 0
ARGUS routecache adopt
ARGEVT Joe Rogan route 3 start '369.0   9.0 -296.0' goal '145.0 -247.0 -296.0'
ARGLOG Romero t  25.0 pos ' 52.8 406.7 -296.0' spd  43.6 yaw 254 mode 2 st 0 gl 0 hp 100 frg 3
ARGEVT Carmack hazard
ARGLOG Joe Rogan t  25.3 pos '368.0 -32.8 -296.0' spd 300 yaw 262 mode 2 st 0 gl 1 hp 100 frg 1
ARGUS Carmack wallslide
ARGLOG Carmack t  25.4 pos '627.2 -275.0 -104.0' spd 187.2 yaw 129 mode 2 st 0 gl 0 hp 100 frg 0
ARGLOG Romero t  25.6 pos ' 74.8 404.8 -296.0' spd  62.3 yaw 258.4 mode 2 st 0 gl 0 hp 100 frg 3
ARGLOG Joe Rogan t  25.8 pos '368.6 -137.3 -296.0' spd 326.2 yaw 207 mode 2 st 0 gl 1 hp 100 frg 1
ARGEVT Romero hazard
ARGLOG Carmack t  26.0 pos '516.0 -158.9 -104.0' spd 320.3 yaw 126 mode 2 st 0 gl 0 hp 100 frg 0
ARGLOG Romero t  26.1 pos ' 94.8 390.3 -296.0' spd 170.7 yaw 228.1 mode 2 st 0 gl 0 hp 100 frg 3
ARGEVT Carmack route 8 start '465.0 -151.0 -104.0' goal ' 81.0  73.0 -296.0'
ARGEVT Joe Rogan hazard
ARGEVT Joe Rogan engage Carmack
ARGUS Joe Rogan leadclip
ARGEVT Carmack engage Joe Rogan
ARGEVT Carmack hazard
ARGLOG Joe Rogan t  26.3 pos '284.6 -260.7 -296.0' spd 320.3 yaw  59.4 mode 1 st 0 gl 1 hp 100 frg 1
ARGEVT Joe Rogan goal backpack
ARGLOG Carmack t  26.5 pos '504.0 -157.0 -104.0' spd 327.1 yaw 208.1 mode 2 st 0 gl 0 hp 100 frg 0
ARGLOG Romero t  26.6 pos '103.3 393.5 -296.0' spd  84.4 yaw 245 mode 2 st 0 gl 0 hp 100 frg 3
ARGEVT Joe Rogan goal weapon_lightning
ARGEVT Joe Rogan route 3 start '145.0 -247.0 -296.0' goal '529.0 -311.0 -104.0'
ARGLOG Joe Rogan t  26.8 pos '177.3 -248.0 -296.0' spd 147.3 yaw   0.7 mode 2 st 0 gl 3 hp 100 frg 1
ARGEVT Romero hazard
ARGLOG Carmack t  27.0 pos '524.9 -322.0 -104.0' spd 330.7 yaw 172.1 mode 2 st 0 gl 0 hp 100 frg 0
ARGLOG Romero t  27.1 pos ' 17.6 420.5 -296.0' spd 277.5 yaw 260 mode 2 st 0 gl 0 hp 100 frg 3
ARGEVT Joe Rogan hazard
ARGEVT Carmack hazard
ARGLOG Joe Rogan t  27.3 pos '213.0 -221.8 -296.0' spd 253.5 yaw 326.7 mode 2 st 0 gl 3 hp 100 frg 1
ARGEVT Joe Rogan pursue
ARGEVT Carmack pursue
ARGLOG Carmack t  27.5 pos '508.4 -399.8 -104.0' spd 322.4 yaw 149.6 mode 2 st 0 gl 0 hp 100 frg 0
ARGLOG Romero t  27.6 pos '-81.4 333.2 -296.0' spd 363.3 yaw 298 mode 2 st 0 gl 0 hp 100 frg 3
ARGLOG Joe Rogan t  27.9 pos '274.7 -267.2 -296.0' spd  68.4 yaw  21.9 mode 2 st 0 gl 3 hp 99 frg 1
ARGLOG Carmack t  28.0 pos '462.5 -236.7 -104.0' spd 320.1 yaw 181.4 mode 2 st 0 gl 0 hp 100 frg 0
ARGEVT Romero hazard
ARGLOG Romero t  28.1 pos '-61.7 182.0 -296.0' spd 314.2 yaw 281.1 mode 2 st 0 gl 0 hp 100 frg 3
ARGEVT Carmack grab item_armor1
ARGEVT Joe Rogan hazard
ARGLOG Joe Rogan t  28.4 pos '149.6 -237.5 -296.0' spd 205.2 yaw  23.4 mode 2 st 0 gl 3 hp 95 frg 1
ARGUS Joe Rogan leadclip
ARGLOG Carmack t  28.5 pos '474.9 -150.3 -104.0' spd 323.2 yaw 193.8 mode 0 st 0 gl 0 hp 100 frg 0
ARGEVT Carmack route 8 start '465.0 -151.0 -104.0' goal ' 81.0  73.0 -296.0'
ARGLOG Romero t  28.6 pos '-48.2  33.8 -296.0' spd 365.0 yaw 340.1 mode 2 st 0 gl 0 hp 100 frg 3
ARGLOG Joe Rogan t  28.9 pos '169.6 -249.4 -296.0' spd 220.0 yaw  29.0 mode 2 st 0 gl 3 hp 92 frg 1
ARGLOG Carmack t  29.0 pos '492.2 -116.8 -104.0' spd 325.8 yaw 204.0 mode 2 st 0 gl 0 hp 100 frg 0
ARGLOG Romero t  29.1 pos '-31.7 -124.7 -296.0' spd 323.1 yaw 342 mode 2 st 0 gl 0 hp 100 frg 3
ARGEVT Romero engage Joe Rogan
ARGEVT Joe Rogan hazard
ARGLOG Joe Rogan t  29.4 pos '218.0 -236.5 -296.0' spd 190.9 yaw  20.8 mode 2 st 0 gl 3 hp 90 frg 1
ARGEVT Romero route 15 start ' 17.0 -247.0 -296.0' goal '817.0 -855.0 -232.0'
ARGLOG Carmack t  29.5 pos '500.2 -115.9 -104.0' spd 182.3 yaw 205.0 mode 2 st 0 gl 0 hp 100 frg 0
ARGUS routecache adopt
ARGEVT Romero route 15 start ' 17.0 -247.0 -296.0' goal '817.0 -855.0 -232.0'
ARGLOG Romero t  29.6 pos ' -2.1 -240.8 -296.0' spd 239.0 yaw 354.5 mode 2 st 0 gl 0 hp 100 frg 3
ARGLOG Joe Rogan t  29.9 pos '240.8 -258.8 -296.0' spd 206.4 yaw  12.5 mode 2 st 0 gl 3 hp 86 frg 1
ARGEVT Joe Rogan pursue
ARGEVT Carmack pursue
ARGLOG Carmack t  30.0 pos '542.8 -237.6 -104.0' spd 332.7 yaw 185 mode 2 st 0 gl 0 hp 100 frg 0
ARGLOG Romero t  30.1 pos ' 53.4 -243.9 -296.0' spd 151.9 yaw   6.9 mode 2 st 0 gl 0 hp 100 frg 3
ARGEVT Romero hazard
ARGEVT Joe Rogan hazard
ARGLOG Joe Rogan t  30.4 pos '265.9 -233.3 -296.0' spd 145.1 yaw 302.0 mode 2 st 0 gl 3 hp 82 frg 1
ARGUS Joe Rogan leadclip
ARGLOG Carmack t  30.6 pos '420.4 -355.8 -104.0' spd 321.1 yaw 151.7 mode 2 st 0 gl 0 hp 100 frg 0
ARGLOG Romero t  30.7 pos ' 91.1 -226.4 -296.0' spd 216.2 yaw 348.1 mode 2 st 0 gl 0 hp 100 frg 3
ARGUS Romero wallslide
ARGLOG Joe Rogan t  30.9 pos '159.8 -246.4 -296.0' spd 295.8 yaw 336.5 mode 2 st 0 gl 3 hp 74 frg 1
ARGUS routecache adopt
ARGEVT Romero route 15 start ' 17.0 -247.0 -296.0' goal '817.0 -855.0 -232.0'
ARGLOG Carmack t  31.1 pos '497.5 -361.2 -15.5' spd 138.2 yaw 157.6 mode 2 st 0 gl 0 hp 42 frg 0
ARGLOG Romero t  31.2 pos '-23.1 -249.4 -296.0' spd 199.2 yaw   8.2 mode 0 st 0 gl 0 hp 100 frg 3
ARGEVT Carmack grab item_health
ARGUS routecache adopt
ARGEVT Romero route 15 start ' 17.0 -247.0 -296.0' goal '817.0 -855.0 -232.0'
ARGEVT Joe Rogan hazard
ARGLOG Joe Rogan t  31.4 pos '106.1 -262.9 -296.0' spd 366.5 yaw 353.7 mode 2 st 0 gl 3 hp 74 frg 1
ARGEVT Romero route 16 start '-47.0 -151.0 -296.0' goal '817.0 -855.0 -232.0'
ARGLOG Carmack t  31.6 pos '516.6 -363.3  24.0' spd 308.1 yaw 166.4 mode 2 st 0 gl 0 hp 42 frg 0
ARGLOG Romero t  31.7 pos '-72.7 -204.2 -296.0' spd 347.5 yaw 336.1 mode 0 st 0 gl 0 hp 100 frg 3
ARGEVT Romero route 16 start '-79.0 -247.0 -296.0' goal '817.0 -855.0 -232.0'
ARGUS routecache adopt
ARGEVT Romero route 16 start '-79.0 -247.0 -296.0' goal '817.0 -855.0 -232.0'
ARGEVT Romero hazard
ARGLOG Joe Rogan t  31.9 pos '130.2 -217.9 -296.0' spd 263.4 yaw 319.0 mode 2 st 0 gl 3 hp 71 frg 1
ARGUS routecache adopt
ARGEVT Romero route 16 start '-79.0 -247.0 -296.0' goal '817.0 -855.0 -232.0'
ARGLOG Carmack t  32.1 pos '487.6 -404.7  24.0' spd 326.8 yaw 150.5 mode 2 st 0 gl 0 hp 67 frg 0
ARGUS Romero wallslide
ARGLOG Romero t  32.2 pos '-80.1 -208.0 -296.0' spd 120.7 yaw 352.0 mode 0 st 0 gl 0 hp 100 frg 3
ARGUS routecache adopt
ARGEVT Romero route 16 start '-79.0 -247.0 -296.0' goal '817.0 -855.0 -232.0'
ARGLOG Joe Rogan t  32.5 pos ' 65.2 -245.3 -296.0' spd 316.1 yaw   1.4 mode 2 st 0 gl 3 hp 71 frg 1
ARGUS Joe Rogan leadclip
ARGEVT Romero route 16 start '-47.0 -151.0 -296.0' goal '817.0 -855.0 -232.0'
ARGEVT Joe Rogan hazard
ARGLOG Carmack t  32.6 pos '507.0 -236.8 -54.0' spd 320.3 yaw 176.2 mode 2 st 0 gl 0 hp 67 frg 0
ARGEVT Carmack death Joe Rogan pos '509.3 -217.1 -77.5'
ARGUS Joe Rogan watch spawn
ARGLOG Romero t  32.7 pos '-62.5 -121.3 -296.0' spd 319.2 yaw 312.5 mode 2 st 0 gl 0 hp 100 frg 3
ARGEVT Joe Rogan goal weapon_lightning
ARGEVT Joe Rogan engage Romero
ARGEVT Joe Rogan weapon ng
ARGEVT Joe Rogan route 3 start ' 17.0 -247.0 -296.0' goal '529.0 -311.0 -104.0'
ARGUS Joe Rogan wallslide
ARGLOG Joe Rogan t  33.0 pos '  8.9 -270.1 -296.0' spd  43.3 yaw 142.4 mode 2 st 0 gl 3 hp 67 frg 2
ARGEVT Romero route 16 start '-79.0 -247.0 -296.0' goal '817.0 -855.0 -232.0'
ARGLOG Romero t  33.2 pos '-74.8 -194.2 -296.0' spd 186.2 yaw 331.8 mode 0 st 0 gl 0 hp 91 frg 3
ARGEVT Romero route 16 start '-47.0 -151.0 -296.0' goal '817.0 -855.0 -232.0'
ARGLOG Joe Rogan t  33.5 pos ' 57.0 -237.2 -296.0' spd 282.8 yaw 124.7 mode 2 st 0 gl 3 hp 67 frg 2
ARGLOG Romero t  33.7 pos '-67.6 -150.8 -296.0' spd 115.0 yaw 294.8 mode 2 st 0 gl 0 hp 73 frg 3
ARGEVT Romero hazard
ARGEVT Joe Rogan route 11 start ' 17.0 -247.0 -296.0' goal '529.0 -311.0 -104.0'
ARGUS Joe Rogan wallslide
ARGEVT Joe Rogan route 12 start '-79.0 -247.0 -296.0' goal '529.0 -311.0 -104.0'
ARGLOG Joe Rogan t  34.0 pos '-74.4 -271.0 -296.0' spd 300.2 yaw  93.5 mode 2 st 0 gl 3 hp 63 frg 2
ARGUS routecache adopt
ARGEVT Joe Rogan route 12 start '-79.0 -247.0 -296.0' goal '529.0 -311.0 -104.0'
ARGEVT Carmack respawn
ARGEVT Carmack goal weapon_rocketlauncher
ARGLOG Carmack t  34.2 pos '784.0 -176.0  24.0' spd 0 yaw 174.9 mode 0 st 0 gl 0 hp 100 frg 0
ARGEVT Carmack route 10 start '785.0 -183.0  24.0' goal ' 81.0  73.0 -296.0'
ARGLOG Romero t  34.2 pos '-32.8 -102.9 -296.0' spd 163.8 yaw 256.8 mode 2 st 0 gl 0 hp 64 frg 3
ARGEVT Joe Rogan route 11 start ' 17.0 -247.0 -296.0' goal '529.0 -311.0 -104.0'
ARGEVT Joe Rogan weapon rl
ARGUS Joe Rogan leadclip
ARGLOG Joe Rogan t  34.5 pos ' 19.9 -263.5 -296.0' spd 333.5 yaw 107.5 mode 0 st 0 gl 3 hp 63 frg 2
ARGEVT Joe Rogan weapon ng
ARGUS routecache adopt
ARGEVT Joe Rogan route 11 start ' 17.0 -247.0 -296.0' goal '529.0 -311.0 -104.0'
ARGEVT Carmack engage Joe Rogan
ARGEVT Carmack grab 
ARGEVT Joe Rogan hazard
ARGLOG Carmack t  34.7 pos '635.2 -201.6  24.0' spd 321.1 yaw 202.9 mode 2 st 0 gl 0 hp 100 frg 0
ARGLOG Romero t  34.7 pos '-60.5 -133.9 -296.0' spd 320.7 yaw 310.8 mode 2 st 0 gl 0 hp 64 frg 3
ARGUS Romero wallslide
ARGLOG Joe Rogan t  35.0 pos ' 54.8 -246.4 -296.0' spd 256.5 yaw 168.1 mode 2 st 0 gl 3 hp 48 frg 2
ARGEVT Romero route 16 start '-79.0 -247.0 -296.0' goal '817.0 -855.0 -232.0'
ARGLOG Carmack t  35.2 pos '550.0 -253.0  -5.7' spd  46.6 yaw 181.0 mode 2 st 0 gl 0 hp 100 frg 0
ARGLOG Romero t  35.3 pos '-86.0 -246.5 -296.0' spd 198.4 yaw 359.3 mode 0 st 0 gl 0 hp 46 frg 3
ARGUS routecache adopt
ARGEVT Romero route 16 start '-79.0 -247.0 -296.0' goal '817.0 -855.0 -232.0'
ARGEVT Joe Rogan retreat
ARGLOG Joe Rogan t  35.5 pos ' 41.6 -260.0 -296.0' spd 282.8 yaw 135.3 mode 2 st 0 gl 3 hp 32 frg 2
ARGEVT Romero route 16 start '-47.0 -151.0 -296.0' goal '817.0 -855.0 -232.0'
ARGLOG Carmack t  35.7 pos '535.4 -192.4 -104.0' spd 320.2 yaw 185.4 mode 2 st 0 gl 0 hp 100 frg 0
ARGLOG Romero t  35.8 pos '-38.2 -118.0 -296.0' spd 110.2 yaw 303.8 mode 2 st 0 gl 0 hp 46 frg 3
ARGEVT Joe Rogan weapon rl
ARGUS Romero wallslide
ARGLOG Joe Rogan t  36.0 pos '154.7 -232.1 -296.0' spd 179.6 yaw 176.6 mode 2 st 0 gl 3 hp 12 frg 2
ARGEVT Romero death Joe Rogan pos '-80.9 -226.0 -296.0'
ARGEVT Joe Rogan engage Carmack
ARGEVT Joe Rogan hazard
ARGEVT Joe Rogan goal item_health
ARGEVT Joe Rogan route 14 start '145.0 -247.0 -296.0' goal '-207.0 -471.0 -72.0'
ARGLOG Carmack t  36.2 pos '481.1 -52.5 -104.0' spd  30.7 yaw 211.0 mode 2 st 0 gl 0 hp 100 frg 0
ARGUS Joe Rogan leadclip
ARGLOG Joe Rogan t  36.5 pos '266.8 -255.1 -296.0' spd 194.2 yaw  28.2 mode 2 st 0 gl 3 hp 12 frg 3
ARGEVT Carmack grab weapon_lightning
ARGLOG Carmack t  36.8 pos '535.3 -191.4 -104.0' spd 330.5 yaw 193.8 mode 2 st 0 gl 0 hp 100 frg 0
ARGEVT Joe Rogan pursue
ARGEVT Carmack pursue
ARGLOG Joe Rogan t  37.1 pos '356.1 -243.8 -296.0' spd 356.6 yaw 41 mode 2 st 0 gl 3 hp 12 frg 3
ARGEVT Carmack hazard
ARGUS Carmack hunch item_artifact_super_damage
ARGEVT Joe Rogan hazard
ARGUS Joe Rogan hunch item_artifact_super_damage
ARGEVT Carmack goal weapon_rocketlauncher
ARGLOG Carmack t  37.3 pos '478.8 -308.7 -104.0' spd  89.5 yaw  56.0 mode 0 st 0 gl 0 hp 100 frg 0
ARGEVT Carmack route 8 start '465.0 -279.0 -104.0' goal ' 81.0  73.0 -296.0'
ARGEVT Carmack pursue
ARGEVT Joe Rogan goal item_health
ARGEVT Joe Rogan route 3 start '369.0 -215.0 -296.0' goal '529.0  73.0 -296.0'
ARGEVT Joe Rogan pursue
ARGLOG Joe Rogan t  37.6 pos '345.5 -251.6 -296.0' spd 298.5 yaw 276.2 mode 2 st 0 gl 3 hp 12 frg 3
ARGEVT Romero respawn
ARGEVT Romero goal item_armorInv
ARGLOG Romero t  37.7 pos '112.0 -1136.0 -104.0' spd 0 yaw  39.9 mode 0 st 0 gl 0 hp 100 frg 3
ARGEVT Romero route 10 start '113.0 -1079.0 -104.0' goal '817.0 -855.0 -232.0'
ARGLOG Carmack t  37.8 pos '552.8 -165.6 -104.0' spd 414.5 yaw 145.2 mode 2 st 0 gl 0 hp 100 frg 0
ARGEVT Romero engage Carmack
ARGEVT Romero grab weapon_supershotgun
ARGEVT Joe Rogan pursue
ARGEVT Carmack route 8 start '561.0 -87.0 -104.0' goal ' 81.0  73.0 -296.0'
ARGEVT Joe Rogan pursue
ARGLOG Joe Rogan t  38.1 pos '402.1 -206.6 -296.0' spd 176.1 yaw 344.8 mode 2 st 0 gl 3 hp 12 frg 3
ARGEVT Joe Rogan hazard
ARGLOG Romero t  38.2 pos '237.2 -1050.9 -104.0' spd 325.3 yaw  76.6 mode 2 st 0 gl 0 hp 100 frg 3
ARGUS Carmack bodyblock
ARGLOG Carmack t  38.3 pos '458.0 -181.1 -104.0' spd 381.5 yaw 241.8 mode 2 st 0 gl 0 hp 100 frg 0
ARGUS Joe Rogan bodyblock
ARGUS Joe Rogan leadclip
ARGLOG Joe Rogan t  38.6 pos '491.7 -263.0 -296.0' spd 323.3 yaw  75.6 mode 2 st 0 gl 3 hp 12 frg 3
ARGEVT Carmack pursue
ARGEVT Joe Rogan pursue
ARGUS Joe Rogan wallslide
ARGLOG Romero t  38.7 pos '356.9 -935.6 -104.0' spd 325.9 yaw  78.3 mode 2 st 0 gl 0 hp 100 frg 3
ARGEVT Romero pursue
ARGLOG Carmack t  38.8 pos '484.3 -252.3 -104.0' spd 330.5 yaw 294.8 mode 2 st 0 gl 0 hp 100 frg 0
ARGEVT Carmack pursue
ARGLOG Joe Rogan t  39.1 pos '555.0 -215.3 -296.0' spd 158.8 yaw 152 mode 2 st 0 gl 3 hp 12 frg 3
ARGUS Romero hunch item_artifact_super_damage
ARGLOG Romero t  39.2 pos '398.2 -776.1 -104.0' spd 260.6 yaw 297.7 mode 2 st 0 gl 0 hp 100 frg 3
ARGEVT Romero goal item_armorInv
ARGEVT Romero route 8 start '401.0 -791.0 -104.0' goal '817.0 -855.0 -232.0'
ARGLOG Carmack t  39.3 pos '439.1 -423.8 -104.0' spd 406.2 yaw 178.9 mode 2 st 0 gl 0 hp 100 frg 0
ARGEVT Romero pursue
ARGEVT Joe Rogan hazard
ARGEVT Romero hazard
ARGUS Romero wallslide
ARGLOG Joe Rogan t  39.6 pos '509.8 -208.3 -296.0' spd 320.0 yaw  77.3 mode 2 st 0 gl 3 hp 12 frg 3
ARGLOG Romero t  39.7 pos '463.9 -844.5 -104.0' spd  25.3 yaw  72.9 mode 2 st 0 gl 0 hp 100 frg 3
ARGLOG Carmack t  39.8 pos '293.2 -426.7 -104.0' spd 195.7 yaw  37.5 mode 0 st 0 gl 0 hp 100 frg 0
ARGEVT Carmack route 9 start '305.0 -407.0 -104.0' goal ' 81.0  73.0 -296.0'
ARGEVT Carmack grab item_cells
ARGEVT Carmack pursue
ARGEVT Joe Rogan pursue
ARGLOG Joe Rogan t  40.1 pos '650.1 -196.2 -296.0' spd 148.0 yaw 216.3 mode 2 st 0 gl 3 hp 12 frg 3
ARGLOG Romero t  40.2 pos '379.9 -752.0 -104.0' spd 349.7 yaw 113.8 mode 2 st 0 gl 0 hp 100 frg 3
ARGLOG Carmack t  40.3 pos '409.0 -481.7 -104.0' spd 350.7 yaw 64 mode 2 st 0 gl 0 hp 100 frg 0
ARGUS Carmack wallslide
ARGUS Romero wallslide
ARGEVT Romero hazard
ARGLOG Joe Rogan t  40.7 pos '525.3 -257.7 -296.0' spd 320.3 yaw 215 mode 2 st 0 gl 3 hp 12 frg 3
ARGEVT Joe Rogan hazard
ARGLOG Romero t  40.7 pos '434.0 -752.1 -104.0' spd 190.0 yaw 130.3 mode 2 st 0 gl 0 hp 100 frg 3
ARGLOG Carmack t  40.8 pos '461.3 -327.0 -104.0' spd 325.3 yaw 56 mode 2 st 0 gl 0 hp 100 frg 0
ARGEVT Joe Rogan pursue
ARGEVT Romero pursue
ARGLOG Joe Rogan t  41.2 pos '360.7 -237.0 -296.0' spd 383.3 yaw 226.7 mode 2 st 0 gl 3 hp 12 frg 3
ARGLOG Romero t  41.3 pos '346.0 -686.1 -104.0' spd 333.5 yaw 79 mode 2 st 0 gl 0 hp 100 frg 3
ARGLOG Carmack t  41.4 pos '591.2 -213.1 -104.0' spd 442.1 yaw 307.0 mode 2 st 0 gl 0 hp 100 frg 0
ARGUS Carmack wallslide
ARGEVT Carmack pursue
ARGEVT Joe Rogan route 4 start '337.0 -247.0 -296.0' goal '529.0  73.0 -296.0'
ARGEVT Joe Rogan pursue
ARGLOG Joe Rogan t  41.7 pos '276.9 -227.9 -296.0' spd 121.8 yaw 325.7 mode 2 st 0 gl 3 hp 12 frg 3
ARGEVT Joe Rogan hazard
ARGLOG Romero t  41.8 pos '369.3 -521.5 -104.0' spd 322.3 yaw 66 mode 2 st 0 gl 0 hp 100 frg 3
ARGLOG Carmack t  41.9 pos '568.2 -362.4 -104.0' spd 415.8 yaw 169.0 mode 2 st 0 gl 0 hp 100 frg 0
ARGEVT Joe Rogan pursue
ARGEVT Carmack hazard
ARGLOG Joe Rogan t  42.2 pos '381.6 -261.9 -296.0' spd 354.6 yaw 354.0 mode 2 st 0 gl 3 hp 12 frg 3
ARGLOG Romero t  42.3 pos '330.1 -413.5 -104.0' spd 291.1 yaw  20.2 mode 2 st 0 gl 0 hp 100 frg 3
ARGEVT Romero grab weapon_grenadelauncher
ARGLOG Carmack t  42.4 pos '471.0 -346.9 -104.0' spd 334.4 yaw  24.3 mode 2 st 0 gl 0 hp 84 frg 0
ARGEVT Romero route 6 start '273.0 -503.0 -104.0' goal '817.0 -855.0 -232.0'
ARGEVT Romero hazard
ARGLOG Joe Rogan t  42.7 pos '540.2 -212.7 -296.0' spd 367.1 yaw 47 mode 2 st 0 gl 3 hp 12 frg 3
ARGEVT Carmack engage Romero
ARGUS Joe Rogan wallslide
ARGLOG Romero t  42.8 pos '242.6 -491.1 -104.0' spd  95.4 yaw  24.4 mode 2 st 0 gl 0 hp 100 frg 3
ARGLOG Carmack t  42.9 pos '671.8 -360.9 -104.0' spd 402.5 yaw 197.1 mode 2 st 0 gl 0 hp 60 frg 0
ARGEVT Joe Rogan hazard
ARGEVT Carmack route 6 start '625.0 -471.0 -136.0' goal ' 81.0  73.0 -296.0'
ARGLOG Joe Rogan t  43.2 pos '598.2 -102.2 -296.0' spd 364.1 yaw 142.4 mode 2 st 0 gl 3 hp 12 frg 3
ARGLOG Romero t  43.3 pos '265.8 -490.4 -104.0' spd  74.1 yaw  50.3 mode 2 st 0 gl 0 hp 100 frg 3
ARGEVT Carmack route 7 start '465.0 -247.0 -296.0' goal ' 81.0  73.0 -296.0'
ARGEVT Romero pursue
ARGEVT Carmack pursue
ARGLOG Carmack t  43.4 pos '441.4 -240.0 -289.4' spd 300 yaw 238.5 mode 2 st 0 gl 0 hp 60 frg 0
ARGUS routecache adopt
ARGEVT Carmack route 7 start '465.0 -247.0 -296.0' goal ' 81.0  73.0 -296.0'
ARGLOG Joe Rogan t  43.7 pos '573.1  77.0 -296.0' spd 405.9 yaw 166.2 mode 1 st 0 gl 3 hp 37 frg 3
ARGLOG Romero t  43.8 pos '337.8 -416.2 -104.0' spd 144.0 yaw  47.2 mode 2 st 0 gl 0 hp 100 frg 3
ARGLOG Carmack t  43.9 pos '460.8 -239.8 -296.0' spd 330.1 yaw 235.5 mode 2 st 0 gl 0 hp 60 frg 0
ARGUS Joe Rogan wallslide
ARGEVT Carmack hazard
ARGLOG Joe Rogan t  44.2 pos '593.4  14.0 -296.0' spd 328.5 yaw 320.2 mode 1 st 0 gl 3 hp 37 frg 3
ARGLOG Romero t  44.3 pos '412.8 -475.2 -104.0' spd 131.0 yaw  66.1 mode 2 st 0 gl 0 hp 100 frg 3
ARGEVT Carmack pursue
ARGEVT Romero pursue
ARGLOG Carmack t  44.4 pos '487.8 -245.8 -296.0' spd  77.0 yaw 239.9 mode 2 st 0 gl 0 hp 60 frg 0
ARGEVT Joe Rogan hazard
ARGUS Carmack hunch item_artifact_super_damage
ARGEVT Carmack goal weapon_rocketlauncher
ARGUS routecache adopt
ARGEVT Carmack route 7 start '465.0 -247.0 -296.0' goal ' 81.0  73.0 -296.0'
ARGEVT Carmack pursue
ARGLOG Joe Rogan t  44.8 pos '606.6 -124.4 -296.0' spd 322.5 yaw 231 mode 1 st 0 gl 3 hp 37 frg 3
ARGEVT Romero hazard
ARGLOG Romero t  44.9 pos '443.0 -352.3 -104.0' spd 339.5 yaw 67 mode 2 st 0 gl 0 hp 100 frg 3
ARGUS Carmack wallslide
ARGEVT Joe Rogan engage Carmack
ARGEVT Joe Rogan weapon ng
ARGLOG Carmack t  44.9 pos '558.7 -208.4 -296.0' spd  71.9 yaw 139.4 mode 2 st 0 gl 0 hp 60 frg 0
ARGLOG Joe Rogan t  45.3 pos '593.2 -131.8 -296.0' spd 320 yaw 201.3 mode 1 st 0 gl 3 hp 37 frg 3
ARGEVT Carmack hazard
ARGEVT Carmack pursue
ARGEVT Romero pursue
ARGEVT Joe Rogan weapon rl
ARGUS Joe Rogan leadclip
ARGLOG Romero t  45.4 pos '579.7 -235.2 -104.0' spd 419.2 yaw 325.5 mode 2 st 0 gl 0 hp 100 frg 3
ARGEVT Carmack pursue
ARGUS Romero wallslide
ARGLOG Carmack t  45.5 pos '412.1 -212.5 -296.0' spd 353.0 yaw 217.3 mode 0 st 0 gl 0 hp 60 frg 0
ARGEVT Joe Rogan pursue
ARGUS Joe Rogan wallslide
ARGEVT Joe Rogan hazard
ARGUS routecache adopt
ARGEVT Carmack route 6 start '369.0 -247.0 -296.0' goal ' 81.0  73.0 -296.0'
ARGUS Joe Rogan hunch item_artifact_super_damage
ARGEVT Joe Rogan goal item_health
ARGEVT Joe Rogan route 10 start '625.0 -119.0 -296.0' goal '-47.0 585.0 -296.0'
ARGLOG Joe Rogan t  45.8 pos '592.5 -76.5 -296.0' spd  42.2 yaw  73.9 mode 2 st 0 gl 3 hp 37 frg 3
ARGEVT Joe Rogan pursue
ARGLOG Romero t  45.9 pos '586.3 -366.6 -104.0' spd 416.2 yaw 177.0 mode 2 st 0 gl 0 hp 100 frg 3
ARGLOG Carmack t  46.0 pos '247.7 -271.8 -296.0' spd 327.2 yaw 173 mode 2 st 0 gl 0 hp 60 frg 0
