LOG started on: 09/17/2026 17:17:58 
Playing registered version.
UDP Initialized
WIPX_OpenSocket: Address family not supported by protocol family
WIPX_Init: Unable to open control socket, IPX disabled
Exe: 20:02:47 Jul 31 2024
256.0 megabyte heap

Language initialization
Couldn't load 'localization/loc_english.txt'
from 'C:\argus\engine'

========= Quake Initialized =========

execing autoexec.cfg
SpawnServer: dm4
Clearing memory
Programs occupy 890K.
trying to open external vis file
maps/dm4.vis not found, trying argus.vis
external vis not found
ARGUS slots 8
ARGUS worldspawn reached
ARGNAV 137 nodes, 678 links
0 entities inhibited
ARGUS init on dm4
ARGEVT Carmack spawned
ARGEVT Romero spawned
ARGEVT Joe Rogan spawned
Server spawned.
ARGLOG Joe Rogan t   1.2 pos '-64.0 -232.0 -72.0' spd 0 yaw 357.6 mode 0 st 0 gl 0 hp 100 frg 0
ARGLOG Romero t   1.2 pos '112.0 -1136.0 -104.0' spd 0 yaw  92.5 mode 0 st 0 gl 0 hp 100 frg 0
ARGLOG Carmack t   1.2 pos '-64.0 512.0 -296.0' spd 0 yaw 299.6 mode 0 st 0 gl 0 hp 100 frg 0
ARGEVT Carmack hazard
ARGLOG Joe Rogan t   1.7 pos ' 80.3 -237.0 -72.0' spd 320 yaw 357.6 mode 0 st 0 gl 0 hp 100 frg 0
ARGLOG Romero t   1.7 pos '107.0 -991.7 -104.0' spd 320 yaw  92.5 mode 0 st 0 gl 0 hp 100 frg 0
ARGLOG Carmack t   1.7 pos '  4.4 469.7 -296.0' spd 334.5 yaw  66.4 mode 0 st 0 gl 0 hp 100 frg 0
ARGUS Carmack wallslide
ARGLOG Joe Rogan t   2.2 pos '247.6 -243.2 -78.2' spd 320 yaw 357.6 mode 0 st 0 gl 0 hp 100 frg 0
ARGLOG Romero t   2.2 pos '101.3 -828.9 -104.0' spd 320 yaw  92.5 mode 0 st 0 gl 0 hp 100 frg 0
ARGLOG Carmack t   2.2 pos ' -0.1 451.9 -296.0' spd 260.3 yaw 102.1 mode 0 st 0 gl 0 hp 100 frg 0
ARGLOG Joe Rogan t   2.7 pos '384.1 -252.9 -234.9' spd  54.8 yaw 185.8 mode 0 st 0 gl 0 hp 100 frg 0
ARGLOG Romero t   2.7 pos '151.3 -835.6 -104.0' spd 321.2 yaw 295.7 mode 0 st 0 gl 0 hp 100 frg 0
ARGLOG Carmack t   2.7 pos '-33.9 605.1 -296.0' spd 164.2 yaw 322.2 mode 0 st 0 gl 0 hp 200 frg 0
ARGEVT Carmack hazard
ARGUS Carmack wallslide
ARGEVT Joe Rogan hazard
ARGLOG Joe Rogan t   3.2 pos '425.5 -259.5 -296.0' spd 320.0 yaw   5.9 mode 0 st 0 gl 0 hp 100 frg 0
ARGLOG Romero t   3.2 pos '228.9 -980.7 -104.0' spd 320.0 yaw 295.7 mode 0 st 0 gl 0 hp 100 frg 0
ARGLOG Carmack t   3.2 pos ' 10.6 490.7 -296.0' spd 330.7 yaw 296.8 mode 0 st 0 gl 0 hp 200 frg 0
ARGLOG Joe Rogan t   3.7 pos '586.4 -245.4 -296.0' spd 320 yaw   5.9 mode 0 st 0 gl 0 hp 100 frg 0
ARGLOG Romero t   3.7 pos '254.1 -1038.8 -104.0' spd 320.0 yaw 119.6 mode 0 st 0 gl 0 hp 100 frg 0
ARGLOG Carmack t   3.7 pos '  8.1 503.4 -296.0' spd 331.4 yaw  85.2 mode 0 st 0 gl 0 hp 200 frg 0
ARGEVT Carmack stall
ARGEVT Carmack jump
ARGEVT Joe Rogan goal weapon_lightning
ARGEVT Romero goal item_armorInv
ARGEVT Carmack goal weapon_rocketlauncher
ARGEVT Joe Rogan route 8 start '593.0 -215.0 -296.0' goal '529.0 -311.0 -104.0'
ARGLOG Joe Rogan t   4.3 pos '556.7 -240.2 -296.0' spd 347.1 yaw 78 mode 2 st 0 gl 0 hp 100 frg 0
ARGLOG Romero t   4.3 pos '178.6 -890.2 -104.0' spd 374.6 yaw  65.5 mode 0 st 0 gl 0 hp 100 frg 0
ARGLOG Carmack t   4.3 pos '  1.3 537.7 -254.8' spd  31.2 yaw 280 mode 0 st 1 gl 0 hp 200 frg 0
ARGEVT Romero route 9 start '177.0 -855.0 -104.0' goal '817.0 -855.0 -232.0'
ARGEVT Joe Rogan hazard
ARGEVT Carmack route 5 start '-47.0 585.0 -296.0' goal ' 81.0  73.0 -296.0'
ARGEVT Romero hazard
ARGLOG Joe Rogan t   4.8 pos '515.3 -216.0 -296.0' spd 368.0 yaw 71 mode 2 st 0 gl 0 hp 100 frg 0
ARGLOG Romero t   4.8 pos '262.0 -752.0 -104.0' spd 347.6 yaw 67 mode 2 st 0 gl 0 hp 100 frg 0
ARGUS Romero wallslide
ARGLOG Carmack t   4.8 pos ' -6.6 524.5 -296.0' spd 237.2 yaw 253 mode 2 st 1 gl 0 hp 200 frg 0
ARGUS Joe Rogan wallslide
ARGEVT Carmack hazard
ARGLOG Joe Rogan t   5.3 pos '655.5 -128.1 -296.0' spd 351.6 yaw 256 mode 2 st 0 gl 0 hp 100 frg 0
ARGLOG Romero t   5.3 pos '367.4 -643.0 -104.0' spd 337.1 yaw 76 mode 2 st 0 gl 0 hp 100 frg 0
ARGLOG Carmack t   5.3 pos '-15.1 423.0 -296.0' spd 252.0 yaw 249 mode 2 st 1 gl 0 hp 200 frg 0
ARGLOG Joe Rogan t   5.8 pos '642.3  35.5 -296.0' spd 320.6 yaw 259 mode 2 st 0 gl 0 hp 100 frg 0
ARGLOG Romero t   5.8 pos '371.6 -474.1 -104.0' spd 330.4 yaw 21 mode 2 st 0 gl 0 hp 100 frg 0
ARGLOG Carmack t   5.8 pos ' 23.9 419.3 -296.0' spd  60.7 yaw 243 mode 2 st 1 gl 0 hp 200 frg 0
ARGEVT Joe Rogan route 6 start '625.0 105.0 -296.0' goal '529.0 -311.0 -104.0'
ARGEVT Carmack hazard
ARGEVT Joe Rogan route 5 start '401.0 -887.0  24.0' goal '529.0 -311.0 -104.0'
ARGLOG Joe Rogan t   6.3 pos '391.5 -864.0  24.0' spd 300 yaw 101 mode 2 st 0 gl 0 hp 100 frg 0
ARGLOG Romero t   6.3 pos '507.3 -367.8 -104.0' spd 332.7 yaw 332 mode 2 st 0 gl 0 hp 100 frg 0
ARGLOG Carmack t   6.3 pos ' 49.1 412.6 -296.0' spd  97.4 yaw 239 mode 2 st 1 gl 0 hp 200 frg 0
ARGEVT Romero hazard
ARGLOG Joe Rogan t   6.8 pos '364.3 -849.7  20.0' spd 371.7 yaw 96 mode 2 st 0 gl 0 hp 100 frg 0
ARGLOG Romero t   6.8 pos '671.8 -394.7 -104.0' spd 342.1 yaw 304 mode 2 st 0 gl 0 hp 100 frg 0
ARGLOG Carmack t   6.8 pos ' 77.2 404.8 -296.0' spd  42.9 yaw 234 mode 2 st 1 gl 0 hp 200 frg 0
ARGUS Romero wallslide
ARGEVT Carmack hazard
ARGLOG Joe Rogan t   7.3 pos '311.4 -684.2  24.0' spd 328.5 yaw 68 mode 2 st 0 gl 0 hp 100 frg 0
ARGLOG Romero t   7.3 pos '454.6 -240.0 -296.0' spd 300 yaw 316 mode 2 st 0 gl 0 hp 100 frg 0
ARGLOG Carmack t   7.3 pos ' 89.9 389.8 -296.0' spd 174.0 yaw 231 mode 2 st 1 gl 0 hp 200 frg 0
ARGLOG Joe Rogan t   7.8 pos '347.0 -522.2  24.0' spd 321.0 yaw 59 mode 2 st 0 gl 0 hp 100 frg 0
ARGLOG Romero t   7.8 pos '481.3 -246.0 -296.0' spd 354.0 yaw 314 mode 2 st 0 gl 0 hp 100 frg 0
ARGLOG Carmack t   7.8 pos ' -2.6 429.2 -296.0' spd 223.5 yaw 247 mode 2 st 1 gl 0 hp 199 frg 0
ARGEVT Romero hazard
ARGUS Romero wallslide
ARGLOG Joe Rogan t   8.3 pos '423.4 -373.5   6.3' spd 323.0 yaw 33 mode 1 st 0 gl 0 hp 100 frg 0
ARGLOG Romero t   8.3 pos '636.4 -264.4 -296.0' spd 336.8 yaw 297 mode 2 st 0 gl 0 hp 100 frg 0
ARGLOG Carmack t   8.3 pos '-81.7 374.3 -296.0' spd 325.8 yaw 258 mode 2 st 1 gl 0 hp 199 frg 0
ARGEVT Carmack hazard
ARGEVT Joe Rogan goal weapon_rocketlauncher
ARGEVT Joe Rogan route 6 start '529.0 -311.0 -104.0' goal '753.0 -887.0 -232.0'
ARGLOG Joe Rogan t   8.8 pos '528.9 -265.2 -104.0' spd 386.4 yaw 312 mode 2 st 0 gl 1 hp 100 frg 0
ARGLOG Romero t   8.8 pos '608.4 -271.9 -296.0' spd 301.8 yaw 301 mode 2 st 0 gl 0 hp 100 frg 0
ARGLOG Carmack t   8.8 pos '-73.4 201.3 -296.0' spd 350.4 yaw 322 mode 2 st 1 gl 0 hp 198 frg 0
ARGEVT Romero hazard
ARGLOG Joe Rogan t   9.4 pos '652.3 -377.0 -104.0' spd 320.1 yaw 305 mode 2 st 0 gl 1 hp 100 frg 0
ARGLOG Romero t   9.4 pos '576.9 -270.9 -296.0' spd  46.0 yaw 306 mode 2 st 0 gl 0 hp 100 frg 0
ARGLOG Carmack t   9.4 pos ' 17.4  63.1 -296.0' spd 360.1 yaw 360 mode 1 st 1 gl 0 hp 198 frg 0
ARGEVT Carmack goal item_armorInv
ARGEVT Carmack route 13 start ' 81.0  73.0 -296.0' goal '817.0 -855.0 -232.0'
ARGUS Carmack wallslide
ARGEVT Joe Rogan hazard
ARGUS Romero wallslide
ARGEVT Carmack hazard
ARGEVT Romero engage Joe Rogan
ARGEVT Joe Rogan engage Romero
ARGLOG Joe Rogan t   9.9 pos '445.6 -240.0 -292.0' spd 300 yaw   5.0 mode 2 st 0 gl 1 hp 100 frg 0
ARGLOG Romero t   9.9 pos '545.4 -228.0 -296.0' spd 258.0 yaw 188.9 mode 2 st 0 gl 0 hp 100 frg 0
ARGLOG Carmack t   9.9 pos ' 53.2 104.6 -296.0' spd 389.8 yaw 249 mode 2 st 1 gl 1 hp 197 frg 0
ARGLOG Joe Rogan t  10.4 pos '468.4 -242.7 -296.0' spd 209.2 yaw   2.1 mode 2 st 0 gl 1 hp 92 frg 0
ARGLOG Romero t  10.4 pos '640.0 -227.6 -296.0' spd 390.7 yaw 178.1 mode 2 st 0 gl 0 hp 70 frg 0
ARGLOG Carmack t  10.4 pos '-124.9  69.8 -296.0' spd 421.9 yaw 295.4 mode 2 st 1 gl 1 hp 197 frg 0
ARGEVT Carmack hazard
ARGUS Carmack wallslide
ARGEVT Romero grab item_health
ARGEVT Joe Rogan hazard
ARGLOG Joe Rogan t  10.9 pos '496.1 -219.4 -296.0' spd  30.7 yaw  47.1 mode 2 st 0 gl 1 hp 92 frg 0
ARGLOG Romero t  10.9 pos '616.1 -50.0 -296.0' spd 320.4 yaw 231.7 mode 2 st 0 gl 0 hp 70 frg 0
ARGLOG Carmack t  10.9 pos '-180.6  48.2 -296.0' spd  40.5 yaw 304 mode 2 st 1 gl 1 hp 196 frg 0
ARGEVT Joe Rogan pursue
ARGEVT Romero pursue
ARGUS Romero wallslide
ARGEVT Romero hazard
ARGLOG Joe Rogan t  11.4 pos '630.7 -196.2 -296.0' spd 320.1 yaw  91.3 mode 2 st 0 gl 1 hp 92 frg 0
ARGLOG Romero t  11.4 pos '589.6  26.3 -296.0' spd 319.5 yaw 274.2 mode 2 st 0 gl 0 hp 70 frg 0
ARGLOG Carmack t  11.4 pos '-200.3  48.2 -296.0' spd  38.4 yaw 307 mode 2 st 1 gl 1 hp 196 frg 0
ARGEVT Carmack hazard
ARGUS Carmack wallslide
ARGEVT Romero grab item_armor1
ARGEVT Joe Rogan grab item_armor1
ARGEVT Romero route 11 start '529.0  73.0 -296.0' goal '817.0 -855.0 -232.0'
ARGLOG Joe Rogan t  11.9 pos '620.9 -138.3 -296.0' spd 118.3 yaw 104.1 mode 2 st 0 gl 1 hp 84 frg 0
ARGLOG Romero t  11.9 pos '581.6  74.2 -296.0' spd 320.9 yaw 286.6 mode 2 st 0 gl 0 hp 95 frg 0
ARGLOG Carmack t  11.9 pos '-167.6  48.1 -296.0' spd 293.2 yaw 303 mode 2 st 1 gl 1 hp 195 frg 0
ARGUS routecache adopt
ARGEVT Romero route 10 start '625.0 105.0 -296.0' goal '817.0 -855.0 -232.0'
ARGEVT Joe Rogan weapon sg
ARGEVT Romero grab item_health
ARGEVT Joe Rogan grab item_armor1
ARGEVT Romero route 9 start '401.0 -887.0  24.0' goal '817.0 -855.0 -232.0'
ARGLOG Joe Rogan t  12.4 pos '627.8 -78.6 -296.0' spd 327.7 yaw 250.3 mode 2 st 0 gl 1 hp 84 frg 0
ARGLOG Romero t  12.4 pos '390.6 -864.0  24.0' spd 300 yaw  73.5 mode 2 st 0 gl 0 hp 35 frg 0
ARGLOG Carmack t  12.4 pos '-16.0  41.8 -296.0' spd  41.9 yaw 277 mode 2 st 1 gl 1 hp 195 frg 0
ARGEVT Joe Rogan pursue
ARGEVT Romero pursue
ARGEVT Joe Rogan hazard
ARGUS Joe Rogan wallslide
ARGLOG Joe Rogan t  12.9 pos '592.4 -142.6 -296.0' spd 105.8 yaw 148.3 mode 2 st 0 gl 1 hp 84 frg 0
ARGLOG Romero t  12.9 pos '368.8 -826.0  24.0' spd 351.3 yaw 69 mode 2 st 0 gl 0 hp 35 frg 0
ARGLOG Carmack t  12.9 pos '-31.3 -105.3 -296.0' spd 320.0 yaw 339 mode 2 st 1 gl 1 hp 194 frg 0
ARGUS Romero hunch item_artifact_super_damage
ARGEVT Romero goal item_health
ARGEVT Romero route 3 start '401.0 -791.0  24.0' goal '401.0 -887.0 -104.0'
ARGEVT Romero pursue
ARGEVT Carmack route 9 start ' 17.0 -247.0 -296.0' goal '817.0 -855.0 -232.0'
ARGLOG Joe Rogan t  13.4 pos '596.5 -44.1 -296.0' spd 321.4 yaw 79 mode 2 st 0 gl 1 hp 84 frg 0
ARGLOG Romero t  13.4 pos '402.9 -839.4  24.0' spd 329.4 yaw 297.4 mode 2 st 0 gl 0 hp 35 frg 0
ARGLOG Carmack t  13.4 pos ' 41.5 -262.1 -296.0' spd 393.8 yaw 13 mode 2 st 1 gl 1 hp 194 frg 0
ARGEVT Carmack hazard
ARGUS Joe Rogan hunch item_artifact_super_damage
ARGEVT Joe Rogan goal weapon_rocketlauncher
ARGUS Romero wallslide
ARGEVT Joe Rogan route 11 start '625.0 -23.0 -296.0' goal '753.0 -887.0 -232.0'
ARGEVT Romero hazard
ARGEVT Joe Rogan hazard
ARGUS routecache adopt
ARGEVT Joe Rogan route 9 start '465.0 -855.0  24.0' goal '753.0 -887.0 -232.0'
ARGEVT Joe Rogan weapon lg
ARGEVT Joe Rogan grab item_health
ARGLOG Joe Rogan t  14.0 pos '441.6 -864.0  41.8' spd 300 yaw 206.1 mode 2 st 0 gl 1 hp 84 frg 0
ARGLOG Romero t  14.0 pos '464.0 -943.6  24.0' spd 138.3 yaw  61.7 mode 2 st 0 gl 0 hp 35 frg 0
ARGLOG Carmack t  14.0 pos '207.1 -245.6 -296.0' spd 320.1 yaw 16 mode 2 st 1 gl 1 hp 193 frg 0
ARGEVT Carmack rjump
ARGUS Carmack aircontrol
ARGEVT Joe Rogan weapon sg
ARGEVT Romero grab item_health
ARGEVT Joe Rogan grab weapon_supershotgun
ARGLOG Joe Rogan t  14.5 pos '390.3 -864.0  24.0' spd 300 yaw 273.5 mode 2 st 0 gl 1 hp 84 frg 0
ARGLOG Romero t  14.5 pos '379.9 -1013.9  24.0' spd 198.0 yaw  96.2 mode 2 st 0 gl 0 hp 35 frg 0
ARGLOG Carmack t  14.5 pos '364.7 -197.8 -266.9' spd 364.7 yaw 17 mode 2 st 1 gl 1 hp 143 frg 0
ARGEVT Romero retreat
ARGEVT Romero hazard
ARGLOG Joe Rogan t  15.0 pos '315.2 -965.5  24.0' spd 351.3 yaw 345.1 mode 2 st 0 gl 1 hp 84 frg 0
ARGLOG Romero t  15.0 pos '490.6 -969.0  24.0' spd 150.8 yaw 156.9 mode 2 st 0 gl 0 hp 19 frg 0
ARGLOG Carmack t  15.0 pos '432.0 -148.3 -77.5' spd  34.6 yaw 8 mode 2 st 1 gl 1 hp 142 frg 0
ARGUS Carmack aircontrol
ARGLOG Joe Rogan t  15.5 pos '319.6 -1023.6  24.0' spd 136.5 yaw  28.3 mode 2 st 0 gl 1 hp 84 frg 0
ARGLOG Romero t  15.5 pos '471.8 -971.3  24.0' spd  75.6 yaw 207.3 mode 2 st 0 gl 0 hp 19 frg 0
ARGLOG Carmack t  15.5 pos '432.4 -166.2 -99.2' spd  35.4 yaw 312 mode 2 st 1 gl 1 hp 142 frg 0
ARGEVT Romero death Joe Rogan pos '471.6 -981.2  24.0'
ARGUS Joe Rogan watch spawn
ARGEVT Joe Rogan goal backpack
ARGLOG Joe Rogan t  16.0 pos '325.6 -934.5  24.0' spd 405.5 yaw  31.8 mode 1 st 0 gl 1 hp 84 frg 1
ARGLOG Carmack t  16.0 pos '516.3 -281.1 -104.0' spd 322.0 yaw 317 mode 2 st 1 gl 1 hp 141 frg 0
ARGEVT Joe Rogan hazard
ARGLOG Joe Rogan t  16.5 pos '624.0  49.2 -279.7' spd 300 yaw 262 mode 1 st 0 gl 1 hp 84 frg 1
ARGLOG Carmack t  16.5 pos '638.1 -391.2 -104.0' spd 320.2 yaw 310 mode 2 st 1 gl 1 hp 141 frg 0
ARGEVT Carmack hazard
ARGLOG Joe Rogan t  17.0 pos '624.0  16.2 -296.0' spd 300 yaw 262 mode 1 st 0 gl 1 hp 84 frg 1
ARGLOG Carmack t  17.0 pos '446.2 -240.0 -292.4' spd 300 yaw 317 mode 2 st 1 gl 1 hp 140 frg 0
ARGEVT Romero respawn
ARGEVT Romero goal weapon_rocketlauncher
ARGLOG Romero t  17.2 pos '784.0 -176.0  24.0' spd 0 yaw 184.8 mode 0 st 0 gl 0 hp 100 frg 0
ARGEVT Romero route 5 start '785.0 -183.0  24.0' goal '753.0 -887.0 -232.0'
ARGEVT Romero hazard
ARGLOG Joe Rogan t  17.6 pos '612.1 -137.8 -296.0' spd 320.1 yaw 261 mode 1 st 0 gl 1 hp 84 frg 1
ARGLOG Carmack t  17.6 pos '476.1 -244.2 -296.0' spd 356.4 yaw 314 mode 2 st 1 gl 1 hp 139 frg 0
ARGEVT Carmack engage Joe Rogan
ARGEVT Carmack weapon sg
ARGEVT Joe Rogan engage Carmack
ARGLOG Romero t  17.7 pos '678.5 -205.9  24.0' spd  75.1 yaw 305 mode 2 st 0 gl 0 hp 100 frg 0
ARGUS Romero wallslide
ARGEVT Carmack hazard
ARGEVT Joe Rogan hazard
ARGLOG Joe Rogan t  18.1 pos '654.7 -184.8 -296.0' spd 238.8 yaw 202.0 mode 1 st 0 gl 1 hp 84 frg 1
ARGLOG Carmack t  18.1 pos '519.3 -232.5 -296.0' spd 158.7 yaw  19.6 mode 2 st 1 gl 1 hp 139 frg 0
ARGUS Joe Rogan wallslide
ARGLOG Romero t  18.2 pos '846.3 -222.3  24.0' spd 380.4 yaw 263.0 mode 2 st 0 gl 0 hp 100 frg 0
ARGEVT Romero hazard
ARGLOG Joe Rogan t  18.6 pos '598.2 -172.7 -296.0' spd 132.1 yaw 206.4 mode 1 st 0 gl 1 hp 60 frg 1
ARGLOG Carmack t  18.6 pos '487.4 -243.9 -296.0' spd 247.0 yaw  23.3 mode 2 st 1 gl 1 hp 114 frg 0
ARGLOG Romero t  18.7 pos '814.0 -410.0  24.0' spd 320.0 yaw 260 mode 2 st 0 gl 0 hp 100 frg 0
ARGEVT Joe Rogan hazard
ARGLOG Joe Rogan t  19.1 pos '628.5 -243.2 -296.0' spd 220.4 yaw 178.2 mode 1 st 0 gl 1 hp 36 frg 1
ARGLOG Carmack t  19.1 pos '475.8 -249.2 -296.0' spd  85.3 yaw 349.1 mode 2 st 1 gl 1 hp 90 frg 0
ARGLOG Romero t  19.2 pos '752.0 -566.2 -12.4' spd 284.4 yaw 219.4 mode 0 st 0 gl 0 hp 100 frg 0
ARGEVT Romero route 2 start '817.0 -599.0  24.0' goal '753.0 -887.0 -232.0'
ARGEVT Carmack hazard
ARGUS Romero wallslide
ARGLOG Joe Rogan t  19.6 pos '622.3 -205.6 -296.0' spd 335.7 yaw 202.8 mode 1 st 0 gl 1 hp 36 frg 1
ARGLOG Carmack t  19.6 pos '475.3 -229.8 -296.0' spd 164.9 yaw  21.6 mode 2 st 1 gl 1 hp 66 frg 0
ARGLOG Romero t  19.7 pos '752.0 -592.0 -152.0' spd 0 yaw 108 mode 2 st 0 gl 0 hp 100 frg 0
ARGLOG Joe Rogan t  20.1 pos '622.7 -175.2 -296.0' spd 344.7 yaw 195.7 mode 1 st 0 gl 1 hp 36 frg 1
ARGLOG Carmack t  20.1 pos '496.5 -254.6 -296.0' spd 282.2 yaw  17.1 mode 2 st 1 gl 1 hp 54 frg 0
ARGLOG Romero t  20.2 pos '770.8 -440.2 -104.0' spd 358.0 yaw 268 mode 2 st 0 gl 0 hp 100 frg 0
ARGEVT Romero hazard
ARGUS Joe Rogan wallslide
ARGLOG Joe Rogan t  20.6 pos '654.9 -235.3 -296.0' spd 322.8 yaw 190.5 mode 1 st 0 gl 1 hp 36 frg 1
ARGLOG Carmack t  20.6 pos '492.4 -251.1 -296.0' spd  92.8 yaw   5.5 mode 2 st 1 gl 1 hp 54 frg 0
ARGEVT Joe Rogan retreat
ARGEVT Joe Rogan hazard
ARGLOG Romero t  20.8 pos '762.9 -464.8 -104.0' spd 320.9 yaw 253 mode 2 st 0 gl 0 hp 100 frg 0
ARGUS Romero wallslide
ARGLOG Joe Rogan t  21.1 pos '636.1 -127.5 -296.0' spd 320.5 yaw 207.6 mode 1 st 0 gl 1 hp 12 frg 1
ARGLOG Carmack t  21.1 pos '503.3 -225.2 -296.0' spd 170.5 yaw  30.6 mode 2 st 1 gl 1 hp 42 frg 0
ARGLOG Romero t  21.3 pos '752.0 -604.8 -152.0' spd  29.9 yaw 117.6 mode 2 st 0 gl 0 hp 100 frg 0
ARGEVT Carmack weapon rl
ARGUS Carmack leadclip
ARGLOG Joe Rogan t  21.7 pos '592.6  31.5 -296.0' spd 320.0 yaw 274.1 mode 1 st 0 gl 1 hp 12 frg 1
ARGLOG Carmack t  21.7 pos '633.0 -248.8 -296.0' spd 263.3 yaw  95.5 mode 2 st 1 gl 1 hp 42 frg 0
ARGEVT Joe Rogan grab item_armor1
ARGLOG Romero t  21.8 pos '752.0 -489.3 -104.0' spd 331.3 yaw 106 mode 2 st 0 gl 0 hp 100 frg 0
ARGUS Romero wallslide
ARGEVT Romero hazard
ARGUS Carmack wallslide
ARGEVT Joe Rogan death Carmack pos '667.9 101.8 -296.0'
ARGUS Carmack watch spawn
ARGLOG Carmack t  22.2 pos '516.2 -262.1 -296.0' spd 314.5 yaw 130.5 mode 2 st 1 gl 1 hp 18 frg 1
ARGEVT Carmack goal item_health
ARGEVT Carmack route 10 start '465.0 -247.0 -296.0' goal '977.0 -471.0 -104.0'
ARGLOG Romero t  22.3 pos '762.3 -437.8 -104.0' spd 356.3 yaw 269 mode 2 st 0 gl 0 hp 100 frg 0
ARGEVT Carmack hazard
ARGLOG Carmack t  22.7 pos '442.6 -208.9 -296.0' spd 268.5 yaw 59 mode 2 st 1 gl 1 hp 18 frg 1
ARGLOG Romero t  22.8 pos '752.0 -518.8 -104.0' spd 313.7 yaw 93 mode 2 st 0 gl 0 hp 100 frg 0
ARGUS Carmack wallslide
ARGEVT Romero hazard
ARGLOG Carmack t  23.2 pos '633.4 -185.3 -296.0' spd 409.1 yaw 73 mode 2 st 1 gl 1 hp 18 frg 1
ARGLOG Romero t  23.3 pos '825.8 -409.1 -104.0' spd 320.9 yaw 262 mode 2 st 0 gl 0 hp 100 frg 0
ARGEVT Joe Rogan respawn
ARGEVT Joe Rogan goal weapon_rocketlauncher
ARGLOG Joe Rogan t  23.6 pos '776.0 -808.0 -232.0' spd 0 yaw  94.8 mode 1 st 0 gl 1 hp 100 frg 1
ARGLOG Carmack t  23.7 pos '656.0 -20.8 -296.0' spd 323.4 yaw  76.7 mode 2 st 1 gl 1 hp 18 frg 1
ARGLOG Romero t  23.8 pos '953.5 -528.3 -104.0' spd 360.1 yaw 248 mode 2 st 0 gl 0 hp 100 frg 0
ARGEVT Carmack hazard
ARGUS Joe Rogan wallslide
ARGUS routecache adopt
ARGEVT Carmack route 7 start '465.0 -855.0  24.0' goal '977.0 -471.0 -104.0'
ARGLOG Joe Rogan t  24.1 pos '752.0 -681.2 -184.0' spd 171.8 yaw 104 mode 1 st 0 gl 1 hp 100 frg 1
ARGEVT Romero hazard
ARGLOG Carmack t  24.2 pos '423.3 -864.0  37.6' spd 300 yaw 108 mode 2 st 1 gl 1 hp 18 frg 1
ARGEVT Joe Rogan engage Romero
ARGEVT Joe Rogan grab weapon_rocketlauncher
ARGEVT Romero engage Joe Rogan
ARGEVT Romero grab item_armor2
ARGLOG Romero t  24.3 pos '987.5 -618.8 -104.0' spd 225.9 yaw 198.0 mode 2 st 0 gl 0 hp 100 frg 0
ARGLOG Joe Rogan t  24.6 pos '761.4 -724.6 -216.0' spd 320.1 yaw  14.3 mode 1 st 0 gl 1 hp 100 frg 1
ARGLOG Carmack t  24.7 pos '390.9 -864.0  24.0' spd 300 yaw  66.8 mode 2 st 1 gl 1 hp 18 frg 1
ARGEVT Joe Rogan pursue
ARGEVT Romero pursue
ARGLOG Romero t  24.9 pos '1026.4 -618.9 -104.0' spd 152.0 yaw 187 mode 2 st 0 gl 0 hp 100 frg 0
ARGUS Romero wallslide
ARGEVT Joe Rogan hazard
ARGUS Joe Rogan hunch item_armor2
ARGEVT Joe Rogan goal weapon_rocketlauncher
ARGEVT Joe Rogan pursue
ARGLOG Joe Rogan t  25.2 pos '823.3 -751.7 -216.0' spd 259.1 yaw 194.9 mode 1 st 0 gl 1 hp 100 frg 1
ARGUS Carmack wallslide
ARGLOG Carmack t  25.2 pos '462.9 -804.2  24.0' spd 139.8 yaw 17 mode 2 st 1 gl 1 hp 18 frg 1
ARGLOG Romero t  25.4 pos '870.2 -613.9 -104.0' spd 327.2 yaw 197 mode 2 st 0 gl 0 hp 100 frg 0
ARGEVT Carmack hazard
ARGLOG Joe Rogan t  25.7 pos '756.8 -783.3 -232.0' spd 320 yaw  47.8 mode 1 st 0 gl 1 hp 100 frg 1
ARGLOG Carmack t  25.8 pos '455.2 -752.1  24.0' spd 150.2 yaw  12.0 mode 2 st 1 gl 1 hp 18 frg 1
ARGUS Joe Rogan leadclip
ARGLOG Romero t  25.9 pos '937.1 -592.9 -104.0' spd 134.8 yaw 237.9 mode 2 st 0 gl 0 hp 84 frg 0
ARGEVT Joe Rogan goal item_rockets
ARGEVT Romero grab item_health
ARGEVT Joe Rogan route 10 start '817.0 -855.0 -232.0' goal '401.0 -791.0 -104.0'
ARGEVT Joe Rogan pursue
ARGEVT Romero pursue
ARGEVT Romero goal item_armor2
ARGEVT Romero route 25 start '945.0 -567.0 -104.0' goal '1169.0 -599.0  24.0'
ARGEVT Joe Rogan hazard
ARGUS Joe Rogan wallslide
ARGLOG Joe Rogan t  26.2 pos '846.9 -822.5 -232.0' spd 318.4 yaw 89 mode 2 st 0 gl 2 hp 100 frg 1
ARGLOG Carmack t  26.3 pos '439.3 -754.8  24.0' spd  36.8 yaw 123 mode 2 st 1 gl 1 hp 18 frg 1
ARGLOG Romero t  26.4 pos '813.2 -622.2 -101.4' spd 251.6 yaw 243 mode 2 st 0 gl 0 hp 84 frg 0
ARGUS Carmack wallslide
ARGEVT Romero death Joe Rogan pos '770.9 -582.7 -136.0'
ARGUS Joe Rogan watch spawn
ARGEVT Joe Rogan goal item_rockets
ARGLOG Joe Rogan t  26.7 pos '797.1 -805.0 -232.0' spd 368.6 yaw 169.1 mode 0 st 0 gl 2 hp 100 frg 2
ARGEVT Carmack hazard
ARGEVT Joe Rogan route 10 start '817.0 -855.0 -232.0' goal '401.0 -791.0 -104.0'
ARGLOG Carmack t  26.8 pos '304.0 -739.3  24.0' spd   3.6 yaw  81.1 mode 2 st 1 gl 1 hp 18 frg 1
ARGLOG Joe Rogan t  27.2 pos '772.7 -681.8 -184.0' spd 321.4 yaw 118 mode 2 st 0 gl 2 hp 100 frg 2
ARGLOG Carmack t  27.3 pos '367.8 -603.9  24.0' spd 323.5 yaw 74 mode 2 st 1 gl 1 hp 18 frg 1
ARGUS Joe Rogan wallslide
ARGLOG Joe Rogan t  27.7 pos '816.0 -618.1 -152.0' spd 320.0 yaw 122 mode 2 st 0 gl 2 hp 100 frg 2
ARGLOG Carmack t  27.8 pos '382.4 -438.2  24.0' spd 337.7 yaw 14 mode 2 st 1 gl 1 hp 18 frg 1
ARGEVT Romero respawn
ARGEVT Romero goal item_armor2
ARGLOG Romero t  28.2 pos '112.0 -1136.0 -104.0' spd 0 yaw  40.2 mode 0 st 0 gl 0 hp 100 frg 0
ARGEVT Romero route 18 start '113.0 -1079.0 -104.0' goal '1169.0 -599.0  24.0'
ARGLOG Joe Rogan t  28.2 pos '748.8 -776.3 -232.0' spd 438.1 yaw 154.5 mode 2 st 0 gl 2 hp 100 frg 2
ARGEVT Joe Rogan hazard
ARGLOG Carmack t  28.3 pos '452.6 -274.6 -78.3' spd 341.9 yaw 323 mode 2 st 1 gl 1 hp 18 frg 1
ARGEVT Carmack engage Romero
ARGUS Carmack leadclip
ARGEVT Carmack grab item_armor1
ARGEVT Carmack retreat
ARGEVT Romero engage Carmack
ARGEVT Romero grab weapon_supershotgun
ARGLOG Romero t  28.7 pos '243.6 -1068.7 -104.0' spd 320.2 yaw  67.6 mode 2 st 0 gl 0 hp 100 frg 0
ARGLOG Joe Rogan t  28.8 pos '742.5 -741.8 -216.0' spd 320.2 yaw 72 mode 2 st 0 gl 2 hp 100 frg 2
ARGUS Romero wallslide
ARGUS Joe Rogan wallslide
ARGLOG Carmack t  28.8 pos '595.0 -183.2 -104.0' spd 321.7 yaw 253.6 mode 2 st 1 gl 1 hp 18 frg 1
ARGEVT Romero pursue
ARGEVT Carmack pursue
ARGUS Carmack wallslide
ARGLOG Romero t  29.2 pos '293.2 -944.9 -104.0' spd 320.2 yaw 74 mode 2 st 0 gl 0 hp 100 frg 0
ARGLOG Joe Rogan t  29.3 pos '755.9 -591.0 -136.0' spd 320.4 yaw 120 mode 2 st 0 gl 2 hp 100 frg 2
ARGEVT Joe Rogan hazard
ARGLOG Carmack t  29.3 pos '578.2 -280.6 -104.0' spd 320.0 yaw 245 mode 2 st 1 gl 1 hp 18 frg 1
ARGLOG Romero t  29.7 pos '337.6 -786.9 -104.0' spd 320.0 yaw 74 mode 2 st 0 gl 0 hp 100 frg 0
ARGLOG Joe Rogan t  29.8 pos '754.0 -654.3 -168.0' spd 320.0 yaw 117 mode 2 st 0 gl 2 hp 100 frg 2
ARGUS Carmack hunch item_artifact_super_damage
ARGEVT Carmack hazard
ARGEVT Carmack goal item_health
ARGEVT Carmack jump
ARGEVT Carmack route 2 start '529.0 -407.0 -104.0' goal '465.0 -471.0  24.0'
ARGLOG Carmack t  29.8 pos '521.5 -425.0 -99.9' spd 230.3 yaw  15.5 mode 2 st 1 gl 1 hp 18 frg 1
ARGEVT Carmack pursue
ARGEVT Romero route 15 start '337.0 -663.0 -104.0' goal '1169.0 -599.0  24.0'
ARGUS Romero wallslide
ARGUS Joe Rogan wallslide
ARGLOG Romero t  30.2 pos '368.0 -624.8 -104.0' spd 334.3 yaw 72 mode 2 st 0 gl 0 hp 100 frg 0
ARGLOG Joe Rogan t  30.3 pos '720.7 -825.5 -232.0' spd 335.5 yaw 111 mode 2 st 0 gl 2 hp 100 frg 2
ARGUS Romero hunch item_artifact_super_damage
ARGEVT Romero pursue
ARGLOG Carmack t  30.4 pos '596.9 -409.1 -76.5' spd 187.8 yaw 155.9 mode 2 st 1 gl 1 hp 18 frg 1
ARGEVT Carmack pursue
ARGEVT Romero goal item_armor2
ARGEVT Romero route 15 start '337.0 -567.0 -104.0' goal '1169.0 -599.0  24.0'
ARGEVT Joe Rogan engage Romero
ARGUS Joe Rogan leadclip
ARGEVT Joe Rogan grab weapon_nailgun
ARGEVT Romero jump
ARGEVT Joe Rogan route 8 start '369.0  73.0 -288.0' goal '401.0 -791.0 -104.0'
ARGEVT Carmack jump
ARGLOG Romero t  30.8 pos '302.6 -509.5 -72.8' spd  30.4 yaw  38.5 mode 2 st 0 gl 0 hp 100 frg 0
ARGLOG Joe Rogan t  30.8 pos '368.0 -18.4 -287.1' spd 300 yaw 265.5 mode 2 st 0 gl 2 hp 100 frg 2
ARGLOG Carmack t  30.9 pos '571.9 -379.6 -64.3' spd  53.8 yaw 206.1 mode 2 st 1 gl 1 hp 18 frg 1
ARGUS Carmack leadclip
ARGEVT Romero grab item_health
ARGLOG Romero t  31.3 pos '420.7 -521.3 -73.5' spd 258.8 yaw  33.9 mode 2 st 0 gl 0 hp 32 frg 0
ARGLOG Joe Rogan t  31.3 pos '366.6 -49.9 -296.0' spd 293.1 yaw 280.6 mode 2 st 0 gl 2 hp 100 frg 2
ARGLOG Carmack t  31.4 pos '585.5 -409.9 -104.0' spd 239.8 yaw 217.8 mode 2 st 1 gl 1 hp 18 frg 1
ARGEVT Carmack pursue
ARGEVT Carmack jump
ARGEVT Romero pursue
ARGEVT Romero death Joe Rogan pos '392.2 -513.2 -104.0'
ARGEVT Joe Rogan goal backpack
ARGEVT Joe Rogan route 4 start '337.0 -119.0 -296.0' goal '369.0 -471.0 -104.0'
ARGLOG Joe Rogan t  31.8 pos '403.2 -169.9 -296.0' spd 360.5 yaw 263.3 mode 2 st 0 gl 2 hp 100 frg 3
ARGEVT Joe Rogan hazard
ARGEVT Joe Rogan rjump
ARGUS Joe Rogan aircontrol
ARGLOG Carmack t  31.9 pos '592.0 -454.9 -81.0' spd  47.1 yaw 126.0 mode 2 st 1 gl 1 hp 18 frg 1
ARGEVT Joe Rogan engage Carmack
ARGEVT Carmack engage Joe Rogan
ARGEVT Carmack jump
ARGLOG Joe Rogan t  32.3 pos '368.5 -367.5 -114.7' spd  78.5 yaw 348.3 mode 1 st 0 gl 2 hp 91 frg 3
ARGLOG Carmack t  32.4 pos '629.8 -424.8 -91.0' spd 202.7 yaw 176.9 mode 2 st 1 gl 1 hp 18 frg 1
ARGUS Joe Rogan leadclip
ARGEVT Joe Rogan grab 
ARGEVT Carmack weapon sg
ARGLOG Joe Rogan t  32.8 pos '358.8 -383.1 -104.0' spd  83.9 yaw 354.2 mode 1 st 0 gl 2 hp 91 frg 3
ARGLOG Carmack t  32.9 pos '680.6 -416.7 -116.2' spd  81.5 yaw 176.9 mode 2 st 1 gl 1 hp 18 frg 1
ARGEVT Carmack death Joe Rogan pos '672.0 -415.2 -120.0'
ARGUS Joe Rogan watch spawn
ARGEVT Romero respawn
ARGEVT Romero goal item_armor2
ARGLOG Romero t  33.0 pos '776.0 -808.0 -232.0' spd 0 yaw  85.2 mode 0 st 0 gl 0 hp 100 frg 0
ARGEVT Joe Rogan goal item_rockets
ARGEVT Romero route 23 start '753.0 -759.0 -232.0' goal '1169.0 -599.0  24.0'
ARGEVT Joe Rogan route 3 start '369.0 -471.0 -104.0' goal '401.0 -791.0 -104.0'
ARGLOG Joe Rogan t  33.4 pos '414.2 -528.0 -50.8' spd 208.1 yaw 169 mode 2 st 0 gl 2 hp 72 frg 4
ARGEVT Romero hazard
ARGUS Romero wallslide
ARGLOG Romero t  33.6 pos '752.0 -718.0 -200.0' spd 109.0 yaw 115 mode 2 st 0 gl 0 hp 100 frg 0
ARGLOG Joe Rogan t  33.9 pos '388.5 -483.5 -104.0' spd 334.9 yaw 162.1 mode 2 st 0 gl 2 hp 72 frg 4
ARGLOG Romero t  34.1 pos '737.6 -873.2 -232.0' spd 371.9 yaw 330.8 mode 0 st 0 gl 0 hp 100 frg 0
ARGEVT Romero route 22 start '753.0 -887.0 -232.0' goal '1169.0 -599.0  24.0'
ARGEVT Joe Rogan hazard
ARGEVT Joe Rogan engage Romero
ARGEVT Joe Rogan grab weapon_grenadelauncher
ARGEVT Romero engage Joe Rogan
ARGUS routecache adopt
ARGEVT Romero route 21 start '369.0  73.0 -288.0' goal '1169.0 -599.0  24.0'
ARGLOG Joe Rogan t  34.4 pos '237.9 -401.3 -104.0' spd 334.2 yaw  78.0 mode 2 st 0 gl 2 hp 72 frg 4
ARGEVT Carmack respawn
ARGEVT Carmack goal weapon_lightning
ARGLOG Carmack t  34.5 pos '784.0 -176.0  24.0' spd 0 yaw 184.8 mode 0 st 1 gl 1 hp 100 frg 1
ARGEVT Carmack route 4 start '785.0 -183.0  24.0' goal '529.0 -311.0 -104.0'
ARGLOG Romero t  34.6 pos '368.0 -32.5 -296.0' spd 300 yaw 241.9 mode 2 st 0 gl 0 hp 100 frg 0
ARGUS Joe Rogan wallslide
ARGEVT Carmack engage Joe Rogan
ARGLOG Joe Rogan t  34.9 pos '193.8 -431.9 -104.0' spd 329.4 yaw  60.2 mode 2 st 0 gl 2 hp 68 frg 4
ARGLOG Carmack t  35.0 pos '629.5 -188.7  24.0' spd 355.3 yaw 212.2 mode 2 st 1 gl 1 hp 100 frg 1
ARGUS Joe Rogan leadclip
ARGEVT Romero retreat
ARGLOG Romero t  35.1 pos '380.4 -73.9 -292.0' spd 429.2 yaw 249.8 mode 2 st 0 gl 0 hp 12 frg 0
ARGLOG Joe Rogan t  35.4 pos '356.3 -467.9 -108.0' spd 336.4 yaw  79.0 mode 2 st 0 gl 2 hp 62 frg 4
ARGLOG Carmack t  35.5 pos '485.5 -101.3  -8.4' spd 225.7 yaw 252.3 mode 1 st 1 gl 1 hp 100 frg 1
ARGLOG Romero t  35.6 pos '432.0 -48.0 -271.7' spd   1.6 yaw 266.5 mode 2 st 0 gl 0 hp 12 frg 0
ARGEVT Romero hazard
ARGEVT Joe Rogan grab item_health
ARGEVT Joe Rogan hazard
ARGLOG Joe Rogan t  35.9 pos '412.1 -517.3 -104.0' spd 162.1 yaw  85.1 mode 2 st 0 gl 2 hp 40 frg 4
ARGEVT Joe Rogan pursue
ARGEVT Romero pursue
ARGLOG Carmack t  36.1 pos '548.1 -99.3 -104.0' spd 322.6 yaw 257.3 mode 1 st 1 gl 1 hp 100 frg 1
ARGLOG Romero t  36.1 pos '378.9 -43.5 -296.0' spd 296.1 yaw 244.9 mode 2 st 0 gl 0 hp 12 frg 0
ARGUS Joe Rogan wallslide
ARGUS Romero wallslide
ARGLOG Joe Rogan t  36.4 pos '445.5 -398.1 -104.0' spd 240.3 yaw 103.8 mode 2 st 0 gl 2 hp 40 frg 4
ARGLOG Carmack t  36.6 pos '523.0 -103.2 -104.0' spd 327.4 yaw 257.6 mode 1 st 1 gl 1 hp 100 frg 1
ARGLOG Romero t  36.6 pos '336.0  76.0 -288.0' spd 324.5 yaw 289.4 mode 2 st 0 gl 0 hp 12 frg 0
ARGEVT Romero hazard
ARGLOG Joe Rogan t  37.0 pos '546.2 -426.5 -104.0' spd  87.2 yaw 105.9 mode 2 st 0 gl 2 hp 40 frg 4
ARGEVT Romero pursue
ARGEVT Joe Rogan pursue
ARGLOG Carmack t  37.1 pos '574.4 -102.6 -104.0' spd 323.8 yaw 269.1 mode 1 st 1 gl 1 hp 100 frg 1
ARGLOG Romero t  37.1 pos '374.7  61.2 -288.0' spd 324.9 yaw 283 mode 2 st 0 gl 0 hp 12 frg 0
ARGUS Carmack wallslide
ARGUS Romero hunch item_health
ARGEVT Romero pursue
ARGEVT Joe Rogan route 5 start '529.0 -311.0 -104.0' goal '401.0 -791.0 -104.0'
ARGEVT Romero pursue
ARGLOG Joe Rogan t  37.5 pos '495.3 -287.8 -104.0' spd 320.0 yaw 114 mode 2 st 0 gl 2 hp 40 frg 4
ARGEVT Romero goal item_health
ARGEVT Romero route 4 start '369.0   9.0 -296.0' goal '529.0  73.0 -296.0'
ARGLOG Carmack t  37.6 pos '624.0 -210.5 -104.0' spd 322.8 yaw 206.2 mode 1 st 1 gl 1 hp 100 frg 1
ARGUS Joe Rogan prefire
ARGLOG Romero t  37.7 pos '394.8  74.4 -288.0' spd 321.8 yaw   3.3 mode 2 st 0 gl 0 hp 12 frg 0
ARGUS Joe Rogan hunch item_artifact_super_damage
ARGEVT Joe Rogan hazard
ARGEVT Joe Rogan goal item_health
ARGEVT Joe Rogan pursue
ARGEVT Romero hazard
ARGEVT Joe Rogan route 3 start '465.0 -279.0 -104.0' goal '465.0 -471.0  24.0'
ARGEVT Carmack grab 
ARGLOG Joe Rogan t  38.0 pos '480.3 -283.5 -104.0' spd 384.6 yaw 220.7 mode 2 st 0 gl 2 hp 40 frg 4
ARGEVT Romero death Joe Rogan pos '393.9  45.2 -288.0'
ARGEVT Joe Rogan engage Carmack
ARGEVT Joe Rogan weapon ssg
ARGLOG Carmack t  38.1 pos '615.3 -376.5 -104.0' spd 392.1 yaw 160.4 mode 1 st 1 gl 1 hp 100 frg 1
ARGEVT Joe Rogan goal item_health
ARGUS routecache adopt
ARGEVT Joe Rogan route 3 start '465.0 -279.0 -104.0' goal '465.0 -471.0  24.0'
ARGEVT Joe Rogan weapon rl
ARGEVT Joe Rogan retreat
ARGUS Joe Rogan leadclip
ARGLOG Joe Rogan t  38.5 pos '472.3 -245.0 -104.0' spd 297.1 yaw 202.9 mode 2 st 0 gl 2 hp 24 frg 5
ARGUS Joe Rogan bodyblock
ARGUS Carmack bodyblock
ARGEVT Joe Rogan death Joe Rogan pos '473.7 -211.3 -104.0'
ARGLOG Carmack t  38.6 pos '454.2 -240.4 -296.0' spd 300 yaw 320 mode 1 st 1 gl 1 hp 100 frg 1
ARGEVT Carmack jump
ARGLOG Carmack t  39.1 pos '481.1 -246.6 -292.1' spd 364.6 yaw 310 mode 1 st 1 gl 1 hp 100 frg 1
ARGEVT Romero respawn
ARGEVT Romero goal backpack
ARGLOG Romero t  39.6 pos '784.0 -176.0  24.0' spd 0 yaw 185.1 mode 0 st 0 gl 0 hp 100 frg 0
ARGEVT Romero route 3 start '785.0 -183.0  24.0' goal '465.0 -279.0 -104.0'
ARGLOG Carmack t  39.6 pos '656.0 -268.7 -268.4' spd  97.9 yaw 106.4 mode 1 st 1 gl 1 hp 100 frg 1
ARGEVT Romero hazard
ARGLOG Romero t  40.1 pos '637.5 -203.4  24.0' spd 374.9 yaw 204 mode 2 st 0 gl 0 hp 100 frg 0
ARGEVT Joe Rogan respawn
ARGEVT Romero engage Joe Rogan
ARGEVT Joe Rogan goal weapon_rocketlauncher
ARGEVT Joe Rogan engage Romero
ARGLOG Joe Rogan t  40.1 pos '-64.0 -232.0 -72.0' spd 0 yaw   0.8 mode 0 st 0 gl 2 hp 100 frg 4
ARGEVT Romero grab 
ARGLOG Carmack t  40.1 pos '558.0 -218.9 -296.0' spd 329.1 yaw 186 mode 1 st 1 gl 1 hp 100 frg 1
ARGEVT Joe Rogan route 12 start '-47.0 -247.0 -72.0' goal ' 81.0  73.0 -296.0'
ARGEVT Carmack hazard
ARGEVT Carmack jump
ARGUS Romero bodyblock
ARGLOG Romero t  40.6 pos '471.7 -242.8  -8.6' spd 230.1 yaw 184.4 mode 1 st 0 gl 0 hp 100 frg 0
ARGUS Carmack bodyblock
ARGLOG Joe Rogan t  40.6 pos ' 62.3 -236.4 -72.0' spd 205.4 yaw 355.9 mode 2 st 0 gl 2 hp 100 frg 4
ARGEVT Carmack engage Romero
ARGEVT Carmack grab 
ARGLOG Carmack t  40.6 pos '429.6 -272.0 -253.5' spd 230.1 yaw 112.2 mode 1 st 1 gl 1 hp 100 frg 1
ARGUS routecache adopt
ARGEVT Joe Rogan route 10 start '145.0 -247.0 -72.0' goal ' 81.0  73.0 -296.0'
ARGLOG Romero t  41.1 pos '472.1 -313.8 -104.0' spd 116.6 yaw 177.5 mode 1 st 0 gl 0 hp 80 frg 0
ARGLOG Joe Rogan t  41.1 pos '119.0 -321.6 -40.0' spd 330.9 yaw   1.2 mode 2 st 0 gl 2 hp 80 frg 4
ARGLOG Carmack t  41.2 pos '342.8 -268.4 -296.0' spd 210.6 yaw 342.3 mode 1 st 1 gl 1 hp 100 frg 1
ARGUS Romero leadclip
ARGEVT Romero goal item_armorInv
ARGEVT Romero route 5 start '465.0 -279.0 -104.0' goal '817.0 -855.0 -232.0'
ARGEVT Carmack goal backpack
ARGEVT Carmack hazard
ARGEVT Carmack pursue
ARGLOG Romero t  41.6 pos '513.7 -304.7 -104.0' spd 331.3 yaw 203.2 mode 2 st 0 gl 1 hp 60 frg 0
ARGEVT Joe Rogan hazard
ARGEVT Joe Rogan retreat
ARGLOG Joe Rogan t  41.7 pos '151.0 -490.1  24.0' spd 264.8 yaw  30.8 mode 2 st 0 gl 2 hp 20 frg 4
ARGEVT Romero grab item_cells
ARGLOG Carmack t  41.7 pos '325.5 -217.2 -296.0' spd  21.7 yaw 333 mode 1 st 1 gl 1 hp 100 frg 1
ARGUS Carmack hunch item_artifact_super_damage
ARGEVT Carmack pursue
ARGEVT Carmack goal backpack
ARGLOG Romero t  42.1 pos '430.1 -431.1 -104.0' spd 343.0 yaw 189.0 mode 2 st 0 gl 1 hp 60 frg 0
ARGLOG Joe Rogan t  42.2 pos '246.3 -434.9  24.0' spd 312.2 yaw   5.8 mode 2 st 0 gl 2 hp 20 frg 4
ARGEVT Romero grab item_cells
ARGLOG Carmack t  42.2 pos '343.4 -258.9 -296.0' spd 329.1 yaw 236.4 mode 1 st 1 gl 1 hp 100 frg 1
ARGEVT Carmack hazard
ARGLOG Romero t  42.6 pos '330.7 -568.6 -104.0' spd 327.7 yaw 120.9 mode 0 st 0 gl 1 hp 36 frg 0
ARGEVT Joe Rogan death Romero pos '235.1 -388.3 -69.9'
ARGUS Romero watch spawn
ARGLOG Carmack t  42.7 pos '407.5 -242.7 -296.0' spd 292.3 yaw 330.9 mode 1 st 1 gl 1 hp 100 frg 1
ARGEVT Carmack pursue
ARGEVT Romero goal item_health
ARGEVT Romero route 4 start '337.0 -663.0 -104.0' goal '465.0 -471.0  24.0'
ARGEVT Romero hazard
ARGUS Romero wallslide
ARGLOG Romero t  43.1 pos '304.3 -721.9 -104.0' spd  59.2 yaw 132.7 mode 2 st 0 gl 1 hp 36 frg 1
ARGLOG Carmack t  43.2 pos '501.0 -264.2 -296.0' spd 184.4 yaw 221.3 mode 1 st 1 gl 1 hp 100 frg 1
ARGEVT Carmack hazard
ARGEVT Carmack pursue
ARGLOG Romero t  43.6 pos '304.0 -583.4 -104.0' spd 329.8 yaw 106 mode 2 st 0 gl 1 hp 36 frg 1
ARGLOG Carmack t  43.7 pos '386.5 -214.0 -296.0' spd 409.2 yaw 114.5 mode 1 st 1 gl 1 hp 100 frg 1
ARGEVT Romero engage Carmack
ARGEVT Romero grab 
ARGLOG Romero t  44.1 pos '278.8 -419.7 -104.0' spd 337.5 yaw  35.9 mode 2 st 0 gl 1 hp 36 frg 1
ARGEVT Romero hazard
ARGEVT Joe Rogan respawn
ARGEVT Joe Rogan goal weapon_rocketlauncher
ARGLOG Joe Rogan t  44.2 pos '-64.0 -232.0 -72.0' spd 0 yaw 354.9 mode 0 st 0 gl 2 hp 100 frg 4
ARGEVT Joe Rogan route 12 start '-47.0 -247.0 -72.0' goal ' 81.0  73.0 -296.0'
ARGLOG Carmack t  44.2 pos '280.6 -203.9 -296.0' spd  71.7 yaw 216.2 mode 1 st 1 gl 1 hp 100 frg 1
ARGEVT Carmack hazard
ARGLOG Romero t  44.6 pos '260.7 -411.1 -104.0' spd 320.3 yaw  67.1 mode 2 st 0 gl 1 hp 36 frg 1
ARGLOG Joe Rogan t  44.7 pos ' 83.3 -263.4 -72.0' spd 322.2 yaw 345.4 mode 2 st 0 gl 2 hp 100 frg 4
ARGLOG Carmack t  44.7 pos '341.1 -220.0 -296.0' spd 351.4 yaw 250.9 mode 1 st 1 gl 1 hp 79 frg 1
ARGEVT Joe Rogan engage Romero
ARGEVT Romero retreat
ARGEVT Romero jump
ARGEVT Joe Rogan hazard
ARGEVT Romero death Joe Rogan pos '383.7 -447.2 -77.4'
ARGUS Joe Rogan watch spawn
ARGEVT Carmack engage Joe Rogan
ARGEVT Joe Rogan engage Carmack
ARGEVT Carmack grab 
ARGEVT Joe Rogan goal backpack
ARGLOG Joe Rogan t  45.2 pos '202.2 -232.2 -72.0' spd 144.7 yaw 358.2 mode 0 st 0 gl 2 hp 100 frg 5
ARGEVT Joe Rogan route 2 start '145.0 -247.0 -72.0' goal '369.0 -471.0 -104.0'
ARGLOG Carmack t  45.2 pos '392.7 -207.0 -296.0' spd 195.1 yaw 189.7 mode 1 st 1 gl 1 hp 79 frg 1
ARGLOG Joe Rogan t  45.7 pos '208.0 -251.6 -106.7' spd  14.3 yaw  40.9 mode 2 st 0 gl 2 hp 84 frg 5
ARGLOG Carmack t  45.7 pos '361.1 -84.3 -296.0' spd 345.0 yaw 221.6 mode 1 st 1 gl 1 hp 79 frg 1
ARGEVT Carmack hazard
ARGEVT Carmack goal item_health
ARGEVT Carmack route 9 start '369.0   9.0 -296.0' goal '-47.0 585.0 -296.0'
ARGLOG Joe Rogan t  46.2 pos '177.4 -256.1 -296.0' spd 158.5 yaw  53.5 mode 2 st 0 gl 2 hp 60 frg 5
ARGEVT Joe Rogan jump
ARGLOG Carmack t  46.3 pos '357.6  41.6 -288.0' spd 243.6 yaw 236.9 mode 2 st 1 gl 2 hp 65 frg 1
