LOG started on: 09/13/2026 07:35:29 
Playing registered version.
UDP Initialized
WIPX_OpenSocket: Address family not supported by protocol family
WIPX_Init: Unable to open control socket, IPX disabled
Exe: 20:02:47 Jul 31 2024
256.0 megabyte heap

Language initialization
Couldn't load 'localization/loc_english.txt'
from 'C:/argus/engine'

========= Quake Initialized =========

execing autoexec.cfg
SpawnServer: e1m8
Clearing memory
Programs occupy 859K.
trying to open external vis file
maps/e1m8.vis not found, trying argus.vis
external vis not found
ARGUS slots 8
ARGUS worldspawn reached
ARGNAV 127 nodes, 1073 links
31 entities inhibited
ARGUS init on e1m8
ARGEVT Carmack spawned
ARGEVT Romero spawned
ARGEVT Joe Rogan spawned
Server spawned.
ARGLOG Joe Rogan t   1.2 pos '384.0 -256.0 -712.0' spd 0 yaw 177.6 mode 0 st 0 gl 0 hp 100 frg 0
ARGLOG Romero t   1.2 pos '880.0 128.0  24.0' spd 0 yaw 317.5 mode 0 st 0 gl 0 hp 100 frg 0
ARGLOG Carmack t   1.2 pos '1000.0 -136.0 -712.0' spd 0 yaw  29.6 mode 0 st 0 gl 0 hp 100 frg 0
ARGEVT Carmack hazard
ARGLOG Joe Rogan t   1.7 pos '230.1 -247.9 -712.0' spd 320 yaw 177.6 mode 0 st 0 gl 0 hp 100 frg 0
ARGLOG Romero t   1.7 pos '950.2 151.5  24.0' spd 131.9 yaw 288.1 mode 0 st 0 gl 0 hp 100 frg 0
ARGLOG Carmack t   1.7 pos '1135.7 -85.0 -712.0' spd 334.6 yaw 334.0 mode 0 st 0 gl 0 hp 100 frg 0
ARGLOG Joe Rogan t   2.2 pos ' 65.2 -239.3 -712.0' spd 320 yaw 177.6 mode 0 st 0 gl 0 hp 100 frg 0
ARGLOG Romero t   2.2 pos '1016.6  14.9  24.0' spd 320.2 yaw 288.1 mode 0 st 0 gl 0 hp 100 frg 0
ARGLOG Carmack t   2.2 pos '1292.1 -140.6 -712.0' spd 320.1 yaw 334.0 mode 0 st 0 gl 0 hp 100 frg 0
ARGLOG Joe Rogan t   2.7 pos '126.2 -252.2 -712.0' spd 320.0 yaw 353.0 mode 0 st 0 gl 0 hp 100 frg 0
ARGLOG Romero t   2.7 pos '1071.1 -140.6  24.0' spd 320.0 yaw 288.1 mode 0 st 0 gl 0 hp 100 frg 0
ARGLOG Carmack t   2.7 pos '1235.3 -185.1 -712.0' spd 320.6 yaw  85.0 mode 0 st 0 gl 0 hp 100 frg 0
ARGLOG Joe Rogan t   3.3 pos '289.8 -272.3 -712.0' spd 320.0 yaw 353.0 mode 0 st 0 gl 0 hp 100 frg 0
ARGLOG Romero t   3.3 pos '1124.7 -296.4  24.0' spd 320 yaw 288.1 mode 0 st 0 gl 0 hp 100 frg 0
ARGLOG Carmack t   3.3 pos '1155.1 -101.7 -712.0' spd 331.9 yaw 211.7 mode 0 st 0 gl 0 hp 100 frg 0
ARGLOG Joe Rogan t   3.8 pos '409.4 -253.1 -712.0' spd 314.1 yaw 126.0 mode 0 st 0 gl 0 hp 100 frg 0
ARGLOG Romero t   3.8 pos '1194.4 -271.8  24.0' spd 322.1 yaw  72.7 mode 0 st 0 gl 0 hp 100 frg 0
ARGLOG Carmack t   3.8 pos '1016.4 -167.8 -712.0' spd 102.5 yaw  44.8 mode 0 st 0 gl 0 hp 100 frg 0
ARGEVT Joe Rogan hazard
ARGEVT Joe Rogan plan powerup via weapon
ARGEVT Joe Rogan goal weapon_rocketlauncher
ARGEVT Romero goal weapon_rocketlauncher
ARGEVT Carmack plan powerup via weapon
ARGEVT Carmack goal weapon_supernailgun
ARGEVT Carmack hazard
ARGEVT Joe Rogan route 13 start '385.0 -223.0 -712.0' goal '1249.0 -127.0 -552.0'
ARGEVT Romero hazard
ARGLOG Joe Rogan t   4.3 pos '432.0 -249.3 -712.0' spd 332.6 yaw 161 mode 2 st 0 gl 0 hp 100 frg 0
ARGLOG Romero t   4.3 pos '1217.1 -118.9  24.0' spd 379.3 yaw 154.9 mode 0 st 0 gl 0 hp 100 frg 0
ARGLOG Carmack t   4.3 pos '1123.8 -86.3 -712.0' spd 214.5 yaw 127.1 mode 0 st 0 gl 0 hp 100 frg 0
ARGEVT Romero route 1 start '833.0 -159.0 -368.0' goal '833.0 -383.0 -368.0'
ARGUS routecache adopt
ARGEVT Romero route 1 start '833.0 -159.0 -368.0' goal '833.0 -383.0 -368.0'
ARGEVT Carmack route 16 start '1025.0 -95.0 -712.0' goal '673.0 257.0 -454.0'
ARGLOG Joe Rogan t   4.8 pos '355.2 -300.8 -712.0' spd 327.2 yaw 149 mode 2 st 0 gl 0 hp 100 frg 0
ARGLOG Romero t   4.8 pos '1055.5 -141.1  24.0' spd 321.1 yaw 228 mode 2 st 0 gl 0 hp 100 frg 0
ARGLOG Carmack t   4.8 pos '995.0 -114.7 -712.0' spd 388.9 yaw 249 mode 2 st 0 gl 0 hp 100 frg 0
ARGEVT Romero engage Carmack
ARGEVT Carmack engage Romero
ARGLOG Joe Rogan t   5.3 pos '191.3 -269.9 -712.0' spd 335.6 yaw 109 mode 2 st 0 gl 0 hp 100 frg 0
ARGLOG Romero t   5.3 pos '1064.1 -107.2  24.0' spd 353.4 yaw 247.8 mode 2 st 0 gl 0 hp 100 frg 0
ARGLOG Carmack t   5.3 pos '984.8 -277.5  24.0' spd 346.6 yaw  55.7 mode 2 st 0 gl 0 hp 100 frg 0
ARGEVT Carmack hazard
ARGEVT Romero route 1 start '833.0 -159.0 -368.0' goal '833.0 -383.0 -368.0'
ARGLOG Joe Rogan t   5.8 pos ' 66.9 -161.8 -712.0' spd 347.9 yaw 63 mode 2 st 0 gl 0 hp 100 frg 0
ARGLOG Romero t   5.8 pos '1225.0 -162.9  24.0' spd 325.7 yaw 243.6 mode 0 st 0 gl 0 hp 84 frg 0
ARGLOG Carmack t   5.8 pos '1129.1 -355.8  24.0' spd 354.4 yaw  51.1 mode 2 st 0 gl 0 hp 76 frg 0
ARGUS routecache adopt
ARGEVT Romero route 1 start '833.0 -159.0 -368.0' goal '833.0 -383.0 -368.0'
ARGEVT Romero grab item_health
ARGUS routecache adopt
ARGEVT Romero route 1 start '833.0 -159.0 -368.0' goal '833.0 -383.0 -368.0'
ARGLOG Joe Rogan t   6.3 pos ' 42.0   5.7 -712.0' spd 323.2 yaw 40 mode 2 st 0 gl 0 hp 100 frg 0
ARGUS routecache adopt
ARGEVT Romero route 1 start '833.0 -159.0 -368.0' goal '833.0 -383.0 -368.0'
ARGLOG Romero t   6.3 pos '1272.9 -176.4  24.0' spd 257.4 yaw 274.1 mode 0 st 0 gl 0 hp 84 frg 0
ARGLOG Carmack t   6.3 pos '1284.9 -369.8  24.0' spd  99.5 yaw  92.0 mode 2 st 0 gl 0 hp 76 frg 0
ARGUS routecache adopt
ARGEVT Romero route 1 start '833.0 -159.0 -368.0' goal '833.0 -383.0 -368.0'
ARGUS routecache adopt
ARGEVT Romero route 1 start '833.0 -159.0 -368.0' goal '833.0 -383.0 -368.0'
ARGLOG Joe Rogan t   6.9 pos '120.5 148.2 -712.0' spd 250.7 yaw 7 mode 2 st 0 gl 0 hp 100 frg 0
ARGLOG Romero t   6.9 pos '1258.7 -175.5  24.0' spd  95.5 yaw 233.1 mode 0 st 0 gl 0 hp 68 frg 0
ARGLOG Carmack t   6.9 pos '1128.0 -344.4  24.0' spd 347.2 yaw  57.9 mode 2 st 0 gl 0 hp 52 frg 0
ARGUS routecache adopt
ARGEVT Romero route 1 start '833.0 -159.0 -368.0' goal '833.0 -383.0 -368.0'
ARGEVT Carmack retreat
ARGUS routecache adopt
ARGEVT Romero route 1 start '833.0 -159.0 -368.0' goal '833.0 -383.0 -368.0'
ARGLOG Joe Rogan t   7.4 pos '286.6 113.0 -712.0' spd 329.3 yaw 26 mode 2 st 0 gl 0 hp 100 frg 0
ARGUS routecache adopt
ARGEVT Romero route 1 start '833.0 -159.0 -368.0' goal '833.0 -383.0 -368.0'
ARGLOG Romero t   7.4 pos '1248.8 -167.5  24.0' spd  67.3 yaw 212.3 mode 0 st 0 gl 0 hp 48 frg 0
ARGLOG Carmack t   7.4 pos '997.4 -349.4  24.0' spd 344.5 yaw  27.3 mode 2 st 0 gl 0 hp 28 frg 0
ARGEVT Carmack hazard
ARGUS routecache adopt
ARGEVT Romero route 1 start '833.0 -159.0 -368.0' goal '833.0 -383.0 -368.0'
ARGUS routecache adopt
ARGEVT Romero route 1 start '833.0 -159.0 -368.0' goal '833.0 -383.0 -368.0'
ARGEVT Romero hazard
ARGLOG Joe Rogan t   7.9 pos '421.6  26.7 -687.3' spd 169.7 yaw 39 mode 2 st 0 gl 0 hp 100 frg 0
ARGLOG Romero t   7.9 pos '1190.7 -112.0  24.0' spd 322.4 yaw 250.7 mode 0 st 0 gl 0 hp 24 frg 0
ARGLOG Carmack t   7.9 pos '1138.3 -347.2  24.0' spd 322.0 yaw  73.8 mode 2 st 0 gl 0 hp 4 frg 0
ARGUS routecache adopt
ARGEVT Romero route 1 start '833.0 -159.0 -368.0' goal '833.0 -383.0 -368.0'
ARGEVT Romero death Carmack pos '1169.5 -115.3  24.0'
ARGUS Carmack watch spawn
ARGEVT Carmack goal item_health
ARGEVT Carmack route 2 start '833.0 -383.0 -368.0' goal '641.0 -127.0 -368.0'
ARGLOG Joe Rogan t   8.4 pos '448.0  41.2 -599.8' spd  30.0 yaw 42 mode 2 st 0 gl 0 hp 100 frg 0
ARGUS routecache adopt
ARGEVT Carmack route 2 start '833.0 -383.0 -368.0' goal '641.0 -127.0 -368.0'
ARGLOG Carmack t   8.4 pos '1293.7 -287.0  24.0' spd 399.5 yaw 108 mode 0 st 0 gl 0 hp 4 frg 1
ARGUS routecache adopt
ARGEVT Carmack route 1 start '833.0 -159.0 -368.0' goal '641.0 -127.0 -368.0'
ARGUS routecache adopt
ARGEVT Carmack route 1 start '833.0 -159.0 -368.0' goal '641.0 -127.0 -368.0'
ARGLOG Joe Rogan t   8.9 pos '448.0  56.6 -538.9' spd  30.0 yaw 36 mode 2 st 0 gl 0 hp 100 frg 0
ARGLOG Carmack t   8.9 pos '1218.9 -135.2  24.0' spd 350.1 yaw 181 mode 0 st 0 gl 0 hp 4 frg 1
ARGUS routecache adopt
ARGEVT Carmack route 1 start '833.0 -159.0 -368.0' goal '641.0 -127.0 -368.0'
ARGLOG Joe Rogan t   9.4 pos '448.0  72.1 -504.1' spd  30.0 yaw 30 mode 2 st 0 gl 0 hp 100 frg 0
ARGLOG Carmack t   9.4 pos '1069.3 -196.2  24.0' spd 417.9 yaw 314.2 mode 2 st 0 gl 0 hp 4 frg 1
ARGEVT Romero respawn
ARGEVT Romero goal item_armor2
ARGLOG Romero t   9.7 pos '384.0 -256.0 -712.0' spd 0 yaw 163.7 mode 0 st 0 gl 0 hp 100 frg 0
ARGEVT Romero route 10 start '385.0 -223.0 -712.0' goal '673.0 321.0 -712.0'
ARGEVT Carmack route 2 start '833.0 -383.0 -368.0' goal '641.0 -127.0 -368.0'
ARGLOG Joe Rogan t   9.9 pos '448.1  87.5 -495.9' spd  30.0 yaw 23 mode 2 st 0 gl 0 hp 100 frg 0
ARGLOG Carmack t   9.9 pos '1227.8 -253.1  24.0' spd 380.3 yaw 74 mode 0 st 0 gl 0 hp 4 frg 1
ARGUS routecache adopt
ARGEVT Carmack route 1 start '833.0 -159.0 -368.0' goal '641.0 -127.0 -368.0'
ARGLOG Romero t  10.2 pos '227.1 -258.3 -712.0' spd 325.2 yaw 114 mode 2 st 0 gl 0 hp 100 frg 0
ARGUS routecache adopt
ARGEVT Carmack route 1 start '833.0 -159.0 -368.0' goal '641.0 -127.0 -368.0'
ARGEVT Carmack hazard
ARGLOG Joe Rogan t  10.5 pos '452.4 106.3 -514.2' spd  47.6 yaw 299 mode 2 st 0 gl 0 hp 100 frg 0
ARGUS routecache adopt
ARGEVT Carmack route 1 start '833.0 -159.0 -368.0' goal '641.0 -127.0 -368.0'
ARGLOG Carmack t  10.5 pos '1181.7 -137.3  24.0' spd 323.1 yaw 181 mode 0 st 0 gl 0 hp 4 frg 1
ARGLOG Romero t  10.7 pos ' 69.2 -209.1 -712.0' spd 355.1 yaw 90 mode 2 st 0 gl 0 hp 100 frg 0
ARGLOG Joe Rogan t  11.0 pos '465.0 128.9 -559.1' spd  52.9 yaw 294 mode 2 st 0 gl 0 hp 100 frg 0
ARGLOG Carmack t  11.0 pos '1018.9 -186.0  24.0' spd 330.1 yaw 171 mode 2 st 0 gl 0 hp 4 frg 1
ARGLOG Romero t  11.2 pos ' 45.7 -41.9 -712.0' spd 321.5 yaw 86 mode 2 st 0 gl 0 hp 100 frg 0
ARGEVT Carmack hazard
ARGLOG Joe Rogan t  11.5 pos '478.9 149.6 -621.8' spd  24.6 yaw 290 mode 2 st 0 gl 0 hp 100 frg 0
ARGLOG Carmack t  11.5 pos '951.7 -120.0  24.0' spd 149.8 yaw 182 mode 2 st 0 gl 0 hp 4 frg 1
ARGLOG Romero t  11.7 pos ' 58.0 122.3 -712.0' spd 320.0 yaw 89 mode 2 st 0 gl 0 hp 100 frg 0
ARGEVT Joe Rogan engage Romero
ARGEVT Romero engage Joe Rogan
ARGLOG Joe Rogan t  12.0 pos '484.3 147.9 -615.4' spd  32.2 yaw 182.8 mode 2 st 0 gl 0 hp 100 frg 0
ARGLOG Carmack t  12.0 pos '949.0 -146.6  24.0' spd 292.1 yaw 176 mode 2 st 0 gl 0 hp 4 frg 1
ARGLOG Romero t  12.3 pos ' 98.5  32.7 -712.0' spd 321.5 yaw  14.0 mode 2 st 0 gl 0 hp 100 frg 0
ARGEVT Joe Rogan pursue
ARGEVT Carmack hazard
ARGLOG Joe Rogan t  12.5 pos '476.4 164.2 -622.8' spd  45.5 yaw 186 mode 2 st 0 gl 0 hp 100 frg 0
ARGLOG Carmack t  12.5 pos '944.0 -243.5  24.0' spd 212.3 yaw 158 mode 2 st 0 gl 0 hp 4 frg 1
ARGLOG Romero t  12.8 pos '100.6 129.5 -712.0' spd 320.4 yaw  63.3 mode 2 st 0 gl 0 hp 100 frg 0
ARGEVT Romero grab item_health
ARGLOG Joe Rogan t  13.0 pos '469.4 181.7 -632.7' spd  61.4 yaw 198.8 mode 2 st 0 gl 0 hp 76 frg 0
ARGLOG Carmack t  13.0 pos '944.0 -303.5  24.0' spd 109.3 yaw 149 mode 2 st 0 gl 0 hp 4 frg 1
ARGLOG Romero t  13.3 pos '102.7  40.1 -712.0' spd 226.5 yaw  25.1 mode 2 st 0 gl 0 hp 76 frg 0
ARGEVT Romero hazard
ARGEVT Joe Rogan pursue
ARGLOG Joe Rogan t  13.5 pos '474.1 205.9 -617.8' spd  55.3 yaw 191 mode 2 st 0 gl 0 hp 76 frg 0
ARGLOG Carmack t  13.5 pos '944.0 -260.2  24.0' spd 361.2 yaw 156 mode 2 st 0 gl 0 hp 4 frg 1
ARGEVT Carmack hazard
ARGLOG Romero t  13.8 pos ' 88.2  94.1 -712.0' spd 320.0 yaw  15.9 mode 2 st 0 gl 0 hp 76 frg 0
ARGLOG Joe Rogan t  14.1 pos '453.4 225.4 -627.1' spd  55.3 yaw 208.2 mode 2 st 0 gl 0 hp 76 frg 0
ARGLOG Carmack t  14.1 pos '944.0 -94.6  24.0' spd 167.1 yaw 187 mode 2 st 0 gl 0 hp 4 frg 1
ARGLOG Romero t  14.3 pos ' 86.2 123.3 -712.0' spd 320.1 yaw  59.4 mode 2 st 0 gl 0 hp 76 frg 0
ARGLOG Joe Rogan t  14.6 pos '435.0 249.4 -662.9' spd  61.9 yaw 193.2 mode 2 st 0 gl 0 hp 76 frg 0
ARGLOG Carmack t  14.6 pos '946.2 -209.0  24.0' spd 201.1 yaw 164 mode 2 st 0 gl 0 hp 4 frg 1
ARGEVT Carmack hazard
ARGLOG Romero t  14.8 pos ' 85.0 211.2 -712.0' spd 247.5 yaw   4.2 mode 2 st 0 gl 0 hp 72 frg 0
ARGEVT Romero grab item_health
ARGLOG Joe Rogan t  15.1 pos '406.4 250.7 -704.6' spd  70.6 yaw 197.7 mode 2 st 0 gl 0 hp 68 frg 0
ARGLOG Carmack t  15.1 pos '947.4 -279.5  24.0' spd 117.2 yaw 153 mode 2 st 0 gl 0 hp 4 frg 1
ARGEVT Romero route 7 start ' 65.0  97.0 -712.0' goal '673.0 321.0 -712.0'
ARGLOG Romero t  15.3 pos ' 46.1  51.2 -712.0' spd 345.4 yaw  26.2 mode 2 st 0 gl 0 hp 60 frg 0
ARGEVT Romero hazard
ARGEVT Romero pursue
ARGLOG Joe Rogan t  15.6 pos '403.6 242.6 -707.9' spd  20.4 yaw 352.7 mode 2 st 0 gl 0 hp 68 frg 0
ARGLOG Carmack t  15.6 pos '944.0 -190.0  24.0' spd 379.7 yaw 168 mode 2 st 0 gl 0 hp 4 frg 1
ARGUS Romero hunch item_artifact_invulnerability
ARGEVT Carmack hazard
ARGEVT Romero plan powerup via weapon
ARGEVT Romero goal weapon_supernailgun
ARGLOG Romero t  15.9 pos ' 92.6  50.4 -712.0' spd 265.7 yaw 209.5 mode 0 st 0 gl 0 hp 60 frg 0
ARGEVT Romero pursue
ARGEVT Romero route 6 start ' 65.0  97.0 -712.0' goal '673.0 257.0 -454.0'
ARGLOG Joe Rogan t  16.1 pos '414.3 235.6 -695.7' spd  28.5 yaw 321 mode 2 st 0 gl 0 hp 68 frg 0
ARGLOG Carmack t  16.1 pos '944.4 -111.9  24.0' spd 238.7 yaw 183 mode 2 st 0 gl 0 hp 4 frg 1
ARGLOG Romero t  16.4 pos ' 25.1 104.9 -712.0' spd 103.8 yaw  16.6 mode 2 st 0 gl 0 hp 60 frg 0
ARGLOG Joe Rogan t  16.6 pos '438.7 225.2 -667.7' spd  84.1 yaw 194.5 mode 2 st 0 gl 0 hp 44 frg 0
ARGLOG Carmack t  16.6 pos '946.5 -234.3  24.0' spd 144.9 yaw 160 mode 2 st 0 gl 0 hp 4 frg 1
ARGEVT Carmack hazard
ARGEVT Romero grab item_health
ARGLOG Romero t  16.9 pos ' 34.5 222.9 -712.0' spd 126.0 yaw 358.9 mode 2 st 0 gl 0 hp 60 frg 0
ARGEVT Joe Rogan retreat
ARGLOG Joe Rogan t  17.1 pos '497.4 204.1 -600.7' spd 157.0 yaw 190.6 mode 2 st 0 gl 0 hp 20 frg 0
ARGLOG Carmack t  17.1 pos '945.6 -285.7  24.0' spd 112.5 yaw 152 mode 2 st 0 gl 0 hp 4 frg 1
ARGLOG Romero t  17.4 pos ' 96.6  83.8 -712.0' spd 323.5 yaw  14.3 mode 2 st 0 gl 0 hp 60 frg 0
ARGEVT Joe Rogan pursue
ARGLOG Joe Rogan t  17.7 pos '567.5 180.1 -520.5' spd 132.8 yaw 187.9 mode 2 st 0 gl 0 hp 20 frg 0
ARGLOG Carmack t  17.7 pos '944.0 -124.9  24.0' spd 229.3 yaw 181 mode 2 st 0 gl 0 hp 4 frg 1
ARGEVT Romero hazard
ARGEVT Carmack hazard
ARGEVT Romero pursue
ARGLOG Romero t  17.9 pos '112.0 138.0 -712.0' spd 306.4 yaw   4.3 mode 2 st 0 gl 0 hp 60 frg 0
ARGLOG Joe Rogan t  18.2 pos '596.0 155.6 -451.3' spd 137.6 yaw 179.7 mode 2 st 0 gl 0 hp 8 frg 0
ARGLOG Carmack t  18.2 pos '944.0 -174.8  24.0' spd 309.5 yaw 171 mode 2 st 0 gl 0 hp 4 frg 1
ARGEVT Joe Rogan pursue
ARGLOG Romero t  18.4 pos '105.9  21.0 -712.0' spd 279.8 yaw 308.6 mode 2 st 0 gl 0 hp 56 frg 0
ARGLOG Joe Rogan t  18.7 pos '622.9 139.6 -397.7' spd  45.0 yaw 181 mode 2 st 0 gl 0 hp 8 frg 0
ARGLOG Carmack t  18.7 pos '944.0 -261.4  24.0' spd 123.3 yaw 156 mode 2 st 0 gl 0 hp 4 frg 1
ARGEVT Carmack hazard
ARGLOG Romero t  18.9 pos '112.0 -21.1 -712.0' spd 326.5 yaw 58 mode 2 st 0 gl 0 hp 56 frg 0
ARGLOG Joe Rogan t  19.2 pos '607.2 122.2 -370.1' spd  46.2 yaw 178 mode 2 st 0 gl 0 hp 8 frg 0
ARGLOG Carmack t  19.2 pos '944.0 -248.1  24.0' spd 340.8 yaw 158 mode 2 st 0 gl 0 hp 4 frg 1
ARGEVT Romero grab item_health
ARGEVT Joe Rogan death Romero pos '602.3 116.9 -367.0'
ARGLOG Romero t  19.5 pos ' 93.8 139.0 -712.0' spd 199.2 yaw 259.3 mode 2 st 0 gl 0 hp 48 frg 1
ARGEVT Romero goal item_health
ARGEVT Romero jump
ARGEVT Romero routefail
ARGLOG Carmack t  19.7 pos '944.0 -99.2  24.0' spd 158.6 yaw 186 mode 2 st 0 gl 0 hp 4 frg 1
ARGEVT Romero goal item_health
ARGEVT Carmack hazard
ARGEVT Romero routefail
ARGEVT Romero goal item_health
ARGLOG Romero t  20.0 pos ' 67.3 -12.2 -676.0' spd 322.6 yaw 13 mode 0 st 0 gl 0 hp 48 frg 1
ARGEVT Romero routefail
ARGEVT Romero goal item_health
ARGLOG Carmack t  20.2 pos '944.0 -212.2  24.0' spd 195.4 yaw 164 mode 2 st 0 gl 0 hp 4 frg 1
ARGEVT Romero routefail
ARGEVT Romero plan powerup via weapon
ARGEVT Romero goal weapon_rocketlauncher
ARGLOG Romero t  20.5 pos '112.0 -168.0 -704.0' spd 300.8 yaw 344.7 mode 0 st 0 gl 0 hp 48 frg 1
ARGEVT Romero route 11 start ' 65.0 -127.0 -712.0' goal '1249.0 -127.0 -552.0'
ARGEVT Romero hazard
ARGLOG Carmack t  20.7 pos '944.0 -281.1  24.0' spd 117.1 yaw 153 mode 2 st 0 gl 0 hp 4 frg 1
ARGEVT Carmack hazard
ARGEVT Joe Rogan respawn
ARGEVT Joe Rogan plan powerup via weapon
ARGEVT Joe Rogan goal weapon_supernailgun
ARGLOG Joe Rogan t  21.0 pos '672.0 720.0 -708.0' spd 0 yaw 270 mode 0 st 0 gl 0 hp 100 frg 0
ARGLOG Romero t  21.0 pos '192.3 -210.7 -712.0' spd 166.6 yaw 112 mode 2 st 0 gl 0 hp 48 frg 1
ARGEVT Joe Rogan route 4 start '673.0 673.0 -708.0' goal '673.0 257.0 -454.0'
ARGLOG Carmack t  21.3 pos '944.0 -192.0  24.0' spd 382.7 yaw 167 mode 2 st 0 gl 0 hp 4 frg 1
ARGEVT Joe Rogan hazard
ARGLOG Joe Rogan t  21.5 pos '706.9 568.5 -712.0' spd 347.2 yaw 270 mode 2 st 0 gl 0 hp 100 frg 0
ARGLOG Romero t  21.5 pos ' 52.5 -117.5 -712.0' spd 422.5 yaw  34.8 mode 2 st 0 gl 0 hp 48 frg 1
ARGEVT Joe Rogan jump
ARGEVT Romero hazard
ARGLOG Carmack t  21.8 pos '944.0 -111.1  24.0' spd 240.2 yaw 183 mode 2 st 0 gl 0 hp 4 frg 1
ARGEVT Carmack hazard
ARGLOG Joe Rogan t  22.0 pos '712.6 416.0 -621.9' spd  14.8 yaw 206 mode 2 st 0 gl 0 hp 100 frg 0
ARGLOG Romero t  22.0 pos '102.3  50.2 -712.0' spd 339.3 yaw 42 mode 2 st 0 gl 0 hp 48 frg 1
ARGLOG Carmack t  22.3 pos '944.0 -236.2  24.0' spd 142.6 yaw 160 mode 2 st 0 gl 0 hp 4 frg 1
ARGEVT Joe Rogan engage Romero
ARGEVT Romero engage Joe Rogan
ARGEVT Romero retreat
ARGEVT Joe Rogan grab item_armor2
ARGLOG Joe Rogan t  22.5 pos '695.1 413.7 -516.1' spd  44.4 yaw 205.2 mode 1 st 0 gl 0 hp 100 frg 0
ARGLOG Romero t  22.6 pos '107.4 130.3 -712.0' spd 322.6 yaw  26.0 mode 2 st 0 gl 0 hp 48 frg 1
ARGLOG Carmack t  22.8 pos '944.0 -298.2  24.0' spd 111.5 yaw 150 mode 2 st 0 gl 0 hp 4 frg 1
ARGEVT Joe Rogan grab weapon_supernailgun
ARGEVT Joe Rogan pursue
ARGLOG Joe Rogan t  23.0 pos '674.9 400.7 -436.6' spd  48.7 yaw 206 mode 1 st 0 gl 0 hp 100 frg 0
ARGLOG Romero t  23.1 pos '112.0 -36.5 -712.0' spd 347.8 yaw 321.3 mode 2 st 0 gl 0 hp 48 frg 1
ARGEVT Romero hazard
ARGEVT Carmack hazard
ARGLOG Carmack t  23.3 pos '944.0 -139.3  24.0' spd 294.5 yaw 177 mode 2 st 0 gl 0 hp 4 frg 1
ARGLOG Joe Rogan t  23.5 pos '654.5 385.8 -383.5' spd  48.7 yaw 206 mode 1 st 0 gl 0 hp 100 frg 0
ARGLOG Romero t  23.6 pos '112.0 -34.5 -712.0' spd 341.8 yaw 59 mode 2 st 0 gl 0 hp 48 frg 1
ARGLOG Carmack t  23.8 pos '944.0 -159.7  24.0' spd 328.4 yaw 173 mode 2 st 0 gl 0 hp 4 frg 1
ARGEVT Romero pursue
ARGLOG Joe Rogan t  24.1 pos '634.2 371.1 -357.5' spd  48.7 yaw 206.2 mode 1 st 0 gl 0 hp 100 frg 0
ARGLOG Romero t  24.1 pos '108.4 141.8 -712.0' spd 142.6 yaw  23.9 mode 2 st 0 gl 0 hp 40 frg 1
ARGEVT Carmack hazard
ARGLOG Carmack t  24.4 pos '944.0 -255.9  24.0' spd 127.5 yaw 156 mode 2 st 0 gl 0 hp 4 frg 1
ARGLOG Joe Rogan t  24.6 pos '662.6 359.3 -323.7' spd  61.1 yaw 211.1 mode 1 st 0 gl 0 hp 100 frg 0
ARGEVT Joe Rogan pursue
ARGLOG Romero t  24.6 pos ' 65.2   0.8 -712.0' spd 320.1 yaw  32.2 mode 2 st 0 gl 0 hp 40 frg 1
ARGEVT Romero pursue
ARGUS Romero hunch weapon_supernailgun
ARGLOG Carmack t  24.9 pos '944.0 -265.8  24.0' spd 291.4 yaw 155 mode 2 st 0 gl 0 hp 4 frg 1
ARGEVT Romero goal weapon_supernailgun
ARGEVT Romero pursue
ARGEVT Romero route 7 start ' 65.0 -127.0 -712.0' goal '673.0 257.0 -454.0'
ARGLOG Joe Rogan t  25.1 pos '659.3 326.6 -316.1' spd  65.0 yaw 200 mode 1 st 0 gl 0 hp 100 frg 0
ARGLOG Romero t  25.1 pos ' 40.5 -72.9 -712.0' spd 375.8 yaw 150.7 mode 2 st 0 gl 0 hp 40 frg 1
ARGEVT Romero hazard
ARGEVT Carmack hazard
ARGLOG Carmack t  25.4 pos '944.0 -107.3  24.0' spd 174.9 yaw 184 mode 2 st 0 gl 0 hp 4 frg 1
ARGLOG Joe Rogan t  25.6 pos '654.3 293.4 -334.8' spd  66.3 yaw 197 mode 1 st 0 gl 0 hp 100 frg 0
ARGLOG Romero t  25.6 pos ' 49.1 -34.7 -712.0' spd 342.5 yaw 33 mode 2 st 0 gl 0 hp 40 frg 1
ARGLOG Carmack t  25.9 pos '944.0 -173.5  24.0' spd 225.1 yaw 171 mode 2 st 0 gl 0 hp 4 frg 1
ARGLOG Joe Rogan t  26.1 pos '647.8 259.7 -379.9' spd  67.7 yaw 194 mode 1 st 0 gl 0 hp 100 frg 0
ARGLOG Romero t  26.2 pos '111.1  87.0 -712.0' spd  85.2 yaw 278.1 mode 2 st 0 gl 0 hp 40 frg 1
ARGEVT Carmack hazard
ARGEVT Joe Rogan goal item_artifact_invulnerability
ARGEVT Romero goal item_armor2
ARGLOG Carmack t  26.4 pos '953.6 -251.5  24.0' spd 120.1 yaw 158 mode 2 st 0 gl 0 hp 4 frg 1
ARGEVT Joe Rogan routefail
ARGEVT Joe Rogan goal item_artifact_super_damage
ARGEVT Romero pursue
ARGEVT Joe Rogan route 6 start '673.0 257.0 -454.0' goal '673.0 929.0 -728.0'
ARGLOG Joe Rogan t  26.6 pos '639.6 225.5 -451.4' spd  69.1 yaw 191 mode 2 st 0 gl 1 hp 100 frg 0
ARGLOG Romero t  26.7 pos ' 42.3 -47.6 -712.0' spd 397.1 yaw 151.2 mode 0 st 0 gl 0 hp 40 frg 1
ARGEVT Romero hazard
ARGUS Joe Rogan hunch item_health
ARGEVT Romero route 7 start ' 65.0  97.0 -712.0' goal '673.0 321.0 -712.0'
ARGEVT Carmack stall
ARGEVT Carmack stallnode '833.0 -159.0 -368.0'
ARGEVT Carmack jump
ARGEVT Joe Rogan goal item_artifact_super_damage
ARGLOG Carmack t  26.9 pos '944.0 -197.9  37.8' spd 367.1 yaw 135.7 mode 0 st 1 gl 0 hp 4 frg 1
ARGEVT Joe Rogan route 5 start '609.0 257.0 -473.0' goal '673.0 929.0 -728.0'
ARGLOG Joe Rogan t  27.1 pos '479.0 232.5 -474.5' spd 330.8 yaw 130.7 mode 2 st 0 gl 1 hp 100 frg 0
ARGEVT Carmack route 1 start '833.0 -159.0 -368.0' goal '641.0 -127.0 -368.0'
ARGLOG Romero t  27.2 pos ' 31.0 116.1 -712.0' spd 107.6 yaw  13.1 mode 2 st 0 gl 0 hp 40 frg 1
ARGLOG Carmack t  27.4 pos '944.0 -80.3 109.3' spd   5.8 yaw 189 mode 2 st 1 gl 0 hp 4 frg 1
ARGLOG Joe Rogan t  27.6 pos '398.3 209.2 -473.6' spd  30.9 yaw 12 mode 2 st 0 gl 1 hp 100 frg 0
ARGEVT Romero pursue
ARGLOG Romero t  27.7 pos ' 23.3 -25.3 -712.0' spd 232.8 yaw 30 mode 0 st 0 gl 0 hp 40 frg 1
ARGEVT Romero route 8 start ' 65.0 -127.0 -712.0' goal '673.0 321.0 -712.0'
ARGEVT Romero hazard
ARGLOG Carmack t  28.0 pos '944.0 -102.7  84.4' spd  56.4 yaw 185 mode 2 st 1 gl 0 hp 4 frg 1
ARGLOG Joe Rogan t  28.2 pos '411.8 220.0 -495.0' spd  34.1 yaw 10 mode 2 st 0 gl 1 hp 100 frg 0
ARGLOG Romero t  28.2 pos '109.1  50.0 -712.0' spd 130.7 yaw 295.8 mode 2 st 0 gl 0 hp 40 frg 1
ARGEVT Carmack abandon
ARGEVT Carmack goal item_health
ARGEVT Carmack route 0 start '833.0 -159.0 -368.0' goal '833.0 -159.0 -368.0'
ARGLOG Carmack t  28.5 pos '944.0 -137.6  32.9' spd  77.4 yaw 191 mode 2 st 1 gl 0 hp 4 frg 1
ARGEVT Carmack hazard
ARGLOG Joe Rogan t  28.7 pos '425.7 230.9 -542.9' spd  34.6 yaw 8 mode 2 st 0 gl 1 hp 100 frg 0
ARGEVT Romero pursue
ARGLOG Romero t  28.7 pos ' 86.4 -96.6 -712.0' spd 321.3 yaw 273.6 mode 2 st 0 gl 0 hp 40 frg 1
ARGLOG Carmack t  29.0 pos '944.7 -95.5  24.0' spd 140.1 yaw 210 mode 2 st 1 gl 0 hp 4 frg 1
ARGLOG Joe Rogan t  29.2 pos '440.0 242.0 -617.6' spd  35.4 yaw 5 mode 2 st 0 gl 1 hp 100 frg 0
ARGLOG Romero t  29.2 pos '172.6 -208.0 -712.0' spd 360.7 yaw  72.8 mode 2 st 0 gl 0 hp 40 frg 1
ARGEVT Romero hazard
ARGEVT Romero pursue
ARGLOG Carmack t  29.5 pos '948.5 -216.3  24.0' spd 155.8 yaw 153 mode 2 st 1 gl 0 hp 4 frg 1
ARGEVT Romero route 9 start '225.0 -287.0 -712.0' goal '673.0 321.0 -712.0'
ARGEVT Carmack hazard
ARGLOG Joe Rogan t  29.7 pos '443.2 255.3 -662.6' spd  36.1 yaw 0 mode 2 st 0 gl 1 hp 100 frg 0
ARGLOG Romero t  29.8 pos '312.6 -210.4 -712.0' spd 388.2 yaw 292.5 mode 2 st 0 gl 0 hp 40 frg 1
ARGLOG Carmack t  30.0 pos '954.1 -280.4  24.0' spd 115.1 yaw 134 mode 2 st 1 gl 0 hp 4 frg 1
ARGLOG Joe Rogan t  30.2 pos '455.5 271.3 -648.6' spd  39.5 yaw 355 mode 2 st 0 gl 1 hp 100 frg 0
ARGLOG Romero t  30.3 pos '352.9 -298.1 -712.0' spd 327.5 yaw 149 mode 2 st 0 gl 0 hp 40 frg 1
ARGLOG Carmack t  30.5 pos '944.0 -130.2  24.0' spd 205.3 yaw 195 mode 2 st 1 gl 0 hp 4 frg 1
ARGEVT Carmack hazard
ARGLOG Joe Rogan t  30.7 pos '469.5 284.4 -632.5' spd  35.4 yaw 49 mode 2 st 0 gl 1 hp 100 frg 0
ARGLOG Romero t  30.8 pos '189.9 -265.3 -712.0' spd 331.6 yaw 109 mode 2 st 0 gl 0 hp 40 frg 1
ARGLOG Carmack t  31.0 pos '944.0 -159.4  24.0' spd 327.4 yaw 179 mode 2 st 1 gl 0 hp 4 frg 1
ARGLOG Joe Rogan t  31.2 pos '484.1 291.9 -615.8' spd  28.7 yaw 51 mode 2 st 0 gl 1 hp 100 frg 0
ARGLOG Romero t  31.3 pos ' 65.7 -160.7 -712.0' spd 347.8 yaw 90 mode 2 st 0 gl 0 hp 40 frg 1
ARGLOG Carmack t  31.6 pos '944.0 -255.3  24.0' spd 124.7 yaw 139 mode 2 st 1 gl 0 hp 4 frg 1
ARGEVT Carmack hazard
ARGLOG Joe Rogan t  31.8 pos '497.4 292.0 -600.7' spd  24.9 yaw 54 mode 2 st 0 gl 1 hp 100 frg 0
ARGLOG Romero t  31.8 pos ' 42.0   6.4 -712.0' spd 320.1 yaw 87 mode 2 st 0 gl 0 hp 40 frg 1
ARGLOG Carmack t  32.1 pos '944.0 -286.5  24.0' spd 215.2 yaw 131 mode 2 st 1 gl 0 hp 4 frg 1
ARGEVT Joe Rogan engage Romero
ARGEVT Joe Rogan grab item_armor2
ARGEVT Romero engage Joe Rogan
ARGLOG Joe Rogan t  32.3 pos '509.2 285.4 -587.2' spd  28.5 yaw 203.7 mode 2 st 0 gl 1 hp 100 frg 0
ARGLOG Romero t  32.3 pos ' 38.6  77.9 -712.0' spd 320.5 yaw  24.2 mode 2 st 0 gl 0 hp 40 frg 1
ARGLOG Carmack t  32.6 pos '944.0 -117.5  24.0' spd 221.1 yaw 201 mode 2 st 1 gl 0 hp 4 frg 1
ARGEVT Joe Rogan pursue
ARGEVT Romero pursue
ARGEVT Carmack hazard
ARGUS routecache adopt
ARGEVT Romero route 8 start ' 65.0 -127.0 -712.0' goal '673.0 321.0 -712.0'
ARGLOG Joe Rogan t  32.8 pos '518.0 278.7 -572.8' spd  37.9 yaw 202 mode 2 st 0 gl 1 hp 100 frg 0
ARGLOG Romero t  32.8 pos ' 53.6 -41.8 -712.0' spd 340.1 yaw 35 mode 2 st 0 gl 0 hp 40 frg 1
ARGUS Romero hunch item_armor2
ARGLOG Carmack t  33.1 pos '944.0 -190.1  24.0' spd 269.6 yaw 164 mode 2 st 1 gl 0 hp 4 frg 1
ARGEVT Romero goal item_armor2
ARGUS routecache adopt
ARGEVT Romero route 7 start ' 65.0  97.0 -712.0' goal '673.0 321.0 -712.0'
ARGEVT Romero pursue
ARGLOG Joe Rogan t  33.3 pos '508.1 261.8 -577.6' spd  38.2 yaw 200 mode 2 st 0 gl 1 hp 100 frg 0
ARGLOG Romero t  33.4 pos ' 34.5  36.2 -712.0' spd 353.3 yaw  93.5 mode 2 st 0 gl 0 hp 40 frg 1
ARGLOG Carmack t  33.6 pos '944.0 -268.2  24.0' spd 119.9 yaw 135 mode 2 st 1 gl 0 hp 4 frg 1
ARGEVT Carmack hazard
ARGLOG Joe Rogan t  33.8 pos '510.1 256.8 -583.2' spd  34.2 yaw 222.6 mode 2 st 0 gl 1 hp 100 frg 0
ARGLOG Romero t  33.9 pos ' 92.6  80.4 -712.0' spd 327.3 yaw  21.1 mode 2 st 0 gl 0 hp 40 frg 1
ARGEVT Joe Rogan pursue
ARGLOG Carmack t  34.1 pos '944.0 -229.8  24.0' spd 365.3 yaw 147 mode 2 st 1 gl 0 hp 4 frg 1
ARGEVT Romero hazard
ARGLOG Joe Rogan t  34.3 pos '501.2 272.6 -584.8' spd  46.5 yaw 200 mode 2 st 0 gl 1 hp 100 frg 0
ARGUS routecache adopt
ARGEVT Romero route 8 start ' 65.0 -127.0 -712.0' goal '673.0 321.0 -712.0'
ARGLOG Romero t  34.4 pos '111.0 -35.4 -712.0' spd 210.8 yaw  45.9 mode 0 st 0 gl 0 hp 40 frg 1
ARGLOG Carmack t  34.6 pos '944.0 -91.9  24.0' spd 139.7 yaw 212 mode 2 st 1 gl 0 hp 4 frg 1
ARGEVT Carmack hazard
ARGLOG Joe Rogan t  34.8 pos '480.1 284.4 -612.6' spd  47.3 yaw 203 mode 2 st 0 gl 1 hp 100 frg 0
ARGLOG Romero t  34.9 pos '109.6   9.7 -712.0' spd 322.2 yaw 252 mode 2 st 0 gl 0 hp 40 frg 1
ARGLOG Carmack t  35.2 pos '944.0 -220.5  24.0' spd 170.5 yaw 151 mode 2 st 1 gl 0 hp 4 frg 1
ARGEVT Romero pursue
ARGUS Joe Rogan hunch item_health
ARGEVT Joe Rogan goal item_artifact_super_damage
ARGLOG Joe Rogan t  35.4 pos '453.0 289.8 -651.4' spd  52.6 yaw 350.3 mode 0 st 0 gl 1 hp 100 frg 0
ARGLOG Romero t  35.4 pos ' 80.4 -156.7 -712.0' spd 361.8 yaw 318.5 mode 2 st 0 gl 0 hp 40 frg 1
ARGEVT Joe Rogan route 5 start '481.0 321.0 -619.0' goal '673.0 929.0 -728.0'
ARGLOG Carmack t  35.7 pos '944.0 -286.2  24.0' spd 113.3 yaw 131 mode 2 st 1 gl 0 hp 4 frg 1
ARGEVT Joe Rogan pursue
ARGEVT Romero hazard
ARGLOG Joe Rogan t  35.9 pos '465.3 291.5 -637.2' spd  56.7 yaw 142.1 mode 2 st 0 gl 1 hp 100 frg 0
ARGLOG Romero t  35.9 pos '252.7 -202.2 -712.0' spd 413.9 yaw  55.9 mode 0 st 0 gl 0 hp 40 frg 1
ARGEVT Carmack hazard
ARGEVT Romero route 10 start '385.0 -223.0 -712.0' goal '673.0 321.0 -712.0'
ARGLOG Carmack t  36.2 pos '944.0 -151.1  24.0' spd 322.9 yaw 185 mode 2 st 1 gl 0 hp 4 frg 1
ARGLOG Joe Rogan t  36.4 pos '444.8 323.2 -639.6' spd  84.5 yaw 123.8 mode 2 st 0 gl 1 hp 100 frg 0
ARGLOG Romero t  36.4 pos '422.2 -240.2 -712.0' spd 402.7 yaw 251.4 mode 2 st 0 gl 0 hp 40 frg 1
ARGLOG Carmack t  36.7 pos '944.9 -141.7  24.0' spd 320.7 yaw 189 mode 2 st 1 gl 0 hp 4 frg 1
ARGLOG Joe Rogan t  36.9 pos '413.3 352.8 -668.2' spd  84.5 yaw 66 mode 2 st 0 gl 1 hp 100 frg 0
ARGLOG Romero t  36.9 pos '302.8 -274.4 -712.0' spd 337.1 yaw 148 mode 2 st 0 gl 0 hp 40 frg 1
ARGEVT Carmack hazard
ARGLOG Carmack t  37.2 pos '946.8 -247.2  24.0' spd 130.8 yaw 142 mode 2 st 1 gl 0 hp 4 frg 1
ARGLOG Joe Rogan t  37.4 pos '383.2 385.0 -723.1' spd  90.4 yaw 75 mode 2 st 0 gl 1 hp 100 frg 0
ARGLOG Romero t  37.5 pos '143.5 -222.1 -712.0' spd 328.2 yaw 103 mode 2 st 0 gl 0 hp 40 frg 1
ARGLOG Carmack t  37.7 pos '944.0 -279.3  24.0' spd 210.0 yaw 132 mode 2 st 1 gl 0 hp 4 frg 1
ARGLOG Joe Rogan t  37.9 pos '400.0 487.0 -752.0' spd 359.6 yaw 72 mode 2 st 0 gl 1 hp 100 frg 0
ARGLOG Romero t  38.0 pos ' 41.5 -96.2 -712.0' spd 338.0 yaw 86 mode 2 st 0 gl 0 hp 40 frg 1
ARGEVT Carmack hazard
ARGLOG Carmack t  38.2 pos '944.0 -117.3  24.0' spd 203.4 yaw 201 mode 2 st 1 gl 0 hp 4 frg 1
ARGEVT Joe Rogan jump
ARGEVT Joe Rogan engage Romero
ARGEVT Romero engage Joe Rogan
ARGLOG Joe Rogan t  38.4 pos '513.1 605.9 -712.0' spd 250.5 yaw 178.6 mode 2 st 0 gl 1 hp 100 frg 0
ARGLOG Romero t  38.5 pos ' 58.7  10.5 -712.0' spd 259.1 yaw  51.9 mode 2 st 0 gl 0 hp 40 frg 1
ARGEVT Joe Rogan weapon sg
ARGUS routecache adopt
ARGEVT Romero route 8 start ' 65.0 -127.0 -712.0' goal '673.0 321.0 -712.0'
ARGLOG Carmack t  38.7 pos '944.0 -163.1  24.0' spd 260.2 yaw 177 mode 2 st 1 gl 0 hp 4 frg 1
ARGEVT Romero pursue
ARGEVT Romero hazard
ARGLOG Joe Rogan t  38.9 pos '640.7 622.5 -595.4' spd 250.6 yaw 119.2 mode 2 st 0 gl 1 hp 100 frg 0
ARGEVT Joe Rogan pursue
ARGLOG Romero t  39.0 pos '110.8 -41.7 -712.0' spd 329.9 yaw 124.9 mode 2 st 0 gl 0 hp 40 frg 1
ARGEVT Carmack hazard
ARGEVT Romero pursue
ARGLOG Carmack t  39.3 pos '951.6 -249.5  24.0' spd 125.9 yaw 142 mode 2 st 1 gl 0 hp 4 frg 1
ARGLOG Joe Rogan t  39.5 pos '634.2 728.3 -503.6' spd 248.1 yaw 230.2 mode 2 st 0 gl 1 hp 100 frg 0
ARGLOG Romero t  39.5 pos ' 86.1  66.6 -712.0' spd 230.7 yaw  47.1 mode 2 st 0 gl 0 hp 36 frg 1
ARGLOG Carmack t  39.8 pos '944.0 -245.1  24.0' spd 345.5 yaw 142 mode 2 st 1 gl 0 hp 4 frg 1
ARGEVT Carmack stall
ARGEVT Carmack stallnode '833.0 -159.0 -368.0'
ARGEVT Carmack jump
ARGEVT Romero pursue
ARGEVT Carmack route 0 start '833.0 -159.0 -368.0' goal '833.0 -159.0 -368.0'
ARGLOG Joe Rogan t  40.0 pos '535.7 752.0 -429.8' spd 125.0 yaw 107.0 mode 2 st 0 gl 1 hp 100 frg 0
ARGLOG Romero t  40.0 pos ' 81.9 -46.1 -712.0' spd 237.6 yaw 54 mode 2 st 0 gl 0 hp 36 frg 1
ARGUS Romero hunch item_artifact_super_damage
ARGEVT Romero pursue
ARGLOG Carmack t  40.3 pos '944.0 -83.6 111.2' spd 130.5 yaw 215 mode 2 st 2 gl 0 hp 4 frg 1
ARGEVT Romero goal item_health
ARGEVT Romero jump
ARGEVT Romero routefail
ARGLOG Joe Rogan t  40.5 pos '471.9 752.0 -382.3' spd 125.0 yaw 259 mode 2 st 0 gl 1 hp 100 frg 0
ARGEVT Romero goal item_health
ARGLOG Romero t  40.5 pos ' 16.0  55.2 -672.0' spd 182.7 yaw  71.7 mode 0 st 0 gl 0 hp 36 frg 1
ARGEVT Romero routefail
ARGEVT Romero goal item_health
ARGLOG Carmack t  40.8 pos '944.0 -99.5  91.4' spd  54.6 yaw 209 mode 2 st 2 gl 0 hp 4 frg 1
ARGEVT Romero routefail
ARGEVT Romero goal item_health
ARGLOG Joe Rogan t 41 pos '464.0 738.6 -361.0' spd  30.3 yaw 262 mode 2 st 0 gl 1 hp 100 frg 0
ARGLOG Romero t  41.1 pos ' 16.0 149.1 -686.6' spd 182.7 yaw 43 mode 0 st 0 gl 0 hp 36 frg 1
ARGEVT Romero routefail
ARGEVT Romero goal item_shells
ARGEVT Romero route 3 start ' 65.0  97.0 -712.0' goal ' 97.0 705.0 -712.0'
