LOG started on: 09/13/2026 07:34:48 
Playing registered version.
UDP Initialized
WIPX_OpenSocket: Address family not supported by protocol family
WIPX_Init: Unable to open control socket, IPX disabled
Exe: 20:02:47 Jul 31 2024
256.0 megabyte heap

Language initialization
Couldn't load 'localization/loc_english.txt'
from 'C:/argus/engine'

========= Quake Initialized =========

execing autoexec.cfg
SpawnServer: e1m7
Clearing memory
Programs occupy 859K.
trying to open external vis file
maps/e1m7.vis not found, trying argus.vis
external vis not found
ARGUS slots 8
ARGUS worldspawn reached
ARGNAV 179 nodes, 1202 links
6 entities inhibited
ARGUS init on e1m7
ARGEVT Carmack spawned
ARGEVT Romero spawned
ARGEVT Joe Rogan spawned
Server spawned.
ARGLOG Joe Rogan t   1.2 pos '128.0 -360.0 280.0' spd 0 yaw  87.6 mode 0 st 0 gl 0 hp 100 frg 0
ARGEVT Romero engage Carmack
ARGLOG Romero t   1.2 pos '-256.0  64.0  56.0' spd 0 yaw 347.6 mode 0 st 0 gl 0 hp 100 frg 0
ARGEVT Carmack engage Romero
ARGLOG Carmack t   1.2 pos '704.0 -360.0 280.0' spd 0 yaw 127.3 mode 0 st 0 gl 0 hp 100 frg 0
ARGEVT Joe Rogan engage Carmack
ARGLOG Joe Rogan t   1.7 pos '137.0 -231.6 221.8' spd  37.1 yaw 358.5 mode 0 st 0 gl 0 hp 100 frg 0
ARGEVT Romero grab item_artifact_super_damage
ARGLOG Romero t   1.7 pos '-110.7  14.0  32.0' spd 333.8 yaw 334.0 mode 0 st 0 gl 0 hp 100 frg 0
ARGLOG Carmack t   1.7 pos '547.7 -289.8 248.8' spd 320.0 yaw 146.2 mode 0 st 0 gl 0 hp 100 frg 0
ARGEVT Romero pursue
ARGEVT Carmack pursue
ARGLOG Joe Rogan t   2.2 pos '157.4 -308.5 157.1' spd  49.4 yaw 358.1 mode 0 st 0 gl 0 hp 100 frg 0
ARGLOG Romero t   2.2 pos ' 22.2  44.4   8.0' spd  79.5 yaw 328 mode 0 st 0 gl 0 hp 100 frg 0
ARGLOG Carmack t   2.2 pos '449.9 -317.2  56.0' spd 188.3 yaw 147 mode 0 st 0 gl 0 hp 96 frg 0
ARGUS Carmack hunch weapon_supernailgun
ARGLOG Joe Rogan t   2.7 pos '188.0 -352.6  56.0' spd  98.4 yaw  24.4 mode 0 st 0 gl 0 hp 100 frg 0
ARGLOG Romero t   2.7 pos ' 12.6  25.3   8.0' spd   9.8 yaw 330 mode 0 st 0 gl 0 hp 100 frg 0
ARGEVT Carmack pursue
ARGLOG Carmack t   2.7 pos '349.7 -290.9  56.0' spd 264.2 yaw 296.2 mode 0 st 0 gl 0 hp 76 frg 0
ARGEVT Carmack hazard
ARGLOG Joe Rogan t   3.3 pos '206.3 -223.3  56.0' spd  82.2 yaw 327.1 mode 0 st 0 gl 0 hp 100 frg 0
ARGLOG Romero t   3.3 pos ' 10.4  20.8   8.0' spd   9.8 yaw 330 mode 0 st 0 gl 0 hp 100 frg 0
ARGLOG Carmack t   3.3 pos '428.4 -366.3  56.0' spd 105.5 yaw 188.7 mode 0 st 0 gl 0 hp 68 frg 0
ARGEVT Carmack retreat
ARGLOG Joe Rogan t   3.8 pos '167.8 -345.5  56.0' spd  89.0 yaw   4.5 mode 0 st 0 gl 0 hp 100 frg 0
ARGLOG Romero t   3.8 pos '-47.0  16.0   8.0' spd 325.9 yaw 316.9 mode 0 st 0 gl 0 hp 80 frg 0
ARGLOG Carmack t   3.8 pos '372.2 -328.2  56.0' spd 325.9 yaw 143.6 mode 0 st 0 gl 0 hp 44 frg 0
ARGEVT Romero pursue
ARGEVT Carmack pursue
ARGEVT Joe Rogan goal weapon_rocketlauncher
ARGEVT Romero goal weapon_supernailgun
ARGUS Romero hunch item_health
ARGEVT Carmack goal item_health
ARGEVT Romero pursue
ARGEVT Carmack hazard
ARGEVT Joe Rogan route 12 start '193.0 -223.0  56.0' goal '993.0 -319.0 216.0'
ARGLOG Joe Rogan t   4.3 pos '192.4 -248.5  56.0' spd 244.3 yaw 352.6 mode 2 st 0 gl 0 hp 100 frg 0
ARGEVT Romero goal weapon_supernailgun
ARGLOG Romero t   4.3 pos ' 16.7  80.1   8.0' spd 331.7 yaw  51.0 mode 0 st 0 gl 0 hp 80 frg 0
ARGLOG Carmack t   4.3 pos '429.9 -272.0  56.0' spd 357.1 yaw  96.7 mode 0 st 0 gl 0 hp 24 frg 0
ARGEVT Romero route 4 start '  1.0  65.0   8.0' goal '-255.0 385.0  56.0'
ARGEVT Carmack route 5 start '417.0 -319.0  56.0' goal '993.0  33.0  -8.0'
ARGLOG Joe Rogan t   4.8 pos '212.1 -316.2  56.0' spd 320.0 yaw  13.0 mode 2 st 0 gl 0 hp 100 frg 0
ARGLOG Romero t   4.8 pos ' 16.6  33.4   8.0' spd 318.7 yaw 311 mode 2 st 0 gl 0 hp 80 frg 0
ARGLOG Carmack t   4.8 pos '470.1 -271.7  56.0' spd 320.5 yaw 5 mode 2 st 0 gl 0 hp 4 frg 0
ARGEVT Romero pursue
ARGEVT Carmack pursue
ARGLOG Joe Rogan t   5.3 pos '228.9 -277.0  56.0' spd 320.1 yaw   2.9 mode 2 st 0 gl 0 hp 100 frg 0
ARGLOG Romero t   5.3 pos ' 11.5  23.1   8.0' spd  40.0 yaw 332.9 mode 2 st 0 gl 0 hp 80 frg 0
ARGLOG Carmack t   5.3 pos '623.9 -267.9  56.0' spd 360.3 yaw 154.7 mode 2 st 0 gl 0 hp 4 frg 0
ARGEVT Carmack death Joe Rogan pos '662.4 -344.0  56.0'
ARGUS Joe Rogan watch spawn
ARGEVT Romero engage Joe Rogan
ARGEVT Joe Rogan engage Romero
ARGEVT Joe Rogan goal weapon_rocketlauncher
ARGLOG Joe Rogan t   5.8 pos '239.9 -329.0  56.0' spd 279.8 yaw 114.8 mode 0 st 0 gl 0 hp 100 frg 1
ARGLOG Romero t   5.8 pos ' 22.5  82.9   8.0' spd 248.6 yaw 293.9 mode 2 st 0 gl 0 hp 80 frg 0
ARGEVT Joe Rogan route 11 start '289.0 -319.0  56.0' goal '993.0 -319.0 216.0'
ARGLOG Joe Rogan t   6.3 pos ' 78.2 -360.1  56.0' spd 321.9 yaw  99.2 mode 0 st 0 gl 0 hp 100 frg 1
ARGLOG Romero t   6.3 pos ' 24.0  72.3   8.0' spd   5.8 yaw 284.9 mode 2 st 0 gl 0 hp 60 frg 0
ARGEVT Joe Rogan grab weapon_supershotgun
ARGEVT Joe Rogan route 13 start '-31.0 -319.0  56.0' goal '993.0 -319.0 216.0'
ARGLOG Joe Rogan t   6.9 pos '-86.2 -342.2  56.0' spd 322.1 yaw  75.4 mode 2 st 0 gl 0 hp 100 frg 1
ARGLOG Romero t   6.9 pos ' 11.9  40.8   8.0' spd 199.9 yaw 251.0 mode 2 st 0 gl 0 hp 60 frg 0
ARGEVT Romero pursue
ARGEVT Joe Rogan pursue
ARGUS Joe Rogan hunch weapon_supernailgun
ARGEVT Carmack respawn
ARGEVT Joe Rogan goal weapon_supershotgun
ARGEVT Carmack goal weapon_supernailgun
ARGEVT Carmack engage Romero
ARGLOG Carmack t   7.2 pos '704.0 488.0 280.0' spd 0 yaw 233.1 mode 0 st 0 gl 0 hp 100 frg 0
ARGEVT Joe Rogan pursue
ARGEVT Carmack route 7 start '609.0 385.0 216.0' goal '1121.0  65.0  -8.0'
ARGEVT Joe Rogan goal weapon_supernailgun
ARGLOG Joe Rogan t   7.4 pos '-211.0 -306.7  56.0' spd 321.3 yaw 182.2 mode 0 st 0 gl 1 hp 100 frg 1
ARGLOG Romero t   7.4 pos '-57.3  16.0   8.0' spd  30.7 yaw 278 mode 2 st 0 gl 0 hp 60 frg 0
ARGEVT Joe Rogan route 3 start '-159.0 -287.0  56.0' goal '-255.0 385.0  56.0'
ARGEVT Joe Rogan hazard
ARGLOG Carmack t   7.7 pos '560.1 395.9 259.0' spd 320 yaw 210.1 mode 2 st 0 gl 0 hp 100 frg 0
ARGLOG Joe Rogan t   7.9 pos '-303.2 -330.9  56.0' spd 272.5 yaw  74.5 mode 2 st 0 gl 1 hp 100 frg 1
ARGLOG Romero t   7.9 pos '-45.1  16.0   8.0' spd  23.0 yaw 277 mode 2 st 0 gl 0 hp 52 frg 0
ARGLOG Carmack t   8.2 pos '426.7 358.5 216.0' spd 309.3 yaw 217.2 mode 2 st 0 gl 0 hp 100 frg 0
ARGEVT Carmack grab weapon_nailgun
ARGLOG Joe Rogan t   8.4 pos '-227.8 -182.1  56.0' spd 322.0 yaw 44 mode 2 st 0 gl 1 hp 100 frg 1
ARGLOG Romero t   8.4 pos '-44.5  16.0   8.0' spd  20.3 yaw 277 mode 2 st 0 gl 0 hp 36 frg 0
ARGUS routecache adopt
ARGEVT Joe Rogan route 2 start '-255.0 -63.0  56.0' goal '-255.0 385.0  56.0'
ARGLOG Carmack t   8.7 pos '356.8 478.4 216.0' spd 225.3 yaw 230.1 mode 2 st 0 gl 0 hp 100 frg 0
ARGEVT Carmack pursue
ARGLOG Joe Rogan t   8.9 pos '-228.7 -21.1  56.0' spd 320.0 yaw 96 mode 2 st 0 gl 1 hp 100 frg 1
ARGLOG Romero t   8.9 pos '-35.8  16.0   8.0' spd  14.5 yaw 275 mode 2 st 0 gl 0 hp 36 frg 0
ARGEVT Joe Rogan pursue
ARGEVT Joe Rogan grab weapon_grenadelauncher
ARGEVT Romero death Joe Rogan pos '-42.0  55.3   8.0'
ARGEVT Joe Rogan goal item_artifact_super_damage
ARGLOG Carmack t   9.2 pos '312.9 411.7 220.0' spd 260.3 yaw 110.3 mode 0 st 0 gl 0 hp 100 frg 0
ARGEVT Joe Rogan hazard
ARGLOG Joe Rogan t   9.4 pos '-334.0 104.6  56.0' spd 366.1 yaw  71.8 mode 1 st 0 gl 1 hp 100 frg 2
ARGEVT Carmack route 9 start '257.0 449.0 216.0' goal '1121.0  65.0  -8.0'
ARGLOG Carmack t   9.7 pos '208.0 472.1 214.0' spd 210.3 yaw 224 mode 2 st 0 gl 0 hp 100 frg 0
ARGLOG Joe Rogan t   9.9 pos '-289.6  98.2  56.0' spd 324.1 yaw  15.0 mode 1 st 0 gl 1 hp 100 frg 2
ARGLOG Carmack t  10.2 pos '203.2 399.9  75.7' spd  36.3 yaw 219 mode 2 st 0 gl 0 hp 100 frg 0
ARGEVT Carmack engage Joe Rogan
ARGEVT Joe Rogan engage Carmack
ARGEVT Joe Rogan grab item_artifact_super_damage
ARGLOG Joe Rogan t  10.5 pos '-120.0 103.6  24.0' spd 364.4 yaw  15.0 mode 1 st 0 gl 1 hp 100 frg 2
ARGEVT Joe Rogan goal weapon_supernailgun
ARGEVT Romero respawn
ARGEVT Joe Rogan route 3 start '-95.0  97.0  24.0' goal '-255.0 385.0  56.0'
ARGEVT Romero goal weapon_supershotgun
ARGLOG Romero t  10.7 pos '-256.0  64.0 236.0' spd 0 yaw 0 mode 1 st 0 gl 0 hp 100 frg 0
ARGLOG Carmack t  10.8 pos '143.1 353.9  56.0' spd 320.9 yaw 241.0 mode 2 st 0 gl 0 hp 100 frg 0
ARGEVT Romero goal item_health
ARGLOG Joe Rogan t  11.0 pos ' 10.8  21.8   8.0' spd 143.3 yaw 110.3 mode 2 st 0 gl 2 hp 88 frg 2
ARGEVT Romero engage Carmack
ARGEVT Romero route 11 start '-127.0  65.0 232.0' goal '993.0  33.0  -8.0'
ARGLOG Romero t  11.2 pos '-81.6  65.6 230.0' spd 323.3 yaw  69.1 mode 2 st 0 gl 1 hp 100 frg 0
ARGLOG Carmack t  11.3 pos ' 72.5 387.5  56.0' spd 320.2 yaw 260.4 mode 2 st 0 gl 0 hp 100 frg 0
ARGLOG Joe Rogan t  11.5 pos ' 28.8  73.8 187.5' spd  38.8 yaw  59.0 mode 2 st 0 gl 2 hp 64 frg 2
ARGLOG Romero t  11.7 pos '  2.6  49.0 181.1' spd 30 yaw  57.0 mode 2 st 0 gl 1 hp 100 frg 0
ARGEVT Joe Rogan death Carmack pos ' 92.7 128.1 156.3'
ARGUS Carmack watch spawn
ARGLOG Carmack t  11.8 pos '229.5 393.1  56.0' spd 121.9 yaw 241.9 mode 2 st 0 gl 0 hp 100 frg 1
ARGEVT Carmack engage Romero
ARGEVT Carmack plan powerup via weapon
ARGEVT Carmack goal weapon_supernailgun
ARGEVT Carmack route 3 start '257.0 449.0  56.0' goal '-255.0 385.0  56.0'
ARGLOG Romero t  12.3 pos ' 14.6  36.2  20.9' spd  37.4 yaw  74.1 mode 2 st 0 gl 1 hp 100 frg 0
ARGEVT Carmack hazard
ARGLOG Carmack t  12.3 pos '127.2 486.6  56.0' spd 189.4 yaw 261.5 mode 2 st 0 gl 0 hp 80 frg 1
ARGEVT Carmack death Joe Rogan pos '193.4 477.8  56.0'
ARGUS Joe Rogan watch spawn
ARGLOG Romero t  12.8 pos ' 18.4  91.1   8.0' spd 226.6 yaw  72.2 mode 2 st 0 gl 1 hp 100 frg 0
ARGLOG Romero t  13.3 pos '  8.0 112.0   8.0' spd 0 yaw 72 mode 2 st 0 gl 1 hp 100 frg 0
ARGEVT Joe Rogan respawn
ARGEVT Romero engage Joe Rogan
ARGEVT Joe Rogan plan powerup via weapon
ARGEVT Joe Rogan goal weapon_supernailgun
ARGEVT Joe Rogan engage Romero
ARGLOG Joe Rogan t  13.4 pos '-256.0  64.0  56.0' spd 0 yaw   4.0 mode 0 st 0 gl 2 hp 100 frg 3
ARGEVT Joe Rogan route 2 start '-287.0  33.0  56.0' goal '-255.0 385.0  56.0'
ARGLOG Romero t  13.8 pos '-64.0 112.0   8.0' spd 0 yaw 191.3 mode 2 st 0 gl 1 hp 76 frg 0
ARGLOG Joe Rogan t  13.9 pos '-231.6   7.8  56.0' spd 320.3 yaw  33.8 mode 2 st 0 gl 2 hp 100 frg 3
ARGEVT Carmack respawn
ARGEVT Carmack plan powerup via weapon
ARGEVT Carmack goal weapon_rocketlauncher
ARGLOG Carmack t  14.1 pos '128.0 488.0 280.0' spd 0 yaw 257 mode 0 st 0 gl 0 hp 100 frg 1
ARGEVT Carmack engage Romero
ARGEVT Carmack grab 
ARGEVT Carmack route 9 start '161.0 385.0 216.0' goal '993.0 -319.0 216.0'
ARGLOG Romero t  14.3 pos '-64.0 112.0   8.0' spd 0 yaw 220.7 mode 2 st 0 gl 1 hp 52 frg 0
ARGLOG Joe Rogan t  14.4 pos '-225.5 -13.2  56.0' spd 153.3 yaw  36.9 mode 2 st 0 gl 2 hp 100 frg 3
ARGLOG Carmack t  14.6 pos '187.7 432.0 234.9' spd  79.6 yaw 237.0 mode 2 st 0 gl 0 hp 100 frg 1
ARGLOG Romero t  14.8 pos '-64.0 112.0   8.0' spd 0 yaw 240.7 mode 2 st 0 gl 1 hp 52 frg 0
ARGLOG Joe Rogan t  14.9 pos '-218.7 -90.1  56.0' spd 131.6 yaw  52.0 mode 2 st 0 gl 2 hp 100 frg 3
ARGEVT Romero pursue
ARGEVT Joe Rogan pursue
ARGEVT Romero weapon ssg
ARGLOG Carmack t  15.1 pos '165.5 436.3  56.0' spd 174.7 yaw 229.7 mode 2 st 0 gl 0 hp 100 frg 1
ARGEVT Romero retreat
ARGLOG Romero t  15.3 pos '-135.1  65.0  40.0' spd 367.3 yaw 189.7 mode 2 st 0 gl 1 hp 4 frg 0
ARGLOG Joe Rogan t  15.4 pos '-280.6  48.2  56.0' spd 363.5 yaw 350.6 mode 2 st 0 gl 2 hp 100 frg 3
ARGEVT Romero hazard
ARGEVT Joe Rogan death Romero pos '-291.6  62.3  56.0'
ARGUS Romero watch spawn
ARGEVT Romero goal item_health
ARGLOG Carmack t  15.6 pos ' 14.4 496.0  56.0' spd 320.1 yaw 260.5 mode 2 st 0 gl 0 hp 100 frg 1
ARGEVT Romero route 5 start '-95.0 -31.0  32.0' goal '-255.0 -287.0 232.0'
ARGEVT Carmack grab weapon_supernailgun
ARGLOG Romero t  15.9 pos '-21.5  13.1  32.0' spd 333.9 yaw  59.8 mode 2 st 0 gl 1 hp 4 frg 1
ARGEVT Carmack pursue
ARGEVT Carmack route 11 start '-63.0 449.0  56.0' goal '993.0 -319.0 216.0'
ARGUS Carmack hunch item_artifact_super_damage
ARGLOG Carmack t  16.2 pos '-116.8 408.8  56.0' spd 339.3 yaw 111.3 mode 2 st 0 gl 0 hp 100 frg 1
ARGLOG Romero t  16.4 pos ' -9.1 112.0   8.0' spd  74.2 yaw 89 mode 2 st 0 gl 1 hp 4 frg 1
ARGEVT Carmack goal weapon_supernailgun
ARGEVT Carmack pursue
ARGLOG Carmack t  16.7 pos '-232.7 496.0  56.0' spd 349.5 yaw 204.4 mode 1 st 0 gl 0 hp 100 frg 1
ARGEVT Carmack hazard
ARGLOG Romero t  16.9 pos '-10.8 112.0   8.0' spd   5.8 yaw 88 mode 2 st 0 gl 1 hp 4 frg 1
ARGEVT Joe Rogan respawn
ARGEVT Joe Rogan plan powerup via weapon
ARGEVT Joe Rogan goal weapon_supernailgun
ARGLOG Joe Rogan t  17.0 pos '-256.0  64.0 236.0' spd 0 yaw  16.3 mode 0 st 0 gl 2 hp 100 frg 3
ARGLOG Carmack t  17.2 pos '-281.5 363.5  56.0' spd 329.1 yaw 296 mode 1 st 0 gl 0 hp 100 frg 1
ARGEVT Joe Rogan route 10 start '-255.0   1.0 232.0' goal '1121.0  65.0  -8.0'
ARGEVT Joe Rogan hazard
ARGLOG Romero t  17.4 pos '-16.8 112.0   8.0' spd 110.8 yaw 128 mode 2 st 0 gl 1 hp 4 frg 1
ARGEVT Carmack goal item_artifact_super_damage
ARGEVT Joe Rogan engage Romero
ARGEVT Romero engage Joe Rogan
ARGEVT Carmack route 5 start '-255.0 225.0  56.0' goal '129.0  33.0 -48.0'
ARGLOG Joe Rogan t  17.5 pos '-122.9  89.0 232.0' spd 362.3 yaw  11.4 mode 2 st 0 gl 2 hp 100 frg 3
ARGEVT Romero death Joe Rogan pos ' -1.0  50.0   8.0'
ARGLOG Carmack t  17.7 pos '-218.2 211.4  56.0' spd 320.2 yaw 56 mode 2 st 0 gl 0 hp 100 frg 1
ARGEVT Joe Rogan goal 
ARGEVT Carmack hazard
ARGEVT Joe Rogan engage Carmack
ARGEVT Joe Rogan grab 
ARGEVT Carmack engage Joe Rogan
ARGEVT Carmack grab 
ARGLOG Joe Rogan t  18.1 pos '-20.1 -54.6 137.2' spd 262.0 yaw 109.8 mode 1 st 0 gl 2 hp 100 frg 4
ARGLOG Carmack t  18.2 pos '-161.3  68.0  40.0' spd 341.1 yaw 341.7 mode 2 st 0 gl 0 hp 100 frg 1
ARGEVT Carmack route 3 start '-95.0  97.0  24.0' goal '129.0  33.0 -48.0'
ARGEVT Joe Rogan goal 
ARGEVT Carmack grab 
ARGEVT Joe Rogan route 2 start ' 33.0 -31.0  32.0' goal '-287.0  33.0  56.0'
ARGLOG Joe Rogan t  18.6 pos '-13.2  20.8  25.8' spd  26.8 yaw 175.4 mode 2 st 0 gl 3 hp 82 frg 4
ARGLOG Carmack t  18.7 pos '-174.1  26.3  40.0' spd 320.6 yaw 343.1 mode 2 st 0 gl 0 hp 76 frg 1
ARGEVT Joe Rogan goal item_health
ARGLOG Joe Rogan t  19.1 pos '-38.6  16.0   8.0' spd 128.4 yaw 169.1 mode 0 st 0 gl 3 hp 64 frg 4
ARGEVT Romero respawn
ARGLOG Carmack t  19.2 pos '-306.4  89.3  56.0' spd 355.8 yaw 330.5 mode 0 st 0 gl 0 hp 40 frg 1
ARGEVT Joe Rogan route 12 start '  1.0  65.0   8.0' goal '993.0  33.0  -8.0'
ARGEVT Romero goal weapon_rocketlauncher
ARGEVT Romero engage Joe Rogan
ARGLOG Romero t  19.3 pos '704.0 488.0 280.0' spd 0 yaw 233.2 mode 0 st 0 gl 1 hp 100 frg 1
ARGEVT Romero route 7 start '609.0 385.0 216.0' goal '993.0 -319.0 216.0'
ARGEVT Carmack route 5 start '-255.0 225.0  56.0' goal '129.0  33.0 -48.0'
ARGLOG Joe Rogan t  19.6 pos '-64.0  16.0   8.0' spd 0 yaw 137.4 mode 2 st 0 gl 3 hp 64 frg 4
ARGEVT Carmack retreat
ARGLOG Carmack t  19.8 pos '-259.1 252.7  56.0' spd 322.0 yaw 297.5 mode 2 st 0 gl 0 hp 24 frg 1
ARGLOG Romero t  19.8 pos '559.0 395.2 258.8' spd 320 yaw 213.0 mode 2 st 0 gl 1 hp 100 frg 1
ARGEVT Joe Rogan pursue
ARGEVT Carmack pursue
ARGLOG Joe Rogan t  20.1 pos '-93.9  41.9  24.0' spd 320.0 yaw 141 mode 2 st 0 gl 3 hp 56 frg 4
ARGEVT Romero hazard
ARGEVT Carmack hazard
ARGLOG Carmack t  20.3 pos '-214.8 266.2  56.0' spd 354.8 yaw 316.3 mode 2 st 0 gl 0 hp 24 frg 1
ARGLOG Romero t  20.3 pos '434.1 346.2 216.0' spd 285.5 yaw 203.9 mode 2 st 0 gl 1 hp 100 frg 1
ARGEVT Romero grab weapon_nailgun
ARGLOG Joe Rogan t  20.6 pos '-176.0 112.0  40.0' spd 0 yaw 142 mode 2 st 0 gl 3 hp 44 frg 4
ARGLOG Carmack t  20.8 pos '-208.0 201.7  56.0' spd 323.7 yaw 59 mode 2 st 0 gl 0 hp 24 frg 1
ARGEVT Romero pursue
ARGLOG Romero t  20.8 pos '350.6 475.8 216.0' spd 301.8 yaw 216 mode 2 st 0 gl 1 hp 100 frg 1
ARGLOG Joe Rogan t  21.1 pos '-176.0 112.0  40.0' spd 0 yaw 142 mode 2 st 0 gl 3 hp 44 frg 4
ARGLOG Carmack t  21.3 pos '-185.1 385.0  56.0' spd 365.4 yaw 27 mode 2 st 0 gl 0 hp 24 frg 1
ARGEVT Romero route 9 start '257.0 449.0 216.0' goal '993.0 -319.0 216.0'
ARGLOG Romero t  21.4 pos '240.2 404.5 216.0' spd 320.1 yaw 217 mode 2 st 0 gl 1 hp 100 frg 1
ARGEVT Carmack pursue
ARGEVT Carmack pursue
ARGLOG Joe Rogan t  21.7 pos '-176.0 112.0  40.0' spd 0 yaw 142 mode 2 st 0 gl 3 hp 44 frg 4
ARGUS Romero hunch item_artifact_super_damage
ARGEVT Romero hazard
ARGEVT Romero plan powerup via weapon
ARGEVT Romero goal weapon_rocketlauncher
ARGEVT Romero pursue
ARGLOG Carmack t  21.8 pos '-23.8 440.8  56.0' spd 381.3 yaw 294.4 mode 2 st 0 gl 0 hp 24 frg 1
ARGLOG Romero t  21.9 pos '179.6 350.2 216.0' spd 306.2 yaw 341.1 mode 0 st 0 gl 1 hp 100 frg 1
ARGEVT Carmack pursue
ARGEVT Romero route 9 start '161.0 385.0 216.0' goal '993.0 -319.0 216.0'
ARGUS Joe Rogan hunch item_health
ARGEVT Carmack hazard
ARGEVT Joe Rogan goal item_artifact_super_damage
ARGLOG Joe Rogan t  22.2 pos '-176.0 112.0  40.0' spd 0 yaw 136.7 mode 0 st 0 gl 3 hp 44 frg 4
ARGEVT Joe Rogan hazard
ARGEVT Joe Rogan route 4 start '-223.0  97.0  56.0' goal '129.0  33.0 -48.0'
ARGLOG Carmack t  22.3 pos '106.8 339.1  56.0' spd 355.7 yaw 304 mode 2 st 0 gl 0 hp 24 frg 1
ARGLOG Romero t  22.4 pos '346.0 336.9 220.0' spd 322.4 yaw 354 mode 2 st 0 gl 1 hp 100 frg 1
ARGEVT Carmack weapon sg
ARGLOG Joe Rogan t  22.7 pos '-101.9 101.0  24.0' spd 350.9 yaw  36.3 mode 2 st 0 gl 3 hp 44 frg 4
ARGLOG Carmack t  22.8 pos '234.5 386.6  56.0' spd 364.4 yaw 233.6 mode 2 st 0 gl 0 hp 4 frg 1
ARGLOG Romero t  22.9 pos '388.5 344.9 220.0' spd 195.2 yaw 215.2 mode 2 st 0 gl 1 hp 100 frg 1
ARGLOG Joe Rogan t  23.2 pos '  8.2  16.4   8.0' spd 147.9 yaw  50.6 mode 2 st 0 gl 3 hp 16 frg 4
ARGEVT Joe Rogan death Romero pos '  8.2  16.4   8.0'
ARGUS Romero watch spawn
ARGEVT Carmack weapon sng
ARGLOG Carmack t  23.4 pos '355.0 443.5  56.0' spd 402.0 yaw 242 mode 2 st 0 gl 0 hp 4 frg 1
ARGEVT Romero plan powerup via weapon
ARGEVT Romero goal weapon_rocketlauncher
ARGLOG Romero t  23.4 pos '263.5 392.3 216.0' spd 340.9 yaw 294.6 mode 0 st 0 gl 1 hp 100 frg 2
ARGEVT Carmack hazard
ARGEVT Romero hazard
ARGEVT Romero route 9 start '257.0 449.0 216.0' goal '993.0 -319.0 216.0'
ARGEVT Romero engage Carmack
ARGEVT Carmack engage Romero
ARGEVT Carmack retreat
ARGLOG Carmack t  23.9 pos '329.7 413.3 220.0' spd 388.3 yaw 311.8 mode 2 st 0 gl 0 hp 4 frg 1
ARGLOG Romero t  23.9 pos '400.2 369.5 216.0' spd 347.3 yaw 157.0 mode 2 st 0 gl 1 hp 100 frg 2
ARGEVT Carmack death Romero pos '173.3 496.0 184.1'
ARGEVT Romero plan powerup via weapon
ARGEVT Romero goal weapon_rocketlauncher
ARGLOG Romero t  24.4 pos '513.6 481.4 184.3' spd  86.6 yaw 240.7 mode 0 st 0 gl 1 hp 100 frg 3
ARGEVT Romero route 7 start '609.0 385.0 216.0' goal '993.0 -319.0 216.0'
ARGEVT Joe Rogan respawn
ARGEVT Joe Rogan plan powerup via weapon
ARGEVT Joe Rogan goal weapon_supernailgun
ARGEVT Joe Rogan engage Romero
ARGLOG Joe Rogan t  24.8 pos '128.0 -360.0 280.0' spd 0 yaw  58.2 mode 0 st 0 gl 3 hp 100 frg 4
ARGEVT Romero engage Joe Rogan
ARGLOG Romero t  24.9 pos '494.3 407.6  56.0' spd 320.0 yaw 249.6 mode 2 st 0 gl 1 hp 100 frg 3
ARGEVT Joe Rogan route 8 start '  1.0 -255.0 216.0' goal '1121.0  65.0  -8.0'
ARGLOG Joe Rogan t  25.3 pos '203.4 -207.5 236.3' spd 320.0 yaw  59.0 mode 2 st 0 gl 3 hp 100 frg 4
ARGEVT Joe Rogan hazard
ARGLOG Romero t  25.5 pos '526.0 358.8  56.0' spd 183.8 yaw 244.0 mode 2 st 0 gl 1 hp 100 frg 3
ARGLOG Joe Rogan t  25.8 pos '284.3 -227.3 216.0' spd 347.4 yaw  62.1 mode 2 st 0 gl 3 hp 96 frg 4
ARGEVT Carmack respawn
ARGLOG Romero t  26.0 pos '517.1 358.8  56.0' spd  56.4 yaw 253.0 mode 2 st 0 gl 1 hp 100 frg 3
ARGEVT Carmack plan powerup via weapon
ARGEVT Carmack goal weapon_supershotgun
ARGEVT Carmack engage Joe Rogan
ARGLOG Carmack t  26.0 pos '-256.0  64.0  56.0' spd 0 yaw 331.9 mode 0 st 0 gl 0 hp 100 frg 1
ARGEVT Carmack route 2 start '-287.0  33.0  56.0' goal '-159.0 -287.0  56.0'
ARGEVT Romero hazard
ARGLOG Joe Rogan t  26.3 pos '356.9 -225.2 220.0' spd 187.0 yaw  73.0 mode 0 st 0 gl 3 hp 80 frg 4
ARGEVT Joe Rogan hazard
ARGLOG Romero t  26.5 pos '509.3 351.5  56.0' spd 103.9 yaw 253.0 mode 2 st 0 gl 1 hp 84 frg 3
ARGLOG Carmack t  26.5 pos '-111.1  14.5  32.0' spd 338.8 yaw 332.9 mode 2 st 0 gl 0 hp 100 frg 1
ARGEVT Carmack grab 
ARGEVT Joe Rogan route 6 start '417.0 -191.0 216.0' goal '1121.0  65.0  -8.0'
ARGLOG Joe Rogan t  26.8 pos '387.7 -225.9 220.0' spd 223.6 yaw  81.2 mode 2 st 0 gl 3 hp 68 frg 4
ARGLOG Romero t  27.0 pos '515.7 342.9  56.0' spd 120.4 yaw 261.0 mode 2 st 0 gl 1 hp 76 frg 3
ARGLOG Carmack t  27.0 pos ' 24.0  75.9   8.0' spd 245.6 yaw 321.1 mode 2 st 0 gl 0 hp 100 frg 1
ARGLOG Joe Rogan t  27.4 pos '411.6 -211.4 216.0' spd  78.7 yaw  75.4 mode 2 st 0 gl 3 hp 56 frg 4
ARGLOG Romero t  27.5 pos '526.1 343.0  56.0' spd 108.6 yaw 257.1 mode 2 st 0 gl 1 hp 56 frg 3
ARGLOG Carmack t  27.5 pos '  9.4  91.0   8.0' spd 194.8 yaw 324.1 mode 2 st 0 gl 0 hp 100 frg 1
ARGEVT Romero hazard
ARGLOG Joe Rogan t  27.9 pos '448.2 -223.1 216.0' spd 150.7 yaw  79.0 mode 2 st 0 gl 3 hp 40 frg 4
ARGEVT Joe Rogan hazard
ARGEVT Joe Rogan retreat
ARGLOG Romero t  28.0 pos '536.2 339.9  56.0' spd 113.2 yaw 259.1 mode 2 st 0 gl 1 hp 48 frg 3
ARGLOG Carmack t  28.0 pos '  5.2  16.0   8.0' spd  49.9 yaw 331.7 mode 2 st 0 gl 0 hp 100 frg 1
ARGLOG Joe Rogan t  28.4 pos '414.5 -320.3 216.0' spd 320.8 yaw  80.3 mode 2 st 0 gl 3 hp 32 frg 4
ARGEVT Carmack pursue
ARGLOG Romero t  28.5 pos '520.1 356.0  56.0' spd  33.8 yaw 264.2 mode 2 st 0 gl 1 hp 40 frg 3
ARGLOG Carmack t  28.5 pos ' 12.5  25.1   8.0' spd 138.7 yaw 328 mode 2 st 0 gl 0 hp 100 frg 1
ARGUS Carmack hunch item_artifact_super_damage
ARGEVT Carmack goal item_artifact_super_damage
ARGEVT Carmack pursue
ARGEVT Carmack route 4 start '  1.0  65.0   8.0' goal '129.0  33.0 -48.0'
ARGEVT Romero hazard
ARGLOG Joe Rogan t  28.9 pos '394.6 -338.4 216.0' spd 153.1 yaw  82.8 mode 2 st 0 gl 3 hp 28 frg 4
ARGLOG Romero t  29.0 pos '513.2 343.8  56.0' spd 114.9 yaw 261.9 mode 2 st 0 gl 1 hp 32 frg 3
ARGLOG Carmack t  29.0 pos ' 18.6  90.8   8.0' spd 114.7 yaw 328.7 mode 2 st 0 gl 0 hp 100 frg 1
ARGLOG Joe Rogan t  29.4 pos '349.3 -348.1 216.0' spd 323.5 yaw  72.9 mode 2 st 0 gl 3 hp 20 frg 4
ARGLOG Romero t  29.6 pos '524.5 341.8  56.0' spd 111.9 yaw 255.1 mode 2 st 0 gl 1 hp 24 frg 3
ARGLOG Carmack t  29.6 pos '  7.0  16.0   8.0' spd  19.7 yaw 246.8 mode 2 st 0 gl 0 hp 100 frg 1
ARGEVT Carmack pursue
ARGLOG Joe Rogan t  29.9 pos '352.4 -196.7 241.2' spd 133.8 yaw  79.4 mode 2 st 0 gl 3 hp 4 frg 4
ARGEVT Joe Rogan death Romero pos '358.3 -193.2 244.8'
ARGUS Romero watch spawn
ARGEVT Romero hazard
ARGLOG Romero t  30.1 pos '494.6 347.0  56.0' spd 110.7 yaw 126.1 mode 2 st 0 gl 1 hp 24 frg 4
ARGLOG Carmack t  30.1 pos ' 11.4 105.1   8.0' spd 262.3 yaw 26 mode 2 st 0 gl 0 hp 100 frg 1
ARGEVT Romero goal item_health
ARGEVT Romero route 9 start '513.0 321.0  56.0' goal '993.0  33.0  -8.0'
ARGLOG Romero t  30.6 pos '362.2 418.3  56.0' spd 411.8 yaw 353 mode 2 st 0 gl 1 hp 24 frg 4
ARGLOG Carmack t  30.6 pos '  8.0 112.0   8.0' spd 0 yaw 25 mode 2 st 0 gl 0 hp 100 frg 1
ARGLOG Romero t  31.1 pos '355.4 400.0  56.0' spd 335.7 yaw 357 mode 2 st 0 gl 1 hp 24 frg 4
ARGLOG Carmack t  31.1 pos '  8.0 112.0   8.0' spd 0 yaw 25 mode 2 st 0 gl 0 hp 100 frg 1
ARGEVT Joe Rogan respawn
ARGEVT Carmack engage Joe Rogan
ARGEVT Joe Rogan goal weapon_rocketlauncher
ARGEVT Joe Rogan engage Carmack
ARGLOG Joe Rogan t  31.6 pos '-256.0  64.0  56.0' spd 0 yaw  11.9 mode 0 st 0 gl 3 hp 100 frg 4
ARGEVT Romero engage Carmack
ARGEVT Romero retreat
ARGLOG Romero t  31.6 pos '528.8 358.4  56.0' spd 405.0 yaw 231.3 mode 2 st 0 gl 1 hp 24 frg 4
ARGLOG Carmack t  31.6 pos '  8.1 103.0   8.0' spd 169.6 yaw 100.6 mode 2 st 0 gl 0 hp 100 frg 1
ARGEVT Joe Rogan route 11 start '-287.0  33.0  56.0' goal '993.0 -319.0 216.0'
ARGEVT Romero jump
ARGEVT Carmack goal weapon_grenadelauncher
ARGEVT Carmack route 3 start '  1.0  65.0   8.0' goal '-383.0  65.0  56.0'
ARGLOG Joe Rogan t  32.1 pos '-233.9   9.3  56.0' spd 239.9 yaw  25.7 mode 2 st 0 gl 3 hp 84 frg 4
ARGLOG Romero t  32.1 pos '618.7 477.7  94.9' spd 339.6 yaw 206.3 mode 2 st 0 gl 1 hp 24 frg 4
ARGLOG Carmack t  32.1 pos '-64.0 112.0   8.0' spd 0 yaw 208.3 mode 2 st 0 gl 0 hp 76 frg 1
ARGEVT Romero pursue
ARGLOG Joe Rogan t  32.7 pos '-270.1 172.9  56.0' spd 332.4 yaw 341.5 mode 2 st 0 gl 3 hp 84 frg 4
ARGLOG Romero t  32.7 pos '590.6 465.0  56.0' spd 320.0 yaw 211 mode 2 st 0 gl 1 hp 24 frg 4
ARGLOG Carmack t  32.7 pos '-48.7 112.0   8.0' spd  57.3 yaw 165.4 mode 2 st 0 gl 0 hp 56 frg 1
ARGEVT Romero jump
ARGEVT Carmack pursue
ARGEVT Joe Rogan pursue
ARGEVT Joe Rogan hazard
ARGLOG Joe Rogan t  33.2 pos '-208.0 211.0  56.0' spd 320.0 yaw 254.4 mode 2 st 0 gl 3 hp 84 frg 4
ARGLOG Romero t  33.2 pos '464.0 381.3  74.9' spd 163.5 yaw 260.3 mode 2 st 0 gl 1 hp 24 frg 4
ARGLOG Carmack t  33.2 pos '-64.0 112.0   8.0' spd 0 yaw 177 mode 2 st 0 gl 0 hp 56 frg 1
ARGEVT Romero hazard
ARGEVT Romero pursue
ARGEVT Romero jump
ARGLOG Joe Rogan t  33.7 pos '-267.2 181.9  56.0' spd 345.9 yaw 346.5 mode 2 st 0 gl 3 hp 60 frg 4
ARGLOG Romero t  33.7 pos '584.3 381.5  77.5' spd 367.8 yaw 202.8 mode 2 st 0 gl 1 hp 24 frg 4
ARGLOG Carmack t  33.7 pos '-61.9 112.0   8.0' spd  25.5 yaw 154.4 mode 2 st 0 gl 0 hp 56 frg 1
ARGEVT Carmack pursue
ARGEVT Joe Rogan pursue
ARGEVT Romero pursue
ARGLOG Joe Rogan t  34.2 pos '-208.0 207.0  56.3' spd 324.2 yaw 251.1 mode 2 st 0 gl 3 hp 60 frg 4
ARGLOG Romero t  34.2 pos '676.1 466.0  57.7' spd  79.3 yaw 206 mode 2 st 0 gl 1 hp 24 frg 4
ARGLOG Carmack t  34.2 pos '-64.0 112.0   8.0' spd 0 yaw 174 mode 2 st 0 gl 0 hp 56 frg 1
ARGEVT Romero jump
ARGEVT Joe Rogan retreat
ARGLOG Joe Rogan t  34.7 pos '-304.0 172.9  57.1' spd 308.6 yaw 319.9 mode 2 st 0 gl 3 hp 28 frg 4
ARGLOG Romero t  34.7 pos '539.6 421.0  94.9' spd 322.1 yaw 208 mode 2 st 0 gl 1 hp 24 frg 4
ARGLOG Carmack t  34.7 pos '-82.5  18.8  24.0' spd 372.0 yaw 148.1 mode 2 st 0 gl 0 hp 32 frg 1
ARGEVT Carmack hazard
ARGUS Romero hunch item_health
ARGEVT Romero goal item_health
ARGEVT Romero pursue
ARGEVT Romero route 5 start '513.0 321.0  56.0' goal '-223.0 385.0 232.0'
ARGLOG Joe Rogan t  35.2 pos '-304.0 336.3  56.0' spd 320.2 yaw 321.1 mode 2 st 0 gl 3 hp 28 frg 4
ARGLOG Romero t  35.2 pos '514.5 363.1  56.0' spd 323.3 yaw 312.9 mode 2 st 0 gl 1 hp 24 frg 4
ARGLOG Carmack t  35.2 pos ' 24.0  65.4  10.6' spd 270.3 yaw 140.6 mode 2 st 0 gl 0 hp 32 frg 1
ARGEVT Carmack pursue
ARGEVT Joe Rogan pursue
ARGEVT Romero grab item_shells
ARGLOG Joe Rogan t  35.7 pos '-224.1 302.5  56.0' spd 322.0 yaw 299 mode 2 st 0 gl 3 hp 28 frg 4
ARGLOG Romero t  35.7 pos '633.9 428.4  56.0' spd 327.8 yaw 205.0 mode 2 st 0 gl 1 hp 24 frg 4
ARGLOG Carmack t  35.7 pos '-64.0 112.0   8.0' spd 0 yaw 155 mode 2 st 0 gl 0 hp 24 frg 1
ARGUS Joe Rogan hunch item_health
ARGEVT Romero pursue
ARGEVT Joe Rogan pursue
ARGEVT Joe Rogan goal item_health
ARGEVT Joe Rogan route 4 start '-255.0 225.0  56.0' goal '-255.0 -287.0 232.0'
ARGEVT Joe Rogan hazard
ARGLOG Joe Rogan t  36.3 pos '-280.7 239.1  56.0' spd 350.6 yaw 252.0 mode 2 st 0 gl 3 hp 28 frg 4
ARGLOG Romero t  36.3 pos '554.8 374.9  56.0' spd 320.1 yaw 206 mode 2 st 0 gl 1 hp 24 frg 4
ARGLOG Carmack t  36.3 pos '-64.0 112.0   8.0' spd 0 yaw 155 mode 2 st 0 gl 0 hp 24 frg 1
ARGEVT Romero hazard
ARGLOG Joe Rogan t  36.8 pos '-270.2  70.4  56.0' spd 320.2 yaw 351.1 mode 2 st 0 gl 3 hp 16 frg 4
ARGEVT Romero pursue
ARGLOG Romero t  36.8 pos '456.2 412.5  56.0' spd 342.1 yaw 170.9 mode 2 st 0 gl 1 hp 24 frg 4
ARGLOG Carmack t  36.8 pos '-65.0  36.5  24.0' spd 325.4 yaw 174.1 mode 2 st 0 gl 0 hp 4 frg 1
ARGEVT Carmack death Joe Rogan pos '-85.5  31.3  24.0'
ARGEVT Joe Rogan goal item_health
ARGEVT Joe Rogan route 4 start '-255.0 -63.0  56.0' goal '-255.0 -287.0 232.0'
ARGLOG Joe Rogan t  37.3 pos '-228.9 -91.8  56.0' spd 382.6 yaw   4.2 mode 2 st 0 gl 3 hp 16 frg 5
ARGEVT Joe Rogan hazard
ARGLOG Romero t  37.3 pos '281.8 410.1  56.0' spd 328.1 yaw 221 mode 2 st 0 gl 1 hp 24 frg 4
ARGEVT Romero jump
ARGLOG Joe Rogan t  37.8 pos '-227.9 -85.4  56.0' spd 335.7 yaw 117.7 mode 2 st 0 gl 3 hp 16 frg 5
ARGLOG Romero t  37.8 pos '129.0 339.3  93.7' spd 335.5 yaw 191 mode 2 st 0 gl 1 hp 24 frg 4
ARGEVT Romero engage Joe Rogan
ARGEVT Romero grab 
ARGEVT Joe Rogan engage Romero
ARGEVT Joe Rogan grab 
ARGLOG Joe Rogan t  38.3 pos '-161.1  51.3  40.0' spd 338.2 yaw  61.5 mode 2 st 0 gl 3 hp 16 frg 5
ARGLOG Romero t  38.3 pos ' 26.8 382.9  56.0' spd 326.1 yaw 248.3 mode 2 st 0 gl 1 hp 12 frg 4
ARGEVT Carmack respawn
ARGEVT Carmack goal weapon_rocketlauncher
ARGLOG Carmack t  38.7 pos '1024.0  64.0 172.0' spd 0 yaw 196.3 mode 0 st 0 gl 0 hp 100 frg 1
ARGEVT Carmack route 3 start '1057.0  33.0 168.0' goal '993.0 -319.0 216.0'
ARGLOG Joe Rogan t  38.8 pos '  3.8  68.5   8.0' spd 321.9 yaw  90.4 mode 0 st 0 gl 3 hp 8 frg 5
ARGLOG Romero t  38.8 pos '  6.6 496.0  56.0' spd 339.1 yaw 289.0 mode 2 st 0 gl 1 hp 8 frg 4
ARGEVT Joe Rogan route 6 start '  1.0  65.0   8.0' goal '-255.0 -287.0 232.0'
ARGEVT Carmack engage Joe Rogan
ARGEVT Carmack grab item_health
ARGLOG Carmack t  39.2 pos '978.8  61.1 172.0' spd 335.5 yaw 178.6 mode 2 st 0 gl 0 hp 100 frg 1
ARGEVT Joe Rogan pursue
ARGEVT Romero pursue
ARGLOG Joe Rogan t  39.3 pos '  9.5 108.9   8.0' spd 280.1 yaw 90 mode 2 st 0 gl 3 hp 8 frg 5
ARGLOG Romero t  39.3 pos '-136.6 439.6  56.0' spd 354.8 yaw 293 mode 2 st 0 gl 1 hp 8 frg 4
ARGEVT Romero hazard
ARGLOG Carmack t  39.7 pos '993.9  62.9 172.0' spd 145.5 yaw 175.9 mode 2 st 0 gl 0 hp 100 frg 1
ARGEVT Romero death Joe Rogan pos '  9.0 419.0  56.0'
ARGUS Joe Rogan watch spawn
ARGLOG Joe Rogan t  39.9 pos '-10.7 112.0   8.0' spd   8.5 yaw  86.2 mode 2 st 0 gl 3 hp 8 frg 6
ARGEVT Joe Rogan goal item_health
ARGUS routecache adopt
ARGEVT Joe Rogan route 6 start '  1.0  65.0   8.0' goal '-255.0 -287.0 232.0'
ARGEVT Joe Rogan engage Carmack
ARGEVT Joe Rogan retreat
ARGLOG Carmack t  40.2 pos '1002.8  61.1 172.0' spd 278.2 yaw 178.1 mode 2 st 0 gl 0 hp 100 frg 1
ARGLOG Joe Rogan t  40.4 pos ' 12.3  24.7   8.0' spd 342.4 yaw   2.4 mode 2 st 0 gl 3 hp 8 frg 6
ARGEVT Joe Rogan death Carmack pos '  3.9  16.0   8.0'
ARGUS Carmack watch spawn
ARGEVT Carmack goal weapon_rocketlauncher
ARGEVT Carmack route 3 start '1057.0  33.0 168.0' goal '993.0 -319.0 216.0'
ARGLOG Carmack t  40.7 pos '941.6  18.7 168.0' spd 351.8 yaw 283 mode 2 st 0 gl 0 hp 100 frg 2
ARGLOG Carmack t  41.2 pos '948.6   8.0 180.0' spd  95.4 yaw 283 mode 2 st 0 gl 0 hp 100 frg 2
