LOG started on: 09/13/2026 08:31:54 
Playing registered version.
UDP Initialized
WIPX_OpenSocket: Address family not supported by protocol family
WIPX_Init: Unable to open control socket, IPX disabled
Exe: 20:02:47 Jul 31 2024
256.0 megabyte heap

Language initialization
Couldn't load 'localization/loc_english.txt'
from 'C:/argus/engine'

========= Quake Initialized =========

execing autoexec.cfg
SpawnServer: e1m1
Clearing memory
Programs occupy 860K.
trying to open external vis file
maps/e1m1.vis not found, trying argus.vis
external vis not found
Loaded external entity file maps/e1m1@c49d.ent
ARGUS slots 8
ARGUS worldspawn reached
ARGNAV 223 nodes, 853 links
13 entities inhibited
ARGUS init on e1m1
ARGEVT Carmack spawned
ARGEVT Romero spawned
ARGEVT Joe Rogan spawned
Server spawned.
ARGLOG Joe Rogan t   1.2 pos '480.0  48.0  24.0' spd 0 yaw  87.6 mode 0 st 0 gl 0 hp 100 frg 0
ARGLOG Romero t   1.2 pos '-272.0 2928.0 -56.0' spd 0 yaw  47.5 mode 0 st 0 gl 0 hp 100 frg 0
ARGLOG Carmack t   1.2 pos '1312.0 880.0 -256.0' spd 0 yaw 119.6 mode 0 st 0 gl 0 hp 100 frg 0
ARGEVT Romero hazard
ARGLOG Joe Rogan t   1.7 pos '488.2 204.1  24.0' spd 320 yaw  87.6 mode 0 st 0 gl 0 hp 100 frg 0
ARGLOG Romero t   1.7 pos '-258.6 2973.1 -56.0' spd 254.6 yaw 308.5 mode 0 st 0 gl 0 hp 100 frg 0
ARGLOG Carmack t   1.7 pos '1236.2 1016.7 -256.0' spd 320.0 yaw 119.6 mode 0 st 0 gl 0 hp 100 frg 0
ARGLOG Joe Rogan t   2.2 pos '496.8 367.7  24.0' spd 320 yaw  87.6 mode 0 st 0 gl 0 hp 100 frg 0
ARGLOG Romero t   2.2 pos '-164.7 2838.4 -56.0' spd 320.1 yaw 308.5 mode 0 st 0 gl 0 hp 100 frg 0
ARGLOG Carmack t   2.2 pos '1284.0 1021.6 -256.0' spd 320.7 yaw 319.2 mode 0 st 0 gl 0 hp 100 frg 0
ARGLOG Joe Rogan t   2.7 pos '505.4 532.3  24.0' spd 320 yaw  87.6 mode 0 st 0 gl 0 hp 100 frg 0
ARGLOG Romero t   2.7 pos '-51.7 2715.1 -56.0' spd 348.7 yaw 352.0 mode 0 st 0 gl 0 hp 100 frg 0
ARGLOG Carmack t   2.7 pos '1412.1 917.8 -256.0' spd 320.0 yaw 319.2 mode 0 st 0 gl 0 hp 100 frg 0
ARGEVT Romero hazard
ARGLOG Joe Rogan t   3.3 pos '513.8 688.0  24.0' spd  13.5 yaw  87.6 mode 0 st 0 gl 0 hp 100 frg 0
ARGLOG Romero t   3.3 pos '-113.3 2672.8 -72.0' spd 325.0 yaw 196.0 mode 0 st 0 gl 0 hp 100 frg 0
ARGLOG Carmack t   3.3 pos '1426.2 992.0 -256.0' spd  92.9 yaw 111.1 mode 0 st 0 gl 0 hp 100 frg 0
ARGLOG Joe Rogan t   3.8 pos '560.0 688.0  24.0' spd 0 yaw  52.2 mode 0 st 0 gl 0 hp 100 frg 0
ARGLOG Romero t   3.8 pos '-276.6 2644.2 -104.0' spd 320.2 yaw 196.0 mode 0 st 0 gl 0 hp 100 frg 0
ARGLOG Carmack t   3.8 pos '1350.9 1126.2 -256.0' spd 328.6 yaw 111.1 mode 0 st 0 gl 0 hp 100 frg 0
ARGEVT Joe Rogan plan powerup via weapon
ARGEVT Joe Rogan goal weapon_rocketlauncher
ARGEVT Romero plan powerup via weapon
ARGEVT Romero goal weapon_supernailgun
ARGEVT Carmack goal item_armor2
ARGEVT Carmack hazard
ARGLOG Joe Rogan t   4.3 pos '555.9 688.0  24.0' spd  48.0 yaw 103 mode 0 st 0 gl 0 hp 100 frg 0
ARGLOG Romero t   4.3 pos '-429.5 2577.8 -104.0' spd 377.8 yaw 277.6 mode 0 st 0 gl 0 hp 100 frg 0
ARGLOG Carmack t   4.3 pos '1274.9 1276.0 -325.9' spd 374.0 yaw 192.7 mode 0 st 0 gl 0 hp 100 frg 0
ARGEVT Joe Rogan route 29 start '465.0 577.0  24.0' goal '145.0 2337.0  40.0'
ARGEVT Romero route 16 start '-463.0 2433.0 -136.0' goal '817.0 2433.0 -344.0'
ARGEVT Carmack route 5 start '1265.0 1313.0 -344.0' goal '1297.0 1057.0 -408.0'
ARGLOG Joe Rogan t   4.8 pos '418.4 659.6  24.0' spd 382.1 yaw 205 mode 2 st 0 gl 0 hp 100 frg 0
ARGLOG Romero t   4.8 pos '-333.1 2439.9 -136.0' spd 362.0 yaw 49 mode 2 st 0 gl 0 hp 100 frg 0
ARGLOG Carmack t   4.8 pos '1273.6 1255.8 -315.8' spd 328.6 yaw 282 mode 2 st 0 gl 0 hp 100 frg 0
ARGEVT Carmack jump
ARGLOG Joe Rogan t   5.3 pos '478.3 506.6  24.0' spd 342.3 yaw 267.8 mode 2 st 0 gl 0 hp 100 frg 0
ARGLOG Romero t   5.3 pos '-181.8 2516.0 -120.0' spd 349.1 yaw 56 mode 2 st 0 gl 0 hp 100 frg 0
ARGLOG Carmack t   5.3 pos '1306.7 1093.9 -256.0' spd 320.0 yaw 239 mode 2 st 0 gl 0 hp 100 frg 0
ARGEVT Romero jump
ARGLOG Joe Rogan t   5.8 pos '400.0 388.2  24.0' spd 126.8 yaw 130 mode 2 st 0 gl 0 hp 100 frg 0
ARGLOG Romero t   5.8 pos '-144.0 2680.2 -69.0' spd 320 yaw 45 mode 2 st 0 gl 0 hp 100 frg 0
ARGLOG Carmack t   5.8 pos '1202.9 965.2 -256.0' spd 375.6 yaw 44 mode 2 st 0 gl 0 hp 100 frg 0
ARGEVT Carmack hazard
ARGLOG Joe Rogan t   6.3 pos '366.5 562.5  24.0' spd 386.1 yaw 173 mode 2 st 0 gl 0 hp 100 frg 0
ARGLOG Romero t   6.3 pos '-91.0 2838.6 -56.0' spd 321.6 yaw 27 mode 2 st 0 gl 0 hp 100 frg 0
ARGLOG Carmack t   6.3 pos '1195.1 928.0 -256.0' spd   4.2 yaw 51 mode 2 st 0 gl 0 hp 100 frg 0
ARGLOG Joe Rogan t   6.9 pos '201.3 616.0  24.0' spd 309.3 yaw 125 mode 2 st 0 gl 0 hp 100 frg 0
ARGLOG Romero t   6.9 pos ' 22.5 2960.9 -72.0' spd 358.9 yaw 357 mode 2 st 0 gl 0 hp 100 frg 0
ARGLOG Carmack t   6.9 pos '1210.0 842.1 -256.0' spd 235.8 yaw 104.1 mode 2 st 0 gl 0 hp 100 frg 0
ARGEVT Romero hazard
ARGEVT Joe Rogan hazard
ARGLOG Joe Rogan t   7.4 pos ' 75.3 621.4  24.0' spd 107.7 yaw 97 mode 2 st 0 gl 0 hp 100 frg 0
ARGLOG Romero t   7.4 pos ' 60.4 2973.7 -88.0' spd 320.6 yaw 354 mode 2 st 0 gl 0 hp 100 frg 0
ARGLOG Carmack t   7.4 pos '1245.3 1000.2 -256.0' spd 325.2 yaw 47 mode 2 st 0 gl 0 hp 100 frg 0
ARGLOG Joe Rogan t   7.9 pos ' 25.0 624.0  24.0' spd  41.7 yaw 83 mode 2 st 0 gl 0 hp 100 frg 0
ARGLOG Romero t   7.9 pos ' 38.3 2960.0 -88.0' spd 133.9 yaw 357 mode 2 st 0 gl 0 hp 100 frg 0
ARGLOG Carmack t   7.9 pos '1401.9 1032.5 -256.0' spd 421.2 yaw 256.5 mode 1 st 0 gl 0 hp 100 frg 0
ARGEVT Romero hazard
ARGEVT Joe Rogan hazard
ARGLOG Joe Rogan t   8.4 pos ' 10.2 624.0  24.0' spd 108.1 yaw 79 mode 2 st 0 gl 0 hp 100 frg 0
ARGLOG Romero t   8.4 pos ' 51.5 2956.3 -88.0' spd 247.8 yaw 358 mode 2 st 0 gl 0 hp 100 frg 0
ARGLOG Carmack t   8.4 pos '1291.1 923.1 -256.0' spd 438.5 yaw  91.4 mode 1 st 0 gl 0 hp 100 frg 0
ARGEVT Joe Rogan stall
ARGEVT Joe Rogan stallnode ' 49.0 705.0 -120.0'
ARGEVT Joe Rogan jump
ARGEVT Romero stall
ARGEVT Romero stallnode '113.0 2945.0 -120.0'
ARGEVT Romero jump
ARGLOG Joe Rogan t   8.9 pos ' 22.5 624.0  35.7' spd 132.8 yaw  83.6 mode 0 st 1 gl 0 hp 100 frg 0
ARGLOG Romero t   8.9 pos ' 53.0 2986.1 -76.3' spd 321.0 yaw 321.4 mode 0 st 1 gl 0 hp 100 frg 0
ARGLOG Carmack t   8.9 pos '1345.6 1079.6 -256.0' spd 431.4 yaw 305.1 mode 1 st 0 gl 0 hp 100 frg 0
ARGEVT Romero door
ARGEVT Romero door
ARGEVT Romero door
ARGEVT Romero door
ARGEVT Romero door
ARGEVT Joe Rogan route 29 start ' 81.0 545.0  24.0' goal '145.0 2337.0  40.0'
ARGEVT Romero door
ARGEVT Romero door
ARGEVT Romero door
ARGLOG Joe Rogan t   9.4 pos ' 91.7 624.0  37.1' spd 134.5 yaw 343 mode 2 st 1 gl 0 hp 100 frg 0
ARGEVT Romero door
ARGLOG Romero t   9.4 pos ' 98.0 2953.2 -74.9' spd 154.8 yaw 160.7 mode 0 st 1 gl 0 hp 100 frg 0
ARGLOG Carmack t   9.4 pos '1357.2 923.5 -256.0' spd 439.7 yaw 140.6 mode 1 st 0 gl 0 hp 100 frg 0
ARGEVT Romero route 13 start ' 81.0 2945.0 -104.0' goal '817.0 2433.0 -344.0'
ARGEVT Romero hazard
ARGEVT Romero jump
ARGEVT Joe Rogan hazard
ARGLOG Joe Rogan t   9.9 pos ' 90.2 521.4  24.0' spd 325.4 yaw 102 mode 2 st 1 gl 0 hp 100 frg 0
ARGLOG Romero t   9.9 pos ' 14.3 2968.5 -50.3' spd  37.3 yaw 356 mode 2 st 1 gl 0 hp 100 frg 0
ARGLOG Carmack t   9.9 pos '1299.2 1072.8 -256.0' spd 434.6 yaw 341.7 mode 1 st 0 gl 0 hp 100 frg 0
ARGLOG Joe Rogan t  10.5 pos ' 24.9 604.1  24.0' spd  96.1 yaw 76 mode 2 st 1 gl 0 hp 100 frg 0
ARGLOG Romero t  10.5 pos ' 56.0 2973.8 -88.0' spd 297.5 yaw 354 mode 2 st 1 gl 0 hp 100 frg 0
ARGLOG Carmack t  10.5 pos '1402.7 954.5 -256.0' spd 439.9 yaw 177.6 mode 1 st 0 gl 0 hp 100 frg 0
ARGEVT Romero hazard
ARGLOG Joe Rogan t  11.0 pos '182.2 599.4  24.0' spd 322.1 yaw 141 mode 2 st 1 gl 0 hp 100 frg 0
ARGLOG Romero t  11.0 pos ' 39.5 2960.2 -88.0' spd 110.3 yaw 357 mode 2 st 1 gl 0 hp 100 frg 0
ARGLOG Carmack t  11.0 pos '1271.4 1040.2 -256.0' spd 436.1 yaw  15.7 mode 1 st 0 gl 0 hp 100 frg 0
ARGEVT Romero stall
ARGEVT Romero stallnode '113.0 2945.0 -120.0'
ARGEVT Romero jump
ARGUS routecache adopt
ARGEVT Romero route 13 start ' 81.0 2945.0 -104.0' goal '817.0 2433.0 -344.0'
ARGEVT Romero door
ARGEVT Joe Rogan hazard
ARGLOG Joe Rogan t  11.5 pos '312.1 623.1  24.0' spd 128.7 yaw 141 mode 2 st 1 gl 0 hp 100 frg 0
ARGLOG Romero t  11.5 pos '159.8 2949.8 -58.2' spd 245.8 yaw 138.2 mode 2 st 2 gl 0 hp 100 frg 0
ARGLOG Carmack t  11.5 pos '1423.4 998.6 -256.0' spd 440.1 yaw 211.2 mode 1 st 0 gl 0 hp 100 frg 0
ARGLOG Joe Rogan t  12.0 pos '272.0 624.0  24.0' spd 0 yaw 136 mode 2 st 1 gl 0 hp 100 frg 0
ARGLOG Romero t  12.0 pos '124.8 2967.9 -120.0' spd 320.0 yaw 190 mode 2 st 2 gl 0 hp 92 frg 0
ARGLOG Carmack t  12.0 pos '1268.0 997.2 -256.0' spd 440.1 yaw 49 mode 1 st 0 gl 0 hp 100 frg 0
ARGEVT Romero hazard
ARGEVT Romero jump
ARGEVT Joe Rogan stall
ARGEVT Joe Rogan stallnode ' 49.0 705.0 -120.0'
ARGEVT Joe Rogan jump
ARGLOG Joe Rogan t  12.5 pos '272.0 624.0  35.7' spd 0 yaw 176.3 mode 0 st 2 gl 0 hp 100 frg 0
ARGLOG Romero t  12.5 pos ' 16.0 2895.7 -37.7' spd 298.9 yaw 6 mode 2 st 2 gl 0 hp 92 frg 0
ARGLOG Carmack t  12.5 pos '1417.9 1045.8 -256.0' spd 440.1 yaw 244.8 mode 1 st 0 gl 0 hp 100 frg 0
ARGEVT Joe Rogan route 28 start '241.0 577.0  24.0' goal '145.0 2337.0  40.0'
ARGLOG Joe Rogan t  13.0 pos '271.9 613.1  37.7' spd  37.7 yaw 135 mode 2 st 2 gl 0 hp 100 frg 0
ARGLOG Romero t  13.0 pos ' 99.4 2792.3 -56.0' spd 359.3 yaw 24 mode 2 st 2 gl 0 hp 92 frg 0
ARGLOG Carmack t  13.0 pos '1286.4 970.1 -256.0' spd 434.2 yaw  81.0 mode 1 st 0 gl 0 hp 100 frg 0
ARGEVT Romero hazard
ARGLOG Joe Rogan t  13.5 pos '146.6 629.1  24.0' spd 335.0 yaw 115 mode 2 st 2 gl 0 hp 100 frg 0
ARGLOG Romero t  13.5 pos '250.4 2858.1 -56.0' spd 321.8 yaw 359 mode 2 st 2 gl 0 hp 92 frg 0
ARGLOG Carmack t  13.5 pos '1388.9 1089.6 -256.0' spd 440.0 yaw 276.5 mode 1 st 0 gl 0 hp 100 frg 0
ARGEVT Joe Rogan hazard
ARGLOG Joe Rogan t  14.1 pos ' 80.0 630.4  24.0' spd  22.4 yaw 98 mode 2 st 2 gl 0 hp 100 frg 0
ARGLOG Romero t  14.1 pos '418.5 2893.9 -56.0' spd 333.6 yaw 337 mode 2 st 2 gl 0 hp 92 frg 0
ARGLOG Carmack t  14.1 pos '1321.3 957.3 -256.0' spd 430.3 yaw 112.0 mode 1 st 0 gl 0 hp 100 frg 0
ARGLOG Joe Rogan t  14.6 pos ' 80.0 627.2  24.0' spd  23.0 yaw 98 mode 2 st 2 gl 0 hp 100 frg 0
ARGLOG Romero t  14.6 pos '528.0 2869.1 -56.0' spd 119.7 yaw 333 mode 2 st 2 gl 0 hp 92 frg 0
ARGLOG Carmack t  14.6 pos '1347.9 1111.4 -256.0' spd 439.4 yaw 307.2 mode 1 st 0 gl 0 hp 100 frg 0
ARGEVT Joe Rogan stall
ARGEVT Joe Rogan stallnode ' 49.0 705.0 -120.0'
ARGEVT Joe Rogan jump
ARGEVT Joe Rogan route 29 start ' 81.0 545.0  24.0' goal '145.0 2337.0  40.0'
ARGLOG Joe Rogan t  15.1 pos ' 80.0 637.8  53.9' spd  38.3 yaw 340 mode 2 st 3 gl 0 hp 100 frg 0
ARGLOG Romero t  15.1 pos '671.9 2804.0 -56.0' spd 320.2 yaw 311 mode 2 st 2 gl 0 hp 92 frg 0
ARGLOG Carmack t  15.1 pos '1302.3 975.8 -256.0' spd 413.7 yaw 143.1 mode 1 st 0 gl 0 hp 100 frg 0
ARGEVT Joe Rogan stall
ARGEVT Joe Rogan stallnode ' 81.0 545.0  24.0'
ARGEVT Joe Rogan jump
ARGEVT Joe Rogan plan powerup via weapon
ARGEVT Joe Rogan goal weapon_grenadelauncher
ARGEVT Joe Rogan route 15 start ' 81.0 545.0  24.0' goal '1169.0 1057.0 -408.0'
ARGLOG Joe Rogan t  15.6 pos ' 80.0 608.2  61.7' spd 100.2 yaw 350 mode 2 st 4 gl 0 hp 100 frg 0
ARGLOG Romero t  15.6 pos '815.1 2720.0 -72.0' spd 353.2 yaw 271 mode 2 st 2 gl 0 hp 92 frg 0
ARGLOG Carmack t  15.6 pos '1246.8 1103.7 -256.0' spd 320.4 yaw 338.9 mode 1 st 0 gl 0 hp 100 frg 0
ARGLOG Joe Rogan t  16.1 pos '106.2 561.2  24.0' spd 310.0 yaw 111 mode 2 st 4 gl 0 hp 100 frg 0
ARGLOG Romero t  16.1 pos '858.6 2557.2 -72.0' spd 324.0 yaw 261 mode 2 st 2 gl 0 hp 92 frg 0
ARGLOG Carmack t  16.1 pos '1315.5 963.3 -256.0' spd 427.4 yaw 174.4 mode 1 st 0 gl 0 hp 100 frg 0
