LOG started on: 09/13/2026 11:19:40 
Playing registered version.
UDP Initialized
WIPX_OpenSocket: Address family not supported by protocol family
WIPX_Init: Unable to open control socket, IPX disabled
Exe: 20:02:47 Jul 31 2024
256.0 megabyte heap

Language initialization
Couldn't load 'localization/loc_english.txt'
from 'C:/argus/engine'

========= Quake Initialized =========

execing autoexec.cfg
SpawnServer: e1m1
Clearing memory
Programs occupy 876K.
trying to open external vis file
maps/e1m1.vis not found, trying argus.vis
external vis not found
Loaded external entity file maps/e1m1@c49d.ent
ARGUS slots 8
ARGUS worldspawn reached
ARGNAV 223 nodes, 853 links
13 entities inhibited
ARGUS init on e1m1
ARGEVT Carmack spawned
ARGEVT Romero spawned
ARGEVT Joe Rogan spawned
Server spawned.
ARGLOG Joe Rogan t   1.2 pos '480.0  48.0  24.0' spd 0 yaw  87.6 mode 0 st 0 gl 0 hp 100 frg 0
ARGLOG Romero t   1.2 pos '-272.0 2928.0 -56.0' spd 0 yaw  47.5 mode 0 st 0 gl 0 hp 100 frg 0
ARGLOG Carmack t   1.2 pos '1312.0 880.0 -256.0' spd 0 yaw 119.6 mode 0 st 0 gl 0 hp 100 frg 0
ARGEVT Romero hazard
ARGLOG Joe Rogan t   1.7 pos '488.1 202.6  24.0' spd 320 yaw  87.6 mode 0 st 0 gl 0 hp 100 frg 0
ARGLOG Romero t   1.7 pos '-258.5 2972.7 -56.0' spd 257.2 yaw 308.5 mode 0 st 0 gl 0 hp 100 frg 0
ARGLOG Carmack t   1.7 pos '1237.0 1015.4 -256.0' spd 320 yaw 119.6 mode 0 st 0 gl 0 hp 100 frg 0
ARGLOG Joe Rogan t   2.2 pos '496.7 366.5  24.0' spd 320 yaw  87.6 mode 0 st 0 gl 0 hp 100 frg 0
ARGLOG Romero t   2.2 pos '-164.1 2837.9 -56.0' spd 320.1 yaw 308.5 mode 0 st 0 gl 0 hp 100 frg 0
ARGLOG Carmack t   2.2 pos '1285.2 1019.2 -256.0' spd 320.7 yaw 319.2 mode 0 st 0 gl 0 hp 100 frg 0
ARGLOG Joe Rogan t   2.7 pos '505.3 530.8  24.0' spd 320 yaw  87.6 mode 0 st 0 gl 0 hp 100 frg 0
ARGLOG Romero t   2.7 pos '-51.4 2714.8 -56.0' spd 349.3 yaw 352.0 mode 0 st 0 gl 0 hp 100 frg 0
ARGLOG Carmack t   2.7 pos '1413.1 915.6 -256.0' spd 320.0 yaw 319.2 mode 0 st 0 gl 0 hp 100 frg 0
ARGEVT Romero hazard
ARGLOG Joe Rogan t   3.3 pos '513.7 688.0  24.0' spd  13.5 yaw  87.6 mode 0 st 0 gl 0 hp 100 frg 0
ARGLOG Romero t   3.3 pos '-113.2 2672.0 -72.0' spd 319.5 yaw 196.0 mode 0 st 0 gl 0 hp 100 frg 0
ARGLOG Carmack t   3.3 pos '1427.2 992.0 -256.0' spd  92.5 yaw 111.1 mode 0 st 0 gl 0 hp 100 frg 0
ARGLOG Joe Rogan t   3.8 pos '560.0 688.0  24.0' spd 0 yaw  52.2 mode 0 st 0 gl 0 hp 100 frg 0
ARGLOG Romero t   3.8 pos '-277.6 2644.3 -104.0' spd 320.2 yaw 196.0 mode 0 st 0 gl 0 hp 100 frg 0
ARGLOG Carmack t   3.8 pos '1351.8 1125.9 -256.0' spd 328.7 yaw 111.1 mode 0 st 0 gl 0 hp 100 frg 0
ARGEVT Joe Rogan plan powerup via weapon
ARGEVT Joe Rogan goal weapon_rocketlauncher
ARGEVT Romero plan powerup via weapon
ARGEVT Romero goal weapon_supernailgun
ARGEVT Carmack goal item_armor2
ARGEVT Carmack hazard
ARGLOG Joe Rogan t   4.3 pos '555.5 688.0  24.0' spd  51.3 yaw 103 mode 0 st 0 gl 0 hp 100 frg 0
ARGLOG Romero t   4.3 pos '-430.8 2577.0 -104.0' spd 378.4 yaw 278.6 mode 0 st 0 gl 0 hp 100 frg 0
ARGLOG Carmack t   4.3 pos '1274.5 1275.9 -325.9' spd 374.5 yaw 193.7 mode 0 st 0 gl 0 hp 100 frg 0
ARGEVT Joe Rogan route 29 start '465.0 577.0  24.0' goal '145.0 2337.0  40.0'
ARGEVT Romero route 16 start '-463.0 2433.0 -136.0' goal '817.0 2433.0 -344.0'
ARGEVT Carmack route 5 start '1265.0 1313.0 -344.0' goal '1297.0 1057.0 -408.0'
ARGLOG Joe Rogan t   4.8 pos '417.6 660.0  24.0' spd 382.2 yaw 206 mode 2 st 0 gl 0 hp 100 frg 0
ARGLOG Romero t   4.8 pos '-332.8 2440.3 -136.0' spd 361.6 yaw 49 mode 2 st 0 gl 0 hp 100 frg 0
ARGLOG Carmack t   4.8 pos '1271.8 1296.0 -329.7' spd 155.2 yaw 281 mode 2 st 0 gl 0 hp 100 frg 0
ARGEVT Carmack jump
ARGLOG Joe Rogan t   5.3 pos '452.7 492.9  24.0' spd 362.5 yaw 234.5 mode 2 st 0 gl 0 hp 100 frg 0
ARGLOG Romero t   5.3 pos '-181.2 2516.5 -120.0' spd 349.0 yaw 56 mode 2 st 0 gl 0 hp 100 frg 0
ARGLOG Carmack t   5.3 pos '1290.3 1181.0 -278.2' spd 332.7 yaw 238 mode 2 st 0 gl 0 hp 100 frg 0
ARGEVT Romero jump
ARGLOG Joe Rogan t   5.8 pos '400.0 441.5  24.0' spd 294.1 yaw 139 mode 2 st 0 gl 0 hp 100 frg 0
ARGLOG Romero t   5.8 pos '-144.0 2681.3 -68.9' spd 322.1 yaw 45 mode 2 st 0 gl 0 hp 100 frg 0
ARGLOG Carmack t   5.8 pos '1278.0 1012.6 -256.0' spd 382.7 yaw 234 mode 2 st 0 gl 0 hp 100 frg 0
ARGLOG Joe Rogan t   6.3 pos '317.2 593.3  24.0' spd 360.6 yaw 157 mode 2 st 0 gl 0 hp 100 frg 0
ARGLOG Romero t   6.3 pos '-90.9 2839.2 -56.0' spd 322.0 yaw 27 mode 2 st 0 gl 0 hp 100 frg 0
ARGLOG Carmack t   6.3 pos '1167.6 959.7 -247.2' spd  40.5 yaw 36 mode 2 st 0 gl 0 hp 100 frg 0
ARGEVT Carmack hazard
ARGLOG Joe Rogan t   6.9 pos '149.3 629.1  24.0' spd 334.1 yaw 116 mode 2 st 0 gl 0 hp 100 frg 0
ARGLOG Romero t   6.9 pos ' 22.5 2961.5 -72.0' spd 361.9 yaw 357 mode 2 st 0 gl 0 hp 100 frg 0
ARGLOG Carmack t   6.9 pos '1200.3 920.5 -256.0' spd 150.0 yaw 54 mode 2 st 0 gl 0 hp 100 frg 0
ARGEVT Romero hazard
ARGEVT Joe Rogan hazard
ARGLOG Joe Rogan t   7.4 pos ' 48.3 615.6  24.0' spd 277.8 yaw 89 mode 2 st 0 gl 0 hp 100 frg 0
ARGLOG Romero t   7.4 pos ' 52.0 2958.2 -88.0' spd 278.5 yaw 358 mode 2 st 0 gl 0 hp 100 frg 0
ARGLOG Carmack t   7.4 pos '1200.0 897.1 -256.0' spd 325.3 yaw  86.2 mode 2 st 0 gl 0 hp 100 frg 0
ARGEVT Carmack stall
ARGUS STALLDBG mode 2 door 0 btn 0 hopdoor 0 dstate 0 dtn 0 pos '1202.1 930.9 -256.0'
ARGEVT Carmack stallnode '1297.0 1057.0 -408.0'
ARGEVT Carmack jump
ARGUS routecache adopt
ARGEVT Carmack route 2 start '1169.0 993.0 -256.0' goal '1297.0 1057.0 -408.0'
ARGLOG Joe Rogan t   7.9 pos ' 14.7 624.0  24.0' spd 103.3 yaw 80 mode 2 st 0 gl 0 hp 100 frg 0
ARGLOG Romero t   7.9 pos ' 61.1 2981.7 -88.0' spd 251.8 yaw 352 mode 2 st 0 gl 0 hp 100 frg 0
ARGLOG Carmack t   7.9 pos '1238.1 1057.0 -221.4' spd 320.0 yaw 297.8 mode 2 st 1 gl 0 hp 100 frg 0
ARGEVT Romero hazard
ARGEVT Joe Rogan hazard
ARGEVT Romero stall
ARGUS STALLDBG mode 2 door 0 btn 0 hopdoor 0 dstate 0 dtn 0 pos ' 55.6 2974.0 -88.0'
ARGEVT Romero stallnode '113.0 2945.0 -120.0'
ARGEVT Romero jump
ARGEVT Romero door
ARGLOG Joe Rogan t   8.4 pos '  6.8 624.0  24.0' spd   7.0 yaw 78 mode 2 st 0 gl 0 hp 100 frg 0
ARGEVT Romero door
ARGLOG Romero t   8.4 pos ' 73.1 2991.9 -53.6' spd 115.3 yaw 268.1 mode 0 st 1 gl 0 hp 100 frg 0
ARGLOG Carmack t   8.4 pos '1293.3 961.7 -256.0' spd 344.0 yaw 87 mode 2 st 1 gl 0 hp 100 frg 0
ARGEVT Romero door
ARGEVT Romero route 12 start '-15.0 2945.0 -56.0' goal '817.0 2433.0 -344.0'
ARGEVT Carmack hazard
ARGEVT Joe Rogan stall
ARGUS STALLDBG mode 2 door 0 btn 0 hopdoor 0 dstate 0 dtn 0 pos ' 11.3 624.0  24.0'
ARGEVT Joe Rogan stallnode ' 49.0 705.0 -120.0'
ARGLOG Joe Rogan t   8.9 pos ' 11.3 624.0  24.0' spd 121.9 yaw 207.9 mode 0 st 1 gl 0 hp 100 frg 0
ARGEVT Joe Rogan jump
ARGLOG Romero t   8.9 pos ' 88.2 2933.6 -104.0' spd 142.8 yaw 173 mode 2 st 1 gl 0 hp 100 frg 0
ARGLOG Carmack t   8.9 pos '1211.8 831.5 -256.0' spd 213.1 yaw 135.4 mode 2 st 1 gl 0 hp 100 frg 0
ARGEVT Romero jump
ARGEVT Joe Rogan route 29 start ' 81.0 545.0  24.0' goal '145.0 2337.0  40.0'
ARGLOG Joe Rogan t   9.4 pos '-41.8 624.0  46.7' spd  23.7 yaw 351 mode 2 st 1 gl 0 hp 100 frg 0
ARGLOG Romero t   9.4 pos '  7.9 2952.5 -53.0' spd  54.5 yaw 359 mode 2 st 1 gl 0 hp 100 frg 0
ARGLOG Carmack t   9.4 pos '1223.3 961.6 -256.0' spd 329.6 yaw 52 mode 2 st 1 gl 0 hp 100 frg 0
ARGEVT Romero hazard
ARGLOG Joe Rogan t   9.9 pos ' 55.7 571.3  24.0' spd 322.2 yaw 334.3 mode 2 st 1 gl 0 hp 100 frg 0
ARGLOG Romero t   9.9 pos '141.5 2962.4 -115.5' spd 182.5 yaw 357 mode 2 st 1 gl 0 hp 100 frg 0
ARGLOG Carmack t   9.9 pos '1352.9 1067.2 -256.0' spd 400.4 yaw 303.1 mode 1 st 1 gl 0 hp 100 frg 0
ARGEVT Romero jump
ARGLOG Joe Rogan t  10.5 pos '223.2 555.9  24.0' spd 354.6 yaw 122 mode 2 st 1 gl 0 hp 100 frg 0
ARGLOG Romero t  10.5 pos '265.2 2905.9 -101.0' spd 288.4 yaw 13 mode 2 st 1 gl 0 hp 92 frg 0
ARGLOG Carmack t  10.5 pos '1353.0 911.1 -256.0' spd 437.6 yaw 138.6 mode 1 st 1 gl 0 hp 100 frg 0
ARGEVT Joe Rogan hazard
ARGEVT Romero swim
ARGLOG Joe Rogan t  11.0 pos '272.0 624.0  24.0' spd 0 yaw 136 mode 2 st 1 gl 0 hp 100 frg 0
ARGLOG Romero t  11.0 pos '304.0 2925.5 -145.2' spd 142.9 yaw 8 mode 2 st 1 gl 0 hp 88 frg 0
ARGLOG Carmack t  11.0 pos '1291.0 1063.7 -256.0' spd 424.2 yaw 349.0 mode 1 st 1 gl 0 hp 100 frg 0
ARGLOG Joe Rogan t  11.5 pos '272.0 624.0  24.0' spd 0 yaw 136 mode 2 st 1 gl 0 hp 100 frg 0
ARGLOG Romero t  11.5 pos '304.0 2989.2 -140.7' spd  37.3 yaw 342 mode 2 st 1 gl 0 hp 88 frg 0
ARGLOG Carmack t  11.5 pos '1406.3 957.2 -256.0' spd 438.9 yaw 183.9 mode 1 st 1 gl 0 hp 100 frg 0
ARGEVT Joe Rogan stall
ARGUS STALLDBG mode 2 door 0 btn 0 hopdoor 0 dstate 0 dtn 0 pos '272.0 624.0  24.0'
ARGEVT Joe Rogan stallnode ' 49.0 705.0 -120.0'
ARGEVT Joe Rogan jump
ARGUS routecache adopt
ARGEVT Joe Rogan route 28 start '241.0 577.0  24.0' goal '145.0 2337.0  40.0'
ARGLOG Joe Rogan t  12.0 pos '272.0 624.0  58.4' spd 0 yaw 160 mode 2 st 2 gl 0 hp 100 frg 0
ARGLOG Romero t  12.0 pos '304.0 2915.7 -136.2' spd 187.7 yaw 12 mode 2 st 1 gl 0 hp 80 frg 0
ARGLOG Carmack t  12.0 pos '1266.0 1027.7 -256.0' spd 431.4 yaw  23.4 mode 1 st 1 gl 0 hp 100 frg 0
ARGEVT Romero swim
ARGEVT Romero swim
ARGLOG Joe Rogan t  12.5 pos '265.3 607.6  24.0' spd 174.0 yaw 133 mode 2 st 2 gl 0 hp 100 frg 0
ARGLOG Romero t  12.5 pos '304.0 2890.7 -135.9' spd 104.1 yaw 22 mode 2 st 1 gl 0 hp 80 frg 0
ARGLOG Carmack t  12.5 pos '1422.5 1005.7 -256.0' spd 439.6 yaw 218.6 mode 1 st 1 gl 0 hp 100 frg 0
ARGEVT Romero swim
ARGEVT Romero swim
ARGLOG Joe Rogan t  13.0 pos '101.3 630.6  24.0' spd 334.8 yaw 104 mode 2 st 2 gl 0 hp 100 frg 0
ARGEVT Joe Rogan hazard
ARGLOG Romero t  13.0 pos '304.0 2975.4 -135.5' spd 195.3 yaw 347 mode 2 st 1 gl 0 hp 72 frg 0
ARGLOG Carmack t  13.0 pos '1268.0 984.7 -256.0' spd 440.4 yaw 55 mode 1 st 1 gl 0 hp 100 frg 0
ARGEVT Romero swim
ARGEVT Romero swim
ARGLOG Joe Rogan t  13.5 pos ' 80.0 628.2  24.0' spd  28.3 yaw 98 mode 2 st 2 gl 0 hp 100 frg 0
ARGLOG Romero t  13.5 pos '304.0 2963.0 -137.3' spd 125.0 yaw 353 mode 2 st 1 gl 0 hp 72 frg 0
ARGEVT Romero swim
ARGLOG Carmack t  13.5 pos '1410.6 1052.6 -256.0' spd 439.0 yaw 252.5 mode 1 st 1 gl 0 hp 100 frg 0
ARGEVT Romero swim
ARGEVT Joe Rogan stall
ARGUS STALLDBG mode 2 door 0 btn 0 hopdoor 0 dstate 0 dtn 0 pos ' 80.0 624.7  24.0'
ARGEVT Joe Rogan stallnode ' 49.0 705.0 -120.0'
ARGEVT Joe Rogan jump
ARGEVT Romero swim
ARGLOG Joe Rogan t  14.1 pos ' 78.4 624.0  45.5' spd  34.5 yaw 144.0 mode 0 st 3 gl 0 hp 100 frg 0
ARGLOG Romero t  14.1 pos '304.0 2892.6 -137.0' spd  43.0 yaw 22 mode 2 st 1 gl 0 hp 68 frg 0
ARGLOG Carmack t  14.1 pos '1293.1 954.6 -256.0' spd 436.2 yaw  87.4 mode 1 st 1 gl 0 hp 100 frg 0
ARGUS routecache adopt
ARGEVT Joe Rogan route 29 start ' 81.0 545.0  24.0' goal '145.0 2337.0  40.0'
ARGEVT Romero swim
ARGEVT Romero swim
ARGLOG Joe Rogan t  14.6 pos ' 59.6 618.0  26.2' spd  58.0 yaw 348 mode 2 st 3 gl 0 hp 100 frg 0
ARGLOG Romero t  14.6 pos '304.0 2934.1 -136.6' spd 153.8 yaw 4 mode 2 st 1 gl 0 hp 68 frg 0
ARGLOG Carmack t  14.6 pos '1379.9 1085.6 -256.0' spd 440.1 yaw 283.6 mode 1 st 1 gl 0 hp 100 frg 0
ARGEVT Romero swim
ARGEVT Romero swim
ARGLOG Joe Rogan t  15.1 pos '150.2 513.6  24.0' spd 352.1 yaw 117 mode 2 st 3 gl 0 hp 100 frg 0
ARGLOG Romero t  15.1 pos '304.0 2986.0 -136.4' spd  61.7 yaw 343 mode 2 st 1 gl 0 hp 60 frg 0
ARGLOG Carmack t  15.1 pos '1330.2 940.1 -256.0' spd 435.5 yaw 117.8 mode 1 st 1 gl 0 hp 100 frg 0
ARGEVT Romero swim
ARGEVT Romero stall
ARGUS STALLDBG mode 2 door 0 btn 0 hopdoor 0 dstate 0 dtn 0 pos '304.0 2949.3 -135.9'
ARGEVT Romero stallnode '305.0 2945.0 -56.0'
ARGEVT Romero swim
ARGEVT Joe Rogan hazard
ARGLOG Joe Rogan t  15.6 pos '224.7 609.6  24.0' spd 382.2 yaw 128 mode 2 st 3 gl 0 hp 100 frg 0
ARGLOG Romero t  15.6 pos '304.0 2914.2 -136.1' spd 177.3 yaw 319 mode 0 st 2 gl 0 hp 60 frg 0
ARGLOG Carmack t  15.6 pos '1339.8 1096.5 -256.0' spd 439.9 yaw 313.6 mode 1 st 1 gl 0 hp 100 frg 0
ARGEVT Romero route 14 start '209.0 2945.0 -152.0' goal '817.0 2433.0 -344.0'
ARGEVT Romero swim
ARGEVT Romero swim
ARGLOG Joe Rogan t  16.1 pos ' 80.0 638.4  24.0' spd 103.9 yaw 99 mode 2 st 3 gl 0 hp 100 frg 0
ARGLOG Romero t  16.1 pos '294.4 2811.6 -135.8' spd 204.6 yaw 156 mode 2 st 2 gl 0 hp 52 frg 0
ARGLOG Carmack t  16.1 pos '1368.3 956.1 -256.0' spd 418.9 yaw 148.2 mode 1 st 1 gl 0 hp 100 frg 0
ARGEVT Romero swim
ARGEVT Romero door
ARGEVT Romero door
ARGEVT Romero door
ARGEVT Romero door
ARGEVT Romero swim
ARGEVT Romero door
ARGEVT Romero door
ARGEVT Romero door
ARGLOG Joe Rogan t  16.6 pos ' 80.0 632.3  24.0' spd 145.5 yaw 98 mode 2 st 3 gl 0 hp 100 frg 0
ARGEVT Joe Rogan hazard
ARGEVT Romero door
ARGLOG Romero t  16.6 pos '226.7 2777.7 -135.6' spd 166.3 yaw 145 mode 2 st 2 gl 0 hp 52 frg 0
ARGLOG Carmack t  16.6 pos '1300.8 1096.7 -256.0' spd 439.0 yaw 343.7 mode 1 st 1 gl 0 hp 100 frg 0
ARGEVT Romero door
ARGEVT Romero swim
ARGEVT Romero door
ARGEVT Romero door
ARGEVT Romero door
ARGEVT Romero swim
ARGLOG Joe Rogan t  17.2 pos ' 80.0 625.7  24.0' spd  27.2 yaw 98 mode 2 st 3 gl 0 hp 100 frg 0
ARGLOG Romero t  17.2 pos '141.4 2830.2 -137.3' spd 222.6 yaw 143 mode 2 st 2 gl 0 hp 44 frg 0
ARGEVT Romero swim
ARGLOG Carmack t  17.2 pos '1346.4 996.4 -256.0' spd 395.7 yaw 179.2 mode 1 st 1 gl 0 hp 100 frg 0
ARGEVT Romero swim
ARGEVT Joe Rogan stall
ARGUS STALLDBG mode 2 door 0 btn 0 hopdoor 0 dstate 0 dtn 0 pos ' 80.0 630.4  24.0'
ARGEVT Joe Rogan stallnode ' 49.0 705.0 -120.0'
ARGEVT Joe Rogan jump
ARGLOG Joe Rogan t  17.7 pos ' 80.0 629.4  45.3' spd  29.4 yaw 87 mode 0 st 4 gl 0 hp 100 frg 0
ARGLOG Romero t  17.7 pos ' 67.2 2907.0 -136.0' spd 231.1 yaw 9 mode 2 st 2 gl 0 hp 44 frg 0
ARGLOG Carmack t  17.7 pos '1219.0 1084.9 -256.0' spd 437.4 yaw  14.8 mode 1 st 1 gl 0 hp 100 frg 0
ARGEVT Joe Rogan route 29 start ' 81.0 545.0  24.0' goal '145.0 2337.0  40.0'
ARGEVT Romero jump
ARGLOG Joe Rogan t  18.2 pos ' 80.0 637.8  26.2' spd  26.8 yaw 340 mode 2 st 4 gl 0 hp 100 frg 0
ARGLOG Romero t  18.2 pos '167.1 2930.9 -85.7' spd 320.1 yaw 3 mode 2 st 2 gl 0 hp 40 frg 0
ARGLOG Carmack t  18.2 pos '1343.4 1006.7 -256.0' spd 418.5 yaw 210.6 mode 1 st 1 gl 0 hp 100 frg 0
ARGEVT Joe Rogan stall
ARGUS STALLDBG mode 2 door 0 btn 0 hopdoor 0 dstate 0 dtn 0 pos ' 80.0 627.5  24.0'
ARGEVT Joe Rogan stallnode ' 81.0 545.0  24.0'
ARGEVT Joe Rogan jump
ARGEVT Joe Rogan plan powerup via weapon
ARGEVT Joe Rogan goal weapon_grenadelauncher
ARGEVT Joe Rogan route 15 start ' 81.0 545.0  24.0' goal '1169.0 1057.0 -408.0'
ARGLOG Joe Rogan t  18.7 pos ' 54.2 596.9  59.1' spd 103.1 yaw 354 mode 2 st 5 gl 0 hp 100 frg 0
ARGLOG Romero t  18.7 pos '304.0 2937.6 -146.7' spd  14.4 yaw 346 mode 2 st 2 gl 0 hp 36 frg 0
ARGEVT Romero swim
ARGLOG Carmack t  18.7 pos '1187.9 1010.3 -256.0' spd 438.9 yaw  46.4 mode 1 st 1 gl 0 hp 100 frg 0
ARGLOG Joe Rogan t  19.2 pos '109.3 538.7  24.0' spd 351.1 yaw 16 mode 2 st 5 gl 0 hp 100 frg 0
ARGLOG Romero t  19.2 pos '304.0 2943.9 -142.2' spd   8.8 yaw 345 mode 2 st 2 gl 0 hp 36 frg 0
ARGLOG Carmack t  19.2 pos '1341.4 1057.3 -256.0' spd 436.6 yaw 245.4 mode 1 st 1 gl 0 hp 100 frg 0
ARGLOG Joe Rogan t  19.7 pos '265.2 602.3  24.0' spd 396.2 yaw 133 mode 2 st 5 gl 0 hp 100 frg 0
ARGEVT Joe Rogan hazard
ARGEVT Romero stall
ARGUS STALLDBG mode 2 door 0 btn 0 hopdoor 0 dstate 0 dtn 0 pos '304.0 2946.5 -137.6'
ARGEVT Romero stallnode '433.0 2945.0 -56.0'
ARGLOG Romero t  19.7 pos '304.0 2946.5 -137.6' spd   3.0 yaw 472.0 mode 0 st 3 gl 0 hp 28 frg 0
ARGLOG Carmack t  19.7 pos '1213.6 968.5 -256.0' spd 440.0 yaw  80.6 mode 1 st 1 gl 0 hp 100 frg 0
ARGEVT Romero swim
ARGEVT Romero route 14 start '209.0 2945.0 -152.0' goal '817.0 2433.0 -344.0'
ARGLOG Joe Rogan t  20.2 pos '100.1 640.0  24.0' spd 344.6 yaw 104 mode 2 st 5 gl 0 hp 100 frg 0
ARGLOG Romero t  20.2 pos '303.8 2916.0 -137.4' spd 121.5 yaw 174 mode 2 st 3 gl 0 hp 28 frg 0
ARGEVT Romero swim
ARGLOG Carmack t  20.2 pos '1316.0 1088.6 -256.0' spd 439.9 yaw 276.1 mode 1 st 1 gl 0 hp 100 frg 0
ARGEVT Romero swim
ARGEVT Romero swim
ARGLOG Joe Rogan t  20.8 pos ' 80.0 640.0  24.0' spd 0 yaw 99 mode 2 st 5 gl 0 hp 100 frg 0
ARGEVT Joe Rogan hazard
ARGLOG Romero t  20.8 pos '253.0 2863.8 -137.0' spd 163.1 yaw 163 mode 2 st 3 gl 0 hp 20 frg 0
ARGLOG Carmack t  20.8 pos '1251.5 946.3 -256.0' spd 440.3 yaw 111.6 mode 1 st 1 gl 0 hp 100 frg 0
ARGEVT Romero swim
ARGEVT Joe Rogan stall
ARGUS STALLDBG mode 2 door 0 btn 0 hopdoor 0 dstate 0 dtn 0 pos ' 80.0 640.0  24.0'
ARGEVT Joe Rogan stallnode ' 49.0 705.0 -120.0'
ARGEVT Joe Rogan jump
ARGEVT Romero swim
ARGLOG Joe Rogan t  21.3 pos ' 80.0 640.0  45.6' spd 0 yaw  81.7 mode 0 st 6 gl 0 hp 100 frg 0
ARGLOG Romero t  21.3 pos '153.1 2878.3 -136.7' spd 223.8 yaw 158 mode 2 st 3 gl 0 hp 20 frg 0
ARGLOG Carmack t  21.3 pos '1277.3 1100.5 -256.0' spd 439.9 yaw 306.8 mode 1 st 1 gl 0 hp 100 frg 0
ARGEVT Romero swim
ARGEVT Joe Rogan route 15 start ' 81.0 545.0  24.0' goal '1169.0 1057.0 -408.0'
ARGEVT Romero jump
ARGLOG Joe Rogan t  21.8 pos ' 95.6 638.9  24.9' spd  45.2 yaw 337 mode 2 st 6 gl 0 hp 100 frg 0
ARGLOG Romero t  21.8 pos ' 54.6 2904.4 -114.4' spd 177.9 yaw 149 mode 2 st 3 gl 0 hp 16 frg 0
ARGLOG Carmack t  21.8 pos '1294.5 944.9 -256.0' spd 439.7 yaw 141.7 mode 1 st 1 gl 0 hp 100 frg 0
ARGEVT Joe Rogan hazard
ARGLOG Joe Rogan t  22.3 pos '126.8 517.4  24.0' spd 320.5 yaw 112 mode 2 st 6 gl 0 hp 100 frg 0
ARGLOG Romero t  22.3 pos ' 21.7 2928.0 -134.1' spd  32.3 yaw 3 mode 2 st 3 gl 0 hp 12 frg 0
ARGLOG Carmack t  22.3 pos '1238.3 1090.6 -256.0' spd 440.6 yaw 337.9 mode 1 st 1 gl 0 hp 100 frg 0
ARGEVT Romero swim
ARGLOG Joe Rogan t  22.8 pos '236.1 597.0  24.0' spd 348.1 yaw 128 mode 2 st 6 gl 0 hp 100 frg 0
ARGLOG Romero t  22.8 pos ' 32.0 2928.0 -143.7' spd 0 yaw 3 mode 2 st 3 gl 0 hp 12 frg 0
ARGLOG Carmack t  22.8 pos '1334.6 965.5 -256.0' spd 440.3 yaw 173.4 mode 1 st 1 gl 0 hp 100 frg 0
ARGLOG Joe Rogan t  23.3 pos '193.7 616.0  24.0' spd 343.3 yaw 123 mode 2 st 6 gl 0 hp 100 frg 0
ARGEVT Romero stall
ARGUS STALLDBG mode 2 door 0 btn 0 hopdoor 0 dstate 0 dtn 0 pos ' 32.0 2928.0 -139.1'
ARGEVT Romero stallnode '113.0 2945.0 -120.0'
ARGLOG Romero t  23.3 pos ' 32.0 2928.0 -139.1' spd 0 yaw 216.9 mode 0 st 4 gl 0 hp 4 frg 0
ARGLOG Carmack t  23.3 pos '1211.0 1060.3 -256.0' spd 440.3 yaw   9.2 mode 1 st 1 gl 0 hp 100 frg 0
ARGEVT Romero route 14 start ' 49.0 2849.0 -152.0' goal '817.0 2433.0 -344.0'
ARGEVT Joe Rogan hazard
ARGEVT Romero swim
ARGLOG Joe Rogan t  23.8 pos ' 80.0 633.1  24.0' spd 121.3 yaw 98 mode 2 st 6 gl 0 hp 100 frg 0
ARGLOG Romero t  23.8 pos ' 32.0 2923.7 -136.6' spd  24.5 yaw 23 mode 2 st 4 gl 0 hp 4 frg 0
ARGLOG Carmack t  23.8 pos '1358.4 1003.4 -256.0' spd 440.6 yaw 204.8 mode 1 st 1 gl 0 hp 100 frg 0
ARGEVT Romero jump
ARGEVT Romero abandon
ARGEVT Romero goal item_health
ARGEVT Romero door
ARGEVT Carmack abandon
ARGEVT Carmack goal item_health
ARGEVT Romero route 8 start ' 81.0 2945.0 -104.0' goal '-79.0 2017.0 -168.0'
ARGLOG Joe Rogan t  24.3 pos ' 29.9 624.0  24.0' spd   6.5 yaw 84 mode 2 st 6 gl 0 hp 100 frg 0
ARGLOG Romero t  24.3 pos ' 45.5 2928.0 -98.0' spd  48.2 yaw 194 mode 2 st 4 gl 0 hp 4 frg 0
ARGLOG Carmack t  24.3 pos '1194.7 1003.5 -256.0' spd 323.9 yaw 138.2 mode 0 st 1 gl 0 hp 100 frg 0
ARGEVT Carmack hazard
ARGEVT Carmack route 1 start '1169.0 993.0 -256.0' goal '945.0 993.0 -248.0'
ARGEVT Romero death world pos ' 47.7 2928.0 -113.6'
ARGEVT Joe Rogan hazard
ARGLOG Joe Rogan t  24.9 pos ' 11.6 624.0  24.0' spd  16.0 yaw 79 mode 2 st 6 gl 0 hp 100 frg 0
ARGLOG Carmack t  24.9 pos '1176.6 1053.4 -256.0' spd 329.9 yaw 195 mode 2 st 1 gl 0 hp 100 frg 0
ARGLOG Joe Rogan t  25.4 pos '  8.8 624.0  24.0' spd  31.8 yaw 79 mode 2 st 6 gl 0 hp 100 frg 0
ARGLOG Carmack t  25.4 pos '1182.1 928.0 -256.0' spd  52.6 yaw 164 mode 2 st 1 gl 0 hp 100 frg 0
ARGEVT Joe Rogan stall
ARGUS STALLDBG mode 2 door 0 btn 0 hopdoor 0 dstate 0 dtn 0 pos ' 17.7 624.0  24.0'
ARGEVT Joe Rogan stallnode ' 49.0 705.0 -120.0'
ARGEVT Joe Rogan jump
ARGEVT Carmack hazard
ARGEVT Joe Rogan route 15 start ' 81.0 545.0  24.0' goal '1169.0 1057.0 -408.0'
ARGLOG Joe Rogan t  25.9 pos ' 63.5 624.0  58.9' spd 111.3 yaw 346 mode 2 st 7 gl 0 hp 100 frg 0
ARGLOG Carmack t  25.9 pos '1171.7 1045.7 -256.0' spd 280.4 yaw 194 mode 2 st 1 gl 0 hp 100 frg 0
ARGEVT Romero respawn
ARGEVT Romero goal weapon_rocketlauncher
ARGLOG Romero t  26.1 pos '528.0 1888.0 -168.0' spd 0 yaw 163.4 mode 0 st 4 gl 0 hp 100 frg -1
ARGEVT Romero route 14 start '529.0 1921.0 -168.0' goal '145.0 2337.0  40.0'
ARGLOG Joe Rogan t  26.4 pos ' 97.2 545.8  24.0' spd 329.1 yaw 106 mode 2 st 7 gl 0 hp 100 frg 0
ARGLOG Carmack t  26.4 pos '1147.7 992.0 -256.0' spd  56.1 yaw 179 mode 2 st 1 gl 0 hp 100 frg 0
ARGEVT Joe Rogan hazard
ARGEVT Carmack hazard
ARGLOG Romero t  26.6 pos '381.1 1940.4 -168.0' spd 323.7 yaw 186 mode 2 st 4 gl 0 hp 100 frg -1
ARGLOG Joe Rogan t  26.9 pos '204.8 555.7  24.0' spd 328.0 yaw 119 mode 2 st 7 gl 0 hp 100 frg 0
ARGLOG Carmack t  26.9 pos '1161.0 992.0 -256.0' spd  24.7 yaw 179 mode 2 st 1 gl 0 hp 100 frg 0
ARGLOG Romero t  27.1 pos '216.4 1955.7 -184.0' spd 320.2 yaw 191 mode 2 st 4 gl 0 hp 100 frg -1
ARGLOG Joe Rogan t  27.4 pos '245.8 616.0  24.0' spd 291.3 yaw 132 mode 2 st 7 gl 0 hp 100 frg 0
ARGLOG Carmack t  27.4 pos '1168.0 970.6 -256.0' spd   8.6 yaw 174 mode 2 st 1 gl 0 hp 100 frg 0
ARGEVT Carmack hazard
ARGLOG Romero t  27.6 pos ' 53.4 1937.2 -184.0' spd 320.3 yaw 145 mode 2 st 4 gl 0 hp 100 frg -1
ARGLOG Joe Rogan t  28.0 pos ' 80.0 640.0  24.0' spd 0 yaw 99 mode 2 st 7 gl 0 hp 100 frg 0
ARGEVT Joe Rogan hazard
ARGLOG Carmack t  28.0 pos '1168.0 961.5 -256.0' spd  39.3 yaw 171 mode 2 st 1 gl 0 hp 100 frg 0
ARGLOG Romero t  28.2 pos '-113.9 1918.5 -184.0' spd 376.5 yaw 114 mode 2 st 4 gl 0 hp 100 frg -1
ARGEVT Carmack stall
ARGUS STALLDBG mode 2 door 0 btn 0 hopdoor 1 dstate 0 dtn 0 pos '1168.0 963.3 -256.0'
ARGEVT Carmack stallnode '945.0 993.0 -248.0'
ARGEVT Carmack jump
ARGLOG Joe Rogan t  28.5 pos ' 40.3 618.1  24.0' spd 184.7 yaw 87 mode 2 st 7 gl 0 hp 100 frg 0
ARGLOG Carmack t  28.5 pos '1166.3 965.9 -234.5' spd  40.8 yaw 204.6 mode 0 st 2 gl 0 hp 100 frg 0
ARGEVT Carmack route 1 start '1169.0 993.0 -256.0' goal '945.0 993.0 -248.0'
ARGLOG Romero t  28.7 pos '-213.8 2058.8 -152.0' spd 321.1 yaw 123 mode 2 st 4 gl 0 hp 100 frg -1
ARGLOG Joe Rogan t  29.0 pos ' 15.0 624.0  24.0' spd  18.1 yaw 80 mode 2 st 7 gl 0 hp 100 frg 0
ARGLOG Carmack t  29.0 pos '1158.5 969.6 -228.9' spd  39.6 yaw 173 mode 2 st 2 gl 0 hp 100 frg 0
ARGEVT Joe Rogan hazard
ARGLOG Romero t  29.2 pos '-264.5 2213.9 -136.0' spd 320.0 yaw 132 mode 2 st 4 gl 0 hp 100 frg -1
ARGEVT Carmack hazard
ARGLOG Joe Rogan t  29.5 pos ' 10.5 624.0  24.0' spd  78.1 yaw 79 mode 2 st 7 gl 0 hp 100 frg 0
ARGLOG Carmack t  29.5 pos '1168.0 960.2 -256.0' spd  42.0 yaw 171 mode 2 st 2 gl 0 hp 100 frg 0
ARGLOG Romero t  29.7 pos '-340.6 2361.9 -136.0' spd 328.9 yaw 122 mode 2 st 4 gl 0 hp 100 frg -1
ARGEVT Joe Rogan stall
ARGUS STALLDBG mode 2 door 0 btn 0 hopdoor 0 dstate 0 dtn 0 pos ' 11.3 624.0  24.0'
ARGEVT Joe Rogan stallnode ' 49.0 705.0 -120.0'
ARGEVT Joe Rogan jump
ARGLOG Joe Rogan t  30.0 pos '  4.6 624.0  58.3' spd  29.6 yaw 18 mode 0 st 8 gl 0 hp 100 frg 0
ARGLOG Carmack t  30.0 pos '1168.0 957.4 -256.0' spd 107.3 yaw 170 mode 2 st 2 gl 0 hp 100 frg 0
ARGEVT Joe Rogan route 15 start ' 81.0 545.0  24.0' goal '1169.0 1057.0 -408.0'
ARGLOG Romero t  30.2 pos '-462.8 2461.7 -136.0' spd 339.8 yaw 110 mode 2 st 4 gl 0 hp 100 frg -1
ARGEVT Romero hazard
ARGEVT Carmack hazard
ARGLOG Joe Rogan t  30.5 pos ' 26.8 615.9  24.0' spd 178.0 yaw 350 mode 2 st 8 gl 0 hp 100 frg 0
ARGLOG Carmack t  30.5 pos '1168.0 949.1 -256.0' spd 194.1 yaw 168 mode 2 st 2 gl 0 hp 100 frg 0
ARGLOG Romero t  30.7 pos '-480.0 2631.1 -104.0' spd 354.2 yaw 185 mode 2 st 4 gl 0 hp 100 frg -1
ARGEVT Romero lift
ARGLOG Joe Rogan t  31.0 pos '171.5 533.5  24.0' spd 352.4 yaw 125 mode 2 st 8 gl 0 hp 100 frg 0
ARGLOG Carmack t  31.0 pos '1168.0 961.4 -256.0' spd  26.0 yaw 171 mode 2 st 2 gl 0 hp 100 frg 0
ARGLOG Romero t  31.2 pos '-554.8 2764.9 -104.0' spd 120.0 yaw 274 mode 2 st 4 gl 0 hp 100 frg -1
ARGEVT Joe Rogan hazard
ARGEVT Romero board
ARGEVT Romero jump
ARGLOG Joe Rogan t  31.5 pos '222.8 616.0  24.0' spd 336.1 yaw 128 mode 2 st 8 gl 0 hp 100 frg 0
ARGLOG Carmack t  31.5 pos '1168.0 963.8 -256.0' spd  28.3 yaw 172 mode 2 st 2 gl 0 hp 100 frg 0
ARGLOG Romero t  31.7 pos '-573.5 2669.3 -58.3' spd 0 yaw 278 mode 2 st 4 gl 0 hp 100 frg -1
ARGEVT Carmack hazard
ARGEVT Carmack stall
ARGUS STALLDBG mode 2 door 0 btn 0 hopdoor 1 dstate 0 dtn 0 pos '1168.0 961.4 -256.0'
ARGEVT Carmack stallnode '945.0 993.0 -248.0'
ARGEVT Carmack jump
ARGLOG Joe Rogan t  32.1 pos ' 80.0 640.0  24.0' spd 0 yaw 99 mode 2 st 8 gl 0 hp 100 frg 0
ARGLOG Carmack t  32.1 pos '1166.7 958.7 -234.7' spd  38.6 yaw 203.6 mode 0 st 3 gl 0 hp 100 frg 0
ARGEVT Carmack route 1 start '1169.0 993.0 -256.0' goal '945.0 993.0 -248.0'
ARGLOG Romero t  32.3 pos '-572.5 2666.3  11.6' spd 0 yaw 278 mode 2 st 4 gl 0 hp 100 frg -1
ARGEVT Joe Rogan hazard
ARGLOG Joe Rogan t  32.6 pos ' 80.0 640.0  24.0' spd 0 yaw 99 mode 2 st 8 gl 0 hp 100 frg 0
ARGLOG Carmack t  32.6 pos '1162.4 949.4 -236.7' spd  44.4 yaw 168 mode 2 st 3 gl 0 hp 100 frg 0
ARGLOG Romero t  32.8 pos '-548.8 2552.2  56.0' spd 320.1 yaw 307 mode 2 st 4 gl 0 hp 100 frg -1
ARGEVT Carmack hazard
ARGLOG Joe Rogan t  33.1 pos ' 80.0 640.0  24.0' spd 0 yaw 99 mode 2 st 8 gl 0 hp 100 frg 0
ARGLOG Carmack t  33.1 pos '1173.2 930.4 -256.0' spd  62.3 yaw 164 mode 2 st 3 gl 0 hp 100 frg 0
ARGLOG Romero t  33.3 pos '-517.0 2389.2  56.0' spd 360.4 yaw 2 mode 2 st 4 gl 0 hp 100 frg -1
ARGEVT Joe Rogan stall
ARGUS STALLDBG mode 2 door 0 btn 0 hopdoor 0 dstate 0 dtn 0 pos ' 80.0 640.0  24.0'
ARGEVT Joe Rogan stallnode ' 49.0 705.0 -120.0'
ARGEVT Joe Rogan jump
ARGEVT Joe Rogan route 15 start ' 81.0 545.0  24.0' goal '1169.0 1057.0 -408.0'
ARGLOG Joe Rogan t  33.6 pos ' 81.0 640.0  58.3' spd  15.5 yaw 339 mode 2 st 9 gl 0 hp 100 frg 0
ARGLOG Carmack t  33.6 pos '1169.9 1046.4 -256.0' spd 205.3 yaw 194 mode 2 st 3 gl 0 hp 100 frg 0
ARGLOG Romero t  33.8 pos '-363.1 2320.0  56.0' spd 339.2 yaw 346 mode 2 st 4 gl 0 hp 100 frg -1
ARGEVT Carmack hazard
ARGLOG Joe Rogan t  34.1 pos ' 97.9 628.8  24.0' spd 175.8 yaw 341 mode 2 st 9 gl 0 hp 100 frg 0
ARGEVT Carmack stall
ARGUS STALLDBG mode 2 door 0 btn 0 hopdoor 1 dstate 0 dtn 0 pos '1164.2 992.0 -256.0'
ARGEVT Carmack stallnode '945.0 993.0 -248.0'
ARGLOG Carmack t  34.1 pos '1164.2 992.0 -256.0' spd  11.4 yaw 332.0 mode 0 st 4 gl 0 hp 100 frg 0
ARGEVT Carmack jump
ARGLOG Romero t  34.3 pos '-208.4 2383.0  56.0' spd 333.2 yaw 353 mode 2 st 4 gl 0 hp 100 frg -1
ARGEVT Carmack route 1 start '1169.0 993.0 -256.0' goal '945.0 993.0 -248.0'
ARGEVT Joe Rogan hazard
ARGEVT Romero hazard
ARGLOG Joe Rogan t  34.6 pos '161.4 512.0  24.0' spd 336.8 yaw 120 mode 2 st 9 gl 0 hp 100 frg 0
ARGLOG Carmack t  34.6 pos '1156.6 987.1 -225.2' spd  31.5 yaw 178 mode 2 st 4 gl 0 hp 100 frg 0
ARGLOG Romero t  34.8 pos '-144.0 2422.8  -3.2' spd  33.7 yaw 344 mode 2 st 4 gl 0 hp 100 frg -1
ARGEVT Carmack hazard
ARGLOG Joe Rogan t  35.1 pos '260.6 609.5  24.0' spd 380.9 yaw 133 mode 2 st 9 gl 0 hp 100 frg 0
ARGLOG Carmack t  35.1 pos '1168.0 967.1 -256.0' spd  77.5 yaw 173 mode 2 st 4 gl 0 hp 100 frg 0
ARGLOG Romero t  35.3 pos '-144.0 2355.2 -136.0' spd 350.6 yaw 357 mode 2 st 4 gl 0 hp 100 frg -1
ARGEVT Romero hazard
ARGLOG Joe Rogan t  35.6 pos '157.7 627.6  24.0' spd 335.3 yaw 117 mode 2 st 9 gl 0 hp 100 frg 0
ARGLOG Carmack t  35.6 pos '1168.6 964.2 -256.0' spd 166.4 yaw 172 mode 2 st 4 gl 0 hp 100 frg 0
ARGEVT Joe Rogan hazard
ARGLOG Romero t  35.8 pos '-152.8 2194.3 -136.0' spd 303.3 yaw 25 mode 2 st 4 gl 0 hp 100 frg -1
ARGEVT Carmack hazard
ARGLOG Joe Rogan t  36.2 pos ' 41.3 624.0  24.0' spd 123.4 yaw 87 mode 2 st 9 gl 0 hp 100 frg 0
ARGLOG Carmack t  36.2 pos '1168.0 963.4 -256.0' spd  90.0 yaw 172 mode 2 st 4 gl 0 hp 100 frg 0
ARGEVT Carmack stall
ARGUS STALLDBG mode 2 door 0 btn 0 hopdoor 1 dstate 0 dtn 0 pos '1168.0 961.0 -256.0'
ARGEVT Carmack stallnode '945.0 993.0 -248.0'
ARGEVT Carmack jump
ARGLOG Romero t  36.4 pos '-144.0 2271.7 -136.0' spd 278.7 yaw 12 mode 2 st 4 gl 0 hp 100 frg -1
ARGUS routecache adopt
ARGEVT Carmack route 1 start '1169.0 993.0 -256.0' goal '945.0 993.0 -248.0'
ARGEVT Romero hazard
ARGLOG Joe Rogan t  36.7 pos ' 14.3 624.0  24.0' spd  30.6 yaw 80 mode 2 st 9 gl 0 hp 100 frg 0
ARGLOG Carmack t  36.7 pos '1156.8 959.6 -221.3' spd  31.4 yaw 171 mode 2 st 5 gl 0 hp 100 frg 0
ARGEVT Joe Rogan hazard
ARGLOG Romero t  36.9 pos '-144.0 2348.3 -136.0' spd 120.8 yaw 358 mode 2 st 4 gl 0 hp 100 frg -1
ARGEVT Carmack stall
ARGUS STALLDBG mode 2 door 0 btn 0 hopdoor 1 dstate 0 dtn 0 pos '1168.4 966.5 -248.7'
ARGEVT Carmack stallnode '945.0 993.0 -248.0'
ARGLOG Joe Rogan t  37.2 pos '  4.7 624.0  24.0' spd  46.9 yaw 78 mode 2 st 9 gl 0 hp 100 frg 0
ARGEVT Carmack plan powerup via weapon
ARGEVT Carmack goal weapon_supernailgun
ARGLOG Carmack t  37.2 pos '1170.9 975.9 -256.0' spd 202.9 yaw  99.5 mode 0 st 6 gl 0 hp 100 frg 0
ARGEVT Carmack route 12 start '1169.0 993.0 -256.0' goal '817.0 2433.0 -344.0'
ARGEVT Romero stall
ARGUS STALLDBG mode 2 door 0 btn 0 hopdoor 0 dstate 0 dtn 0 pos '-144.0 2332.6 -136.0'
ARGEVT Romero stallnode '-47.0 2241.0  40.0'
ARGLOG Romero t  37.4 pos '-144.0 2332.6 -136.0' spd 344.6 yaw 237.4 mode 0 st 5 gl 0 hp 100 frg -1
ARGEVT Romero jump
ARGEVT Carmack hazard
ARGEVT Romero route 10 start '-239.0 2145.0 -136.0' goal '145.0 2337.0  40.0'
ARGEVT Joe Rogan stall
ARGUS STALLDBG mode 2 door 0 btn 0 hopdoor 0 dstate 0 dtn 0 pos ' 12.0 624.0  24.0'
ARGEVT Joe Rogan stallnode ' 49.0 705.0 -120.0'
ARGLOG Joe Rogan t  37.7 pos ' 12.0 624.0  24.0' spd 115.3 yaw 228.1 mode 0 st 10 gl 0 hp 100 frg 0
ARGEVT Joe Rogan jump
ARGLOG Carmack t  37.7 pos '1247.3 1104.0 -256.0' spd 355.8 yaw 77 mode 2 st 6 gl 0 hp 100 frg 0
ARGEVT Joe Rogan route 15 start ' 81.0 545.0  24.0' goal '1169.0 1057.0 -408.0'
ARGLOG Romero t  37.9 pos '-157.3 2160.0 -136.0' spd 365.9 yaw 138 mode 2 st 5 gl 0 hp 100 frg -1
ARGLOG Joe Rogan t  38.2 pos ' 71.4 623.7  46.4' spd 116.7 yaw 345 mode 2 st 10 gl 0 hp 100 frg 0
ARGLOG Carmack t  38.2 pos '1419.0 1063.7 -256.0' spd 392.2 yaw 121 mode 2 st 6 gl 0 hp 100 frg 0
ARGLOG Romero t  38.4 pos '-317.6 2191.7 -136.0' spd 371.7 yaw 121 mode 2 st 5 gl 0 hp 100 frg -1
ARGEVT Joe Rogan abandon
ARGEVT Joe Rogan plan powerup via weapon
ARGEVT Joe Rogan goal weapon_rocketlauncher
ARGEVT Joe Rogan hazard
ARGLOG Joe Rogan t  38.7 pos '119.1 520.4  24.0' spd 362.4 yaw 336.6 mode 0 st 10 gl 0 hp 100 frg 0
ARGLOG Carmack t  38.7 pos '1288.6 1155.4 -265.7' spd 325.4 yaw 94 mode 2 st 6 gl 0 hp 100 frg 0
ARGEVT Carmack hazard
ARGEVT Joe Rogan route 29 start ' 81.0 545.0  24.0' goal '145.0 2337.0  40.0'
ARGLOG Romero t  38.9 pos '-329.1 2365.7 -136.0' spd 358.6 yaw 124 mode 2 st 5 gl 0 hp 100 frg -1
ARGLOG Joe Rogan t  39.3 pos '189.9 603.2  24.0' spd 364.7 yaw 140.7 mode 2 st 10 gl 0 hp 100 frg 0
ARGLOG Carmack t  39.3 pos '1282.8 1318.6 -347.3' spd 320.2 yaw 87 mode 2 st 6 gl 0 hp 100 frg 0
ARGLOG Romero t  39.5 pos '-472.4 2464.5 -136.0' spd 333.9 yaw 108 mode 2 st 5 gl 0 hp 100 frg -1
ARGEVT Romero hazard
ARGLOG Joe Rogan t  39.8 pos ' 43.1 563.5  24.0' spd 411.8 yaw 87 mode 2 st 10 gl 0 hp 100 frg 0
ARGLOG Carmack t  39.8 pos '1282.3 1483.3 -408.0' spd 320.3 yaw 122 mode 2 st 6 gl 0 hp 100 frg 0
ARGEVT Joe Rogan hazard
ARGLOG Romero t  40.0 pos '-480.0 2544.0 -120.0' spd 0 yaw 114 mode 2 st 5 gl 0 hp 100 frg -1
ARGLOG Joe Rogan t  40.3 pos '100.6 554.2  24.0' spd 320.0 yaw 108 mode 2 st 10 gl 0 hp 100 frg 0
ARGLOG Carmack t  40.3 pos '1287.6 1649.3 -408.0' spd 361.1 yaw 172 mode 2 st 6 gl 0 hp 100 frg 0
ARGLOG Romero t  40.5 pos '-480.0 2544.0 -120.0' spd 0 yaw 114 mode 2 st 5 gl 0 hp 100 frg -1
ARGLOG Joe Rogan t  40.8 pos '261.8 601.3  24.0' spd 379.2 yaw 132 mode 2 st 10 gl 0 hp 100 frg 0
ARGLOG Carmack t  40.8 pos '1151.8 1754.5 -408.0' spd 347.6 yaw 161 mode 2 st 6 gl 0 hp 100 frg 0
ARGEVT Romero stall
ARGUS STALLDBG mode 2 door 0 btn 0 hopdoor 0 dstate 0 dtn 0 pos '-480.0 2544.0 -120.0'
ARGEVT Romero stallnode '-527.0 2657.0 -104.0'
ARGLOG Romero t  41.0 pos '-480.0 2544.0 -120.0' spd 0 yaw 299.3 mode 0 st 6 gl 0 hp 100 frg -1
ARGEVT Romero jump
ARGEVT Romero route 7 start '-367.0 2593.0 -104.0' goal '145.0 2337.0  40.0'
ARGLOG Joe Rogan t  41.3 pos '123.0 640.0  24.0' spd 300.1 yaw 110 mode 2 st 10 gl 0 hp 100 frg 0
ARGLOG Carmack t  41.3 pos '984.0 1732.5 -408.0' spd 351.0 yaw 113 mode 2 st 6 gl 0 hp 100 frg 0
ARGEVT Joe Rogan hazard
ARGLOG Romero t  41.5 pos '-474.3 2558.4 -97.6' spd  42.5 yaw 117 mode 2 st 6 gl 0 hp 100 frg -1
ARGLOG Joe Rogan t  41.8 pos ' 80.0 640.0  24.0' spd 0 yaw 99 mode 2 st 10 gl 0 hp 100 frg 0
ARGLOG Carmack t  41.8 pos '847.7 1837.2 -408.0' spd 352.7 yaw 89 mode 2 st 6 gl 0 hp 100 frg 0
ARGLOG Romero t  42.0 pos '-379.1 2667.8 -104.0' spd 408.7 yaw 194 mode 2 st 6 gl 0 hp 100 frg -1
ARGLOG Joe Rogan t  42.3 pos ' 80.0 640.0  24.0' spd 0 yaw 99 mode 2 st 10 gl 0 hp 100 frg 0
ARGLOG Carmack t  42.3 pos '831.6 2003.9 -408.0' spd 320.6 yaw 92 mode 2 st 6 gl 0 hp 100 frg 0
ARGEVT Joe Rogan hazard
ARGEVT Romero lift
ARGLOG Romero t  42.5 pos '-536.2 2749.8 -104.0' spd 360.9 yaw 272 mode 2 st 6 gl 0 hp 100 frg -1
ARGEVT Romero hazard
ARGEVT Joe Rogan stall
ARGUS STALLDBG mode 2 door 0 btn 0 hopdoor 0 dstate 0 dtn 0 pos ' 80.0 640.0  24.0'
ARGEVT Joe Rogan stallnode ' 49.0 705.0 -120.0'
ARGEVT Joe Rogan jump
ARGEVT Romero board
ARGEVT Romero jump
ARGLOG Joe Rogan t  42.8 pos ' 80.0 640.0  45.3' spd 0 yaw 87 mode 0 st 11 gl 0 hp 100 frg 0
ARGLOG Carmack t  42.8 pos '845.4 2167.4 -391.2' spd 321.8 yaw 96 mode 2 st 6 gl 0 hp 100 frg 0
ARGLOG Romero t  43.0 pos '-558.6 2669.6 -49.4' spd 0 yaw 276 mode 2 st 6 gl 0 hp 100 frg -1
ARGEVT Joe Rogan route 29 start ' 81.0 545.0  24.0' goal '145.0 2337.0  40.0'
ARGLOG Joe Rogan t  43.4 pos ' 80.0 636.1  26.7' spd  33.4 yaw 340 mode 2 st 11 gl 0 hp 100 frg 0
ARGLOG Carmack t  43.4 pos '833.1 2330.8 -352.7' spd 320.5 yaw 90 mode 1 st 6 gl 0 hp 100 frg 0
ARGLOG Romero t  43.6 pos '-558.6 2668.1  19.4' spd 0 yaw 298 mode 2 st 6 gl 0 hp 100 frg -1
ARGEVT Joe Rogan hazard
ARGEVT Carmack goal item_artifact_super_damage
ARGLOG Joe Rogan t  43.9 pos '140.3 531.1  24.0' spd 320.0 yaw 117 mode 2 st 11 gl 0 hp 100 frg 0
ARGLOG Carmack t  43.9 pos '810.7 2496.0 -344.0' spd 167.4 yaw 160.8 mode 0 st 6 gl 1 hp 100 frg 0
ARGEVT Carmack route 32 start '817.0 2433.0 -344.0' goal '529.0 2465.0 -88.0'
ARGLOG Romero t  44.1 pos '-541.8 2535.1  56.0' spd 320.0 yaw 308 mode 2 st 6 gl 0 hp 100 frg -1
ARGLOG Joe Rogan t  44.4 pos '287.6 613.9  24.0' spd 271.6 yaw 137 mode 2 st 11 gl 0 hp 100 frg 0
ARGLOG Carmack t  44.4 pos '787.4 2407.4 -344.0' spd 335.5 yaw 280 mode 2 st 6 gl 1 hp 100 frg 0
ARGLOG Romero t  44.6 pos '-506.5 2371.8  56.0' spd 362.9 yaw 5 mode 2 st 6 gl 0 hp 100 frg -1
ARGLOG Joe Rogan t  44.9 pos '272.0 624.0  24.0' spd 0 yaw 136 mode 2 st 11 gl 0 hp 100 frg 0
ARGLOG Carmack t  44.9 pos '812.6 2244.0 -373.2' spd 320.0 yaw 276 mode 2 st 6 gl 1 hp 100 frg 0
ARGLOG Romero t  45.1 pos '-345.6 2321.2  56.0' spd 335.1 yaw 345 mode 2 st 6 gl 0 hp 100 frg -1
ARGLOG Joe Rogan t  45.4 pos '272.0 624.0  24.0' spd 0 yaw 136 mode 2 st 11 gl 0 hp 100 frg 0
ARGLOG Carmack t  45.4 pos '845.1 2082.7 -408.0' spd 320.2 yaw 285 mode 2 st 6 gl 1 hp 100 frg 0
ARGEVT Joe Rogan stall
ARGUS STALLDBG mode 2 door 0 btn 0 hopdoor 0 dstate 0 dtn 0 pos '272.0 624.0  24.0'
ARGEVT Joe Rogan stallnode ' 49.0 705.0 -120.0'
ARGEVT Joe Rogan jump
ARGLOG Romero t  45.6 pos '-190.8 2388.2  56.0' spd 350.2 yaw 352 mode 2 st 6 gl 0 hp 100 frg -1
ARGEVT Romero hazard
ARGLOG Joe Rogan t  45.9 pos '272.4 624.0  62.9' spd   6.7 yaw  60.8 mode 0 st 12 gl 0 hp 100 frg 0
ARGLOG Carmack t  45.9 pos '862.3 1917.0 -408.0' spd 324.7 yaw 328 mode 2 st 6 gl 1 hp 100 frg 0
ARGEVT Joe Rogan route 28 start '241.0 577.0  24.0' goal '145.0 2337.0  40.0'
ARGLOG Romero t  46.1 pos '-144.0 2225.5  43.1' spd 383.2 yaw 21 mode 2 st 6 gl 0 hp 100 frg -1
ARGEVT Romero abandon
ARGEVT Romero plan powerup via weapon
ARGEVT Romero goal weapon_nailgun
ARGLOG Joe Rogan t  46.4 pos '302.9 587.8  24.0' spd 336.0 yaw 155 mode 2 st 12 gl 0 hp 100 frg 0
ARGLOG Carmack t  46.4 pos '920.3 1761.6 -408.0' spd 347.4 yaw 342 mode 2 st 6 gl 1 hp 100 frg 0
ARGEVT Romero route 35 start '-207.0 2401.0  56.0' goal '465.0 577.0  24.0'
ARGEVT Joe Rogan hazard
ARGLOG Romero t  46.6 pos '-144.0 2139.4 -136.0' spd  36.3 yaw 99 mode 2 st 6 gl 0 hp 100 frg -1
ARGEVT Romero hazard
ARGLOG Joe Rogan t  47.0 pos '234.8 551.7  24.0' spd 329.7 yaw 123 mode 2 st 12 gl 0 hp 100 frg 0
ARGLOG Carmack t  47.0 pos '1091.4 1733.4 -408.0' spd 321.3 yaw 301 mode 2 st 6 gl 1 hp 100 frg 0
ARGLOG Romero t  47.2 pos '-153.1 2292.2 -136.0' spd 326.0 yaw 104 mode 2 st 6 gl 0 hp 100 frg -1
ARGLOG Joe Rogan t  47.5 pos ' 98.4 637.4  24.0' spd 320.5 yaw 104 mode 2 st 12 gl 0 hp 100 frg 0
ARGLOG Carmack t  47.5 pos '1253.1 1686.4 -408.0' spd 367.0 yaw 272 mode 2 st 6 gl 1 hp 100 frg 0
ARGEVT Joe Rogan hazard
ARGLOG Romero t  47.7 pos '-205.5 2320.0 -136.0' spd 149.0 yaw 84 mode 2 st 6 gl 0 hp 100 frg -1
ARGLOG Joe Rogan t  48.0 pos ' 80.0 633.7  24.0' spd 153.7 yaw 98 mode 2 st 12 gl 0 hp 100 frg 0
ARGLOG Carmack t  48.0 pos '1290.7 1519.8 -408.0' spd 325.6 yaw 263 mode 2 st 6 gl 1 hp 100 frg 0
ARGLOG Romero t  48.2 pos '-216.9 2320.0 -136.0' spd  11.4 yaw 82 mode 2 st 6 gl 0 hp 100 frg -1
ARGEVT Carmack jump
ARGEVT Joe Rogan stall
ARGUS STALLDBG mode 2 door 0 btn 0 hopdoor 0 dstate 0 dtn 0 pos ' 80.0 629.7  24.0'
ARGEVT Joe Rogan stallnode ' 49.0 705.0 -120.0'
ARGLOG Joe Rogan t  48.5 pos ' 80.0 629.7  24.0' spd  23.2 yaw 323.0 mode 0 st 13 gl 0 hp 100 frg 0
ARGEVT Joe Rogan jump
ARGLOG Carmack t  48.5 pos '1265.4 1355.9 -360.8' spd 320.6 yaw 280 mode 2 st 6 gl 1 hp 100 frg 0
ARGLOG Romero t  48.7 pos '-212.5 2320.0 -136.0' spd   5.7 yaw 82 mode 2 st 6 gl 0 hp 100 frg -1
ARGEVT Romero stall
ARGUS STALLDBG mode 2 door 0 btn 0 hopdoor 0 dstate 0 dtn 0 pos '-211.3 2320.0 -136.0'
ARGEVT Romero stallnode '-207.0 2497.0 -120.0'
ARGEVT Romero jump
ARGEVT Joe Rogan route 29 start ' 81.0 545.0  24.0' goal '145.0 2337.0  40.0'
ARGLOG Joe Rogan t  49.0 pos ' 80.0 639.8  46.6' spd   3.1 yaw 339 mode 2 st 13 gl 0 hp 100 frg 0
ARGLOG Carmack t  49.0 pos '1260.5 1296.0 -333.2' spd  13.5 yaw 283 mode 2 st 6 gl 1 hp 100 frg 0
ARGEVT Joe Rogan stall
ARGUS STALLDBG mode 2 door 0 btn 0 hopdoor 0 dstate 0 dtn 0 pos ' 80.0 627.4  24.0'
ARGEVT Joe Rogan stallnode ' 81.0 545.0  24.0'
ARGEVT Joe Rogan jump
ARGLOG Romero t  49.2 pos '-203.6 2320.0 -97.1' spd  33.9 yaw 349.4 mode 0 st 7 gl 0 hp 100 frg -1
ARGEVT Joe Rogan plan powerup via weapon
ARGEVT Joe Rogan goal weapon_supershotgun
ARGEVT Romero route 35 start '-303.0 2337.0 -136.0' goal '465.0 577.0  24.0'
ARGLOG Joe Rogan t  49.5 pos ' 80.0 575.2  62.9' spd 168.2 yaw 181.2 mode 0 st 14 gl 0 hp 100 frg 0
ARGLOG Carmack t  49.5 pos '1263.3 1296.0 -336.0' spd   2.3 yaw 283 mode 2 st 6 gl 1 hp 100 frg 0
ARGEVT Joe Rogan route 5 start ' 81.0 545.0  24.0' goal '113.0 1217.0 -184.0'
ARGLOG Romero t  49.7 pos '-215.7 2282.2 -136.0' spd 340.6 yaw 83 mode 2 st 7 gl 0 hp 100 frg -1
ARGEVT Carmack jump
ARGLOG Joe Rogan t  50.0 pos ' 42.7 587.2  24.0' spd 356.6 yaw 86 mode 2 st 14 gl 0 hp 100 frg 0
ARGLOG Carmack t  50.0 pos '1265.2 1223.8 -294.9' spd 320 yaw 248 mode 2 st 6 gl 1 hp 100 frg 0
ARGLOG Romero t  50.2 pos '-345.0 2369.1 -136.0' spd 409.8 yaw 56 mode 2 st 7 gl 0 hp 100 frg -1
ARGLOG Joe Rogan t  50.6 pos '195.3 606.8  24.0' spd 315.7 yaw 146 mode 2 st 14 gl 0 hp 100 frg 0
ARGLOG Carmack t  50.6 pos '1291.5 1060.9 -256.0' spd 336.7 yaw 238 mode 2 st 6 gl 1 hp 100 frg 0
ARGLOG Romero t  50.8 pos '-236.6 2504.7 -120.0' spd 326.4 yaw 48 mode 2 st 7 gl 0 hp 100 frg -1
ARGEVT Romero jump
ARGEVT Carmack hazard
ARGLOG Joe Rogan t  51.1 pos '348.9 624.0  24.0' spd 111.4 yaw 145 mode 2 st 14 gl 0 hp 100 frg 0
ARGLOG Carmack t  51.1 pos '1174.4 947.2 -256.0' spd 320.2 yaw 41 mode 2 st 6 gl 1 hp 100 frg 0
ARGLOG Romero t  51.3 pos '-144.0 2588.7 -65.1' spd  70.9 yaw 70 mode 2 st 7 gl 0 hp 100 frg -1
ARGEVT Romero hazard
ARGLOG Joe Rogan t  51.6 pos '272.0 624.0  24.0' spd 0 yaw 136 mode 2 st 14 gl 0 hp 100 frg 0
ARGLOG Carmack t  51.6 pos '1200.0 928.0 -256.0' spd  74.1 yaw 53 mode 2 st 6 gl 1 hp 100 frg 0
ARGLOG Romero t  51.8 pos '-144.0 2664.3 -72.0' spd 326.7 yaw 65 mode 2 st 7 gl 0 hp 100 frg -1
ARGEVT Carmack hazard
ARGEVT Joe Rogan stall
ARGUS STALLDBG mode 2 door 0 btn 0 hopdoor 0 dstate 0 dtn 0 pos '272.0 624.0  24.0'
ARGEVT Joe Rogan stallnode ' 49.0 705.0 -120.0'
ARGLOG Joe Rogan t  52.1 pos '272.0 624.0  24.0' spd 0 yaw 357.9 mode 0 st 15 gl 0 hp 100 frg 0
ARGEVT Joe Rogan jump
ARGLOG Carmack t  52.1 pos '1216.1 820.2 -256.0' spd 115.1 yaw 141 mode 2 st 6 gl 1 hp 100 frg 0
ARGUS routecache adopt
ARGEVT Joe Rogan route 4 start '241.0 577.0  24.0' goal '113.0 1217.0 -184.0'
ARGLOG Romero t  52.3 pos '-71.7 2816.2 -56.0' spd 320.0 yaw 34 mode 2 st 7 gl 0 hp 100 frg -1
ARGLOG Joe Rogan t  52.6 pos '272.0 612.1  46.7' spd  37.9 yaw 135 mode 2 st 15 gl 0 hp 100 frg 0
ARGLOG Carmack t  52.6 pos '1229.4 959.5 -256.0' spd 325.1 yaw 146 mode 2 st 6 gl 1 hp 100 frg 0
ARGLOG Romero t  52.8 pos ' 16.5 2957.9 -72.0' spd 376.5 yaw 358 mode 2 st 7 gl 0 hp 100 frg -1
ARGEVT Romero hazard
ARGLOG Joe Rogan t  53.1 pos '162.4 622.8  24.0' spd 342.6 yaw 118 mode 2 st 15 gl 0 hp 100 frg 0
ARGLOG Carmack t  53.1 pos '1294.6 1114.7 -256.0' spd 358.9 yaw 118 mode 0 st 6 gl 1 hp 100 frg 0
ARGEVT Carmack route 21 start '1329.0 993.0 -256.0' goal '529.0 2465.0 -88.0'
ARGLOG Romero t  53.3 pos ' 40.4 2959.4 -88.0' spd 139.9 yaw 357 mode 2 st 7 gl 0 hp 100 frg -1
ARGEVT Joe Rogan hazard
ARGEVT Carmack hazard
ARGLOG Joe Rogan t  53.6 pos ' 80.0 634.1  24.0' spd  22.9 yaw 98 mode 2 st 15 gl 0 hp 100 frg 0
ARGLOG Carmack t  53.6 pos '1260.5 1265.4 -304.9' spd 186.2 yaw 252 mode 2 st 6 gl 1 hp 100 frg 0
ARGLOG Romero t  53.8 pos ' 53.7 2970.1 -88.0' spd 321.1 yaw 355 mode 2 st 7 gl 0 hp 100 frg -1
ARGEVT Romero hazard
ARGLOG Joe Rogan t  54.2 pos ' 80.0 630.9  24.0' spd  20.8 yaw 98 mode 2 st 15 gl 0 hp 100 frg 0
ARGLOG Carmack t  54.2 pos '1297.4 1180.4 -278.2' spd 320.5 yaw 236 mode 2 st 6 gl 1 hp 100 frg 0
ARGEVT Joe Rogan stall
ARGUS STALLDBG mode 2 door 0 btn 0 hopdoor 0 dstate 0 dtn 0 pos ' 80.0 628.5  24.0'
ARGEVT Joe Rogan stallnode ' 49.0 705.0 -120.0'
ARGEVT Joe Rogan jump
ARGLOG Romero t  54.4 pos ' 46.7 2966.2 -88.0' spd 307.4 yaw 356 mode 2 st 7 gl 0 hp 100 frg -1
ARGEVT Joe Rogan route 5 start ' 81.0 545.0  24.0' goal '113.0 1217.0 -184.0'
ARGLOG Joe Rogan t  54.7 pos ' 80.7 639.0  59.0' spd  40.2 yaw 339 mode 2 st 16 gl 0 hp 100 frg 0
ARGLOG Carmack t  54.7 pos '1291.7 1013.0 -256.0' spd 393.4 yaw 231 mode 2 st 6 gl 1 hp 100 frg 0
ARGLOG Romero t  54.9 pos ' 35.6 2958.5 -88.0' spd  85.2 yaw 358 mode 2 st 7 gl 0 hp 100 frg -1
ARGEVT Romero hazard
ARGLOG Joe Rogan t  55.2 pos '104.6 565.1  24.0' spd 322.0 yaw 111 mode 2 st 16 gl 0 hp 100 frg 0
ARGLOG Carmack t  55.2 pos '1164.3 934.6 -240.6' spd 312.1 yaw 42 mode 2 st 6 gl 1 hp 100 frg 0
ARGEVT Joe Rogan hazard
ARGEVT Romero stall
ARGUS STALLDBG mode 2 door 0 btn 0 hopdoor 0 dstate 0 dtn 0 pos ' 53.5 2973.5 -88.0'
ARGEVT Romero stallnode '113.0 2945.0 -120.0'
ARGLOG Romero t  55.4 pos ' 53.5 2973.5 -88.0' spd 320.2 yaw 533.8 mode 0 st 8 gl 0 hp 100 frg -1
ARGEVT Romero jump
ARGEVT Carmack hazard
ARGLOG Joe Rogan t  55.7 pos '151.2 538.9  24.0' spd 321.1 yaw 121 mode 2 st 16 gl 0 hp 100 frg 0
ARGLOG Carmack t  55.7 pos '1196.0 928.0 -256.0' spd  57.1 yaw 51 mode 2 st 6 gl 1 hp 100 frg 0
ARGEVT Romero route 31 start '-15.0 2945.0 -56.0' goal '465.0 577.0  24.0'
ARGLOG Romero t  55.9 pos ' 93.4 2967.2 -65.8' spd 131.6 yaw 192 mode 2 st 8 gl 0 hp 100 frg -1
ARGEVT Romero hazard
ARGLOG Joe Rogan t  56.2 pos '212.3 616.0  24.0' spd 328.5 yaw 126 mode 2 st 16 gl 0 hp 100 frg 0
ARGEVT Romero jump
ARGLOG Carmack t  56.2 pos '1208.9 837.3 -256.0' spd 155.3 yaw 142 mode 2 st 6 gl 1 hp 100 frg 0
ARGLOG Romero t  56.4 pos ' 16.0 2958.2 -53.6' spd  22.2 yaw 358 mode 2 st 8 gl 0 hp 100 frg -1
ARGEVT Joe Rogan hazard
ARGLOG Joe Rogan t  56.7 pos ' 80.0 640.0  24.0' spd 0 yaw 99 mode 2 st 16 gl 0 hp 100 frg 0
ARGLOG Carmack t  56.7 pos '1255.4 992.8 -256.0' spd 322.4 yaw 147 mode 2 st 6 gl 1 hp 100 frg 0
ARGLOG Romero t  56.9 pos ' 80.0 2947.9 -77.4' spd 298.4 yaw 0 mode 2 st 8 gl 0 hp 100 frg -1
ARGEVT Carmack route 21 start '1329.0 993.0 -256.0' goal '529.0 2465.0 -88.0'
ARGEVT Romero jump
ARGLOG Joe Rogan t  57.2 pos ' 80.0 640.0  24.0' spd 0 yaw 99 mode 2 st 16 gl 0 hp 100 frg 0
ARGLOG Carmack t  57.2 pos '1276.0 1158.0 -267.0' spd 349.5 yaw 238 mode 2 st 6 gl 1 hp 100 frg 0
ARGEVT Carmack hazard
ARGLOG Romero t  57.5 pos '238.3 2943.1 -98.3' spd 320.1 yaw 0 mode 2 st 8 gl 0 hp 92 frg -1
ARGEVT Joe Rogan hazard
ARGLOG Joe Rogan t  57.8 pos ' 80.0 640.0  24.0' spd 0 yaw 99 mode 2 st 16 gl 0 hp 100 frg 0
ARGLOG Carmack t  57.8 pos '1267.7 1231.3 -303.6' spd 165.2 yaw 248 mode 2 st 6 gl 1 hp 100 frg 0
ARGEVT Joe Rogan stall
ARGUS STALLDBG mode 2 door 0 btn 0 hopdoor 0 dstate 0 dtn 0 pos ' 80.0 640.0  24.0'
ARGEVT Joe Rogan stallnode ' 49.0 705.0 -120.0'
ARGEVT Joe Rogan jump
ARGEVT Romero swim
ARGLOG Romero t  58.0 pos '304.0 2939.5 -146.6' spd   2.9 yaw 346 mode 2 st 8 gl 0 hp 88 frg -1
ARGEVT Joe Rogan route 5 start ' 81.0 545.0  24.0' goal '113.0 1217.0 -184.0'
ARGLOG Joe Rogan t  58.3 pos ' 87.3 640.0  59.1' spd  33.4 yaw 338 mode 2 st 17 gl 0 hp 100 frg 0
ARGLOG Carmack t  58.3 pos '1313.7 1074.6 -256.0' spd 329.8 yaw 236 mode 2 st 6 gl 1 hp 100 frg 0
ARGLOG Romero t  58.5 pos '304.0 2940.9 -142.1' spd   5.4 yaw 346 mode 2 st 8 gl 0 hp 88 frg -1
ARGLOG Joe Rogan t  58.8 pos ' 90.9 564.0  24.0' spd 322.9 yaw 106 mode 2 st 17 gl 0 hp 100 frg 0
ARGLOG Carmack t  58.8 pos '1188.0 962.7 -256.0' spd 329.5 yaw 40 mode 2 st 6 gl 1 hp 100 frg 0
ARGEVT Carmack hazard
ARGEVT Joe Rogan hazard
ARGEVT Romero stall
ARGUS STALLDBG mode 2 door 0 btn 0 hopdoor 0 dstate 0 dtn 0 pos '304.0 2943.4 -137.5'
ARGEVT Romero stallnode '433.0 2945.0 -56.0'
ARGLOG Romero t  59.0 pos '304.0 2943.4 -137.5' spd   3.8 yaw 471.0 mode 0 st 9 gl 0 hp 80 frg -1
ARGEVT Romero swim
ARGLOG Joe Rogan t  59.3 pos '193.8 544.4  24.0' spd 327.3 yaw 132 mode 2 st 17 gl 0 hp 100 frg 0
ARGLOG Carmack t  59.3 pos '1194.6 928.0 -256.0' spd  80.6 yaw 51 mode 2 st 6 gl 1 hp 100 frg 0
ARGEVT Romero route 33 start '209.0 2945.0 -152.0' goal '465.0 577.0  24.0'
ARGLOG Romero t  59.5 pos '304.0 2910.1 -137.2' spd 132.7 yaw 173 mode 2 st 9 gl 0 hp 80 frg -1
ARGEVT Romero swim
ARGEVT Romero swim
ARGLOG Joe Rogan t  59.8 pos '237.9 616.0  24.0' spd 321.0 yaw 131 mode 2 st 17 gl 0 hp 100 frg 0
ARGLOG Carmack t  59.8 pos '1205.7 852.2 -256.0' spd 231.4 yaw 142 mode 2 st 6 gl 1 hp 100 frg 0
ARGEVT Romero swim
ARGLOG Romero t  60.0 pos '257.7 2852.5 -136.9' spd 157.5 yaw 161 mode 2 st 9 gl 0 hp 72 frg -1
ARGEVT Joe Rogan hazard
ARGEVT Romero swim
ARGLOG Joe Rogan t  60.3 pos ' 80.0 628.8  24.0' spd  15.6 yaw 98 mode 2 st 17 gl 0 hp 100 frg 0
ARGLOG Carmack t  60.3 pos '1243.1 1009.9 -256.0' spd 328.5 yaw 148 mode 2 st 6 gl 1 hp 100 frg 0
ARGEVT Romero swim
ARGLOG Romero t  60.5 pos '161.6 2868.0 -136.4' spd 219.6 yaw 156 mode 2 st 9 gl 0 hp 72 frg -1
ARGEVT Romero swim
ARGLOG Joe Rogan t  60.8 pos ' 24.4 624.0  24.0' spd  93.6 yaw 83 mode 2 st 17 gl 0 hp 100 frg 0
ARGLOG Carmack t  60.8 pos '1294.3 1168.9 -272.4' spd 336.5 yaw 119 mode 0 st 6 gl 1 hp 100 frg 0
ARGEVT Carmack route 22 start '1265.0 1185.0 -280.0' goal '529.0 2465.0 -88.0'
ARGEVT Romero swim
ARGLOG Romero t  61.1 pos ' 65.0 2896.0 -136.1' spd 137.1 yaw 148 mode 2 st 9 gl 0 hp 68 frg -1
ARGEVT Carmack hazard
ARGEVT Romero jump
ARGLOG Joe Rogan t  61.4 pos ' 15.3 624.0  24.0' spd  69.0 yaw 80 mode 2 st 17 gl 0 hp 100 frg 0
ARGEVT Joe Rogan hazard
ARGLOG Carmack t  61.4 pos '1254.4 1200.0 -287.9' spd 265.7 yaw 248 mode 2 st 6 gl 1 hp 100 frg 0
ARGLOG Romero t  61.6 pos ' 30.8 2928.0 -100.8' spd  55.8 yaw 11 mode 2 st 9 gl 0 hp 68 frg -1
ARGEVT Romero swim
ARGLOG Joe Rogan t  61.9 pos ' 12.0 624.0  24.0' spd  63.0 yaw 79 mode 2 st 17 gl 0 hp 100 frg 0
ARGLOG Carmack t  61.9 pos '1297.8 1039.8 -256.0' spd 358.5 yaw 234 mode 2 st 6 gl 1 hp 100 frg 0
ARGLOG Romero t  62.1 pos '  8.1 2928.0 -145.2' spd   6.5 yaw 3 mode 2 st 9 gl 0 hp 64 frg -1
ARGEVT Joe Rogan stall
ARGUS STALLDBG mode 2 door 0 btn 0 hopdoor 0 dstate 0 dtn 0 pos '  7.2 624.0  24.0'
ARGEVT Joe Rogan stallnode ' 49.0 705.0 -120.0'
ARGEVT Joe Rogan jump
ARGEVT Joe Rogan route 5 start ' 81.0 545.0  24.0' goal '113.0 1217.0 -184.0'
ARGEVT Carmack hazard
ARGLOG Joe Rogan t  62.4 pos '  6.0 624.0  58.4' spd   0.6 yaw 349 mode 2 st 18 gl 0 hp 100 frg 0
ARGLOG Carmack t  62.4 pos '1166.8 942.1 -234.6' spd 326.3 yaw 41 mode 2 st 6 gl 1 hp 100 frg 0
ARGLOG Romero t  62.6 pos ' 32.0 2928.0 -140.6' spd 0 yaw 3 mode 2 st 9 gl 0 hp 64 frg -1
ARGLOG Joe Rogan t  62.9 pos ' 27.0 616.5  24.0' spd 178.2 yaw 350 mode 2 st 18 gl 0 hp 100 frg 0
ARGLOG Carmack t  62.9 pos '1182.0 928.0 -256.0' spd  44.8 yaw 48 mode 2 st 6 gl 1 hp 100 frg 0
ARGLOG Romero t  63.1 pos ' 32.0 2928.0 -136.1' spd 0 yaw 3 mode 2 st 9 gl 0 hp 56 frg -1
ARGEVT Carmack hazard
ARGLOG Joe Rogan t  63.4 pos '171.1 534.0  24.0' spd 352.9 yaw 125 mode 2 st 18 gl 0 hp 100 frg 0
ARGLOG Carmack t  63.4 pos '1215.4 882.8 -256.0' spd 360.7 yaw 143 mode 2 st 6 gl 1 hp 100 frg 0
ARGEVT Romero jump
ARGLOG Romero t  63.6 pos '156.4 2929.9 -91.0' spd 320.2 yaw 3 mode 2 st 9 gl 0 hp 56 frg -1
ARGEVT Joe Rogan hazard
ARGLOG Joe Rogan t  63.9 pos '213.2 614.3  24.0' spd 338.3 yaw 126 mode 2 st 18 gl 0 hp 100 frg 0
ARGEVT Carmack abandon
ARGEVT Carmack goal item_health
ARGLOG Carmack t  63.9 pos '1224.2 907.9 -256.0' spd 326.4 yaw  81.3 mode 0 st 6 gl 1 hp 100 frg 0
ARGEVT Carmack route 1 start '1169.0 993.0 -256.0' goal '945.0 993.0 -248.0'
ARGLOG Romero t  64.1 pos '304.0 2935.7 -132.1' spd  13.0 yaw 347 mode 2 st 9 gl 0 hp 52 frg -1
ARGEVT Romero swim
ARGEVT Carmack hazard
ARGLOG Joe Rogan t  64.4 pos ' 80.0 639.3  24.0' spd  78.2 yaw 99 mode 2 st 18 gl 0 hp 100 frg 0
ARGLOG Carmack t  64.4 pos '1195.0 1073.3 -256.0' spd 253.2 yaw 198 mode 2 st 6 gl 1 hp 100 frg 0
ARGLOG Romero t  64.6 pos '304.0 2942.8 -143.6' spd  11.5 yaw 346 mode 2 st 9 gl 0 hp 48 frg -1
ARGLOG Joe Rogan t  65.0 pos ' 30.2 624.0  24.0' spd  69.2 yaw 84 mode 2 st 18 gl 0 hp 100 frg 0
ARGLOG Carmack t  65.0 pos '1158.6 992.0 -256.0' spd  23.4 yaw 179 mode 2 st 6 gl 1 hp 100 frg 0
ARGEVT Joe Rogan hazard
ARGLOG Romero t  65.2 pos '304.0 2946.3 -139.1' spd   3.9 yaw 345 mode 2 st 9 gl 0 hp 48 frg -1
ARGLOG Joe Rogan t  65.5 pos ' 12.8 624.0  24.0' spd 105.1 yaw 80 mode 2 st 18 gl 0 hp 100 frg 0
ARGEVT Romero stall
ARGUS STALLDBG mode 2 door 0 btn 0 hopdoor 0 dstate 0 dtn 0 pos '304.0 2947.1 -136.3'
ARGEVT Romero stallnode '433.0 2945.0 -56.0'
ARGLOG Carmack t  65.5 pos '1168.0 972.5 -256.0' spd  42.8 yaw 174 mode 2 st 6 gl 1 hp 100 frg 0
ARGEVT Carmack hazard
ARGEVT Romero swim
ARGLOG Romero t  65.7 pos '304.0 2943.3 -136.6' spd  44.4 yaw 294.1 mode 0 st 10 gl 0 hp 40 frg -1
ARGEVT Romero route 33 start '209.0 2945.0 -152.0' goal '465.0 577.0  24.0'
ARGEVT Romero swim
ARGLOG Joe Rogan t  66.0 pos ' 10.7 624.0  24.0' spd 127.8 yaw 79 mode 2 st 18 gl 0 hp 100 frg 0
ARGLOG Carmack t  66.0 pos '1168.0 965.9 -256.0' spd  49.7 yaw 173 mode 2 st 6 gl 1 hp 100 frg 0
ARGEVT Joe Rogan hazard
ARGEVT Romero swim
ARGLOG Romero t  66.2 pos '284.3 2885.2 -136.4' spd 147.6 yaw 168 mode 2 st 10 gl 0 hp 40 frg -1
ARGEVT Romero swim
ARGEVT Romero abandon
ARGEVT Romero goal item_health
ARGEVT Romero route 13 start '209.0 2945.0 -152.0' goal '945.0 2433.0 -112.0'
ARGEVT Joe Rogan stall
ARGUS STALLDBG mode 2 door 0 btn 0 hopdoor 0 dstate 0 dtn 0 pos '  8.7 624.0  24.0'
ARGEVT Joe Rogan stallnode ' 49.0 705.0 -120.0'
ARGLOG Joe Rogan t  66.5 pos '  8.7 624.0  24.0' spd 132.2 yaw 239.1 mode 0 st 19 gl 0 hp 100 frg 0
ARGEVT Joe Rogan jump
ARGLOG Carmack t  66.5 pos '1168.0 970.3 -256.0' spd  32.0 yaw 174 mode 2 st 6 gl 1 hp 100 frg 0
ARGEVT Romero swim
ARGEVT Carmack hazard
ARGEVT Joe Rogan route 5 start ' 81.0 545.0  24.0' goal '113.0 1217.0 -184.0'
ARGLOG Romero t  66.7 pos '197.0 2864.3 -136.2' spd 205.7 yaw 159 mode 2 st 10 gl 0 hp 32 frg -1
ARGEVT Romero swim
ARGLOG Joe Rogan t  67.0 pos '-13.8 623.9  46.7' spd  32.0 yaw 350 mode 2 st 19 gl 0 hp 100 frg 0
ARGEVT Romero swim
ARGLOG Carmack t  67.0 pos '1168.0 969.6 -256.0' spd  27.1 yaw 174 mode 2 st 6 gl 1 hp 100 frg 0
ARGEVT Joe Rogan stall
ARGUS STALLDBG mode 2 door 0 btn 0 hopdoor 0 dstate 0 dtn 0 pos ' -1.2 617.8  24.0'
ARGEVT Joe Rogan stallnode ' 81.0 545.0  24.0'
ARGEVT Joe Rogan jump
ARGLOG Romero t  67.2 pos ' 91.2 2896.0 -135.8' spd 190.3 yaw 155 mode 2 st 10 gl 0 hp 32 frg -1
ARGEVT Carmack stall
ARGUS STALLDBG mode 2 door 0 btn 0 hopdoor 1 dstate 0 dtn 0 pos '1168.0 967.1 -256.0'
ARGEVT Carmack stallnode '945.0 993.0 -248.0'
ARGEVT Carmack jump
ARGEVT Romero swim
ARGEVT Joe Rogan plan powerup via weapon
ARGEVT Joe Rogan goal weapon_grenadelauncher
ARGEVT Joe Rogan route 15 start ' 81.0 545.0  24.0' goal '1169.0 1057.0 -408.0'
ARGLOG Joe Rogan t  67.5 pos '  4.3 573.9  62.9' spd 155.7 yaw 0 mode 2 st 20 gl 0 hp 100 frg 0
ARGEVT Romero jump
ARGLOG Carmack t  67.5 pos '1165.1 932.1 -217.1' spd 113.8 yaw 263 mode 0 st 7 gl 1 hp 100 frg 0
ARGEVT Carmack route 2 start '1169.0 865.0 -192.0' goal '945.0 993.0 -248.0'
ARGLOG Romero t  67.7 pos ' 38.9 2920.1 -101.6' spd 111.2 yaw 30 mode 2 st 10 gl 0 hp 28 frg -1
ARGEVT Joe Rogan hazard
ARGEVT Carmack hazard
ARGLOG Joe Rogan t  68.0 pos '-28.4 528.4  24.0' spd  92.9 yaw 10 mode 2 st 20 gl 0 hp 100 frg 0
ARGLOG Carmack t  68.0 pos '1168.0 946.9 -256.0' spd 213.1 yaw 163.8 mode 2 st 7 gl 1 hp 100 frg 0
ARGEVT Romero swim
ARGLOG Romero t  68.2 pos ' 27.1 2928.0 -147.7' spd  28.8 yaw 3 mode 2 st 10 gl 0 hp 24 frg -1
ARGLOG Joe Rogan t  68.6 pos '130.7 546.7  24.0' spd 320.3 yaw 117 mode 2 st 20 gl 0 hp 100 frg 0
ARGLOG Carmack t  68.6 pos '1174.9 1054.1 -256.0' spd  90.6 yaw 195 mode 2 st 7 gl 1 hp 100 frg 0
ARGLOG Romero t  68.8 pos ' 32.0 2928.0 -143.1' spd 0 yaw 3 mode 2 st 10 gl 0 hp 24 frg -1
ARGEVT Carmack hazard
ARGEVT Joe Rogan hazard
ARGLOG Joe Rogan t  69.1 pos '290.0 604.2  24.0' spd 393.4 yaw 136 mode 2 st 20 gl 0 hp 100 frg 0
ARGEVT Romero stall
ARGUS STALLDBG mode 2 door 0 btn 0 hopdoor 0 dstate 0 dtn 0 pos ' 32.0 2928.0 -140.4'
ARGEVT Romero stallnode '113.0 2945.0 -120.0'
ARGLOG Carmack t  69.1 pos '1167.6 992.0 -256.0' spd  14.2 yaw 179 mode 2 st 7 gl 1 hp 100 frg 0
ARGLOG Romero t  69.3 pos ' 32.0 2925.8 -138.5' spd  26.8 yaw 332 mode 0 st 11 gl 0 hp 16 frg -1
ARGEVT Romero route 13 start ' 49.0 2849.0 -152.0' goal '945.0 2433.0 -112.0'
ARGLOG Joe Rogan t  69.6 pos '272.0 624.0  24.0' spd 0 yaw 136 mode 2 st 20 gl 0 hp 100 frg 0
ARGLOG Carmack t  69.6 pos '1168.0 954.8 -256.0' spd  59.6 yaw 170 mode 2 st 7 gl 1 hp 100 frg 0
ARGEVT Romero jump
ARGLOG Romero t  69.8 pos ' 37.9 2916.9 -106.9' spd  30.7 yaw 33 mode 2 st 11 gl 0 hp 16 frg -1
ARGEVT Joe Rogan stall
ARGUS STALLDBG mode 2 door 0 btn 0 hopdoor 0 dstate 0 dtn 0 pos '272.0 624.0  24.0'
ARGEVT Joe Rogan stallnode ' 49.0 705.0 -120.0'
ARGLOG Joe Rogan t  70.1 pos '272.0 624.0  24.0' spd 0 yaw 359.5 mode 0 st 21 gl 0 hp 100 frg 0
ARGEVT Joe Rogan jump
ARGEVT Carmack stall
ARGUS STALLDBG mode 2 door 0 btn 0 hopdoor 1 dstate 0 dtn 0 pos '1168.0 960.9 -256.0'
ARGEVT Carmack stallnode '945.0 993.0 -248.0'
ARGLOG Carmack t  70.1 pos '1168.0 960.9 -256.0' spd   1.3 yaw 382.6 mode 0 st 8 gl 1 hp 100 frg 0
ARGEVT Carmack jump
ARGLOG Romero t  70.3 pos ' 53.6 2928.0 -136.0' spd  30.7 yaw 3 mode 2 st 11 gl 0 hp 8 frg -1
ARGEVT Joe Rogan route 14 start '241.0 577.0  24.0' goal '1169.0 1057.0 -408.0'
ARGEVT Carmack route 1 start '1169.0 993.0 -256.0' goal '945.0 993.0 -248.0'
ARGLOG Joe Rogan t  70.6 pos '272.0 624.0  46.7' spd 0 yaw 160 mode 2 st 21 gl 0 hp 100 frg 0
ARGEVT Romero jump
ARGLOG Carmack t  70.6 pos '1158.6 952.7 -229.1' spd  63.3 yaw 229.7 mode 2 st 8 gl 1 hp 100 frg 0
ARGEVT Joe Rogan stall
ARGUS STALLDBG mode 2 door 0 btn 0 hopdoor 0 dstate 0 dtn 0 pos '272.0 619.2  24.0'
ARGEVT Joe Rogan stallnode '241.0 577.0  24.0'
ARGEVT Joe Rogan jump
ARGLOG Romero t  70.8 pos '194.9 2931.0 -101.5' spd 320.3 yaw 3 mode 2 st 11 gl 0 hp 8 frg -1
ARGEVT Carmack hazard
ARGEVT Joe Rogan plan powerup via weapon
ARGEVT Joe Rogan goal weapon_rocketlauncher
ARGLOG Joe Rogan t  71.1 pos '288.2 609.8  62.9' spd  66.1 yaw 356 mode 0 st 22 gl 0 hp 100 frg 0
ARGLOG Carmack t  71.1 pos '1168.0 955.3 -256.0' spd   9.5 yaw 170 mode 2 st 8 gl 1 hp 100 frg 0
ARGEVT Joe Rogan route 28 start '241.0 577.0  24.0' goal '145.0 2337.0  40.0'
ARGEVT Romero swim
ARGLOG Romero t  71.3 pos '304.0 2938.2 -147.4' spd  16.6 yaw 346 mode 2 st 11 gl 0 hp 4 frg -1
ARGLOG Joe Rogan t  71.6 pos '289.7 565.1  24.0' spd 343.3 yaw 149 mode 2 st 22 gl 0 hp 100 frg 0
ARGLOG Carmack t  71.6 pos '1168.0 961.8 -256.0' spd  25.5 yaw 172 mode 2 st 8 gl 1 hp 100 frg 0
ARGLOG Romero t  71.8 pos '304.0 2944.8 -142.8' spd   8.5 yaw 345 mode 2 st 11 gl 0 hp 4 frg -1
ARGEVT Romero stall
ARGUS STALLDBG mode 2 door 0 btn 0 hopdoor 0 dstate 0 dtn 0 pos '304.0 2945.5 -141.9'
ARGEVT Romero stallnode '433.0 2945.0 -56.0'
ARGEVT Carmack hazard
ARGLOG Joe Rogan t  72.2 pos '120.8 586.8  24.0' spd 336.7 yaw 106 mode 2 st 22 gl 0 hp 100 frg 0
ARGLOG Carmack t  72.2 pos '1168.0 962.4 -256.0' spd  24.0 yaw 172 mode 2 st 8 gl 1 hp 100 frg 0
ARGEVT Romero death world pos '304.0 2940.1 -139.6'
ARGEVT Carmack stall
ARGUS STALLDBG mode 2 door 0 btn 0 hopdoor 1 dstate 0 dtn 0 pos '1168.0 965.2 -256.0'
ARGEVT Carmack stallnode '945.0 993.0 -248.0'
ARGEVT Carmack jump
ARGEVT Carmack route 1 start '1169.0 993.0 -256.0' goal '945.0 993.0 -248.0'
ARGEVT Joe Rogan hazard
ARGLOG Joe Rogan t  72.7 pos ' 80.0 626.1  24.0' spd  80.7 yaw 98 mode 2 st 22 gl 0 hp 100 frg 0
ARGLOG Carmack t  72.7 pos '1154.3 973.9 -220.5' spd  24.8 yaw 174 mode 2 st 9 gl 1 hp 100 frg 0
ARGEVT Carmack hazard
ARGLOG Joe Rogan t  73.2 pos ' 24.3 624.0  24.0' spd  31.6 yaw 83 mode 2 st 22 gl 0 hp 100 frg 0
ARGLOG Carmack t  73.2 pos '1168.0 983.0 -256.0' spd 188.4 yaw 177 mode 2 st 9 gl 1 hp 100 frg 0
ARGEVT Joe Rogan hazard
ARGLOG Joe Rogan t  73.7 pos '  9.2 624.0  24.0' spd 112.9 yaw 79 mode 2 st 22 gl 0 hp 100 frg 0
ARGLOG Carmack t  73.7 pos '1168.0 972.2 -256.0' spd  17.1 yaw 174 mode 2 st 9 gl 1 hp 100 frg 0
ARGEVT Romero respawn
ARGEVT Romero goal item_armor2
ARGLOG Romero t  73.8 pos '480.0  48.0  24.0' spd 0 yaw  73.7 mode 0 st 12 gl 0 hp 100 frg -2
ARGEVT Romero route 18 start '465.0   1.0  24.0' goal '1297.0 1057.0 -408.0'
ARGLOG Joe Rogan t  74.2 pos ' 17.0 624.0  24.0' spd 116.9 yaw 81 mode 2 st 22 gl 0 hp 100 frg 0
ARGLOG Carmack t  74.2 pos '1168.0 968.0 -256.0' spd  54.3 yaw 173 mode 2 st 9 gl 1 hp 100 frg 0
ARGEVT Carmack hazard
ARGLOG Romero t  74.3 pos '500.7 204.3  24.0' spd 325.1 yaw 95 mode 2 st 12 gl 0 hp 100 frg -2
ARGEVT Joe Rogan stall
ARGUS STALLDBG mode 2 door 0 btn 0 hopdoor 0 dstate 0 dtn 0 pos ' 17.7 624.0  24.0'
ARGEVT Joe Rogan stallnode ' 49.0 705.0 -120.0'
ARGEVT Joe Rogan jump
ARGLOG Joe Rogan t  74.7 pos ' 53.2 624.0  62.9' spd 115.5 yaw 36 mode 0 st 23 gl 0 hp 100 frg 0
ARGLOG Carmack t  74.7 pos '1168.0 960.4 -256.0' spd  50.6 yaw 171 mode 2 st 9 gl 1 hp 100 frg 0
ARGLOG Romero t  74.8 pos '465.5 365.9  24.0' spd 322.3 yaw 136 mode 2 st 12 gl 0 hp 100 frg -2
ARGEVT Joe Rogan route 29 start ' 81.0 545.0  24.0' goal '145.0 2337.0  40.0'
ARGLOG Joe Rogan t  75.2 pos '128.3 591.1  24.0' spd 353.3 yaw 353 mode 2 st 23 gl 0 hp 100 frg 0
ARGLOG Carmack t  75.2 pos '1168.0 960.7 -256.0' spd  15.7 yaw 171 mode 2 st 9 gl 1 hp 100 frg 0
ARGEVT Joe Rogan engage Romero
ARGEVT Romero engage Joe Rogan
ARGEVT Romero grab item_spikes
ARGLOG Romero t  75.3 pos '462.6 531.2  24.0' spd 320.1 yaw 190.1 mode 2 st 12 gl 0 hp 100 frg -2
ARGEVT Carmack hazard
ARGLOG Joe Rogan t  75.7 pos '185.1 602.8  24.0' spd 323.1 yaw  23.4 mode 2 st 23 gl 0 hp 100 frg 0
ARGLOG Carmack t  75.7 pos '1168.0 961.3 -256.0' spd  22.7 yaw 171 mode 2 st 9 gl 1 hp 100 frg 0
ARGLOG Romero t  75.8 pos '475.8 688.0  24.0' spd  29.2 yaw 206.4 mode 2 st 12 gl 0 hp 100 frg -2
ARGEVT Carmack stall
ARGUS STALLDBG mode 2 door 0 btn 0 hopdoor 1 dstate 0 dtn 0 pos '1168.0 963.9 -256.0'
ARGEVT Carmack stallnode '945.0 993.0 -248.0'
ARGEVT Carmack jump
ARGEVT Carmack route 1 start '1169.0 993.0 -256.0' goal '945.0 993.0 -248.0'
ARGEVT Joe Rogan pursue
ARGLOG Joe Rogan t  76.3 pos '236.5 549.8  24.0' spd 136.2 yaw  33.8 mode 2 st 23 gl 0 hp 91 frg 0
ARGLOG Carmack t  76.3 pos '1153.5 967.2 -218.9' spd   9.6 yaw 172.6 mode 2 st 10 gl 1 hp 100 frg 0
ARGLOG Romero t  76.4 pos '479.6 688.0  24.0' spd   2.9 yaw 180.2 mode 2 st 12 gl 0 hp 100 frg -2
ARGLOG Joe Rogan t  76.8 pos '266.7 551.7  24.0' spd 322.0 yaw  27.8 mode 2 st 23 gl 0 hp 91 frg 0
ARGLOG Carmack t  76.8 pos '1168.0 982.6 -256.0' spd  55.9 yaw 177 mode 2 st 10 gl 1 hp 100 frg 0
ARGEVT Carmack hazard
ARGEVT Joe Rogan hazard
ARGLOG Romero t  76.9 pos '480.1 688.0  24.0' spd 0 yaw 202.8 mode 2 st 12 gl 0 hp 100 frg -2
ARGLOG Joe Rogan t  77.3 pos '275.5 576.3  24.0' spd 310.1 yaw  43.8 mode 2 st 23 gl 0 hp 73 frg 0
ARGLOG Carmack t  77.3 pos '1168.0 969.1 -256.0' spd  26.8 yaw 173 mode 2 st 10 gl 1 hp 100 frg 0
ARGLOG Romero t  77.4 pos '456.6 688.0  24.0' spd 248.0 yaw 241.1 mode 2 st 12 gl 0 hp 64 frg -2
ARGLOG Joe Rogan t  77.8 pos '387.9 528.0  24.0' spd  18.6 yaw  30.8 mode 2 st 23 gl 0 hp 55 frg 0
ARGLOG Carmack t  77.8 pos '1168.0 960.2 -256.0' spd  42.0 yaw 171 mode 2 st 10 gl 1 hp 100 frg 0
ARGLOG Romero t  77.9 pos '511.9 607.7  24.0' spd 358.4 yaw 248.9 mode 2 st 12 gl 0 hp 46 frg -2
ARGEVT Carmack hazard
ARGEVT Carmack stall
ARGUS STALLDBG mode 2 door 0 btn 0 hopdoor 1 dstate 0 dtn 0 pos '1168.0 959.3 -256.0'
ARGEVT Carmack stallnode '945.0 993.0 -248.0'
ARGEVT Carmack jump
ARGEVT Romero hazard
ARGEVT Romero retreat
ARGUS routecache adopt
ARGEVT Carmack route 1 start '1169.0 993.0 -256.0' goal '945.0 993.0 -248.0'
ARGLOG Joe Rogan t  78.3 pos '523.3 455.1  24.0' spd 328.1 yaw  68.4 mode 0 st 23 gl 0 hp 28 frg 0
ARGLOG Carmack t  78.3 pos '1152.1 939.2 -208.8' spd  30.0 yaw 165 mode 2 st 11 gl 1 hp 100 frg 0
ARGEVT Joe Rogan route 29 start '465.0 577.0  24.0' goal '145.0 2337.0  40.0'
ARGLOG Romero t  78.4 pos '558.6 629.1  24.0' spd 364.6 yaw 289.5 mode 0 st 12 gl 0 hp 28 frg -2
ARGEVT Romero route 15 start '465.0 577.0  24.0' goal '1297.0 1057.0 -408.0'
ARGEVT Romero weapon sg
ARGEVT Carmack stall
ARGUS STALLDBG mode 2 door 0 btn 0 hopdoor 1 dstate 0 dtn 0 pos '1168.6 955.4 -249.0'
ARGEVT Carmack stallnode '945.0 993.0 -248.0'
ARGLOG Joe Rogan t  78.8 pos '501.8 393.1  24.0' spd 321.5 yaw 138.9 mode 2 st 23 gl 0 hp 19 frg 0
ARGLOG Carmack t  78.8 pos '1179.7 959.7 -256.0' spd 158.7 yaw 310.6 mode 0 st 12 gl 1 hp 100 frg 0
ARGEVT Joe Rogan weapon sg
ARGEVT Joe Rogan death Romero pos '453.2 386.8  24.0'
ARGUS Romero watch spawn
ARGLOG Romero t  78.9 pos '386.4 617.6  24.0' spd 324.2 yaw 285.4 mode 2 st 12 gl 0 hp 19 frg -1
ARGEVT Carmack goal item_armor2
ARGUS routecache adopt
ARGEVT Carmack route 2 start '1169.0 993.0 -256.0' goal '1297.0 1057.0 -408.0'
ARGEVT Romero goal item_health
ARGEVT Romero route 3 start '241.0 577.0  24.0' goal '241.0 865.0 -200.0'
ARGLOG Carmack t  79.3 pos '1340.7 939.4 -256.0' spd 412.8 yaw 204 mode 2 st 12 gl 1 hp 100 frg 0
ARGLOG Romero t  79.4 pos '222.7 574.4  24.0' spd 368.8 yaw 123 mode 2 st 12 gl 0 hp 10 frg -1
ARGEVT Romero hazard
ARGLOG Carmack t  79.9 pos '1242.3 1069.4 -256.0' spd 390.4 yaw 251 mode 2 st 12 gl 1 hp 100 frg 0
ARGLOG Romero t  80.0 pos ' 80.0 632.5  24.0' spd  42.6 yaw 98 mode 2 st 12 gl 0 hp 10 frg -1
ARGEVT Carmack hazard
ARGLOG Carmack t  80.4 pos '1187.5 931.1 -256.0' spd 325.8 yaw 48 mode 2 st 12 gl 1 hp 100 frg 0
ARGEVT Joe Rogan respawn
ARGLOG Romero t  80.5 pos ' 80.0 630.7  24.0' spd  19.2 yaw 98 mode 2 st 12 gl 0 hp 10 frg -1
ARGEVT Joe Rogan plan powerup via weapon
ARGEVT Joe Rogan goal weapon_rocketlauncher
ARGLOG Joe Rogan t  80.5 pos '-272.0 2928.0 -56.0' spd 0 yaw 343.4 mode 0 st 23 gl 0 hp 100 frg 0
ARGEVT Joe Rogan route 9 start '-143.0 2881.0 -56.0' goal '145.0 2337.0  40.0'
ARGEVT Romero stall
ARGUS STALLDBG mode 2 door 0 btn 0 hopdoor 0 dstate 0 dtn 0 pos ' 80.0 633.5  24.0'
ARGEVT Romero stallnode ' 49.0 705.0 -120.0'
ARGEVT Romero jump
ARGLOG Carmack t  80.9 pos '1192.0 928.0 -256.0' spd  38.1 yaw 50 mode 2 st 12 gl 1 hp 100 frg 0
ARGLOG Romero t  81.0 pos ' 80.5 640.0  58.4' spd   8.4 yaw  57.4 mode 0 st 13 gl 0 hp 10 frg -1
ARGEVT Romero route 4 start ' 81.0 545.0  24.0' goal '241.0 865.0 -200.0'
ARGLOG Joe Rogan t  81.0 pos '-157.5 2819.0 -72.0' spd 343.0 yaw 228 mode 2 st 23 gl 0 hp 100 frg 0
ARGEVT Carmack hazard
ARGLOG Carmack t  81.4 pos '1192.2 928.0 -256.0' spd  38.1 yaw 50 mode 2 st 12 gl 1 hp 100 frg 0
ARGLOG Romero t  81.5 pos ' 97.5 629.2  24.0' spd 178.3 yaw 341 mode 2 st 13 gl 0 hp 10 frg -1
ARGLOG Joe Rogan t  81.6 pos '-179.5 2652.8 -72.0' spd 366.8 yaw 169 mode 2 st 23 gl 0 hp 100 frg 0
ARGEVT Carmack stall
ARGUS STALLDBG mode 2 door 0 btn 0 hopdoor 0 dstate 0 dtn 0 pos '1192.2 928.0 -256.0'
ARGEVT Carmack stallnode '1169.0 865.0 -408.0'
ARGEVT Carmack jump
ARGEVT Romero hazard
ARGEVT Carmack route 2 start '1169.0 865.0 -192.0' goal '1297.0 1057.0 -408.0'
ARGLOG Carmack t  81.9 pos '1205.3 927.7 -217.1' spd  50.0 yaw 240 mode 2 st 13 gl 1 hp 100 frg 0
ARGLOG Romero t  82.0 pos '163.7 518.4  24.0' spd 332.0 yaw 121 mode 2 st 13 gl 0 hp 10 frg -1
ARGLOG Joe Rogan t  82.1 pos '-338.6 2596.0 -104.0' spd 342.7 yaw 172 mode 2 st 23 gl 0 hp 100 frg 0
ARGEVT Carmack jump
ARGLOG Carmack t  82.4 pos '1223.0 897.2 -227.0' spd  80.5 yaw 211 mode 2 st 13 gl 1 hp 100 frg 0
ARGLOG Romero t  82.5 pos '265.1 611.0  24.0' spd 382.2 yaw 134 mode 2 st 13 gl 0 hp 10 frg -1
ARGLOG Joe Rogan t  82.6 pos '-489.3 2665.8 -96.0' spd 321.2 yaw 211 mode 2 st 23 gl 0 hp 100 frg 0
ARGEVT Joe Rogan lift
ARGEVT Joe Rogan jump
ARGEVT Joe Rogan board
ARGLOG Carmack t  82.9 pos '1216.7 852.1 -256.0' spd 100.1 yaw 164 mode 2 st 13 gl 1 hp 100 frg 0
ARGEVT Carmack hazard
ARGLOG Romero t  83.0 pos '272.0 624.0  24.0' spd 0 yaw 136 mode 2 st 13 gl 0 hp 10 frg -1
ARGLOG Joe Rogan t  83.1 pos '-576.0 2737.2 -58.0' spd  28.7 yaw 277 mode 2 st 23 gl 0 hp 100 frg 0
ARGEVT Carmack jump
ARGLOG Carmack t  83.5 pos '1200.0 904.0 -218.1' spd  35.2 yaw 232 mode 2 st 13 gl 1 hp 100 frg 0
ARGEVT Joe Rogan jump
ARGLOG Romero t  83.6 pos '272.0 624.0  24.0' spd 0 yaw 136 mode 2 st 13 gl 0 hp 10 frg -1
ARGLOG Joe Rogan t  83.6 pos '-565.9 2670.3 -84.1' spd 0 yaw 277 mode 2 st 23 gl 0 hp 100 frg 0
ARGEVT Romero stall
ARGUS STALLDBG mode 2 door 0 btn 0 hopdoor 0 dstate 0 dtn 0 pos '272.0 624.0  24.0'
ARGEVT Romero stallnode ' 49.0 705.0 -120.0'
ARGEVT Romero jump
ARGEVT Romero route 3 start '241.0 577.0  24.0' goal '241.0 865.0 -200.0'
ARGLOG Carmack t  84.0 pos '1198.3 942.6 -256.0' spd 333.5 yaw  96.5 mode 2 st 13 gl 1 hp 100 frg 0
ARGLOG Romero t  84.1 pos '272.0 624.0  58.8' spd 0 yaw 160 mode 2 st 14 gl 0 hp 10 frg -1
ARGLOG Joe Rogan t  84.1 pos '-564.4 2661.1 -18.4' spd 0 yaw 277 mode 2 st 23 gl 0 hp 100 frg 0
ARGEVT Romero stall
ARGUS STALLDBG mode 2 door 0 btn 0 hopdoor 0 dstate 0 dtn 0 pos '267.1 613.4  24.0'
ARGEVT Romero stallnode ' 49.0 705.0 -120.0'
ARGEVT Romero jump
ARGEVT Romero goal item_health
ARGUS routecache adopt
ARGEVT Romero route 3 start '241.0 577.0  24.0' goal '241.0 865.0 -200.0'
ARGLOG Carmack t  84.5 pos '1295.1 1075.3 -256.0' spd 401.9 yaw 310.7 mode 1 st 13 gl 1 hp 100 frg 0
ARGLOG Romero t  84.6 pos '247.5 583.3  58.4' spd 174.9 yaw 128 mode 2 st 15 gl 0 hp 10 frg -1
ARGLOG Joe Rogan t  84.7 pos '-554.5 2616.5  56.0' spd 297.1 yaw 302 mode 2 st 23 gl 0 hp 100 frg 0
ARGLOG Carmack t  85.0 pos '1316.1 920.6 -256.0' spd 437.3 yaw 145.9 mode 1 st 13 gl 1 hp 100 frg 0
ARGLOG Romero t  85.1 pos '185.5 534.5  24.0' spd 254.9 yaw 114 mode 2 st 15 gl 0 hp 10 frg -1
ARGLOG Joe Rogan t  85.2 pos '-534.7 2453.2  56.0' spd 320.0 yaw 319 mode 2 st 23 gl 0 hp 100 frg 0
ARGEVT Romero hazard
ARGLOG Carmack t  85.5 pos '1251.5 1063.7 -256.0' spd 434.2 yaw 346 mode 1 st 13 gl 1 hp 100 frg 0
ARGLOG Romero t  85.6 pos ' 80.0 633.9  24.0' spd  11.5 yaw 98 mode 2 st 15 gl 0 hp 10 frg -1
ARGLOG Joe Rogan t  85.7 pos '-432.8 2320.0  56.0' spd 374.2 yaw 349 mode 2 st 23 gl 0 hp 100 frg 0
ARGLOG Carmack t  86.0 pos '1361.6 951.8 -256.0' spd 439.0 yaw 180.9 mode 1 st 13 gl 1 hp 100 frg 0
ARGLOG Romero t  86.1 pos ' 74.1 623.4  24.0' spd 140.1 yaw 96 mode 2 st 15 gl 0 hp 10 frg -1
ARGLOG Joe Rogan t  86.2 pos '-265.2 2351.2  56.0' spd 325.2 yaw 334 mode 2 st 23 gl 0 hp 100 frg 0
ARGEVT Joe Rogan hazard
ARGLOG Carmack t  86.6 pos '1227.3 1030.4 -256.0' spd 439.8 yaw  16.4 mode 1 st 13 gl 1 hp 100 frg 0
ARGLOG Romero t  86.7 pos ' 25.5 624.0  24.0' spd  38.8 yaw 83 mode 2 st 15 gl 0 hp 10 frg -1
ARGEVT Romero hazard
ARGLOG Joe Rogan t  86.7 pos '-144.0 2433.1  49.7' spd  58.4 yaw 342 mode 2 st 23 gl 0 hp 100 frg 0
ARGLOG Carmack t  87.1 pos '1381.0 993.4 -256.0' spd 440.3 yaw 212.5 mode 1 st 13 gl 1 hp 100 frg 0
ARGLOG Romero t  87.2 pos '  9.6 624.0  24.0' spd 113.4 yaw 79 mode 2 st 15 gl 0 hp 10 frg -1
ARGLOG Joe Rogan t  87.2 pos '-144.0 2416.9 -108.9' spd  34.3 yaw 345 mode 2 st 23 gl 0 hp 100 frg 0
ARGLOG Carmack t  87.6 pos '1225.1 988.3 -256.0' spd 440.5 yaw  48.0 mode 1 st 13 gl 1 hp 100 frg 0
ARGEVT Joe Rogan hazard
ARGLOG Romero t  87.7 pos ' 16.9 624.0  24.0' spd 114.4 yaw 81 mode 2 st 15 gl 0 hp 10 frg -1
ARGEVT Romero hazard
ARGLOG Joe Rogan t  87.7 pos '-154.8 2265.9 -136.0' spd 341.1 yaw 13 mode 2 st 23 gl 0 hp 100 frg 0
ARGEVT Romero stall
ARGUS STALLDBG mode 2 door 0 btn 0 hopdoor 0 dstate 0 dtn 0 pos '  9.8 624.0  24.0'
ARGEVT Romero stallnode ' 49.0 705.0 -120.0'
ARGEVT Romero jump
ARGLOG Carmack t  88.1 pos '1375.4 1035.5 -256.0' spd 440.3 yaw 243.5 mode 1 st 13 gl 1 hp 100 frg 0
ARGLOG Romero t  88.2 pos '  7.0 624.0  58.5' spd  15.8 yaw  30.4 mode 0 st 16 gl 0 hp 10 frg -1
ARGEVT Romero route 4 start ' 81.0 545.0  24.0' goal '241.0 865.0 -200.0'
ARGLOG Joe Rogan t  88.3 pos '-149.7 2205.4 -136.0' spd 314.0 yaw 24 mode 2 st 23 gl 0 hp 100 frg 0
ARGLOG Carmack t  88.6 pos '1245.0 950.1 -256.0' spd 440.2 yaw  78.7 mode 1 st 13 gl 1 hp 100 frg 0
ARGEVT Joe Rogan hazard
ARGLOG Romero t  88.7 pos ' 29.5 615.4  24.0' spd 181.0 yaw 350 mode 2 st 16 gl 0 hp 10 frg -1
ARGLOG Joe Rogan t  88.8 pos '-150.7 2316.6 -136.0' spd 130.9 yaw 3 mode 2 st 23 gl 0 hp 100 frg 0
ARGLOG Carmack t  89.1 pos '1350.6 1066.3 -256.0' spd 440.3 yaw 274.2 mode 1 st 13 gl 1 hp 100 frg 0
ARGLOG Romero t  89.2 pos '172.6 531.3  24.0' spd 354.9 yaw 125 mode 2 st 16 gl 0 hp 10 frg -1
ARGLOG Joe Rogan t  89.3 pos '-145.0 2349.2 -136.0' spd 244.8 yaw 358 mode 2 st 23 gl 0 hp 100 frg 0
ARGEVT Romero hazard
ARGLOG Carmack t  89.6 pos '1282.7 925.7 -256.0' spd 440.4 yaw 110.1 mode 1 st 13 gl 1 hp 100 frg 0
ARGEVT Joe Rogan hazard
ARGLOG Romero t  89.7 pos '299.3 612.7  24.0' spd  90.8 yaw 138 mode 2 st 16 gl 0 hp 10 frg -1
ARGLOG Joe Rogan t  89.8 pos '-147.6 2196.1 -136.0' spd 160.6 yaw 25 mode 2 st 23 gl 0 hp 100 frg 0
ARGLOG Carmack t  90.2 pos '1313.2 1079.4 -256.0' spd 440.2 yaw 305.3 mode 1 st 13 gl 1 hp 100 frg 0
ARGLOG Romero t  90.3 pos '272.0 624.0  24.0' spd 0 yaw 136 mode 2 st 16 gl 0 hp 10 frg -1
ARGLOG Joe Rogan t  90.3 pos '-155.7 2145.8 -136.0' spd 108.8 yaw 32 mode 2 st 23 gl 0 hp 100 frg 0
ARGLOG Carmack t  90.7 pos '1329.5 923.6 -256.0' spd 440.8 yaw 142.1 mode 1 st 13 gl 1 hp 100 frg 0
ARGEVT Joe Rogan hazard
ARGLOG Romero t  90.8 pos '272.0 624.0  24.0' spd 0 yaw 136 mode 2 st 16 gl 0 hp 10 frg -1
ARGLOG Joe Rogan t  90.8 pos '-148.7 2292.5 -136.0' spd 176.2 yaw 8 mode 2 st 23 gl 0 hp 100 frg 0
ARGEVT Romero stall
ARGUS STALLDBG mode 2 door 0 btn 0 hopdoor 0 dstate 0 dtn 0 pos '272.0 624.0  24.0'
ARGEVT Romero stallnode ' 49.0 705.0 -120.0'
ARGEVT Romero jump
ARGUS routecache adopt
ARGEVT Romero route 3 start '241.0 577.0  24.0' goal '241.0 865.0 -200.0'
ARGLOG Carmack t  91.2 pos '1273.0 1069.3 -256.0' spd 440.5 yaw 338.2 mode 1 st 13 gl 1 hp 100 frg 0
ARGLOG Romero t  91.3 pos '272.0 624.0  59.1' spd 0 yaw 160 mode 2 st 17 gl 0 hp 10 frg -1
ARGLOG Joe Rogan t  91.3 pos '-153.1 2356.6 -136.0' spd 109.8 yaw 357 mode 2 st 23 gl 0 hp 100 frg 0
ARGEVT Romero stall
ARGUS STALLDBG mode 2 door 0 btn 0 hopdoor 0 dstate 0 dtn 0 pos '267.4 613.5  24.0'
ARGEVT Romero stallnode ' 49.0 705.0 -120.0'
ARGEVT Romero jump
ARGEVT Romero goal item_health
ARGLOG Carmack t  91.7 pos '1369.6 944.5 -256.0' spd 440.5 yaw 173.4 mode 1 st 13 gl 1 hp 100 frg 0
ARGEVT Romero route 12 start '241.0 577.0  24.0' goal '1169.0 993.0 -256.0'
ARGLOG Romero t  91.8 pos '248.2 583.9  58.4' spd 172.2 yaw 128 mode 2 st 18 gl 0 hp 10 frg -1
ARGLOG Joe Rogan t  91.8 pos '-145.0 2217.7 -136.0' spd 262.2 yaw 22 mode 2 st 23 gl 0 hp 100 frg 0
ARGEVT Joe Rogan hazard
ARGLOG Carmack t  92.2 pos '1245.5 1038.9 -256.0' spd 440.6 yaw   9.0 mode 1 st 13 gl 1 hp 100 frg 0
ARGLOG Romero t  92.3 pos '195.1 534.3  24.0' spd 223.0 yaw 116 mode 2 st 18 gl 0 hp 10 frg -1
ARGLOG Joe Rogan t  92.4 pos '-147.8 2272.5 -136.0' spd 269.4 yaw 12 mode 2 st 23 gl 0 hp 100 frg 0
ARGEVT Romero hazard
ARGLOG Carmack t  92.7 pos '1392.5 981.2 -256.0' spd 440.1 yaw 204.2 mode 1 st 13 gl 1 hp 100 frg 0
ARGLOG Romero t  92.8 pos ' 80.0 631.4  24.0' spd   6.3 yaw 98 mode 2 st 18 gl 0 hp 10 frg -1
ARGLOG Joe Rogan t  92.9 pos '-149.2 2348.3 -136.0' spd 117.3 yaw 358 mode 2 st 23 gl 0 hp 100 frg 0
ARGEVT Joe Rogan hazard
ARGLOG Carmack t  93.2 pos '1237.8 999.0 -256.0' spd 440.0 yaw  39.7 mode 1 st 13 gl 1 hp 100 frg 0
ARGLOG Romero t  93.3 pos ' 80.0 632.8  24.0' spd   2.9 yaw 98 mode 2 st 18 gl 0 hp 10 frg -1
ARGLOG Joe Rogan t  93.4 pos '-154.5 2286.6 -136.0' spd 401.3 yaw 9 mode 2 st 23 gl 0 hp 100 frg 0
ARGEVT Romero stall
ARGUS STALLDBG mode 2 door 0 btn 0 hopdoor 0 dstate 0 dtn 0 pos ' 80.0 634.0  24.0'
ARGEVT Romero stallnode ' 49.0 705.0 -120.0'
ARGEVT Romero jump
ARGLOG Carmack t  93.8 pos '1393.5 1023.0 -256.0' spd 440.2 yaw 234.9 mode 1 st 13 gl 1 hp 100 frg 0
ARGLOG Romero t  93.9 pos ' 80.0 635.7  45.5' spd  29.8 yaw  80.4 mode 0 st 19 gl 0 hp 10 frg -1
ARGLOG Joe Rogan t  93.9 pos '-149.4 2189.5 -136.0' spd 200.9 yaw 26 mode 2 st 23 gl 0 hp 100 frg 0
ARGEVT Joe Rogan hazard
ARGEVT Romero route 13 start ' 81.0 545.0  24.0' goal '1169.0 993.0 -256.0'
ARGLOG Carmack t  94.3 pos '1252.1 957.8 -256.0' spd 440.5 yaw  71.0 mode 1 st 13 gl 1 hp 100 frg 0
ARGLOG Romero t  94.4 pos ' 92.4 638.7  26.2' spd  44.4 yaw 338 mode 2 st 19 gl 0 hp 10 frg -1
ARGLOG Joe Rogan t  94.4 pos '-147.2 2310.8 -136.0' spd 138.2 yaw 5 mode 2 st 23 gl 0 hp 100 frg 0
ARGEVT Romero hazard
ARGLOG Carmack t  94.8 pos '1373.1 1058.3 -256.0' spd 439.9 yaw 265.6 mode 1 st 13 gl 1 hp 100 frg 0
ARGLOG Romero t  94.9 pos '127.7 516.9  24.0' spd 320.5 yaw 112 mode 2 st 19 gl 0 hp 10 frg -1
ARGLOG Joe Rogan t  94.9 pos '-147.2 2361.7 -136.0' spd 108.8 yaw 356 mode 2 st 23 gl 0 hp 100 frg 0
ARGEVT Joe Rogan hazard
ARGLOG Carmack t  95.3 pos '1283.3 930.5 -256.0' spd 439.6 yaw 100.5 mode 1 st 13 gl 1 hp 100 frg 0
ARGLOG Romero t  95.4 pos '236.4 598.2  24.0' spd 347.0 yaw 128 mode 2 st 19 gl 0 hp 10 frg -1
ARGLOG Joe Rogan t  95.4 pos '-144.5 2210.0 -136.0' spd 242.1 yaw 23 mode 2 st 23 gl 0 hp 100 frg 0
ARGLOG Carmack t  95.8 pos '1339.9 1076.9 -256.0' spd 439.5 yaw 295.4 mode 1 st 13 gl 1 hp 100 frg 0
ARGLOG Romero t  95.9 pos '179.5 618.4  24.0' spd 349.6 yaw 121 mode 2 st 19 gl 0 hp 10 frg -1
ARGLOG Joe Rogan t  96.0 pos '-144.0 2241.9 -136.0' spd 237.3 yaw 18 mode 2 st 23 gl 0 hp 100 frg 0
ARGEVT Joe Rogan hazard
ARGEVT Romero hazard
ARGLOG Carmack t  96.3 pos '1325.9 920.9 -256.0' spd 439.9 yaw 130.6 mode 1 st 13 gl 1 hp 100 frg 0
ARGLOG Romero t  96.4 pos ' 80.0 630.2  24.0' spd  47.4 yaw 98 mode 2 st 19 gl 0 hp 10 frg -1
ARGLOG Joe Rogan t  96.5 pos '-157.6 2318.1 -136.0' spd 117.1 yaw 3 mode 2 st 23 gl 0 hp 100 frg 0
ARGLOG Carmack t  96.8 pos '1300.8 1075.9 -256.0' spd 440.0 yaw 325.8 mode 1 st 13 gl 1 hp 100 frg 0
ARGLOG Romero t  96.9 pos ' 26.0 624.0  24.0' spd 100.1 yaw 83 mode 2 st 19 gl 0 hp 10 frg -1
ARGLOG Joe Rogan t  97.0 pos '-144.0 2212.1 -136.0' spd 271.5 yaw 23 mode 2 st 23 gl 0 hp 100 frg 0
ARGEVT Joe Rogan hazard
ARGEVT Romero hazard
ARGLOG Carmack t  97.4 pos '1367.7 934.1 -256.0' spd 439.7 yaw 160.3 mode 1 st 13 gl 1 hp 100 frg 0
ARGLOG Romero t  97.5 pos ' 11.9 624.0  24.0' spd  22.0 yaw 79 mode 2 st 19 gl 0 hp 10 frg -1
ARGLOG Joe Rogan t  97.5 pos '-144.0 2136.5 -136.0' spd 116.8 yaw 34 mode 2 st 23 gl 0 hp 100 frg 0
ARGLOG Carmack t  97.9 pos '1269.0 1055.3 -256.0' spd 440.0 yaw 355.5 mode 1 st 13 gl 1 hp 100 frg 0
ARGLOG Romero t  98.0 pos '  8.0 624.0  24.0' spd  36.1 yaw 78 mode 2 st 19 gl 0 hp 10 frg -1
ARGLOG Joe Rogan t  98.0 pos '-146.5 2113.2 -136.0' spd 175.0 yaw 37 mode 2 st 23 gl 0 hp 100 frg 0
ARGEVT Romero stall
ARGUS STALLDBG mode 2 door 0 btn 0 hopdoor 0 dstate 0 dtn 0 pos ' 16.8 624.0  24.0'
ARGEVT Romero stallnode ' 49.0 705.0 -120.0'
ARGEVT Romero jump
ARGEVT Joe Rogan hazard
ARGUS routecache adopt
ARGEVT Romero route 13 start ' 81.0 545.0  24.0' goal '1169.0 993.0 -256.0'
ARGLOG Carmack t  98.4 pos '1398.9 964.7 -256.0' spd 440.3 yaw 191.4 mode 1 st 13 gl 1 hp 100 frg 0
ARGLOG Romero t  98.5 pos ' 62.6 624.0  59.0' spd 111.4 yaw 346 mode 2 st 20 gl 0 hp 10 frg -1
ARGLOG Joe Rogan t  98.5 pos '-147.2 2280.0 -136.0' spd 216.2 yaw 11 mode 2 st 23 gl 0 hp 100 frg 0
ARGLOG Carmack t  98.9 pos '1252.3 1016.3 -256.0' spd 440.2 yaw  27.2 mode 1 st 13 gl 1 hp 100 frg 0
ARGLOG Romero t  99.0 pos ' 96.4 543.7  24.0' spd 328.5 yaw 106 mode 2 st 20 gl 0 hp 10 frg -1
ARGLOG Joe Rogan t  99.1 pos '-152.1 2271.0 -136.0' spd 354.4 yaw 12 mode 2 st 23 gl 0 hp 100 frg 0
ARGEVT Romero hazard
ARGEVT Carmack abandon
ARGEVT Carmack goal item_health
ARGEVT Carmack route 2 start '1329.0 993.0 -256.0' goal '945.0 993.0 -248.0'
ARGEVT Joe Rogan hazard
ARGLOG Carmack t  99.4 pos '1410.0 1008.0 -256.0' spd 440.4 yaw 182 mode 2 st 13 gl 1 hp 100 frg 0
ARGLOG Romero t  99.5 pos '205.3 556.5  24.0' spd 327.6 yaw 119 mode 2 st 20 gl 0 hp 10 frg -1
ARGLOG Joe Rogan t  99.6 pos '-146.6 2182.4 -136.0' spd 206.6 yaw 27 mode 2 st 23 gl 0 hp 100 frg 0
ARGLOG Carmack t  99.9 pos '1255.5 920.1 -256.0' spd 351.4 yaw 166 mode 2 st 13 gl 1 hp 100 frg 0
ARGLOG Romero t 100.0 pos '221.5 616.0  24.0' spd 336.6 yaw 128 mode 2 st 20 gl 0 hp 10 frg -1
ARGLOG Joe Rogan t 100.1 pos '-149.0 2309.3 -136.0' spd 138.5 yaw 5 mode 2 st 23 gl 0 hp 100 frg 0
ARGEVT Carmack hazard
ARGEVT Joe Rogan hazard
ARGEVT Romero hazard
ARGLOG Carmack t 100.4 pos '1182.0 1042.5 -256.0' spd 306.5 yaw 192 mode 2 st 13 gl 1 hp 100 frg 0
ARGLOG Romero t 100.5 pos ' 72.8 623.6  24.0' spd 166.4 yaw 96 mode 2 st 20 gl 0 hp 10 frg -1
ARGLOG Joe Rogan t 100.6 pos '-144.0 2342.4 -136.0' spd 204.1 yaw 359 mode 2 st 23 gl 0 hp 100 frg 0
ARGEVT Joe Rogan abandon
ARGEVT Joe Rogan plan powerup via weapon
ARGEVT Joe Rogan goal weapon_supernailgun
ARGEVT Joe Rogan route 16 start '-303.0 2337.0 -136.0' goal '817.0 2433.0 -344.0'
ARGLOG Carmack t 101.0 pos '1151.2 992.0 -256.0' spd  23.8 yaw 179 mode 2 st 13 gl 1 hp 100 frg 0
ARGLOG Romero t 101.1 pos ' 22.2 624.0  24.0' spd 111.3 yaw 82 mode 2 st 20 gl 0 hp 10 frg -1
ARGLOG Joe Rogan t 101.1 pos '-144.0 2258.7 -136.0' spd 237.4 yaw 104 mode 2 st 23 gl 0 hp 100 frg 0
ARGEVT Carmack hazard
ARGEVT Romero hazard
ARGLOG Carmack t 101.5 pos '1164.0 992.0 -256.0' spd  24.8 yaw 179 mode 2 st 13 gl 1 hp 100 frg 0
ARGLOG Romero t 101.6 pos '  5.9 624.0  24.0' spd  22.0 yaw 78 mode 2 st 20 gl 0 hp 10 frg -1
ARGLOG Joe Rogan t 101.6 pos '-271.9 2349.8 -136.0' spd 383.6 yaw 70 mode 2 st 23 gl 0 hp 100 frg 0
ARGEVT Romero stall
ARGUS STALLDBG mode 2 door 0 btn 0 hopdoor 0 dstate 0 dtn 0 pos ' 16.4 624.0  24.0'
ARGEVT Romero stallnode ' 49.0 705.0 -120.0'
ARGEVT Romero jump
ARGEVT Romero route 13 start ' 81.0 545.0  24.0' goal '1169.0 993.0 -256.0'
ARGLOG Carmack t 102.0 pos '1168.0 973.0 -256.0' spd  17.4 yaw 174 mode 2 st 13 gl 1 hp 100 frg 0
ARGLOG Romero t 102.1 pos ' 69.5 624.0  58.8' spd 128.7 yaw 345 mode 2 st 21 gl 0 hp 10 frg -1
ARGLOG Joe Rogan t 102.1 pos '-232.5 2521.8 -120.0' spd 320.6 yaw 47 mode 2 st 23 gl 0 hp 100 frg 0
ARGEVT Joe Rogan jump
ARGEVT Carmack stall
ARGUS STALLDBG mode 2 door 0 btn 0 hopdoor 1 dstate 0 dtn 0 pos '1168.0 968.2 -256.0'
ARGEVT Carmack stallnode '945.0 993.0 -248.0'
ARGLOG Carmack t 102.5 pos '1168.0 968.2 -256.0' spd  48.6 yaw 396.3 mode 0 st 14 gl 1 hp 100 frg 0
ARGEVT Carmack jump
ARGLOG Romero t 102.6 pos ' 98.2 540.2  24.0' spd 327.1 yaw 106 mode 2 st 21 gl 0 hp 10 frg -1
ARGEVT Carmack route 1 start '1169.0 993.0 -256.0' goal '945.0 993.0 -248.0'
ARGLOG Joe Rogan t 102.6 pos '-146.3 2582.5 -66.1' spd 169.9 yaw 70 mode 2 st 23 gl 0 hp 100 frg 0
ARGEVT Romero hazard
ARGEVT Joe Rogan hazard
ARGLOG Carmack t 103.0 pos '1155.7 988.1 -223.3' spd  47.8 yaw 178 mode 2 st 14 gl 1 hp 100 frg 0
ARGLOG Romero t 103.1 pos '221.7 564.0  24.0' spd 326.3 yaw 122 mode 2 st 21 gl 0 hp 10 frg -1
ARGLOG Joe Rogan t 103.2 pos '-144.0 2661.8 -72.0' spd 343.6 yaw 65 mode 2 st 23 gl 0 hp 100 frg 0
ARGEVT Carmack hazard
ARGLOG Carmack t 103.5 pos '1149.5 992.0 -256.0' spd  14.2 yaw 179 mode 2 st 14 gl 1 hp 100 frg 0
ARGLOG Romero t 103.6 pos '272.0 624.0  24.0' spd 0 yaw 136 mode 2 st 21 gl 0 hp 10 frg -1
ARGLOG Joe Rogan t 103.7 pos '-74.1 2815.0 -56.0' spd 320.0 yaw 34 mode 2 st 23 gl 0 hp 100 frg 0
ARGLOG Carmack t 104.0 pos '1142.1 992.0 -256.0' spd  14.5 yaw 179 mode 2 st 14 gl 1 hp 100 frg 0
ARGLOG Romero t 104.1 pos '272.0 624.0  24.0' spd 0 yaw 136 mode 2 st 21 gl 0 hp 10 frg -1
ARGLOG Joe Rogan t 104.2 pos ' 15.8 2956.4 -56.0' spd 377.2 yaw 358 mode 2 st 23 gl 0 hp 100 frg 0
ARGEVT Carmack hazard
ARGEVT Romero stall
ARGUS STALLDBG mode 2 door 0 btn 0 hopdoor 0 dstate 0 dtn 0 pos '272.0 624.0  24.0'
ARGEVT Romero stallnode ' 49.0 705.0 -120.0'
ARGEVT Romero jump
ARGLOG Carmack t 104.5 pos '1149.0 992.0 -256.0' spd  24.8 yaw 179 mode 2 st 14 gl 1 hp 100 frg 0
ARGEVT Joe Rogan jump
ARGLOG Romero t 104.7 pos '272.0 624.0  45.5' spd 0 yaw 193.0 mode 0 st 22 gl 0 hp 10 frg -1
ARGEVT Carmack stall
ARGUS STALLDBG mode 2 door 0 btn 0 hopdoor 1 dstate 0 dtn 0 pos '1151.6 992.0 -256.0'
ARGEVT Carmack stallnode '945.0 993.0 -248.0'
ARGEVT Carmack jump
ARGLOG Joe Rogan t 104.7 pos '166.0 2945.8 -124.3' spd 329.9 yaw 0 mode 2 st 23 gl 0 hp 92 frg 0
ARGEVT Romero route 12 start '241.0 577.0  24.0' goal '1169.0 993.0 -256.0'
ARGEVT Carmack route 1 start '1169.0 993.0 -256.0' goal '945.0 993.0 -248.0'
ARGLOG Carmack t 105.1 pos '1141.3 992.0 -221.2' spd  33.1 yaw 179 mode 2 st 15 gl 1 hp 100 frg 0
ARGLOG Romero t 105.2 pos '269.3 606.6  25.1' spd  53.5 yaw 134 mode 2 st 22 gl 0 hp 10 frg -1
ARGLOG Joe Rogan t 105.2 pos '304.0 2897.6 -123.4' spd  30.0 yaw 20 mode 2 st 23 gl 0 hp 92 frg 0
ARGEVT Joe Rogan swim
ARGEVT Carmack hazard
ARGLOG Carmack t 105.6 pos '1142.5 992.0 -256.0' spd  26.0 yaw 179 mode 2 st 15 gl 1 hp 100 frg 0
ARGLOG Romero t 105.7 pos '125.9 635.4  24.0' spd 335.2 yaw 111 mode 2 st 22 gl 0 hp 10 frg -1
ARGLOG Joe Rogan t 105.7 pos '304.0 2953.7 -144.8' spd 184.0 yaw 357 mode 2 st 23 gl 0 hp 88 frg 0
ARGEVT Romero hazard
ARGLOG Carmack t 106.1 pos '1155.4 992.0 -256.0' spd  25.4 yaw 179 mode 2 st 15 gl 1 hp 100 frg 0
ARGLOG Romero t 106.2 pos ' 68.9 618.3  24.0' spd 159.2 yaw 95 mode 2 st 22 gl 0 hp 10 frg -1
ARGLOG Joe Rogan t 106.2 pos '304.0 2976.1 -140.3' spd 107.9 yaw 347 mode 2 st 23 gl 0 hp 88 frg 0
ARGEVT Carmack hazard
ARGLOG Carmack t 106.6 pos '1168.2 984.0 -256.0' spd 158.9 yaw 177 mode 2 st 15 gl 1 hp 100 frg 0
ARGLOG Romero t 106.7 pos ' 20.9 624.0  24.0' spd 101.1 yaw 82 mode 2 st 22 gl 0 hp 10 frg -1
ARGLOG Joe Rogan t 106.8 pos '304.0 2892.0 -135.6' spd 134.9 yaw 22 mode 2 st 23 gl 0 hp 80 frg 0
ARGEVT Joe Rogan swim
ARGEVT Romero hazard
ARGEVT Joe Rogan swim
ARGLOG Carmack t 107.1 pos '1168.0 955.9 -256.0' spd   7.9 yaw 170 mode 2 st 15 gl 1 hp 100 frg 0
ARGLOG Romero t 107.2 pos '  9.3 624.0  24.0' spd  18.2 yaw 79 mode 2 st 22 gl 0 hp 10 frg -1
ARGLOG Joe Rogan t 107.3 pos '304.0 2912.6 -137.5' spd 125.9 yaw 14 mode 2 st 23 gl 0 hp 80 frg 0
ARGEVT Joe Rogan swim
ARGEVT Romero stall
ARGUS STALLDBG mode 2 door 0 btn 0 hopdoor 0 dstate 0 dtn 0 pos ' 10.3 624.0  24.0'
ARGEVT Romero stallnode ' 49.0 705.0 -120.0'
ARGEVT Romero jump
ARGEVT Carmack hazard
ARGEVT Joe Rogan swim
ARGEVT Carmack stall
ARGUS STALLDBG mode 2 door 0 btn 0 hopdoor 1 dstate 0 dtn 0 pos '1168.0 961.7 -256.0'
ARGEVT Carmack stallnode '945.0 993.0 -248.0'
ARGEVT Carmack jump
ARGEVT Romero route 13 start ' 81.0 545.0  24.0' goal '1169.0 993.0 -256.0'
ARGLOG Carmack t 107.6 pos '1165.6 957.7 -234.4' spd  53.7 yaw 139.0 mode 0 st 16 gl 1 hp 100 frg 0
ARGEVT Joe Rogan swim
ARGLOG Romero t 107.7 pos ' 34.0 624.0  62.9' spd  76.6 yaw 348 mode 2 st 23 gl 0 hp 10 frg -1
ARGEVT Carmack route 1 start '1169.0 993.0 -256.0' goal '945.0 993.0 -248.0'
ARGLOG Joe Rogan t 107.8 pos '304.0 2991.5 -137.1' spd   9.2 yaw 341 mode 2 st 23 gl 0 hp 72 frg 0
ARGEVT Joe Rogan swim
ARGLOG Carmack t 108.2 pos '1158.3 967.7 -228.5' spd  62.7 yaw 173 mode 2 st 16 gl 1 hp 100 frg 0
ARGEVT Joe Rogan swim
ARGLOG Romero t 108.3 pos ' 78.6 584.2  24.0' spd 324.2 yaw 295.3 mode 2 st 23 gl 0 hp 10 frg -1
ARGLOG Joe Rogan t 108.3 pos '304.0 2938.7 -136.9' spd 164.4 yaw 2 mode 2 st 23 gl 0 hp 72 frg 0
ARGEVT Carmack hazard
ARGEVT Joe Rogan swim
ARGLOG Carmack t 108.7 pos '1172.1 1025.6 -256.0' spd 172.6 yaw 189 mode 2 st 16 gl 1 hp 100 frg 0
ARGEVT Joe Rogan swim
ARGLOG Romero t 108.8 pos '183.1 539.9  24.0' spd 273.8 yaw 129 mode 2 st 23 gl 0 hp 10 frg -1
ARGLOG Joe Rogan t 108.8 pos '304.0 2893.8 -136.6' spd  68.0 yaw 21 mode 2 st 23 gl 0 hp 64 frg 0
ARGEVT Joe Rogan swim
ARGEVT Romero hazard
ARGLOG Carmack t 109.2 pos '1170.4 1052.2 -256.0' spd 320.6 yaw 195 mode 2 st 16 gl 1 hp 100 frg 0
ARGEVT Joe Rogan swim
ARGLOG Romero t 109.3 pos '170.0 626.0  24.0' spd 329.8 yaw 120 mode 2 st 23 gl 0 hp 10 frg -1
ARGLOG Joe Rogan t 109.3 pos '304.0 2970.4 -136.2' spd 184.0 yaw 349 mode 2 st 23 gl 0 hp 64 frg 0
ARGEVT Joe Rogan swim
ARGEVT Carmack hazard
ARGEVT Joe Rogan swim
ARGLOG Carmack t 109.7 pos '1167.9 928.7 -247.7' spd  25.1 yaw 163 mode 2 st 16 gl 1 hp 100 frg 0
ARGLOG Romero t 109.8 pos ' 80.0 640.0  24.0' spd 0 yaw 99 mode 2 st 23 gl 0 hp 10 frg -1
ARGLOG Joe Rogan t 109.8 pos '304.0 2967.3 -135.8' spd 125.4 yaw 351 mode 2 st 23 gl 0 hp 56 frg 0
ARGEVT Joe Rogan swim
ARGEVT Romero hazard
ARGEVT Joe Rogan swim
ARGLOG Carmack t 110.2 pos '1168.0 956.6 -256.0' spd   2.6 yaw 170 mode 2 st 16 gl 1 hp 100 frg 0
ARGEVT Romero stall
ARGUS STALLDBG mode 2 door 0 btn 0 hopdoor 0 dstate 0 dtn 0 pos ' 80.0 640.0  24.0'
ARGEVT Romero stallnode ' 49.0 705.0 -120.0'
ARGLOG Romero t 110.3 pos ' 80.0 640.0  24.0' spd 0 yaw 252.2 mode 0 st 24 gl 0 hp 10 frg -1
ARGEVT Romero jump
ARGLOG Joe Rogan t 110.4 pos '304.0 2893.2 -137.4' spd  73.9 yaw 21 mode 2 st 23 gl 0 hp 56 frg 0
ARGEVT Joe Rogan swim
ARGEVT Romero route 13 start ' 81.0 545.0  24.0' goal '1169.0 993.0 -256.0'
ARGEVT Joe Rogan swim
ARGLOG Carmack t 110.7 pos '1168.0 961.6 -256.0' spd  25.5 yaw 171 mode 2 st 16 gl 1 hp 100 frg 0
ARGEVT Joe Rogan swim
ARGLOG Romero t 110.8 pos ' 91.2 639.9  46.9' spd  35.0 yaw 338 mode 2 st 24 gl 0 hp 10 frg -1
ARGLOG Joe Rogan t 110.9 pos '304.0 2925.9 -137.0' spd 143.3 yaw 8 mode 2 st 23 gl 0 hp 48 frg 0
ARGEVT Carmack hazard
ARGEVT Joe Rogan swim
ARGEVT Carmack stall
ARGUS STALLDBG mode 2 door 0 btn 0 hopdoor 1 dstate 0 dtn 0 pos '1168.0 960.8 -256.0'
ARGEVT Carmack stallnode '945.0 993.0 -248.0'
ARGEVT Carmack jump
ARGLOG Carmack t 111.2 pos '1166.6 959.0 -234.5' spd  33.8 yaw 204.0 mode 0 st 17 gl 1 hp 100 frg 0
ARGEVT Carmack route 1 start '1169.0 993.0 -256.0' goal '945.0 993.0 -248.0'
ARGEVT Joe Rogan swim
ARGLOG Romero t 111.3 pos ' 94.0 528.2  24.0' spd 355.9 yaw 104 mode 2 st 24 gl 0 hp 10 frg -1
ARGEVT Romero hazard
ARGLOG Joe Rogan t 111.4 pos '304.0 2989.2 -136.7' spd  37.1 yaw 342 mode 2 st 23 gl 0 hp 48 frg 0
ARGEVT Joe Rogan swim
ARGLOG Carmack t 111.7 pos '1163.0 953.4 -237.9' spd  47.7 yaw 169 mode 2 st 17 gl 1 hp 100 frg 0
ARGEVT Joe Rogan swim
ARGEVT Romero abandon
ARGEVT Romero goal item_health
ARGLOG Romero t 111.8 pos '216.0 568.5  24.0' spd 320.4 yaw 66 mode 0 st 24 gl 0 hp 10 frg -1
ARGEVT Carmack stall
ARGUS STALLDBG mode 2 door 0 btn 0 hopdoor 1 dstate 0 dtn 0 pos '1167.8 957.4 -247.6'
ARGEVT Carmack stallnode '945.0 993.0 -248.0'
ARGEVT Romero route 3 start '241.0 577.0  24.0' goal '241.0 865.0 -200.0'
ARGLOG Joe Rogan t 111.9 pos '304.0 2923.6 -136.3' spd 175.0 yaw 9 mode 2 st 23 gl 0 hp 40 frg 0
ARGEVT Joe Rogan swim
ARGEVT Carmack goal item_artifact_invulnerability
ARGEVT Carmack route 4 start '1169.0 993.0 -256.0' goal '241.0 1793.0 -40.0'
ARGEVT Joe Rogan swim
ARGLOG Carmack t 112.3 pos '1268.2 981.7 -256.0' spd 371.2 yaw 230 mode 2 st 18 gl 1 hp 100 frg 0
ARGLOG Romero t 112.4 pos '214.2 616.0  24.0' spd 339.5 yaw 127 mode 2 st 24 gl 0 hp 10 frg -1
ARGLOG Joe Rogan t 112.4 pos '304.0 2896.8 -136.1' spd  99.3 yaw 20 mode 2 st 23 gl 0 hp 40 frg 0
ARGEVT Joe Rogan swim
ARGEVT Carmack hazard
ARGEVT Joe Rogan swim
ARGEVT Romero hazard
ARGLOG Carmack t 112.8 pos '1222.2 1090.4 -256.0' spd 340.6 yaw 257 mode 2 st 18 gl 1 hp 100 frg 0
ARGLOG Romero t 112.9 pos ' 80.0 639.4  24.0' spd  80.4 yaw 99 mode 2 st 24 gl 0 hp 10 frg -1
ARGLOG Joe Rogan t 112.9 pos '304.0 2979.5 -135.6' spd 183.4 yaw 346 mode 2 st 23 gl 0 hp 32 frg 0
ARGEVT Joe Rogan swim
ARGEVT Joe Rogan swim
ARGLOG Carmack t 113.3 pos '1193.8 937.9 -256.0' spd 333.0 yaw 49 mode 2 st 18 gl 1 hp 100 frg 0
ARGLOG Romero t 113.4 pos ' 31.2 624.0  24.0' spd  68.1 yaw 85 mode 2 st 24 gl 0 hp 10 frg -1
ARGLOG Joe Rogan t 113.4 pos '304.0 2961.7 -137.5' spd 126.9 yaw 353 mode 2 st 23 gl 0 hp 32 frg 0
ARGEVT Joe Rogan swim
ARGEVT Joe Rogan swim
ARGEVT Carmack hazard
ARGLOG Carmack t 113.8 pos '1198.1 928.0 -256.0' spd  75.1 yaw 52 mode 2 st 18 gl 1 hp 100 frg 0
ARGEVT Romero hazard
ARGEVT Joe Rogan swim
ARGLOG Romero t 113.9 pos ' 12.3 624.0  24.0' spd 111.2 yaw 80 mode 2 st 24 gl 0 hp 10 frg -1
ARGLOG Joe Rogan t 114.0 pos '304.0 2889.6 -137.2' spd  45.3 yaw 23 mode 2 st 23 gl 0 hp 24 frg 0
ARGEVT Carmack stall
ARGUS STALLDBG mode 2 door 0 btn 0 hopdoor 0 dstate 0 dtn 0 pos '1197.5 928.0 -256.0'
ARGEVT Carmack stallnode '1169.0 865.0 -408.0'
ARGEVT Carmack jump
ARGUS routecache adopt
ARGEVT Carmack route 4 start '1169.0 993.0 -256.0' goal '241.0 1793.0 -40.0'
ARGEVT Joe Rogan swim
ARGLOG Carmack t 114.3 pos '1188.9 928.0 -217.1' spd  32.7 yaw 253 mode 2 st 19 gl 1 hp 100 frg 0
ARGEVT Joe Rogan swim
ARGLOG Romero t 114.4 pos '  9.1 624.0  24.0' spd 136.9 yaw 79 mode 2 st 24 gl 0 hp 10 frg -1
ARGLOG Joe Rogan t 114.5 pos '304.0 2931.2 -136.8' spd 152.6 yaw 6 mode 2 st 23 gl 0 hp 24 frg 0
ARGEVT Joe Rogan swim
ARGEVT Romero stall
ARGUS STALLDBG mode 2 door 0 btn 0 hopdoor 0 dstate 0 dtn 0 pos ' 10.1 624.0  24.0'
ARGEVT Romero stallnode ' 49.0 705.0 -120.0'
ARGEVT Romero jump
ARGEVT Romero route 4 start ' 81.0 545.0  24.0' goal '241.0 865.0 -200.0'
ARGLOG Carmack t 114.8 pos '1167.1 975.2 -246.2' spd 324.2 yaw 32 mode 2 st 19 gl 1 hp 100 frg 0
ARGEVT Joe Rogan swim
ARGEVT Carmack hazard
ARGLOG Romero t 114.9 pos ' -5.8 624.0  62.9' spd  30.2 yaw 350 mode 2 st 25 gl 0 hp 10 frg -1
ARGLOG Joe Rogan t 115.0 pos '304.0 2987.5 -136.4' spd  49.1 yaw 342 mode 2 st 23 gl 0 hp 16 frg 0
ARGEVT Joe Rogan swim
ARGEVT Joe Rogan swim
ARGEVT Romero stall
ARGUS STALLDBG mode 2 door 0 btn 0 hopdoor 0 dstate 0 dtn 0 pos ' 13.5 616.8  24.0'
ARGEVT Romero stallnode ' 81.0 545.0  24.0'
ARGEVT Romero jump
ARGLOG Carmack t 115.3 pos '1169.4 1009.4 -256.0' spd 325.0 yaw 20 mode 2 st 19 gl 1 hp 100 frg 0
ARGLOG Romero t 115.4 pos ' 24.6 612.6  45.3' spd  94.5 yaw 234.9 mode 0 st 26 gl 0 hp 10 frg -1
ARGLOG Joe Rogan t 115.5 pos '304.0 2920.2 -136.1' spd 171.8 yaw 10 mode 2 st 23 gl 0 hp 16 frg 0
ARGEVT Romero goal item_health
ARGUS routecache adopt
ARGEVT Romero route 4 start ' 81.0 545.0  24.0' goal '241.0 865.0 -200.0'
ARGEVT Joe Rogan swim
ARGEVT Joe Rogan swim
ARGLOG Carmack t 115.9 pos '1180.2 928.0 -256.0' spd 137.6 yaw 47 mode 2 st 19 gl 1 hp 100 frg 0
ARGLOG Romero t 116.0 pos ' 36.4 585.4  26.4' spd  57.8 yaw 358 mode 2 st 26 gl 0 hp 10 frg -1
ARGEVT Carmack hazard
ARGLOG Joe Rogan t 116.0 pos '304.0 2903.6 -135.7' spd 113.3 yaw 17 mode 2 st 23 gl 0 hp 8 frg 0
ARGEVT Joe Rogan swim
ARGEVT Joe Rogan swim
ARGLOG Carmack t 116.4 pos '1200.0 861.4 -256.0' spd 338.3 yaw 142 mode 2 st 19 gl 1 hp 100 frg 0
ARGLOG Romero t 116.5 pos '177.0 546.5  24.0' spd 333.1 yaw 128 mode 2 st 26 gl 0 hp 10 frg -1
ARGLOG Joe Rogan t 116.5 pos '304.0 2988.3 -137.5' spd 182.6 yaw 342 mode 2 st 23 gl 0 hp 8 frg 0
ARGEVT Joe Rogan death world pos '304.0 2988.3 -137.5'
ARGEVT Romero hazard
ARGLOG Carmack t 116.9 pos '1210.8 938.3 -256.0' spd 335.8 yaw 145 mode 2 st 19 gl 1 hp 100 frg 0
ARGLOG Romero t 117.0 pos '293.5 613.4  24.0' spd 206.1 yaw 138 mode 2 st 26 gl 0 hp 10 frg -1
ARGLOG Carmack t 117.4 pos '1298.0 1081.4 -256.0' spd 348.6 yaw 104.6 mode 0 st 19 gl 1 hp 100 frg 0
ARGEVT Carmack route 5 start '1329.0 993.0 -256.0' goal '241.0 1793.0 -40.0'
ARGLOG Romero t 117.5 pos '272.0 624.0  24.0' spd 0 yaw 136 mode 2 st 26 gl 0 hp 10 frg -1
ARGEVT Carmack hazard
ARGLOG Carmack t 117.9 pos '1232.0 1232.0 -304.0' spd 0 yaw 261 mode 2 st 19 gl 1 hp 100 frg 0
ARGLOG Romero t 118.0 pos '272.0 624.0  24.0' spd 0 yaw 136 mode 2 st 26 gl 0 hp 10 frg -1
ARGEVT Joe Rogan respawn
ARGEVT Joe Rogan plan powerup via weapon
ARGEVT Joe Rogan goal weapon_nailgun
ARGLOG Joe Rogan t 118.1 pos '480.0  48.0  24.0' spd 0 yaw 90 mode 0 st 23 gl 0 hp 100 frg -1
ARGEVT Joe Rogan route 3 start '465.0   1.0  24.0' goal '465.0 577.0  24.0'
ARGEVT Romero stall
ARGUS STALLDBG mode 2 door 0 btn 0 hopdoor 0 dstate 0 dtn 0 pos '272.0 624.0  24.0'
ARGEVT Romero stallnode ' 49.0 705.0 -120.0'
ARGEVT Romero jump
ARGLOG Carmack t 118.4 pos '1258.0 1168.0 -259.1' spd  27.4 yaw 254 mode 2 st 19 gl 1 hp 100 frg 0
ARGEVT Romero route 3 start '241.0 577.0  24.0' goal '241.0 865.0 -200.0'
ARGLOG Romero t 118.5 pos '272.0 624.0  62.9' spd 0 yaw 160 mode 2 st 27 gl 0 hp 10 frg -1
ARGEVT Romero engage Joe Rogan
ARGEVT Romero retreat
ARGEVT Joe Rogan engage Romero
ARGEVT Joe Rogan grab 
ARGLOG Joe Rogan t 118.6 pos '453.6 201.0  24.0' spd 320.2 yaw 123.1 mode 2 st 23 gl 0 hp 100 frg -1
ARGEVT Carmack hazard
ARGLOG Carmack t 118.9 pos '1260.0 1168.0 -272.0' spd  99.0 yaw 254 mode 2 st 19 gl 1 hp 100 frg 0
ARGEVT Romero death Joe Rogan pos '272.0 624.0  24.0'
ARGUS Joe Rogan watch spawn
ARGEVT Joe Rogan goal backpack
ARGLOG Joe Rogan t 119.1 pos '418.4 358.5  24.0' spd 376.4 yaw 156.7 mode 0 st 23 gl 0 hp 100 frg 0
ARGEVT Joe Rogan route 2 start '433.0 385.0  24.0' goal '241.0 577.0  24.0'
ARGLOG Carmack t 119.4 pos '1252.7 1168.0 -272.0' spd  57.2 yaw 255 mode 2 st 19 gl 1 hp 100 frg 0
ARGLOG Joe Rogan t 119.7 pos '414.0 509.7  24.0' spd 328.6 yaw 111.0 mode 1 st 23 gl 0 hp 100 frg 0
ARGEVT Carmack stall
ARGUS STALLDBG mode 2 door 0 btn 0 hopdoor 0 dstate 0 dtn 0 pos '1254.7 1168.0 -272.0'
ARGEVT Carmack stallnode '1169.0 993.0 -256.0'
ARGEVT Carmack jump
ARGEVT Carmack route 6 start '1265.0 1185.0 -280.0' goal '241.0 1793.0 -40.0'
ARGLOG Carmack t 120.0 pos '1250.4 1168.0 -237.6' spd  37.0 yaw 246 mode 2 st 20 gl 1 hp 100 frg 0
ARGEVT Joe Rogan hazard
ARGEVT Joe Rogan plan powerup via weapon
ARGEVT Joe Rogan goal weapon_grenadelauncher
ARGLOG Joe Rogan t 120.2 pos '303.0 605.8  24.0' spd 341.1 yaw 151.7 mode 0 st 23 gl 1 hp 100 frg 0
ARGEVT Joe Rogan route 14 start '241.0 577.0  24.0' goal '1169.0 1057.0 -408.0'
ARGEVT Carmack stall
ARGUS STALLDBG mode 2 door 0 btn 0 hopdoor 0 dstate 0 dtn 0 pos '1252.5 1169.4 -272.6'
ARGEVT Carmack stallnode '1329.0 993.0 -256.0'
ARGLOG Carmack t 120.5 pos '1252.5 1169.4 -272.6' spd 120.6 yaw 418.1 mode 0 st 21 gl 1 hp 100 frg 0
ARGEVT Carmack jump
ARGEVT Romero respawn
ARGEVT Romero goal weapon_rocketlauncher
ARGLOG Romero t 120.6 pos '-272.0 2928.0 -56.0' spd 0 yaw 343.4 mode 0 st 27 gl 0 hp 100 frg -1
ARGEVT Romero route 9 start '-143.0 2881.0 -56.0' goal '145.0 2337.0  40.0'
ARGLOG Joe Rogan t 120.7 pos '131.0 634.8  24.0' spd 334.5 yaw 112 mode 2 st 23 gl 1 hp 100 frg 0
ARGEVT Carmack goal item_armor2
ARGEVT Carmack route 4 start '1265.0 1185.0 -280.0' goal '1297.0 1057.0 -408.0'
ARGLOG Carmack t 121.0 pos '1304.3 1168.0 -250.7' spd 100.2 yaw 233 mode 2 st 21 gl 1 hp 100 frg 0
ARGEVT Joe Rogan hazard
ARGLOG Romero t 121.1 pos '-157.8 2817.9 -72.0' spd 342.4 yaw 228 mode 2 st 27 gl 0 hp 100 frg -1
ARGLOG Joe Rogan t 121.2 pos ' 80.0 631.2  24.0' spd 125.6 yaw 98 mode 2 st 23 gl 1 hp 100 frg 0
