LOG started on: 09/13/2026 10:47:46 
Playing registered version.
UDP Initialized
WIPX_OpenSocket: Address family not supported by protocol family
WIPX_Init: Unable to open control socket, IPX disabled
Exe: 20:02:47 Jul 31 2024
256.0 megabyte heap

Language initialization
Couldn't load 'localization/loc_english.txt'
from 'C:\argus\engine'

========= Quake Initialized =========

execing autoexec.cfg
SpawnServer: dm4
Clearing memory
Programs occupy 876K.
trying to open external vis file
maps/dm4.vis not found, trying argus.vis
external vis not found
ARGUS slots 8
ARGUS worldspawn reached
ARGNAV 155 nodes, 928 links
0 entities inhibited
ARGUS init on dm4
ARGEVT Carmack spawned
ARGEVT Romero spawned
ARGEVT Joe Rogan spawned
Server spawned.
ARGLOG Joe Rogan t   1.2 pos '-64.0 -232.0 -72.0' spd 0 yaw 357.6 mode 0 st 0 gl 0 hp 100 frg 0
ARGLOG Romero t   1.2 pos '112.0 -1136.0 -104.0' spd 0 yaw  92.5 mode 0 st 0 gl 0 hp 100 frg 0
ARGLOG Carmack t   1.2 pos '-64.0 512.0 -296.0' spd 0 yaw 299.6 mode 0 st 0 gl 0 hp 100 frg 0
ARGEVT Carmack hazard
ARGLOG Joe Rogan t   1.7 pos ' 91.3 -237.4 -72.0' spd 320.0 yaw 357.6 mode 0 st 0 gl 0 hp 100 frg 0
ARGLOG Romero t   1.7 pos '106.6 -980.7 -104.0' spd 320 yaw  92.5 mode 0 st 0 gl 0 hp 100 frg 0
ARGLOG Carmack t   1.7 pos '-49.0 420.8 -296.0' spd 321.6 yaw 178.2 mode 0 st 0 gl 0 hp 100 frg 0
ARGLOG Joe Rogan t   2.2 pos '271.4 -244.1 -84.6' spd 320 yaw 357.6 mode 0 st 0 gl 0 hp 100 frg 0
ARGLOG Romero t   2.2 pos '100.9 -816.9 -104.0' spd 320 yaw  92.5 mode 0 st 0 gl 0 hp 100 frg 0
ARGLOG Carmack t   2.2 pos '-212.9 420.2 -296.0' spd 320.0 yaw  32.2 mode 0 st 0 gl 0 hp 100 frg 0
ARGEVT Romero hazard
ARGLOG Joe Rogan t   2.7 pos '395.3 -283.0 -264.2' spd 212.9 yaw  32.6 mode 0 st 0 gl 0 hp 100 frg 0
ARGLOG Romero t   2.7 pos '117.4 -832.5 -104.0' spd 329.4 yaw 250.2 mode 0 st 0 gl 0 hp 100 frg 0
ARGLOG Carmack t   2.7 pos '-201.8 405.1 -296.0' spd 322.7 yaw  22.9 mode 0 st 0 gl 0 hp 100 frg 0
ARGEVT Joe Rogan hazard
ARGLOG Joe Rogan t   3.3 pos '433.9 -209.8 -296.0' spd 236.2 yaw 196.4 mode 0 st 0 gl 0 hp 100 frg 0
ARGLOG Romero t   3.3 pos ' 80.0 -992.4 -104.0' spd 303.8 yaw  72.3 mode 0 st 0 gl 0 hp 100 frg 0
ARGLOG Carmack t   3.3 pos '-46.9 460.8 -296.0' spd 320.0 yaw  22.9 mode 0 st 0 gl 0 hp 100 frg 0
ARGEVT Carmack hazard
ARGLOG Joe Rogan t   3.8 pos '377.9 -172.5 -296.0' spd 376.7 yaw 188.1 mode 0 st 0 gl 0 hp 100 frg 0
ARGLOG Romero t   3.8 pos '136.8 -871.8 -104.0' spd 320.1 yaw  72.3 mode 0 st 0 gl 0 hp 100 frg 0
ARGLOG Carmack t   3.8 pos '-60.7 433.8 -296.0' spd 367.1 yaw 221.7 mode 0 st 0 gl 0 hp 100 frg 0
ARGEVT Joe Rogan plan powerup via weapon
ARGEVT Joe Rogan goal weapon_rocketlauncher
ARGEVT Romero goal item_armorInv
ARGEVT Carmack goal weapon_lightning
ARGEVT Joe Rogan route 4 start '401.0 -183.0 -296.0' goal ' 49.0 105.0 -296.0'
ARGEVT Joe Rogan hazard
ARGEVT Romero hazard
ARGLOG Joe Rogan t   4.3 pos '404.2 -69.3 -296.0' spd 340.4 yaw 205 mode 2 st 0 gl 0 hp 100 frg 0
ARGLOG Romero t   4.3 pos '226.2 -756.3 -104.0' spd 320.1 yaw 352 mode 0 st 0 gl 0 hp 100 frg 0
ARGLOG Carmack t   4.3 pos '-85.3 423.5 -296.0' spd 342.2 yaw 345.0 mode 0 st 0 gl 0 hp 100 frg 0
ARGEVT Romero route 19 start '209.0 -759.0 -104.0' goal '817.0 -855.0 -232.0'
ARGEVT Carmack route 15 start '-15.0 425.0 -296.0' goal '529.0 -311.0 -104.0'
ARGEVT Carmack hazard
ARGLOG Joe Rogan t   4.8 pos '371.2 -167.8 -296.0' spd 332.6 yaw 193 mode 2 st 0 gl 0 hp 100 frg 0
ARGLOG Romero t   4.8 pos '378.5 -820.8 -104.0' spd 406.4 yaw 235 mode 2 st 0 gl 0 hp 100 frg 0
ARGLOG Carmack t   4.8 pos ' 14.1 473.4 -296.0' spd  92.8 yaw 258 mode 2 st 0 gl 0 hp 100 frg 0
ARGEVT Joe Rogan hazard
ARGLOG Joe Rogan t   5.3 pos '277.6 -243.0 -296.0' spd 359.7 yaw 148 mode 2 st 0 gl 0 hp 100 frg 0
ARGLOG Romero t   5.3 pos '280.9 -970.6 -104.0' spd 335.6 yaw 247 mode 2 st 0 gl 0 hp 100 frg 0
ARGLOG Carmack t   5.3 pos '-61.0 330.2 -296.0' spd 342.9 yaw 274 mode 2 st 0 gl 0 hp 100 frg 0
ARGEVT Carmack hazard
ARGLOG Joe Rogan t   5.8 pos '119.8 -235.3 -296.0' spd 364.7 yaw 133 mode 2 st 0 gl 0 hp 100 frg 0
ARGLOG Romero t   5.8 pos '169.6 -1095.6 -104.0' spd 341.6 yaw 313 mode 2 st 0 gl 0 hp 100 frg 0
ARGLOG Carmack t   5.8 pos '-78.2 164.5 -296.0' spd 349.9 yaw 294 mode 2 st 0 gl 0 hp 100 frg 0
ARGEVT Romero jump
ARGEVT Carmack engage Joe Rogan
ARGEVT Carmack grab weapon_rocketlauncher
ARGEVT Joe Rogan engage Carmack
ARGLOG Joe Rogan t   6.3 pos ' 27.8 -226.8 -296.0' spd 337.4 yaw 107.2 mode 2 st 0 gl 0 hp 100 frg 0
ARGLOG Romero t   6.3 pos '150.7 -1154.0 -68.9' spd  73.4 yaw 3 mode 2 st 0 gl 0 hp 100 frg 0
ARGLOG Carmack t   6.3 pos '-33.2  25.3 -296.0' spd 353.9 yaw 291.5 mode 2 st 0 gl 0 hp 100 frg 0
ARGEVT Joe Rogan hazard
ARGEVT Carmack pursue
ARGLOG Joe Rogan t   6.9 pos '-34.6 -228.1 -296.0' spd 321.8 yaw  85.5 mode 2 st 0 gl 0 hp 100 frg 0
ARGLOG Romero t   6.9 pos '255.4 -1200.9 -40.0' spd 351.3 yaw 77 mode 2 st 0 gl 0 hp 100 frg 0
ARGLOG Carmack t   6.9 pos '-28.2 -60.0 -296.0' spd 274.4 yaw 261.0 mode 2 st 0 gl 0 hp 100 frg 0
ARGLOG Joe Rogan t   7.4 pos '-14.4 -251.1 -296.0' spd 325.6 yaw  85.8 mode 2 st 0 gl 0 hp 76 frg 0
ARGLOG Romero t   7.4 pos '354.0 -1060.3  24.0' spd 327.6 yaw 98 mode 2 st 0 gl 0 hp 100 frg 0
ARGLOG Carmack t   7.4 pos '  2.0  76.6 -296.0' spd 373.7 yaw 273.1 mode 2 st 0 gl 0 hp 76 frg 0
ARGEVT Carmack retreat
ARGEVT Joe Rogan plan powerup via weapon
ARGEVT Joe Rogan goal weapon_supernailgun
ARGEVT Carmack hazard
ARGEVT Joe Rogan route 15 start ' 17.0 -247.0 -296.0' goal '177.0 -55.0 -104.0'
ARGEVT Carmack pursue
ARGEVT Joe Rogan pursue
ARGUS Joe Rogan hunch item_artifact_super_damage
ARGLOG Joe Rogan t   7.9 pos '132.5 -231.2 -296.0' spd  78.6 yaw 239.9 mode 2 st 0 gl 0 hp 76 frg 0
ARGLOG Romero t   7.9 pos '328.7 -896.2  24.0' spd 320.4 yaw 94 mode 2 st 0 gl 0 hp 100 frg 0
ARGLOG Carmack t   7.9 pos ' -6.7  60.3 -296.0' spd 343.6 yaw 269 mode 2 st 0 gl 0 hp 30 frg 0
ARGEVT Joe Rogan pursue
ARGEVT Joe Rogan hazard
ARGEVT Joe Rogan plan powerup via weapon
ARGEVT Joe Rogan goal weapon_supernailgun
ARGUS routecache adopt
ARGEVT Joe Rogan route 14 start '113.0 -279.0 -296.0' goal '177.0 -55.0 -104.0'
ARGUS Carmack prefire
ARGEVT Carmack weapon sg
ARGUS routecache adopt
ARGEVT Joe Rogan route 15 start ' 17.0 -247.0 -296.0' goal '177.0 -55.0 -104.0'
ARGLOG Joe Rogan t   8.4 pos ' 12.0 -246.9 -296.0' spd 369.6 yaw 106.7 mode 0 st 0 gl 0 hp 76 frg 0
ARGLOG Romero t   8.4 pos '310.5 -731.4  24.0' spd 320.1 yaw 91 mode 2 st 0 gl 0 hp 100 frg 0
ARGLOG Carmack t   8.4 pos '-34.4 -92.0 -296.0' spd 247.7 yaw 288.3 mode 2 st 0 gl 0 hp 6 frg 0
ARGEVT Joe Rogan death Carmack pos ' 25.7 -223.9 -296.0'
ARGUS Carmack watch spawn
ARGEVT Carmack weapon rl
ARGEVT Carmack goal item_health
ARGEVT Carmack hazard
ARGEVT Carmack route 5 start '-79.0 -151.0 -296.0' goal '-15.0 553.0 -296.0'
ARGLOG Romero t   8.9 pos '305.8 -565.6  24.0' spd 328.7 yaw  89.3 mode 2 st 0 gl 0 hp 100 frg 0
ARGLOG Carmack t   8.9 pos '-82.1 -214.7 -296.0' spd 340.7 yaw 258.8 mode 2 st 0 gl 0 hp 6 frg 1
ARGLOG Romero t   9.4 pos '229.5 -398.0  17.7' spd 326.6 yaw 4 mode 2 st 0 gl 0 hp 100 frg 0
ARGLOG Carmack t   9.4 pos ' 42.9 -253.8 -296.0' spd 357.2 yaw 101 mode 2 st 0 gl 0 hp 6 frg 1
ARGEVT Carmack hazard
ARGLOG Romero t  10.0 pos '119.4 -273.0 -56.0' spd 320.4 yaw 138 mode 0 st 0 gl 0 hp 100 frg 0
ARGLOG Carmack t  10.0 pos '108.6 -225.5 -296.0' spd 334.7 yaw 193 mode 2 st 0 gl 0 hp 6 frg 1
ARGEVT Romero route 9 start '145.0 -279.0 -56.0' goal '817.0 -855.0 -232.0'
ARGEVT Joe Rogan respawn
ARGEVT Joe Rogan plan powerup via weapon
ARGEVT Joe Rogan goal weapon_rocketlauncher
ARGLOG Joe Rogan t  10.1 pos '272.0 -952.0  24.0' spd 0 yaw 8 mode 0 st 0 gl 0 hp 100 frg 0
ARGEVT Joe Rogan route 14 start '305.0 -983.0  24.0' goal '721.0 -887.0 -232.0'
ARGLOG Romero t  10.5 pos '-37.3 -244.5 -72.0' spd 352.0 yaw 245.3 mode 2 st 0 gl 0 hp 100 frg 0
ARGLOG Carmack t  10.5 pos '-73.4 -156.0 -296.0' spd 420.0 yaw  53.0 mode 2 st 0 gl 0 hp 6 frg 1
ARGLOG Joe Rogan t  10.6 pos '411.5 -878.5  24.0' spd 401.8 yaw 110 mode 2 st 0 gl 0 hp 100 frg 0
ARGEVT Carmack hazard
ARGLOG Romero t  11.0 pos ' -2.8 -267.7 -72.0' spd 344.2 yaw 249 mode 2 st 0 gl 0 hp 100 frg 0
ARGLOG Carmack t  11.0 pos '-19.3 -45.5 -296.0' spd 287.9 yaw 279 mode 2 st 0 gl 0 hp 6 frg 1
ARGLOG Joe Rogan t  11.1 pos '351.1 -731.7  24.0' spd 330.5 yaw 119 mode 2 st 0 gl 0 hp 100 frg 0
Client 169.254.71.10:52161 connected
ARGLOG Romero t  11.5 pos '129.2 -335.0 -40.0' spd 407.3 yaw 211.4 mode 2 st 0 gl 0 hp 100 frg 0
ARGLOG Carmack t  11.5 pos ' -9.8 -216.0 -296.0' spd 387.0 yaw 338.3 mode 0 st 0 gl 0 hp 6 frg 1
ARGEVT Carmack route 5 start ' 17.0 -247.0 -296.0' goal '-15.0 553.0 -296.0'
ARGEVT Romero hazard
ARGEVT Joe Rogan engage labfoe
ARGLOG Joe Rogan t  11.7 pos '305.5 -581.3  24.0' spd 320.0 yaw 355.6 mode 2 st 0 gl 0 hp 100 frg 0
ARGLOG labfoe t  11.7 pos '272.0 -952.0  25.0' spd 0 yaw 0 mode 0 st 0 gl 0 hp 100 frg 0
ARGEVT Romero engage Joe Rogan
ARGEVT Romero grab weapon_grenadelauncher
ARGEVT Carmack hazard
ARGLOG Romero t  12.0 pos '124.4 -461.9  24.0' spd 130.6 yaw 331.1 mode 2 st 0 gl 0 hp 100 frg 0
ARGLOG Carmack t  12.0 pos '168.3 -215.8 -296.0' spd 391.6 yaw  44.8 mode 2 st 0 gl 0 hp 6 frg 1
ARGLOG Joe Rogan t  12.2 pos '333.4 -565.2  24.0' spd 244.0 yaw 263.9 mode 2 st 0 gl 0 hp 100 frg 0
ARGLOG labfoe t  12.2 pos '266.7 -978.5  24.0' spd  39.5 yaw 0 mode 0 st 0 gl 0 hp 80 frg 0
ARGEVT Carmack route 7 start '273.0 -183.0 -296.0' goal '-15.0 553.0 -296.0'
ARGLOG Romero t  12.5 pos '117.1 -443.6  24.0' spd 122.4 yaw 324.9 mode 2 st 0 gl 0 hp 100 frg 0
ARGLOG Carmack t  12.5 pos '330.7 -240.9 -296.0' spd 413.7 yaw 182 mode 2 st 0 gl 0 hp 6 frg 1
ARGLOG Joe Rogan t  12.7 pos '339.3 -629.4  24.0' spd 179.2 yaw 263.9 mode 2 st 0 gl 0 hp 76 frg 0
ARGEVT Romero pursue
ARGLOG labfoe t  12.7 pos '266.2 -981.5  24.0' spd 0 yaw 0 mode 0 st 0 gl 0 hp 80 frg 0
ARGEVT Carmack engage Romero
ARGLOG Romero t  13.0 pos '177.3 -469.8  24.0' spd 320.0 yaw 328 mode 2 st 0 gl 0 hp 100 frg 0
ARGLOG Carmack t  13.0 pos '288.3 -279.6 -296.0' spd 334.0 yaw 284.4 mode 2 st 0 gl 0 hp 6 frg 1
ARGEVT Carmack hazard
ARGLOG Joe Rogan t  13.2 pos '314.9 -682.7  24.0' spd 132.3 yaw 260.3 mode 2 st 0 gl 0 hp 76 frg 0
ARGLOG labfoe t  13.2 pos '265.6 -983.6  24.0' spd 0 yaw 0 mode 0 st 0 gl 0 hp 76 frg 0
ARGEVT Romero route 10 start '209.0 -503.0  24.0' goal '817.0 -855.0 -232.0'
ARGEVT Carmack pursue
ARGEVT Romero hazard
ARGLOG Romero t  13.6 pos '299.2 -528.0  24.0' spd  24.6 yaw 277.6 mode 2 st 0 gl 0 hp 100 frg 0
ARGUS Carmack hunch item_artifact_super_damage
ARGLOG Carmack t  13.6 pos '170.9 -254.1 -296.0' spd 349.4 yaw 104.2 mode 2 st 0 gl 0 hp 6 frg 1
ARGLOG Joe Rogan t  13.7 pos '357.1 -755.9  24.0' spd 326.1 yaw 252.4 mode 2 st 0 gl 0 hp 68 frg 0
ARGLOG labfoe t  13.7 pos '256.7 -1015.4  24.0' spd  54.3 yaw 0 mode 0 st 0 gl 0 hp 52 frg 0
ARGEVT Carmack goal item_artifact_super_damage
ARGEVT Carmack routefail
ARGEVT Carmack goal item_health
ARGEVT Carmack route 5 start ' 17.0 -247.0 -296.0' goal '-15.0 553.0 -296.0'
ARGEVT Romero pursue
ARGLOG Romero t  14.1 pos '330.5 -500.0  24.0' spd 275.2 yaw 274 mode 2 st 0 gl 0 hp 100 frg 0
ARGLOG Carmack t  14.1 pos ' 28.5 -225.6 -296.0' spd 322.0 yaw 315.6 mode 2 st 0 gl 0 hp 6 frg 1
ARGEVT Carmack death Carmack pos ' -3.0 -215.7 -296.0'
ARGEVT Joe Rogan route 12 start '401.0 -759.0  24.0' goal '721.0 -887.0 -232.0'
ARGEVT Joe Rogan grab item_health
ARGLOG Joe Rogan t  14.2 pos '624.0  65.1 -275.4' spd 300 yaw 251.4 mode 0 st 0 gl 0 hp 68 frg 0
ARGLOG labfoe t  14.2 pos '235.5 -1040.0  24.0' spd  18.7 yaw 0 mode 0 st 0 gl 0 hp 28 frg 0
ARGEVT Joe Rogan pursue
ARGLOG Romero t  14.6 pos '362.4 -660.9  24.0' spd 320.9 yaw 258 mode 2 st 0 gl 0 hp 100 frg 0
ARGEVT Joe Rogan route 15 start '625.0   9.0 -296.0' goal '721.0 -887.0 -232.0'
ARGUS Romero hunch item_armorInv
ARGLOG Joe Rogan t  14.7 pos '624.0  18.6 -296.0' spd 300 yaw 251 mode 2 st 0 gl 0 hp 68 frg 0
ARGLOG labfoe t  14.7 pos '277.4 -1002.9  24.0' spd 320 yaw  40.8 mode 0 st 0 gl 0 hp 28 frg 0
ARGEVT Romero goal item_armorInv
ARGEVT Romero route 11 start '401.0 -759.0  24.0' goal '817.0 -855.0 -232.0'
ARGEVT Romero pursue
ARGLOG Romero t  15.1 pos '446.7 -801.9  24.0' spd 418.1 yaw  48.3 mode 2 st 0 gl 0 hp 100 frg 0
ARGLOG Joe Rogan t  15.3 pos '596.2 -111.4 -296.0' spd 320.4 yaw 250 mode 2 st 0 gl 0 hp 68 frg 0
ARGEVT Romero hazard
ARGLOG labfoe t  15.3 pos '353.1 -937.6  24.0' spd  39.4 yaw  42.2 mode 0 st 0 gl 0 hp 28 frg 0
ARGUS Joe Rogan hunch item_health
ARGEVT Joe Rogan pursue
ARGEVT Joe Rogan goal weapon_lightning
ARGEVT Joe Rogan route 7 start '593.0 -87.0 -296.0' goal '529.0 -311.0 -104.0'
ARGEVT Joe Rogan pursue
ARGEVT Joe Rogan hazard
ARGLOG Romero t  15.6 pos '351.4 -733.0  24.0' spd 380.6 yaw 109 mode 2 st 0 gl 0 hp 100 frg 0
ARGEVT Carmack respawn
ARGEVT Carmack goal weapon_supernailgun
ARGLOG Carmack t  15.7 pos '-64.0 -232.0 -72.0' spd 0 yaw 343.7 mode 0 st 0 gl 0 hp 100 frg 0
ARGLOG Joe Rogan t  15.8 pos '592.0 -18.6 -296.0' spd 227.0 yaw 196.6 mode 2 st 0 gl 0 hp 68 frg 0
ARGLOG labfoe t  15.8 pos '355.4 -935.7  24.0' spd 0 yaw  42.2 mode 0 st 0 gl 0 hp 28 frg 0
ARGEVT Carmack route 7 start '-47.0 -215.0 -72.0' goal '177.0 -55.0 -104.0'
ARGEVT Romero pursue
ARGEVT Carmack hazard
ARGLOG Romero t  16.1 pos '337.5 -576.0  24.0' spd 380.9 yaw  31.5 mode 2 st 0 gl 0 hp 100 frg 0
ARGEVT Carmack engage Romero
ARGLOG Carmack t  16.2 pos ' 79.4 -263.2 -72.0' spd 313.3 yaw 310.3 mode 2 st 0 gl 0 hp 100 frg 0
ARGLOG Joe Rogan t  16.3 pos '592.0 -120.7 -296.0' spd 369.5 yaw 201.4 mode 2 st 0 gl 0 hp 68 frg 0
ARGEVT Carmack grab weapon_grenadelauncher
ARGLOG labfoe t  16.3 pos '355.4 -935.7  24.0' spd 0 yaw  42.2 mode 0 st 0 gl 0 hp 28 frg 0
ARGEVT Joe Rogan pursue
ARGEVT Romero engage Carmack
ARGEVT Romero grab weapon_lightning
ARGLOG Romero t  16.6 pos '441.3 -459.6  24.0' spd 320.4 yaw  79.8 mode 2 st 0 gl 0 hp 100 frg 0
ARGEVT Joe Rogan jump
ARGLOG Carmack t  16.7 pos '140.6 -395.3  -8.0' spd 341.2 yaw   1.3 mode 2 st 0 gl 0 hp 100 frg 0
ARGLOG Joe Rogan t  16.8 pos '561.7 -272.0 -274.4' spd 128.0 yaw 180.8 mode 0 st 0 gl 0 hp 68 frg 0
ARGLOG labfoe t  16.8 pos '355.4 -935.7  24.0' spd 0 yaw  42.2 mode 0 st 0 gl 0 hp 28 frg 0
ARGEVT Joe Rogan route 8 start '593.0 -215.0 -296.0' goal '529.0 -311.0 -104.0'
ARGLOG Romero t  17.2 pos '530.6 -318.7  24.0' spd 328.4 yaw 193.9 mode 2 st 0 gl 0 hp 100 frg 0
ARGEVT Carmack hazard
ARGLOG Carmack t  17.3 pos '114.5 -432.2  24.0' spd 240.0 yaw  23.8 mode 2 st 0 gl 0 hp 76 frg 0
ARGEVT Joe Rogan engage Carmack
ARGEVT Joe Rogan grab weapon_lightning
ARGLOG Joe Rogan t  17.3 pos '499.4 -258.4 -294.9' spd 126.0 yaw 100.6 mode 2 st 0 gl 0 hp 68 frg 0
ARGLOG labfoe t  17.3 pos '355.4 -935.7  24.0' spd 0 yaw  42.2 mode 0 st 0 gl 0 hp 28 frg 0
ARGEVT Joe Rogan hazard
ARGLOG Romero t  17.7 pos '573.5 -222.2  24.0' spd 239.3 yaw 203.9 mode 2 st 0 gl 0 hp 96 frg 0
ARGLOG Carmack t  17.8 pos '112.0 -430.3  24.0' spd 157.7 yaw  19.2 mode 2 st 0 gl 0 hp 52 frg 0
ARGLOG Joe Rogan t  17.8 pos '611.9 -260.8 -296.0' spd 407.5 yaw 197.9 mode 2 st 0 gl 0 hp 68 frg 0
ARGLOG labfoe t  17.8 pos '355.4 -935.7  24.0' spd 0 yaw  42.2 mode 0 st 0 gl 0 hp 28 frg 0
ARGEVT Joe Rogan pursue
ARGLOG Romero t  18.2 pos '505.0 -312.3   2.5' spd  82.2 yaw 201.9 mode 2 st 0 gl 0 hp 76 frg 0
ARGLOG Carmack t  18.3 pos '154.1 -500.5  24.0' spd  95.6 yaw  32.6 mode 2 st 0 gl 0 hp 48 frg 0
ARGLOG Joe Rogan t  18.3 pos '600.1 -144.3 -296.0' spd 304.8 yaw 175.4 mode 2 st 0 gl 0 hp 68 frg 0
ARGLOG labfoe t  18.3 pos '355.4 -935.7  24.0' spd 0 yaw  42.2 mode 0 st 0 gl 0 hp 28 frg 0
ARGEVT Joe Rogan goal weapon_rocketlauncher
ARGEVT Joe Rogan pursue
ARGEVT Romero grab item_armor1
ARGLOG Romero t  18.7 pos '499.1 -232.4 -104.0' spd 323.5 yaw 201.0 mode 2 st 0 gl 0 hp 68 frg 0
ARGEVT Joe Rogan route 15 start '593.0 -87.0 -296.0' goal '721.0 -887.0 -232.0'
ARGEVT Carmack retreat
ARGEVT Carmack hazard
ARGLOG Carmack t  18.8 pos '118.3 -359.5 -24.0' spd 262.2 yaw  23.5 mode 2 st 0 gl 0 hp 18 frg 0
ARGLOG Joe Rogan t  18.9 pos '650.7 -234.3 -296.0' spd 354.9 yaw 217.5 mode 2 st 0 gl 0 hp 68 frg 0
ARGLOG labfoe t  18.9 pos '355.4 -935.7  24.0' spd 0 yaw  42.2 mode 0 st 0 gl 0 hp 28 frg 0
ARGEVT Joe Rogan hazard
ARGEVT Carmack death Romero pos '113.2 -373.6  -8.0'
ARGUS Romero watch spawn
ARGEVT Romero goal item_armorInv
ARGLOG Romero t  19.2 pos '484.7 -60.9 -104.0' spd 389.9 yaw 172.6 mode 0 st 0 gl 0 hp 48 frg 1
ARGEVT Romero hazard
ARGEVT Romero route 15 start '529.0 -55.0 -104.0' goal '817.0 -855.0 -232.0'
ARGLOG Joe Rogan t  19.4 pos '489.4 -218.9 -296.0' spd 407.8 yaw 69 mode 2 st 0 gl 0 hp 68 frg 0
ARGLOG labfoe t  19.4 pos '355.4 -935.7  24.0' spd 0 yaw  42.2 mode 0 st 0 gl 0 hp 28 frg 0
ARGLOG Romero t  19.7 pos '463.6 -61.8 -104.0' spd 346.7 yaw 23 mode 2 st 0 gl 0 hp 48 frg 1
ARGLOG Joe Rogan t  19.9 pos '559.7 -217.9 -296.0' spd 331.9 yaw 79 mode 2 st 0 gl 0 hp 68 frg 0
ARGLOG labfoe t  19.9 pos '355.4 -935.7  24.0' spd 0 yaw  42.2 mode 0 st 0 gl 0 hp 28 frg 0
ARGLOG Romero t  20.2 pos '605.6 -81.9 -104.0' spd 391.1 yaw 235.3 mode 2 st 0 gl 0 hp 48 frg 1
ARGLOG Joe Rogan t  20.4 pos '626.9 -89.4 -296.0' spd 362.8 yaw 153.2 mode 2 st 0 gl 0 hp 68 frg 0
ARGLOG labfoe t  20.4 pos '355.4 -935.7  24.0' spd 0 yaw  42.2 mode 0 st 0 gl 0 hp 28 frg 0
ARGEVT Carmack respawn
ARGEVT Carmack goal weapon_supershotgun
ARGEVT Carmack engage labfoe
ARGLOG Carmack t  20.6 pos '272.0 -952.0  24.0' spd 0 yaw  10.7 mode 0 st 0 gl 0 hp 100 frg 0
ARGEVT Carmack route 2 start '305.0 -983.0  24.0' goal '273.0 -1015.0 -104.0'
ARGEVT Carmack grab weapon_supershotgun
ARGLOG Romero t  20.8 pos '495.9 -227.0 -104.0' spd 326.7 yaw 200 mode 2 st 0 gl 0 hp 48 frg 1
ARGEVT Romero hazard
ARGLOG Joe Rogan t  20.9 pos '602.7  70.0 -296.0' spd 323.0 yaw 107.0 mode 2 st 0 gl 0 hp 68 frg 0
ARGLOG labfoe t  20.9 pos '355.4 -935.7  24.0' spd 0 yaw -113.9 mode 0 st 0 gl 0 hp 28 frg 0
ARGEVT Joe Rogan hazard
ARGEVT Joe Rogan engage labfoe
ARGEVT Joe Rogan grab item_health
ARGLOG Carmack t  21.1 pos '349.7 -1041.7  24.0' spd 216.4 yaw  90.0 mode 2 st 0 gl 0 hp 76 frg 0
ARGEVT Romero jump
ARGLOG Romero t  21.3 pos '426.2 -336.8 -75.0' spd 305.3 yaw 232.3 mode 0 st 0 gl 0 hp 48 frg 1
ARGEVT Romero route 17 start '433.0 -311.0 -104.0' goal '817.0 -855.0 -232.0'
ARGEVT labfoe death Joe Rogan pos '357.4 -898.5  24.0'
ARGLOG Joe Rogan t  21.4 pos '394.2 -864.0  24.0' spd 226.7 yaw 222.8 mode 2 st 0 gl 0 hp 44 frg 1
ARGEVT Carmack engage Joe Rogan
ARGEVT Joe Rogan engage Carmack
ARGLOG Carmack t  21.6 pos '323.5 -1036.6  24.0' spd 180.8 yaw  68.5 mode 2 st 0 gl 0 hp 76 frg 0
ARGEVT Joe Rogan goal item_health
ARGEVT Carmack grab 
ARGEVT Joe Rogan route 3 start '401.0 -887.0  24.0' goal '369.0 -983.0 -104.0'
ARGLOG Romero t  21.8 pos '288.1 -410.8 -104.0' spd 305.3 yaw 278 mode 2 st 0 gl 0 hp 48 frg 1
ARGEVT Joe Rogan retreat
ARGLOG Joe Rogan t  21.9 pos '404.0 -860.9  24.0' spd 297.7 yaw 243.0 mode 2 st 0 gl 0 hp 20 frg 1
ARGEVT Romero hazard
ARGLOG Carmack t  22.1 pos '364.5 -1010.7  24.0' spd 340.1 yaw  67.0 mode 2 st 0 gl 0 hp 52 frg 0
ARGEVT Carmack grab item_health
ARGLOG Romero t  22.3 pos '322.7 -548.7 -104.0' spd 366.6 yaw 285 mode 2 st 0 gl 0 hp 48 frg 1
ARGEVT Joe Rogan death Carmack pos '464.0 -755.1  24.0'
ARGUS Carmack watch spawn
ARGEVT Carmack goal weapon_rocketlauncher
ARGEVT Carmack route 14 start '401.0 -1015.0  24.0' goal '721.0 -887.0 -232.0'
ARGLOG Carmack t  22.6 pos '428.9 -902.5  24.0' spd 334.3 yaw  59.0 mode 2 st 0 gl 0 hp 52 frg 1
ARGEVT Carmack hazard
ARGLOG Romero t  22.8 pos '368.0 -705.2 -104.0' spd 324.1 yaw 283 mode 0 st 0 gl 0 hp 48 frg 1
ARGEVT Romero route 19 start '305.0 -663.0 -104.0' goal '817.0 -855.0 -232.0'
ARGLOG Carmack t  23.1 pos '624.0  65.1 -275.4' spd 300 yaw 279 mode 0 st 0 gl 0 hp 52 frg 1
ARGLOG Romero t  23.3 pos '390.0 -868.5 -104.0' spd 320.8 yaw 288 mode 2 st 0 gl 0 hp 48 frg 1
ARGEVT Carmack route 15 start '625.0   9.0 -296.0' goal '721.0 -887.0 -232.0'
ARGLOG Carmack t  23.6 pos '624.0  19.2 -296.0' spd 300 yaw 262 mode 2 st 0 gl 0 hp 52 frg 1
ARGEVT Romero hazard
ARGEVT Joe Rogan respawn
ARGLOG Romero t  23.8 pos '418.4 -1026.4 -104.0' spd 320.3 yaw 273 mode 0 st 0 gl 0 hp 93 frg 1
ARGEVT Joe Rogan goal backpack
ARGLOG Joe Rogan t  23.9 pos '-64.0 -232.0 -72.0' spd 0 yaw 343.4 mode 0 st 0 gl 0 hp 100 frg 1
ARGEVT Romero route 19 start '369.0 -983.0 -104.0' goal '817.0 -855.0 -232.0'
ARGEVT Carmack hazard
ARGLOG Carmack t  24.1 pos '655.1 102.9 -296.0' spd 384.7 yaw 254 mode 2 st 0 gl 0 hp 52 frg 1
ARGEVT Joe Rogan route 6 start '-47.0 -215.0 -72.0' goal ' 17.0 -247.0 -296.0'
ARGLOG Romero t  24.4 pos '432.9 -1038.5 -104.0' spd 327.4 yaw 200 mode 2 st 0 gl 0 hp 93 frg 1
ARGLOG Joe Rogan t  24.4 pos ' 84.1 -271.7 -72.0' spd 322.0 yaw 338 mode 2 st 0 gl 0 hp 100 frg 1
ARGLOG Carmack t  24.7 pos '394.5 -864.0  24.0' spd 300 yaw 173.9 mode 2 st 0 gl 0 hp 52 frg 1
ARGEVT Joe Rogan hazard
ARGLOG Romero t  24.9 pos '279.7 -966.4 -104.0' spd 393.1 yaw  68.1 mode 2 st 0 gl 0 hp 93 frg 1
ARGLOG Joe Rogan t  24.9 pos '252.6 -196.4 -78.2' spd 321.5 yaw 328 mode 2 st 0 gl 0 hp 100 frg 1
ARGEVT Joe Rogan engage Romero
ARGEVT Romero engage Joe Rogan
ARGEVT Romero weapon ssg
ARGLOG Carmack t  25.2 pos '323.1 -945.7  24.0' spd 346.9 yaw 274 mode 0 st 0 gl 0 hp 52 frg 1
ARGLOG Romero t  25.4 pos '326.6 -788.3 -104.0' spd 322.2 yaw  79.0 mode 0 st 0 gl 0 hp 93 frg 1
ARGLOG Joe Rogan t  25.4 pos '415.6 -190.0 -238.0' spd 321.0 yaw 260.9 mode 2 st 0 gl 0 hp 100 frg 1
ARGEVT Romero route 20 start '305.0 -791.0 -104.0' goal '817.0 -855.0 -232.0'
ARGEVT Carmack hazard
ARGEVT Joe Rogan grab weapon_nailgun
ARGEVT Carmack route 15 start '305.0 -1079.0  24.0' goal '721.0 -887.0 -232.0'
ARGEVT Romero pursue
ARGLOG Carmack t  25.7 pos '402.5 -1012.5  24.0' spd 320.0 yaw  54.0 mode 2 st 0 gl 0 hp 52 frg 1
ARGEVT Joe Rogan pursue
ARGLOG Romero t  25.9 pos '328.0 -625.2 -104.0' spd 324.5 yaw 85 mode 2 st 0 gl 0 hp 93 frg 1
ARGLOG Joe Rogan t  25.9 pos '355.0 -191.9 -296.0' spd 321.1 yaw 193.9 mode 2 st 0 gl 0 hp 100 frg 1
ARGEVT Joe Rogan hazard
ARGUS Joe Rogan hunch weapon_rocketlauncher
ARGEVT Joe Rogan goal backpack
ARGEVT Joe Rogan pursue
ARGEVT Joe Rogan route 2 start '273.0 -183.0 -296.0' goal ' 17.0 -247.0 -296.0'
ARGLOG Carmack t  26.2 pos '437.0 -848.8  24.0' spd 333.0 yaw 123 mode 2 st 0 gl 0 hp 52 frg 1
ARGLOG Romero t  26.4 pos '336.6 -461.2 -104.0' spd 320.1 yaw 83 mode 2 st 0 gl 0 hp 93 frg 1
ARGLOG Joe Rogan t  26.5 pos '333.2 -270.2 -296.0' spd 248.2 yaw 224.4 mode 2 st 0 gl 0 hp 100 frg 1
ARGUS Romero hunch item_artifact_super_damage
ARGEVT Romero pursue
ARGEVT Romero goal item_armorInv
ARGLOG Carmack t  26.7 pos '331.7 -748.3  24.0' spd 335.6 yaw 264 mode 2 st 0 gl 0 hp 52 frg 1
ARGEVT Joe Rogan pursue
ARGEVT Romero route 18 start '401.0 -471.0 -104.0' goal '817.0 -855.0 -232.0'
ARGLOG Romero t  26.9 pos '393.6 -515.8 -104.0' spd 373.6 yaw   5.5 mode 2 st 0 gl 0 hp 93 frg 1
ARGLOG Joe Rogan t  27.0 pos '247.6 -205.4 -296.0' spd 386.4 yaw 191 mode 2 st 0 gl 0 hp 100 frg 1
ARGEVT Romero hazard
ARGEVT Joe Rogan pursue
ARGEVT Joe Rogan grab 
ARGLOG Carmack t  27.2 pos '290.0 -898.1  24.0' spd 431.5 yaw  18.7 mode 2 st 0 gl 0 hp 52 frg 1
ARGEVT Joe Rogan hazard
ARGEVT Romero weapon lg
ARGLOG Romero t  27.4 pos '407.1 -426.8 -104.0' spd 276.3 yaw 147.2 mode 2 st 0 gl 0 hp 85 frg 1
ARGLOG Joe Rogan t  27.5 pos '109.8 -272.0 -296.0' spd 343.5 yaw 328.8 mode 1 st 0 gl 0 hp 100 frg 1
ARGLOG Carmack t  27.7 pos '439.0 -802.0  24.0' spd 339.8 yaw 91 mode 2 st 0 gl 0 hp 52 frg 1
ARGEVT Joe Rogan goal item_rockets
ARGEVT Joe Rogan pursue
ARGEVT Romero pursue
ARGEVT Carmack hazard
ARGEVT Joe Rogan route 7 start ' 17.0 -247.0 -296.0' goal '401.0 -759.0 -104.0'
ARGLOG Romero t  28.0 pos '278.0 -496.9 -104.0' spd 362.3 yaw 122 mode 2 st 0 gl 0 hp 85 frg 1
ARGLOG Joe Rogan t  28.0 pos ' 57.1 -271.4 -296.0' spd 320.4 yaw 354.3 mode 2 st 0 gl 1 hp 100 frg 1
ARGEVT Carmack route 12 start '401.0 -759.0  24.0' goal '721.0 -887.0 -232.0'
ARGEVT Romero grab weapon_grenadelauncher
ARGLOG Carmack t  28.3 pos '475.5 -765.1  24.0' spd 320.4 yaw 135 mode 2 st 0 gl 0 hp 52 frg 1
ARGEVT Joe Rogan weapon sg
ARGEVT Joe Rogan hazard
ARGLOG Romero t  28.5 pos '171.4 -390.3 -104.0' spd 376.9 yaw  92.4 mode 2 st 0 gl 0 hp 85 frg 1
ARGLOG Joe Rogan t  28.5 pos '161.9 -217.6 -296.0' spd 415.3 yaw 267.3 mode 2 st 0 gl 1 hp 40 frg 1
ARGEVT Romero grab 
ARGLOG Carmack t  28.8 pos '304.0 -736.5  24.0' spd 138.4 yaw 89 mode 2 st 0 gl 0 hp 52 frg 1
ARGLOG Romero t  29.0 pos '135.3 -426.3 -104.0' spd 339.4 yaw  71.0 mode 2 st 0 gl 0 hp 85 frg 1
ARGLOG Joe Rogan t  29.0 pos '197.3 -221.6 -296.0' spd 135.0 yaw 250.5 mode 2 st 0 gl 1 hp 40 frg 1
ARGLOG Carmack t  29.3 pos '304.0 -598.1  24.0' spd 326.1 yaw 106 mode 2 st 0 gl 0 hp 52 frg 1
ARGLOG Romero t  29.5 pos '147.7 -410.5 -104.0' spd  68.6 yaw  61.8 mode 2 st 0 gl 0 hp 85 frg 1
ARGLOG Joe Rogan t  29.5 pos '254.6 -212.3 -296.0' spd  46.7 yaw 240.7 mode 2 st 0 gl 1 hp 40 frg 1
ARGEVT Carmack engage Joe Rogan
ARGEVT Carmack grab item_health
ARGEVT Joe Rogan hazard
ARGLOG Carmack t  29.8 pos '336.4 -448.6  24.0' spd 363.9 yaw 118.7 mode 2 st 0 gl 0 hp 52 frg 1
ARGLOG Romero t  30.0 pos '131.8 -418.0 -104.0' spd  22.3 yaw  60.1 mode 2 st 0 gl 0 hp 77 frg 1
ARGLOG Joe Rogan t  30.1 pos '243.4 -212.0 -296.0' spd  90.7 yaw 243.4 mode 2 st 0 gl 1 hp 40 frg 1
ARGLOG Carmack t  30.3 pos '509.6 -432.8  24.0' spd 379.1 yaw 143.3 mode 2 st 0 gl 0 hp 77 frg 1
ARGLOG Romero t  30.5 pos '149.5 -419.5 -104.0' spd 320.7 yaw  48.1 mode 2 st 0 gl 0 hp 66 frg 1
ARGLOG Joe Rogan t  30.6 pos '286.0 -232.1 -296.0' spd 183.9 yaw 237.2 mode 2 st 0 gl 1 hp 36 frg 1
ARGEVT Joe Rogan retreat
ARGEVT Joe Rogan death Romero pos '347.6 -215.1 -296.0'
ARGUS Romero watch spawn
ARGEVT Romero engage Carmack
ARGEVT Romero weapon gl
ARGEVT Carmack engage Romero
ARGEVT Romero goal item_armorInv
ARGLOG Carmack t  30.8 pos '569.6 -286.6  24.0' spd 354.2 yaw 208.0 mode 2 st 0 gl 0 hp 77 frg 1
ARGEVT Romero route 19 start '209.0 -375.0 -104.0' goal '817.0 -855.0 -232.0'
ARGLOG Romero t  31.0 pos '221.9 -432.0 -104.0' spd 159.1 yaw 344.5 mode 2 st 0 gl 0 hp 66 frg 2
ARGLOG Carmack t  31.3 pos '510.8 -277.6  21.9' spd 320.1 yaw 232.6 mode 2 st 0 gl 0 hp 77 frg 1
ARGLOG labfoe t  31.5 pos '-64.0 -232.0 -72.0' spd 164.4 yaw   1.4 mode 0 st 0 gl 0 hp 100 frg 0
ARGLOG Romero t  31.6 pos '334.3 -541.9 -104.0' spd 333.6 yaw  52.9 mode 2 st 0 gl 0 hp 55 frg 2
ARGLOG Carmack t  31.9 pos '511.2 -275.1 -104.0' spd  30.6 yaw 228.4 mode 2 st 0 gl 0 hp 77 frg 1
ARGLOG labfoe t  32.0 pos ' 90.0 -235.0 -72.0' spd 364.1 yaw -56.3 mode 0 st 0 gl 0 hp 100 frg 0
ARGLOG Romero t  32.1 pos '253.0 -488.0 -104.0' spd 342.2 yaw  43.2 mode 2 st 0 gl 0 hp 39 frg 2
ARGEVT Joe Rogan respawn
ARGEVT Joe Rogan goal weapon_rocketlauncher
ARGEVT Joe Rogan engage labfoe
ARGLOG Joe Rogan t  32.4 pos '784.0 -176.0  24.0' spd 0 yaw 199.0 mode 0 st 0 gl 1 hp 100 frg 1
ARGLOG Carmack t  32.4 pos '563.6 -310.5 -104.0' spd 320.0 yaw 201.9 mode 2 st 0 gl 0 hp 77 frg 1
ARGEVT Joe Rogan route 6 start '753.0 -151.0  24.0' goal '721.0 -887.0 -232.0'
ARGEVT Romero retreat
ARGLOG labfoe t  32.5 pos '187.2 -318.7 -40.0' spd  15.4 yaw -63.3 mode 0 st 0 gl 0 hp 100 frg 0
ARGLOG Romero t  32.6 pos '269.8 -487.5 -104.0' spd 395.3 yaw  41.8 mode 2 st 0 gl 0 hp 7 frg 2
ARGEVT Romero death Carmack pos '321.9 -542.9 -104.0'
ARGUS Carmack watch spawn
ARGEVT Carmack engage labfoe
ARGLOG Joe Rogan t  32.9 pos '651.6 -174.9  24.0' spd 186.3 yaw 209.2 mode 2 st 0 gl 1 hp 100 frg 1
ARGEVT Carmack goal weapon_rocketlauncher
ARGLOG Carmack t  32.9 pos '592.7 -227.1 -104.0' spd 320.0 yaw 197.1 mode 0 st 0 gl 0 hp 77 frg 2
ARGEVT Carmack route 5 start '529.0 -183.0 -104.0' goal ' 49.0 105.0 -296.0'
ARGLOG labfoe t  33.0 pos '240.8 -426.0 -45.7' spd 317.8 yaw -59.1 mode 0 st 0 gl 0 hp 96 frg 0
ARGLOG Joe Rogan t  33.4 pos '562.3 -100.5  24.0' spd 322.8 yaw 237.4 mode 2 st 0 gl 1 hp 100 frg 1
ARGLOG Carmack t  33.4 pos '617.9 -259.1 -104.0' spd 152.0 yaw 218.1 mode 2 st 0 gl 0 hp 77 frg 2
ARGLOG labfoe t  33.6 pos '292.0 -528.0 -104.0' spd 181.4 yaw -66.1 mode 0 st 0 gl 0 hp 64 frg 0
ARGEVT Joe Rogan route 7 start '529.0 -23.0  24.0' goal '721.0 -887.0 -232.0'
ARGLOG Joe Rogan t  33.9 pos '479.3 -62.8  26.3' spd  98.9 yaw 251.9 mode 2 st 0 gl 1 hp 42 frg 1
ARGLOG Carmack t  33.9 pos '483.6 -194.9 -104.0' spd 104.4 yaw 239.2 mode 2 st 0 gl 0 hp 77 frg 2
ARGLOG labfoe t  34.1 pos '290.6 -528.0 -104.0' spd 0 yaw -66.1 mode 0 st 0 gl 0 hp 32 frg 0
ARGEVT Joe Rogan retreat
ARGEVT Romero respawn
ARGEVT Romero goal item_armorInv
ARGEVT Romero engage Joe Rogan
ARGLOG Romero t  34.4 pos '272.0 -952.0  24.0' spd 0 yaw  37.5 mode 0 st 0 gl 0 hp 100 frg 2
ARGLOG Joe Rogan t  34.4 pos '469.9 -90.8 -42.8' spd 119.7 yaw 248.2 mode 2 st 0 gl 1 hp 1 frg 1
ARGLOG Carmack t  34.4 pos '580.7 -339.2 -104.0' spd 528.1 yaw 207.3 mode 2 st 0 gl 0 hp 26 frg 2
ARGEVT Romero route 13 start '305.0 -983.0  24.0' goal '817.0 -855.0 -232.0'
ARGLOG labfoe t  34.6 pos '293.0 -528.0 -104.0' spd  22.1 yaw -67.5 mode 0 st 0 gl 0 hp 8 frg 0
ARGEVT Romero pursue
ARGLOG Romero t  34.9 pos '309.9 -800.8  24.0' spd 320.1 yaw 77 mode 2 st 0 gl 0 hp 100 frg 2
ARGEVT Carmack pursue
ARGEVT Carmack death Romero pos '569.0 -392.7 -104.0'
ARGEVT labfoe death Joe Rogan pos '294.2 -528.0 -104.0'
ARGLOG Joe Rogan t  34.9 pos '507.6 -83.6 -104.0' spd 320.1 yaw 242.9 mode 2 st 0 gl 1 hp 1 frg 2
ARGEVT Romero goal item_armorInv
ARGUS routecache adopt
ARGEVT Romero route 11 start '305.0 -727.0  24.0' goal '817.0 -855.0 -232.0'
ARGEVT Joe Rogan goal item_health
ARGEVT Joe Rogan route 2 start '529.0 -55.0 -104.0' goal '529.0  73.0 -296.0'
ARGLOG Romero t  35.4 pos '349.8 -640.6  24.0' spd 320.0 yaw 77 mode 2 st 0 gl 0 hp 100 frg 3
ARGLOG Joe Rogan t  35.5 pos '595.3 -226.2 -104.0' spd 325.5 yaw 270 mode 2 st 0 gl 1 hp 1 frg 2
ARGEVT Joe Rogan engage Romero
ARGEVT Joe Rogan grab 
ARGEVT Joe Rogan retreat
ARGLOG Romero t  35.9 pos '374.9 -477.3  24.0' spd 321.6 yaw 76 mode 2 st 0 gl 0 hp 100 frg 3
ARGLOG Joe Rogan t  36.0 pos '620.2 -371.6 -104.0' spd 239.4 yaw 197.8 mode 2 st 0 gl 1 hp 1 frg 2
ARGUS Romero hunch item_artifact_super_damage
ARGEVT Joe Rogan hazard
ARGEVT Romero grab 
ARGEVT Romero goal item_armorInv
ARGEVT Romero route 9 start '305.0 -471.0  24.0' goal '817.0 -855.0 -232.0'
ARGLOG Romero t  36.4 pos '347.9 -410.8 -44.5' spd 136.4 yaw  19.0 mode 2 st 0 gl 0 hp 92 frg 3
ARGEVT Carmack respawn
ARGLOG Joe Rogan t  36.5 pos '679.7 -313.4 -104.0' spd 159.8 yaw 197.6 mode 2 st 0 gl 1 hp 1 frg 2
ARGEVT Carmack goal weapon_rocketlauncher
ARGLOG Carmack t  36.5 pos '776.0 -808.0 -232.0' spd 0 yaw 106.3 mode 1 st 0 gl 0 hp 100 frg 2
ARGEVT Romero jump
ARGEVT Carmack hazard
ARGEVT Joe Rogan death Romero pos '666.4 -301.5 -104.0'
ARGUS Romero watch spawn
ARGLOG Romero t  37.0 pos '275.0 -499.9 -65.0' spd 300.0 yaw   7.3 mode 2 st 0 gl 0 hp 72 frg 4
ARGLOG Carmack t  37.0 pos '722.8 -732.5 -216.0' spd 289.4 yaw 205.5 mode 1 st 0 gl 0 hp 100 frg 2
ARGEVT Romero goal weapon_rocketlauncher
ARGEVT Romero route 7 start '241.0 -503.0 -104.0' goal ' 49.0 105.0 -296.0'
ARGEVT Carmack goal item_rockets
ARGEVT Carmack route 8 start '721.0 -887.0 -232.0' goal '401.0 -759.0 -104.0'
ARGLOG Romero t  37.5 pos '377.6 -511.7 -104.0' spd 320.1 yaw 92 mode 2 st 0 gl 0 hp 72 frg 4
ARGUS routecache adopt
ARGEVT Carmack route 8 start '721.0 -887.0 -232.0' goal '401.0 -759.0 -104.0'
ARGLOG Carmack t  37.5 pos '722.3 -902.9 -232.0' spd 320.1 yaw 248.7 mode 0 st 0 gl 1 hp 100 frg 2
ARGEVT Romero hazard
ARGUS routecache adopt
ARGEVT Carmack route 8 start '721.0 -887.0 -232.0' goal '401.0 -759.0 -104.0'
ARGEVT Carmack hazard
ARGUS routecache adopt
ARGEVT Carmack route 8 start '721.0 -887.0 -232.0' goal '401.0 -759.0 -104.0'
ARGLOG Romero t  38.0 pos '445.3 -369.8 -104.0' spd 348.6 yaw 31 mode 2 st 0 gl 0 hp 72 frg 4
ARGLOG Carmack t  38.0 pos '720.0 -797.2 -232.0' spd 361.3 yaw 111 mode 2 st 0 gl 1 hp 100 frg 2
ARGEVT Joe Rogan respawn
ARGEVT Joe Rogan goal backpack
ARGLOG Joe Rogan t  38.4 pos '112.0 -1136.0 -104.0' spd 0 yaw  61.6 mode 0 st 0 gl 1 hp 100 frg 2
ARGEVT Joe Rogan route 6 start '145.0 -1143.0 -88.0' goal '625.0 -343.0 -104.0'
ARGLOG Romero t  38.5 pos '611.1 -370.1 -104.0' spd 353.7 yaw 288 mode 2 st 0 gl 0 hp 72 frg 4
ARGLOG Carmack t  38.6 pos '720.0 -842.8 -232.0' spd 352.5 yaw 214.8 mode 2 st 0 gl 1 hp 100 frg 2
ARGEVT Joe Rogan goal weapon_lightning
ARGEVT Joe Rogan route 6 start ' 81.0 -1079.0 -104.0' goal '529.0 -311.0 -104.0'
ARGEVT Romero hazard
ARGEVT Carmack route 8 start '721.0 -887.0 -232.0' goal '401.0 -759.0 -104.0'
ARGEVT Romero route 6 start '401.0 -247.0 -296.0' goal ' 49.0 105.0 -296.0'
ARGLOG Joe Rogan t  39.0 pos '160.6 -987.9 -104.0' spd 320.0 yaw 76 mode 2 st 0 gl 1 hp 100 frg 2
ARGLOG Romero t  39.0 pos '421.9 -240.0 -281.5' spd 300 yaw 193 mode 2 st 0 gl 0 hp 72 frg 4
ARGEVT Carmack route 8 start '721.0 -887.0 -232.0' goal '401.0 -759.0 -104.0'
ARGLOG Carmack t  39.1 pos '720.0 -825.2 -232.0' spd 321.4 yaw 97 mode 2 st 0 gl 1 hp 100 frg 2
ARGLOG Joe Rogan t  39.5 pos '201.3 -829.2 -104.0' spd 320.0 yaw 77 mode 2 st 0 gl 1 hp 100 frg 2
ARGLOG Romero t  39.5 pos '452.5 -240.0 -296.0' spd 300 yaw 181 mode 2 st 0 gl 0 hp 72 frg 4
ARGLOG Carmack t  39.6 pos '720.0 -752.0 -232.0' spd 0 yaw 98 mode 2 st 0 gl 1 hp 100 frg 2
ARGEVT Joe Rogan hazard
ARGLOG Joe Rogan t  40.0 pos '317.5 -758.2 -104.0' spd 348.6 yaw 0 mode 2 st 0 gl 1 hp 100 frg 2
ARGEVT Romero hazard
ARGLOG Romero t  40.0 pos '336.2 -247.3 -296.0' spd 335.3 yaw 151 mode 2 st 0 gl 0 hp 72 frg 4
ARGLOG Carmack t  40.1 pos '720.0 -752.0 -232.0' spd 0 yaw 98 mode 2 st 0 gl 1 hp 100 frg 2
ARGLOG Joe Rogan t  40.5 pos '392.2 -914.3 -104.0' spd 375.4 yaw 99 mode 2 st 0 gl 1 hp 100 frg 2
ARGLOG Romero t  40.6 pos '174.0 -283.7 -296.0' spd 337.9 yaw 134 mode 2 st 0 gl 0 hp 72 frg 4
ARGLOG Carmack t  40.6 pos '720.0 -752.0 -232.0' spd 0 yaw 98 mode 2 st 0 gl 1 hp 100 frg 2
ARGLOG Joe Rogan t  41.0 pos '238.5 -897.1 -104.0' spd 435.2 yaw 73 mode 2 st 0 gl 1 hp 100 frg 2
ARGLOG Romero t  41.1 pos ' 43.4 -245.4 -296.0' spd 321.7 yaw 89 mode 2 st 0 gl 0 hp 72 frg 4
ARGLOG Carmack t  41.1 pos '720.0 -752.0 -232.0' spd 0 yaw 98 mode 2 st 0 gl 1 hp 100 frg 2
ARGLOG Joe Rogan t  41.5 pos '340.0 -745.6 -104.0' spd 336.8 yaw 81 mode 2 st 0 gl 1 hp 100 frg 2
ARGEVT Carmack hazard
ARGLOG Romero t  41.6 pos '-69.0 -125.2 -296.0' spd 332.2 yaw 62 mode 2 st 0 gl 0 hp 72 frg 4
ARGLOG Carmack t  41.6 pos '720.0 -752.0 -232.0' spd 0 yaw 112 mode 2 st 0 gl 1 hp 100 frg 2
ARGLOG Joe Rogan t  42.0 pos '368.0 -579.8 -104.0' spd 321.8 yaw 59 mode 2 st 0 gl 1 hp 100 frg 2
ARGLOG Romero t  42.1 pos '-34.0  33.7 -296.0' spd 349.4 yaw 14 mode 1 st 0 gl 0 hp 72 frg 4
ARGLOG Carmack t  42.1 pos '720.0 -855.9 -232.0' spd 326.8 yaw 264 mode 0 st 0 gl 1 hp 100 frg 2
ARGUS routecache adopt
ARGEVT Carmack route 8 start '721.0 -887.0 -232.0' goal '401.0 -759.0 -104.0'
ARGEVT Romero goal item_health
ARGEVT Romero route 5 start ' 49.0 105.0 -296.0' goal '-15.0 553.0 -296.0'
ARGEVT Carmack route 8 start '721.0 -887.0 -232.0' goal '401.0 -759.0 -104.0'
ARGLOG Joe Rogan t  42.6 pos '366.2 -413.0 -104.0' spd 334.9 yaw 103.7 mode 1 st 0 gl 1 hp 100 frg 2
ARGEVT Joe Rogan hazard
ARGEVT Romero hazard
ARGEVT Carmack hazard
ARGLOG Romero t  42.6 pos ' 94.0 108.5 -296.0' spd 409.2 yaw 146 mode 2 st 0 gl 1 hp 72 frg 4
ARGUS routecache adopt
ARGEVT Carmack route 8 start '721.0 -887.0 -232.0' goal '401.0 -759.0 -104.0'
ARGLOG Carmack t  42.7 pos '720.0 -867.8 -232.0' spd 354.6 yaw 132.8 mode 0 st 0 gl 1 hp 100 frg 2
ARGEVT Carmack stall
ARGEVT Carmack jump
ARGEVT Carmack route 9 start '721.0 -759.0 -232.0' goal '401.0 -759.0 -104.0'
ARGLOG Joe Rogan t  43.1 pos '512.3 -329.2 -104.0' spd 333.6 yaw   5.4 mode 1 st 0 gl 1 hp 100 frg 2
ARGLOG Romero t  43.1 pos '-63.4 119.1 -296.0' spd 278.9 yaw 81 mode 2 st 0 gl 1 hp 72 frg 4
ARGLOG Carmack t  43.2 pos '720.0 -720.0 -196.8' spd 0 yaw 113 mode 2 st 1 gl 1 hp 100 frg 2
ARGLOG Joe Rogan t  43.6 pos '606.7 -201.0 -104.0' spd 414.3 yaw 153.0 mode 1 st 0 gl 1 hp 100 frg 2
ARGLOG Romero t  43.6 pos '-74.6 287.9 -296.0' spd 324.3 yaw 77 mode 2 st 0 gl 1 hp 72 frg 4
ARGLOG Carmack t  43.7 pos '720.6 -827.9 -232.0' spd 320.0 yaw 110 mode 2 st 1 gl 1 hp 100 frg 2
ARGUS routecache adopt
ARGEVT Carmack route 8 start '721.0 -887.0 -232.0' goal '401.0 -759.0 -104.0'
ARGLOG Joe Rogan t  44.1 pos '480.2 -86.0 -104.0' spd 322.4 yaw 159.0 mode 1 st 0 gl 1 hp 100 frg 2
ARGUS routecache adopt
ARGEVT Carmack route 8 start '721.0 -887.0 -232.0' goal '401.0 -759.0 -104.0'
ARGEVT Joe Rogan hazard
ARGLOG Romero t  44.1 pos '-30.4 446.1 -296.0' spd 321.7 yaw 87 mode 1 st 0 gl 1 hp 72 frg 4
ARGLOG Carmack t  44.2 pos '720.0 -912.0 -232.0' spd 0 yaw 259.7 mode 0 st 1 gl 1 hp 100 frg 2
ARGUS routecache adopt
ARGEVT Carmack route 8 start '721.0 -887.0 -232.0' goal '401.0 -759.0 -104.0'
ARGUS routecache adopt
ARGEVT Carmack route 8 start '721.0 -887.0 -232.0' goal '401.0 -759.0 -104.0'
ARGLOG Joe Rogan t  44.6 pos '312.1 -134.3 -136.2' spd 382.0 yaw 166.0 mode 1 st 0 gl 1 hp 100 frg 2
ARGEVT Romero goal weapon_supernailgun
ARGLOG Romero t  44.7 pos '-12.4 603.1 -296.0' spd 214.0 yaw 310.3 mode 0 st 0 gl 2 hp 172 frg 4
ARGEVT Romero hazard
ARGUS routecache adopt
ARGEVT Carmack route 8 start '721.0 -887.0 -232.0' goal '401.0 -759.0 -104.0'
ARGLOG Carmack t  44.7 pos '720.0 -912.0 -232.0' spd 0 yaw 260 mode 0 st 1 gl 1 hp 100 frg 2
ARGEVT Romero route 10 start '-15.0 553.0 -296.0' goal '177.0 -55.0 -104.0'
ARGEVT Carmack stall
ARGEVT Carmack jump
ARGEVT Carmack route 8 start '721.0 -887.0 -232.0' goal '401.0 -759.0 -104.0'
ARGLOG labfoe t  45.0 pos '784.0 -176.0  24.0' spd 166.1 yaw -144.8 mode 0 st 0 gl 0 hp 100 frg 0
ARGLOG Joe Rogan t  45.1 pos '154.1 -249.5 -296.0' spd 411.1 yaw 297.8 mode 1 st 0 gl 1 hp 100 frg 2
ARGUS routecache adopt
ARGEVT Carmack route 8 start '721.0 -887.0 -232.0' goal '401.0 -759.0 -104.0'
ARGEVT Joe Rogan hazard
ARGLOG Romero t  45.2 pos ' -8.1 445.4 -296.0' spd 322.6 yaw 261 mode 2 st 0 gl 2 hp 172 frg 4
ARGLOG Carmack t  45.2 pos '720.0 -912.0 -193.1' spd 0 yaw 259.7 mode 0 st 2 gl 1 hp 100 frg 2
ARGUS routecache adopt
ARGEVT Carmack route 8 start '721.0 -887.0 -232.0' goal '401.0 -759.0 -104.0'
ARGEVT Joe Rogan engage labfoe
ARGUS routecache adopt
ARGEVT Carmack route 8 start '721.0 -887.0 -232.0' goal '401.0 -759.0 -104.0'
ARGLOG labfoe t  45.5 pos '632.3 -208.0  24.0' spd 357.1 yaw -137.8 mode 0 st 0 gl 0 hp 100 frg 0
ARGLOG Joe Rogan t  45.6 pos '185.1 -256.0 -296.0' spd 325.1 yaw  11.4 mode 1 st 0 gl 1 hp 100 frg 2
ARGEVT Carmack stall
ARGEVT Carmack jump
ARGLOG Romero t  45.7 pos '-73.1 289.2 -296.0' spd 332.7 yaw 270 mode 2 st 0 gl 2 hp 172 frg 4
ARGEVT Carmack goal weapon_lightning
ARGLOG Carmack t  45.7 pos '721.5 -911.6 -210.7' spd  30.0 yaw  31.0 mode 0 st 3 gl 1 hp 100 frg 2
ARGEVT Carmack route 5 start '721.0 -887.0 -232.0' goal '529.0 -311.0 -104.0'
ARGUS routecache adopt
ARGEVT Carmack route 5 start '721.0 -887.0 -232.0' goal '529.0 -311.0 -104.0'
ARGEVT Romero hazard
ARGLOG labfoe t  46.0 pos '491.8 -292.3  -7.2' spd 319.9 yaw -132.2 mode 0 st 0 gl 0 hp 100 frg 0
ARGLOG Joe Rogan t  46.2 pos ' 62.3 -247.0 -296.0' spd 280.1 yaw 355.8 mode 1 st 0 gl 1 hp 100 frg 2
ARGUS routecache adopt
ARGEVT Carmack route 5 start '721.0 -887.0 -232.0' goal '529.0 -311.0 -104.0'
ARGLOG Romero t  46.2 pos '-88.2 131.6 -296.0' spd 363.9 yaw 301 mode 2 st 0 gl 2 hp 172 frg 4
ARGLOG Carmack t  46.3 pos '738.4 -895.5 -229.6' spd  55.1 yaw 112 mode 0 st 3 gl 1 hp 100 frg 2
ARGUS routecache adopt
ARGEVT Carmack route 5 start '721.0 -887.0 -232.0' goal '529.0 -311.0 -104.0'
ARGLOG labfoe t  46.6 pos '383.8 -398.6 -104.0' spd 150.6 yaw -130.8 mode 0 st 0 gl 0 hp 92 frg 0
ARGEVT Carmack route 6 start '721.0 -759.0 -232.0' goal '529.0 -311.0 -104.0'
ARGLOG Joe Rogan t  46.7 pos ' 56.6 -247.5 -296.0' spd 267.3 yaw 334.0 mode 1 st 0 gl 1 hp 100 frg 2
ARGLOG Romero t  46.7 pos '-29.1 -26.1 -296.0' spd 330.9 yaw 282 mode 2 st 0 gl 2 hp 172 frg 4
ARGLOG Carmack t  46.8 pos '720.0 -752.0 -232.0' spd 0 yaw 112 mode 2 st 3 gl 1 hp 100 frg 2
ARGEVT Carmack hazard
ARGLOG labfoe t  47.1 pos '369.3 -422.0 -104.0' spd 0 yaw -132.2 mode 0 st 0 gl 0 hp 88 frg 0
ARGLOG Joe Rogan t  47.2 pos ' 88.0 -219.4 -296.0' spd 107.1 yaw 323.7 mode 1 st 0 gl 1 hp 100 frg 2
ARGEVT Romero engage labfoe
ARGLOG Romero t  47.2 pos '-43.9 -176.2 -296.0' spd 133.9 yaw 332.2 mode 2 st 0 gl 2 hp 172 frg 4
ARGLOG Carmack t  47.3 pos '720.9 -810.7 -232.0' spd 320.0 yaw 111 mode 2 st 3 gl 1 hp 100 frg 2
ARGEVT Romero hazard
ARGUS routecache adopt
ARGEVT Carmack route 5 start '721.0 -887.0 -232.0' goal '529.0 -311.0 -104.0'
ARGLOG labfoe t  47.6 pos '370.9 -422.9 -104.0' spd 0 yaw -132.2 mode 0 st 0 gl 0 hp 84 frg 0
ARGLOG Joe Rogan t  47.7 pos '141.8 -214.8 -296.0' spd 106.3 yaw 318.8 mode 1 st 0 gl 1 hp 100 frg 2
ARGLOG Romero t  47.7 pos '-34.6 -253.3 -296.0' spd 120.5 yaw 338.1 mode 2 st 0 gl 2 hp 172 frg 4
ARGEVT Joe Rogan hazard
ARGUS routecache adopt
ARGEVT Carmack route 5 start '721.0 -887.0 -232.0' goal '529.0 -311.0 -104.0'
ARGLOG Carmack t  47.8 pos '730.3 -889.8 -232.0' spd 307.1 yaw 121.2 mode 0 st 3 gl 1 hp 100 frg 2
ARGUS routecache adopt
ARGEVT Carmack route 5 start '721.0 -887.0 -232.0' goal '529.0 -311.0 -104.0'
ARGLOG labfoe t  48.1 pos '370.9 -422.9 -104.0' spd 0 yaw -132.2 mode 0 st 0 gl 0 hp 84 frg 0
ARGEVT Carmack hazard
ARGLOG Joe Rogan t  48.2 pos '180.1 -264.4 -296.0' spd  36.7 yaw 323.7 mode 1 st 0 gl 1 hp 55 frg 2
ARGLOG Romero t  48.3 pos '-10.6 -239.2 -296.0' spd 250.7 yaw 335.1 mode 2 st 0 gl 2 hp 136 frg 4
ARGLOG Carmack t  48.3 pos '720.0 -752.0 -232.0' spd 0 yaw 112 mode 2 st 3 gl 1 hp 100 frg 2
ARGLOG labfoe t  48.6 pos '370.9 -422.9 -104.0' spd 0 yaw -132.2 mode 0 st 0 gl 0 hp 84 frg 0
ARGLOG Joe Rogan t  48.7 pos '193.8 -234.5 -296.0' spd 320.0 yaw 313.4 mode 1 st 0 gl 1 hp 55 frg 2
ARGLOG Romero t  48.8 pos ' 53.6 -228.9 -296.0' spd 141.2 yaw 329.0 mode 2 st 0 gl 2 hp 136 frg 4
ARGEVT Joe Rogan hazard
ARGUS routecache adopt
ARGEVT Carmack route 5 start '721.0 -887.0 -232.0' goal '529.0 -311.0 -104.0'
ARGLOG Carmack t  48.8 pos '720.0 -893.7 -232.0' spd 365.1 yaw 205.1 mode 0 st 3 gl 1 hp 100 frg 2
ARGEVT Romero hazard
ARGUS routecache adopt
ARGEVT Carmack route 5 start '721.0 -887.0 -232.0' goal '529.0 -311.0 -104.0'
ARGLOG labfoe t  49.1 pos '372.0 -424.0 -104.0' spd 0 yaw -133.6 mode 0 st 0 gl 0 hp 80 frg 0
ARGLOG Joe Rogan t  49.2 pos '193.6 -211.3 -296.0' spd 103.2 yaw 308.7 mode 1 st 0 gl 1 hp 55 frg 2
ARGUS routecache adopt
ARGEVT Carmack route 5 start '721.0 -887.0 -232.0' goal '529.0 -311.0 -104.0'
ARGLOG Romero t  49.3 pos '174.1 -252.4 -296.0' spd 386.9 yaw 319.8 mode 2 st 0 gl 2 hp 136 frg 4
ARGLOG Carmack t  49.3 pos '720.0 -807.1 -232.0' spd 348.9 yaw 111 mode 2 st 3 gl 1 hp 100 frg 2
ARGEVT Carmack hazard
ARGEVT Romero rjump
ARGLOG labfoe t  49.6 pos '376.2 -427.2 -104.0' spd 0 yaw -135 mode 0 st 0 gl 0 hp 72 frg 0
ARGLOG Joe Rogan t  49.8 pos ' 57.9 -226.7 -296.0' spd 225.8 yaw 328.0 mode 1 st 0 gl 1 hp 55 frg 2
ARGEVT Romero grab 
ARGLOG Romero t  49.8 pos '303.0 -242.3 -213.6' spd 382.4 yaw 302.7 mode 2 st 0 gl 2 hp 86 frg 4
ARGLOG Carmack t  49.9 pos '720.6 -824.3 -232.0' spd 320.0 yaw 110 mode 2 st 3 gl 1 hp 100 frg 2
ARGEVT Romero weapon sg
ARGEVT Romero route 4 start '433.0 -247.0 -104.0' goal '177.0 -55.0 -104.0'
ARGEVT Romero weapon rl
ARGEVT Carmack route 5 start '721.0 -887.0 -232.0' goal '529.0 -311.0 -104.0'
ARGLOG labfoe t  50.2 pos '376.2 -427.2 -104.0' spd 0 yaw -135 mode 0 st 0 gl 0 hp 72 frg 0
ARGLOG Joe Rogan t  50.3 pos ' 65.2 -239.4 -296.0' spd 248.4 yaw 328.3 mode 1 st 0 gl 1 hp 55 frg 2
ARGEVT Romero grab weapon_lightning
ARGUS routecache adopt
ARGEVT Carmack route 5 start '721.0 -887.0 -232.0' goal '529.0 -311.0 -104.0'
ARGLOG Romero t  50.3 pos '432.0 -213.8 -118.1' spd  83.7 yaw 257.0 mode 2 st 0 gl 2 hp 86 frg 4
ARGLOG Carmack t  50.4 pos '726.5 -873.6 -232.0' spd 329.4 yaw 109 mode 0 st 3 gl 1 hp 100 frg 2
ARGEVT Joe Rogan hazard
ARGUS routecache adopt
ARGEVT Carmack route 5 start '721.0 -887.0 -232.0' goal '529.0 -311.0 -104.0'
ARGEVT labfoe death Romero pos '377.8 -428.1 -104.0'
ARGEVT Joe Rogan engage Romero
ARGEVT Romero engage Joe Rogan
ARGEVT Carmack hazard
ARGLOG Joe Rogan t  50.8 pos ' 24.5 -252.4 -296.0' spd 326.0 yaw   6.9 mode 1 st 0 gl 1 hp 55 frg 2
ARGEVT Romero goal item_armorInv
ARGLOG Romero t  50.8 pos '432.0 -229.0 -234.1' spd  45.6 yaw 178.1 mode 0 st 0 gl 2 hp 86 frg 5
ARGLOG Carmack t  50.9 pos '720.8 -760.3 -232.0' spd 163.2 yaw 112 mode 2 st 3 gl 1 hp 100 frg 2
ARGEVT Romero route 18 start '401.0 -247.0 -296.0' goal '817.0 -855.0 -232.0'
ARGLOG Joe Rogan t  51.3 pos ' 49.1 -250.9 -296.0' spd 139.1 yaw 358.9 mode 1 st 0 gl 1 hp 55 frg 2
ARGEVT Carmack route 5 start '721.0 -887.0 -232.0' goal '529.0 -311.0 -104.0'
ARGLOG Romero t  51.3 pos '527.7 -257.8 -296.0' spd 348.7 yaw 157.2 mode 2 st 0 gl 2 hp 70 frg 5
ARGLOG Carmack t  51.4 pos '746.6 -902.0 -232.0' spd 167.1 yaw 172.8 mode 0 st 3 gl 1 hp 100 frg 2
ARGUS routecache adopt
ARGEVT Carmack route 5 start '721.0 -887.0 -232.0' goal '529.0 -311.0 -104.0'
ARGEVT Romero hazard
ARGEVT Joe Rogan death Romero pos ' 87.8 -260.3 -296.0'
ARGUS Romero watch spawn
ARGUS routecache adopt
ARGEVT Carmack route 5 start '721.0 -887.0 -232.0' goal '529.0 -311.0 -104.0'
ARGEVT Romero goal item_armorInv
ARGLOG Romero t  51.9 pos '597.7 -265.7 -296.0' spd 179.6 yaw 176 mode 0 st 0 gl 2 hp 46 frg 6
ARGEVT Carmack hazard
ARGLOG Carmack t  51.9 pos '720.0 -768.4 -232.0' spd 373.9 yaw 111 mode 2 st 3 gl 1 hp 100 frg 2
ARGEVT Romero route 15 start '593.0 -215.0 -296.0' goal '817.0 -855.0 -232.0'
ARGLOG Romero t  52.4 pos '437.0 -261.5 -296.0' spd 372.3 yaw 176 mode 2 st 0 gl 2 hp 46 frg 6
ARGLOG Carmack t  52.4 pos '720.0 -857.2 -232.0' spd 327.4 yaw 238.0 mode 0 st 3 gl 1 hp 100 frg 2
ARGEVT Carmack route 5 start '721.0 -887.0 -232.0' goal '529.0 -311.0 -104.0'
ARGEVT Romero hazard
ARGUS routecache adopt
ARGEVT Carmack route 5 start '721.0 -887.0 -232.0' goal '529.0 -311.0 -104.0'
ARGLOG Romero t  52.9 pos '276.2 -213.2 -296.0' spd 330.5 yaw 187 mode 2 st 0 gl 2 hp 46 frg 6
ARGUS routecache adopt
ARGEVT Carmack route 5 start '721.0 -887.0 -232.0' goal '529.0 -311.0 -104.0'
ARGLOG Carmack t  52.9 pos '720.0 -841.3 -232.0' spd 301.4 yaw 109 mode 0 st 3 gl 1 hp 100 frg 2
ARGEVT Carmack hazard
ARGEVT Joe Rogan respawn
ARGEVT Joe Rogan goal weapon_supernailgun
ARGLOG Joe Rogan t  53.2 pos '784.0 -176.0  24.0' spd 0 yaw 196.3 mode 0 st 0 gl 1 hp 100 frg 2
ARGEVT Romero jump
ARGEVT Romero route 19 start '209.0 -183.0 -296.0' goal '817.0 -855.0 -232.0'
ARGLOG Romero t  53.4 pos '107.8 -216.6 -266.9' spd 326.1 yaw 11 mode 2 st 0 gl 2 hp 46 frg 6
ARGLOG Carmack t  53.4 pos '720.0 -791.6 -232.0' spd 322.9 yaw 111 mode 2 st 3 gl 1 hp 100 frg 2
ARGEVT Joe Rogan route 4 start '753.0 -151.0  24.0' goal '177.0 -55.0 -104.0'
ARGEVT Joe Rogan engage Romero
ARGEVT Joe Rogan grab weapon_lightning
ARGEVT Romero engage Joe Rogan
ARGLOG Joe Rogan t  53.8 pos '629.4 -208.0  24.0' spd 357.8 yaw 187.0 mode 2 st 0 gl 1 hp 100 frg 2
ARGEVT Carmack route 5 start '721.0 -887.0 -232.0' goal '529.0 -311.0 -104.0'
ARGLOG Romero t  53.9 pos ' 45.0 -272.0 -296.0' spd  51.0 yaw 343.7 mode 2 st 0 gl 2 hp 46 frg 6
ARGUS routecache adopt
ARGEVT Carmack route 5 start '721.0 -887.0 -232.0' goal '529.0 -311.0 -104.0'
ARGLOG Carmack t  54.0 pos '734.5 -904.0 -232.0' spd 187.7 yaw 139.8 mode 0 st 3 gl 1 hp 100 frg 2
ARGUS routecache adopt
ARGEVT Carmack route 5 start '721.0 -887.0 -232.0' goal '529.0 -311.0 -104.0'
ARGEVT Romero hazard
ARGLOG Joe Rogan t  54.3 pos '496.9 -326.4 -20.2' spd 287.2 yaw 164.5 mode 2 st 0 gl 1 hp 100 frg 2
ARGEVT Carmack hazard
ARGEVT Joe Rogan weapon sg
ARGEVT Carmack goal item_rockets
ARGLOG Romero t  54.4 pos ' 79.0 -252.1 -296.0' spd 320.1 yaw 354.6 mode 2 st 0 gl 2 hp 38 frg 6
ARGEVT Carmack route 9 start '721.0 -759.0 -232.0' goal '401.0 -759.0 -104.0'
ARGEVT Romero retreat
ARGLOG Carmack t  54.5 pos '720.0 -752.0 -232.0' spd 0 yaw 112 mode 2 st 3 gl 1 hp 100 frg 2
ARGEVT Joe Rogan grab item_cells
ARGLOG Joe Rogan t  54.8 pos '532.4 -275.4 -104.0' spd 133.0 yaw 178.3 mode 2 st 0 gl 1 hp 100 frg 2
ARGLOG Romero t  54.9 pos '-58.7 -243.5 -296.0' spd 320.2 yaw 331.4 mode 2 st 0 gl 2 hp 26 frg 6
ARGLOG Carmack t  55.0 pos '720.6 -825.1 -232.0' spd 320.0 yaw 110 mode 2 st 3 gl 1 hp 100 frg 2
ARGEVT Romero death Romero pos '-98.4 -253.3 -296.0'
ARGEVT Joe Rogan jump
ARGUS routecache adopt
ARGEVT Carmack route 8 start '721.0 -887.0 -232.0' goal '401.0 -759.0 -104.0'
ARGEVT Joe Rogan weapon lg
ARGLOG Joe Rogan t  55.3 pos '401.1 -355.7 -69.6' spd 322.8 yaw 141.1 mode 0 st 0 gl 1 hp 100 frg 2
ARGEVT Joe Rogan route 5 start '401.0 -343.0 -104.0' goal '177.0 -55.0 -104.0'
ARGEVT Carmack route 8 start '721.0 -887.0 -232.0' goal '401.0 -759.0 -104.0'
ARGLOG Carmack t  55.5 pos '720.0 -912.0 -232.0' spd 0 yaw 112 mode 2 st 3 gl 1 hp 100 frg 2
ARGUS routecache adopt
ARGEVT Carmack route 8 start '721.0 -887.0 -232.0' goal '401.0 -759.0 -104.0'
ARGLOG Joe Rogan t  55.8 pos '298.6 -304.0 -130.7' spd 296.6 yaw 27 mode 2 st 0 gl 1 hp 100 frg 2
ARGUS routecache adopt
ARGEVT Carmack route 8 start '721.0 -887.0 -232.0' goal '401.0 -759.0 -104.0'
ARGUS routecache adopt
ARGEVT Carmack route 8 start '721.0 -887.0 -232.0' goal '401.0 -759.0 -104.0'
ARGLOG Carmack t  56.0 pos '720.0 -912.0 -232.0' spd 0 yaw 264 mode 0 st 3 gl 1 hp 100 frg 2
ARGEVT Joe Rogan hazard
ARGUS routecache adopt
ARGEVT Carmack route 8 start '721.0 -887.0 -232.0' goal '401.0 -759.0 -104.0'
ARGLOG Joe Rogan t  56.3 pos '346.0 -161.7 -296.0' spd 345.7 yaw 354 mode 2 st 0 gl 1 hp 100 frg 2
ARGUS routecache adopt
ARGEVT Carmack route 8 start '721.0 -887.0 -232.0' goal '401.0 -759.0 -104.0'
ARGEVT Carmack stall
ARGEVT Carmack jump
ARGLOG Carmack t  56.5 pos '720.0 -912.0 -210.5' spd 0 yaw 264 mode 0 st 4 gl 1 hp 100 frg 2
ARGEVT Romero respawn
ARGEVT Carmack engage Romero
ARGEVT Carmack weapon sg
ARGEVT Romero goal backpack
ARGEVT Romero engage Carmack
ARGLOG Romero t  56.6 pos '776.0 -808.0 -232.0' spd 0 yaw 126.7 mode 0 st 0 gl 2 hp 100 frg 5
ARGUS routecache adopt
ARGEVT Carmack route 8 start '721.0 -887.0 -232.0' goal '401.0 -759.0 -104.0'
ARGEVT Romero route 5 start '817.0 -855.0 -232.0' goal '-111.0 -247.0 -296.0'
ARGLOG Joe Rogan t  56.8 pos '349.8 -39.9 -296.0' spd 320.2 yaw 322 mode 2 st 0 gl 1 hp 100 frg 2
ARGEVT Carmack route 8 start '721.0 -887.0 -232.0' goal '401.0 -759.0 -104.0'
ARGUS routecache adopt
ARGEVT Carmack route 8 start '721.0 -887.0 -232.0' goal '401.0 -759.0 -104.0'
ARGLOG Carmack t  57.0 pos '732.6 -912.0 -230.6' spd  30.9 yaw  68.1 mode 0 st 4 gl 1 hp 100 frg 2
ARGEVT Joe Rogan route 14 start '337.0   9.0 -296.0' goal '177.0 -55.0 -104.0'
ARGEVT Joe Rogan engage Carmack
ARGEVT Carmack weapon rl
ARGLOG Romero t  57.2 pos '807.3 -764.6 -232.0' spd 260.3 yaw 178.9 mode 2 st 0 gl 2 hp 96 frg 5
ARGEVT Joe Rogan hazard
ARGEVT Carmack route 6 start '337.0   9.0 -296.0' goal '401.0 -759.0 -104.0'
ARGLOG Joe Rogan t  57.4 pos '373.1 -37.5 -296.0' spd 165.0 yaw  94.5 mode 2 st 0 gl 1 hp 100 frg 2
ARGEVT Romero pursue
ARGEVT Carmack pursue
ARGLOG Carmack t  57.6 pos '370.4  23.3 -288.0' spd 453.3 yaw 299 mode 2 st 4 gl 1 hp 88 frg 2
ARGEVT Romero hazard
ARGLOG Romero t  57.7 pos '765.3 -600.8 -152.0' spd 379.1 yaw 192.5 mode 2 st 0 gl 2 hp 96 frg 5
ARGLOG Joe Rogan t  57.9 pos '374.1 -139.1 -296.0' spd 269.5 yaw  84.2 mode 2 st 0 gl 1 hp 100 frg 2
ARGEVT Carmack hazard
ARGUS Carmack hunch item_artifact_super_damage
ARGEVT Carmack goal item_health
ARGEVT Carmack pursue
ARGLOG Carmack t  58.1 pos '380.3 103.1 -288.0' spd 339.8 yaw 181.6 mode 0 st 4 gl 1 hp 64 frg 2
ARGEVT Carmack route 4 start '369.0 105.0 -288.0' goal '529.0  73.0 -296.0'
ARGLOG Romero t  58.2 pos '753.4 -638.0 -168.0' spd 320.2 yaw 266 mode 2 st 0 gl 2 hp 96 frg 5
ARGLOG Joe Rogan t  58.4 pos '356.9 -109.5 -296.0' spd 101.9 yaw  93.9 mode 2 st 0 gl 1 hp 100 frg 2
ARGEVT Carmack death Joe Rogan pos '345.8   8.4 -296.0'
ARGUS Joe Rogan watch spawn
ARGEVT Joe Rogan hazard
ARGEVT Joe Rogan goal backpack
ARGLOG Romero t  58.7 pos '746.9 -802.8 -232.0' spd 320.3 yaw 261 mode 2 st 0 gl 2 hp 96 frg 5
ARGLOG Joe Rogan t  58.9 pos '353.3 -213.4 -296.0' spd 403.0 yaw 164.1 mode 1 st 0 gl 1 hp 100 frg 3
ARGEVT Romero hazard
ARGEVT Romero route 4 start '721.0 -887.0 -232.0' goal '-111.0 -247.0 -296.0'
ARGLOG Romero t  59.2 pos '731.1 -890.0 -232.0' spd 304.5 yaw 116.4 mode 0 st 0 gl 2 hp 96 frg 5
ARGUS routecache adopt
ARGEVT Romero route 4 start '721.0 -887.0 -232.0' goal '-111.0 -247.0 -296.0'
ARGLOG Joe Rogan t  59.4 pos '171.1 -201.9 -296.0' spd 347.0 yaw 225.6 mode 1 st 0 gl 1 hp 100 frg 3
ARGEVT Romero route 5 start '721.0 -759.0 -232.0' goal '-111.0 -247.0 -296.0'
ARGEVT Joe Rogan hazard
ARGLOG Romero t  59.7 pos '720.0 -752.0 -232.0' spd 0 yaw 224.9 mode 2 st 0 gl 2 hp 96 frg 5
ARGLOG Joe Rogan t  59.9 pos '247.5 -278.7 -296.0' spd 333.0 yaw  23.6 mode 1 st 0 gl 1 hp 100 frg 3
ARGEVT Carmack respawn
ARGEVT Carmack plan powerup via weapon
ARGEVT Carmack goal weapon_rocketlauncher
ARGLOG Carmack t  60.1 pos '272.0 -952.0  24.0' spd 0 yaw 8 mode 0 st 4 gl 1 hp 100 frg 2
ARGUS routecache adopt
ARGEVT Romero route 4 start '721.0 -887.0 -232.0' goal '-111.0 -247.0 -296.0'
ARGEVT Romero hazard
ARGLOG Romero t  60.2 pos '739.3 -898.4 -232.0' spd 386.9 yaw 187.8 mode 0 st 0 gl 2 hp 96 frg 5
ARGEVT Carmack route 14 start '305.0 -983.0  24.0' goal '721.0 -887.0 -232.0'
ARGEVT Romero route 4 start '721.0 -887.0 -232.0' goal '-111.0 -247.0 -296.0'
ARGLOG Joe Rogan t  60.4 pos '401.8 -205.9 -296.0' spd 390.1 yaw 103 mode 1 st 0 gl 1 hp 100 frg 3
ARGUS routecache adopt
ARGEVT Romero route 4 start '721.0 -887.0 -232.0' goal '-111.0 -247.0 -296.0'
ARGLOG Carmack t  60.6 pos '412.1 -877.3  24.0' spd 401.9 yaw 111 mode 2 st 4 gl 1 hp 100 frg 2
ARGEVT Carmack engage labfoe
ARGEVT Carmack grab weapon_supershotgun
ARGLOG labfoe t  60.7 pos '272.0 -952.0  24.0' spd 0 yaw  12.7 mode 0 st 0 gl 0 hp 100 frg 0
ARGLOG Romero t  60.8 pos '720.0 -785.8 -232.0' spd 356.3 yaw 111 mode 2 st 0 gl 2 hp 96 frg 5
ARGLOG Joe Rogan t  61.0 pos '345.4 -48.2 -296.0' spd 323.4 yaw 94 mode 1 st 0 gl 1 hp 100 frg 3
ARGLOG Carmack t  61.1 pos '354.5 -944.8  24.0' spd 321.7 yaw 187.6 mode 2 st 4 gl 1 hp 100 frg 2
ARGLOG labfoe t  61.2 pos '254.8 -956.4  24.0' spd 121.5 yaw  14.1 mode 0 st 0 gl 0 hp 76 frg 0
ARGEVT Joe Rogan goal item_artifact_super_damage
ARGLOG Romero t  61.3 pos '720.9 -790.6 -232.0' spd 320.0 yaw 111 mode 2 st 0 gl 2 hp 96 frg 5
ARGEVT Joe Rogan route 3 start '337.0   9.0 -296.0' goal '209.0  73.0 -104.0'
ARGEVT Joe Rogan hazard
ARGLOG Joe Rogan t  61.5 pos '394.6  43.8 -288.0' spd 327.1 yaw 236 mode 2 st 0 gl 2 hp 100 frg 3
ARGEVT Romero hazard
ARGEVT Romero route 4 start '721.0 -887.0 -232.0' goal '-111.0 -247.0 -296.0'
ARGLOG Carmack t  61.6 pos '327.7 -1026.6  24.0' spd  59.3 yaw 143.5 mode 2 st 4 gl 1 hp 100 frg 2
ARGLOG labfoe t  61.7 pos '220.5 -951.3  24.0' spd 120.4 yaw   4.2 mode 0 st 0 gl 0 hp 52 frg 0
ARGEVT Joe Rogan death world pos '389.1  31.2 -288.0'
ARGEVT Romero goal item_artifact_super_damage
ARGLOG Romero t  61.8 pos '368.0  40.7 -263.1' spd 300 yaw 270.3 mode 0 st 0 gl 2 hp 96 frg 6
ARGEVT Romero routefail
ARGEVT Romero goal backpack
ARGEVT Romero route 3 start '337.0   9.0 -296.0' goal '-111.0 -247.0 -296.0'
ARGLOG Carmack t  62.1 pos '326.5 -1031.6  24.0' spd  45.1 yaw 140.2 mode 2 st 4 gl 1 hp 100 frg 2
ARGLOG labfoe t  62.2 pos '208.0 -929.8  24.0' spd  71.4 yaw  -8.4 mode 0 st 0 gl 0 hp 28 frg 0
ARGLOG Romero t  62.3 pos '368.0 -36.7 -296.0' spd 300 yaw 214 mode 2 st 0 gl 2 hp 96 frg 6
ARGEVT Romero hazard
ARGLOG Carmack t  62.7 pos '406.0 -909.9  24.0' spd 337.1 yaw 185.0 mode 2 st 4 gl 1 hp 100 frg 2
ARGLOG labfoe t  62.7 pos '208.0 -921.2  24.0' spd 0 yaw -12.7 mode 0 st 0 gl 0 hp 4 frg 0
ARGLOG Romero t  62.8 pos '356.3 -150.3 -296.0' spd 261.3 yaw 189 mode 2 st 0 gl 2 hp 96 frg 6
ARGEVT labfoe death Carmack pos '208.0 -921.2  24.0'
ARGEVT Carmack goal weapon_rocketlauncher
ARGLOG Carmack t  63.2 pos '359.2 -749.4  24.0' spd 334.5 yaw 161.3 mode 0 st 4 gl 1 hp 100 frg 3
ARGEVT Joe Rogan respawn
ARGEVT Joe Rogan goal weapon_supernailgun
ARGLOG Joe Rogan t  63.3 pos '776.0 -808.0 -232.0' spd 0 yaw 106.6 mode 0 st 0 gl 2 hp 100 frg 3
ARGEVT Carmack hazard
ARGLOG Romero t  63.3 pos '214.2 -249.0 -296.0' spd 338.2 yaw 179 mode 2 st 0 gl 2 hp 96 frg 6
ARGEVT Carmack route 12 start '401.0 -759.0  24.0' goal '721.0 -887.0 -232.0'
ARGEVT Joe Rogan hazard
ARGEVT Joe Rogan route 16 start '721.0 -759.0 -232.0' goal '177.0 -55.0 -104.0'
ARGLOG Carmack t  63.7 pos '261.5 -831.9  24.0' spd 320.2 yaw 240 mode 2 st 4 gl 1 hp 100 frg 3
ARGLOG Joe Rogan t  63.8 pos '743.0 -720.0 -216.0' spd  34.7 yaw 114 mode 2 st 0 gl 2 hp 100 frg 3
ARGLOG Romero t  63.8 pos ' 47.4 -221.0 -296.0' spd 332.4 yaw 211.6 mode 1 st 0 gl 2 hp 96 frg 6
ARGEVT Romero hazard
ARGLOG Carmack t  64.2 pos '208.0 -883.9  24.0' spd 302.6 yaw 76 mode 2 st 4 gl 1 hp 100 frg 3
ARGEVT Romero goal item_rockets
ARGLOG Joe Rogan t  64.3 pos '720.0 -811.7 -228.5' spd 323.3 yaw 110 mode 2 st 0 gl 2 hp 100 frg 3
ARGEVT Romero route 7 start '-111.0 -247.0 -296.0' goal '401.0 -759.0 -104.0'
ARGLOG Romero t  64.4 pos '-97.8 -231.2 -296.0' spd 380.4 yaw 355 mode 2 st 0 gl 3 hp 96 frg 6
ARGEVT Joe Rogan route 15 start '721.0 -887.0 -232.0' goal '177.0 -55.0 -104.0'
ARGLOG Carmack t  64.7 pos '315.3 -763.8  24.0' spd 417.6 yaw 295.9 mode 2 st 4 gl 1 hp 100 frg 3
ARGEVT Joe Rogan engage Romero
ARGLOG Joe Rogan t  64.8 pos '368.0  -6.7 -282.8' spd 300 yaw 234.7 mode 0 st 0 gl 2 hp 100 frg 3
ARGEVT Romero engage Joe Rogan
ARGLOG Romero t  64.9 pos ' -9.6 -264.7 -296.0' spd 238.3 yaw  33.9 mode 2 st 0 gl 3 hp 96 frg 6
ARGEVT Joe Rogan route 14 start '337.0   9.0 -296.0' goal '177.0 -55.0 -104.0'
ARGLOG Carmack t  65.2 pos '313.8 -930.6  24.0' spd 380.6 yaw 174 mode 2 st 4 gl 1 hp 100 frg 3
ARGEVT Joe Rogan pursue
ARGLOG Joe Rogan t  65.3 pos '368.0 -37.6 -296.0' spd 300 yaw 210 mode 2 st 0 gl 2 hp 100 frg 3
ARGUS Joe Rogan hunch item_artifact_super_damage
ARGLOG Romero t  65.4 pos '-27.9 -168.5 -296.0' spd 337.1 yaw  69.0 mode 2 st 0 gl 3 hp 96 frg 6
ARGEVT Joe Rogan hazard
ARGEVT Joe Rogan pursue
ARGEVT Joe Rogan goal weapon_rocketlauncher
ARGEVT Romero hazard
ARGEVT Carmack route 14 start '209.0 -887.0  24.0' goal '721.0 -887.0 -232.0'
ARGLOG Carmack t  65.7 pos '214.2 -854.5  24.0' spd 321.5 yaw 70 mode 2 st 4 gl 1 hp 100 frg 3
ARGEVT Joe Rogan route 5 start '337.0   9.0 -296.0' goal ' 49.0 105.0 -296.0'
ARGEVT Joe Rogan pursue
ARGLOG Joe Rogan t  65.9 pos '385.7  17.4 -288.0' spd 367.2 yaw 157.7 mode 2 st 0 gl 2 hp 100 frg 3
ARGLOG Romero t  65.9 pos '-19.6 -47.8 -296.0' spd 137.2 yaw 300 mode 2 st 0 gl 3 hp 96 frg 6
ARGEVT Carmack hazard
ARGLOG Carmack t  66.3 pos '321.9 -731.4  24.0' spd 402.9 yaw 93 mode 2 st 4 gl 1 hp 100 frg 3
ARGLOG Joe Rogan t  66.4 pos '336.0  61.1 -288.0' spd 322.6 yaw 259 mode 2 st 0 gl 2 hp 100 frg 3
ARGEVT Romero pursue
ARGLOG Romero t  66.4 pos ' -8.5 -227.0 -296.0' spd 412.0 yaw 345.8 mode 2 st 0 gl 3 hp 96 frg 6
ARGLOG Carmack t  66.8 pos '339.9 -556.8  24.0' spd 343.0 yaw 134 mode 2 st 4 gl 1 hp 100 frg 3
ARGEVT Joe Rogan hazard
ARGLOG Joe Rogan t  66.9 pos '378.6 -77.6 -296.0' spd 374.1 yaw 204.4 mode 2 st 0 gl 2 hp 40 frg 3
ARGEVT Joe Rogan retreat
ARGLOG Romero t  66.9 pos ' 73.8 -232.7 -296.0' spd 131.4 yaw  23.5 mode 2 st 0 gl 3 hp 92 frg 6
ARGEVT Carmack engage Joe Rogan
ARGEVT Carmack grab weapon_grenadelauncher
ARGEVT Joe Rogan death Romero pos '379.5 -129.2 -296.0'
ARGUS Romero watch spawn
ARGEVT Romero engage Carmack
ARGEVT Carmack engage Romero
ARGEVT Romero goal item_health
ARGEVT Romero route 6 start '113.0 -279.0 -296.0' goal '-15.0 553.0 -296.0'
ARGLOG Carmack t  67.3 pos '220.3 -440.3  24.0' spd 332.1 yaw 118.2 mode 2 st 4 gl 1 hp 100 frg 3
ARGLOG Romero t  67.4 pos '102.1 -208.0 -296.0' spd 299.6 yaw 287.7 mode 2 st 0 gl 3 hp 92 frg 7
ARGEVT Romero pursue
ARGEVT Carmack pursue
ARGUS Romero hunch item_artifact_super_damage
ARGEVT Romero goal item_health
ARGUS routecache adopt
ARGEVT Romero route 6 start '113.0 -279.0 -296.0' goal '-15.0 553.0 -296.0'
ARGEVT Romero pursue
ARGEVT Romero hazard
ARGLOG Carmack t  67.8 pos '124.1 -390.9  -8.0' spd 322.0 yaw 86 mode 0 st 4 gl 1 hp 100 frg 3
ARGEVT Carmack route 11 start '113.0 -375.0  -8.0' goal '721.0 -887.0 -232.0'
ARGLOG Romero t  68.0 pos ' 11.7 -263.9 -296.0' spd 376.1 yaw 237.9 mode 2 st 0 gl 3 hp 92 frg 7
ARGUS Carmack hunch item_artifact_super_damage
ARGEVT Carmack goal weapon_rocketlauncher
ARGEVT Carmack route 8 start '145.0 -279.0 -56.0' goal ' 49.0 105.0 -296.0'
ARGEVT Romero pursue
ARGLOG Carmack t  68.3 pos '158.1 -227.9 -72.0' spd 320.2 yaw  52.4 mode 2 st 4 gl 1 hp 100 frg 3
ARGEVT Carmack hazard
ARGLOG Romero t  68.5 pos '-99.4 -211.0 -296.0' spd 320.4 yaw  79.3 mode 2 st 0 gl 3 hp 92 frg 7
ARGEVT Joe Rogan respawn
ARGEVT Joe Rogan goal weapon_rocketlauncher
ARGLOG Joe Rogan t  68.6 pos '272.0 -952.0  24.0' spd 0 yaw  17.0 mode 0 st 0 gl 2 hp 100 frg 3
ARGEVT Carmack pursue
ARGEVT Joe Rogan route 14 start '305.0 -983.0  24.0' goal '721.0 -887.0 -232.0'
ARGEVT Carmack pursue
ARGEVT Romero hazard
ARGLOG Carmack t  68.8 pos '333.8 -260.6 -117.1' spd 396.7 yaw 264.5 mode 2 st 4 gl 1 hp 100 frg 3
ARGEVT Carmack pursue
ARGLOG Romero t  69.0 pos '-16.0 -86.3 -296.0' spd 333.8 yaw  85.8 mode 2 st 0 gl 3 hp 92 frg 7
ARGLOG Joe Rogan t  69.1 pos '346.3 -814.1  24.0' spd 341.7 yaw 117 mode 2 st 0 gl 2 hp 100 frg 3
ARGLOG Carmack t  69.4 pos '413.5 -322.5 -361.9' spd  63.6 yaw 215 mode 2 st 4 gl 1 hp 100 frg 3
ARGEVT Romero pursue
ARGEVT Carmack pursue
ARGEVT Carmack swim
ARGLOG Romero t  69.5 pos '-22.9  79.6 -296.0' spd 337.7 yaw  53.6 mode 2 st 0 gl 3 hp 92 frg 7
ARGLOG Joe Rogan t  69.6 pos '304.3 -655.4  24.0' spd 320.0 yaw 43 mode 2 st 0 gl 2 hp 100 frg 3
ARGLOG Carmack t  69.9 pos '346.3 -333.5 -394.3' spd 196.4 yaw 207.3 mode 2 st 4 gl 1 hp 30 frg 3
ARGLOG Romero t  70.0 pos '-52.4 205.6 -296.0' spd 320.8 yaw 87 mode 2 st 0 gl 3 hp 92 frg 7
ARGLOG Joe Rogan t  70.1 pos '342.4 -492.4  24.0' spd 384.7 yaw 32 mode 2 st 0 gl 2 hp 100 frg 3
ARGEVT Carmack death world pos '284.7 -360.5 -391.1'
ARGEVT Romero hazard
ARGLOG Romero t  70.5 pos '-72.6 361.7 -296.0' spd 346.3 yaw 73 mode 2 st 0 gl 3 hp 92 frg 7
ARGLOG Joe Rogan t  70.6 pos '487.1 -385.7  11.2' spd 294.5 yaw 50 mode 2 st 0 gl 2 hp 100 frg 3
ARGLOG Romero t  71.0 pos '-82.3 516.0 -296.0' spd 326.7 yaw 55 mode 1 st 0 gl 3 hp 92 frg 7
ARGLOG Joe Rogan t  71.1 pos '561.6 -250.6 -104.0' spd 331.3 yaw 0 mode 2 st 0 gl 2 hp 100 frg 3
ARGEVT Romero goal weapon_supernailgun
ARGEVT Joe Rogan jump
ARGEVT Romero route 10 start '-15.0 553.0 -296.0' goal '177.0 -55.0 -104.0'
ARGEVT Romero hazard
ARGLOG Romero t  71.6 pos '-32.8 610.7 -296.0' spd 170.4 yaw 269 mode 2 st 0 gl 4 hp 192 frg 7
ARGLOG Joe Rogan t  71.7 pos '624.0 -152.2 -65.9' spd  47.5 yaw 334 mode 2 st 0 gl 2 hp 100 frg 3
ARGEVT Carmack respawn
ARGEVT Carmack goal weapon_rocketlauncher
ARGLOG Carmack t  71.8 pos '272.0 -952.0  24.0' spd 0 yaw  16.3 mode 0 st 4 gl 1 hp 100 frg 2
ARGEVT Carmack route 10 start '305.0 -983.0  24.0' goal ' 49.0 105.0 -296.0'
ARGLOG Romero t  72.1 pos '-22.8 447.3 -296.0' spd 321.2 yaw 265 mode 2 st 0 gl 4 hp 192 frg 7
ARGEVT Joe Rogan jump
ARGLOG Joe Rogan t  72.2 pos '624.0 -191.8 -92.3' spd 166.7 yaw 345 mode 2 st 0 gl 2 hp 100 frg 3
ARGLOG Carmack t  72.3 pos '405.9 -868.7  24.0' spd 328.9 yaw 77 mode 2 st 4 gl 1 hp 100 frg 2
ARGEVT Romero hazard
ARGLOG Romero t  72.6 pos ' 78.6 394.1 -296.0' spd 127.6 yaw 237 mode 2 st 0 gl 4 hp 192 frg 7
ARGLOG Joe Rogan t  72.7 pos '624.0 -199.2 -90.7' spd  48.0 yaw 347 mode 2 st 0 gl 2 hp 100 frg 3
ARGLOG Carmack t  72.8 pos '624.0  18.3 -296.0' spd 300 yaw 245 mode 2 st 4 gl 1 hp 100 frg 2
ARGEVT Joe Rogan jump
ARGLOG Romero t  73.1 pos ' 69.0 402.6 -296.0' spd 355.8 yaw 241 mode 2 st 0 gl 4 hp 192 frg 7
ARGLOG Joe Rogan t  73.2 pos '624.0 -167.3 -66.3' spd  21.2 yaw 320.7 mode 2 st 0 gl 2 hp 100 frg 3
ARGLOG labfoe t  73.2 pos '776.0 -808.0 -232.0' spd 158.9 yaw -171.6 mode 0 st 0 gl 0 hp 100 frg 0
ARGLOG Carmack t  73.4 pos '621.7 -31.1 -296.0' spd 320.7 yaw 240 mode 2 st 4 gl 1 hp 100 frg 2
ARGEVT Romero hazard
ARGLOG Romero t  73.6 pos '-69.6 442.5 -296.0' spd 159.2 yaw 274 mode 2 st 0 gl 4 hp 192 frg 7
ARGLOG Joe Rogan t  73.7 pos '624.0 -202.2 -104.0' spd 292.9 yaw 279 mode 2 st 0 gl 2 hp 100 frg 3
ARGLOG labfoe t  73.7 pos '720.0 -825.3 -232.0' spd 157.6 yaw -173.0 mode 0 st 0 gl 0 hp 100 frg 0
ARGEVT Joe Rogan jump
ARGLOG Carmack t  73.9 pos '607.1 -194.9 -296.0' spd 324.9 yaw 281 mode 2 st 4 gl 1 hp 100 frg 2
ARGEVT Carmack hazard
ARGEVT Joe Rogan goal weapon_lightning
ARGLOG Romero t  74.1 pos '-50.7 297.0 -296.0' spd 374.8 yaw 267 mode 2 st 0 gl 4 hp 192 frg 7
ARGLOG Joe Rogan t  74.2 pos '624.0 -366.6 -73.8' spd 321.8 yaw 282 mode 1 st 0 gl 2 hp 100 frg 3
ARGLOG labfoe t  74.2 pos '720.0 -833.8 -232.0' spd  12.0 yaw -174.4 mode 0 st 0 gl 0 hp 47 frg 0
ARGUS routecache adopt
ARGEVT Carmack route 4 start '497.0 -247.0 -296.0' goal ' 49.0 105.0 -296.0'
ARGLOG Carmack t  74.4 pos '513.7 -272.0 -296.0' spd 320.1 yaw 177 mode 2 st 4 gl 1 hp 100 frg 2
ARGEVT Carmack engage Joe Rogan
ARGEVT Carmack grab 
ARGEVT Joe Rogan engage Carmack
ARGEVT Joe Rogan grab 
ARGLOG Romero t  74.6 pos '-84.2 129.5 -296.0' spd 325.1 yaw 286 mode 2 st 0 gl 4 hp 192 frg 7
ARGLOG Joe Rogan t  74.7 pos '408.3 -241.7 -296.0' spd  30.0 yaw  13.9 mode 1 st 0 gl 2 hp 100 frg 3
ARGLOG Carmack t  74.9 pos '434.3 -232.6 -296.0' spd 199.7 yaw 193.5 mode 2 st 4 gl 1 hp 76 frg 2
ARGEVT Joe Rogan grab 
ARGLOG Romero t  75.1 pos '-40.3  11.7 -296.0' spd 323.4 yaw 283 mode 2 st 0 gl 4 hp 192 frg 7
ARGEVT Romero hazard
ARGLOG Joe Rogan t  75.3 pos '392.7 -237.9 -296.0' spd 185.8 yaw 335.9 mode 1 st 0 gl 2 hp 76 frg 3
ARGEVT Joe Rogan jump
ARGLOG Carmack t  75.4 pos '495.2 -264.2 -296.0' spd 319.0 yaw 164.8 mode 2 st 4 gl 1 hp 52 frg 2
ARGEVT Carmack hazard
ARGLOG Romero t  75.7 pos '-38.1 -149.9 -296.0' spd 333.9 yaw 354 mode 2 st 0 gl 4 hp 192 frg 7
ARGLOG Joe Rogan t  75.8 pos '322.0 -98.8 -251.9' spd 359.2 yaw 318.6 mode 1 st 0 gl 2 hp 52 frg 3
ARGEVT Romero engage Carmack
ARGEVT Romero weapon rl
ARGLOG Carmack t  75.9 pos '483.5 -230.2 -296.0' spd 329.9 yaw 133.5 mode 2 st 4 gl 1 hp 36 frg 2
ARGEVT Joe Rogan grab weapon_supernailgun
ARGEVT Romero weapon lg
ARGLOG Romero t  76.2 pos ' 21.1 -249.8 -296.0' spd 148.3 yaw 359.4 mode 2 st 0 gl 4 hp 191 frg 7
ARGLOG Joe Rogan t  76.3 pos '196.8 -48.0 -363.0' spd 292.6 yaw 325.4 mode 1 st 0 gl 2 hp 36 frg 3
ARGEVT Joe Rogan retreat
ARGEVT Joe Rogan swim
ARGEVT Carmack death Romero pos '511.1 -225.0 -296.0'
ARGUS Romero watch spawn
ARGEVT Romero hazard
ARGEVT Joe Rogan engage Romero
ARGEVT Joe Rogan retreat
ARGEVT Joe Rogan death world pos '130.8 -61.4 -383.6'
ARGEVT Romero goal backpack
ARGEVT Romero route 1 start '113.0 -279.0 -296.0' goal '145.0 -183.0 -296.0'
ARGLOG Romero t  76.7 pos '137.1 -279.6 -296.0' spd 337.3 yaw 5 mode 2 st 0 gl 4 hp 191 frg 8
ARGLOG Romero t  77.2 pos '303.7 -280.9 -296.0' spd 320.5 yaw 11 mode 2 st 0 gl 4 hp 190 frg 8
ARGLOG Romero t  77.7 pos '466.4 -239.5 -296.0' spd 365.0 yaw  80.2 mode 2 st 0 gl 4 hp 190 frg 8
ARGEVT Romero hazard
ARGEVT Carmack respawn
ARGEVT Carmack goal weapon_rocketlauncher
ARGLOG Carmack t  78.0 pos '-64.0 512.0 -296.0' spd 0 yaw 279 mode 0 st 4 gl 1 hp 100 frg 2
ARGEVT Romero route 2 start '497.0 -247.0 -296.0' goal '145.0 -183.0 -296.0'
ARGEVT Joe Rogan respawn
ARGEVT Joe Rogan goal weapon_lightning
ARGLOG Joe Rogan t  78.1 pos '784.0 -176.0  24.0' spd 0 yaw 185 mode 0 st 0 gl 2 hp 100 frg 2
ARGEVT Joe Rogan route 2 start '753.0 -151.0  24.0' goal '529.0 -311.0 -104.0'
ARGLOG Romero t  78.2 pos '422.8 -207.4 -296.0' spd 320.8 yaw 174 mode 2 st 0 gl 4 hp 189 frg 8
ARGEVT Carmack route 4 start '-15.0 425.0 -296.0' goal ' 49.0 105.0 -296.0'
ARGLOG Carmack t  78.5 pos '-39.0 358.8 -296.0' spd 320.0 yaw 278 mode 2 st 4 gl 1 hp 100 frg 2
ARGLOG Joe Rogan t  78.6 pos '629.9 -191.9  24.0' spd 320.0 yaw 184 mode 2 st 0 gl 2 hp 100 frg 2
ARGEVT Romero engage Joe Rogan
ARGEVT Joe Rogan engage Romero
