LOG started on: 08/29/2026 13:11:58 
Playing registered version.
UDP Initialized
WIPX_OpenSocket: Address family not supported by protocol family
WIPX_Init: Unable to open control socket, IPX disabled
Exe: 20:02:47 Jul 31 2024
256.0 megabyte heap

Language initialization
Couldn't load 'localization/loc_english.txt'
from 'C:/argus/engine'

========= Quake Initialized =========

execing autoexec.cfg
SpawnServer: dm4
Clearing memory
Programs occupy 667K.
trying to open external vis file
maps/dm4.vis not found, trying argus.vis
external vis not found
ARGUS slots 8
ARGUS worldspawn reached
ARGNAV 155 nodes, 928 links
0 entities inhibited
ARGUS init on dm4
ARGEVT Carmack spawned
ARGEVT Romero spawned
ARGEVT Joe Rogan spawned
Server spawned.
ARGLOG Joe Rogan t   1.2 pos '-64.0 -232.0 -72.0' spd 0 yaw 357.6 mode 0 st 0 gl 0 hp 100 frg 0
ARGLOG Romero t   1.2 pos '112.0 -1136.0 -104.0' spd 0 yaw  92.5 mode 0 st 0 gl 0 hp 100 frg 0
ARGLOG Carmack t   1.2 pos '-64.0 512.0 -296.0' spd 0 yaw 299.6 mode 0 st 0 gl 0 hp 100 frg 0
ARGEVT Carmack hazard
ARGLOG Joe Rogan t   1.7 pos ' 91.7 -237.4 -72.0' spd 320.0 yaw 357.6 mode 0 st 0 gl 0 hp 100 frg 0
ARGLOG Romero t   1.7 pos '106.6 -980.3 -104.0' spd 320 yaw  92.5 mode 0 st 0 gl 0 hp 100 frg 0
ARGLOG Carmack t   1.7 pos '-49.9 421.4 -296.0' spd 321.3 yaw 178.2 mode 0 st 0 gl 0 hp 100 frg 0
ARGLOG Joe Rogan t   2.2 pos '273.0 -244.1 -84.8' spd 320 yaw 357.6 mode 0 st 0 gl 0 hp 100 frg 0
ARGLOG Romero t   2.2 pos '100.8 -815.3 -104.0' spd 320 yaw  92.5 mode 0 st 0 gl 0 hp 100 frg 0
ARGLOG Carmack t   2.2 pos '-215.0 421.7 -296.0' spd 320.0 yaw  32.2 mode 0 st 0 gl 0 hp 100 frg 0
ARGLOG Joe Rogan t   2.7 pos '392.5 -279.0 -266.5' spd 181.6 yaw 239.1 mode 0 st 0 gl 0 hp 100 frg 0
ARGLOG Romero t   2.7 pos '215.0 -803.6 -104.0' spd 322.6 yaw 327.2 mode 0 st 0 gl 0 hp 100 frg 0
ARGLOG Carmack t   2.7 pos '-117.9 433.7 -296.0' spd 323.4 yaw  13.2 mode 0 st 0 gl 0 hp 100 frg 0
ARGEVT Joe Rogan hazard
ARGLOG Joe Rogan t   3.3 pos '486.4 -251.3 -296.0' spd 322.9 yaw  10.2 mode 0 st 0 gl 0 hp 100 frg 0
ARGLOG Romero t   3.3 pos '356.9 -884.5 -104.0' spd 320.0 yaw 327.2 mode 0 st 0 gl 0 hp 100 frg 0
ARGLOG Carmack t   3.3 pos ' -8.9 431.9 -296.0' spd 258.6 yaw 216.1 mode 0 st 0 gl 0 hp 100 frg 0
ARGEVT Carmack hazard
ARGLOG Joe Rogan t   3.8 pos '635.9 -212.7 -296.0' spd 148.2 yaw 157.2 mode 0 st 0 gl 0 hp 100 frg 0
ARGLOG Romero t   3.8 pos '406.6 -952.2 -104.0' spd 325.5 yaw 175.4 mode 0 st 0 gl 0 hp 100 frg 0
ARGLOG Carmack t   3.8 pos '-111.4 522.4 -296.0' spd 327.9 yaw  90.0 mode 0 st 0 gl 0 hp 100 frg 0
ARGEVT Joe Rogan plan powerup via weapon
ARGEVT Joe Rogan goal weapon_lightning
ARGEVT Romero goal item_armorInv
ARGEVT Carmack goal weapon_rocketlauncher
ARGEVT Joe Rogan route 8 start '593.0 -215.0 -296.0' goal '529.0 -311.0 -104.0'
ARGEVT Joe Rogan hazard
ARGLOG Joe Rogan t   4.3 pos '625.8 -263.9 -296.0' spd 375.0 yaw 90 mode 2 st 0 gl 0 hp 100 frg 0
ARGLOG Romero t   4.3 pos '233.2 -913.4 -104.0' spd 383.3 yaw  78.1 mode 0 st 0 gl 0 hp 100 frg 0
ARGLOG Carmack t   4.3 pos '-117.2 555.4 -296.0' spd 339.2 yaw 292 mode 0 st 0 gl 0 hp 100 frg 0
ARGEVT Romero route 19 start '273.0 -887.0 -104.0' goal '817.0 -855.0 -232.0'
ARGEVT Carmack route 3 start '-111.0 457.0 -296.0' goal ' 49.0 105.0 -296.0'
ARGLOG Joe Rogan t   4.9 pos '450.0 -210.7 -296.0' spd 290.5 yaw 63 mode 2 st 0 gl 0 hp 100 frg 0
ARGLOG Romero t   4.9 pos '358.1 -821.8 -104.0' spd 422.2 yaw 237 mode 2 st 0 gl 0 hp 100 frg 0
ARGLOG Carmack t   4.9 pos '-86.0 374.8 -296.0' spd 330.5 yaw 259 mode 2 st 0 gl 0 hp 100 frg 0
ARGEVT Carmack hazard
ARGEVT Joe Rogan hazard
ARGLOG Joe Rogan t   5.4 pos '432.0 -201.5 -296.0' spd  56.1 yaw 60 mode 2 st 0 gl 0 hp 100 frg 0
ARGLOG Romero t   5.4 pos '273.9 -987.7 -104.0' spd 341.3 yaw 247 mode 2 st 0 gl 0 hp 100 frg 0
ARGLOG Carmack t   5.4 pos '-86.9 191.2 -296.0' spd 333.5 yaw 260.8 mode 2 st 0 gl 0 hp 100 frg 0
ARGLOG Joe Rogan t   5.9 pos '442.1 -208.0 -296.0' spd 161.0 yaw 62 mode 2 st 0 gl 0 hp 100 frg 0
ARGLOG Romero t   5.9 pos '164.3 -1106.8 -104.0' spd 342.1 yaw 318 mode 2 st 0 gl 0 hp 100 frg 0
ARGLOG Carmack t   5.9 pos ' 22.4  70.5 -296.0' spd 333.5 yaw 354 mode 1 st 0 gl 0 hp 100 frg 0
ARGEVT Carmack goal item_artifact_super_damage
ARGEVT Carmack route 6 start ' 49.0 105.0 -296.0' goal '209.0  73.0 -104.0'
ARGEVT Carmack hazard
ARGEVT Romero hazard
ARGLOG Joe Rogan t   6.5 pos '604.4 -195.4 -296.0' spd 306.7 yaw 261 mode 2 st 0 gl 0 hp 100 frg 0
ARGLOG Romero t   6.5 pos '234.3 -1211.4 -56.0' spd 321.5 yaw 72 mode 2 st 0 gl 0 hp 100 frg 0
ARGLOG Carmack t   6.5 pos '110.5 136.3 -296.0' spd 327.7 yaw 237 mode 2 st 0 gl 1 hp 100 frg 0
ARGLOG Joe Rogan t   7.0 pos '593.3 -10.5 -296.0' spd 338.5 yaw 264 mode 2 st 0 gl 0 hp 100 frg 0
ARGLOG Romero t   7.0 pos '341.5 -1070.1  24.0' spd 341.3 yaw 96 mode 2 st 0 gl 0 hp 100 frg 0
ARGLOG Carmack t   7.0 pos '-60.9  66.1 -296.0' spd 357.9 yaw 284 mode 2 st 0 gl 1 hp 100 frg 0
ARGEVT Joe Rogan hazard
ARGLOG Joe Rogan t   7.6 pos '510.8  68.8 -296.0' spd 329.4 yaw 270 mode 2 st 0 gl 0 hp 100 frg 0
ARGLOG Romero t   7.6 pos '324.4 -890.4  24.0' spd 320.1 yaw 93 mode 2 st 0 gl 0 hp 100 frg 0
ARGLOG Carmack t   7.6 pos '-65.3 -113.5 -296.0' spd 329.7 yaw 349 mode 2 st 0 gl 1 hp 100 frg 0
ARGLOG Joe Rogan t   8.1 pos '544.0 124.7 -296.0' spd  17.3 yaw 268 mode 2 st 0 gl 0 hp 100 frg 0
ARGLOG Romero t   8.1 pos '310.5 -711.4  24.0' spd 320.0 yaw 91 mode 2 st 0 gl 0 hp 100 frg 0
ARGLOG Carmack t   8.1 pos ' 55.0 -246.8 -296.0' spd 358.9 yaw 18 mode 2 st 0 gl 1 hp 100 frg 0
ARGEVT Carmack hazard
ARGEVT Joe Rogan hazard
ARGEVT Carmack rjump
ARGLOG Joe Rogan t   8.7 pos '544.0 124.7 -296.0' spd  35.0 yaw 350.2 mode 2 st 0 gl 0 hp 100 frg 0
ARGLOG Romero t   8.7 pos '315.2 -530.7  24.0' spd 349.6 yaw  70.8 mode 2 st 0 gl 0 hp 100 frg 0
ARGLOG Carmack t   8.7 pos '232.1 -232.0 -261.6' spd 425.6 yaw 74 mode 2 st 0 gl 1 hp 48 frg 0
ARGEVT Carmack engage Romero
FTDBG frametime   0.1
ARGEVT Romero engage Carmack
ARGLOG Joe Rogan t   9.3 pos '595.1  19.4 -296.0' spd 222.4 yaw 264 mode 2 st 0 gl 0 hp 100 frg 0
ARGLOG Romero t   9.3 pos '227.7 -409.9   5.8' spd 327.3 yaw  70.4 mode 2 st 0 gl 0 hp 100 frg 0
ARGLOG Carmack t   9.3 pos '305.0 -189.9 -95.5' spd 114.4 yaw 226.1 mode 2 st 0 gl 1 hp 48 frg 0
ARGEVT Romero grab weapon_grenadelauncher
ARGEVT Carmack retreat
ARGEVT Joe Rogan hazard
ARGLOG Joe Rogan t   9.8 pos '600.5  41.4 -296.0' spd 321.8 yaw  96.2 mode 2 st 0 gl 0 hp 100 frg 0
ARGLOG Romero t   9.8 pos '175.6 -395.5 -96.0' spd 307.6 yaw  57.2 mode 2 st 0 gl 0 hp 17 frg 0
ARGLOG Carmack t   9.8 pos '386.6 -75.8 -206.0' spd 260.9 yaw 235.2 mode 2 st 0 gl 1 hp 24 frg 0
ARGEVT Carmack death Romero pos '399.1 -65.1 -235.0'
ARGUS Romero watch spawn
ARGEVT Romero goal item_health
ARGEVT Romero hazard
ARGEVT Romero route 15 start '113.0 -407.0 -104.0' goal '-239.0 -471.0 -72.0'
ARGLOG Joe Rogan t  10.3 pos '380.7 -864.0  24.0' spd 300 yaw 112 mode 2 st 0 gl 0 hp 100 frg 0
ARGLOG Romero t  10.3 pos '230.6 -432.0 -104.0' spd 336.5 yaw 327.6 mode 2 st 0 gl 0 hp 17 frg 1
ARGLOG Joe Rogan t  10.8 pos '350.6 -843.5  24.0' spd 366.2 yaw 110 mode 2 st 0 gl 0 hp 100 frg 0
ARGLOG Romero t  10.8 pos '394.4 -385.8 -104.0' spd 330.8 yaw 103 mode 2 st 0 gl 0 hp 17 frg 1
ARGEVT Joe Rogan hazard
ARGEVT Romero hazard
ARGLOG Joe Rogan t  11.4 pos '302.8 -752.0  24.0' spd   2.9 yaw 68 mode 2 st 0 gl 0 hp 100 frg 0
ARGLOG Romero t  11.4 pos '462.3 -253.2 -104.0' spd 372.1 yaw 16 mode 2 st 0 gl 0 hp 17 frg 1
ARGEVT Carmack respawn
ARGEVT Carmack plan powerup via weapon
ARGEVT Carmack goal weapon_lightning
ARGLOG Carmack t  11.5 pos '-64.0 512.0 -296.0' spd 0 yaw 286.6 mode 0 st 0 gl 1 hp 100 frg 0
ARGEVT Carmack route 15 start '-15.0 553.0 -296.0' goal '529.0 -311.0 -104.0'
ARGEVT Carmack hazard
ARGLOG Joe Rogan t  11.9 pos '301.8 -752.0  24.0' spd   5.8 yaw 68 mode 2 st 0 gl 0 hp 100 frg 0
ARGLOG Romero t  11.9 pos '397.6 -216.9 -110.3' spd 320.0 yaw 0 mode 2 st 0 gl 0 hp 17 frg 1
ARGLOG Carmack t  12.0 pos ' 39.9 405.3 -296.0' spd 257.8 yaw 247 mode 2 st 0 gl 1 hp 100 frg 0
ARGEVT Joe Rogan stall
ARGEVT Joe Rogan stallnode '305.0 -599.0  24.0'
ARGEVT Joe Rogan jump
ARGEVT Joe Rogan route 4 start '305.0 -727.0  24.0' goal '529.0 -311.0 -104.0'
ARGLOG Joe Rogan t  12.4 pos '304.7 -745.3  62.0' spd  33.1 yaw 109 mode 2 st 1 gl 0 hp 100 frg 0
ARGLOG Romero t  12.4 pos '255.3 -292.8 -268.4' spd 312.7 yaw  80.4 mode 0 st 0 gl 0 hp 17 frg 1
ARGLOG Carmack t  12.5 pos ' 97.6 385.8 -296.0' spd 117.8 yaw 232 mode 2 st 0 gl 1 hp 100 frg 0
ARGEVT Romero route 13 start '241.0 -279.0 -296.0' goal '-239.0 -471.0 -72.0'
ARGEVT Romero hazard
ARGLOG Joe Rogan t  12.9 pos '305.8 -678.2  24.0' spd 328.6 yaw 74 mode 2 st 1 gl 0 hp 100 frg 0
ARGLOG Romero t  12.9 pos '123.6 -202.8 -296.0' spd 169.3 yaw 359 mode 2 st 0 gl 0 hp 17 frg 1
ARGLOG Carmack t  13.0 pos '-40.8 382.1 -296.0' spd 382.2 yaw 269 mode 2 st 0 gl 1 hp 100 frg 0
ARGLOG Joe Rogan t  13.4 pos '375.8 -526.1  24.0' spd 323.4 yaw 54 mode 2 st 1 gl 0 hp 100 frg 0
ARGLOG Romero t  13.4 pos '256.8 -202.0 -296.0' spd 358.2 yaw 358 mode 2 st 0 gl 0 hp 17 frg 1
ARGEVT Romero engage Joe Rogan
ARGEVT Romero retreat
ARGLOG Carmack t  13.5 pos '-77.3 212.0 -296.0' spd 323.3 yaw 270 mode 2 st 0 gl 1 hp 100 frg 0
ARGEVT Joe Rogan engage Romero
ARGEVT Carmack hazard
FTDBG frametime   0.1
ARGEVT Romero hazard
ARGLOG Joe Rogan t  13.9 pos '306.2 -442.5  24.0' spd 327.1 yaw  78.4 mode 2 st 1 gl 0 hp 100 frg 0
ARGLOG Romero t  13.9 pos '389.6 -245.0 -296.0' spd 221.7 yaw 253.7 mode 2 st 0 gl 0 hp 17 frg 1
ARGLOG Carmack t  14.0 pos '-138.2  61.7 -296.0' spd 343.3 yaw 307 mode 2 st 0 gl 1 hp 100 frg 0
ARGEVT Joe Rogan grab weapon_grenadelauncher
ARGLOG Joe Rogan t  14.4 pos '126.0 -394.6  -8.0' spd 387.0 yaw  23.8 mode 2 st 1 gl 0 hp 100 frg 0
ARGEVT Joe Rogan hazard
ARGLOG Romero t  14.4 pos '542.2 -228.7 -296.0' spd 322.1 yaw 204.6 mode 2 st 0 gl 0 hp 13 frg 1
ARGLOG Carmack t  14.5 pos '-160.0  48.6 -296.0' spd 324.3 yaw 310 mode 2 st 0 gl 1 hp 100 frg 0
ARGEVT Carmack hazard
ARGEVT Joe Rogan pursue
ARGEVT Romero pursue
ARGLOG Joe Rogan t  15.0 pos '119.9 -428.0   8.0' spd 151.1 yaw 24 mode 2 st 1 gl 0 hp 100 frg 0
ARGLOG Romero t  15.0 pos '631.9 -158.9 -296.0' spd 235.5 yaw 209 mode 2 st 0 gl 0 hp 13 frg 1
ARGUS Romero hunch item_artifact_super_damage
ARGEVT Romero hazard
ARGLOG Carmack t  15.1 pos '-26.8 -26.6 -296.0' spd 332.0 yaw 289 mode 2 st 0 gl 1 hp 100 frg 0
ARGEVT Romero goal item_health
ARGEVT Romero route 1 start '593.0 -87.0 -296.0' goal '529.0  73.0 -296.0'
ARGUS Joe Rogan hunch 
ARGEVT Joe Rogan plan powerup via weapon
ARGEVT Joe Rogan goal weapon_supernailgun
ARGLOG Joe Rogan t  15.5 pos '229.3 -384.1 -23.9' spd  51.4 yaw 195 mode 0 st 1 gl 0 hp 100 frg 0
ARGLOG Romero t  15.5 pos '592.0 -25.5 -296.0' spd 331.9 yaw 112 mode 1 st 0 gl 0 hp 13 frg 1
ARGEVT Joe Rogan routefail
ARGEVT Joe Rogan plan powerup via weapon
ARGEVT Joe Rogan goal weapon_rocketlauncher
ARGLOG Carmack t  15.6 pos '-16.0 -197.1 -296.0' spd 338.3 yaw 298 mode 2 st 0 gl 1 hp 100 frg 0
ARGEVT Joe Rogan route 11 start '177.0 -343.0 -24.0' goal '721.0 -887.0 -232.0'
ARGEVT Romero pursue
ARGEVT Joe Rogan jump
ARGEVT Carmack hazard
ARGLOG Joe Rogan t  16.0 pos '208.0 -378.6 -66.3' spd  24.1 yaw 128.4 mode 2 st 1 gl 0 hp 100 frg 0
ARGLOG Romero t  16.0 pos '507.4  88.9 -296.0' spd 320.6 yaw 217.0 mode 1 st 0 gl 0 hp 38 frg 1
ARGEVT Carmack engage Joe Rogan
ARGLOG Carmack t  16.1 pos ' 90.6 -271.3 -296.0' spd  92.2 yaw 335.8 mode 2 st 0 gl 1 hp 100 frg 0
ARGEVT Romero hazard
ARGEVT Romero stall
ARGEVT Romero jump
ARGEVT Romero pursue
ARGLOG Joe Rogan t  16.5 pos '208.0 -359.7 -155.4' spd  37.2 yaw 127 mode 2 st 1 gl 0 hp 100 frg 0
ARGLOG Romero t  16.5 pos '635.8  16.0 -265.8' spd 294.9 yaw 319.2 mode 0 st 1 gl 0 hp 38 frg 1
ARGEVT Carmack route 11 start ' 17.0 -247.0 -296.0' goal '529.0 -311.0 -104.0'
ARGEVT Romero route 1 start '625.0   9.0 -296.0' goal '529.0  73.0 -296.0'
ARGLOG Carmack t  16.6 pos '-10.3 -216.0 -296.0' spd 343.5 yaw 327.2 mode 2 st 0 gl 1 hp 100 frg 0
ARGEVT Carmack hazard
ARGEVT Joe Rogan swim
ARGLOG Joe Rogan t  17.1 pos '223.8 -328.8 -419.0' spd 112.2 yaw 147 mode 2 st 1 gl 0 hp 36 frg 0
ARGLOG Romero t  17.1 pos '678.2  16.0 -296.0' spd 194.3 yaw 179.3 mode 1 st 1 gl 0 hp 38 frg 1
ARGEVT Carmack pursue
ARGLOG Carmack t  17.2 pos ' -0.4 -241.7 -296.0' spd 188.0 yaw 333 mode 2 st 0 gl 1 hp 100 frg 0
ARGUS Carmack hunch 
ARGEVT Carmack goal 
ARGEVT Carmack route 2 start ' 17.0 -247.0 -296.0' goal '401.0 -183.0 -296.0'
ARGEVT Carmack pursue
ARGEVT Joe Rogan death world pos '148.1 -304.0 -405.8'
ARGEVT Romero hazard
ARGLOG Romero t  17.6 pos '553.1 112.0 -296.0' spd   2.6 yaw 15 mode 1 st 1 gl 0 hp 38 frg 1
ARGLOG Carmack t  17.8 pos ' 76.7 -210.9 -296.0' spd 328.7 yaw  13.3 mode 2 st 0 gl 1 hp 100 frg 0
ARGLOG Romero t  18.2 pos '399.3 -864.0  24.0' spd 300 yaw 81 mode 1 st 1 gl 0 hp 38 frg 1
ARGLOG Carmack t  18.3 pos '253.8 -200.8 -296.0' spd 320.1 yaw 6 mode 2 st 0 gl 1 hp 100 frg 0
ARGEVT Carmack hazard
ARGLOG Romero t  18.8 pos '373.8 -767.8  24.0' spd 328.4 yaw 78 mode 1 st 1 gl 0 hp 38 frg 1
ARGEVT Carmack goal item_artifact_super_damage
ARGLOG Carmack t  18.9 pos '382.2 -125.1 -296.0' spd 331.5 yaw 112.5 mode 0 st 0 gl 2 hp 100 frg 0
ARGEVT Carmack route 3 start '401.0 -183.0 -296.0' goal '209.0  73.0 -104.0'
ARGEVT Joe Rogan respawn
ARGEVT Joe Rogan goal weapon_rocketlauncher
ARGLOG Joe Rogan t  19.1 pos '112.0 -1136.0 -104.0' spd 0 yaw  24.2 mode 0 st 1 gl 0 hp 100 frg -1
ARGLOG Romero t  19.3 pos '375.9 -752.0  24.0' spd  12.8 yaw 118.3 mode 1 st 1 gl 0 hp 38 frg 1
ARGEVT Joe Rogan route 18 start '145.0 -1143.0 -88.0' goal '721.0 -887.0 -232.0'
ARGLOG Carmack t  19.4 pos '336.0 -11.5 -296.0' spd 113.4 yaw 242 mode 2 st 0 gl 2 hp 100 frg 0
ARGEVT Carmack hazard
ARGLOG Joe Rogan t  19.6 pos '266.8 -1115.0 -104.0' spd 383.0 yaw 274 mode 2 st 1 gl 0 hp 100 frg -1
ARGEVT Joe Rogan hazard
ARGLOG Romero t  19.8 pos '368.0 -598.2  24.0' spd 324.5 yaw 75 mode 1 st 1 gl 0 hp 38 frg 1
ARGEVT Joe Rogan jump
ARGLOG Carmack t  19.9 pos '331.6 -192.3 -296.0' spd 312.3 yaw 174 mode 2 st 0 gl 2 hp 100 frg 0
ARGEVT Carmack engage Romero
FTDBG frametime   0.1
ARGLOG Joe Rogan t  20.2 pos '116.2 -1167.6 -66.4' spd 286.7 yaw 6 mode 2 st 1 gl 0 hp 100 frg -1
ARGEVT Romero engage Carmack
ARGLOG Romero t  20.4 pos '434.5 -462.5  24.0' spd 346.7 yaw 119.0 mode 1 st 1 gl 0 hp 38 frg 1
ARGLOG Carmack t  20.5 pos '257.1 -239.1 -296.0' spd 322.3 yaw 312.4 mode 2 st 0 gl 2 hp 100 frg 0
ARGEVT Romero grab weapon_lightning
ARGLOG Joe Rogan t  20.8 pos '192.7 -1221.7 -72.0' spd 320.0 yaw 28 mode 2 st 1 gl 0 hp 100 frg -1
ARGEVT Carmack hazard
ARGLOG Romero t  20.9 pos '522.3 -376.6  24.0' spd 322.6 yaw 164.3 mode 1 st 1 gl 0 hp 63 frg 1
ARGLOG Carmack t  21.1 pos '112.0 -273.7 -296.0' spd   7.0 yaw  15.9 mode 2 st 0 gl 2 hp 76 frg 0
ARGLOG Joe Rogan t  21.3 pos '337.6 -1117.0   8.0' spd 357.5 yaw 97 mode 2 st 1 gl 0 hp 100 frg -1
ARGLOG Romero t  21.5 pos '514.4 -302.6 -22.4' spd  78.5 yaw 169.7 mode 1 st 1 gl 0 hp 63 frg 1
ARGEVT Romero weapon sg
ARGLOG Carmack t  21.6 pos ' 44.8 -258.9 -296.0' spd  57.1 yaw 356.2 mode 2 st 0 gl 2 hp 64 frg 0
ARGEVT Romero grab item_armor1
ARGLOG Joe Rogan t  21.8 pos '333.7 -953.7  24.0' spd 321.4 yaw 94 mode 2 st 1 gl 0 hp 100 frg -1
ARGEVT Carmack hazard
ARGLOG Romero t  22.0 pos '534.9 -234.3 -104.0' spd 320.2 yaw 181.6 mode 1 st 1 gl 0 hp 63 frg 1
ARGLOG Carmack t  22.1 pos ' 73.2 -221.8 -296.0' spd 320.3 yaw  20.3 mode 2 st 0 gl 2 hp 48 frg 0
ARGLOG Joe Rogan t  22.3 pos '331.1 -792.2  24.0' spd 324.1 yaw 69 mode 2 st 1 gl 0 hp 100 frg -1
ARGEVT Romero weapon lg
ARGLOG Romero t  22.6 pos '512.7 -55.1 -104.0' spd 325.7 yaw 210.0 mode 1 st 1 gl 0 hp 63 frg 1
ARGEVT Romero hazard
ARGEVT Joe Rogan engage Romero
ARGLOG Carmack t  22.7 pos '145.1 -267.5 -296.0' spd  43.2 yaw  25.3 mode 2 st 0 gl 2 hp 48 frg 0
ARGLOG Joe Rogan t  22.9 pos '346.8 -610.1  24.0' spd 325.0 yaw  77.2 mode 2 st 1 gl 0 hp 100 frg -1
ARGEVT Carmack grab 
ARGLOG Romero t  23.1 pos '538.1 -163.3 -104.0' spd 321.1 yaw 195.4 mode 1 st 1 gl 0 hp 63 frg 1
ARGLOG Carmack t  23.3 pos '140.4 -245.7 -296.0' spd 266.5 yaw 345.7 mode 2 st 0 gl 2 hp 48 frg 0
ARGLOG Joe Rogan t  23.4 pos '269.5 -468.8  24.0' spd 320.8 yaw  43.6 mode 2 st 1 gl 0 hp 100 frg -1
ARGEVT Carmack pursue
ARGEVT Romero pursue
ARGUS Carmack hunch item_artifact_super_damage
ARGLOG Romero t  23.6 pos '558.8 -204.0 -104.0' spd 245.4 yaw 189 mode 1 st 1 gl 0 hp 55 frg 1
ARGEVT Carmack goal item_artifact_super_damage
ARGEVT Carmack pursue
ARGLOG Carmack t  23.8 pos '177.8 -253.7 -296.0' spd 199.4 yaw  89.0 mode 0 st 0 gl 2 hp 48 frg 0
ARGEVT Carmack routefail
ARGLOG Joe Rogan t  23.9 pos '238.6 -389.5 -43.0' spd  56.5 yaw  34.5 mode 2 st 1 gl 0 hp 100 frg -1
ARGEVT Carmack goal item_health
ARGEVT Carmack route 6 start '113.0 -279.0 -296.0' goal '-15.0 553.0 -296.0'
ARGEVT Carmack retreat
ARGEVT Carmack death Romero pos '144.8 -256.8 -296.0'
ARGUS Romero watch spawn
ARGEVT Romero engage Joe Rogan
ARGLOG Romero t  24.2 pos '484.1 -316.8 -104.0' spd 343.6 yaw 206.3 mode 1 st 1 gl 0 hp 39 frg 2
ARGEVT Romero goal item_health
ARGLOG Joe Rogan t  24.4 pos '307.4 -462.1 -104.0' spd 320.2 yaw  23.9 mode 2 st 1 gl 0 hp 100 frg -1
ARGEVT Romero route 9 start '497.0 -407.0 -104.0' goal '-15.0 553.0 -296.0'
ARGLOG Romero t  24.7 pos '496.7 -394.2 -104.0' spd 320.2 yaw 215.6 mode 2 st 1 gl 0 hp 23 frg 2
ARGLOG Joe Rogan t  24.9 pos '330.6 -485.0 -104.0' spd 320.4 yaw  41.0 mode 2 st 1 gl 0 hp 100 frg -1
ARGEVT Romero retreat
FTDBG frametime   0.1
ARGLOG Romero t  25.3 pos '575.7 -370.6 -104.0' spd 320.6 yaw 187.5 mode 2 st 1 gl 0 hp 7 frg 2
ARGEVT Joe Rogan hazard
ARGEVT Joe Rogan death Romero pos '225.9 -432.0 -104.0'
ARGEVT Romero goal item_health
ARGEVT Carmack respawn
ARGEVT Carmack goal weapon_rocketlauncher
ARGLOG Carmack t  25.7 pos '112.0 -1136.0 -104.0' spd 0 yaw  25.2 mode 0 st 0 gl 2 hp 100 frg 0
ARGEVT Romero route 15 start '593.0 -439.0 -120.0' goal '977.0 -471.0 -104.0'
ARGLOG Romero t  25.8 pos '432.1 -240.0 -287.7' spd 300 yaw 248 mode 2 st 1 gl 0 hp 7 frg 3
ARGEVT Carmack route 19 start '177.0 -1111.0 -104.0' goal '721.0 -887.0 -232.0'
ARGEVT Carmack hazard
ARGLOG Carmack t  26.3 pos '261.4 -1061.4 -104.0' spd 330.6 yaw 240 mode 2 st 0 gl 2 hp 100 frg 0
ARGLOG Romero t  26.4 pos '459.3 -251.8 -296.0' spd 227.3 yaw 44 mode 2 st 1 gl 0 hp 7 frg 3
ARGEVT Romero hazard
