LOG started on: 09/13/2026 11:22:06 
Playing registered version.
UDP Initialized
WIPX_OpenSocket: Address family not supported by protocol family
WIPX_Init: Unable to open control socket, IPX disabled
Exe: 20:02:47 Jul 31 2024
256.0 megabyte heap

Language initialization
Couldn't load 'localization/loc_english.txt'
from 'C:/argus/engine'

========= Quake Initialized =========

execing autoexec.cfg
SpawnServer: e1m1
Clearing memory
Programs occupy 876K.
trying to open external vis file
maps/e1m1.vis not found, trying argus.vis
external vis not found
Loaded external entity file maps/e1m1@c49d.ent
ARGUS slots 8
ARGUS worldspawn reached
ARGNAV 223 nodes, 853 links
13 entities inhibited
ARGUS init on e1m1
ARGEVT Carmack spawned
ARGEVT Romero spawned
ARGEVT Joe Rogan spawned
Server spawned.
ARGLOG Joe Rogan t   1.2 pos '480.0  48.0  24.0' spd 0 yaw  87.6 mode 0 st 0 gl 0 hp 100 frg 0
ARGLOG Romero t   1.2 pos '-272.0 2928.0 -56.0' spd 0 yaw  47.5 mode 0 st 0 gl 0 hp 100 frg 0
ARGLOG Carmack t   1.2 pos '1312.0 880.0 -256.0' spd 0 yaw 119.6 mode 0 st 0 gl 0 hp 100 frg 0
ARGEVT Romero hazard
ARGLOG Joe Rogan t   1.7 pos '488.1 202.9  24.0' spd 320 yaw  87.6 mode 0 st 0 gl 0 hp 100 frg 0
ARGLOG Romero t   1.7 pos '-258.8 2973.5 -56.0' spd 252.0 yaw 308.5 mode 0 st 0 gl 0 hp 100 frg 0
ARGLOG Carmack t   1.7 pos '1236.8 1015.7 -256.0' spd 320 yaw 119.6 mode 0 st 0 gl 0 hp 100 frg 0
ARGLOG Joe Rogan t   2.2 pos '496.7 366.8  24.0' spd 320 yaw  87.6 mode 0 st 0 gl 0 hp 100 frg 0
ARGLOG Romero t   2.2 pos '-164.6 2838.4 -56.0' spd 320.1 yaw 308.5 mode 0 st 0 gl 0 hp 100 frg 0
ARGLOG Carmack t   2.2 pos '1284.7 1019.8 -256.0' spd 320.7 yaw 319.2 mode 0 st 0 gl 0 hp 100 frg 0
ARGLOG Joe Rogan t   2.7 pos '505.3 531.4  24.0' spd 320 yaw  87.6 mode 0 st 0 gl 0 hp 100 frg 0
ARGLOG Romero t   2.7 pos '-51.7 2715.1 -56.0' spd 349.0 yaw 352.0 mode 0 st 0 gl 0 hp 100 frg 0
ARGLOG Carmack t   2.7 pos '1412.8 916.1 -256.0' spd 320.0 yaw 319.2 mode 0 st 0 gl 0 hp 100 frg 0
ARGEVT Romero hazard
ARGLOG Joe Rogan t   3.3 pos '513.8 688.0  24.0' spd  13.5 yaw  87.6 mode 0 st 0 gl 0 hp 100 frg 0
ARGLOG Romero t   3.3 pos '-113.7 2672.0 -72.0' spd 319.4 yaw 196.0 mode 0 st 0 gl 0 hp 100 frg 0
ARGLOG Carmack t   3.3 pos '1426.5 992.0 -256.0' spd  92.9 yaw 111.1 mode 0 st 0 gl 0 hp 100 frg 0
ARGLOG Joe Rogan t   3.8 pos '560.0 688.0  24.0' spd 0 yaw  52.2 mode 0 st 0 gl 0 hp 100 frg 0
ARGLOG Romero t   3.8 pos '-277.2 2645.0 -104.0' spd 320.2 yaw 196.0 mode 0 st 0 gl 0 hp 100 frg 0
ARGLOG Carmack t   3.8 pos '1356.8 1134.5 -256.0' spd 320.1 yaw 111.1 mode 0 st 0 gl 0 hp 100 frg 0
ARGEVT Joe Rogan plan powerup via weapon
ARGEVT Joe Rogan goal weapon_rocketlauncher
ARGEVT Romero plan powerup via weapon
ARGEVT Romero goal weapon_supernailgun
ARGEVT Carmack goal item_armor2
ARGLOG Joe Rogan t   4.3 pos '555.9 688.0  24.0' spd  48.0 yaw 103 mode 0 st 0 gl 0 hp 100 frg 0
ARGLOG Romero t   4.3 pos '-430.5 2578.6 -104.0' spd 377.8 yaw 277.6 mode 0 st 0 gl 0 hp 100 frg 0
ARGLOG Carmack t   4.3 pos '1276.7 1281.3 -328.6' spd 376.9 yaw 192.7 mode 0 st 0 gl 0 hp 100 frg 0
ARGEVT Carmack hazard
ARGEVT Joe Rogan route 29 start '465.0 577.0  24.0' goal '145.0 2337.0  40.0'
ARGEVT Romero route 16 start '-463.0 2433.0 -136.0' goal '817.0 2433.0 -344.0'
ARGEVT Carmack route 5 start '1265.0 1313.0 -344.0' goal '1297.0 1057.0 -408.0'
ARGLOG Joe Rogan t   4.8 pos '418.5 659.8  24.0' spd 382.0 yaw 206 mode 2 st 0 gl 0 hp 100 frg 0
ARGLOG Romero t   4.8 pos '-334.2 2440.3 -136.0' spd 362.8 yaw 49 mode 2 st 0 gl 0 hp 100 frg 0
ARGLOG Carmack t   4.8 pos '1262.8 1296.0 -326.6' spd  62.2 yaw 283 mode 2 st 0 gl 0 hp 100 frg 0
ARGEVT Carmack jump
ARGLOG Joe Rogan t   5.3 pos '452.7 493.0  24.0' spd 362.2 yaw 234.8 mode 2 st 0 gl 0 hp 100 frg 0
ARGLOG Romero t   5.3 pos '-181.8 2515.1 -120.0' spd 350.4 yaw 56 mode 2 st 0 gl 0 hp 100 frg 0
ARGLOG Carmack t   5.3 pos '1277.3 1219.1 -292.6' spd 321.9 yaw 245 mode 2 st 0 gl 0 hp 100 frg 0
ARGEVT Romero jump
ARGLOG Joe Rogan t   5.8 pos '400.0 440.6  24.0' spd 291.7 yaw 139 mode 2 st 0 gl 0 hp 100 frg 0
ARGLOG Romero t   5.8 pos '-144.0 2678.6 -68.9' spd 320 yaw 46 mode 2 st 0 gl 0 hp 100 frg 0
ARGLOG Carmack t   5.8 pos '1293.5 1055.4 -256.0' spd 334.4 yaw 237 mode 2 st 0 gl 0 hp 100 frg 0
ARGEVT Carmack hazard
ARGLOG Joe Rogan t   6.3 pos '317.9 592.4  24.0' spd 359.2 yaw 157 mode 2 st 0 gl 0 hp 100 frg 0
ARGLOG Romero t   6.3 pos '-91.5 2835.8 -56.0' spd 321.8 yaw 28 mode 2 st 0 gl 0 hp 100 frg 0
ARGLOG Carmack t   6.3 pos '1177.5 944.5 -256.0' spd 320.3 yaw 43 mode 2 st 0 gl 0 hp 100 frg 0
ARGLOG Joe Rogan t   6.9 pos '149.9 629.2  24.0' spd 334.0 yaw 116 mode 2 st 0 gl 0 hp 100 frg 0
ARGLOG Romero t   6.9 pos ' 21.2 2959.4 -72.0' spd 358.1 yaw 358 mode 2 st 0 gl 0 hp 100 frg 0
ARGLOG Carmack t   6.9 pos '1184.5 928.0 -256.0' spd  28.6 yaw 48 mode 2 st 0 gl 0 hp 100 frg 0
ARGEVT Romero hazard
ARGEVT Joe Rogan hazard
ARGEVT Carmack hazard
ARGLOG Joe Rogan t   7.4 pos ' 48.6 614.3  24.0' spd 274.9 yaw 89 mode 2 st 0 gl 0 hp 100 frg 0
ARGLOG Romero t   7.4 pos ' 62.5 2981.7 -88.0' spd 252.1 yaw 352 mode 2 st 0 gl 0 hp 100 frg 0
ARGLOG Carmack t   7.4 pos '1194.8 928.0 -256.0' spd  28.3 yaw 51 mode 2 st 0 gl 0 hp 100 frg 0
ARGLOG Joe Rogan t   7.9 pos ' 15.5 624.0  24.0' spd 104.3 yaw 80 mode 2 st 0 gl 0 hp 100 frg 0
ARGLOG Romero t   7.9 pos ' 47.1 2960.1 -88.0' spd 318.5 yaw 357 mode 2 st 0 gl 0 hp 100 frg 0
ARGLOG Carmack t   7.9 pos '1193.6 928.0 -256.0' spd  27.8 yaw 51 mode 2 st 0 gl 0 hp 100 frg 0
ARGEVT Romero hazard
ARGEVT Joe Rogan hazard
ARGEVT Carmack stall
ARGUS STALLDBG dz -152.0 horiz  67.3 gapclk  -2.9 hz48 1 hop 0 pos '1192.6 928.0 -256.0'
ARGEVT Carmack stallnode '1169.0 865.0 -408.0'
ARGEVT Carmack jump
ARGUS routecache adopt
ARGEVT Carmack route 2 start '1169.0 993.0 -256.0' goal '1297.0 1057.0 -408.0'
ARGLOG Joe Rogan t   8.4 pos '  6.6 624.0  24.0' spd  11.1 yaw 78 mode 2 st 0 gl 0 hp 100 frg 0
ARGLOG Romero t   8.4 pos ' 39.7 2960.1 -88.0' spd 109.3 yaw 357 mode 2 st 0 gl 0 hp 100 frg 0
ARGLOG Carmack t   8.4 pos '1194.6 928.0 -218.3' spd  26.9 yaw 248 mode 2 st 1 gl 0 hp 100 frg 0
ARGEVT Joe Rogan stall
ARGUS STALLDBG dz -144.0 horiz  87.0 gapclk  -8.9 hz48 0 hop 0 pos ' 17.5 624.0  24.0'
ARGEVT Joe Rogan stallnode ' 49.0 705.0 -120.0'
ARGEVT Joe Rogan jump
ARGLOG Joe Rogan t   8.9 pos ' 23.9 624.0  35.9' spd 123.7 yaw  84.3 mode 0 st 1 gl 0 hp 100 frg 0
ARGLOG Romero t   8.9 pos ' 53.7 2969.9 -88.0' spd 321.0 yaw 355 mode 2 st 0 gl 0 hp 100 frg 0
ARGLOG Carmack t   8.9 pos '1173.8 956.3 -256.0' spd 311.5 yaw 39 mode 2 st 1 gl 0 hp 100 frg 0
ARGEVT Romero hazard
ARGEVT Carmack hazard
ARGEVT Joe Rogan route 29 start ' 81.0 545.0  24.0' goal '145.0 2337.0  40.0'
ARGLOG Joe Rogan t   9.4 pos ' 88.5 624.0  36.8' spd 125.5 yaw 343 mode 2 st 1 gl 0 hp 100 frg 0
ARGLOG Romero t   9.4 pos ' 45.5 2965.4 -88.0' spd 313.1 yaw 356 mode 2 st 0 gl 0 hp 100 frg 0
ARGLOG Carmack t   9.4 pos '1169.4 1020.6 -256.0' spd 322.4 yaw 15 mode 2 st 1 gl 0 hp 100 frg 0
ARGEVT Joe Rogan hazard
ARGLOG Joe Rogan t   9.9 pos '155.6 516.7  24.0' spd 350.6 yaw 119 mode 2 st 1 gl 0 hp 100 frg 0
ARGLOG Romero t   9.9 pos ' 43.0 2958.6 -88.0' spd  85.0 yaw 358 mode 2 st 0 gl 0 hp 100 frg 0
ARGLOG Carmack t   9.9 pos '1172.6 928.0 -256.0' spd  66.6 yaw 46 mode 2 st 1 gl 0 hp 100 frg 0
ARGEVT Romero hazard
ARGEVT Carmack hazard
ARGEVT Romero stall
ARGUS STALLDBG dz -32.0 horiz  78.8 gapclk  -6.5 hz48 1 hop 0 pos ' 35.6 2960.0 -88.0'
ARGEVT Romero stallnode '113.0 2945.0 -120.0'
ARGEVT Romero jump
ARGEVT Romero door
ARGEVT Romero door
ARGLOG Joe Rogan t  10.5 pos '205.2 557.6  24.0' spd 328.7 yaw 119 mode 2 st 1 gl 0 hp 100 frg 0
ARGEVT Romero door
ARGLOG Romero t  10.5 pos ' 35.8 2955.8 -59.0' spd  46.8 yaw  34.3 mode 0 st 1 gl 0 hp 100 frg 0
ARGLOG Carmack t  10.5 pos '1218.2 890.4 -256.0' spd 355.1 yaw 201.0 mode 2 st 1 gl 0 hp 100 frg 0
ARGEVT Romero door
ARGEVT Romero route 12 start '-15.0 2945.0 -56.0' goal '817.0 2433.0 -344.0'
ARGLOG Joe Rogan t  11.0 pos '272.0 624.0  24.0' spd 0 yaw 136 mode 2 st 1 gl 0 hp 100 frg 0
ARGLOG Romero t  11.0 pos ' 54.5 2979.1 -88.0' spd  99.1 yaw 330 mode 2 st 1 gl 0 hp 100 frg 0
ARGEVT Romero jump
ARGLOG Carmack t  11.0 pos '1206.2 912.8 -256.0' spd 338.7 yaw 57 mode 2 st 1 gl 0 hp 100 frg 0
ARGEVT Carmack stall
ARGUS STALLDBG dz -152.0 horiz 153.7 gapclk  -5.7 hz48 0 hop 0 pos '1211.3 929.4 -256.0'
ARGEVT Carmack stallnode '1297.0 1057.0 -408.0'
ARGEVT Carmack jump
ARGEVT Carmack route 2 start '1169.0 993.0 -256.0' goal '1297.0 1057.0 -408.0'
ARGLOG Joe Rogan t  11.5 pos '272.0 624.0  24.0' spd 0 yaw 136 mode 2 st 1 gl 0 hp 100 frg 0
ARGLOG Romero t  11.5 pos ' 16.0 2992.0 -65.4' spd 0 yaw 335 mode 2 st 1 gl 0 hp 100 frg 0
ARGLOG Carmack t  11.5 pos '1253.8 1077.9 -226.1' spd 335.2 yaw 249 mode 2 st 2 gl 0 hp 100 frg 0
ARGEVT Joe Rogan stall
ARGUS STALLDBG dz -144.0 horiz 237.3 gapclk   0.1 hz48 0 hop 0 pos '272.0 624.0  24.0'
ARGEVT Joe Rogan stallnode ' 49.0 705.0 -120.0'
ARGEVT Joe Rogan jump
ARGEVT Romero hazard
ARGLOG Joe Rogan t  12.0 pos '272.0 624.0  61.7' spd 0 yaw  78.1 mode 0 st 2 gl 0 hp 100 frg 0
ARGLOG Romero t  12.0 pos ' 12.1 2866.4 -56.0' spd 392.9 yaw 15 mode 2 st 1 gl 0 hp 100 frg 0
ARGLOG Carmack t  12.0 pos '1180.9 1028.5 -256.0' spd 323.7 yaw 13 mode 2 st 2 gl 0 hp 100 frg 0
ARGEVT Joe Rogan route 28 start '241.0 577.0  24.0' goal '145.0 2337.0  40.0'
ARGLOG Joe Rogan t  12.5 pos '296.8 603.8  24.0' spd 296.8 yaw 157 mode 2 st 2 gl 0 hp 100 frg 0
ARGLOG Romero t  12.5 pos '163.9 2848.3 -56.0' spd 208.1 yaw 34 mode 2 st 1 gl 0 hp 100 frg 0
ARGLOG Carmack t  12.5 pos '1165.6 928.0 -243.2' spd  66.8 yaw 44 mode 2 st 2 gl 0 hp 100 frg 0
ARGEVT Joe Rogan hazard
ARGEVT Carmack hazard
ARGEVT Romero hazard
ARGLOG Joe Rogan t  13.0 pos '273.7 544.3  24.0' spd 342.3 yaw 127 mode 2 st 2 gl 0 hp 100 frg 0
ARGLOG Romero t  13.0 pos ' 50.7 2864.8 -56.0' spd 137.3 yaw 17 mode 2 st 1 gl 0 hp 100 frg 0
ARGLOG Carmack t  13.0 pos '1202.4 922.7 -256.0' spd 174.9 yaw 54 mode 2 st 2 gl 0 hp 100 frg 0
ARGLOG Joe Rogan t  13.5 pos '132.7 630.2  24.0' spd 320.8 yaw 112 mode 2 st 2 gl 0 hp 100 frg 0
ARGLOG Romero t  13.5 pos ' -4.7 2898.9 -56.0' spd 240.0 yaw 8 mode 2 st 1 gl 0 hp 100 frg 0
ARGLOG Carmack t  13.5 pos '1214.6 862.1 -256.0' spd 337.2 yaw  85.5 mode 2 st 2 gl 0 hp 100 frg 0
ARGEVT Joe Rogan hazard
ARGEVT Romero hazard
ARGLOG Joe Rogan t  14.0 pos ' 38.8 618.0  24.0' spd 189.5 yaw 87 mode 2 st 2 gl 0 hp 100 frg 0
ARGLOG Romero t  14.0 pos ' 63.4 2990.9 -88.0' spd 274.2 yaw 350 mode 2 st 1 gl 0 hp 100 frg 0
ARGLOG Carmack t  14.0 pos '1268.7 1018.3 -256.0' spd 322.3 yaw  38.7 mode 1 st 2 gl 0 hp 100 frg 0
ARGLOG Joe Rogan t  14.6 pos ' 13.9 624.0  24.0' spd  20.3 yaw 80 mode 2 st 2 gl 0 hp 100 frg 0
ARGLOG Romero t  14.6 pos ' 55.2 2976.3 -88.0' spd 303.7 yaw 353 mode 2 st 1 gl 0 hp 100 frg 0
ARGLOG Carmack t  14.6 pos '1424.0 1012.6 -256.0' spd 389.7 yaw 236.5 mode 1 st 2 gl 0 hp 100 frg 0
ARGEVT Romero stall
ARGUS STALLDBG dz -32.0 horiz  64.2 gapclk -10.8 hz48 1 hop 0 pos ' 52.2 2965.9 -88.0'
ARGEVT Romero stallnode '113.0 2945.0 -120.0'
ARGEVT Romero jump
ARGEVT Romero door
ARGEVT Romero door
ARGEVT Joe Rogan hazard
ARGEVT Romero door
ARGEVT Romero door
ARGEVT Romero route 12 start '-15.0 2945.0 -56.0' goal '817.0 2433.0 -344.0'
ARGLOG Joe Rogan t  15.1 pos '  9.9 624.0  24.0' spd  76.6 yaw 79 mode 2 st 2 gl 0 hp 100 frg 0
ARGLOG Romero t  15.1 pos '110.6 2925.6 -58.0' spd 209.0 yaw 129.8 mode 2 st 2 gl 0 hp 100 frg 0
ARGLOG Carmack t  15.1 pos '1277.5 963.2 -256.0' spd 432.6 yaw  72.3 mode 1 st 2 gl 0 hp 100 frg 0
ARGEVT Joe Rogan stall
ARGUS STALLDBG dz -144.0 horiz  86.9 gapclk  -3.5 hz48 0 hop 0 pos ' 17.6 624.0  24.0'
ARGEVT Joe Rogan stallnode ' 49.0 705.0 -120.0'
ARGEVT Joe Rogan jump
ARGLOG Joe Rogan t  15.6 pos ' 47.0 624.0  61.7' spd 114.7 yaw 36 mode 0 st 3 gl 0 hp 100 frg 0
ARGLOG Romero t  15.6 pos ' 74.7 2983.1 -104.0' spd 291.3 yaw 203 mode 2 st 2 gl 0 hp 92 frg 0
ARGLOG Carmack t  15.6 pos '1394.5 1069.2 -256.0' spd 439.4 yaw 269.8 mode 1 st 2 gl 0 hp 100 frg 0
ARGEVT Joe Rogan route 29 start ' 81.0 545.0  24.0' goal '145.0 2337.0  40.0'
ARGEVT Romero jump
ARGLOG Joe Rogan t  16.1 pos ' 99.7 600.2  24.0' spd 294.1 yaw 351 mode 2 st 3 gl 0 hp 100 frg 0
ARGLOG Romero t  16.1 pos ' 32.0 2920.2 -52.8' spd 122.5 yaw 5 mode 2 st 2 gl 0 hp 92 frg 0
ARGLOG Carmack t  16.1 pos '1314.5 940.0 -256.0' spd 435.2 yaw 106.3 mode 1 st 2 gl 0 hp 100 frg 0
ARGEVT Joe Rogan hazard
ARGLOG Joe Rogan t  16.6 pos '202.3 562.3  24.0' spd 320.9 yaw 119 mode 2 st 3 gl 0 hp 100 frg 0
ARGLOG Romero t  16.6 pos ' 82.1 2910.9 -136.0' spd 323.7 yaw 5 mode 2 st 2 gl 0 hp 84 frg 0
ARGLOG Carmack t  16.6 pos '1354.6 1091.5 -256.0' spd 440.3 yaw 302.1 mode 1 st 2 gl 0 hp 100 frg 0
ARGEVT Romero jump
ARGLOG Joe Rogan t  17.1 pos '293.9 624.0  24.0' spd 231.7 yaw 139 mode 2 st 3 gl 0 hp 100 frg 0
ARGLOG Romero t  17.1 pos '238.5 2982.2 -85.0' spd 336.6 yaw 350 mode 2 st 2 gl 0 hp 84 frg 0
ARGLOG Carmack t  17.1 pos '1357.1 940.1 -256.0' spd 431.7 yaw 138.0 mode 1 st 2 gl 0 hp 100 frg 0
ARGEVT Romero swim
ARGLOG Joe Rogan t  17.6 pos '272.0 624.0  24.0' spd 0 yaw 136 mode 2 st 3 gl 0 hp 100 frg 0
ARGLOG Romero t  17.6 pos '304.0 2971.3 -145.2' spd 125.1 yaw 349 mode 2 st 2 gl 0 hp 80 frg 0
ARGLOG Carmack t  17.6 pos '1313.1 1089.7 -256.0' spd 439.6 yaw 333.8 mode 1 st 2 gl 0 hp 100 frg 0
ARGLOG Joe Rogan t  18.1 pos '272.0 624.0  24.0' spd 0 yaw 136 mode 2 st 3 gl 0 hp 100 frg 0
ARGLOG Romero t  18.1 pos '304.0 2888.7 -140.6' spd 107.2 yaw 23 mode 2 st 2 gl 0 hp 80 frg 0
ARGLOG Carmack t  18.1 pos '1396.5 962.7 -256.0' spd 427.0 yaw 170.3 mode 1 st 2 gl 0 hp 100 frg 0
ARGEVT Joe Rogan stall
ARGUS STALLDBG dz -144.0 horiz 237.3 gapclk  -6.4 hz48 0 hop 0 pos '272.0 624.0  24.0'
ARGEVT Joe Rogan stallnode ' 49.0 705.0 -120.0'
ARGEVT Joe Rogan jump
ARGUS routecache adopt
ARGEVT Joe Rogan route 28 start '241.0 577.0  24.0' goal '145.0 2337.0  40.0'
ARGLOG Joe Rogan t  18.7 pos '272.0 617.3  53.0' spd  36.3 yaw 158 mode 2 st 4 gl 0 hp 100 frg 0
ARGLOG Romero t  18.7 pos '304.0 2919.0 -136.2' spd 159.2 yaw 11 mode 2 st 2 gl 0 hp 72 frg 0
ARGLOG Carmack t  18.7 pos '1282.1 1067.8 -256.0' spd 438.5 yaw   4.2 mode 1 st 2 gl 0 hp 100 frg 0
ARGEVT Romero swim
ARGEVT Romero swim
ARGLOG Joe Rogan t  19.2 pos '179.3 619.0  24.0' spd 346.3 yaw 121 mode 2 st 4 gl 0 hp 100 frg 0
ARGLOG Romero t  19.2 pos '304.0 2990.3 -135.8' spd  24.3 yaw 341 mode 2 st 2 gl 0 hp 72 frg 0
ARGLOG Carmack t  19.2 pos '1415.5 1004.4 -256.0' spd 389.4 yaw 199.7 mode 1 st 2 gl 0 hp 100 frg 0
ARGEVT Romero swim
ARGEVT Joe Rogan hazard
ARGEVT Romero swim
ARGLOG Joe Rogan t  19.7 pos '109.5 640.0  24.0' spd 124.6 yaw 107 mode 2 st 4 gl 0 hp 100 frg 0
ARGLOG Romero t  19.7 pos '304.0 2930.0 -137.6' spd 171.5 yaw 6 mode 2 st 2 gl 0 hp 68 frg 0
ARGEVT Romero swim
ARGLOG Carmack t  19.7 pos '1266.0 1043.9 -256.0' spd 436.4 yaw  35.2 mode 1 st 2 gl 0 hp 100 frg 0
ARGEVT Romero swim
ARGLOG Joe Rogan t  20.2 pos '117.0 640.0  24.0' spd 304.1 yaw 109 mode 2 st 4 gl 0 hp 100 frg 0
ARGLOG Romero t  20.2 pos '304.0 2896.0 -137.3' spd  43.6 yaw 20 mode 2 st 2 gl 0 hp 68 frg 0
ARGEVT Romero swim
ARGLOG Carmack t  20.2 pos '1373.3 1083.9 -227.7' spd 160.7 yaw 230.1 mode 1 st 2 gl 0 hp 100 frg 0
ARGEVT Romero swim
ARGEVT Joe Rogan hazard
ARGEVT Romero swim
ARGLOG Joe Rogan t  20.7 pos ' 33.1 624.0  24.0' spd 126.1 yaw 85 mode 2 st 4 gl 0 hp 100 frg 0
ARGLOG Romero t  20.7 pos '304.0 2966.6 -136.8' spd 183.2 yaw 351 mode 2 st 2 gl 0 hp 60 frg 0
ARGLOG Carmack t  20.7 pos '1315.0 1034.6 -256.0' spd 359.7 yaw 121.7 mode 1 st 2 gl 0 hp 100 frg 0
ARGEVT Romero swim
ARGEVT Romero swim
ARGLOG Joe Rogan t  21.2 pos ' 15.5 624.0  24.0' spd  18.3 yaw 80 mode 2 st 4 gl 0 hp 100 frg 0
ARGLOG Romero t  21.2 pos '304.0 2969.6 -136.4' spd 115.7 yaw 350 mode 2 st 2 gl 0 hp 60 frg 0
ARGLOG Carmack t  21.2 pos '1329.8 1189.2 -282.6' spd 434.0 yaw 317.5 mode 1 st 2 gl 0 hp 100 frg 0
ARGEVT Carmack hazard
ARGEVT Romero swim
ARGEVT Joe Rogan hazard
ARGEVT Romero swim
ARGLOG Joe Rogan t  21.7 pos ' 11.3 624.0  24.0' spd  78.1 yaw 79 mode 2 st 4 gl 0 hp 100 frg 0
ARGLOG Romero t  21.7 pos '304.0 2892.1 -136.0' spd 108.5 yaw 22 mode 2 st 2 gl 0 hp 52 frg 0
ARGLOG Carmack t  21.7 pos '1301.2 1019.8 -256.0' spd 402.5 yaw 160.7 mode 1 st 2 gl 0 hp 100 frg 0
ARGEVT Romero swim
ARGEVT Romero swim
ARGLOG Joe Rogan t  22.3 pos '  9.6 624.0  24.0' spd  26.8 yaw 79 mode 2 st 4 gl 0 hp 100 frg 0
ARGLOG Romero t  22.3 pos '304.0 2931.2 -135.7' spd 162.8 yaw 6 mode 2 st 2 gl 0 hp 52 frg 0
ARGLOG Carmack t  22.3 pos '1194.8 1023.8 -256.0' spd 276.0 yaw 11 mode 1 st 2 gl 0 hp 100 frg 0
ARGEVT Romero swim
ARGEVT Joe Rogan stall
ARGUS STALLDBG dz -144.0 horiz  86.9 gapclk -10.7 hz48 0 hop 0 pos ' 17.5 624.0  24.0'
ARGEVT Joe Rogan stallnode ' 49.0 705.0 -120.0'
ARGEVT Joe Rogan jump
ARGEVT Romero swim
ARGUS routecache adopt
ARGEVT Joe Rogan route 29 start ' 81.0 545.0  24.0' goal '145.0 2337.0  40.0'
ARGLOG Joe Rogan t  22.8 pos ' 51.1 624.0  61.7' spd 130.5 yaw 347 mode 2 st 5 gl 0 hp 100 frg 0
ARGLOG Romero t  22.8 pos '304.0 2988.2 -137.6' spd  34.2 yaw 342 mode 2 st 2 gl 0 hp 44 frg 0
ARGEVT Romero swim
ARGLOG Carmack t  22.8 pos '1355.6 1071.6 -256.0' spd 370.9 yaw  88.2 mode 1 st 2 gl 0 hp 100 frg 0
ARGEVT Romero swim
ARGEVT Romero swim
ARGLOG Joe Rogan t  23.3 pos '106.8 596.0  24.0' spd 305.3 yaw 352 mode 2 st 5 gl 0 hp 100 frg 0
ARGLOG Romero t  23.3 pos '304.0 2920.6 -137.1' spd 171.9 yaw 10 mode 2 st 2 gl 0 hp 44 frg 0
ARGLOG Carmack t  23.3 pos '1272.5 1104.8 -256.0' spd 382.0 yaw 251.8 mode 1 st 2 gl 0 hp 100 frg 0
ARGEVT Joe Rogan hazard
ARGEVT Romero swim
ARGEVT Romero swim
ARGLOG Joe Rogan t  23.8 pos '194.9 534.9  24.0' spd 326.2 yaw 130 mode 2 st 5 gl 0 hp 100 frg 0
ARGLOG Romero t  23.8 pos '304.0 2900.5 -136.6' spd  83.2 yaw 19 mode 2 st 2 gl 0 hp 36 frg 0
ARGLOG Carmack t  23.8 pos '1317.1 955.8 -256.0' spd 435.9 yaw  55.6 mode 1 st 2 gl 0 hp 100 frg 0
ARGEVT Romero stall
ARGUS STALLDBG dz  81.4 horiz  26.3 gapclk -20.1 hz48 0 hop 0 pos '304.0 2918.8 -137.4'
ARGEVT Romero stallnode '305.0 2945.0 -56.0'
ARGEVT Romero swim
ARGEVT Romero route 14 start '209.0 2945.0 -152.0' goal '817.0 2433.0 -344.0'
ARGEVT Joe Rogan abandon
ARGEVT Joe Rogan plan powerup via weapon
ARGEVT Joe Rogan goal weapon_grenadelauncher
ARGEVT Romero abandon
ARGEVT Romero goal item_health
ARGEVT Romero swim
ARGEVT Carmack abandon
ARGEVT Carmack goal weapon_rocketlauncher
ARGEVT Joe Rogan route 14 start '241.0 577.0  24.0' goal '1169.0 1057.0 -408.0'
ARGLOG Joe Rogan t  24.3 pos '307.6 624.0  24.0' spd 122.6 yaw 162 mode 2 st 5 gl 0 hp 100 frg 0
ARGLOG Romero t  24.3 pos '304.0 2980.8 -136.3' spd 194.4 yaw  37.4 mode 0 st 3 gl 0 hp 36 frg 0
ARGLOG Carmack t  24.3 pos '1345.3 1118.3 -256.0' spd 323.8 yaw 134 mode 0 st 2 gl 0 hp 100 frg 0
ARGEVT Romero swim
ARGEVT Romero route 13 start '209.0 2945.0 -152.0' goal '945.0 2433.0 -112.0'
ARGEVT Romero swim
ARGEVT Carmack hazard
ARGLOG Joe Rogan t  24.8 pos '202.7 582.6  24.0' spd 374.1 yaw 121 mode 2 st 5 gl 0 hp 100 frg 0
ARGLOG Romero t  24.8 pos '303.2 2972.8 -136.0' spd 110.4 yaw 185 mode 2 st 3 gl 0 hp 28 frg 0
ARGLOG Carmack t  24.8 pos '1261.4 1255.8 -306.8' spd 329.1 yaw 101.0 mode 0 st 2 gl 0 hp 100 frg 0
ARGEVT Carmack route 18 start '1265.0 1185.0 -280.0' goal '145.0 2337.0  40.0'
ARGEVT Romero swim
ARGEVT Romero swim
ARGEVT Joe Rogan hazard
ARGLOG Joe Rogan t  25.3 pos ' 80.0 637.4  24.0' spd  24.7 yaw 99 mode 2 st 5 gl 0 hp 100 frg 0
ARGLOG Romero t  25.3 pos '250.7 2925.7 -135.7' spd 183.4 yaw 175 mode 2 st 3 gl 0 hp 28 frg 0
ARGLOG Carmack t  25.3 pos '1259.7 1364.6 -367.3' spd 135.5 yaw 84 mode 0 st 2 gl 0 hp 100 frg 0
ARGEVT Romero swim
ARGEVT Carmack route 19 start '1265.0 1313.0 -344.0' goal '145.0 2337.0  40.0'
ARGEVT Romero swim
ARGEVT Carmack hazard
ARGLOG Joe Rogan t  25.9 pos ' 80.0 633.5  24.0' spd 147.9 yaw 98 mode 2 st 5 gl 0 hp 100 frg 0
ARGLOG Romero t  25.9 pos '142.6 2917.0 -136.0' spd 236.1 yaw 169 mode 2 st 3 gl 0 hp 20 frg 0
ARGEVT Romero jump
ARGLOG Carmack t  25.9 pos '1258.6 1525.0 -397.1' spd 297.2 yaw 272 mode 2 st 2 gl 0 hp 100 frg 0
ARGEVT Joe Rogan stall
ARGUS STALLDBG dz -144.0 horiz  84.7 gapclk -14.3 hz48 0 hop 0 pos ' 80.0 626.2  24.0'
ARGEVT Joe Rogan stallnode ' 49.0 705.0 -120.0'
ARGEVT Joe Rogan jump
ARGEVT Joe Rogan route 15 start ' 81.0 545.0  24.0' goal '1169.0 1057.0 -408.0'
ARGLOG Joe Rogan t  26.4 pos ' 80.4 631.6  61.7' spd  37.3 yaw 342 mode 2 st 6 gl 0 hp 100 frg 0
ARGLOG Romero t  26.4 pos ' 21.5 2924.5 -113.4' spd 236.1 yaw 12 mode 2 st 3 gl 0 hp 20 frg 0
ARGLOG Carmack t  26.4 pos '1272.8 1465.5 -408.0' spd 320.7 yaw 269 mode 2 st 2 gl 0 hp 100 frg 0
ARGEVT Romero swim
ARGEVT Carmack jump
ARGLOG Joe Rogan t  26.9 pos ' 98.2 612.3  24.0' spd 310.0 yaw 347 mode 2 st 6 gl 0 hp 100 frg 0
ARGLOG Romero t  26.9 pos ' 28.6 2928.0 -145.0' spd  97.0 yaw 3 mode 2 st 3 gl 0 hp 16 frg 0
ARGLOG Carmack t  26.9 pos '1269.8 1301.7 -338.8' spd 281.5 yaw 281 mode 2 st 2 gl 0 hp 100 frg 0
ARGEVT Joe Rogan hazard
ARGLOG Joe Rogan t  27.4 pos '137.1 513.6  24.0' spd 340.2 yaw 114 mode 2 st 6 gl 0 hp 100 frg 0
ARGLOG Romero t  27.4 pos ' 32.0 2928.0 -140.4' spd 0 yaw 3 mode 2 st 3 gl 0 hp 16 frg 0
ARGLOG Carmack t  27.4 pos '1277.7 1136.8 -256.3' spd 322.6 yaw 233 mode 2 st 2 gl 0 hp 100 frg 0
ARGEVT Romero stall
ARGUS STALLDBG dz  19.0 horiz  82.8 gapclk -23.7 hz48 0 hop 0 pos ' 32.0 2928.0 -139.0'
ARGEVT Romero stallnode '113.0 2945.0 -120.0'
ARGEVT Romero route 13 start ' 49.0 2849.0 -152.0' goal '945.0 2433.0 -112.0'
ARGLOG Joe Rogan t  27.9 pos '232.1 616.0  24.0' spd 165.9 yaw 130 mode 2 st 6 gl 0 hp 100 frg 0
ARGLOG Romero t  27.9 pos ' 32.0 2919.8 -135.8' spd  34.2 yaw  21.3 mode 2 st 4 gl 0 hp 8 frg 0
ARGLOG Carmack t  27.9 pos '1254.3 973.1 -256.0' spd 407.6 yaw 232 mode 2 st 2 gl 0 hp 100 frg 0
ARGEVT Romero jump
ARGEVT Joe Rogan hazard
ARGLOG Joe Rogan t  28.4 pos ' 90.5 640.0  24.0' spd 354.9 yaw 102 mode 2 st 6 gl 0 hp 100 frg 0
ARGLOG Romero t  28.4 pos ' 57.4 2918.7 -106.0' spd  71.9 yaw 25 mode 2 st 4 gl 0 hp 8 frg 0
ARGLOG Carmack t  28.4 pos '1169.2 955.6 -252.5' spd  38.2 yaw 38 mode 2 st 2 gl 0 hp 100 frg 0
ARGEVT Romero death world pos ' 61.6 2925.7 -122.5'
ARGEVT Carmack hazard
ARGLOG Joe Rogan t  28.9 pos ' 80.0 640.0  24.0' spd 0 yaw 99 mode 2 st 6 gl 0 hp 100 frg 0
ARGLOG Carmack t  28.9 pos '1200.0 877.0 -256.0' spd 351.2 yaw 142 mode 2 st 2 gl 0 hp 100 frg 0
ARGEVT Joe Rogan hazard
ARGLOG Joe Rogan t  29.5 pos ' 80.0 640.0  24.0' spd 0 yaw 99 mode 2 st 6 gl 0 hp 100 frg 0
ARGLOG Carmack t  29.5 pos '1206.2 933.0 -256.0' spd 343.9 yaw 144 mode 2 st 2 gl 0 hp 100 frg 0
ARGEVT Joe Rogan stall
ARGUS STALLDBG dz -144.0 horiz  72.1 gapclk -17.9 hz48 0 hop 0 pos ' 80.0 640.0  24.0'
ARGEVT Joe Rogan stallnode ' 49.0 705.0 -120.0'
ARGEVT Joe Rogan jump
ARGEVT Joe Rogan route 15 start ' 81.0 545.0  24.0' goal '1169.0 1057.0 -408.0'
ARGLOG Joe Rogan t  30.0 pos ' 82.5 640.0  61.7' spd  28.5 yaw 339 mode 2 st 7 gl 0 hp 100 frg 0
ARGLOG Carmack t  30.0 pos '1292.5 1078.6 -256.0' spd 347.4 yaw 102.6 mode 0 st 2 gl 0 hp 100 frg 0
ARGEVT Romero respawn
ARGEVT Carmack engage Romero
ARGEVT Carmack grab item_armor2
ARGEVT Romero goal item_armor2
ARGEVT Romero engage Carmack
ARGEVT Romero grab item_armor2
ARGLOG Romero t  30.1 pos '1312.0 880.0 -256.0' spd 0 yaw  91.8 mode 0 st 4 gl 0 hp 100 frg -1
ARGEVT Carmack route 17 start '1329.0 993.0 -256.0' goal '145.0 2337.0  40.0'
ARGEVT Romero route 3 start '1329.0 993.0 -256.0' goal '1297.0 1057.0 -408.0'
ARGLOG Joe Rogan t  30.5 pos ' 96.6 613.0  24.0' spd 304.0 yaw 346 mode 2 st 7 gl 0 hp 100 frg 0
ARGLOG Carmack t  30.5 pos '1310.3 1038.1 -256.0' spd 188.4 yaw 274.5 mode 2 st 2 gl 0 hp 100 frg 0
ARGLOG Romero t  30.6 pos '1312.1 1017.8 -256.0' spd 163.2 yaw 147.1 mode 2 st 4 gl 0 hp 100 frg -1
ARGEVT Joe Rogan hazard
ARGLOG Joe Rogan t  31.0 pos '176.0 514.1  24.0' spd  39.2 yaw 123 mode 2 st 7 gl 0 hp 100 frg 0
ARGLOG Carmack t  31.0 pos '1203.8 968.1 -256.0' spd 119.4 yaw  39.4 mode 2 st 2 gl 0 hp 100 frg 0
ARGLOG Romero t  31.1 pos '1308.5 1046.6 -256.0' spd 130.6 yaw 220.7 mode 2 st 4 gl 0 hp 76 frg -1
ARGLOG Joe Rogan t  31.5 pos '271.2 609.9  24.0' spd 178.0 yaw 134 mode 2 st 7 gl 0 hp 100 frg 0
ARGLOG Carmack t  31.5 pos '1326.1 1062.5 -256.0' spd 252.7 yaw 159.6 mode 2 st 2 gl 0 hp 76 frg 0
ARGLOG Romero t  31.7 pos '1213.7 1078.2 -256.0' spd 332.4 yaw 350.6 mode 2 st 4 gl 0 hp 52 frg -1
ARGLOG Joe Rogan t  32.0 pos '143.2 628.2  24.0' spd 338.5 yaw 114 mode 2 st 7 gl 0 hp 100 frg 0
ARGLOG Carmack t  32.0 pos '1363.8 952.4 -256.0' spd 330.3 yaw 187.5 mode 2 st 2 gl 0 hp 52 frg 0
ARGEVT Carmack grab item_health
ARGEVT Romero grab item_health
ARGLOG Romero t  32.2 pos '1161.9 928.0 -235.8' spd  23.9 yaw 353.3 mode 2 st 4 gl 0 hp 48 frg -1
ARGEVT Joe Rogan hazard
ARGLOG Joe Rogan t  32.5 pos ' 75.2 622.9  24.0' spd 113.4 yaw 97 mode 2 st 7 gl 0 hp 100 frg 0
ARGLOG Carmack t  32.5 pos '1251.8 910.4 -256.0' spd 330.7 yaw 127.1 mode 2 st 2 gl 0 hp 43 frg 0
ARGEVT Romero grab item_health
ARGLOG Romero t  32.7 pos '1184.6 948.1 -256.0' spd 330.9 yaw 337.6 mode 2 st 4 gl 0 hp 48 frg -1
ARGEVT Carmack retreat
ARGLOG Joe Rogan t  33.0 pos ' 19.6 624.0  24.0' spd  94.4 yaw 81 mode 2 st 7 gl 0 hp 100 frg 0
ARGLOG Carmack t  33.0 pos '1289.5 1004.6 -256.0' spd 106.1 yaw 168.0 mode 2 st 2 gl 0 hp 19 frg 0
ARGEVT Romero grab item_health
ARGEVT Carmack death Romero pos '1247.7 989.8 -256.0'
ARGUS Romero watch spawn
ARGLOG Romero t  33.2 pos '1183.6 1040.6 -256.0' spd 174.7 yaw 321.0 mode 2 st 4 gl 0 hp 24 frg 0
ARGEVT Joe Rogan hazard
ARGEVT Romero goal item_health
ARGEVT Romero route 1 start '1169.0 993.0 -256.0' goal '945.0 993.0 -248.0'
ARGLOG Joe Rogan t  33.6 pos '  9.1 624.0  24.0' spd  16.2 yaw 79 mode 2 st 7 gl 0 hp 100 frg 0
ARGEVT Romero hazard
ARGLOG Romero t  33.7 pos '1210.1 887.5 -256.0' spd 325.1 yaw 160.4 mode 2 st 4 gl 0 hp 24 frg 0
ARGEVT Joe Rogan stall
ARGUS STALLDBG dz -144.0 horiz  87.2 gapclk -22.2 hz48 0 hop 0 pos ' 16.8 624.0  24.0'
ARGEVT Joe Rogan stallnode ' 49.0 705.0 -120.0'
ARGEVT Joe Rogan jump
ARGLOG Joe Rogan t  34.1 pos ' 22.5 624.0  35.7' spd 112.0 yaw  51.7 mode 0 st 8 gl 0 hp 100 frg 0
ARGEVT Joe Rogan route 15 start ' 81.0 545.0  24.0' goal '1169.0 1057.0 -408.0'
ARGLOG Romero t  34.2 pos '1214.3 949.4 -256.0' spd 345.0 yaw 170 mode 2 st 4 gl 0 hp 24 frg 0
ARGLOG Joe Rogan t  34.6 pos ' 80.3 622.4  37.3' spd 116.4 yaw 345 mode 2 st 8 gl 0 hp 100 frg 0
ARGLOG Romero t  34.7 pos '1156.6 992.0 -256.0' spd  67.5 yaw 296.5 mode 1 st 4 gl 0 hp 24 frg 0
ARGEVT Carmack respawn
ARGEVT Carmack goal weapon_rocketlauncher
ARGLOG Carmack t  34.8 pos '528.0 1888.0 -168.0' spd 0 yaw 163.4 mode 0 st 2 gl 0 hp 100 frg 0
ARGEVT Carmack route 14 start '529.0 1921.0 -168.0' goal '145.0 2337.0  40.0'
ARGEVT Joe Rogan hazard
ARGLOG Joe Rogan t  35.1 pos '132.2 513.2  24.0' spd 321.5 yaw 113 mode 2 st 8 gl 0 hp 100 frg 0
ARGLOG Romero t  35.3 pos '1216.7 862.4 -256.0' spd 406.6 yaw 197.9 mode 1 st 4 gl 0 hp 24 frg 0
ARGEVT Romero hazard
ARGLOG Carmack t  35.3 pos '381.4 1940.3 -168.0' spd 323.7 yaw 186 mode 2 st 2 gl 0 hp 100 frg 0
ARGLOG Joe Rogan t  35.6 pos '236.4 596.7  24.0' spd 348.5 yaw 128 mode 2 st 8 gl 0 hp 100 frg 0
ARGLOG Romero t  35.8 pos '1204.6 908.9 -256.0' spd 362.4 yaw  77.3 mode 1 st 4 gl 0 hp 24 frg 0
ARGLOG Carmack t  35.8 pos '217.3 1955.5 -184.0' spd 320.2 yaw 191 mode 2 st 2 gl 0 hp 100 frg 0
ARGLOG Joe Rogan t  36.1 pos '168.8 622.1  24.0' spd 342.0 yaw 119 mode 2 st 8 gl 0 hp 100 frg 0
ARGLOG Romero t  36.3 pos '1197.8 1077.2 -256.0' spd 235.7 yaw 209.2 mode 1 st 4 gl 0 hp 24 frg 0
ARGEVT Romero hazard
ARGEVT Joe Rogan hazard
ARGLOG Carmack t  36.3 pos ' 53.7 1936.9 -184.0' spd 320.3 yaw 145 mode 2 st 2 gl 0 hp 100 frg 0
ARGLOG Joe Rogan t  36.6 pos ' 61.1 622.0  24.0' spd 172.2 yaw 93 mode 2 st 8 gl 0 hp 100 frg 0
ARGLOG Romero t  36.8 pos '1168.3 945.1 -256.0' spd 413.4 yaw 210.4 mode 1 st 4 gl 0 hp 24 frg 0
ARGLOG Carmack t  36.9 pos '-113.7 1919.4 -184.0' spd 376.7 yaw 114 mode 2 st 2 gl 0 hp 100 frg 0
ARGLOG Joe Rogan t  37.2 pos ' 21.1 624.0  24.0' spd  59.6 yaw 82 mode 2 st 8 gl 0 hp 100 frg 0
ARGLOG Romero t  37.3 pos '1127.9 1014.1 -248.0' spd 320.6 yaw 176 mode 1 st 4 gl 0 hp 24 frg 0
ARGLOG Carmack t  37.4 pos '-213.6 2058.7 -152.0' spd 321.2 yaw 123 mode 2 st 2 gl 0 hp 100 frg 0
ARGEVT Joe Rogan hazard
ARGLOG Joe Rogan t  37.7 pos '  7.6 624.0  24.0' spd 109.8 yaw 78 mode 2 st 8 gl 0 hp 100 frg 0
ARGEVT Romero goal item_armor2
ARGEVT Romero route 3 start '945.0 1057.0 -248.0' goal '1297.0 1057.0 -408.0'
ARGLOG Romero t  37.8 pos '962.5 1023.5 -248.0' spd 352.4 yaw 323 mode 2 st 4 gl 1 hp 124 frg 0
ARGLOG Carmack t  37.9 pos '-264.6 2214.5 -136.0' spd 320.0 yaw 132 mode 2 st 2 gl 0 hp 100 frg 0
ARGLOG Joe Rogan t  38.2 pos ' 16.9 624.0  24.0' spd 117.3 yaw 81 mode 2 st 8 gl 0 hp 100 frg 0
ARGEVT Joe Rogan stall
ARGUS STALLDBG dz -144.0 horiz  88.8 gapclk -26.5 hz48 0 hop 0 pos ' 12.6 624.0  24.0'
ARGEVT Joe Rogan stallnode ' 49.0 705.0 -120.0'
ARGEVT Joe Rogan jump
ARGLOG Romero t  38.3 pos '970.9 868.2 -296.0' spd 433.6 yaw 0 mode 2 st 4 gl 1 hp 124 frg 0
ARGEVT Romero hazard
ARGLOG Carmack t  38.4 pos '-340.2 2361.7 -136.0' spd 329.0 yaw 122 mode 2 st 2 gl 0 hp 100 frg 0
ARGEVT Joe Rogan route 15 start ' 81.0 545.0  24.0' goal '1169.0 1057.0 -408.0'
ARGLOG Joe Rogan t  38.7 pos ' 36.7 624.0  62.0' spd  67.3 yaw 348 mode 2 st 9 gl 0 hp 100 frg 0
ARGLOG Romero t  38.8 pos '987.4 882.9 -280.0' spd 304.6 yaw 355 mode 2 st 4 gl 1 hp 124 frg 0
ARGLOG Carmack t  38.9 pos '-463.6 2461.8 -136.0' spd 340.3 yaw 110 mode 2 st 2 gl 0 hp 100 frg 0
ARGEVT Carmack hazard
ARGLOG Joe Rogan t  39.2 pos ' 81.5 570.0  24.0' spd 322.4 yaw 103 mode 2 st 9 gl 0 hp 100 frg 0
ARGLOG Romero t  39.4 pos '1050.0 995.3 -248.0' spd 345.5 yaw 313 mode 2 st 4 gl 1 hp 124 frg 0
ARGLOG Carmack t  39.4 pos '-480.0 2629.1 -104.0' spd 342.9 yaw 183 mode 2 st 2 gl 0 hp 100 frg 0
ARGEVT Romero hazard
ARGEVT Carmack lift
ARGLOG Joe Rogan t  39.7 pos '193.4 547.3  24.0' spd 329.9 yaw 132 mode 2 st 9 gl 0 hp 100 frg 0
ARGLOG Romero t  39.9 pos '1095.9 1008.0 -248.0' spd  22.8 yaw 298 mode 2 st 4 gl 1 hp 124 frg 0
ARGLOG Carmack t  39.9 pos '-553.8 2763.0 -104.0' spd 123.8 yaw 274 mode 2 st 2 gl 0 hp 100 frg 0
ARGEVT Carmack board
ARGEVT Carmack jump
ARGLOG Joe Rogan t  40.2 pos '196.6 616.0  24.0' spd 339.1 yaw 124 mode 2 st 9 gl 0 hp 100 frg 0
ARGLOG Romero t  40.4 pos '1088.0 997.2 -248.0' spd  14.8 yaw 302 mode 2 st 4 gl 1 hp 124 frg 0
ARGLOG Carmack t  40.4 pos '-573.8 2666.5 -58.3' spd 0 yaw 279 mode 2 st 2 gl 0 hp 100 frg 0
ARGEVT Romero hazard
ARGEVT Joe Rogan hazard
ARGLOG Joe Rogan t  40.8 pos ' 80.0 640.0  24.0' spd 0 yaw 99 mode 2 st 9 gl 0 hp 100 frg 0
ARGLOG Romero t  40.9 pos '1088.0 977.9 -248.0' spd 0 yaw 306 mode 2 st 4 gl 1 hp 124 frg 0
ARGLOG Carmack t  41.0 pos '-572.8 2663.6  12.8' spd 0 yaw 278 mode 2 st 2 gl 0 hp 100 frg 0
ARGLOG Joe Rogan t  41.3 pos ' 80.0 640.0  24.0' spd 0 yaw 99 mode 2 st 9 gl 0 hp 100 frg 0
ARGEVT Romero stall
ARGUS STALLDBG dz  -8.0 horiz  82.4 gapclk  -7.8 hz48 1 hop 0 pos '1088.0 977.9 -248.0'
ARGEVT Romero stallnode '1169.0 993.0 -256.0'
ARGLOG Romero t  41.4 pos '1088.0 977.9 -248.0' spd 0 yaw 428.6 mode 0 st 5 gl 1 hp 124 frg 0
ARGEVT Romero jump
ARGLOG Carmack t  41.5 pos '-549.0 2551.6  56.0' spd 320.1 yaw 307 mode 2 st 2 gl 0 hp 100 frg 0
ARGEVT Joe Rogan hazard
ARGEVT Romero route 4 start '977.0 961.0 -248.0' goal '1297.0 1057.0 -408.0'
ARGLOG Joe Rogan t  41.8 pos ' 80.0 640.0  24.0' spd 0 yaw 99 mode 2 st 9 gl 0 hp 100 frg 0
ARGEVT Joe Rogan stall
ARGUS STALLDBG dz -144.0 horiz  72.1 gapclk -30.1 hz48 0 hop 0 pos ' 80.0 640.0  24.0'
ARGEVT Joe Rogan stallnode ' 49.0 705.0 -120.0'
ARGEVT Joe Rogan jump
ARGLOG Romero t  41.9 pos '1085.4 977.9 -225.3' spd  29.3 yaw 10 mode 2 st 5 gl 1 hp 122 frg 0
ARGLOG Carmack t  42.0 pos '-516.8 2388.3  56.0' spd 360.7 yaw 2 mode 2 st 2 gl 0 hp 100 frg 0
ARGEVT Joe Rogan route 15 start ' 81.0 545.0  24.0' goal '1169.0 1057.0 -408.0'
ARGLOG Joe Rogan t  42.3 pos ' 85.9 640.0  62.0' spd  33.7 yaw 338 mode 2 st 10 gl 0 hp 100 frg 0
ARGLOG Romero t  42.5 pos '974.7 992.0 -248.0' spd 327.4 yaw 327 mode 2 st 5 gl 1 hp 122 frg 0
ARGLOG Carmack t  42.5 pos '-362.7 2319.0  56.0' spd 338.9 yaw 347 mode 2 st 2 gl 0 hp 100 frg 0
ARGEVT Romero hazard
ARGLOG Joe Rogan t  42.8 pos ' 92.2 579.9  24.0' spd 321.5 yaw 109 mode 2 st 10 gl 0 hp 100 frg 0
ARGEVT Joe Rogan hazard
ARGLOG Romero t  43.0 pos '969.5 1090.7 -248.0' spd 321.6 yaw 312 mode 2 st 5 gl 1 hp 121 frg 0
ARGLOG Carmack t  43.0 pos '-207.8 2383.1  56.0' spd 332.8 yaw 353 mode 2 st 2 gl 0 hp 100 frg 0
ARGEVT Carmack hazard
ARGLOG Joe Rogan t  43.3 pos '182.4 531.7  24.0' spd 245.5 yaw 127 mode 2 st 10 gl 0 hp 100 frg 0
ARGLOG Romero t  43.5 pos '1064.2 998.6 -248.0' spd 399.8 yaw 309 mode 2 st 5 gl 1 hp 121 frg 0
ARGLOG Carmack t  43.5 pos '-144.0 2423.3  -2.6' spd  33.7 yaw 344 mode 2 st 2 gl 0 hp 100 frg 0
ARGEVT Romero hazard
ARGLOG Joe Rogan t  43.8 pos '271.5 610.4  24.0' spd  80.1 yaw 134 mode 2 st 10 gl 0 hp 100 frg 0
ARGLOG Romero t  44.0 pos '1088.0 1072.0 -248.0' spd 0 yaw 292 mode 2 st 5 gl 1 hp 120 frg 0
ARGLOG Carmack t  44.0 pos '-144.0 2372.4 -136.0' spd 330.6 yaw 354 mode 2 st 2 gl 0 hp 100 frg 0
ARGEVT Carmack hazard
ARGEVT Joe Rogan abandon
ARGEVT Joe Rogan plan powerup via weapon
ARGEVT Joe Rogan goal weapon_rocketlauncher
ARGLOG Joe Rogan t  44.4 pos '111.9 640.0  24.0' spd 297.9 yaw 121.7 mode 0 st 10 gl 0 hp 100 frg 0
ARGEVT Joe Rogan hazard
ARGLOG Romero t  44.5 pos '1084.4 996.5 -248.0' spd 288.7 yaw 303 mode 2 st 5 gl 1 hp 120 frg 0
ARGLOG Carmack t  44.6 pos '-145.4 2208.7 -136.0' spd 239.9 yaw 23 mode 2 st 2 gl 0 hp 100 frg 0
ARGEVT Joe Rogan route 29 start ' 81.0 545.0  24.0' goal '145.0 2337.0  40.0'
ARGEVT Romero hazard
ARGLOG Joe Rogan t  44.9 pos '103.2 640.0  24.0' spd 289.3 yaw 336 mode 2 st 10 gl 0 hp 100 frg 0
ARGLOG Romero t  45.0 pos '1088.0 1051.7 -248.0' spd 234.6 yaw 294 mode 2 st 5 gl 1 hp 119 frg 0
ARGLOG Carmack t  45.1 pos '-145.4 2261.6 -136.0' spd 257.2 yaw 14 mode 2 st 2 gl 0 hp 100 frg 0
ARGEVT Carmack hazard
ARGLOG Joe Rogan t  45.4 pos '185.8 528.0  24.0' spd 237.2 yaw 41 mode 2 st 10 gl 0 hp 100 frg 0
ARGLOG Romero t  45.5 pos '1088.0 1029.8 -248.0' spd 308.2 yaw 297 mode 2 st 5 gl 1 hp 119 frg 0
ARGLOG Carmack t  45.6 pos '-153.3 2336.9 -136.0' spd 118.4 yaw 0 mode 2 st 2 gl 0 hp 100 frg 0
ARGEVT Romero hazard
ARGLOG Joe Rogan t  45.9 pos ' 42.4 607.4  24.0' spd 408.2 yaw 86 mode 2 st 10 gl 0 hp 100 frg 0
ARGLOG Romero t  46.1 pos '1088.0 1018.7 -248.0' spd 322.8 yaw 298 mode 2 st 5 gl 1 hp 118 frg 0
ARGLOG Carmack t  46.1 pos '-144.0 2257.7 -136.0' spd 364.4 yaw 15 mode 2 st 2 gl 0 hp 100 frg 0
ARGEVT Carmack hazard
ARGLOG Joe Rogan t  46.4 pos '179.7 607.4  24.0' spd 323.4 yaw 143 mode 2 st 10 gl 0 hp 100 frg 0
ARGLOG Romero t  46.6 pos '1088.0 1048.8 -248.0' spd 165.9 yaw 294 mode 2 st 5 gl 1 hp 118 frg 0
ARGLOG Carmack t  46.6 pos '-144.0 2157.6 -136.0' spd 121.6 yaw 31 mode 2 st 2 gl 0 hp 100 frg 0
ARGEVT Romero hazard
ARGLOG Joe Rogan t  46.9 pos '339.6 624.0  24.0' spd 188.6 yaw 144 mode 2 st 10 gl 0 hp 100 frg 0
ARGLOG Romero t  47.1 pos '1080.9 986.3 -248.0' spd 322.3 yaw 306 mode 2 st 5 gl 1 hp 117 frg 0
ARGLOG Carmack t  47.1 pos '-144.0 2101.8 -138.0' spd 101.9 yaw 39 mode 2 st 2 gl 0 hp 100 frg 0
ARGLOG Joe Rogan t  47.4 pos '272.0 624.0  24.0' spd 0 yaw 136 mode 2 st 10 gl 0 hp 100 frg 0
ARGEVT Carmack hazard
ARGLOG Romero t  47.6 pos '1088.0 1064.5 -248.0' spd 127.4 yaw 293 mode 2 st 5 gl 1 hp 117 frg 0
ARGLOG Carmack t  47.6 pos '-146.4 2219.4 -136.0' spd 374.7 yaw 21 mode 2 st 2 gl 0 hp 100 frg 0
ARGLOG Joe Rogan t  48.0 pos '272.0 624.0  24.0' spd 0 yaw 136 mode 2 st 10 gl 0 hp 100 frg 0
ARGEVT Romero hazard
ARGLOG Romero t  48.1 pos '1069.1 981.8 -248.0' spd  30.4 yaw 311 mode 2 st 5 gl 1 hp 116 frg 0
ARGLOG Carmack t  48.2 pos '-148.7 2324.6 -136.0' spd 107.0 yaw 2 mode 2 st 2 gl 0 hp 100 frg 0
ARGEVT Joe Rogan stall
ARGUS STALLDBG dz -144.0 horiz 237.3 gapclk  -3.1 hz48 0 hop 0 pos '272.0 624.0  24.0'
ARGEVT Joe Rogan stallnode ' 49.0 705.0 -120.0'
ARGEVT Joe Rogan jump
ARGUS routecache adopt
ARGEVT Joe Rogan route 28 start '241.0 577.0  24.0' goal '145.0 2337.0  40.0'
ARGLOG Joe Rogan t  48.5 pos '272.0 624.0  35.9' spd 0 yaw 143.4 mode 0 st 11 gl 0 hp 100 frg 0
ARGEVT Carmack hazard
ARGLOG Romero t  48.6 pos '1088.0 1072.0 -248.0' spd 0 yaw 292 mode 2 st 5 gl 1 hp 116 frg 0
ARGLOG Carmack t  48.7 pos '-148.5 2193.0 -136.0' spd 154.8 yaw 26 mode 2 st 2 gl 0 hp 100 frg 0
ARGLOG Joe Rogan t  49.0 pos '272.0 613.5  36.8' spd  37.4 yaw 135 mode 2 st 11 gl 0 hp 100 frg 0
ARGEVT Romero hazard
ARGLOG Romero t  49.1 pos '1085.4 996.8 -248.0' spd 297.2 yaw 303 mode 2 st 5 gl 1 hp 115 frg 0
ARGLOG Carmack t  49.2 pos '-158.3 2131.3 -136.0' spd 107.6 yaw 34 mode 2 st 2 gl 0 hp 100 frg 0
ARGLOG Joe Rogan t  49.5 pos '145.8 629.3  24.0' spd 334.9 yaw 115 mode 2 st 11 gl 0 hp 100 frg 0
ARGLOG Romero t  49.7 pos '1088.0 1051.7 -248.0' spd 234.6 yaw 294 mode 2 st 5 gl 1 hp 115 frg 0
ARGEVT Carmack hazard
ARGEVT Joe Rogan hazard
ARGLOG Carmack t  49.7 pos '-155.1 2265.2 -136.0' spd 255.1 yaw 13 mode 2 st 2 gl 0 hp 100 frg 0
ARGLOG Joe Rogan t  50.0 pos ' 80.0 640.0  24.0' spd 0 yaw 99 mode 2 st 11 gl 0 hp 100 frg 0
ARGEVT Romero hazard
ARGLOG Romero t  50.2 pos '1088.0 1029.8 -248.0' spd 308.9 yaw 297 mode 2 st 5 gl 1 hp 114 frg 0
ARGLOG Carmack t  50.2 pos '-144.0 2341.2 -136.0' spd 116.3 yaw 0 mode 2 st 2 gl 0 hp 100 frg 0
ARGLOG Joe Rogan t  50.5 pos ' 80.0 640.0  24.0' spd 0 yaw 99 mode 2 st 11 gl 0 hp 100 frg 0
ARGEVT Joe Rogan stall
ARGUS STALLDBG dz -144.0 horiz  72.1 gapclk  -5.2 hz48 0 hop 0 pos ' 80.0 640.0  24.0'
ARGEVT Joe Rogan stallnode ' 49.0 705.0 -120.0'
ARGEVT Joe Rogan jump
ARGLOG Romero t  50.7 pos '1088.0 1018.5 -248.0' spd 322.7 yaw 298 mode 2 st 5 gl 1 hp 113 frg 0
ARGEVT Carmack hazard
ARGUS routecache adopt
ARGEVT Joe Rogan route 29 start ' 81.0 545.0  24.0' goal '145.0 2337.0  40.0'
ARGLOG Carmack t  50.7 pos '-144.0 2397.2 -136.0' spd 101.3 yaw 349 mode 2 st 2 gl 0 hp 100 frg 0
ARGEVT Romero stall
ARGUS STALLDBG dz  -8.0 horiz  88.4 gapclk -17.2 hz48 1 hop 0 pos '1080.9 985.9 -248.0'
ARGEVT Romero stallnode '1169.0 993.0 -256.0'
ARGEVT Romero jump
ARGEVT Romero route 4 start '977.0 961.0 -248.0' goal '1297.0 1057.0 -408.0'
ARGLOG Joe Rogan t  51.0 pos ' 80.0 639.8  53.8' spd   3.1 yaw 339 mode 2 st 12 gl 0 hp 100 frg 0
ARGLOG Romero t  51.2 pos '1079.6 994.0 -213.2' spd  51.6 yaw 0 mode 2 st 6 gl 1 hp 113 frg 0
ARGLOG Carmack t  51.2 pos '-144.0 2230.0 -136.0' spd 358.9 yaw 20 mode 2 st 2 gl 0 hp 100 frg 0
ARGLOG Joe Rogan t  51.6 pos ' 86.4 542.4  24.0' spd 344.6 yaw 102 mode 2 st 12 gl 0 hp 100 frg 0
ARGEVT Joe Rogan hazard
ARGLOG Romero t  51.7 pos '1000.2 1005.1 -248.0' spd 321.5 yaw 356 mode 2 st 6 gl 1 hp 112 frg 0
ARGEVT Carmack hazard
ARGLOG Carmack t  51.8 pos '-144.0 2141.0 -136.0' spd 117.5 yaw 34 mode 2 st 2 gl 0 hp 100 frg 0
ARGLOG Joe Rogan t  52.1 pos '220.1 567.3  24.0' spd 323.2 yaw 122 mode 2 st 12 gl 0 hp 100 frg 0
ARGLOG Romero t  52.2 pos '921.9 868.3 -296.0' spd 424.4 yaw 0 mode 2 st 6 gl 1 hp 112 frg 0
ARGLOG Carmack t  52.3 pos '-146.3 2116.7 -136.0' spd 171.9 yaw 37 mode 2 st 2 gl 0 hp 100 frg 0
ARGEVT Romero hazard
ARGLOG Joe Rogan t  52.6 pos '272.0 624.0  24.0' spd 0 yaw 136 mode 2 st 12 gl 0 hp 100 frg 0
ARGLOG Romero t  52.7 pos '992.0 912.0 -280.0' spd 0 yaw 346 mode 2 st 6 gl 1 hp 111 frg 0
ARGLOG Carmack t  52.8 pos '-145.8 2283.3 -136.0' spd 211.6 yaw 10 mode 2 st 2 gl 0 hp 100 frg 0
ARGEVT Carmack hazard
ARGLOG Joe Rogan t  53.1 pos '272.0 624.0  24.0' spd 0 yaw 136 mode 2 st 12 gl 0 hp 100 frg 0
ARGLOG Romero t  53.3 pos '992.0 912.0 -280.0' spd 0 yaw 346 mode 2 st 6 gl 1 hp 111 frg 0
ARGLOG Carmack t  53.3 pos '-144.0 2257.4 -136.0' spd 314.7 yaw 15 mode 2 st 2 gl 0 hp 100 frg 0
ARGEVT Romero hazard
ARGEVT Joe Rogan stall
ARGUS STALLDBG dz -144.0 horiz 237.3 gapclk  -0.1 hz48 0 hop 0 pos '272.0 624.0  24.0'
ARGEVT Joe Rogan stallnode ' 49.0 705.0 -120.0'
ARGEVT Joe Rogan jump
ARGLOG Joe Rogan t  53.6 pos '272.0 624.0  53.1' spd 0 yaw 110.1 mode 0 st 13 gl 0 hp 100 frg 0
ARGEVT Romero stall
ARGUS STALLDBG dz  24.0 horiz 194.7 gapclk -20.1 hz48 1 hop 0 pos '992.0 912.0 -280.0'
ARGEVT Romero stallnode '1169.0 993.0 -256.0'
ARGEVT Romero jump
ARGUS routecache adopt
ARGEVT Romero route 4 start '977.0 961.0 -248.0' goal '1297.0 1057.0 -408.0'
ARGLOG Romero t  53.8 pos '992.0 912.0 -258.7' spd 0 yaw  56.6 mode 0 st 7 gl 1 hp 110 frg 0
ARGLOG Carmack t  53.8 pos '-148.8 2160.6 -136.0' spd 123.3 yaw 30 mode 2 st 2 gl 0 hp 100 frg 0
ARGEVT Carmack hazard
ARGEVT Joe Rogan route 28 start '241.0 577.0  24.0' goal '145.0 2337.0  40.0'
ARGLOG Joe Rogan t  54.1 pos '283.6 623.9  24.0' spd  36.1 yaw 160 mode 2 st 13 gl 0 hp 100 frg 0
ARGLOG Romero t  54.3 pos '986.7 934.4 -264.0' spd 175.6 yaw 17 mode 2 st 7 gl 1 hp 110 frg 0
ARGLOG Carmack t  54.3 pos '-144.0 2171.3 -136.0' spd 325.1 yaw 29 mode 2 st 2 gl 0 hp 100 frg 0
ARGEVT Joe Rogan hazard
ARGLOG Joe Rogan t  54.6 pos '308.1 534.1  24.0' spd 308.1 yaw 146 mode 2 st 13 gl 0 hp 100 frg 0
ARGEVT Romero hazard
ARGLOG Romero t  54.8 pos '996.5 1077.0 -248.0' spd 416.6 yaw 310 mode 2 st 7 gl 1 hp 109 frg 0
ARGLOG Carmack t  54.8 pos '-150.8 2300.0 -136.0' spd  95.6 yaw 7 mode 2 st 2 gl 0 hp 100 frg 0
ARGEVT Carmack hazard
ARGEVT Carmack abandon
ARGEVT Carmack plan powerup via weapon
ARGEVT Carmack goal weapon_supernailgun
ARGEVT Carmack route 17 start '-239.0 2145.0 -136.0' goal '817.0 2433.0 -344.0'
ARGLOG Joe Rogan t  55.2 pos '157.5 609.3  24.0' spd 321.2 yaw 115 mode 2 st 13 gl 0 hp 100 frg 0
ARGLOG Romero t  55.3 pos '1065.8 980.2 -248.0' spd 147.4 yaw 312 mode 2 st 7 gl 1 hp 109 frg 0
ARGLOG Carmack t  55.4 pos '-167.9 2137.9 -136.0' spd 380.0 yaw 96 mode 2 st 2 gl 0 hp 100 frg 0
ARGEVT Joe Rogan hazard
ARGLOG Joe Rogan t  55.7 pos ' 60.0 623.7  24.0' spd 176.6 yaw 93 mode 2 st 13 gl 0 hp 100 frg 0
ARGEVT Romero hazard
ARGLOG Romero t  55.8 pos '1088.0 1069.1 -248.0' spd 119.0 yaw 292 mode 2 st 7 gl 1 hp 108 frg 0
ARGLOG Carmack t  55.9 pos '-324.0 2198.0 -136.0' spd 362.6 yaw 68 mode 2 st 2 gl 0 hp 100 frg 0
ARGLOG Joe Rogan t  56.2 pos ' 20.3 624.0  24.0' spd  61.1 yaw 82 mode 2 st 13 gl 0 hp 100 frg 0
ARGLOG Romero t  56.3 pos '1075.8 984.7 -248.0' spd 161.3 yaw 308 mode 2 st 7 gl 1 hp 108 frg 0
ARGLOG Carmack t  56.4 pos '-298.5 2365.1 -136.0' spd 324.0 yaw 64 mode 2 st 2 gl 0 hp 100 frg 0
ARGEVT Joe Rogan hazard
ARGLOG Joe Rogan t  56.7 pos '  7.7 624.0  24.0' spd 107.0 yaw 78 mode 2 st 13 gl 0 hp 100 frg 0
ARGEVT Romero hazard
ARGLOG Romero t  56.8 pos '1087.4 1063.7 -248.0' spd 163.2 yaw 293 mode 2 st 7 gl 1 hp 107 frg 0
ARGLOG Carmack t  56.9 pos '-211.0 2505.7 -120.0' spd 324.0 yaw 52 mode 2 st 2 gl 0 hp 100 frg 0
ARGEVT Joe Rogan stall
ARGUS STALLDBG dz -144.0 horiz  90.0 gapclk  -3.7 hz48 0 hop 0 pos '  9.8 624.0  24.0'
ARGEVT Joe Rogan stallnode ' 49.0 705.0 -120.0'
ARGEVT Joe Rogan jump
ARGEVT Carmack jump
ARGLOG Joe Rogan t  57.2 pos ' -8.7 624.0  52.9' spd 119.6 yaw 113.0 mode 0 st 14 gl 0 hp 100 frg 0
ARGEVT Joe Rogan route 29 start ' 81.0 545.0  24.0' goal '145.0 2337.0  40.0'
ARGLOG Romero t  57.4 pos '1087.8 1014.6 -248.0' spd 352.1 yaw 299 mode 2 st 7 gl 1 hp 107 frg 0
ARGLOG Carmack t  57.4 pos '-148.1 2658.3 -65.8' spd 322.9 yaw 65 mode 2 st 2 gl 0 hp 100 frg 0
ARGLOG Joe Rogan t  57.7 pos '-39.9 624.0  24.0' spd  30.3 yaw 351 mode 2 st 14 gl 0 hp 100 frg 0
ARGEVT Romero hazard
ARGEVT Romero abandon
ARGEVT Romero plan powerup via weapon
ARGEVT Romero goal weapon_grenadelauncher
ARGLOG Romero t  57.9 pos '1086.8 1035.5 -248.0' spd 312.5 yaw 308.4 mode 0 st 7 gl 1 hp 106 frg 0
ARGEVT Romero route 4 start '977.0 961.0 -248.0' goal '1169.0 1057.0 -408.0'
ARGLOG Carmack t  57.9 pos '-99.4 2816.0 -72.0' spd 321.9 yaw 31 mode 2 st 2 gl 0 hp 100 frg 0
ARGLOG Joe Rogan t  58.2 pos '100.0 550.1  24.0' spd 352.2 yaw 10 mode 2 st 14 gl 0 hp 100 frg 0
ARGLOG Romero t  58.4 pos '970.9 975.8 -248.0' spd 332.5 yaw 331 mode 2 st 7 gl 1 hp 106 frg 0
ARGLOG Carmack t  58.4 pos '  1.3 2949.3 -56.0' spd 365.5 yaw 0 mode 2 st 2 gl 0 hp 100 frg 0
ARGEVT Carmack hazard
ARGLOG Joe Rogan t  58.8 pos '261.5 597.2  24.0' spd 396.4 yaw 132 mode 2 st 14 gl 0 hp 100 frg 0
ARGEVT Joe Rogan hazard
ARGLOG Romero t  58.9 pos '868.1 1089.6 -248.0' spd  77.6 yaw 324 mode 2 st 7 gl 1 hp 105 frg 0
ARGLOG Carmack t  59.0 pos ' 62.5 2975.4 -88.0' spd 250.0 yaw 353 mode 2 st 2 gl 0 hp 100 frg 0
ARGLOG Joe Rogan t  59.3 pos '272.0 624.0  24.0' spd 0 yaw 136 mode 2 st 14 gl 0 hp 100 frg 0
ARGLOG Romero t  59.4 pos '1020.4 1053.2 -248.0' spd 320.3 yaw 309 mode 2 st 7 gl 1 hp 105 frg 0
ARGLOG Carmack t  59.5 pos ' 42.7 2962.9 -88.0' spd 320.4 yaw 357 mode 2 st 2 gl 0 hp 100 frg 0
ARGEVT Romero hazard
ARGEVT Carmack hazard
ARGLOG Joe Rogan t  59.8 pos '272.0 624.0  24.0' spd 0 yaw 136 mode 2 st 14 gl 0 hp 100 frg 0
ARGEVT Joe Rogan stall
ARGUS STALLDBG dz -144.0 horiz 237.3 gapclk  -6.6 hz48 0 hop 0 pos '272.0 624.0  24.0'
ARGEVT Joe Rogan stallnode ' 49.0 705.0 -120.0'
ARGEVT Joe Rogan jump
ARGLOG Romero t  59.9 pos '1086.3 1025.7 -248.0' spd 322.6 yaw 298 mode 2 st 7 gl 1 hp 104 frg 0
ARGLOG Carmack t  60.0 pos ' 38.2 2958.1 -88.0' spd 113.9 yaw 358 mode 2 st 2 gl 0 hp 100 frg 0
ARGEVT Joe Rogan route 28 start '241.0 577.0  24.0' goal '145.0 2337.0  40.0'
ARGLOG Joe Rogan t  60.3 pos '272.6 624.0  62.0' spd   4.2 yaw 160 mode 2 st 15 gl 0 hp 100 frg 0
ARGLOG Romero t  60.5 pos '1080.1 1037.6 -248.0' spd 148.5 yaw 298 mode 2 st 7 gl 1 hp 104 frg 0
ARGEVT Carmack stall
ARGUS STALLDBG dz -32.0 horiz  63.6 gapclk -34.8 hz48 1 hop 0 pos ' 61.6 2982.4 -88.0'
ARGEVT Carmack stallnode '113.0 2945.0 -120.0'
ARGLOG Carmack t  60.5 pos ' 61.6 2982.4 -88.0' spd 234.5 yaw 538.5 mode 0 st 3 gl 0 hp 100 frg 0
ARGEVT Carmack jump
ARGEVT Romero hazard
ARGEVT Joe Rogan stall
ARGUS STALLDBG dz  -0.0 horiz  52.6 gapclk  -7.3 hz48 0 hop 0 pos '272.0 619.5  24.0'
ARGEVT Joe Rogan stallnode '241.0 577.0  24.0'
ARGEVT Joe Rogan jump
ARGEVT Carmack door
ARGEVT Carmack door
ARGEVT Carmack door
ARGEVT Carmack route 13 start ' 81.0 2945.0 -104.0' goal '817.0 2433.0 -344.0'
ARGEVT Joe Rogan plan powerup via weapon
ARGEVT Joe Rogan goal weapon_supershotgun
ARGLOG Joe Rogan t  60.8 pos '277.8 614.4  53.0' spd  60.8 yaw 265.8 mode 0 st 16 gl 0 hp 100 frg 0
ARGEVT Joe Rogan route 4 start '241.0 577.0  24.0' goal '113.0 1217.0 -184.0'
ARGLOG Romero t  61.0 pos '1069.5 985.0 -248.0' spd  92.0 yaw 310 mode 2 st 7 gl 1 hp 103 frg 0
ARGLOG Carmack t  61.0 pos '127.7 2942.7 -65.4' spd 204.7 yaw 179 mode 2 st 3 gl 0 hp 100 frg 0
ARGLOG Joe Rogan t  61.3 pos '282.6 575.7  24.0' spd 100.7 yaw 132 mode 2 st 16 gl 0 hp 100 frg 0
ARGLOG Romero t  61.5 pos '1088.0 1070.4 -248.0' spd 121.6 yaw 292 mode 2 st 7 gl 1 hp 103 frg 0
ARGLOG Carmack t  61.5 pos ' 47.2 2921.8 -136.0' spd 349.8 yaw 5 mode 2 st 3 gl 0 hp 92 frg 0
ARGEVT Romero hazard
ARGEVT Carmack swim
ARGLOG Joe Rogan t  61.8 pos '139.5 640.0  24.0' spd 274.3 yaw 115 mode 2 st 16 gl 0 hp 100 frg 0
ARGEVT Joe Rogan hazard
ARGLOG Romero t  62.0 pos '1075.9 984.2 -248.0' spd 160.8 yaw 308 mode 2 st 7 gl 1 hp 102 frg 0
ARGEVT Carmack swim
ARGLOG Carmack t  62.0 pos ' 13.2 2928.0 -137.0' spd  61.4 yaw 3 mode 2 st 3 gl 0 hp 92 frg 0
ARGEVT Carmack swim
ARGEVT Romero stall
ARGUS STALLDBG dz  -8.0 horiz 104.1 gapclk -28.7 hz48 1 hop 0 pos '1088.0 1058.4 -248.0'
ARGEVT Romero stallnode '1169.0 993.0 -256.0'
ARGEVT Romero jump
ARGLOG Joe Rogan t  62.4 pos ' 80.0 640.0  24.0' spd 0 yaw 99 mode 2 st 16 gl 0 hp 100 frg 0
ARGEVT Romero route 3 start '945.0 1057.0 -248.0' goal '1169.0 1057.0 -408.0'
ARGLOG Romero t  62.5 pos '1088.0 1071.4 -213.6' spd  11.1 yaw 316 mode 2 st 8 gl 1 hp 102 frg 0
ARGLOG Carmack t  62.6 pos ' 43.7 2928.0 -136.0' spd 169.9 yaw 3 mode 2 st 3 gl 0 hp 84 frg 0
ARGEVT Carmack jump
ARGEVT Joe Rogan stall
ARGUS STALLDBG dz -144.0 horiz  72.1 gapclk  -9.4 hz48 0 hop 0 pos ' 80.0 640.0  24.0'
ARGEVT Joe Rogan stallnode ' 49.0 705.0 -120.0'
ARGEVT Joe Rogan jump
ARGLOG Joe Rogan t  62.9 pos ' 80.0 640.0  35.9' spd 0 yaw  98.4 mode 0 st 17 gl 0 hp 100 frg 0
ARGEVT Joe Rogan route 5 start ' 81.0 545.0  24.0' goal '113.0 1217.0 -184.0'
ARGLOG Romero t  63.0 pos '1076.7 1053.7 -248.0' spd 178.5 yaw 327 mode 2 st 8 gl 1 hp 101 frg 0
ARGLOG Carmack t  63.1 pos '208.6 2931.7 -81.1' spd 320.2 yaw 3 mode 2 st 3 gl 0 hp 84 frg 0
ARGLOG Joe Rogan t  63.4 pos ' 80.0 635.0  37.1' spd  32.7 yaw 341 mode 2 st 17 gl 0 hp 100 frg 0
ARGEVT Carmack swim
ARGLOG Romero t  63.5 pos '911.3 1036.1 -248.0' spd 374.6 yaw 327 mode 2 st 8 gl 1 hp 101 frg 0
ARGLOG Carmack t  63.6 pos '304.0 2938.0 -146.8' spd  15.2 yaw 346 mode 2 st 3 gl 0 hp 76 frg 0
ARGEVT Joe Rogan hazard
ARGLOG Joe Rogan t  63.9 pos '124.3 526.9  24.0' spd 390.9 yaw 112 mode 2 st 17 gl 0 hp 100 frg 0
ARGLOG Romero t  64.0 pos '966.3 886.1 -280.0' spd 393.5 yaw 355 mode 2 st 8 gl 1 hp 100 frg 0
ARGEVT Romero hazard
ARGLOG Carmack t  64.1 pos '304.0 2944.3 -142.2' spd   8.3 yaw 345 mode 2 st 3 gl 0 hp 76 frg 0
ARGLOG Joe Rogan t  64.4 pos '276.0 603.6  24.0' spd 401.8 yaw 134 mode 2 st 17 gl 0 hp 100 frg 0
ARGLOG Romero t  64.6 pos '1053.4 1001.1 -248.0' spd 349.1 yaw 311 mode 2 st 8 gl 1 hp 100 frg 0
ARGLOG Carmack t  64.6 pos '304.0 2946.8 -137.6' spd   2.8 yaw 345 mode 2 st 3 gl 0 hp 68 frg 0
ARGEVT Carmack stall
ARGUS STALLDBG dz  79.7 horiz 129.1 gapclk -39.1 hz48 0 hop 0 pos '304.0 2947.2 -135.7'
ARGEVT Carmack stallnode '433.0 2945.0 -56.0'
ARGEVT Carmack swim
ARGLOG Joe Rogan t  64.9 pos '272.0 624.0  24.0' spd 0 yaw 136 mode 2 st 17 gl 0 hp 100 frg 0
ARGLOG Romero t  65.1 pos '1087.1 1035.9 -248.0' spd 310.6 yaw 296 mode 2 st 8 gl 1 hp 100 frg 0
ARGEVT Carmack swim
ARGEVT Carmack route 14 start '209.0 2945.0 -152.0' goal '817.0 2433.0 -344.0'
ARGEVT Romero hazard
ARGLOG Carmack t  65.1 pos '304.0 2938.4 -137.1' spd  59.4 yaw 178 mode 2 st 4 gl 0 hp 68 frg 0
ARGEVT Carmack swim
ARGLOG Joe Rogan t  65.4 pos '272.0 624.0  24.0' spd 0 yaw 136 mode 2 st 17 gl 0 hp 100 frg 0
ARGEVT Carmack swim
ARGLOG Romero t  65.6 pos '1088.0 1041.7 -248.0' spd 228.5 yaw 295 mode 2 st 8 gl 1 hp 100 frg 0
ARGLOG Carmack t  65.6 pos '284.1 2877.6 -136.7' spd 145.4 yaw 167 mode 2 st 4 gl 0 hp 64 frg 0
ARGEVT Joe Rogan stall
ARGUS STALLDBG dz -144.0 horiz 237.3 gapclk -12.3 hz48 0 hop 0 pos '272.0 624.0  24.0'
ARGEVT Joe Rogan stallnode ' 49.0 705.0 -120.0'
ARGEVT Joe Rogan jump
ARGEVT Joe Rogan route 4 start '241.0 577.0  24.0' goal '113.0 1217.0 -184.0'
ARGEVT Carmack swim
ARGLOG Joe Rogan t  65.9 pos '272.0 623.6  61.7' spd   7.1 yaw 159 mode 2 st 18 gl 0 hp 100 frg 0
ARGEVT Carmack swim
ARGLOG Romero t  66.1 pos '1087.1 1000.4 -248.0' spd 342.4 yaw 302 mode 2 st 8 gl 1 hp 100 frg 0
ARGEVT Romero hazard
ARGLOG Carmack t  66.2 pos '197.4 2868.3 -136.4' spd 204.3 yaw 160 mode 2 st 4 gl 0 hp 64 frg 0
ARGEVT Carmack swim
ARGLOG Joe Rogan t  66.5 pos '246.9 607.9  24.0' spd 296.0 yaw 131 mode 2 st 18 gl 0 hp 100 frg 0
ARGEVT Carmack swim
ARGEVT Romero stall
ARGUS STALLDBG dz  -8.0 horiz 103.5 gapclk -33.0 hz48 1 hop 0 pos '1088.0 1057.4 -248.0'
ARGEVT Romero stallnode '1169.0 993.0 -256.0'
ARGLOG Romero t  66.6 pos '1088.0 1057.4 -248.0' spd 140.7 yaw 452.5 mode 0 st 9 gl 1 hp 100 frg 0
ARGEVT Romero jump
ARGLOG Carmack t  66.7 pos ' 90.2 2896.0 -136.0' spd 194.6 yaw 155 mode 2 st 4 gl 0 hp 56 frg 0
ARGEVT Romero route 3 start '945.0 1057.0 -248.0' goal '1169.0 1057.0 -408.0'
ARGEVT Joe Rogan hazard
ARGLOG Joe Rogan t  67.0 pos ' 81.3 629.8  24.0' spd 387.6 yaw 99 mode 2 st 18 gl 0 hp 100 frg 0
ARGLOG Romero t  67.1 pos '1087.9 1061.6 -224.9' spd  34.1 yaw 320 mode 2 st 9 gl 1 hp 100 frg 0
ARGLOG Carmack t  67.2 pos '117.0 2928.3 -120.0' spd 320.3 yaw 3 mode 2 st 4 gl 0 hp 56 frg 0
ARGEVT Carmack jump
ARGEVT Romero stall
ARGUS STALLDBG dz  -0.0 horiz 131.7 gapclk -33.7 hz48 0 hop 0 pos '1076.7 1054.0 -248.0'
ARGEVT Romero stallnode '945.0 1057.0 -248.0'
ARGEVT Romero jump
ARGLOG Joe Rogan t  67.5 pos ' 29.3 624.0  24.0' spd   5.1 yaw 84 mode 2 st 18 gl 0 hp 100 frg 0
ARGEVT Romero goal weapon_rocketlauncher
ARGLOG Romero t  67.6 pos '1054.2 1029.1 -209.1' spd 114.1 yaw 128.1 mode 0 st 10 gl 1 hp 100 frg 0
ARGLOG Carmack t  67.7 pos '281.9 2934.8 -97.6' spd 320.4 yaw 348 mode 2 st 4 gl 0 hp 56 frg 0
ARGEVT Romero route 18 start '977.0 961.0 -248.0' goal '145.0 2337.0  40.0'
ARGEVT Carmack swim
ARGLOG Joe Rogan t  68.0 pos ' 11.6 624.0  24.0' spd  15.7 yaw 79 mode 2 st 18 gl 0 hp 100 frg 0
ARGEVT Joe Rogan hazard
ARGLOG Romero t  68.2 pos '970.2 998.7 -248.0' spd 327.0 yaw 327 mode 2 st 10 gl 1 hp 100 frg 0
ARGLOG Carmack t  68.2 pos '304.0 2942.0 -144.6' spd  12.5 yaw 346 mode 2 st 4 gl 0 hp 48 frg 0
ARGLOG Joe Rogan t  68.5 pos '  8.8 624.0  24.0' spd  30.6 yaw 79 mode 2 st 18 gl 0 hp 100 frg 0
ARGEVT Joe Rogan stall
ARGUS STALLDBG dz -144.0 horiz  89.1 gapclk -15.2 hz48 0 hop 0 pos ' 12.0 624.0  24.0'
ARGEVT Joe Rogan stallnode ' 49.0 705.0 -120.0'
ARGEVT Joe Rogan jump
ARGEVT Joe Rogan route 5 start ' 81.0 545.0  24.0' goal '113.0 1217.0 -184.0'
ARGLOG Romero t  68.7 pos '973.6 843.0 -312.0' spd 429.7 yaw 6 mode 2 st 10 gl 1 hp 100 frg 0
ARGEVT Romero hazard
ARGLOG Carmack t  68.7 pos '304.0 2946.1 -140.0' spd   4.7 yaw 345 mode 2 st 4 gl 0 hp 48 frg 0
ARGLOG Joe Rogan t  69.0 pos ' 43.1 624.0  53.6' spd  67.3 yaw 347 mode 2 st 19 gl 0 hp 100 frg 0
ARGEVT Carmack stall
ARGUS STALLDBG dz  80.5 horiz 129.1 gapclk -43.5 hz48 0 hop 0 pos '304.0 2947.3 -136.5'
ARGEVT Carmack stallnode '433.0 2945.0 -56.0'
ARGLOG Romero t  69.2 pos '992.0 912.0 -280.0' spd 0 yaw 346 mode 2 st 10 gl 1 hp 100 frg 0
ARGLOG Carmack t  69.2 pos '304.0 2946.9 -137.7' spd   8.0 yaw 326.0 mode 0 st 5 gl 0 hp 40 frg 0
ARGEVT Carmack swim
ARGEVT Carmack route 14 start '209.0 2945.0 -152.0' goal '817.0 2433.0 -344.0'
ARGEVT Carmack swim
ARGLOG Joe Rogan t  69.5 pos '101.0 539.3  24.0' spd 354.0 yaw 349.2 mode 2 st 19 gl 0 hp 100 frg 0
ARGEVT Joe Rogan hazard
ARGLOG Romero t  69.7 pos '992.0 912.0 -280.0' spd 0 yaw 346 mode 2 st 10 gl 1 hp 100 frg 0
ARGEVT Romero hazard
ARGLOG Carmack t  69.8 pos '300.7 2899.6 -137.5' spd 148.6 yaw 171 mode 2 st 5 gl 0 hp 40 frg 0
ARGEVT Carmack swim
ARGEVT Carmack swim
ARGLOG Joe Rogan t  70.1 pos '238.3 600.2  24.0' spd 345.4 yaw 129 mode 2 st 19 gl 0 hp 100 frg 0
ARGEVT Romero stall
ARGUS STALLDBG dz  24.0 horiz 194.7 gapclk -36.6 hz48 1 hop 0 pos '992.0 912.0 -280.0'
ARGEVT Romero stallnode '1169.0 993.0 -256.0'
ARGLOG Romero t  70.2 pos '992.0 912.0 -280.0' spd 0 yaw 555.1 mode 0 st 11 gl 1 hp 100 frg 0
ARGEVT Romero jump
ARGEVT Carmack swim
ARGLOG Carmack t  70.3 pos '236.3 2859.6 -137.2' spd 173.6 yaw 161 mode 2 st 5 gl 0 hp 32 frg 0
ARGEVT Carmack swim
ARGLOG Joe Rogan t  70.6 pos '125.2 640.0  24.0' spd 299.5 yaw 111 mode 2 st 19 gl 0 hp 100 frg 0
ARGEVT Romero route 18 start '977.0 961.0 -248.0' goal '145.0 2337.0  40.0'
ARGEVT Joe Rogan hazard
ARGLOG Romero t  70.7 pos '991.6 925.0 -257.4' spd  34.5 yaw 20 mode 2 st 11 gl 1 hp 100 frg 0
ARGEVT Carmack swim
ARGLOG Carmack t  70.8 pos '132.7 2887.0 -136.9' spd 232.4 yaw 158 mode 2 st 5 gl 0 hp 32 frg 0
ARGEVT Carmack swim
ARGLOG Joe Rogan t  71.1 pos ' 80.0 640.0  24.0' spd 0 yaw 99 mode 2 st 19 gl 0 hp 100 frg 0
ARGEVT Carmack jump
ARGLOG Romero t  71.2 pos '962.3 1066.9 -248.0' spd 400.9 yaw 316 mode 2 st 11 gl 1 hp 100 frg 0
ARGEVT Romero hazard
ARGLOG Carmack t  71.3 pos ' 48.8 2908.4 -114.7' spd 141.0 yaw 150 mode 2 st 5 gl 0 hp 24 frg 0
ARGLOG Joe Rogan t  71.6 pos ' 80.0 640.0  24.0' spd 0 yaw 99 mode 2 st 19 gl 0 hp 100 frg 0
ARGEVT Joe Rogan hazard
ARGLOG Romero t  71.8 pos '1076.9 985.1 -248.0' spd 352.5 yaw 308 mode 2 st 11 gl 1 hp 100 frg 0
ARGLOG Carmack t  71.8 pos ' 18.7 2928.0 -134.3' spd  31.1 yaw 3 mode 2 st 5 gl 0 hp 20 frg 0
ARGEVT Carmack swim
ARGLOG Joe Rogan t  72.1 pos ' 80.0 640.0  24.0' spd 0 yaw 99 mode 2 st 19 gl 0 hp 100 frg 0
ARGEVT Joe Rogan stall
ARGUS STALLDBG dz -144.0 horiz  72.1 gapclk -18.8 hz48 0 hop 0 pos ' 80.0 640.0  24.0'
ARGEVT Joe Rogan stallnode ' 49.0 705.0 -120.0'
ARGEVT Joe Rogan jump
ARGLOG Romero t  72.3 pos '1088.0 1056.1 -248.0' spd 144.4 yaw 293 mode 2 st 11 gl 1 hp 100 frg 0
ARGEVT Romero hazard
ARGLOG Carmack t  72.3 pos ' 32.0 2928.0 -143.8' spd 0 yaw 3 mode 2 st 5 gl 0 hp 20 frg 0
ARGEVT Joe Rogan route 5 start ' 81.0 545.0  24.0' goal '113.0 1217.0 -184.0'
ARGLOG Joe Rogan t  72.6 pos ' 80.0 639.9  53.6' spd   2.2 yaw 339 mode 2 st 20 gl 0 hp 100 frg 0
ARGEVT Carmack stall
ARGUS STALLDBG dz  20.1 horiz  82.8 gapclk -47.1 hz48 0 hop 0 pos ' 32.0 2928.0 -140.1'
ARGEVT Carmack stallnode '113.0 2945.0 -120.0'
ARGLOG Romero t  72.8 pos '1068.9 984.5 -248.0' spd 236.2 yaw 310 mode 2 st 11 gl 1 hp 100 frg 0
ARGLOG Carmack t  72.8 pos ' 32.0 2927.8 -139.2' spd   3.1 yaw 338.0 mode 0 st 6 gl 0 hp 12 frg 0
ARGEVT Carmack route 14 start ' 49.0 2849.0 -152.0' goal '817.0 2433.0 -344.0'
ARGLOG Joe Rogan t  73.1 pos ' 86.0 543.2  24.0' spd 344.3 yaw 320.0 mode 2 st 20 gl 0 hp 100 frg 0
ARGEVT Joe Rogan hazard
ARGEVT Carmack swim
ARGLOG Romero t  73.3 pos '1088.0 1068.2 -248.0' spd 123.1 yaw 292 mode 2 st 11 gl 1 hp 100 frg 0
ARGEVT Romero hazard
ARGLOG Carmack t  73.3 pos ' 32.0 2927.4 -136.7' spd  40.3 yaw 19 mode 2 st 6 gl 0 hp 12 frg 0
ARGEVT Carmack stall
ARGUS STALLDBG dz  31.8 horiz  51.9 gapclk -47.8 hz48 0 hop 0 pos ' 32.0 2928.0 -135.8'
ARGEVT Carmack stallnode ' 81.0 2945.0 -104.0'
ARGLOG Joe Rogan t  73.7 pos '220.3 567.3  24.0' spd 323.1 yaw 122 mode 2 st 20 gl 0 hp 100 frg 0
ARGEVT Carmack plan powerup via weapon
ARGEVT Carmack goal weapon_rocketlauncher
ARGEVT Carmack door
ARGEVT Carmack door
ARGEVT Carmack route 12 start ' 49.0 2849.0 -152.0' goal '145.0 2337.0  40.0'
ARGLOG Romero t  73.8 pos '1075.2 984.0 -248.0' spd 155.9 yaw 309 mode 2 st 11 gl 1 hp 100 frg 0
ARGLOG Carmack t  73.9 pos ' 13.8 2820.4 -152.0' spd 376.7 yaw 103 mode 2 st 7 gl 0 hp 4 frg 0
ARGLOG Joe Rogan t  74.2 pos '272.0 624.0  24.0' spd 0 yaw 136 mode 2 st 20 gl 0 hp 100 frg 0
ARGLOG Romero t  74.3 pos '1087.5 1063.7 -248.0' spd 163.2 yaw 293 mode 2 st 11 gl 1 hp 100 frg 0
ARGEVT Romero hazard
ARGLOG Carmack t  74.4 pos '170.1 2832.4 -152.0' spd 435.8 yaw 148 mode 2 st 7 gl 0 hp 4 frg 0
ARGEVT Carmack jump
ARGLOG Joe Rogan t  74.7 pos '272.0 624.0  24.0' spd 0 yaw 136 mode 2 st 20 gl 0 hp 100 frg 0
ARGLOG Romero t  74.8 pos '1088.0 1014.8 -248.0' spd 346.7 yaw 299 mode 2 st 11 gl 1 hp 100 frg 0
ARGLOG Carmack t  74.9 pos ' 91.3 2992.0 -98.3' spd 210.7 yaw 206 mode 2 st 7 gl 0 hp 4 frg 0
ARGEVT Joe Rogan stall
ARGUS STALLDBG dz -144.0 horiz 237.3 gapclk  -0.1 hz48 0 hop 0 pos '272.0 624.0  24.0'
ARGEVT Joe Rogan stallnode ' 49.0 705.0 -120.0'
ARGEVT Joe Rogan jump
ARGLOG Joe Rogan t  75.2 pos '272.0 624.0  53.1' spd 0 yaw 110.7 mode 0 st 21 gl 0 hp 100 frg 0
ARGEVT Joe Rogan route 4 start '241.0 577.0  24.0' goal '113.0 1217.0 -184.0'
ARGLOG Romero t  75.4 pos '1087.1 1035.1 -248.0' spd 313.6 yaw 296 mode 2 st 11 gl 1 hp 100 frg 0
ARGLOG Carmack t  75.4 pos '-14.9 2947.3 -56.0' spd 320.0 yaw 244 mode 2 st 7 gl 0 hp 4 frg 0
ARGEVT Romero hazard
ARGLOG Joe Rogan t  75.7 pos '272.0 617.3  24.0' spd  36.3 yaw 158 mode 2 st 21 gl 0 hp 100 frg 0
ARGLOG Romero t  75.9 pos '1088.0 1038.3 -248.0' spd 222.0 yaw 296 mode 2 st 11 gl 1 hp 100 frg 0
ARGLOG Carmack t  75.9 pos '-126.9 2824.9 -56.0' spd 325.6 yaw 225 mode 2 st 7 gl 0 hp 4 frg 0
ARGEVT Romero stall
ARGUS STALLDBG dz  -8.0 horiz 101.7 gapclk -42.4 hz48 1 hop 0 pos '1088.0 1054.4 -248.0'
ARGEVT Romero stallnode '1169.0 993.0 -256.0'
ARGEVT Romero jump
ARGLOG Joe Rogan t  76.2 pos '117.3 597.1  24.0' spd 354.6 yaw 106 mode 2 st 21 gl 0 hp 100 frg 0
ARGEVT Joe Rogan hazard
ARGLOG Romero t  76.4 pos '1088.0 1072.0 -213.3' spd 0 yaw 82 mode 0 st 12 gl 1 hp 100 frg 0
ARGEVT Romero route 17 start '945.0 1057.0 -248.0' goal '145.0 2337.0  40.0'
ARGLOG Carmack t  76.4 pos '-189.9 2668.2 -72.0' spd 351.4 yaw 171 mode 2 st 7 gl 0 hp 4 frg 0
ARGLOG Joe Rogan t  76.7 pos ' 21.1 624.0  24.0' spd  86.6 yaw 82 mode 2 st 21 gl 0 hp 100 frg 0
ARGLOG Romero t  76.9 pos '1013.5 1053.0 -248.0' spd 328.6 yaw 339 mode 2 st 12 gl 1 hp 100 frg 0
ARGLOG Carmack t  76.9 pos '-346.8 2608.6 -104.0' spd 339.9 yaw 175 mode 2 st 7 gl 0 hp 4 frg 0
ARGLOG Joe Rogan t  77.3 pos ' 13.4 624.0  24.0' spd  10.7 yaw 80 mode 2 st 21 gl 0 hp 100 frg 0
ARGLOG Romero t  77.4 pos '878.6 958.2 -248.0' spd 411.9 yaw 343 mode 2 st 12 gl 1 hp 100 frg 0
ARGEVT Joe Rogan hazard
ARGLOG Carmack t  77.5 pos '-498.8 2675.7 -96.0' spd 321.4 yaw 221 mode 2 st 7 gl 0 hp 4 frg 0
ARGEVT Carmack lift
ARGEVT Carmack jump
ARGEVT Carmack board
ARGEVT Romero hazard
ARGLOG Joe Rogan t  77.8 pos ' 11.7 624.0  24.0' spd  75.5 yaw 79 mode 2 st 21 gl 0 hp 100 frg 0
ARGEVT Joe Rogan stall
ARGUS STALLDBG dz -144.0 horiz  89.9 gapclk  -3.0 hz48 0 hop 0 pos ' 10.0 624.0  24.0'
ARGEVT Joe Rogan stallnode ' 49.0 705.0 -120.0'
ARGEVT Joe Rogan jump
ARGLOG Romero t  77.9 pos '992.0 944.0 -264.0' spd 0 yaw 336 mode 2 st 12 gl 1 hp 100 frg 0
ARGLOG Carmack t  78.0 pos '-576.0 2731.9 -61.3' spd  30.1 yaw 278 mode 2 st 7 gl 0 hp 4 frg 0
ARGEVT Joe Rogan route 5 start ' 81.0 545.0  24.0' goal '113.0 1217.0 -184.0'
ARGLOG Joe Rogan t  78.3 pos ' 33.0 624.0  61.9' spd  56.3 yaw 348 mode 2 st 22 gl 0 hp 100 frg 0
ARGEVT Carmack jump
ARGLOG Romero t  78.4 pos '1085.2 1051.5 -248.0' spd 317.5 yaw 295 mode 2 st 12 gl 1 hp 100 frg 0
ARGLOG Carmack t  78.5 pos '-565.9 2666.5 -74.5' spd 0 yaw 277 mode 2 st 7 gl 0 hp 4 frg 0
ARGEVT Romero hazard
ARGLOG Joe Rogan t  78.8 pos ' 82.5 575.8  24.0' spd 320.1 yaw 316.6 mode 2 st 22 gl 0 hp 100 frg 0
ARGLOG Romero t  79.0 pos '1079.6 981.1 -248.0' spd 140.4 yaw 308 mode 2 st 12 gl 1 hp 100 frg 0
ARGLOG Carmack t  79.0 pos '-564.5 2658.9 -11.4' spd 0 yaw 277 mode 2 st 7 gl 0 hp 4 frg 0
ARGLOG Joe Rogan t  79.3 pos '207.1 551.2  24.0' spd 320.3 yaw 119 mode 2 st 22 gl 0 hp 100 frg 0
ARGLOG Romero t  79.5 pos '1088.0 1017.3 -248.0' spd 253.4 yaw 299 mode 2 st 12 gl 1 hp 100 frg 0
ARGEVT Joe Rogan hazard
ARGLOG Carmack t  79.5 pos '-552.4 2600.5  56.0' spd 320.1 yaw 303 mode 2 st 7 gl 0 hp 4 frg 0
ARGEVT Romero stall
ARGUS STALLDBG dz  -8.0 horiz  81.1 gapclk -46.0 hz48 1 hop 0 pos '1088.0 990.0 -248.0'
ARGEVT Romero stallnode '1169.0 993.0 -256.0'
ARGEVT Romero jump
ARGLOG Joe Rogan t  79.8 pos '142.7 635.8  24.0' spd 327.0 yaw 115 mode 2 st 22 gl 0 hp 100 frg 0
ARGEVT Romero route 18 start '977.0 961.0 -248.0' goal '145.0 2337.0  40.0'
ARGLOG Romero t  80.0 pos '1087.9 985.1 -213.1' spd  33.4 yaw 176 mode 2 st 13 gl 1 hp 100 frg 0
ARGLOG Carmack t  80.0 pos '-532.9 2436.8  56.0' spd 320.1 yaw 354 mode 2 st 7 gl 0 hp 4 frg 0
ARGLOG Joe Rogan t  80.3 pos ' 75.3 622.8  24.0' spd 111.3 yaw 97 mode 2 st 22 gl 0 hp 100 frg 0
ARGLOG Romero t  80.5 pos '1005.8 996.9 -248.0' spd 320.5 yaw 359 mode 2 st 13 gl 1 hp 100 frg 0
ARGLOG Carmack t  80.6 pos '-414.0 2317.0  56.0' spd 364.7 yaw 349 mode 2 st 7 gl 0 hp 4 frg 0
ARGEVT Joe Rogan hazard
ARGLOG Joe Rogan t  80.9 pos ' 19.2 624.0  24.0' spd  96.5 yaw 81 mode 2 st 22 gl 0 hp 100 frg 0
ARGEVT Joe Rogan abandon
ARGEVT Joe Rogan plan powerup via weapon
ARGEVT Joe Rogan goal weapon_supernailgun
ARGLOG Romero t  81.0 pos '908.8 871.9 -296.0' spd 423.3 yaw 359 mode 2 st 13 gl 1 hp 100 frg 0
ARGLOG Carmack t  81.1 pos '-250.1 2359.6  56.0' spd 325.0 yaw 330 mode 2 st 7 gl 0 hp 4 frg 0
ARGEVT Joe Rogan route 25 start ' 81.0 545.0  24.0' goal '817.0 2433.0 -344.0'
ARGEVT Romero hazard
ARGEVT Romero swim
ARGEVT Carmack hazard
ARGLOG Joe Rogan t  81.4 pos ' 23.2 624.0  24.0' spd 220.2 yaw 348 mode 2 st 22 gl 0 hp 100 frg 0
ARGLOG Romero t  81.5 pos '951.8 742.2 -314.5' spd 124.6 yaw 29 mode 2 st 13 gl 1 hp 100 frg 0
ARGLOG Carmack t  81.6 pos '-144.0 2431.9  43.2' spd  15.7 yaw 342 mode 2 st 7 gl 0 hp 4 frg 0
ARGLOG Joe Rogan t  81.9 pos '165.6 525.9  24.0' spd 361.6 yaw 123 mode 2 st 22 gl 0 hp 100 frg 0
ARGLOG Romero t  82.0 pos '992.0 758.2 -309.9' spd 117.2 yaw 31 mode 2 st 13 gl 1 hp 100 frg 0
ARGLOG Carmack t  82.1 pos '-144.0 2414.7 -136.0' spd  34.3 yaw 345 mode 2 st 7 gl 0 hp 4 frg 0
ARGLOG Joe Rogan t  82.4 pos '246.1 615.0  24.0' spd 366.7 yaw 132 mode 2 st 22 gl 0 hp 100 frg 0
ARGEVT Joe Rogan hazard
ARGEVT Carmack hazard
ARGLOG Romero t  82.6 pos '992.0 842.0 -305.3' spd 183.9 yaw 7 mode 2 st 13 gl 1 hp 100 frg 0
ARGLOG Carmack t  82.6 pos '-146.8 2250.1 -136.0' spd 341.8 yaw 16 mode 2 st 7 gl 0 hp 4 frg 0
ARGLOG Joe Rogan t  82.9 pos ' 89.7 640.0  24.0' spd 232.4 yaw 101 mode 2 st 22 gl 0 hp 100 frg 0
ARGLOG Romero t  83.1 pos '992.0 848.0 -300.8' spd 0 yaw 5 mode 2 st 13 gl 1 hp 100 frg 0
ARGLOG Carmack t  83.1 pos '-144.0 2220.4 -136.0' spd 302.8 yaw 21 mode 2 st 7 gl 0 hp 4 frg 0
ARGLOG Joe Rogan t  83.4 pos ' 80.0 640.0  24.0' spd 0 yaw 99 mode 2 st 22 gl 0 hp 100 frg 0
ARGEVT Joe Rogan hazard
ARGEVT Carmack hazard
ARGLOG Romero t  83.6 pos '992.0 848.0 -296.1' spd 0 yaw 5 mode 2 st 13 gl 1 hp 100 frg 0
ARGLOG Carmack t  83.6 pos '-151.2 2322.4 -136.0' spd 129.3 yaw 2 mode 2 st 7 gl 0 hp 4 frg 0
ARGEVT Joe Rogan stall
ARGUS STALLDBG dz -144.0 horiz  72.1 gapclk  -8.7 hz48 0 hop 0 pos ' 80.0 640.0  24.0'
ARGEVT Joe Rogan stallnode ' 49.0 705.0 -120.0'
ARGEVT Joe Rogan jump
ARGEVT Romero hazard
ARGUS routecache adopt
ARGEVT Joe Rogan route 25 start ' 81.0 545.0  24.0' goal '817.0 2433.0 -344.0'
ARGLOG Joe Rogan t  83.9 pos ' 82.5 640.0  61.7' spd  28.6 yaw 339 mode 2 st 23 gl 0 hp 100 frg 0
ARGLOG Romero t  84.1 pos '992.0 880.0 -296.0' spd 0 yaw 356 mode 2 st 13 gl 1 hp 100 frg 0
ARGLOG Carmack t  84.1 pos '-147.7 2332.5 -136.0' spd 321.1 yaw 0 mode 2 st 7 gl 0 hp 4 frg 0
ARGLOG Joe Rogan t  84.5 pos ' 96.6 613.0  24.0' spd 303.9 yaw 346 mode 2 st 23 gl 0 hp 100 frg 0
ARGEVT Carmack hazard
ARGEVT Romero stall
ARGUS STALLDBG dz  40.0 horiz 210.0 gapclk -51.0 hz48 1 hop 0 pos '992.0 880.0 -296.0'
ARGEVT Romero stallnode '1169.0 993.0 -256.0'
ARGLOG Romero t  84.6 pos '992.0 880.0 -296.0' spd 0 yaw 511.4 mode 0 st 14 gl 1 hp 100 frg 0
ARGEVT Romero jump
ARGLOG Carmack t  84.7 pos '-148.9 2188.6 -136.0' spd 139.7 yaw 26 mode 2 st 7 gl 0 hp 4 frg 0
ARGEVT Joe Rogan hazard
ARGLOG Joe Rogan t  85.0 pos '180.8 543.6  24.0' spd 328.9 yaw 129 mode 2 st 23 gl 0 hp 100 frg 0
ARGEVT Romero route 18 start '977.0 961.0 -248.0' goal '145.0 2337.0  40.0'
ARGLOG Romero t  85.1 pos '991.6 893.1 -273.6' spd  33.7 yaw 29 mode 2 st 14 gl 1 hp 100 frg 0
ARGLOG Carmack t  85.2 pos '-147.1 2154.4 -136.0' spd 244.6 yaw 32 mode 2 st 7 gl 0 hp 4 frg 0
ARGLOG Joe Rogan t  85.5 pos '297.5 624.0  24.0' spd 228.3 yaw 139 mode 2 st 23 gl 0 hp 100 frg 0
ARGEVT Carmack hazard
ARGLOG Romero t  85.6 pos '951.8 1032.2 -248.0' spd 375.5 yaw 323 mode 2 st 14 gl 1 hp 200 frg 0
ARGLOG Carmack t  85.7 pos '-149.2 2300.5 -136.0' spd 154.7 yaw 7 mode 2 st 7 gl 0 hp 4 frg 0
ARGEVT Romero hazard
ARGLOG Joe Rogan t  86.0 pos '272.0 624.0  24.0' spd 0 yaw 136 mode 2 st 23 gl 0 hp 100 frg 0
ARGLOG Romero t  86.2 pos '1075.0 998.1 -248.0' spd 331.4 yaw 306 mode 2 st 14 gl 1 hp 200 frg 0
ARGLOG Carmack t  86.2 pos '-150.9 2352.1 -136.0' spd 112.9 yaw 358 mode 2 st 7 gl 0 hp 4 frg 0
ARGEVT Carmack stall
ARGUS STALLDBG dz 176.0 horiz 118.9 gapclk -60.7 hz48 1 hop 0 pos '-153.4 2294.2 -136.0'
ARGEVT Carmack stallnode '-47.0 2241.0  40.0'
ARGEVT Carmack jump
ARGLOG Joe Rogan t  86.5 pos '272.0 624.0  24.0' spd 0 yaw 136 mode 2 st 23 gl 0 hp 100 frg 0
ARGEVT Joe Rogan stall
ARGUS STALLDBG dz -144.0 horiz 237.3 gapclk  -0.1 hz48 0 hop 0 pos '272.0 624.0  24.0'
ARGEVT Joe Rogan stallnode ' 49.0 705.0 -120.0'
ARGEVT Joe Rogan jump
ARGLOG Romero t  86.7 pos '1088.0 1017.2 -248.0' spd 253.7 yaw 299 mode 2 st 14 gl 1 hp 200 frg 0
ARGEVT Carmack route 10 start '-239.0 2145.0 -136.0' goal '145.0 2337.0  40.0'
ARGLOG Carmack t  86.7 pos '-144.0 2207.7 -97.1' spd 107.4 yaw 140 mode 2 st 8 gl 0 hp 4 frg 0
ARGEVT Romero hazard
ARGEVT Joe Rogan route 24 start '241.0 577.0  24.0' goal '817.0 2433.0 -344.0'
ARGLOG Joe Rogan t  87.0 pos '275.9 624.0  53.8' spd  23.5 yaw 160 mode 2 st 24 gl 0 hp 100 frg 0
ARGLOG Romero t  87.2 pos '1088.0 1040.2 -248.0' spd 171.7 yaw 295 mode 2 st 14 gl 1 hp 200 frg 0
ARGLOG Carmack t  87.2 pos '-186.1 2213.4 -136.0' spd 320.6 yaw 141 mode 2 st 8 gl 0 hp 4 frg 0
ARGEVT Joe Rogan stall
ARGUS STALLDBG dz  -0.0 horiz  56.3 gapclk  -0.8 hz48 0 hop 0 pos '272.0 624.0  24.0'
ARGEVT Joe Rogan stallnode '241.0 577.0  24.0'
ARGEVT Joe Rogan jump
ARGEVT Joe Rogan plan powerup via weapon
ARGEVT Joe Rogan goal weapon_grenadelauncher
ARGEVT Joe Rogan route 14 start '241.0 577.0  24.0' goal '1169.0 1057.0 -408.0'
ARGLOG Joe Rogan t  87.5 pos '272.0 623.7  61.7' spd   6.1 yaw 159 mode 2 st 25 gl 0 hp 100 frg 0
ARGEVT Romero abandon
ARGEVT Romero goal item_armor2
ARGLOG Romero t  87.7 pos '1087.0 1001.0 -248.0' spd 342.9 yaw 359.3 mode 0 st 14 gl 1 hp 200 frg 0
ARGEVT Romero route 4 start '977.0 961.0 -248.0' goal '1297.0 1057.0 -408.0'
ARGLOG Carmack t  87.7 pos '-320.5 2313.0 -136.0' spd 325.2 yaw 120 mode 2 st 8 gl 0 hp 4 frg 0
ARGLOG Joe Rogan t  88.1 pos '246.5 608.2  24.0' spd 298.3 yaw 131 mode 2 st 25 gl 0 hp 100 frg 0
ARGEVT Romero hazard
ARGLOG Romero t  88.2 pos '1048.6 1055.6 -248.0' spd 375.0 yaw 333 mode 2 st 14 gl 1 hp 200 frg 0
ARGLOG Carmack t  88.3 pos '-435.0 2434.3 -136.0' spd 320.1 yaw 113 mode 2 st 8 gl 0 hp 4 frg 0
ARGEVT Carmack hazard
ARGLOG Joe Rogan t  88.6 pos ' 80.0 640.0  24.0' spd 0 yaw 99 mode 2 st 25 gl 0 hp 100 frg 0
ARGEVT Joe Rogan hazard
ARGLOG Romero t  88.7 pos '920.2 959.6 -248.0' spd 418.3 yaw 340 mode 2 st 14 gl 1 hp 200 frg 0
ARGLOG Carmack t  88.8 pos '-478.2 2590.2 -104.0' spd 331.3 yaw 121 mode 2 st 8 gl 0 hp 4 frg 0
ARGLOG Joe Rogan t  89.1 pos '142.4 640.0  24.0' spd 104.0 yaw 115 mode 2 st 25 gl 0 hp 100 frg 0
ARGEVT Romero hazard
ARGEVT Carmack lift
ARGLOG Romero t  89.2 pos '991.0 824.9 -312.0' spd 133.4 yaw 12 mode 2 st 14 gl 1 hp 200 frg 0
ARGLOG Carmack t  89.3 pos '-541.3 2748.2 -104.0' spd 394.6 yaw 272 mode 2 st 8 gl 0 hp 4 frg 0
ARGEVT Romero swim
ARGLOG Joe Rogan t  89.6 pos ' 80.0 630.4  24.0' spd  48.1 yaw 98 mode 2 st 25 gl 0 hp 100 frg 0
ARGEVT Joe Rogan hazard
ARGEVT Carmack board
ARGEVT Carmack jump
ARGLOG Romero t  89.8 pos '992.0 804.5 -310.9' spd  63.2 yaw 18 mode 2 st 14 gl 1 hp 200 frg 0
ARGLOG Carmack t  89.8 pos '-570.2 2679.1 -74.7' spd 0 yaw 278 mode 2 st 8 gl 0 hp 4 frg 0
ARGLOG Joe Rogan t  90.1 pos ' 25.9 624.0  24.0' spd  98.2 yaw 83 mode 2 st 25 gl 0 hp 100 frg 0
ARGLOG Romero t  90.3 pos '992.0 848.0 -306.4' spd 0 yaw 5 mode 2 st 14 gl 1 hp 200 frg 0
ARGLOG Carmack t  90.3 pos '-568.6 2671.5 -18.9' spd 0 yaw 278 mode 2 st 8 gl 0 hp 4 frg 0
ARGLOG Joe Rogan t  90.6 pos ' 11.9 624.0  24.0' spd  20.6 yaw 79 mode 2 st 25 gl 0 hp 100 frg 0
ARGEVT Joe Rogan hazard
ARGLOG Romero t  90.8 pos '992.0 848.0 -301.8' spd 0 yaw 5 mode 2 st 14 gl 1 hp 199 frg 0
ARGLOG Carmack t  90.8 pos '-556.9 2616.5  56.0' spd 298.0 yaw 302 mode 2 st 8 gl 0 hp 4 frg 0
ARGEVT Romero stall
ARGUS STALLDBG dz  43.2 horiz 228.9 gapclk -57.5 hz48 1 hop 0 pos '992.0 848.0 -299.2'
ARGEVT Romero stallnode '1169.0 993.0 -256.0'
ARGLOG Joe Rogan t  91.1 pos '  8.0 624.0  24.0' spd  34.9 yaw 78 mode 2 st 25 gl 0 hp 100 frg 0
ARGEVT Romero route 4 start '945.0 801.0 -328.0' goal '1297.0 1057.0 -408.0'
ARGLOG Romero t  91.3 pos '992.0 848.0 -297.4' spd 0 yaw 107 mode 2 st 15 gl 1 hp 199 frg 0
ARGLOG Carmack t  91.3 pos '-534.7 2452.6  56.0' spd 320.0 yaw 319 mode 2 st 8 gl 0 hp 4 frg 0
ARGEVT Romero swim
ARGEVT Joe Rogan stall
ARGUS STALLDBG dz -144.0 horiz  88.8 gapclk  -5.2 hz48 0 hop 0 pos ' 12.7 624.0  24.0'
ARGEVT Joe Rogan stallnode ' 49.0 705.0 -120.0'
ARGEVT Joe Rogan jump
ARGLOG Joe Rogan t  91.7 pos ' 16.1 624.0  35.7' spd  66.1 yaw  48.0 mode 0 st 26 gl 0 hp 100 frg 0
ARGEVT Joe Rogan route 15 start ' 81.0 545.0  24.0' goal '1169.0 1057.0 -408.0'
ARGEVT Romero swim
ARGLOG Romero t  91.8 pos '968.6 848.0 -297.2' spd  58.3 yaw 35 mode 2 st 15 gl 1 hp 198 frg 0
ARGLOG Carmack t  91.9 pos '-432.6 2319.3  56.0' spd 374.0 yaw 349 mode 2 st 8 gl 0 hp 4 frg 0
ARGLOG Joe Rogan t  92.2 pos ' 50.3 623.8  36.8' spd  67.5 yaw 347 mode 2 st 26 gl 0 hp 100 frg 0
ARGLOG Romero t  92.3 pos '946.0 940.3 -264.0' spd 320.7 yaw 13 mode 2 st 15 gl 1 hp 198 frg 0
ARGLOG Carmack t  92.4 pos '-265.0 2350.6  56.0' spd 325.6 yaw 334 mode 2 st 8 gl 0 hp 4 frg 0
ARGLOG Joe Rogan t  92.7 pos '132.1 518.4  24.0' spd 385.0 yaw 114 mode 2 st 26 gl 0 hp 100 frg 0
ARGEVT Carmack hazard
ARGLOG Romero t  92.8 pos '1054.9 1060.3 -248.0' spd 368.4 yaw 301 mode 2 st 15 gl 1 hp 197 frg 0
ARGEVT Romero hazard
ARGLOG Carmack t  92.9 pos '-144.0 2430.3  43.2' spd   7.7 yaw 343 mode 2 st 8 gl 0 hp 4 frg 0
ARGLOG Joe Rogan t  93.2 pos '237.0 599.4  24.0' spd 345.4 yaw 128 mode 2 st 26 gl 0 hp 100 frg 0
ARGLOG Romero t  93.4 pos '1076.8 1001.5 -248.0' spd 320.4 yaw 305 mode 2 st 15 gl 1 hp 197 frg 0
ARGLOG Carmack t  93.4 pos '-144.0 2413.2 -136.0' spd  34.6 yaw 346 mode 2 st 8 gl 0 hp 4 frg 0
ARGLOG Joe Rogan t  93.7 pos '130.9 634.6  24.0' spd 334.5 yaw 112 mode 2 st 26 gl 0 hp 100 frg 0
ARGEVT Carmack hazard
ARGEVT Carmack abandon
ARGEVT Carmack goal item_health
ARGEVT Carmack route 3 start '-303.0 2337.0 -136.0' goal '-79.0 2017.0 -168.0'
ARGEVT Joe Rogan hazard
ARGLOG Romero t  93.9 pos '1088.0 1009.6 -248.0' spd 290.3 yaw 300 mode 2 st 15 gl 1 hp 196 frg 0
ARGLOG Carmack t  93.9 pos '-156.9 2240.8 -136.0' spd 365.6 yaw 230 mode 2 st 8 gl 0 hp 4 frg 0
ARGEVT Romero hazard
ARGLOG Joe Rogan t  94.2 pos ' 80.0 640.0  24.0' spd 0 yaw 99 mode 2 st 26 gl 0 hp 100 frg 0
ARGLOG Romero t  94.4 pos '1088.0 1045.7 -248.0' spd 167.7 yaw 295 mode 2 st 15 gl 1 hp 196 frg 0
ARGLOG Carmack t  94.4 pos '-260.6 2119.2 -136.0' spd 418.9 yaw 116.6 mode 2 st 8 gl 0 hp 4 frg 0
ARGLOG Joe Rogan t  94.7 pos ' 80.0 640.0  24.0' spd 0 yaw 99 mode 2 st 26 gl 0 hp 100 frg 0
ARGEVT Joe Rogan hazard
ARGLOG Romero t  94.9 pos '1080.5 986.1 -248.0' spd 322.7 yaw 307 mode 2 st 15 gl 1 hp 195 frg 0
ARGLOG Carmack t  94.9 pos '-331.2 2283.6 -136.0' spd 382.1 yaw 288 mode 2 st 8 gl 0 hp 4 frg 0
ARGEVT Romero hazard
ARGEVT Joe Rogan stall
ARGUS STALLDBG dz -144.0 horiz  72.1 gapclk  -8.8 hz48 0 hop 0 pos ' 80.0 640.0  24.0'
ARGEVT Joe Rogan stallnode ' 49.0 705.0 -120.0'
ARGEVT Joe Rogan jump
ARGLOG Joe Rogan t  95.3 pos ' 80.0 640.0  35.7' spd 0 yaw  98.7 mode 0 st 27 gl 0 hp 100 frg 0
ARGLOG Romero t  95.4 pos '1088.0 1064.2 -248.0' spd 129.7 yaw 293 mode 2 st 15 gl 1 hp 195 frg 0
ARGEVT Joe Rogan route 15 start ' 81.0 545.0  24.0' goal '1169.0 1057.0 -408.0'
ARGLOG Carmack t  95.5 pos '-219.9 2257.7 -136.0' spd 323.1 yaw 266 mode 2 st 8 gl 0 hp 4 frg 0
ARGLOG Joe Rogan t  95.8 pos ' 93.3 639.6  37.3' spd  39.8 yaw 338 mode 2 st 27 gl 0 hp 100 frg 0
ARGLOG Romero t  95.9 pos '1067.5 982.9 -248.0' spd  23.5 yaw 311 mode 2 st 15 gl 1 hp 194 frg 0
ARGLOG Carmack t  96.0 pos '-227.6 2092.6 -152.0' spd 320.0 yaw 281.3 mode 2 st 8 gl 0 hp 4 frg 0
ARGEVT Romero hazard
ARGEVT Joe Rogan hazard
ARGLOG Joe Rogan t  96.3 pos '112.0 522.3  24.0' spd 372.6 yaw 109 mode 2 st 27 gl 0 hp 100 frg 0
ARGLOG Romero t  96.4 pos '1088.0 1072.0 -248.0' spd 0 yaw 292 mode 2 st 15 gl 1 hp 193 frg 0
ARGLOG Carmack t  96.5 pos '-100.3 1990.6 -184.0' spd 368.9 yaw 41 mode 1 st 8 gl 0 hp 4 frg 0
ARGLOG Joe Rogan t  96.8 pos '226.9 582.1  24.0' spd 330.1 yaw 125 mode 2 st 27 gl 0 hp 100 frg 0
ARGEVT Carmack hazard
ARGLOG Romero t  97.0 pos '1084.4 996.7 -248.0' spd 291.5 yaw 303 mode 2 st 15 gl 1 hp 193 frg 0
ARGLOG Carmack t  97.0 pos '-15.8 2083.3 -184.0' spd 379.9 yaw  51.7 mode 1 st 8 gl 0 hp 19 frg 0
ARGEVT Romero hazard
ARGLOG Joe Rogan t  97.3 pos '197.4 616.0  24.0' spd 343.2 yaw 124 mode 2 st 27 gl 0 hp 100 frg 0
ARGLOG Romero t  97.5 pos '1088.0 1051.7 -248.0' spd 234.5 yaw 294 mode 2 st 15 gl 1 hp 192 frg 0
ARGLOG Carmack t  97.5 pos '-134.7 2092.1 -152.0' spd 290.2 yaw 215.8 mode 1 st 8 gl 0 hp 19 frg 0
ARGEVT Joe Rogan hazard
ARGLOG Joe Rogan t  97.8 pos ' 80.0 632.8  24.0' spd 123.8 yaw 98 mode 2 st 27 gl 0 hp 100 frg 0
ARGLOG Romero t  98.0 pos '1083.6 1031.1 -248.0' spd 191.2 yaw 298 mode 2 st 15 gl 1 hp 192 frg 0
ARGLOG Carmack t  98.0 pos '-165.0 1939.2 -184.0' spd 427.9 yaw  19.4 mode 1 st 8 gl 0 hp 19 frg 0
ARGEVT Romero hazard
ARGLOG Joe Rogan t  98.3 pos ' 30.8 624.0  24.0' spd  10.1 yaw 85 mode 2 st 27 gl 0 hp 100 frg 0
ARGLOG Romero t  98.5 pos '1088.0 1015.1 -248.0' spd 358.6 yaw 299 mode 2 st 15 gl 1 hp 191 frg 0
ARGLOG Carmack t  98.5 pos ' 13.0 1981.2 -184.0' spd 328.1 yaw 7 mode 1 st 8 gl 0 hp 19 frg 0
ARGEVT Joe Rogan hazard
ARGLOG Joe Rogan t  98.8 pos ' 13.4 624.0  24.0' spd 110.5 yaw 80 mode 2 st 27 gl 0 hp 100 frg 0
ARGLOG Romero t  99.0 pos '1086.7 1043.9 -248.0' spd 160.4 yaw 295 mode 2 st 15 gl 1 hp 191 frg 0
ARGEVT Carmack hazard
ARGLOG Carmack t  99.1 pos '120.0 2085.1 -184.0' spd 275.9 yaw 141.6 mode 1 st 8 gl 0 hp 19 frg 0
ARGEVT Romero hazard
ARGLOG Joe Rogan t  99.4 pos ' 10.0 624.0  24.0' spd 135.6 yaw 79 mode 2 st 27 gl 0 hp 100 frg 0
ARGEVT Joe Rogan stall
ARGUS STALLDBG dz -144.0 horiz  87.3 gapclk  -1.5 hz48 0 hop 0 pos ' 16.6 624.0  24.0'
ARGEVT Joe Rogan stallnode ' 49.0 705.0 -120.0'
ARGEVT Joe Rogan jump
ARGLOG Romero t  99.5 pos '1078.4 977.7 -248.0' spd 241.9 yaw 309 mode 2 st 15 gl 1 hp 190 frg 0
ARGLOG Carmack t  99.6 pos '106.2 2013.3 -184.0' spd 379.0 yaw 203 mode 1 st 8 gl 0 hp 19 frg 0
ARGUS routecache adopt
ARGEVT Joe Rogan route 15 start ' 81.0 545.0  24.0' goal '1169.0 1057.0 -408.0'
ARGLOG Joe Rogan t  99.9 pos ' 55.6 624.0  62.2' spd 109.2 yaw 346 mode 2 st 28 gl 0 hp 100 frg 0
ARGLOG Romero t 100.0 pos '1086.9 1062.9 -248.0' spd 116.2 yaw 293 mode 2 st 15 gl 1 hp 190 frg 0
ARGLOG Carmack t 100.1 pos '-59.5 1972.9 -184.0' spd 369.6 yaw 114 mode 1 st 8 gl 0 hp 19 frg 0
ARGEVT Romero hazard
ARGLOG Joe Rogan t 100.4 pos ' 95.1 560.1  24.0' spd 320.0 yaw 107 mode 2 st 28 gl 0 hp 100 frg 0
ARGEVT Carmack hazard
ARGEVT Joe Rogan hazard
ARGLOG Romero t 100.5 pos '1067.5 983.6 -248.0' spd  22.8 yaw 311 mode 2 st 15 gl 1 hp 189 frg 0
ARGLOG Carmack t 100.6 pos '-132.7 2096.0 -152.0' spd 165.4 yaw 353.8 mode 1 st 8 gl 0 hp 19 frg 0
ARGLOG Joe Rogan t 100.9 pos '193.3 545.9  24.0' spd 329.8 yaw 132 mode 2 st 28 gl 0 hp 100 frg 0
ARGLOG Romero t 101.1 pos '1088.0 1072.0 -248.0' spd 0 yaw 292 mode 2 st 15 gl 1 hp 189 frg 0
ARGLOG Carmack t 101.1 pos ' -3.5 1992.1 -184.0' spd 331.3 yaw 335.6 mode 1 st 8 gl 0 hp 19 frg 0
ARGEVT Romero hazard
ARGLOG Joe Rogan t 101.4 pos '193.9 616.0  24.0' spd 339.9 yaw 123 mode 2 st 28 gl 0 hp 100 frg 0
ARGLOG Romero t 101.6 pos '1084.8 997.3 -248.0' spd 295.7 yaw 303 mode 2 st 15 gl 1 hp 188 frg 0
ARGLOG Carmack t 101.6 pos '147.4 2034.8 -184.0' spd 430.6 yaw 140.4 mode 1 st 8 gl 0 hp 19 frg 0
ARGEVT Carmack hazard
ARGEVT Joe Rogan hazard
ARGLOG Joe Rogan t 101.9 pos ' 80.0 633.0  24.0' spd 125.6 yaw 98 mode 2 st 28 gl 0 hp 100 frg 0
ARGLOG Romero t 102.1 pos '1088.0 1051.7 -248.0' spd 234.5 yaw 294 mode 2 st 15 gl 1 hp 188 frg 0
ARGLOG Carmack t 102.1 pos '120.0 2057.4 -184.0' spd 323.9 yaw 225 mode 1 st 8 gl 0 hp 19 frg 0
ARGEVT Romero hazard
ARGLOG Joe Rogan t 102.4 pos ' 30.9 624.0  24.0' spd  12.2 yaw 85 mode 2 st 28 gl 0 hp 100 frg 0
ARGLOG Romero t 102.6 pos '1083.6 1031.6 -248.0' spd 188.4 yaw 298 mode 2 st 15 gl 1 hp 187 frg 0
ARGLOG Carmack t 102.7 pos '-21.8 1961.9 -184.0' spd 371.0 yaw 133 mode 1 st 8 gl 0 hp 19 frg 0
ARGEVT Joe Rogan hazard
ARGLOG Joe Rogan t 103.0 pos ' 12.9 624.0  24.0' spd 111.0 yaw 80 mode 2 st 28 gl 0 hp 100 frg 0
ARGEVT Carmack hazard
ARGLOG Romero t 103.1 pos '1086.8 1035.5 -248.0' spd 312.5 yaw 296 mode 2 st 15 gl 1 hp 187 frg 0
ARGLOG Carmack t 103.2 pos '-141.7 2085.7 -152.0' spd 264.0 yaw  27.4 mode 1 st 8 gl 0 hp 19 frg 0
ARGEVT Romero hazard
ARGLOG Joe Rogan t 103.5 pos '  9.7 624.0  24.0' spd 135.6 yaw 79 mode 2 st 28 gl 0 hp 100 frg 0
ARGLOG Romero t 103.6 pos '1082.1 1039.0 -248.0' spd 148.5 yaw 297 mode 2 st 15 gl 1 hp 186 frg 0
ARGLOG Carmack t 103.7 pos '-20.9 2020.8 -184.0' spd 327.7 yaw 303.3 mode 1 st 8 gl 0 hp 19 frg 0
ARGEVT Joe Rogan stall
ARGUS STALLDBG dz -144.0 horiz  86.9 gapclk  -5.8 hz48 0 hop 0 pos ' 17.7 624.0  24.0'
ARGEVT Joe Rogan stallnode ' 49.0 705.0 -120.0'
ARGEVT Joe Rogan jump
ARGUS routecache adopt
ARGEVT Joe Rogan route 15 start ' 81.0 545.0  24.0' goal '1169.0 1057.0 -408.0'
ARGLOG Joe Rogan t 104.0 pos ' 35.4 624.0  53.1' spd 114.2 yaw 19 mode 0 st 29 gl 0 hp 100 frg 0
ARGLOG Romero t 104.1 pos '1088.0 1018.7 -248.0' spd 323.0 yaw 298 mode 2 st 15 gl 1 hp 186 frg 0
ARGLOG Carmack t 104.2 pos '135.4 1995.4 -184.0' spd 423.6 yaw 108.4 mode 1 st 8 gl 0 hp 19 frg 0
ARGEVT Romero hazard
ARGEVT Carmack hazard
ARGLOG Joe Rogan t 104.5 pos ' 94.6 618.7  24.0' spd 122.7 yaw 345 mode 2 st 29 gl 0 hp 100 frg 0
ARGLOG Romero t 104.7 pos '1088.0 1051.0 -248.0' spd 169.2 yaw 294 mode 2 st 15 gl 1 hp 185 frg 0
ARGLOG Carmack t 104.7 pos '120.0 2083.8 -184.0' spd 165.5 yaw 237 mode 1 st 8 gl 0 hp 19 frg 0
ARGEVT Joe Rogan hazard
ARGLOG Joe Rogan t 105.0 pos '165.5 512.3  24.0' spd 320.9 yaw 121 mode 2 st 29 gl 0 hp 100 frg 0
ARGLOG Romero t 105.2 pos '1080.5 985.4 -248.0' spd 320.8 yaw 307 mode 2 st 15 gl 1 hp 185 frg 0
ARGLOG Carmack t 105.2 pos ' 14.1 1955.9 -184.0' spd 370.9 yaw 150 mode 1 st 8 gl 0 hp 19 frg 0
ARGEVT Romero hazard
ARGLOG Joe Rogan t 105.5 pos '260.4 607.4  24.0' spd 381.8 yaw 133 mode 2 st 29 gl 0 hp 100 frg 0
ARGLOG Romero t 105.7 pos '1088.0 1063.9 -248.0' spd 127.5 yaw 293 mode 2 st 15 gl 1 hp 184 frg 0
ARGLOG Carmack t 105.7 pos '-116.9 2065.4 -152.0' spd 368.4 yaw 61 mode 1 st 8 gl 0 hp 19 frg 0
ARGEVT Carmack hazard
ARGLOG Joe Rogan t 106.0 pos '143.0 628.5  24.0' spd 338.4 yaw 114 mode 2 st 29 gl 0 hp 100 frg 0
ARGLOG Romero t 106.2 pos '1067.6 983.4 -248.0' spd  20.9 yaw 311 mode 2 st 15 gl 1 hp 184 frg 0
ARGEVT Joe Rogan hazard
ARGLOG Carmack t 106.3 pos '-61.4 2049.6 -184.0' spd 363.9 yaw 297 mode 1 st 8 gl 0 hp 19 frg 0
ARGEVT Romero hazard
ARGLOG Joe Rogan t 106.6 pos ' 75.5 623.1  24.0' spd 108.8 yaw 97 mode 2 st 29 gl 0 hp 100 frg 0
ARGLOG Romero t 106.7 pos '1088.0 1072.0 -248.0' spd 0 yaw 292 mode 2 st 15 gl 1 hp 183 frg 0
ARGLOG Carmack t 106.8 pos ' 89.8 1979.0 -184.0' spd 387.5 yaw  65.0 mode 1 st 8 gl 0 hp 19 frg 0
ARGLOG Joe Rogan t 107.1 pos ' 19.0 624.0  24.0' spd  98.5 yaw 81 mode 2 st 29 gl 0 hp 100 frg 0
ARGEVT Carmack hazard
ARGLOG Romero t 107.2 pos '1083.9 995.6 -248.0' spd 289.3 yaw 304 mode 2 st 15 gl 1 hp 183 frg 0
ARGLOG Carmack t 107.3 pos '120.0 2093.2 -184.0' spd  53.8 yaw 215.2 mode 1 st 8 gl 0 hp 19 frg 0
ARGEVT Joe Rogan hazard
ARGEVT Joe Rogan abandon
ARGEVT Joe Rogan plan powerup via weapon
ARGEVT Joe Rogan goal weapon_rocketlauncher
ARGEVT Romero hazard
ARGLOG Joe Rogan t 107.6 pos ' 13.3 624.0  24.0' spd 107.1 yaw 85 mode 0 st 29 gl 0 hp 100 frg 0
ARGEVT Joe Rogan route 29 start ' 81.0 545.0  24.0' goal '145.0 2337.0  40.0'
ARGLOG Romero t 107.7 pos '1088.0 1050.9 -248.0' spd 238.4 yaw 294 mode 2 st 15 gl 1 hp 182 frg 0
ARGLOG Carmack t 107.8 pos ' 45.4 1956.5 -184.0' spd 375.8 yaw 164 mode 1 st 8 gl 0 hp 19 frg 0
ARGEVT Romero abandon
ARGEVT Romero plan powerup via weapon
ARGEVT Romero goal weapon_grenadelauncher
ARGEVT Romero route 4 start '977.0 961.0 -248.0' goal '1169.0 1057.0 -408.0'
ARGLOG Joe Rogan t 108.1 pos ' 65.9 620.0  24.0' spd 342.5 yaw 347 mode 2 st 29 gl 0 hp 100 frg 0
ARGLOG Romero t 108.3 pos '967.6 957.1 -248.0' spd 320.1 yaw 336 mode 2 st 15 gl 1 hp 182 frg 0
ARGLOG Carmack t 108.3 pos '-110.8 2028.0 -168.0' spd 367.6 yaw 80 mode 1 st 8 gl 0 hp 19 frg 0
ARGEVT Joe Rogan hazard
ARGEVT Carmack hazard
ARGLOG Joe Rogan t 108.6 pos ' 80.0 517.8  24.0' spd  23.2 yaw 99 mode 2 st 29 gl 0 hp 100 frg 0
ARGEVT Romero swim
ARGLOG Romero t 108.8 pos '944.4 799.5 -323.9' spd 397.2 yaw 16 mode 2 st 15 gl 1 hp 181 frg 0
ARGLOG Carmack t 108.8 pos '-139.0 2089.2 -152.0' spd 262.5 yaw 303 mode 1 st 8 gl 0 hp 19 frg 0
ARGLOG Joe Rogan t 109.1 pos '194.1 541.0  24.0' spd 324.7 yaw 131 mode 2 st 29 gl 0 hp 100 frg 0
ARGLOG Romero t 109.3 pos '992.0 759.3 -312.2' spd  52.7 yaw 30 mode 2 st 15 gl 1 hp 181 frg 0
ARGLOG Carmack t 109.3 pos '-27.5 1965.8 -184.0' spd 338.2 yaw   2.6 mode 1 st 8 gl 0 hp 19 frg 0
ARGLOG Joe Rogan t 109.6 pos '226.0 616.0  24.0' spd 335.7 yaw 129 mode 2 st 29 gl 0 hp 100 frg 0
ARGLOG Romero t 109.8 pos '992.0 824.8 -307.7' spd 165.7 yaw 12 mode 2 st 15 gl 1 hp 180 frg 0
ARGLOG Carmack t 109.9 pos '126.8 2037.9 -184.0' spd 367.4 yaw 106 mode 1 st 8 gl 0 hp 19 frg 0
ARGEVT Carmack hazard
ARGEVT Joe Rogan hazard
ARGLOG Joe Rogan t 110.2 pos ' 72.9 623.2  24.0' spd 164.8 yaw 96 mode 2 st 29 gl 0 hp 100 frg 0
ARGLOG Romero t 110.3 pos '992.0 848.0 -303.1' spd 0 yaw 5 mode 2 st 15 gl 1 hp 180 frg 0
ARGLOG Carmack t 110.4 pos '120.0 2061.8 -184.0' spd 298.9 yaw 227 mode 1 st 8 gl 0 hp 19 frg 0
ARGLOG Joe Rogan t 110.7 pos ' 22.2 624.0  24.0' spd 113.4 yaw 82 mode 2 st 29 gl 0 hp 100 frg 0
ARGLOG Romero t 110.8 pos '992.0 848.0 -298.5' spd 0 yaw 5 mode 2 st 15 gl 1 hp 179 frg 0
ARGLOG Carmack t 110.9 pos ' -8.7 1952.1 -184.0' spd 368.5 yaw 140 mode 1 st 8 gl 0 hp 19 frg 0
ARGEVT Joe Rogan hazard
ARGLOG Joe Rogan t 111.2 pos '  5.1 624.0  24.0' spd  24.3 yaw 78 mode 2 st 29 gl 0 hp 100 frg 0
ARGEVT Romero hazard
ARGEVT Romero stall
ARGUS STALLDBG dz  40.0 horiz 223.1 gapclk -77.7 hz48 1 hop 0 pos '992.0 857.3 -296.0'
ARGEVT Romero stallnode '1169.0 993.0 -256.0'
ARGEVT Romero jump
ARGUS routecache adopt
ARGEVT Romero route 4 start '977.0 961.0 -248.0' goal '1169.0 1057.0 -408.0'
ARGLOG Romero t 111.3 pos '992.0 874.1 -274.5' spd 163.1 yaw  70.0 mode 0 st 16 gl 1 hp 179 frg 0
ARGLOG Carmack t 111.4 pos '-119.5 2082.4 -152.0' spd 369.8 yaw  44.4 mode 1 st 8 gl 0 hp 19 frg 0
ARGEVT Carmack hazard
ARGLOG Joe Rogan t 111.7 pos ' 12.7 624.0  24.0' spd 119.3 yaw 80 mode 2 st 29 gl 0 hp 100 frg 0
ARGEVT Joe Rogan stall
ARGUS STALLDBG dz -144.0 horiz  92.4 gapclk  -1.3 hz48 0 hop 0 pos '  4.7 624.0  24.0'
ARGEVT Joe Rogan stallnode ' 49.0 705.0 -120.0'
ARGEVT Joe Rogan jump
ARGLOG Romero t 111.9 pos '971.4 976.6 -248.0' spd 320.4 yaw 331 mode 2 st 16 gl 1 hp 178 frg 0
ARGLOG Carmack t 111.9 pos '-114.7 2044.4 -168.0' spd 328.1 yaw 322 mode 1 st 8 gl 0 hp 19 frg 0
ARGEVT Joe Rogan route 29 start ' 81.0 545.0  24.0' goal '145.0 2337.0  40.0'
ARGLOG Joe Rogan t 112.2 pos '-25.9 624.0  53.5' spd  30.3 yaw 351 mode 2 st 30 gl 0 hp 100 frg 0
ARGLOG Romero t 112.4 pos '1034.8 1035.3 -248.0' spd 348.9 yaw 309 mode 2 st 16 gl 1 hp 178 frg 0
ARGLOG Carmack t 112.4 pos ' 32.0 1960.3 -184.0' spd 385.8 yaw 49 mode 1 st 8 gl 0 hp 19 frg 0
ARGEVT Romero hazard
ARGLOG Joe Rogan t 112.7 pos ' 53.9 569.1  24.0' spd 320.1 yaw 336.6 mode 2 st 30 gl 0 hp 100 frg 0
ARGEVT Carmack hazard
ARGLOG Romero t 112.9 pos '1085.5 1011.4 -248.0' spd 371.6 yaw 300 mode 2 st 16 gl 1 hp 177 frg 0
ARGLOG Carmack t 112.9 pos '120.0 2091.0 -184.0' spd 216.7 yaw 152.3 mode 1 st 8 gl 0 hp 19 frg 0
ARGLOG Joe Rogan t 113.3 pos '222.6 554.9  24.0' spd 354.8 yaw 121 mode 2 st 30 gl 0 hp 100 frg 0
ARGEVT Joe Rogan hazard
ARGLOG Romero t 113.4 pos '1086.9 1035.4 -248.0' spd 312.3 yaw 296 mode 2 st 16 gl 1 hp 177 frg 0
ARGLOG Carmack t 113.5 pos ' 96.3 2004.2 -184.0' spd 369.1 yaw 196 mode 1 st 8 gl 0 hp 19 frg 0
ARGEVT Romero hazard
ARGLOG Joe Rogan t 113.8 pos '272.0 624.0  24.0' spd 0 yaw 136 mode 2 st 30 gl 0 hp 100 frg 0
ARGLOG Romero t 113.9 pos '1082.6 1039.2 -248.0' spd 148.6 yaw 297 mode 2 st 16 gl 1 hp 176 frg 0
ARGEVT Carmack abandon
ARGEVT Carmack goal item_health
ARGLOG Carmack t 114.0 pos '-73.2 1986.2 -184.0' spd 368.7 yaw 132.3 mode 0 st 8 gl 0 hp 19 frg 0
ARGEVT Carmack route 38 start '-79.0 2017.0 -168.0' goal '-399.0 1665.0 -200.0'
ARGLOG Joe Rogan t 114.3 pos '272.0 624.0  24.0' spd 0 yaw 136 mode 2 st 30 gl 0 hp 100 frg 0
ARGLOG Romero t 114.4 pos '1086.7 1000.0 -248.0' spd 340.7 yaw 302 mode 2 st 16 gl 1 hp 175 frg 0
ARGLOG Carmack t 114.5 pos '-235.5 2041.8 -168.0' spd 356.0 yaw 86 mode 2 st 8 gl 0 hp 19 frg 0
ARGEVT Joe Rogan stall
ARGUS STALLDBG dz -144.0 horiz 237.3 gapclk  -4.1 hz48 0 hop 0 pos '272.0 624.0  24.0'
ARGEVT Joe Rogan stallnode ' 49.0 705.0 -120.0'
ARGEVT Joe Rogan jump
ARGEVT Romero hazard
ARGLOG Joe Rogan t 114.8 pos '272.0 624.0  53.3' spd 0 yaw 110.1 mode 0 st 31 gl 0 hp 100 frg 0
ARGEVT Joe Rogan route 28 start '241.0 577.0  24.0' goal '145.0 2337.0  40.0'
ARGLOG Romero t 115.0 pos '1088.0 1058.3 -248.0' spd 140.7 yaw 293 mode 2 st 16 gl 1 hp 175 frg 0
ARGLOG Carmack t 115.0 pos '-311.6 2198.0 -136.0' spd 325.3 yaw 70 mode 2 st 8 gl 0 hp 19 frg 0
ARGLOG Joe Rogan t 115.3 pos '272.0 623.6  24.0' spd   6.2 yaw 159 mode 2 st 31 gl 0 hp 100 frg 0
ARGEVT Joe Rogan stall
ARGUS STALLDBG dz  -0.0 horiz  52.6 gapclk  -4.9 hz48 0 hop 0 pos '272.0 619.5  24.0'
ARGEVT Joe Rogan stallnode '241.0 577.0  24.0'
ARGEVT Joe Rogan jump
ARGLOG Romero t 115.5 pos '1068.6 983.9 -248.0' spd 235.3 yaw 311 mode 2 st 16 gl 1 hp 174 frg 0
ARGEVT Joe Rogan plan powerup via weapon
ARGEVT Joe Rogan goal weapon_supernailgun
ARGLOG Carmack t 115.5 pos '-279.9 2361.4 -136.0' spd 321.8 yaw 68 mode 2 st 8 gl 0 hp 19 frg 0
ARGEVT Romero hazard
ARGEVT Joe Rogan route 24 start '241.0 577.0  24.0' goal '817.0 2433.0 -344.0'
ARGLOG Joe Rogan t 115.8 pos '283.6 582.2  53.9' spd  91.9 yaw 133 mode 2 st 32 gl 0 hp 100 frg 0
ARGLOG Romero t 116.0 pos '1088.0 1070.6 -248.0' spd 124.3 yaw 292 mode 2 st 16 gl 1 hp 174 frg 0
ARGLOG Carmack t 116.0 pos '-206.4 2508.9 -120.0' spd 322.0 yaw 53 mode 2 st 8 gl 0 hp 19 frg 0
ARGEVT Joe Rogan hazard
ARGEVT Carmack jump
ARGLOG Joe Rogan t 116.3 pos '240.8 616.0  24.0' spd 330.8 yaw 131 mode 2 st 32 gl 0 hp 100 frg 0
ARGLOG Romero t 116.5 pos '1075.8 984.1 -248.0' spd 162.4 yaw 309 mode 2 st 16 gl 1 hp 173 frg 0
ARGLOG Carmack t 116.5 pos '-150.9 2581.8 -66.1' spd 108.3 yaw 69 mode 2 st 8 gl 0 hp 19 frg 0
ARGEVT Romero hazard
ARGEVT Carmack hazard
ARGLOG Joe Rogan t 116.9 pos ' 80.0 640.0  24.0' spd 0 yaw 99 mode 2 st 32 gl 0 hp 100 frg 0
ARGLOG Romero t 117.0 pos '1087.4 1063.7 -248.0' spd 163.2 yaw 293 mode 2 st 16 gl 1 hp 173 frg 0
ARGLOG Carmack t 117.1 pos '-144.0 2661.8 -72.0' spd 343.7 yaw 65 mode 2 st 8 gl 0 hp 19 frg 0
ARGEVT Joe Rogan hazard
ARGLOG Joe Rogan t 117.4 pos ' 80.0 640.0  24.0' spd 0 yaw 99 mode 2 st 32 gl 0 hp 100 frg 0
ARGEVT Joe Rogan stall
ARGUS STALLDBG dz -144.0 horiz  72.1 gapclk  -7.0 hz48 0 hop 0 pos ' 80.0 640.0  24.0'
ARGEVT Joe Rogan stallnode ' 49.0 705.0 -120.0'
ARGEVT Joe Rogan jump
ARGLOG Romero t 117.5 pos '1085.6 1022.1 -248.0' spd 260.1 yaw 298 mode 2 st 16 gl 1 hp 172 frg 0
ARGLOG Carmack t 117.6 pos '-74.5 2814.8 -56.0' spd 320.0 yaw 34 mode 2 st 8 gl 0 hp 19 frg 0
ARGEVT Romero hazard
ARGEVT Joe Rogan route 25 start ' 81.0 545.0  24.0' goal '817.0 2433.0 -344.0'
ARGLOG Joe Rogan t 117.9 pos ' 86.0 640.0  62.0' spd  33.6 yaw 338 mode 2 st 33 gl 0 hp 100 frg 0
ARGLOG Romero t 118.0 pos '1088.0 1030.7 -248.0' spd 344.2 yaw 297 mode 2 st 16 gl 1 hp 172 frg 0
ARGLOG Carmack t 118.1 pos ' 15.3 2956.1 -56.0' spd 376.8 yaw 358 mode 2 st 8 gl 0 hp 19 frg 0
ARGLOG Joe Rogan t 118.4 pos ' 92.2 580.3  24.0' spd 321.4 yaw 109 mode 2 st 33 gl 0 hp 100 frg 0
ARGEVT Joe Rogan hazard
ARGLOG Romero t 118.6 pos '1088.0 1033.5 -248.0' spd 184.9 yaw 296 mode 2 st 16 gl 1 hp 171 frg 0
ARGEVT Carmack jump
ARGLOG Carmack t 118.6 pos '165.4 2946.4 -124.3' spd 329.9 yaw 0 mode 2 st 8 gl 0 hp 11 frg 0
ARGEVT Romero hazard
ARGLOG Joe Rogan t 118.9 pos '212.4 553.2  24.0' spd 330.2 yaw 120 mode 2 st 33 gl 0 hp 100 frg 0
ARGLOG Romero t 119.1 pos '1088.0 1018.8 -248.0' spd 321.7 yaw 298 mode 2 st 16 gl 1 hp 171 frg 0
ARGLOG Carmack t 119.1 pos '304.0 2896.7 -122.7' spd  12.6 yaw 20 mode 2 st 8 gl 0 hp 11 frg 0
ARGEVT Carmack swim
ARGLOG Joe Rogan t 119.4 pos '272.0 624.0  24.0' spd 0 yaw 136 mode 2 st 33 gl 0 hp 100 frg 0
ARGLOG Romero t 119.6 pos '1088.0 1051.2 -248.0' spd 170.3 yaw 294 mode 2 st 16 gl 1 hp 170 frg 0
ARGLOG Carmack t 119.6 pos '304.0 2952.9 -144.2' spd 184.3 yaw 357 mode 2 st 8 gl 0 hp 7 frg 0
ARGEVT Romero hazard
ARGLOG Joe Rogan t 119.9 pos '272.0 624.0  24.0' spd 0 yaw 136 mode 2 st 33 gl 0 hp 100 frg 0
ARGLOG Romero t 120.1 pos '1080.5 986.3 -248.0' spd 322.1 yaw 307 mode 2 st 16 gl 1 hp 170 frg 0
ARGLOG Carmack t 120.1 pos '304.0 2976.3 -139.6' spd 106.8 yaw 347 mode 2 st 8 gl 0 hp 7 frg 0
ARGEVT Carmack death world pos '304.0 2976.3 -139.6'
ARGEVT Joe Rogan stall
ARGUS STALLDBG dz -144.0 horiz 237.3 gapclk  -0.1 hz48 0 hop 0 pos '272.0 624.0  24.0'
ARGEVT Joe Rogan stallnode ' 49.0 705.0 -120.0'
ARGEVT Joe Rogan jump
ARGUS routecache adopt
ARGEVT Joe Rogan route 24 start '241.0 577.0  24.0' goal '817.0 2433.0 -344.0'
ARGLOG Joe Rogan t 120.5 pos '272.0 624.0  35.7' spd 0 yaw 143.7 mode 0 st 34 gl 0 hp 100 frg 0
ARGLOG Romero t 120.6 pos '1088.0 1064.5 -248.0' spd 129.7 yaw 293 mode 2 st 16 gl 1 hp 169 frg 0
ARGEVT Romero hazard
ARGLOG Joe Rogan t 121.0 pos '272.0 613.5  37.3' spd  37.4 yaw 135 mode 2 st 34 gl 0 hp 100 frg 0
ARGLOG Romero t 121.1 pos '1067.7 983.5 -248.0' spd  20.5 yaw 311 mode 2 st 16 gl 1 hp 169 frg 0
