LOG started on: 09/14/2026 07:38:38 
Playing registered version.
UDP Initialized
WIPX_OpenSocket: Address family not supported by protocol family
WIPX_Init: Unable to open control socket, IPX disabled
Exe: 20:02:47 Jul 31 2024
256.0 megabyte heap

Language initialization
Couldn't load 'localization/loc_english.txt'
from 'C:/argus/engine'

========= Quake Initialized =========

execing autoexec.cfg
SpawnServer: e1m2
Clearing memory
Programs occupy 883K.
Mod_LoadTexinfo: 1 texture(s) missing from BSP file
trying to open external vis file
maps/e1m2.vis not found, trying argus.vis
external vis not found
Loaded external entity file maps/e1m2@0caa.ent
ARGUS slots 8
ARGUS worldspawn reached
ARGNAV 198 nodes, 535 links
8 entities inhibited
ARGUS init on e1m2
ARGEVT Carmack spawned
ARGEVT Romero spawned
ARGEVT Joe Rogan spawned
Server spawned.
ARGLOG Joe Rogan t   1.2 pos '1496.0 1328.0 200.0' spd 0 yaw 267.6 mode 0 st 0 gl 0 hp 100 frg 0
ARGLOG Romero t   1.2 pos '1080.0 -720.0 312.0' spd 0 yaw  47.5 mode 0 st 0 gl 0 hp 100 frg 0
ARGLOG Carmack t   1.2 pos '-416.0 -144.0 320.0' spd 0 yaw 119.6 mode 0 st 0 gl 0 hp 100 frg 0
ARGEVT Carmack hazard
ARGLOG Joe Rogan t   1.7 pos '1490.6 1173.5 204.0' spd 320 yaw 267.6 mode 0 st 0 gl 0 hp 100 frg 0
ARGLOG Romero t   1.7 pos '1185.4 -606.9 312.0' spd 320 yaw  47.5 mode 0 st 0 gl 0 hp 100 frg 0
ARGLOG Carmack t   1.7 pos '-448.0 -132.8 320.0' spd 324.6 yaw 257.3 mode 0 st 0 gl 0 hp 100 frg 0
ARGLOG Joe Rogan t   2.2 pos '1484.8 1008.5 204.0' spd 320.0 yaw 267.6 mode 0 st 0 gl 0 hp 100 frg 0
ARGLOG Romero t   2.2 pos '1300.0 -473.1 216.3' spd 236.0 yaw  47.5 mode 0 st 0 gl 0 hp 100 frg 0
ARGLOG Carmack t   2.2 pos '-448.0 -104.8 320.0' spd 320.0 yaw  90.1 mode 0 st 0 gl 0 hp 100 frg 0
ARGEVT Romero swim
ARGEVT Romero swim
ARGLOG Joe Rogan t   2.7 pos '1479.1 842.8 216.0' spd 320.0 yaw 267.6 mode 0 st 0 gl 0 hp 100 frg 0
ARGLOG Romero t   2.7 pos '1326.4 -352.8 170.6' spd 248.8 yaw  47.5 mode 0 st 0 gl 0 hp 100 frg 0
ARGEVT Romero swim
ARGLOG Carmack t   2.7 pos '-448.0  61.0 320.0' spd 320 yaw  90.1 mode 0 st 0 gl 0 hp 100 frg 0
ARGEVT Romero swim
ARGLOG Joe Rogan t   3.3 pos '1473.3 677.5 264.0' spd 320 yaw 267.6 mode 0 st 0 gl 0 hp 100 frg 0
ARGLOG Romero t   3.3 pos '1376.8 -327.1 170.7' spd 123.2 yaw 268.8 mode 0 st 0 gl 0 hp 100 frg 0
ARGEVT Romero swim
ARGLOG Carmack t   3.3 pos '-432.4 199.0 320.0' spd 194.5 yaw 310.9 mode 0 st 0 gl 0 hp 100 frg 0
ARGEVT Romero swim
ARGEVT Romero swim
ARGLOG Joe Rogan t   3.8 pos '1379.3 659.5 280.0' spd 323.7 yaw 137.8 mode 0 st 0 gl 0 hp 100 frg 0
ARGLOG Romero t   3.8 pos '1397.5 -418.4 171.0' spd 218.8 yaw 268.8 mode 0 st 0 gl 0 hp 100 frg 0
ARGLOG Carmack t   3.8 pos '-306.9  92.4 320.0' spd 320.3 yaw 310.9 mode 0 st 0 gl 0 hp 100 frg 0
host:    UNNAMED
version: 1.09
tcp/ip:  169.254.71.10
map:     e1m2
players: 0 active (8 max)

ARGEVT Joe Rogan hazard
ARGEVT Romero swim
ARGEVT Joe Rogan goal weapon_rocketlauncher
ARGEVT Romero goal item_armor2
ARGEVT Carmack goal weapon_supernailgun
ARGEVT Joe Rogan route 4 start '1393.0 609.0 280.0' goal '689.0 737.0 200.0'
ARGEVT Romero swim
ARGLOG Joe Rogan t   4.3 pos '1385.5 704.0 294.0' spd 280.0 yaw 174 mode 2 st 0 gl 0 hp 100 frg 0
ARGLOG Romero t   4.3 pos '1399.0 -542.7 171.5' spd 240.5 yaw 186.8 mode 0 st 0 gl 0 hp 100 frg 0
ARGLOG Carmack t   4.3 pos '-208.1 132.0 320.0' spd 356.1 yaw   2.0 mode 0 st 0 gl 0 hp 100 frg 0
ARGEVT Romero swim
ARGEVT Romero routefail
ARGEVT Romero goal weapon_supernailgun
ARGEVT Carmack door
ARGEVT Romero routefail
ARGEVT Romero goal item_health
ARGEVT Romero swim
ARGLOG Joe Rogan t   4.8 pos '1306.6 687.6 312.0' spd 320.1 yaw 170 mode 2 st 0 gl 0 hp 100 frg 0
ARGLOG Romero t   4.8 pos '1327.1 -613.3 171.8' spd 216.0 yaw 221 mode 0 st 0 gl 0 hp 100 frg 0
ARGLOG Carmack t   4.8 pos '-42.5  81.9 320.0' spd 337.3 yaw   0.7 mode 0 st 0 gl 0 hp 100 frg 0
ARGEVT Romero route 21 start '1425.0 -543.0 168.0' goal '1233.0 -671.0 312.0'
ARGEVT Romero swim
ARGEVT Carmack route 5 start ' 81.0  97.0 320.0' goal '-111.0 -511.0 384.0'
ARGEVT Romero swim
ARGLOG Joe Rogan t   5.3 pos '1140.2 674.9 312.0' spd 326.9 yaw 164 mode 2 st 0 gl 0 hp 100 frg 0
ARGLOG Romero t   5.3 pos '1257.6 -692.5 171.9' spd 157.8 yaw 18 mode 2 st 0 gl 0 hp 100 frg 0
ARGLOG Carmack t   5.3 pos ' 85.1 180.6 320.0' spd 376.2 yaw 125 mode 2 st 0 gl 0 hp 100 frg 0
ARGEVT Romero swim
num_edicts:447
active    :439
view      : 88
touch     :168
step      :  3
ARGEVT Romero swim
ARGLOG Joe Rogan t   5.8 pos '983.9 733.9 312.0' spd 324.4 yaw 179 mode 2 st 0 gl 0 hp 100 frg 0
ARGLOG Romero t   5.8 pos '1314.0 -700.5 172.1' spd 161.7 yaw 22 mode 2 st 0 gl 0 hp 100 frg 0
ARGLOG Carmack t   5.8 pos ' 12.9 334.6 332.0' spd 322.7 yaw 137 mode 2 st 0 gl 0 hp 100 frg 0
ARGEVT Joe Rogan hazard
ARGEVT Romero swim
ARGEVT Romero swim
ARGLOG Joe Rogan t   6.4 pos '960.0 695.9 312.0' spd 134.3 yaw 171 mode 2 st 0 gl 0 hp 100 frg 0
ARGLOG Romero t   6.4 pos '1389.6 -631.9 170.3' spd 226.7 yaw 14 mode 2 st 0 gl 0 hp 100 frg 0
ARGEVT Romero swim
ARGLOG Carmack t   6.4 pos '-108.2 447.3 320.0' spd 342.3 yaw 188.0 mode 2 st 0 gl 0 hp 100 frg 0
ARGEVT Romero swim
ARGLOG Joe Rogan t   6.9 pos '960.0 676.3 312.0' spd 249.7 yaw 167 mode 2 st 0 gl 0 hp 100 frg 0
ARGLOG Romero t   6.9 pos '1461.6 -526.7 170.7' spd 256.1 yaw 353 mode 2 st 0 gl 0 hp 100 frg 0
ARGEVT Romero swim
ARGLOG Carmack t   6.9 pos '-150.4 326.2 320.0' spd 394.1 yaw 352.4 mode 2 st 0 gl 0 hp 100 frg 0
ARGEVT Joe Rogan hazard
ARGEVT Romero swim
ARGEVT Romero swim
ARGLOG Joe Rogan t   7.4 pos '961.8 719.1 312.0' spd 276.2 yaw 176 mode 2 st 0 gl 0 hp 100 frg 0
ARGLOG Romero t   7.4 pos '1520.0 -492.4 171.1' spd  33.8 yaw 345 mode 2 st 0 gl 0 hp 100 frg 0
ARGLOG Carmack t   7.4 pos ' -9.2 394.2 320.0' spd 436.9 yaw 154 mode 2 st 0 gl 0 hp 100 frg 0
ARGEVT Carmack hazard
ARGEVT Romero swim
ARGEVT Romero swim
ARGLOG Joe Rogan t   7.9 pos '962.4 669.4 312.0' spd 157.1 yaw 166 mode 2 st 0 gl 0 hp 100 frg 0
ARGLOG Romero t   7.9 pos '1520.0 -535.9 171.4' spd 105.9 yaw 353 mode 2 st 0 gl 0 hp 100 frg 0
ARGLOG Carmack t   7.9 pos '-152.0 443.2 320.0' spd  16.5 yaw  65.1 mode 2 st 0 gl 0 hp 100 frg 0
ARGEVT Joe Rogan hazard
ARGEVT Romero swim
ARGEVT Romero swim
ARGLOG Joe Rogan t   8.4 pos '960.2 723.7 312.0' spd 218.0 yaw 177 mode 2 st 0 gl 0 hp 100 frg 0
ARGLOG Romero t   8.4 pos '1520.0 -583.2 171.8' spd  66.0 yaw 1 mode 2 st 0 gl 0 hp 100 frg 0
ARGLOG Carmack t   8.4 pos '  2.0 411.1 320.0' spd 391.5 yaw 261.0 mode 2 st 0 gl 0 hp 100 frg 0
ARGEVT Romero swim
ARGEVT Romero swim
ARGLOG Joe Rogan t   8.9 pos '960.0 643.0 312.0' spd  76.3 yaw 160 mode 2 st 0 gl 0 hp 100 frg 0
ARGLOG Romero t   8.9 pos '1520.0 -595.1 172.1' spd   9.2 yaw 3 mode 2 st 0 gl 0 hp 100 frg 0
ARGLOG Carmack t   8.9 pos '-104.2 298.0 324.0' spd 436.9 yaw  96.2 mode 2 st 0 gl 0 hp 100 frg 0
ARGEVT Romero swim
ARGEVT Joe Rogan hazard
ARGEVT Romero swim
ARGEVT Carmack hazard
ARGLOG Joe Rogan t   9.4 pos '960.0 644.6 312.0' spd  17.1 yaw 161 mode 2 st 0 gl 0 hp 100 frg 0
ARGLOG Romero t   9.4 pos '1520.0 -581.3 170.4' spd  33.2 yaw 1 mode 2 st 0 gl 0 hp 100 frg 0
ARGEVT Romero swim
ARGLOG Carmack t   9.4 pos '-73.9 443.1 320.0' spd 358.4 yaw 320.8 mode 2 st 0 gl 0 hp 100 frg 0
ARGEVT Joe Rogan stall
ARGEVT Joe Rogan stallnode '689.0 737.0 200.0'
ARGEVT Joe Rogan jump
ARGEVT Joe Rogan route 2 start '1009.0 737.0 312.0' goal '689.0 737.0 200.0'
ARGEVT Romero swim
ARGLOG Joe Rogan t  10.0 pos '960.0 654.8 349.9' spd  35.9 yaw 119 mode 2 st 1 gl 0 hp 100 frg 0
ARGLOG Romero t  10.0 pos '1520.0 -570.0 170.6' spd  12.7 yaw 0 mode 2 st 0 gl 0 hp 100 frg 0
ARGEVT Romero swim
ARGLOG Carmack t  10.0 pos '-35.4 292.9 320.0' spd 433.5 yaw 155.6 mode 2 st 0 gl 0 hp 100 frg 0
ARGEVT Romero swim
ARGEVT Romero stall
ARGEVT Romero stallnode '1617.0 -575.0 225.0'
ARGEVT Romero swim
ARGLOG Joe Rogan t  10.5 pos '992.2 714.9 312.0' spd 327.0 yaw 175 mode 2 st 1 gl 0 hp 100 frg 0
ARGLOG Romero t  10.5 pos '1520.0 -571.0 170.8' spd  29.7 yaw 307.7 mode 0 st 1 gl 0 hp 100 frg 0
ARGLOG Carmack t  10.5 pos '-140.8 421.2 320.0' spd 400.3 yaw 18 mode 2 st 0 gl 0 hp 100 frg 0
ARGEVT Carmack hazard
ARGEVT Joe Rogan hazard
ARGEVT Romero route 21 start '1425.0 -543.0 168.0' goal '1233.0 -671.0 312.0'
ARGEVT Romero swim
ARGEVT Romero swim
ARGLOG Joe Rogan t  11.0 pos '961.0 674.5 312.0' spd 117.5 yaw 167 mode 2 st 1 gl 0 hp 100 frg 0
ARGLOG Romero t  11.0 pos '1500.6 -623.7 171.2' spd 141.8 yaw 22 mode 2 st 1 gl 0 hp 100 frg 0
ARGLOG Carmack t  11.0 pos '  1.4 359.3 332.0' spd 426.1 yaw 213.5 mode 2 st 0 gl 0 hp 100 frg 0
ARGEVT Joe Rogan stall
ARGEVT Joe Rogan stallnode '913.0 737.0 144.0'
ARGEVT Joe Rogan jump
ARGEVT Joe Rogan route 2 start '1009.0 737.0 312.0' goal '689.0 737.0 200.0'
ARGEVT Romero swim
ARGEVT Romero swim
ARGLOG Joe Rogan t  11.5 pos '960.5 671.2 341.8' spd  35.1 yaw 125 mode 2 st 2 gl 0 hp 100 frg 0
ARGLOG Romero t  11.5 pos '1436.1 -610.4 171.6' spd 163.4 yaw 11 mode 2 st 1 gl 0 hp 100 frg 0
ARGLOG Carmack t  11.5 pos '-153.6 354.2 320.0' spd 439.1 yaw 54 mode 2 st 0 gl 0 hp 100 frg 0
ARGEVT Romero swim
ARGEVT Carmack hazard
ARGEVT Romero swim
ARGLOG Joe Rogan t  12.0 pos '1011.2 757.0 312.0' spd 360.7 yaw 184 mode 2 st 2 gl 0 hp 100 frg 0
ARGEVT Joe Rogan hazard
ARGLOG Romero t  12.0 pos '1415.9 -532.7 172.0' spd 135.6 yaw 354 mode 2 st 1 gl 0 hp 100 frg 0
ARGLOG Carmack t  12.0 pos '-23.9 418.8 320.0' spd 407.5 yaw 264.8 mode 2 st 0 gl 0 hp 100 frg 0
ARGEVT Romero swim
ARGEVT Romero swim
ARGLOG Joe Rogan t  12.5 pos '960.0 711.8 312.0' spd 374.1 yaw 174 mode 2 st 2 gl 0 hp 100 frg 0
ARGLOG Romero t  12.5 pos '1488.3 -507.5 172.2' spd 190.4 yaw 349 mode 2 st 1 gl 0 hp 100 frg 0
ARGLOG Carmack t  12.5 pos '-120.0 296.2 324.0' spd 437.8 yaw  99.7 mode 2 st 0 gl 0 hp 100 frg 0
ARGEVT Romero swim
ARGEVT Carmack abandon
ARGEVT Carmack goal weapon_rocketlauncher
ARGEVT Carmack route 15 start '-207.0 385.0 320.0' goal '689.0 737.0 200.0'
ARGEVT Romero swim
ARGLOG Joe Rogan t  13.0 pos '960.0 663.7 312.0' spd 144.1 yaw 164 mode 2 st 2 gl 0 hp 100 frg 0
ARGLOG Romero t  13.0 pos '1520.0 -536.4 170.3' spd  82.3 yaw 353 mode 2 st 1 gl 0 hp 100 frg 0
ARGEVT Romero swim
ARGLOG Carmack t  13.0 pos '-287.9 296.3 320.0' spd 340.0 yaw 207 mode 2 st 0 gl 0 hp 100 frg 0
ARGEVT Carmack hazard
ARGEVT Joe Rogan hazard
ARGEVT Romero swim
ARGLOG Joe Rogan t  13.6 pos '963.5 732.9 312.0' spd 266.2 yaw 179 mode 2 st 2 gl 0 hp 100 frg 0
ARGLOG Romero t  13.6 pos '1520.0 -577.4 170.6' spd  66.1 yaw 0 mode 2 st 1 gl 0 hp 100 frg 0
ARGEVT Romero swim
ARGLOG Carmack t  13.6 pos '-230.2 341.0 332.0' spd 381.8 yaw 212 mode 2 st 0 gl 0 hp 100 frg 0
ARGEVT Carmack door
ARGEVT Romero swim
ARGEVT Romero swim
ARGLOG Joe Rogan t  14.1 pos '960.0 685.1 312.0' spd 214.2 yaw 169 mode 2 st 2 gl 0 hp 100 frg 0
ARGLOG Romero t  14.1 pos '1520.0 -591.8 171.1' spd   0.7 yaw 3 mode 2 st 1 gl 0 hp 100 frg 0
ARGLOG Carmack t  14.1 pos '-91.1 435.7 320.0' spd 330.7 yaw  75.6 mode 2 st 0 gl 0 hp 100 frg 0
ARGEVT Carmack hazard
ARGEVT Joe Rogan hazard
ARGEVT Carmack route 16 start '-47.0 417.0 320.0' goal '689.0 737.0 200.0'
ARGEVT Romero swim
ARGEVT Romero swim
ARGLOG Joe Rogan t  14.6 pos '960.0 702.4 312.0' spd 271.6 yaw 172 mode 2 st 2 gl 0 hp 100 frg 0
ARGLOG Romero t  14.6 pos '1520.0 -582.3 171.4' spd  25.8 yaw 1 mode 2 st 1 gl 0 hp 100 frg 0
ARGLOG Carmack t  14.6 pos '-95.7 438.3 320.0' spd 323.6 yaw 209.3 mode 2 st 0 gl 0 hp 100 frg 0
ARGEVT Romero stall
ARGEVT Romero stallnode '1617.0 -575.0 225.0'
ARGEVT Romero swim
ARGEVT Romero route 21 start '1425.0 -543.0 168.0' goal '1233.0 -671.0 312.0'
ARGEVT Romero swim
ARGLOG Joe Rogan t  15.1 pos '960.0 641.2 312.0' spd   1.8 yaw 160 mode 2 st 2 gl 0 hp 100 frg 0
ARGLOG Romero t  15.1 pos '1517.9 -600.8 171.6' spd 112.9 yaw 14 mode 2 st 2 gl 0 hp 100 frg 0
ARGLOG Carmack t  15.1 pos '-144.1 290.2 320.0' spd 428.9 yaw  14.1 mode 2 st 0 gl 0 hp 100 frg 0
ARGEVT Romero swim
ARGEVT Joe Rogan hazard
ARGEVT Romero swim
ARGLOG Joe Rogan t  15.6 pos '960.0 645.9 312.0' spd  55.8 yaw 161 mode 2 st 2 gl 0 hp 100 frg 0
ARGLOG Romero t  15.6 pos '1464.4 -625.2 171.9' spd 141.3 yaw 18 mode 2 st 2 gl 0 hp 100 frg 0
ARGLOG Carmack t  15.6 pos '-24.8 401.2 320.0' spd 404.6 yaw 153 mode 0 st 0 gl 0 hp 100 frg 0
ARGEVT Carmack route 16 start '-47.0 417.0 320.0' goal '689.0 737.0 200.0'
ARGEVT Romero swim
ARGEVT Carmack hazard
ARGEVT Romero swim
ARGEVT Joe Rogan stall
ARGEVT Joe Rogan stallnode '689.0 737.0 200.0'
ARGEVT Joe Rogan jump
ARGLOG Joe Rogan t  16.1 pos '960.0 649.6 323.7' spd  53.1 yaw 177.6 mode 0 st 3 gl 0 hp 100 frg 0
ARGLOG Romero t  16.1 pos '1411.4 -559.7 172.2' spd 179.0 yaw 358 mode 2 st 2 gl 0 hp 100 frg 0
ARGLOG Carmack t  16.1 pos '-186.9 437.5 320.0' spd 250.1 yaw  55.8 mode 2 st 0 gl 0 hp 100 frg 0
ARGEVT Romero swim
ARGEVT Joe Rogan route 2 start '1009.0 737.0 312.0' goal '689.0 737.0 200.0'
ARGEVT Romero swim
ARGLOG Joe Rogan t  16.6 pos '960.0 664.2 324.6' spd  34.7 yaw 122 mode 2 st 3 gl 0 hp 100 frg 0
ARGLOG Romero t  16.6 pos '1449.4 -505.3 170.3' spd 148.1 yaw 350 mode 2 st 2 gl 0 hp 100 frg 0
ARGEVT Romero swim
ARGLOG Carmack t  16.6 pos '-62.2 429.8 320.0' spd 352.3 yaw 300.1 mode 2 st 0 gl 0 hp 100 frg 0
ARGEVT Romero swim
ARGEVT Joe Rogan hazard
ARGLOG Joe Rogan t  17.2 pos '987.0 761.7 312.0' spd 390.1 yaw 185 mode 2 st 3 gl 0 hp 100 frg 0
ARGLOG Romero t  17.2 pos '1520.0 -516.6 170.6' spd  63.6 yaw 349 mode 2 st 2 gl 0 hp 100 frg 0
ARGEVT Romero swim
ARGLOG Carmack t  17.2 pos '-80.9 275.5 324.0' spd 433.1 yaw 135.3 mode 2 st 0 gl 0 hp 100 frg 0
ARGEVT Romero swim
ARGEVT Joe Rogan stall
ARGEVT Joe Rogan stallnode '913.0 737.0 144.0'
ARGEVT Joe Rogan jump
ARGEVT Romero swim
ARGUS routecache adopt
ARGEVT Joe Rogan route 2 start '1009.0 737.0 312.0' goal '689.0 737.0 200.0'
ARGLOG Joe Rogan t  17.7 pos '960.0 664.0 341.0' spd  35.5 yaw 175.6 mode 0 st 4 gl 0 hp 100 frg 0
ARGLOG Romero t  17.7 pos '1520.0 -561.6 170.9' spd  88.4 yaw 358 mode 2 st 2 gl 0 hp 100 frg 0
ARGLOG Carmack t  17.7 pos '-141.1 433.6 320.0' spd 395.8 yaw 3 mode 2 st 0 gl 0 hp 100 frg 0
ARGEVT Carmack hazard
ARGEVT Romero swim
ARGEVT Romero swim
ARGEVT Carmack route 16 start '-47.0 417.0 320.0' goal '689.0 737.0 200.0'
ARGLOG Joe Rogan t  18.2 pos '960.4 673.3 312.0' spd  35.6 yaw 126 mode 2 st 4 gl 0 hp 100 frg 0
ARGLOG Romero t  18.2 pos '1520.0 -590.8 171.3' spd  27.0 yaw 3 mode 2 st 2 gl 0 hp 100 frg 0
ARGLOG Carmack t  18.2 pos '-22.2 337.4 332.0' spd 424.0 yaw 198.8 mode 2 st 0 gl 0 hp 100 frg 0
ARGEVT Joe Rogan stall
ARGEVT Joe Rogan stallnode '1009.0 737.0 312.0'
ARGEVT Joe Rogan jump
ARGEVT Joe Rogan plan powerup via weapon
ARGEVT Joe Rogan goal weapon_supernailgun
ARGEVT Romero swim
ARGEVT Joe Rogan routefail
ARGEVT Joe Rogan plan powerup via weapon
ARGEVT Joe Rogan goal weapon_supershotgun
ARGEVT Joe Rogan route 8 start '1009.0 737.0 312.0' goal '1393.0 225.0 320.0'
ARGEVT Romero swim
ARGLOG Joe Rogan t  18.7 pos '1023.5 732.5 341.9' spd 181.9 yaw 290 mode 2 st 5 gl 0 hp 100 frg 0
ARGLOG Romero t  18.7 pos '1520.0 -588.3 171.6' spd  23.2 yaw 2 mode 2 st 2 gl 0 hp 100 frg 0
ARGLOG Carmack t  18.7 pos '-173.3 372.4 320.0' spd 439.4 yaw 39 mode 2 st 0 gl 0 hp 100 frg 0
ARGEVT Romero swim
ARGEVT Carmack hazard
ARGEVT Romero stall
ARGEVT Romero stallnode '1617.0 -575.0 225.0'
ARGEVT Romero swim
ARGLOG Joe Rogan t  19.2 pos '1057.9 625.0 312.0' spd 320.1 yaw 268 mode 2 st 5 gl 0 hp 100 frg 0
ARGLOG Romero t  19.2 pos '1520.0 -582.6 171.8' spd  47.8 yaw 280.4 mode 0 st 3 gl 0 hp 100 frg 0
ARGLOG Carmack t  19.2 pos '-32.5 404.2 320.0' spd 399.2 yaw 252.8 mode 0 st 0 gl 0 hp 100 frg 0
ARGEVT Romero route 21 start '1425.0 -543.0 168.0' goal '1233.0 -671.0 312.0'
ARGEVT Romero swim
ARGEVT Carmack route 16 start '-47.0 417.0 320.0' goal '689.0 737.0 200.0'
ARGEVT Romero swim
ARGLOG Joe Rogan t  19.7 pos '1090.7 459.6 308.0' spd 341.1 yaw 268 mode 2 st 5 gl 0 hp 100 frg 0
ARGLOG Romero t  19.7 pos '1491.2 -626.8 172.3' spd 128.8 yaw 22 mode 2 st 3 gl 0 hp 100 frg 0
ARGLOG Carmack t  19.7 pos '-151.4 304.6 320.0' spd 437.4 yaw  89.0 mode 2 st 0 gl 0 hp 100 frg 0
ARGEVT Romero swim
ARGEVT Romero swim
ARGEVT Carmack hazard
ARGLOG Joe Rogan t  20.2 pos '1076.1 292.7 308.0' spd 321.3 yaw 283 mode 2 st 5 gl 0 hp 100 frg 0
ARGLOG Romero t  20.2 pos '1426.2 -594.2 170.4' spd 175.6 yaw 5 mode 2 st 3 gl 0 hp 100 frg 0
ARGEVT Romero swim
ARGLOG Carmack t  20.2 pos '-89.8 443.2 320.0' spd 354.9 yaw 305.1 mode 2 st 0 gl 0 hp 100 frg 0
ARGUS routecache adopt
ARGEVT Carmack route 16 start '-47.0 417.0 320.0' goal '689.0 737.0 200.0'
ARGEVT Romero swim
ARGLOG Joe Rogan t  20.8 pos '1074.4 127.1 308.0' spd 329.1 yaw 313 mode 2 st 5 gl 0 hp 100 frg 0
ARGLOG Romero t  20.8 pos '1424.2 -518.2 170.6' spd 133.4 yaw 352 mode 2 st 3 gl 0 hp 100 frg 0
ARGEVT Romero swim
ARGLOG Carmack t  20.8 pos '-94.8 287.7 324.0' spd 433.2 yaw 140.0 mode 2 st 0 gl 0 hp 100 frg 0
ARGEVT Romero swim
ARGEVT Romero swim
ARGLOG Joe Rogan t  21.3 pos '1122.7 -31.9 316.4' spd 320.5 yaw 15 mode 2 st 5 gl 0 hp 100 frg 0
ARGLOG Romero t  21.3 pos '1506.7 -506.3 170.9' spd 197.1 yaw 348 mode 2 st 3 gl 0 hp 100 frg 0
ARGLOG Carmack t  21.3 pos '-152.4 439.6 320.0' spd 408.2 yaw 357 mode 2 st 0 gl 0 hp 100 frg 0
ARGEVT Carmack hazard
ARGEVT Romero swim
ARGUS routecache adopt
ARGEVT Carmack route 16 start '-47.0 417.0 320.0' goal '689.0 737.0 200.0'
ARGEVT Carmack abandon
ARGEVT Romero swim
ARGLOG Joe Rogan t  21.8 pos '1247.0 -143.8 320.0' spd 322.3 yaw 57 mode 2 st 5 gl 0 hp 100 frg 0
ARGLOG Romero t  21.8 pos '1520.0 -543.6 171.2' spd  90.6 yaw 354 mode 2 st 3 gl 0 hp 100 frg 0
ARGEVT Carmack goal item_health
ARGLOG Carmack t  21.8 pos '  8.8 385.8 320.0' spd 335.0 yaw 349.9 mode 0 st 0 gl 0 hp 100 frg 0
ARGEVT Carmack route 4 start '-47.0 417.0 320.0' goal '-111.0   1.0 488.0'
ARGEVT Romero swim
ARGEVT Romero swim
ARGLOG Joe Rogan t  22.3 pos '1412.6 -153.5 320.0' spd 405.4 yaw 92 mode 2 st 5 gl 0 hp 100 frg 0
ARGLOG Romero t  22.3 pos '1520.0 -583.4 171.5' spd  54.0 yaw 1 mode 2 st 3 gl 0 hp 100 frg 0
ARGLOG Carmack t  22.3 pos ' 53.4 325.4 320.0' spd 388.2 yaw 230 mode 2 st 0 gl 0 hp 100 frg 0
ARGEVT Romero swim
ARGUS routecache adopt
ARGEVT Carmack route 3 start '113.0 289.0 320.0' goal '-111.0   1.0 488.0'
ARGEVT Romero swim
ARGLOG Joe Rogan t  22.8 pos '1418.2  25.8 320.0' spd 320.5 yaw 97 mode 2 st 5 gl 0 hp 100 frg 0
ARGLOG Romero t  22.8 pos '1520.0 -591.9 171.7' spd  10.2 yaw 3 mode 2 st 3 gl 0 hp 100 frg 0
ARGLOG Carmack t  22.8 pos '109.4 159.5 320.0' spd 402.3 yaw 214 mode 2 st 0 gl 0 hp 100 frg 0
ARGEVT Romero swim
ARGEVT Romero swim
ARGEVT Romero stall
ARGEVT Romero stallnode '1617.0 -575.0 225.0'
ARGLOG Joe Rogan t  23.3 pos '1398.1 189.5 320.0' spd 320.0 yaw 96 mode 1 st 5 gl 0 hp 100 frg 0
ARGLOG Romero t  23.3 pos '1520.0 -579.9 172.0' spd  25.9 yaw 346.4 mode 0 st 4 gl 0 hp 100 frg 0
ARGLOG Carmack t  23.3 pos '-35.5 214.5 320.0' spd 437.4 yaw 229 mode 2 st 0 gl 0 hp 100 frg 0
ARGEVT Joe Rogan goal item_artifact_super_damage
ARGEVT Romero swim
ARGEVT Joe Rogan route 12 start '1393.0 225.0 320.0' goal '401.0 -1375.0 432.0'
ARGEVT Romero swim
ARGEVT Romero route 21 start '1425.0 -543.0 168.0' goal '1233.0 -671.0 312.0'
ARGLOG Joe Rogan t  23.8 pos '1214.3 252.5 298.8' spd 421.8 yaw 289 mode 2 st 5 gl 1 hp 100 frg 0
ARGLOG Romero t  23.8 pos '1511.3 -613.1 172.4' spd 137.5 yaw 19 mode 2 st 4 gl 0 hp 100 frg 0
ARGLOG Carmack t  23.8 pos '119.0 303.8 320.0' spd 394.8 yaw 290.7 mode 0 st 0 gl 0 hp 100 frg 0
ARGEVT Carmack route 3 start '113.0 289.0 320.0' goal '-111.0   1.0 488.0'
ARGEVT Romero swim
ARGUS routecache adopt
ARGEVT Carmack route 3 start '113.0 289.0 320.0' goal '-111.0   1.0 488.0'
ARGEVT Romero swim
ARGEVT Joe Rogan swim
ARGLOG Joe Rogan t  24.4 pos '1187.9 152.0 155.4' spd  48.9 yaw 297 mode 2 st 5 gl 1 hp 100 frg 0
ARGLOG Romero t  24.4 pos '1450.2 -622.6 170.6' spd 146.3 yaw 15 mode 2 st 4 gl 0 hp 100 frg 0
ARGEVT Romero swim
ARGLOG Carmack t  24.4 pos ' 84.6 151.8 320.0' spd 436.8 yaw 215 mode 2 st 0 gl 0 hp 100 frg 0
ARGEVT Romero swim
ARGEVT Romero swim
ARGLOG Joe Rogan t  24.9 pos '1254.3 146.0 160.0' spd 178.4 yaw 288 mode 2 st 5 gl 1 hp 100 frg 0
ARGEVT Romero abandon
ARGEVT Romero goal item_armor2
ARGLOG Romero t  24.9 pos '1410.3 -547.5 170.9' spd 160.4 yaw  25.4 mode 0 st 4 gl 0 hp 100 frg 0
ARGLOG Carmack t  24.9 pos ' 68.2 311.6 320.0' spd 416.8 yaw 228 mode 2 st 0 gl 0 hp 100 frg 0
ARGEVT Romero routefail
ARGEVT Romero goal weapon_grenadelauncher
ARGEVT Romero swim
ARGUS routecache adopt
ARGEVT Carmack route 3 start '113.0 289.0 320.0' goal '-111.0   1.0 488.0'
ARGEVT Romero route 18 start '1425.0 -543.0 168.0' goal '1233.0 -1119.0 440.0'
ARGEVT Romero swim
ARGLOG Joe Rogan t  25.4 pos '1345.6  84.0 164.4' spd 167.2 yaw 274 mode 2 st 5 gl 1 hp 100 frg 0
ARGLOG Romero t  25.4 pos '1423.4 -452.9 170.9' spd 185.1 yaw 328 mode 2 st 4 gl 0 hp 100 frg 0
ARGLOG Carmack t  25.4 pos '145.6 180.5 320.0' spd 427.9 yaw 214 mode 2 st 0 gl 0 hp 100 frg 0
ARGEVT Romero swim
ARGEVT Romero swim
ARGLOG Joe Rogan t  25.9 pos '1388.7  84.0 168.8' spd   1.9 yaw 265 mode 2 st 5 gl 1 hp 100 frg 0
ARGLOG Romero t  25.9 pos '1377.8 -449.3 171.1' spd 109.7 yaw 333 mode 2 st 4 gl 0 hp 100 frg 0
ARGLOG Carmack t  25.9 pos ' 34.6 290.0 320.0' spd 438.9 yaw 229 mode 2 st 0 gl 0 hp 100 frg 0
ARGEVT Romero swim
ARGEVT Joe Rogan swim
ARGEVT Romero swim
ARGEVT Carmack route 3 start '113.0 289.0 320.0' goal '-111.0   1.0 488.0'
ARGLOG Joe Rogan t  26.4 pos '1364.2  84.0 171.4' spd  59.9 yaw 270 mode 2 st 5 gl 1 hp 100 frg 0
ARGLOG Romero t  26.4 pos '1394.2 -526.3 171.6' spd 191.0 yaw 354 mode 2 st 4 gl 0 hp 100 frg 0
ARGLOG Carmack t  26.4 pos '167.4 222.8 320.0' spd 392.9 yaw 216 mode 2 st 0 gl 0 hp 100 frg 0
ARGEVT Joe Rogan swim
ARGEVT Romero swim
ARGEVT Romero swim
ARGEVT Joe Rogan swim
ARGEVT Joe Rogan route 13 start '1361.0 129.0  92.0' goal '401.0 -1375.0 432.0'
ARGLOG Joe Rogan t  26.9 pos '1339.5  84.0 163.0' spd  75.5 yaw 215 mode 2 st 5 gl 1 hp 100 frg 0
ARGLOG Romero t  26.9 pos '1481.0 -587.2 171.8' spd 227.9 yaw 2 mode 2 st 4 gl 0 hp 100 frg 0
ARGLOG Carmack t  26.9 pos ' 18.6 265.2 320.0' spd 436.8 yaw 228 mode 2 st 0 gl 0 hp 100 frg 0
ARGEVT Romero swim
ARGEVT Romero swim
ARGEVT Carmack route 3 start '113.0 289.0 320.0' goal '-111.0   1.0 488.0'
num_edicts:447
active    :439
view      : 86
touch     :166
step      :  3
ARGLOG Joe Rogan t  27.5 pos '1273.5 112.6 129.8' spd 159.2 yaw 264 mode 2 st 5 gl 1 hp 100 frg 0
ARGLOG Romero t  27.5 pos '1520.0 -601.8 172.3' spd  12.5 yaw 5 mode 2 st 4 gl 0 hp 100 frg 0
ARGLOG Carmack t  27.5 pos '169.7 271.0 320.0' spd 429.9 yaw 219 mode 2 st 0 gl 0 hp 100 frg 0
ARGEVT Romero swim
ARGEVT Romero swim
ARGLOG Joe Rogan t  28.0 pos '1310.2 158.1 133.2' spd 161.2 yaw 251 mode 2 st 5 gl 1 hp 100 frg 0
ARGLOG Romero t  28.0 pos '1520.0 -583.5 170.4' spd  44.3 yaw 1 mode 2 st 4 gl 0 hp 100 frg 0
ARGEVT Romero swim
ARGLOG Carmack t  28.0 pos ' 21.9 222.5 320.0' spd 439.4 yaw 225 mode 2 st 0 gl 0 hp 100 frg 0
ARGEVT Romero swim
ARGLOG Joe Rogan t  28.5 pos '1374.4 114.1 112.0' spd 148.1 yaw 261 mode 2 st 5 gl 1 hp 100 frg 0
ARGLOG Romero t  28.5 pos '1520.0 -568.1 170.8' spd  17.1 yaw 359 mode 2 st 4 gl 0 hp 100 frg 0
ARGEVT Romero swim
ARGLOG Carmack t  28.5 pos '153.8 309.8 320.0' spd 440.4 yaw 260.1 mode 0 st 0 gl 0 hp 100 frg 0
ARGUS routecache adopt
ARGEVT Carmack route 3 start '113.0 289.0 320.0' goal '-111.0   1.0 488.0'
ARGEVT Romero swim
ARGEVT Romero swim
ARGLOG Joe Rogan t  29.0 pos '1324.8  84.0 115.9' spd 161.3 yaw 306 mode 2 st 5 gl 1 hp 100 frg 0
ARGLOG Romero t  29.0 pos '1520.0 -567.7 171.2' spd   9.2 yaw 359 mode 2 st 4 gl 0 hp 100 frg 0
ARGLOG Carmack t  29.0 pos ' 53.3 190.4 320.0' spd 440.2 yaw 220 mode 2 st 0 gl 0 hp 100 frg 0
ARGEVT Romero stall
ARGEVT Romero stallnode '1617.0 -575.0 225.0'
ARGEVT Romero swim
ARGEVT Joe Rogan lift
ARGEVT Romero route 18 start '1425.0 -543.0 168.0' goal '1233.0 -1119.0 440.0'
ARGEVT Romero swim
ARGLOG Joe Rogan t  29.5 pos '1252.7  38.4 139.6' spd 161.7 yaw 296 mode 2 st 5 gl 1 hp 100 frg 0
ARGLOG Romero t  29.5 pos '1517.5 -601.7 171.6' spd 133.0 yaw 15 mode 2 st 5 gl 0 hp 100 frg 0
ARGLOG Carmack t  29.5 pos '119.1 332.6 320.0' spd 440.2 yaw 218 mode 2 st 0 gl 0 hp 100 frg 0
ARGEVT Romero swim
ARGEVT Carmack route 3 start '113.0 289.0 320.0' goal '-111.0   1.0 488.0'
ARGEVT Joe Rogan board
ARGEVT Romero swim
ARGLOG Joe Rogan t  30.0 pos '1273.1  32.0 207.9' spd 0 yaw 292 mode 2 st 5 gl 1 hp 100 frg 0
ARGLOG Romero t  30.0 pos '1463.2 -629.2 172.0' spd 139.0 yaw 19 mode 2 st 5 gl 0 hp 100 frg 0
ARGLOG Carmack t  30.0 pos ' 82.0 200.4 320.0' spd 418.1 yaw 219 mode 2 st 0 gl 0 hp 100 frg 0
ARGEVT Romero swim
ARGEVT Romero swim
ARGEVT Carmack hazard
ARGLOG Joe Rogan t  30.5 pos '1273.1  32.0 284.8' spd 0 yaw 292 mode 2 st 5 gl 1 hp 100 frg 0
ARGLOG Romero t  30.5 pos '1411.2 -564.1 172.4' spd 187.4 yaw 359 mode 2 st 5 gl 0 hp 100 frg 0
ARGLOG Carmack t  30.5 pos ' 38.3 370.9 320.0' spd 332.8 yaw 233 mode 2 st 0 gl 0 hp 100 frg 0
ARGEVT Joe Rogan jump
ARGEVT Romero swim
ARGEVT Romero swim
ARGLOG Joe Rogan t  31.0 pos '1365.1  32.0 330.1' spd 164.8 yaw 220 mode 2 st 5 gl 1 hp 100 frg 0
ARGLOG Romero t  31.0 pos '1445.8 -503.5 170.7' spd 150.7 yaw 349 mode 2 st 5 gl 0 hp 100 frg 0
ARGEVT Romero swim
ARGLOG Carmack t  31.0 pos ' 60.4 317.2 320.0' spd 371.2 yaw 229 mode 2 st 0 gl 0 hp 100 frg 0
ARGEVT Romero swim
ARGUS routecache adopt
ARGEVT Carmack route 3 start '113.0 289.0 320.0' goal '-111.0   1.0 488.0'
ARGEVT Romero swim
ARGLOG Joe Rogan t  31.6 pos '1392.6 -98.1 320.0' spd 324.0 yaw 192 mode 2 st 5 gl 1 hp 100 frg 0
ARGLOG Romero t  31.6 pos '1520.0 -511.0 171.1' spd  62.0 yaw 348 mode 2 st 5 gl 0 hp 100 frg 0
ARGLOG Carmack t  31.6 pos '147.9 168.5 320.0' spd 372.1 yaw 213 mode 2 st 0 gl 0 hp 100 frg 0
ARGEVT Romero swim
ARGEVT Carmack hazard
ARGEVT Romero swim
ARGEVT Carmack door
ARGLOG Joe Rogan t  32.1 pos '1248.3 -182.3 320.0' spd 322.9 yaw 169 mode 2 st 5 gl 1 hp 100 frg 0
ARGLOG Romero t  32.1 pos '1520.0 -556.4 171.5' spd  91.6 yaw 357 mode 2 st 5 gl 0 hp 100 frg 0
ARGLOG Carmack t  32.1 pos '222.4 227.1 320.0' spd 347.7 yaw 146 mode 2 st 0 gl 0 hp 100 frg 0
ARGEVT Romero swim
ARGEVT Romero swim
ARGUS routecache adopt
ARGEVT Carmack route 3 start '113.0 289.0 320.0' goal '-111.0   1.0 488.0'
ARGLOG Joe Rogan t  32.6 pos '1084.8 -184.9 320.0' spd 320.0 yaw 163 mode 2 st 5 gl 1 hp 100 frg 0
ARGLOG Romero t  32.6 pos '1520.0 -590.0 172.0' spd  35.3 yaw 2 mode 2 st 5 gl 0 hp 100 frg 0
ARGLOG Carmack t  32.6 pos ' 67.3 289.1 320.0' spd 323.0 yaw 138 mode 0 st 0 gl 0 hp 100 frg 0
ARGEVT Romero swim
ARGUS routecache adopt
ARGEVT Carmack route 3 start '113.0 289.0 320.0' goal '-111.0   1.0 488.0'
ARGEVT Romero swim
ARGLOG Joe Rogan t  33.1 pos '921.0 -158.9 320.0' spd 321.8 yaw 181 mode 2 st 5 gl 1 hp 100 frg 0
ARGLOG Romero t  33.1 pos '1520.0 -590.4 172.2' spd  20.4 yaw 3 mode 2 st 5 gl 0 hp 100 frg 0
ARGLOG Carmack t  33.1 pos '-57.5 397.6 320.0' spd 320.1 yaw 135 mode 2 st 0 gl 0 hp 100 frg 0
ARGEVT Romero swim
ARGEVT Carmack hazard
ARGEVT Romero stall
ARGEVT Romero stallnode '1617.0 -575.0 225.0'
ARGEVT Romero swim
ARGLOG Joe Rogan t  33.6 pos '768.0 -95.2 320.0' spd 328.1 yaw 239 mode 2 st 5 gl 1 hp 100 frg 0
ARGEVT Joe Rogan hazard
ARGLOG Romero t  33.6 pos '1520.0 -583.4 170.5' spd  30.9 yaw 281.8 mode 0 st 6 gl 0 hp 100 frg 0
ARGEVT Romero swim
ARGLOG Carmack t  33.6 pos '-130.0 448.0 320.0' spd 267.1 yaw  16.5 mode 2 st 0 gl 0 hp 100 frg 0
ARGEVT Romero route 18 start '1425.0 -543.0 168.0' goal '1233.0 -1119.0 440.0'
ARGEVT Romero swim
ARGLOG Joe Rogan t  34.1 pos '752.0 -170.3 328.0' spd  11.6 yaw 234 mode 2 st 5 gl 1 hp 100 frg 0
ARGLOG Romero t  34.1 pos '1490.9 -630.1 170.7' spd 135.0 yaw 23 mode 2 st 6 gl 0 hp 100 frg 0
ARGEVT Romero swim
ARGLOG Carmack t  34.1 pos ' -0.9 351.0 332.0' spd 417.3 yaw 211.4 mode 2 st 0 gl 0 hp 100 frg 0
ARGEVT Romero swim
ARGEVT Romero swim
ARGLOG Joe Rogan t  34.6 pos '645.5 -162.5 320.0' spd 328.1 yaw 259 mode 2 st 5 gl 1 hp 100 frg 0
ARGLOG Romero t  34.6 pos '1426.2 -598.7 170.9' spd 174.3 yaw 7 mode 2 st 6 gl 0 hp 100 frg 0
ARGLOG Carmack t  34.6 pos '-155.8 354.7 320.0' spd 438.2 yaw 53 mode 2 st 0 gl 0 hp 100 frg 0
ARGEVT Romero swim
ARGEVT Carmack hazard
ARGEVT Romero swim
ARGLOG Joe Rogan t  35.2 pos '550.3 -302.2 320.0' spd 322.1 yaw 272 mode 2 st 5 gl 1 hp 100 frg 0
ARGLOG Romero t  35.2 pos '1424.2 -522.8 171.2' spd 134.1 yaw 353 mode 2 st 6 gl 0 hp 100 frg 0
ARGLOG Carmack t  35.2 pos '-24.3 438.4 320.0' spd 380.5 yaw  85.9 mode 2 st 0 gl 0 hp 100 frg 0
ARGEVT Romero swim
ARGEVT Romero swim
ARGLOG Joe Rogan t  35.7 pos '555.2 -465.7 320.0' spd 320.0 yaw 272 mode 2 st 5 gl 1 hp 100 frg 0
ARGLOG Romero t  35.7 pos '1505.4 -508.6 171.7' spd 198.9 yaw 348 mode 2 st 6 gl 0 hp 100 frg 0
ARGLOG Carmack t  35.7 pos '-59.0 437.4 320.0' spd 320.0 yaw 183 mode 2 st 0 gl 0 hp 100 frg 0
ARGEVT Joe Rogan jump
ARGEVT Romero swim
ARGEVT Carmack hazard
ARGEVT Romero swim
ARGLOG Joe Rogan t  36.2 pos '564.7 -592.0 363.3' spd  17.3 yaw 270 mode 2 st 5 gl 1 hp 100 frg 0
ARGLOG Romero t  36.2 pos '1520.0 -542.6 172.2' spd  87.4 yaw 354 mode 2 st 6 gl 0 hp 100 frg 0
ARGLOG Carmack t  36.2 pos '-163.5 440.0 320.0' spd  19.0 yaw  44.1 mode 2 st 0 gl 0 hp 100 frg 0
ARGEVT Romero swim
ARGEVT Romero swim
ARGLOG Joe Rogan t  36.7 pos '565.3 -731.8 432.0' spd 320.0 yaw 266 mode 2 st 5 gl 1 hp 100 frg 0
ARGLOG Romero t  36.7 pos '1520.0 -581.9 170.3' spd  58.7 yaw 1 mode 2 st 6 gl 0 hp 100 frg 0
ARGEVT Romero swim
ARGLOG Carmack t  36.7 pos '-22.5 386.9 320.0' spd 406.0 yaw 238.7 mode 2 st 0 gl 0 hp 100 frg 0
ARGEVT Romero swim
ARGLOG Joe Rogan t  37.2 pos '563.6 -897.6 432.0' spd 320.3 yaw 252 mode 2 st 5 gl 1 hp 100 frg 0
ARGLOG Romero t  37.2 pos '1520.0 -592.0 170.5' spd   8.1 yaw 3 mode 2 st 6 gl 0 hp 100 frg 0
ARGEVT Romero swim
ARGLOG Carmack t  37.2 pos '-162.4 320.3 320.0' spd 437.6 yaw  72.9 mode 2 st 0 gl 0 hp 100 frg 0
ARGEVT Romero swim
ARGEVT Carmack hazard
ARGEVT Romero stall
ARGEVT Romero stallnode '1617.0 -575.0 225.0'
ARGLOG Joe Rogan t  37.7 pos '548.1 -1061.3 432.0' spd 320.0 yaw 245 mode 2 st 5 gl 1 hp 100 frg 0
ARGLOG Romero t  37.7 pos '1520.0 -580.4 170.8' spd  27.8 yaw 347.7 mode 0 st 7 gl 0 hp 100 frg 0
ARGEVT Romero swim
ARGLOG Carmack t  37.7 pos '-99.7 438.1 320.0' spd 320.2 yaw 332 mode 2 st 0 gl 0 hp 100 frg 0
ARGUS routecache adopt
ARGEVT Romero route 18 start '1425.0 -543.0 168.0' goal '1233.0 -1119.0 440.0'
ARGEVT Romero swim
ARGEVT Joe Rogan hazard
ARGEVT Romero swim
ARGLOG Joe Rogan t  38.2 pos '516.8 -1216.0 432.0' spd  17.0 yaw 234 mode 2 st 5 gl 1 hp 100 frg 0
ARGLOG Romero t  38.2 pos '1513.2 -612.4 171.3' spd 128.3 yaw 19 mode 2 st 7 gl 0 hp 100 frg 0
ARGLOG Carmack t  38.2 pos '-52.3 289.0 324.0' spd 426.2 yaw 168.2 mode 2 st 0 gl 0 hp 100 frg 0
ARGEVT Romero swim
ARGEVT Romero swim
ARGLOG Joe Rogan t  38.8 pos '522.4 -1216.0 432.0' spd  39.5 yaw 233 mode 2 st 5 gl 1 hp 100 frg 0
ARGLOG Romero t  38.8 pos '1454.0 -621.8 171.8' spd 148.1 yaw 16 mode 2 st 7 gl 0 hp 100 frg 0
ARGLOG Carmack t  38.8 pos '-171.6 394.7 320.0' spd 409.1 yaw 28 mode 2 st 0 gl 0 hp 100 frg 0
ARGEVT Romero swim
ARGEVT Carmack hazard
ARGEVT Romero swim
ARGEVT Joe Rogan hazard
ARGLOG Joe Rogan t  39.3 pos '565.7 -1263.5 432.0' spd 112.4 yaw 215 mode 2 st 5 gl 1 hp 100 frg 0
ARGLOG Romero t  39.3 pos '1409.7 -547.3 172.1' spd 169.2 yaw 357 mode 2 st 7 gl 0 hp 100 frg 0
ARGLOG Carmack t  39.3 pos '-47.8 409.1 320.0' spd 364.9 yaw 274.1 mode 2 st 0 gl 0 hp 100 frg 0
ARGEVT Romero swim
ARGEVT Romero swim
ARGLOG Joe Rogan t  39.8 pos '528.0 -1218.2 432.0' spd  87.6 yaw 231 mode 2 st 5 gl 1 hp 100 frg 0
ARGLOG Romero t  39.8 pos '1463.5 -501.3 172.4' spd 171.6 yaw 348 mode 2 st 7 gl 0 hp 100 frg 0
ARGLOG Carmack t  39.8 pos '-129.7 277.4 324.0' spd 434.0 yaw 109.0 mode 2 st 0 gl 0 hp 100 frg 0
ARGEVT Romero swim
ARGEVT Carmack abandon
ARGEVT Joe Rogan door
ARGEVT Romero swim
ARGEVT Carmack goal weapon_supernailgun
ARGEVT Carmack route 5 start '-207.0 385.0 320.0' goal '-111.0 -511.0 384.0'
ARGLOG Joe Rogan t  40.3 pos '398.7 -1225.4 432.0' spd 343.0 yaw 142.5 mode 2 st 5 gl 1 hp 100 frg 0
ARGLOG Romero t  40.3 pos '1520.0 -520.2 170.4' spd  76.4 yaw 350 mode 2 st 7 gl 0 hp 100 frg 0
ARGEVT Romero swim
ARGLOG Carmack t  40.3 pos '-229.5 304.5 332.0' spd 389.9 yaw 295 mode 2 st 0 gl 0 hp 100 frg 0
ARGEVT Joe Rogan hazard
ARGEVT Romero swim
ARGLOG Joe Rogan t  40.8 pos '388.3 -1088.8 432.0' spd 328.0 yaw 45 mode 2 st 5 gl 1 hp 100 frg 0
ARGLOG Romero t  40.8 pos '1520.0 -566.7 170.8' spd  87.8 yaw 359 mode 2 st 7 gl 0 hp 100 frg 0
ARGEVT Romero swim
ARGLOG Carmack t  40.8 pos '-87.4 200.1 320.0' spd 322.0 yaw 267 mode 2 st 0 gl 0 hp 100 frg 0
ARGEVT Romero swim
