LOG started on: 08/29/2026 09:18:50 
Playing registered version.
UDP Initialized
WIPX_OpenSocket: Address family not supported by protocol family
WIPX_Init: Unable to open control socket, IPX disabled
Exe: 20:02:47 Jul 31 2024
256.0 megabyte heap

Language initialization
Couldn't load 'localization/loc_english.txt'
from 'C:/argus/engine'

========= Quake Initialized =========

execing autoexec.cfg
SpawnServer: dm4
Clearing memory
Programs occupy 663K.
trying to open external vis file
maps/dm4.vis not found, trying argus.vis
external vis not found
ARGUS slots 8
ARGUS worldspawn reached
ARGNAV 155 nodes, 928 links
0 entities inhibited
ARGUS init on dm4
ARGEVT Carmack spawned
ARGEVT Romero spawned
ARGEVT Joe Rogan spawned
Server spawned.
ARGLOG Joe Rogan t   1.2 pos '272.0 -952.0  24.0' spd 0 yaw 323.2 mode 0 st 0 gl 0 hp 100 frg 0
ARGLOG Romero t   1.2 pos '-64.0 -232.0 -72.0' spd 0 yaw  10.2 mode 0 st 0 gl 0 hp 100 frg 0
ARGLOG Carmack t   1.2 pos '-64.0 512.0 -296.0' spd 0 yaw 252.0 mode 0 st 0 gl 0 hp 100 frg 0
ARGEVT Joe Rogan hazard
ARGLOG Joe Rogan t   1.7 pos '394.5 -1038.8  24.0' spd 219.1 yaw 201.8 mode 0 st 0 gl 0 hp 100 frg 0
ARGLOG Romero t   1.7 pos ' 89.6 -208.0 -72.0' spd 322.8 yaw  10.2 mode 0 st 0 gl 0 hp 100 frg 0
ARGLOG Carmack t   1.7 pos '-109.5 363.3 -296.0' spd 320 yaw 252.0 mode 0 st 0 gl 0 hp 100 frg 0
ARGEVT Romero hazard
ARGLOG Joe Rogan t   2.2 pos '337.3 -1067.6  24.0' spd 134.1 yaw 138.0 mode 0 st 0 gl 0 hp 100 frg 0
ARGLOG Romero t   2.2 pos '192.3 -234.8 -72.0' spd 329.8 yaw 224.2 mode 0 st 0 gl 0 hp 100 frg 0
ARGLOG Carmack t   2.2 pos '-99.5 318.1 -296.0' spd 193.1 yaw  61.9 mode 0 st 0 gl 0 hp 100 frg 0
ARGEVT Carmack hazard
ARGLOG Joe Rogan t   2.7 pos '219.4 -956.2  24.0' spd 320.0 yaw 138.0 mode 0 st 0 gl 0 hp 100 frg 0
ARGLOG Romero t   2.7 pos '134.2 -316.7 -40.0' spd 254.3 yaw  57.6 mode 0 st 0 gl 0 hp 100 frg 0
ARGLOG Carmack t   2.7 pos '-91.0 321.0 -296.0' spd 138.7 yaw  81.0 mode 0 st 0 gl 0 hp 100 frg 0
ARGLOG Joe Rogan t   3.3 pos '208.0 -777.1  24.0' spd 381.5 yaw 138.0 mode 0 st 0 gl 0 hp 100 frg 0
ARGEVT Joe Rogan hazard
ARGLOG Romero t   3.3 pos '203.9 -236.8 -72.0' spd 243.6 yaw 248.1 mode 0 st 0 gl 0 hp 100 frg 0
ARGLOG Carmack t   3.3 pos '-103.6 483.5 -296.0' spd 322.8 yaw  81.0 mode 0 st 0 gl 0 hp 100 frg 0
ARGLOG Joe Rogan t   3.8 pos '348.3 -766.8  24.0' spd 320.8 yaw 347.2 mode 0 st 0 gl 0 hp 100 frg 0
ARGLOG Romero t   3.8 pos '148.9 -392.9  -8.0' spd 320.0 yaw 248.1 mode 0 st 0 gl 0 hp 100 frg 0
ARGLOG Carmack t   3.8 pos '-72.3 589.2 -296.0' spd 265.0 yaw 289.3 mode 0 st 0 gl 0 hp 100 frg 0
ARGEVT Romero hazard
ARGEVT Joe Rogan plan powerup via weapon
ARGEVT Joe Rogan goal weapon_rocketlauncher
ARGEVT Romero goal item_armorInv
ARGEVT Carmack goal weapon_rocketlauncher
ARGEVT Joe Rogan route 12 start '401.0 -759.0  24.0' goal '721.0 -887.0 -232.0'
ARGLOG Joe Rogan t   4.3 pos '464.0 -785.6  24.0' spd  89.6 yaw 130 mode 2 st 0 gl 0 hp 100 frg 0
ARGLOG Romero t   4.3 pos '148.3 -436.8  24.0' spd 336.1 yaw  15.8 mode 0 st 0 gl 0 hp 100 frg 0
ARGLOG Carmack t   4.3 pos ' -6.8 437.7 -296.0' spd 320.6 yaw 300.6 mode 0 st 0 gl 0 hp 200 frg 0
ARGEVT Carmack hazard
ARGEVT Joe Rogan hazard
ARGEVT Romero route 10 start '113.0 -471.0  24.0' goal '817.0 -855.0 -232.0'
ARGEVT Carmack route 4 start ' 81.0 393.0 -296.0' goal ' 49.0 105.0 -296.0'
ARGEVT Joe Rogan engage Romero
ARGEVT Romero engage Joe Rogan
ARGEVT Romero grab weapon_grenadelauncher
ARGLOG Joe Rogan t   4.8 pos '332.6 -751.4  24.0' spd 320.7 yaw  86.4 mode 2 st 0 gl 0 hp 100 frg 0
ARGLOG Romero t   4.8 pos '311.4 -403.7 -51.9' spd  41.7 yaw 278.2 mode 2 st 0 gl 0 hp 100 frg 0
ARGLOG Carmack t   4.8 pos '110.5 400.8 -296.0' spd  26.0 yaw 214 mode 2 st 0 gl 0 hp 200 frg 0
ARGEVT Joe Rogan pursue
ARGEVT Romero pursue
ARGUS Joe Rogan hunch item_artifact_super_damage
ARGEVT Joe Rogan plan powerup via weapon
ARGEVT Joe Rogan goal weapon_rocketlauncher
ARGEVT Joe Rogan pursue
ARGLOG Joe Rogan t   5.3 pos '264.3 -785.6  24.0' spd 323.3 yaw 227.0 mode 0 st 0 gl 0 hp 100 frg 0
ARGLOG Romero t   5.3 pos '246.0 -479.1 -104.0' spd 350.1 yaw 291 mode 2 st 0 gl 0 hp 100 frg 0
ARGLOG Carmack t   5.3 pos '-10.2 430.8 -296.0' spd 320.2 yaw 248 mode 2 st 0 gl 0 hp 200 frg 0
ARGUS Romero hunch item_armorInv
ARGEVT Romero hazard
ARGEVT Joe Rogan route 13 start '209.0 -759.0  24.0' goal '721.0 -887.0 -232.0'
ARGEVT Romero goal item_armorInv
ARGEVT Carmack hazard
ARGEVT Romero pursue
Client 169.254.71.10:53773 connected
ARGEVT Romero route 19 start '241.0 -503.0 -104.0' goal '817.0 -855.0 -232.0'
ARGLOG Joe Rogan t   5.8 pos '208.9 -784.2  24.0' spd 323.5 yaw 75 mode 2 st 0 gl 0 hp 100 frg 0
ARGLOG Romero t   5.8 pos '348.7 -563.9 -104.0' spd 398.1 yaw 271 mode 2 st 0 gl 0 hp 100 frg 0
ARGLOG Carmack t   5.8 pos '-129.5 394.0 -296.0' spd 333.2 yaw 268 mode 2 st 0 gl 0 hp 200 frg 0
ARGEVT Joe Rogan hazard
ARGLOG labprobe t   5.9 pos '272.0 -952.0  25.0' spd 0 yaw 0 mode 0 st 0 gl 0 hp 100 frg 0
ARGEVT Joe Rogan pursue
ARGEVT Romero route 19 start '305.0 -663.0 -104.0' goal '817.0 -855.0 -232.0'
ARGLOG Joe Rogan t   6.4 pos '352.6 -697.2  24.0' spd 388.6 yaw 98 mode 2 st 0 gl 0 hp 100 frg 0
ARGLOG Romero t   6.4 pos '367.2 -731.3 -104.0' spd 329.5 yaw 273.4 mode 2 st 0 gl 0 hp 100 frg 0
ARGLOG Carmack t   6.4 pos '-120.2 228.4 -296.0' spd 320.4 yaw 324 mode 2 st 0 gl 0 hp 200 frg 0
ARGLOG labprobe t   6.4 pos '272.0 -952.0  24.0' spd 0 yaw 0 mode 0 st 0 gl 0 hp 100 frg 0
ARGEVT Romero pursue
ARGLOG Joe Rogan t   6.9 pos '352.6 -528.4  24.0' spd 320.9 yaw 108 mode 2 st 0 gl 0 hp 100 frg 0
ARGLOG Romero t   6.9 pos '253.5 -841.3 -104.0' spd 421.3 yaw 107.6 mode 2 st 0 gl 0 hp 100 frg 0
ARGLOG Carmack t   6.9 pos '-27.7  87.5 -296.0' spd 335.2 yaw 348 mode 1 st 0 gl 0 hp 200 frg 0
ARGLOG labprobe t   6.9 pos '272.0 -952.0  24.0' spd 0 yaw 0 mode 0 st 0 gl 0 hp 100 frg 0
ARGEVT Romero hazard
ARGEVT Carmack goal item_artifact_super_damage
ARGEVT Carmack route 6 start ' 49.0 105.0 -296.0' goal '209.0  73.0 -104.0'
ARGEVT Carmack hazard
ARGLOG Joe Rogan t   7.4 pos '318.3 -344.7  -7.9' spd 339.7 yaw 355.5 mode 2 st 0 gl 0 hp 100 frg 0
ARGLOG Romero t   7.4 pos '313.9 -755.2 -104.0' spd 387.6 yaw 72 mode 2 st 0 gl 0 hp 100 frg 0
ARGLOG Carmack t   7.4 pos '106.2  85.2 -296.0' spd 320.5 yaw 232 mode 2 st 0 gl 1 hp 200 frg 0
ARGLOG labprobe t   7.4 pos '272.0 -952.0  24.0' spd 0 yaw 0 mode 0 st 0 gl 0 hp 100 frg 0
ARGLOG Joe Rogan t   7.9 pos '298.8 -185.8 -230.3' spd 313.8 yaw 274.8 mode 0 st 0 gl 0 hp 100 frg 0
ARGLOG Romero t   7.9 pos '346.2 -675.8 -104.0' spd 171.7 yaw  94.9 mode 2 st 0 gl 0 hp 96 frg 0
ARGLOG Carmack t   7.9 pos ' 24.1 110.1 -296.0' spd 272.2 yaw 334.7 mode 2 st 0 gl 1 hp 200 frg 0
ARGLOG labprobe t   8.0 pos '272.0 -952.0  24.0' spd 0 yaw 0 mode 0 st 0 gl 0 hp 100 frg 0
ARGEVT Joe Rogan swim
ARGEVT Joe Rogan route 18 start '273.0 -183.0 -296.0' goal '721.0 -887.0 -232.0'
ARGEVT Joe Rogan pursue
ARGEVT Romero pursue
ARGEVT Carmack hazard
ARGLOG Joe Rogan t   8.4 pos '304.0 -109.7 -404.9' spd 109.8 yaw 275 mode 2 st 0 gl 0 hp 40 frg 0
ARGLOG Romero t   8.4 pos '348.2 -542.5 -104.0' spd 321.5 yaw 96 mode 2 st 0 gl 0 hp 96 frg 0
ARGLOG Carmack t   8.4 pos ' 35.5  52.2 -296.0' spd 379.6 yaw 267 mode 2 st 0 gl 1 hp 200 frg 0
ARGLOG labprobe t   8.5 pos '272.0 -952.0  24.0' spd 0 yaw 0 mode 0 st 0 gl 0 hp 100 frg 0
ARGEVT Joe Rogan death world pos '304.0 -187.3 -401.8'
ARGEVT Romero hazard
ARGLOG Romero t   8.9 pos '376.4 -411.3 -104.0' spd 366.8 yaw 93 mode 2 st 0 gl 0 hp 96 frg 0
ARGLOG Carmack t   8.9 pos '-47.2 -84.3 -296.0' spd 419.9 yaw 343 mode 2 st 0 gl 1 hp 199 frg 0
ARGLOG labprobe t   9.0 pos '272.0 -952.0  24.0' spd 0 yaw 0 mode 0 st 0 gl 0 hp 100 frg 0
ARGEVT Carmack engage Romero
ARGEVT Romero engage Carmack
ARGEVT Romero grab weapon_lightning
ARGLOG Romero t   9.5 pos '414.8 -289.2 -106.0' spd 240 yaw 167.5 mode 2 st 0 gl 0 hp 96 frg 0
ARGLOG Carmack t   9.5 pos '-15.7 -244.0 -296.0' spd 320.2 yaw 350.4 mode 2 st 0 gl 1 hp 199 frg 0
ARGLOG labprobe t   9.5 pos '272.0 -952.0  24.0' spd 0 yaw 0 mode 0 st 0 gl 0 hp 100 frg 0
ARGLOG Romero t  10.0 pos '426.6 -276.0 -242.3' spd  46.5 yaw 180.4 mode 2 st 0 gl 0 hp 96 frg 0
ARGLOG Carmack t  10.0 pos ' 32.3 -254.7 -296.0' spd 315.5 yaw 358.9 mode 2 st 0 gl 1 hp 198 frg 0
ARGLOG labprobe t  10.0 pos '272.0 -952.0  24.0' spd 0 yaw 0 mode 0 st 0 gl 0 hp 100 frg 0
ARGEVT Romero death Carmack pos '441.7 -272.0 -296.0'
ARGUS Carmack watch spawn
ARGEVT Carmack goal item_artifact_super_damage
ARGEVT Carmack route 3 start ' 17.0 -247.0 -296.0' goal '209.0  73.0 -104.0'
ARGEVT Joe Rogan respawn
ARGEVT Joe Rogan goal weapon_rocketlauncher
ARGLOG Joe Rogan t  10.4 pos '112.0 -1136.0 -104.0' spd 0 yaw  61.3 mode 0 st 0 gl 0 hp 100 frg -1
ARGEVT Carmack hazard
ARGLOG Carmack t  10.5 pos '114.0 -262.5 -296.0' spd 337.6 yaw 339.9 mode 2 st 0 gl 1 hp 194 frg 1
ARGLOG labprobe t  10.5 pos '272.0 -952.0  24.0' spd 0 yaw 0 mode 0 st 0 gl 0 hp 100 frg 0
ARGEVT Joe Rogan route 18 start '145.0 -1143.0 -88.0' goal '721.0 -887.0 -232.0'
ARGLOG Joe Rogan t  10.9 pos '181.9 -997.4 -104.0' spd 320.0 yaw 65 mode 2 st 0 gl 0 hp 100 frg -1
ARGLOG Carmack t  11.0 pos '277.7 -284.4 -296.0' spd 320.8 yaw 3 mode 2 st 0 gl 1 hp 193 frg 1
ARGLOG labprobe t  11.0 pos '272.0 -952.0  24.0' spd 0 yaw 0 mode 0 st 0 gl 0 hp 100 frg 0
ARGLOG Joe Rogan t  11.4 pos '325.5 -922.8 -104.0' spd 417.2 yaw 260 mode 2 st 0 gl 0 hp 100 frg -1
ARGLOG Carmack t  11.5 pos '405.0 -218.2 -296.0' spd 335.5 yaw 123 mode 2 st 0 gl 1 hp 193 frg 1
ARGLOG labprobe t  11.6 pos '272.0 -952.0  24.0' spd 0 yaw 0 mode 0 st 0 gl 0 hp 100 frg 0
ARGEVT Joe Rogan hazard
ARGEVT Romero respawn
ARGEVT Romero goal weapon_rocketlauncher
ARGLOG Romero t  11.8 pos '776.0 -808.0 -232.0' spd 0 yaw 106.3 mode 1 st 0 gl 0 hp 100 frg 0
ARGEVT Carmack hazard
ARGLOG Joe Rogan t  11.9 pos '416.5 -1035.3 -104.0' spd 201.2 yaw 287.6 mode 2 st 0 gl 0 hp 100 frg -1
ARGEVT Romero hazard
ARGLOG Carmack t  12.0 pos '362.1 -94.1 -296.0' spd 180.7 yaw 269.4 mode 2 st 0 gl 1 hp 192 frg 1
ARGLOG labprobe t  12.1 pos '272.0 -952.0  24.0' spd 0 yaw 0 mode 0 st 0 gl 0 hp 100 frg 0
ARGLOG Romero t  12.3 pos '720.0 -837.8 -232.0' spd 327.7 yaw 278.1 mode 1 st 0 gl 0 hp 100 frg 0
ARGEVT Romero goal weapon_lightning
ARGEVT Joe Rogan route 20 start '369.0 -983.0 -104.0' goal '721.0 -887.0 -232.0'
ARGEVT Joe Rogan goal item_artifact_super_damage
ARGLOG Joe Rogan t  12.4 pos '400.6 -1039.4 -104.0' spd 308.5 yaw 282.3 mode 0 st 0 gl 0 hp 100 frg -1
ARGLOG Carmack t  12.5 pos '392.6 -245.3 -296.0' spd 321.4 yaw 119 mode 2 st 0 gl 1 hp 192 frg 1
ARGLOG labprobe t  12.6 pos '272.0 -952.0  24.0' spd 0 yaw 0 mode 0 st 0 gl 0 hp 100 frg 0
ARGEVT Joe Rogan routefail
ARGEVT Joe Rogan goal 
ARGEVT Joe Rogan route 6 start '369.0 -983.0 -104.0' goal '497.0 -247.0 -296.0'
ARGLOG Romero t  12.8 pos '720.0 -912.0 -232.0' spd 0 yaw 129.9 mode 0 st 0 gl 1 hp 100 frg 0
ARGEVT Romero route 5 start '721.0 -887.0 -232.0' goal '529.0 -311.0 -104.0'
ARGEVT Joe Rogan hazard
ARGEVT Carmack hazard
ARGLOG Joe Rogan t  12.9 pos '459.6 -1011.3 -104.0' spd 363.7 yaw 113 mode 2 st 0 gl 0 hp 100 frg -1
ARGUS routecache adopt
ARGEVT Romero route 5 start '721.0 -887.0 -232.0' goal '529.0 -311.0 -104.0'
ARGLOG Carmack t  13.1 pos '264.0 -253.8 -296.0' spd  78.2 yaw 99 mode 2 st 0 gl 1 hp 191 frg 1
ARGLOG labprobe t  13.1 pos '272.0 -952.0  24.0' spd 0 yaw 0 mode 0 st 0 gl 0 hp 100 frg 0
ARGEVT Romero route 6 start '721.0 -759.0 -232.0' goal '529.0 -311.0 -104.0'
ARGLOG Romero t  13.3 pos '724.8 -754.7 -232.0' spd 336.2 yaw 112 mode 2 st 0 gl 1 hp 100 frg 0
ARGLOG Joe Rogan t  13.5 pos '410.0 -852.7 -104.0' spd 328.0 yaw  91.4 mode 2 st 0 gl 0 hp 100 frg -1
ARGEVT Romero hazard
ARGLOG Carmack t  13.6 pos '411.6 -217.5 -296.0' spd 404.6 yaw 124 mode 2 st 0 gl 1 hp 191 frg 1
ARGLOG labprobe t  13.6 pos '272.0 -952.0  24.0' spd 0 yaw 0 mode 0 st 0 gl 0 hp 100 frg 0
ARGLOG Romero t  13.8 pos '810.5 -687.2 -184.0' spd 320.7 yaw 119 mode 2 st 0 gl 1 hp 100 frg 0
ARGEVT Joe Rogan hazard
ARGLOG Joe Rogan t  14.0 pos '458.4 -795.3 -104.0' spd 121.6 yaw 100 mode 2 st 0 gl 0 hp 100 frg -1
ARGLOG Carmack t  14.1 pos '370.9 -199.1 -296.0' spd 320.0 yaw 120 mode 2 st 0 gl 1 hp 190 frg 1
ARGEVT Carmack hazard
ARGLOG labprobe t  14.1 pos '272.0 -952.0  24.0' spd 0 yaw 0 mode 0 st 0 gl 0 hp 100 frg 0
ARGLOG Romero t  14.3 pos '753.1 -842.2 -232.0' spd 321.4 yaw 112 mode 2 st 0 gl 1 hp 100 frg 0
ARGLOG Joe Rogan t  14.5 pos '376.4 -752.0 -104.0' spd   8.3 yaw  24.5 mode 2 st 0 gl 0 hp 100 frg -1
ARGEVT Romero hazard
ARGLOG Carmack t  14.6 pos '268.5 -216.5 -296.0' spd 335.7 yaw 105.4 mode 2 st 0 gl 1 hp 190 frg 1
ARGEVT Carmack rjump
ARGUS routecache adopt
ARGEVT Romero route 5 start '721.0 -887.0 -232.0' goal '529.0 -311.0 -104.0'
ARGLOG labprobe t  14.7 pos '272.0 -952.0  24.0' spd 0 yaw 0 mode 0 st 0 gl 0 hp 100 frg 0
ARGUS routecache adopt
ARGEVT Romero route 5 start '721.0 -887.0 -232.0' goal '529.0 -311.0 -104.0'
ARGLOG Romero t  14.9 pos '720.0 -840.2 -232.0' spd 330.3 yaw 109.0 mode 0 st 0 gl 1 hp 100 frg 0
ARGLOG Joe Rogan t  15.0 pos '454.1 -771.7 -104.0' spd 204.2 yaw 100 mode 2 st 0 gl 0 hp 100 frg -1
ARGEVT Joe Rogan hazard
ARGLOG Carmack t  15.1 pos '221.1 -79.2 -88.3' spd  96.1 yaw 97 mode 1 st 0 gl 1 hp 138 frg 1
ARGLOG labprobe t  15.2 pos '272.0 -952.0  24.0' spd 0 yaw 0 mode 0 st 0 gl 0 hp 100 frg 0
ARGEVT Joe Rogan engage Carmack
ARGLOG Romero t  15.4 pos '720.0 -791.5 -232.0' spd 322.6 yaw 111 mode 2 st 0 gl 1 hp 100 frg 0
ARGLOG Joe Rogan t  15.5 pos '309.0 -685.4 -104.0' spd 340.1 yaw  97.0 mode 2 st 0 gl 0 hp 100 frg -1
ARGLOG Carmack t  15.6 pos '172.0 -62.8 -72.9' spd 105.0 yaw 78 mode 1 st 0 gl 1 hp 138 frg 1
ARGUS routecache adopt
ARGEVT Romero route 5 start '721.0 -887.0 -232.0' goal '529.0 -311.0 -104.0'
ARGEVT Romero hazard
ARGLOG labprobe t  15.7 pos '272.0 -952.0  24.0' spd 0 yaw 0 mode 0 st 0 gl 0 hp 100 frg 0
ARGEVT Carmack engage Joe Rogan
ARGEVT Carmack grab item_artifact_super_damage
ARGUS routecache adopt
ARGEVT Romero route 5 start '721.0 -887.0 -232.0' goal '529.0 -311.0 -104.0'
ARGLOG Romero t  15.9 pos '734.7 -903.0 -232.0' spd 189.8 yaw 139.2 mode 0 st 0 gl 1 hp 100 frg 0
ARGLOG Joe Rogan t  16.0 pos '342.5 -522.2 -104.0' spd 395.8 yaw 105.9 mode 2 st 0 gl 0 hp 100 frg -1
ARGUS routecache adopt
ARGEVT Romero route 5 start '721.0 -887.0 -232.0' goal '529.0 -311.0 -104.0'
ARGLOG Carmack t  16.1 pos '201.4  37.8 -104.0' spd 324.1 yaw 315.0 mode 1 st 0 gl 1 hp 137 frg 1
ARGLOG labprobe t  16.2 pos '272.0 -952.0  24.0' spd 0 yaw 0 mode 0 st 0 gl 0 hp 100 frg 0
ARGEVT Carmack goal weapon_lightning
ARGEVT Carmack route 5 start '209.0  73.0 -104.0' goal '529.0 -311.0 -104.0'
ARGEVT Joe Rogan grab weapon_lightning
ARGLOG Romero t  16.4 pos '720.0 -752.0 -232.0' spd 0 yaw 112 mode 2 st 0 gl 1 hp 100 frg 0
ARGEVT Carmack hazard
ARGEVT Carmack death Carmack pos '205.2 108.9 -104.0'
ARGLOG Joe Rogan t  16.6 pos '431.2 -363.7 -104.0' spd 329.1 yaw 126 mode 2 st 0 gl 0 hp 100 frg -1
ARGEVT Joe Rogan hazard
ARGLOG labprobe t  16.7 pos '272.0 -952.0  24.0' spd 0 yaw 0 mode 0 st 0 gl 0 hp 100 frg 0
ARGLOG Romero t  16.9 pos '720.0 -893.8 -232.0' spd 362.2 yaw 205.1 mode 0 st 0 gl 1 hp 100 frg 0
ARGEVT Romero hazard
ARGEVT Romero route 5 start '721.0 -887.0 -232.0' goal '529.0 -311.0 -104.0'
ARGLOG Joe Rogan t  17.1 pos '320.0 -230.1 -148.5' spd 355.9 yaw  96.4 mode 2 st 0 gl 0 hp 100 frg -1
ARGUS routecache adopt
ARGEVT Romero route 5 start '721.0 -887.0 -232.0' goal '529.0 -311.0 -104.0'
ARGLOG labprobe t  17.2 pos '272.0 -952.0  24.0' spd 0 yaw 0 mode 0 st 0 gl 0 hp 100 frg 0
ARGUS routecache adopt
ARGEVT Romero route 5 start '721.0 -887.0 -232.0' goal '529.0 -311.0 -104.0'
ARGLOG Romero t  17.4 pos '720.0 -804.3 -232.0' spd 349.0 yaw 111 mode 2 st 0 gl 1 hp 100 frg 0
ARGLOG Joe Rogan t  17.6 pos '279.5 -93.1 -391.1' spd 331.7 yaw 325 mode 2 st 0 gl 0 hp 100 frg -1
ARGEVT Joe Rogan swim
ARGLOG labprobe t  17.7 pos '272.0 -952.0  24.0' spd 0 yaw 0 mode 0 st 0 gl 0 hp 100 frg 0
ARGLOG Romero t  17.9 pos '720.6 -824.5 -232.0' spd 320.0 yaw 110 mode 2 st 0 gl 1 hp 100 frg 0
ARGEVT Carmack respawn
ARGEVT Carmack goal weapon_lightning
ARGLOG Carmack t  18.0 pos '784.0 -176.0  24.0' spd 0 yaw 196.6 mode 0 st 0 gl 2 hp 100 frg 0
ARGEVT Carmack route 2 start '753.0 -151.0  24.0' goal '529.0 -311.0 -104.0'
ARGLOG Joe Rogan t  18.1 pos '302.0 -48.0 -386.6' spd  30.5 yaw 128 mode 2 st 0 gl 0 hp 20 frg -1
ARGEVT Romero hazard
ARGEVT Romero route 5 start '721.0 -887.0 -232.0' goal '529.0 -311.0 -104.0'
ARGEVT Joe Rogan death world pos '289.1 -48.0 -385.3'
ARGLOG labprobe t  18.3 pos '272.0 -952.0  24.0' spd 0 yaw 0 mode 0 st 0 gl 0 hp 100 frg 0
ARGUS routecache adopt
ARGEVT Romero route 5 start '721.0 -887.0 -232.0' goal '529.0 -311.0 -104.0'
ARGLOG Romero t  18.5 pos '725.9 -872.4 -232.0' spd 331.6 yaw 109 mode 0 st 0 gl 1 hp 100 frg 0
ARGLOG Carmack t  18.5 pos '634.7 -199.5  24.0' spd 328.3 yaw 204.3 mode 2 st 0 gl 2 hp 100 frg 0
ARGUS routecache adopt
ARGEVT Romero route 5 start '721.0 -887.0 -232.0' goal '529.0 -311.0 -104.0'
ARGLOG labprobe t  18.8 pos '272.0 -952.0  24.0' spd 0 yaw 0 mode 0 st 0 gl 0 hp 100 frg 0
ARGLOG Romero t  19.0 pos '720.6 -760.3 -232.0' spd 163.2 yaw 112 mode 2 st 0 gl 1 hp 100 frg 0
ARGLOG Carmack t  19.0 pos '460.4 -279.9 -20.2' spd 338.5 yaw 258.6 mode 1 st 0 gl 2 hp 100 frg 0
ARGLOG labprobe t  19.3 pos '272.0 -952.0  24.0' spd 0 yaw 0 mode 0 st 0 gl 0 hp 100 frg 0
ARGUS routecache adopt
ARGEVT Romero route 5 start '721.0 -887.0 -232.0' goal '529.0 -311.0 -104.0'
ARGEVT Romero hazard
ARGEVT Carmack abandon
ARGEVT Carmack goal 
ARGLOG Romero t  19.5 pos '747.0 -902.0 -232.0' spd 166.8 yaw 172.1 mode 0 st 0 gl 1 hp 100 frg 0
ARGEVT Carmack route 6 start '337.0 -375.0 -104.0' goal '177.0  73.0 -104.0'
ARGLOG Carmack t  19.5 pos '328.7 -368.0 -264.5' spd 248.9 yaw 19 mode 2 st 0 gl 2 hp 100 frg 0
ARGEVT Romero route 5 start '721.0 -887.0 -232.0' goal '529.0 -311.0 -104.0'
ARGEVT Carmack swim
ARGEVT Joe Rogan respawn
ARGUS routecache adopt
ARGEVT Romero route 5 start '721.0 -887.0 -232.0' goal '529.0 -311.0 -104.0'
ARGLOG labprobe t  19.8 pos '272.0 -952.0  24.0' spd 0 yaw 0 mode 0 st 0 gl 0 hp 100 frg 0
ARGEVT Joe Rogan goal 
ARGLOG Joe Rogan t  19.9 pos '-64.0 512.0 -296.0' spd 0 yaw 286.3 mode 0 st 0 gl 0 hp 100 frg -2
ARGEVT Joe Rogan route 7 start '-15.0 553.0 -296.0' goal '305.0 -87.0 -296.0'
ARGLOG Romero t  20.0 pos '720.0 -767.1 -232.0' spd 376.3 yaw 111 mode 2 st 0 gl 1 hp 100 frg 0
ARGLOG Carmack t  20.1 pos '258.9 -329.9 -404.5' spd 155.8 yaw 355 mode 2 st 0 gl 2 hp 40 frg 0
ARGLOG labprobe t  20.3 pos '272.0 -952.0  24.0' spd 0 yaw 0 mode 0 st 0 gl 0 hp 100 frg 0
ARGLOG Joe Rogan t  20.4 pos '-44.5 356.9 -296.0' spd 320.3 yaw 270 mode 2 st 0 gl 0 hp 100 frg -2
ARGEVT Carmack death world pos '310.9 -332.1 -401.9'
ARGLOG Romero t  20.5 pos '720.0 -858.8 -232.0' spd 327.7 yaw 237.7 mode 0 st 0 gl 1 hp 100 frg 0
ARGEVT Romero hazard
ARGEVT Romero route 5 start '721.0 -887.0 -232.0' goal '529.0 -311.0 -104.0'
ARGUS routecache adopt
ARGEVT Romero route 5 start '721.0 -887.0 -232.0' goal '529.0 -311.0 -104.0'
ARGLOG labprobe t  20.8 pos '272.0 -952.0  24.0' spd 0 yaw 0 mode 0 st 0 gl 0 hp 100 frg 0
ARGLOG Joe Rogan t  20.9 pos '-42.2 192.1 -296.0' spd 320.1 yaw 264 mode 2 st 0 gl 0 hp 100 frg -2
ARGUS routecache adopt
ARGEVT Romero route 5 start '721.0 -887.0 -232.0' goal '529.0 -311.0 -104.0'
ARGLOG Romero t  21.0 pos '720.0 -841.8 -232.0' spd 303.0 yaw 109.0 mode 0 st 0 gl 1 hp 100 frg 0
ARGLOG labprobe t  21.3 pos '272.0 -952.0  24.0' spd 0 yaw 0 mode 0 st 0 gl 0 hp 100 frg 0
ARGLOG Joe Rogan t  21.4 pos '-52.8  28.2 -296.0' spd 320.1 yaw 285 mode 2 st 0 gl 0 hp 100 frg -2
ARGLOG Romero t  21.6 pos '720.0 -791.8 -232.0' spd 322.8 yaw 111 mode 2 st 0 gl 1 hp 100 frg 0
ARGUS routecache adopt
ARGEVT Romero route 5 start '721.0 -887.0 -232.0' goal '529.0 -311.0 -104.0'
ARGEVT Romero hazard
ARGLOG labprobe t  21.9 pos '272.0 -952.0  24.0' spd 0 yaw 0 mode 0 st 0 gl 0 hp 100 frg 0
ARGLOG Joe Rogan t  21.9 pos '-51.5 -138.5 -296.0' spd 331.4 yaw 335 mode 2 st 0 gl 0 hp 100 frg -2
ARGEVT Carmack respawn
ARGEVT Carmack goal 
ARGLOG Carmack t  22.0 pos '-64.0 -232.0 -72.0' spd 0 yaw  16.6 mode 0 st 0 gl 2 hp 100 frg -1
ARGUS routecache adopt
ARGEVT Romero route 5 start '721.0 -887.0 -232.0' goal '529.0 -311.0 -104.0'
ARGLOG Romero t  22.1 pos '733.8 -903.0 -232.0' spd 193.1 yaw 139.2 mode 0 st 0 gl 1 hp 100 frg 0
ARGEVT Carmack route 7 start '-47.0 -215.0 -72.0' goal '177.0  73.0 -104.0'
ARGEVT Romero route 5 start '721.0 -887.0 -232.0' goal '529.0 -311.0 -104.0'
ARGEVT Carmack hazard
ARGLOG labprobe t  22.4 pos '272.0 -952.0  24.0' spd 0 yaw 0 mode 0 st 0 gl 0 hp 100 frg 0
ARGLOG Joe Rogan t  22.4 pos ' 65.9 -257.3 -296.0' spd 330.1 yaw 35 mode 2 st 0 gl 0 hp 100 frg -2
ARGEVT Joe Rogan hazard
ARGLOG Carmack t  22.5 pos ' 94.5 -264.1 -72.0' spd 291.0 yaw 238 mode 2 st 0 gl 2 hp 100 frg -1
ARGLOG Romero t  22.6 pos '720.0 -752.0 -232.0' spd 0 yaw 112 mode 2 st 0 gl 1 hp 100 frg 0
ARGLOG labprobe t  22.9 pos '272.0 -952.0  24.0' spd 0 yaw 0 mode 0 st 0 gl 0 hp 100 frg 0
ARGLOG Joe Rogan t  22.9 pos '229.6 -212.8 -296.0' spd 374.8 yaw 59 mode 2 st 0 gl 0 hp 100 frg -2
ARGLOG Carmack t  23.0 pos '-27.7 -272.0 -72.0' spd 358.1 yaw 253 mode 2 st 0 gl 2 hp 100 frg -1
ARGUS routecache adopt
ARGEVT Romero route 5 start '721.0 -887.0 -232.0' goal '529.0 -311.0 -104.0'
ARGLOG Romero t  23.1 pos '720.0 -894.2 -232.0' spd 362.8 yaw 205.4 mode 0 st 0 gl 1 hp 100 frg 0
ARGEVT Romero hazard
ARGUS routecache adopt
ARGEVT Romero route 5 start '721.0 -887.0 -232.0' goal '529.0 -311.0 -104.0'
ARGLOG labprobe t  23.4 pos '272.0 -952.0  24.0' spd 0 yaw 0 mode 0 st 0 gl 0 hp 100 frg 0
ARGLOG Joe Rogan t  23.5 pos '335.8 -84.2 -296.0' spd 340.9 yaw 102.4 mode 1 st 0 gl 0 hp 100 frg -2
ARGUS routecache adopt
ARGEVT Romero route 5 start '721.0 -887.0 -232.0' goal '529.0 -311.0 -104.0'
ARGLOG Carmack t  23.5 pos '-129.5 -382.5 -72.0' spd 326.9 yaw 284.3 mode 2 st 0 gl 2 hp 100 frg -1
ARGEVT Joe Rogan hazard
ARGLOG Romero t  23.6 pos '720.0 -805.4 -232.0' spd 348.9 yaw 111 mode 2 st 0 gl 1 hp 100 frg 0
ARGEVT Carmack hazard
ARGLOG labprobe t  23.9 pos '272.0 -952.0  24.0' spd 0 yaw 0 mode 0 st 0 gl 0 hp 100 frg 0
ARGLOG Joe Rogan t  24.0 pos '336.0  40.8 -288.0' spd 219.8 yaw 201.2 mode 1 st 0 gl 0 hp 100 frg -2
ARGLOG Carmack t  24.0 pos '-21.2 -506.3 -72.0' spd 252.8 yaw 24 mode 2 st 0 gl 2 hp 100 frg -1
ARGLOG Romero t  24.1 pos '720.6 -824.4 -232.0' spd 320.0 yaw 110 mode 2 st 0 gl 1 hp 100 frg 0
ARGUS routecache adopt
ARGEVT Romero route 5 start '721.0 -887.0 -232.0' goal '529.0 -311.0 -104.0'
ARGEVT Romero hazard
ARGLOG labprobe t  24.4 pos '272.0 -952.0  24.0' spd 0 yaw 0 mode 0 st 0 gl 0 hp 100 frg 0
ARGLOG Joe Rogan t  24.5 pos '352.0 -59.3 -296.0' spd 333.0 yaw 259 mode 1 st 0 gl 0 hp 100 frg -2
ARGUS routecache adopt
ARGEVT Romero route 5 start '721.0 -887.0 -232.0' goal '529.0 -311.0 -104.0'
ARGLOG Carmack t  24.5 pos '-79.6 -432.0 -72.0' spd 163.7 yaw 18 mode 2 st 0 gl 2 hp 100 frg -1
ARGLOG Romero t  24.6 pos '725.5 -871.1 -232.0' spd 330.0 yaw 109 mode 0 st 0 gl 1 hp 100 frg 0
ARGUS routecache adopt
ARGEVT Romero route 5 start '721.0 -887.0 -232.0' goal '529.0 -311.0 -104.0'
ARGLOG labprobe t  25.0 pos '272.0 -952.0  24.0' spd 0 yaw 0 mode 0 st 0 gl 0 hp 100 frg 0
ARGLOG Joe Rogan t  25.0 pos '265.7 -199.0 -296.0' spd 341.3 yaw 192.4 mode 1 st 0 gl 0 hp 100 frg -2
ARGEVT Joe Rogan jump
ARGLOG Carmack t  25.1 pos '-99.4 -299.0 -72.0' spd 346.1 yaw 32 mode 2 st 0 gl 2 hp 100 frg -1
ARGLOG Romero t  25.2 pos '720.9 -760.6 -232.0' spd 166.4 yaw 112 mode 2 st 0 gl 1 hp 100 frg 0
ARGEVT Carmack route 7 start '-47.0 -215.0 -72.0' goal '177.0  73.0 -104.0'
ARGEVT Carmack hazard
ARGLOG labprobe t  25.5 pos '272.0 -952.0  24.0' spd 0 yaw 0 mode 0 st 0 gl 0 hp 100 frg 0
ARGLOG Joe Rogan t  25.5 pos '105.8 -232.5 -273.8' spd 315.7 yaw  67.1 mode 1 st 0 gl 0 hp 100 frg -2
ARGEVT Romero hazard
ARGLOG Carmack t  25.6 pos ' 25.4 -220.7 -72.0' spd 340.1 yaw  27.7 mode 2 st 0 gl 2 hp 100 frg -1
ARGEVT Romero route 5 start '721.0 -887.0 -232.0' goal '529.0 -311.0 -104.0'
ARGEVT Joe Rogan hazard
ARGLOG Romero t  25.7 pos '746.6 -902.2 -232.0' spd 167.1 yaw 172.4 mode 0 st 0 gl 1 hp 100 frg 0
ARGUS routecache adopt
ARGEVT Romero route 5 start '721.0 -887.0 -232.0' goal '529.0 -311.0 -104.0'
ARGUS routecache adopt
ARGEVT Romero route 5 start '721.0 -887.0 -232.0' goal '529.0 -311.0 -104.0'
ARGLOG labprobe t  26.0 pos '272.0 -952.0  24.0' spd 0 yaw 0 mode 0 st 0 gl 0 hp 100 frg 0
ARGLOG Joe Rogan t  26.0 pos '169.9 -202.8 -296.0' spd 321.3 yaw 359 mode 1 st 0 gl 0 hp 100 frg -2
ARGEVT Carmack engage Joe Rogan
ARGEVT Carmack grab weapon_grenadelauncher
ARGLOG Carmack t  26.1 pos '193.4 -248.8 -72.0' spd 320.0 yaw   4.7 mode 0 st 0 gl 2 hp 100 frg -1
ARGEVT Joe Rogan engage Carmack
ARGLOG Romero t  26.2 pos '720.0 -765.9 -232.0' spd 376.5 yaw 111 mode 2 st 0 gl 1 hp 100 frg 0
ARGEVT Carmack route 7 start '177.0 -215.0 -72.0' goal '177.0  73.0 -104.0'
ARGLOG labprobe t  26.5 pos '272.0 -952.0  24.0' spd 0 yaw 0 mode 0 st 0 gl 0 hp 100 frg 0
ARGLOG Joe Rogan t  26.6 pos '196.4 -203.9 -296.0' spd 381.1 yaw 339.4 mode 1 st 0 gl 0 hp 88 frg -2
ARGLOG Carmack t  26.6 pos '376.6 -305.6 -148.0' spd 348.0 yaw 156.1 mode 2 st 0 gl 2 hp 100 frg -1
ARGLOG Romero t  26.7 pos '720.0 -857.5 -232.0' spd 327.1 yaw 237.7 mode 0 st 0 gl 1 hp 100 frg 0
ARGEVT Romero hazard
ARGEVT Romero route 5 start '721.0 -887.0 -232.0' goal '529.0 -311.0 -104.0'
ARGEVT Joe Rogan hazard
ARGUS routecache adopt
ARGEVT Romero route 5 start '721.0 -887.0 -232.0' goal '529.0 -311.0 -104.0'
ARGLOG labprobe t  27.0 pos '272.0 -952.0  24.0' spd 0 yaw 0 mode 0 st 0 gl 0 hp 100 frg 0
ARGLOG Joe Rogan t  27.1 pos '110.3 -218.6 -296.0' spd 364.2 yaw   7.9 mode 1 st 0 gl 0 hp 80 frg -2
ARGEVT Carmack grab weapon_lightning
ARGLOG Carmack t  27.1 pos '444.5 -242.8 -296.0' spd 172.6 yaw 173.5 mode 2 st 0 gl 2 hp 91 frg -1
ARGUS routecache adopt
ARGEVT Romero route 5 start '721.0 -887.0 -232.0' goal '529.0 -311.0 -104.0'
ARGLOG Romero t  27.2 pos '720.0 -840.0 -232.0' spd 302.7 yaw 109 mode 0 st 0 gl 1 hp 100 frg 0
ARGLOG labprobe t  27.5 pos '272.0 -952.0  24.0' spd 0 yaw 0 mode 0 st 0 gl 0 hp 100 frg 0
ARGLOG Joe Rogan t  27.6 pos ' 74.9 -224.4 -296.0' spd  90.7 yaw   6.7 mode 1 st 0 gl 0 hp 68 frg -2
ARGLOG Carmack t  27.6 pos '576.9 -241.1 -296.0' spd 357.1 yaw 179.7 mode 0 st 0 gl 2 hp 82 frg -1
ARGEVT Carmack route 13 start '497.0 -247.0 -296.0' goal '177.0  73.0 -104.0'
ARGLOG Romero t  27.7 pos '720.0 -752.0 -232.0' spd 0 yaw 141.3 mode 2 st 0 gl 1 hp 100 frg 0
ARGEVT Carmack hazard
ARGLOG labprobe t  28.1 pos '272.0 -952.0  24.0' spd 0 yaw 0 mode 0 st 0 gl 0 hp 100 frg 0
ARGLOG Joe Rogan t  28.1 pos ' 84.5 -235.5 -296.0' spd 273.1 yaw 346.0 mode 1 st 0 gl 0 hp 56 frg -2
ARGLOG Carmack t  28.2 pos '588.1 -272.0 -296.0' spd 198.1 yaw 178.1 mode 2 st 0 gl 2 hp 82 frg -1
ARGLOG Romero t  28.3 pos '720.0 -752.0 -232.0' spd 0 yaw 103 mode 2 st 0 gl 1 hp 100 frg 0
ARGLOG labprobe t  28.6 pos '272.0 -952.0  24.0' spd 0 yaw 0 mode 0 st 0 gl 0 hp 100 frg 0
ARGLOG Joe Rogan t  28.6 pos '103.9 -259.3 -296.0' spd  95.8 yaw   4.4 mode 1 st 0 gl 0 hp 40 frg -2
ARGEVT Joe Rogan hazard
ARGLOG Carmack t  28.7 pos '588.8 -250.8 -296.0' spd  90.0 yaw 178.0 mode 2 st 0 gl 2 hp 73 frg -1
ARGLOG Romero t  28.8 pos '720.0 -752.0 -232.0' spd 0 yaw 106 mode 2 st 0 gl 1 hp 100 frg 0
ARGLOG labprobe t  29.1 pos '272.0 -952.0  24.0' spd 0 yaw 0 mode 0 st 0 gl 0 hp 100 frg 0
ARGEVT Joe Rogan retreat
ARGLOG Joe Rogan t  29.1 pos ' 83.6 -225.7 -296.0' spd 279.1 yaw 352.1 mode 1 st 0 gl 0 hp 32 frg -2
ARGLOG Carmack t  29.2 pos '570.6 -247.5 -296.0' spd 112.6 yaw 175.5 mode 2 st 0 gl 2 hp 73 frg -1
ARGLOG Romero t  29.3 pos '720.0 -752.0 -232.0' spd 0 yaw 105 mode 2 st 0 gl 1 hp 100 frg 0
ARGEVT Joe Rogan weapon sg
ARGLOG labprobe t  29.6 pos '272.0 -952.0  24.0' spd 0 yaw 0 mode 0 st 0 gl 0 hp 100 frg 0
ARGLOG Joe Rogan t  29.6 pos '-72.8 -205.4 -296.0' spd 320.1 yaw 359.0 mode 1 st 0 gl 0 hp 32 frg -2
ARGEVT Romero hazard
ARGLOG Carmack t  29.7 pos '477.4 -256.6 -296.0' spd  86.9 yaw 170.1 mode 2 st 0 gl 2 hp 56 frg -1
ARGEVT Carmack hazard
ARGLOG Romero t  29.8 pos '720.0 -752.0 -232.0' spd 0 yaw 112 mode 2 st 0 gl 1 hp 100 frg 0
ARGLOG labprobe t  30.1 pos '272.0 -952.0  24.0' spd 0 yaw 0 mode 0 st 0 gl 0 hp 100 frg 0
ARGLOG Joe Rogan t  30.2 pos '-80.0 -199.2 -296.0' spd  13.2 yaw 355.8 mode 1 st 0 gl 0 hp 24 frg -2
ARGLOG Carmack t  30.2 pos '384.9 -230.3 -296.0' spd 260.2 yaw 177.3 mode 2 st 0 gl 2 hp 36 frg -1
ARGLOG Romero t  30.3 pos '720.0 -857.9 -232.0' spd 327.4 yaw 238.4 mode 0 st 0 gl 1 hp 100 frg 0
ARGEVT Romero route 5 start '721.0 -887.0 -232.0' goal '529.0 -311.0 -104.0'
ARGLOG labprobe t  30.6 pos '272.0 -952.0  24.0' spd 0 yaw 0 mode 0 st 0 gl 0 hp 100 frg 0
ARGLOG Joe Rogan t  30.7 pos '-38.1 -117.7 -296.0' spd 320 yaw 357.2 mode 1 st 0 gl 0 hp 24 frg -2
ARGUS routecache adopt
ARGEVT Romero route 5 start '721.0 -887.0 -232.0' goal '529.0 -311.0 -104.0'
ARGLOG Carmack t  30.7 pos '359.2 -134.0 -296.0' spd 320.1 yaw 175.4 mode 2 st 0 gl 2 hp 36 frg -1
ARGLOG Romero t  30.8 pos '720.0 -839.2 -232.0' spd 328.9 yaw 109.0 mode 0 st 0 gl 1 hp 100 frg 0
ARGEVT Carmack pursue
ARGEVT Romero route 6 start '721.0 -759.0 -232.0' goal '529.0 -311.0 -104.0'
ARGEVT Romero hazard
ARGUS Carmack hunch item_health
ARGEVT Carmack pursue
ARGLOG labprobe t  31.1 pos '272.0 -952.0  24.0' spd 0 yaw 0 mode 0 st 0 gl 0 hp 100 frg 0
ARGLOG Joe Rogan t  31.2 pos '-23.2  41.8 -296.0' spd 320.1 yaw 93 mode 1 st 0 gl 0 hp 24 frg -2
ARGEVT Carmack goal item_health
ARGLOG Carmack t  31.2 pos '394.6  31.5 -288.0' spd 331.3 yaw 110.6 mode 0 st 0 gl 2 hp 36 frg -1
ARGEVT Carmack route 4 start '337.0   9.0 -296.0' goal '529.0  73.0 -296.0'
ARGEVT Joe Rogan pursue
ARGEVT Joe Rogan hazard
ARGLOG Romero t  31.3 pos '720.0 -760.4 -232.0' spd 163.2 yaw 112 mode 2 st 0 gl 1 hp 100 frg 0
ARGEVT Carmack hazard
ARGLOG labprobe t  31.7 pos '272.0 -952.0  24.0' spd 0 yaw 0 mode 0 st 0 gl 0 hp 100 frg 0
ARGLOG Joe Rogan t  31.7 pos '-28.2 134.2 -296.0' spd 295.1 yaw 318 mode 1 st 0 gl 0 hp 24 frg -2
ARGLOG Carmack t  31.8 pos '341.7  15.7 -296.0' spd 324.9 yaw 275.4 mode 2 st 0 gl 2 hp 36 frg -1
ARGEVT Romero route 5 start '721.0 -887.0 -232.0' goal '529.0 -311.0 -104.0'
ARGLOG Romero t  31.9 pos '746.6 -902.4 -232.0' spd 162.8 yaw 172.1 mode 0 st 0 gl 1 hp 100 frg 0
ARGUS routecache adopt
ARGEVT Romero route 5 start '721.0 -887.0 -232.0' goal '529.0 -311.0 -104.0'
ARGUS Joe Rogan hunch weapon_lightning
ARGUS routecache adopt
ARGEVT Romero route 5 start '721.0 -887.0 -232.0' goal '529.0 -311.0 -104.0'
ARGLOG labprobe t  32.2 pos '272.0 -952.0  24.0' spd 0 yaw 0 mode 0 st 0 gl 0 hp 100 frg 0
ARGEVT Joe Rogan goal weapon_lightning
ARGLOG Joe Rogan t  32.2 pos ' 46.2  48.0 -296.0' spd 246.2 yaw 175.6 mode 0 st 0 gl 0 hp 24 frg -2
ARGEVT Carmack pursue
ARGLOG Carmack t  32.3 pos '378.6 -145.7 -296.0' spd 322.9 yaw 264.0 mode 2 st 0 gl 2 hp 36 frg -1
ARGEVT Romero hazard
ARGEVT Joe Rogan route 13 start ' 49.0 105.0 -296.0' goal '529.0 -311.0 -104.0'
ARGLOG Romero t  32.4 pos '720.0 -766.3 -232.0' spd 374.3 yaw 111 mode 2 st 0 gl 1 hp 100 frg 0
ARGEVT Joe Rogan pursue
ARGEVT Romero abandon
ARGEVT Romero goal item_rockets
ARGEVT Carmack pursue
ARGEVT Carmack hazard
ARGEVT Joe Rogan hazard
ARGEVT Carmack pursue
ARGLOG labprobe t  32.7 pos '272.0 -952.0  24.0' spd 0 yaw 0 mode 0 st 0 gl 0 hp 100 frg 0
ARGEVT Romero route 10 start '721.0 -759.0 -232.0' goal ' 81.0 -823.0 -104.0'
ARGLOG Joe Rogan t  32.7 pos '-129.1  56.3 -296.0' spd 397.1 yaw 272.8 mode 2 st 0 gl 0 hp 24 frg -2
ARGLOG Carmack t  32.8 pos '287.4 -259.2 -296.0' spd 320.2 yaw 169 mode 2 st 0 gl 2 hp 36 frg -1
ARGLOG Romero t  32.9 pos '720.3 -857.8 -232.0' spd 327.9 yaw 271.3 mode 0 st 0 gl 1 hp 100 frg 0
ARGUS routecache adopt
ARGEVT Romero route 9 start '721.0 -887.0 -232.0' goal ' 81.0 -823.0 -104.0'
ARGEVT Carmack route 6 start '209.0 -183.0 -296.0' goal '529.0  73.0 -296.0'
ARGLOG labprobe t  33.2 pos '272.0 -952.0  24.0' spd 0 yaw 0 mode 0 st 0 gl 0 hp 100 frg 0
ARGLOG Joe Rogan t  33.3 pos '-205.5  51.0 -296.0' spd 122.6 yaw 303 mode 2 st 0 gl 0 hp 24 frg -2
ARGLOG Carmack t  33.3 pos '152.1 -206.8 -296.0' spd 114.6 yaw 11 mode 2 st 0 gl 2 hp 36 frg -1
ARGEVT Romero route 9 start '721.0 -887.0 -232.0' goal ' 81.0 -823.0 -104.0'
ARGLOG Romero t  33.4 pos '720.0 -912.0 -232.0' spd 0 yaw 268 mode 0 st 0 gl 1 hp 100 frg 0
ARGUS routecache adopt
ARGEVT Romero route 9 start '721.0 -887.0 -232.0' goal ' 81.0 -823.0 -104.0'
ARGLOG labprobe t  33.7 pos '272.0 -952.0  24.0' spd 0 yaw 0 mode 0 st 0 gl 0 hp 100 frg 0
ARGLOG Joe Rogan t  33.8 pos '-29.9  34.1 -296.0' spd 376.5 yaw 295 mode 2 st 0 gl 0 hp 24 frg -2
ARGEVT Joe Rogan hazard
ARGUS routecache adopt
ARGEVT Romero route 9 start '721.0 -887.0 -232.0' goal ' 81.0 -823.0 -104.0'
ARGLOG Carmack t  33.8 pos '313.0 -195.5 -296.0' spd 322.2 yaw 21 mode 2 st 0 gl 2 hp 36 frg -1
ARGEVT Romero stall
ARGLOG Romero t  33.9 pos '720.0 -912.0 -232.0' spd 0 yaw 483.3 mode 0 st 1 gl 1 hp 100 frg 0
ARGEVT Romero jump
ARGUS routecache adopt
ARGEVT Romero route 9 start '721.0 -887.0 -232.0' goal ' 81.0 -823.0 -104.0'
ARGUS routecache adopt
ARGEVT Romero route 9 start '721.0 -887.0 -232.0' goal ' 81.0 -823.0 -104.0'
ARGLOG labprobe t  34.2 pos '272.0 -952.0  24.0' spd 0 yaw 0 mode 0 st 0 gl 0 hp 100 frg 0
ARGLOG Joe Rogan t  34.3 pos '-52.0 -100.3 -296.0' spd 321.2 yaw 313 mode 2 st 0 gl 0 hp 24 frg -2
ARGLOG Carmack t  34.3 pos '432.0 -199.3 -296.0' spd  14.5 yaw 34 mode 2 st 0 gl 2 hp 36 frg -1
ARGUS routecache adopt
ARGEVT Romero route 9 start '721.0 -887.0 -232.0' goal ' 81.0 -823.0 -104.0'
ARGLOG Romero t  34.4 pos '720.0 -912.0 -209.6' spd 0 yaw 268 mode 0 st 1 gl 1 hp 100 frg 0
ARGEVT Carmack engage Joe Rogan
ARGEVT Joe Rogan engage Carmack
ARGUS routecache adopt
ARGEVT Romero route 9 start '721.0 -887.0 -232.0' goal ' 81.0 -823.0 -104.0'
ARGEVT Romero stall
ARGEVT Romero jump
ARGLOG labprobe t  34.7 pos '272.0 -952.0  24.0' spd 0 yaw 0 mode 0 st 0 gl 0 hp 100 frg 0
ARGLOG Joe Rogan t  34.8 pos '-21.4 -184.0 -296.0' spd 334.2 yaw 355.9 mode 2 st 0 gl 0 hp 24 frg -2
ARGEVT Joe Rogan hazard
ARGLOG Carmack t  34.8 pos '432.0 -202.9 -296.0' spd  11.6 yaw 173.9 mode 2 st 0 gl 2 hp 36 frg -1
ARGLOG Romero t  35.0 pos '725.8 -910.2 -193.1' spd  37.2 yaw 328.5 mode 0 st 2 gl 1 hp 100 frg 0
ARGEVT Carmack pursue
ARGLOG labprobe t  35.3 pos '272.0 -952.0  24.0' spd 0 yaw 0 mode 0 st 0 gl 0 hp 100 frg 0
ARGLOG Joe Rogan t  35.3 pos '-21.6 -11.2 -296.0' spd 375.2 yaw   5.1 mode 2 st 0 gl 0 hp 24 frg -2
ARGEVT Romero engage Carmack
ARGLOG Carmack t  35.4 pos '332.7 -273.3 -296.0' spd 338.4 yaw 168 mode 2 st 0 gl 2 hp 36 frg -1
ARGLOG Romero t  35.5 pos '368.0  25.1 -267.4' spd 300 yaw 242.7 mode 0 st 2 gl 1 hp 100 frg 0
ARGEVT Carmack hazard
ARGEVT Carmack pursue
ARGLOG labprobe t  35.8 pos '272.0 -952.0  24.0' spd 0 yaw 0 mode 0 st 0 gl 0 hp 100 frg 0
ARGLOG Joe Rogan t  35.8 pos ' -8.1  52.7 -296.0' spd 195.0 yaw  19.0 mode 0 st 0 gl 0 hp 24 frg -2
ARGEVT Joe Rogan route 12 start '-47.0  73.0 -296.0' goal '529.0 -311.0 -104.0'
ARGEVT Joe Rogan pursue
ARGLOG Carmack t  35.9 pos '186.9 -214.4 -296.0' spd 336.8 yaw 175 mode 0 st 0 gl 2 hp 36 frg -1
ARGLOG Romero t  36.0 pos '368.0 -37.0 -296.0' spd 300 yaw 214.0 mode 0 st 2 gl 1 hp 100 frg 0
ARGEVT Carmack pursue
ARGEVT Carmack route 4 start '145.0 -183.0 -296.0' goal '529.0  73.0 -296.0'
ARGEVT Joe Rogan hazard
ARGEVT Romero goal 
ARGEVT Romero route 4 start '305.0 -87.0 -296.0' goal '177.0  73.0 -104.0'
ARGLOG labprobe t  36.3 pos '272.0 -952.0  24.0' spd 0 yaw 0 mode 0 st 0 gl 0 hp 100 frg 0
ARGLOG Joe Rogan t  36.3 pos '106.5  92.2 -296.0' spd  64.4 yaw 241.1 mode 2 st 0 gl 0 hp 24 frg -2
ARGLOG Carmack t  36.4 pos ' 19.8 -222.2 -296.0' spd 341.9 yaw 126.0 mode 0 st 0 gl 2 hp 36 frg -1
ARGEVT Carmack death Romero pos '  3.2 -213.7 -296.0'
ARGUS Romero watch spawn
ARGLOG Romero t  36.5 pos '364.9 -96.8 -296.0' spd 320.9 yaw 209 mode 2 st 2 gl 1 hp 100 frg 1
ARGEVT Romero goal 
ARGEVT Romero route 2 start '305.0 -87.0 -296.0' goal ' 17.0 -247.0 -296.0'
ARGEVT Romero hazard
ARGLOG labprobe t  36.8 pos '272.0 -952.0  24.0' spd 0 yaw 0 mode 0 st 0 gl 0 hp 100 frg 0
ARGLOG Joe Rogan t  36.9 pos '-16.7  40.2 -296.0' spd 281.7 yaw 293 mode 2 st 0 gl 0 hp 24 frg -2
ARGLOG Romero t  37.0 pos '396.5 -153.8 -296.0' spd 336.2 yaw 194 mode 2 st 2 gl 1 hp 100 frg 1
ARGLOG labprobe t  37.3 pos '272.0 -952.0  24.0' spd 0 yaw 0 mode 0 st 0 gl 0 hp 100 frg 0
ARGLOG Joe Rogan t  37.4 pos '-79.7 -115.0 -296.0' spd 320.1 yaw 340 mode 2 st 0 gl 0 hp 24 frg -2
ARGEVT Romero engage Joe Rogan
ARGEVT Romero grab 
ARGLOG Romero t  37.5 pos '291.6 -279.9 -296.0' spd 345.0 yaw 175.9 mode 2 st 2 gl 1 hp 100 frg 1
ARGEVT Joe Rogan engage Romero
ARGLOG labprobe t  37.8 pos '272.0 -952.0  24.0' spd 0 yaw 0 mode 0 st 0 gl 0 hp 100 frg 0
ARGLOG Joe Rogan t  37.9 pos '-66.2 -122.7 -296.0' spd 320.5 yaw 347.9 mode 2 st 0 gl 0 hp 24 frg -2
ARGEVT Carmack respawn
ARGEVT labprobe death world pos '272.0 -952.0  24.0'
ARGEVT Carmack goal weapon_rocketlauncher
ARGLOG Carmack t  38.0 pos '272.0 -952.0  25.0' spd 0 yaw 8 mode 0 st 0 gl 2 hp 100 frg 0
ARGEVT Romero pursue
ARGLOG Romero t  38.0 pos '294.0 -243.0 -296.0' spd 164.8 yaw 164.0 mode 2 st 2 gl 1 hp 100 frg 1
ARGEVT Joe Rogan pursue
ARGUS Romero hunch 
ARGEVT Romero pursue
ARGEVT Carmack route 14 start '305.0 -983.0  24.0' goal '721.0 -887.0 -232.0'
ARGEVT Carmack goal weapon_rocketlauncher
ARGUS routecache adopt
ARGEVT Carmack route 14 start '305.0 -983.0  24.0' goal '721.0 -887.0 -232.0'
ARGEVT Romero goal 
ARGUS Joe Rogan hunch weapon_lightning
ARGEVT Joe Rogan hazard
ARGEVT Joe Rogan goal weapon_rocketlauncher
ARGLOG Joe Rogan t  38.4 pos '-17.8 -19.9 -296.0' spd 331.3 yaw  79.6 mode 0 st 0 gl 0 hp 24 frg -2
ARGEVT Joe Rogan route 1 start '-79.0 -23.0 -296.0' goal ' 49.0 105.0 -296.0'
ARGLOG Carmack t  38.5 pos '378.8 -840.1  24.0' spd 341.8 yaw 90 mode 2 st 0 gl 2 hp 100 frg 0
ARGLOG Romero t  38.6 pos '137.2 -199.4 -296.0' spd 320.5 yaw 174 mode 1 st 2 gl 1 hp 100 frg 1
ARGEVT Romero hazard
ARGEVT Joe Rogan pursue
ARGUS Romero prefire
ARGEVT Carmack hazard
ARGLOG Joe Rogan t  38.9 pos ' 70.4 119.0 -296.0' spd 419.8 yaw 307.4 mode 1 st 0 gl 0 hp 24 frg -2
ARGEVT Joe Rogan goal item_health
ARGLOG Carmack t  39.0 pos '319.4 -705.5  24.0' spd 331.7 yaw 113 mode 2 st 0 gl 2 hp 100 frg 0
ARGEVT Joe Rogan route 5 start ' 49.0 105.0 -296.0' goal '-15.0 553.0 -296.0'
ARGEVT Romero goal 
ARGLOG Romero t  39.1 pos '-10.2 -209.7 -296.0' spd 325.4 yaw 136.4 mode 0 st 2 gl 2 hp 95 frg 1
ARGEVT Romero route 4 start ' 17.0 -247.0 -296.0' goal '177.0  73.0 -104.0'
ARGEVT Joe Rogan weapon sg
ARGLOG Joe Rogan t  39.4 pos '  6.3  48.0 -296.0' spd 333.8 yaw 237.1 mode 2 st 0 gl 1 hp 24 frg -2
ARGEVT Romero weapon sg
ARGEVT Romero route 5 start '-79.0 -151.0 -296.0' goal '177.0  73.0 -104.0'
ARGLOG Carmack t  39.5 pos '304.0 -536.7  24.0' spd 344.2 yaw 127 mode 2 st 0 gl 2 hp 100 frg 0
ARGLOG Romero t  39.6 pos '-35.7 -72.3 -296.0' spd 220.0 yaw  62.4 mode 2 st 2 gl 2 hp 93 frg 1
ARGEVT Romero weapon rl
ARGEVT Joe Rogan weapon rl
ARGEVT Joe Rogan hazard
ARGLOG Joe Rogan t  39.9 pos '112.0  73.6 -296.0' spd 124.8 yaw 171.8 mode 2 st 0 gl 1 hp 24 frg -2
ARGLOG Carmack t  40.0 pos '225.1 -367.8   2.6' spd 323.5 yaw 359 mode 2 st 0 gl 2 hp 100 frg 0
ARGLOG Romero t  40.1 pos '-84.9  83.8 -296.0' spd 329.6 yaw   2.7 mode 0 st 2 gl 2 hp 93 frg 1
ARGEVT Joe Rogan death Romero pos '107.2 101.6 -296.0'
ARGEVT Romero goal item_health
ARGEVT Romero route 4 start '-239.0  73.0 -296.0' goal '-15.0 553.0 -296.0'
ARGLOG Carmack t  40.6 pos '138.1 -226.6 -72.0' spd 320.1 yaw 109.7 mode 0 st 0 gl 2 hp 100 frg 0
ARGLOG Romero t  40.6 pos '-240.0 117.8 -267.3' spd  99.9 yaw 338.9 mode 2 st 2 gl 2 hp 69 frg 2
ARGEVT Carmack hazard
ARGEVT Carmack route 10 start '145.0 -279.0 -56.0' goal '721.0 -887.0 -232.0'
ARGLOG Carmack t  41.1 pos '  1.7 -217.6 -72.0' spd 356.6 yaw 251 mode 2 st 0 gl 2 hp 100 frg 0
ARGLOG Romero t  41.1 pos '-115.7  83.2 -296.0' spd 320.7 yaw 358 mode 2 st 2 gl 2 hp 69 frg 2
ARGLOG Carmack t  41.6 pos '-141.3 -241.1 -72.0' spd 320.0 yaw  99.8 mode 0 st 0 gl 2 hp 100 frg 0
ARGLOG Romero t  41.6 pos ' 49.5  76.7 -296.0' spd 328.9 yaw 110 mode 2 st 2 gl 2 hp 69 frg 2
ARGEVT Carmack hazard
ARGEVT Joe Rogan respawn
ARGEVT Joe Rogan goal weapon_lightning
ARGLOG Joe Rogan t  41.8 pos '112.0 -1136.0 -104.0' spd 0 yaw  61.6 mode 0 st 0 gl 1 hp 100 frg -2
ARGEVT Romero hazard
ARGEVT Carmack route 9 start '-143.0 -247.0 -72.0' goal '721.0 -887.0 -232.0'
ARGEVT Joe Rogan route 6 start '177.0 -1111.0 -104.0' goal '529.0 -311.0 -104.0'
ARGLOG Carmack t  42.1 pos '  7.6 -218.7 -72.0' spd 361.0 yaw 250 mode 2 st 0 gl 2 hp 100 frg 0
ARGLOG Romero t  42.2 pos '-29.6 115.7 -296.0' spd 327.2 yaw  64.9 mode 2 st 2 gl 2 hp 69 frg 2
ARGLOG Joe Rogan t  42.3 pos '200.2 -1003.0 -104.0' spd 362.1 yaw 50 mode 2 st 0 gl 1 hp 100 frg -2
ARGLOG Carmack t  42.6 pos '162.7 -260.2 -72.0' spd 362.6 yaw  67.2 mode 2 st 0 gl 2 hp 100 frg 0
ARGLOG Romero t  42.7 pos '-37.2 265.0 -296.0' spd 320.3 yaw 85 mode 2 st 2 gl 2 hp 69 frg 2
ARGEVT Carmack hazard
ARGLOG Joe Rogan t  42.8 pos '352.3 -920.8 -104.0' spd 345.1 yaw 92 mode 2 st 0 gl 1 hp 100 frg -2
ARGEVT Carmack route 10 start '177.0 -215.0 -72.0' goal '721.0 -887.0 -232.0'
ARGEVT Romero hazard
ARGEVT Joe Rogan engage Carmack
ARGEVT Joe Rogan grab weapon_supershotgun
ARGLOG Carmack t  43.1 pos '202.7 -236.4 -72.0' spd 330.7 yaw 202 mode 2 st 0 gl 2 hp 100 frg 0
ARGLOG Romero t  43.2 pos '-75.8 435.3 -296.0' spd 340.8 yaw 72 mode 1 st 2 gl 2 hp 69 frg 2
ARGEVT Carmack engage Joe Rogan
ARGLOG Joe Rogan t  43.4 pos '374.8 -882.1 -104.0' spd 320.2 yaw 100.7 mode 2 st 0 gl 1 hp 100 frg -2
ARGEVT Romero goal weapon_supernailgun
ARGLOG Carmack t  43.7 pos '248.0 -300.1 -189.0' spd  87.7 yaw 277.6 mode 2 st 0 gl 2 hp 92 frg 0
ARGEVT Romero route 10 start '-15.0 553.0 -296.0' goal '177.0 -55.0 -104.0'
ARGLOG Romero t  43.7 pos '-27.2 596.5 -296.0' spd 356.7 yaw 268 mode 2 st 2 gl 3 hp 169 frg 2
ARGEVT Joe Rogan pursue
ARGLOG Joe Rogan t  43.9 pos '325.9 -978.0 -104.0' spd 262.2 yaw 97 mode 0 st 0 gl 1 hp 100 frg -2
ARGEVT Joe Rogan route 4 start '369.0 -983.0 -104.0' goal '529.0 -311.0 -104.0'
ARGLOG Carmack t  44.2 pos '169.9 -242.3 -296.0' spd 330.8 yaw 183 mode 2 st 0 gl 2 hp 92 frg 0
ARGLOG Romero t  44.2 pos ' -5.3 527.2 -296.0' spd 324.3 yaw 263 mode 2 st 2 gl 3 hp 169 frg 2
ARGEVT Carmack pursue
ARGEVT Carmack jump
ARGLOG Joe Rogan t  44.4 pos '298.2 -815.8 -104.0' spd 320.1 yaw 96 mode 2 st 0 gl 1 hp 100 frg -2
ARGUS Carmack hunch item_armorInv
ARGEVT Romero hazard
ARGEVT Carmack pursue
ARGUS Joe Rogan hunch weapon_lightning
ARGEVT Joe Rogan pursue
ARGEVT Carmack goal weapon_lightning
ARGEVT Joe Rogan goal item_armorInv
ARGLOG Carmack t  44.7 pos ' 69.4 -211.2 -258.2' spd 166.0 yaw 321.8 mode 0 st 0 gl 2 hp 92 frg 0
ARGEVT Carmack route 11 start ' 17.0 -247.0 -296.0' goal '529.0 -311.0 -104.0'
ARGLOG Romero t  44.7 pos ' 50.2 408.9 -296.0' spd 202.9 yaw 245 mode 2 st 2 gl 3 hp 169 frg 2
ARGEVT Joe Rogan hazard
ARGLOG Joe Rogan t  44.9 pos '368.0 -708.8 -104.0' spd 310.1 yaw  82.3 mode 0 st 0 gl 1 hp 100 frg -2
ARGEVT Carmack pursue
ARGEVT Joe Rogan route 19 start '305.0 -663.0 -104.0' goal '817.0 -855.0 -232.0'
ARGLOG Carmack t  45.2 pos '143.8 -263.0 -296.0' spd 321.5 yaw 324.0 mode 2 st 0 gl 2 hp 92 frg 0
ARGEVT Carmack hazard
ARGLOG Romero t  45.3 pos ' 99.8 382.8 -296.0' spd 159.9 yaw 232 mode 2 st 2 gl 3 hp 169 frg 2
ARGLOG Joe Rogan t  45.4 pos '339.2 -545.5 -104.0' spd 320.8 yaw 112 mode 2 st 0 gl 1 hp 100 frg -2
ARGEVT Romero stall
ARGEVT Romero stallnode '-47.0 329.0 -296.0'
ARGEVT Romero jump
ARGEVT Carmack pursue
ARGLOG Carmack t  45.7 pos '314.0 -248.6 -296.0' spd 320.1 yaw   4.3 mode 2 st 0 gl 2 hp 92 frg 0
ARGEVT Romero route 10 start '-15.0 425.0 -296.0' goal '177.0 -55.0 -104.0'
ARGLOG Romero t  45.8 pos '-55.6 405.2 -257.1' spd 337.2 yaw 273 mode 2 st 3 gl 3 hp 169 frg 2
ARGEVT Carmack grab 
ARGEVT Joe Rogan grab weapon_grenadelauncher
ARGLOG Joe Rogan t  45.9 pos '262.3 -402.6 -104.0' spd 380.1 yaw  67.9 mode 2 st 0 gl 1 hp 100 frg -2
ARGEVT Romero hazard
ARGLOG Carmack t  46.2 pos '313.6 -236.0 -296.0' spd 270.7 yaw 225.5 mode 2 st 0 gl 2 hp 72 frg 0
ARGLOG Romero t  46.3 pos '-144.0 317.7 -308.8' spd  60.7 yaw 292 mode 2 st 3 gl 3 hp 169 frg 2
ARGLOG Joe Rogan t  46.4 pos '167.5 -426.4 -103.1' spd 130.1 yaw  51.1 mode 2 st 0 gl 1 hp 88 frg -2
ARGEVT Carmack hazard
ARGLOG Carmack t  46.7 pos '296.7 -244.0 -296.0' spd 174.1 yaw 220.4 mode 2 st 0 gl 2 hp 72 frg 0
ARGEVT Joe Rogan hazard
ARGLOG Romero t  46.8 pos '-144.0 226.7 -360.0' spd 363.4 yaw 314 mode 2 st 3 gl 3 hp 163 frg 2
ARGLOG Joe Rogan t  47.0 pos '138.8 -383.7 -104.0' spd 229.5 yaw  26.8 mode 2 st 0 gl 1 hp 72 frg -2
ARGLOG Carmack t  47.3 pos '319.0 -243.3 -296.0' spd  62.0 yaw 247.4 mode 2 st 0 gl 2 hp 72 frg 0
ARGLOG Romero t  47.3 pos '-144.0 144.0 -360.0' spd 0 yaw 301 mode 2 st 3 gl 3 hp 159 frg 2
ARGLOG Joe Rogan t  47.5 pos '288.9 -435.6 -104.0' spd 320.6 yaw  54.0 mode 2 st 0 gl 1 hp 48 frg -2
ARGEVT Carmack pursue
ARGEVT Carmack hazard
ARGLOG Carmack t  47.8 pos '418.7 -264.4 -296.0' spd 346.2 yaw 261.3 mode 2 st 0 gl 2 hp 72 frg 0
ARGLOG Romero t  47.8 pos '-144.0 144.0 -360.0' spd 0 yaw 323 mode 2 st 3 gl 3 hp 153 frg 2
ARGEVT Carmack grab weapon_lightning
ARGEVT Joe Rogan grab weapon_lightning
ARGEVT Joe Rogan hazard
ARGLOG Joe Rogan t  48.0 pos '362.6 -409.8 -104.0' spd 333.2 yaw  52.1 mode 2 st 0 gl 1 hp 48 frg -2
ARGLOG labprobe t  48.0 pos '-64.0 -232.0 -72.0' spd 0 yaw 0 mode 0 st 0 gl 0 hp 100 frg 0
ARGLOG Carmack t  48.3 pos '500.6 -256.7 -296.0' spd  58.5 yaw 253.3 mode 2 st 0 gl 2 hp 72 frg 0
ARGLOG Romero t  48.3 pos '-144.0 144.0 -360.0' spd 0 yaw 323 mode 2 st 3 gl 3 hp 144 frg 2
ARGEVT Joe Rogan pursue
ARGEVT Carmack pursue
ARGLOG Joe Rogan t  48.5 pos '507.2 -325.9 -104.0' spd 350.5 yaw  88.9 mode 2 st 0 gl 1 hp 48 frg -2
ARGEVT Carmack goal weapon_rocketlauncher
ARGLOG labprobe t  48.6 pos '-64.0 -232.0 -72.0' spd 0 yaw 0 mode 0 st 0 gl 0 hp 100 frg 0
ARGEVT Carmack route 17 start '497.0 -247.0 -296.0' goal '721.0 -887.0 -232.0'
ARGEVT Carmack hazard
ARGLOG Carmack t  48.8 pos '650.7 -238.9 -296.0' spd 402.6 yaw 263.2 mode 2 st 0 gl 2 hp 72 frg 0
ARGLOG Romero t  48.9 pos '-144.0 144.0 -360.0' spd 0 yaw 323 mode 2 st 3 gl 3 hp 113 frg 2
ARGEVT Joe Rogan hazard
ARGEVT Joe Rogan pursue
ARGLOG Joe Rogan t  49.0 pos '451.9 -158.4 -97.6' spd 266.5 yaw 254.7 mode 2 st 0 gl 1 hp 48 frg -2
ARGLOG labprobe t  49.1 pos '-64.0 -232.0 -72.0' spd 0 yaw 0 mode 0 st 0 gl 0 hp 100 frg 0
ARGEVT Carmack pursue
ARGLOG Carmack t  49.3 pos '533.8 -256.6 -296.0' spd 363.2 yaw 196.0 mode 2 st 0 gl 2 hp 72 frg 0
ARGEVT Joe Rogan grab item_armor1
ARGLOG Romero t  49.4 pos '-144.0 144.0 -360.0' spd 0 yaw 327 mode 2 st 3 gl 3 hp 93 frg 2
ARGEVT Joe Rogan retreat
ARGLOG Joe Rogan t  49.5 pos '348.1 -188.6 -172.8' spd 168.5 yaw 334.2 mode 2 st 0 gl 1 hp 24 frg -2
ARGLOG labprobe t  49.6 pos '-64.0 -232.0 -72.0' spd 0 yaw 0 mode 0 st 0 gl 0 hp 100 frg 0
ARGLOG Carmack t  49.8 pos '619.4 -166.0 -296.0' spd 353.3 yaw 184.3 mode 2 st 0 gl 2 hp 12 frg 0
ARGLOG Romero t  49.9 pos '-144.0 144.0 -360.0' spd 0 yaw 327 mode 2 st 3 gl 3 hp 63 frg 2
ARGEVT Carmack grab item_armor1
ARGEVT Joe Rogan hazard
ARGLOG Joe Rogan t  50.0 pos '338.6 -190.4 -296.0' spd 125.5 yaw  15.6 mode 2 st 0 gl 1 hp 24 frg -2
ARGEVT Carmack hazard
ARGEVT Joe Rogan pursue
ARGLOG labprobe t  50.1 pos '-64.0 -232.0 -72.0' spd 0 yaw 0 mode 0 st 0 gl 0 hp 100 frg 0
ARGEVT Joe Rogan pursue
ARGEVT Carmack pursue
ARGLOG Carmack t  50.4 pos '642.3 -178.7 -296.0' spd 325.8 yaw 308.6 mode 2 st 0 gl 2 hp 12 frg 0
ARGLOG Romero t  50.4 pos '-144.0 169.4 -360.0' spd 187.7 yaw 316 mode 2 st 3 gl 3 hp 43 frg 2
ARGLOG Joe Rogan t  50.6 pos '414.9 -199.4 -296.0' spd 331.3 yaw 319.2 mode 2 st 0 gl 1 hp 24 frg -2
ARGUS routecache adopt
ARGEVT Carmack route 16 start '593.0 -215.0 -296.0' goal '721.0 -887.0 -232.0'
ARGEVT Carmack death Joe Rogan pos '597.0 -219.4 -296.0'
ARGUS Joe Rogan watch spawn
ARGLOG labprobe t  50.6 pos '-64.0 -232.0 -72.0' spd 0 yaw 0 mode 0 st 0 gl 0 hp 100 frg 0
ARGEVT Joe Rogan goal item_health
ARGEVT Joe Rogan route 16 start '401.0 -247.0 -296.0' goal '977.0 -471.0 -104.0'
ARGLOG Romero t  50.9 pos '-144.0 212.5 -360.0' spd  23.1 yaw 305 mode 2 st 3 gl 3 hp 13 frg 2
ARGLOG Joe Rogan t  51.1 pos '332.2 -140.7 -296.0' spd 420.8 yaw  28.6 mode 2 st 0 gl 1 hp 24 frg -1
ARGLOG labprobe t  51.1 pos '-64.0 -232.0 -72.0' spd 0 yaw 0 mode 0 st 0 gl 0 hp 100 frg 0
ARGEVT Joe Rogan hazard
ARGEVT Romero death world pos '-144.0 207.4 -360.0'
ARGLOG Joe Rogan t  51.6 pos '400.3 -63.4 -296.0' spd 343.7 yaw 354 mode 2 st 0 gl 1 hp 24 frg -1
ARGLOG labprobe t  51.6 pos '-64.0 -232.0 -72.0' spd 0 yaw 0 mode 0 st 0 gl 0 hp 100 frg 0
ARGLOG Joe Rogan t  52.1 pos '423.5 -225.5 -296.0' spd 357.7 yaw 21 mode 2 st 0 gl 1 hp 24 frg -1
ARGEVT Carmack respawn
ARGLOG labprobe t  52.2 pos '-64.0 -232.0 -72.0' spd 0 yaw 0 mode 0 st 0 gl 0 hp 100 frg 0
ARGEVT Carmack goal weapon_rocketlauncher
ARGLOG Carmack t  52.2 pos '776.0 -808.0 -232.0' spd 0 yaw 106.3 mode 1 st 0 gl 2 hp 100 frg 0
ARGEVT Carmack hazard
ARGLOG Joe Rogan t  52.6 pos '597.3 -201.0 -296.0' spd 384.7 yaw 85 mode 2 st 0 gl 1 hp 24 frg -1
ARGLOG labprobe t  52.7 pos '-64.0 -232.0 -72.0' spd 0 yaw 0 mode 0 st 0 gl 0 hp 100 frg 0
ARGLOG Carmack t  52.7 pos '728.6 -723.6 -216.0' spd 144.2 yaw 219.9 mode 1 st 0 gl 2 hp 100 frg 0
ARGEVT Romero respawn
ARGEVT Romero goal item_armor2
ARGLOG Romero t  52.9 pos '784.0 -176.0  24.0' spd 0 yaw 187 mode 0 st 3 gl 3 hp 100 frg 1
ARGEVT Romero route 5 start '753.0 -151.0  24.0' goal '1169.0 -599.0  24.0'
ARGLOG Joe Rogan t  53.1 pos '653.1 -39.8 -296.0' spd 320.6 yaw 260 mode 2 st 0 gl 1 hp 24 frg -1
ARGLOG labprobe t  53.2 pos '-64.0 -232.0 -72.0' spd 0 yaw 0 mode 0 st 0 gl 0 hp 100 frg 0
ARGEVT Carmack goal 
ARGLOG Carmack t  53.2 pos '765.7 -880.5 -232.0' spd 389.6 yaw  12.3 mode 0 st 0 gl 3 hp 100 frg 0
ARGEVT Carmack route 3 start '721.0 -887.0 -232.0' goal '593.0 -215.0 -296.0'
ARGLOG Romero t  53.4 pos '631.4 -195.7  24.0' spd 320.0 yaw 186 mode 2 st 3 gl 3 hp 100 frg 1
ARGLOG Joe Rogan t  53.7 pos '440.7 -864.0  40.9' spd 300 yaw 117 mode 2 st 0 gl 1 hp 24 frg -1
ARGLOG labprobe t  53.7 pos '-64.0 -232.0 -72.0' spd 0 yaw 0 mode 0 st 0 gl 0 hp 100 frg 0
ARGLOG Carmack t  53.8 pos '827.1 -763.6 -232.0' spd 395.0 yaw 117 mode 2 st 0 gl 3 hp 100 frg 0
ARGLOG Romero t  53.9 pos '451.0 -215.0 -20.2' spd 320.0 yaw 283.9 mode 0 st 3 gl 3 hp 100 frg 1
ARGEVT Carmack hazard
ARGEVT Romero route 6 start '561.0 -279.0  24.0' goal '1169.0 -599.0  24.0'
ARGLOG Joe Rogan t  54.2 pos '394.2 -864.0  24.0' spd 300 yaw 102 mode 2 st 0 gl 1 hp 24 frg -1
ARGLOG labprobe t  54.2 pos '-64.0 -232.0 -72.0' spd 0 yaw 0 mode 0 st 0 gl 0 hp 100 frg 0
ARGLOG Carmack t  54.3 pos '720.1 -837.5 -232.0' spd 324.0 yaw 110 mode 2 st 0 gl 3 hp 100 frg 0
ARGLOG Romero t  54.4 pos '412.5 -328.3 -265.9' spd  66.6 yaw 30 mode 2 st 3 gl 3 hp 100 frg 1
ARGEVT Carmack route 3 start '721.0 -887.0 -232.0' goal '593.0 -215.0 -296.0'
ARGEVT Romero engage Carmack
ARGEVT Carmack engage Romero
ARGEVT Carmack grab weapon_nailgun
ARGEVT Romero swim
ARGLOG Joe Rogan t  54.7 pos '322.1 -766.4  24.0' spd 330.6 yaw 93 mode 2 st 0 gl 1 hp 24 frg -1
ARGEVT Carmack route 2 start '337.0   9.0 -296.0' goal '593.0 -215.0 -296.0'
ARGLOG labprobe t  54.7 pos '-64.0 -232.0 -72.0' spd 0 yaw 0 mode 0 st 0 gl 0 hp 100 frg 0
ARGLOG Carmack t  54.8 pos '368.0 -36.7 -296.0' spd 300 yaw 288.8 mode 2 st 0 gl 3 hp 100 frg 0
ARGEVT Romero retreat
ARGEVT Romero pursue
ARGLOG Romero t  54.9 pos '429.9 -332.5 -403.5' spd  40.2 yaw 99 mode 2 st 3 gl 3 hp 30 frg 1
ARGEVT Carmack pursue
ARGLOG Joe Rogan t  55.2 pos '305.5 -603.7  24.0' spd 320.0 yaw 34 mode 2 st 0 gl 1 hp 24 frg -1
ARGEVT Romero death world pos '417.0 -304.0 -400.7'
ARGLOG labprobe t  55.2 pos '-64.0 -232.0 -72.0' spd 0 yaw 0 mode 0 st 0 gl 0 hp 100 frg 0
ARGLOG Carmack t  55.3 pos '369.2 -63.5 -296.0' spd 322.3 yaw 326 mode 2 st 0 gl 3 hp 94 frg 0
ARGEVT Carmack engage Joe Rogan
ARGEVT Carmack hazard
ARGEVT Joe Rogan engage Carmack
ARGEVT Joe Rogan weapon gl
ARGEVT Joe Rogan grab item_health
ARGEVT Joe Rogan retreat
ARGLOG Joe Rogan t  55.7 pos '366.4 -507.4  24.0' spd 281.4 yaw 111.0 mode 2 st 0 gl 1 hp 24 frg -1
ARGLOG labprobe t  55.8 pos '-64.0 -232.0 -72.0' spd 0 yaw 0 mode 0 st 0 gl 0 hp 100 frg 0
ARGLOG Carmack t  55.8 pos '353.0 -76.3 -296.0' spd 208.8 yaw 269.8 mode 2 st 0 gl 3 hp 94 frg 0
ARGEVT Carmack pursue
ARGEVT Joe Rogan pursue
ARGLOG Joe Rogan t  56.2 pos '368.7 -503.8  24.0' spd 298.2 yaw 89 mode 2 st 0 gl 1 hp 24 frg -1
ARGEVT Joe Rogan weapon lg
ARGLOG labprobe t  56.3 pos '-64.0 -232.0 -72.0' spd 0 yaw 0 mode 0 st 0 gl 0 hp 100 frg 0
ARGLOG Carmack t  56.3 pos '350.0 -147.1 -296.0' spd 180.8 yaw 271.3 mode 2 st 0 gl 3 hp 94 frg 0
ARGEVT Joe Rogan weapon gl
ARGEVT Joe Rogan weapon ssg
ARGLOG Joe Rogan t  56.7 pos '354.0 -597.8  24.0' spd 320.0 yaw  86.7 mode 2 st 0 gl 1 hp 24 frg -1
ARGEVT Romero respawn
ARGEVT Carmack pursue
ARGLOG labprobe t  56.8 pos '-64.0 -232.0 -72.0' spd 0 yaw 0 mode 0 st 0 gl 0 hp 100 frg 0
ARGEVT Joe Rogan pursue
ARGEVT Romero goal 
ARGLOG Romero t  56.8 pos '-64.0 512.0 -296.0' spd 0 yaw 286.3 mode 0 st 3 gl 3 hp 100 frg 0
ARGLOG Carmack t  56.8 pos '398.2 -168.3 -296.0' spd 328.0 yaw 265 mode 2 st 0 gl 3 hp 94 frg 0
ARGEVT Romero route 3 start '-15.0 553.0 -296.0' goal '-207.0 169.0 -360.0'
ARGUS Carmack hunch item_health
ARGEVT Romero hazard
ARGEVT Carmack goal 
ARGEVT Carmack route 4 start '401.0 -247.0 -296.0' goal '273.0 -375.0 -296.0'
ARGLOG Joe Rogan t  57.3 pos '350.2 -537.3  24.0' spd 320.0 yaw 90 mode 2 st 0 gl 1 hp 24 frg -1
ARGLOG labprobe t  57.3 pos '-64.0 -232.0 -72.0' spd 0 yaw 0 mode 0 st 0 gl 0 hp 100 frg 0
ARGLOG Romero t  57.4 pos ' 42.5 410.7 -296.0' spd 286.8 yaw 225 mode 2 st 3 gl 3 hp 100 frg 0
ARGEVT Carmack pursue
ARGLOG Carmack t  57.4 pos '463.2 -237.6 -296.0' spd 355.4 yaw  40.0 mode 2 st 0 gl 3 hp 94 frg 0
ARGEVT Carmack grab 
ARGUS Joe Rogan hunch 
ARGEVT Joe Rogan goal item_health
ARGLOG Joe Rogan t  57.8 pos '370.7 -373.9   3.2' spd 249.9 yaw 326 mode 1 st 0 gl 1 hp 24 frg -1
ARGEVT Carmack pursue
ARGLOG labprobe t  57.8 pos '-64.0 -232.0 -72.0' spd 0 yaw 0 mode 0 st 0 gl 0 hp 100 frg 0
ARGLOG Romero t  57.9 pos '-50.8 408.9 -296.0' spd 320.7 yaw 237 mode 2 st 3 gl 3 hp 100 frg 0
ARGLOG Carmack t  57.9 pos '629.4 -213.8 -296.0' spd 180.4 yaw 223 mode 0 st 0 gl 3 hp 90 frg 0
ARGEVT Carmack route 3 start '593.0 -215.0 -296.0' goal '273.0 -375.0 -296.0'
ARGEVT Joe Rogan pursue
ARGEVT Carmack hazard
ARGEVT Joe Rogan pursue
ARGLOG Joe Rogan t  58.3 pos '492.2 -305.8 -104.0' spd 330.9 yaw  13.3 mode 1 st 0 gl 1 hp 24 frg -1
ARGLOG labprobe t  58.3 pos '-64.0 -232.0 -72.0' spd 0 yaw 0 mode 0 st 0 gl 0 hp 100 frg 0
ARGLOG Romero t  58.4 pos '-215.2 399.3 -296.0' spd 333.3 yaw 226.0 mode 2 st 3 gl 3 hp 100 frg 0
ARGLOG Carmack t  58.4 pos '509.8 -252.1 -296.0' spd 322.3 yaw 163 mode 2 st 0 gl 3 hp 90 frg 0
ARGEVT Romero hazard
ARGEVT Carmack pursue
ARGLOG Joe Rogan t  58.8 pos '570.1 -168.8 -104.0' spd 422.9 yaw 168 mode 1 st 0 gl 1 hp 24 frg -1
ARGLOG labprobe t  58.8 pos '-64.0 -232.0 -72.0' spd 0 yaw 0 mode 0 st 0 gl 0 hp 100 frg 0
ARGLOG Romero t  58.9 pos '-161.7 412.9 -296.0' spd 251.9 yaw 260 mode 2 st 3 gl 3 hp 100 frg 0
ARGEVT Carmack pursue
ARGLOG Carmack t  58.9 pos '340.5 -239.7 -296.0' spd 344.5 yaw 160.6 mode 2 st 0 gl 3 hp 90 frg 0
ARGEVT Carmack grab 
ARGEVT Joe Rogan weapon lg
ARGEVT Joe Rogan death Joe Rogan pos '488.5 -88.1 -104.0'
ARGLOG labprobe t  59.4 pos '-64.0 -232.0 -72.0' spd 0 yaw 0 mode 0 st 0 gl 0 hp 100 frg 0
ARGLOG Romero t  59.4 pos '-106.1 318.4 -296.0' spd 355.7 yaw 236 mode 2 st 3 gl 3 hp 100 frg 0
ARGEVT Carmack weapon ng
ARGLOG Carmack t  59.4 pos '358.8 -217.4 -296.0' spd 323.1 yaw 242 mode 2 st 0 gl 3 hp 90 frg 0
ARGEVT Carmack hazard
ARGEVT Romero hazard
ARGLOG labprobe t  59.9 pos '-64.0 -232.0 -72.0' spd 0 yaw 0 mode 0 st 0 gl 0 hp 100 frg 0
ARGLOG Romero t  59.9 pos '-84.7 162.6 -296.0' spd 186.0 yaw 176 mode 2 st 3 gl 3 hp 100 frg 0
ARGLOG Carmack t  59.9 pos '374.4 -58.3 -296.0' spd 364.6 yaw 253 mode 2 st 0 gl 3 hp 90 frg 0
ARGLOG labprobe t  60.4 pos '-64.0 -232.0 -72.0' spd 0 yaw 0 mode 0 st 0 gl 0 hp 100 frg 0
ARGLOG Romero t  60.4 pos '-216.1 112.8 -296.0' spd 363.3 yaw  82.7 mode 2 st 3 gl 3 hp 100 frg 0
ARGLOG Carmack t  60.4 pos '384.4 -98.4 -296.0' spd 335.1 yaw 249 mode 2 st 0 gl 3 hp 90 frg 0
ARGEVT Joe Rogan respawn
ARGEVT Carmack hazard
ARGEVT labprobe death world pos '-64.0 -232.0 -72.0'
ARGEVT Joe Rogan goal weapon_supernailgun
ARGLOG Joe Rogan t  60.7 pos '-64.0 -232.0 -71.0' spd 0 yaw 358 mode 0 st 0 gl 1 hp 100 frg -1
ARGEVT Joe Rogan route 7 start '-47.0 -215.0 -72.0' goal '177.0 -55.0 -104.0'
ARGEVT Joe Rogan goal weapon_supernailgun
ARGUS routecache adopt
ARGEVT Joe Rogan route 7 start '-47.0 -215.0 -72.0' goal '177.0 -55.0 -104.0'
ARGLOG Romero t  61.0 pos '-135.9  69.1 -296.0' spd 363.5 yaw 309.9 mode 1 st 3 gl 3 hp 100 frg 0
ARGLOG Carmack t  61.0 pos '335.8 -231.7 -296.0' spd 347.2 yaw 166.0 mode 2 st 0 gl 3 hp 90 frg 0
ARGLOG Joe Rogan t  61.3 pos ' 90.8 -237.0 -72.0' spd 320 yaw 358 mode 2 st 0 gl 1 hp 100 frg -1
ARGLOG Romero t  61.5 pos '-16.3 -40.4 -296.0' spd 325.1 yaw 257 mode 1 st 3 gl 3 hp 100 frg 0
ARGLOG Carmack t  61.5 pos '173.7 -277.1 -296.0' spd 323.9 yaw 316 mode 2 st 0 gl 3 hp 90 frg 0
ARGEVT Carmack engage Joe Rogan
ARGEVT Joe Rogan engage Carmack
ARGLOG Joe Rogan t  61.8 pos '267.4 -239.0 -84.8' spd 272.2 yaw 108.8 mode 2 st 0 gl 1 hp 100 frg -1
ARGEVT Romero engage Carmack
ARGLOG Romero t  62.0 pos '-64.6 -181.1 -296.0' spd 309.3 yaw 339.8 mode 1 st 3 gl 3 hp 100 frg 0
ARGLOG Carmack t  62.0 pos ' 22.6 -222.8 -296.0' spd 209.2 yaw 357.7 mode 2 st 0 gl 3 hp 90 frg 0
ARGEVT Joe Rogan route 4 start '433.0 -247.0 -104.0' goal '177.0 -55.0 -104.0'
ARGEVT Romero hazard
ARGLOG Joe Rogan t  62.3 pos '364.9 -239.6 -267.9' spd 168.7 yaw 180.9 mode 2 st 0 gl 1 hp 91 frg -1
ARGLOG Romero t  62.5 pos '-105.0 -218.6 -296.0' spd 162.6 yaw   0.6 mode 1 st 3 gl 3 hp 100 frg 0
ARGLOG Carmack t  62.5 pos '  3.5 -216.3 -296.0' spd 270.3 yaw 346.1 mode 2 st 0 gl 3 hp 82 frg 0
ARGLOG Joe Rogan t  62.8 pos '370.9 -208.3 -296.0' spd 320.1 yaw 189.2 mode 2 st 0 gl 1 hp 82 frg -1
ARGLOG Romero t  63.0 pos '-80.4 -216.7 -296.0' spd 322.1 yaw 350.8 mode 1 st 3 gl 3 hp 100 frg 0
ARGLOG Carmack t  63.0 pos ' 94.3 -249.3 -296.0' spd 307.4 yaw 335.8 mode 2 st 0 gl 3 hp 78 frg 0
ARGEVT Joe Rogan grab 
ARGLOG Joe Rogan t  63.3 pos '333.8 -215.8 -296.0' spd 281.6 yaw 189.5 mode 2 st 0 gl 1 hp 82 frg -1
ARGEVT Joe Rogan hazard
ARGLOG Romero t  63.5 pos '-30.7 -126.5 -296.0' spd 244.0 yaw 327.0 mode 1 st 3 gl 3 hp 100 frg 0
ARGLOG Carmack t  63.5 pos '147.8 -252.1 -296.0' spd 301.0 yaw   6.6 mode 2 st 0 gl 3 hp 74 frg 0
ARGEVT Romero pursue
ARGLOG Joe Rogan t  63.8 pos '296.2 -242.5 -296.0' spd 211.2 yaw 182.3 mode 2 st 0 gl 1 hp 73 frg -1
ARGLOG Romero t  64.1 pos '-72.0 -255.3 -296.0' spd  90.2 yaw   1.8 mode 1 st 3 gl 3 hp 100 frg 0
ARGLOG Carmack t  64.1 pos '175.2 -241.3 -296.0' spd 238.1 yaw  11.8 mode 2 st 0 gl 3 hp 66 frg 0
ARGEVT Joe Rogan retreat
ARGLOG Joe Rogan t  64.4 pos '299.4 -240.0 -296.0' spd 169.0 yaw 177.3 mode 2 st 0 gl 1 hp 28 frg -1
ARGLOG Romero t  64.6 pos '-31.0 -110.7 -296.0' spd  98.9 yaw 322.3 mode 1 st 3 gl 3 hp 100 frg 0
ARGLOG Carmack t  64.6 pos '142.1 -241.8 -296.0' spd  62.1 yaw   1.3 mode 2 st 0 gl 3 hp 62 frg 0
ARGEVT Romero pursue
ARGUS Romero hunch 
ARGEVT Romero pursue
ARGLOG Joe Rogan t  64.9 pos '440.7 -244.1 -296.0' spd 320.5 yaw 183.5 mode 2 st 0 gl 1 hp 10 frg -1
ARGEVT Romero goal 
ARGEVT Carmack weapon sg
ARGEVT Romero hazard
ARGEVT Romero route 13 start '-79.0 -151.0 -296.0' goal '529.0 -55.0 -104.0'
ARGEVT Joe Rogan death Carmack pos '506.7 -250.2 -296.0'
ARGUS Carmack watch spawn
ARGLOG Romero t  65.1 pos '-60.3 -110.8 -296.0' spd 324.2 yaw  53.7 mode 2 st 3 gl 3 hp 100 frg 0
ARGLOG Carmack t  65.1 pos '194.1 -231.7 -296.0' spd 120.5 yaw 293.3 mode 2 st 0 gl 3 hp 62 frg 1
ARGEVT Carmack hazard
ARGEVT Carmack goal weapon_supernailgun
ARGEVT Carmack route 14 start '241.0 -279.0 -296.0' goal '177.0 -55.0 -104.0'
ARGLOG Romero t  65.6 pos '-16.0 -12.3 -296.0' spd 224.0 yaw 296 mode 2 st 3 gl 3 hp 100 frg 0
ARGLOG Carmack t  65.6 pos '312.1 -237.3 -296.0' spd 325.1 yaw 28 mode 2 st 0 gl 3 hp 62 frg 1
ARGEVT Romero pursue
ARGLOG Romero t  66.1 pos '-16.0 -194.1 -296.0' spd 370.9 yaw 355.8 mode 2 st 3 gl 3 hp 100 frg 0
ARGEVT Carmack grab 
ARGLOG Carmack t  66.1 pos '478.0 -222.5 -296.0' spd 506.9 yaw 291.6 mode 2 st 0 gl 3 hp 58 frg 1
ARGEVT Romero hazard
ARGEVT Carmack hazard
ARGEVT Joe Rogan respawn
ARGEVT Joe Rogan goal weapon_rocketlauncher
ARGLOG Joe Rogan t  66.6 pos '272.0 -952.0  24.0' spd 0 yaw  16.6 mode 0 st 0 gl 1 hp 100 frg -1
ARGLOG Romero t  66.6 pos '-16.9 -197.8 -296.0' spd 320.2 yaw 353.2 mode 2 st 3 gl 3 hp 100 frg 0
ARGLOG Carmack t  66.6 pos '480.3 -258.0 -296.0' spd 172.9 yaw 178.3 mode 2 st 0 gl 3 hp 39 frg 1
ARGEVT Joe Rogan route 10 start '305.0 -983.0  24.0' goal ' 49.0 105.0 -296.0'
ARGLOG Joe Rogan t  67.1 pos '406.7 -868.3  24.0' spd 329.0 yaw 77 mode 2 st 0 gl 1 hp 100 frg -1
ARGLOG Romero t  67.1 pos ' 15.1 -230.5 -296.0' spd 228.7 yaw 356.9 mode 0 st 3 gl 3 hp 100 frg 0
ARGEVT Carmack retreat
ARGLOG Carmack t  67.1 pos '483.6 -261.8 -296.0' spd  83.2 yaw 171.6 mode 2 st 0 gl 3 hp 19 frg 1
ARGEVT Joe Rogan engage Carmack
ARGEVT Romero route 13 start ' 17.0 -247.0 -296.0' goal '529.0 -55.0 -104.0'
ARGEVT Joe Rogan grab item_armor1
ARGLOG Joe Rogan t  67.7 pos '624.0  18.6 -296.0' spd 300 yaw 277.6 mode 2 st 0 gl 1 hp 100 frg -1
ARGLOG Romero t  67.7 pos ' 65.3 -231.2 -296.0' spd 107.9 yaw 357.1 mode 2 st 3 gl 3 hp 100 frg 0
ARGLOG Carmack t  67.7 pos '644.1 -262.7 -296.0' spd 352.0 yaw 173.1 mode 2 st 0 gl 3 hp 15 frg 1
ARGEVT Carmack hazard
ARGEVT Carmack death Joe Rogan pos '652.1 -210.0 -296.0'
ARGUS Joe Rogan watch spawn
ARGEVT Joe Rogan goal weapon_rocketlauncher
ARGEVT Joe Rogan route 6 start '625.0   9.0 -296.0' goal ' 49.0 105.0 -296.0'
ARGLOG Joe Rogan t  68.2 pos '622.4  32.1 -296.0' spd 243.4 yaw 129.6 mode 2 st 0 gl 1 hp 100 frg 0
ARGLOG Romero t  68.2 pos '215.9 -223.3 -296.0' spd 327.0 yaw 30 mode 2 st 3 gl 3 hp 100 frg 0
ARGEVT Romero hazard
ARGEVT Joe Rogan hazard
ARGLOG Joe Rogan t  68.7 pos '526.4  49.7 -296.0' spd 309.2 yaw 265 mode 2 st 0 gl 1 hp 100 frg 0
ARGLOG Romero t  68.7 pos '389.8 -220.2 -296.0' spd 335.7 yaw 33 mode 2 st 3 gl 3 hp 100 frg 0
ARGLOG Joe Rogan t  69.2 pos '611.6 -56.6 -296.0' spd 330.2 yaw 239 mode 2 st 0 gl 1 hp 100 frg 0
ARGLOG Romero t  69.2 pos '521.1 -220.5 -296.0' spd 321.8 yaw 61 mode 2 st 3 gl 3 hp 100 frg 0
ARGEVT Joe Rogan engage Romero
ARGEVT Joe Rogan grab 
ARGEVT Romero engage Joe Rogan
ARGEVT Romero grab 
ARGEVT Carmack respawn
ARGEVT Carmack goal item_armorInv
ARGLOG Carmack t  69.5 pos '112.0 -1136.0 -104.0' spd 0 yaw  28.4 mode 0 st 0 gl 3 hp 100 frg 1
ARGEVT Romero hazard
ARGEVT Carmack route 17 start '145.0 -1143.0 -88.0' goal '817.0 -855.0 -232.0'
ARGLOG Joe Rogan t  69.7 pos '608.4 -128.3 -296.0' spd 293.0 yaw 284.1 mode 2 st 0 gl 1 hp 100 frg 0
ARGLOG Romero t  69.7 pos '629.9 -265.5 -296.0' spd 169.2 yaw  96.6 mode 2 st 3 gl 3 hp 100 frg 0
ARGEVT Carmack hazard
ARGLOG Carmack t  70.0 pos '253.6 -1136.0 -104.0' spd 0 yaw 286 mode 2 st 0 gl 3 hp 100 frg 1
ARGLOG Joe Rogan t  70.2 pos '604.1 -86.6 -296.0' spd 323.3 yaw 226.1 mode 2 st 0 gl 1 hp 76 frg 0
ARGEVT Joe Rogan hazard
ARGLOG Romero t  70.2 pos '483.6 -219.5 -296.0' spd 101.4 yaw  48.1 mode 2 st 3 gl 3 hp 76 frg 0
ARGEVT Carmack jump
ARGEVT Joe Rogan grab item_health
ARGEVT Joe Rogan pursue
ARGEVT Romero pursue
ARGLOG Carmack t  70.5 pos '142.7 -1144.5 -69.5' spd 297.9 yaw 0 mode 2 st 0 gl 3 hp 100 frg 1
ARGLOG Joe Rogan t  70.7 pos '592.0 -74.5 -296.0' spd 321.6 yaw 286.3 mode 2 st 0 gl 1 hp 76 frg 0
ARGLOG Romero t  70.7 pos '629.0 -239.5 -296.0' spd 338.5 yaw 102.4 mode 2 st 3 gl 3 hp 76 frg 0
ARGLOG labprobe t  70.8 pos '784.0 -176.0  24.0' spd 0 yaw -180 mode 0 st 0 gl 0 hp 100 frg 0
ARGLOG Carmack t  71.0 pos '139.2 -1230.7 -104.0' spd 205.2 yaw 23 mode 2 st 0 gl 3 hp 100 frg 1
ARGEVT Carmack jump
ARGLOG Joe Rogan t  71.2 pos '647.7  69.1 -296.0' spd 367.9 yaw 249.3 mode 2 st 0 gl 1 hp 77 frg 0
ARGLOG Romero t  71.2 pos '502.5 -261.8 -296.0' spd 337.6 yaw  63.7 mode 2 st 3 gl 3 hp 52 frg 0
ARGLOG labprobe t  71.3 pos '784.0 -176.0  24.0' spd 0 yaw -180 mode 0 st 0 gl 0 hp 100 frg 0
ARGEVT Joe Rogan pursue
ARGEVT Joe Rogan hazard
ARGEVT Romero pursue
ARGUS Joe Rogan hunch 
ARGLOG Carmack t  71.5 pos '209.1 -1203.5 -33.1' spd  58.1 yaw 66 mode 2 st 0 gl 3 hp 100 frg 1
ARGEVT Joe Rogan plan powerup via weapon
ARGEVT Joe Rogan goal weapon_rocketlauncher
ARGEVT Joe Rogan pursue
ARGUS Romero hunch weapon_rocketlauncher
ARGEVT Joe Rogan route 7 start '721.0  73.0 -296.0' goal ' 49.0 105.0 -296.0'
ARGEVT Romero goal weapon_rocketlauncher
ARGUS routecache adopt
ARGEVT Romero route 4 start '497.0 -247.0 -296.0' goal ' 49.0 105.0 -296.0'
ARGLOG Joe Rogan t  71.8 pos '637.6  62.9 -296.0' spd 329.0 yaw 177.3 mode 2 st 0 gl 1 hp 77 frg 0
ARGLOG Romero t  71.8 pos '509.4 -227.4 -296.0' spd 263.7 yaw 191 mode 2 st 3 gl 3 hp 52 frg 0
ARGLOG labprobe t  71.8 pos '784.0 -176.0  24.0' spd 0 yaw -180 mode 0 st 0 gl 0 hp 100 frg 0
ARGEVT Romero pursue
ARGLOG Carmack t  72.0 pos '272.0 -1159.1 -40.0' spd 112.7 yaw 79 mode 2 st 0 gl 3 hp 100 frg 1
ARGEVT Carmack jump
ARGEVT Joe Rogan pursue
ARGLOG Joe Rogan t  72.3 pos '593.2   7.6 -296.0' spd 283.8 yaw 269 mode 2 st 0 gl 1 hp 77 frg 0
ARGLOG Romero t  72.3 pos '343.6 -197.6 -296.0' spd 398.7 yaw 109.8 mode 2 st 3 gl 3 hp 52 frg 0
ARGEVT Romero hazard
ARGEVT Romero pursue
ARGLOG labprobe t  72.3 pos '784.0 -176.0  24.0' spd 0 yaw -180 mode 0 st 0 gl 0 hp 100 frg 0
ARGLOG Carmack t  72.5 pos '272.0 -1112.6 -18.0' spd  27.0 yaw 75 mode 2 st 0 gl 3 hp 100 frg 1
ARGLOG Joe Rogan t  72.8 pos '620.8 -159.3 -296.0' spd 323.7 yaw 253 mode 2 st 0 gl 1 hp 77 frg 0
ARGLOG Romero t  72.8 pos '216.3 -193.1 -296.0' spd 352.6 yaw 142.4 mode 2 st 3 gl 3 hp 52 frg 0
ARGEVT Carmack jump
ARGLOG labprobe t  72.8 pos '784.0 -176.0  24.0' spd 0 yaw -180 mode 0 st 0 gl 0 hp 100 frg 0
ARGLOG Carmack t  73.1 pos '272.0 -1128.3 -69.6' spd  55.1 yaw 77 mode 2 st 0 gl 3 hp 100 frg 1
ARGLOG Joe Rogan t  73.3 pos '593.6 -197.9 -296.0' spd 320.4 yaw 189.6 mode 2 st 0 gl 1 hp 72 frg 0
ARGLOG Romero t  73.3 pos '173.7 -232.2 -296.0' spd  98.6 yaw   1.6 mode 2 st 3 gl 3 hp 52 frg 0
ARGLOG labprobe t  73.4 pos '784.0 -176.0  24.0' spd 0 yaw -180 mode 0 st 0 gl 0 hp 100 frg 0
ARGUS routecache adopt
ARGEVT Joe Rogan route 5 start '593.0 -215.0 -296.0' goal ' 49.0 105.0 -296.0'
ARGEVT Carmack hazard
ARGEVT Carmack stall
ARGEVT Carmack stallnode '337.0 -1143.0  -8.0'
ARGLOG Carmack t  73.6 pos '271.4 -1127.7 -104.0' spd 163.2 yaw 262.9 mode 0 st 1 gl 3 hp 100 frg 1
ARGEVT Carmack jump
ARGUS routecache adopt
ARGEVT Joe Rogan route 5 start '593.0 -215.0 -296.0' goal ' 49.0 105.0 -296.0'
ARGUS routecache adopt
ARGEVT Joe Rogan route 5 start '593.0 -215.0 -296.0' goal ' 49.0 105.0 -296.0'
ARGLOG Joe Rogan t  73.8 pos '585.8 -232.6 -296.0' spd 300.8 yaw 181.6 mode 0 st 0 gl 1 hp 61 frg 0
ARGLOG Romero t  73.8 pos '204.8 -249.4 -296.0' spd  94.2 yaw   1.0 mode 2 st 3 gl 3 hp 36 frg 0
ARGLOG labprobe t  73.9 pos '784.0 -176.0  24.0' spd 0 yaw -180 mode 0 st 0 gl 0 hp 100 frg 0
ARGEVT Carmack route 16 start '241.0 -1143.0 -40.0' goal '817.0 -855.0 -232.0'
ARGEVT Romero retreat
ARGLOG Carmack t  74.1 pos '272.0 -1042.1 -82.5' spd 164.8 yaw 303 mode 2 st 1 gl 3 hp 100 frg 1
ARGLOG Joe Rogan t  74.3 pos '570.5 -231.3 -296.0' spd 213.7 yaw 181.2 mode 2 st 0 gl 1 hp 45 frg 0
ARGLOG Romero t  74.3 pos '112.0 -200.3 -296.0' spd  33.6 yaw   0.1 mode 2 st 3 gl 3 hp 12 frg 0
ARGLOG labprobe t  74.4 pos '784.0 -176.0  24.0' spd 0 yaw -180 mode 0 st 0 gl 0 hp 100 frg 0
ARGEVT Romero death Joe Rogan pos '112.0 -198.2 -296.0'
ARGUS Joe Rogan watch spawn
ARGLOG Carmack t  74.6 pos '389.3 -1040.0 -104.0' spd 156.0 yaw 244 mode 2 st 1 gl 3 hp 100 frg 1
ARGEVT Carmack hazard
ARGEVT Joe Rogan goal weapon_rocketlauncher
ARGEVT Joe Rogan route 4 start '497.0 -247.0 -296.0' goal ' 49.0 105.0 -296.0'
ARGLOG Joe Rogan t  74.9 pos '477.7 -208.9 -296.0' spd 323.4 yaw 185 mode 2 st 0 gl 1 hp 45 frg 1
ARGEVT Joe Rogan hazard
ARGLOG labprobe t  74.9 pos '784.0 -176.0  24.0' spd 0 yaw -180 mode 0 st 0 gl 0 hp 100 frg 0
ARGLOG Carmack t  75.1 pos '400.0 -1040.0 -104.0' spd 299.5 yaw 239 mode 2 st 1 gl 3 hp 100 frg 1
ARGLOG Joe Rogan t  75.4 pos '319.5 -268.6 -296.0' spd 327.7 yaw 154 mode 2 st 0 gl 1 hp 45 frg 1
ARGLOG labprobe t  75.4 pos '784.0 -176.0  24.0' spd 0 yaw -180 mode 0 st 0 gl 0 hp 100 frg 0
ARGLOG Carmack t  75.6 pos '252.1 -1081.4 -104.0' spd 353.3 yaw 325 mode 2 st 1 gl 3 hp 100 frg 1
ARGEVT Carmack jump
ARGLOG Joe Rogan t  75.9 pos '168.3 -230.0 -296.0' spd 331.3 yaw 140 mode 2 st 0 gl 1 hp 45 frg 1
ARGEVT Joe Rogan hazard
ARGLOG labprobe t  75.9 pos '784.0 -176.0  24.0' spd 0 yaw -180 mode 0 st 0 gl 0 hp 100 frg 0
ARGEVT Romero respawn
ARGEVT Romero goal weapon_rocketlauncher
ARGLOG Romero t  76.1 pos '776.0 -808.0 -232.0' spd 0 yaw 106.6 mode 1 st 3 gl 3 hp 100 frg 0
ARGLOG Carmack t  76.1 pos '252.1 -1136.0 -66.0' spd  41.7 yaw 356 mode 2 st 1 gl 3 hp 100 frg 1
ARGEVT Romero hazard
ARGLOG Joe Rogan t  76.4 pos '  0.7 -239.8 -296.0' spd 223.6 yaw  50.2 mode 2 st 0 gl 1 hp 45 frg 1
ARGEVT Carmack hazard
ARGLOG labprobe t  76.5 pos '784.0 -176.0  24.0' spd 0 yaw -180 mode 0 st 0 gl 0 hp 100 frg 0
ARGLOG Romero t  76.6 pos '722.6 -770.8 -232.0' spd  76.7 yaw 107 mode 1 st 3 gl 3 hp 100 frg 0
ARGEVT Carmack jump
ARGLOG Carmack t  76.7 pos '256.5 -1136.0 -92.1' spd  39.7 yaw 356 mode 2 st 1 gl 3 hp 100 frg 1
ARGLOG Joe Rogan t  76.9 pos '130.1 -207.2 -296.0' spd 320.6 yaw 354 mode 2 st 0 gl 1 hp 45 frg 1
ARGLOG labprobe t  77.0 pos '784.0 -176.0  24.0' spd 0 yaw -180 mode 0 st 0 gl 0 hp 100 frg 0
ARGEVT Joe Rogan hazard
ARGLOG Romero t  77.1 pos '720.0 -752.0 -232.0' spd 0 yaw 108 mode 1 st 3 gl 3 hp 100 frg 0
ARGLOG Carmack t  77.2 pos '260.5 -1136.0 -91.4' spd  37.6 yaw 355 mode 2 st 1 gl 3 hp 100 frg 1
ARGEVT Joe Rogan route 6 start '209.0 -183.0 -296.0' goal ' 49.0 105.0 -296.0'
ARGLOG Joe Rogan t  77.4 pos '180.1 -208.6 -296.0' spd 393.4 yaw  93.2 mode 2 st 0 gl 1 hp 45 frg 1
ARGEVT Carmack jump
ARGLOG labprobe t  77.5 pos '784.0 -176.0  24.0' spd 0 yaw -180 mode 0 st 0 gl 0 hp 100 frg 0
ARGLOG Romero t  77.6 pos '722.4 -743.7 -216.0' spd 166.4 yaw  58.1 mode 1 st 3 gl 3 hp 100 frg 0
ARGLOG Carmack t  77.7 pos '244.9 -1136.0 -66.2' spd  20.7 yaw 356 mode 2 st 1 gl 3 hp 100 frg 1
ARGLOG Joe Rogan t  78.0 pos '206.5 -215.0 -296.0' spd 369.7 yaw 190 mode 2 st 0 gl 1 hp 45 frg 1
ARGLOG labprobe t  78.0 pos '784.0 -176.0  24.0' spd 0 yaw -180 mode 0 st 0 gl 0 hp 100 frg 0
ARGEVT Carmack hazard
ARGLOG Romero t  78.2 pos '830.7 -757.9 -232.0' spd 332.7 yaw 285.0 mode 1 st 3 gl 3 hp 100 frg 0
ARGEVT Joe Rogan hazard
ARGLOG Carmack t  78.2 pos '259.0 -1136.0 -104.0' spd  40.6 yaw 355 mode 2 st 1 gl 3 hp 100 frg 1
ARGEVT Carmack jump
ARGLOG Joe Rogan t  78.5 pos '213.1 -200.5 -296.0' spd 325.8 yaw 148 mode 2 st 0 gl 1 hp 45 frg 1
ARGLOG labprobe t  78.5 pos '784.0 -176.0  24.0' spd 0 yaw -180 mode 0 st 0 gl 0 hp 100 frg 0
ARGEVT Carmack stall
ARGEVT Carmack stallnode '273.0 -1207.0 -24.0'
ARGLOG Romero t  78.7 pos '368.0  40.7 -263.1' spd 300 yaw 188.4 mode 1 st 3 gl 3 hp 100 frg 0
ARGLOG Carmack t  78.7 pos '252.4 -1136.0 -74.4' spd  40.3 yaw 340.6 mode 0 st 2 gl 3 hp 100 frg 1
ARGEVT Joe Rogan engage Romero
ARGEVT Romero engage Joe Rogan
ARGEVT Romero grab 
ARGEVT Carmack route 16 start '241.0 -1143.0 -40.0' goal '817.0 -855.0 -232.0'
ARGLOG Joe Rogan t  79.0 pos '140.9 -238.7 -296.0' spd 321.1 yaw  36.3 mode 2 st 0 gl 1 hp 45 frg 1
ARGLOG labprobe t  79.0 pos '784.0 -176.0  24.0' spd 0 yaw -180 mode 0 st 0 gl 0 hp 100 frg 0
ARGEVT Carmack jump
ARGLOG Romero t  79.2 pos '368.0 -37.0 -296.0' spd 189.6 yaw 235.1 mode 1 st 3 gl 3 hp 96 frg 0
ARGLOG Carmack t  79.2 pos '272.0 -1049.8 -74.9' spd 312.3 yaw 271 mode 2 st 2 gl 3 hp 100 frg 1
ARGEVT Joe Rogan hazard
ARGEVT Romero hazard
ARGLOG Joe Rogan t  79.5 pos '105.4 -258.8 -296.0' spd 355.0 yaw  33.5 mode 2 st 0 gl 1 hp 29 frg 1
ARGLOG labprobe t  79.6 pos '784.0 -176.0  24.0' spd 0 yaw -180 mode 0 st 0 gl 0 hp 100 frg 0
ARGLOG Romero t  79.7 pos '376.6 -112.2 -296.0' spd 215.1 yaw 200.9 mode 1 st 3 gl 3 hp 92 frg 0
ARGLOG Carmack t  79.8 pos '185.0 -968.1 -104.0' spd 291.9 yaw 291 mode 2 st 2 gl 3 hp 100 frg 1
ARGEVT Joe Rogan retreat
ARGLOG Joe Rogan t  80.0 pos '  5.3 -234.1 -296.0' spd 326.8 yaw  14.5 mode 2 st 0 gl 1 hp 13 frg 1
ARGLOG labprobe t  80.1 pos '784.0 -176.0  24.0' spd 0 yaw -180 mode 0 st 0 gl 0 hp 100 frg 0
ARGEVT Carmack jump
ARGLOG Romero t  80.2 pos '377.2 -130.7 -296.0' spd 123.8 yaw 189.0 mode 1 st 3 gl 3 hp 92 frg 0
ARGLOG Carmack t  80.3 pos '205.6 -1133.9 -74.9' spd 338.7 yaw 357 mode 2 st 2 gl 3 hp 100 frg 1
ARGEVT Romero hazard
ARGEVT Romero pursue
ARGEVT Joe Rogan pursue
ARGLOG Joe Rogan t  80.5 pos '-70.0 -218.5 -296.0' spd 165.9 yaw 10 mode 2 st 0 gl 1 hp 13 frg 1
ARGLOG labprobe t  80.6 pos '784.0 -176.0  24.0' spd 0 yaw -180 mode 0 st 0 gl 0 hp 100 frg 0
ARGUS Romero hunch item_artifact_super_damage
ARGEVT Romero pursue
ARGLOG Romero t  80.7 pos '385.3 -27.2 -296.0' spd 252.2 yaw  52.7 mode 1 st 3 gl 3 hp 92 frg 0
ARGLOG Carmack t  80.8 pos '265.2 -1136.0 -104.0' spd 116.6 yaw 355 mode 2 st 2 gl 3 hp 100 frg 1
ARGEVT Carmack hazard
ARGEVT Romero plan powerup via weapon
ARGEVT Romero goal weapon_rocketlauncher
ARGEVT Romero route 5 start '337.0   9.0 -296.0' goal ' 49.0 105.0 -296.0'
ARGEVT Joe Rogan hazard
ARGEVT Carmack jump
ARGLOG Joe Rogan t  81.1 pos ' 90.3 -235.8 -296.0' spd 370.6 yaw 19 mode 2 st 0 gl 1 hp 13 frg 1
ARGLOG  t  81.1 pos '784.0 -176.0  24.0' spd 0 yaw -180 mode 0 st 0 gl 0 hp 100 frg 0
ARGLOG Romero t  81.3 pos '363.9  43.1 -288.0' spd 238.3 yaw 236.9 mode 2 st 3 gl 3 hp 92 frg 0
ARGLOG Carmack t  81.3 pos '236.6 -1136.0 -66.0' spd   5.8 yaw 356 mode 2 st 2 gl 3 hp 100 frg 1
ARGLOG Joe Rogan t  81.6 pos '157.5 -228.0 -296.0' spd 165.7 yaw  55.4 mode 2 st 0 gl 1 hp 13 frg 1
ARGLOG  t  81.6 pos '784.0 -176.0  24.0' spd 0 yaw -180 mode 0 st 0 gl 0 hp 100 frg 0
ARGLOG Romero t  81.8 pos '379.1  37.4 -288.0' spd 320.0 yaw 231.1 mode 2 st 3 gl 3 hp 88 frg 0
ARGEVT Carmack jump
ARGEVT Romero hazard
ARGLOG Carmack t  81.8 pos '245.0 -1136.0 -92.3' spd  65.8 yaw 356 mode 2 st 2 gl 3 hp 100 frg 1
ARGLOG Joe Rogan t  82.1 pos ' 31.8 -271.1 -296.0' spd 320.0 yaw  47.7 mode 2 st 0 gl 1 hp 13 frg 1
ARGLOG  t  82.1 pos '784.0 -176.0  24.0' spd 0 yaw -180 mode 0 st 0 gl 0 hp 100 frg 0
ARGEVT Joe Rogan pursue
ARGEVT Romero pursue
ARGLOG Romero t  82.3 pos '363.6  51.3 -288.0' spd 320.1 yaw 231 mode 2 st 3 gl 3 hp 84 frg 0
ARGLOG Carmack t  82.3 pos '272.0 -1136.0 -90.5' spd 0 yaw 354 mode 2 st 2 gl 3 hp 100 frg 1
ARGEVT Carmack hazard
ARGEVT Romero pursue
ARGUS Joe Rogan hunch item_artifact_super_damage
ARGLOG Joe Rogan t  82.6 pos '  8.2 -209.7 -296.0' spd 324.0 yaw 167.3 mode 2 st 0 gl 1 hp 13 frg 1
ARGEVT Joe Rogan hazard
ARGEVT Carmack jump
ARGLOG  t  82.6 pos '784.0 -176.0  24.0' spd 0 yaw -180 mode 0 st 0 gl 0 hp 100 frg 0
ARGEVT Joe Rogan plan powerup via weapon
ARGEVT Joe Rogan goal weapon_rocketlauncher
ARGUS routecache adopt
ARGEVT Joe Rogan route 2 start ' 17.0 -247.0 -296.0' goal ' 49.0 105.0 -296.0'
ARGEVT Joe Rogan pursue
ARGLOG Romero t  82.8 pos '355.3 -94.0 -296.0' spd 337.4 yaw 232.6 mode 2 st 3 gl 3 hp 84 frg 0
ARGLOG Carmack t  82.9 pos '237.0 -1136.0 -66.3' spd  23.8 yaw 356 mode 2 st 2 gl 3 hp 100 frg 1
ARGEVT Romero hazard
ARGLOG Joe Rogan t  83.1 pos '-47.4 -108.0 -296.0' spd 347.4 yaw  19.1 mode 2 st 0 gl 1 hp 13 frg 1
ARGEVT Romero pursue
ARGLOG  t  83.2 pos '784.0 -176.0  24.0' spd 0 yaw -180 mode 0 st 0 gl 0 hp 100 frg 0
ARGLOG Romero t  83.3 pos '338.8 -249.5 -296.0' spd 368.4 yaw 179 mode 2 st 3 gl 3 hp 84 frg 0
ARGEVT Romero pursue
ARGLOG Carmack t  83.4 pos '241.0 -1136.0 -104.0' spd  37.4 yaw 356 mode 2 st 2 gl 3 hp 100 frg 1
ARGEVT Carmack jump
ARGEVT Joe Rogan pursue
ARGLOG Joe Rogan t  83.6 pos '-34.6  47.6 -296.0' spd 322.2 yaw  84.1 mode 1 st 0 gl 1 hp 13 frg 1
ARGEVT Romero pursue
ARGLOG  t  83.7 pos '784.0 -176.0  24.0' spd 0 yaw -180 mode 0 st 0 gl 0 hp 100 frg 0
ARGEVT Joe Rogan hazard
ARGLOG Romero t  83.8 pos '208.1 -239.1 -296.0' spd 342.0 yaw 196 mode 2 st 3 gl 3 hp 84 frg 0
ARGLOG Carmack t  83.9 pos '272.0 -1136.0 -74.4' spd 0 yaw 354 mode 2 st 2 gl 3 hp 100 frg 1
ARGEVT Joe Rogan pursue
ARGEVT Carmack hazard
ARGLOG Joe Rogan t  84.1 pos '-26.7 126.0 -296.0' spd 351.1 yaw 348 mode 1 st 0 gl 1 hp 13 frg 1
ARGLOG  t  84.2 pos '784.0 -176.0  24.0' spd 0 yaw -180 mode 0 st 0 gl 0 hp 100 frg 0
ARGEVT Carmack jump
ARGEVT Joe Rogan goal item_artifact_super_damage
ARGEVT Romero plan powerup via weapon
ARGEVT Romero goal weapon_supernailgun
ARGLOG Romero t  84.3 pos ' 39.2 -245.3 -296.0' spd 358.2 yaw 126.3 mode 0 st 3 gl 3 hp 84 frg 0
ARGLOG Carmack t  84.4 pos '240.7 -1136.0 -75.0' spd  71.2 yaw 356 mode 2 st 2 gl 3 hp 100 frg 1
ARGEVT Joe Rogan routefail
ARGEVT Joe Rogan goal item_health
ARGEVT Joe Rogan route 5 start ' 49.0 105.0 -296.0' goal '-15.0 553.0 -296.0'
ARGLOG Joe Rogan t  84.7 pos '107.9 107.5 -296.0' spd 321.6 yaw  61.9 mode 2 st 0 gl 2 hp 13 frg 1
ARGLOG  t  84.7 pos '784.0 -176.0  24.0' spd 0 yaw -180 mode 0 st 0 gl 0 hp 100 frg 0
ARGEVT Joe Rogan hazard
ARGLOG Romero t  84.9 pos '-47.6 -96.0 -296.0' spd 392.9 yaw  27.4 mode 0 st 3 gl 3 hp 84 frg 0
ARGEVT Romero route 15 start '-79.0 -151.0 -296.0' goal '177.0 -55.0 -104.0'
ARGLOG Carmack t  84.9 pos '249.6 -1136.0 -104.0' spd  53.4 yaw 356 mode 2 st 2 gl 3 hp 100 frg 1
ARGEVT Joe Rogan engage Romero
ARGEVT Romero engage Joe Rogan
ARGEVT Joe Rogan weapon sg
ARGEVT Carmack jump
ARGLOG Joe Rogan t  85.2 pos ' 32.3  69.5 -296.0' spd 335.6 yaw 225.9 mode 2 st 0 gl 2 hp 13 frg 1
ARGEVT Romero hazard
ARGLOG  t  85.2 pos '784.0 -176.0  24.0' spd 0 yaw -180 mode 0 st 0 gl 0 hp 100 frg 0
ARGLOG Romero t  85.4 pos '-63.7  42.7 -296.0' spd 359.2 yaw   5.4 mode 2 st 3 gl 3 hp 80 frg 0
ARGLOG Carmack t  85.4 pos '267.1 -1136.0 -66.1' spd  74.4 yaw 355 mode 2 st 2 gl 3 hp 100 frg 1
ARGEVT Joe Rogan weapon rl
ARGEVT Joe Rogan death Romero pos '108.9 107.6 -296.0'
ARGUS Romero watch spawn
ARGEVT Romero goal 
ARGEVT Carmack hazard
ARGLOG  t  85.7 pos '784.0 -176.0  24.0' spd 0 yaw -180 mode 0 st 0 gl 0 hp 100 frg 0
ARGLOG Romero t  85.9 pos '-44.5 206.1 -296.0' spd 332.4 yaw  66.7 mode 1 st 3 gl 3 hp 80 frg 1
ARGEVT Carmack jump
ARGLOG Carmack t  85.9 pos '249.7 -1136.0 -92.3' spd 120.1 yaw 356 mode 2 st 2 gl 3 hp 100 frg 1
ARGEVT Romero hazard
ARGLOG  t  86.2 pos '784.0 -176.0  24.0' spd 0 yaw -180 mode 0 st 0 gl 0 hp 100 frg 0
ARGLOG Romero t  86.4 pos '-47.1 223.9 -296.0' spd 320.2 yaw 266 mode 1 st 3 gl 3 hp 80 frg 1
ARGLOG Carmack t  86.5 pos '244.3 -1136.0 -90.3' spd  43.2 yaw 356 mode 2 st 2 gl 3 hp 100 frg 1
ARGEVT Carmack jump
ARGLOG  t  86.8 pos '784.0 -176.0  24.0' spd 0 yaw -180 mode 0 st 0 gl 0 hp 100 frg 0
ARGLOG Romero t  86.9 pos ' 17.2  70.4 -296.0' spd 347.0 yaw 358.3 mode 1 st 3 gl 3 hp 80 frg 1
ARGLOG Carmack t  87.0 pos '260.0 -1136.0 -66.3' spd  69.6 yaw 355 mode 2 st 2 gl 3 hp 100 frg 1
ARGEVT Joe Rogan respawn
ARGEVT Joe Rogan goal weapon_lightning
ARGEVT Joe Rogan engage 
ARGLOG Joe Rogan t  87.1 pos '784.0 -176.0  24.0' spd 0 yaw 143.2 mode 0 st 0 gl 2 hp 100 frg 1
ARGEVT Joe Rogan route 2 start '753.0 -151.0  24.0' goal '529.0 -311.0 -104.0'
ARGEVT Romero goal 
ARGEVT Romero route 2 start ' 49.0 105.0 -296.0' goal '-207.0 169.0 -360.0'
ARGLOG  t  87.3 pos '784.0 -176.0  24.0' spd 0 yaw -180 mode 0 st 0 gl 0 hp 100 frg 0
ARGEVT Romero hazard
ARGEVT Carmack hazard
ARGEVT Joe Rogan hazard
ARGLOG Romero t  87.4 pos ' 73.0 121.4 -296.0' spd 388.5 yaw 170 mode 2 st 3 gl 4 hp 80 frg 1
ARGLOG Carmack t  87.5 pos '261.7 -1136.0 -104.0' spd  77.4 yaw 355 mode 2 st 2 gl 3 hp 100 frg 1
ARGEVT Carmack jump
ARGLOG Joe Rogan t  87.6 pos '869.1 -148.4  24.0' spd 111.0 yaw 197.8 mode 2 st 0 gl 2 hp 100 frg 1
ARGLOG  t  87.8 pos '784.0 -176.0  24.0' spd 0 yaw -180 mode 0 st 0 gl 0 hp 100 frg 0
ARGLOG Romero t  87.9 pos '-78.5  51.0 -296.0' spd 410.9 yaw 309.7 mode 2 st 3 gl 4 hp 80 frg 1
ARGLOG Carmack t  88.0 pos '240.5 -1136.0 -74.2' spd  30.3 yaw 356 mode 2 st 2 gl 3 hp 100 frg 1
ARGLOG Joe Rogan t  88.1 pos '861.4 -212.8  24.0' spd  73.6 yaw 154.8 mode 2 st 0 gl 2 hp 100 frg 1
ARGLOG  t  88.3 pos '784.0 -176.0  24.0' spd 0 yaw -180 mode 0 st 0 gl 0 hp 100 frg 0
ARGEVT Romero hazard
ARGEVT Carmack jump
ARGLOG Romero t  88.5 pos '-23.6 -66.3 -296.0' spd 216.0 yaw 127 mode 2 st 3 gl 4 hp 80 frg 1
ARGLOG Carmack t  88.5 pos '252.9 -1136.0 -74.9' spd  59.4 yaw 356 mode 2 st 2 gl 3 hp 100 frg 1
ARGLOG Joe Rogan t  88.7 pos '865.5 -242.2  24.0' spd 277.5 yaw 141.5 mode 2 st 0 gl 2 hp 100 frg 1
ARGEVT Joe Rogan hazard
ARGLOG  t  88.8 pos '784.0 -176.0  24.0' spd 0 yaw -180 mode 0 st 0 gl 0 hp 100 frg 0
ARGLOG Romero t  89.0 pos '-105.0  78.0 -296.0' spd 324.2 yaw 138 mode 2 st 3 gl 4 hp 80 frg 1
ARGLOG Carmack t  89.0 pos '272.0 -1136.0 -104.0' spd 0 yaw 354 mode 2 st 2 gl 3 hp 100 frg 1
ARGEVT Carmack hazard
ARGLOG Joe Rogan t  89.2 pos '855.4 -321.3  24.0' spd 229.7 yaw 116.5 mode 0 st 0 gl 2 hp 100 frg 1
ARGEVT Carmack jump
ARGLOG  t  89.3 pos '784.0 -176.0  24.0' spd 0 yaw -180 mode 0 st 0 gl 0 hp 100 frg 0
ARGEVT Romero hazard
ARGEVT Joe Rogan route 4 start '817.0 -375.0  24.0' goal '529.0 -311.0 -104.0'
ARGLOG Romero t  89.5 pos '-212.6 106.4 -296.0' spd 257.5 yaw  32.4 mode 1 st 3 gl 4 hp 80 frg 1
ARGLOG Carmack t  89.5 pos '237.3 -1136.0 -66.1' spd   9.5 yaw 356 mode 2 st 2 gl 3 hp 100 frg 1
ARGEVT Carmack abandon
ARGEVT Carmack goal weapon_rocketlauncher
ARGLOG Joe Rogan t  89.7 pos '864.2 -323.2  24.0' spd 102.2 yaw 118.5 mode 2 st 0 gl 2 hp 100 frg 1
ARGEVT Carmack route 17 start '241.0 -1143.0 -40.0' goal '721.0 -887.0 -232.0'
ARGLOG  t  89.8 pos '784.0 -176.0  24.0' spd 0 yaw -180 mode 0 st 0 gl 0 hp 100 frg 0
ARGLOG Romero t  90.0 pos '-45.6 111.6 -296.0' spd 373.1 yaw  71.6 mode 1 st 3 gl 4 hp 80 frg 1
ARGEVT Carmack jump
ARGLOG Carmack t  90.1 pos '272.0 -1111.0 -92.3' spd 103.7 yaw 271 mode 2 st 2 gl 3 hp 100 frg 1
ARGLOG Joe Rogan t  90.2 pos '863.7 -292.3  24.0' spd 106.7 yaw 125.0 mode 2 st 0 gl 2 hp 100 frg 1
ARGLOG  t  90.4 pos '784.0 -176.0  24.0' spd 0 yaw -180 mode 0 st 0 gl 0 hp 100 frg 0
ARGEVT Romero hazard
ARGLOG Romero t  90.5 pos '-100.6 274.6 -296.0' spd 240.8 yaw 237.7 mode 1 st 3 gl 4 hp 80 frg 1
ARGEVT Joe Rogan hazard
ARGLOG Carmack t  90.6 pos '272.0 -1126.4 -91.8' spd  30.0 yaw 346 mode 2 st 2 gl 3 hp 100 frg 1
ARGEVT Carmack hazard
ARGLOG Joe Rogan t  90.7 pos '854.5 -307.9  24.0' spd 312.8 yaw 116.3 mode 2 st 0 gl 2 hp 100 frg 1
ARGEVT Carmack jump
ARGLOG  t  90.9 pos '784.0 -176.0  24.0' spd 0 yaw -180 mode 0 st 0 gl 0 hp 100 frg 0
ARGLOG Romero t  91.0 pos '-78.3 177.9 -296.0' spd 320.2 yaw 281.4 mode 1 st 3 gl 4 hp 80 frg 1
ARGLOG Carmack t  91.1 pos '254.1 -1136.0 -66.3' spd   1.1 yaw 356 mode 2 st 2 gl 3 hp 100 frg 1
ARGLOG Joe Rogan t  91.2 pos '829.9 -309.1  24.0' spd 103.3 yaw 108.2 mode 2 st 0 gl 2 hp 100 frg 1
ARGLOG  t  91.4 pos '784.0 -176.0  24.0' spd 0 yaw -180 mode 0 st 0 gl 0 hp 100 frg 0
ARGLOG Romero t  91.5 pos '-159.1  51.6 -296.0' spd 398.9 yaw 117.5 mode 1 st 3 gl 4 hp 80 frg 1
ARGEVT Carmack stall
ARGEVT Carmack stallnode '273.0 -1207.0 -24.0'
ARGLOG Carmack t  91.6 pos '255.7 -1136.0 -104.0' spd  66.6 yaw 571.6 mode 0 st 3 gl 3 hp 100 frg 1
ARGEVT Carmack jump
ARGEVT Romero hazard
ARGUS routecache adopt
ARGEVT Carmack route 17 start '241.0 -1143.0 -40.0' goal '721.0 -887.0 -232.0'
ARGLOG Joe Rogan t  91.8 pos '835.0 -314.1  24.0' spd 337.5 yaw 107.7 mode 2 st 0 gl 2 hp 100 frg 1
ARGLOG  t  91.9 pos '784.0 -176.0  24.0' spd 0 yaw -180 mode 0 st 0 gl 0 hp 100 frg 0
ARGLOG Romero t  92.1 pos '-83.0 118.5 -296.0' spd 323.1 yaw  38.0 mode 1 st 3 gl 4 hp 80 frg 1
ARGLOG Carmack t  92.1 pos '264.3 -1136.0 -82.2' spd  51.7 yaw 355 mode 2 st 3 gl 3 hp 100 frg 1
ARGLOG Joe Rogan t  92.3 pos '830.9 -305.0  24.0' spd 109.6 yaw 110.1 mode 2 st 0 gl 2 hp 100 frg 1
ARGEVT Carmack jump
ARGLOG  t  92.4 pos '784.0 -176.0  24.0' spd 0 yaw -180 mode 0 st 0 gl 0 hp 100 frg 0
ARGLOG Romero t  92.6 pos '-72.9 281.5 -296.0' spd 308.7 yaw 203.1 mode 1 st 3 gl 4 hp 80 frg 1
ARGLOG Carmack t  92.6 pos '272.0 -1136.0 -66.0' spd 0 yaw 354 mode 2 st 3 gl 3 hp 100 frg 1
ARGLOG Joe Rogan t  92.8 pos '831.3 -318.9  24.0' spd 103.9 yaw 106.3 mode 2 st 0 gl 2 hp 100 frg 1
ARGEVT Carmack hazard
ARGLOG  t  92.9 pos '784.0 -176.0  24.0' spd 0 yaw -180 mode 0 st 0 gl 0 hp 100 frg 0
ARGEVT Romero hazard
ARGLOG Romero t  93.1 pos '-111.5 156.2 -296.0' spd 329.0 yaw 297.7 mode 1 st 3 gl 4 hp 80 frg 1
ARGEVT Carmack jump
ARGEVT Joe Rogan hazard
ARGLOG Carmack t  93.1 pos '258.3 -1136.0 -92.3' spd  29.5 yaw 355 mode 2 st 3 gl 3 hp 100 frg 1
ARGLOG Joe Rogan t  93.3 pos '842.3 -308.7  24.0' spd 227.7 yaw 114.4 mode 2 st 0 gl 2 hp 100 frg 1
ARGLOG  t  93.5 pos '784.0 -176.0  24.0' spd 0 yaw -180 mode 0 st 0 gl 0 hp 100 frg 0
ARGLOG Romero t  93.6 pos ' 32.8  96.4 -296.0' spd 431.0 yaw 101.8 mode 1 st 3 gl 4 hp 80 frg 1
ARGLOG Carmack t  93.7 pos '263.3 -1136.0 -90.5' spd  35.4 yaw 355 mode 2 st 3 gl 3 hp 100 frg 1
ARGEVT Carmack stall
ARGEVT Carmack stallnode '273.0 -1207.0 -24.0'
ARGEVT Carmack jump
ARGLOG Joe Rogan t  93.8 pos '847.7 -301.6  24.0' spd 248.7 yaw 116.6 mode 2 st 0 gl 2 hp 100 frg 1
ARGUS routecache adopt
ARGEVT Carmack route 17 start '241.0 -1143.0 -40.0' goal '721.0 -887.0 -232.0'
ARGLOG  t  94.0 pos '784.0 -176.0  24.0' spd 0 yaw -180 mode 0 st 0 gl 0 hp 100 frg 0
ARGLOG Romero t  94.1 pos ' -1.3 110.7 -296.0' spd 320.2 yaw 156 mode 1 st 3 gl 4 hp 80 frg 1
ARGLOG Carmack t  94.2 pos '272.0 -1136.0 -69.1' spd 0 yaw 354 mode 2 st 4 gl 3 hp 100 frg 1
ARGEVT Romero hazard
ARGLOG Joe Rogan t  94.3 pos '873.0 -275.5  24.0' spd 321.4 yaw 133.2 mode 2 st 0 gl 2 hp 100 frg 1
ARGEVT Carmack jump
ARGLOG  t  94.5 pos '784.0 -176.0  24.0' spd 0 yaw -180 mode 0 st 0 gl 0 hp 100 frg 0
ARGLOG Romero t  94.6 pos '-178.0 106.2 -296.0' spd 400.5 yaw 110.7 mode 1 st 3 gl 4 hp 80 frg 1
ARGLOG Carmack t  94.7 pos '272.0 -1136.0 -66.3' spd 0 yaw 354 mode 2 st 4 gl 3 hp 100 frg 1
ARGLOG Joe Rogan t  94.8 pos '860.8 -305.8  24.0' spd 322.7 yaw 121.8 mode 2 st 0 gl 2 hp 100 frg 1
ARGLOG  t  95.0 pos '784.0 -176.0  24.0' spd 0 yaw -180 mode 0 st 0 gl 0 hp 100 frg 0
ARGEVT Carmack hazard
ARGLOG Romero t  95.2 pos '-126.6 115.0 -296.0' spd 324.1 yaw 357.6 mode 1 st 3 gl 4 hp 80 frg 1
ARGLOG Carmack t  95.2 pos '261.4 -1136.0 -104.0' spd  79.2 yaw 355 mode 2 st 4 gl 3 hp 100 frg 1
ARGEVT Carmack jump
ARGLOG Joe Rogan t  95.4 pos '872.0 -276.9  24.0' spd  92.5 yaw 132.0 mode 2 st 0 gl 2 hp 100 frg 1
ARGEVT Romero hazard
ARGLOG  t  95.5 pos '784.0 -176.0  24.0' spd 0 yaw -180 mode 0 st 0 gl 0 hp 100 frg 0
ARGLOG Romero t  95.7 pos '-59.7 225.2 -296.0' spd 377.5 yaw 161.8 mode 1 st 3 gl 4 hp 80 frg 1
ARGLOG Carmack t  95.7 pos '259.5 -1136.0 -74.1' spd  26.1 yaw 355 mode 2 st 4 gl 3 hp 100 frg 1
ARGLOG Joe Rogan t  95.9 pos '867.5 -296.4  24.0' spd 102.3 yaw 124.1 mode 2 st 0 gl 2 hp 100 frg 1
ARGEVT Carmack stall
ARGEVT Carmack stallnode '273.0 -1207.0 -24.0'
ARGEVT Carmack jump
ARGUS routecache adopt
ARGEVT Carmack route 17 start '241.0 -1143.0 -40.0' goal '721.0 -887.0 -232.0'
ARGLOG  t  96.0 pos '784.0 -176.0  24.0' spd 0 yaw -180 mode 0 st 0 gl 0 hp 100 frg 0
ARGLOG Romero t  96.2 pos '-106.8 218.7 -296.0' spd 322.4 yaw 277 mode 1 st 3 gl 4 hp 80 frg 1
ARGLOG Carmack t  96.2 pos '272.0 -1136.0 -65.1' spd   0.5 yaw 354 mode 2 st 5 gl 3 hp 100 frg 1
ARGLOG Joe Rogan t  96.4 pos '872.8 -279.2  24.0' spd 149.6 yaw 129.7 mode 2 st 0 gl 2 hp 100 frg 1
ARGLOG  t  96.5 pos '784.0 -176.0  24.0' spd 0 yaw -180 mode 0 st 0 gl 0 hp 100 frg 0
ARGEVT Carmack jump
ARGLOG Romero t  96.7 pos '-169.0  65.3 -296.0' spd 408.7 yaw 145.2 mode 1 st 3 gl 4 hp 80 frg 1
ARGLOG Carmack t  96.7 pos '272.0 -1136.0 -75.0' spd 0 yaw 354 mode 2 st 5 gl 3 hp 100 frg 1
ARGEVT Romero hazard
ARGLOG Joe Rogan t  96.9 pos '852.0 -303.3  24.0' spd 248.8 yaw 116.5 mode 2 st 0 gl 2 hp 100 frg 1
ARGLOG  t  97.1 pos '784.0 -176.0  24.0' spd 0 yaw -180 mode 0 st 0 gl 0 hp 100 frg 0
ARGLOG Romero t  97.2 pos '-158.5 122.7 -296.0' spd 329.9 yaw 353.8 mode 1 st 3 gl 4 hp 80 frg 1
ARGLOG Carmack t  97.3 pos '272.0 -1136.0 -104.0' spd 0 yaw 354 mode 2 st 5 gl 3 hp 100 frg 1
ARGEVT Carmack hazard
ARGLOG Joe Rogan t  97.4 pos '855.2 -291.0  24.0' spd 230.8 yaw 120.4 mode 2 st 0 gl 2 hp 100 frg 1
ARGEVT Carmack jump
ARGLOG  t  97.6 pos '784.0 -176.0  24.0' spd 0 yaw -180 mode 0 st 0 gl 0 hp 100 frg 0
ARGLOG Romero t  97.7 pos '-39.9 204.6 -296.0' spd 375.5 yaw 133.8 mode 1 st 3 gl 4 hp 80 frg 1
ARGLOG Carmack t  97.8 pos '257.0 -1136.0 -66.0' spd  14.1 yaw 355 mode 2 st 5 gl 3 hp 100 frg 1
ARGLOG Joe Rogan t  97.9 pos '853.2 -290.3  24.0' spd 273.4 yaw 122.9 mode 2 st 0 gl 2 hp 100 frg 1
ARGEVT Romero hazard
ARGEVT Carmack stall
ARGEVT Carmack stallnode '273.0 -1207.0 -24.0'
ARGEVT Carmack jump
ARGLOG  t  98.1 pos '784.0 -176.0  24.0' spd 0 yaw -180 mode 0 st 0 gl 0 hp 100 frg 0
ARGLOG Romero t  98.2 pos '-70.6 258.6 -296.0' spd 365.3 yaw 226 mode 1 st 3 gl 4 hp 80 frg 1
ARGUS routecache adopt
ARGEVT Carmack route 17 start '241.0 -1143.0 -40.0' goal '721.0 -887.0 -232.0'
ARGLOG Carmack t  98.3 pos '272.0 -1136.0 -69.4' spd 0 yaw 341.6 mode 0 st 6 gl 3 hp 100 frg 1
ARGLOG Joe Rogan t  98.5 pos '868.9 -290.5  24.0' spd 321.3 yaw 125.6 mode 2 st 0 gl 2 hp 100 frg 1
ARGLOG  t  98.6 pos '784.0 -176.0  24.0' spd 0 yaw -180 mode 0 st 0 gl 0 hp 100 frg 0
ARGLOG Romero t  98.8 pos '-110.2 159.7 -296.0' spd 344.5 yaw 147.7 mode 1 st 3 gl 4 hp 80 frg 1
ARGEVT Carmack jump
ARGLOG Carmack t  98.8 pos '272.0 -1136.0 -92.3' spd 0 yaw 354 mode 2 st 6 gl 3 hp 100 frg 1
ARGEVT Joe Rogan hazard
ARGLOG Joe Rogan t  99.0 pos '865.9 -264.8  24.0' spd 167.2 yaw 131.5 mode 2 st 0 gl 2 hp 100 frg 1
ARGEVT Romero hazard
ARGLOG  t  99.1 pos '784.0 -176.0  24.0' spd 0 yaw -180 mode 0 st 0 gl 0 hp 100 frg 0
ARGLOG Romero t  99.3 pos '-110.1 281.7 -296.0' spd 162.6 yaw 246.6 mode 1 st 3 gl 4 hp 80 frg 1
ARGLOG Carmack t  99.3 pos '272.0 -1136.0 -90.5' spd 0 yaw 354 mode 2 st 6 gl 3 hp 100 frg 1
ARGEVT Carmack hazard
ARGLOG Joe Rogan t  99.5 pos '868.1 -249.2  24.0' spd  71.3 yaw 139.2 mode 2 st 0 gl 2 hp 100 frg 1
ARGEVT Carmack jump
ARGLOG  t  99.6 pos '784.0 -176.0  24.0' spd 0 yaw -180 mode 0 st 0 gl 0 hp 100 frg 0
ARGLOG Romero t  99.8 pos '-74.8 119.7 -296.0' spd 387.8 yaw 202.5 mode 1 st 3 gl 4 hp 80 frg 1
ARGLOG Carmack t  99.8 pos '235.8 -1136.0 -66.2' spd  23.3 yaw 357 mode 2 st 6 gl 3 hp 100 frg 1
ARGEVT Joe Rogan weapon axe
ARGLOG Joe Rogan t 100.0 pos '874.4 -252.1  24.0' spd 122.7 yaw 139.2 mode 2 st 0 gl 2 hp 100 frg 1
ARGLOG  t 100.1 pos '784.0 -176.0  24.0' spd 0 yaw -180 mode 0 st 0 gl 0 hp 100 frg 0
ARGEVT Romero hazard
ARGLOG Romero t 100.3 pos '-200.5 127.5 -296.0' spd 436.3 yaw  38.6 mode 1 st 3 gl 4 hp 80 frg 1
ARGLOG Carmack t 100.4 pos '239.4 -1136.0 -104.0' spd  39.3 yaw 356 mode 2 st 6 gl 3 hp 100 frg 1
ARGEVT Carmack jump
ARGLOG Joe Rogan t 100.5 pos '771.9 -159.9  24.0' spd 119.7 yaw  24.5 mode 2 st 0 gl 2 hp 100 frg 1
ARGLOG  t 100.7 pos '784.0 -176.0  24.0' spd 0 yaw -180 mode 0 st 0 gl 0 hp 100 frg 0
ARGLOG Romero t 100.8 pos '-48.3 169.2 -296.0' spd 325.3 yaw  95.6 mode 1 st 3 gl 4 hp 80 frg 1
ARGLOG Carmack t 100.9 pos '272.0 -1136.0 -74.1' spd 0 yaw 354 mode 2 st 6 gl 3 hp 100 frg 1
ARGLOG Joe Rogan t 101.0 pos '777.0 -178.2  24.0' spd  23.9 yaw  22.9 mode 2 st 0 gl 2 hp 100 frg 1
ARGEVT Carmack hazard
ARGLOG  t 101.2 pos '784.0 -176.0  24.0' spd 0 yaw -180 mode 0 st 0 gl 0 hp 100 frg 0
ARGEVT Carmack jump
ARGLOG Romero t 101.3 pos '-92.6 312.3 -296.0' spd  60.7 yaw 260.7 mode 1 st 3 gl 4 hp 80 frg 1
ARGEVT Romero jump
ARGLOG Carmack t 101.4 pos '256.2 -1136.0 -74.9' spd  16.6 yaw 356 mode 2 st 6 gl 3 hp 100 frg 1
ARGLOG Joe Rogan t 101.5 pos '783.0 -174.6  24.0' spd  29.2 yaw  21.1 mode 2 st 0 gl 2 hp 100 frg 1
ARGLOG  t 101.7 pos '784.0 -176.0  24.0' spd 0 yaw -180 mode 0 st 0 gl 0 hp 100 frg 0
ARGLOG Romero t 101.8 pos '-145.0 170.4 -266.7' spd 304.7 yaw   2.6 mode 1 st 3 gl 4 hp 80 frg 1
ARGLOG Carmack t 101.9 pos '266.6 -1136.0 -104.0' spd  41.7 yaw 355 mode 2 st 6 gl 3 hp 100 frg 1
ARGLOG Joe Rogan t 102.1 pos '786.1 -178.1  24.0' spd  36.5 yaw  98.4 mode 2 st 0 gl 2 hp 100 frg 1
ARGEVT Carmack jump
ARGLOG  t 102.2 pos '784.0 -176.0  24.0' spd 0 yaw -180 mode 0 st 0 gl 0 hp 100 frg 0
ARGEVT Romero hazard
ARGLOG Romero t 102.4 pos '-68.0 177.8 -296.0' spd 325.9 yaw 133.9 mode 1 st 3 gl 4 hp 80 frg 1
ARGEVT Carmack stall
ARGEVT Carmack stallnode '273.0 -1207.0 -24.0'
ARGLOG Carmack t 102.4 pos '259.9 -1136.0 -66.0' spd  29.1 yaw 594.4 mode 0 st 7 gl 3 hp 100 frg 1
ARGLOG Joe Rogan t 102.6 pos '779.7 -171.8  24.0' spd  30.2 yaw  23.7 mode 2 st 0 gl 2 hp 100 frg 1
ARGEVT Carmack hazard
ARGLOG  t 102.7 pos '784.0 -176.0  24.0' spd 0 yaw -180 mode 0 st 0 gl 0 hp 100 frg 0
ARGEVT Carmack route 19 start '177.0 -1111.0 -104.0' goal '721.0 -887.0 -232.0'
ARGLOG Romero t 102.9 pos '-105.5 321.7 -296.0' spd 145.7 yaw 232.4 mode 1 st 3 gl 4 hp 80 frg 1
ARGLOG Carmack t 102.9 pos '272.0 -1080.5 -104.0' spd 332.0 yaw 234 mode 2 st 7 gl 3 hp 100 frg 1
ARGLOG Joe Rogan t 103.1 pos '785.0 -176.9  24.0' spd  29.6 yaw  98.5 mode 2 st 0 gl 2 hp 100 frg 1
ARGLOG  t 103.2 pos '784.0 -176.0  24.0' spd 0 yaw -180 mode 0 st 0 gl 0 hp 100 frg 0
ARGLOG Romero t 103.4 pos '-104.3 162.3 -296.0' spd 320.3 yaw 257.7 mode 1 st 3 gl 4 hp 80 frg 1
ARGLOG Carmack t 103.4 pos '160.4 -967.9 -104.0' spd 421.3 yaw 274 mode 2 st 7 gl 3 hp 100 frg 1
ARGLOG Joe Rogan t 103.6 pos '788.7 -174.5  24.0' spd  43.1 yaw 100.6 mode 2 st 0 gl 2 hp 100 frg 1
ARGLOG  t 103.8 pos '784.0 -176.0  24.0' spd 0 yaw -180 mode 0 st 0 gl 0 hp 100 frg 0
ARGEVT Romero hazard
ARGLOG Romero t 103.9 pos '-219.9  87.8 -296.0' spd 425.8 yaw  92.9 mode 1 st 3 gl 4 hp 80 frg 1
ARGLOG Carmack t 104.0 pos '113.4 -1141.2 -104.0' spd 344.3 yaw 338 mode 2 st 7 gl 3 hp 100 frg 1
ARGEVT Carmack jump
ARGLOG Joe Rogan t 104.1 pos '776.8 -178.4  24.0' spd  21.6 yaw  28.8 mode 2 st 0 gl 2 hp 100 frg 1
ARGLOG  t 104.3 pos '784.0 -176.0  24.0' spd 0 yaw -180 mode 0 st 0 gl 0 hp 100 frg 0
ARGLOG Romero t 104.4 pos '-63.2 153.2 -296.0' spd 344.7 yaw  66.9 mode 1 st 3 gl 4 hp 80 frg 1
ARGLOG Carmack t 104.5 pos '186.5 -1232.0 -72.0' spd 142.4 yaw 30 mode 2 st 7 gl 3 hp 100 frg 1
ARGLOG Joe Rogan t 104.6 pos '777.5 -178.1  24.0' spd  20.0 yaw  30.8 mode 2 st 0 gl 2 hp 100 frg 1
ARGLOG  t 104.8 pos '784.0 -176.0  24.0' spd 0 yaw -180 mode 0 st 0 gl 0 hp 100 frg 0
ARGLOG Romero t 104.9 pos '-89.1 319.6 -296.0' spd 224.9 yaw 231.4 mode 1 st 3 gl 4 hp 80 frg 1
ARGLOG Carmack t 105.0 pos '325.0 -1143.4  -8.0' spd 362.4 yaw 93 mode 2 st 7 gl 3 hp 100 frg 1
ARGEVT Romero hazard
ARGLOG Joe Rogan t 105.1 pos '779.9 -177.3  24.0' spd  23.0 yaw  29.9 mode 2 st 0 gl 2 hp 100 frg 1
ARGLOG  t 105.3 pos '784.0 -176.0  24.0' spd 0 yaw -180 mode 0 st 0 gl 0 hp 100 frg 0
ARGLOG Romero t 105.4 pos '-98.0 200.8 -296.0' spd 325.4 yaw 256.0 mode 1 st 3 gl 4 hp 80 frg 1
ARGLOG Carmack t 105.5 pos '333.0 -975.6  24.0' spd 321.2 yaw 96 mode 2 st 7 gl 3 hp 100 frg 1
ARGLOG Joe Rogan t 105.7 pos '783.8 -176.1  24.0' spd  32.6 yaw  30.8 mode 2 st 0 gl 2 hp 100 frg 1
ARGLOG  t 105.8 pos '784.0 -176.0  24.0' spd 0 yaw -180 mode 0 st 0 gl 0 hp 100 frg 0
ARGLOG Romero t 106.0 pos '-231.1  92.9 -296.0' spd 405.6 yaw 108.8 mode 1 st 3 gl 4 hp 80 frg 1
ARGLOG Carmack t 106.0 pos '314.6 -811.4  24.0' spd 320.6 yaw 91 mode 2 st 7 gl 3 hp 100 frg 1
ARGLOG Joe Rogan t 106.2 pos '788.3 -174.6  24.0' spd  26.6 yaw 103.5 mode 2 st 0 gl 2 hp 100 frg 1
ARGEVT Romero hazard
ARGLOG  t 106.3 pos '784.0 -176.0  24.0' spd 0 yaw -180 mode 0 st 0 gl 0 hp 100 frg 0
ARGLOG Romero t 106.5 pos '-145.5 118.1 -296.0' spd 326.4 yaw 347 mode 1 st 3 gl 4 hp 80 frg 1
ARGLOG Carmack t 106.5 pos '307.4 -647.3  24.0' spd 320.1 yaw 42 mode 2 st 7 gl 3 hp 100 frg 1
ARGLOG Joe Rogan t 106.7 pos '781.5 -176.8  24.0' spd  26.3 yaw  30.0 mode 2 st 0 gl 2 hp 100 frg 1
ARGLOG  t 106.8 pos '784.0 -176.0  24.0' spd 0 yaw -180 mode 0 st 0 gl 0 hp 100 frg 0
ARGLOG Romero t 107.0 pos '-51.6 236.6 -296.0' spd 384.2 yaw 152.4 mode 1 st 3 gl 4 hp 80 frg 1
