LOG started on: 09/13/2026 08:28:48 
Playing registered version.
UDP Initialized
WIPX_OpenSocket: Address family not supported by protocol family
WIPX_Init: Unable to open control socket, IPX disabled
Exe: 20:02:47 Jul 31 2024
256.0 megabyte heap

Language initialization
Couldn't load 'localization/loc_english.txt'
from 'C:/argus/engine'

========= Quake Initialized =========

execing autoexec.cfg
SpawnServer: e1m2
Clearing memory
Programs occupy 861K.
Mod_LoadTexinfo: 1 texture(s) missing from BSP file
trying to open external vis file
maps/e1m2.vis not found, trying argus.vis
external vis not found
Loaded external entity file maps/e1m2@0caa.ent
ARGUS slots 8
ARGUS worldspawn reached
ARGNAV 198 nodes, 535 links
8 entities inhibited
ARGUS init on e1m2
ARGEVT Carmack spawned
ARGEVT Romero spawned
ARGEVT Joe Rogan spawned
Server spawned.
ARGLOG Joe Rogan t   1.2 pos '1496.0 1328.0 200.0' spd 0 yaw 267.6 mode 0 st 0 gl 0 hp 100 frg 0
ARGLOG Romero t   1.2 pos '1080.0 -720.0 312.0' spd 0 yaw  47.5 mode 0 st 0 gl 0 hp 100 frg 0
ARGLOG Carmack t   1.2 pos '-416.0 -144.0 320.0' spd 0 yaw 119.6 mode 0 st 0 gl 0 hp 100 frg 0
ARGEVT Carmack hazard
ARGLOG Joe Rogan t   1.7 pos '1490.6 1172.6 204.0' spd 320.0 yaw 267.6 mode 0 st 0 gl 0 hp 100 frg 0
ARGLOG Romero t   1.7 pos '1186.1 -606.2 312.0' spd 320 yaw  47.5 mode 0 st 0 gl 0 hp 100 frg 0
ARGLOG Carmack t   1.7 pos '-448.0 -131.8 320.0' spd 324.5 yaw 257.3 mode 0 st 0 gl 0 hp 100 frg 0
ARGLOG Joe Rogan t   2.2 pos '1484.8 1007.9 204.0' spd 320 yaw 267.6 mode 0 st 0 gl 0 hp 100 frg 0
ARGLOG Romero t   2.2 pos '1300.0 -472.4 216.3' spd 236.0 yaw  47.5 mode 0 st 0 gl 0 hp 100 frg 0
ARGLOG Carmack t   2.2 pos '-448.0 -104.3 320.0' spd 320.0 yaw  90.1 mode 0 st 0 gl 0 hp 100 frg 0
ARGEVT Romero swim
ARGEVT Romero swim
ARGEVT Romero swim
ARGLOG Joe Rogan t   2.7 pos '1479.1 843.5 216.0' spd 320 yaw 267.6 mode 0 st 0 gl 0 hp 100 frg 0
ARGLOG Romero t   2.7 pos '1324.4 -352.9 171.2' spd 248.6 yaw  47.5 mode 0 st 0 gl 0 hp 100 frg 0
ARGLOG Carmack t   2.7 pos '-448.0  60.1 320.0' spd 320 yaw  90.1 mode 0 st 0 gl 0 hp 100 frg 0
ARGEVT Romero swim
ARGEVT Romero swim
ARGEVT Carmack hazard
ARGLOG Joe Rogan t   3.3 pos '1473.4 680.1 264.0' spd 320 yaw 267.6 mode 0 st 0 gl 0 hp 100 frg 0
ARGLOG Romero t   3.3 pos '1370.1 -321.2 171.7' spd 120.4 yaw 268.8 mode 0 st 0 gl 0 hp 100 frg 0
ARGLOG Carmack t   3.3 pos '-445.9 216.0 320.0' spd  41.1 yaw  54.2 mode 0 st 0 gl 0 hp 100 frg 0
ARGEVT Romero swim
ARGEVT Romero swim
ARGLOG Joe Rogan t   3.8 pos '1425.4 699.9 264.0' spd 321.0 yaw 110.5 mode 0 st 0 gl 0 hp 100 frg 0
ARGLOG Romero t   3.8 pos '1388.6 -410.0 172.1' spd 219.3 yaw 268.8 mode 0 st 0 gl 0 hp 100 frg 0
ARGLOG Carmack t   3.8 pos '-405.7  82.2 320.0' spd 320.0 yaw 284.5 mode 0 st 0 gl 0 hp 100 frg 0
ARGEVT Joe Rogan hazard
ARGEVT Romero swim
ARGEVT Joe Rogan goal weapon_rocketlauncher
ARGEVT Romero goal item_armor2
ARGEVT Romero swim
ARGEVT Carmack goal weapon_supernailgun
ARGEVT Joe Rogan route 4 start '1393.0 609.0 280.0' goal '689.0 737.0 200.0'
ARGLOG Joe Rogan t   4.3 pos '1316.2 614.4 312.0' spd 368.6 yaw 158 mode 2 st 0 gl 0 hp 100 frg 0
ARGLOG Romero t   4.3 pos '1388.3 -532.9 170.4' spd 247.6 yaw 193 mode 0 st 0 gl 0 hp 100 frg 0
ARGEVT Romero swim
ARGLOG Carmack t   4.3 pos '-375.1 -75.1 320.0' spd 320.4 yaw 251 mode 0 st 0 gl 0 hp 100 frg 0
ARGEVT Romero route 22 start '1425.0 -543.0 168.0' goal '1297.0 -575.0 400.0'
ARGEVT Carmack route 6 start '-431.0 -159.0 320.0' goal '-111.0 -511.0 384.0'
ARGEVT Romero swim
ARGEVT Carmack hazard
ARGLOG Joe Rogan t   4.8 pos '1151.4 646.0 312.0' spd 322.9 yaw 159 mode 2 st 0 gl 0 hp 100 frg 0
ARGLOG Romero t   4.8 pos '1330.1 -575.6 170.7' spd 102.9 yaw 0 mode 2 st 0 gl 0 hp 100 frg 0
ARGEVT Romero swim
ARGLOG Carmack t   4.8 pos '-443.7 -164.7 320.0' spd 396.2 yaw 51 mode 2 st 0 gl 0 hp 100 frg 0
ARGEVT Romero swim
ARGEVT Romero swim
ARGLOG Joe Rogan t   5.3 pos '1009.8 730.3 312.0' spd 335.7 yaw 178 mode 2 st 0 gl 0 hp 100 frg 0
ARGLOG Romero t   5.3 pos '1366.0 -534.7 171.2' spd 155.8 yaw 351 mode 2 st 0 gl 0 hp 100 frg 0
ARGLOG Carmack t   5.3 pos '-415.4   7.4 320.0' spd 354.6 yaw 354 mode 2 st 0 gl 0 hp 100 frg 0
ARGEVT Joe Rogan hazard
ARGEVT Romero swim
ARGEVT Romero swim
ARGLOG Joe Rogan t   5.8 pos '960.0 669.6 312.0' spd 107.0 yaw 166 mode 2 st 0 gl 0 hp 100 frg 0
ARGLOG Romero t   5.8 pos '1468.3 -526.9 171.5' spd 230.8 yaw 352 mode 2 st 0 gl 0 hp 100 frg 0
ARGLOG Carmack t   5.8 pos '-271.9  95.2 320.0' spd 325.1 yaw 297 mode 2 st 0 gl 0 hp 100 frg 0
ARGEVT Romero swim
ARGEVT Carmack door
ARGEVT Romero swim
ARGLOG Joe Rogan t   6.3 pos '969.7 743.3 312.0' spd 315.8 yaw 182 mode 2 st 0 gl 0 hp 100 frg 0
ARGLOG Romero t   6.3 pos '1520.0 -550.9 171.7' spd  65.2 yaw 356 mode 2 st 0 gl 0 hp 100 frg 0
ARGLOG Carmack t   6.3 pos '-103.0  65.2 320.0' spd 329.5 yaw  34.9 mode 2 st 0 gl 0 hp 100 frg 0
ARGEVT Romero swim
ARGEVT Joe Rogan hazard
ARGEVT Romero swim
ARGLOG Joe Rogan t   6.8 pos '960.0 684.1 312.0' spd 116.9 yaw 168 mode 2 st 0 gl 0 hp 100 frg 0
ARGLOG Romero t   6.8 pos '1520.0 -580.7 172.1' spd  40.7 yaw 1 mode 2 st 0 gl 0 hp 100 frg 0
ARGLOG Carmack t   6.8 pos '-13.4 208.3 320.0' spd 335.5 yaw 109 mode 2 st 0 gl 0 hp 100 frg 0
ARGEVT Romero swim
ARGEVT Romero swim
ARGLOG Joe Rogan t   7.4 pos '972.4 760.0 312.0' spd  99.8 yaw 185 mode 2 st 0 gl 0 hp 100 frg 0
ARGLOG Romero t   7.4 pos '1520.0 -588.2 170.3' spd   6.1 yaw 2 mode 2 st 0 gl 0 hp 100 frg 0
ARGEVT Romero swim
ARGLOG Carmack t   7.4 pos '-56.4 369.1 320.0' spd 321.4 yaw 120 mode 0 st 0 gl 0 hp 100 frg 0
ARGEVT Carmack route 5 start '-47.0 417.0 320.0' goal '-111.0 -511.0 384.0'
ARGEVT Joe Rogan hazard
ARGEVT Romero swim
ARGEVT Carmack hazard
ARGLOG Joe Rogan t   7.9 pos '960.0 656.1 312.0' spd 158.7 yaw 163 mode 2 st 0 gl 0 hp 100 frg 0
ARGLOG Romero t   7.9 pos '1520.0 -579.3 170.5' spd  21.2 yaw 0 mode 2 st 0 gl 0 hp 100 frg 0
ARGEVT Romero swim
ARGLOG Carmack t   7.9 pos '-139.2 435.0 320.0' spd 340.7 yaw 238.9 mode 2 st 0 gl 0 hp 100 frg 0
ARGEVT Romero swim
ARGEVT Romero swim
ARGLOG Joe Rogan t   8.4 pos '960.0 640.4 312.0' spd  59.1 yaw 160 mode 2 st 0 gl 0 hp 100 frg 0
ARGLOG Romero t   8.4 pos '1520.0 -571.9 170.9' spd   9.0 yaw 0 mode 2 st 0 gl 0 hp 100 frg 0
ARGLOG Carmack t   8.4 pos '-117.6 281.4 324.0' spd 431.8 yaw  43.4 mode 2 st 0 gl 0 hp 100 frg 0
ARGEVT Romero swim
ARGEVT Joe Rogan hazard
ARGEVT Romero swim
ARGEVT Joe Rogan stall
ARGEVT Joe Rogan stallnode '689.0 737.0 200.0'
ARGEVT Joe Rogan jump
ARGEVT Romero stall
ARGEVT Romero stallnode '1617.0 -575.0 225.0'
ARGLOG Joe Rogan t   8.9 pos '960.0 638.9 323.7' spd  61.9 yaw 176.3 mode 0 st 1 gl 0 hp 100 frg 0
ARGLOG Romero t   8.9 pos '1520.0 -571.2 171.3' spd   3.5 yaw  14.3 mode 0 st 1 gl 0 hp 100 frg 0
ARGLOG Carmack t   8.9 pos '-51.4 436.5 320.0' spd 401.2 yaw 179.3 mode 2 st 0 gl 0 hp 100 frg 0
ARGEVT Carmack hazard
ARGEVT Joe Rogan route 3 start '1009.0 545.0 312.0' goal '689.0 737.0 200.0'
ARGEVT Romero swim
ARGEVT Romero swim
ARGEVT Romero route 22 start '1425.0 -543.0 168.0' goal '1297.0 -575.0 400.0'
ARGLOG Joe Rogan t   9.4 pos '960.0 623.7 324.8' spd  30.6 yaw 112 mode 2 st 1 gl 0 hp 100 frg 0
ARGLOG Romero t   9.4 pos '1512.7 -530.6 171.6' spd 138.3 yaw 337 mode 2 st 1 gl 0 hp 100 frg 0
ARGLOG Carmack t   9.4 pos '-137.1 448.0 320.0' spd  49.0 yaw  88.4 mode 2 st 0 gl 0 hp 100 frg 0
ARGEVT Romero swim
ARGEVT Joe Rogan stall
ARGEVT Joe Rogan stallnode '1009.0 737.0 312.0'
ARGEVT Joe Rogan jump
ARGEVT Joe Rogan plan powerup via weapon
ARGEVT Joe Rogan goal weapon_supernailgun
ARGEVT Joe Rogan route 16 start '1009.0 737.0 312.0' goal '881.0 -607.0 216.0'
ARGEVT Romero swim
ARGLOG Joe Rogan t   9.9 pos '987.6 693.2 350.0' spd 174.4 yaw 149 mode 2 st 2 gl 0 hp 100 frg 0
ARGLOG Romero t   9.9 pos '1443.2 -509.0 172.0' spd 168.3 yaw 350 mode 2 st 1 gl 0 hp 100 frg 0
ARGLOG Carmack t   9.9 pos '-32.9 430.4 320.0' spd 371.0 yaw 284.0 mode 2 st 0 gl 0 hp 100 frg 0
ARGEVT Romero swim
ARGEVT Romero swim
ARGLOG Joe Rogan t  10.4 pos '984.0 764.1 312.0' spd   2.7 yaw 269 mode 2 st 2 gl 0 hp 100 frg 0
ARGLOG Romero t  10.4 pos '1425.5 -560.6 172.4' spd 136.9 yaw 358 mode 2 st 1 gl 0 hp 100 frg 0
ARGLOG Carmack t  10.4 pos '-87.7 285.2 324.0' spd 435.5 yaw 120.4 mode 2 st 0 gl 0 hp 100 frg 0
ARGEVT Romero swim
ARGEVT Joe Rogan hazard
ARGEVT Romero swim
ARGEVT Carmack hazard
ARGLOG Joe Rogan t  11.0 pos '960.0 670.1 312.0' spd 109.2 yaw 278 mode 2 st 2 gl 0 hp 100 frg 0
ARGLOG Romero t  11.0 pos '1508.3 -593.6 170.7' spd 208.2 yaw 3 mode 2 st 1 gl 0 hp 100 frg 0
ARGEVT Romero swim
ARGLOG Carmack t  11.0 pos '-122.8 448.0 320.0' spd 121.6 yaw 341.0 mode 2 st 0 gl 0 hp 100 frg 0
ARGEVT Romero swim
ARGEVT Romero swim
ARGLOG Joe Rogan t  11.5 pos '965.8 754.5 312.0' spd 107.7 yaw 274 mode 2 st 2 gl 0 hp 100 frg 0
ARGLOG Romero t  11.5 pos '1520.0 -592.4 171.0' spd  26.4 yaw 3 mode 2 st 1 gl 0 hp 100 frg 0
ARGLOG Carmack t  11.5 pos '-58.3 307.0 324.0' spd 423.1 yaw 177.8 mode 2 st 0 gl 0 hp 100 frg 0
ARGEVT Joe Rogan hazard
ARGEVT Romero swim
ARGEVT Romero stall
ARGEVT Romero stallnode '1617.0 -575.0 225.0'
ARGEVT Romero swim
ARGLOG Joe Rogan t  12.0 pos '963.8 602.9 312.0' spd 322.1 yaw 297 mode 2 st 2 gl 0 hp 100 frg 0
ARGLOG Romero t  12.0 pos '1520.0 -570.1 171.3' spd  87.4 yaw  87.6 mode 0 st 2 gl 0 hp 100 frg 0
ARGLOG Carmack t  12.0 pos '-187.4 394.3 320.0' spd 433.1 yaw 24 mode 2 st 0 gl 0 hp 100 frg 0
ARGEVT Romero route 22 start '1425.0 -543.0 168.0' goal '1297.0 -575.0 400.0'
ARGEVT Romero swim
ARGEVT Carmack hazard
ARGEVT Romero swim
ARGLOG Joe Rogan t  12.5 pos '1057.8 487.8 308.0' spd 337.7 yaw 326 mode 2 st 2 gl 0 hp 100 frg 0
ARGLOG Romero t  12.5 pos '1487.0 -511.0 171.5' spd 152.6 yaw 334 mode 2 st 2 gl 0 hp 100 frg 0
ARGLOG Carmack t  12.5 pos '-50.0 412.6 320.0' spd 370.8 yaw 273.1 mode 2 st 0 gl 0 hp 100 frg 0
ARGEVT Romero swim
ARGEVT Romero swim
ARGLOG Joe Rogan t  13.0 pos '1142.7 329.3 308.0' spd 379.6 yaw 359 mode 2 st 2 gl 0 hp 100 frg 0
ARGLOG Romero t  13.0 pos '1415.7 -526.9 171.9' spd 119.4 yaw 354 mode 2 st 2 gl 0 hp 100 frg 0
ARGLOG Carmack t  13.0 pos '-132.8 281.8 324.0' spd 435.3 yaw 108.6 mode 2 st 0 gl 0 hp 100 frg 0
ARGEVT Romero swim
ARGEVT Romero swim
ARGEVT Carmack hazard
ARGLOG Joe Rogan t  13.5 pos '1276.6 294.8 276.1' spd 327.5 yaw 352 mode 2 st 2 gl 0 hp 100 frg 0
ARGLOG Romero t  13.5 pos '1457.9 -572.9 172.2' spd 175.7 yaw 0 mode 2 st 2 gl 0 hp 100 frg 0
ARGLOG Carmack t  13.5 pos '-134.9 448.0 320.0' spd 117.5 yaw 343 mode 2 st 0 gl 0 hp 100 frg 0
ARGEVT Romero swim
ARGEVT Joe Rogan swim
ARGEVT Romero swim
ARGLOG Joe Rogan t  14.0 pos '1342.2 293.0 135.5' spd 125.3 yaw 351 mode 2 st 2 gl 0 hp 100 frg 0
ARGLOG Romero t  14.0 pos '1520.0 -592.0 170.4' spd  10.7 yaw 3 mode 2 st 2 gl 0 hp 100 frg 0
ARGEVT Romero swim
ARGLOG Carmack t  14.0 pos '-33.5 326.8 320.0' spd 416.7 yaw 199.8 mode 2 st 0 gl 0 hp 100 frg 0
ARGEVT Carmack abandon
ARGEVT Romero swim
ARGEVT Carmack goal weapon_rocketlauncher
ARGEVT Carmack route 15 start '-79.0 225.0 320.0' goal '689.0 737.0 200.0'
ARGEVT Romero swim
ARGLOG Joe Rogan t  14.6 pos '1443.4 306.5 127.1' spd 240.7 yaw 321 mode 2 st 2 gl 0 hp 100 frg 0
ARGLOG Romero t  14.6 pos '1520.0 -584.8 170.8' spd  26.1 yaw 1 mode 2 st 2 gl 0 hp 100 frg 0
ARGLOG Carmack t  14.6 pos ' 27.4 196.9 320.0' spd 320.0 yaw 318 mode 2 st 0 gl 0 hp 100 frg 0
ARGEVT Romero stall
ARGEVT Romero stallnode '1617.0 -575.0 225.0'
ARGEVT Romero swim
ARGEVT Romero route 22 start '1425.0 -543.0 168.0' goal '1297.0 -575.0 400.0'
ARGEVT Romero swim
ARGLOG Joe Rogan t  15.1 pos '1576.8 312.8 136.0' spd 268.0 yaw 307 mode 2 st 2 gl 0 hp 100 frg 0
ARGLOG Romero t  15.1 pos '1517.7 -545.7 170.9' spd 136.2 yaw 344 mode 2 st 3 gl 0 hp 100 frg 0
ARGLOG Carmack t  15.1 pos '160.5  96.8 320.0' spd 321.0 yaw 286 mode 2 st 0 gl 0 hp 100 frg 0
ARGEVT Romero swim
ARGEVT Romero swim
ARGLOG Joe Rogan t  15.6 pos '1709.0 290.7 139.3' spd 258.1 yaw 290 mode 2 st 2 gl 0 hp 100 frg 0
ARGLOG Romero t  15.6 pos '1454.0 -507.6 171.1' spd 167.4 yaw 350 mode 2 st 3 gl 0 hp 100 frg 0
ARGLOG Carmack t  15.6 pos '233.8 -53.4 320.0' spd 322.7 yaw 281 mode 2 st 0 gl 0 hp 100 frg 0
ARGEVT Romero swim
ARGEVT Romero swim
ARGLOG Joe Rogan t  16.1 pos '1796.7 197.5 153.3' spd 258.6 yaw 292 mode 2 st 2 gl 0 hp 100 frg 0
ARGLOG Romero t  16.1 pos '1419.0 -549.3 171.6' spd 117.3 yaw 357 mode 2 st 3 gl 0 hp 100 frg 0
ARGLOG Carmack t  16.1 pos '253.9 -216.9 328.0' spd 321.0 yaw 339 mode 2 st 0 gl 0 hp 100 frg 0
ARGEVT Romero swim
ARGEVT Romero swim
ARGLOG Joe Rogan t  16.6 pos '1839.2  61.7 168.0' spd 321.4 yaw 296 mode 2 st 2 gl 0 hp 100 frg 0
ARGLOG Romero t  16.6 pos '1494.2 -585.1 171.8' spd 205.8 yaw 1 mode 2 st 3 gl 0 hp 100 frg 0
ARGLOG Carmack t  16.6 pos '294.2 -378.4 320.0' spd 345.7 yaw 61 mode 2 st 0 gl 0 hp 100 frg 0
ARGEVT Romero swim
ARGEVT Joe Rogan swim
ARGEVT Romero swim
ARGLOG Joe Rogan t  17.1 pos '1876.0 -89.6 170.4' spd 285.6 yaw 301 mode 2 st 2 gl 0 hp 100 frg 0
ARGEVT Joe Rogan swim
ARGLOG Romero t  17.1 pos '1520.0 -591.5 172.0' spd  12.5 yaw 3 mode 2 st 3 gl 0 hp 100 frg 0
ARGLOG Carmack t  17.1 pos '455.6 -354.9 320.0' spd 388.8 yaw 95 mode 2 st 0 gl 0 hp 100 frg 0
ARGEVT Romero swim
ARGEVT Carmack door
ARGEVT Carmack hazard
ARGEVT Joe Rogan swim
ARGEVT Romero swim
ARGEVT Romero stall
ARGEVT Romero stallnode '1617.0 -575.0 225.0'
ARGEVT Joe Rogan swim
ARGLOG Joe Rogan t  17.7 pos '1929.1 -200.0 170.9' spd 133.1 yaw 253 mode 2 st 2 gl 0 hp 100 frg 0
ARGUS routecache adopt
ARGEVT Romero route 22 start '1425.0 -543.0 168.0' goal '1297.0 -575.0 400.0'
ARGLOG Romero t  17.7 pos '1520.0 -577.4 172.4' spd  49.5 yaw  53.0 mode 0 st 4 gl 0 hp 100 frg 0
ARGLOG Carmack t  17.7 pos '481.3 -272.0 320.0' spd  45.5 yaw 113 mode 2 st 0 gl 0 hp 100 frg 0
ARGEVT Romero swim
ARGEVT Joe Rogan swim
ARGEVT Romero swim
ARGEVT Joe Rogan swim
ARGLOG Joe Rogan t  18.2 pos '1999.4 -201.4 171.1' spd 133.5 yaw 236 mode 2 st 2 gl 0 hp 100 frg 0
ARGLOG Romero t  18.2 pos '1500.8 -523.9 170.5' spd 145.7 yaw 337 mode 2 st 4 gl 0 hp 100 frg 0
ARGEVT Romero swim
ARGLOG Carmack t  18.2 pos '420.1 -274.0 320.0' spd 247.6 yaw 84 mode 2 st 0 gl 0 hp 100 frg 0
ARGEVT Joe Rogan swim
ARGEVT Carmack hazard
ARGEVT Romero swim
ARGEVT Joe Rogan swim
ARGEVT Joe Rogan engage Romero
ARGEVT Romero engage Joe Rogan
ARGEVT Romero swim
ARGLOG Joe Rogan t  18.7 pos '2053.6 -265.6 171.4' spd 173.6 yaw 203.2 mode 2 st 2 gl 0 hp 100 frg 0
ARGLOG Romero t  18.7 pos '1423.2 -518.2 170.8' spd 118.5 yaw  16.4 mode 2 st 4 gl 0 hp 100 frg 0
ARGLOG Carmack t  18.7 pos '366.0 -273.2 320.0' spd 252.5 yaw 60 mode 2 st 0 gl 0 hp 100 frg 0
ARGEVT Joe Rogan swim
ARGEVT Romero swim
ARGEVT Joe Rogan swim
ARGEVT Romero swim
ARGLOG Joe Rogan t  19.2 pos '2021.2 -338.6 171.9' spd 188.6 yaw 193.4 mode 2 st 2 gl 0 hp 100 frg 0
ARGLOG Romero t  19.2 pos '1447.9 -506.9 171.4' spd 142.3 yaw  15.3 mode 2 st 4 gl 0 hp 100 frg 0
ARGLOG Carmack t  19.2 pos '407.3 -272.0 320.0' spd  47.3 yaw 77 mode 2 st 0 gl 0 hp 100 frg 0
ARGEVT Joe Rogan swim
ARGEVT Romero swim
ARGEVT Carmack hazard
ARGEVT Joe Rogan pursue
ARGEVT Romero pursue
ARGEVT Joe Rogan swim
ARGEVT Romero swim
ARGLOG Joe Rogan t  19.7 pos '1939.5 -407.9 172.1' spd 224.8 yaw 192 mode 2 st 2 gl 0 hp 100 frg 0
ARGLOG Romero t  19.7 pos '1520.0 -500.7 171.5' spd  32.9 yaw 323 mode 2 st 4 gl 0 hp 100 frg 0
ARGLOG Carmack t  19.7 pos '431.8 -272.0 320.0' spd  46.6 yaw 89 mode 2 st 0 gl 0 hp 100 frg 0
ARGEVT Joe Rogan swim
ARGEVT Romero swim
ARGEVT Joe Rogan swim
ARGEVT Romero swim
ARGEVT Romero pursue
ARGLOG Joe Rogan t  20.2 pos '1825.6 -460.0 172.5' spd 263.0 yaw 188 mode 2 st 2 gl 0 hp 100 frg 0
ARGLOG Romero t  20.2 pos '1520.0 -539.8 171.9' spd  81.6 yaw  11.0 mode 2 st 4 gl 0 hp 100 frg 0
ARGLOG Carmack t  20.2 pos '454.9 -272.0 320.0' spd  44.3 yaw 101 mode 2 st 0 gl 0 hp 100 frg 0
ARGEVT Joe Rogan swim
ARGEVT Romero swim
ARGEVT Carmack hazard
ARGEVT Joe Rogan swim
ARGEVT Romero swim
ARGEVT Joe Rogan swim
ARGLOG Joe Rogan t  20.7 pos '1690.3 -464.0 170.9' spd 274.4 yaw 191 mode 2 st 2 gl 0 hp 100 frg 0
ARGLOG Romero t  20.7 pos '1520.0 -539.9 172.4' spd  48.4 yaw 23 mode 2 st 4 gl 0 hp 100 frg 0
ARGLOG Carmack t  20.7 pos '477.4 -272.0 320.0' spd  44.1 yaw 111 mode 2 st 0 gl 0 hp 100 frg 0
ARGEVT Romero swim
ARGEVT Joe Rogan swim
ARGEVT Romero swim
ARGEVT Joe Rogan swim
ARGLOG Joe Rogan t  21.3 pos '1546.0 -464.0 171.2' spd 282.5 yaw 204 mode 2 st 2 gl 0 hp 100 frg 0
ARGLOG Romero t  21.3 pos '1520.0 -518.6 170.6' spd  13.8 yaw 330 mode 2 st 4 gl 0 hp 100 frg 0
ARGEVT Romero swim
ARGLOG Carmack t  21.3 pos '446.1 -274.2 320.0' spd 273.6 yaw 96 mode 2 st 0 gl 0 hp 100 frg 0
ARGEVT Joe Rogan swim
ARGEVT Carmack hazard
ARGEVT Joe Rogan swim
ARGLOG Joe Rogan t  21.8 pos '1432.8 -428.7 171.6' spd 212.9 yaw 290.0 mode 2 st 2 gl 0 hp 100 frg 0
ARGLOG Romero t  21.8 pos '1515.8 -604.2 171.5' spd 234.7 yaw 115.5 mode 2 st 4 gl 0 hp 73 frg 0
ARGLOG Carmack t  21.8 pos '355.9 -284.4 320.0' spd 128.7 yaw 59 mode 2 st 0 gl 0 hp 100 frg 0
ARGEVT Joe Rogan swim
ARGEVT Romero swim
ARGEVT Joe Rogan swim
ARGLOG Joe Rogan t  22.3 pos '1300.4 -393.6 171.9' spd 284.8 yaw 280.9 mode 2 st 2 gl 0 hp 76 frg 0
ARGLOG Romero t  22.3 pos '1432.4 -727.1 171.9' spd 296.6 yaw 109.8 mode 2 st 4 gl 0 hp 55 frg 0
ARGLOG Carmack t  22.3 pos '395.7 -272.0 320.0' spd  48.1 yaw 72 mode 2 st 0 gl 0 hp 100 frg 0
ARGEVT Joe Rogan swim
ARGEVT Romero swim
ARGEVT Carmack hazard
ARGEVT Joe Rogan swim
ARGEVT Romero swim
ARGLOG Joe Rogan t  22.8 pos '1161.4 -409.9 172.1' spd 271.3 yaw 298.5 mode 2 st 2 gl 0 hp 76 frg 0
ARGLOG Romero t  22.8 pos '1372.7 -743.0 170.0' spd  86.7 yaw 118.4 mode 2 st 4 gl 0 hp 37 frg 0
ARGLOG Carmack t  22.8 pos '420.4 -272.0 320.0' spd  46.5 yaw 84 mode 2 st 0 gl 0 hp 100 frg 0
ARGEVT Joe Rogan swim
ARGEVT Romero grab item_health
ARGEVT Romero retreat
ARGEVT Joe Rogan swim
ARGEVT Romero swim
ARGLOG Joe Rogan t  23.3 pos '1051.6 -445.7 172.4' spd  52.1 yaw 329.3 mode 2 st 2 gl 0 hp 60 frg 0
ARGLOG Romero t  23.3 pos '1394.9 -744.0 170.5' spd 126.6 yaw 141.2 mode 2 st 4 gl 0 hp 19 frg 0
ARGLOG Carmack t  23.3 pos '443.7 -272.0 320.0' spd  45.9 yaw 95 mode 2 st 0 gl 0 hp 100 frg 0
ARGEVT Joe Rogan swim
ARGEVT Carmack hazard
ARGEVT Joe Rogan swim
ARGEVT Romero swim
ARGEVT Romero swim
ARGLOG Joe Rogan t  23.8 pos '1101.5 -415.4 170.7' spd 169.7 yaw 324.9 mode 2 st 2 gl 0 hp 56 frg 0
ARGEVT Joe Rogan swim
ARGLOG Romero t  23.8 pos '1493.5 -744.0 171.0' spd 227.0 yaw 140.9 mode 2 st 4 gl 0 hp 19 frg 0
ARGLOG Carmack t  23.8 pos '466.5 -272.0 320.0' spd  43.8 yaw 106 mode 2 st 0 gl 0 hp 100 frg 0
ARGEVT Joe Rogan weapon sg
ARGEVT Joe Rogan swim
ARGEVT Romero swim
ARGEVT Romero death Joe Rogan pos '1520.0 -752.0 170.6'
ARGUS Joe Rogan watch spawn
ARGEVT Joe Rogan plan powerup via weapon
ARGEVT Joe Rogan goal weapon_supernailgun
ARGEVT Joe Rogan route 2 start '1073.0 -351.0 168.0' goal '881.0 -607.0 216.0'
ARGEVT Joe Rogan swim
ARGLOG Joe Rogan t  24.3 pos '1178.5 -339.6 171.1' spd 213.9 yaw 314.1 mode 2 st 2 gl 0 hp 48 frg 1
ARGLOG Carmack t  24.3 pos '488.8 -272.0 320.0' spd  43.2 yaw 110 mode 2 st 0 gl 0 hp 100 frg 0
ARGEVT Joe Rogan swim
ARGEVT Carmack hazard
ARGEVT Joe Rogan swim
ARGLOG Joe Rogan t  24.8 pos '1269.5 -342.2 171.5' spd 195.4 yaw 302 mode 2 st 2 gl 0 hp 48 frg 1
ARGLOG Carmack t  24.8 pos '390.9 -275.8 320.0' spd 180.1 yaw 71 mode 2 st 0 gl 0 hp 100 frg 0
ARGEVT Joe Rogan swim
ARGEVT Joe Rogan swim
ARGEVT Carmack abandon
ARGLOG Joe Rogan t  25.4 pos '1355.2 -419.4 171.7' spd 246.5 yaw 297 mode 2 st 2 gl 0 hp 48 frg 1
ARGLOG Carmack t  25.4 pos '306.0 -294.5 320.0' spd 344.7 yaw 247.1 mode 0 st 0 gl 0 hp 100 frg 0
ARGEVT Joe Rogan swim
ARGEVT Carmack plan powerup via weapon
ARGEVT Carmack goal weapon_grenadelauncher
ARGEVT Carmack route 11 start '305.0 -447.0 320.0' goal '1233.0 -1119.0 440.0'
ARGEVT Romero respawn
ARGEVT Romero goal item_armor2
ARGLOG Romero t  25.7 pos '1936.0 -136.0 312.0' spd 0 yaw 196.3 mode 0 st 4 gl 0 hp 100 frg 0
ARGEVT Joe Rogan route 3 start '1425.0 -543.0 168.0' goal '881.0 -607.0 216.0'
ARGEVT Joe Rogan swim
ARGLOG Joe Rogan t  25.9 pos '1430.9 -531.1 172.1' spd 275.2 yaw 292 mode 2 st 2 gl 0 hp 48 frg 1
ARGLOG Carmack t  25.9 pos '338.6 -447.3 320.0' spd 430.5 yaw 14 mode 2 st 0 gl 0 hp 100 frg 0
ARGEVT Joe Rogan swim
ARGEVT Romero route 25 start '1905.0 -127.0 312.0' goal '1297.0 -575.0 400.0'
ARGEVT Romero hazard
ARGEVT Joe Rogan swim
ARGLOG Romero t  26.2 pos '1798.1 -187.0 312.0' spd 334.9 yaw 197 mode 2 st 4 gl 0 hp 100 frg 0
ARGLOG Joe Rogan t  26.4 pos '1496.2 -660.4 170.5' spd 287.1 yaw 285 mode 2 st 2 gl 0 hp 48 frg 1
ARGEVT Joe Rogan swim
ARGLOG Carmack t  26.4 pos '481.4 -330.6 320.0' spd 347.3 yaw   5.4 mode 2 st 0 gl 0 hp 100 frg 0
ARGEVT Joe Rogan swim
ARGLOG Romero t  26.7 pos '1712.0 -79.3 312.0' spd 394.8 yaw 181.0 mode 2 st 4 gl 0 hp 100 frg 0
ARGEVT Carmack hazard
ARGLOG Joe Rogan t  26.9 pos '1508.6 -750.4 170.8' spd  68.2 yaw 167 mode 0 st 2 gl 0 hp 48 frg 1
ARGEVT Joe Rogan swim
ARGLOG Carmack t  26.9 pos '635.5 -268.9 320.0' spd 325.7 yaw 261 mode 2 st 0 gl 0 hp 100 frg 0
ARGEVT Joe Rogan route 3 start '1361.0 -703.0 168.0' goal '881.0 -607.0 216.0'
ARGEVT Joe Rogan swim
ARGLOG Romero t  27.2 pos '1723.6  97.9 312.0' spd 333.7 yaw 99 mode 2 st 4 gl 0 hp 100 frg 0
ARGEVT Joe Rogan swim
ARGLOG Joe Rogan t  27.4 pos '1432.8 -728.2 171.2' spd 201.4 yaw 154 mode 2 st 2 gl 0 hp 48 frg 1
ARGLOG Carmack t  27.4 pos '618.7 -373.9 320.0' spd 320.1 yaw 261 mode 2 st 0 gl 0 hp 100 frg 0
ARGEVT Joe Rogan swim
ARGLOG Romero t  27.7 pos '1753.9 263.5 312.0' spd 340.9 yaw 157 mode 2 st 4 gl 0 hp 100 frg 0
ARGEVT Joe Rogan swim
ARGEVT Carmack jump
ARGLOG Joe Rogan t  27.9 pos '1321.6 -678.7 171.6' spd 257.9 yaw 154 mode 2 st 2 gl 0 hp 48 frg 1
ARGLOG Carmack t  27.9 pos '576.4 -533.2 349.6' spd 320.1 yaw 268 mode 2 st 0 gl 0 hp 100 frg 0
ARGEVT Joe Rogan swim
ARGLOG Romero t  28.2 pos '1631.5 377.7 312.0' spd 330.3 yaw 213 mode 2 st 4 gl 0 hp 100 frg 0
ARGEVT Joe Rogan door
ARGEVT Joe Rogan swim
ARGLOG Joe Rogan t  28.4 pos '1198.3 -612.9 172.0' spd 281.5 yaw 159 mode 2 st 2 gl 0 hp 48 frg 1
ARGLOG Carmack t  28.4 pos '542.6 -632.3 392.0' spd 323.7 yaw 269 mode 2 st 0 gl 0 hp 100 frg 0
ARGEVT Joe Rogan swim
ARGEVT Joe Rogan swim
ARGLOG Romero t  28.8 pos '1463.8 385.7 320.0' spd 354.3 yaw 254 mode 2 st 4 gl 0 hp 100 frg 0
ARGLOG Joe Rogan t  29.0 pos '1063.0 -550.7 172.1' spd 291.7 yaw 162 mode 2 st 2 gl 0 hp 48 frg 1
ARGLOG Carmack t  29.0 pos '552.7 -797.8 432.0' spd 320.0 yaw 267 mode 2 st 0 gl 0 hp 100 frg 0
ARGEVT Joe Rogan swim
ARGEVT Joe Rogan swim
ARGLOG Romero t  29.3 pos '1370.9 239.2 320.0' spd 325.2 yaw 269 mode 2 st 4 gl 0 hp 100 frg 0
ARGLOG Joe Rogan t  29.5 pos '1040.0 -499.3 172.3' spd  79.8 yaw 177 mode 2 st 2 gl 0 hp 48 frg 1
ARGLOG Carmack t  29.5 pos '554.7 -963.0 432.0' spd 320.3 yaw 301 mode 2 st 0 gl 0 hp 100 frg 0
ARGEVT Joe Rogan swim
ARGEVT Joe Rogan swim
ARGLOG Romero t  29.8 pos '1358.8  75.0 320.0' spd 320.2 yaw 227 mode 2 st 4 gl 0 hp 100 frg 0
ARGLOG Joe Rogan t  30.0 pos '1040.0 -473.6 170.5' spd  22.3 yaw 187 mode 2 st 2 gl 0 hp 48 frg 1
ARGEVT Joe Rogan swim
ARGLOG Carmack t  30.0 pos '550.7 -1130.0 432.0' spd 360.3 yaw 352 mode 2 st 0 gl 0 hp 100 frg 0
ARGEVT Joe Rogan swim
ARGLOG Romero t  30.3 pos '1359.9  32.0 320.0' spd   2.9 yaw 220 mode 2 st 4 gl 0 hp 100 frg 0
ARGEVT Joe Rogan stall
ARGEVT Joe Rogan stallnode '977.0 -511.0 168.0'
ARGLOG Joe Rogan t  30.5 pos '1040.0 -476.1 170.7' spd  20.2 yaw 203.3 mode 0 st 3 gl 0 hp 48 frg 1
ARGEVT Joe Rogan swim
ARGLOG Carmack t  30.5 pos '687.0 -1234.5 432.0' spd 341.4 yaw 46 mode 2 st 0 gl 0 hp 100 frg 0
ARGEVT Joe Rogan route 2 start '1073.0 -351.0 168.0' goal '881.0 -607.0 216.0'
ARGEVT Joe Rogan swim
ARGLOG Romero t  30.8 pos '1357.7 -124.9 320.0' spd 345.1 yaw 190 mode 2 st 4 gl 0 hp 100 frg 0
ARGEVT Joe Rogan swim
ARGLOG Joe Rogan t  31.0 pos '1040.0 -505.4 171.1' spd  45.0 yaw 175 mode 2 st 3 gl 0 hp 48 frg 1
ARGLOG Carmack t  31.0 pos '852.1 -1213.9 432.0' spd 322.0 yaw 66 mode 2 st 0 gl 0 hp 100 frg 0
ARGEVT Joe Rogan swim
ARGEVT Carmack hazard
ARGLOG Romero t  31.3 pos '1199.0 -187.4 320.0' spd 320.3 yaw 167 mode 2 st 4 gl 0 hp 100 frg 0
ARGEVT Joe Rogan swim
ARGLOG Joe Rogan t  31.5 pos '1040.0 -511.6 171.3' spd   9.0 yaw 173 mode 2 st 3 gl 0 hp 48 frg 1
ARGLOG Carmack t  31.5 pos '936.0 -1144.0 432.0' spd 0 yaw 50 mode 2 st 0 gl 0 hp 100 frg 0
ARGEVT Joe Rogan swim
ARGLOG Romero t  31.8 pos '1034.1 -188.8 320.0' spd 328.4 yaw 176 mode 2 st 4 gl 0 hp 100 frg 0
ARGEVT Joe Rogan stall
ARGEVT Joe Rogan stallnode '1073.0 -351.0 168.0'
ARGEVT Joe Rogan swim
ARGUS routecache adopt
ARGEVT Joe Rogan route 2 start '1073.0 -351.0 168.0' goal '881.0 -607.0 216.0'
ARGLOG Joe Rogan t  32.0 pos '1040.0 -502.7 171.6' spd   0.4 yaw 224.3 mode 0 st 4 gl 0 hp 48 frg 1
ARGLOG Carmack t  32.0 pos '936.0 -1144.0 432.0' spd 0 yaw 50 mode 2 st 0 gl 0 hp 100 frg 0
ARGEVT Joe Rogan swim
ARGLOG Romero t  32.4 pos '875.0 -140.3 320.0' spd 320.8 yaw 184 mode 2 st 4 gl 0 hp 100 frg 0
ARGEVT Joe Rogan swim
ARGLOG Joe Rogan t  32.6 pos '1040.0 -511.3 171.9' spd   2.1 yaw 173 mode 2 st 4 gl 0 hp 48 frg 1
ARGLOG Carmack t  32.6 pos '936.0 -1144.0 432.0' spd 0 yaw 50 mode 2 st 0 gl 0 hp 100 frg 0
ARGEVT Joe Rogan stall
ARGEVT Joe Rogan stallnode '1073.0 -351.0 168.0'
ARGEVT Carmack stall
ARGEVT Carmack stallnode '977.0 -927.0 440.0'
ARGEVT Carmack jump
ARGEVT Joe Rogan plan powerup via weapon
ARGEVT Joe Rogan goal weapon_grenadelauncher
ARGEVT Joe Rogan swim
ARGEVT Romero hazard
ARGEVT Joe Rogan route 20 start '1073.0 -351.0 168.0' goal '1233.0 -1119.0 440.0'
ARGEVT Joe Rogan swim
ARGLOG Romero t  32.9 pos '762.9 -55.0 320.0' spd 214.6 yaw 243 mode 2 st 4 gl 0 hp 100 frg 0
ARGUS routecache adopt
ARGEVT Carmack route 3 start '913.0 -1183.0 432.0' goal '1233.0 -1119.0 440.0'
ARGLOG Joe Rogan t  33.1 pos '1040.0 -519.8 172.3' spd  15.2 yaw 170 mode 2 st 5 gl 0 hp 48 frg 1
ARGLOG Carmack t  33.1 pos '936.0 -1133.8 462.0' spd  22.9 yaw 78 mode 2 st 1 gl 0 hp 100 frg 0
ARGEVT Joe Rogan swim
ARGEVT Joe Rogan stall
ARGEVT Joe Rogan stallnode '1073.0 -351.0 168.0'
ARGEVT Joe Rogan swim
ARGLOG Romero t  33.4 pos '681.7 -141.8 320.0' spd 331.7 yaw 250 mode 2 st 4 gl 0 hp 100 frg 0
ARGUS routecache adopt
ARGEVT Joe Rogan route 20 start '1073.0 -351.0 168.0' goal '1233.0 -1119.0 440.0'
ARGLOG Joe Rogan t  33.6 pos '1040.0 -520.0 170.5' spd  28.7 yaw 186.3 mode 2 st 6 gl 0 hp 48 frg 1
ARGEVT Joe Rogan swim
ARGLOG Carmack t  33.6 pos '841.3 -1198.3 432.0' spd 396.6 yaw 45 mode 2 st 1 gl 0 hp 100 frg 0
ARGEVT Carmack hazard
ARGEVT Joe Rogan swim
ARGLOG Romero t  33.9 pos '575.4 -270.8 320.0' spd 337.6 yaw 268 mode 2 st 4 gl 0 hp 100 frg 0
ARGEVT Joe Rogan stall
ARGEVT Joe Rogan stallnode '1073.0 -351.0 168.0'
ARGEVT Joe Rogan plan powerup via weapon
ARGEVT Joe Rogan goal weapon_nailgun
ARGLOG Joe Rogan t  34.1 pos '1040.0 -518.9 170.7' spd  26.6 yaw 185.3 mode 0 st 7 gl 0 hp 48 frg 1
ARGEVT Joe Rogan swim
ARGUS routecache adopt
ARGEVT Carmack route 4 start '721.0 -1247.0 432.0' goal '1233.0 -1119.0 440.0'
ARGLOG Carmack t  34.1 pos '744.8 -1160.0 432.0' spd 234.0 yaw 3 mode 0 st 1 gl 0 hp 100 frg 0
ARGEVT Joe Rogan route 18 start '1073.0 -351.0 168.0' goal '1489.0 1249.0 204.0'
ARGEVT Joe Rogan swim
ARGLOG Romero t  34.4 pos '565.0 -437.1 320.0' spd 320.0 yaw 270 mode 2 st 4 gl 0 hp 100 frg 0
ARGEVT Joe Rogan swim
ARGLOG Joe Rogan t  34.6 pos '1040.0 -520.8 170.8' spd  10.8 yaw 169 mode 2 st 7 gl 0 hp 48 frg 1
ARGEVT Romero jump
ARGLOG Carmack t  34.6 pos '911.8 -1173.2 432.0' spd 338.6 yaw 50 mode 2 st 1 gl 0 hp 100 frg 0
ARGEVT Joe Rogan stall
ARGEVT Joe Rogan stallnode '1073.0 -351.0 168.0'
ARGEVT Joe Rogan swim
ARGUS routecache adopt
ARGEVT Joe Rogan route 18 start '1073.0 -351.0 168.0' goal '1489.0 1249.0 204.0'
ARGLOG Romero t  34.9 pos '561.1 -563.1 366.9' spd  31.3 yaw 270 mode 2 st 4 gl 0 hp 100 frg 0
ARGEVT Joe Rogan swim
ARGLOG Joe Rogan t  35.1 pos '1040.0 -519.4 171.0' spd  19.7 yaw 170 mode 2 st 8 gl 0 hp 48 frg 1
ARGLOG Carmack t  35.1 pos '919.7 -1022.2 440.0' spd 337.8 yaw 343 mode 2 st 1 gl 0 hp 100 frg 0
ARGEVT Joe Rogan swim
ARGLOG Romero t  35.5 pos '561.4 -675.3 408.0' spd 320.0 yaw 267 mode 2 st 4 gl 0 hp 100 frg 0
ARGEVT Joe Rogan stall
ARGEVT Joe Rogan stallnode '1073.0 -351.0 168.0'
ARGEVT Joe Rogan plan powerup via weapon
ARGEVT Joe Rogan goal weapon_supernailgun
ARGEVT Joe Rogan swim
ARGLOG Joe Rogan t  35.7 pos '1040.0 -515.1 171.3' spd   4.5 yaw 219.0 mode 0 st 9 gl 0 hp 48 frg 1
ARGLOG Carmack t  35.7 pos '1042.6 -903.5 440.0' spd 324.3 yaw 312 mode 2 st 1 gl 0 hp 100 frg 0
ARGEVT Joe Rogan route 20 start '1073.0 -351.0 168.0' goal '-111.0 -511.0 384.0'
ARGUS Joe Rogan unstick pinned '1073.0 -511.0 312.0'
ARGLOG Romero t  36.0 pos '563.7 -839.7 432.0' spd 320.0 yaw 265 mode 2 st 4 gl 0 hp 100 frg 0
ARGEVT Carmack door
ARGLOG Joe Rogan t  36.2 pos '1040.0 -502.7 312.0' spd  14.2 yaw 176 mode 0 st 9 gl 0 hp 48 frg 1
ARGLOG Carmack t  36.2 pos '1203.5 -862.8 440.0' spd 328.7 yaw 345 mode 2 st 1 gl 0 hp 100 frg 0
ARGEVT Joe Rogan abandon
ARGEVT Joe Rogan goal item_artifact_super_damage
ARGLOG Romero t  36.5 pos '554.6 -1003.7 432.0' spd 320.1 yaw 305 mode 2 st 4 gl 0 hp 100 frg 0
ARGEVT Joe Rogan route 16 start '1073.0 -511.0 312.0' goal '401.0 -1375.0 432.0'
ARGLOG Joe Rogan t  36.7 pos '1105.5 -585.6 312.0' spd 336.7 yaw 7 mode 2 st 9 gl 0 hp 48 frg 1
ARGLOG Carmack t  36.7 pos '1365.0 -894.3 440.0' spd 320.7 yaw 338 mode 2 st 1 gl 0 hp 100 frg 0
ARGLOG Romero t  37.0 pos '567.8 -1170.1 432.0' spd 365.3 yaw 358 mode 2 st 4 gl 0 hp 100 frg 0
ARGEVT Carmack hazard
ARGLOG Joe Rogan t  37.2 pos '1310.7 -559.0 280.3' spd 414.6 yaw 7 mode 2 st 9 gl 0 hp 48 frg 1
ARGLOG Carmack t  37.2 pos '1504.3 -995.0 440.0' spd 404.5 yaw 219.2 mode 2 st 1 gl 0 hp 100 frg 0
ARGEVT Joe Rogan swim
ARGLOG Romero t  37.5 pos '723.4 -1239.2 432.0' spd 331.2 yaw 50 mode 2 st 4 gl 0 hp 100 frg 0
ARGLOG Joe Rogan t  37.7 pos '1368.6 -500.8 170.4' spd 109.9 yaw 324 mode 2 st 9 gl 0 hp 48 frg 1
ARGEVT Joe Rogan swim
ARGLOG Carmack t  37.7 pos '1374.7 -1032.0 440.0' spd 301.0 yaw 212.0 mode 2 st 1 gl 0 hp 100 frg 0
ARGEVT Joe Rogan swim
ARGLOG Romero t  38.0 pos '884.7 -1202.0 432.0' spd 323.0 yaw 50 mode 2 st 4 gl 0 hp 100 frg 0
ARGEVT Romero hazard
ARGEVT Carmack hazard
ARGLOG Joe Rogan t  38.2 pos '1304.3 -490.4 170.8' spd 130.1 yaw 345 mode 2 st 9 gl 0 hp 48 frg 1
ARGEVT Joe Rogan swim
ARGLOG Carmack t  38.2 pos '1290.0 -1013.5 440.0' spd 132.7 yaw 242.0 mode 2 st 1 gl 0 hp 100 frg 0
ARGEVT Joe Rogan swim
ARGLOG Romero t  38.5 pos '927.7 -1050.1 440.0' spd 325.6 yaw 37 mode 2 st 4 gl 0 hp 100 frg 0
ARGEVT Carmack engage Romero
ARGEVT Romero engage Carmack
ARGEVT Joe Rogan swim
ARGLOG Joe Rogan t  38.7 pos '1325.8 -539.2 171.2' spd 148.1 yaw 354 mode 2 st 9 gl 0 hp 48 frg 1
ARGLOG Carmack t  38.7 pos '1195.2 -977.4 440.0' spd 325.2 yaw 184.6 mode 2 st 1 gl 0 hp 100 frg 0
ARGEVT Joe Rogan swim
ARGLOG Romero t  39.0 pos '945.6 -903.6 440.0' spd 320.0 yaw   3.9 mode 2 st 4 gl 0 hp 100 frg 0
ARGEVT Carmack grab item_health
ARGEVT Joe Rogan swim
ARGLOG Joe Rogan t  39.3 pos '1421.6 -562.9 171.6' spd 222.9 yaw 310.1 mode 2 st 9 gl 0 hp 48 frg 1
ARGLOG Carmack t  39.3 pos '1154.0 -819.6 440.0' spd 201.4 yaw 179.4 mode 2 st 1 gl 0 hp 83 frg 0
ARGEVT Joe Rogan swim
ARGLOG Romero t  39.6 pos '952.3 -729.1 440.0' spd 370.7 yaw 310.3 mode 2 st 4 gl 0 hp 76 frg 0
ARGEVT Joe Rogan swim
ARGLOG Joe Rogan t  39.8 pos '1481.9 -625.5 171.8' spd 158.6 yaw 211 mode 2 st 9 gl 0 hp 48 frg 1
ARGLOG Carmack t  39.8 pos '1049.1 -933.7 440.0' spd 426.8 yaw 127.6 mode 2 st 1 gl 0 hp 66 frg 0
ARGEVT Joe Rogan swim
ARGEVT Carmack hazard
ARGEVT Joe Rogan swim
ARGLOG Romero t  40.1 pos '828.0 -781.9 440.0' spd 329.9 yaw 303.0 mode 0 st 4 gl 0 hp 52 frg 0
ARGLOG Joe Rogan t  40.3 pos '1433.3 -707.5 172.3' spd 221.1 yaw 211 mode 2 st 9 gl 0 hp 48 frg 1
ARGLOG Carmack t  40.3 pos '902.5 -995.6 440.0' spd 324.7 yaw 120.3 mode 0 st 1 gl 0 hp 66 frg 0
ARGEVT Romero route 7 start '817.0 -767.0 440.0' goal '1297.0 -575.0 400.0'
ARGEVT Joe Rogan swim
ARGEVT Carmack route 3 start '817.0 -991.0 440.0' goal '1233.0 -1119.0 440.0'
ARGEVT Joe Rogan swim
ARGLOG Romero t  40.6 pos '900.5 -785.6 440.0' spd 348.0 yaw 252.5 mode 2 st 4 gl 0 hp 40 frg 0
ARGLOG Joe Rogan t  40.8 pos '1334.5 -744.0 170.5' spd 221.9 yaw 186 mode 2 st 9 gl 0 hp 48 frg 1
ARGEVT Joe Rogan swim
ARGLOG Carmack t  40.8 pos '795.6 -977.5 440.0' spd 320.7 yaw  55.3 mode 2 st 1 gl 0 hp 38 frg 0
ARGEVT Joe Rogan swim
ARGLOG Romero t  41.1 pos '998.0 -891.6 440.0' spd 328.4 yaw 177.8 mode 2 st 4 gl 0 hp 40 frg 0
ARGEVT Carmack death Romero pos '789.1 -851.1 440.0'
ARGUS Romero watch spawn
ARGEVT Joe Rogan route 15 start '1361.0 -703.0 168.0' goal '401.0 -1375.0 432.0'
ARGLOG Joe Rogan t  41.3 pos '1222.8 -734.7 170.8' spd 194.1 yaw 164.7 mode 2 st 9 gl 0 hp 48 frg 1
ARGEVT Joe Rogan swim
ARGEVT Romero goal item_health
ARGEVT Romero route 1 start '977.0 -927.0 440.0' goal '1105.0 -1119.0 440.0'
ARGEVT Joe Rogan swim
ARGLOG Romero t  41.6 pos '895.2 -1020.9 440.0' spd 361.2 yaw 156 mode 2 st 4 gl 0 hp 40 frg 1
ARGEVT Joe Rogan swim
ARGLOG Joe Rogan t  41.8 pos '1131.5 -711.5 171.0' spd 185.1 yaw 239 mode 2 st 9 gl 0 hp 48 frg 1
ARGEVT Joe Rogan swim
ARGLOG Romero t  42.1 pos '806.8 -891.1 440.0' spd 427.9 yaw   2.5 mode 2 st 4 gl 0 hp 40 frg 1
ARGEVT Joe Rogan swim
ARGLOG Joe Rogan t  42.3 pos '1058.6 -752.0 171.3' spd  70.3 yaw 29 mode 2 st 9 gl 0 hp 48 frg 1
ARGEVT Joe Rogan swim
ARGLOG Romero t  42.6 pos '945.3 -965.5 440.0' spd 439.9 yaw 199 mode 2 st 4 gl 0 hp 40 frg 1
ARGEVT Joe Rogan swim
ARGEVT Carmack respawn
ARGEVT Carmack goal weapon_supernailgun
ARGLOG Carmack t  42.8 pos '1496.0 1328.0 200.0' spd 0 yaw 253.4 mode 0 st 1 gl 0 hp 100 frg 0
ARGLOG Joe Rogan t  42.9 pos '1097.3 -748.7 171.8' spd 155.1 yaw 319.7 mode 2 st 9 gl 0 hp 48 frg 1
ARGEVT Carmack route 20 start '1489.0 1249.0 204.0' goal '881.0 -607.0 216.0'
ARGEVT Joe Rogan swim
ARGEVT Joe Rogan swim
ARGLOG Romero t  43.2 pos '821.8 -967.1 440.0' spd 336.6 yaw  53.1 mode 2 st 4 gl 0 hp 40 frg 1
ARGLOG Carmack t  43.3 pos '1395.6 1206.0 208.0' spd 346.6 yaw 189 mode 2 st 1 gl 0 hp 100 frg 0
ARGLOG Joe Rogan t  43.4 pos '1136.6 -752.0 172.2' spd  51.7 yaw 198 mode 2 st 9 gl 0 hp 48 frg 1
ARGEVT Joe Rogan swim
ARGEVT Joe Rogan swim
ARGLOG Romero t  43.7 pos '973.9 -929.8 440.0' spd 431.5 yaw 248.3 mode 2 st 4 gl 0 hp 40 frg 1
ARGEVT Carmack swim
ARGEVT Romero hazard
ARGLOG Carmack t  43.8 pos '1215.2 1159.7 132.6' spd 268.5 yaw 183 mode 2 st 1 gl 0 hp 100 frg 0
ARGLOG Joe Rogan t  43.9 pos '1078.9 -752.0 170.3' spd 115.1 yaw 31 mode 2 st 9 gl 0 hp 48 frg 1
ARGEVT Joe Rogan swim
ARGEVT Joe Rogan swim
ARGLOG Romero t  44.2 pos '936.0 -1064.1 440.0' spd 333.2 yaw 342 mode 2 st 4 gl 0 hp 40 frg 1
ARGLOG Carmack t  44.3 pos '1216.6 1206.6 137.1' spd 180.0 yaw 197 mode 2 st 1 gl 0 hp 100 frg 0
ARGLOG Joe Rogan t  44.4 pos '1097.1 -748.6 170.7' spd 125.1 yaw 336.4 mode 2 st 9 gl 0 hp 48 frg 1
ARGEVT Joe Rogan swim
ARGEVT Joe Rogan swim
ARGLOG Romero t  44.7 pos '936.0 -1153.9 433.8' spd  81.0 yaw 11 mode 2 st 4 gl 0 hp 40 frg 1
ARGEVT Joe Rogan swim
ARGLOG Carmack t  44.9 pos '1254.2 1208.0 176.7' spd  30.2 yaw 188 mode 2 st 1 gl 0 hp 100 frg 0
ARGLOG Joe Rogan t  44.9 pos '1144.0 -752.0 171.0' spd  45.2 yaw 198 mode 2 st 9 gl 0 hp 48 frg 1
ARGEVT Romero hazard
ARGEVT Carmack swim
ARGEVT Joe Rogan swim
ARGLOG Romero t  45.2 pos '968.0 -1216.4 432.0' spd 166.2 yaw 35 mode 2 st 4 gl 0 hp 40 frg 1
ARGEVT Joe Rogan swim
ARGLOG Carmack t  45.4 pos '1214.3 1200.5 114.5' spd 158.7 yaw 188 mode 2 st 1 gl 0 hp 100 frg 0
ARGLOG Joe Rogan t  45.4 pos '1087.6 -752.0 171.4' spd  86.4 yaw 31 mode 2 st 9 gl 0 hp 48 frg 1
ARGEVT Joe Rogan swim
ARGLOG Romero t  45.7 pos '955.9 -1166.5 432.0' spd 365.2 yaw 17 mode 2 st 4 gl 0 hp 40 frg 1
ARGEVT Joe Rogan swim
ARGLOG Carmack t  45.9 pos '1192.0 1173.1 118.0' spd  55.8 yaw 184 mode 2 st 1 gl 0 hp 100 frg 0
ARGLOG Joe Rogan t  45.9 pos '1124.0 -747.4 171.8' spd 157.9 yaw 34 mode 2 st 9 gl 0 hp 48 frg 1
ARGEVT Romero hazard
ARGEVT Joe Rogan swim
ARGEVT Joe Rogan swim
ARGLOG Romero t  46.2 pos '948.5 -1160.0 432.0' spd  94.0 yaw 14 mode 2 st 4 gl 0 hp 40 frg 1
ARGLOG Carmack t  46.4 pos '1192.0 1151.0 121.7' spd  28.7 yaw 179 mode 2 st 1 gl 0 hp 100 frg 0
ARGLOG Joe Rogan t  46.5 pos '1229.0 -730.3 172.1' spd 240.4 yaw 43 mode 2 st 9 gl 0 hp 48 frg 1
ARGEVT Joe Rogan swim
ARGEVT Joe Rogan swim
ARGLOG Romero t  46.8 pos '963.6 -1160.0 432.0' spd 224.8 yaw 16 mode 2 st 4 gl 0 hp 40 frg 1
ARGLOG Carmack t  46.9 pos '1192.0 1145.2 112.6' spd   0.1 yaw 178 mode 2 st 1 gl 0 hp 100 frg 0
ARGLOG Joe Rogan t  47.0 pos '1349.2 -685.2 172.3' spd 255.9 yaw 22 mode 2 st 9 gl 0 hp 48 frg 1
ARGEVT Joe Rogan swim
ARGEVT Romero stall
ARGEVT Romero stallnode '1105.0 -1119.0 440.0'
ARGEVT Romero jump
ARGEVT Joe Rogan swim
ARGLOG Romero t  47.3 pos '968.0 -1160.0 466.4' spd 0 yaw 309.7 mode 0 st 5 gl 0 hp 40 frg 1
ARGEVT Romero route 2 start '913.0 -1183.0 432.0' goal '1105.0 -1119.0 440.0'
ARGLOG Carmack t  47.4 pos '1192.0 1148.6 116.4' spd   9.8 yaw 179 mode 2 st 1 gl 0 hp 100 frg 0
ARGLOG Joe Rogan t  47.5 pos '1438.3 -588.5 170.5' spd 259.2 yaw 2 mode 2 st 9 gl 0 hp 48 frg 1
ARGEVT Joe Rogan swim
ARGEVT Carmack stall
ARGEVT Carmack stallnode '1041.0 1153.0  80.0'
ARGEVT Joe Rogan swim
ARGLOG Romero t  47.8 pos '955.4 -1178.7 432.0' spd 187.2 yaw 21 mode 2 st 5 gl 0 hp 40 frg 1
ARGEVT Carmack route 19 start '1265.0 1153.0  80.0' goal '881.0 -607.0 216.0'
ARGEVT Joe Rogan swim
ARGLOG Carmack t  47.9 pos '1192.0 1140.7 121.4' spd  86.1 yaw 175 mode 2 st 2 gl 0 hp 100 frg 0
ARGLOG Joe Rogan t  48.0 pos '1520.0 -491.8 170.8' spd 103.3 yaw 344 mode 2 st 9 gl 0 hp 48 frg 1
ARGEVT Joe Rogan swim
ARGLOG Romero t  48.3 pos '855.9 -1054.0 440.0' spd 374.9 yaw 346 mode 2 st 5 gl 0 hp 40 frg 1
ARGEVT Joe Rogan swim
ARGLOG Carmack t  48.5 pos '1235.3 1090.6 112.5' spd 143.4 yaw 162 mode 2 st 2 gl 0 hp 100 frg 0
ARGLOG Joe Rogan t  48.5 pos '1520.0 -504.6 171.1' spd  86.5 yaw 347 mode 2 st 9 gl 0 hp 48 frg 1
ARGEVT Joe Rogan swim
ARGLOG Romero t  48.8 pos '968.3 -925.2 440.0' spd 367.5 yaw 333.7 mode 2 st 5 gl 0 hp 40 frg 1
ARGEVT Joe Rogan swim
ARGLOG Carmack t  49.0 pos '1278.1 1146.0 115.6' spd 143.3 yaw 179 mode 2 st 2 gl 0 hp 100 frg 0
ARGLOG Joe Rogan t  49.0 pos '1520.0 -559.7 171.4' spd 103.0 yaw 357 mode 2 st 9 gl 0 hp 48 frg 1
ARGEVT Joe Rogan swim
ARGLOG Romero t  49.3 pos '1105.5 -1034.1 448.0' spd 363.1 yaw 252.0 mode 1 st 5 gl 0 hp 40 frg 1
ARGEVT Joe Rogan swim
ARGLOG Carmack t  49.5 pos '1206.1 1184.4 119.2' spd 207.2 yaw 186 mode 2 st 2 gl 0 hp 100 frg 0
ARGLOG Joe Rogan t  49.5 pos '1520.0 -594.5 171.8' spd  30.9 yaw 3 mode 2 st 9 gl 0 hp 48 frg 1
ARGEVT Joe Rogan swim
ARGEVT Romero hazard
ARGEVT Joe Rogan swim
ARGLOG Romero t  49.8 pos '1116.6 -1181.9 440.0' spd 325.6 yaw 317.9 mode 1 st 5 gl 0 hp 55 frg 1
ARGLOG Carmack t  50.0 pos '1192.0 1178.8 122.3' spd  31.9 yaw 185 mode 2 st 2 gl 0 hp 100 frg 0
ARGLOG Joe Rogan t  50.1 pos '1520.0 -591.1 172.2' spd  27.5 yaw 3 mode 2 st 9 gl 0 hp 48 frg 1
ARGEVT Joe Rogan swim
ARGEVT Joe Rogan swim
ARGLOG Romero t  50.4 pos '1271.1 -1129.0 440.0' spd 405.5 yaw 122.4 mode 1 st 5 gl 0 hp 55 frg 1
ARGLOG Carmack t  50.5 pos '1192.0 1160.3 113.5' spd  33.2 yaw 182 mode 2 st 2 gl 0 hp 100 frg 0
ARGLOG Joe Rogan t  50.6 pos '1520.0 -592.9 170.3' spd  67.6 yaw 250.5 mode 2 st 9 gl 0 hp 48 frg 1
ARGEVT Joe Rogan swim
ARGEVT Joe Rogan swim
ARGLOG Romero t  50.9 pos '1199.0 -1121.4 440.0' spd 322.4 yaw 204 mode 1 st 5 gl 0 hp 55 frg 1
ARGLOG Carmack t  51.0 pos '1192.0 1148.9 117.4' spd  11.3 yaw 179 mode 2 st 2 gl 0 hp 100 frg 0
ARGLOG Joe Rogan t  51.1 pos '1494.1 -668.0 170.6' spd 199.9 yaw 242 mode 2 st 9 gl 0 hp 48 frg 1
ARGEVT Joe Rogan swim
ARGEVT Joe Rogan swim
ARGEVT Romero hazard
ARGLOG Romero t  51.4 pos '1042.1 -1122.1 440.0' spd 343.1 yaw 111.4 mode 1 st 5 gl 0 hp 55 frg 1
ARGEVT Joe Rogan swim
ARGLOG Carmack t  51.5 pos '1192.0 1148.2 121.0' spd   4.6 yaw 179 mode 2 st 2 gl 0 hp 100 frg 0
ARGLOG Joe Rogan t  51.6 pos '1449.7 -752.0 170.8' spd  38.5 yaw 26 mode 2 st 9 gl 0 hp 48 frg 1
ARGEVT Joe Rogan swim
ARGLOG Romero t  51.9 pos '1156.8 -1088.8 440.0' spd 376.4 yaw 306.0 mode 1 st 5 gl 0 hp 55 frg 1
ARGEVT Carmack stall
ARGEVT Carmack stallnode '1041.0 1153.0  80.0'
ARGEVT Joe Rogan swim
ARGUS routecache adopt
ARGEVT Carmack route 19 start '1265.0 1153.0  80.0' goal '881.0 -607.0 216.0'
ARGLOG Carmack t  52.1 pos '1192.0 1151.3 124.7' spd   1.6 yaw 212.0 mode 0 st 3 gl 0 hp 100 frg 0
ARGLOG Joe Rogan t  52.1 pos '1485.6 -734.0 171.0' spd 147.2 yaw 26 mode 2 st 9 gl 0 hp 48 frg 1
ARGEVT Joe Rogan swim
ARGLOG Romero t  52.4 pos '1247.1 -1185.4 440.0' spd 196.2 yaw 179 mode 1 st 5 gl 0 hp 55 frg 1
ARGEVT Joe Rogan swim
ARGLOG Carmack t  52.6 pos '1207.2 1101.5 116.0' spd 158.1 yaw 162 mode 2 st 3 gl 0 hp 100 frg 0
ARGLOG Joe Rogan t  52.6 pos '1520.0 -699.8 171.4' spd  50.4 yaw 262.5 mode 2 st 9 gl 0 hp 48 frg 1
ARGEVT Joe Rogan swim
ARGLOG Romero t  52.9 pos '1094.2 -1123.5 440.0' spd 320.0 yaw 148.0 mode 1 st 5 gl 0 hp 55 frg 1
ARGEVT Joe Rogan swim
ARGEVT Romero hazard
ARGLOG Carmack t  53.1 pos '1272.9 1113.9 119.7' spd 162.0 yaw 174 mode 2 st 3 gl 0 hp 100 frg 0
ARGLOG Joe Rogan t  53.1 pos '1503.1 -752.0 171.8' spd  17.3 yaw 30 mode 2 st 9 gl 0 hp 48 frg 1
ARGEVT Joe Rogan swim
ARGLOG Romero t  53.5 pos '1062.6 -1104.0 440.0' spd 195.9 yaw  12.5 mode 1 st 5 gl 0 hp 55 frg 1
ARGEVT Joe Rogan swim
ARGLOG Carmack t  53.6 pos '1244.4 1174.1 122.7' spd 169.9 yaw 184 mode 2 st 3 gl 0 hp 100 frg 0
ARGLOG Joe Rogan t  53.7 pos '1520.0 -735.0 172.0' spd  97.8 yaw 28 mode 2 st 9 gl 0 hp 48 frg 1
ARGEVT Joe Rogan swim
ARGEVT Joe Rogan swim
ARGLOG Romero t  54.0 pos '1217.5 -1179.4 440.0' spd 414.1 yaw 219.1 mode 1 st 5 gl 0 hp 55 frg 1
ARGEVT Romero hazard
ARGLOG Carmack t  54.1 pos '1192.0 1183.3 113.6' spd  14.8 yaw 186 mode 2 st 3 gl 0 hp 100 frg 0
ARGLOG Joe Rogan t  54.2 pos '1520.0 -659.5 172.2' spd 174.1 yaw 16 mode 2 st 9 gl 0 hp 48 frg 1
ARGEVT Joe Rogan swim
ARGEVT Joe Rogan swim
ARGLOG Romero t  54.5 pos '1102.3 -1140.1 440.0' spd 330.1 yaw 134 mode 1 st 5 gl 0 hp 55 frg 1
ARGLOG Carmack t  54.6 pos '1192.0 1167.4 117.4' spd  36.0 yaw 183 mode 2 st 3 gl 0 hp 100 frg 0
ARGLOG Joe Rogan t  54.7 pos '1520.0 -576.8 170.6' spd 139.7 yaw 0 mode 2 st 9 gl 0 hp 48 frg 1
ARGEVT Joe Rogan swim
ARGEVT Joe Rogan swim
ARGLOG Romero t  55.0 pos '1059.5 -1104.0 440.0' spd 179.1 yaw  30.1 mode 1 st 5 gl 0 hp 55 frg 1
ARGEVT Joe Rogan swim
ARGLOG Carmack t  55.1 pos '1192.0 1152.4 121.1' spd  21.6 yaw 179 mode 2 st 3 gl 0 hp 100 frg 0
ARGLOG Joe Rogan t  55.2 pos '1520.0 -542.9 171.0' spd   9.2 yaw 354 mode 2 st 9 gl 0 hp 48 frg 1
ARGEVT Joe Rogan swim
ARGLOG Romero t  55.5 pos '1207.4 -1165.8 440.0' spd 418.4 yaw 225.6 mode 1 st 5 gl 0 hp 55 frg 1
ARGEVT Romero hazard
ARGEVT Joe Rogan swim
ARGEVT Joe Rogan stall
ARGEVT Joe Rogan stallnode '1617.0 -575.0 225.0'
ARGLOG Carmack t  55.7 pos '1192.0 1147.8 112.0' spd   1.0 yaw 179 mode 2 st 3 gl 0 hp 100 frg 0
ARGLOG Joe Rogan t  55.7 pos '1520.0 -558.5 171.3' spd  47.7 yaw 332.7 mode 0 st 10 gl 0 hp 48 frg 1
ARGEVT Joe Rogan route 14 start '1425.0 -543.0 168.0' goal '401.0 -1375.0 432.0'
ARGEVT Joe Rogan swim
ARGLOG Romero t  56.0 pos '1133.8 -1162.6 440.0' spd 377.6 yaw 105 mode 1 st 5 gl 0 hp 55 frg 1
ARGEVT Joe Rogan swim
ARGLOG Carmack t  56.2 pos '1192.0 1149.8 115.4' spd   6.6 yaw 179 mode 2 st 3 gl 0 hp 100 frg 0
ARGLOG Joe Rogan t  56.2 pos '1509.2 -615.5 171.6' spd 151.7 yaw 20 mode 2 st 10 gl 0 hp 48 frg 1
ARGEVT Carmack stall
ARGEVT Carmack stallnode '1041.0 1153.0  80.0'
ARGEVT Joe Rogan swim
ARGEVT Carmack route 19 start '1265.0 1153.0  80.0' goal '881.0 -607.0 216.0'
ARGEVT Joe Rogan abandon
ARGEVT Joe Rogan goal item_health
ARGLOG Romero t  56.5 pos '1045.2 -1148.0 440.0' spd 135.4 yaw  56.8 mode 1 st 5 gl 0 hp 55 frg 1
ARGEVT Joe Rogan swim
ARGLOG Carmack t  56.7 pos '1193.1 1127.9 116.7' spd 127.1 yaw 170 mode 2 st 4 gl 0 hp 100 frg 0
ARGLOG Joe Rogan t  56.7 pos '1452.8 -621.6 171.9' spd 109.4 yaw  39.1 mode 1 st 10 gl 0 hp 48 frg 1
ARGEVT Joe Rogan swim
ARGEVT Joe Rogan swim
ARGLOG Romero t  57.1 pos '1199.1 -1122.2 440.0' spd 423.5 yaw 253.0 mode 1 st 5 gl 0 hp 55 frg 1
ARGEVT Romero hazard
ARGLOG Carmack t  57.2 pos '1249.6 1092.8 120.6' spd 145.3 yaw 163 mode 2 st 4 gl 0 hp 100 frg 0
ARGLOG Joe Rogan t  57.3 pos '1487.1 -574.7 172.2' spd 168.8 yaw 5 mode 1 st 10 gl 0 hp 48 frg 1
ARGEVT Joe Rogan swim
ARGEVT Joe Rogan swim
ARGLOG Romero t  57.6 pos '1187.2 -1188.1 440.0' spd 329.2 yaw 144.0 mode 1 st 5 gl 0 hp 55 frg 1
ARGLOG Carmack t  57.7 pos '1271.3 1157.2 123.7' spd 139.1 yaw 181 mode 2 st 4 gl 0 hp 100 frg 0
ARGLOG Joe Rogan t  57.8 pos '1520.0 -547.2 170.3' spd  38.6 yaw 359 mode 1 st 10 gl 0 hp 48 frg 1
ARGEVT Joe Rogan swim
ARGEVT Joe Rogan swim
ARGLOG Romero t  58.1 pos '1047.7 -1121.1 440.0' spd 374.0 yaw 132.7 mode 1 st 5 gl 0 hp 55 frg 1
ARGEVT Romero hazard
ARGLOG Carmack t  58.2 pos '1192.0 1185.0 114.4' spd  10.7 yaw 186 mode 2 st 4 gl 0 hp 100 frg 0
ARGLOG Joe Rogan t  58.3 pos '1520.0 -537.5 170.6' spd   6.4 yaw 357 mode 1 st 10 gl 0 hp 48 frg 1
ARGEVT Joe Rogan swim
ARGEVT Joe Rogan stall
ARGEVT Joe Rogan swim
ARGLOG Romero t  58.6 pos '1113.8 -1099.9 440.0' spd 333.6 yaw 328.6 mode 1 st 5 gl 0 hp 55 frg 1
ARGEVT Joe Rogan route 2 start '1425.0 -543.0 168.0' goal '1809.0 -575.0 280.0'
ARGEVT Joe Rogan swim
ARGLOG Carmack t  58.8 pos '1192.0 1174.8 117.8' spd  34.6 yaw 184 mode 2 st 4 gl 0 hp 100 frg 0
ARGLOG Joe Rogan t  58.8 pos '1520.0 -543.2 170.8' spd  50.0 yaw 342 mode 2 st 11 gl 0 hp 48 frg 1
ARGEVT Joe Rogan swim
ARGLOG Romero t  59.1 pos '1227.1 -1192.0 440.0' spd 107.2 yaw 177 mode 1 st 5 gl 0 hp 55 frg 1
ARGEVT Joe Rogan swim
ARGLOG Carmack t  59.3 pos '1192.0 1157.2 121.4' spd  29.4 yaw 181 mode 2 st 4 gl 0 hp 100 frg 0
ARGLOG Joe Rogan t  59.3 pos '1495.2 -598.6 171.1' spd 138.9 yaw 10 mode 2 st 11 gl 0 hp 48 frg 1
ARGEVT Joe Rogan swim
ARGLOG Romero t  59.6 pos '1083.8 -1114.9 440.0' spd 325.2 yaw 159 mode 1 st 5 gl 0 hp 55 frg 1
ARGEVT Romero hazard
ARGEVT Joe Rogan swim
ARGLOG Carmack t  59.8 pos '1192.0 1148.2 112.9' spd   7.0 yaw 179 mode 2 st 4 gl 0 hp 100 frg 0
ARGLOG Joe Rogan t  59.8 pos '1425.0 -581.5 171.6' spd 167.7 yaw 0 mode 2 st 11 gl 0 hp 48 frg 1
ARGEVT Joe Rogan swim
ARGLOG Romero t  60.1 pos '1102.3 -1086.2 448.0' spd 330.9 yaw 355.8 mode 1 st 5 gl 0 hp 55 frg 1
ARGEVT Joe Rogan swim
ARGLOG Carmack t  60.3 pos '1192.0 1148.8 116.4' spd   5.4 yaw 179 mode 2 st 4 gl 0 hp 100 frg 0
ARGLOG Joe Rogan t  60.3 pos '1429.1 -524.7 172.1' spd 130.7 yaw 353 mode 2 st 11 gl 0 hp 48 frg 1
ARGEVT Joe Rogan swim
ARGEVT Carmack stall
ARGEVT Carmack stallnode '1041.0 1153.0  80.0'
ARGEVT Joe Rogan swim
ARGLOG Romero t  60.7 pos '1201.3 -1182.4 440.0' spd 430.5 yaw 191.3 mode 1 st 5 gl 0 hp 55 frg 1
ARGLOG Carmack t  60.8 pos '1192.0 1148.2 128.6' spd  39.0 yaw 244.6 mode 0 st 5 gl 0 hp 100 frg 0
ARGEVT Carmack route 19 start '1265.0 1153.0  80.0' goal '881.0 -607.0 216.0'
ARGLOG Joe Rogan t  60.9 pos '1516.8 -520.7 172.5' spd 213.6 yaw 350 mode 2 st 11 gl 0 hp 48 frg 1
ARGEVT Joe Rogan swim
ARGEVT Joe Rogan swim
ARGEVT Romero hazard
ARGLOG Romero t  61.2 pos '1051.9 -1118.2 440.0' spd 336.1 yaw  84.4 mode 1 st 5 gl 0 hp 55 frg 1
ARGLOG Carmack t  61.3 pos '1220.4 1092.6 116.2' spd 153.3 yaw 161 mode 2 st 5 gl 0 hp 100 frg 0
ARGLOG Joe Rogan t  61.4 pos '1520.0 -554.8 170.6' spd  80.0 yaw 356 mode 2 st 11 gl 0 hp 48 frg 1
ARGEVT Joe Rogan swim
ARGEVT Romero abandon
ARGEVT Romero goal item_armor2
ARGEVT Romero route 6 start '1105.0 -1119.0 440.0' goal '1297.0 -575.0 400.0'
ARGEVT Joe Rogan swim
ARGLOG Romero t  61.7 pos '1139.8 -1065.2 448.0' spd 358.7 yaw 38 mode 2 st 5 gl 0 hp 55 frg 1
ARGEVT Joe Rogan swim
ARGLOG Carmack t  61.8 pos '1278.7 1130.1 119.8' spd 157.5 yaw 176 mode 2 st 5 gl 0 hp 100 frg 0
ARGLOG Joe Rogan t  61.9 pos '1520.0 -585.9 170.9' spd  38.8 yaw 2 mode 2 st 11 gl 0 hp 48 frg 1
ARGEVT Joe Rogan swim
ARGLOG Romero t  62.2 pos '1204.5 -905.6 440.0' spd 364.7 yaw 26 mode 2 st 5 gl 0 hp 55 frg 1
ARGEVT Joe Rogan swim
ARGLOG Carmack t  62.3 pos '1226.7 1180.3 123.6' spd 188.9 yaw 185 mode 2 st 5 gl 0 hp 100 frg 0
ARGLOG Joe Rogan t  62.4 pos '1520.0 -588.9 171.4' spd  14.6 yaw 2 mode 2 st 11 gl 0 hp 48 frg 1
ARGEVT Joe Rogan swim
ARGLOG Romero t  62.7 pos '1364.8 -847.1 440.0' spd 320.0 yaw 67 mode 2 st 5 gl 0 hp 55 frg 1
ARGEVT Joe Rogan swim
ARGLOG Carmack t  62.9 pos '1192.0 1181.4 115.0' spd  24.9 yaw 185 mode 2 st 5 gl 0 hp 100 frg 0
ARGLOG Joe Rogan t  62.9 pos '1520.0 -577.4 171.9' spd  21.8 yaw 0 mode 2 st 11 gl 0 hp 48 frg 1
ARGEVT Carmack abandon
ARGEVT Carmack goal weapon_rocketlauncher
ARGEVT Carmack route 5 start '1265.0 1153.0  80.0' goal '689.0 737.0 200.0'
ARGEVT Joe Rogan swim
ARGEVT Romero hazard
ARGEVT Joe Rogan swim
ARGLOG Romero t  63.2 pos '1516.1 -839.0 440.0' spd 364.6 yaw 123 mode 2 st 5 gl 0 hp 55 frg 1
ARGLOG Carmack t  63.4 pos '1196.7 1135.3 118.8' spd 160.4 yaw 173 mode 2 st 5 gl 0 hp 100 frg 0
ARGLOG Joe Rogan t  63.4 pos '1520.0 -570.3 172.4' spd   5.8 yaw 0 mode 2 st 11 gl 0 hp 48 frg 1
ARGEVT Joe Rogan swim
ARGEVT Joe Rogan stall
ARGEVT Joe Rogan stallnode '1617.0 -575.0 225.0'
ARGEVT Joe Rogan swim
ARGLOG Romero t  63.7 pos '1481.8 -827.5 440.0' spd  79.8 yaw 114 mode 2 st 5 gl 0 hp 55 frg 1
ARGEVT Joe Rogan route 2 start '1425.0 -543.0 168.0' goal '1809.0 -575.0 280.0'
ARGLOG Carmack t  63.9 pos '1262.4 1113.3 122.3' spd 152.6 yaw 174 mode 2 st 5 gl 0 hp 100 frg 0
ARGLOG Joe Rogan t  63.9 pos '1520.0 -564.8 170.6' spd  35.9 yaw 355 mode 2 st 12 gl 0 hp 48 frg 1
ARGEVT Joe Rogan swim
ARGEVT Romero hazard
ARGEVT Joe Rogan swim
ARGLOG Romero t  64.2 pos '1503.5 -819.3 440.0' spd 219.7 yaw 124 mode 2 st 5 gl 0 hp 55 frg 1
ARGEVT Joe Rogan swim
ARGLOG Carmack t  64.4 pos '1253.5 1166.6 113.6' spd 148.1 yaw 182 mode 2 st 5 gl 0 hp 100 frg 0
ARGLOG Joe Rogan t  64.4 pos '1494.6 -514.1 170.9' spd 142.9 yaw 334 mode 2 st 12 gl 0 hp 48 frg 1
ARGEVT Joe Rogan swim
ARGLOG Romero t  64.8 pos '1509.9 -816.0 440.0' spd 345.3 yaw 126 mode 2 st 5 gl 0 hp 55 frg 1
ARGEVT Joe Rogan swim
ARGLOG Carmack t  64.9 pos '1192.0 1179.1 117.5' spd   6.0 yaw 185 mode 2 st 5 gl 0 hp 100 frg 0
ARGLOG Joe Rogan t  65.0 pos '1419.2 -525.6 171.3' spd 144.8 yaw 353 mode 2 st 12 gl 0 hp 48 frg 1
ARGEVT Romero hazard
ARGEVT Joe Rogan swim
ARGLOG Romero t  65.3 pos '1483.2 -819.8 440.0' spd 132.2 yaw 116 mode 2 st 5 gl 0 hp 55 frg 1
ARGEVT Joe Rogan swim
ARGLOG Carmack t  65.4 pos '1192.0 1167.1 121.2' spd  30.3 yaw 183 mode 2 st 5 gl 0 hp 100 frg 0
ARGLOG Joe Rogan t  65.5 pos '1448.5 -575.1 171.8' spd 163.7 yaw 0 mode 2 st 12 gl 0 hp 48 frg 1
ARGEVT Joe Rogan swim
ARGLOG Romero t  65.8 pos '1518.2 -843.9 440.0' spd 209.5 yaw 123 mode 2 st 5 gl 0 hp 55 frg 1
ARGEVT Joe Rogan swim
ARGLOG Carmack t  65.9 pos '1192.0 1153.5 112.3' spd  20.4 yaw 181 mode 2 st 5 gl 0 hp 100 frg 0
ARGLOG Joe Rogan t  66.0 pos '1520.0 -595.4 172.1' spd   9.1 yaw 4 mode 2 st 12 gl 0 hp 48 frg 1
ARGEVT Joe Rogan swim
ARGEVT Romero hazard
ARGEVT Joe Rogan swim
ARGLOG Romero t  66.3 pos '1471.5 -819.0 440.0' spd 115.1 yaw 111 mode 2 st 5 gl 0 hp 55 frg 1
ARGLOG Carmack t  66.5 pos '1192.0 1148.7 116.0' spd   1.3 yaw 179 mode 2 st 5 gl 0 hp 100 frg 0
ARGLOG Joe Rogan t  66.5 pos '1520.0 -586.3 172.4' spd  30.2 yaw 2 mode 2 st 12 gl 0 hp 48 frg 1
ARGEVT Joe Rogan swim
ARGEVT Joe Rogan swim
ARGLOG Romero t  66.8 pos '1524.0 -855.1 440.0' spd 104.4 yaw 123 mode 2 st 5 gl 0 hp 55 frg 1
ARGLOG Carmack t  67.0 pos '1192.0 1150.6 119.3' spd   6.5 yaw 179 mode 2 st 5 gl 0 hp 100 frg 0
ARGLOG Joe Rogan t  67.0 pos '1520.0 -572.2 170.6' spd  20.2 yaw 0 mode 2 st 12 gl 0 hp 48 frg 1
ARGEVT Joe Rogan swim
ARGEVT Carmack stall
ARGEVT Carmack stallnode '1041.0 1153.0  80.0'
ARGEVT Romero hazard
ARGEVT Romero stall
ARGEVT Romero stallnode '1617.0 -703.0 360.0'
ARGEVT Romero jump
ARGEVT Joe Rogan swim
ARGEVT Carmack route 5 start '1265.0 1153.0  80.0' goal '689.0 737.0 200.0'
ARGLOG Romero t  67.3 pos '1461.9 -816.0 461.5' spd  62.0 yaw  70.6 mode 0 st 6 gl 0 hp 55 frg 1
ARGEVT Romero route 4 start '1393.0 -863.0 440.0' goal '1297.0 -575.0 400.0'
ARGEVT Joe Rogan swim
ARGLOG Carmack t  67.5 pos '1192.0 1131.3 115.4' spd 116.0 yaw 171 mode 2 st 6 gl 0 hp 100 frg 0
ARGLOG Joe Rogan t  67.5 pos '1520.0 -568.6 170.8' spd   1.6 yaw 359 mode 2 st 12 gl 0 hp 48 frg 1
ARGEVT Joe Rogan swim
ARGLOG Romero t  67.8 pos '1436.4 -816.0 441.4' spd  51.0 yaw 32 mode 2 st 6 gl 0 hp 55 frg 1
ARGEVT Joe Rogan stall
ARGEVT Joe Rogan stallnode '1617.0 -575.0 225.0'
ARGEVT Joe Rogan swim
ARGLOG Carmack t  68.0 pos '1238.3 1078.3 119.0' spd 139.9 yaw 159 mode 2 st 6 gl 0 hp 100 frg 0
ARGLOG Joe Rogan t  68.0 pos '1520.0 -571.8 171.2' spd   2.7 yaw 5 mode 0 st 13 gl 0 hp 48 frg 1
ARGEVT Joe Rogan route 2 start '1425.0 -543.0 168.0' goal '1809.0 -575.0 280.0'
ARGEVT Joe Rogan swim
ARGLOG Romero t  68.4 pos '1413.1 -956.7 440.0' spd 412.3 yaw 87 mode 2 st 6 gl 0 hp 55 frg 1
ARGEVT Joe Rogan swim
ARGLOG Carmack t  68.5 pos '1282.0 1139.6 122.8' spd 171.5 yaw 178 mode 2 st 6 gl 0 hp 100 frg 0
ARGLOG Joe Rogan t  68.6 pos '1515.1 -534.2 171.6' spd 136.7 yaw 339 mode 2 st 13 gl 0 hp 48 frg 1
ARGEVT Joe Rogan swim
ARGLOG Romero t  68.9 pos '1581.5 -903.5 424.0' spd 344.1 yaw 127 mode 2 st 6 gl 0 hp 55 frg 1
ARGEVT Joe Rogan swim
ARGEVT Romero hazard
ARGLOG Carmack t  69.0 pos '1216.2 1189.7 113.5' spd 201.8 yaw 186 mode 2 st 6 gl 0 hp 100 frg 0
ARGLOG Joe Rogan t  69.1 pos '1447.9 -507.4 171.7' spd 169.9 yaw 350 mode 2 st 13 gl 0 hp 48 frg 1
ARGEVT Joe Rogan swim
ARGLOG Romero t  69.4 pos '1560.0 -864.0 424.0' spd 0 yaw 129 mode 2 st 6 gl 0 hp 55 frg 1
ARGEVT Joe Rogan swim
ARGLOG Carmack t  69.5 pos '1192.0 1185.3 116.9' spd  35.5 yaw 186 mode 2 st 6 gl 0 hp 100 frg 0
ARGLOG Joe Rogan t  69.6 pos '1420.0 -558.5 172.1' spd 131.1 yaw 358 mode 2 st 13 gl 0 hp 48 frg 1
ARGEVT Joe Rogan swim
ARGEVT Joe Rogan swim
ARGLOG Romero t  69.9 pos '1560.0 -864.0 424.0' spd 0 yaw 129 mode 2 st 6 gl 0 hp 55 frg 1
ARGEVT Romero hazard
ARGLOG Carmack t  70.1 pos '1192.0 1163.4 120.3' spd  40.5 yaw 182 mode 2 st 6 gl 0 hp 100 frg 0
ARGLOG Joe Rogan t  70.1 pos '1498.4 -593.9 172.4' spd 210.2 yaw 3 mode 2 st 13 gl 0 hp 48 frg 1
ARGEVT Romero stall
ARGEVT Romero stallnode '1617.0 -703.0 360.0'
ARGEVT Romero jump
ARGEVT Joe Rogan swim
ARGEVT Romero route 5 start '1585.0 -927.0 424.0' goal '1297.0 -575.0 400.0'
ARGEVT Joe Rogan swim
ARGLOG Romero t  70.4 pos '1555.6 -864.0 462.9' spd  35.1 yaw 69 mode 2 st 7 gl 0 hp 55 frg 1
ARGLOG Carmack t  70.6 pos '1192.0 1149.0 111.8' spd  16.1 yaw 179 mode 2 st 6 gl 0 hp 100 frg 0
ARGLOG Joe Rogan t  70.6 pos '1520.0 -594.1 170.6' spd  27.3 yaw 3 mode 2 st 13 gl 0 hp 48 frg 1
ARGEVT Joe Rogan swim
ARGEVT Joe Rogan swim
ARGLOG Romero t  70.9 pos '1471.5 -862.9 440.0' spd 320.0 yaw 47 mode 2 st 7 gl 0 hp 55 frg 1
ARGEVT Joe Rogan swim
ARGLOG Carmack t  71.1 pos '1192.0 1147.3 115.1' spd   4.6 yaw 179 mode 2 st 6 gl 0 hp 100 frg 0
ARGLOG Joe Rogan t  71.1 pos '1520.0 -576.3 170.8' spd  31.6 yaw 0 mode 2 st 13 gl 0 hp 48 frg 1
ARGEVT Romero hazard
ARGEVT Joe Rogan swim
ARGEVT Carmack stall
ARGEVT Carmack stallnode '1041.0 1153.0  80.0'
ARGLOG Romero t  71.4 pos '1315.7 -816.0 440.0' spd 149.3 yaw 45 mode 2 st 7 gl 0 hp 55 frg 1
ARGEVT Joe Rogan swim
ARGLOG Carmack t  71.6 pos '1192.0 1147.4 126.9' spd  34.0 yaw 220 mode 0 st 7 gl 0 hp 100 frg 0
ARGEVT Carmack route 5 start '1265.0 1153.0  80.0' goal '689.0 737.0 200.0'
ARGLOG Joe Rogan t  71.7 pos '1520.0 -567.6 171.0' spd   5.1 yaw 359 mode 2 st 13 gl 0 hp 48 frg 1
ARGEVT Joe Rogan swim
ARGLOG Romero t  72.0 pos '1450.5 -816.0 440.0' spd 346.8 yaw 102 mode 2 st 7 gl 0 hp 55 frg 1
ARGEVT Joe Rogan swim
ARGLOG Carmack t  72.1 pos '1210.4 1087.3 114.3' spd 163.5 yaw 158 mode 2 st 7 gl 0 hp 100 frg 0
ARGLOG Joe Rogan t  72.2 pos '1520.0 -570.5 171.2' spd  10.6 yaw 0 mode 2 st 13 gl 0 hp 48 frg 1
ARGEVT Joe Rogan stall
ARGEVT Joe Rogan stallnode '1617.0 -575.0 225.0'
ARGEVT Joe Rogan swim
ARGEVT Romero hazard
ARGEVT Joe Rogan route 2 start '1425.0 -543.0 168.0' goal '1809.0 -575.0 280.0'
ARGLOG Romero t  72.5 pos '1528.0 -856.4 440.0' spd  73.0 yaw 123 mode 2 st 7 gl 0 hp 55 frg 1
ARGEVT Joe Rogan swim
ARGLOG Carmack t  72.6 pos '1274.1 1105.3 117.8' spd 167.4 yaw 168 mode 2 st 7 gl 0 hp 100 frg 0
ARGLOG Joe Rogan t  72.7 pos '1520.0 -561.2 171.6' spd  84.2 yaw 352 mode 2 st 14 gl 0 hp 48 frg 1
ARGEVT Joe Rogan swim
ARGLOG Romero t  73.0 pos '1614.3 -877.6 424.0' spd 178.6 yaw 137 mode 2 st 7 gl 0 hp 55 frg 1
ARGEVT Joe Rogan swim
ARGLOG Carmack t  73.1 pos '1254.1 1178.0 121.3' spd 168.2 yaw 184 mode 2 st 7 gl 0 hp 100 frg 0
ARGLOG Joe Rogan t  73.2 pos '1479.9 -513.4 172.0' spd 156.4 yaw 336 mode 2 st 14 gl 0 hp 48 frg 1
ARGEVT Joe Rogan swim
ARGEVT Joe Rogan swim
ARGLOG Romero t  73.5 pos '1630.3 -864.0 424.0' spd  11.4 yaw 141 mode 2 st 7 gl 0 hp 55 frg 1
ARGLOG Carmack t  73.7 pos '1192.0 1191.6 112.4' spd  15.2 yaw 187 mode 2 st 7 gl 0 hp 100 frg 0
ARGLOG Joe Rogan t  73.7 pos '1413.2 -537.5 172.3' spd 112.6 yaw 355 mode 2 st 14 gl 0 hp 48 frg 1
ARGEVT Joe Rogan swim
ARGEVT Joe Rogan swim
ARGLOG Romero t  74.0 pos '1625.3 -864.0 424.0' spd   8.5 yaw 141 mode 2 st 7 gl 0 hp 55 frg 1
ARGEVT Romero hazard
ARGLOG Carmack t  74.2 pos '1192.0 1172.5 116.1' spd  44.8 yaw 184 mode 2 st 7 gl 0 hp 100 frg 0
ARGLOG Joe Rogan t  74.2 pos '1466.6 -581.9 170.5' spd 175.7 yaw 1 mode 2 st 14 gl 0 hp 48 frg 1
ARGEVT Joe Rogan swim
ARGEVT Romero stall
ARGEVT Romero stallnode '1617.0 -703.0 360.0'
ARGEVT Romero jump
ARGEVT Joe Rogan swim
ARGLOG Romero t  74.5 pos '1635.7 -864.0 445.5' spd  14.5 yaw  64.0 mode 0 st 8 gl 0 hp 55 frg 1
ARGEVT Romero route 5 start '1585.0 -927.0 424.0' goal '1297.0 -575.0 400.0'
ARGEVT Joe Rogan swim
ARGLOG Carmack t  74.7 pos '1192.0 1153.2 119.7' spd  27.7 yaw 181 mode 2 st 7 gl 0 hp 100 frg 0
ARGLOG Joe Rogan t  74.7 pos '1520.0 -595.2 170.8' spd   3.8 yaw 3 mode 2 st 14 gl 0 hp 48 frg 1
ARGEVT Joe Rogan swim
ARGLOG Romero t  75.0 pos '1649.6 -848.9 425.4' spd  75.6 yaw 102 mode 2 st 8 gl 0 hp 55 frg 1
ARGEVT Joe Rogan swim
ARGLOG Carmack t  75.2 pos '1192.0 1146.7 123.1' spd   1.6 yaw 178 mode 2 st 7 gl 0 hp 100 frg 0
ARGLOG Joe Rogan t  75.3 pos '1520.0 -582.6 171.0' spd  32.2 yaw 1 mode 2 st 14 gl 0 hp 48 frg 1
ARGEVT Joe Rogan swim
ARGLOG Romero t  75.6 pos '1583.7 -870.1 424.0' spd 321.9 yaw 78 mode 2 st 8 gl 0 hp 55 frg 1
ARGEVT Joe Rogan swim
ARGEVT Carmack stall
ARGEVT Carmack stallnode '1041.0 1153.0  80.0'
ARGLOG Carmack t  75.7 pos '1192.0 1149.3 114.2' spd   8.0 yaw 333.3 mode 0 st 8 gl 0 hp 100 frg 0
ARGLOG Joe Rogan t  75.8 pos '1520.0 -570.6 171.4' spd  14.3 yaw 0 mode 2 st 14 gl 0 hp 48 frg 1
ARGEVT Joe Rogan swim
ARGEVT Carmack route 5 start '1265.0 1153.0  80.0' goal '689.0 737.0 200.0'
ARGLOG Romero t  76.1 pos '1418.8 -864.5 440.0' spd 330.4 yaw 87 mode 2 st 8 gl 0 hp 55 frg 1
ARGEVT Joe Rogan swim
ARGEVT Romero hazard
ARGLOG Carmack t  76.2 pos '1193.7 1115.8 123.1' spd 147.1 yaw 166 mode 2 st 8 gl 0 hp 100 frg 0
ARGLOG Joe Rogan t  76.3 pos '1520.0 -569.1 171.7' spd   4.7 yaw 359 mode 2 st 14 gl 0 hp 48 frg 1
ARGEVT Joe Rogan swim
ARGEVT Joe Rogan stall
ARGEVT Joe Rogan stallnode '1617.0 -575.0 225.0'
ARGLOG Romero t  76.6 pos '1387.9 -826.4 440.0' spd 354.6 yaw 73 mode 2 st 8 gl 0 hp 55 frg 1
ARGEVT Joe Rogan swim
ARGEVT Joe Rogan abandon
ARGEVT Joe Rogan goal item_health
ARGLOG Carmack t  76.7 pos '1252.1 1082.2 114.2' spd 141.8 yaw 161 mode 2 st 8 gl 0 hp 100 frg 0
ARGLOG Joe Rogan t  76.8 pos '1520.0 -573.6 171.9' spd  22.3 yaw 315.7 mode 0 st 15 gl 0 hp 48 frg 1
ARGEVT Joe Rogan route 21 start '1425.0 -543.0 168.0' goal '1233.0 -671.0 312.0'
ARGEVT Joe Rogan swim
ARGEVT Joe Rogan swim
ARGLOG Romero t  77.1 pos '1517.4 -854.0 440.0' spd 186.3 yaw 121 mode 2 st 8 gl 0 hp 55 frg 1
ARGEVT Romero hazard
ARGLOG Carmack t  77.3 pos '1277.4 1155.8 117.6' spd 158.1 yaw 181 mode 2 st 8 gl 0 hp 100 frg 0
ARGLOG Joe Rogan t  77.3 pos '1503.8 -619.4 172.3' spd 139.2 yaw 21 mode 2 st 15 gl 0 hp 48 frg 1
ARGEVT Joe Rogan swim
ARGEVT Joe Rogan swim
ARGLOG Romero t  77.6 pos '1464.8 -816.0 440.0' spd 101.8 yaw 109 mode 2 st 8 gl 0 hp 55 frg 1
ARGLOG Carmack t  77.8 pos '1194.4 1192.6 121.1' spd 217.2 yaw 187 mode 2 st 8 gl 0 hp 100 frg 0
ARGLOG Joe Rogan t  77.8 pos '1438.8 -607.8 172.4' spd 168.9 yaw 10 mode 2 st 15 gl 0 hp 48 frg 1
ARGEVT Joe Rogan swim
ARGEVT Joe Rogan swim
ARGLOG Romero t  78.1 pos '1506.2 -816.0 440.0' spd 359.7 yaw 125 mode 2 st 8 gl 0 hp 55 frg 1
ARGEVT Romero hazard
ARGLOG Carmack t  78.3 pos '1192.0 1181.8 112.3' spd  41.0 yaw 185 mode 2 st 8 gl 0 hp 100 frg 0
ARGLOG Joe Rogan t  78.3 pos '1414.8 -531.1 170.7' spd 144.1 yaw 354 mode 2 st 15 gl 0 hp 48 frg 1
ARGEVT Joe Rogan swim
ARGEVT Joe Rogan swim
ARGLOG Romero t  78.7 pos '1540.7 -864.0 440.0' spd 153.0 yaw 125 mode 2 st 8 gl 0 hp 55 frg 1
ARGEVT Joe Rogan swim
ARGLOG Carmack t  78.8 pos '1192.0 1160.1 116.1' spd  37.3 yaw 182 mode 2 st 8 gl 0 hp 100 frg 0
ARGLOG Joe Rogan t  78.9 pos '1487.3 -505.0 171.1' spd 185.9 yaw 348 mode 2 st 15 gl 0 hp 48 frg 1
ARGEVT Joe Rogan swim
ARGLOG Romero t  79.2 pos '1629.0 -864.0 424.0' spd  78.2 yaw 141 mode 2 st 8 gl 0 hp 55 frg 1
ARGEVT Joe Rogan swim
ARGLOG Carmack t  79.3 pos '1192.0 1148.0 119.3' spd  11.0 yaw 179 mode 2 st 8 gl 0 hp 100 frg 0
ARGLOG Joe Rogan t  79.4 pos '1520.0 -534.2 171.3' spd  85.6 yaw 352 mode 2 st 15 gl 0 hp 48 frg 1
ARGEVT Joe Rogan swim
ARGLOG Romero t  79.7 pos '1627.2 -864.0 424.0' spd   8.5 yaw 141 mode 2 st 8 gl 0 hp 55 frg 1
ARGEVT Joe Rogan swim
ARGLOG Carmack t  79.8 pos '1192.0 1148.0 122.6' spd   6.5 yaw 179 mode 2 st 8 gl 0 hp 100 frg 0
ARGLOG Joe Rogan t  79.9 pos '1520.0 -576.6 171.7' spd  66.6 yaw 0 mode 2 st 15 gl 0 hp 48 frg 1
ARGEVT Joe Rogan swim
ARGEVT Romero hazard
ARGEVT Carmack stall
ARGEVT Carmack stallnode '1041.0 1153.0  80.0'
ARGEVT Romero stall
ARGEVT Romero stallnode '1617.0 -703.0 360.0'
ARGLOG Romero t  80.2 pos '1637.6 -864.0 424.0' spd  47.0 yaw 312.4 mode 0 st 9 gl 0 hp 55 frg 1
ARGEVT Romero jump
ARGEVT Joe Rogan swim
ARGEVT Carmack route 5 start '1265.0 1153.0  80.0' goal '689.0 737.0 200.0'
ARGLOG Carmack t  80.4 pos '1192.0 1140.6 118.7' spd  72.7 yaw 175 mode 2 st 9 gl 0 hp 100 frg 0
ARGLOG Joe Rogan t  80.4 pos '1520.0 -592.8 171.7' spd   0.7 yaw 3 mode 2 st 15 gl 0 hp 48 frg 1
ARGEVT Romero route 5 start '1585.0 -927.0 424.0' goal '1297.0 -575.0 400.0'
ARGEVT Joe Rogan swim
ARGLOG Romero t  80.7 pos '1662.6 -850.0 445.8' spd  70.3 yaw 107 mode 2 st 9 gl 0 hp 55 frg 1
ARGEVT Joe Rogan swim
ARGEVT Joe Rogan stall
ARGEVT Joe Rogan stallnode '1617.0 -575.0 225.0'
ARGLOG Carmack t  80.9 pos '1224.3 1078.8 122.4' spd 152.7 yaw 157 mode 2 st 9 gl 0 hp 100 frg 0
ARGLOG Joe Rogan t  80.9 pos '1520.0 -582.8 171.9' spd  26.8 yaw 348.7 mode 0 st 16 gl 0 hp 48 frg 1
ARGEVT Joe Rogan swim
ARGEVT Romero hazard
ARGEVT Joe Rogan route 21 start '1425.0 -543.0 168.0' goal '1233.0 -671.0 312.0'
ARGEVT Joe Rogan swim
ARGLOG Romero t  81.2 pos '1640.0 -832.0 392.0' spd 0 yaw 100 mode 2 st 9 gl 0 hp 55 frg 1
ARGLOG Carmack t  81.4 pos '1280.7 1122.2 113.3' spd 177.0 yaw 175 mode 2 st 9 gl 0 hp 100 frg 0
ARGLOG Joe Rogan t  81.4 pos '1511.6 -615.0 172.2' spd 136.1 yaw 20 mode 2 st 16 gl 0 hp 48 frg 1
ARGEVT Joe Rogan swim
ARGEVT Romero abandon
ARGEVT Romero goal item_health
ARGEVT Romero route 6 start '1585.0 -927.0 424.0' goal '1809.0 -575.0 280.0'
ARGEVT Joe Rogan swim
ARGLOG Romero t  81.7 pos '1640.0 -832.0 392.0' spd 0 yaw 188 mode 2 st 9 gl 0 hp 55 frg 1
ARGLOG Carmack t  81.9 pos '1235.7 1185.1 116.8' spd 185.3 yaw 185 mode 2 st 9 gl 0 hp 100 frg 0
ARGLOG Joe Rogan t  82.0 pos '1450.6 -623.3 170.4' spd 145.7 yaw 16 mode 2 st 16 gl 0 hp 48 frg 1
ARGEVT Joe Rogan swim
ARGEVT Joe Rogan swim
ARGLOG Romero t  82.3 pos '1640.0 -832.0 392.0' spd 0 yaw 188 mode 2 st 9 gl 0 hp 55 frg 1
ARGEVT Romero stall
ARGEVT Romero stallnode '1585.0 -927.0 424.0'
ARGEVT Romero jump
ARGLOG Carmack t  82.4 pos '1192.0 1188.8 120.5' spd  27.2 yaw 186 mode 2 st 9 gl 0 hp 100 frg 0
ARGLOG Joe Rogan t  82.5 pos '1409.3 -546.8 170.6' spd 179.4 yaw 356 mode 2 st 16 gl 0 hp 48 frg 1
ARGEVT Joe Rogan swim
ARGUS routecache adopt
ARGEVT Romero route 6 start '1585.0 -927.0 424.0' goal '1809.0 -575.0 280.0'
ARGEVT Joe Rogan swim
ARGLOG Romero t  82.8 pos '1640.0 -841.1 427.1' spd  35.1 yaw 186 mode 2 st 10 gl 0 hp 55 frg 1
ARGEVT Joe Rogan swim
ARGLOG Carmack t  82.9 pos '1192.0 1167.8 111.8' spd  43.3 yaw 183 mode 2 st 9 gl 0 hp 100 frg 0
ARGLOG Joe Rogan t  83.0 pos '1460.6 -500.8 171.1' spd 162.4 yaw 348 mode 2 st 16 gl 0 hp 48 frg 1
ARGEVT Joe Rogan swim
ARGEVT Carmack abandon
ARGEVT Carmack goal weapon_supernailgun
ARGEVT Carmack route 19 start '1265.0 1153.0  80.0' goal '881.0 -607.0 216.0'
ARGLOG Romero t  83.3 pos '1553.9 -905.8 440.0' spd 351.0 yaw 72 mode 2 st 10 gl 0 hp 55 frg 1
ARGEVT Joe Rogan swim
ARGLOG Carmack t  83.4 pos '1192.4 1132.7 115.4' spd 135.8 yaw 172 mode 2 st 9 gl 0 hp 100 frg 0
ARGLOG Joe Rogan t  83.5 pos '1520.0 -518.4 171.6' spd  77.2 yaw 349 mode 2 st 16 gl 0 hp 48 frg 1
ARGEVT Joe Rogan swim
ARGLOG Romero t  83.8 pos '1391.1 -865.3 440.0' spd 362.0 yaw 78 mode 2 st 10 gl 0 hp 55 frg 1
ARGEVT Joe Rogan swim
ARGEVT Romero hazard
ARGLOG Carmack t  83.9 pos '1243.9 1084.2 119.0' spd 140.5 yaw 161 mode 2 st 9 gl 0 hp 100 frg 0
ARGLOG Joe Rogan t  84.0 pos '1520.0 -564.8 171.9' spd  84.3 yaw 358 mode 2 st 16 gl 0 hp 48 frg 1
ARGEVT Joe Rogan swim
ARGEVT Joe Rogan swim
ARGLOG Romero t  84.3 pos '1374.9 -816.0 440.0' spd 333.7 yaw 66 mode 2 st 10 gl 0 hp 55 frg 1
ARGLOG Carmack t  84.5 pos '1278.1 1147.6 122.4' spd 147.6 yaw 179 mode 2 st 9 gl 0 hp 100 frg 0
ARGLOG Joe Rogan t  84.5 pos '1520.0 -592.6 172.2' spd  21.3 yaw 3 mode 2 st 16 gl 0 hp 48 frg 1
ARGEVT Joe Rogan swim
ARGEVT Joe Rogan swim
ARGLOG Romero t  84.8 pos '1528.0 -840.9 440.0' spd  36.4 yaw 126 mode 2 st 10 gl 0 hp 55 frg 1
ARGEVT Romero hazard
ARGLOG Carmack t  85.0 pos '1201.0 1185.3 113.9' spd 212.7 yaw 186 mode 2 st 9 gl 0 hp 100 frg 0
ARGLOG Joe Rogan t  85.0 pos '1520.0 -588.1 170.5' spd  27.1 yaw 2 mode 2 st 16 gl 0 hp 48 frg 1
ARGEVT Joe Rogan swim
ARGEVT Joe Rogan stall
ARGEVT Joe Rogan stallnode '1617.0 -575.0 225.0'
ARGEVT Joe Rogan swim
ARGLOG Romero t  85.3 pos '1571.8 -879.4 424.0' spd 283.7 yaw 129 mode 2 st 10 gl 0 hp 55 frg 1
ARGEVT Joe Rogan swim
ARGLOG Carmack t  85.5 pos '1192.0 1179.0 117.4' spd  32.7 yaw 185 mode 2 st 9 gl 0 hp 100 frg 0
ARGEVT Joe Rogan route 21 start '1425.0 -543.0 168.0' goal '1233.0 -671.0 312.0'
ARGLOG Joe Rogan t  85.5 pos '1519.9 -589.9 170.9' spd  69.2 yaw 8 mode 2 st 17 gl 0 hp 48 frg 1
ARGEVT Joe Rogan swim
ARGLOG Romero t  85.9 pos '1644.0 -806.2 392.0' spd 327.6 yaw 154 mode 2 st 10 gl 0 hp 55 frg 1
ARGEVT Joe Rogan swim
ARGLOG Carmack t  86.0 pos '1192.0 1160.2 120.7' spd  33.5 yaw 182 mode 2 st 9 gl 0 hp 100 frg 0
ARGLOG Joe Rogan t  86.1 pos '1477.4 -628.6 171.0' spd 129.8 yaw 21 mode 2 st 17 gl 0 hp 48 frg 1
ARGEVT Joe Rogan swim
ARGEVT Joe Rogan engage Romero
ARGEVT Romero engage Joe Rogan
ARGLOG Romero t  86.4 pos '1560.1 -660.1 328.0' spd 376.9 yaw 151.4 mode 2 st 10 gl 0 hp 55 frg 1
ARGEVT Joe Rogan swim
ARGLOG Carmack t  86.5 pos '1192.0 1149.0 111.8' spd  10.5 yaw 179 mode 2 st 9 gl 0 hp 100 frg 0
ARGLOG Joe Rogan t  86.6 pos '1408.3 -583.3 171.2' spd 188.6 yaw 312.3 mode 2 st 17 gl 0 hp 48 frg 1
ARGEVT Joe Rogan swim
ARGEVT Joe Rogan pursue
ARGEVT Romero pursue
ARGLOG Romero t  86.9 pos '1415.6 -726.8 312.0' spd 329.8 yaw  96.7 mode 2 st 10 gl 0 hp 55 frg 1
ARGEVT Joe Rogan swim
ARGLOG Carmack t  87.0 pos '1192.0 1148.2 115.4' spd   3.8 yaw 179 mode 2 st 9 gl 0 hp 100 frg 0
ARGEVT Joe Rogan grab item_armor2
ARGLOG Joe Rogan t  87.1 pos '1378.7 -532.1 171.6' spd  83.0 yaw 291.5 mode 2 st 17 gl 0 hp 48 frg 1
ARGEVT Romero grab item_health
ARGEVT Joe Rogan swim
ARGEVT Carmack stall
ARGEVT Carmack stallnode '1041.0 1153.0  80.0'
ARGLOG Romero t  87.4 pos '1292.2 -669.1 312.0' spd 327.2 yaw  74.0 mode 2 st 10 gl 0 hp 55 frg 1
ARGEVT Joe Rogan swim
ARGEVT Joe Rogan pursue
ARGEVT Romero pursue
ARGLOG Carmack t  87.6 pos '1192.0 1139.1 129.0' spd  86.0 yaw 260 mode 0 st 10 gl 0 hp 100 frg 0
ARGEVT Carmack route 19 start '1265.0 1153.0  80.0' goal '881.0 -607.0 216.0'
ARGLOG Joe Rogan t  87.6 pos '1336.2 -555.0 172.0' spd 139.6 yaw 259.8 mode 2 st 17 gl 0 hp 48 frg 1
ARGEVT Romero grab item_armor2
ARGEVT Joe Rogan swim
ARGEVT Romero weapon ssg
ARGEVT Joe Rogan swim
ARGLOG Romero t  87.9 pos '1282.8 -599.0 314.1' spd 221.7 yaw  46.5 mode 2 st 10 gl 0 hp 56 frg 1
ARGEVT Joe Rogan death Romero pos '1343.5 -535.2 171.8'
ARGUS Romero watch spawn
ARGLOG Carmack t  88.1 pos '1227.4 1077.1 116.6' spd 150.4 yaw 157 mode 2 st 10 gl 0 hp 100 frg 0
ARGEVT Romero weapon gl
ARGEVT Romero goal backpack
ARGEVT Romero goal weapon_rocketlauncher
ARGLOG Romero t  88.4 pos '1316.0 -520.0 238.3' spd  52.3 yaw  23.3 mode 0 st 10 gl 1 hp 56 frg 2
ARGEVT Romero route 9 start '1265.0 -447.0 312.0' goal '689.0 737.0 200.0'
ARGLOG Carmack t  88.6 pos '1281.0 1123.8 120.4' spd 172.6 yaw 176 mode 2 st 10 gl 0 hp 100 frg 0
ARGLOG Romero t  88.9 pos '1293.6 -430.8 168.0' spd 388.2 yaw 188.1 mode 2 st 10 gl 1 hp 56 frg 2
ARGLOG Carmack t  89.1 pos '1228.9 1181.6 123.8' spd 191.4 yaw 185 mode 2 st 10 gl 0 hp 100 frg 0
ARGLOG Romero t  89.5 pos '1187.9 -535.4 168.0' spd 410.7 yaw 352.9 mode 2 st 10 gl 1 hp 11 frg 2
ARGEVT Joe Rogan respawn
ARGLOG Carmack t  89.6 pos '1192.0 1184.7 115.1' spd  24.8 yaw 186 mode 2 st 10 gl 0 hp 100 frg 0
ARGEVT Joe Rogan goal weapon_supernailgun
ARGLOG Joe Rogan t  89.7 pos '408.0 -752.0 432.0' spd 0 yaw 253.7 mode 0 st 17 gl 0 hp 100 frg 1
ARGEVT Joe Rogan route 13 start '369.0 -799.0 432.0' goal '-111.0 -511.0 384.0'
ARGEVT Romero death Romero pos '1355.8 -522.9 168.0'
ARGLOG Carmack t  90.1 pos '1192.0 1165.9 118.8' spd  38.7 yaw 183 mode 2 st 10 gl 0 hp 100 frg 0
ARGLOG Joe Rogan t  90.2 pos '379.0 -907.3 432.0' spd 401.9 yaw 61 mode 2 st 17 gl 0 hp 100 frg 1
ARGLOG Carmack t  90.6 pos '1192.0 1150.9 122.4' spd  19.5 yaw 179 mode 2 st 10 gl 0 hp 100 frg 0
ARGLOG Joe Rogan t  90.7 pos '494.3 -860.8 432.0' spd 320.6 yaw 76 mode 2 st 17 gl 0 hp 100 frg 1
ARGLOG Carmack t  91.1 pos '1192.0 1147.4 113.3' spd   2.0 yaw 179 mode 2 st 10 gl 0 hp 100 frg 0
ARGLOG Joe Rogan t  91.2 pos '561.6 -709.3 424.0' spd 326.9 yaw 84 mode 2 st 17 gl 0 hp 100 frg 1
ARGEVT Romero respawn
ARGEVT Romero goal weapon_rocketlauncher
ARGLOG Romero t  91.5 pos '1496.0 1328.0 200.0' spd 0 yaw 253.4 mode 0 st 10 gl 1 hp 100 frg 1
ARGEVT Romero route 6 start '1489.0 1249.0 204.0' goal '689.0 737.0 200.0'
ARGEVT Romero engage Carmack
ARGEVT Romero grab weapon_nailgun
ARGEVT Carmack engage Romero
ARGLOG Carmack t  91.7 pos '1192.9 1152.1 116.9' spd  18.7 yaw  67.2 mode 2 st 10 gl 0 hp 100 frg 0
ARGLOG Joe Rogan t  91.7 pos '573.8 -543.4 344.0' spd 320.6 yaw 118 mode 2 st 17 gl 0 hp 100 frg 1
ARGLOG Romero t  92.0 pos '1501.5 1172.8 204.0' spd 320.3 yaw 200.9 mode 2 st 10 gl 1 hp 100 frg 1
ARGEVT Romero grab item_spikes
ARGLOG Carmack t  92.2 pos '1224.0 1095.2 120.7' spd 197.2 yaw 337.2 mode 2 st 10 gl 0 hp 100 frg 0
ARGLOG Joe Rogan t  92.2 pos '553.1 -377.8 320.0' spd 338.8 yaw 196 mode 2 st 17 gl 0 hp 100 frg 1
ARGLOG Romero t  92.5 pos '1505.2 1127.5 204.0' spd  89.2 yaw 215.4 mode 2 st 10 gl 1 hp 82 frg 1
ARGLOG Carmack t  92.7 pos '1259.6 1021.9 120.9' spd  55.6 yaw  19.4 mode 2 st 10 gl 0 hp 82 frg 0
ARGLOG Joe Rogan t  92.7 pos '397.5 -325.5 320.0' spd 362.1 yaw 139 mode 2 st 17 gl 0 hp 100 frg 1
ARGLOG Romero t  93.0 pos '1496.4 1120.0 204.0' spd 235.0 yaw 173.7 mode 2 st 10 gl 1 hp 55 frg 1
ARGLOG Carmack t  93.2 pos '1255.2 1091.4 111.2' spd 118.0 yaw  24.2 mode 2 st 10 gl 0 hp 64 frg 0
ARGLOG Joe Rogan t  93.3 pos '280.3 -448.7 320.0' spd 343.3 yaw 94 mode 2 st 17 gl 0 hp 100 frg 1
ARGLOG Romero t  93.6 pos '1503.9 1124.8 204.0' spd 215.7 yaw 202.5 mode 2 st 10 gl 1 hp 37 frg 1
ARGEVT Carmack grab item_spikes
ARGLOG Carmack t  93.7 pos '1282.4 1057.6 112.1' spd 140.9 yaw 343.7 mode 2 st 10 gl 0 hp 55 frg 0
ARGLOG Joe Rogan t  93.8 pos '138.4 -376.7 320.0' spd 388.3 yaw 74 mode 2 st 17 gl 0 hp 100 frg 1
ARGEVT Joe Rogan hazard
ARGLOG Romero t  94.1 pos '1502.3 985.1 204.0' spd 329.7 yaw 155.8 mode 0 st 10 gl 1 hp 37 frg 1
ARGEVT Romero route 6 start '1585.0 993.0 200.0' goal '689.0 737.0 200.0'
ARGEVT Carmack pursue
ARGLOG Carmack t  94.2 pos '1328.3 1051.6 116.3' spd  92.3 yaw 320.3 mode 2 st 10 gl 0 hp 55 frg 0
ARGLOG Joe Rogan t  94.3 pos '228.3 -235.7 328.0' spd 364.9 yaw 113 mode 2 st 17 gl 0 hp 100 frg 1
ARGEVT Romero pursue
ARGEVT Romero hazard
ARGUS Romero hunch weapon_rocketlauncher
ARGEVT Romero goal weapon_rocketlauncher
ARGUS routecache adopt
ARGEVT Romero route 5 start '1489.0 801.0 232.0' goal '689.0 737.0 200.0'
ARGLOG Romero t  94.6 pos '1446.8 840.0 216.0' spd 321.5 yaw 277.8 mode 0 st 10 gl 1 hp 37 frg 1
ARGLOG Carmack t  94.7 pos '1330.7 1050.9 125.0' spd  33.3 yaw 360 mode 2 st 10 gl 0 hp 55 frg 0
ARGLOG Joe Rogan t  94.8 pos '255.9 -67.0 320.0' spd 358.3 yaw 138 mode 2 st 17 gl 0 hp 100 frg 1
ARGEVT Romero pursue
ARGLOG Romero t  95.1 pos '1417.5 676.4 264.0' spd 346.6 yaw 206.6 mode 2 st 10 gl 1 hp 37 frg 1
ARGLOG Carmack t  95.3 pos '1332.6 1050.1 123.9' spd  76.0 yaw 360 mode 2 st 10 gl 0 hp 55 frg 0
ARGLOG Joe Rogan t  95.3 pos '151.9  64.8 320.0' spd 320.7 yaw 203 mode 2 st 17 gl 0 hp 100 frg 1
ARGEVT Romero pursue
ARGLOG Romero t  95.6 pos '1256.5 686.6 312.0' spd 346.6 yaw  89.3 mode 2 st 10 gl 1 hp 37 frg 1
ARGLOG Carmack t  95.8 pos '1330.2 1049.9 118.2' spd  30.9 yaw 360 mode 2 st 10 gl 0 hp 55 frg 0
ARGLOG Joe Rogan t  95.8 pos ' 20.8 162.6 320.0' spd 320.1 yaw 243 mode 2 st 17 gl 0 hp 100 frg 1
ARGLOG Romero t  96.1 pos '1163.5 782.8 312.0' spd 325.8 yaw 197 mode 2 st 10 gl 1 hp 37 frg 1
ARGLOG Carmack t  96.3 pos '1332.1 1049.8 120.1' spd  29.2 yaw 360 mode 2 st 10 gl 0 hp 55 frg 0
ARGLOG Joe Rogan t  96.3 pos '-136.1 217.9 320.0' spd 392.7 yaw 274 mode 2 st 17 gl 0 hp 100 frg 1
ARGUS Carmack hunch item_spikes
ARGEVT Joe Rogan door
ARGEVT Carmack goal item_health
ARGEVT Carmack route 6 start '1265.0 1153.0  80.0' goal '1009.0 737.0 312.0'
ARGLOG Romero t  96.6 pos '1002.4 744.1 312.0' spd 322.3 yaw 185 mode 2 st 10 gl 1 hp 62 frg 1
ARGEVT Romero hazard
ARGLOG Carmack t  96.8 pos '1323.3 1083.0 117.9' spd 140.8 yaw 104.4 mode 2 st 10 gl 0 hp 55 frg 0
ARGLOG Joe Rogan t  96.8 pos '-304.0 196.1 320.0' spd 409.0 yaw  83.4 mode 2 st 17 gl 0 hp 100 frg 1
ARGEVT Joe Rogan route 5 start '-207.0 385.0 320.0' goal '-111.0 -511.0 384.0'
ARGLOG Romero t  97.2 pos '960.0 672.2 312.0' spd  86.7 yaw 166 mode 2 st 10 gl 1 hp 62 frg 1
ARGEVT Joe Rogan hazard
ARGLOG Carmack t  97.3 pos '1280.2 1176.5 129.9' spd 222.8 yaw 329 mode 2 st 10 gl 0 hp 55 frg 0
ARGLOG Joe Rogan t  97.4 pos '-241.6 336.0 320.0' spd 340.8 yaw 34 mode 2 st 17 gl 0 hp 100 frg 1
ARGLOG Romero t  97.7 pos '969.7 728.5 312.0' spd 390.1 yaw 178 mode 2 st 10 gl 1 hp 62 frg 1
ARGEVT Romero hazard
ARGLOG Carmack t  97.8 pos '1317.7 1189.8 134.5' spd 165.2 yaw 324 mode 2 st 10 gl 0 hp 55 frg 0
ARGLOG Joe Rogan t  97.9 pos '-94.6 419.4 320.0' spd 341.1 yaw  88.3 mode 2 st 17 gl 0 hp 100 frg 1
ARGEVT Carmack jump
ARGLOG Romero t  98.2 pos '960.0 691.1 312.0' spd 127.2 yaw 170 mode 2 st 10 gl 1 hp 62 frg 1
ARGLOG Carmack t  98.3 pos '1371.5 1112.1 177.2' spd 180.0 yaw 291 mode 2 st 10 gl 0 hp 55 frg 0
ARGLOG Joe Rogan t  98.4 pos '-112.8 433.9 320.0' spd 347.1 yaw 239.6 mode 2 st 17 gl 0 hp 100 frg 1
ARGLOG Romero t  98.7 pos '966.9 751.7 312.0' spd 345.3 yaw 184 mode 2 st 10 gl 1 hp 62 frg 1
ARGEVT Romero hazard
ARGLOG Carmack t  98.8 pos '1450.9 1052.2 204.0' spd 321.9 yaw 279 mode 2 st 10 gl 0 hp 55 frg 0
ARGLOG Joe Rogan t  98.9 pos '-91.4 279.6 324.0' spd 432.8 yaw  43.5 mode 2 st 17 gl 0 hp 100 frg 1
ARGLOG Romero t  99.2 pos '960.0 660.7 312.0' spd 129.0 yaw 164 mode 2 st 10 gl 1 hp 62 frg 1
ARGEVT Carmack hazard
ARGLOG Carmack t  99.4 pos '1590.9 952.6 200.0' spd 346.6 yaw 241 mode 2 st 10 gl 0 hp 55 frg 0
ARGLOG Joe Rogan t  99.4 pos '-33.1 434.3 320.0' spd 398.3 yaw 178 mode 2 st 17 gl 0 hp 100 frg 1
ARGEVT Joe Rogan hazard
ARGLOG Romero t  99.7 pos '960.0 641.6 312.0' spd  31.8 yaw 160 mode 2 st 10 gl 1 hp 62 frg 1
ARGLOG Carmack t  99.9 pos '1604.0 944.0 200.0' spd 248.5 yaw 238 mode 2 st 10 gl 0 hp 55 frg 0
ARGLOG Joe Rogan t  99.9 pos '-125.4 448.0 320.0' spd 290.5 yaw  29.2 mode 2 st 17 gl 0 hp 100 frg 1
ARGEVT Romero hazard
ARGLOG Romero t 100.2 pos '960.0 645.1 312.0' spd  55.8 yaw 161 mode 2 st 10 gl 1 hp 62 frg 1
ARGLOG Carmack t 100.4 pos '1498.0 887.2 200.0' spd 340.0 yaw 250 mode 2 st 10 gl 0 hp 55 frg 0
ARGLOG Joe Rogan t 100.4 pos ' 17.9 368.8 320.0' spd 412.0 yaw 225.3 mode 2 st 17 gl 0 hp 100 frg 1
ARGEVT Romero stall
ARGEVT Romero stallnode '689.0 737.0 200.0'
ARGEVT Romero jump
ARGLOG Romero t 100.7 pos '960.0 649.3 323.9' spd  53.1 yaw 177.3 mode 0 st 11 gl 1 hp 62 frg 1
ARGEVT Romero route 2 start '1009.0 737.0 312.0' goal '689.0 737.0 200.0'
ARGEVT Romero engage Carmack
ARGEVT Romero grab item_health
ARGEVT Carmack engage Romero
ARGLOG Carmack t 100.9 pos '1448.2 727.6 264.0' spd 320.6 yaw 178.4 mode 2 st 10 gl 0 hp 55 frg 0
ARGLOG Joe Rogan t 101.0 pos '-133.3 334.3 324.0' spd 435.3 yaw 69 mode 2 st 17 gl 0 hp 100 frg 1
ARGEVT Joe Rogan hazard
ARGLOG Romero t 101.3 pos '960.0 649.4 325.1' spd  46.1 yaw 340.9 mode 2 st 11 gl 1 hp 62 frg 1
ARGLOG Carmack t 101.4 pos '1397.9 626.2 280.0' spd 113.8 yaw 171.9 mode 2 st 10 gl 0 hp 55 frg 0
ARGLOG Joe Rogan t 101.5 pos '-35.4 437.7 320.0' spd 384.8 yaw 287.8 mode 2 st 17 gl 0 hp 100 frg 1
ARGLOG Romero t 101.8 pos '985.3 623.3 312.0' spd 160.1 yaw 352.3 mode 2 st 11 gl 1 hp 62 frg 1
ARGEVT Carmack weapon sg
ARGEVT Romero grab item_health
ARGLOG Carmack t 101.9 pos '1360.1 624.1 280.0' spd 116.1 yaw 180.9 mode 2 st 10 gl 0 hp 55 frg 0
ARGLOG Joe Rogan t 102.0 pos '-80.7 288.8 324.0' spd 435.8 yaw 122.3 mode 2 st 17 gl 0 hp 100 frg 1
ARGEVT Romero weapon sg
ARGLOG Romero t 102.3 pos '973.3 614.8 312.0' spd  87.6 yaw  11.3 mode 2 st 11 gl 1 hp 46 frg 1
ARGEVT Carmack retreat
ARGEVT Joe Rogan hazard
ARGEVT Romero grab item_health
ARGLOG Carmack t 102.4 pos '1364.7 668.9 280.0' spd 338.3 yaw 190.1 mode 2 st 10 gl 0 hp 26 frg 0
ARGLOG Joe Rogan t 102.5 pos '-102.7 439.4 320.0' spd 331.1 yaw 348.4 mode 2 st 17 gl 0 hp 100 frg 1
ARGLOG Romero t 102.8 pos '971.5 605.4 312.0' spd 134.2 yaw   4.8 mode 2 st 11 gl 1 hp 26 frg 1
ARGLOG Carmack t 103.0 pos '1469.7 635.3 264.0' spd 217.3 yaw 187.1 mode 2 st 10 gl 0 hp 22 frg 0
ARGLOG Joe Rogan t 103.0 pos ' -5.4 316.8 332.0' spd 430.6 yaw 183.9 mode 2 st 17 gl 0 hp 100 frg 1
ARGLOG Romero t 103.3 pos '986.6 597.8 312.0' spd 118.6 yaw  21.1 mode 2 st 11 gl 1 hp 22 frg 1
ARGLOG Carmack t 103.5 pos '1446.7 737.6 248.0' spd 231.5 yaw 201.1 mode 2 st 10 gl 0 hp 14 frg 0
ARGLOG Joe Rogan t 103.5 pos '-149.7 386.5 320.0' spd 408.1 yaw 42 mode 2 st 17 gl 0 hp 100 frg 1
ARGEVT Joe Rogan hazard
ARGLOG Romero t 103.8 pos '975.8 596.2 312.0' spd 104.7 yaw   2.8 mode 2 st 11 gl 1 hp 10 frg 1
ARGLOG Carmack t 104.0 pos '1444.1 666.6 264.0' spd 320.2 yaw 185.1 mode 2 st 10 gl 0 hp 10 frg 0
ARGLOG Joe Rogan t 104.0 pos '  1.1 403.2 320.0' spd 410.1 yaw 253.1 mode 2 st 17 gl 0 hp 100 frg 1
ARGEVT Romero death Carmack pos '993.4 660.5 312.0'
ARGUS Carmack watch spawn
ARGEVT Carmack hazard
ARGEVT Carmack goal item_health
ARGEVT Carmack route 9 start '1489.0 801.0 232.0' goal '785.0 129.0 320.0'
ARGEVT Joe Rogan abandon
ARGEVT Joe Rogan goal weapon_rocketlauncher
ARGLOG Carmack t 104.5 pos '1471.8 694.4 264.0' spd 384.3 yaw 222.3 mode 2 st 10 gl 0 hp 10 frg 1
ARGEVT Joe Rogan route 15 start '-79.0 225.0 320.0' goal '689.0 737.0 200.0'
ARGLOG Joe Rogan t 104.6 pos '-62.5 241.5 324.0' spd 313.1 yaw 322 mode 2 st 17 gl 0 hp 100 frg 1
ARGLOG Carmack t 105.0 pos '1400.0 608.0 264.0' spd 0 yaw 181 mode 2 st 10 gl 0 hp 10 frg 1
ARGLOG Joe Rogan t 105.1 pos ' 50.4 117.0 320.0' spd 322.2 yaw 302 mode 2 st 17 gl 0 hp 100 frg 1
ARGLOG Carmack t 105.5 pos '1400.0 608.0 264.0' spd 0 yaw 181 mode 2 st 10 gl 0 hp 10 frg 1
ARGLOG Joe Rogan t 105.6 pos '186.3  20.0 320.0' spd 350.5 yaw 285 mode 2 st 17 gl 0 hp 100 frg 1
ARGEVT Romero respawn
ARGEVT Romero goal item_armor2
ARGLOG Romero t 105.7 pos '1936.0 -136.0 312.0' spd 0 yaw 197.0 mode 0 st 11 gl 1 hp 100 frg 1
ARGEVT Romero route 25 start '1905.0 -127.0 312.0' goal '1297.0 -575.0 400.0'
ARGLOG Carmack t 106.0 pos '1400.0 608.0 264.0' spd 0 yaw 181 mode 2 st 10 gl 0 hp 10 frg 1
ARGLOG Joe Rogan t 106.1 pos '245.7 -136.4 320.0' spd 323.9 yaw 281 mode 2 st 17 gl 0 hp 100 frg 1
ARGLOG Romero t 106.3 pos '1780.1 -166.3 312.0' spd 398.3 yaw 85 mode 2 st 11 gl 1 hp 100 frg 1
ARGLOG Carmack t 106.6 pos '1400.0 608.0 264.0' spd 0 yaw 181 mode 2 st 10 gl 0 hp 10 frg 1
ARGLOG Joe Rogan t 106.6 pos '273.1 -298.6 320.0' spd 320.1 yaw 4 mode 2 st 17 gl 0 hp 100 frg 1
ARGLOG Romero t 106.8 pos '1724.5  -0.0 312.0' spd 330.3 yaw 97 mode 2 st 11 gl 1 hp 100 frg 1
ARGLOG Carmack t 107.1 pos '1327.9 619.5 296.0' spd 320.0 yaw 227 mode 2 st 10 gl 0 hp 10 frg 1
ARGLOG Joe Rogan t 107.1 pos '379.3 -422.7 320.0' spd 411.0 yaw 79 mode 2 st 17 gl 0 hp 100 frg 1
ARGLOG Romero t 107.3 pos '1758.8 164.8 312.0' spd 338.4 yaw 143 mode 2 st 11 gl 1 hp 100 frg 1
ARGEVT Joe Rogan door
ARGEVT Joe Rogan hazard
ARGLOG Carmack t 107.6 pos '1159.8 620.3 312.0' spd 378.7 yaw 252 mode 2 st 10 gl 0 hp 10 frg 1
ARGLOG Joe Rogan t 107.6 pos '481.5 -278.2 320.0' spd 326.3 yaw 112 mode 2 st 17 gl 0 hp 100 frg 1
ARGLOG Romero t 107.8 pos '1706.9 323.0 312.0' spd 337.5 yaw 198 mode 2 st 11 gl 1 hp 100 frg 1
ARGEVT Romero engage Carmack
ARGEVT Carmack engage Romero
ARGEVT Carmack grab 
ARGEVT Carmack retreat
ARGLOG Carmack t 108.1 pos '1095.4 458.1 308.0' spd 320.2 yaw 303.3 mode 2 st 10 gl 0 hp 10 frg 1
ARGLOG Joe Rogan t 108.2 pos '528.0 -231.5 320.0' spd 316.7 yaw 141 mode 2 st 17 gl 0 hp 100 frg 1
ARGLOG Romero t 108.3 pos '1572.6 411.6 312.0' spd 351.2 yaw 175.3 mode 2 st 11 gl 1 hp 100 frg 1
ARGLOG Carmack t 108.6 pos '951.0 420.7 287.2' spd 326.1 yaw   3.0 mode 2 st 10 gl 0 hp 10 frg 1
ARGLOG Joe Rogan t 108.7 pos '528.0 -176.1 320.0' spd  80.5 yaw 168 mode 2 st 17 gl 0 hp 100 frg 1
ARGLOG Romero t 108.8 pos '1538.0 432.7 320.0' spd 228.1 yaw 178.0 mode 2 st 11 gl 1 hp 100 frg 1
ARGEVT Carmack swim
ARGEVT Romero grab weapon_supershotgun
ARGLOG Carmack t 109.1 pos '888.0 411.2 170.6' spd  46.7 yaw 357.1 mode 2 st 10 gl 0 hp 6 frg 1
ARGLOG Joe Rogan t 109.2 pos '528.0 -151.9 320.0' spd   8.7 yaw 183 mode 2 st 17 gl 0 hp 100 frg 1
ARGLOG Romero t 109.3 pos '1396.7 345.0 320.0' spd 350.8 yaw 171.9 mode 2 st 11 gl 1 hp 96 frg 1
ARGEVT Carmack pursue
ARGEVT Carmack swim
ARGEVT Romero pursue
ARGEVT Joe Rogan stall
ARGEVT Joe Rogan stallnode '433.0 -127.0 259.0'
ARGEVT Joe Rogan jump
ARGLOG Carmack t 109.6 pos '911.7 385.8 170.5' spd 117.3 yaw 2 mode 2 st 10 gl 0 hp 6 frg 1
ARGEVT Carmack swim
ARGLOG Joe Rogan t 109.7 pos '528.0 -155.3 341.8' spd   6.4 yaw 181 mode 0 st 18 gl 0 hp 100 frg 1
ARGLOG Romero t 109.9 pos '1225.0 272.9 289.9' spd 352.8 yaw 156 mode 2 st 11 gl 1 hp 96 frg 1
ARGEVT Joe Rogan route 10 start '561.0 -159.0 320.0' goal '689.0 737.0 200.0'
ARGEVT Carmack swim
ARGLOG Carmack t 110.2 pos '1007.6 378.8 170.8' spd 222.0 yaw 3 mode 2 st 10 gl 0 hp 6 frg 1
ARGEVT Carmack swim
ARGLOG Joe Rogan t 110.2 pos '528.0 -158.0 320.6' spd   2.2 yaw 178 mode 2 st 18 gl 0 hp 100 frg 1
ARGEVT Carmack death Romero pos '1019.6 378.7 171.2'
ARGUS Romero watch spawn
ARGEVT Romero swim
ARGEVT Romero goal backpack
ARGEVT Joe Rogan stall
ARGEVT Joe Rogan stallnode '785.0 -95.0 320.0'
ARGEVT Joe Rogan jump
ARGLOG Romero t 110.4 pos '1182.5 263.7 159.3' spd  54.7 yaw  43.0 mode 1 st 11 gl 1 hp 96 frg 2
ARGEVT Joe Rogan plan powerup via weapon
ARGEVT Joe Rogan goal weapon_supernailgun
ARGEVT Joe Rogan route 16 start '561.0 -159.0 320.0' goal '881.0 -607.0 216.0'
ARGLOG Joe Rogan t 110.7 pos '528.0 -152.0 355.1' spd 0 yaw 173.0 mode 2 st 19 gl 0 hp 100 frg 1
ARGLOG Romero t 110.9 pos '1193.9 304.0 163.9' spd  76.6 yaw 160 mode 1 st 11 gl 1 hp 96 frg 2
ARGEVT Joe Rogan stall
ARGEVT Joe Rogan stallnode '593.0 -383.0 320.0'
ARGEVT Joe Rogan jump
ARGUS routecache adopt
ARGEVT Joe Rogan route 16 start '561.0 -159.0 320.0' goal '881.0 -607.0 216.0'
ARGLOG Joe Rogan t 111.2 pos '528.0 -144.7 341.8' spd  30.2 yaw 173.0 mode 0 st 20 gl 0 hp 100 frg 1
ARGLOG Romero t 111.4 pos '1110.0 309.9 168.4' spd 213.9 yaw 154 mode 1 st 11 gl 1 hp 96 frg 2
ARGLOG Joe Rogan t 111.8 pos '528.0 -124.1 320.0' spd  39.8 yaw 173.0 mode 2 st 20 gl 0 hp 100 frg 1
ARGEVT Carmack respawn
ARGEVT Carmack goal weapon_rocketlauncher
ARGLOG Carmack t 111.8 pos '792.0 -208.0 320.0' spd 0 yaw 50 mode 0 st 10 gl 0 hp 100 frg 1
ARGEVT Romero swim
ARGEVT Carmack route 9 start '785.0 -95.0 320.0' goal '689.0 737.0 200.0'
ARGLOG Romero t 111.9 pos '1056.0 365.9 170.9' spd 158.8 yaw 154.6 mode 1 st 11 gl 1 hp 96 frg 2
ARGEVT Joe Rogan engage Carmack
ARGEVT Carmack engage Joe Rogan
ARGEVT Romero swim
ARGLOG Joe Rogan t 112.3 pos '528.0 -127.4 320.0' spd 290.7 yaw 260.4 mode 2 st 20 gl 0 hp 100 frg 1
ARGEVT Romero swim
ARGLOG Carmack t 112.3 pos '850.4 -163.9 320.0' spd 320.9 yaw 172.6 mode 2 st 10 gl 0 hp 100 frg 1
ARGLOG Romero t 112.4 pos '1024.3 410.7 171.2' spd 102.3 yaw 287.2 mode 1 st 11 gl 1 hp 96 frg 2
ARGEVT Romero swim
ARGUS routecache adopt
ARGEVT Carmack route 9 start '785.0 -95.0 320.0' goal '689.0 737.0 200.0'
ARGEVT Carmack grab item_armor1
ARGLOG Joe Rogan t 112.8 pos '532.2 -295.0 320.0' spd 327.3 yaw 328.3 mode 2 st 20 gl 0 hp 100 frg 1
ARGEVT Carmack pursue
ARGEVT Romero swim
ARGLOG Carmack t 112.8 pos '797.9 -109.9 320.0' spd 296.9 yaw 191 mode 2 st 10 gl 0 hp 100 frg 1
ARGLOG Romero t 112.9 pos '1038.6 376.0 171.3' spd 120.6 yaw 360 mode 1 st 11 gl 1 hp 96 frg 2
ARGEVT Romero swim
ARGLOG Joe Rogan t 113.3 pos '599.4 -344.1 320.0' spd 323.8 yaw 138.4 mode 2 st 20 gl 0 hp 100 frg 1
ARGEVT Romero swim
ARGLOG Carmack t 113.4 pos '672.0 -70.1 320.0' spd 303.2 yaw 248.0 mode 2 st 10 gl 0 hp 100 frg 1
ARGLOG Romero t 113.5 pos '1119.4 355.4 171.8' spd 161.7 yaw 228.5 mode 1 st 11 gl 1 hp 96 frg 2
ARGEVT Carmack hazard
ARGEVT Romero swim
ARGLOG Joe Rogan t 113.8 pos '599.3 -262.5 320.0' spd 278.8 yaw   2.6 mode 2 st 20 gl 0 hp 76 frg 1
ARGEVT Romero swim
ARGLOG Carmack t 113.9 pos '686.2 -79.5 320.0' spd 138.5 yaw 252.5 mode 2 st 10 gl 0 hp 100 frg 1
ARGLOG Romero t 114.0 pos '1119.8 280.3 172.1' spd 183.0 yaw 220 mode 1 st 11 gl 1 hp 96 frg 2
ARGEVT Romero swim
ARGEVT Joe Rogan hazard
ARGEVT Romero swim
ARGLOG Joe Rogan t 114.3 pos '528.0 -219.7 320.0' spd 211.5 yaw 296.7 mode 0 st 20 gl 0 hp 52 frg 1
ARGLOG Carmack t 114.4 pos '718.6 -115.5 328.0' spd 320.7 yaw 218.0 mode 2 st 10 gl 0 hp 100 frg 1
ARGLOG Romero t 114.5 pos '1052.7 192.1 172.4' spd 245.6 yaw 219 mode 1 st 11 gl 1 hp 96 frg 2
ARGEVT Joe Rogan route 16 start '561.0 -159.0 320.0' goal '881.0 -607.0 216.0'
ARGEVT Romero swim
ARGEVT Romero swim
ARGLOG Joe Rogan t 114.8 pos '617.9 -358.5 320.0' spd 327.5 yaw 132 mode 2 st 20 gl 0 hp 52 frg 1
ARGLOG Carmack t 114.9 pos '771.1 -196.5 320.0' spd 240.4 yaw 227.4 mode 2 st 10 gl 0 hp 100 frg 1
ARGEVT Joe Rogan pursue
ARGLOG Romero t 115.0 pos '957.5 149.3 170.8' spd 189.5 yaw 245 mode 1 st 11 gl 1 hp 96 frg 2
ARGEVT Romero swim
ARGEVT Carmack pursue
ARGEVT Romero swim
ARGEVT Joe Rogan retreat
ARGLOG Joe Rogan t 115.4 pos '538.6 -259.5 320.0' spd 363.8 yaw 167.7 mode 2 st 20 gl 0 hp 28 frg 1
ARGEVT Joe Rogan hazard
ARGLOG Carmack t 115.4 pos '682.2 -77.4 320.0' spd  97.8 yaw 231.3 mode 2 st 10 gl 0 hp 100 frg 1
ARGEVT Romero swim
ARGEVT Joe Rogan abandon
ARGLOG Romero t 115.5 pos '873.5  88.7 171.2' spd 226.9 yaw 193.0 mode 1 st 11 gl 1 hp 96 frg 2
ARGEVT Joe Rogan goal item_health
ARGEVT Joe Rogan route 6 start '433.0 -287.0 320.0' goal '785.0 129.0 320.0'
ARGEVT Romero swim
ARGLOG Joe Rogan t 115.9 pos '444.0 -305.3 320.0' spd 322.7 yaw  19.8 mode 2 st 20 gl 0 hp 28 frg 1
ARGEVT Romero swim
ARGLOG Carmack t 115.9 pos '764.0 -190.7 320.0' spd 101.0 yaw 197.6 mode 2 st 10 gl 0 hp 92 frg 1
ARGLOG Romero t 116.0 pos '785.6 111.8 171.5' spd 156.1 yaw 44 mode 1 st 11 gl 1 hp 96 frg 2
ARGEVT Romero swim
ARGLOG Joe Rogan t 116.4 pos '280.5 -325.1 320.0' spd 320.0 yaw  29.9 mode 2 st 20 gl 0 hp 28 frg 1
ARGEVT Romero swim
ARGLOG Carmack t 116.4 pos '694.6 -81.1 320.0' spd 314.8 yaw 208.1 mode 2 st 10 gl 0 hp 92 frg 1
ARGEVT Joe Rogan pursue
ARGEVT Carmack pursue
ARGLOG Romero t 116.5 pos '805.2 143.3 171.8' spd  91.7 yaw 251 mode 1 st 11 gl 1 hp 96 frg 2
ARGEVT Joe Rogan route 8 start '241.0 -191.0 320.0' goal '785.0 129.0 320.0'
ARGEVT Romero swim
ARGEVT Carmack route 10 start '561.0 -159.0 320.0' goal '689.0 737.0 200.0'
ARGLOG Joe Rogan t 116.9 pos '336.8 -288.5 320.0' spd 320.3 yaw 16 mode 2 st 20 gl 0 hp 28 frg 1
ARGEVT Romero swim
ARGLOG Carmack t 117.0 pos '533.1 -127.9 320.0' spd 325.4 yaw 228 mode 2 st 10 gl 0 hp 92 frg 1
ARGLOG Romero t 117.1 pos '815.1  84.0 171.8' spd  32.0 yaw 329.2 mode 1 st 11 gl 1 hp 96 frg 2
ARGEVT Romero swim
ARGUS Carmack hunch item_health
ARGEVT Carmack pursue
ARGEVT Joe Rogan hazard
ARGEVT Carmack goal weapon_rocketlauncher
ARGUS routecache adopt
ARGEVT Carmack route 10 start '561.0 -159.0 320.0' goal '689.0 737.0 200.0'
ARGLOG Joe Rogan t 117.4 pos '494.3 -274.2 320.0' spd 191.5 yaw 358.5 mode 2 st 20 gl 0 hp 28 frg 1
ARGEVT Romero swim
ARGLOG Carmack t 117.5 pos '581.9 -282.1 320.0' spd 364.9 yaw 218.7 mode 2 st 10 gl 0 hp 68 frg 1
ARGLOG Romero t 117.6 pos '869.6 104.2 172.2' spd 172.3 yaw 55 mode 1 st 11 gl 1 hp 96 frg 2
ARGEVT Romero swim
ARGEVT Carmack hazard
ARGEVT Romero swim
ARGLOG Joe Rogan t 117.9 pos '423.8 -286.1 320.0' spd 360.3 yaw  15.3 mode 2 st 20 gl 0 hp 4 frg 1
ARGLOG Carmack t 118.0 pos '638.7 -199.0 320.0' spd 352.8 yaw 206.7 mode 2 st 10 gl 0 hp 44 frg 1
ARGLOG Romero t 118.1 pos '958.1 136.7 170.4' spd 177.3 yaw 250.5 mode 1 st 11 gl 1 hp 96 frg 2
ARGEVT Romero swim
ARGEVT Joe Rogan pursue
ARGEVT Romero swim
ARGEVT Carmack pursue
ARGEVT Joe Rogan hazard
ARGLOG Joe Rogan t 118.4 pos '301.1 -283.9 320.0' spd 146.1 yaw 11 mode 2 st 20 gl 0 hp 4 frg 1
ARGLOG Carmack t 118.5 pos '549.6 -92.3 320.0' spd 367.0 yaw 236 mode 2 st 10 gl 0 hp 44 frg 1
ARGLOG Romero t 118.6 pos '973.9  80.3 170.7' spd 145.8 yaw 218 mode 1 st 11 gl 1 hp 96 frg 2
ARGEVT Romero swim
ARGEVT Carmack pursue
ARGEVT Romero swim
ARGLOG Joe Rogan t 119.0 pos '464.4 -272.0 320.0' spd 326.4 yaw 17 mode 2 st 20 gl 0 hp 4 frg 1
ARGEVT Carmack pursue
ARGEVT Joe Rogan death Carmack pos '490.3 -274.2 320.0'
ARGUS Carmack watch spawn
ARGLOG Carmack t 119.0 pos '528.0 -263.3 320.0' spd 388.9 yaw 189.3 mode 2 st 10 gl 0 hp 20 frg 2
ARGEVT Romero swim
ARGLOG Romero t 119.1 pos '908.4  34.3 171.0' spd 172.6 yaw 117.1 mode 1 st 11 gl 1 hp 96 frg 2
ARGEVT Carmack goal item_health
ARGEVT Carmack route 2 start '433.0 -287.0 320.0' goal '241.0 -191.0 320.0'
ARGEVT Romero swim
ARGEVT Romero swim
ARGLOG Carmack t 119.5 pos '428.2 -289.4 320.0' spd 372.5 yaw 152 mode 2 st 10 gl 0 hp 20 frg 2
ARGLOG Romero t 119.6 pos '899.9  96.2 171.4' spd 179.2 yaw 60 mode 1 st 11 gl 1 hp 96 frg 2
ARGEVT Romero swim
ARGEVT Romero swim
ARGLOG Carmack t 120.0 pos '405.8 -444.8 320.0' spd 427.7 yaw  23.2 mode 2 st 10 gl 0 hp 20 frg 2
ARGLOG Romero t 120.1 pos '905.1 191.2 171.6' spd 155.0 yaw 224.5 mode 1 st 11 gl 1 hp 96 frg 2
ARGEVT Romero swim
ARGEVT Romero swim
ARGEVT Joe Rogan respawn
ARGLOG Carmack t 120.6 pos '530.8 -324.6 320.0' spd 373.2 yaw 155 mode 2 st 10 gl 0 hp 20 frg 2
ARGEVT Joe Rogan plan powerup via weapon
ARGEVT Joe Rogan goal weapon_grenadelauncher
ARGLOG Joe Rogan t 120.6 pos '792.0 -992.0 440.0' spd 0 yaw  28.4 mode 0 st 20 gl 0 hp 100 frg 1
ARGEVT Joe Rogan route 3 start '817.0 -991.0 440.0' goal '1233.0 -1119.0 440.0'
ARGLOG Romero t 120.7 pos '834.8 185.0 171.9' spd 182.3 yaw 233 mode 1 st 11 gl 1 hp 96 frg 2
ARGEVT Carmack hazard
ARGEVT Romero swim
ARGEVT Romero swim
ARGLOG Carmack t 121.1 pos '488.0 -304.3 320.0' spd 320 yaw 155 mode 2 st 10 gl 0 hp 20 frg 2
ARGLOG Joe Rogan t 121.1 pos '939.0 -938.5 440.0' spd 320.0 yaw 329 mode 2 st 20 gl 0 hp 100 frg 1
ARGLOG Romero t 121.2 pos '760.0 109.2 172.1' spd 191.0 yaw 284.6 mode 1 st 11 gl 1 hp 96 frg 2
