LOG started on: 08/29/2026 09:20:50 
Playing registered version.
UDP Initialized
WIPX_OpenSocket: Address family not supported by protocol family
WIPX_Init: Unable to open control socket, IPX disabled
Exe: 20:02:47 Jul 31 2024
256.0 megabyte heap

Language initialization
Couldn't load 'localization/loc_english.txt'
from 'C:/argus/engine'

========= Quake Initialized =========

execing autoexec.cfg
SpawnServer: dm4
Clearing memory
Programs occupy 663K.
trying to open external vis file
maps/dm4.vis not found, trying argus.vis
external vis not found
ARGUS slots 8
ARGUS worldspawn reached
ARGNAV 155 nodes, 928 links
0 entities inhibited
ARGUS init on dm4
ARGEVT Carmack spawned
ARGEVT Romero spawned
ARGEVT Joe Rogan spawned
Server spawned.
ARGLOG Joe Rogan t   1.2 pos '272.0 -952.0  24.0' spd 0 yaw 323.2 mode 0 st 0 gl 0 hp 100 frg 0
ARGLOG Romero t   1.2 pos '-64.0 -232.0 -72.0' spd 0 yaw  10.2 mode 0 st 0 gl 0 hp 100 frg 0
ARGLOG Carmack t   1.2 pos '-64.0 512.0 -296.0' spd 0 yaw 252.0 mode 0 st 0 gl 0 hp 100 frg 0
ARGEVT Joe Rogan hazard
ARGLOG Joe Rogan t   1.7 pos '394.3 -1038.6  24.0' spd 219.1 yaw 201.8 mode 0 st 0 gl 0 hp 100 frg 0
ARGLOG Romero t   1.7 pos ' 89.2 -208.0 -72.0' spd 322.8 yaw  10.2 mode 0 st 0 gl 0 hp 100 frg 0
ARGLOG Carmack t   1.7 pos '-109.4 363.6 -296.0' spd 320 yaw 252.0 mode 0 st 0 gl 0 hp 100 frg 0
ARGEVT Romero hazard
ARGLOG Joe Rogan t   2.2 pos '357.0 -1090.5  24.0' spd 220.2 yaw 206.9 mode 0 st 0 gl 0 hp 100 frg 0
ARGLOG Romero t   2.2 pos '193.0 -234.2 -72.0' spd 330.5 yaw 224.2 mode 0 st 0 gl 0 hp 100 frg 0
ARGLOG Carmack t   2.2 pos '-98.3 318.3 -296.0' spd 194.1 yaw  61.9 mode 0 st 0 gl 0 hp 100 frg 0
ARGEVT Carmack hazard
ARGLOG Joe Rogan t   2.7 pos '234.1 -1197.7 -56.0' spd 320.7 yaw 206.9 mode 0 st 0 gl 0 hp 100 frg 0
ARGLOG Romero t   2.7 pos '119.5 -328.1 -40.0' spd 166.4 yaw 103.8 mode 0 st 0 gl 0 hp 100 frg 0
ARGLOG Carmack t   2.7 pos '-98.3 482.8 -296.0' spd 325.7 yaw  61.9 mode 0 st 0 gl 0 hp 100 frg 0
ARGEVT Joe Rogan hazard
ARGLOG Joe Rogan t   3.3 pos '131.0 -1161.8 -104.0' spd 325.3 yaw  99.1 mode 0 st 0 gl 0 hp 100 frg 0
ARGLOG Romero t   3.3 pos ' 86.8 -244.0 -72.0' spd 136.4 yaw 105.8 mode 0 st 0 gl 0 hp 100 frg 0
ARGLOG Carmack t   3.3 pos '-34.2 601.1 -296.0' spd 140.4 yaw 269.1 mode 0 st 0 gl 0 hp 200 frg 0
ARGLOG Joe Rogan t   3.8 pos ' 95.8 -1000.2 -104.0' spd 320.1 yaw  99.1 mode 0 st 0 gl 0 hp 100 frg 0
ARGLOG Romero t   3.8 pos '167.6 -322.7 -40.0' spd 320 yaw 171.5 mode 0 st 0 gl 0 hp 100 frg 0
ARGLOG Carmack t   3.8 pos '-20.0 439.4 -296.0' spd 320.1 yaw 147.9 mode 0 st 0 gl 0 hp 200 frg 0
ARGEVT Joe Rogan plan powerup via weapon
ARGEVT Joe Rogan goal weapon_rocketlauncher
ARGEVT Romero goal weapon_lightning
ARGEVT Carmack goal weapon_rocketlauncher
ARGEVT Carmack hazard
ARGEVT Joe Rogan route 19 start ' 81.0 -951.0 -104.0' goal '721.0 -887.0 -232.0'
ARGLOG Joe Rogan t   4.3 pos ' 94.8 -833.7 -104.0' spd 370.6 yaw 280 mode 2 st 0 gl 0 hp 100 frg 0
ARGLOG Romero t   4.3 pos '161.2 -423.6   8.0' spd 405.1 yaw 18 mode 0 st 0 gl 0 hp 100 frg 0
ARGLOG Carmack t   4.3 pos '-137.5 496.5 -296.0' spd 250.3 yaw 229.5 mode 0 st 0 gl 0 hp 200 frg 0
ARGEVT Romero route 3 start '113.0 -471.0  24.0' goal '529.0 -311.0 -104.0'
ARGEVT Carmack route 3 start '-111.0 457.0 -296.0' goal ' 49.0 105.0 -296.0'
ARGEVT Romero hazard
ARGLOG Joe Rogan t   4.8 pos '243.3 -882.7 -104.0' spd 434.8 yaw 250 mode 2 st 0 gl 0 hp 100 frg 0
ARGLOG Romero t   4.8 pos '289.4 -528.0  24.0' spd  71.0 yaw 82 mode 2 st 0 gl 0 hp 100 frg 0
ARGLOG Carmack t   4.8 pos '-99.7 374.1 -296.0' spd 361.0 yaw 261 mode 2 st 0 gl 0 hp 200 frg 0
ARGLOG Joe Rogan t   5.3 pos '113.0 -1019.0 -104.0' spd 363.1 yaw 289 mode 2 st 0 gl 0 hp 100 frg 0
ARGLOG Romero t   5.3 pos '153.3 -497.9  24.0' spd 323.9 yaw 30 mode 2 st 0 gl 0 hp 100 frg 0
ARGLOG Carmack t   5.3 pos '-116.3 204.6 -296.0' spd 320.2 yaw 272.3 mode 2 st 0 gl 0 hp 200 frg 0
ARGEVT Joe Rogan jump
ARGEVT Romero hazard
Client 169.254.71.10:54150 connected
ARGLOG Joe Rogan t   5.8 pos '137.1 -1193.4 -82.5' spd 340.9 yaw 14 mode 2 st 0 gl 0 hp 100 frg 0
ARGLOG Romero t   5.8 pos '156.2 -343.6 -24.0' spd 397.6 yaw 0 mode 2 st 0 gl 0 hp 100 frg 0
ARGLOG Carmack t   5.8 pos '-24.1  64.7 -296.0' spd 342.2 yaw 360 mode 1 st 0 gl 0 hp 200 frg 0
ARGLOG labprobe t   6.0 pos '776.0 -808.0 -231.0' spd 0 yaw 90 mode 0 st 0 gl 0 hp 100 frg 0
ARGEVT Carmack goal item_artifact_super_damage
ARGEVT Carmack route 6 start ' 49.0 105.0 -296.0' goal '209.0  73.0 -104.0'
ARGEVT Carmack hazard
ARGLOG Joe Rogan t   6.4 pos '236.9 -1221.3 -56.0' spd 334.5 yaw 74 mode 2 st 0 gl 0 hp 100 frg 0
ARGLOG Romero t   6.4 pos '227.2 -203.2 -78.2' spd 337.1 yaw 322 mode 2 st 0 gl 0 hp 100 frg 0
ARGLOG Carmack t   6.4 pos '103.5 119.9 -296.0' spd 321.3 yaw 237 mode 2 st 0 gl 1 hp 200 frg 0
ARGLOG labprobe t   6.6 pos '776.0 -808.0 -232.0' spd 0 yaw 90 mode 0 st 0 gl 0 hp 100 frg 0
ARGLOG Joe Rogan t   6.9 pos '340.0 -1088.6  24.0' spd 341.2 yaw 95 mode 2 st 0 gl 0 hp 100 frg 0
ARGLOG Romero t   6.9 pos '359.3 -140.7 -238.5' spd 322.0 yaw 245.7 mode 2 st 0 gl 0 hp 100 frg 0
ARGLOG Carmack t   6.9 pos '-69.6  89.6 -296.0' spd 380.5 yaw 285 mode 2 st 0 gl 1 hp 200 frg 0
ARGLOG labprobe t   7.1 pos '776.0 -808.0 -232.0' spd 0 yaw 90 mode 0 st 0 gl 0 hp 100 frg 0
ARGEVT Carmack hazard
ARGLOG Joe Rogan t   7.4 pos '328.8 -923.3  24.0' spd 320.2 yaw 94 mode 2 st 0 gl 0 hp 100 frg 0
ARGLOG Romero t   7.4 pos '292.4 -206.1 -296.0' spd 328.1 yaw 309 mode 2 st 0 gl 0 hp 100 frg 0
ARGEVT Romero hazard
ARGLOG Carmack t   7.4 pos '-193.5  48.0 -296.0' spd 170.3 yaw 306 mode 2 st 0 gl 1 hp 200 frg 0
ARGLOG labprobe t   7.6 pos '776.0 -808.0 -232.0' spd 0 yaw 90 mode 0 st 0 gl 0 hp 100 frg 0
ARGLOG Joe Rogan t   7.9 pos '312.4 -759.6  24.0' spd 320.2 yaw 91 mode 2 st 0 gl 0 hp 100 frg 0
ARGLOG Romero t   7.9 pos '155.4 -259.8 -296.0' spd 366.7 yaw 113.8 mode 2 st 0 gl 0 hp 100 frg 0
ARGLOG Carmack t   7.9 pos '-90.6  48.0 -296.0' spd 263.1 yaw 291 mode 2 st 0 gl 1 hp 200 frg 0
ARGLOG labprobe t   8.1 pos '776.0 -808.0 -232.0' spd 0 yaw 90 mode 0 st 0 gl 0 hp 100 frg 0
ARGLOG Joe Rogan t   8.4 pos '307.3 -594.9  24.0' spd 320.0 yaw 33 mode 2 st 0 gl 0 hp 100 frg 0
ARGLOG Romero t   8.4 pos ' 60.8 -212.5 -296.0' spd 272.5 yaw 340 mode 2 st 0 gl 0 hp 100 frg 0
ARGEVT Romero hazard
ARGLOG Carmack t   8.4 pos '-37.9 -108.7 -296.0' spd 322.4 yaw 347 mode 2 st 0 gl 1 hp 199 frg 0
ARGLOG labprobe t   8.6 pos '776.0 -808.0 -232.0' spd 0 yaw 90 mode 0 st 0 gl 0 hp 100 frg 0
ARGEVT Romero engage Carmack
ARGEVT Carmack engage Romero
ARGEVT Carmack weapon sg
ARGEVT Joe Rogan engage Romero
ARGEVT Carmack weapon rl
ARGLOG Joe Rogan t   8.9 pos '401.1 -454.9  24.0' spd 330.0 yaw 123.2 mode 2 st 0 gl 0 hp 100 frg 0
ARGLOG Romero t   8.9 pos '172.6 -227.1 -296.0' spd 152.7 yaw 177.3 mode 2 st 0 gl 0 hp 100 frg 0
ARGLOG Carmack t   8.9 pos '-20.4 -258.4 -296.0' spd  93.1 yaw   8.6 mode 2 st 0 gl 1 hp 199 frg 0
ARGEVT Carmack hazard
ARGLOG labprobe t   9.1 pos '776.0 -808.0 -232.0' spd 0 yaw 90 mode 0 st 0 gl 0 hp 100 frg 0
ARGEVT Carmack weapon sg
ARGEVT Joe Rogan grab weapon_lightning
ARGLOG Joe Rogan t   9.4 pos '521.7 -316.5 -72.9' spd 311.9 yaw 166.7 mode 2 st 0 gl 0 hp 100 frg 0
ARGEVT Romero goal weapon_rocketlauncher
ARGLOG Romero t   9.4 pos '160.0 -248.5 -296.0' spd 213.4 yaw 179.8 mode 0 st 0 gl 0 hp 76 frg 0
ARGLOG Carmack t   9.4 pos ' -4.6 -249.4 -296.0' spd  93.7 yaw 357.6 mode 2 st 0 gl 1 hp 182 frg 0
ARGEVT Romero route 18 start '113.0 -279.0 -296.0' goal '721.0 -887.0 -232.0'
ARGLOG labprobe t   9.7 pos '776.0 -808.0 -232.0' spd 0 yaw 90 mode 0 st 0 gl 0 hp 100 frg 0
ARGEVT Joe Rogan grab item_armor1
ARGEVT Joe Rogan pursue
ARGLOG Joe Rogan t  10.0 pos '545.7 -153.1 -104.0' spd 331.9 yaw 193 mode 2 st 0 gl 0 hp 100 frg 0
ARGLOG Romero t  10.0 pos '163.0 -248.1 -296.0' spd 257.9 yaw 177.6 mode 2 st 0 gl 0 hp 52 frg 0
ARGLOG Carmack t  10.0 pos ' 31.7 -252.1 -296.0' spd 127.9 yaw  11.9 mode 2 st 0 gl 1 hp 165 frg 0
ARGLOG labprobe t  10.2 pos '776.0 -808.0 -232.0' spd 0 yaw 90 mode 0 st 0 gl 0 hp 100 frg 0
ARGEVT Romero retreat
ARGEVT Romero death Joe Rogan pos '184.1 -242.3 -296.0'
ARGUS Joe Rogan watch spawn
ARGEVT Joe Rogan engage Carmack
ARGEVT Joe Rogan weapon sg
ARGEVT Joe Rogan grab weapon_nailgun
ARGEVT Joe Rogan goal item_artifact_super_damage
ARGLOG Joe Rogan t  10.5 pos '467.0 -62.2 -104.0' spd 130.2 yaw 257.2 mode 0 st 0 gl 0 hp 100 frg 1
ARGEVT Carmack weapon rl
ARGLOG Carmack t  10.5 pos ' 12.6 -239.2 -296.0' spd 289.2 yaw 318.6 mode 2 st 0 gl 1 hp 141 frg 0
ARGEVT Joe Rogan hazard
ARGEVT Carmack engage Joe Rogan
ARGEVT Joe Rogan routefail
ARGEVT Joe Rogan goal 
ARGEVT Joe Rogan weapon lg
ARGLOG labprobe t  10.7 pos '776.0 -808.0 -232.0' spd 0 yaw 90 mode 0 st 0 gl 0 hp 100 frg 0
ARGEVT Joe Rogan route 2 start '433.0 -55.0 -104.0' goal '241.0 -279.0 -296.0'
ARGEVT Carmack grab 
ARGEVT Carmack hazard
ARGLOG Joe Rogan t  11.0 pos '349.8 -97.4 -163.2' spd 105.1 yaw 203.3 mode 2 st 0 gl 0 hp 100 frg 1
ARGLOG Carmack t  11.0 pos ' 83.8 -208.3 -296.0' spd 325.2 yaw  15.7 mode 2 st 0 gl 1 hp 140 frg 0
ARGLOG labprobe t  11.2 pos '776.0 -808.0 -232.0' spd 0 yaw 90 mode 0 st 0 gl 0 hp 100 frg 0
ARGEVT Carmack death Joe Rogan pos '201.1 -234.7 -296.0'
ARGEVT Joe Rogan goal item_health
ARGLOG Joe Rogan t  11.5 pos '383.8 -65.8 -296.0' spd 367.2 yaw 141.0 mode 0 st 0 gl 0 hp 22 frg 2
ARGEVT Joe Rogan route 4 start '305.0 -87.0 -296.0' goal '529.0  73.0 -296.0'
ARGEVT Joe Rogan hazard
ARGLOG labprobe t  11.7 pos '776.0 -808.0 -232.0' spd 0 yaw 90 mode 0 st 0 gl 0 hp 100 frg 0
ARGEVT Romero respawn
ARGEVT Romero goal weapon_rocketlauncher
ARGLOG Romero t  11.9 pos '112.0 -1136.0 -104.0' spd 0 yaw  28.4 mode 0 st 0 gl 0 hp 100 frg 0
ARGLOG Joe Rogan t  12.0 pos '336.5  -1.7 -296.0' spd 322.7 yaw 250 mode 2 st 0 gl 0 hp 22 frg 2
ARGEVT Romero route 18 start '145.0 -1143.0 -88.0' goal '721.0 -887.0 -232.0'
ARGLOG labprobe t  12.2 pos '776.0 -808.0 -232.0' spd 0 yaw 90 mode 0 st 0 gl 0 hp 100 frg 0
ARGEVT Romero hazard
ARGLOG Romero t  12.4 pos '254.0 -1136.0 -104.0' spd 0 yaw 286 mode 2 st 0 gl 0 hp 100 frg 0
ARGLOG Joe Rogan t  12.5 pos '347.1 -169.8 -296.0' spd 325.4 yaw 232.4 mode 2 st 0 gl 0 hp 22 frg 2
ARGEVT Romero jump
ARGLOG labprobe t  12.7 pos '776.0 -808.0 -232.0' spd 0 yaw 90 mode 0 st 0 gl 0 hp 100 frg 0
ARGEVT Joe Rogan hazard
ARGLOG Romero t  12.9 pos '142.6 -1144.7 -69.6' spd 298.1 yaw 0 mode 2 st 0 gl 0 hp 100 frg 0
ARGEVT Carmack respawn
ARGEVT labprobe death world pos '776.0 -808.0 -232.0'
ARGEVT Carmack goal weapon_rocketlauncher
ARGLOG Carmack t  13.0 pos '776.0 -808.0 -231.0' spd 0 yaw 107.0 mode 1 st 0 gl 1 hp 100 frg 1
ARGLOG Joe Rogan t  13.1 pos '242.2 -277.1 -296.0' spd 329.3 yaw 298.3 mode 0 st 0 gl 0 hp 22 frg 2
ARGEVT Joe Rogan route 4 start '241.0 -279.0 -296.0' goal '529.0  73.0 -296.0'
ARGEVT Carmack goal weapon_rocketlauncher
ARGEVT Carmack hazard
ARGLOG Romero t  13.5 pos '139.2 -1230.7 -104.0' spd 202.4 yaw 23 mode 2 st 0 gl 0 hp 100 frg 0
ARGLOG Carmack t  13.5 pos '727.0 -723.5 -216.0' spd 144.0 yaw 220.2 mode 1 st 0 gl 1 hp 100 frg 1
ARGLOG Joe Rogan t  13.6 pos '313.3 -271.5 -296.0' spd 321.6 yaw 33 mode 2 st 0 gl 0 hp 22 frg 2
ARGEVT Romero jump
ARGEVT Joe Rogan hazard
ARGEVT Romero goal item_armorInv
ARGLOG Romero t  14.0 pos '209.0 -1203.4 -33.1' spd  58.9 yaw 30 mode 0 st 0 gl 0 hp 100 frg 0
ARGEVT Carmack goal weapon_supernailgun
ARGLOG Carmack t  14.0 pos '767.7 -878.7 -232.0' spd 397.7 yaw  29.1 mode 0 st 0 gl 2 hp 100 frg 1
ARGLOG Joe Rogan t  14.1 pos '398.4 -161.3 -296.0' spd 373.7 yaw 20 mode 2 st 0 gl 0 hp 22 frg 2
ARGEVT Romero route 15 start '273.0 -1207.0 -24.0' goal '817.0 -855.0 -232.0'
ARGEVT Carmack route 8 start '817.0 -855.0 -232.0' goal '177.0 -55.0 -104.0'
ARGLOG Romero t  14.5 pos '272.0 -1148.9 -40.0' spd 161.6 yaw 28 mode 2 st 0 gl 0 hp 100 frg 0
ARGEVT Romero jump
ARGLOG Carmack t  14.5 pos '795.9 -750.9 -216.0' spd 399.9 yaw 116 mode 2 st 0 gl 2 hp 100 frg 1
ARGLOG Joe Rogan t  14.6 pos '330.6 -76.6 -296.0' spd 265.8 yaw 358 mode 2 st 0 gl 0 hp 22 frg 2
ARGEVT Carmack hazard
ARGLOG Romero t  15.0 pos '272.0 -1104.0 -18.5' spd 0 yaw 24 mode 2 st 0 gl 0 hp 100 frg 0
ARGLOG Carmack t  15.1 pos '720.0 -862.8 -232.0' spd 327.3 yaw 270.4 mode 0 st 0 gl 2 hp 100 frg 1
ARGLOG Joe Rogan t  15.1 pos '413.0 -227.9 -296.0' spd 351.8 yaw 38 mode 2 st 0 gl 0 hp 22 frg 2
ARGUS routecache adopt
ARGEVT Carmack route 6 start '369.0 105.0 -288.0' goal '177.0 -55.0 -104.0'
ARGEVT Romero jump
ARGLOG Romero t  15.5 pos '272.0 -1117.5 -69.5' spd  51.6 yaw 76 mode 2 st 0 gl 0 hp 100 frg 0
ARGLOG Carmack t  15.6 pos '368.0 -37.3 -296.0' spd 300 yaw 229 mode 2 st 0 gl 2 hp 100 frg 1
ARGLOG Joe Rogan t  15.6 pos '582.3 -227.2 -296.0' spd 345.6 yaw 100 mode 2 st 0 gl 0 hp 22 frg 2
ARGEVT Romero hazard
ARGLOG Romero t  16.0 pos '271.4 -1127.7 -104.0' spd 163.2 yaw 76 mode 2 st 0 gl 0 hp 100 frg 0
ARGLOG Carmack t  16.1 pos '354.6 -87.5 -296.0' spd 336.1 yaw 221 mode 2 st 0 gl 2 hp 100 frg 1
ARGLOG Joe Rogan t  16.1 pos '619.5 -60.8 -296.0' spd 323.4 yaw 116 mode 1 st 0 gl 0 hp 22 frg 2
ARGEVT Romero jump
ARGEVT Carmack hazard
ARGLOG Romero t  16.6 pos '272.0 -1098.0 -69.2' spd  39.4 yaw 73 mode 2 st 0 gl 0 hp 100 frg 0
ARGLOG Carmack t  16.6 pos '281.7 -200.0 -296.0' spd 362.7 yaw 110 mode 2 st 0 gl 2 hp 100 frg 1
ARGEVT Carmack rjump
ARGLOG Joe Rogan t  16.7 pos '558.8  96.0 -296.0' spd 355.2 yaw  91.0 mode 1 st 0 gl 0 hp 47 frg 2
ARGEVT Joe Rogan hazard
ARGEVT Romero hazard
ARGLOG Romero t  17.1 pos '262.1 -1129.8 -104.0' spd 165.8 yaw 73 mode 2 st 0 gl 0 hp 100 frg 0
ARGEVT Romero jump
ARGLOG Carmack t  17.1 pos '112.0 -190.1 -273.8' spd 147.5 yaw 76 mode 2 st 0 gl 2 hp 100 frg 1
ARGLOG Joe Rogan t  17.2 pos '538.3  37.8 -296.0' spd 240.7 yaw 256.2 mode 1 st 0 gl 0 hp 47 frg 2
ARGEVT Carmack swim
ARGLOG Romero t  17.6 pos '272.0 -1111.0 -81.6' spd  35.3 yaw 75 mode 2 st 0 gl 0 hp 100 frg 0
ARGLOG Carmack t  17.6 pos '115.8 -110.8 -404.5' spd 197.0 yaw 71 mode 2 st 0 gl 2 hp 80 frg 1
ARGLOG Joe Rogan t  17.7 pos '642.2 -46.1 -296.0' spd 329.4 yaw 255.8 mode 1 st 0 gl 0 hp 47 frg 2
ARGEVT Joe Rogan hazard
ARGEVT Romero jump
ARGLOG Romero t  18.1 pos '269.3 -1124.0 -75.1' spd  85.5 yaw 75 mode 2 st 0 gl 0 hp 100 frg 0
ARGLOG Carmack t  18.2 pos '170.3 -48.0 -399.9' spd 120.1 yaw 86 mode 2 st 0 gl 2 hp 20 frg 1
ARGLOG Joe Rogan t  18.2 pos '593.3 -172.3 -296.0' spd  91.1 yaw 100 mode 1 st 0 gl 0 hp 47 frg 2
ARGEVT Romero stall
ARGEVT Romero stallnode '337.0 -1143.0  -8.0'
ARGEVT Carmack death world pos '186.9 -48.0 -398.5'
ARGEVT Romero route 16 start '241.0 -1143.0 -40.0' goal '817.0 -855.0 -232.0'
ARGLOG Romero t  18.6 pos '272.0 -1104.2 -104.0' spd  40.4 yaw 271 mode 2 st 1 gl 0 hp 100 frg 0
ARGLOG Joe Rogan t  18.7 pos '593.2 -10.8 -296.0' spd 327.8 yaw 60 mode 1 st 0 gl 0 hp 47 frg 2
ARGEVT Romero jump
ARGLOG Romero t  19.1 pos '164.4 -992.9 -66.0' spd 322.9 yaw 297 mode 2 st 1 gl 0 hp 100 frg 0
ARGLOG Joe Rogan t  19.2 pos '409.2 -864.0  30.0' spd 300 yaw 100 mode 1 st 0 gl 0 hp 47 frg 2
ARGLOG Romero t  19.6 pos '128.7 -1112.7 -104.0' spd 357.9 yaw 327 mode 2 st 1 gl 0 hp 100 frg 0
ARGLOG Joe Rogan t  19.8 pos '393.9 -864.0  24.0' spd 300 yaw 81 mode 1 st 0 gl 0 hp 47 frg 2
ARGEVT Romero jump
ARGEVT Carmack respawn
ARGEVT Carmack goal weapon_supershotgun
ARGLOG Carmack t  19.9 pos '784.0 -176.0  24.0' spd 0 yaw 196.6 mode 0 st 0 gl 2 hp 100 frg 0
ARGEVT Carmack route 6 start '753.0 -151.0  24.0' goal '273.0 -1015.0 -104.0'
ARGLOG Romero t  20.2 pos '183.2 -1196.2 -50.2' spd 159.7 yaw 60 mode 2 st 1 gl 0 hp 100 frg 0
ARGLOG Joe Rogan t  20.3 pos '368.0 -720.0  24.0' spd 324.8 yaw 77 mode 1 st 0 gl 0 hp 47 frg 2
ARGLOG Carmack t  20.4 pos '626.8 -190.9  24.0' spd 331.2 yaw 231 mode 2 st 0 gl 2 hp 100 frg 0
ARGEVT Romero engage Joe Rogan
ARGEVT Joe Rogan engage Carmack
ARGEVT Joe Rogan grab item_cells
ARGLOG Romero t  20.7 pos '290.3 -1188.3 -24.0' spd 381.7 yaw  85.4 mode 2 st 1 gl 0 hp 100 frg 0
ARGEVT Carmack engage Joe Rogan
ARGLOG Joe Rogan t  20.8 pos '366.2 -553.0  24.0' spd 323.0 yaw  69.9 mode 1 st 0 gl 0 hp 47 frg 2
ARGLOG Carmack t  20.9 pos '508.6 -188.3 -19.7' spd 132.0 yaw 241.7 mode 2 st 0 gl 2 hp 100 frg 0
ARGEVT Joe Rogan grab item_health
ARGEVT Romero grab weapon_supershotgun
ARGLOG Romero t  21.2 pos '346.7 -1028.2  24.0' spd 322.5 yaw  91.1 mode 2 st 1 gl 0 hp 100 frg 0
ARGLOG Joe Rogan t  21.3 pos '325.3 -390.4  18.2' spd 217.3 yaw  32.7 mode 1 st 0 gl 0 hp 26 frg 2
ARGLOG Carmack t  21.5 pos '578.7 -264.7 -104.0' spd 485.6 yaw 200.8 mode 2 st 0 gl 2 hp 10 frg 0
ARGEVT Carmack death Joe Rogan pos '598.5 -277.1 -104.0'
ARGUS Joe Rogan watch spawn
ARGEVT Joe Rogan goal item_health
ARGEVT Joe Rogan weapon rl
ARGLOG Romero t  21.7 pos '324.9 -1035.0  24.0' spd 147.3 yaw  85.0 mode 2 st 1 gl 0 hp 100 frg 0
ARGEVT Joe Rogan route 14 start '401.0 -343.0 -104.0' goal '-239.0 -471.0 -72.0'
ARGLOG Joe Rogan t  21.8 pos '378.0 -332.8 -141.3' spd  88.4 yaw 280.6 mode 2 st 0 gl 0 hp 24 frg 3
ARGEVT Romero pursue
ARGUS Joe Rogan hunch item_artifact_super_damage
ARGEVT Joe Rogan goal 
ARGEVT Joe Rogan route 3 start '401.0 -279.0 -296.0' goal '145.0 -183.0 -296.0'
ARGEVT Joe Rogan pursue
ARGEVT Joe Rogan death world pos '398.0 -305.6 -423.8'
ARGLOG Romero t  22.2 pos '332.0 -946.9  24.0' spd 320.1 yaw 91 mode 2 st 1 gl 0 hp 100 frg 0
ARGLOG Romero t  22.7 pos '334.8 -782.0  24.0' spd 320.1 yaw 92 mode 2 st 1 gl 0 hp 100 frg 0
ARGEVT Carmack respawn
ARGLOG labprobe t  23.0 pos '784.0 -176.0  24.0' spd 0 yaw -180 mode 0 st 0 gl 0 hp 100 frg 0
ARGEVT Carmack goal weapon_supernailgun
ARGLOG Carmack t  23.0 pos '-64.0 512.0 -296.0' spd 0 yaw 286.3 mode 0 st 0 gl 2 hp 100 frg 0
ARGEVT Carmack route 19 start '-15.0 553.0 -296.0' goal '177.0 -55.0 -104.0'
ARGLOG Romero t  23.3 pos '332.0 -617.9  24.0' spd 320.0 yaw 93 mode 2 st 1 gl 0 hp 100 frg 0
ARGEVT Carmack hazard
ARGLOG labprobe t  23.5 pos '784.0 -176.0  24.0' spd 0 yaw -180 mode 0 st 0 gl 0 hp 100 frg 0
ARGLOG Carmack t  23.6 pos ' 34.8 408.1 -296.0' spd 266.9 yaw 249 mode 2 st 0 gl 2 hp 100 frg 0
ARGEVT Joe Rogan respawn
ARGLOG Romero t  23.8 pos '329.9 -452.4  24.0' spd 343.6 yaw 21 mode 2 st 1 gl 0 hp 100 frg 0
ARGEVT Joe Rogan goal weapon_grenadelauncher
ARGLOG Joe Rogan t  23.8 pos '-64.0 -232.0 -72.0' spd 0 yaw 343.4 mode 0 st 0 gl 0 hp 100 frg 2
ARGEVT Joe Rogan route 4 start '-47.0 -215.0 -72.0' goal '113.0 -407.0 -104.0'
ARGEVT Joe Rogan engage Romero
ARGEVT Romero engage Joe Rogan
ARGLOG labprobe t  24.0 pos '784.0 -176.0  24.0' spd 0 yaw -180 mode 0 st 0 gl 0 hp 100 frg 0
ARGLOG Carmack t  24.1 pos ' 95.4 386.3 -296.0' spd 119.9 yaw 233 mode 2 st 0 gl 2 hp 100 frg 0
ARGLOG Romero t  24.3 pos '366.8 -378.8 -71.7' spd  30.5 yaw 154.6 mode 2 st 1 gl 0 hp 100 frg 0
ARGLOG Joe Rogan t  24.3 pos ' 44.3 -236.5 -72.0' spd 175.4 yaw 339.9 mode 2 st 0 gl 0 hp 100 frg 2
ARGEVT Carmack hazard
ARGLOG labprobe t  24.5 pos '784.0 -176.0  24.0' spd 0 yaw -180 mode 0 st 0 gl 0 hp 100 frg 0
ARGLOG Carmack t  24.6 pos ' 29.2 427.2 -296.0' spd 362.6 yaw 252 mode 2 st 0 gl 2 hp 100 frg 0
ARGLOG Romero t  24.8 pos '289.4 -478.6 -104.0' spd 322.4 yaw 133.0 mode 2 st 1 gl 0 hp 96 frg 0
ARGLOG Joe Rogan t  24.8 pos ' 62.5 -256.8 -72.0' spd 124.7 yaw 309.1 mode 2 st 0 gl 0 hp 80 frg 2
ARGEVT Joe Rogan pursue
ARGEVT Romero pursue
ARGLOG labprobe t  25.1 pos '784.0 -176.0  24.0' spd 0 yaw -180 mode 0 st 0 gl 0 hp 100 frg 0
ARGLOG Carmack t  25.1 pos '-75.5 378.3 -296.0' spd 367.6 yaw 281 mode 2 st 0 gl 2 hp 100 frg 0
ARGEVT Joe Rogan hazard
ARGLOG Romero t  25.3 pos '284.1 -409.9 -104.0' spd 336.8 yaw 118.5 mode 2 st 1 gl 0 hp 96 frg 0
ARGEVT Romero hazard
ARGLOG Joe Rogan t  25.4 pos '198.6 -230.0 -72.0' spd 349.9 yaw 292.9 mode 2 st 0 gl 0 hp 80 frg 2
ARGEVT Romero grab weapon_grenadelauncher
ARGLOG labprobe t  25.6 pos '784.0 -176.0  24.0' spd 0 yaw -180 mode 0 st 0 gl 0 hp 100 frg 0
ARGLOG Carmack t  25.6 pos '-60.2 209.9 -296.0' spd 325.2 yaw 301 mode 2 st 0 gl 2 hp 100 frg 0
ARGLOG Romero t  25.8 pos '133.8 -432.0 -104.0' spd 326.9 yaw 143.5 mode 0 st 1 gl 0 hp 72 frg 0
ARGEVT Joe Rogan goal weapon_rocketlauncher
ARGLOG Joe Rogan t  25.9 pos ' 34.3 -233.4 -72.0' spd 326.5 yaw 298.3 mode 0 st 0 gl 0 hp 56 frg 2
ARGEVT Romero pursue
ARGEVT Joe Rogan pursue
ARGUS Romero hunch item_artifact_super_damage
ARGEVT Joe Rogan route 8 start ' 49.0 -247.0 -72.0' goal ' 49.0 105.0 -296.0'
ARGLOG labprobe t  26.1 pos '784.0 -176.0  24.0' spd 0 yaw -180 mode 0 st 0 gl 0 hp 100 frg 0
ARGEVT Romero goal item_armorInv
ARGLOG Carmack t  26.1 pos '-10.6  52.7 -296.0' spd 320.0 yaw 291 mode 2 st 0 gl 2 hp 100 frg 0
ARGEVT Joe Rogan pursue
ARGEVT Romero route 19 start '113.0 -407.0 -104.0' goal '817.0 -855.0 -232.0'
ARGLOG Romero t  26.3 pos '166.8 -399.7 -104.0' spd 320.0 yaw 342.6 mode 2 st 1 gl 0 hp 72 frg 0
ARGLOG Joe Rogan t  26.4 pos '132.8 -282.2 -56.0' spd 359.2 yaw 307 mode 2 st 0 gl 0 hp 56 frg 2
ARGEVT Joe Rogan hazard
ARGEVT Romero weapon sg
ARGLOG labprobe t  26.6 pos '784.0 -176.0  24.0' spd 0 yaw -180 mode 0 st 0 gl 0 hp 100 frg 0
ARGLOG Carmack t  26.6 pos '-16.9 -42.5 -296.0' spd 327.6 yaw 299 mode 2 st 0 gl 2 hp 100 frg 0
ARGEVT Romero weapon gl
ARGLOG Romero t  26.9 pos '297.2 -431.7 -104.0' spd 203.8 yaw 213.7 mode 2 st 1 gl 0 hp 52 frg 0
ARGLOG Joe Rogan t  26.9 pos '129.5 -434.4  24.0' spd 337.0 yaw 356.3 mode 2 st 0 gl 0 hp 48 frg 2
ARGLOG labprobe t  27.1 pos '784.0 -176.0  24.0' spd 0 yaw -180 mode 0 st 0 gl 0 hp 100 frg 0
ARGLOG Carmack t  27.2 pos '-47.1 -211.5 -296.0' spd 344.8 yaw 303 mode 2 st 0 gl 2 hp 100 frg 0
ARGEVT Romero pursue
ARGEVT Joe Rogan pursue
ARGEVT Carmack hazard
ARGLOG Romero t  27.4 pos '297.0 -511.8 -104.0' spd 299.9 yaw 155 mode 2 st 1 gl 0 hp 52 frg 0
ARGLOG Joe Rogan t  27.4 pos '184.3 -426.9   8.0' spd 372.5 yaw 352 mode 2 st 0 gl 0 hp 48 frg 2
ARGEVT Romero weapon sg
ARGEVT Romero retreat
ARGEVT Carmack engage Joe Rogan
ARGEVT Romero hazard
ARGLOG labprobe t  27.6 pos '784.0 -176.0  24.0' spd 0 yaw -180 mode 0 st 0 gl 0 hp 100 frg 0
ARGLOG Carmack t  27.7 pos ' 65.8 -245.5 -296.0' spd 197.9 yaw 329.9 mode 0 st 0 gl 2 hp 100 frg 0
ARGEVT Carmack route 15 start ' 17.0 -247.0 -296.0' goal '177.0 -55.0 -104.0'
ARGLOG Romero t  27.9 pos '328.7 -538.8 -104.0' spd 330.3 yaw  73.2 mode 2 st 1 gl 0 hp 28 frg 0
ARGLOG Joe Rogan t  27.9 pos '383.4 -362.4 -49.3' spd 457.3 yaw 252.7 mode 2 st 0 gl 0 hp 24 frg 2
ARGEVT Romero weapon gl
ARGUS routecache adopt
ARGEVT Carmack route 15 start ' 17.0 -247.0 -296.0' goal '177.0 -55.0 -104.0'
ARGEVT Joe Rogan grab 
ARGEVT Joe Rogan death Carmack pos '443.2 -323.5 -97.1'
ARGUS Carmack watch spawn
ARGLOG labprobe t  28.1 pos '784.0 -176.0  24.0' spd 0 yaw -180 mode 0 st 0 gl 0 hp 100 frg 0
ARGEVT Carmack goal weapon_supernailgun
ARGLOG Carmack t  28.2 pos '-72.0 -256.0 -296.0' spd 337.3 yaw 244.3 mode 0 st 0 gl 2 hp 100 frg 1
ARGEVT Carmack route 15 start '-111.0 -247.0 -296.0' goal '177.0 -55.0 -104.0'
ARGEVT Carmack hazard
ARGLOG Romero t  28.4 pos '246.8 -453.3 -104.0' spd 337.5 yaw 138.6 mode 2 st 1 gl 0 hp 8 frg 0
ARGLOG labprobe t  28.7 pos '784.0 -176.0  24.0' spd 0 yaw -180 mode 0 st 0 gl 0 hp 100 frg 0
ARGLOG Carmack t  28.7 pos '  0.6 -272.0 -296.0' spd 321.0 yaw 354 mode 2 st 0 gl 2 hp 100 frg 1
ARGEVT Romero hazard
ARGLOG Romero t  28.9 pos '118.7 -385.2 -104.0' spd 340.6 yaw 22 mode 2 st 1 gl 0 hp 8 frg 0
ARGLOG labprobe t  29.2 pos '784.0 -176.0  24.0' spd 0 yaw -180 mode 0 st 0 gl 0 hp 100 frg 0
ARGEVT Romero engage Carmack
ARGEVT Romero retreat
ARGEVT Carmack engage Romero
ARGLOG Carmack t  29.2 pos '166.3 -275.4 -296.0' spd 320.7 yaw 314.3 mode 2 st 0 gl 2 hp 100 frg 1
ARGLOG Romero t  29.4 pos '161.8 -420.1 -104.0' spd 322.4 yaw  86.3 mode 2 st 1 gl 0 hp 8 frg 0
ARGEVT Carmack hazard
ARGEVT Joe Rogan respawn
ARGEVT Joe Rogan goal weapon_rocketlauncher
ARGLOG Joe Rogan t  29.7 pos '272.0 -952.0  24.0' spd 0 yaw  16.3 mode 0 st 0 gl 0 hp 100 frg 2
ARGLOG labprobe t  29.7 pos '784.0 -176.0  24.0' spd 0 yaw -180 mode 0 st 0 gl 0 hp 100 frg 0
ARGLOG Carmack t  29.7 pos '106.5 -228.6 -296.0' spd 352.0 yaw 306.4 mode 2 st 0 gl 2 hp 100 frg 1
ARGEVT Joe Rogan route 10 start '305.0 -983.0  24.0' goal ' 49.0 105.0 -296.0'
ARGLOG Romero t  29.9 pos '309.1 -481.9 -104.0' spd 332.8 yaw 166.1 mode 2 st 1 gl 0 hp 4 frg 0
ARGEVT Carmack pursue
ARGEVT Romero pursue
ARGUS Carmack hunch item_health
ARGLOG Joe Rogan t  30.2 pos '356.7 -820.5  24.0' spd 334.1 yaw 103 mode 2 st 0 gl 0 hp 100 frg 2
ARGLOG labprobe t  30.2 pos '784.0 -176.0  24.0' spd 0 yaw -180 mode 0 st 0 gl 0 hp 100 frg 0
ARGEVT Carmack goal weapon_supernailgun
ARGLOG Carmack t  30.3 pos ' 54.9 -259.6 -296.0' spd 114.0 yaw 139.8 mode 0 st 0 gl 2 hp 100 frg 1
ARGEVT Carmack pursue
ARGEVT Carmack route 15 start ' 17.0 -247.0 -296.0' goal '177.0 -55.0 -104.0'
ARGLOG Romero t  30.5 pos '298.1 -454.9 -104.0' spd 320.1 yaw 127 mode 2 st 1 gl 0 hp 4 frg 0
ARGEVT Romero hazard
ARGEVT Carmack hazard
ARGLOG Joe Rogan t  30.7 pos '335.3 -656.4  24.0' spd 320.5 yaw 107 mode 2 st 0 gl 0 hp 100 frg 2
ARGLOG labprobe t  30.7 pos '784.0 -176.0  24.0' spd 0 yaw -180 mode 0 st 0 gl 0 hp 100 frg 0
ARGLOG Carmack t  30.8 pos '-86.5 -264.1 -296.0' spd 325.8 yaw 304.6 mode 2 st 0 gl 2 hp 100 frg 1
ARGLOG Romero t  31.0 pos '197.0 -397.1 -104.0' spd 105.2 yaw 20 mode 2 st 1 gl 0 hp 4 frg 0
ARGLOG Joe Rogan t  31.2 pos '296.6 -494.0  24.0' spd 323.7 yaw 111 mode 0 st 0 gl 0 hp 100 frg 2
ARGLOG labprobe t  31.2 pos '784.0 -176.0  24.0' spd 0 yaw -180 mode 0 st 0 gl 0 hp 100 frg 0
ARGEVT Joe Rogan route 7 start '305.0 -471.0  24.0' goal ' 49.0 105.0 -296.0'
ARGEVT Joe Rogan engage Romero
ARGEVT Joe Rogan grab 
ARGEVT Romero death Carmack pos '313.1 -392.1 -104.0'
ARGLOG Carmack t  31.3 pos ' 80.6 -271.7 -296.0' spd 320.0 yaw 331.0 mode 2 st 0 gl 2 hp 100 frg 2
ARGEVT Joe Rogan engage Carmack
ARGEVT Carmack engage Joe Rogan
ARGEVT Carmack goal weapon_supernailgun
ARGEVT Carmack route 14 start '145.0 -183.0 -296.0' goal '177.0 -55.0 -104.0'
ARGLOG Joe Rogan t  31.7 pos '399.7 -325.5 -34.9' spd 366.3 yaw 153.2 mode 2 st 0 gl 0 hp 100 frg 2
ARGLOG labprobe t  31.7 pos '784.0 -176.0  24.0' spd 0 yaw -180 mode 0 st 0 gl 0 hp 100 frg 0
ARGLOG Carmack t  31.8 pos ' 90.5 -218.1 -296.0' spd 323.3 yaw 345.5 mode 2 st 0 gl 2 hp 100 frg 2
ARGLOG Joe Rogan t  32.3 pos '502.4 -382.8 -104.0' spd 320.4 yaw 159.0 mode 2 st 0 gl 0 hp 80 frg 2
ARGLOG labprobe t  32.3 pos '784.0 -176.0  24.0' spd 0 yaw -180 mode 0 st 0 gl 0 hp 100 frg 0
ARGEVT Joe Rogan grab 
ARGLOG Carmack t  32.3 pos ' 63.4 -255.2 -296.0' spd 138.4 yaw 339.5 mode 2 st 0 gl 2 hp 100 frg 2
ARGEVT Carmack hazard
ARGLOG Joe Rogan t  32.8 pos '524.0 -288.8 -104.0' spd 320.1 yaw 170.4 mode 2 st 0 gl 0 hp 80 frg 2
ARGLOG labprobe t  32.8 pos '784.0 -176.0  24.0' spd 0 yaw -180 mode 0 st 0 gl 0 hp 100 frg 0
ARGEVT Joe Rogan grab item_health
ARGEVT Romero respawn
ARGLOG Carmack t  32.8 pos '143.7 -240.3 -296.0' spd 209.1 yaw 357.3 mode 2 st 0 gl 2 hp 84 frg 2
ARGEVT Romero goal item_armorInv
ARGLOG Romero t  32.9 pos '112.0 -1136.0 -104.0' spd 0 yaw  28.4 mode 0 st 1 gl 0 hp 100 frg 0
ARGEVT Romero route 17 start '145.0 -1143.0 -88.0' goal '817.0 -855.0 -232.0'
ARGLOG Joe Rogan t  33.3 pos '537.3 -387.2 -104.0' spd 322.7 yaw 158.7 mode 2 st 0 gl 0 hp 72 frg 2
ARGLOG labprobe t  33.3 pos '784.0 -176.0  24.0' spd 0 yaw -180 mode 0 st 0 gl 0 hp 100 frg 0
ARGEVT Joe Rogan pursue
ARGEVT Romero hazard
ARGEVT Carmack pursue
ARGLOG Carmack t  33.3 pos '215.1 -245.4 -296.0' spd 258.1 yaw  25.0 mode 2 st 0 gl 2 hp 84 frg 2
ARGLOG Romero t  33.4 pos '253.9 -1136.0 -104.0' spd 0 yaw 286 mode 2 st 1 gl 0 hp 100 frg 0
ARGEVT Romero engage Joe Rogan
ARGEVT Romero jump
ARGEVT Romero grab weapon_supershotgun
ARGLOG Joe Rogan t  33.8 pos '419.9 -407.1 -104.0' spd 121.4 yaw 124.0 mode 2 st 0 gl 0 hp 72 frg 2
ARGLOG labprobe t  33.8 pos '784.0 -176.0  24.0' spd 0 yaw -180 mode 0 st 0 gl 0 hp 100 frg 0
ARGLOG Carmack t  33.9 pos '285.7 -206.4 -296.0' spd 323.8 yaw 304.9 mode 2 st 0 gl 2 hp 60 frg 2
ARGEVT Carmack hazard
ARGEVT Joe Rogan hazard
ARGLOG Romero t  33.9 pos '171.2 -1114.0 -69.4' spd 175.2 yaw  70.3 mode 2 st 1 gl 0 hp 100 frg 0
ARGEVT Romero pursue
ARGEVT Carmack pursue
ARGEVT Joe Rogan pursue
ARGLOG Joe Rogan t  34.3 pos '534.7 -408.4 -104.0' spd 121.5 yaw 140 mode 2 st 0 gl 0 hp 72 frg 2
ARGLOG labprobe t  34.3 pos '784.0 -176.0  24.0' spd 0 yaw -180 mode 0 st 0 gl 0 hp 100 frg 0
ARGEVT Carmack pursue
ARGLOG Carmack t  34.4 pos '305.2 -210.4 -296.0' spd 305.9 yaw 326.0 mode 2 st 0 gl 2 hp 60 frg 2
ARGLOG Romero t  34.4 pos '161.1 -1016.4 -104.0' spd 298.5 yaw 66 mode 2 st 1 gl 0 hp 100 frg 0
ARGUS Joe Rogan hunch item_artifact_super_damage
ARGEVT Joe Rogan goal weapon_lightning
ARGEVT Joe Rogan pursue
ARGLOG Joe Rogan t  34.8 pos '495.1 -395.7 -104.0' spd 329.7 yaw 263.1 mode 1 st 0 gl 0 hp 72 frg 2
ARGLOG labprobe t  34.8 pos '784.0 -176.0  24.0' spd 0 yaw -180 mode 0 st 0 gl 0 hp 100 frg 0
ARGLOG Carmack t  34.9 pos '459.5 -254.1 -296.0' spd 321.3 yaw 16 mode 2 st 0 gl 2 hp 60 frg 2
ARGLOG Romero t  34.9 pos '217.7 -860.0 -104.0' spd 320.2 yaw 65 mode 0 st 1 gl 0 hp 100 frg 0
ARGEVT Carmack pursue
ARGUS Romero hunch item_artifact_super_damage
ARGEVT Romero route 19 start '209.0 -759.0 -104.0' goal '817.0 -855.0 -232.0'
ARGLOG Joe Rogan t  35.4 pos '438.9 -411.4 -104.0' spd 350.8 yaw 126 mode 1 st 0 gl 0 hp 72 frg 2
ARGEVT Romero goal item_armorInv
ARGUS routecache adopt
ARGEVT Romero route 19 start '209.0 -759.0 -104.0' goal '817.0 -855.0 -232.0'
ARGEVT Carmack hazard
ARGLOG labprobe t  35.4 pos '784.0 -176.0  24.0' spd 0 yaw -180 mode 0 st 0 gl 0 hp 100 frg 0
ARGEVT Joe Rogan hazard
ARGLOG Carmack t  35.4 pos '626.3 -258.1 -296.0' spd 339.8 yaw 309.4 mode 2 st 0 gl 2 hp 60 frg 2
ARGEVT Romero pursue
ARGLOG Romero t  35.5 pos '236.1 -791.7 -104.0' spd 328.3 yaw 268.3 mode 2 st 1 gl 0 hp 100 frg 0
ARGEVT Carmack pursue
ARGLOG Joe Rogan t  35.9 pos '403.7 -381.7 -104.0' spd 321.2 yaw  14.4 mode 1 st 0 gl 0 hp 72 frg 2
ARGLOG labprobe t  35.9 pos '784.0 -176.0  24.0' spd 0 yaw -180 mode 0 st 0 gl 0 hp 100 frg 0
ARGLOG Carmack t  35.9 pos '571.8 -263.3 -296.0' spd 333.2 yaw 144.0 mode 2 st 0 gl 2 hp 60 frg 2
ARGLOG Romero t  36.0 pos '253.9 -893.2 -104.0' spd 245.6 yaw  67.6 mode 2 st 1 gl 0 hp 100 frg 0
ARGEVT Joe Rogan pursue
ARGEVT Carmack pursue
ARGEVT Romero pursue
ARGUS Carmack hunch item_artifact_super_damage
ARGLOG Joe Rogan t  36.4 pos '576.5 -354.6 -104.0' spd 380.6 yaw  47.3 mode 1 st 0 gl 0 hp 72 frg 2
ARGUS routecache adopt
ARGEVT Romero route 19 start '209.0 -759.0 -104.0' goal '817.0 -855.0 -232.0'
ARGEVT Romero hazard
ARGLOG labprobe t  36.4 pos '784.0 -176.0  24.0' spd 0 yaw -180 mode 0 st 0 gl 0 hp 100 frg 0
ARGEVT Carmack goal weapon_rocketlauncher
ARGLOG Carmack t  36.4 pos '411.8 -207.9 -296.0' spd 327.8 yaw 144.5 mode 0 st 0 gl 2 hp 60 frg 2
ARGEVT Carmack route 4 start '401.0 -183.0 -296.0' goal ' 49.0 105.0 -296.0'
ARGLOG Romero t  36.5 pos '258.8 -752.0 -104.0' spd 343.5 yaw  12.7 mode 2 st 1 gl 0 hp 100 frg 0
ARGEVT Romero pursue
ARGEVT Carmack hazard
ARGLOG Joe Rogan t  36.9 pos '615.6 -264.6 -104.0' spd 293.5 yaw 114 mode 1 st 0 gl 0 hp 72 frg 2
ARGLOG labprobe t  36.9 pos '784.0 -176.0  24.0' spd 0 yaw -180 mode 0 st 0 gl 0 hp 100 frg 0
ARGLOG Carmack t  37.0 pos '246.6 -220.7 -296.0' spd 321.1 yaw 203.3 mode 2 st 0 gl 2 hp 60 frg 2
ARGLOG Romero t  37.0 pos '353.5 -642.9 -104.0' spd 331.3 yaw 73 mode 0 st 1 gl 0 hp 100 frg 0
ARGEVT Romero route 19 start '305.0 -663.0 -104.0' goal '817.0 -855.0 -232.0'
ARGEVT Joe Rogan grab item_armor1
ARGEVT Carmack engage Joe Rogan
ARGLOG Joe Rogan t  37.4 pos '510.9 -135.6 -104.0' spd 330.2 yaw 241.6 mode 1 st 0 gl 0 hp 48 frg 2
ARGLOG labprobe t  37.4 pos '784.0 -176.0  24.0' spd 0 yaw -180 mode 0 st 0 gl 0 hp 100 frg 0
ARGLOG Carmack t  37.5 pos '132.0 -223.6 -296.0' spd  76.7 yaw  20.1 mode 2 st 0 gl 2 hp 60 frg 2
ARGLOG Romero t  37.5 pos '284.8 -504.7 -104.0' spd 322.2 yaw  64.2 mode 2 st 1 gl 0 hp 76 frg 0
ARGLOG Joe Rogan t  37.9 pos '580.7 -139.4 -104.0' spd 336.3 yaw 238.5 mode 1 st 0 gl 0 hp 27 frg 2
ARGLOG labprobe t  37.9 pos '784.0 -176.0  24.0' spd 0 yaw -180 mode 0 st 0 gl 0 hp 100 frg 0
ARGLOG Carmack t  38.0 pos '178.6 -242.5 -296.0' spd 165.6 yaw   7.8 mode 2 st 0 gl 2 hp 60 frg 2
ARGLOG Romero t  38.0 pos '343.0 -523.1 -104.0' spd 320.3 yaw  49.0 mode 2 st 1 gl 0 hp 76 frg 0
ARGEVT Carmack pursue
ARGEVT Romero grab item_health
ARGEVT Carmack hazard
ARGLOG Joe Rogan t  38.4 pos '571.7 -199.7 -104.0' spd 324.3 yaw 238.2 mode 1 st 0 gl 0 hp 16 frg 2
ARGLOG labprobe t  38.4 pos '784.0 -176.0  24.0' spd 0 yaw -180 mode 0 st 0 gl 0 hp 100 frg 0
ARGLOG Carmack t  38.5 pos '304.7 -218.8 -296.0' spd 328.7 yaw 23 mode 2 st 0 gl 2 hp 60 frg 2
ARGLOG Romero t  38.5 pos '415.0 -479.9 -104.0' spd  36.5 yaw  66.5 mode 2 st 1 gl 0 hp 52 frg 0
ARGEVT Carmack pursue
ARGEVT Carmack route 4 start '401.0 -183.0 -296.0' goal ' 49.0 105.0 -296.0'
ARGLOG Joe Rogan t  39.0 pos '531.7 -200.0 -104.0' spd 320.0 yaw 248.8 mode 1 st 0 gl 0 hp 14 frg 2
ARGLOG labprobe t  39.0 pos '784.0 -176.0  24.0' spd 0 yaw -180 mode 0 st 0 gl 0 hp 100 frg 0
ARGEVT Romero hazard
ARGLOG Carmack t  39.0 pos '423.6 -186.4 -296.0' spd 219.3 yaw 138.9 mode 2 st 0 gl 2 hp 60 frg 2
ARGLOG Romero t  39.1 pos '396.1 -519.1 -104.0' spd 284.8 yaw  63.1 mode 2 st 1 gl 0 hp 32 frg 0
ARGEVT Carmack pursue
ARGEVT Carmack hazard
ARGLOG Joe Rogan t  39.5 pos '642.2 -308.3 -104.0' spd 321.7 yaw 213.4 mode 1 st 0 gl 0 hp 14 frg 2
ARGLOG labprobe t  39.5 pos '784.0 -176.0  24.0' spd 0 yaw -180 mode 0 st 0 gl 0 hp 100 frg 0
ARGLOG Carmack t  39.5 pos '334.5 -216.3 -296.0' spd 324.5 yaw 303.4 mode 2 st 0 gl 2 hp 60 frg 2
ARGLOG Romero t  39.6 pos '409.7 -470.5 -104.0' spd 162.8 yaw  31.5 mode 2 st 1 gl 0 hp 12 frg 0
ARGEVT Joe Rogan death Romero pos '584.7 -275.6 -104.0'
ARGUS Romero watch spawn
ARGEVT Carmack engage Romero
ARGEVT Carmack grab weapon_lightning
ARGEVT Romero goal item_health
ARGEVT Romero engage Carmack
ARGEVT Romero retreat
ARGLOG labprobe t  40.0 pos '784.0 -176.0  24.0' spd 0 yaw -180 mode 0 st 0 gl 0 hp 100 frg 0
ARGEVT Romero route 14 start '337.0 -375.0 -104.0' goal '-239.0 -471.0 -72.0'
ARGLOG Carmack t  40.0 pos '488.1 -246.2 -296.0' spd 383.7 yaw 234.9 mode 2 st 0 gl 2 hp 60 frg 2
ARGLOG Romero t  40.1 pos '329.0 -445.1 -104.0' spd 335.8 yaw  51.6 mode 2 st 1 gl 0 hp 12 frg 1
ARGEVT Carmack pursue
ARGEVT Romero pursue
ARGEVT Carmack hazard
ARGLOG labprobe t  40.5 pos '784.0 -176.0  24.0' spd 0 yaw -180 mode 0 st 0 gl 0 hp 100 frg 0
ARGLOG Carmack t  40.6 pos '509.6 -265.3 -296.0' spd 320.0 yaw 183 mode 2 st 0 gl 2 hp 60 frg 2
ARGLOG Romero t  40.6 pos '317.0 -487.1 -104.0' spd 321.4 yaw 58 mode 2 st 1 gl 0 hp 12 frg 1
ARGLOG labprobe t  41.0 pos '784.0 -176.0  24.0' spd 0 yaw -180 mode 0 st 0 gl 0 hp 100 frg 0
ARGLOG Carmack t  41.1 pos '465.6 -258.0 -296.0' spd 321.3 yaw 245.2 mode 2 st 0 gl 2 hp 36 frg 2
ARGLOG Romero t  41.1 pos '362.3 -469.7 -108.0' spd 321.1 yaw  60.9 mode 2 st 1 gl 0 hp 8 frg 1
ARGEVT Joe Rogan respawn
ARGEVT Joe Rogan goal weapon_rocketlauncher
ARGLOG Joe Rogan t  41.3 pos '776.0 -808.0 -232.0' spd 0 yaw 106.6 mode 1 st 0 gl 0 hp 100 frg 2
ARGEVT Carmack pursue
ARGEVT Romero pursue
ARGEVT Carmack hazard
ARGEVT Carmack pursue
ARGLOG labprobe t  41.5 pos '784.0 -176.0  24.0' spd 0 yaw -180 mode 0 st 0 gl 0 hp 100 frg 0
ARGLOG Carmack t  41.6 pos '481.2 -242.1 -296.0' spd 392.7 yaw 227.6 mode 2 st 0 gl 2 hp 36 frg 2
ARGEVT Joe Rogan hazard
ARGLOG Romero t  41.6 pos '345.1 -504.0 -104.0' spd 320.2 yaw 70 mode 2 st 1 gl 0 hp 8 frg 1
ARGLOG Joe Rogan t  41.8 pos '723.6 -762.6 -232.0' spd  83.8 yaw 105.7 mode 1 st 0 gl 0 hp 100 frg 2
ARGEVT Romero hazard
ARGEVT Romero grab weapon_lightning
ARGLOG labprobe t  42.0 pos '784.0 -176.0  24.0' spd 0 yaw -180 mode 0 st 0 gl 0 hp 100 frg 0
ARGLOG Carmack t  42.1 pos '341.5 -215.4 -296.0' spd 324.7 yaw 279.2 mode 2 st 0 gl 2 hp 12 frg 2
ARGLOG Romero t  42.2 pos '360.0 -407.1 -104.0' spd 101.0 yaw  99.7 mode 2 st 1 gl 0 hp 8 frg 1
ARGLOG Joe Rogan t  42.4 pos '808.3 -658.1 -184.0' spd 320.4 yaw 106.4 mode 1 st 0 gl 0 hp 100 frg 2
ARGEVT Carmack death Romero pos '266.7 -212.7 -296.0'
ARGEVT Romero goal weapon_lightning
ARGLOG labprobe t  42.6 pos '784.0 -176.0  24.0' spd 0 yaw -180 mode 0 st 0 gl 0 hp 100 frg 0
ARGEVT Joe Rogan hazard
ARGLOG Romero t  42.7 pos '479.0 -380.9 -104.0' spd 320.1 yaw 240.1 mode 1 st 1 gl 0 hp 8 frg 2
ARGLOG Joe Rogan t  42.9 pos '752.0 -502.3 -104.0' spd 188.0 yaw 229.2 mode 1 st 0 gl 0 hp 100 frg 2
ARGLOG labprobe t  43.1 pos '784.0 -176.0  24.0' spd 0 yaw -180 mode 0 st 0 gl 0 hp 100 frg 0
ARGEVT Romero hazard
ARGLOG Romero t  43.2 pos '330.2 -411.3 -104.0' spd 403.3 yaw  74.6 mode 1 st 1 gl 0 hp 8 frg 2
ARGLOG Joe Rogan t  43.4 pos '757.2 -629.7 -168.0' spd 320.0 yaw 273 mode 1 st 0 gl 0 hp 100 frg 2
ARGLOG labprobe t  43.6 pos '784.0 -176.0  24.0' spd 0 yaw -180 mode 0 st 0 gl 0 hp 100 frg 0
ARGLOG Romero t  43.7 pos '403.4 -384.0 -104.0' spd 327.7 yaw 32 mode 1 st 1 gl 0 hp 8 frg 2
ARGLOG Joe Rogan t  43.9 pos '755.1 -795.7 -232.0' spd 361.3 yaw 207.7 mode 1 st 0 gl 0 hp 100 frg 2
ARGEVT Joe Rogan hazard
ARGEVT Romero goal item_health
ARGEVT Carmack respawn
ARGEVT labprobe death world pos '784.0 -176.0  24.0'
ARGEVT Carmack goal weapon_rocketlauncher
ARGLOG Carmack t  44.1 pos '784.0 -176.0  25.0' spd 0 yaw 196.3 mode 0 st 0 gl 2 hp 100 frg 3
ARGEVT Romero route 9 start '529.0 -311.0 -104.0' goal '497.0 -471.0  24.0'
ARGEVT Joe Rogan goal 
ARGLOG Romero t  44.2 pos '548.9 -306.3 -104.0' spd 320.1 yaw 28 mode 2 st 1 gl 1 hp 8 frg 2
ARGEVT Joe Rogan route 4 start '721.0 -887.0 -232.0' goal '273.0 -375.0 -296.0'
ARGEVT Carmack goal weapon_rocketlauncher
ARGEVT Carmack route 6 start '753.0 -151.0  24.0' goal ' 49.0 105.0 -296.0'
ARGLOG Joe Rogan t  44.4 pos '720.0 -823.9 -232.0' spd 325.4 yaw 104 mode 0 st 0 gl 1 hp 100 frg 2
ARGEVT Joe Rogan route 4 start '721.0 -887.0 -232.0' goal '273.0 -375.0 -296.0'
ARGLOG Carmack t  44.6 pos '635.3 -193.3  24.0' spd 323.1 yaw 169.8 mode 2 st 0 gl 2 hp 100 frg 3
ARGLOG Romero t  44.7 pos '624.0 -212.9 -104.0' spd 233.8 yaw 12 mode 2 st 1 gl 1 hp 8 frg 2
ARGEVT Romero engage Carmack
ARGEVT Romero retreat
ARGEVT Carmack engage Romero
ARGLOG Joe Rogan t  44.9 pos '720.0 -752.0 -232.0' spd 0 yaw 107 mode 2 st 0 gl 1 hp 100 frg 2
ARGLOG Carmack t  45.1 pos '447.5 -226.8 -20.2' spd 330.4 yaw 358.5 mode 2 st 0 gl 2 hp 100 frg 3
ARGLOG Romero t  45.2 pos '633.3 -291.8 -104.0' spd 353.9 yaw 162.9 mode 2 st 1 gl 1 hp 8 frg 2
ARGEVT Romero death Carmack pos '640.0 -308.3 -104.0'
ARGUS Carmack watch spawn
ARGEVT Joe Rogan hazard
ARGEVT Carmack goal weapon_rocketlauncher
ARGEVT Carmack route 5 start '433.0 -247.0 -104.0' goal ' 49.0 105.0 -296.0'
ARGLOG Joe Rogan t  45.4 pos '734.0 -727.3 -216.0' spd 290.6 yaw 113 mode 2 st 0 gl 1 hp 100 frg 2
ARGLOG Carmack t  45.6 pos '317.2 -244.1 -263.1' spd 251.5 yaw 311.3 mode 2 st 0 gl 2 hp 100 frg 4
ARGEVT Carmack hazard
ARGLOG Joe Rogan t  46.0 pos '720.3 -849.2 -232.0' spd 320.1 yaw 114 mode 2 st 0 gl 1 hp 100 frg 2
ARGEVT Joe Rogan route 4 start '721.0 -887.0 -232.0' goal '273.0 -375.0 -296.0'
ARGLOG Carmack t  46.1 pos '432.0 -280.6 -296.0' spd  25.6 yaw 175 mode 2 st 0 gl 2 hp 95 frg 4
ARGEVT Joe Rogan engage Carmack
ARGEVT Joe Rogan grab weapon_nailgun
ARGEVT Carmack engage Joe Rogan
ARGEVT Carmack grab 
ARGUS routecache adopt
ARGEVT Joe Rogan route 2 start '337.0   9.0 -296.0' goal '273.0 -375.0 -296.0'
ARGLOG Joe Rogan t  46.5 pos '368.0 -21.4 -293.0' spd 300 yaw 281.2 mode 2 st 0 gl 1 hp 100 frg 2
ARGLOG Carmack t  46.6 pos '422.2 -276.3 -296.0' spd 103.6 yaw  99.8 mode 2 st 0 gl 2 hp 95 frg 4
ARGEVT Romero respawn
ARGEVT Romero goal weapon_supernailgun
ARGLOG Romero t  46.8 pos '-64.0 512.0 -296.0' spd 0 yaw 286.3 mode 0 st 1 gl 1 hp 100 frg 2
ARGEVT Romero route 19 start '-15.0 553.0 -296.0' goal '177.0 -55.0 -104.0'
ARGLOG Joe Rogan t  47.0 pos '373.1 -46.5 -296.0' spd 140.8 yaw 317.2 mode 2 st 0 gl 1 hp 96 frg 2
ARGEVT Romero hazard
ARGLOG Carmack t  47.1 pos '493.3 -272.0 -296.0' spd 177.0 yaw 128.2 mode 2 st 0 gl 2 hp 95 frg 4
ARGEVT Carmack hazard
ARGLOG Romero t  47.3 pos ' 35.0 408.2 -296.0' spd 266.9 yaw 249 mode 2 st 1 gl 1 hp 100 frg 2
ARGLOG Joe Rogan t  47.5 pos '385.3 -59.0 -296.0' spd  93.2 yaw 288.2 mode 2 st 0 gl 1 hp 92 frg 2
ARGLOG Carmack t  47.7 pos '454.3 -257.7 -296.0' spd 193.6 yaw 123.3 mode 2 st 0 gl 2 hp 95 frg 4
ARGEVT Carmack death Joe Rogan pos '447.3 -259.1 -296.0'
ARGUS Joe Rogan watch spawn
ARGEVT Joe Rogan hazard
ARGLOG Romero t  47.9 pos '106.5 379.8 -296.0' spd 171.6 yaw 230 mode 2 st 1 gl 1 hp 100 frg 2
ARGEVT Joe Rogan goal 
ARGEVT Joe Rogan route 4 start '401.0 -183.0 -296.0' goal '625.0 -343.0 -104.0'
ARGLOG Joe Rogan t  48.0 pos '395.8 -150.4 -296.0' spd 320.0 yaw 273 mode 2 st 0 gl 1 hp 92 frg 3
ARGEVT Romero hazard
ARGEVT Joe Rogan rjump
ARGLOG Romero t  48.4 pos '-50.1 383.1 -296.0' spd 411.1 yaw 271 mode 2 st 1 gl 1 hp 100 frg 2
ARGLOG Joe Rogan t  48.5 pos '444.2 -272.0 -231.6' spd  55.0 yaw 339 mode 2 st 0 gl 1 hp 84 frg 3
ARGLOG Romero t  48.9 pos '-55.2 216.6 -296.0' spd 320.2 yaw 267 mode 2 st 1 gl 1 hp 100 frg 2
ARGEVT Joe Rogan jump
ARGLOG Joe Rogan t  49.0 pos '472.4 -272.0 -284.1' spd  55.0 yaw 336 mode 2 st 0 gl 1 hp 84 frg 3
ARGEVT Carmack respawn
ARGEVT Carmack goal weapon_rocketlauncher
ARGLOG Carmack t  49.3 pos '-64.0 -232.0 -72.0' spd 0 yaw  16.3 mode 0 st 0 gl 2 hp 100 frg 4
ARGEVT Carmack route 8 start '-47.0 -215.0 -72.0' goal ' 49.0 105.0 -296.0'
ARGLOG Romero t  49.4 pos '-20.9  51.7 -296.0' spd 381.1 yaw 345 mode 2 st 1 gl 1 hp 100 frg 2
ARGEVT Romero hazard
ARGLOG Joe Rogan t  49.6 pos '500.6 -272.0 -282.7' spd  55.0 yaw 331 mode 2 st 0 gl 1 hp 84 frg 3
ARGEVT Joe Rogan hazard
ARGLOG Carmack t  49.8 pos ' 86.7 -208.6 -72.0' spd 320.1 yaw 327 mode 2 st 0 gl 2 hp 100 frg 4
ARGEVT Joe Rogan engage Carmack
ARGEVT Joe Rogan jump
ARGEVT Carmack engage Joe Rogan
ARGLOG Romero t  49.9 pos '-36.4 -122.8 -296.0' spd 344.3 yaw 314 mode 2 st 1 gl 1 hp 100 frg 2
ARGLOG Joe Rogan t  50.1 pos '609.4 -258.8 -258.2' spd 267.2 yaw 208.6 mode 2 st 0 gl 1 hp 84 frg 3
ARGEVT Romero engage Joe Rogan
ARGLOG Carmack t  50.3 pos '175.5 -343.0 -24.0' spd 320.0 yaw  14.5 mode 2 st 0 gl 2 hp 100 frg 4
ARGEVT Carmack hazard
ARGEVT Joe Rogan pursue
ARGUS Carmack hunch 
ARGLOG Romero t  50.4 pos ' -9.0 -247.4 -296.0' spd 344.3 yaw   2.1 mode 2 st 1 gl 1 hp 100 frg 2
ARGEVT Carmack goal weapon_rocketlauncher
ARGEVT Carmack pursue
ARGLOG Joe Rogan t  50.6 pos '592.0 -202.3 -296.0' spd 209.7 yaw 184 mode 2 st 0 gl 1 hp 77 frg 3
ARGEVT Carmack route 8 start '113.0 -375.0  -8.0' goal ' 49.0 105.0 -296.0'
ARGEVT Romero hazard
ARGEVT Romero grab 
ARGEVT Joe Rogan jump
ARGLOG Carmack t  50.8 pos '152.4 -468.9  24.0' spd 219.8 yaw  30.6 mode 2 st 0 gl 2 hp 100 frg 4
ARGEVT Romero route 15 start ' 17.0 -247.0 -296.0' goal '177.0 -55.0 -104.0'
ARGLOG Romero t  51.0 pos '108.1 -238.5 -296.0' spd 331.2 yaw 356.8 mode 2 st 1 gl 1 hp 100 frg 2
ARGEVT Joe Rogan weapon ng
ARGLOG Joe Rogan t  51.1 pos '505.7 -272.0 -274.3' spd   9.3 yaw 176.9 mode 2 st 0 gl 1 hp 72 frg 3
ARGUS Joe Rogan hunch item_artifact_super_damage
ARGEVT Joe Rogan goal 
ARGLOG Carmack t  51.3 pos '175.8 -325.5 -40.0' spd 321.7 yaw   5.6 mode 2 st 0 gl 2 hp 100 frg 4
ARGEVT Carmack jump
ARGEVT Joe Rogan route 9 start '497.0 -247.0 -296.0' goal '625.0 -343.0 -104.0'
ARGLOG Romero t  51.5 pos '229.5 -234.1 -296.0' spd 188.4 yaw   2.2 mode 2 st 1 gl 1 hp 100 frg 2
ARGLOG Joe Rogan t  51.6 pos '552.9 -216.4 -296.0' spd  93.5 yaw 160.8 mode 2 st 0 gl 1 hp 68 frg 3
ARGLOG Carmack t  51.8 pos '165.2 -221.6 -17.8' spd  31.6 yaw 355.9 mode 2 st 0 gl 2 hp 100 frg 4
ARGEVT Romero hazard
ARGLOG Romero t  52.0 pos '280.2 -235.6 -296.0' spd 272.0 yaw   1.4 mode 2 st 1 gl 1 hp 100 frg 2
ARGLOG Joe Rogan t  52.1 pos '577.7 -241.2 -296.0' spd 227.7 yaw 186.7 mode 2 st 0 gl 1 hp 62 frg 3
ARGLOG Carmack t  52.3 pos '182.7 -302.8 -56.0' spd 320.4 yaw   9.2 mode 2 st 0 gl 2 hp 100 frg 4
ARGEVT Carmack hazard
ARGLOG Romero t  52.5 pos '351.8 -225.2 -296.0' spd 321.6 yaw   0.3 mode 2 st 1 gl 1 hp 100 frg 2
ARGLOG Joe Rogan t  52.7 pos '577.0 -238.0 -296.0' spd 256.7 yaw 155.5 mode 2 st 0 gl 1 hp 43 frg 3
ARGEVT Joe Rogan retreat
ARGLOG Carmack t  52.9 pos '195.5 -244.9 -72.0' spd  78.9 yaw   2.4 mode 2 st 0 gl 2 hp 100 frg 4
ARGLOG Romero t  53.0 pos '393.1 -223.2 -296.0' spd 180.4 yaw   7.1 mode 2 st 1 gl 1 hp 100 frg 2
ARGLOG Joe Rogan t  53.2 pos '641.7 -163.8 -296.0' spd 323.9 yaw 164.9 mode 2 st 0 gl 1 hp 3 frg 3
ARGEVT Carmack pursue
ARGEVT Joe Rogan pursue
ARGEVT Romero grab 
ARGLOG Carmack t  53.4 pos '215.5 -274.3 -74.4' spd 206.4 yaw 6 mode 2 st 0 gl 2 hp 91 frg 4
ARGEVT Romero pursue
ARGEVT Romero hazard
ARGUS Romero hunch item_health
ARGEVT Joe Rogan hazard
ARGEVT Romero pursue
ARGLOG Romero t  53.5 pos '401.8 -219.5 -296.0' spd  33.9 yaw 223.0 mode 2 st 1 gl 1 hp 100 frg 2
ARGEVT Romero goal 
ARGEVT Romero route 4 start '401.0 -247.0 -296.0' goal '273.0 -375.0 -296.0'
ARGLOG Joe Rogan t  53.7 pos '600.9 -172.9 -296.0' spd 166.4 yaw 111.1 mode 2 st 0 gl 1 hp 3 frg 3
ARGEVT Romero pursue
ARGLOG Carmack t  53.9 pos '248.2 -368.0 -220.8' spd  65.4 yaw 238.2 mode 2 st 0 gl 2 hp 91 frg 4
ARGLOG Romero t  54.0 pos '359.9 -268.8 -296.0' spd 321.6 yaw 16 mode 2 st 1 gl 1 hp 100 frg 2
ARGLOG labprobe t  54.1 pos '112.0 -1136.0 -104.0' spd 0 yaw 45 mode 0 st 0 gl 0 hp 100 frg 0
ARGLOG Joe Rogan t  54.2 pos '608.4 -29.9 -296.0' spd 320.1 yaw 84 mode 2 st 0 gl 1 hp 3 frg 3
ARGEVT Romero pursue
ARGEVT Carmack pursue
ARGEVT Carmack swim
ARGEVT Joe Rogan pursue
ARGLOG Carmack t  54.4 pos '218.6 -355.7 -401.4' spd 177.8 yaw 101.1 mode 2 st 0 gl 2 hp 51 frg 4
ARGEVT Joe Rogan hazard
ARGLOG Romero t  54.6 pos '519.5 -216.8 -296.0' spd 320.4 yaw 13 mode 2 st 1 gl 1 hp 100 frg 2
ARGLOG labprobe t  54.6 pos '112.0 -1136.0 -104.0' spd 0 yaw 45 mode 0 st 0 gl 0 hp 100 frg 0
ARGLOG Joe Rogan t  54.7 pos '440.4 -864.0  40.8' spd 300 yaw 147.0 mode 2 st 0 gl 1 hp 3 frg 3
ARGEVT Carmack death world pos '227.2 -304.0 -397.9'
ARGEVT Romero pursue
ARGLOG Romero t  55.1 pos '635.0 -105.3 -296.0' spd 428.7 yaw 161.5 mode 0 st 1 gl 1 hp 100 frg 2
ARGEVT Romero route 4 start '593.0 -87.0 -296.0' goal '273.0 -375.0 -296.0'
ARGLOG labprobe t  55.1 pos '112.0 -1136.0 -104.0' spd 0 yaw 45 mode 0 st 0 gl 0 hp 100 frg 0
ARGEVT Romero hazard
ARGLOG Joe Rogan t  55.2 pos '394.2 -864.0  24.0' spd 300 yaw 90 mode 2 st 0 gl 1 hp 3 frg 3
ARGLOG Romero t  55.6 pos '596.9 -67.5 -296.0' spd 321.5 yaw 269 mode 2 st 1 gl 1 hp 100 frg 2
ARGLOG labprobe t  55.6 pos '112.0 -1136.0 -104.0' spd 0 yaw 45 mode 0 st 0 gl 0 hp 100 frg 0
ARGLOG Joe Rogan t  55.7 pos '348.1 -739.8  24.0' spd 324.6 yaw 85 mode 2 st 0 gl 1 hp 3 frg 3
ARGLOG Romero t  56.1 pos '584.0 -234.1 -296.0' spd 366.9 yaw 205 mode 2 st 1 gl 1 hp 100 frg 2
ARGLOG labprobe t  56.2 pos '112.0 -1136.0 -104.0' spd 0 yaw 45 mode 0 st 0 gl 0 hp 100 frg 0
ARGLOG Joe Rogan t  56.3 pos '353.8 -575.3  24.0' spd 320.1 yaw 84 mode 2 st 0 gl 1 hp 3 frg 3
ARGEVT Carmack respawn
ARGEVT Joe Rogan engage Carmack
ARGEVT Carmack goal weapon_rocketlauncher
ARGEVT Carmack engage Joe Rogan
ARGEVT Carmack grab weapon_supershotgun
ARGLOG Carmack t  56.4 pos '272.0 -952.0  24.0' spd 0 yaw  36.8 mode 0 st 0 gl 2 hp 100 frg 3
ARGEVT Carmack route 10 start '305.0 -983.0  24.0' goal ' 49.0 105.0 -296.0'
ARGLOG Romero t  56.6 pos '417.5 -252.4 -296.0' spd 322.9 yaw 221 mode 2 st 1 gl 1 hp 100 frg 2
ARGEVT Romero engage Joe Rogan
ARGLOG labprobe t  56.7 pos '112.0 -1136.0 -104.0' spd 0 yaw 45 mode 0 st 0 gl 0 hp 100 frg 0
ARGLOG Joe Rogan t  56.8 pos '459.2 -446.1  24.0' spd 324.8 yaw 265.1 mode 2 st 0 gl 1 hp 3 frg 3
ARGEVT Romero hazard
ARGEVT Carmack pursue
ARGEVT Joe Rogan pursue
ARGLOG Carmack t  56.9 pos '331.9 -1028.0  24.0' spd 222.3 yaw 83 mode 2 st 0 gl 2 hp 100 frg 3
ARGLOG Romero t  57.1 pos '337.9 -107.3 -296.0' spd 333.7 yaw 296.7 mode 2 st 1 gl 1 hp 100 frg 2
ARGLOG labprobe t  57.2 pos '112.0 -1136.0 -104.0' spd 0 yaw 45 mode 0 st 0 gl 0 hp 100 frg 0
ARGUS Joe Rogan hunch item_artifact_super_damage
ARGEVT Joe Rogan hazard
ARGLOG Joe Rogan t  57.3 pos '504.0 -505.1  24.0' spd  92.3 yaw  77.3 mode 2 st 0 gl 1 hp 28 frg 3
ARGEVT Joe Rogan plan powerup via weapon
ARGEVT Joe Rogan goal weapon_supernailgun
ARGEVT Joe Rogan pursue
ARGLOG Carmack t  57.4 pos '344.5 -864.1  20.0' spd 320.0 yaw 83 mode 2 st 0 gl 2 hp 100 frg 3
ARGEVT Joe Rogan route 6 start '497.0 -471.0  24.0' goal '177.0 -55.0 -104.0'
ARGLOG Romero t  57.6 pos '342.2 -40.9 -296.0' spd 383.4 yaw 289.9 mode 2 st 1 gl 1 hp 100 frg 2
ARGLOG labprobe t  57.7 pos '112.0 -1136.0 -104.0' spd 0 yaw 45 mode 0 st 0 gl 0 hp 100 frg 0
ARGLOG Joe Rogan t  57.8 pos '417.0 -369.7  30.6' spd 337.6 yaw 225.4 mode 2 st 0 gl 1 hp 4 frg 3
ARGEVT Joe Rogan death Carmack pos '401.6 -362.1  28.6'
ARGUS Carmack watch spawn
ARGLOG Carmack t  58.0 pos '363.4 -733.6  24.0' spd 102.4 yaw 297.0 mode 2 st 0 gl 2 hp 100 frg 4
ARGEVT Carmack goal 
ARGEVT Romero hazard
ARGEVT Carmack route 4 start '401.0 -759.0  24.0' goal '529.0 -375.0  24.0'
ARGLOG Romero t  58.2 pos '388.4  87.4 -288.0' spd 406.4 yaw 325.4 mode 2 st 1 gl 1 hp 100 frg 2
ARGLOG labprobe t  58.2 pos '112.0 -1136.0 -104.0' spd 0 yaw 45 mode 0 st 0 gl 0 hp 100 frg 0
ARGEVT Carmack hazard
ARGLOG Carmack t  58.5 pos '453.6 -757.3  24.0' spd 349.7 yaw 117 mode 2 st 0 gl 2 hp 100 frg 4
ARGLOG Romero t  58.7 pos '400.5 -80.9 -296.0' spd 320.0 yaw 271 mode 2 st 1 gl 1 hp 100 frg 2
ARGLOG labprobe t  58.7 pos '112.0 -1136.0 -104.0' spd 0 yaw 45 mode 0 st 0 gl 0 hp 100 frg 0
ARGLOG Carmack t  59.0 pos '319.9 -656.7  24.0' spd 351.4 yaw 74 mode 2 st 0 gl 2 hp 100 frg 4
ARGLOG Romero t  59.2 pos '403.4 -245.3 -296.0' spd 320.0 yaw 225 mode 2 st 1 gl 1 hp 100 frg 2
ARGEVT Romero hazard
ARGLOG labprobe t  59.2 pos '112.0 -1136.0 -104.0' spd 0 yaw 45 mode 0 st 0 gl 0 hp 100 frg 0
ARGEVT Joe Rogan respawn
ARGEVT labprobe death world pos '112.0 -1136.0 -104.0'
ARGEVT Joe Rogan plan powerup via weapon
ARGEVT Joe Rogan goal weapon_rocketlauncher
ARGLOG Joe Rogan t  59.5 pos '112.0 -1136.0 -103.0' spd 0 yaw 58 mode 0 st 0 gl 1 hp 100 frg 4
ARGLOG Carmack t  59.5 pos '348.5 -490.9  24.0' spd 333.8 yaw  35.0 mode 2 st 0 gl 2 hp 100 frg 4
ARGEVT Romero engage Carmack
ARGEVT Carmack engage Romero
ARGEVT Carmack grab 
ARGEVT Joe Rogan route 11 start '145.0 -1143.0 -88.0' goal ' 49.0 105.0 -296.0'
ARGEVT Joe Rogan plan powerup via weapon
ARGEVT Joe Rogan goal weapon_rocketlauncher
ARGUS routecache adopt
ARGEVT Joe Rogan route 10 start '177.0 -1111.0 -104.0' goal ' 49.0 105.0 -296.0'
ARGLOG Romero t  59.7 pos '248.6 -240.3 -296.0' spd 374.5 yaw 302.1 mode 2 st 1 gl 1 hp 100 frg 2
ARGLOG Joe Rogan t  60.0 pos '194.5 -1004.8 -104.0' spd 320 yaw 58 mode 2 st 0 gl 1 hp 100 frg 4
ARGLOG Carmack t  60.0 pos '457.6 -348.4 -20.0' spd 370.3 yaw 152.9 mode 1 st 0 gl 2 hp 84 frg 4
ARGLOG Romero t  60.2 pos '112.0 -203.7 -296.0' spd  44.5 yaw 338.7 mode 2 st 1 gl 1 hp 96 frg 2
ARGEVT Romero hazard
ARGEVT Carmack goal weapon_supernailgun
ARGEVT Carmack route 5 start '497.0 -407.0 -104.0' goal '177.0 -55.0 -104.0'
ARGLOG Joe Rogan t  60.5 pos '269.9 -858.0 -104.0' spd 320.3 yaw 70 mode 2 st 0 gl 1 hp 100 frg 4
ARGLOG Carmack t  60.5 pos '497.1 -303.5 -104.0' spd 323.9 yaw 169.6 mode 2 st 0 gl 3 hp 76 frg 4
ARGEVT Carmack grab 
ARGLOG Romero t  60.7 pos '112.7 -222.7 -296.0' spd 281.1 yaw 357.0 mode 2 st 1 gl 1 hp 96 frg 2
ARGLOG Joe Rogan t  61.0 pos '333.6 -705.7 -104.0' spd 320.0 yaw 67 mode 2 st 0 gl 1 hp 100 frg 4
ARGLOG Carmack t  61.0 pos '653.1 -301.6 -104.0' spd 338.1 yaw 176.9 mode 2 st 0 gl 3 hp 76 frg 4
ARGEVT Carmack weapon ng
ARGEVT Romero pursue
ARGEVT Carmack pursue
ARGEVT Carmack route 4 start '625.0 -343.0 -104.0' goal '177.0 -55.0 -104.0'
ARGLOG Romero t  61.3 pos '153.1 -265.1 -296.0' spd 320.4 yaw 360 mode 2 st 1 gl 1 hp 96 frg 2
ARGUS Romero hunch item_artifact_super_damage
ARGEVT Romero plan powerup via weapon
ARGEVT Romero goal weapon_rocketlauncher
ARGEVT Romero pursue
ARGEVT Romero route 3 start '241.0 -279.0 -296.0' goal ' 49.0 105.0 -296.0'
ARGLOG Joe Rogan t  61.5 pos '368.0 -545.9 -104.0' spd 346.2 yaw  39.7 mode 2 st 0 gl 1 hp 100 frg 4
ARGEVT Joe Rogan engage Carmack
ARGLOG Carmack t  61.6 pos '550.9 -319.3 -104.0' spd 320.8 yaw 169 mode 2 st 0 gl 3 hp 76 frg 4
ARGEVT Romero hazard
ARGEVT Carmack weapon lg
ARGEVT Carmack grab item_armor1
ARGLOG Romero t  61.8 pos '129.2 -244.3 -296.0' spd  73.3 yaw 351.7 mode 2 st 1 gl 1 hp 96 frg 2
ARGLOG Joe Rogan t  62.0 pos '372.7 -409.9 -104.0' spd 286.7 yaw  66.9 mode 2 st 0 gl 1 hp 100 frg 4
ARGEVT Romero retreat
ARGEVT Carmack weapon ng
ARGLOG Carmack t  62.1 pos '487.4 -168.0 -104.0' spd 379.7 yaw 191.5 mode 2 st 0 gl 3 hp 56 frg 4
ARGLOG Romero t  62.3 pos '-18.4 -256.4 -296.0' spd 320.3 yaw  14.5 mode 2 st 1 gl 1 hp 6 frg 2
ARGEVT Carmack hazard
ARGLOG Joe Rogan t  62.5 pos '539.8 -419.5 -104.0' spd 327.6 yaw 105.4 mode 2 st 0 gl 1 hp 100 frg 4
ARGEVT Carmack weapon sg
ARGLOG Carmack t  62.6 pos '461.8 -118.3 -104.0' spd 134.2 yaw 194.0 mode 2 st 0 gl 3 hp 29 frg 4
ARGEVT Romero death Carmack pos '-49.3 -224.5 -296.0'
ARGEVT Carmack goal item_health
ARGEVT Carmack engage Joe Rogan
ARGEVT Carmack weapon lg
ARGEVT Carmack route 3 start '433.0 -119.0 -104.0' goal '529.0  73.0 -296.0'
ARGLOG Joe Rogan t  63.1 pos '679.5 -351.3 -104.0' spd  97.2 yaw 128.1 mode 2 st 0 gl 1 hp 100 frg 4
ARGEVT Carmack retreat
ARGLOG Carmack t  63.1 pos '538.1 -157.7 -104.0' spd 320.1 yaw 304.2 mode 2 st 0 gl 3 hp 8 frg 5
ARGLOG Joe Rogan t  63.6 pos '525.2 -406.9 -104.0' spd 476.4 yaw  77.8 mode 2 st 0 gl 1 hp 40 frg 4
ARGLOG Carmack t  63.6 pos '573.7 -29.0 -104.0' spd 360.1 yaw 258.3 mode 2 st 0 gl 3 hp 8 frg 5
ARGEVT Joe Rogan hazard
ARGEVT Carmack hazard
ARGEVT Carmack grab item_health
ARGEVT Joe Rogan death Carmack pos '477.9 -429.6 -104.0'
ARGUS Carmack watch spawn
ARGEVT Carmack goal item_artifact_super_damage
ARGLOG Carmack t  64.1 pos '556.0  -9.6 -104.0' spd 338.6 yaw 337.1 mode 0 st 0 gl 3 hp 8 frg 6
ARGEVT Carmack routefail
ARGEVT Carmack goal item_health
ARGUS routecache adopt
ARGEVT Carmack route 2 start '529.0 -55.0 -104.0' goal '529.0  73.0 -296.0'
ARGEVT Romero respawn
ARGEVT Romero goal weapon_rocketlauncher
ARGLOG Romero t  64.4 pos '776.0 -808.0 -232.0' spd 0 yaw  73.4 mode 1 st 1 gl 1 hp 100 frg 2
ARGEVT Romero hazard
ARGLOG Carmack t  64.7 pos '611.0 -167.0 -104.0' spd 328.3 yaw 251 mode 2 st 0 gl 3 hp 8 frg 6
ARGLOG Romero t  64.9 pos '810.8 -712.7 -200.0' spd 207.6 yaw 122 mode 1 st 1 gl 1 hp 100 frg 2
ARGLOG Carmack t  65.2 pos '566.6 -327.1 -104.0' spd 320.8 yaw 243 mode 2 st 0 gl 3 hp 8 frg 6
ARGEVT Joe Rogan respawn
ARGLOG Romero t  65.4 pos '752.0 -624.0 -168.0' spd 0 yaw 221.5 mode 1 st 1 gl 1 hp 100 frg 2
ARGEVT Joe Rogan goal weapon_rocketlauncher
ARGLOG Joe Rogan t  65.4 pos '784.0 -176.0  24.0' spd 0 yaw 196.3 mode 0 st 0 gl 1 hp 100 frg 4
ARGEVT Joe Rogan route 6 start '753.0 -151.0  24.0' goal ' 49.0 105.0 -296.0'
ARGEVT Carmack hazard
ARGLOG Carmack t  65.7 pos '408.6 -386.7 -104.0' spd 423.9 yaw  77.6 mode 0 st 0 gl 3 hp 8 frg 6
ARGEVT Carmack route 5 start '401.0 -343.0 -104.0' goal '529.0  73.0 -296.0'
ARGEVT Carmack engage Joe Rogan
ARGEVT Carmack retreat
ARGEVT Joe Rogan engage Carmack
ARGLOG Romero t  65.9 pos '753.9 -780.1 -232.0' spd 341.4 yaw 226.4 mode 1 st 1 gl 1 hp 100 frg 2
ARGLOG Joe Rogan t  66.0 pos '634.3 -200.8  24.0' spd 366.7 yaw 221.0 mode 2 st 0 gl 1 hp 100 frg 4
ARGEVT Romero hazard
ARGEVT Carmack death Joe Rogan pos '355.9 -479.3 -108.0'
ARGUS Joe Rogan watch spawn
ARGEVT Joe Rogan goal 
ARGEVT Joe Rogan route 3 start '561.0 -151.0  24.0' goal '401.0 -471.0 -104.0'
ARGLOG Romero t  66.4 pos '720.0 -912.0 -232.0' spd 0 yaw 193.8 mode 1 st 1 gl 1 hp 100 frg 2
ARGLOG Joe Rogan t  66.5 pos '467.3 -123.7 -21.4' spd 320.0 yaw 255.2 mode 2 st 0 gl 1 hp 100 frg 5
ARGLOG Romero t  66.9 pos '720.0 -912.0 -232.0' spd 0 yaw 269 mode 1 st 1 gl 1 hp 100 frg 2
ARGLOG Joe Rogan t  67.0 pos '357.8 -216.5 -266.6' spd 299.7 yaw 304 mode 2 st 0 gl 1 hp 100 frg 5
ARGEVT Joe Rogan hazard
ARGEVT Romero hazard
ARGLOG Romero t  67.5 pos '720.0 -912.0 -232.0' spd 0 yaw 269 mode 1 st 1 gl 1 hp 100 frg 2
ARGLOG Joe Rogan t  67.5 pos '448.8 -261.0 -296.0' spd 294.6 yaw 44 mode 2 st 0 gl 1 hp 95 frg 5
ARGEVT Carmack respawn
ARGEVT Joe Rogan jump
ARGEVT Romero stall
ARGEVT Romero jump
ARGEVT Carmack goal weapon_rocketlauncher
ARGLOG Carmack t  67.8 pos '-64.0 512.0 -296.0' spd 0 yaw 286.3 mode 0 st 0 gl 3 hp 100 frg 6
ARGEVT Carmack route 4 start '-15.0 553.0 -296.0' goal ' 49.0 105.0 -296.0'
ARGEVT Romero route 0 start '721.0 -887.0 -232.0' goal '721.0 -887.0 -232.0'
ARGLOG Romero t  68.0 pos '723.0 -912.0 -197.6' spd  28.1 yaw 268.7 mode 1 st 2 gl 1 hp 100 frg 2
ARGEVT Carmack hazard
ARGLOG Joe Rogan t  68.0 pos '604.7 -209.1 -258.3' spd 337.0 yaw 254.9 mode 2 st 0 gl 1 hp 95 frg 5
ARGLOG Carmack t  68.3 pos '-48.3 350.8 -296.0' spd 346.0 yaw 249 mode 2 st 0 gl 3 hp 100 frg 6
ARGEVT Romero hazard
ARGEVT Romero stall
ARGLOG Romero t  68.5 pos '720.0 -912.0 -232.0' spd 0 yaw 432.2 mode 0 st 3 gl 1 hp 100 frg 2
ARGEVT Romero jump
ARGLOG Joe Rogan t  68.5 pos '632.7 -257.6 -296.0' spd 301.4 yaw 144 mode 2 st 0 gl 1 hp 95 frg 5
ARGEVT Joe Rogan jump
ARGLOG Carmack t  68.8 pos '-114.0 196.0 -296.0' spd 320.3 yaw 268.6 mode 2 st 0 gl 3 hp 100 frg 6
ARGLOG Romero t  69.0 pos '733.1 -909.7 -210.4' spd  38.5 yaw 323.4 mode 0 st 3 gl 1 hp 100 frg 2
ARGLOG Joe Rogan t  69.1 pos '527.5 -208.0 -258.3' spd 130.1 yaw 59 mode 2 st 0 gl 1 hp 95 frg 5
ARGLOG Carmack t  69.3 pos '-29.2  52.1 -296.0' spd 351.6 yaw 6 mode 1 st 0 gl 3 hp 100 frg 6
ARGEVT Joe Rogan hazard
ARGLOG labprobe t  69.5 pos '784.0 -176.0  24.0' spd 0 yaw -180 mode 0 st 0 gl 0 hp 100 frg 0
ARGEVT Joe Rogan jump
ARGLOG Romero t  69.5 pos '368.0 -36.7 -296.0' spd 300 yaw 253.4 mode 0 st 3 gl 1 hp 100 frg 2
ARGLOG Joe Rogan t  69.6 pos '569.8 -222.6 -284.1' spd 300.0 yaw 101.3 mode 2 st 0 gl 1 hp 95 frg 5
ARGEVT Carmack goal weapon_supernailgun
ARGEVT Carmack route 8 start ' 49.0 105.0 -296.0' goal '177.0 -55.0 -104.0'
ARGEVT Carmack hazard
ARGLOG Carmack t  69.8 pos '105.7  97.6 -296.0' spd 320.8 yaw 234 mode 2 st 0 gl 4 hp 100 frg 6
ARGLOG labprobe t  70.0 pos '784.0 -176.0  24.0' spd 0 yaw -180 mode 0 st 0 gl 0 hp 100 frg 0
ARGEVT Romero goal weapon_lightning
ARGLOG Romero t  70.0 pos '371.8 -67.5 -296.0' spd 288.7 yaw 313.2 mode 0 st 3 gl 1 hp 100 frg 2
ARGLOG Joe Rogan t  70.1 pos '634.0 -137.8 -283.2' spd 225.5 yaw 159 mode 2 st 0 gl 1 hp 95 frg 5
ARGEVT Romero route 10 start '305.0 -87.0 -296.0' goal '529.0 -311.0 -104.0'
ARGEVT Romero hazard
ARGLOG Carmack t  70.3 pos '-71.7 111.5 -296.0' spd 373.1 yaw 284 mode 2 st 0 gl 4 hp 100 frg 6
ARGEVT Joe Rogan hazard
ARGLOG labprobe t  70.5 pos '784.0 -176.0  24.0' spd 0 yaw -180 mode 0 st 0 gl 0 hp 100 frg 0
ARGLOG Romero t  70.6 pos '353.7 -223.3 -296.0' spd 394.7 yaw 154.9 mode 2 st 3 gl 1 hp 100 frg 2
ARGLOG Joe Rogan t  70.6 pos '592.0 -53.3 -296.0' spd 197.7 yaw 245 mode 2 st 0 gl 1 hp 95 frg 5
ARGEVT Joe Rogan jump
ARGEVT Carmack hazard
ARGLOG Carmack t  70.9 pos '-201.1  48.0 -296.0' spd 142.3 yaw 307 mode 2 st 0 gl 4 hp 100 frg 6
ARGLOG labprobe t  71.0 pos '784.0 -176.0  24.0' spd 0 yaw -180 mode 0 st 0 gl 0 hp 100 frg 0
ARGEVT Joe Rogan engage Romero
ARGEVT Romero engage Joe Rogan
ARGLOG Romero t  71.1 pos '215.5 -209.1 -296.0' spd  79.8 yaw   4.6 mode 0 st 3 gl 1 hp 100 frg 2
ARGLOG Joe Rogan t  71.1 pos '592.0 -216.2 -261.0' spd 273.7 yaw 179.4 mode 2 st 0 gl 1 hp 95 frg 5
ARGEVT Romero route 12 start '209.0 -183.0 -296.0' goal '529.0 -311.0 -104.0'
ARGEVT Romero hazard
ARGLOG Carmack t  71.4 pos '-99.8  48.0 -296.0' spd 285.2 yaw 292 mode 2 st 0 gl 4 hp 100 frg 6
ARGLOG labprobe t  71.5 pos '784.0 -176.0  24.0' spd 0 yaw -180 mode 0 st 0 gl 0 hp 100 frg 0
ARGLOG Romero t  71.6 pos '224.7 -256.6 -296.0' spd  60.1 yaw   5.0 mode 2 st 3 gl 1 hp 98 frg 2
ARGLOG Joe Rogan t  71.6 pos '568.4 -239.1 -296.0' spd 176.2 yaw 182.0 mode 2 st 0 gl 1 hp 75 frg 5
ARGEVT Joe Rogan jump
ARGLOG Carmack t  71.9 pos '-16.0 -81.5 -296.0' spd 353.4 yaw 282 mode 2 st 0 gl 4 hp 100 frg 6
ARGLOG labprobe t  72.0 pos '784.0 -176.0  24.0' spd 0 yaw -180 mode 0 st 0 gl 0 hp 100 frg 0
ARGEVT Romero grab 
ARGLOG Romero t  72.1 pos '220.1 -227.8 -296.0' spd  89.4 yaw   1.8 mode 2 st 3 gl 1 hp 98 frg 2
ARGLOG Joe Rogan t  72.1 pos '554.0 -217.8 -265.1' spd  55.8 yaw 178.0 mode 2 st 0 gl 1 hp 63 frg 5
ARGEVT Carmack engage Romero
ARGLOG Carmack t  72.4 pos '-27.9 -191.1 -296.0' spd 256.5 yaw 346.2 mode 2 st 0 gl 4 hp 100 frg 6
ARGEVT Carmack weapon sg
ARGEVT Carmack hazard
ARGLOG labprobe t  72.6 pos '784.0 -176.0  24.0' spd 0 yaw -180 mode 0 st 0 gl 0 hp 100 frg 0
ARGLOG Romero t  72.6 pos '121.6 -233.1 -296.0' spd 172.8 yaw   0.2 mode 2 st 3 gl 1 hp 98 frg 2
ARGLOG Joe Rogan t  72.7 pos '558.0 -236.6 -296.0' spd  35.8 yaw 176.2 mode 2 st 0 gl 1 hp 47 frg 5
ARGEVT Romero hazard
ARGEVT Carmack weapon rl
ARGLOG Carmack t  72.9 pos '-26.5 -253.2 -296.0' spd  91.4 yaw 351.0 mode 2 st 0 gl 4 hp 100 frg 6
ARGEVT Carmack weapon sg
ARGLOG labprobe t  73.1 pos '784.0 -176.0  24.0' spd 0 yaw -180 mode 0 st 0 gl 0 hp 100 frg 0
ARGLOG Romero t  73.1 pos '154.4 -249.1 -296.0' spd 234.4 yaw 357.9 mode 2 st 3 gl 1 hp 94 frg 2
ARGLOG Joe Rogan t  73.2 pos '520.9 -239.4 -296.0' spd  86.3 yaw 187.4 mode 2 st 0 gl 1 hp 43 frg 5
ARGLOG Carmack t  73.4 pos '-11.8 -255.2 -296.0' spd 104.6 yaw 358.7 mode 2 st 0 gl 4 hp 100 frg 6
ARGLOG labprobe t  73.6 pos '784.0 -176.0  24.0' spd 0 yaw -180 mode 0 st 0 gl 0 hp 100 frg 0
ARGEVT Joe Rogan retreat
ARGLOG Romero t  73.6 pos '108.2 -272.0 -296.0' spd 417.4 yaw 359.9 mode 2 st 3 gl 1 hp 86 frg 2
ARGLOG Joe Rogan t  73.7 pos '479.7 -249.0 -296.0' spd 204.0 yaw 180.3 mode 2 st 0 gl 1 hp 31 frg 5
ARGLOG Carmack t  74.0 pos '-79.5 -219.3 -296.0' spd 354.1 yaw 351.5 mode 0 st 0 gl 4 hp 100 frg 6
ARGEVT Carmack route 6 start '-111.0 -247.0 -296.0' goal '177.0 -55.0 -104.0'
ARGEVT Romero hazard
ARGEVT Carmack weapon rl
ARGLOG labprobe t  74.1 pos '784.0 -176.0  24.0' spd 0 yaw -180 mode 0 st 0 gl 0 hp 100 frg 0
ARGLOG Romero t  74.2 pos ' 89.4 -237.6 -296.0' spd  99.1 yaw 357.1 mode 2 st 3 gl 1 hp 82 frg 2
ARGLOG Joe Rogan t  74.2 pos '641.3 -253.2 -296.0' spd 308.7 yaw 174.0 mode 2 st 0 gl 1 hp 27 frg 5
ARGEVT Joe Rogan hazard
ARGUS routecache adopt
ARGEVT Carmack route 6 start '-111.0 -247.0 -296.0' goal '177.0 -55.0 -104.0'
ARGLOG Carmack t  74.5 pos '-79.6 -200.1 -296.0' spd 205.9 yaw   2.3 mode 2 st 0 gl 4 hp 100 frg 6
ARGLOG labprobe t  74.6 pos '784.0 -176.0  24.0' spd 0 yaw -180 mode 0 st 0 gl 0 hp 100 frg 0
ARGLOG Romero t  74.7 pos '217.2 -262.8 -296.0' spd 191.6 yaw   6.4 mode 2 st 3 gl 1 hp 58 frg 2
ARGLOG Joe Rogan t  74.7 pos '634.7 -181.0 -296.0' spd 155.5 yaw 191.2 mode 2 st 0 gl 1 hp 27 frg 5
ARGEVT Joe Rogan jump
ARGUS Carmack hunch item_artifact_super_damage
ARGEVT Carmack goal weapon_supernailgun
ARGLOG Carmack t  75.0 pos '-35.3 -138.4 -296.0' spd 247.1 yaw 151.3 mode 0 st 0 gl 4 hp 100 frg 6
ARGEVT Carmack pursue
ARGEVT Carmack route 6 start '-79.0 -151.0 -296.0' goal '177.0 -55.0 -104.0'
ARGEVT Carmack hazard
ARGEVT Joe Rogan pursue
ARGUS Romero hunch item_artifact_super_damage
ARGLOG labprobe t  75.1 pos '784.0 -176.0  24.0' spd 0 yaw -180 mode 0 st 0 gl 0 hp 100 frg 0
ARGEVT Romero goal weapon_lightning
ARGEVT Romero pursue
ARGLOG Romero t  75.2 pos '204.2 -241.3 -296.0' spd 221.3 yaw   8.1 mode 0 st 3 gl 1 hp 58 frg 2
ARGEVT Romero hazard
ARGLOG Joe Rogan t  75.2 pos '623.8 -121.1 -274.0' spd 114.0 yaw 200 mode 2 st 0 gl 1 hp 27 frg 5
ARGUS Joe Rogan hunch item_artifact_super_damage
ARGEVT Romero route 10 start '241.0 -279.0 -296.0' goal '529.0 -311.0 -104.0'
ARGEVT Joe Rogan goal item_health
ARGLOG Carmack t  75.5 pos '-18.2  -1.9 -296.0' spd 385.8 yaw 345.9 mode 2 st 0 gl 4 hp 100 frg 6
ARGLOG labprobe t  75.7 pos '784.0 -176.0  24.0' spd 0 yaw -180 mode 0 st 0 gl 0 hp 100 frg 0
ARGLOG Romero t  75.7 pos '370.9 -248.9 -296.0' spd 321.6 yaw 14 mode 2 st 3 gl 1 hp 58 frg 2
ARGLOG Joe Rogan t  75.8 pos '592.0   2.9 -296.0' spd 336.9 yaw 119 mode 1 st 0 gl 1 hp 27 frg 5
ARGEVT Joe Rogan pursue
ARGLOG Carmack t  76.0 pos '-16.0 -58.4 -296.0' spd 322.8 yaw 280 mode 2 st 0 gl 4 hp 100 frg 6
ARGEVT Joe Rogan hazard
ARGLOG labprobe t  76.2 pos '784.0 -176.0  24.0' spd 0 yaw -180 mode 0 st 0 gl 0 hp 100 frg 0
ARGLOG Romero t  76.2 pos '532.3 -213.7 -296.0' spd 320.2 yaw 17 mode 2 st 3 gl 1 hp 58 frg 2
ARGLOG Joe Rogan t  76.3 pos '527.4 110.1 -296.0' spd 258.7 yaw 231 mode 1 st 0 gl 1 hp 52 frg 5
ARGEVT Carmack pursue
ARGUS Carmack prefire
ARGLOG Carmack t  76.5 pos '  0.2 -226.7 -296.0' spd 376.8 yaw 358 mode 2 st 0 gl 4 hp 100 frg 6
ARGLOG labprobe t  76.7 pos '784.0 -176.0  24.0' spd 0 yaw -180 mode 0 st 0 gl 0 hp 100 frg 0
ARGLOG Romero t  76.7 pos '647.8 -136.2 -296.0' spd 167.3 yaw 102.3 mode 2 st 3 gl 1 hp 47 frg 2
ARGLOG Joe Rogan t  76.8 pos '608.1  45.8 -296.0' spd 330.4 yaw 277.8 mode 1 st 0 gl 1 hp 28 frg 5
ARGEVT Carmack pursue
ARGLOG Carmack t  77.1 pos '173.8 -253.2 -296.0' spd 333.0 yaw 35 mode 2 st 0 gl 4 hp 100 frg 6
ARGEVT Carmack hazard
ARGLOG labprobe t  77.2 pos '784.0 -176.0  24.0' spd 0 yaw -180 mode 0 st 0 gl 0 hp 100 frg 0
ARGLOG Romero t  77.3 pos '614.3 -116.9 -296.0' spd 111.2 yaw  90.2 mode 2 st 3 gl 1 hp 23 frg 2
ARGEVT Carmack rjump
ARGLOG Joe Rogan t  77.3 pos '609.3  92.6 -296.0' spd 367.8 yaw 283.2 mode 1 st 0 gl 1 hp 12 frg 5
ARGLOG Carmack t  77.6 pos '373.7 -155.5 -167.8' spd 507.0 yaw 130 mode 2 st 0 gl 4 hp 51 frg 6
ARGLOG labprobe t  77.7 pos '784.0 -176.0  24.0' spd 0 yaw -180 mode 0 st 0 gl 0 hp 100 frg 0
ARGLOG Romero t  77.8 pos '616.9 -109.3 -296.0' spd 233.5 yaw 217.2 mode 2 st 3 gl 1 hp 23 frg 2
ARGLOG Joe Rogan t  77.8 pos '409.2 -864.0  30.0' spd 300 yaw  76.2 mode 1 st 0 gl 1 hp 12 frg 5
ARGEVT Joe Rogan pursue
ARGEVT Romero pursue
ARGLOG Carmack t  78.1 pos '411.8 -51.9 -93.6' spd 161.8 yaw 343.2 mode 2 st 0 gl 4 hp 51 frg 6
ARGEVT Romero pursue
ARGEVT Romero jump
ARGLOG labprobe t  78.2 pos '784.0 -176.0  24.0' spd 0 yaw -180 mode 0 st 0 gl 0 hp 100 frg 0
ARGUS routecache adopt
ARGEVT Romero route 8 start '593.0 -215.0 -296.0' goal '529.0 -311.0 -104.0'
ARGLOG Romero t  78.3 pos '558.9 -268.6 -284.3' spd 331.3 yaw 190.6 mode 0 st 3 gl 1 hp 23 frg 2
ARGLOG Joe Rogan t  78.3 pos '393.9 -864.0  24.0' spd 300 yaw 73 mode 1 st 0 gl 1 hp 12 frg 5
ARGLOG Carmack t  78.6 pos '538.2 -90.2 -104.0' spd 320.2 yaw 335 mode 0 st 0 gl 4 hp 51 frg 6
ARGEVT Joe Rogan hazard
ARGEVT Carmack route 3 start '529.0 -55.0 -104.0' goal '177.0 -55.0 -104.0'
ARGLOG labprobe t  78.8 pos '784.0 -176.0  24.0' spd 0 yaw -180 mode 0 st 0 gl 0 hp 100 frg 0
ARGLOG Romero t  78.8 pos '470.5 -260.5 -282.5' spd 180.1 yaw 75 mode 2 st 3 gl 1 hp 23 frg 2
ARGLOG Joe Rogan t  78.9 pos '450.0 -766.2  24.0' spd 320.8 yaw 356 mode 1 st 0 gl 1 hp 12 frg 5
ARGEVT Romero hazard
ARGLOG Carmack t  79.1 pos '586.8 -240.7 -104.0' spd 423.2 yaw 169.9 mode 2 st 0 gl 4 hp 51 frg 6
ARGLOG labprobe t  79.3 pos '784.0 -176.0  24.0' spd 0 yaw -180 mode 0 st 0 gl 0 hp 100 frg 0
ARGEVT Romero goal item_health
ARGLOG Romero t  79.3 pos '545.8 -223.3 -296.0' spd 148.3 yaw 241.0 mode 0 st 3 gl 1 hp 23 frg 2
ARGLOG Joe Rogan t  79.4 pos '487.9 -762.6  24.0' spd 154.2 yaw 133.2 mode 1 st 0 gl 1 hp 12 frg 5
ARGEVT Romero route 7 start '593.0 -215.0 -296.0' goal '497.0 -471.0  24.0'
ARGEVT Romero pursue
ARGLOG Carmack t  79.6 pos '471.8 -136.0 -104.0' spd 438.8 yaw   4.8 mode 2 st 0 gl 4 hp 51 frg 6
ARGEVT Joe Rogan pursue
ARGLOG labprobe t  79.8 pos '784.0 -176.0  24.0' spd 0 yaw -180 mode 0 st 0 gl 0 hp 100 frg 0
ARGLOG Romero t  79.8 pos '519.6 -251.4 -296.0' spd 349.0 yaw 109.5 mode 2 st 3 gl 1 hp 23 frg 2
ARGLOG Joe Rogan t  79.9 pos '321.6 -746.5  24.0' spd 354.7 yaw 120.4 mode 1 st 0 gl 1 hp 12 frg 5
ARGEVT Joe Rogan hazard
ARGEVT Carmack hazard
ARGLOG Carmack t  80.1 pos '581.6 -27.2 -104.0' spd 318.8 yaw  33.2 mode 2 st 0 gl 4 hp 51 frg 6
ARGLOG labprobe t  80.3 pos '784.0 -176.0  24.0' spd 0 yaw -180 mode 0 st 0 gl 0 hp 100 frg 0
ARGLOG Romero t  80.4 pos '614.8 -168.8 -296.0' spd 347.1 yaw 88 mode 2 st 3 gl 1 hp 23 frg 2
ARGLOG Joe Rogan t  80.4 pos '332.0 -613.1  24.0' spd 320.1 yaw 73 mode 1 st 0 gl 1 hp 12 frg 5
ARGEVT Carmack engage Joe Rogan
ARGEVT Carmack weapon rl
ARGEVT Joe Rogan engage Carmack
ARGEVT Joe Rogan grab item_health
ARGLOG Carmack t  80.7 pos '581.9 -87.8 -104.0' spd 377.8 yaw 247.3 mode 2 st 0 gl 4 hp 51 frg 6
ARGEVT Carmack weapon lg
ARGLOG labprobe t  80.8 pos '784.0 -176.0  24.0' spd 0 yaw -180 mode 0 st 0 gl 0 hp 100 frg 0
ARGLOG Romero t  80.9 pos '618.0   0.4 -296.0' spd 387.1 yaw 175.6 mode 2 st 3 gl 1 hp 23 frg 2
ARGLOG Joe Rogan t  80.9 pos '426.2 -475.3  24.0' spd 344.5 yaw  57.2 mode 1 st 0 gl 1 hp 12 frg 5
ARGEVT Joe Rogan death Carmack pos '442.4 -468.8  24.0'
ARGUS Carmack watch spawn
ARGEVT Carmack goal item_health
ARGEVT Romero hazard
ARGEVT Carmack route 14 start '529.0 -183.0 -104.0' goal '977.0 -471.0 -104.0'
ARGLOG Carmack t  81.2 pos '624.0 -251.4 -104.0' spd 357.2 yaw 89 mode 2 st 0 gl 4 hp 51 frg 7
ARGLOG labprobe t  81.3 pos '784.0 -176.0  24.0' spd 0 yaw -180 mode 0 st 0 gl 0 hp 100 frg 0
ARGLOG Romero t  81.4 pos '514.5  71.1 -296.0' spd 268.1 yaw 296 mode 2 st 3 gl 1 hp 23 frg 2
ARGEVT Carmack hazard
ARGLOG Carmack t  81.7 pos '607.3 -251.3 -104.0' spd 335.3 yaw 86 mode 2 st 0 gl 4 hp 51 frg 7
ARGLOG labprobe t  81.8 pos '784.0 -176.0  24.0' spd 0 yaw -180 mode 0 st 0 gl 0 hp 100 frg 0
ARGLOG Romero t  81.9 pos '633.0 -36.9 -296.0' spd 365.7 yaw 266 mode 2 st 3 gl 1 hp 23 frg 2
ARGLOG Carmack t  82.2 pos '537.5 -101.9 -104.0' spd 321.9 yaw 69 mode 2 st 0 gl 4 hp 51 frg 7
ARGEVT Romero hazard
ARGLOG labprobe t  82.4 pos '784.0 -176.0  24.0' spd 0 yaw -180 mode 0 st 0 gl 0 hp 100 frg 0
ARGLOG Romero t  82.4 pos '594.3 -131.8 -296.0' spd 386.4 yaw 263 mode 2 st 3 gl 1 hp 23 frg 2
ARGEVT Joe Rogan respawn
ARGEVT Carmack hazard
ARGEVT Joe Rogan goal weapon_supernailgun
ARGLOG Joe Rogan t  82.5 pos '-64.0 -232.0 -72.0' spd 0 yaw 5 mode 0 st 0 gl 1 hp 100 frg 5
ARGEVT Joe Rogan route 7 start '-47.0 -215.0 -72.0' goal '177.0 -55.0 -104.0'
ARGEVT Joe Rogan engage Carmack
ARGEVT Carmack engage Joe Rogan
ARGEVT Carmack weapon rl
ARGLOG Carmack t  82.7 pos '581.4 -26.9 -104.0' spd 232.6 yaw 108.8 mode 2 st 0 gl 4 hp 51 frg 7
ARGLOG labprobe t  82.9 pos '784.0 -176.0  24.0' spd 0 yaw -180 mode 0 st 0 gl 0 hp 100 frg 0
ARGLOG Romero t  82.9 pos '603.8  33.3 -296.0' spd 320.6 yaw  94.6 mode 2 st 3 gl 1 hp 23 frg 2
ARGEVT Carmack weapon lg
ARGLOG Joe Rogan t  83.0 pos ' 89.8 -245.2 -72.0' spd 349.0 yaw  23.3 mode 2 st 0 gl 1 hp 100 frg 5
ARGEVT Joe Rogan grab weapon_grenadelauncher
ARGLOG Carmack t  83.2 pos '496.3 -86.1 -104.0' spd 325.0 yaw 209.3 mode 2 st 0 gl 4 hp 46 frg 7
ARGEVT Romero route 6 start '529.0  73.0 -296.0' goal '497.0 -471.0  24.0'
ARGLOG labprobe t  83.4 pos '784.0 -176.0  24.0' spd 0 yaw -180 mode 0 st 0 gl 0 hp 100 frg 0
ARGLOG Romero t  83.4 pos '499.5  81.8 -296.0' spd 328.8 yaw 270 mode 2 st 3 gl 1 hp 23 frg 2
ARGEVT Romero hazard
ARGLOG Joe Rogan t  83.5 pos '133.2 -390.9  -8.0' spd 323.5 yaw  25.0 mode 2 st 0 gl 1 hp 70 frg 5
ARGEVT Carmack weapon rl
ARGEVT Joe Rogan hazard
ARGEVT Joe Rogan grab 
ARGLOG Carmack t  83.7 pos '518.3 -188.5 -104.0' spd 248.8 yaw 240.1 mode 2 st 0 gl 4 hp 41 frg 7
ARGEVT Carmack weapon lg
ARGEVT Joe Rogan retreat
ARGLOG labprobe t  83.9 pos '784.0 -176.0  24.0' spd 0 yaw -180 mode 0 st 0 gl 0 hp 100 frg 0
ARGLOG Romero t  84.0 pos '638.6  16.0 -296.0' spd 332.2 yaw 325.0 mode 2 st 3 gl 1 hp 23 frg 2
ARGLOG Joe Rogan t  84.1 pos '208.3 -513.3  24.0' spd 360.9 yaw  47.0 mode 0 st 0 gl 1 hp 10 frg 5
ARGLOG Carmack t  84.3 pos '537.9 -208.8 -104.0' spd 327.2 yaw 236.0 mode 2 st 0 gl 4 hp 30 frg 7
ARGEVT Joe Rogan route 7 start '209.0 -503.0  24.0' goal '177.0 -55.0 -104.0'
ARGLOG labprobe t  84.4 pos '784.0 -176.0  24.0' spd 0 yaw -180 mode 0 st 0 gl 0 hp 100 frg 0
ARGLOG Romero t  84.5 pos '617.9 -127.0 -296.0' spd 347.0 yaw 261 mode 2 st 3 gl 1 hp 23 frg 2
ARGEVT Romero hazard
ARGLOG Joe Rogan t  84.6 pos '336.0 -443.3  24.0' spd 331.3 yaw  33.2 mode 2 st 0 gl 1 hp 10 frg 5
ARGEVT Carmack weapon rl
ARGLOG Carmack t  84.8 pos '623.8 -277.6 -104.0' spd 232.6 yaw 231.4 mode 2 st 0 gl 4 hp 14 frg 7
ARGLOG labprobe t  84.9 pos '784.0 -176.0  24.0' spd 0 yaw -180 mode 0 st 0 gl 0 hp 100 frg 0
ARGEVT Romero route 7 start '593.0 -215.0 -296.0' goal '497.0 -471.0  24.0'
ARGLOG Romero t  85.0 pos '546.3 -243.6 -296.0' spd 334.0 yaw 73 mode 2 st 3 gl 1 hp 23 frg 2
ARGLOG Joe Rogan t  85.1 pos '381.3 -500.6  24.0' spd 324.7 yaw  61.4 mode 2 st 0 gl 1 hp 10 frg 5
ARGEVT Carmack death Joe Rogan pos '533.4 -177.0 -104.0'
ARGUS Joe Rogan watch spawn
ARGEVT Joe Rogan goal item_health
ARGLOG labprobe t  85.4 pos '784.0 -176.0  24.0' spd 0 yaw -180 mode 0 st 0 gl 0 hp 100 frg 0
ARGLOG Romero t  85.5 pos '529.9 -260.0 -296.0' spd 327.8 yaw 69 mode 2 st 3 gl 1 hp 23 frg 2
ARGEVT Joe Rogan route 6 start '401.0 -503.0  24.0' goal '-239.0 -471.0 -72.0'
ARGLOG Joe Rogan t  85.6 pos '415.1 -403.4  30.3' spd 367.9 yaw 35 mode 2 st 0 gl 1 hp 10 frg 6
ARGEVT Romero hazard
ARGLOG labprobe t  86.0 pos '784.0 -176.0  24.0' spd 0 yaw -180 mode 0 st 0 gl 0 hp 100 frg 0
ARGLOG Romero t  86.0 pos '656.0 -165.8 -296.0' spd 179.3 yaw 283.8 mode 2 st 3 gl 1 hp 23 frg 2
ARGLOG Joe Rogan t  86.1 pos '484.3 -227.1 -24.5' spd 367.9 yaw 346 mode 2 st 0 gl 1 hp 10 frg 6
ARGEVT Romero route 7 start '593.0 -215.0 -296.0' goal '497.0 -471.0  24.0'
ARGLOG labprobe t  86.5 pos '784.0 -176.0  24.0' spd 0 yaw -180 mode 0 st 0 gl 0 hp 100 frg 0
ARGLOG Romero t  86.5 pos '583.1 -263.0 -296.0' spd 327.5 yaw 84 mode 2 st 3 gl 1 hp 23 frg 2
ARGEVT Joe Rogan route 12 start '529.0 -183.0 -104.0' goal '-239.0 -471.0 -72.0'
ARGLOG Joe Rogan t  86.6 pos '617.0 -208.8 -104.0' spd 386.4 yaw 87 mode 2 st 0 gl 1 hp 10 frg 6
ARGEVT Carmack respawn
ARGEVT Carmack goal 
ARGLOG Carmack t  86.8 pos '272.0 -952.0  24.0' spd 0 yaw  16.3 mode 0 st 0 gl 4 hp 100 frg 7
ARGEVT Carmack route 7 start '305.0 -983.0  24.0' goal '529.0 -183.0 -104.0'
ARGEVT Romero hazard
ARGLOG labprobe t  87.0 pos '784.0 -176.0  24.0' spd 0 yaw -180 mode 0 st 0 gl 0 hp 100 frg 0
ARGLOG Romero t  87.0 pos '426.3 -211.3 -296.0' spd 329.9 yaw 182.7 mode 2 st 3 gl 1 hp 23 frg 2
ARGLOG Joe Rogan t  87.1 pos '492.8 -294.9 -104.0' spd 429.0 yaw  89.9 mode 2 st 0 gl 1 hp 10 frg 6
ARGEVT Romero engage Joe Rogan
ARGEVT Romero grab weapon_nailgun
ARGEVT Joe Rogan engage Romero
ARGEVT Joe Rogan grab 
ARGLOG Carmack t  87.3 pos '372.0 -831.5  24.0' spd 326.1 yaw 83 mode 2 st 0 gl 4 hp 100 frg 7
ARGEVT Carmack goal weapon_rocketlauncher
ARGEVT Carmack hazard
ARGLOG labprobe t  87.5 pos '784.0 -176.0  24.0' spd 0 yaw -180 mode 0 st 0 gl 0 hp 100 frg 0
ARGLOG Romero t  87.6 pos '326.0 -148.0 -296.0' spd 329.7 yaw 359.3 mode 2 st 3 gl 1 hp 23 frg 2
ARGEVT Carmack route 12 start '401.0 -759.0  24.0' goal '721.0 -887.0 -232.0'
ARGLOG Joe Rogan t  87.7 pos '559.6 -153.8 -104.0' spd 354.6 yaw 152.0 mode 2 st 0 gl 1 hp 10 frg 6
ARGEVT Joe Rogan weapon sg
ARGEVT Romero pursue
ARGEVT Joe Rogan death Joe Rogan pos '570.8 -121.2 -104.0'
ARGLOG Carmack t  87.8 pos '376.1 -752.0  24.0' spd  40.4 yaw 104 mode 2 st 0 gl 4 hp 100 frg 7
ARGEVT Romero hazard
ARGLOG labprobe t  88.0 pos '784.0 -176.0  24.0' spd 0 yaw -180 mode 0 st 0 gl 0 hp 100 frg 0
ARGLOG Romero t  88.1 pos '404.6 -48.0 -296.0' spd  46.8 yaw 40 mode 2 st 3 gl 1 hp 23 frg 2
ARGLOG Carmack t  88.3 pos '365.5 -609.0  24.0' spd 324.3 yaw 46 mode 2 st 0 gl 4 hp 100 frg 7
ARGLOG labprobe t  88.5 pos '784.0 -176.0  24.0' spd 0 yaw -180 mode 0 st 0 gl 0 hp 100 frg 0
ARGLOG Romero t  88.6 pos '405.3 -48.0 -296.0' spd   2.9 yaw 40 mode 2 st 3 gl 1 hp 23 frg 2
ARGEVT Carmack engage Romero
ARGEVT Carmack grab 
ARGLOG Carmack t  88.8 pos '331.4 -442.5  24.0' spd 418.4 yaw  77.7 mode 2 st 0 gl 4 hp 100 frg 7
ARGEVT Romero retreat
ARGLOG labprobe t  89.0 pos '784.0 -176.0  24.0' spd 0 yaw -180 mode 0 st 0 gl 0 hp 100 frg 0
ARGLOG Romero t  89.1 pos '390.4 -41.2 -296.0' spd 227.6 yaw 288.1 mode 2 st 3 gl 1 hp 7 frg 2
ARGEVT Joe Rogan respawn
ARGEVT Joe Rogan goal weapon_supernailgun
ARGLOG Joe Rogan t  89.3 pos '112.0 -1136.0 -104.0' spd 0 yaw  61.6 mode 0 st 0 gl 1 hp 100 frg 5
ARGLOG Carmack t  89.4 pos '314.8 -464.5  24.0' spd 150.8 yaw  85.9 mode 2 st 0 gl 4 hp 100 frg 7
ARGEVT Joe Rogan route 10 start '145.0 -1143.0 -88.0' goal '177.0 -55.0 -104.0'
ARGEVT Romero death Carmack pos '351.5  33.7 -288.0'
ARGUS Carmack watch spawn
ARGLOG labprobe t  89.6 pos '784.0 -176.0  24.0' spd 0 yaw -180 mode 0 st 0 gl 0 hp 100 frg 0
ARGEVT Carmack goal weapon_rocketlauncher
ARGLOG Joe Rogan t  89.8 pos '166.7 -990.5 -104.0' spd 320.1 yaw 73 mode 2 st 0 gl 1 hp 100 frg 5
ARGEVT Carmack route 10 start '305.0 -471.0  24.0' goal '721.0 -887.0 -232.0'
ARGLOG Carmack t  89.9 pos '198.6 -399.4  11.1' spd 364.0 yaw 347 mode 2 st 0 gl 4 hp 100 frg 8
ARGLOG labprobe t  90.1 pos '784.0 -176.0  24.0' spd 0 yaw -180 mode 0 st 0 gl 0 hp 100 frg 0
ARGLOG Joe Rogan t  90.3 pos '217.7 -833.5 -104.0' spd 320.0 yaw 73 mode 2 st 0 gl 1 hp 100 frg 5
ARGLOG Carmack t  90.4 pos '176.1 -235.3 -72.0' spd 327.6 yaw 57 mode 2 st 0 gl 4 hp 100 frg 8
ARGEVT Carmack hazard
ARGEVT Joe Rogan hazard
ARGLOG labprobe t  90.6 pos '784.0 -176.0  24.0' spd 0 yaw -180 mode 0 st 0 gl 0 hp 100 frg 0
ARGLOG Joe Rogan t  90.9 pos '338.3 -732.5 -104.0' spd 402.0 yaw  90.3 mode 2 st 0 gl 1 hp 100 frg 5
ARGEVT Carmack engage Joe Rogan
ARGEVT Carmack grab weapon_grenadelauncher
ARGEVT Joe Rogan engage Carmack
ARGLOG Carmack t  90.9 pos '212.0 -262.4 -72.0' spd 336.3 yaw 281.0 mode 2 st 0 gl 4 hp 100 frg 8
ARGEVT Romero respawn
ARGEVT Romero goal weapon_rocketlauncher
ARGLOG Romero t  91.1 pos '776.0 -808.0 -232.0' spd 0 yaw 106.6 mode 1 st 3 gl 1 hp 100 frg 2
ARGLOG labprobe t  91.1 pos '784.0 -176.0  24.0' spd 0 yaw -180 mode 0 st 0 gl 0 hp 100 frg 0
ARGLOG Joe Rogan t  91.4 pos '329.7 -657.1 -104.0' spd 270.2 yaw  88.7 mode 2 st 0 gl 1 hp 80 frg 5
ARGEVT Romero hazard
ARGEVT Joe Rogan grab 
ARGLOG Carmack t  91.4 pos '318.1 -267.4 -188.2' spd  33.4 yaw 274.0 mode 2 st 0 gl 4 hp 100 frg 8
ARGLOG Romero t  91.6 pos '720.0 -807.1 -222.3' spd 370.0 yaw 247.9 mode 1 st 3 gl 1 hp 100 frg 2
ARGLOG labprobe t  91.6 pos '784.0 -176.0  24.0' spd 0 yaw -180 mode 0 st 0 gl 0 hp 100 frg 0
ARGEVT Joe Rogan route 6 start '337.0 -567.0 -104.0' goal '177.0 -55.0 -104.0'
ARGEVT Romero goal 
ARGEVT Carmack hazard
ARGEVT Carmack goal 
ARGEVT Romero route 7 start '721.0 -887.0 -232.0' goal '401.0 -471.0 -104.0'
ARGEVT Joe Rogan pursue
ARGUS Carmack hunch item_artifact_super_damage
ARGLOG Joe Rogan t  91.9 pos '318.6 -511.1 -104.0' spd 320.0 yaw 90 mode 2 st 0 gl 1 hp 80 frg 5
ARGEVT Romero goal 
ARGEVT Romero route 4 start '721.0 -887.0 -232.0' goal '273.0 -375.0 -296.0'
ARGEVT Carmack goal weapon_rocketlauncher
ARGLOG Carmack t  91.9 pos '284.7 -256.2 -296.0' spd 320.3 yaw 132.5 mode 0 st 0 gl 4 hp 100 frg 8
ARGEVT Carmack route 3 start '241.0 -279.0 -296.0' goal ' 49.0 105.0 -296.0'
ARGLOG Romero t  92.1 pos '732.5 -888.9 -232.0' spd 311.9 yaw 117 mode 0 st 3 gl 2 hp 100 frg 2
ARGEVT Romero route 4 start '721.0 -887.0 -232.0' goal '273.0 -375.0 -296.0'
ARGUS Joe Rogan hunch item_artifact_super_damage
ARGLOG labprobe t  92.1 pos '784.0 -176.0  24.0' spd 0 yaw -180 mode 0 st 0 gl 0 hp 100 frg 0
ARGEVT Joe Rogan goal weapon_supernailgun
ARGEVT Joe Rogan grab weapon_grenadelauncher
ARGEVT Joe Rogan route 6 start '305.0 -407.0 -104.0' goal '177.0 -55.0 -104.0'
ARGEVT Romero route 5 start '721.0 -759.0 -232.0' goal '273.0 -375.0 -296.0'
ARGLOG Joe Rogan t  92.4 pos '280.0 -411.0 -104.0' spd 321.1 yaw 116.5 mode 2 st 0 gl 1 hp 56 frg 5
ARGLOG Carmack t  92.4 pos '196.0 -256.7 -296.0' spd 122.5 yaw 285.9 mode 2 st 0 gl 4 hp 100 frg 8
ARGEVT Romero hazard
ARGLOG Romero t  92.6 pos '720.0 -752.0 -232.0' spd 0 yaw 112 mode 2 st 3 gl 2 hp 100 frg 2
ARGLOG labprobe t  92.7 pos '784.0 -176.0  24.0' spd 0 yaw -180 mode 0 st 0 gl 0 hp 100 frg 0
ARGEVT Carmack hazard
ARGLOG Joe Rogan t  92.9 pos '139.9 -426.6 -95.5' spd  79.4 yaw  97.2 mode 2 st 0 gl 1 hp 56 frg 5
ARGLOG Carmack t  93.0 pos ' 97.7 -228.7 -296.0' spd  74.5 yaw 281.3 mode 2 st 0 gl 4 hp 100 frg 8
ARGUS routecache adopt
ARGEVT Romero route 4 start '721.0 -887.0 -232.0' goal '273.0 -375.0 -296.0'
ARGLOG Romero t  93.1 pos '721.8 -890.6 -232.0' spd 328.9 yaw 304.0 mode 0 st 3 gl 2 hp 100 frg 2
ARGEVT Carmack pursue
ARGLOG labprobe t  93.2 pos '784.0 -176.0  24.0' spd 0 yaw -180 mode 0 st 0 gl 0 hp 100 frg 0
ARGEVT Joe Rogan pursue
ARGEVT Joe Rogan hazard
ARGUS routecache adopt
ARGEVT Romero route 2 start '337.0   9.0 -296.0' goal '273.0 -375.0 -296.0'
ARGEVT Romero engage Joe Rogan
ARGLOG Joe Rogan t  93.4 pos '112.0 -368.0 -104.0' spd 0 yaw  93.1 mode 2 st 0 gl 1 hp 56 frg 5
ARGLOG Carmack t  93.5 pos ' 49.4 -271.8 -296.0' spd 344.7 yaw 247.4 mode 2 st 0 gl 4 hp 100 frg 8
ARGLOG Romero t  93.6 pos '368.0 -36.7 -296.0' spd 300 yaw 256.3 mode 2 st 3 gl 2 hp 100 frg 2
ARGLOG labprobe t  93.7 pos '784.0 -176.0  24.0' spd 0 yaw -180 mode 0 st 0 gl 0 hp 100 frg 0
ARGEVT Carmack pursue
ARGEVT Carmack hazard
ARGLOG Joe Rogan t  93.9 pos '247.5 -398.6 -104.0' spd 331.9 yaw 19 mode 2 st 0 gl 1 hp 56 frg 5
ARGLOG Carmack t  94.0 pos '-94.5 -224.8 -296.0' spd 320.2 yaw  82.3 mode 2 st 0 gl 4 hp 100 frg 8
ARGLOG Romero t  94.2 pos '383.2 -85.4 -296.0' spd 344.5 yaw 284.9 mode 2 st 3 gl 2 hp 100 frg 2
ARGEVT Joe Rogan weapon gl
ARGEVT Joe Rogan grab item_health
ARGLOG labprobe t  94.2 pos '784.0 -176.0  24.0' spd 0 yaw -180 mode 0 st 0 gl 0 hp 100 frg 0
ARGEVT Joe Rogan death Romero pos '349.5 -400.0 -104.0'
ARGUS Romero watch spawn
ARGEVT Romero goal 
ARGEVT Romero engage Carmack
ARGEVT Romero hazard
ARGEVT Carmack engage Romero
ARGEVT Romero route 4 start '305.0 -87.0 -296.0' goal '337.0 -375.0 -104.0'
ARGLOG Carmack t  94.5 pos '-25.1 -246.2 -296.0' spd 137.5 yaw  11.8 mode 2 st 0 gl 4 hp 100 frg 8
ARGLOG Romero t  94.7 pos '346.8 -195.0 -296.0' spd 325.4 yaw 164.3 mode 2 st 3 gl 2 hp 100 frg 3
ARGLOG labprobe t  94.7 pos '784.0 -176.0  24.0' spd 0 yaw -180 mode 0 st 0 gl 0 hp 100 frg 0
ARGLOG Carmack t  95.0 pos '-17.5 -210.5 -296.0' spd 322.1 yaw 358.2 mode 2 st 0 gl 4 hp 100 frg 8
ARGLOG Romero t  95.2 pos '339.9 -230.5 -296.0' spd 240.3 yaw 192.1 mode 2 st 3 gl 2 hp 100 frg 3
ARGLOG labprobe t  95.2 pos '784.0 -176.0  24.0' spd 0 yaw -180 mode 0 st 0 gl 0 hp 100 frg 0
ARGLOG Carmack t  95.5 pos ' 19.9 -249.8 -296.0' spd 161.5 yaw   3.3 mode 2 st 0 gl 4 hp 100 frg 8
ARGLOG Romero t  95.7 pos '335.7 -200.6 -296.0' spd 320.1 yaw 200.6 mode 2 st 3 gl 2 hp 96 frg 3
ARGEVT Joe Rogan respawn
ARGEVT Romero hazard
ARGLOG labprobe t  95.7 pos '784.0 -176.0  24.0' spd 0 yaw -180 mode 0 st 0 gl 0 hp 100 frg 0
ARGEVT labprobe death world pos '784.0 -176.0  24.0'
ARGEVT Joe Rogan goal weapon_supernailgun
ARGLOG Joe Rogan t  95.8 pos '784.0 -176.0  25.0' spd 0 yaw 163.7 mode 0 st 0 gl 1 hp 100 frg 6
ARGEVT Carmack death Romero pos ' 62.7 -233.1 -296.0'
ARGEVT Joe Rogan route 4 start '753.0 -151.0  24.0' goal '177.0 -55.0 -104.0'
ARGEVT Joe Rogan goal 
ARGEVT Romero goal 
ARGEVT Joe Rogan route 3 start '753.0 -151.0  24.0' goal '337.0 -375.0 -104.0'
ARGLOG Romero t  96.2 pos '421.9 -260.2 -296.0' spd 351.3 yaw 355.2 mode 0 st 3 gl 2 hp 92 frg 4
ARGEVT Romero route 3 start '401.0 -247.0 -296.0' goal '113.0 -279.0 -296.0'
ARGLOG Joe Rogan t  96.3 pos '632.1 -144.0  24.0' spd 332.4 yaw 157 mode 2 st 0 gl 1 hp 100 frg 6
ARGEVT Romero route 2 start '593.0 -215.0 -296.0' goal '113.0 -279.0 -296.0'
ARGLOG Romero t  96.7 pos '586.1 -234.5 -296.0' spd 320.3 yaw 16 mode 2 st 3 gl 2 hp 92 frg 4
ARGLOG Joe Rogan t  96.8 pos '453.0 -96.6 -21.1' spd 323.9 yaw 248 mode 2 st 0 gl 1 hp 100 frg 6
ARGEVT Romero hazard
ARGLOG Romero t  97.2 pos '648.3 -109.8 -296.0' spd 352.5 yaw 198 mode 2 st 3 gl 2 hp 92 frg 4
ARGLOG Joe Rogan t  97.3 pos '307.1 -109.2 -265.9' spd 308.8 yaw 277 mode 2 st 0 gl 1 hp 100 frg 6
ARGEVT Carmack respawn
ARGEVT Carmack goal weapon_rocketlauncher
ARGLOG Carmack t  97.4 pos '-64.0 512.0 -296.0' spd 0 yaw 286.6 mode 0 st 0 gl 4 hp 100 frg 8
ARGEVT Carmack route 4 start '-15.0 553.0 -296.0' goal ' 49.0 105.0 -296.0'
ARGEVT Joe Rogan swim
ARGEVT Romero route 3 start '593.0 -87.0 -296.0' goal '113.0 -279.0 -296.0'
ARGLOG Romero t  97.8 pos '593.8 -88.1 -296.0' spd 340.8 yaw 312.0 mode 2 st 3 gl 2 hp 92 frg 4
ARGEVT Carmack hazard
ARGLOG Joe Rogan t  97.9 pos '293.6 -225.5 -401.7' spd 230.5 yaw 287 mode 2 st 0 gl 1 hp 30 frg 6
ARGLOG Carmack t  98.0 pos ' 29.2 408.9 -296.0' spd 224.5 yaw 241 mode 2 st 0 gl 4 hp 100 frg 8
ARGEVT Romero hazard
ARGEVT Joe Rogan death world pos '304.0 -263.6 -399.0'
ARGLOG Romero t  98.3 pos '651.6 -163.7 -296.0' spd 306.0 yaw 193 mode 2 st 3 gl 2 hp 92 frg 4
ARGLOG Carmack t  98.5 pos '-26.2 410.2 -296.0' spd 385.2 yaw 250 mode 2 st 0 gl 4 hp 100 frg 8
ARGLOG Romero t  98.8 pos '550.2 -268.1 -296.0' spd 101.7 yaw 182 mode 2 st 3 gl 2 hp 92 frg 4
ARGEVT Carmack hazard
ARGLOG Carmack t  99.0 pos '-95.6 293.8 -296.0' spd 343.2 yaw 308 mode 2 st 0 gl 4 hp 100 frg 8
ARGEVT Romero hazard
ARGLOG Romero t  99.3 pos '414.2 -257.5 -296.0' spd 322.9 yaw 185 mode 2 st 3 gl 2 hp 92 frg 4
ARGLOG Carmack t  99.5 pos '-93.1 120.2 -296.0' spd 361.1 yaw 324.2 mode 1 st 0 gl 4 hp 100 frg 8
ARGEVT Joe Rogan respawn
ARGEVT Joe Rogan goal weapon_supernailgun
ARGLOG Joe Rogan t  99.8 pos '-64.0 -232.0 -72.0' spd 0 yaw  16.6 mode 0 st 0 gl 1 hp 100 frg 5
ARGLOG Romero t  99.8 pos '248.2 -263.0 -296.0' spd 320.3 yaw 184 mode 1 st 3 gl 2 hp 92 frg 4
ARGEVT Joe Rogan route 7 start '-47.0 -215.0 -72.0' goal '177.0 -55.0 -104.0'
ARGLOG Carmack t 100.0 pos ' 59.1  53.9 -296.0' spd 330.2 yaw  24.9 mode 1 st 0 gl 4 hp 100 frg 8
ARGEVT Romero goal 
ARGEVT Carmack goal weapon_supernailgun
ARGEVT Romero route 1 start '113.0 -279.0 -296.0' goal '145.0 -183.0 -296.0'
ARGEVT Romero hazard
ARGEVT Carmack hazard
ARGLOG Joe Rogan t 100.3 pos ' 87.3 -238.4 -72.0' spd 383.9 yaw 240 mode 2 st 0 gl 1 hp 100 frg 5
ARGLOG Romero t 100.3 pos ' 82.0 -218.9 -296.0' spd 322.4 yaw  52.2 mode 2 st 3 gl 3 hp 92 frg 4
ARGEVT Carmack route 8 start ' 49.0 105.0 -296.0' goal '177.0 -55.0 -104.0'
ARGEVT Joe Rogan hazard
ARGLOG Carmack t 100.5 pos '-23.7 107.4 -296.0' spd 378.1 yaw 247.0 mode 2 st 0 gl 5 hp 100 frg 8
ARGLOG Joe Rogan t 100.8 pos ' 14.3 -272.0 -72.0' spd 346.3 yaw 227.6 mode 2 st 0 gl 1 hp 100 frg 5
ARGLOG Romero t 100.8 pos '162.2 -214.1 -296.0' spd 397.7 yaw  56.3 mode 1 st 3 gl 3 hp 92 frg 4
ARGLOG Carmack t 101.1 pos '-52.9 -66.4 -296.0' spd 332.3 yaw 308 mode 2 st 0 gl 5 hp 100 frg 8
ARGEVT Romero hazard
ARGLOG Joe Rogan t 101.3 pos ' 12.2 -272.0 -72.0' spd 320 yaw 0 mode 2 st 0 gl 1 hp 100 frg 5
ARGLOG Romero t 101.4 pos '132.4 -227.1 -296.0' spd 318.8 yaw 135 mode 1 st 3 gl 3 hp 92 frg 4
ARGEVT Romero engage Carmack
ARGEVT Romero weapon ng
ARGEVT Carmack engage Romero
ARGEVT Carmack weapon sg
ARGEVT Carmack weapon rl
ARGEVT Romero weapon rl
ARGLOG Carmack t 101.6 pos '-16.0 -195.8 -296.0' spd  63.5 yaw 344.7 mode 2 st 0 gl 5 hp 100 frg 8
ARGLOG Joe Rogan t 101.8 pos '125.8 -357.2 -24.0' spd 420.2 yaw 195.2 mode 2 st 0 gl 1 hp 100 frg 5
ARGEVT Joe Rogan hazard
ARGLOG Romero t 101.9 pos '180.1 -243.4 -296.0' spd 222.8 yaw 195.5 mode 1 st 3 gl 3 hp 92 frg 4
ARGEVT Carmack retreat
ARGLOG Carmack t 102.1 pos '-18.7 -213.2 -296.0' spd 893.4 yaw 324.3 mode 2 st 0 gl 5 hp 24 frg 8
ARGEVT Carmack hazard
ARGLOG Joe Rogan t 102.3 pos '112.0 -311.1 -40.0' spd 254.2 yaw 175.4 mode 2 st 0 gl 1 hp 100 frg 5
ARGLOG Romero t 102.4 pos '159.3 -221.8 -296.0' spd 101.2 yaw 182.2 mode 1 st 3 gl 3 hp 92 frg 4
ARGEVT Carmack route 15 start '-111.0 -247.0 -296.0' goal '177.0 -55.0 -104.0'
ARGLOG Carmack t 102.6 pos '-110.8 -210.1 -285.2' spd 138.6 yaw 355.7 mode 2 st 0 gl 5 hp 24 frg 8
ARGEVT Romero weapon ng
ARGLOG Joe Rogan t 102.9 pos ' 71.7 -208.0 -72.0' spd 322.3 yaw 182 mode 2 st 0 gl 1 hp 100 frg 5
ARGLOG Romero t 102.9 pos '171.8 -231.8 -296.0' spd 622.4 yaw 199.6 mode 1 st 3 gl 3 hp 76 frg 4
ARGEVT Carmack death Romero pos '-107.8 -252.0 -296.0'
ARGUS Romero watch spawn
ARGEVT Romero hazard
ARGEVT Romero goal 
ARGEVT Romero route 2 start '241.0 -279.0 -296.0' goal '-111.0 -247.0 -296.0'
ARGLOG Joe Rogan t 103.4 pos '-94.8 -223.8 -72.0' spd 361.3 yaw 264 mode 2 st 0 gl 1 hp 100 frg 5
ARGLOG Romero t 103.4 pos '187.1 -260.2 -296.0' spd 320.0 yaw 170 mode 2 st 3 gl 3 hp 76 frg 5
ARGEVT Joe Rogan route 6 start '-143.0 -375.0 -72.0' goal '177.0 -55.0 -104.0'
ARGLOG Joe Rogan t 103.9 pos '-88.9 -371.7 -72.0' spd 401.2 yaw  24.5 mode 2 st 0 gl 1 hp 100 frg 5
ARGEVT Joe Rogan hazard
ARGLOG Romero t 103.9 pos ' 24.1 -231.5 -296.0' spd 320.0 yaw 171 mode 1 st 3 gl 3 hp 76 frg 5
ARGEVT Romero hazard
ARGLOG Joe Rogan t 104.4 pos '-33.6 -221.2 -72.0' spd 343.2 yaw  53.6 mode 0 st 0 gl 1 hp 100 frg 5
ARGEVT Joe Rogan route 7 start '-47.0 -215.0 -72.0' goal '177.0 -55.0 -104.0'
ARGEVT Romero goal item_health
ARGLOG Romero t 104.5 pos '-90.4 -208.0 -296.0' spd 151.5 yaw  78.1 mode 0 st 3 gl 3 hp 76 frg 5
ARGEVT Carmack respawn
ARGEVT Romero route 5 start '-111.0 -247.0 -296.0' goal '-15.0 553.0 -296.0'
ARGEVT Carmack goal weapon_lightning
ARGLOG Carmack t 104.5 pos '272.0 -952.0  24.0' spd 0 yaw  16.3 mode 0 st 0 gl 5 hp 100 frg 8
ARGEVT Carmack route 6 start '305.0 -983.0  24.0' goal '529.0 -311.0 -104.0'
ARGLOG Joe Rogan t 104.9 pos '  3.3 -210.9 -72.0' spd 331.2 yaw 208 mode 2 st 0 gl 1 hp 100 frg 5
ARGLOG Romero t 105.0 pos '-63.4 -63.4 -296.0' spd 390.8 yaw 177.9 mode 2 st 3 gl 3 hp 76 frg 5
ARGLOG Carmack t 105.0 pos '351.3 -817.7  24.0' spd 337.7 yaw 110 mode 2 st 0 gl 5 hp 100 frg 8
ARGLOG Joe Rogan t 105.4 pos '-131.4 -310.5 -72.0' spd 346.1 yaw 10 mode 2 st 0 gl 1 hp 100 frg 5
ARGLOG Romero t 105.5 pos '-80.0 -105.4 -296.0' spd 324.8 yaw 255 mode 2 st 3 gl 3 hp 76 frg 5
ARGLOG Carmack t 105.5 pos '312.9 -655.8  24.0' spd 320.3 yaw 112 mode 2 st 0 gl 5 hp 100 frg 8
ARGEVT Romero route 5 start '-79.0 -151.0 -296.0' goal '-15.0 553.0 -296.0'
ARGEVT Romero hazard
ARGLOG Joe Rogan t 105.9 pos '-66.8 -455.4 -72.0' spd 410.6 yaw  42.5 mode 2 st 0 gl 1 hp 100 frg 5
ARGLOG Romero t 106.0 pos '-110.4 -250.8 -296.0' spd  44.5 yaw 82 mode 2 st 3 gl 3 hp 76 frg 5
ARGEVT Joe Rogan hazard
ARGLOG Carmack t 106.1 pos '361.9 -500.8  24.0' spd 363.0 yaw 48 mode 2 st 0 gl 5 hp 100 frg 8
ARGLOG Joe Rogan t 106.5 pos '-25.7 -528.0 -72.0' spd 194.0 yaw 25 mode 2 st 0 gl 1 hp 100 frg 5
ARGLOG Romero t 106.5 pos '-42.9 -120.2 -296.0' spd 339.0 yaw  26.8 mode 2 st 3 gl 3 hp 76 frg 5
ARGLOG Carmack t 106.6 pos '458.3 -329.9  -7.9' spd 370.6 yaw 20 mode 1 st 0 gl 5 hp 100 frg 8
ARGLOG Joe Rogan t 107.0 pos '-48.0 -602.8 -72.0' spd  95.2 yaw 271.6 mode 2 st 0 gl 1 hp 100 frg 5
ARGLOG Romero t 107.0 pos '-33.8  39.4 -296.0' spd 320.0 yaw 92 mode 2 st 3 gl 3 hp 76 frg 5
ARGEVT Joe Rogan hazard
ARGLOG Carmack t 107.1 pos '557.1 -173.2 -104.0' spd 408.3 yaw 322.7 mode 1 st 0 gl 5 hp 100 frg 8
ARGLOG Joe Rogan t 107.5 pos '-48.0 -595.7 -72.0' spd 166.3 yaw 139.8 mode 2 st 0 gl 1 hp 100 frg 5
ARGLOG Romero t 107.5 pos '-42.7 204.3 -296.0' spd 320.1 yaw 82 mode 2 st 3 gl 3 hp 76 frg 5
ARGLOG Carmack t 107.6 pos '626.3 -297.4 -104.0' spd 324.5 yaw 275 mode 1 st 0 gl 5 hp 100 frg 8
ARGEVT Romero hazard
ARGLOG Joe Rogan t 108.0 pos '-32.0 -435.7 -72.0' spd 395.1 yaw 19 mode 2 st 0 gl 1 hp 100 frg 5
ARGEVT Carmack hazard
ARGLOG Romero t 108.1 pos '-43.0 369.4 -296.0' spd 328.4 yaw 81 mode 2 st 3 gl 3 hp 76 frg 5
ARGLOG Carmack t 108.1 pos '552.7 -412.4 -104.0' spd 323.0 yaw 156 mode 1 st 0 gl 5 hp 100 frg 8
ARGLOG Joe Rogan t 108.5 pos '-44.2 -608.2 -72.0' spd 375.9 yaw 183.4 mode 2 st 0 gl 1 hp 100 frg 5
ARGEVT Joe Rogan hazard
ARGLOG Romero t 108.6 pos '-32.3 535.1 -296.0' spd 320.2 yaw 82 mode 1 st 3 gl 3 hp 76 frg 5
ARGLOG Carmack t 108.6 pos '394.1 -389.3 -104.0' spd 341.1 yaw 102.0 mode 1 st 0 gl 5 hp 100 frg 8
ARGEVT Romero goal item_rockets
ARGEVT Romero goal 
ARGEVT Romero route 7 start '-111.0 585.0 -296.0' goal '273.0 -375.0 -296.0'
ARGLOG Joe Rogan t 109.0 pos '-88.5 -475.1 -72.0' spd 401.7 yaw  18.6 mode 2 st 0 gl 1 hp 100 frg 5
ARGLOG Romero t 109.1 pos '-100.2 586.8 -296.0' spd 349.5 yaw 278 mode 2 st 3 gl 5 hp 176 frg 5
ARGLOG Carmack t 109.1 pos '455.3 -356.5 -104.0' spd 366.4 yaw 323.1 mode 1 st 0 gl 5 hp 100 frg 8
ARGLOG Joe Rogan t 109.6 pos '-22.2 -549.8 -72.0' spd 329.9 yaw 27 mode 2 st 0 gl 1 hp 100 frg 5
ARGEVT Romero hazard
ARGLOG Romero t 109.6 pos '-129.8 431.0 -296.0' spd 339.5 yaw 284 mode 2 st 3 gl 5 hp 176 frg 5
ARGLOG Carmack t 109.7 pos '610.4 -293.1 -104.0' spd 411.2 yaw 127.2 mode 1 st 0 gl 5 hp 100 frg 8
ARGEVT Joe Rogan hazard
ARGLOG Joe Rogan t 110.1 pos '-66.8 -550.5 -72.0' spd 329.6 yaw  81.5 mode 2 st 0 gl 1 hp 100 frg 5
ARGLOG Romero t 110.1 pos '-40.4 284.9 -296.0' spd 327.3 yaw 265 mode 2 st 3 gl 5 hp 176 frg 5
ARGEVT Carmack hazard
ARGLOG Carmack t 110.2 pos '483.1 -243.9 -104.0' spd 438.2 yaw 292.4 mode 1 st 0 gl 5 hp 100 frg 8
ARGEVT Carmack goal item_artifact_super_damage
ARGEVT Carmack routefail
ARGEVT Carmack goal item_armorInv
ARGLOG Joe Rogan t 110.6 pos '-29.9 -432.5 -72.0' spd 270.3 yaw 19 mode 2 st 0 gl 1 hp 100 frg 5
ARGLOG Romero t 110.6 pos '-75.9 120.9 -296.0' spd 320.5 yaw 285 mode 2 st 3 gl 5 hp 176 frg 5
ARGEVT Carmack route 17 start '433.0 -311.0 -104.0' goal '817.0 -855.0 -232.0'
ARGLOG Carmack t 110.7 pos '415.6 -401.1 -104.0' spd 341.9 yaw 110 mode 2 st 0 gl 6 hp 100 frg 8
ARGEVT Joe Rogan hazard
