LOG started on: 09/16/2026 16:18:49 
Playing registered version.
UDP Initialized
WIPX_OpenSocket: Address family not supported by protocol family
WIPX_Init: Unable to open control socket, IPX disabled
Exe: 20:02:47 Jul 31 2024
256.0 megabyte heap

Language initialization
Couldn't load 'localization/loc_english.txt'
from 'C:/argus/engine'

========= Quake Initialized =========

execing autoexec.cfg
SpawnServer: dm4
Clearing memory
Programs occupy 888K.
trying to open external vis file
maps/dm4.vis not found, trying argus.vis
external vis not found
ARGUS slots 8
ARGUS worldspawn reached
ARGNAV 137 nodes, 678 links
0 entities inhibited
ARGUS init on dm4
ARGEVT Carmack spawned
ARGEVT Romero spawned
ARGEVT Joe Rogan spawned
Server spawned.
ARGLOG Joe Rogan t   1.2 pos '-64.0 -232.0 -72.0' spd 0 yaw 357.6 mode 0 st 0 gl 0 hp 100 frg 0
ARGLOG Romero t   1.2 pos '112.0 -1136.0 -104.0' spd 0 yaw  92.5 mode 0 st 0 gl 0 hp 100 frg 0
ARGLOG Carmack t   1.2 pos '-64.0 512.0 -296.0' spd 0 yaw 299.6 mode 0 st 0 gl 0 hp 100 frg 0
ARGEVT Carmack hazard
ARGLOG Joe Rogan t   1.7 pos ' 81.5 -237.1 -72.0' spd 320 yaw 357.6 mode 0 st 0 gl 0 hp 100 frg 0
ARGLOG Romero t   1.7 pos '106.9 -990.5 -104.0' spd 320 yaw  92.5 mode 0 st 0 gl 0 hp 100 frg 0
ARGLOG Carmack t   1.7 pos '  5.1 469.7 -296.0' spd 336.6 yaw  66.4 mode 0 st 0 gl 0 hp 100 frg 0
ARGUS Carmack wallslide
ARGLOG Joe Rogan t   2.2 pos '247.2 -243.1 -77.9' spd 320 yaw 357.6 mode 0 st 0 gl 0 hp 100 frg 0
ARGLOG Romero t   2.2 pos '101.3 -829.3 -104.0' spd 320 yaw  92.5 mode 0 st 0 gl 0 hp 100 frg 0
ARGLOG Carmack t   2.2 pos '  0.5 451.4 -296.0' spd 253.4 yaw 102.1 mode 0 st 0 gl 0 hp 100 frg 0
ARGLOG Joe Rogan t   2.7 pos '385.7 -236.2 -232.9' spd 145.7 yaw 151.1 mode 0 st 0 gl 0 hp 100 frg 0
ARGLOG Romero t   2.7 pos '151.2 -835.8 -104.0' spd 321.2 yaw 295.7 mode 0 st 0 gl 0 hp 100 frg 0
ARGLOG Carmack t   2.7 pos '-35.0 605.9 -296.0' spd 184.6 yaw 322.2 mode 0 st 0 gl 0 hp 200 frg 0
ARGEVT Carmack hazard
ARGEVT Joe Rogan hazard
ARGUS Carmack wallslide
ARGLOG Joe Rogan t   3.2 pos '372.6 -184.1 -296.0' spd  55.2 yaw 214.3 mode 0 st 0 gl 0 hp 100 frg 0
ARGLOG Romero t   3.2 pos '227.6 -978.6 -104.0' spd 320.0 yaw 295.7 mode 0 st 0 gl 0 hp 100 frg 0
ARGLOG Carmack t   3.2 pos '  8.8 499.9 -296.0' spd 330.6 yaw 296.8 mode 0 st 0 gl 0 hp 200 frg 0
ARGUS Romero wallslide
ARGLOG Joe Rogan t   3.7 pos '345.0 -136.7 -296.0' spd 330.3 yaw  64.6 mode 0 st 0 gl 0 hp 100 frg 0
ARGLOG Romero t   3.7 pos '251.4 -1041.4 -104.0' spd 320.8 yaw 116.2 mode 0 st 0 gl 0 hp 100 frg 0
ARGLOG Carmack t   3.7 pos '-56.3 464.6 -296.0' spd 322.7 yaw 140.4 mode 0 st 0 gl 0 hp 200 frg 0
ARGEVT Joe Rogan goal weapon_rocketlauncher
ARGEVT Romero goal item_armorInv
ARGEVT Carmack goal weapon_lightning
ARGEVT Joe Rogan route 7 start '337.0 -119.0 -296.0' goal ' 81.0  73.0 -296.0'
ARGLOG Joe Rogan t   4.2 pos '352.5 -162.8 -296.0' spd 320.1 yaw 195 mode 2 st 0 gl 0 hp 100 frg 0
ARGLOG Romero t   4.2 pos '184.4 -890.2 -104.0' spd 384.8 yaw  55.7 mode 0 st 0 gl 0 hp 100 frg 0
ARGLOG Carmack t   4.2 pos '-65.9 505.1 -296.0' spd 353.8 yaw 307 mode 0 st 0 gl 0 hp 200 frg 0
ARGEVT Romero route 9 start '177.0 -855.0 -104.0' goal '817.0 -855.0 -232.0'
ARGEVT Joe Rogan hazard
ARGEVT Carmack route 16 start '-15.0 457.0 -296.0' goal '529.0 -311.0 -104.0'
ARGEVT Carmack hazard
ARGEVT Romero hazard
ARGEVT Joe Rogan route 5 start '337.0 -247.0 -296.0' goal ' 81.0  73.0 -296.0'
ARGLOG Joe Rogan t   4.8 pos '339.7 -255.5 -296.0' spd 296.3 yaw 164 mode 2 st 0 gl 0 hp 100 frg 0
ARGLOG Romero t   4.8 pos '267.4 -753.4 -104.0' spd 352.1 yaw 69 mode 2 st 0 gl 0 hp 100 frg 0
ARGUS Romero wallslide
ARGLOG Carmack t   4.8 pos ' 46.5 409.1 -296.0' spd 235.4 yaw 233 mode 2 st 0 gl 0 hp 200 frg 0
ARGLOG Joe Rogan t   5.3 pos '176.5 -280.7 -296.0' spd 332.8 yaw 149 mode 2 st 0 gl 0 hp 100 frg 0
ARGLOG Romero t   5.3 pos '367.8 -633.9 -104.0' spd 345.5 yaw 75 mode 2 st 0 gl 0 hp 100 frg 0
ARGLOG Carmack t   5.3 pos '-60.7 424.7 -296.0' spd 355.4 yaw 273 mode 2 st 0 gl 0 hp 200 frg 0
ARGEVT Carmack hazard
ARGLOG Joe Rogan t   5.8 pos ' 57.4 -247.8 -296.0' spd 320.3 yaw 108 mode 2 st 0 gl 0 hp 100 frg 0
ARGLOG Romero t   5.8 pos '370.3 -465.7 -104.0' spd 334.2 yaw 355 mode 2 st 0 gl 0 hp 100 frg 0
ARGLOG Carmack t   5.8 pos '-186.7 419.2 -296.0' spd  79.5 yaw 292 mode 2 st 0 gl 0 hp 200 frg 0
ARGEVT Joe Rogan engage Romero
ARGEVT Romero engage Joe Rogan
ARGEVT Romero grab weapon_lightning
ARGEVT Carmack engage Joe Rogan
ARGLOG Joe Rogan t   6.3 pos '-16.7 -201.4 -296.0' spd 138.4 yaw 350.7 mode 2 st 0 gl 0 hp 100 frg 0
ARGEVT Joe Rogan hazard
ARGLOG Romero t   6.3 pos '479.4 -337.5 -104.0' spd 321.6 yaw 161.7 mode 2 st 0 gl 0 hp 100 frg 0
ARGLOG Carmack t   6.3 pos '-210.5 412.3 -296.0' spd  32.7 yaw 281.3 mode 2 st 0 gl 0 hp 200 frg 0
ARGUS Joe Rogan wallslide
ARGEVT Romero weapon sg
ARGEVT Carmack goal weapon_rocketlauncher
ARGEVT Carmack route 20 start '-207.0 425.0 -296.0' goal '753.0 -887.0 -232.0'
ARGEVT Carmack hazard
ARGUS Carmack wallslide
ARGLOG Joe Rogan t   6.8 pos '-21.1 -243.6 -296.0' spd 229.9 yaw 350.4 mode 2 st 0 gl 0 hp 76 frg 0
ARGLOG Romero t   6.8 pos '410.9 -431.8 -104.0' spd 320.4 yaw 161.1 mode 2 st 0 gl 0 hp 100 frg 0
ARGLOG Carmack t   6.8 pos '-199.0 431.4 -296.0' spd 230.4 yaw   3.2 mode 2 st 0 gl 0 hp 200 frg 0
ARGEVT Romero grab item_cells
ARGEVT Joe Rogan pursue
ARGEVT Romero pursue
ARGLOG Joe Rogan t   7.3 pos ' 31.5 -262.8 -296.0' spd 322.5 yaw 343 mode 0 st 0 gl 0 hp 76 frg 0
ARGLOG Romero t   7.3 pos '326.6 -562.5 -104.0' spd 255.5 yaw 133 mode 0 st 0 gl 0 hp 100 frg 0
ARGLOG Carmack t   7.3 pos '-224.7 422.7 -296.0' spd 152.9 yaw 288.9 mode 2 st 0 gl 0 hp 200 frg 0
ARGEVT Romero hazard
ARGEVT Joe Rogan route 4 start ' 17.0 -247.0 -296.0' goal ' 81.0  73.0 -296.0'
ARGUS Romero hunch item_artifact_super_damage
ARGEVT Romero goal item_armorInv
ARGEVT Romero pursue
ARGEVT Romero route 6 start '337.0 -567.0 -104.0' goal '817.0 -855.0 -232.0'
ARGUS Joe Rogan hunch item_artifact_super_damage
ARGEVT Joe Rogan hazard
ARGEVT Joe Rogan goal weapon_rocketlauncher
ARGEVT Joe Rogan route 5 start '145.0 -247.0 -296.0' goal ' 81.0  73.0 -296.0'
ARGEVT Joe Rogan pursue
ARGEVT Carmack pursue
ARGLOG Joe Rogan t   7.8 pos '113.9 -268.6 -296.0' spd 315.2 yaw 188.7 mode 2 st 0 gl 0 hp 76 frg 0
ARGLOG Romero t   7.8 pos '358.1 -653.0 -104.0' spd 116.7 yaw  51.6 mode 2 st 0 gl 0 hp 100 frg 0
ARGLOG Carmack t   7.8 pos '-127.6 434.3 -296.0' spd 320.1 yaw  21.2 mode 2 st 0 gl 0 hp 199 frg 0
ARGUS Carmack hunch item_artifact_super_damage
ARGEVT Carmack pursue
ARGEVT Carmack pursue
ARGEVT Carmack goal weapon_rocketlauncher
ARGEVT Carmack route 19 start '-111.0 457.0 -296.0' goal '753.0 -887.0 -232.0'
ARGUS Joe Rogan wallslide
ARGEVT Carmack hazard
ARGUS Carmack wallslide
ARGLOG Joe Rogan t   8.3 pos ' 26.7 -267.3 -296.0' spd 299.7 yaw 319.1 mode 2 st 0 gl 0 hp 76 frg 0
ARGLOG Romero t   8.3 pos '323.4 -522.3 -104.0' spd 326.4 yaw 136 mode 2 st 0 gl 0 hp 100 frg 0
ARGLOG Carmack t   8.3 pos '  0.8 479.9 -296.0' spd 304.7 yaw 315.1 mode 2 st 0 gl 0 hp 199 frg 0
ARGEVT Romero weapon lg
ARGEVT Romero grab weapon_grenadelauncher
ARGLOG Joe Rogan t   8.9 pos '200.2 -240.7 -296.0' spd 365.7 yaw 315.8 mode 2 st 0 gl 0 hp 76 frg 0
ARGEVT Joe Rogan hazard
ARGLOG Romero t   8.9 pos '193.0 -405.4 -104.0' spd 351.8 yaw 113.3 mode 2 st 0 gl 0 hp 100 frg 0
ARGLOG Carmack t   8.9 pos ' 15.4 412.4 -296.0' spd 319.1 yaw 238.5 mode 2 st 0 gl 0 hp 198 frg 0
ARGEVT Carmack pursue
ARGUS Romero wallslide
ARGEVT Joe Rogan grab weapon_nailgun
ARGEVT Carmack hazard
ARGEVT Joe Rogan route 5 start '337.0 -247.0 -296.0' goal ' 81.0  73.0 -296.0'
ARGEVT Carmack pursue
ARGLOG Joe Rogan t   9.4 pos '323.4 -188.3 -296.0' spd 321.3 yaw 233.3 mode 2 st 0 gl 0 hp 76 frg 0
ARGLOG Romero t   9.4 pos '159.3 -410.0 -104.0' spd 310.5 yaw  55.1 mode 2 st 0 gl 0 hp 100 frg 0
ARGLOG Carmack t   9.4 pos '-74.2 296.0 -296.0' spd 333.8 yaw 280 mode 2 st 0 gl 0 hp 198 frg 0
ARGEVT Romero hazard
ARGEVT Joe Rogan retreat
ARGEVT Joe Rogan route 7 start '337.0 -119.0 -296.0' goal ' 81.0  73.0 -296.0'
ARGEVT Romero weapon gl
ARGLOG Joe Rogan t   9.9 pos '383.5 -14.9 -296.0' spd 348.1 yaw 226.0 mode 2 st 0 gl 0 hp 16 frg 0
ARGLOG Romero t   9.9 pos '168.1 -410.0 -104.0' spd 288.6 yaw  62.1 mode 2 st 0 gl 0 hp 76 frg 0
ARGLOG Carmack t   9.9 pos '-70.9 138.8 -296.0' spd 339.0 yaw 275 mode 2 st 0 gl 0 hp 197 frg 0
ARGUS Joe Rogan wallslide
ARGUS Romero wallslide
ARGLOG Joe Rogan t  10.5 pos '371.7 103.7 -288.0' spd  41.0 yaw 246.5 mode 2 st 0 gl 0 hp 16 frg 0
ARGLOG Romero t  10.5 pos '121.8 -420.5 -104.0' spd 297.6 yaw  83.7 mode 2 st 0 gl 0 hp 76 frg 0
ARGLOG Carmack t  10.5 pos '-36.9 -38.4 -296.0' spd 358.6 yaw 285 mode 2 st 0 gl 0 hp 197 frg 0
ARGUS Carmack wallslide
ARGEVT Joe Rogan pursue
ARGEVT Joe Rogan hazard
ARGEVT Romero hazard
ARGEVT Romero weapon lg
ARGEVT Romero weapon gl
ARGEVT Romero weapon lg
ARGLOG Joe Rogan t  11.0 pos '345.3  16.5 -288.0' spd 193.0 yaw 259.1 mode 2 st 0 gl 0 hp 16 frg 0
ARGEVT Romero weapon gl
ARGLOG Romero t  11.0 pos '216.1 -407.0 -104.0' spd 166.4 yaw  57.5 mode 2 st 0 gl 0 hp 76 frg 0
ARGLOG Carmack t  11.0 pos '-16.0 -192.6 -296.0' spd 353.1 yaw 304.8 mode 2 st 0 gl 0 hp 196 frg 0
ARGEVT Carmack hazard
ARGEVT Carmack route 15 start ' 17.0 -247.0 -296.0' goal '753.0 -887.0 -232.0'
ARGEVT Joe Rogan death Romero pos '368.7  69.6 -288.0'
ARGUS Romero watch spawn
ARGEVT Romero weapon lg
ARGEVT Romero goal item_armorInv
ARGUS routecache adopt
ARGEVT Carmack route 15 start ' 17.0 -247.0 -296.0' goal '753.0 -887.0 -232.0'
ARGEVT Romero route 6 start '273.0 -407.0 -104.0' goal '817.0 -855.0 -232.0'
ARGLOG Romero t  11.5 pos '304.2 -475.4 -104.0' spd 353.4 yaw 345.1 mode 2 st 0 gl 0 hp 76 frg 1
ARGLOG Carmack t  11.5 pos ' 25.7 -222.7 -296.0' spd 320.3 yaw 37 mode 0 st 0 gl 0 hp 196 frg 0
ARGEVT Carmack route 15 start ' 17.0 -247.0 -296.0' goal '753.0 -887.0 -232.0'
ARGUS Carmack wallslide
ARGEVT Carmack engage Romero
ARGEVT Romero engage Carmack
ARGEVT Romero grab item_health
ARGLOG Romero t  12.0 pos '475.2 -416.0 -104.0' spd 379.9 yaw 133.7 mode 2 st 0 gl 0 hp 76 frg 1
ARGLOG Carmack t  12.0 pos '194.4 -241.1 -296.0' spd 372.8 yaw 345.1 mode 2 st 0 gl 0 hp 195 frg 0
ARGUS Romero wallslide
ARGEVT Carmack hazard
ARGEVT Carmack pursue
ARGEVT Romero pursue
ARGEVT Carmack pursue
ARGLOG Romero t  12.5 pos '578.3 -399.3 -104.0' spd 303.4 yaw 161 mode 2 st 0 gl 0 hp 76 frg 1
ARGLOG Carmack t  12.5 pos '272.9 -253.9 -296.0' spd 322.0 yaw 316 mode 2 st 0 gl 0 hp 195 frg 0
ARGEVT Joe Rogan respawn
ARGEVT Joe Rogan goal weapon_rocketlauncher
ARGLOG Joe Rogan t  12.7 pos '784.0 -176.0  24.0' spd 0 yaw 184.8 mode 0 st 0 gl 0 hp 100 frg 0
ARGEVT Joe Rogan route 10 start '785.0 -183.0  24.0' goal ' 81.0  73.0 -296.0'
ARGEVT Romero hazard
ARGUS Joe Rogan wallslide
ARGLOG Romero t  13.0 pos '438.5 -361.5 -104.0' spd 269.9 yaw 107.7 mode 2 st 0 gl 0 hp 76 frg 1
ARGLOG Carmack t  13.0 pos '432.8 -258.8 -296.0' spd 333.0 yaw  30.1 mode 2 st 0 gl 0 hp 194 frg 0
ARGEVT Joe Rogan engage Romero
ARGLOG Joe Rogan t  13.3 pos '615.9 -213.7  24.0' spd 331.5 yaw 215.4 mode 2 st 0 gl 0 hp 100 frg 0
ARGEVT Carmack pursue
ARGEVT Joe Rogan grab item_armor1
ARGEVT Romero pursue
ARGUS Carmack wallslide
ARGLOG Romero t  13.5 pos '564.5 -266.2 -104.0' spd 329.9 yaw  55.9 mode 2 st 0 gl 0 hp 76 frg 1
ARGLOG Carmack t  13.5 pos '634.4 -220.0 -296.0' spd 328.3 yaw 333.6 mode 2 st 0 gl 0 hp 193 frg 0
ARGEVT Carmack hazard
ARGLOG Joe Rogan t  13.8 pos '511.2 -133.4   4.6' spd 325.6 yaw 301.6 mode 2 st 0 gl 0 hp 100 frg 0
ARGEVT Carmack route 12 start '593.0 -215.0 -296.0' goal '753.0 -887.0 -232.0'
ARGLOG Romero t  14.1 pos '543.6 -106.9 -104.0' spd 367.9 yaw 202 mode 2 st 0 gl 0 hp 52 frg 1
ARGLOG Carmack t  14.1 pos '527.4 -271.0 -296.0' spd 324.0 yaw 163 mode 2 st 0 gl 0 hp 193 frg 0
ARGLOG Joe Rogan t  14.3 pos '474.2 -42.9 -104.0' spd 241.4 yaw 290.3 mode 2 st 0 gl 0 hp 100 frg 0
ARGUS Romero hunch item_artifact_super_damage
ARGEVT Romero hazard
ARGEVT Joe Rogan hazard
ARGEVT Carmack pursue
ARGUS Carmack hunch item_health
ARGEVT Romero goal item_health
ARGEVT Carmack goal weapon_rocketlauncher
ARGEVT Romero route 2 start '465.0 -151.0 -104.0' goal '529.0  73.0 -296.0'
ARGLOG Romero t  14.6 pos '531.4 -206.1 -104.0' spd 421.0 yaw  14.8 mode 2 st 0 gl 0 hp 28 frg 1
ARGLOG Carmack t  14.6 pos '407.6 -243.1 -296.0' spd 262.1 yaw 300 mode 0 st 0 gl 0 hp 192 frg 0
ARGEVT Carmack hazard
ARGEVT Carmack route 13 start '369.0 -247.0 -296.0' goal '753.0 -887.0 -232.0'
ARGLOG Joe Rogan t  14.8 pos '541.9 -37.5 -104.0' spd 321.0 yaw 292.5 mode 2 st 0 gl 0 hp 100 frg 0
ARGUS Romero wallslide
ARGEVT Romero engage Joe Rogan
ARGEVT Romero retreat
ARGLOG Romero t  15.1 pos '624.0 -183.1 -104.0' spd 255.8 yaw 117.0 mode 2 st 0 gl 0 hp 4 frg 1
ARGLOG Carmack t  15.1 pos '360.6 -277.3 -296.0' spd 334.7 yaw  20.0 mode 2 st 0 gl 0 hp 192 frg 0
ARGEVT Romero death Joe Rogan pos '624.0 -268.4 -104.0'
ARGUS Joe Rogan watch spawn
ARGLOG Joe Rogan t  15.4 pos '487.4 -124.3 -104.0' spd 321.0 yaw 311.6 mode 2 st 0 gl 0 hp 100 frg 1
ARGUS Carmack wallslide
ARGEVT Joe Rogan goal weapon_rocketlauncher
ARGLOG Carmack t  15.6 pos '517.6 -221.3 -296.0' spd 338.7 yaw 71 mode 2 st 0 gl 0 hp 191 frg 0
ARGEVT Joe Rogan hazard
ARGEVT Joe Rogan route 8 start '465.0 -151.0 -104.0' goal ' 81.0  73.0 -296.0'
ARGLOG Joe Rogan t  15.9 pos '382.1 -247.3 -105.7' spd 351.7 yaw 318 mode 2 st 0 gl 0 hp 100 frg 1
ARGLOG Carmack t  16.1 pos '636.1 -124.7 -296.0' spd 445.0 yaw 144.0 mode 2 st 0 gl 0 hp 191 frg 0
ARGEVT Carmack hazard
ARGLOG Joe Rogan t  16.4 pos '280.3 -361.0 -233.5' spd 376.7 yaw 343 mode 2 st 0 gl 0 hp 100 frg 1
ARGLOG Carmack t  16.6 pos '600.0  50.3 -296.0' spd 321.8 yaw  82.8 mode 2 st 0 gl 0 hp 190 frg 0
ARGEVT Joe Rogan swim
ARGUS Carmack wallslide
ARGEVT Carmack route 9 start '465.0 -855.0  24.0' goal '753.0 -887.0 -232.0'
ARGEVT Joe Rogan swim
ARGEVT Romero respawn
ARGEVT Carmack engage Romero
ARGLOG Joe Rogan t  16.9 pos '339.1 -365.5 -383.8' spd 146.8 yaw 340 mode 2 st 0 gl 0 hp 79 frg 1
ARGEVT Romero goal item_armorInv
ARGEVT Romero engage Carmack
ARGLOG Romero t  16.9 pos '272.0 -952.0  24.0' spd 0 yaw   8.5 mode 0 st 0 gl 0 hp 100 frg 1
ARGEVT Joe Rogan swim
ARGEVT Romero grab weapon_supershotgun
ARGEVT Romero route 10 start '305.0 -983.0  24.0' goal '817.0 -855.0 -232.0'
ARGLOG Carmack t  17.1 pos '390.0 -864.0  24.0' spd 300 yaw 234.8 mode 2 st 0 gl 0 hp 190 frg 0
ARGEVT Joe Rogan swim
ARGEVT Carmack grab weapon_supershotgun
ARGLOG Joe Rogan t  17.4 pos '432.0 -347.4 -383.1' spd  54.9 yaw 328 mode 2 st 0 gl 0 hp 51 frg 1
ARGLOG Romero t  17.4 pos '328.0 -1033.0  24.0' spd 244.8 yaw  71.3 mode 2 st 0 gl 0 hp 100 frg 1
ARGEVT Joe Rogan swim
ARGEVT Joe Rogan swim
ARGLOG Carmack t  17.7 pos '358.2 -877.3  20.0' spd 341.9 yaw 257.5 mode 2 st 0 gl 0 hp 173 frg 0
ARGEVT Joe Rogan swim
ARGEVT Joe Rogan swim
ARGLOG Joe Rogan t  17.9 pos '431.9 -354.3 -383.2' spd  58.9 yaw 266 mode 2 st 0 gl 0 hp 30 frg 1
ARGLOG Romero t  17.9 pos '328.5 -1032.9  24.0' spd  65.8 yaw  85.6 mode 2 st 0 gl 0 hp 76 frg 1
ARGUS Romero wallslide
ARGEVT Joe Rogan swim
ARGEVT Romero grab item_health
ARGUS Romero bodyblock
ARGLOG Carmack t  18.2 pos '332.6 -1054.1  24.0' spd 345.1 yaw  23.7 mode 2 st 0 gl 0 hp 149 frg 0
ARGLOG Joe Rogan t  18.4 pos '428.1 -368.0 -402.8' spd  12.8 yaw 266 mode 2 st 0 gl 0 hp 2 frg 1
ARGLOG Romero t  18.4 pos '427.5 -970.5  24.0' spd 192.0 yaw 197.0 mode 2 st 0 gl 0 hp 52 frg 1
ARGEVT Joe Rogan death world pos '425.4 -368.0 -395.9'
ARGLOG Carmack t  18.7 pos '340.7 -1018.4  24.0' spd 210.0 yaw  25.2 mode 2 st 0 gl 0 hp 124 frg 0
ARGUS Carmack bodyblock
ARGLOG Romero t  18.9 pos '376.3 -985.2  24.0' spd 325.9 yaw 204.9 mode 2 st 0 gl 0 hp 40 frg 1
ARGEVT Romero retreat
ARGLOG Carmack t  19.2 pos '243.0 -996.9  24.0' spd 399.9 yaw  43.1 mode 2 st 0 gl 0 hp 100 frg 0
ARGUS Carmack wallslide
ARGLOG Romero t  19.4 pos '460.3 -945.7  24.0' spd 326.1 yaw 191.2 mode 2 st 0 gl 0 hp 16 frg 1
ARGEVT Romero hazard
ARGLOG Carmack t  19.7 pos '234.7 -836.4  24.0' spd 339.6 yaw 334.2 mode 2 st 0 gl 0 hp 100 frg 0
ARGLOG Romero t  20.0 pos '487.5 -1030.0  24.0' spd 280.4 yaw 138.6 mode 2 st 0 gl 0 hp 16 frg 1
ARGEVT Joe Rogan respawn
ARGEVT Joe Rogan goal weapon_rocketlauncher
ARGLOG Joe Rogan t  20.1 pos '112.0 -1136.0 -104.0' spd 0 yaw 62 mode 0 st 0 gl 0 hp 100 frg 0
ARGUS Romero wallslide
ARGLOG Carmack t  20.2 pos '354.4 -724.2  24.0' spd 324.3 yaw 293.8 mode 2 st 0 gl 0 hp 100 frg 0
ARGEVT Joe Rogan route 13 start '113.0 -1079.0 -104.0' goal ' 81.0  73.0 -296.0'
ARGLOG Romero t  20.5 pos '417.5 -1029.3  24.0' spd 320.0 yaw 115.1 mode 2 st 0 gl 0 hp 12 frg 1
ARGEVT Romero death Carmack pos '367.3 -1031.9  24.0'
ARGUS Carmack watch spawn
ARGLOG Joe Rogan t  20.7 pos '202.7 -967.8 -104.0' spd 321.4 yaw 72 mode 2 st 0 gl 0 hp 100 frg 0
ARGEVT Carmack goal weapon_rocketlauncher
ARGLOG Carmack t  20.8 pos '223.7 -799.7  24.0' spd 382.7 yaw 280.8 mode 0 st 0 gl 0 hp 76 frg 1
ARGEVT Carmack route 9 start '241.0 -759.0  24.0' goal '753.0 -887.0 -232.0'
ARGUS Joe Rogan bodyblock
ARGLOG Joe Rogan t  21.3 pos '246.7 -816.7 -104.0' spd 322.9 yaw 70 mode 2 st 0 gl 0 hp 100 frg 0
ARGLOG Carmack t  21.3 pos '262.7 -961.8  24.0' spd 334.0 yaw 328 mode 2 st 0 gl 0 hp 76 frg 1
ARGEVT Joe Rogan hazard
ARGUS Joe Rogan wallslide
ARGLOG Joe Rogan t  21.8 pos '362.1 -717.9 -104.0' spd 334.9 yaw 331.6 mode 2 st 0 gl 0 hp 100 frg 0
ARGLOG Carmack t  21.8 pos '425.3 -1003.9  24.0' spd 444.4 yaw 107 mode 2 st 0 gl 0 hp 76 frg 1
ARGEVT Romero respawn
ARGEVT Carmack engage Romero
ARGEVT Carmack grab item_health
ARGEVT Romero goal item_armorInv
ARGEVT Romero engage Carmack
ARGLOG Romero t  22.2 pos '272.0 -952.0  24.0' spd 0 yaw   1.3 mode 0 st 0 gl 0 hp 100 frg 1
ARGEVT Romero grab weapon_supershotgun
ARGEVT Romero route 10 start '305.0 -983.0  24.0' goal '817.0 -855.0 -232.0'
ARGLOG Joe Rogan t  22.3 pos '369.6 -842.5 -104.0' spd 320.0 yaw 271 mode 2 st 0 gl 0 hp 100 frg 0
ARGLOG Carmack t  22.3 pos '356.0 -880.7  20.0' spd 224.0 yaw 217.3 mode 2 st 0 gl 0 hp 76 frg 1
ARGEVT Joe Rogan route 11 start '401.0 -887.0 -104.0' goal ' 81.0  73.0 -296.0'
ARGLOG Romero t  22.7 pos '332.8 -1043.4  24.0' spd  72.9 yaw  45.0 mode 2 st 0 gl 0 hp 100 frg 1
ARGLOG Joe Rogan t  22.8 pos '367.6 -1006.6 -104.0' spd 366.5 yaw 222.3 mode 0 st 0 gl 0 hp 100 frg 0
ARGLOG Carmack t  22.8 pos '437.4 -1002.0  24.0' spd 143.1 yaw 205.9 mode 2 st 0 gl 0 hp 76 frg 1
ARGEVT Joe Rogan hazard
ARGEVT Joe Rogan route 12 start '273.0 -1015.0 -104.0' goal ' 81.0  73.0 -296.0'
ARGUS Joe Rogan wallslide
ARGLOG Romero t  23.2 pos '260.9 -910.8  24.0' spd 363.7 yaw 347.0 mode 2 st 0 gl 0 hp 100 frg 1
ARGLOG Joe Rogan t  23.3 pos '206.9 -1003.7 -104.0' spd 424.4 yaw  87.3 mode 2 st 0 gl 0 hp 100 frg 0
ARGLOG Carmack t  23.3 pos '412.9 -992.5  24.0' spd 159.1 yaw 150.2 mode 2 st 0 gl 0 hp 72 frg 1
ARGEVT Carmack grab item_health
ARGLOG Romero t  23.7 pos '362.8 -773.8  24.0' spd 346.1 yaw 292.7 mode 2 st 0 gl 0 hp 100 frg 1
ARGLOG Joe Rogan t  23.8 pos '243.6 -822.1 -104.0' spd 320.0 yaw 69 mode 2 st 0 gl 0 hp 100 frg 0
ARGLOG Carmack t  23.8 pos '430.2 -979.2  24.0' spd 297.3 yaw  96.2 mode 2 st 0 gl 0 hp 72 frg 1
ARGEVT Romero hazard
ARGEVT Carmack hazard
ARGEVT Joe Rogan hazard
ARGLOG Romero t  24.2 pos '457.5 -779.5  24.0' spd 291.4 yaw 266.6 mode 2 st 0 gl 0 hp 76 frg 1
ARGEVT Romero grab item_health
ARGLOG Joe Rogan t  24.3 pos '365.5 -709.6 -104.0' spd 295.0 yaw 78 mode 2 st 0 gl 0 hp 100 frg 0
ARGLOG Carmack t  24.3 pos '459.3 -953.0  24.0' spd  80.9 yaw  97.9 mode 2 st 0 gl 0 hp 48 frg 1
ARGEVT Carmack retreat
ARGUS Joe Rogan wallslide
ARGLOG Romero t  24.7 pos '425.4 -927.9  24.0' spd 358.6 yaw 296.2 mode 0 st 0 gl 0 hp 52 frg 1
ARGEVT Romero grab item_health
ARGLOG Joe Rogan t  24.8 pos '368.7 -763.4 -104.0' spd 337.4 yaw 293.0 mode 2 st 0 gl 0 hp 100 frg 0
ARGLOG Carmack t  24.8 pos '407.0 -1019.9  24.0' spd 320.6 yaw  83.7 mode 2 st 0 gl 0 hp 24 frg 1
ARGUS Carmack bodyblock
ARGUS Carmack wallslide
ARGEVT Romero route 10 start '401.0 -1015.0  24.0' goal '817.0 -855.0 -232.0'
ARGEVT Carmack death Romero pos '349.9 -1019.8  24.0'
ARGUS Romero watch spawn
ARGEVT Romero goal item_health
ARGEVT Romero route 3 start '401.0 -1015.0  24.0' goal '369.0 -983.0 -104.0'
ARGLOG Romero t  25.2 pos '405.5 -999.3  24.0' spd 129.4 yaw 175 mode 2 st 0 gl 0 hp 28 frg 2
ARGLOG Joe Rogan t  25.3 pos '441.6 -921.6 -104.0' spd 378.6 yaw 250.3 mode 0 st 0 gl 0 hp 100 frg 0
ARGEVT Joe Rogan route 12 start '369.0 -983.0 -104.0' goal ' 81.0  73.0 -296.0'
ARGUS routecache adopt
ARGEVT Joe Rogan route 12 start '369.0 -983.0 -104.0' goal ' 81.0  73.0 -296.0'
ARGLOG Romero t  25.7 pos '244.1 -1008.4  24.0' spd 358.2 yaw 129.0 mode 2 st 0 gl 0 hp 28 frg 2
ARGUS Romero wallslide
ARGLOG Joe Rogan t  25.8 pos '300.7 -1019.0 -104.0' spd 486.9 yaw 84 mode 2 st 0 gl 0 hp 100 frg 0
ARGLOG Romero t  26.2 pos '283.5 -866.1  24.0' spd 452.3 yaw 327.1 mode 2 st 0 gl 0 hp 28 frg 2
ARGLOG Joe Rogan t  26.3 pos '380.6 -868.2 -104.0' spd 474.0 yaw 286.8 mode 2 st 0 gl 0 hp 100 frg 0
ARGEVT Carmack respawn
ARGEVT Carmack goal weapon_rocketlauncher
ARGLOG Carmack t  26.6 pos '-64.0 -232.0 -72.0' spd 0 yaw 355.5 mode 0 st 0 gl 0 hp 100 frg 1
ARGEVT Carmack route 10 start '-47.0 -247.0 -72.0' goal '753.0 -887.0 -232.0'
ARGLOG Romero t  26.7 pos '397.6 -1001.7  24.0' spd 320.7 yaw 285.6 mode 1 st 0 gl 0 hp 28 frg 2
ARGEVT Joe Rogan hazard
ARGEVT Carmack hazard
ARGEVT Romero hazard
ARGLOG Joe Rogan t  26.8 pos '409.0 -1031.3 -104.0' spd 362.5 yaw 132.5 mode 0 st 0 gl 0 hp 100 frg 0
ARGEVT Joe Rogan route 12 start '369.0 -983.0 -104.0' goal ' 81.0  73.0 -296.0'
ARGLOG Carmack t  27.1 pos ' 45.5 -269.5 -72.0' spd  35.3 yaw 241 mode 2 st 0 gl 0 hp 100 frg 1
ARGUS Carmack wallslide
ARGLOG Romero t  27.2 pos '460.5 -1008.3  24.0' spd 397.3 yaw 278.4 mode 1 st 0 gl 0 hp 28 frg 2
ARGLOG Joe Rogan t  27.3 pos '343.9 -904.4 -104.0' spd 356.3 yaw  63.8 mode 2 st 0 gl 0 hp 100 frg 0
ARGLOG Carmack t  27.6 pos '-121.4 -297.1 -72.0' spd 407.8 yaw 8 mode 2 st 0 gl 0 hp 100 frg 1
ARGLOG Romero t  27.7 pos '390.7 -1027.1  24.0' spd 388.2 yaw 134.4 mode 1 st 0 gl 0 hp 28 frg 2
ARGEVT Joe Rogan hazard
ARGLOG Joe Rogan t  27.8 pos '454.4 -770.6 -104.0' spd  43.4 yaw 261.0 mode 2 st 0 gl 0 hp 100 frg 0
ARGLOG Carmack t  28.1 pos '-117.0 -462.0 -72.0' spd 323.2 yaw 19 mode 2 st 0 gl 0 hp 100 frg 1
ARGLOG Romero t  28.2 pos '366.2 -855.2  20.0' spd 486.6 yaw 331.6 mode 1 st 0 gl 0 hp 28 frg 2
ARGLOG Joe Rogan t  28.4 pos '393.6 -905.4 -104.0' spd 392.9 yaw 99 mode 2 st 0 gl 0 hp 100 frg 0
ARGEVT Romero hazard
ARGEVT Carmack route 7 start '-143.0 -599.0 -72.0' goal '753.0 -887.0 -232.0'
ARGLOG Carmack t  28.6 pos '754.2 -176.0  53.2' spd 300 yaw 272 mode 0 st 0 gl 0 hp 100 frg 1
ARGUS routecache adopt
ARGEVT Carmack route 5 start '785.0 -183.0  24.0' goal '753.0 -887.0 -232.0'
ARGLOG Romero t  28.7 pos '624.0  18.3 -296.0' spd 300 yaw 259 mode 1 st 0 gl 0 hp 28 frg 2
ARGLOG Joe Rogan t  28.9 pos '237.5 -818.5 -104.0' spd 406.6 yaw 68 mode 2 st 0 gl 0 hp 100 frg 0
ARGEVT Joe Rogan hazard
ARGUS Joe Rogan wallslide
ARGLOG Carmack t  29.1 pos '806.7 -176.0  24.0' spd 300 yaw 289 mode 2 st 0 gl 0 hp 100 frg 1
ARGLOG Romero t  29.2 pos '622.7 -14.3 -296.0' spd 322.2 yaw 259 mode 1 st 0 gl 0 hp 28 frg 2
ARGLOG Joe Rogan t  29.4 pos '337.3 -721.9 -104.0' spd 366.0 yaw 74 mode 2 st 0 gl 0 hp 100 frg 0
ARGLOG Carmack t  29.6 pos '874.4 -298.4  24.0' spd 359.9 yaw 284 mode 2 st 0 gl 0 hp 100 frg 1
ARGLOG Romero t  29.7 pos '599.6 -173.5 -296.0' spd 320.0 yaw 258 mode 1 st 0 gl 0 hp 28 frg 2
ARGUS Carmack arcpass
ARGEVT Carmack jump
ARGUS Carmack aircontrol
ARGLOG Joe Rogan t  29.9 pos '362.5 -551.9 -104.0' spd 334.4 yaw 55 mode 2 st 0 gl 0 hp 100 frg 0
ARGEVT Romero hazard
ARGLOG Carmack t  30.1 pos '877.6 -464.9  67.6' spd 331.2 yaw 228 mode 2 st 0 gl 0 hp 100 frg 1
ARGLOG Romero t  30.2 pos '566.0 -265.9 -296.0' spd 334.5 yaw 193.4 mode 1 st 0 gl 0 hp 28 frg 2
ARGLOG Joe Rogan t  30.4 pos '423.8 -397.7 -104.0' spd 329.3 yaw 340 mode 2 st 0 gl 0 hp 100 frg 0
ARGUS Carmack ar_wall
ARGUS Carmack ar_wall
ARGUS Carmack ar_wall
ARGUS Carmack arcrefuse
ARGLOG Carmack t  30.6 pos '924.5 -617.5  24.0' spd 424.9 yaw 199 mode 2 st 0 gl 0 hp 100 frg 1
ARGLOG Romero t  30.7 pos '407.1 -237.2 -296.0' spd 423.9 yaw  70.2 mode 1 st 0 gl 0 hp 28 frg 2
ARGUS Carmack ar_wall
ARGUS Carmack ar_wall
ARGUS Carmack ar_steep
ARGUS Carmack arcrefuse
ARGUS Carmack ar_wall
ARGUS Carmack ar_wall
ARGUS Carmack ar_wall
ARGUS Carmack arcrefuse
ARGUS Carmack ar_wall
ARGUS Carmack ar_wall
ARGUS Carmack ar_wall
ARGUS Carmack arcrefuse
ARGUS Carmack ar_wall
ARGUS Carmack ar_wall
ARGUS Carmack ar_wall
ARGUS Carmack arcrefuse
ARGLOG Joe Rogan t  30.9 pos '592.3 -362.4 -104.0' spd 400.7 yaw 155 mode 2 st 0 gl 0 hp 100 frg 0
ARGUS Carmack ar_wall
ARGUS Carmack ar_wall
ARGUS Carmack ar_wall
ARGUS Carmack arcrefuse
ARGUS Carmack ar_wall
ARGUS Carmack ar_wall
ARGUS Carmack ar_wall
ARGUS Carmack arcrefuse
ARGUS Carmack ar_wall
ARGUS Carmack ar_wall
ARGUS Carmack ar_wall
ARGUS Carmack arcrefuse
ARGUS Carmack ar_wall
ARGUS Carmack ar_wall
ARGUS Carmack ar_steep
ARGUS Carmack arcrefuse
ARGUS Carmack ar_wall
ARGUS Carmack ar_steep
ARGUS Carmack ar_steep
ARGUS Carmack arcrefuse
ARGUS Carmack ar_wall
ARGUS Carmack ar_steep
ARGUS Carmack ar_steep
ARGUS Carmack arcrefuse
ARGEVT Romero hazard
ARGLOG Carmack t  31.1 pos '1034.2 -450.9  12.7' spd 477.7 yaw 221 mode 2 st 0 gl 0 hp 100 frg 1
ARGEVT Joe Rogan route 6 start '625.0 -471.0 -136.0' goal ' 81.0  73.0 -296.0'
ARGEVT Romero engage Joe Rogan
ARGEVT Romero retreat
ARGEVT Joe Rogan engage Romero
ARGEVT Joe Rogan grab 
ARGLOG Romero t  31.3 pos '393.2 -67.1 -296.0' spd 303.3 yaw 303.0 mode 1 st 0 gl 0 hp 28 frg 2
ARGEVT Joe Rogan route 7 start '465.0 -247.0 -296.0' goal ' 81.0  73.0 -296.0'
ARGLOG Joe Rogan t  31.4 pos '441.1 -240.0 -289.1' spd 300 yaw  91.6 mode 2 st 0 gl 0 hp 100 frg 0
ARGUS routecache adopt
ARGEVT Joe Rogan route 7 start '465.0 -247.0 -296.0' goal ' 81.0  73.0 -296.0'
ARGLOG Carmack t  31.6 pos '927.0 -441.8 -104.0' spd 334.3 yaw 238 mode 2 st 0 gl 0 hp 100 frg 1
ARGUS Romero wallslide
ARGLOG Romero t  31.8 pos '395.1  92.6 -288.0' spd 320.0 yaw 292.3 mode 1 st 0 gl 0 hp 28 frg 2
ARGLOG Joe Rogan t  31.9 pos '457.9 -240.6 -296.0' spd 260.5 yaw 104.3 mode 2 st 0 gl 0 hp 100 frg 0
ARGUS Carmack ar_steep
ARGUS Carmack ar_steep
ARGUS Carmack ar_steep
ARGUS Carmack arcrefuse
ARGUS Carmack ar_steep
ARGUS Carmack ar_steep
ARGUS Carmack ar_steep
ARGUS Carmack arcrefuse
ARGUS Carmack ar_steep
ARGUS Carmack ar_steep
ARGUS Carmack ar_steep
ARGUS Carmack arcrefuse
ARGUS Carmack ar_steep
ARGUS Carmack ar_steep
ARGUS Carmack ar_steep
ARGUS Carmack arcrefuse
ARGUS Carmack ar_steep
ARGUS Carmack ar_steep
ARGUS Carmack ar_steep
ARGUS Carmack arcrefuse
ARGUS Carmack ar_wall
ARGUS Carmack ar_steep
ARGUS Carmack ar_steep
ARGUS Carmack arcrefuse
ARGUS Carmack ar_wall
ARGUS Carmack ar_steep
ARGUS Carmack ar_steep
ARGUS Carmack arcrefuse
ARGEVT Joe Rogan hazard
ARGUS Carmack ar_wall
ARGUS Carmack ar_wall
ARGUS Carmack ar_steep
ARGUS Carmack arcrefuse
ARGUS Carmack ar_wall
ARGUS Carmack ar_wall
ARGUS Carmack ar_steep
ARGUS Carmack arcrefuse
ARGUS Carmack ar_wall
ARGUS Carmack ar_wall
ARGUS Carmack ar_steep
ARGUS Carmack arcrefuse
ARGUS Carmack ar_wall
ARGUS Carmack ar_wall
ARGUS Carmack ar_wall
ARGUS Carmack arcrefuse
ARGUS Carmack ar_wall
ARGUS Carmack ar_wall
ARGUS Carmack ar_wall
ARGUS Carmack arcrefuse
ARGUS Carmack ar_wall
ARGUS Carmack ar_wall
ARGUS Carmack ar_wall
ARGUS Carmack arcrefuse
ARGEVT Romero hazard
ARGUS Carmack ar_wall
ARGUS Carmack ar_wall
ARGUS Carmack ar_wall
ARGUS Carmack arcrefuse
ARGEVT Carmack hazard
ARGLOG Carmack t  32.1 pos '776.2 -526.3 -104.0' spd 391.0 yaw 138 mode 2 st 0 gl 0 hp 100 frg 1
ARGEVT Joe Rogan grab 
ARGLOG Romero t  32.3 pos '377.6 109.0 -288.0' spd  69.5 yaw 301.4 mode 1 st 0 gl 0 hp 20 frg 2
ARGUS Carmack wallslide
ARGLOG Joe Rogan t  32.4 pos '554.1 -247.3 -296.0' spd 321.4 yaw 116.0 mode 2 st 0 gl 0 hp 100 frg 0
ARGEVT Romero pursue
ARGEVT Joe Rogan pursue
ARGUS Joe Rogan hunch item_artifact_super_damage
ARGEVT Joe Rogan goal backpack
ARGEVT Joe Rogan jump
ARGEVT Joe Rogan route 9 start '593.0 -215.0 -296.0' goal '561.0 -183.0 -104.0'
ARGLOG Carmack t  32.6 pos '752.0 -676.8 -184.0' spd 320.1 yaw 271 mode 2 st 0 gl 0 hp 100 frg 1
ARGEVT Joe Rogan pursue
ARGUS Romero wallslide
ARGLOG Romero t  32.8 pos '399.4  27.8 -288.0' spd 305.0 yaw 285 mode 1 st 0 gl 0 hp 20 frg 2
ARGLOG Joe Rogan t  32.9 pos '649.6 -183.6 -252.5' spd 208.0 yaw  29.0 mode 2 st 0 gl 0 hp 100 frg 0
ARGUS Romero hunch 
ARGEVT Romero goal item_health
ARGEVT Romero route 4 start '369.0   9.0 -296.0' goal '529.0  73.0 -296.0'
ARGEVT Carmack hazard
ARGLOG Carmack t  33.1 pos '733.1 -848.0 -232.0' spd 400.4 yaw 179.0 mode 1 st 0 gl 0 hp 100 frg 1
ARGEVT Romero pursue
ARGEVT Carmack goal item_armorInv
ARGLOG Romero t  33.3 pos '381.8 -30.6 -296.0' spd 338.8 yaw 149.0 mode 2 st 0 gl 0 hp 20 frg 2
ARGEVT Romero pursue
ARGEVT Romero hazard
ARGLOG Joe Rogan t  33.4 pos '645.3 -96.9 -296.0' spd 345.0 yaw 134.4 mode 2 st 0 gl 0 hp 100 frg 0
ARGUS Carmack wallslide
ARGLOG Carmack t  33.7 pos '730.1 -811.2 -232.0' spd 334.6 yaw 105.1 mode 1 st 0 gl 1 hp 100 frg 1
ARGEVT Joe Rogan pursue
ARGUS Joe Rogan wallslide
ARGLOG Romero t  33.8 pos '336.0  34.2 -288.0' spd 306.2 yaw 270.4 mode 2 st 0 gl 0 hp 20 frg 2
ARGLOG Joe Rogan t  33.9 pos '573.2  60.7 -296.0' spd 412.4 yaw 166.7 mode 2 st 0 gl 0 hp 100 frg 0
ARGEVT Romero pursue
ARGEVT Joe Rogan hazard
ARGLOG Carmack t  34.2 pos '790.7 -700.0 -200.0' spd 365.1 yaw  71.2 mode 1 st 0 gl 1 hp 100 frg 1
ARGEVT Carmack hazard
ARGLOG Romero t  34.3 pos '367.0 -125.5 -296.0' spd 328.5 yaw 309 mode 2 st 0 gl 0 hp 20 frg 2
ARGEVT Romero pursue
ARGEVT Romero hazard
ARGLOG Joe Rogan t  34.4 pos '517.9  92.1 -296.0' spd 347.1 yaw  62.8 mode 2 st 0 gl 0 hp 100 frg 0
ARGEVT Romero pursue
ARGLOG Carmack t  34.7 pos '753.5 -541.1 -120.0' spd 370.8 yaw 173.3 mode 1 st 0 gl 1 hp 100 frg 1
ARGUS Carmack wallslide
ARGLOG Romero t  34.8 pos '415.0 -251.6 -296.0' spd 337.3 yaw   4.5 mode 2 st 0 gl 0 hp 20 frg 2
ARGLOG Joe Rogan t  34.9 pos '544.0 114.6 -296.0' spd  12.2 yaw 354 mode 2 st 0 gl 0 hp 100 frg 0
ARGLOG Carmack t  35.2 pos '758.5 -576.0 -136.0' spd 321.6 yaw 284 mode 1 st 0 gl 1 hp 100 frg 1
ARGLOG Romero t  35.3 pos '585.1 -216.0 -296.0' spd 344.4 yaw 100 mode 2 st 0 gl 0 hp 20 frg 2
ARGLOG Joe Rogan t  35.4 pos '544.0 112.1 -296.0' spd   3.9 yaw 266 mode 2 st 0 gl 0 hp 100 frg 0
ARGEVT Joe Rogan engage Romero
ARGEVT Joe Rogan grab item_armor1
ARGEVT Romero engage Joe Rogan
ARGEVT Romero grab 
ARGEVT Romero retreat
ARGLOG Carmack t  35.7 pos '793.6 -733.3 -216.0' spd 320.0 yaw 285 mode 1 st 0 gl 1 hp 100 frg 1
ARGEVT Joe Rogan route 7 start '625.0 105.0 -296.0' goal '561.0 -183.0 -104.0'
ARGLOG Romero t  35.8 pos '616.7 -211.7 -296.0' spd 320.2 yaw  74.0 mode 2 st 0 gl 0 hp 20 frg 2
ARGUS routecache adopt
ARGEVT Joe Rogan route 7 start '625.0 105.0 -296.0' goal '561.0 -183.0 -104.0'
ARGLOG Joe Rogan t  35.9 pos '677.3  82.9 -296.0' spd 321.9 yaw 261.5 mode 0 st 0 gl 0 hp 100 frg 0
ARGEVT Romero hazard
ARGEVT Joe Rogan route 8 start '689.0  73.0 -296.0' goal '561.0 -183.0 -104.0'
ARGUS Carmack wallslide
ARGEVT Romero route 2 start '593.0 -215.0 -296.0' goal '529.0  73.0 -296.0'
ARGLOG Carmack t  36.2 pos '847.3 -890.6 -232.0' spd 320.7 yaw 269.6 mode 1 st 0 gl 1 hp 100 frg 1
ARGEVT Carmack hazard
ARGLOG Romero t  36.3 pos '617.8 -264.8 -296.0' spd 140.0 yaw  88.5 mode 2 st 0 gl 0 hp 16 frg 2
ARGLOG Joe Rogan t  36.5 pos '636.9  64.1 -296.0' spd 320.8 yaw 265.4 mode 0 st 0 gl 0 hp 100 frg 0
ARGEVT Joe Rogan route 7 start '625.0 105.0 -296.0' goal '561.0 -183.0 -104.0'
ARGEVT Romero death Joe Rogan pos '603.2 -255.5 -296.0'
ARGUS Joe Rogan watch spawn
ARGEVT Joe Rogan goal backpack
ARGLOG Carmack t  36.7 pos '368.0  -0.4 -276.2' spd 300 yaw 246.3 mode 1 st 0 gl 1 hp 100 frg 1
ARGEVT Joe Rogan route 8 start '529.0  73.0 -296.0' goal '561.0 -183.0 -104.0'
ARGEVT Joe Rogan hazard
ARGUS Joe Rogan wallslide
ARGLOG Joe Rogan t  37.0 pos '516.0  60.0 -296.0' spd 164.5 yaw 287 mode 2 st 0 gl 0 hp 100 frg 1
ARGLOG Carmack t  37.2 pos '368.0 -34.3 -296.0' spd 300 yaw 22 mode 1 st 0 gl 1 hp 100 frg 1
ARGEVT Carmack hazard
ARGLOG Joe Rogan t  37.5 pos '637.5 -30.7 -296.0' spd 328.8 yaw 265 mode 2 st 0 gl 0 hp 100 frg 1
ARGLOG Carmack t  37.7 pos '412.2 -181.4 -296.0' spd 335.5 yaw 298.7 mode 1 st 0 gl 1 hp 100 frg 1
ARGEVT Carmack engage Joe Rogan
ARGEVT Joe Rogan engage Carmack
ARGEVT Joe Rogan grab 
ARGEVT Carmack grab weapon_lightning
ARGLOG Joe Rogan t  38.0 pos '631.2 -196.6 -296.0' spd 357.1 yaw 225.7 mode 2 st 0 gl 0 hp 100 frg 1
ARGEVT Carmack weapon sg
ARGEVT Romero respawn
ARGEVT Joe Rogan jump
ARGEVT Romero goal weapon_lightning
ARGLOG Romero t  38.1 pos '-64.0 -232.0 -72.0' spd 0 yaw 355.2 mode 0 st 0 gl 0 hp 100 frg 2
ARGEVT Romero route 7 start '-47.0 -247.0 -72.0' goal '529.0 -311.0 -104.0'
ARGEVT Joe Rogan route 9 start '593.0 -215.0 -296.0' goal '561.0 -183.0 -104.0'
ARGLOG Carmack t  38.2 pos '472.7 -263.2 -296.0' spd 119.2 yaw  15.2 mode 1 st 0 gl 1 hp 100 frg 1
ARGEVT Carmack hazard
ARGEVT Carmack grab 
ARGLOG Joe Rogan t  38.5 pos '587.4 -208.0 -244.3' spd 244.3 yaw 190.1 mode 2 st 0 gl 0 hp 84 frg 1
ARGUS Romero wallslide
ARGLOG Romero t  38.6 pos ' 78.6 -271.4 -72.0' spd 321.1 yaw 7 mode 2 st 0 gl 0 hp 100 frg 2
ARGEVT Romero engage Carmack
ARGLOG Carmack t  38.7 pos '546.4 -237.2 -296.0' spd 320.5 yaw   5.8 mode 1 st 0 gl 1 hp 98 frg 1
ARGUS routecache adopt
ARGEVT Joe Rogan route 9 start '593.0 -215.0 -296.0' goal '561.0 -183.0 -104.0'
ARGUS Joe Rogan bodyblock
ARGUS Carmack bodyblock
ARGLOG Joe Rogan t 39 pos '622.5 -235.0 -296.0' spd 312.1 yaw 151.1 mode 2 st 0 gl 0 hp 68 frg 1
ARGLOG Romero t  39.1 pos '194.3 -252.6 -72.0' spd 157.8 yaw   1.7 mode 2 st 0 gl 0 hp 100 frg 2
ARGEVT Romero hazard
ARGUS Joe Rogan wallslide
ARGLOG Carmack t  39.2 pos '624.7 -201.8 -296.0' spd 258.7 yaw  24.9 mode 1 st 0 gl 1 hp 98 frg 1
ARGEVT Romero route 6 start '145.0 -247.0 -72.0' goal '529.0 -311.0 -104.0'
ARGEVT Carmack hazard
ARGEVT Joe Rogan grab item_health
ARGEVT Romero pursue
ARGEVT Carmack weapon rl
ARGLOG Joe Rogan t  39.5 pos '617.5 -75.2 -296.0' spd 322.0 yaw 277.1 mode 2 st 0 gl 0 hp 68 frg 1
ARGUS Carmack leadclip
ARGLOG Romero t  39.6 pos '220.5 -238.3 -117.4' spd  45.5 yaw   1.3 mode 2 st 0 gl 0 hp 100 frg 2
ARGLOG Carmack t  39.7 pos '560.8 -221.7 -296.0' spd 122.0 yaw  78.3 mode 1 st 0 gl 1 hp 90 frg 1
ARGEVT Carmack grab weapon_lightning
ARGLOG Joe Rogan t  40.0 pos '598.9  78.1 -296.0' spd 197.5 yaw 276.0 mode 0 st 0 gl 0 hp 93 frg 1
ARGLOG Romero t  40.2 pos '248.4 -236.7 -296.0' spd 105.9 yaw 359.4 mode 2 st 0 gl 0 hp 100 frg 2
ARGEVT Joe Rogan route 8 start '529.0  73.0 -296.0' goal '561.0 -183.0 -104.0'
ARGEVT Joe Rogan hazard
ARGEVT Romero hazard
ARGLOG Carmack t  40.3 pos '558.6 -253.7 -296.0' spd 290.2 yaw  99.5 mode 1 st 0 gl 1 hp 83 frg 1
ARGLOG Joe Rogan t  40.5 pos '532.0  85.7 -296.0' spd 241.3 yaw 272.2 mode 2 st 0 gl 0 hp 93 frg 1
ARGEVT Joe Rogan pursue
ARGEVT Carmack pursue
ARGUS Carmack hunch item_artifact_super_damage
ARGLOG Romero t  40.7 pos '281.2 -226.6 -296.0' spd  45.7 yaw 359.2 mode 2 st 0 gl 0 hp 100 frg 2
ARGEVT Carmack pursue
ARGLOG Carmack t  40.8 pos '542.5 -247.8 -296.0' spd 244.3 yaw 288.4 mode 1 st 0 gl 1 hp 79 frg 1
ARGEVT Carmack hazard
ARGEVT Carmack goal backpack
ARGEVT Carmack jump
ARGEVT Carmack route 5 start '593.0 -215.0 -296.0' goal '561.0 -183.0 -104.0'
ARGLOG Joe Rogan t  41.0 pos '633.5 -45.0 -296.0' spd 231.8 yaw 263.5 mode 2 st 0 gl 0 hp 93 frg 1
ARGLOG Romero t  41.2 pos '358.7 -244.9 -296.0' spd 162.0 yaw 355.2 mode 2 st 0 gl 0 hp 100 frg 2
ARGEVT Carmack weapon sg
ARGLOG Carmack t  41.3 pos '590.2 -255.8 -255.6' spd  73.2 yaw  85.9 mode 2 st 0 gl 1 hp 75 frg 1
ARGEVT Romero hazard
ARGEVT Carmack grab 
ARGLOG Joe Rogan t  41.5 pos '639.6 -141.9 -208.6' spd 213.1 yaw 240.0 mode 2 st 0 gl 0 hp 23 frg 1
ARGLOG Romero t  41.7 pos '415.2 -223.7 -296.0' spd  54.5 yaw 355.8 mode 2 st 0 gl 0 hp 100 frg 2
ARGLOG Carmack t  41.8 pos '595.8 -220.4 -296.0' spd  66.1 yaw  60.5 mode 2 st 0 gl 1 hp 62 frg 1
ARGEVT Joe Rogan retreat
ARGLOG Joe Rogan t  42.0 pos '641.3 -126.7 -296.0' spd 324.0 yaw 249.9 mode 2 st 0 gl 0 hp 7 frg 1
ARGLOG Romero t  42.2 pos '369.5 -244.3 -296.0' spd 232.9 yaw   5.4 mode 2 st 0 gl 0 hp 100 frg 2
ARGEVT Carmack weapon rl
ARGUS Carmack leadclip
ARGLOG Carmack t  42.3 pos '594.3 -226.2 -296.0' spd 442.9 yaw  81.1 mode 2 st 0 gl 1 hp 20 frg 1
ARGEVT Carmack death Romero pos '592.3 -248.3 -296.0'
ARGUS Romero watch spawn
ARGEVT Romero goal backpack
ARGEVT Romero route 2 start '369.0 -247.0 -296.0' goal '593.0 -215.0 -296.0'
ARGEVT Romero hazard
ARGLOG Joe Rogan t  42.6 pos '617.3 -18.8 -296.0' spd 235.2 yaw 223.2 mode 2 st 0 gl 0 hp 7 frg 1
ARGEVT Joe Rogan hazard
ARGLOG Romero t  42.7 pos '407.2 -184.6 -296.0' spd 363.0 yaw   1.5 mode 1 st 0 gl 0 hp 100 frg 3
ARGUS Joe Rogan wallslide
ARGLOG Joe Rogan t  43.1 pos '592.5 -78.9 -296.0' spd 322.8 yaw 261 mode 2 st 0 gl 0 hp 7 frg 1
ARGLOG Romero t  43.2 pos '410.5 -149.1 -296.0' spd 320.0 yaw 277 mode 1 st 0 gl 0 hp 100 frg 3
ARGEVT Romero hazard
ARGLOG Joe Rogan t  43.6 pos '609.9  86.4 -296.0' spd 376.1 yaw 134.6 mode 0 st 0 gl 0 hp 7 frg 1
ARGEVT Joe Rogan hazard
ARGEVT Joe Rogan route 7 start '625.0 105.0 -296.0' goal '561.0 -183.0 -104.0'
ARGLOG Romero t  43.7 pos '461.7 -256.3 -296.0' spd 320.9 yaw  25.5 mode 1 st 0 gl 0 hp 100 frg 3
ARGEVT Romero goal item_armorInv
ARGEVT Joe Rogan route 6 start '401.0 -887.0  24.0' goal '561.0 -183.0 -104.0'
ARGEVT Carmack respawn
ARGEVT Carmack goal weapon_lightning
ARGLOG Carmack t  44.0 pos '-64.0 -232.0 -72.0' spd 0 yaw 359 mode 0 st 0 gl 1 hp 100 frg 1
ARGEVT Carmack route 7 start '-47.0 -247.0 -72.0' goal '529.0 -311.0 -104.0'
ARGUS Romero wallslide
ARGLOG Joe Rogan t  44.1 pos '391.5 -864.0  24.0' spd 300 yaw 90 mode 2 st 0 gl 0 hp 7 frg 1
ARGEVT Romero route 9 start '593.0 -215.0 -296.0' goal '817.0 -855.0 -232.0'
ARGLOG Romero t  44.2 pos '623.2 -200.4 -296.0' spd 420.1 yaw  67.3 mode 2 st 0 gl 1 hp 100 frg 3
ARGLOG Carmack t  44.5 pos ' 84.2 -234.3 -72.0' spd 320.0 yaw 358 mode 2 st 0 gl 1 hp 100 frg 1
ARGLOG Joe Rogan t  44.6 pos '355.0 -819.9  24.0' spd 352.5 yaw 87 mode 2 st 0 gl 0 hp 7 frg 1
ARGEVT Romero hazard
ARGLOG Romero t  44.7 pos '612.8 -26.9 -296.0' spd 365.1 yaw 223 mode 2 st 0 gl 1 hp 100 frg 3
ARGLOG Carmack t  45.0 pos '249.9 -238.8 -78.2' spd 320.0 yaw 357 mode 0 st 0 gl 1 hp 100 frg 1
ARGEVT Carmack route 6 start '145.0 -247.0 -72.0' goal '529.0 -311.0 -104.0'
ARGLOG Joe Rogan t  45.1 pos '338.1 -656.6  24.0' spd 321.0 yaw 83 mode 2 st 0 gl 0 hp 7 frg 1
ARGUS Romero wallslide
ARGLOG Romero t  45.2 pos '592.0 -110.9 -296.0' spd 403.5 yaw 212 mode 2 st 0 gl 1 hp 100 frg 3
ARGEVT Romero engage Carmack
ARGUS Romero leadclip
ARGEVT Romero grab weapon_lightning
ARGEVT Carmack engage Romero
ARGLOG Carmack t  45.5 pos '411.9 -242.5 -231.9' spd 319.7 yaw   1.2 mode 1 st 0 gl 1 hp 100 frg 1
ARGEVT Romero weapon sg
ARGLOG Joe Rogan t  45.6 pos '357.3 -494.4  24.0' spd 335.1 yaw 24 mode 2 st 0 gl 0 hp 7 frg 1
ARGEVT Joe Rogan engage Carmack
ARGEVT Joe Rogan grab item_health
ARGEVT Joe Rogan retreat
ARGEVT Carmack jump
ARGEVT Romero hazard
ARGLOG Romero t  45.7 pos '613.6 -266.6 -296.0' spd  66.4 yaw 173.5 mode 2 st 0 gl 1 hp 100 frg 3
ARGEVT Carmack grab weapon_lightning
ARGLOG Carmack t  46.0 pos '498.2 -231.8 -252.9' spd 147.7 yaw 346.6 mode 1 st 0 gl 1 hp 76 frg 1
ARGEVT Joe Rogan pursue
ARGLOG Joe Rogan t  46.1 pos '346.6 -545.8  24.0' spd 138.9 yaw 68 mode 2 st 0 gl 0 hp 7 frg 1
ARGLOG Romero t  46.2 pos '605.1 -268.3 -296.0' spd 138.8 yaw 165.1 mode 2 st 0 gl 1 hp 76 frg 3
ARGLOG Carmack t  46.5 pos '471.1 -257.6 -296.0' spd 207.1 yaw   3.9 mode 1 st 0 gl 1 hp 52 frg 1
ARGEVT Carmack hazard
ARGEVT Carmack jump
ARGLOG Joe Rogan t  46.6 pos '399.7 -419.8  23.5' spd 320.0 yaw 69 mode 2 st 0 gl 0 hp 7 frg 1
ARGUS Joe Rogan hunch 
ARGLOG Romero t  46.7 pos '582.6 -258.1 -296.0' spd 112.7 yaw 167.5 mode 2 st 0 gl 1 hp 76 frg 3
ARGEVT Joe Rogan goal backpack
ARGEVT Joe Rogan pursue
ARGEVT Romero hazard
ARGEVT Romero grab 
ARGEVT Carmack retreat
ARGLOG Carmack t  47.0 pos '536.9 -240.6 -262.8' spd  12.2 yaw 342.1 mode 1 st 0 gl 1 hp 28 frg 1
ARGLOG Joe Rogan t  47.1 pos '472.3 -363.9 -93.6' spd 159.3 yaw 356.6 mode 1 st 0 gl 0 hp 7 frg 1
ARGLOG Romero t  47.3 pos '593.6 -219.5 -296.0' spd 187.5 yaw 197.8 mode 2 st 0 gl 1 hp 76 frg 3
ARGEVT Carmack jump
ARGEVT Carmack goal weapon_rocketlauncher
ARGEVT Carmack route 7 start '465.0 -247.0 -296.0' goal ' 81.0  73.0 -296.0'
ARGLOG Carmack t  47.5 pos '479.0 -238.2 -260.5' spd 387.2 yaw   3.1 mode 2 st 0 gl 1 hp 4 frg 1
ARGLOG Joe Rogan t  47.6 pos '612.7 -286.1 -104.0' spd 392.4 yaw 102.2 mode 1 st 0 gl 0 hp 7 frg 1
ARGUS routecache adopt
ARGEVT Carmack route 7 start '465.0 -247.0 -296.0' goal ' 81.0  73.0 -296.0'
ARGUS Joe Rogan bodyblock
ARGEVT Romero weapon rl
ARGLOG Romero t  47.8 pos '601.1 -208.9 -296.0' spd 323.5 yaw 192.9 mode 2 st 0 gl 1 hp 52 frg 3
ARGEVT Joe Rogan goal item_health
ARGEVT Joe Rogan route 3 start '561.0 -311.0 -104.0' goal '465.0 -471.0  24.0'
ARGUS Romero leadclip
ARGLOG Carmack t  48.0 pos '297.2 -307.2 -278.6' spd 380.9 yaw  26.1 mode 0 st 0 gl 1 hp 4 frg 1
ARGEVT Carmack route 5 start '337.0 -247.0 -296.0' goal ' 81.0  73.0 -296.0'
ARGLOG Joe Rogan t  48.1 pos '499.2 -218.6 -104.0' spd 388.8 yaw 216.3 mode 2 st 0 gl 1 hp 7 frg 1
ARGEVT Joe Rogan hazard
ARGLOG Romero t  48.3 pos '618.3 -246.9 -296.0' spd 140.3 yaw 191.6 mode 2 st 0 gl 1 hp 52 frg 3
ARGEVT Carmack death world pos '198.5 -304.0 -366.4'
ARGEVT Romero hazard
ARGLOG Joe Rogan t  48.6 pos '499.9 -368.1 -104.0' spd 338.2 yaw 254.4 mode 2 st 0 gl 1 hp 7 frg 1
ARGEVT Joe Rogan jump
ARGLOG Romero t  48.8 pos '476.3 -216.3 -296.0' spd 321.9 yaw 200 mode 2 st 0 gl 1 hp 52 frg 3
ARGEVT Romero route 13 start '369.0 -247.0 -296.0' goal '817.0 -855.0 -232.0'
ARGLOG Joe Rogan t  49.1 pos '497.2 -431.8 -70.9' spd  32.7 yaw 155 mode 2 st 0 gl 1 hp 7 frg 1
ARGLOG Romero t  49.3 pos '323.1 -260.7 -296.0' spd 336.1 yaw 205 mode 2 st 0 gl 1 hp 52 frg 3
ARGEVT Romero hazard
ARGEVT Joe Rogan jump
ARGEVT Joe Rogan engage Romero
ARGEVT Joe Rogan retreat
ARGEVT Romero engage Joe Rogan
ARGLOG Joe Rogan t  49.6 pos '435.7 -384.4 -68.5' spd 215.7 yaw 142.1 mode 1 st 0 gl 1 hp 7 frg 1
ARGEVT Carmack respawn
ARGLOG Romero t  49.8 pos '164.8 -234.9 -296.0' spd 331.4 yaw 348.5 mode 2 st 0 gl 1 hp 52 frg 3
ARGEVT Carmack goal weapon_rocketlauncher
ARGLOG Carmack t  49.8 pos '776.0 -808.0 -232.0' spd 0 yaw  94.5 mode 0 st 0 gl 1 hp 100 frg 0
ARGEVT Carmack route 10 start '753.0 -759.0 -232.0' goal ' 81.0  73.0 -296.0'
ARGUS Romero leadclip
ARGEVT Romero route 15 start '145.0 -247.0 -296.0' goal '817.0 -855.0 -232.0'
ARGEVT Carmack hazard
ARGEVT Romero death Joe Rogan pos ' 84.8 -224.3 -296.0'
ARGUS Joe Rogan watch spawn
ARGLOG Joe Rogan t  50.1 pos '425.6 -310.4 -112.7' spd  66.1 yaw 355.9 mode 1 st 0 gl 1 hp 7 frg 2
ARGEVT Joe Rogan goal item_health
ARGEVT Joe Rogan route 3 start '465.0 -279.0 -104.0' goal '465.0 -471.0  24.0'
ARGLOG Carmack t  50.3 pos '721.7 -778.7 -232.0' spd 188.8 yaw 112 mode 2 st 0 gl 1 hp 100 frg 0
ARGUS Carmack wallslide
ARGLOG Joe Rogan t  50.6 pos '431.8 -313.8 -360.1' spd  42.3 yaw 317 mode 2 st 0 gl 1 hp 7 frg 2
ARGEVT Joe Rogan death world pos '431.8 -314.4 -370.6'
ARGLOG Carmack t  50.8 pos '368.0  51.5 -261.2' spd 300 yaw 321.9 mode 0 st 0 gl 1 hp 100 frg 0
ARGEVT Carmack route 8 start '369.0  73.0 -288.0' goal ' 81.0  73.0 -296.0'
ARGLOG Carmack t  51.3 pos '368.0 -34.3 -296.0' spd 300 yaw 282 mode 2 st 0 gl 1 hp 100 frg 0
ARGEVT Romero respawn
ARGEVT Romero goal backpack
ARGLOG Romero t  51.6 pos '-64.0 -232.0 -72.0' spd 0 yaw 355.2 mode 0 st 0 gl 1 hp 100 frg 3
ARGEVT Romero route 9 start '-47.0 -247.0 -72.0' goal '145.0 -247.0 -296.0'
ARGLOG Carmack t  51.8 pos '381.0 -140.1 -296.0' spd 320.7 yaw 284 mode 2 st 0 gl 1 hp 100 frg 0
ARGEVT Carmack route 6 start '369.0 -215.0 -296.0' goal ' 81.0  73.0 -296.0'
ARGLOG Romero t  52.1 pos ' 79.6 -256.9 -72.0' spd 320.0 yaw 349 mode 2 st 0 gl 1 hp 100 frg 3
ARGEVT Joe Rogan respawn
ARGEVT Romero engage Joe Rogan
ARGEVT Romero grab 
ARGEVT Carmack hazard
ARGEVT Joe Rogan goal backpack
ARGEVT Joe Rogan engage Romero
ARGLOG Joe Rogan t  52.2 pos '-64.0 -232.0 -72.0' spd 0 yaw 359.3 mode 0 st 0 gl 1 hp 100 frg 1
ARGEVT Joe Rogan route 8 start '-47.0 -247.0 -72.0' goal '465.0 -247.0 -296.0'
ARGEVT Carmack route 6 start '369.0 -247.0 -296.0' goal ' 81.0  73.0 -296.0'
ARGLOG Carmack t  52.3 pos '358.7 -271.7 -296.0' spd 373.3 yaw 224.5 mode 0 st 0 gl 1 hp 100 frg 0
ARGEVT Carmack engage Romero
ARGUS routecache adopt
ARGEVT Carmack route 5 start '337.0 -247.0 -296.0' goal ' 81.0  73.0 -296.0'
ARGLOG Romero t  52.6 pos '136.9 -266.2 -72.0' spd  75.8 yaw 172.8 mode 2 st 0 gl 1 hp 100 frg 3
ARGUS routecache adopt
ARGEVT Carmack route 6 start '369.0 -247.0 -296.0' goal ' 81.0  73.0 -296.0'
ARGLOG Joe Rogan t  52.7 pos '-27.2 -233.7 -72.0' spd 115.4 yaw 355.9 mode 2 st 0 gl 1 hp 100 frg 1
ARGLOG Carmack t  52.8 pos '444.7 -233.3 -296.0' spd 333.6 yaw 184.6 mode 0 st 0 gl 1 hp 100 frg 0
ARGEVT Carmack route 7 start '465.0 -247.0 -296.0' goal ' 81.0  73.0 -296.0'
ARGLOG Romero t  53.1 pos '143.4 -262.1 -72.0' spd  75.5 yaw 172.0 mode 2 st 0 gl 1 hp 84 frg 3
ARGLOG Joe Rogan t  53.2 pos '  3.5 -234.7 -72.0' spd 174.8 yaw 351.2 mode 2 st 0 gl 1 hp 76 frg 1
ARGLOG Carmack t  53.3 pos '471.5 -233.4 -296.0' spd  84.7 yaw 186.3 mode 2 st 0 gl 1 hp 100 frg 0
ARGEVT Carmack hazard
ARGLOG Romero t  53.6 pos '141.8 -262.3 -72.0' spd 156.3 yaw 165.2 mode 2 st 0 gl 1 hp 60 frg 3
ARGUS routecache adopt
ARGEVT Carmack route 7 start '465.0 -247.0 -296.0' goal ' 81.0  73.0 -296.0'
ARGLOG Joe Rogan t  53.7 pos '-28.1 -248.2 -72.0' spd 214.3 yaw 338.5 mode 2 st 0 gl 1 hp 52 frg 1
ARGLOG Carmack t  53.8 pos '419.6 -237.3 -296.0' spd 213.9 yaw 169.0 mode 0 st 0 gl 1 hp 100 frg 0
ARGUS routecache adopt
ARGEVT Carmack route 7 start '465.0 -247.0 -296.0' goal ' 81.0  73.0 -296.0'
ARGEVT Joe Rogan retreat
ARGUS routecache adopt
ARGEVT Carmack route 7 start '465.0 -247.0 -296.0' goal ' 81.0  73.0 -296.0'
ARGUS Joe Rogan wallslide
ARGLOG Romero t  54.2 pos '113.4 -294.4 -56.0' spd 320.5 yaw 175.5 mode 2 st 0 gl 1 hp 60 frg 3
ARGUS Romero wallslide
ARGLOG Joe Rogan t  54.2 pos '-70.3 -272.0 -72.0' spd 268.6 yaw 347.9 mode 2 st 0 gl 1 hp 28 frg 1
ARGEVT Romero grab weapon_grenadelauncher
ARGUS routecache adopt
ARGEVT Carmack route 7 start '465.0 -247.0 -296.0' goal ' 81.0  73.0 -296.0'
ARGLOG Carmack t  54.3 pos '435.7 -230.0 -296.0' spd 116.2 yaw 214.7 mode 2 st 0 gl 1 hp 100 frg 0
ARGEVT Joe Rogan hazard
ARGUS routecache adopt
ARGEVT Carmack route 7 start '465.0 -247.0 -296.0' goal ' 81.0  73.0 -296.0'
ARGEVT Joe Rogan pursue
ARGLOG Romero t  54.7 pos '112.2 -456.1  24.0' spd 388.3 yaw 222.9 mode 2 st 0 gl 1 hp 60 frg 3
ARGEVT Romero hazard
ARGUS Joe Rogan hunch 
ARGLOG Joe Rogan t  54.7 pos '-107.4 -373.3 -72.0' spd 344.6 yaw 206.4 mode 2 st 0 gl 1 hp 28 frg 1
ARGEVT Carmack hazard
ARGEVT Romero pursue
ARGLOG Carmack t  54.9 pos '477.4 -234.5 -296.0' spd 320.7 yaw 228.1 mode 2 st 0 gl 1 hp 100 frg 0
ARGEVT Joe Rogan goal item_health
ARGEVT Joe Rogan pursue
ARGUS Romero hunch 
ARGEVT Romero goal backpack
ARGUS routecache adopt
ARGEVT Carmack route 7 start '465.0 -247.0 -296.0' goal ' 81.0  73.0 -296.0'
ARGEVT Romero route 6 start '145.0 -471.0  24.0' goal '145.0 -247.0 -296.0'
ARGLOG Romero t  55.2 pos '121.4 -437.5  24.0' spd 320.9 yaw  77.5 mode 2 st 0 gl 1 hp 60 frg 3
ARGLOG Joe Rogan t  55.2 pos '-182.6 -434.0 -72.0' spd 355.1 yaw 135.7 mode 1 st 0 gl 1 hp 53 frg 1
ARGUS Joe Rogan wallslide
ARGEVT Joe Rogan pursue
ARGEVT Romero pursue
ARGEVT Carmack route 7 start '465.0 -247.0 -296.0' goal ' 81.0  73.0 -296.0'
ARGLOG Carmack t  55.4 pos '493.5 -224.7 -296.0' spd 377.9 yaw 184.1 mode 2 st 0 gl 1 hp 100 frg 0
ARGEVT Joe Rogan hazard
ARGEVT Joe Rogan pursue
ARGLOG Romero t  55.7 pos '163.1 -275.5 -56.0' spd 321.1 yaw 106.7 mode 2 st 0 gl 1 hp 51 frg 3
ARGLOG Joe Rogan t  55.7 pos '-176.7 -432.1 -72.0' spd 248.2 yaw  67.9 mode 1 st 0 gl 1 hp 78 frg 1
ARGEVT Romero hazard
ARGLOG Carmack t  55.9 pos '517.2 -238.6 -296.0' spd 202.5 yaw 165.9 mode 2 st 0 gl 1 hp 100 frg 0
ARGEVT Carmack weapon sg
ARGUS Romero wallslide
ARGLOG Romero t  56.2 pos ' 34.6 -214.5 -72.0' spd 338.2 yaw 212 mode 2 st 0 gl 1 hp 51 frg 3
ARGLOG Joe Rogan t  56.2 pos '-84.4 -357.7 -72.0' spd  70.6 yaw 302.7 mode 1 st 0 gl 1 hp 78 frg 1
ARGEVT Carmack hazard
ARGUS Joe Rogan wallslide
ARGEVT Carmack pursue
ARGLOG Carmack t  56.4 pos '461.4 -235.3 -296.0' spd 268.6 yaw 176 mode 2 st 0 gl 1 hp 100 frg 0
ARGEVT Joe Rogan pursue
ARGEVT Romero route 9 start '-47.0 -247.0 -72.0' goal '145.0 -247.0 -296.0'
ARGLOG Romero t  56.7 pos '-42.2 -272.0 -72.0' spd 211.9 yaw 290.6 mode 2 st 0 gl 1 hp 51 frg 3
ARGUS Carmack hunch 
ARGLOG Joe Rogan t  56.7 pos '-89.8 -497.6 -72.0' spd 322.8 yaw 253.8 mode 1 st 0 gl 1 hp 78 frg 1
ARGEVT Carmack goal weapon_rocketlauncher
ARGEVT Carmack route 6 start '369.0 -215.0 -296.0' goal ' 81.0  73.0 -296.0'
ARGEVT Carmack pursue
ARGEVT Romero hazard
ARGLOG Carmack t  56.9 pos '370.3 -229.9 -296.0' spd 320.0 yaw 309.6 mode 0 st 0 gl 1 hp 100 frg 0
ARGEVT Joe Rogan hazard
ARGEVT Carmack route 6 start '369.0 -247.0 -296.0' goal ' 81.0  73.0 -296.0'
ARGLOG Romero t  57.2 pos '  4.9 -266.5 -72.0' spd 320.1 yaw 345.8 mode 2 st 0 gl 1 hp 51 frg 3
ARGEVT Carmack route 7 start '465.0 -247.0 -296.0' goal ' 81.0  73.0 -296.0'
ARGLOG Joe Rogan t  57.2 pos '793.2 -176.0  33.8' spd 300 yaw 200.9 mode 1 st 0 gl 1 hp 78 frg 1
ARGEVT Carmack hazard
ARGLOG Carmack t  57.4 pos '462.9 -272.0 -296.0' spd 101.0 yaw 202.0 mode 2 st 0 gl 1 hp 100 frg 0
ARGEVT Romero grab 
ARGEVT Carmack grab 
ARGUS routecache adopt
ARGEVT Carmack route 6 start '369.0 -247.0 -296.0' goal ' 81.0  73.0 -296.0'
ARGLOG Romero t  57.7 pos '161.7 -266.6 -72.0' spd 140.3 yaw   6.2 mode 2 st 0 gl 1 hp 51 frg 3
ARGLOG Joe Rogan t  57.7 pos '817.8 -176.5  24.0' spd 120.7 yaw 188.3 mode 1 st 0 gl 1 hp 78 frg 1
ARGUS routecache adopt
ARGEVT Carmack route 6 start '369.0 -247.0 -296.0' goal ' 81.0  73.0 -296.0'
ARGLOG Carmack t  57.9 pos '398.7 -239.3 -296.0' spd  33.6 yaw 182.8 mode 0 st 0 gl 1 hp 100 frg 0
ARGUS routecache adopt
ARGEVT Carmack route 7 start '465.0 -247.0 -296.0' goal ' 81.0  73.0 -296.0'
ARGLOG Romero t  58.2 pos '141.4 -258.4 -72.0' spd 130.1 yaw   6.6 mode 2 st 0 gl 1 hp 35 frg 3
ARGUS routecache adopt
ARGEVT Carmack route 7 start '465.0 -247.0 -296.0' goal ' 81.0  73.0 -296.0'
ARGLOG Joe Rogan t  58.2 pos '685.5 -201.8  24.0' spd 320.2 yaw 185.8 mode 1 st 0 gl 1 hp 78 frg 1
ARGEVT Romero retreat
ARGLOG Carmack t  58.4 pos '479.5 -252.2 -296.0' spd  98.2 yaw 185.0 mode 2 st 0 gl 1 hp 100 frg 0
ARGUS Romero wallslide
ARGEVT Joe Rogan grab item_armor1
ARGLOG Romero t  58.7 pos ' 19.6 -272.0 -72.0' spd 321.5 yaw  11.1 mode 2 st 0 gl 1 hp 31 frg 3
ARGLOG Joe Rogan t  58.8 pos '540.1 -127.3  23.9' spd 330.3 yaw 200.7 mode 1 st 0 gl 1 hp 58 frg 1
ARGEVT Carmack pursue
ARGEVT Carmack pursue
ARGEVT Carmack pursue
ARGLOG Carmack t  58.9 pos '458.8 -243.2 -296.0' spd 328.4 yaw 184 mode 2 st 0 gl 1 hp 100 frg 0
ARGUS routecache adopt
ARGEVT Carmack route 6 start '369.0 -247.0 -296.0' goal ' 81.0  73.0 -296.0'
ARGEVT Romero hazard
ARGLOG Romero t  59.2 pos '-135.0 -276.6 -72.0' spd 217.2 yaw  14.4 mode 2 st 0 gl 1 hp 31 frg 3
ARGLOG Joe Rogan t  59.3 pos '523.3 -81.3 -91.2' spd 113.7 yaw 194.5 mode 1 st 0 gl 1 hp 58 frg 1
ARGUS routecache adopt
ARGEVT Carmack route 5 start '337.0 -247.0 -296.0' goal ' 81.0  73.0 -296.0'
ARGLOG Carmack t  59.4 pos '296.0 -243.1 -296.0' spd 320.1 yaw 181 mode 2 st 0 gl 1 hp 100 frg 0
ARGEVT Carmack pursue
ARGEVT Carmack hazard
ARGEVT Joe Rogan hazard
ARGEVT Carmack pursue
ARGLOG Romero t  59.7 pos '-131.9 -372.6 -72.0' spd 321.9 yaw  17.0 mode 2 st 0 gl 1 hp 31 frg 3
ARGLOG Joe Rogan t  59.8 pos '471.6 -170.4 -104.0' spd 211.5 yaw 201.6 mode 1 st 0 gl 1 hp 56 frg 1
ARGEVT Romero goal item_armorInv
ARGEVT Romero route 8 start '-111.0 -375.0 -72.0' goal '817.0 -855.0 -232.0'
ARGEVT Romero pursue
ARGLOG Carmack t  59.9 pos '135.2 -245.0 -296.0' spd 320.8 yaw 181 mode 2 st 0 gl 1 hp 100 frg 0
ARGEVT Joe Rogan pursue
ARGEVT Joe Rogan pursue
ARGLOG Romero t  60.2 pos '-56.3 -439.2 -72.0' spd 324.8 yaw  20.4 mode 2 st 0 gl 1 hp 31 frg 3
ARGEVT Carmack pursue
ARGLOG Joe Rogan t  60.3 pos '464.7 -321.1 -104.0' spd 321.7 yaw 266 mode 1 st 0 gl 1 hp 56 frg 1
ARGEVT Romero hazard
ARGEVT Joe Rogan pursue
ARGLOG Carmack t  60.5 pos '-32.0 -219.1 -296.0' spd 377.2 yaw 112.1 mode 2 st 0 gl 1 hp 100 frg 0
ARGUS Romero wallslide
ARGUS Carmack wallslide
ARGLOG Romero t  60.7 pos '-21.2 -579.5 -72.0' spd 370.1 yaw 219.1 mode 2 st 0 gl 1 hp 31 frg 3
ARGLOG Joe Rogan t  60.8 pos '384.9 -439.2 -104.0' spd 328.6 yaw 170.2 mode 1 st 0 gl 1 hp 56 frg 1
ARGEVT Romero pursue
ARGLOG Carmack t  61.0 pos '-46.8 -52.8 -296.0' spd 325.1 yaw  51.3 mode 2 st 0 gl 1 hp 100 frg 0
ARGEVT Romero pursue
ARGLOG Romero t  61.2 pos '-70.0 -562.4 -72.0' spd 322.6 yaw 118.4 mode 2 st 0 gl 1 hp 31 frg 3
ARGLOG Joe Rogan t  61.3 pos '223.1 -417.6 -104.0' spd 320.6 yaw 162 mode 1 st 0 gl 1 hp 56 frg 1
ARGEVT Carmack hazard
ARGLOG Carmack t  61.5 pos '-25.9  97.1 -296.0' spd 206.1 yaw  10.7 mode 1 st 0 gl 1 hp 100 frg 0
ARGUS Joe Rogan hunch item_artifact_super_damage
ARGUS Romero hunch item_artifact_super_damage
ARGEVT Joe Rogan goal backpack
ARGEVT Joe Rogan route 5 start '145.0 -407.0 -104.0' goal '465.0 -247.0 -296.0'
ARGEVT Romero hazard
ARGEVT Joe Rogan pursue
ARGEVT Romero goal item_armorInv
ARGLOG Romero t  61.8 pos '-87.3 -420.9 -72.0' spd  94.3 yaw 279.2 mode 0 st 0 gl 1 hp 31 frg 3
ARGEVT Romero route 8 start '-111.0 -375.0 -72.0' goal '817.0 -855.0 -232.0'
ARGLOG Joe Rogan t  61.8 pos '156.9 -417.7 -104.0' spd 351.3 yaw   1.1 mode 2 st 0 gl 1 hp 56 frg 1
ARGEVT Romero pursue
ARGEVT Joe Rogan route 5 start '145.0 -407.0 -104.0' goal '465.0 -247.0 -296.0'
ARGEVT Carmack goal item_health
ARGEVT Carmack route 5 start ' 81.0  73.0 -296.0' goal '-47.0 585.0 -296.0'
ARGLOG Carmack t  62.0 pos ' 51.0  64.4 -296.0' spd 123.2 yaw 168 mode 2 st 0 gl 2 hp 100 frg 0
ARGLOG Romero t  62.3 pos '-75.1 -580.7 -72.0' spd 351.4 yaw 205.1 mode 2 st 0 gl 1 hp 31 frg 3
ARGLOG Joe Rogan t  62.3 pos '330.6 -413.9 -104.0' spd 320.9 yaw 1 mode 2 st 0 gl 1 hp 56 frg 1
ARGUS Romero wallslide
ARGLOG Carmack t  62.5 pos '-73.3  28.7 -296.0' spd 328.0 yaw 292 mode 2 st 0 gl 2 hp 100 frg 0
ARGEVT Romero route 5 start '785.0 -183.0  24.0' goal '817.0 -855.0 -232.0'
ARGLOG Romero t  62.8 pos '809.7 -176.0  24.0' spd 300 yaw 288 mode 2 st 0 gl 1 hp 31 frg 3
ARGLOG Joe Rogan t  62.8 pos '496.2 -386.7 -104.0' spd 404.4 yaw  78.4 mode 2 st 0 gl 1 hp 56 frg 1
ARGLOG Carmack t  63.0 pos '-23.4 -124.5 -296.0' spd 320.2 yaw 294 mode 2 st 0 gl 2 hp 100 frg 0
ARGEVT Carmack hazard
ARGUS Carmack wallslide
ARGEVT Joe Rogan engage Carmack
ARGEVT Carmack engage Joe Rogan
ARGUS Carmack leadclip
ARGEVT Carmack route 5 start '-47.0 -151.0 -296.0' goal '-47.0 585.0 -296.0'
ARGLOG Romero t  63.3 pos '852.0 -213.6  24.0' spd 371.4 yaw 284 mode 2 st 0 gl 1 hp 31 frg 3
ARGLOG Joe Rogan t  63.3 pos '481.7 -213.2 -104.0' spd 278.4 yaw 188.8 mode 2 st 0 gl 1 hp 56 frg 1
ARGEVT Joe Rogan hazard
ARGLOG Carmack t  63.5 pos ' -9.1 -225.7 -296.0' spd 242.0 yaw 340.6 mode 2 st 0 gl 2 hp 100 frg 0
ARGUS Romero arcpass
ARGEVT Romero jump
ARGUS Romero aircontrol
ARGLOG Romero t  63.8 pos '870.7 -383.8  43.8' spd 337.1 yaw 269.4 mode 2 st 0 gl 1 hp 31 frg 3
ARGLOG Joe Rogan t  63.8 pos '463.3 -207.8 -104.0' spd 325.5 yaw 165.1 mode 2 st 0 gl 1 hp 56 frg 1
ARGLOG Carmack t  64.0 pos ' 34.7 -250.5 -296.0' spd 110.0 yaw  17.3 mode 2 st 0 gl 2 hp 100 frg 0
ARGEVT Carmack hazard
ARGLOG Romero t  64.3 pos '866.4 -554.0  40.5' spd 337.1 yaw 141 mode 2 st 0 gl 1 hp 31 frg 3
ARGLOG Joe Rogan t  64.3 pos '510.3 -54.8 -104.0' spd 361.5 yaw 222.8 mode 2 st 0 gl 1 hp 19 frg 1
ARGLOG Carmack t  64.5 pos '114.5 -237.7 -296.0' spd 186.4 yaw  11.9 mode 2 st 0 gl 2 hp 100 frg 0
ARGLOG Romero t  64.8 pos '786.6 -519.8  24.0' spd 322.1 yaw 119 mode 2 st 0 gl 1 hp 31 frg 3
ARGLOG Joe Rogan t  64.8 pos '606.1 -188.6 -104.0' spd  98.5 yaw 191.9 mode 2 st 0 gl 1 hp 19 frg 1
ARGEVT Carmack pursue
ARGEVT Joe Rogan pursue
ARGUS Carmack hunch item_artifact_super_damage
ARGEVT Carmack pursue
ARGLOG Carmack t  65.0 pos '203.4 -256.9 -296.0' spd 170.0 yaw 261.2 mode 2 st 0 gl 2 hp 100 frg 0
ARGEVT Carmack goal backpack
ARGEVT Carmack route 3 start '145.0 -247.0 -296.0' goal '465.0 -247.0 -296.0'
ARGLOG Romero t  65.3 pos '775.6 -408.4 -80.5' spd 184.2 yaw 274 mode 2 st 0 gl 1 hp 31 frg 3
ARGEVT Carmack hazard
ARGLOG Joe Rogan t  65.3 pos '483.9 -213.3 -104.0' spd 343.4 yaw 194.6 mode 2 st 0 gl 1 hp 19 frg 1
ARGEVT Romero hazard
ARGEVT Joe Rogan hazard
ARGLOG Carmack t  65.5 pos '214.8 -236.0 -296.0' spd 325.8 yaw 336.5 mode 2 st 0 gl 2 hp 100 frg 0
ARGUS Carmack leadclip
ARGEVT Joe Rogan death Carmack pos '481.7 -274.3 -89.7'
ARGUS Carmack watch spawn
ARGLOG Romero t  65.8 pos '878.0 -502.3 -104.0' spd 320.9 yaw 215 mode 2 st 0 gl 1 hp 31 frg 3
ARGEVT Carmack goal backpack
ARGUS routecache adopt
ARGEVT Carmack route 3 start '145.0 -247.0 -296.0' goal '465.0 -247.0 -296.0'
ARGEVT Romero jump
ARGLOG Carmack t  66.0 pos '239.0 -222.6 -296.0' spd 324.5 yaw 5 mode 2 st 0 gl 2 hp 100 frg 1
ARGLOG Romero t  66.3 pos '975.6 -624.0 -61.0' spd 166.5 yaw 163 mode 2 st 0 gl 1 hp 31 frg 3
ARGLOG Carmack t  66.5 pos '403.7 -217.3 -296.0' spd 330.8 yaw 352.4 mode 2 st 0 gl 2 hp 100 frg 1
ARGEVT Romero jump
ARGLOG Romero t  66.8 pos '934.3 -590.4 -86.6' spd 320.0 yaw 171 mode 2 st 0 gl 1 hp 31 frg 3
ARGEVT Carmack hazard
ARGLOG Carmack t  67.0 pos '574.2 -265.2 -296.0' spd 282.0 yaw 227.9 mode 1 st 0 gl 2 hp 100 frg 1
ARGEVT Joe Rogan respawn
ARGEVT Joe Rogan goal weapon_rocketlauncher
ARGLOG Joe Rogan t  67.2 pos '112.0 -1136.0 -104.0' spd 0 yaw  40.2 mode 0 st 0 gl 1 hp 100 frg 1
ARGEVT Joe Rogan route 10 start '113.0 -1079.0 -104.0' goal '753.0 -887.0 -232.0'
ARGLOG Romero t  67.3 pos '878.1 -460.6 -84.7' spd 346.7 yaw 229 mode 2 st 0 gl 1 hp 31 frg 3
ARGLOG Carmack t  67.5 pos '484.9 -240.7 -296.0' spd 352.9 yaw 195.9 mode 1 st 0 gl 2 hp 100 frg 1
ARGLOG Joe Rogan t  67.7 pos '177.8 -1005.3 -104.0' spd 322.4 yaw 83 mode 2 st 0 gl 1 hp 100 frg 1
ARGEVT Romero jump
ARGLOG Romero t  67.8 pos '978.2 -555.7 -83.6' spd 363.7 yaw 184 mode 2 st 0 gl 1 hp 61 frg 3
ARGEVT Carmack hazard
ARGLOG Carmack t  68.0 pos '319.1 -255.8 -296.0' spd 327.8 yaw  79.1 mode 1 st 0 gl 2 hp 100 frg 1
ARGLOG Joe Rogan t  68.2 pos '205.9 -844.6 -104.0' spd 320.1 yaw 84 mode 2 st 0 gl 1 hp 100 frg 1
ARGLOG Romero t  68.3 pos '979.9 -625.9 -88.2' spd  30.6 yaw 163 mode 2 st 0 gl 1 hp 61 frg 3
ARGEVT Joe Rogan hazard
ARGEVT Romero jump
ARGLOG Carmack t  68.5 pos '341.4 -227.4 -296.0' spd 337.4 yaw 320 mode 1 st 0 gl 2 hp 100 frg 1
ARGLOG Joe Rogan t  68.7 pos '183.3 -754.2 -104.0' spd  33.3 yaw 50 mode 2 st 0 gl 1 hp 100 frg 1
ARGLOG Romero t  68.8 pos '881.4 -548.4 -61.1' spd 320.0 yaw 191 mode 2 st 0 gl 1 hp 61 frg 3
ARGUS Joe Rogan wallslide
ARGLOG Carmack t  69.0 pos '455.0 -259.6 -296.0' spd 322.9 yaw 322.9 mode 1 st 0 gl 2 hp 100 frg 1
ARGEVT Carmack hazard
ARGLOG Joe Rogan t  69.2 pos '249.7 -752.0 -104.0' spd 412.3 yaw 64 mode 2 st 0 gl 1 hp 100 frg 1
ARGLOG Romero t  69.3 pos '791.0 -636.4 -144.5' spd 362.9 yaw 94 mode 2 st 0 gl 1 hp 61 frg 3
ARGUS Carmack wallslide
ARGUS Romero wallslide
ARGEVT Joe Rogan hazard
ARGLOG Carmack t  69.5 pos '526.6 -272.0 -296.0' spd 305.8 yaw 199 mode 1 st 0 gl 2 hp 100 frg 1
ARGLOG Joe Rogan t  69.7 pos '341.2 -641.3 -104.0' spd 356.8 yaw 43 mode 2 st 0 gl 1 hp 100 frg 1
ARGLOG Romero t  69.8 pos '829.4 -791.4 -232.0' spd 325.9 yaw 265 mode 1 st 0 gl 1 hp 61 frg 3
ARGLOG Carmack t  70.0 pos '360.4 -237.2 -296.0' spd 424.4 yaw 243.1 mode 1 st 0 gl 2 hp 100 frg 1
ARGEVT Carmack hazard
ARGEVT Carmack engage Romero
ARGEVT Joe Rogan engage Romero
ARGEVT Romero engage Carmack
ARGLOG Joe Rogan t  70.2 pos '382.5 -476.6 -104.0' spd 382.8 yaw  33.2 mode 2 st 0 gl 1 hp 100 frg 1
ARGEVT Joe Rogan goal backpack
ARGLOG Romero t  70.3 pos '368.0   8.6 -271.9' spd 300 yaw 271.6 mode 1 st 0 gl 1 hp 61 frg 3
ARGUS Romero leadclip
ARGUS Carmack leadclip
ARGEVT Romero weapon sg
ARGEVT Carmack weapon ng
ARGLOG Carmack t  70.5 pos '406.6 -201.3 -296.0' spd 144.8 yaw  95.6 mode 1 st 0 gl 2 hp 100 frg 1
ARGEVT Joe Rogan jump
ARGLOG Joe Rogan t  70.7 pos '302.2 -380.8 -72.5' spd  55.6 yaw  74.9 mode 1 st 0 gl 1 hp 100 frg 1
ARGLOG Romero t  70.8 pos '368.0 -34.3 -296.0' spd 273.7 yaw 284.2 mode 1 st 0 gl 1 hp 61 frg 3
ARGLOG Carmack t  71.0 pos '364.0 -227.3 -296.0' spd 360.7 yaw  86.0 mode 1 st 0 gl 2 hp 80 frg 1
ARGLOG Joe Rogan t  71.2 pos '314.7 -396.1 -104.0' spd  43.7 yaw  83.6 mode 1 st 0 gl 1 hp 100 frg 1
ARGEVT Carmack hazard
ARGEVT Romero weapon rl
ARGEVT Carmack weapon rl
ARGLOG Romero t  71.3 pos '387.8 -105.7 -296.0' spd  85.8 yaw 244.1 mode 1 st 0 gl 1 hp 56 frg 3
ARGEVT Carmack weapon ng
ARGEVT Romero weapon sg
ARGLOG Carmack t  71.6 pos '298.4 -268.4 -296.0' spd 324.3 yaw  66.6 mode 1 st 0 gl 2 hp 80 frg 1
ARGEVT Romero hazard
ARGEVT Joe Rogan grab 
ARGLOG Joe Rogan t  71.7 pos '465.1 -387.0 -104.0' spd 351.7 yaw 111.2 mode 1 st 0 gl 1 hp 100 frg 1
ARGLOG Romero t  71.8 pos '364.4 -157.3 -293.7' spd 175.1 yaw 272.2 mode 1 st 0 gl 1 hp 42 frg 3
ARGLOG Carmack t  72.1 pos '383.9 -263.0 -296.0' spd 228.7 yaw  92.4 mode 1 st 0 gl 2 hp 80 frg 1
ARGEVT Joe Rogan goal weapon_lightning
ARGEVT Joe Rogan pursue
ARGEVT Carmack grab 
ARGLOG Joe Rogan t  72.2 pos '532.9 -222.5 -104.0' spd 351.4 yaw 149.9 mode 1 st 0 gl 2 hp 100 frg 1
ARGEVT Carmack hazard
ARGLOG Romero t  72.3 pos '378.7 -103.3 -296.0' spd 256.3 yaw 264.3 mode 1 st 0 gl 1 hp 41 frg 3
ARGUS Joe Rogan hunch 
ARGEVT Joe Rogan goal backpack
ARGEVT Joe Rogan route 2 start '465.0 -151.0 -104.0' goal '465.0 -247.0 -296.0'
ARGEVT Joe Rogan pursue
ARGLOG Carmack t  72.6 pos '391.3 -255.1 -296.0' spd 133.2 yaw  94.7 mode 1 st 0 gl 2 hp 56 frg 1
ARGEVT Carmack retreat
ARGLOG Joe Rogan t  72.7 pos '547.4 -108.0 -104.0' spd 327.5 yaw  47.5 mode 2 st 0 gl 2 hp 100 frg 1
ARGLOG Romero t  72.8 pos '364.3 -117.2 -296.0' spd 131.5 yaw 276.6 mode 1 st 0 gl 1 hp 39 frg 3
ARGEVT Joe Rogan hazard
ARGEVT Romero hazard
ARGLOG Carmack t  73.1 pos '295.3 -274.1 -296.0' spd 344.7 yaw  72.5 mode 1 st 0 gl 2 hp 32 frg 1
ARGLOG Joe Rogan t  73.2 pos '563.2  -8.2 -104.0' spd 108.1 yaw 152.7 mode 2 st 0 gl 2 hp 100 frg 1
ARGUS Joe Rogan wallslide
ARGLOG Romero t  73.3 pos '361.2 -121.6 -296.0' spd 157.5 yaw 223.6 mode 1 st 0 gl 1 hp 38 frg 3
ARGEVT Romero weapon rl
ARGEVT Carmack weapon rl
ARGUS Romero leadclip
ARGLOG Carmack t  73.6 pos '153.6 -200.2 -296.0' spd 338.5 yaw  39.1 mode 1 st 0 gl 2 hp 8 frg 1
ARGEVT Carmack jump
ARGLOG Joe Rogan t  73.7 pos '465.9 -65.0 -104.0' spd 346.0 yaw 239.8 mode 2 st 0 gl 2 hp 100 frg 1
ARGLOG Romero t  73.8 pos '368.6 -186.5 -296.0' spd 198.6 yaw 194.3 mode 1 st 0 gl 1 hp 38 frg 3
ARGEVT Carmack death Romero pos '102.3 -219.9 -252.6'
ARGUS Romero watch spawn
ARGEVT Romero engage Joe Rogan
ARGEVT Romero retreat
ARGEVT Romero goal item_health
ARGEVT Romero route 8 start '369.0 -215.0 -296.0' goal '-47.0 585.0 -296.0'
ARGLOG Joe Rogan t  74.2 pos '493.9 -217.6 -104.0' spd 323.3 yaw 205.4 mode 2 st 0 gl 2 hp 100 frg 1
ARGLOG Romero t  74.4 pos '226.7 -280.8 -210.5' spd 423.4 yaw   0.7 mode 2 st 0 gl 1 hp 13 frg 4
ARGEVT Joe Rogan weapon sg
ARGLOG Joe Rogan t  74.8 pos '489.8 -383.6 -104.0' spd 328.8 yaw 167.6 mode 2 st 0 gl 2 hp 100 frg 1
ARGLOG Romero t  74.9 pos '112.0 -249.0 -275.3' spd 159.3 yaw 342.1 mode 2 st 0 gl 1 hp 13 frg 4
ARGEVT Romero death Joe Rogan pos '120.7 -244.9 -296.0'
ARGUS Joe Rogan watch spawn
ARGEVT Joe Rogan goal weapon_lightning
ARGLOG Joe Rogan t  75.3 pos '483.7 -296.3 -104.0' spd 432.5 yaw 169.1 mode 1 st 0 gl 2 hp 100 frg 2
ARGEVT Joe Rogan hazard
ARGEVT Carmack respawn
ARGEVT Joe Rogan engage Carmack
ARGEVT Carmack goal backpack
ARGEVT Carmack engage Joe Rogan
ARGLOG Carmack t  75.5 pos '-64.0 -232.0 -72.0' spd 0 yaw   0.4 mode 0 st 0 gl 2 hp 100 frg 1
ARGEVT Carmack route 9 start '-47.0 -247.0 -72.0' goal '145.0 -247.0 -296.0'
ARGLOG Joe Rogan t  75.8 pos '470.2 -239.9 -104.0' spd 321.9 yaw 177.9 mode 1 st 0 gl 2 hp 100 frg 2
ARGLOG Carmack t  76.0 pos '-26.3 -239.9 -72.0' spd 230.7 yaw 353.4 mode 2 st 0 gl 2 hp 100 frg 1
ARGEVT Carmack grab 
ARGUS Carmack wallslide
ARGLOG Joe Rogan t  76.3 pos '454.7 -327.1 -104.0' spd 312.0 yaw 163.4 mode 1 st 0 gl 2 hp 100 frg 2
ARGEVT Romero respawn
ARGEVT Romero goal backpack
ARGLOG Romero t  76.5 pos '776.0 -808.0 -232.0' spd 0 yaw  95.1 mode 0 st 0 gl 1 hp 100 frg 4
ARGLOG Carmack t  76.5 pos ' 50.9 -208.0 -72.0' spd   5.8 yaw 352.4 mode 2 st 0 gl 2 hp 96 frg 1
ARGEVT Romero route 6 start '753.0 -759.0 -232.0' goal ' 17.0 -247.0 -296.0'
ARGEVT Joe Rogan hazard
ARGEVT Romero hazard
ARGLOG Joe Rogan t  76.8 pos '462.7 -271.6 -104.0' spd  92.6 yaw 175.2 mode 1 st 0 gl 2 hp 88 frg 2
ARGUS Romero wallslide
ARGLOG Romero t  77.0 pos '720.4 -777.4 -232.0' spd 117.6 yaw 112 mode 2 st 0 gl 1 hp 100 frg 4
ARGLOG Carmack t  77.0 pos ' 56.0 -208.0 -72.0' spd  33.1 yaw 351.8 mode 2 st 0 gl 2 hp 84 frg 1
ARGLOG Joe Rogan t  77.3 pos '458.1 -214.1 -104.0' spd 111.9 yaw 181.4 mode 1 st 0 gl 2 hp 88 frg 2
ARGEVT Joe Rogan grab weapon_lightning
ARGUS routecache adopt
ARGEVT Romero route 5 start '753.0 -887.0 -232.0' goal ' 17.0 -247.0 -296.0'
ARGLOG Romero t  77.5 pos '735.2 -894.3 -232.0' spd 330.8 yaw 319.0 mode 0 st 0 gl 1 hp 100 frg 4
ARGLOG Carmack t  77.5 pos ' 43.5 -221.7 -72.0' spd  97.5 yaw 356.8 mode 2 st 0 gl 2 hp 80 frg 1
ARGEVT Romero engage Joe Rogan
ARGEVT Joe Rogan goal backpack
ARGEVT Joe Rogan route 3 start '465.0 -279.0 -104.0' goal '465.0 -247.0 -296.0'
ARGEVT Romero route 3 start '369.0   9.0 -296.0' goal ' 17.0 -247.0 -296.0'
ARGLOG Joe Rogan t  77.8 pos '506.5 -275.1 -104.0' spd 249.4 yaw 184.9 mode 2 st 0 gl 3 hp 72 frg 2
ARGLOG Romero t  78.0 pos '368.0 -34.0 -296.0' spd 300 yaw 306.4 mode 2 st 0 gl 1 hp 100 frg 4
ARGLOG Carmack t  78.0 pos ' 88.7 -246.4 -72.0' spd 129.0 yaw 358.7 mode 2 st 0 gl 2 hp 80 frg 1
ARGEVT Romero pursue
ARGEVT Carmack grab 
ARGLOG Joe Rogan t  78.3 pos '505.7 -109.2 -104.0' spd 331.3 yaw 191.0 mode 2 st 0 gl 3 hp 72 frg 2
ARGLOG Romero t  78.5 pos '383.8 -107.7 -296.0' spd 326.1 yaw 300 mode 2 st 0 gl 1 hp 100 frg 4
ARGLOG Carmack t  78.5 pos '130.4 -239.7 -72.0' spd  47.4 yaw  27.3 mode 2 st 0 gl 2 hp 80 frg 1
ARGUS Romero hunch item_artifact_super_damage
ARGEVT Romero hazard
ARGEVT Romero pursue
ARGEVT Romero goal backpack
ARGEVT Romero route 3 start '337.0 -119.0 -296.0' goal ' 17.0 -247.0 -296.0'
ARGEVT Romero pursue
ARGLOG Joe Rogan t  78.8 pos '526.2 -109.3 -104.0' spd 333.3 yaw 211.5 mode 2 st 0 gl 3 hp 48 frg 2
ARGEVT Romero pursue
ARGEVT Romero pursue
ARGLOG Romero t  79.0 pos '328.3 -199.6 -296.0' spd 360.2 yaw 229.5 mode 2 st 0 gl 1 hp 100 frg 4
ARGLOG Carmack t  79.0 pos '139.2 -244.8 -72.0' spd  85.4 yaw  10.9 mode 2 st 0 gl 2 hp 80 frg 1
ARGEVT Joe Rogan retreat
ARGEVT Joe Rogan weapon sg
ARGUS Joe Rogan wallslide
ARGLOG Joe Rogan t  79.3 pos '623.4 -227.6 -104.0' spd 108.9 yaw 183.0 mode 2 st 0 gl 3 hp 28 frg 2
ARGEVT Romero pursue
ARGEVT Romero route 2 start '369.0 -247.0 -296.0' goal ' 17.0 -247.0 -296.0'
ARGLOG Romero t  79.5 pos '432.0 -278.9 -296.0' spd   3.3 yaw 262.5 mode 0 st 0 gl 1 hp 100 frg 4
ARGLOG Carmack t  79.5 pos '138.6 -249.2 -72.0' spd  90.0 yaw   0.5 mode 2 st 0 gl 2 hp 80 frg 1
ARGEVT Romero route 3 start '465.0 -247.0 -296.0' goal ' 17.0 -247.0 -296.0'
ARGEVT Romero hazard
ARGEVT Joe Rogan weapon lg
ARGUS routecache adopt
ARGEVT Romero route 2 start '369.0 -247.0 -296.0' goal ' 17.0 -247.0 -296.0'
ARGEVT Romero pursue
ARGLOG Joe Rogan t  79.8 pos '624.0 -222.1 -104.0' spd  27.9 yaw 185.8 mode 2 st 0 gl 3 hp 20 frg 2
ARGUS routecache adopt
ARGEVT Romero route 1 start '337.0 -247.0 -296.0' goal ' 17.0 -247.0 -296.0'
ARGEVT Joe Rogan weapon sg
ARGLOG Romero t  80.0 pos '294.8 -279.2 -296.0' spd 359.4 yaw 263.7 mode 2 st 0 gl 1 hp 100 frg 4
ARGLOG Carmack t  80.0 pos '166.3 -377.6  -8.0' spd 377.5 yaw  11.8 mode 2 st 0 gl 2 hp 50 frg 1
ARGEVT Joe Rogan grab item_armor1
ARGLOG Joe Rogan t  80.3 pos '578.0 -157.8 -104.0' spd 320.6 yaw 215.5 mode 2 st 0 gl 3 hp 20 frg 2
ARGEVT Carmack hazard
ARGEVT Romero grab 
ARGLOG Romero t  80.5 pos '186.2 -259.3 -296.0' spd 334.9 yaw 155.0 mode 1 st 0 gl 1 hp 100 frg 4
ARGLOG Carmack t  80.5 pos '234.2 -519.0  24.0' spd 320.3 yaw  46.1 mode 0 st 0 gl 2 hp 30 frg 1
ARGUS Romero leadclip
ARGEVT Carmack goal item_health
ARGEVT Romero hazard
ARGLOG Joe Rogan t  80.8 pos '471.3 -72.8 -104.0' spd  92.9 yaw 250.2 mode 2 st 0 gl 3 hp 20 frg 2
ARGEVT Joe Rogan weapon lg
ARGUS Carmack wallslide
ARGEVT Romero goal item_health
ARGEVT Romero route 6 start ' 17.0 -247.0 -296.0' goal '-47.0 585.0 -296.0'
ARGLOG Romero t  81.1 pos ' 54.3 -231.5 -296.0' spd 300.5 yaw  15.9 mode 2 st 0 gl 2 hp 100 frg 4
ARGLOG Carmack t  81.1 pos '368.0 -530.6  24.0' spd  10.5 yaw  72.4 mode 1 st 0 gl 2 hp 30 frg 1
ARGEVT Carmack grab item_health
ARGLOG Joe Rogan t  81.4 pos '587.7 -179.0 -104.0' spd 331.5 yaw 242.3 mode 2 st 0 gl 3 hp 20 frg 2
ARGEVT Carmack death Joe Rogan pos '443.8 -492.3  24.0'
ARGUS Joe Rogan watch spawn
ARGUS Joe Rogan wallslide
ARGLOG Romero t  81.6 pos ' 93.4 -224.8 -296.0' spd 288.0 yaw   3.9 mode 2 st 0 gl 2 hp 100 frg 4
ARGEVT Joe Rogan goal item_health
ARGEVT Joe Rogan route 3 start '657.0 -311.0 -104.0' goal '465.0 -471.0  24.0'
ARGEVT Romero pursue
ARGLOG Joe Rogan t  81.9 pos '607.1 -331.2 -104.0' spd 350.1 yaw 220 mode 2 st 0 gl 3 hp 20 frg 3
ARGEVT Romero hazard
ARGEVT Joe Rogan jump
ARGLOG Romero t  82.1 pos '260.7 -260.3 -296.0' spd 327.4 yaw 18 mode 2 st 0 gl 2 hp 100 frg 4
ARGEVT Romero route 7 start '337.0 -247.0 -296.0' goal '-47.0 585.0 -296.0'
ARGLOG Joe Rogan t  82.4 pos '506.4 -432.0 -60.6' spd 211.7 yaw 166.2 mode 2 st 0 gl 3 hp 20 frg 3
ARGEVT Romero jump
ARGEVT Romero route 8 start '369.0 -247.0 -296.0' goal '-47.0 585.0 -296.0'
ARGEVT Romero pursue
ARGLOG Romero t  82.6 pos '430.6 -247.8 -263.9' spd 329.4 yaw 33 mode 0 st 0 gl 2 hp 100 frg 4
ARGEVT Romero route 9 start '465.0 -247.0 -296.0' goal '-47.0 585.0 -296.0'
ARGLOG Joe Rogan t  82.9 pos '388.9 -454.1 -104.0' spd 377.6 yaw 348 mode 2 st 0 gl 3 hp 20 frg 3
ARGEVT Carmack respawn
ARGEVT Carmack goal backpack
ARGLOG Carmack t  83.0 pos '-64.0 512.0 -296.0' spd 0 yaw 274.5 mode 0 st 0 gl 2 hp 100 frg 1
ARGEVT Carmack route 8 start '-79.0 553.0 -296.0' goal '465.0 -247.0 -296.0'
ARGLOG Romero t  83.1 pos '588.6 -208.0 -296.0' spd 214.0 yaw 132.8 mode 2 st 0 gl 2 hp 100 frg 4
ARGEVT Joe Rogan hazard
ARGEVT Romero hazard
ARGEVT Carmack hazard
ARGLOG Joe Rogan t  83.4 pos '362.3 -616.4 -104.0' spd  42.5 yaw  60.7 mode 2 st 0 gl 3 hp 20 frg 3
ARGUS Joe Rogan wallslide
ARGLOG Carmack t  83.5 pos ' 12.9 406.5 -296.0' spd 264.4 yaw 260 mode 2 st 0 gl 2 hp 100 frg 1
ARGLOG Romero t  83.6 pos '576.4 -212.8 -296.0' spd 270.8 yaw 189 mode 2 st 0 gl 2 hp 100 frg 4
ARGLOG Joe Rogan t  83.9 pos '403.1 -450.5 -104.0' spd 386.7 yaw  11.7 mode 2 st 0 gl 3 hp 20 frg 3
ARGLOG Carmack t  84.0 pos ' 46.5 403.7 -296.0' spd  36.8 yaw 255 mode 2 st 0 gl 2 hp 100 frg 1
ARGEVT Joe Rogan jump
ARGLOG Romero t  84.1 pos '416.6 -239.8 -296.0' spd 346.3 yaw 153.8 mode 0 st 0 gl 2 hp 100 frg 4
ARGEVT Romero route 9 start '465.0 -247.0 -296.0' goal '-47.0 585.0 -296.0'
ARGUS routecache adopt
ARGEVT Romero route 8 start '369.0 -247.0 -296.0' goal '-47.0 585.0 -296.0'
ARGEVT Romero hazard
ARGEVT Carmack hazard
ARGLOG Joe Rogan t  84.4 pos '611.4 -384.3 -60.9' spd 441.6 yaw 211 mode 2 st 0 gl 3 hp 20 frg 3
ARGLOG Carmack t  84.5 pos ' 64.5 404.7 -296.0' spd  32.8 yaw 252 mode 2 st 0 gl 2 hp 100 frg 1
ARGLOG Romero t  84.6 pos '276.2 -250.1 -296.0' spd 358.9 yaw 179 mode 2 st 0 gl 2 hp 100 frg 4
ARGEVT Joe Rogan engage Romero
ARGEVT Joe Rogan grab 
ARGEVT Romero engage Joe Rogan
ARGEVT Romero weapon sg
ARGEVT Romero weapon rl
ARGUS Romero leadclip
ARGLOG Joe Rogan t  84.9 pos '443.2 -240.0 -290.3' spd 300 yaw 160.3 mode 2 st 0 gl 3 hp 20 frg 3
ARGLOG Carmack t  85.0 pos ' 81.0 404.6 -296.0' spd  53.8 yaw 249 mode 2 st 0 gl 2 hp 100 frg 1
ARGLOG Romero t  85.1 pos '216.6 -239.9 -296.0' spd 192.3 yaw 356.2 mode 2 st 0 gl 2 hp 100 frg 4
ARGEVT Carmack hazard
ARGLOG Joe Rogan t  85.4 pos '462.0 -243.4 -296.0' spd 240.3 yaw 185.1 mode 2 st 0 gl 3 hp 20 frg 3
ARGEVT Romero hazard
ARGLOG Carmack t  85.5 pos ' 65.3 403.1 -296.0' spd 217.1 yaw 252 mode 2 st 0 gl 2 hp 100 frg 1
ARGLOG Romero t  85.6 pos '245.8 -235.5 -296.0' spd 166.5 yaw 358.0 mode 2 st 0 gl 2 hp 70 frg 4
ARGEVT Joe Rogan hazard
ARGEVT Joe Rogan death Romero pos '497.5 -261.4 -296.0'
ARGUS Romero watch spawn
ARGEVT Romero goal item_armorInv
ARGEVT Romero route 14 start '337.0 -247.0 -296.0' goal '817.0 -855.0 -232.0'
ARGLOG Carmack t  86.0 pos '-30.9 438.6 -296.0' spd 171.5 yaw 268 mode 2 st 0 gl 2 hp 100 frg 1
ARGLOG Romero t  86.1 pos '370.5 -220.3 -296.0' spd 334.6 yaw 21 mode 2 st 0 gl 2 hp 40 frg 5
ARGLOG Carmack t  86.6 pos '-52.0 335.1 -296.0' spd 332.8 yaw 272 mode 2 st 0 gl 2 hp 100 frg 1
ARGLOG Romero t  86.6 pos '542.1 -213.4 -296.0' spd 367.1 yaw  59.1 mode 2 st 0 gl 2 hp 40 frg 5
ARGUS Romero wallslide
ARGEVT Romero hazard
ARGLOG Carmack t  87.1 pos '-44.0 171.9 -296.0' spd 320.0 yaw 279 mode 2 st 0 gl 2 hp 100 frg 1
ARGLOG Romero t  87.1 pos '592.4 -150.9 -296.0' spd 205.8 yaw 260 mode 2 st 0 gl 2 hp 40 frg 5
ARGEVT Joe Rogan respawn
ARGEVT Joe Rogan goal weapon_rocketlauncher
ARGLOG Joe Rogan t  87.3 pos '784.0 -176.0  24.0' spd 0 yaw 184.5 mode 0 st 0 gl 3 hp 100 frg 3
ARGEVT Joe Rogan route 10 start '785.0 -183.0  24.0' goal ' 81.0  73.0 -296.0'
ARGEVT Carmack hazard
ARGLOG Carmack t  87.6 pos '-23.1   9.3 -296.0' spd 320.1 yaw 279 mode 2 st 0 gl 2 hp 100 frg 1
ARGLOG Romero t  87.6 pos '601.1   6.7 -296.0' spd 321.3 yaw  80.5 mode 2 st 0 gl 2 hp 40 frg 5
ARGLOG Joe Rogan t  87.8 pos '640.7 -193.5  24.0' spd 320.0 yaw 187 mode 2 st 0 gl 3 hp 100 frg 3
ARGUS Romero wallslide
ARGEVT Romero route 10 start '625.0 105.0 -296.0' goal '817.0 -855.0 -232.0'
ARGLOG Carmack t  88.1 pos '-32.9 -155.3 -296.0' spd 337.9 yaw 347 mode 2 st 0 gl 2 hp 100 frg 1
ARGLOG Romero t  88.1 pos '544.3  94.7 -296.0' spd 372.2 yaw 242.4 mode 0 st 0 gl 2 hp 65 frg 5
ARGEVT Romero route 11 start '529.0  73.0 -296.0' goal '817.0 -855.0 -232.0'
ARGEVT Joe Rogan engage Carmack
ARGEVT Carmack engage Joe Rogan
ARGEVT Romero hazard
ARGLOG Joe Rogan t  88.3 pos '475.7 -212.4  -3.6' spd 321.4 yaw 177.1 mode 2 st 0 gl 3 hp 100 frg 3
ARGEVT Carmack route 3 start ' 17.0 -247.0 -296.0' goal '465.0 -247.0 -296.0'
ARGLOG Carmack t  88.6 pos ' 45.2 -234.3 -296.0' spd 197.3 yaw 359.8 mode 2 st 0 gl 2 hp 100 frg 1
ARGLOG Romero t  88.6 pos '631.7  18.2 -296.0' spd 326.3 yaw  13.5 mode 2 st 0 gl 2 hp 65 frg 5
ARGEVT Carmack hazard
ARGLOG Joe Rogan t  88.8 pos '472.4 -237.4 -104.0' spd 337.5 yaw 185.7 mode 2 st 0 gl 3 hp 100 frg 3
ARGUS Romero wallslide
ARGLOG Carmack t  89.1 pos ' 95.4 -243.5 -296.0' spd 201.2 yaw 348.0 mode 2 st 0 gl 2 hp 100 frg 1
ARGLOG Romero t  89.2 pos '700.9  29.0 -296.0' spd 324.9 yaw 256 mode 2 st 0 gl 2 hp 65 frg 5
ARGEVT Joe Rogan grab 
ARGLOG Joe Rogan t  89.3 pos '480.5 -411.5 -104.0' spd 285.7 yaw 154.3 mode 2 st 0 gl 3 hp 84 frg 3
ARGEVT Joe Rogan hazard
ARGEVT Romero hazard
ARGLOG Carmack t  89.6 pos '181.1 -223.7 -296.0' spd 218.3 yaw 331.5 mode 2 st 0 gl 2 hp 96 frg 1
ARGUS Joe Rogan wallslide
ARGLOG Romero t  89.7 pos '594.2 -54.8 -296.0' spd 211.9 yaw 163.2 mode 2 st 0 gl 2 hp 65 frg 5
ARGEVT Carmack pursue
ARGEVT Joe Rogan pursue
ARGUS Carmack hunch 
ARGEVT Carmack pursue
ARGLOG Joe Rogan t  89.8 pos '533.8 -423.1 -104.0' spd 274.1 yaw 155 mode 2 st 0 gl 3 hp 80 frg 3
ARGEVT Carmack pursue
ARGEVT Carmack goal backpack
ARGEVT Carmack route 3 start '145.0 -247.0 -296.0' goal '465.0 -247.0 -296.0'
ARGEVT Carmack hazard
ARGLOG Carmack t  90.1 pos '166.9 -226.1 -296.0' spd 311.0 yaw  16.1 mode 2 st 0 gl 2 hp 96 frg 1
ARGEVT Romero engage Carmack
ARGLOG Romero t  90.2 pos '592.0 -190.7 -296.0' spd 335.9 yaw 247.8 mode 2 st 0 gl 2 hp 65 frg 5
ARGLOG Joe Rogan t  90.3 pos '427.1 -455.1 -104.0' spd 286.1 yaw 139.8 mode 2 st 0 gl 3 hp 68 frg 3
ARGEVT Romero route 12 start '593.0 -215.0 -296.0' goal '817.0 -855.0 -232.0'
ARGEVT Joe Rogan grab item_health
ARGEVT Carmack grab 
ARGLOG Carmack t  90.6 pos '199.8 -226.1 -296.0' spd  28.9 yaw 311.8 mode 2 st 0 gl 2 hp 96 frg 1
ARGEVT Joe Rogan pursue
ARGEVT Carmack pursue
ARGLOG Romero t  90.7 pos '568.1 -237.3 -296.0' spd 223.3 yaw 181.7 mode 2 st 0 gl 2 hp 65 frg 5
ARGEVT Carmack pursue
ARGLOG Joe Rogan t  90.8 pos '365.9 -449.2 -104.0' spd 320.0 yaw 137 mode 2 st 0 gl 3 hp 68 frg 3
ARGEVT Carmack hazard
ARGLOG Carmack t  91.1 pos '268.8 -254.8 -296.0' spd 181.7 yaw 293.5 mode 2 st 0 gl 2 hp 46 frg 1
ARGEVT Carmack retreat
ARGLOG Romero t  91.2 pos '513.0 -232.3 -296.0' spd 167.6 yaw 183.9 mode 2 st 0 gl 2 hp 65 frg 5
ARGEVT Carmack death Romero pos '234.1 -240.1 -296.0'
ARGLOG Joe Rogan t  91.3 pos '428.5 -427.8 -104.0' spd 321.0 yaw 353.9 mode 2 st 0 gl 3 hp 68 frg 3
ARGEVT Romero hazard
ARGUS Joe Rogan wallslide
ARGEVT Romero goal item_armorInv
ARGEVT Romero route 12 start '465.0 -247.0 -296.0' goal '817.0 -855.0 -232.0'
ARGLOG Romero t  91.7 pos '518.1 -220.3 -296.0' spd 187.4 yaw 131.7 mode 2 st 0 gl 2 hp 65 frg 6
ARGLOG Joe Rogan t  91.8 pos '553.5 -315.6 -104.0' spd 474.4 yaw 156.1 mode 2 st 0 gl 3 hp 68 frg 3
ARGEVT Joe Rogan hazard
ARGLOG Romero t  92.2 pos '406.1 -229.4 -296.0' spd 375.3 yaw 250 mode 2 st 0 gl 2 hp 65 frg 6
ARGEVT Romero engage Joe Rogan
ARGEVT Romero grab 
ARGEVT Joe Rogan engage Romero
ARGLOG Joe Rogan t  92.3 pos '467.8 -181.8 -104.0' spd  66.7 yaw 214.2 mode 2 st 0 gl 3 hp 68 frg 3
ARGEVT Romero hazard
ARGEVT Romero route 14 start '337.0 -247.0 -296.0' goal '817.0 -855.0 -232.0'
ARGLOG Romero t  92.7 pos '251.4 -252.7 -296.0' spd 359.1 yaw   7.0 mode 2 st 0 gl 2 hp 65 frg 6
ARGEVT Joe Rogan grab 
ARGEVT Carmack respawn
ARGEVT Carmack goal backpack
ARGEVT Carmack engage Joe Rogan
ARGLOG Carmack t  92.8 pos '-64.0 -232.0 -72.0' spd 0 yaw 359.3 mode 0 st 0 gl 2 hp 100 frg 1
ARGEVT Carmack route 8 start '-47.0 -247.0 -72.0' goal '465.0 -247.0 -296.0'
ARGLOG Joe Rogan t  92.9 pos '507.6 -332.6 -104.0' spd 330.5 yaw 164.7 mode 2 st 0 gl 3 hp 68 frg 3
ARGEVT Joe Rogan hazard
ARGLOG Romero t  93.2 pos '196.9 -237.5 -296.0' spd 250.8 yaw 331.3 mode 2 st 0 gl 2 hp 65 frg 6
ARGLOG Carmack t  93.3 pos ' 55.1 -237.7 -72.0' spd 328.4 yaw 344.2 mode 2 st 0 gl 2 hp 100 frg 1
ARGEVT Romero pursue
ARGEVT Joe Rogan pursue
ARGLOG Joe Rogan t  93.4 pos '543.4 -428.1 -104.0' spd 346.3 yaw 146.1 mode 2 st 0 gl 3 hp 68 frg 3
ARGEVT Romero hazard
ARGUS Romero hunch 
ARGEVT Romero pursue
ARGEVT Romero goal item_armorInv
ARGEVT Romero route 14 start '337.0 -247.0 -296.0' goal '817.0 -855.0 -232.0'
ARGLOG Romero t  93.7 pos '264.4 -262.4 -296.0' spd 223.6 yaw 201.9 mode 2 st 0 gl 2 hp 65 frg 6
ARGLOG Carmack t  93.8 pos '135.6 -232.1 -72.0' spd 194.0 yaw 345.1 mode 2 st 0 gl 2 hp 100 frg 1
ARGEVT Carmack grab weapon_grenadelauncher
ARGLOG Joe Rogan t  93.9 pos '465.1 -356.1 -104.0' spd 234.8 yaw 155.9 mode 2 st 0 gl 3 hp 60 frg 3
ARGLOG Romero t  94.2 pos '140.2 -220.1 -296.0' spd 325.3 yaw 323.1 mode 2 st 0 gl 2 hp 60 frg 6
ARGEVT Romero weapon rl
ARGUS Romero leadclip
ARGLOG Carmack t  94.3 pos '130.0 -391.2  -8.0' spd 324.5 yaw 348.2 mode 2 st 0 gl 2 hp 100 frg 1
ARGEVT Romero route 15 start '145.0 -247.0 -296.0' goal '817.0 -855.0 -232.0'
ARGLOG Joe Rogan t  94.4 pos '425.1 -440.4 -102.0' spd  85.5 yaw 149.7 mode 2 st 0 gl 3 hp 48 frg 3
ARGEVT Romero weapon sg
ARGEVT Carmack hazard
ARGUS Carmack wallslide
ARGLOG Romero t  94.7 pos ' 68.4 -227.1 -296.0' spd 323.4 yaw 327.3 mode 2 st 0 gl 2 hp 60 frg 6
ARGEVT Joe Rogan pursue
ARGEVT Romero pursue
ARGEVT Romero hazard
ARGLOG Carmack t  94.8 pos '112.6 -420.7   8.0' spd 109.4 yaw 354.1 mode 2 st 0 gl 2 hp 100 frg 1
ARGEVT Joe Rogan grab item_health
ARGLOG Joe Rogan t  94.9 pos '412.3 -430.2 -104.0' spd 352.5 yaw 144.2 mode 2 st 0 gl 3 hp 40 frg 3
ARGEVT Joe Rogan hazard
ARGLOG Romero t  95.2 pos '195.7 -226.9 -296.0' spd 328.9 yaw 329.2 mode 2 st 0 gl 2 hp 60 frg 6
ARGLOG Carmack t  95.3 pos '112.0 -436.9  24.0' spd 116.0 yaw   3.5 mode 2 st 0 gl 2 hp 100 frg 1
ARGEVT Joe Rogan retreat
ARGLOG Joe Rogan t  95.4 pos '547.6 -424.8 -104.0' spd 433.3 yaw 141.4 mode 2 st 0 gl 3 hp 24 frg 3
ARGEVT Romero pursue
ARGEVT Joe Rogan pursue
ARGLOG Romero t  95.8 pos '278.1 -247.8 -296.0' spd 366.1 yaw 319 mode 2 st 0 gl 2 hp 60 frg 6
ARGLOG Carmack t  95.8 pos '139.8 -443.5  24.0' spd 321.0 yaw   8.6 mode 2 st 0 gl 2 hp 100 frg 1
ARGLOG Joe Rogan t  95.9 pos '538.3 -384.0 -104.0' spd 268.0 yaw 159 mode 2 st 0 gl 3 hp 4 frg 3
