LOG started on: 09/15/2026 23:18:57 
Playing registered version.
UDP Initialized
WIPX_OpenSocket: Address family not supported by protocol family
WIPX_Init: Unable to open control socket, IPX disabled
Exe: 20:02:47 Jul 31 2024
256.0 megabyte heap

Language initialization
Couldn't load 'localization/loc_english.txt'
from 'C:/argus/engine'

========= Quake Initialized =========

execing autoexec.cfg
SpawnServer: dm4
Clearing memory
Programs occupy 883K.
trying to open external vis file
maps/dm4.vis not found, trying argus_bb.vis
external vis not found
ARGUS slots 8
ARGUS worldspawn reached
ARGNAV 137 nodes, 678 links
0 entities inhibited
ARGUS init on dm4
ARGEVT Carmack spawned
ARGEVT Romero spawned
ARGEVT Joe Rogan spawned
Server spawned.
ARGLOG Joe Rogan t   1.2 pos '-64.0 -232.0 -72.0' spd 0 yaw 357.6 mode 0 st 0 gl 0 hp 100 frg 0
ARGLOG Romero t   1.2 pos '112.0 -1136.0 -104.0' spd 0 yaw  92.5 mode 0 st 0 gl 0 hp 100 frg 0
ARGLOG Carmack t   1.2 pos '-64.0 512.0 -296.0' spd 0 yaw 299.6 mode 0 st 0 gl 0 hp 100 frg 0
ARGEVT Carmack hazard
ARGLOG Joe Rogan t   1.7 pos ' 82.3 -237.1 -72.0' spd 320 yaw 357.6 mode 0 st 0 gl 0 hp 100 frg 0
ARGLOG Romero t   1.7 pos '106.9 -989.7 -104.0' spd 320 yaw  92.5 mode 0 st 0 gl 0 hp 100 frg 0
ARGLOG Carmack t   1.7 pos '  5.1 467.4 -296.0' spd 336.1 yaw  66.4 mode 0 st 0 gl 0 hp 100 frg 0
ARGLOG Joe Rogan t   2.2 pos '249.2 -243.2 -78.1' spd 320 yaw 357.6 mode 0 st 0 gl 0 hp 100 frg 0
ARGLOG Romero t   2.2 pos '101.2 -827.6 -104.0' spd 320 yaw  92.5 mode 0 st 0 gl 0 hp 100 frg 0
ARGLOG Carmack t   2.2 pos '-25.8 603.1 -296.0' spd 264.5 yaw 177.7 mode 0 st 0 gl 0 hp 200 frg 0
ARGLOG Joe Rogan t   2.7 pos '394.0 -231.7 -230.3' spd 229.2 yaw 132.3 mode 0 st 0 gl 0 hp 100 frg 0
ARGLOG Romero t   2.7 pos '150.3 -833.4 -104.0' spd 321.2 yaw 295.7 mode 0 st 0 gl 0 hp 100 frg 0
ARGLOG Carmack t   2.7 pos '-71.8 613.4 -296.0' spd 320.6 yaw  10.3 mode 0 st 0 gl 0 hp 200 frg 0
ARGEVT Joe Rogan hazard
ARGLOG Joe Rogan t   3.2 pos '369.6 -242.4 -296.0' spd 320.2 yaw 237.1 mode 0 st 0 gl 0 hp 100 frg 0
ARGLOG Romero t   3.2 pos '228.2 -978.7 -104.0' spd 320.0 yaw 295.7 mode 0 st 0 gl 0 hp 100 frg 0
ARGLOG Carmack t   3.2 pos '-87.5 536.8 -296.0' spd 321.4 yaw 219.0 mode 0 st 0 gl 0 hp 200 frg 0
ARGLOG Joe Rogan t   3.7 pos '332.1 -279.4 -296.0' spd 320.0 yaw 189.7 mode 0 st 0 gl 0 hp 100 frg 0
ARGLOG Romero t   3.7 pos '257.3 -1036.8 -104.0' spd 320.0 yaw 116.2 mode 0 st 0 gl 0 hp 100 frg 0
ARGLOG Carmack t   3.7 pos '-68.3 524.5 -296.0' spd 320.2 yaw  31.4 mode 0 st 0 gl 0 hp 200 frg 0
ARGEVT Joe Rogan goal weapon_rocketlauncher
ARGEVT Romero goal item_armorInv
ARGEVT Carmack goal weapon_lightning
ARGEVT Joe Rogan route 6 start '369.0 -215.0 -296.0' goal ' 81.0  73.0 -296.0'
ARGEVT Joe Rogan hazard
ARGLOG Joe Rogan t   4.3 pos '392.1 -167.2 -296.0' spd 336.3 yaw  95.0 mode 0 st 0 gl 0 hp 100 frg 0
ARGLOG Romero t   4.3 pos '195.9 -882.3 -104.0' spd 390.1 yaw  51.2 mode 0 st 0 gl 0 hp 100 frg 0
ARGLOG Carmack t   4.3 pos '-23.9 476.6 -296.0' spd 368.7 yaw 302.9 mode 0 st 0 gl 0 hp 200 frg 0
ARGUS routecache adopt
ARGEVT Joe Rogan route 6 start '369.0 -215.0 -296.0' goal ' 81.0  73.0 -296.0'
ARGEVT Romero route 9 start '177.0 -855.0 -104.0' goal '817.0 -855.0 -232.0'
ARGEVT Carmack hazard
ARGEVT Carmack route 16 start '-15.0 457.0 -296.0' goal '529.0 -311.0 -104.0'
ARGEVT Romero hazard
ARGLOG Joe Rogan t   4.8 pos '339.5 -37.1 -296.0' spd  73.6 yaw 214 mode 2 st 0 gl 0 hp 100 frg 0
ARGLOG Romero t   4.8 pos '283.6 -752.0 -104.0' spd 318.7 yaw 68 mode 2 st 0 gl 0 hp 100 frg 0
ARGLOG Carmack t   4.8 pos '-65.8 340.7 -296.0' spd 326.0 yaw 275 mode 2 st 0 gl 0 hp 200 frg 0
ARGLOG Joe Rogan t   5.3 pos '334.9 -189.1 -296.0' spd 320.4 yaw 174 mode 2 st 0 gl 0 hp 100 frg 0
ARGLOG Romero t   5.3 pos '366.8 -619.0 -104.0' spd 352.5 yaw 74 mode 2 st 0 gl 0 hp 100 frg 0
ARGLOG Carmack t   5.3 pos '-80.8 249.3 -296.0' spd 375.4 yaw 302.4 mode 2 st 0 gl 0 hp 200 frg 0
ARGEVT Carmack hazard
ARGEVT Joe Rogan hazard
ARGUS routecache adopt
ARGEVT Carmack route 14 start '-111.0 201.0 -296.0' goal '529.0 -311.0 -104.0'
ARGLOG Joe Rogan t   5.8 pos '216.6 -218.4 -296.0' spd 343.2 yaw 165 mode 2 st 0 gl 0 hp 100 frg 0
ARGLOG Romero t   5.8 pos '379.0 -451.5 -104.0' spd 348.7 yaw 353 mode 2 st 0 gl 0 hp 100 frg 0
ARGLOG Carmack t   5.8 pos '-56.4 187.6 -296.0' spd 225.9 yaw 272 mode 2 st 0 gl 0 hp 200 frg 0
ARGEVT Joe Rogan engage Romero
ARGEVT Romero engage Joe Rogan
ARGEVT Romero grab weapon_lightning
ARGLOG Joe Rogan t   6.3 pos ' 91.7 -239.1 -296.0' spd 214.3 yaw   0.0 mode 2 st 0 gl 0 hp 100 frg 0
ARGLOG Romero t   6.3 pos '487.8 -326.1 -104.0' spd 355.7 yaw 162.4 mode 2 st 0 gl 0 hp 100 frg 0
ARGLOG Carmack t   6.3 pos '-45.2  29.5 -296.0' spd 232.4 yaw 334.4 mode 2 st 0 gl 0 hp 200 frg 0
ARGEVT Carmack goal weapon_rocketlauncher
ARGEVT Carmack route 17 start '-47.0  73.0 -296.0' goal '753.0 -887.0 -232.0'
ARGEVT Romero grab item_armor1
ARGEVT Carmack hazard
ARGEVT Romero weapon sg
ARGEVT Joe Rogan hazard
ARGLOG Joe Rogan t   6.8 pos ' 86.3 -239.4 -296.0' spd 120.5 yaw  21.9 mode 2 st 0 gl 0 hp 100 frg 0
ARGLOG Romero t   6.8 pos '532.4 -160.3 -104.0' spd 329.2 yaw 183.3 mode 2 st 0 gl 0 hp 100 frg 0
ARGLOG Carmack t   6.8 pos '-26.8 -126.9 -296.0' spd 325.1 yaw 342 mode 2 st 0 gl 0 hp 200 frg 0
ARGEVT Romero weapon lg
ARGEVT Carmack engage Joe Rogan
ARGUS routecache adopt
ARGEVT Carmack route 15 start ' 17.0 -247.0 -296.0' goal '753.0 -887.0 -232.0'
ARGEVT Romero route 6 start '529.0 -55.0 -104.0' goal '817.0 -855.0 -232.0'
ARGLOG Joe Rogan t   7.3 pos '179.7 -257.1 -296.0' spd 214.8 yaw  27.0 mode 2 st 0 gl 0 hp 100 frg 0
ARGLOG Romero t   7.3 pos '506.7 -58.8 -104.0' spd 247.9 yaw 210.0 mode 2 st 0 gl 0 hp 100 frg 0
ARGLOG Carmack t   7.3 pos '-10.3 -244.6 -296.0' spd 188.3 yaw 353.9 mode 0 st 0 gl 0 hp 199 frg 0
ARGEVT Carmack route 15 start ' 17.0 -247.0 -296.0' goal '753.0 -887.0 -232.0'
ARGUS routecache adopt
ARGEVT Carmack route 15 start ' 17.0 -247.0 -296.0' goal '753.0 -887.0 -232.0'
ARGEVT Joe Rogan hazard
ARGLOG Joe Rogan t   7.8 pos '259.3 -245.5 -296.0' spd 304.1 yaw 345.8 mode 2 st 0 gl 0 hp 76 frg 0
ARGLOG Romero t   7.8 pos '548.7 -215.6 -104.0' spd 323.8 yaw 192.4 mode 2 st 0 gl 0 hp 100 frg 0
ARGLOG Carmack t   7.8 pos ' 32.0 -248.1 -296.0' spd 120.9 yaw 357.5 mode 2 st 0 gl 0 hp 199 frg 0
ARGEVT Joe Rogan pursue
ARGEVT Romero pursue
ARGEVT Carmack hazard
ARGEVT Romero hazard
ARGEVT Joe Rogan route 6 start '369.0 -215.0 -296.0' goal ' 81.0  73.0 -296.0'
ARGUS Joe Rogan hunch item_artifact_super_damage
ARGUS Romero hunch item_artifact_super_damage
ARGLOG Joe Rogan t   8.3 pos '392.9 -207.0 -296.0' spd  40.6 yaw 178.7 mode 2 st 0 gl 0 hp 60 frg 0
ARGLOG Romero t   8.3 pos '469.7 -332.3 -104.0' spd 286.9 yaw 335.8 mode 2 st 0 gl 0 hp 100 frg 0
ARGLOG Carmack t   8.3 pos ' 90.3 -235.7 -296.0' spd 182.8 yaw   6.0 mode 2 st 0 gl 0 hp 198 frg 0
ARGEVT Joe Rogan goal weapon_rocketlauncher
ARGUS routecache adopt
ARGEVT Joe Rogan route 6 start '369.0 -215.0 -296.0' goal ' 81.0  73.0 -296.0'
ARGEVT Romero goal item_armorInv
ARGEVT Romero route 5 start '433.0 -375.0 -104.0' goal '817.0 -855.0 -232.0'
ARGEVT Romero pursue
ARGEVT Joe Rogan pursue
ARGEVT Joe Rogan pursue
ARGEVT Joe Rogan pursue
ARGEVT Joe Rogan route 6 start '369.0 -215.0 -296.0' goal ' 81.0  73.0 -296.0'
ARGLOG Joe Rogan t   8.8 pos '332.9 -112.9 -296.0' spd 328.7 yaw  94.3 mode 0 st 0 gl 0 hp 40 frg 0
ARGLOG Romero t   8.8 pos '463.2 -432.0 -104.0' spd 410.5 yaw 219.6 mode 2 st 0 gl 0 hp 100 frg 0
ARGLOG Carmack t   8.8 pos '149.2 -234.8 -296.0' spd 247.2 yaw  27.4 mode 2 st 0 gl 0 hp 198 frg 0
ARGEVT Joe Rogan hazard
ARGEVT Romero grab item_cells
ARGEVT Joe Rogan route 7 start '337.0 -119.0 -296.0' goal ' 81.0  73.0 -296.0'
ARGEVT Romero weapon sg
ARGEVT Joe Rogan retreat
ARGEVT Carmack hazard
ARGLOG Joe Rogan t   9.3 pos '362.5  21.1 -288.0' spd 321.4 yaw 256.2 mode 2 st 0 gl 0 hp 16 frg 0
ARGLOG Romero t   9.3 pos '328.5 -541.8 -104.0' spd 352.6 yaw  88.1 mode 0 st 0 gl 0 hp 100 frg 0
ARGLOG Carmack t   9.3 pos '177.5 -219.5 -296.0' spd  92.8 yaw  50.0 mode 2 st 0 gl 0 hp 197 frg 0
ARGEVT Romero route 6 start '337.0 -567.0 -104.0' goal '817.0 -855.0 -232.0'
ARGEVT Joe Rogan pursue
ARGEVT Romero pursue
ARGLOG Joe Rogan t   9.8 pos '368.9  48.8 -288.0' spd 320.1 yaw 270 mode 2 st 0 gl 0 hp 16 frg 0
ARGLOG Romero t   9.8 pos '365.6 -564.7 -104.0' spd 324.8 yaw 90 mode 2 st 0 gl 0 hp 100 frg 0
ARGEVT Carmack pursue
ARGLOG Carmack t   9.8 pos '163.4 -233.7 -296.0' spd 346.4 yaw 280.1 mode 2 st 0 gl 0 hp 197 frg 0
ARGEVT Romero weapon lg
ARGEVT Joe Rogan death Carmack pos '371.2 -42.8 -296.0'
ARGUS Carmack watch spawn
ARGEVT Carmack goal weapon_rocketlauncher
ARGEVT Carmack route 5 start '337.0 -247.0 -296.0' goal ' 81.0  73.0 -296.0'
ARGLOG Romero t  10.3 pos '338.2 -499.6 -104.0' spd 341.0 yaw 196.8 mode 2 st 0 gl 0 hp 100 frg 0
ARGLOG Carmack t  10.3 pos '310.6 -249.0 -296.0' spd 390.8 yaw 164 mode 2 st 0 gl 0 hp 196 frg 1
ARGEVT Carmack hazard
ARGEVT Romero hazard
ARGEVT Carmack route 6 start '369.0 -215.0 -296.0' goal ' 81.0  73.0 -296.0'
ARGEVT Carmack engage Romero
ARGEVT Carmack grab 
ARGEVT Romero engage Carmack
ARGEVT Romero grab weapon_grenadelauncher
ARGLOG Romero t  10.8 pos '251.5 -431.7 -104.0' spd 305.2 yaw  85.4 mode 2 st 0 gl 0 hp 100 frg 0
ARGLOG Carmack t  10.8 pos '429.8 -200.3 -296.0' spd  98.7 yaw 303.6 mode 0 st 0 gl 0 hp 196 frg 1
ARGEVT Carmack route 7 start '465.0 -247.0 -296.0' goal ' 81.0  73.0 -296.0'
ARGEVT Carmack route 6 start '369.0 -215.0 -296.0' goal ' 81.0  73.0 -296.0'
ARGLOG Romero t  11.3 pos '140.2 -418.3 -104.0' spd  88.9 yaw  57.6 mode 2 st 0 gl 0 hp 100 frg 0
ARGLOG Carmack t  11.3 pos '345.4 -84.1 -296.0' spd 311.6 yaw 237.7 mode 2 st 0 gl 0 hp 195 frg 1
ARGEVT Romero weapon gl
ARGEVT Joe Rogan respawn
ARGEVT Joe Rogan goal weapon_rocketlauncher
ARGLOG Joe Rogan t  11.7 pos '-64.0 -232.0 -72.0' spd 0 yaw 355.5 mode 0 st 0 gl 0 hp 100 frg 0
ARGEVT Carmack hazard
ARGEVT Joe Rogan route 10 start '-47.0 -247.0 -72.0' goal '753.0 -887.0 -232.0'
ARGLOG Romero t  11.8 pos '215.5 -432.0 -101.9' spd 294.8 yaw  73.6 mode 2 st 0 gl 0 hp 84 frg 0
ARGLOG Carmack t  11.8 pos '370.4  55.2 -288.0' spd 330.5 yaw 262.3 mode 2 st 0 gl 0 hp 135 frg 1
ARGEVT Joe Rogan hazard
ARGLOG Joe Rogan t  12.2 pos ' 80.8 -266.7 -72.0' spd 320.6 yaw   5.2 mode 2 st 0 gl 0 hp 100 frg 0
ARGEVT Joe Rogan engage Romero
ARGEVT Romero grab item_cells
ARGLOG Romero t  12.3 pos '374.8 -433.2 -104.0' spd 277.4 yaw  78.2 mode 2 st 0 gl 0 hp 84 frg 0
ARGLOG Carmack t  12.3 pos '374.1  49.6 -288.0' spd  99.3 yaw 285.8 mode 2 st 0 gl 0 hp 134 frg 1
ARGEVT Romero hazard
ARGLOG Joe Rogan t  12.7 pos '196.4 -268.7 -72.0' spd 339.9 yaw 315.8 mode 0 st 0 gl 0 hp 100 frg 0
ARGEVT Carmack hazard
ARGEVT Joe Rogan route 10 start '145.0 -247.0 -72.0' goal '753.0 -887.0 -232.0'
ARGEVT Joe Rogan jump
ARGEVT Romero grab item_health
ARGLOG Romero t  12.8 pos '417.1 -509.7 -104.0' spd 147.4 yaw  87.7 mode 2 st 0 gl 0 hp 68 frg 0
ARGLOG Carmack t  12.8 pos '379.0 -16.7 -296.0' spd 113.7 yaw 273.6 mode 2 st 0 gl 0 hp 134 frg 1
ARGEVT Carmack weapon sg
ARGEVT Carmack pursue
ARGEVT Romero pursue
ARGLOG Joe Rogan t  13.2 pos '135.3 -304.0 -17.8' spd 121.8 yaw 318.9 mode 2 st 0 gl 0 hp 100 frg 0
ARGEVT Romero weapon lg
ARGLOG Romero t  13.3 pos '405.6 -437.2 -104.0' spd 299.2 yaw  89.6 mode 2 st 0 gl 0 hp 66 frg 0
ARGLOG Carmack t  13.3 pos '379.5 -157.3 -296.0' spd 312.1 yaw 272.7 mode 0 st 0 gl 0 hp 133 frg 1
ARGEVT Carmack route 6 start '369.0 -215.0 -296.0' goal ' 81.0  73.0 -296.0'
ARGUS routecache adopt
ARGEVT Carmack route 6 start '369.0 -215.0 -296.0' goal ' 81.0  73.0 -296.0'
ARGLOG Joe Rogan t  13.7 pos '150.7 -243.0 -72.0' spd 321.1 yaw 335.2 mode 2 st 0 gl 0 hp 100 frg 0
ARGEVT Carmack pursue
ARGEVT Carmack hazard
ARGEVT Romero pursue
ARGLOG Romero t  13.8 pos '510.9 -409.4 -104.0' spd 273.5 yaw 117 mode 2 st 0 gl 0 hp 61 frg 0
ARGLOG Carmack t  13.8 pos '318.0 -198.3 -296.0' spd 146.4 yaw 290 mode 2 st 0 gl 0 hp 133 frg 1
ARGEVT Joe Rogan jump
ARGLOG Joe Rogan t  14.2 pos '156.2 -304.5 -36.0' spd  41.4 yaw 353.7 mode 2 st 0 gl 0 hp 100 frg 0
ARGLOG Romero t  14.4 pos '508.0 -374.3 -104.0' spd 208.9 yaw 151.2 mode 2 st 0 gl 0 hp 47 frg 0
ARGLOG Carmack t  14.4 pos '235.6 -229.3 -296.0' spd 167.5 yaw 336.1 mode 2 st 0 gl 0 hp 132 frg 1
ARGEVT Carmack pursue
ARGLOG Joe Rogan t  14.7 pos '143.4 -321.4 -40.0' spd  43.2 yaw 358.3 mode 2 st 0 gl 0 hp 100 frg 0
ARGEVT Romero pursue
ARGUS Carmack hunch item_health
ARGLOG Romero t  14.9 pos '543.7 -257.1 -104.0' spd 370.5 yaw 176 mode 2 st 0 gl 0 hp 45 frg 0
ARGEVT Carmack pursue
ARGLOG Carmack t  14.9 pos '254.1 -225.3 -296.0' spd 116.9 yaw 138.4 mode 2 st 0 gl 0 hp 132 frg 1
ARGEVT Carmack goal weapon_rocketlauncher
ARGUS routecache adopt
ARGEVT Carmack route 5 start '337.0 -247.0 -296.0' goal ' 81.0  73.0 -296.0'
ARGEVT Carmack hazard
ARGEVT Romero hazard
ARGLOG Joe Rogan t  15.2 pos '197.3 -461.3  24.0' spd 336.0 yaw  40.2 mode 2 st 0 gl 0 hp 100 frg 0
ARGLOG Romero t  15.4 pos '464.9 -253.5 -104.0' spd 336.8 yaw 179.3 mode 2 st 0 gl 0 hp 29 frg 0
ARGLOG Carmack t  15.4 pos '160.3 -229.4 -296.0' spd 390.8 yaw   7.8 mode 2 st 0 gl 0 hp 71 frg 1
ARGEVT Joe Rogan hazard
ARGLOG Joe Rogan t  15.7 pos '339.7 -529.5  24.0' spd 324.2 yaw  52.9 mode 2 st 0 gl 0 hp 100 frg 0
ARGEVT Carmack death Romero pos ' 32.9 -245.7 -296.0'
ARGUS Romero watch spawn
ARGLOG Romero t  15.9 pos '434.3 -413.8 -104.0' spd 324.5 yaw 236 mode 2 st 0 gl 0 hp 29 frg 1
ARGEVT Romero weapon gl
ARGEVT Romero goal item_health
ARGEVT Romero route 3 start '433.0 -375.0 -104.0' goal '465.0 -471.0  24.0'
ARGEVT Joe Rogan pursue
ARGEVT Romero jump
ARGUS Joe Rogan hunch item_health
ARGLOG Joe Rogan t  16.2 pos '347.8 -403.5  21.4' spd 305.2 yaw 209.4 mode 2 st 0 gl 0 hp 100 frg 0
ARGEVT Joe Rogan goal weapon_rocketlauncher
ARGLOG Romero t  16.4 pos '356.8 -528.0 -60.8' spd 156.5 yaw 27 mode 2 st 0 gl 0 hp 29 frg 1
ARGEVT Joe Rogan route 10 start '305.0 -471.0  24.0' goal ' 81.0  73.0 -296.0'
ARGEVT Romero engage Joe Rogan
ARGEVT Romero weapon sg
ARGEVT Romero grab item_cells
ARGEVT Romero weapon gl
ARGEVT Romero hazard
ARGLOG Joe Rogan t  16.7 pos '257.1 -317.3 -112.0' spd 257.5 yaw 286.6 mode 2 st 0 gl 0 hp 100 frg 0
ARGLOG Romero t  16.9 pos '328.7 -601.2 -104.0' spd 382.6 yaw 114.0 mode 2 st 0 gl 0 hp 29 frg 1
ARGEVT Joe Rogan grab 
ARGLOG Joe Rogan t  17.2 pos '166.7 -247.9 -296.0' spd 342.6 yaw 200.8 mode 2 st 0 gl 0 hp 95 frg 0
ARGEVT Romero pursue
ARGEVT Joe Rogan hazard
ARGEVT Carmack respawn
ARGEVT Carmack goal weapon_rocketlauncher
ARGLOG Carmack t  17.3 pos '776.0 -808.0 -232.0' spd 0 yaw  94.8 mode 1 st 0 gl 0 hp 100 frg 1
ARGLOG Romero t  17.4 pos '304.8 -558.1 -104.0' spd 322.8 yaw 105 mode 2 st 0 gl 0 hp 29 frg 1
ARGEVT Romero jump
ARGEVT Carmack hazard
ARGUS routecache adopt
ARGEVT Joe Rogan route 4 start ' 17.0 -247.0 -296.0' goal ' 81.0  73.0 -296.0'
ARGLOG Joe Rogan t  17.7 pos '  4.4 -272.0 -296.0' spd 320.1 yaw 177.1 mode 2 st 0 gl 0 hp 95 frg 0
ARGLOG Carmack t  17.8 pos '722.7 -814.9 -232.0' spd 381.3 yaw 240.3 mode 1 st 0 gl 0 hp 100 frg 1
ARGUS Romero hunch item_artifact_super_damage
ARGEVT Carmack goal item_rockets
ARGLOG Romero t  17.9 pos '308.8 -404.3 -61.3' spd 216.5 yaw 314.2 mode 2 st 0 gl 0 hp 29 frg 1
ARGEVT Carmack route 8 start '753.0 -887.0 -232.0' goal '401.0 -791.0 -104.0'
ARGEVT Joe Rogan pursue
ARGEVT Romero goal item_health
ARGEVT Carmack engage Romero
ARGEVT Romero hazard
ARGLOG Joe Rogan t  18.2 pos '-78.2 -207.5 -296.0' spd 189.4 yaw  31.9 mode 2 st 0 gl 0 hp 95 frg 0
ARGLOG Carmack t  18.3 pos '368.0   4.1 -274.0' spd 300 yaw 263.9 mode 0 st 0 gl 1 hp 100 frg 1
ARGEVT Carmack route 7 start '369.0   9.0 -296.0' goal '401.0 -791.0 -104.0'
ARGLOG Romero t  18.4 pos '331.5 -419.7 -104.0' spd 325.9 yaw 102.0 mode 1 st 0 gl 0 hp 29 frg 1
ARGEVT Joe Rogan hazard
ARGLOG Joe Rogan t  18.7 pos '-57.1 -206.2 -296.0' spd 320.1 yaw 319.5 mode 2 st 0 gl 0 hp 95 frg 0
ARGLOG Carmack t  18.8 pos '368.0 -34.9 -296.0' spd 300 yaw 251.7 mode 2 st 0 gl 1 hp 100 frg 1
ARGEVT Joe Rogan pursue
ARGEVT Romero pursue
ARGLOG Romero t  18.9 pos '263.2 -501.2 -104.0' spd 244.7 yaw  56.5 mode 1 st 0 gl 0 hp 29 frg 1
ARGEVT Joe Rogan route 4 start ' 17.0 -247.0 -296.0' goal ' 81.0  73.0 -296.0'
ARGEVT Romero hazard
ARGLOG Joe Rogan t  19.3 pos ' 34.2 -269.0 -296.0' spd 360.1 yaw  43.3 mode 2 st 0 gl 0 hp 95 frg 0
ARGEVT Joe Rogan pursue
ARGLOG Carmack t  19.3 pos '369.6 -131.1 -296.0' spd 214.8 yaw 230.6 mode 2 st 0 gl 1 hp 100 frg 1
ARGEVT Carmack hazard
ARGLOG Romero t  19.4 pos '219.8 -404.4 -104.0' spd 355.0 yaw 111.1 mode 1 st 0 gl 0 hp 29 frg 1
ARGLOG Joe Rogan t  19.8 pos ' 34.1 -225.3 -296.0' spd 320.9 yaw 296.7 mode 2 st 0 gl 0 hp 95 frg 0
ARGLOG Carmack t  19.8 pos '351.6 -133.2 -296.0' spd 200.1 yaw 225.8 mode 2 st 0 gl 1 hp 100 frg 1
ARGLOG Romero t  20.0 pos '143.9 -414.1 -104.0' spd  89.6 yaw 141.1 mode 1 st 0 gl 0 hp 29 frg 1
ARGEVT Joe Rogan pursue
ARGEVT Romero pursue
ARGEVT Joe Rogan hazard
ARGUS routecache adopt
ARGEVT Joe Rogan route 4 start ' 17.0 -247.0 -296.0' goal ' 81.0  73.0 -296.0'
ARGEVT Romero hazard
ARGLOG Joe Rogan t  20.3 pos ' -0.1 -272.0 -296.0' spd 304.8 yaw 356.3 mode 2 st 0 gl 0 hp 95 frg 0
ARGLOG Carmack t  20.3 pos '356.8 -123.2 -296.0' spd 127.3 yaw 223.3 mode 2 st 0 gl 1 hp 100 frg 1
ARGEVT Carmack hazard
ARGLOG Romero t  20.5 pos '125.0 -378.2 -104.0' spd 147.6 yaw  20.5 mode 1 st 0 gl 0 hp 29 frg 1
ARGEVT Romero pursue
ARGLOG Joe Rogan t  20.8 pos ' 45.4 -210.9 -296.0' spd 283.5 yaw 318.0 mode 2 st 0 gl 0 hp 95 frg 0
ARGLOG Carmack t  20.8 pos '359.2 -122.8 -296.0' spd  43.2 yaw 224.6 mode 2 st 0 gl 1 hp 100 frg 1
ARGLOG Romero t  21.0 pos '130.9 -407.5 -104.0' spd 117.6 yaw 135.2 mode 1 st 0 gl 0 hp 29 frg 1
ARGEVT Joe Rogan pursue
ARGEVT Romero pursue
ARGEVT Joe Rogan hazard
ARGLOG Joe Rogan t  21.3 pos '-39.6 -259.3 -296.0' spd 332.5 yaw 324 mode 2 st 0 gl 0 hp 95 frg 0
ARGEVT Romero hazard
ARGEVT Romero pursue
ARGLOG Carmack t  21.3 pos '358.4 -121.3 -296.0' spd  37.9 yaw 218.3 mode 2 st 0 gl 1 hp 100 frg 1
ARGLOG Romero t  21.5 pos '121.1 -395.1 -104.0' spd  30.1 yaw 105 mode 1 st 0 gl 0 hp 29 frg 1
ARGUS routecache adopt
ARGEVT Joe Rogan route 4 start ' 17.0 -247.0 -296.0' goal ' 81.0  73.0 -296.0'
ARGEVT Romero pursue
ARGEVT Romero death Carmack pos '112.0 -371.1 -104.0'
ARGUS Carmack watch spawn
ARGEVT Joe Rogan engage Carmack
ARGEVT Carmack engage Joe Rogan
ARGLOG Joe Rogan t  21.8 pos '106.6 -271.2 -296.0' spd  91.2 yaw  47.0 mode 2 st 0 gl 0 hp 95 frg 0
ARGEVT Carmack goal backpack
ARGEVT Carmack route 5 start '337.0 -119.0 -296.0' goal '145.0 -407.0 -104.0'
ARGLOG Carmack t  21.9 pos '347.9 -89.7 -296.0' spd  93.8 yaw 219.7 mode 2 st 0 gl 1 hp 100 frg 2
ARGEVT Carmack hazard
ARGEVT Carmack weapon sg
ARGLOG Joe Rogan t  22.3 pos ' 62.0 -255.2 -296.0' spd  37.7 yaw   6.5 mode 2 st 0 gl 0 hp 95 frg 0
ARGLOG Carmack t  22.4 pos '426.7 -199.4 -296.0' spd 328.0 yaw 194.8 mode 0 st 0 gl 1 hp 100 frg 2
ARGEVT Carmack route 7 start '465.0 -247.0 -296.0' goal '145.0 -407.0 -104.0'
ARGEVT Joe Rogan hazard
ARGLOG Joe Rogan t  22.8 pos '102.3 -234.5 -296.0' spd 219.8 yaw 358.8 mode 2 st 0 gl 0 hp 95 frg 0
ARGLOG Carmack t  22.9 pos '524.0 -233.9 -296.0' spd  61.1 yaw 185.9 mode 2 st 0 gl 1 hp 96 frg 2
ARGEVT Romero respawn
ARGEVT Romero goal item_armor2
ARGLOG Romero t  23.2 pos '784.0 -176.0  24.0' spd 0 yaw 175.5 mode 0 st 0 gl 0 hp 100 frg 1
ARGEVT Romero route 4 start '785.0 -183.0  24.0' goal '1169.0 -599.0  24.0'
ARGLOG Joe Rogan t  23.3 pos '172.1 -240.2 -296.0' spd 148.5 yaw 359.3 mode 2 st 0 gl 0 hp 83 frg 0
ARGLOG Carmack t  23.4 pos '530.7 -236.5 -296.0' spd 111.7 yaw 172.4 mode 2 st 0 gl 1 hp 92 frg 2
ARGEVT Joe Rogan hazard
ARGLOG Romero t  23.7 pos '638.0 -158.0  24.0' spd 327.1 yaw 191 mode 2 st 0 gl 0 hp 100 frg 1
ARGEVT Romero engage Joe Rogan
ARGLOG Joe Rogan t  23.8 pos '246.1 -242.6 -296.0' spd 165.6 yaw   1.8 mode 2 st 0 gl 0 hp 83 frg 0
ARGLOG Carmack t  23.9 pos '512.2 -243.9 -296.0' spd  79.0 yaw 174.7 mode 2 st 0 gl 1 hp 88 frg 2
ARGEVT Romero route 5 start '593.0 -151.0  24.0' goal '1169.0 -599.0  24.0'
ARGLOG Romero t  24.2 pos '506.1 -49.8   1.0' spd 326.0 yaw 212.6 mode 2 st 0 gl 0 hp 100 frg 1
ARGLOG Joe Rogan t  24.3 pos '271.5 -239.2 -296.0' spd 200.9 yaw 353.8 mode 2 st 0 gl 0 hp 39 frg 0
ARGLOG Carmack t  24.4 pos '496.5 -245.0 -296.0' spd  93.6 yaw 187.6 mode 2 st 0 gl 1 hp 84 frg 2
ARGEVT Joe Rogan hazard
ARGEVT Joe Rogan route 5 start '337.0 -247.0 -296.0' goal ' 81.0  73.0 -296.0'
ARGLOG Romero t  24.7 pos '498.6 -92.7 -104.0' spd 320.6 yaw 218.4 mode 2 st 0 gl 0 hp 100 frg 1
ARGEVT Romero jump
ARGLOG Joe Rogan t  24.8 pos '327.1 -219.9 -296.0' spd 217.2 yaw 351.7 mode 2 st 0 gl 0 hp 39 frg 0
ARGLOG Carmack t  24.9 pos '466.6 -237.4 -296.0' spd 220.1 yaw 174.9 mode 2 st 0 gl 1 hp 84 frg 2
ARGEVT Romero pursue
ARGEVT Joe Rogan retreat
ARGLOG Romero t  25.2 pos '518.9 -159.2 -61.0' spd  45.3 yaw 201 mode 2 st 0 gl 0 hp 100 frg 1
ARGLOG Joe Rogan t  25.3 pos '348.7 -221.0 -296.0' spd 189.3 yaw 359.5 mode 2 st 0 gl 0 hp 15 frg 0
ARGLOG Carmack t  25.4 pos '484.9 -249.1 -296.0' spd  72.6 yaw 166.3 mode 2 st 0 gl 1 hp 80 frg 2
ARGUS Romero hunch item_artifact_super_damage
ARGEVT Joe Rogan hazard
ARGEVT Joe Rogan death Carmack pos '318.2 -213.7 -296.0'
ARGEVT Romero goal weapon_rocketlauncher
ARGEVT Romero route 8 start '465.0 -151.0 -104.0' goal ' 81.0  73.0 -296.0'
ARGLOG Romero t  25.7 pos '477.8 -152.1 -104.0' spd 189.4 yaw  53.5 mode 2 st 0 gl 0 hp 100 frg 1
ARGEVT Carmack goal backpack
ARGEVT Carmack hazard
ARGLOG Carmack t  25.9 pos '395.8 -254.8 -296.0' spd 331.8 yaw 158 mode 1 st 0 gl 1 hp 80 frg 3
ARGEVT Carmack jump
ARGEVT Carmack weapon rl
ARGEVT Carmack goal weapon_lightning
ARGEVT Carmack route 2 start '337.0 -247.0 -296.0' goal '529.0 -311.0 -104.0'
ARGLOG Romero t  26.2 pos '623.9 -132.1 -104.0' spd 331.4 yaw 249.0 mode 2 st 0 gl 0 hp 100 frg 1
ARGLOG Carmack t  26.4 pos '336.7 -197.6 -264.1' spd 217.6 yaw 330 mode 2 st 0 gl 2 hp 80 frg 3
ARGEVT Carmack rjump
ARGLOG Romero t  26.7 pos '496.9 -253.4 -104.0' spd 382.5 yaw 149 mode 2 st 0 gl 0 hp 100 frg 1
ARGEVT Romero hazard
ARGEVT Romero engage Carmack
ARGEVT Carmack engage Romero
ARGEVT Carmack weapon sg
ARGLOG Carmack t  26.9 pos '397.1 -155.9 -143.2' spd  30.9 yaw 325.1 mode 2 st 0 gl 2 hp 70 frg 3
ARGEVT Joe Rogan respawn
ARGEVT Joe Rogan goal item_armor2
ARGLOG Joe Rogan t  27.1 pos '784.0 -176.0  24.0' spd 0 yaw 184.5 mode 0 st 0 gl 0 hp 100 frg 0
ARGEVT Joe Rogan route 4 start '785.0 -183.0  24.0' goal '1169.0 -599.0  24.0'
ARGLOG Romero t  27.2 pos '563.9 -151.0 -104.0' spd 390.6 yaw 174.6 mode 2 st 0 gl 0 hp 100 frg 1
ARGEVT Carmack weapon rl
ARGEVT Romero grab item_armor1
ARGEVT Joe Rogan engage Carmack
ARGEVT Romero route 8 start '561.0 -87.0 -104.0' goal ' 81.0  73.0 -296.0'
ARGLOG Carmack t  27.4 pos '381.7 -171.7 -75.7' spd  61.2 yaw  40.8 mode 1 st 0 gl 2 hp 70 frg 3
ARGLOG Joe Rogan t  27.6 pos '667.7 -173.7  24.0' spd 260.4 yaw 185.2 mode 2 st 0 gl 0 hp 100 frg 0
ARGLOG Romero t  27.7 pos '566.6   2.8 -68.0' spd  28.8 yaw 227.5 mode 2 st 0 gl 0 hp 21 frg 1
ARGLOG Carmack t  27.9 pos '344.8 -186.8 -215.3' spd 137.2 yaw  30.9 mode 1 st 0 gl 2 hp 69 frg 3
ARGLOG Joe Rogan t  28.1 pos '592.8 -96.8  24.0' spd 321.5 yaw 200.5 mode 0 st 0 gl 0 hp 100 frg 0
ARGEVT Joe Rogan route 5 start '593.0 -151.0  24.0' goal '1169.0 -599.0  24.0'
ARGLOG Romero t  28.2 pos '556.5  -6.1 -104.0' spd 134.2 yaw 223.5 mode 2 st 0 gl 0 hp 21 frg 1
ARGUS Romero bodyblock
ARGUS Joe Rogan bodyblock
ARGEVT Romero grab item_health
ARGEVT Romero pursue
ARGEVT Carmack pursue
ARGEVT Carmack hazard
ARGEVT Joe Rogan pursue
ARGLOG Carmack t  28.4 pos '389.8 -254.4 -296.0' spd 109.1 yaw 55 mode 1 st 0 gl 2 hp 63 frg 3
ARGUS Carmack hunch item_artifact_super_damage
ARGEVT Carmack pursue
ARGEVT Carmack goal weapon_lightning
ARGEVT Carmack route 9 start '369.0 -215.0 -296.0' goal '529.0 -311.0 -104.0'
ARGLOG Joe Rogan t  28.6 pos '531.1 -86.7   3.4' spd  30.2 yaw 210 mode 2 st 0 gl 0 hp 100 frg 0
ARGLOG Romero t  28.7 pos '486.8 -61.5 -104.0' spd 367.9 yaw 221 mode 2 st 0 gl 0 hp 21 frg 1
ARGEVT Romero hazard
ARGLOG Carmack t  28.9 pos '517.4 -208.0 -296.0' spd 350.7 yaw 39 mode 2 st 0 gl 2 hp 63 frg 3
ARGEVT Carmack pursue
ARGLOG Joe Rogan t  29.1 pos '490.0 -111.7 -104.0' spd 320.0 yaw 209 mode 2 st 0 gl 0 hp 100 frg 0
ARGUS Joe Rogan hunch item_artifact_super_damage
ARGEVT Romero pursue
ARGEVT Joe Rogan goal weapon_rocketlauncher
ARGEVT Joe Rogan route 8 start '465.0 -151.0 -104.0' goal ' 81.0  73.0 -296.0'
ARGLOG Romero t  29.2 pos '480.3 -223.6 -104.0' spd 322.5 yaw 300.6 mode 2 st 0 gl 0 hp 21 frg 1
ARGEVT Joe Rogan pursue
ARGEVT Romero pursue
ARGLOG Carmack t  29.4 pos '627.3 -115.0 -296.0' spd 321.4 yaw 118 mode 2 st 0 gl 2 hp 63 frg 3
ARGLOG Joe Rogan t  29.6 pos '596.8 -145.8 -104.0' spd 383.3 yaw 285.5 mode 2 st 0 gl 0 hp 100 frg 0
ARGLOG Romero t  29.7 pos '501.6 -393.3 -104.0' spd 401.8 yaw 201.0 mode 2 st 0 gl 0 hp 21 frg 1
ARGEVT Romero hazard
ARGLOG Carmack t  30.0 pos '600.3  42.2 -296.0' spd 325.0 yaw 68 mode 2 st 0 gl 2 hp 63 frg 3
ARGEVT Carmack pursue
ARGLOG Joe Rogan t  30.1 pos '569.3 -306.0 -104.0' spd 391.7 yaw 177.8 mode 2 st 0 gl 0 hp 100 frg 0
ARGLOG Romero t  30.2 pos '333.9 -390.8 -104.0' spd 217.2 yaw  56.2 mode 2 st 0 gl 0 hp 21 frg 1
ARGEVT Carmack route 5 start '465.0 -855.0  24.0' goal '529.0 -311.0 -104.0'
ARGEVT Joe Rogan hazard
ARGLOG Carmack t  30.5 pos '391.8 -864.0  24.0' spd 300 yaw 114.8 mode 2 st 0 gl 2 hp 63 frg 3
ARGEVT Joe Rogan pursue
ARGLOG Joe Rogan t  30.6 pos '412.6 -269.3 -105.7' spd 337.1 yaw 208.6 mode 2 st 0 gl 0 hp 100 frg 0
ARGLOG Romero t  30.8 pos '443.8 -398.8 -104.0' spd 323.2 yaw 339 mode 2 st 0 gl 0 hp 21 frg 1
ARGEVT Romero engage Joe Rogan
ARGEVT Romero grab item_health
ARGLOG Carmack t  31.0 pos '363.2 -848.6  20.0' spd 377.0 yaw 95 mode 2 st 0 gl 2 hp 63 frg 3
ARGEVT Joe Rogan engage Romero
ARGEVT Joe Rogan route 9 start '305.0 -407.0 -104.0' goal ' 81.0  73.0 -296.0'
ARGLOG Joe Rogan t  31.1 pos '247.8 -292.3 -232.6' spd 264.5 yaw 303.5 mode 2 st 0 gl 0 hp 100 frg 0
ARGLOG Romero t  31.3 pos '591.5 -413.8 -104.0' spd 139.4 yaw 139.0 mode 2 st 0 gl 0 hp 21 frg 1
ARGEVT Joe Rogan hazard
ARGEVT Romero pursue
ARGLOG Carmack t  31.5 pos '311.4 -685.4  24.0' spd 328.7 yaw 68 mode 2 st 0 gl 2 hp 63 frg 3
ARGEVT Joe Rogan pursue
ARGLOG Joe Rogan t  31.7 pos '165.4 -215.9 -296.0' spd  55.4 yaw   7.7 mode 2 st 0 gl 0 hp 100 frg 0
ARGLOG Romero t  31.8 pos '532.4 -395.7 -104.0' spd 320.3 yaw 157 mode 2 st 0 gl 0 hp 21 frg 1
ARGLOG Carmack t  32.0 pos '347.4 -525.0  24.0' spd 344.9 yaw 44 mode 2 st 0 gl 2 hp 63 frg 3
ARGEVT Romero hazard
ARGEVT Carmack engage Joe Rogan
ARGEVT Carmack grab item_health
ARGLOG Joe Rogan t  32.2 pos '275.1 -230.7 -296.0' spd 273.3 yaw 318.2 mode 2 st 0 gl 0 hp 100 frg 0
ARGLOG Romero t  32.3 pos '514.4 -408.5 -104.0' spd 111.5 yaw 139.0 mode 2 st 0 gl 0 hp 19 frg 1
ARGEVT Joe Rogan pursue
ARGEVT Romero pursue
ARGEVT Joe Rogan hazard
ARGLOG Carmack t  32.5 pos '478.2 -445.2  24.0' spd  50.1 yaw  95.1 mode 1 st 0 gl 2 hp 88 frg 3
ARGEVT Joe Rogan pursue
ARGEVT Joe Rogan pursue
ARGUS Romero hunch item_artifact_super_damage
ARGLOG Joe Rogan t  32.7 pos '425.2 -232.9 -296.0' spd 331.2 yaw 289 mode 2 st 0 gl 0 hp 100 frg 0
ARGLOG Romero t  32.8 pos '450.3 -371.6 -104.0' spd 240.0 yaw 282.6 mode 2 st 0 gl 0 hp 19 frg 1
ARGEVT Romero goal weapon_lightning
ARGEVT Romero pursue
ARGLOG Carmack t  33.0 pos '329.0 -433.0  24.0' spd 358.0 yaw  34.3 mode 1 st 0 gl 2 hp 88 frg 3
ARGEVT Romero death Carmack pos '445.3 -432.0 -104.0'
ARGUS Carmack watch spawn
ARGEVT Carmack goal weapon_lightning
ARGEVT Carmack route 3 start '305.0 -471.0  24.0' goal '529.0 -311.0 -104.0'
ARGLOG Joe Rogan t  33.2 pos '506.3 -272.0 -296.0' spd 158.4 yaw 235 mode 2 st 0 gl 0 hp 100 frg 0
ARGEVT Joe Rogan engage Carmack
ARGEVT Carmack grab 
ARGEVT Joe Rogan hazard
ARGLOG Carmack t  33.5 pos '267.4 -374.2 -82.1' spd  77.0 yaw  16.8 mode 2 st 0 gl 2 hp 88 frg 4
ARGEVT Carmack hazard
ARGLOG Joe Rogan t  33.7 pos '436.1 -241.9 -296.0' spd 237.9 yaw 216.2 mode 2 st 0 gl 0 hp 100 frg 0
ARGEVT Joe Rogan retreat
ARGLOG Carmack t  34.0 pos '395.7 -412.9 -104.0' spd 320.1 yaw  36.9 mode 1 st 0 gl 2 hp 88 frg 4
ARGEVT Joe Rogan route 8 start '593.0 -215.0 -296.0' goal ' 81.0  73.0 -296.0'
ARGLOG Joe Rogan t  34.2 pos '655.5 -209.0 -261.9' spd  47.2 yaw 228.7 mode 2 st 0 gl 0 hp 14 frg 0
ARGEVT Carmack pursue
ARGEVT Joe Rogan pursue
ARGLOG Carmack t  34.5 pos '480.8 -355.0 -104.0' spd 352.0 yaw 83 mode 1 st 0 gl 2 hp 88 frg 4
ARGEVT Romero respawn
ARGEVT Romero goal item_health
ARGLOG Romero t  34.5 pos '-64.0 512.0 -296.0' spd 0 yaw 265.5 mode 1 st 0 gl 0 hp 100 frg 1
ARGLOG Joe Rogan t  34.7 pos '617.7 -216.8 -296.0' spd 320.5 yaw 216 mode 2 st 0 gl 0 hp 14 frg 0
ARGUS Carmack hunch item_health
ARGEVT Carmack goal weapon_lightning
ARGEVT Joe Rogan hazard
ARGEVT Carmack hazard
ARGEVT Romero hazard
ARGLOG Carmack t  35.0 pos '467.5 -195.5 -104.0' spd 406.1 yaw 205.0 mode 1 st 0 gl 2 hp 88 frg 4
ARGLOG Romero t  35.1 pos '-200.3 423.6 -296.0' spd 397.8 yaw 101.7 mode 1 st 0 gl 0 hp 100 frg 1
ARGEVT Carmack pursue
ARGLOG Joe Rogan t  35.2 pos '471.0 -272.0 -296.0' spd 201.6 yaw 162.3 mode 2 st 0 gl 0 hp 14 frg 0
ARGLOG Carmack t  35.5 pos '291.5 -229.8 -137.3' spd 283.9 yaw   9.8 mode 1 st 0 gl 2 hp 85 frg 4
ARGLOG Romero t  35.6 pos '-130.7 434.0 -296.0' spd 397.8 yaw 57 mode 1 st 0 gl 0 hp 100 frg 1
ARGEVT Joe Rogan death Carmack pos '585.0 -230.3 -296.0'
ARGEVT Carmack goal weapon_lightning
ARGEVT Carmack route 11 start '145.0 -247.0 -296.0' goal '529.0 -311.0 -104.0'
ARGLOG Carmack t  36.0 pos '205.9 -205.7 -296.0' spd 164.1 yaw 346 mode 2 st 0 gl 2 hp 85 frg 5
ARGLOG Romero t  36.1 pos '-65.3 597.0 -296.0' spd 416.8 yaw 168.1 mode 1 st 0 gl 0 hp 200 frg 1
ARGEVT Carmack hazard
ARGEVT Romero hazard
ARGEVT Romero goal weapon_rocketlauncher
ARGEVT Romero route 5 start '-79.0 553.0 -296.0' goal ' 81.0  73.0 -296.0'
ARGLOG Carmack t  36.6 pos '295.8 -230.5 -296.0' spd 373.7 yaw 347 mode 2 st 0 gl 2 hp 85 frg 5
ARGLOG Romero t  36.6 pos '-33.3 562.0 -296.0' spd 402.1 yaw 258 mode 2 st 0 gl 0 hp 200 frg 1
ARGLOG Carmack t  37.1 pos '468.4 -222.9 -296.0' spd 324.8 yaw 64 mode 2 st 0 gl 2 hp 85 frg 5
ARGLOG Romero t  37.1 pos ' 30.0 419.5 -296.0' spd 200.5 yaw 242 mode 2 st 0 gl 0 hp 200 frg 1
ARGEVT Romero hazard
ARGEVT Joe Rogan respawn
ARGEVT Joe Rogan goal weapon_lightning
ARGLOG Joe Rogan t  37.2 pos '112.0 -1136.0 -104.0' spd 0 yaw  49.8 mode 0 st 0 gl 0 hp 100 frg 0
ARGEVT Joe Rogan route 6 start '113.0 -1079.0 -104.0' goal '529.0 -311.0 -104.0'
ARGLOG Carmack t  37.6 pos '593.4 -192.2 -296.0' spd 235.3 yaw 154.1 mode 2 st 0 gl 2 hp 85 frg 5
ARGEVT Carmack hazard
ARGLOG Romero t  37.6 pos ' 64.1 410.7 -296.0' spd  38.3 yaw 236 mode 2 st 0 gl 0 hp 200 frg 1
ARGLOG Joe Rogan t  37.7 pos '145.6 -994.1 -104.0' spd 320.6 yaw 76 mode 2 st 0 gl 0 hp 100 frg 0
ARGLOG Carmack t  38.1 pos '592.2 -73.8 -296.0' spd 325.1 yaw 261 mode 2 st 0 gl 2 hp 85 frg 5
ARGLOG Romero t  38.1 pos ' 83.0 407.8 -296.0' spd  77.1 yaw 234 mode 2 st 0 gl 0 hp 200 frg 1
ARGEVT Romero hazard
ARGLOG Joe Rogan t  38.2 pos '182.6 -834.7 -104.0' spd 320.0 yaw 76 mode 2 st 0 gl 0 hp 100 frg 0
ARGEVT Joe Rogan hazard
ARGLOG Carmack t  38.6 pos '619.4  87.9 -296.0' spd 350.3 yaw  41.0 mode 0 st 0 gl 2 hp 85 frg 5
ARGLOG Romero t  38.6 pos ' 76.8 401.0 -296.0' spd 203.7 yaw 234 mode 2 st 0 gl 0 hp 200 frg 1
ARGEVT Carmack route 6 start '625.0 105.0 -296.0' goal '529.0 -311.0 -104.0'
ARGEVT Romero stall
ARGEVT Romero stallnode '-111.0 201.0 -296.0'
ARGEVT Romero jump
ARGEVT Romero route 6 start ' 81.0 425.0 -296.0' goal ' 81.0  73.0 -296.0'
ARGLOG Joe Rogan t  38.7 pos '164.7 -754.8 -104.0' spd  30.4 yaw 47 mode 2 st 0 gl 0 hp 100 frg 0
ARGEVT Carmack route 5 start '401.0 -887.0  24.0' goal '529.0 -311.0 -104.0'
ARGLOG Carmack t  39.1 pos '390.6 -864.0  24.0' spd 300 yaw 101 mode 2 st 0 gl 2 hp 85 frg 5
ARGLOG Romero t  39.1 pos '-28.4 415.1 -259.7' spd 209.8 yaw 153 mode 2 st 1 gl 0 hp 200 frg 1
ARGLOG Joe Rogan t  39.3 pos '323.9 -746.2 -104.0' spd 401.3 yaw 73 mode 2 st 0 gl 0 hp 100 frg 0
ARGLOG Carmack t  39.6 pos '331.5 -803.1  24.0' spd 360.6 yaw 83 mode 2 st 0 gl 2 hp 85 frg 5
ARGLOG Romero t  39.6 pos '-170.1 414.9 -296.0' spd 392.5 yaw 275 mode 2 st 1 gl 0 hp 200 frg 1
ARGEVT Romero hazard
ARGLOG Joe Rogan t  39.8 pos '341.7 -581.3 -104.0' spd 336.7 yaw 55 mode 2 st 0 gl 0 hp 100 frg 0
ARGLOG Carmack t  40.1 pos '316.8 -636.4  24.0' spd 324.2 yaw 66 mode 2 st 0 gl 2 hp 85 frg 5
ARGLOG Romero t  40.1 pos '-177.2 417.4 -296.0' spd 199.6 yaw 277 mode 2 st 1 gl 0 hp 200 frg 1
ARGLOG Joe Rogan t  40.3 pos '399.6 -427.0 -104.0' spd 327.7 yaw 43 mode 1 st 0 gl 0 hp 100 frg 0
ARGEVT Joe Rogan engage Carmack
ARGEVT Carmack engage Joe Rogan
ARGEVT Joe Rogan grab weapon_lightning
ARGLOG Carmack t  40.6 pos '358.0 -477.2  24.0' spd 368.6 yaw  50.0 mode 2 st 0 gl 2 hp 85 frg 5
ARGLOG Romero t  40.6 pos '-110.9 325.2 -296.0' spd 325.7 yaw 262 mode 2 st 1 gl 0 hp 200 frg 1
ARGEVT Carmack goal item_armorInv
ARGEVT Carmack route 6 start '369.0 -471.0  24.0' goal '817.0 -855.0 -232.0'
ARGEVT Joe Rogan goal weapon_grenadelauncher
ARGEVT Joe Rogan route 3 start '529.0 -311.0 -104.0' goal '145.0 -407.0 -104.0'
ARGLOG Joe Rogan t  40.8 pos '521.8 -343.1 -104.0' spd 350.5 yaw 241.6 mode 2 st 0 gl 1 hp 100 frg 0
ARGLOG Carmack t  41.1 pos '375.0 -410.9 -34.7' spd  93.7 yaw 352.1 mode 2 st 0 gl 2 hp 85 frg 5
ARGLOG Romero t  41.1 pos '-111.4 159.7 -296.0' spd 355.6 yaw 336 mode 2 st 1 gl 0 hp 199 frg 1
ARGLOG Joe Rogan t  41.3 pos '602.4 -367.1 -104.0' spd 322.5 yaw 189.3 mode 2 st 0 gl 1 hp 100 frg 0
ARGLOG Carmack t  41.6 pos '354.0 -526.5 -104.0' spd 299.8 yaw  55.0 mode 2 st 0 gl 2 hp 43 frg 5
ARGLOG Romero t  41.7 pos ' 22.4  48.7 -296.0' spd 325.7 yaw 14 mode 1 st 1 gl 0 hp 199 frg 1
ARGEVT Carmack retreat
ARGEVT Romero goal item_armor2
ARGLOG Joe Rogan t  41.8 pos '558.6 -204.9 -104.0' spd 345.5 yaw 237.7 mode 2 st 0 gl 1 hp 100 frg 0
ARGEVT Romero route 25 start ' 81.0  73.0 -296.0' goal '1169.0 -599.0  24.0'
ARGEVT Carmack death Joe Rogan pos '337.1 -565.7 -104.0'
ARGUS Joe Rogan watch spawn
ARGEVT Romero hazard
ARGEVT Joe Rogan goal backpack
ARGEVT Joe Rogan route 2 start '465.0 -151.0 -104.0' goal '337.0 -567.0 -104.0'
ARGEVT Joe Rogan hazard
ARGLOG Romero t  42.2 pos '100.7 108.5 -296.0' spd 198.0 yaw   4.2 mode 2 st 1 gl 1 hp 198 frg 1
ARGLOG Joe Rogan t  42.3 pos '466.8 -142.1 -104.0' spd 228.6 yaw 254 mode 2 st 0 gl 1 hp 100 frg 1
ARGLOG Romero t  42.7 pos ' 47.0  48.3 -296.0' spd 322.4 yaw 245 mode 2 st 1 gl 1 hp 198 frg 1
ARGLOG Joe Rogan t  42.8 pos '451.2 -302.9 -104.0' spd 328.7 yaw 247 mode 2 st 0 gl 1 hp 100 frg 1
ARGEVT Romero hazard
ARGLOG Romero t  43.2 pos '-79.9  26.2 -296.0' spd 288.1 yaw 281.0 mode 2 st 1 gl 1 hp 197 frg 1
ARGLOG Joe Rogan t  43.3 pos '399.1 -456.6 -104.0' spd 321.1 yaw 240 mode 1 st 0 gl 1 hp 100 frg 1
ARGEVT Carmack respawn
ARGEVT Carmack goal weapon_rocketlauncher
ARGLOG Carmack t  43.3 pos '112.0 -1136.0 -104.0' spd 0 yaw  40.2 mode 0 st 0 gl 2 hp 100 frg 5
ARGEVT Carmack route 10 start '113.0 -1079.0 -104.0' goal '753.0 -887.0 -232.0'
ARGEVT Joe Rogan goal item_armorInv
ARGEVT Joe Rogan route 6 start '369.0 -471.0 -104.0' goal '817.0 -855.0 -232.0'
ARGLOG Romero t  43.7 pos '-23.3 -128.1 -296.0' spd 345.6 yaw 342 mode 2 st 1 gl 1 hp 197 frg 1
ARGLOG Joe Rogan t  43.8 pos '297.6 -443.7 -104.0' spd 425.7 yaw  62.3 mode 2 st 0 gl 2 hp 100 frg 1
ARGEVT Joe Rogan engage Romero
ARGEVT Joe Rogan grab weapon_grenadelauncher
ARGEVT Romero engage Joe Rogan
ARGEVT Joe Rogan hazard
ARGLOG Carmack t  43.9 pos '191.2 -1012.9 -104.0' spd 320.8 yaw 69 mode 2 st 0 gl 2 hp 100 frg 5
ARGEVT Romero route 21 start ' 17.0 -247.0 -296.0' goal '1169.0 -599.0  24.0'
ARGLOG Romero t  44.2 pos ' -4.0 -254.2 -296.0' spd 295.7 yaw 298.2 mode 0 st 1 gl 1 hp 196 frg 1
ARGUS routecache adopt
ARGEVT Romero route 21 start ' 17.0 -247.0 -296.0' goal '1169.0 -599.0  24.0'
ARGEVT Joe Rogan pursue
ARGEVT Romero pursue
ARGLOG Joe Rogan t  44.3 pos '143.0 -422.6 -104.0' spd 308.2 yaw 126.6 mode 2 st 0 gl 2 hp 100 frg 1
ARGLOG Carmack t  44.4 pos '251.6 -860.7 -104.0' spd 351.3 yaw 104 mode 2 st 0 gl 2 hp 100 frg 5
ARGUS Joe Rogan hunch item_artifact_super_damage
ARGUS Romero hunch item_artifact_super_damage
ARGEVT Romero hazard
ARGEVT Joe Rogan goal item_armorInv
ARGEVT Joe Rogan pursue
ARGEVT Joe Rogan route 7 start '145.0 -407.0 -104.0' goal '817.0 -855.0 -232.0'
ARGEVT Carmack hazard
ARGEVT Romero goal item_armor2
ARGEVT Romero route 21 start ' 17.0 -247.0 -296.0' goal '1169.0 -599.0  24.0'
ARGLOG Romero t  44.7 pos ' 18.6 -270.5 -296.0' spd 317.4 yaw 214.5 mode 2 st 1 gl 1 hp 196 frg 1
ARGLOG Joe Rogan t  44.8 pos '168.9 -429.3 -104.0' spd 330.7 yaw 258.6 mode 0 st 0 gl 2 hp 100 frg 1
ARGLOG Carmack t  44.9 pos '203.6 -755.8 -104.0' spd  40.4 yaw 54 mode 2 st 0 gl 2 hp 100 frg 5
ARGEVT Romero route 22 start '-79.0 -247.0 -296.0' goal '1169.0 -599.0  24.0'
ARGEVT Joe Rogan hazard
ARGEVT Joe Rogan route 7 start '145.0 -407.0 -104.0' goal '817.0 -855.0 -232.0'
ARGEVT Romero route 22 start '-79.0 -247.0 -296.0' goal '1169.0 -599.0  24.0'
ARGLOG Romero t  45.2 pos '-32.0 -272.0 -296.0' spd 328.6 yaw 345 mode 0 st 1 gl 1 hp 195 frg 1
ARGEVT Joe Rogan route 7 start '145.0 -407.0 -104.0' goal '817.0 -855.0 -232.0'
ARGEVT Romero route 21 start ' 17.0 -247.0 -296.0' goal '1169.0 -599.0  24.0'
ARGLOG Joe Rogan t  45.3 pos '130.8 -422.3 -104.0' spd 356.4 yaw 151.7 mode 2 st 0 gl 2 hp 100 frg 1
ARGLOG Carmack t  45.4 pos '348.6 -710.6 -104.0' spd 407.9 yaw 123 mode 2 st 0 gl 2 hp 100 frg 5
ARGEVT Romero hazard
ARGLOG Romero t  45.7 pos '132.2 -271.2 -296.0' spd 320.6 yaw 6 mode 2 st 1 gl 1 hp 195 frg 1
ARGLOG Joe Rogan t  45.8 pos '116.5 -385.7 -104.0' spd 211.8 yaw  63.6 mode 2 st 0 gl 2 hp 100 frg 1
ARGLOG Carmack t  45.9 pos '304.0 -539.1 -104.0' spd 266.7 yaw 139 mode 2 st 0 gl 2 hp 100 frg 5
ARGEVT Carmack engage Joe Rogan
ARGLOG Romero t  46.2 pos '215.7 -246.4 -296.0' spd 326.7 yaw 290.7 mode 2 st 1 gl 1 hp 194 frg 1
ARGUS Carmack bodyblock
ARGEVT Joe Rogan route 6 start '273.0 -407.0 -104.0' goal '817.0 -855.0 -232.0'
ARGLOG Joe Rogan t  46.3 pos '264.1 -428.1 -104.0' spd 335.6 yaw  97.6 mode 2 st 0 gl 2 hp 100 frg 1
ARGLOG Carmack t  46.4 pos '316.7 -429.7 -104.0' spd 358.4 yaw 155.7 mode 2 st 0 gl 2 hp 100 frg 5
ARGLOG Romero t  46.7 pos ' 65.5 -232.3 -296.0' spd 350.2 yaw 302.9 mode 2 st 1 gl 1 hp 194 frg 1
ARGLOG Joe Rogan t  46.8 pos '215.4 -417.2 -104.0' spd 317.0 yaw 131.7 mode 2 st 0 gl 2 hp 76 frg 1
ARGLOG Carmack t  46.9 pos '340.9 -552.9 -104.0' spd 352.8 yaw 135.8 mode 2 st 0 gl 2 hp 100 frg 5
ARGEVT Joe Rogan hazard
ARGEVT Carmack hazard
ARGEVT Carmack route 6 start '337.0 -567.0 -104.0' goal '753.0 -887.0 -232.0'
ARGEVT Romero route 21 start ' 17.0 -247.0 -296.0' goal '1169.0 -599.0  24.0'
ARGEVT Romero pursue
ARGLOG Romero t  47.2 pos '-26.5 -211.5 -296.0' spd  86.3 yaw 322 mode 0 st 1 gl 1 hp 150 frg 1
ARGEVT Joe Rogan pursue
ARGEVT Joe Rogan route 7 start '145.0 -407.0 -104.0' goal '817.0 -855.0 -232.0'
ARGEVT Romero route 21 start ' 17.0 -247.0 -296.0' goal '1169.0 -599.0  24.0'
ARGLOG Joe Rogan t  47.4 pos '199.4 -432.0 -104.0' spd 102.9 yaw 215.0 mode 2 st 0 gl 2 hp 52 frg 1
ARGLOG Carmack t  47.4 pos '333.5 -559.7 -104.0' spd 321.8 yaw 142.8 mode 2 st 0 gl 2 hp 100 frg 5
ARGEVT Romero hazard
ARGEVT Carmack pursue
ARGEVT Joe Rogan route 7 start '145.0 -407.0 -104.0' goal '817.0 -855.0 -232.0'
ARGLOG Romero t  47.7 pos '107.8 -258.6 -296.0' spd 320.1 yaw 2 mode 2 st 1 gl 1 hp 150 frg 1
ARGLOG Joe Rogan t  47.9 pos '136.7 -384.5 -104.0' spd 288.4 yaw 110.3 mode 2 st 0 gl 2 hp 52 frg 1
ARGLOG Carmack t  47.9 pos '315.1 -456.5 -104.0' spd 341.7 yaw 152.1 mode 2 st 0 gl 2 hp 100 frg 5
ARGEVT Joe Rogan retreat
ARGLOG Romero t  48.2 pos '264.3 -211.9 -296.0' spd 320.0 yaw 244.7 mode 2 st 1 gl 1 hp 149 frg 1
ARGEVT Joe Rogan hazard
ARGLOG Joe Rogan t  48.4 pos '149.7 -425.1 -104.0' spd 249.5 yaw  65.1 mode 2 st 0 gl 2 hp 28 frg 1
ARGLOG Carmack t  48.4 pos '264.9 -499.6 -104.0' spd 306.8 yaw 156.8 mode 2 st 0 gl 2 hp 100 frg 5
ARGEVT Carmack hazard
ARGEVT Romero rjump
ARGUS routecache adopt
ARGEVT Joe Rogan route 7 start '145.0 -407.0 -104.0' goal '817.0 -855.0 -232.0'
ARGUS routecache adopt
ARGEVT Joe Rogan route 7 start '145.0 -407.0 -104.0' goal '817.0 -855.0 -232.0'
ARGEVT Carmack pursue
ARGLOG Romero t  48.8 pos '407.6 -240.4 -151.0' spd 257.1 yaw 220.3 mode 2 st 1 gl 1 hp 98 frg 1
ARGEVT Romero grab item_armor1
ARGLOG Joe Rogan t  48.9 pos '138.2 -414.4 -104.0' spd  64.8 yaw  30.4 mode 2 st 0 gl 2 hp 28 frg 1
ARGLOG Carmack t  48.9 pos '338.8 -425.1 -104.0' spd 261.7 yaw 168.3 mode 2 st 0 gl 2 hp 100 frg 5
ARGEVT Romero death Joe Rogan pos '486.9 -153.3 -46.3'
ARGUS Joe Rogan watch spawn
ARGEVT Joe Rogan engage Carmack
ARGEVT Joe Rogan retreat
ARGEVT Joe Rogan goal backpack
ARGEVT Joe Rogan hazard
ARGEVT Joe Rogan route 12 start '145.0 -407.0 -104.0' goal '593.0 -151.0  24.0'
ARGLOG Joe Rogan t  49.4 pos '120.7 -416.1 -104.0' spd 101.0 yaw 329.4 mode 2 st 0 gl 2 hp 24 frg 2
ARGLOG Carmack t  49.4 pos '297.5 -517.6 -104.0' spd  30.8 yaw 151.3 mode 0 st 0 gl 2 hp 100 frg 5
ARGEVT Carmack route 6 start '273.0 -503.0 -104.0' goal '753.0 -887.0 -232.0'
ARGLOG Joe Rogan t  49.9 pos '119.6 -394.9 -104.0' spd  56.3 yaw 347.0 mode 2 st 0 gl 2 hp 20 frg 2
ARGLOG Carmack t  49.9 pos '321.1 -431.3 -104.0' spd 245.1 yaw 172.5 mode 2 st 0 gl 2 hp 100 frg 5
ARGEVT Joe Rogan hazard
ARGLOG Joe Rogan t  50.4 pos '123.1 -406.3 -104.0' spd  31.3 yaw 313.4 mode 2 st 0 gl 2 hp 20 frg 2
ARGLOG Carmack t  50.4 pos '322.0 -623.2 -104.0' spd 181.7 yaw 130.0 mode 2 st 0 gl 2 hp 40 frg 5
ARGEVT Joe Rogan pursue
ARGEVT Carmack pursue
ARGUS Carmack hunch item_artifact_super_damage
ARGEVT Romero respawn
ARGEVT Carmack pursue
ARGEVT Romero goal item_armorInv
ARGEVT Romero engage Joe Rogan
ARGLOG Romero t  50.6 pos '784.0 -176.0  24.0' spd 0 yaw 180.4 mode 0 st 1 gl 1 hp 100 frg 1
ARGEVT Romero route 5 start '785.0 -183.0  24.0' goal '817.0 -855.0 -232.0'
ARGEVT Carmack goal weapon_rocketlauncher
ARGEVT Carmack route 6 start '337.0 -567.0 -104.0' goal '753.0 -887.0 -232.0'
ARGEVT Carmack hazard
ARGEVT Joe Rogan weapon rl
ARGLOG Joe Rogan t  50.9 pos '177.7 -406.5 -104.0' spd 291.7 yaw 330.9 mode 2 st 0 gl 2 hp 20 frg 2
ARGLOG Carmack t  51.0 pos '368.0 -547.4 -104.0' spd 357.4 yaw  81.5 mode 2 st 0 gl 2 hp 40 frg 5
ARGEVT Romero grab 
ARGLOG Romero t  51.2 pos '644.3 -208.0  24.0' spd 342.0 yaw 197.9 mode 2 st 1 gl 1 hp 100 frg 1
ARGEVT Carmack death Joe Rogan pos '374.8 -463.0 -104.0'
ARGEVT Joe Rogan engage Romero
ARGEVT Joe Rogan death Romero pos '125.5 -381.2 -104.0'
ARGUS Romero watch spawn
ARGEVT Romero goal backpack
ARGEVT Romero route 4 start '593.0 -151.0  24.0' goal '145.0 -407.0 -104.0'
ARGLOG Romero t  51.7 pos '480.9 -149.0  -4.3' spd 328.8 yaw 253.0 mode 2 st 1 gl 1 hp 100 frg 2
ARGLOG Romero t  52.2 pos '316.3 -175.8 -211.4' spd 338.3 yaw 280 mode 2 st 1 gl 1 hp 100 frg 2
ARGEVT Romero hazard
ARGLOG Romero t  52.7 pos '345.4 -262.0 -296.0' spd 323.9 yaw 42 mode 2 st 1 gl 1 hp 95 frg 2
ARGEVT Carmack respawn
ARGEVT Carmack goal backpack
ARGLOG Carmack t  52.7 pos '784.0 -176.0  24.0' spd 0 yaw 184.5 mode 0 st 0 gl 2 hp 100 frg 5
ARGEVT Carmack route 1 start '785.0 -183.0  24.0' goal '593.0 -151.0  24.0'
ARGEVT Joe Rogan respawn
ARGEVT Joe Rogan goal weapon_rocketlauncher
ARGLOG Joe Rogan t  52.8 pos '112.0 -1136.0 -104.0' spd 0 yaw  40.5 mode 0 st 0 gl 2 hp 100 frg 3
ARGEVT Joe Rogan route 10 start '113.0 -1079.0 -104.0' goal '753.0 -887.0 -232.0'
ARGLOG Romero t  53.2 pos '513.4 -226.4 -296.0' spd 404.7 yaw 306.7 mode 2 st 1 gl 1 hp 95 frg 2
ARGLOG Carmack t  53.2 pos '638.6 -208.0  24.0' spd 348.5 yaw 205 mode 2 st 0 gl 2 hp 100 frg 5
ARGLOG Joe Rogan t  53.3 pos '164.1 -992.4 -104.0' spd 321.0 yaw 62 mode 2 st 0 gl 2 hp 100 frg 3
ARGEVT Romero hazard
ARGLOG Romero t  53.7 pos '645.6 -233.9 -296.0' spd  68.0 yaw 256.5 mode 2 st 1 gl 1 hp 95 frg 2
ARGLOG Carmack t  53.7 pos '471.1 -244.1  -7.6' spd 327.7 yaw 187.0 mode 1 st 0 gl 2 hp 100 frg 5
ARGLOG Joe Rogan t  53.8 pos '205.8 -833.6 -104.0' spd 328.1 yaw 63 mode 2 st 0 gl 2 hp 100 frg 3
ARGEVT Joe Rogan hazard
ARGEVT Romero engage Carmack
ARGEVT Carmack engage Romero
ARGEVT Carmack grab item_armor1
ARGLOG Romero t  54.2 pos '516.4 -245.9 -296.0' spd 328.7 yaw 161.9 mode 2 st 1 gl 1 hp 95 frg 2
ARGLOG Carmack t  54.2 pos '334.5 -261.9 -227.0' spd 178.1 yaw  22.7 mode 1 st 0 gl 2 hp 100 frg 5
ARGLOG Joe Rogan t  54.3 pos '335.6 -737.5 -104.0' spd 408.9 yaw 74 mode 2 st 0 gl 2 hp 100 frg 3
ARGEVT Carmack hazard
ARGEVT Romero hazard
ARGEVT Carmack grab weapon_nailgun
ARGLOG Romero t  54.7 pos '455.1 -238.8 -296.0' spd 225.9 yaw 161.8 mode 2 st 1 gl 1 hp 95 frg 2
ARGLOG Carmack t  54.7 pos '353.0 -130.2 -296.0' spd 329.8 yaw 326.1 mode 1 st 0 gl 2 hp 95 frg 5
ARGLOG Joe Rogan t  54.8 pos '346.3 -568.9 -104.0' spd 321.4 yaw 89 mode 2 st 0 gl 2 hp 100 frg 3
ARGEVT Joe Rogan engage Carmack
ARGEVT Joe Rogan grab 
ARGLOG Romero t  55.2 pos '384.0 -246.6 -296.0' spd 343.4 yaw 106.6 mode 2 st 1 gl 1 hp 95 frg 2
ARGLOG Carmack t  55.3 pos '377.0 -12.1 -296.0' spd 122.7 yaw 257.5 mode 1 st 0 gl 2 hp 95 frg 5
ARGLOG Joe Rogan t  55.3 pos '395.1 -415.2 -104.0' spd 357.9 yaw  90.9 mode 2 st 0 gl 2 hp 100 frg 3
ARGEVT Romero hazard
ARGLOG Romero t  55.7 pos '304.2 -249.3 -296.0' spd 303.5 yaw  73.1 mode 2 st 1 gl 1 hp 86 frg 2
ARGLOG Carmack t  55.8 pos '358.6 -18.1 -296.0' spd  81.4 yaw 267.7 mode 1 st 0 gl 2 hp 91 frg 5
ARGEVT Carmack hazard
ARGLOG Joe Rogan t  55.8 pos '538.8 -334.7 -104.0' spd 322.1 yaw 108.1 mode 2 st 0 gl 2 hp 100 frg 3
ARGEVT Joe Rogan pursue
ARGLOG Romero t  56.2 pos '364.8 -208.0 -296.0' spd 320.2 yaw 100.5 mode 2 st 1 gl 1 hp 77 frg 2
ARGLOG Carmack t  56.3 pos '378.3 -12.2 -296.0' spd  56.4 yaw 255.9 mode 1 st 0 gl 2 hp 67 frg 5
ARGLOG Joe Rogan t  56.3 pos '570.9 -194.1 -104.0' spd 337.9 yaw 136 mode 2 st 0 gl 2 hp 100 frg 3
ARGEVT Carmack goal item_health
ARGEVT Carmack route 4 start '369.0   9.0 -296.0' goal '529.0  73.0 -296.0'
ARGLOG Romero t  56.7 pos '400.7 -205.5 -296.0' spd  50.2 yaw  97.7 mode 2 st 1 gl 1 hp 68 frg 2
ARGLOG Carmack t  56.8 pos '370.3 -12.7 -296.0' spd 225.7 yaw 273.8 mode 2 st 0 gl 2 hp 43 frg 5
ARGEVT Carmack hazard
ARGLOG Joe Rogan t  56.9 pos '463.6 -67.5 -104.0' spd 322.4 yaw 147 mode 0 st 0 gl 2 hp 100 frg 3
ARGUS Joe Rogan hunch item_artifact_super_damage
ARGEVT Joe Rogan hazard
ARGEVT Romero hazard
ARGEVT Joe Rogan goal backpack
ARGEVT Joe Rogan route 3 start '465.0 -151.0 -104.0' goal '145.0 -407.0 -104.0'
ARGLOG Romero t  57.2 pos '372.2 -169.1 -296.0' spd  94.8 yaw  93.5 mode 2 st 1 gl 1 hp 41 frg 2
ARGEVT Romero retreat
ARGLOG Carmack t  57.3 pos '364.8 -45.3 -296.0' spd 202.0 yaw 280.1 mode 2 st 0 gl 2 hp 43 frg 5
ARGLOG Joe Rogan t  57.4 pos '358.0 -137.2 -139.3' spd 190.4 yaw  82.3 mode 2 st 0 gl 2 hp 100 frg 3
ARGEVT Carmack retreat
ARGEVT Carmack death Joe Rogan pos '371.5  11.6 -296.0'
ARGUS Joe Rogan watch spawn
ARGEVT Joe Rogan engage Romero
ARGEVT Joe Rogan weapon sg
ARGEVT Romero engage Joe Rogan
ARGEVT Romero retreat
ARGEVT Joe Rogan goal backpack
ARGLOG Romero t  57.7 pos '327.7 -253.0 -296.0' spd 298.6 yaw  78.8 mode 2 st 1 gl 1 hp 23 frg 2
ARGEVT Joe Rogan route 1 start '369.0 -215.0 -296.0' goal '369.0   9.0 -296.0'
ARGLOG Joe Rogan t  57.9 pos '386.5 -179.8 -296.0' spd  24.9 yaw 236.2 mode 2 st 0 gl 2 hp 100 frg 4
ARGEVT Romero hazard
ARGEVT Joe Rogan grab 
ARGEVT Romero route 9 start '337.0 -247.0 -296.0' goal '145.0 -407.0 -104.0'
ARGEVT Joe Rogan weapon rl
ARGLOG Romero t  58.2 pos '299.4 -265.9 -296.0' spd  96.7 yaw  55.5 mode 2 st 1 gl 1 hp 23 frg 2
ARGEVT Joe Rogan hazard
ARGLOG Joe Rogan t  58.4 pos '347.0 -83.7 -296.0' spd 181.2 yaw 241.6 mode 1 st 0 gl 2 hp 100 frg 4
ARGLOG Romero t  58.7 pos '213.0 -266.0 -296.0' spd  87.5 yaw  57.3 mode 2 st 1 gl 1 hp 23 frg 2
ARGEVT Joe Rogan goal backpack
ARGEVT Joe Rogan route 5 start '369.0   9.0 -296.0' goal '145.0 -407.0 -104.0'
ARGLOG Joe Rogan t  58.9 pos '359.8  62.7 -288.0' spd 322.5 yaw 230.8 mode 2 st 0 gl 3 hp 84 frg 4
ARGEVT Carmack respawn
ARGEVT Romero route 10 start '145.0 -247.0 -296.0' goal '145.0 -407.0 -104.0'
ARGEVT Romero hazard
ARGEVT Carmack goal weapon_rocketlauncher
ARGLOG Carmack t  59.1 pos '-64.0 -232.0 -72.0' spd 0 yaw 4 mode 0 st 0 gl 2 hp 100 frg 5
ARGEVT Carmack route 10 start '-47.0 -247.0 -72.0' goal '753.0 -887.0 -232.0'
ARGEVT Romero death Joe Rogan pos '112.0 -278.1 -296.0'
ARGEVT Joe Rogan goal backpack
ARGEVT Joe Rogan route 6 start '369.0  73.0 -288.0' goal '145.0 -407.0 -104.0'
ARGEVT Joe Rogan hazard
ARGLOG Joe Rogan t  59.4 pos '352.0  22.2 -288.0' spd 337.7 yaw 235.5 mode 2 st 0 gl 3 hp 84 frg 5
ARGEVT Joe Rogan engage Carmack
ARGEVT Carmack engage Joe Rogan
ARGLOG Carmack t  59.6 pos ' 84.2 -226.3 -72.0' spd 373.4 yaw  14.4 mode 2 st 0 gl 2 hp 100 frg 5
ARGLOG Joe Rogan t  59.9 pos '373.5 -59.8 -296.0' spd 307.6 yaw 248.7 mode 2 st 0 gl 3 hp 84 frg 5
ARGEVT Carmack grab 
ARGLOG Carmack t  60.1 pos '158.2 -227.1 -72.0' spd 161.6 yaw  41.7 mode 2 st 0 gl 2 hp 100 frg 5
ARGLOG Joe Rogan t  60.4 pos '373.3  21.8 -288.0' spd 296.5 yaw 248.6 mode 2 st 0 gl 3 hp 73 frg 5
ARGLOG Carmack t  60.6 pos '150.4 -370.2  -8.0' spd 332.7 yaw  53.1 mode 2 st 0 gl 2 hp 100 frg 5
ARGEVT Romero respawn
ARGEVT Romero goal item_armorInv
ARGEVT Romero engage Carmack
ARGLOG Romero t  60.7 pos '784.0 -176.0  24.0' spd 0 yaw 180.7 mode 0 st 1 gl 1 hp 100 frg 2
ARGEVT Romero route 5 start '785.0 -183.0  24.0' goal '817.0 -855.0 -232.0'
ARGEVT Joe Rogan hazard
ARGEVT Carmack hazard
ARGLOG Joe Rogan t  60.9 pos '359.8 -37.0 -296.0' spd 304.8 yaw 235.4 mode 2 st 0 gl 3 hp 73 frg 5
ARGLOG Carmack t  61.1 pos '123.0 -382.0  -8.0' spd 255.6 yaw  51.4 mode 2 st 0 gl 2 hp 100 frg 5
ARGLOG Romero t  61.2 pos '644.7 -208.0  24.0' spd 326.3 yaw 193.7 mode 2 st 1 gl 1 hp 100 frg 2
ARGLOG Joe Rogan t  61.4 pos '354.5 -81.1 -296.0' spd 158.5 yaw 233.7 mode 2 st 0 gl 3 hp 71 frg 5
ARGEVT Romero route 6 start '593.0 -151.0  24.0' goal '817.0 -855.0 -232.0'
ARGLOG Carmack t  61.6 pos '130.2 -398.5  -8.0' spd 258.5 yaw  49.1 mode 2 st 0 gl 2 hp 100 frg 5
ARGLOG Romero t  61.7 pos '505.2 -105.0   3.6' spd 324.7 yaw 211.0 mode 2 st 1 gl 1 hp 100 frg 2
ARGEVT Joe Rogan hazard
ARGLOG Joe Rogan t  61.9 pos '367.6 -21.6 -296.0' spd 187.2 yaw 272.5 mode 2 st 0 gl 3 hp 63 frg 5
ARGEVT Carmack route 7 start '273.0 -503.0  24.0' goal '753.0 -887.0 -232.0'
ARGLOG Carmack t  62.1 pos '274.5 -468.0  24.0' spd 320.3 yaw  70.7 mode 2 st 0 gl 2 hp 100 frg 5
ARGLOG Romero t  62.2 pos '482.8 -82.4 -104.0' spd 320.1 yaw 242.2 mode 2 st 1 gl 1 hp 100 frg 2
ARGLOG Joe Rogan t  62.4 pos '358.0 -69.1 -296.0' spd 151.3 yaw 292.9 mode 2 st 0 gl 3 hp 61 frg 5
ARGEVT Carmack grab item_health
ARGLOG Carmack t  62.6 pos '440.7 -504.3  24.0' spd 349.8 yaw  96.0 mode 2 st 0 gl 2 hp 76 frg 5
ARGLOG Romero t  62.7 pos '614.4 -177.8 -104.0' spd 320.0 yaw 244.9 mode 2 st 1 gl 1 hp 100 frg 2
ARGLOG Joe Rogan t  62.9 pos '382.0 -102.7 -296.0' spd 113.4 yaw 314.2 mode 2 st 0 gl 3 hp 61 frg 5
ARGEVT Carmack hazard
ARGEVT Romero pursue
ARGLOG Carmack t  63.1 pos '526.8 -461.4  24.0' spd 240 yaw 106.9 mode 2 st 0 gl 2 hp 100 frg 5
ARGLOG Romero t  63.2 pos '633.5 -337.4 -104.0' spd 413.1 yaw 223 mode 2 st 1 gl 1 hp 100 frg 2
ARGEVT Romero jump
ARGUS Romero hunch 
ARGLOG Joe Rogan t  63.4 pos '367.2 -13.7 -296.0' spd 378.6 yaw 273.4 mode 2 st 0 gl 3 hp 61 frg 5
ARGEVT Romero goal item_armorInv
ARGEVT Joe Rogan hazard
ARGEVT Romero route 4 start '625.0 -375.0 -104.0' goal '817.0 -855.0 -232.0'
ARGLOG Carmack t  63.7 pos '509.8 -445.9  24.0' spd 320.0 yaw 101.3 mode 2 st 0 gl 2 hp 100 frg 5
ARGLOG Romero t  63.7 pos '605.1 -464.0 -67.8' spd  31.5 yaw  22.5 mode 2 st 1 gl 1 hp 100 frg 2
ARGLOG Joe Rogan t  64.0 pos '380.5   1.7 -296.0' spd 259.5 yaw 270.7 mode 2 st 0 gl 3 hp 61 frg 5
ARGLOG Carmack t  64.2 pos '415.2 -418.2  13.3' spd 321.9 yaw  99.6 mode 2 st 0 gl 2 hp 100 frg 5
ARGLOG Romero t  64.2 pos '453.1 -240.0 -296.0' spd 300 yaw 270.1 mode 2 st 1 gl 1 hp 100 frg 2
ARGLOG Joe Rogan t  64.5 pos '371.2 -11.9 -296.0' spd 209.3 yaw 252.9 mode 2 st 0 gl 3 hp 56 frg 5
ARGEVT Joe Rogan hazard
ARGLOG Carmack t  64.7 pos '318.6 -420.9 -104.0' spd 269.1 yaw  80.5 mode 2 st 0 gl 2 hp 100 frg 5
ARGLOG Romero t  64.7 pos '499.2 -234.6 -296.0' spd 179.6 yaw 230.0 mode 2 st 1 gl 1 hp 100 frg 2
ARGEVT Romero hazard
ARGLOG Joe Rogan t  65.0 pos '366.8 -74.4 -296.0' spd 175.2 yaw 261.7 mode 2 st 0 gl 3 hp 56 frg 5
ARGLOG Carmack t  65.2 pos '274.4 -410.1 -104.0' spd 324.1 yaw  81.8 mode 0 st 0 gl 2 hp 96 frg 5
ARGLOG Romero t  65.2 pos '415.6 -208.0 -296.0' spd 206.1 yaw 232.7 mode 2 st 1 gl 1 hp 100 frg 2
ARGEVT Carmack route 6 start '273.0 -407.0 -104.0' goal '753.0 -887.0 -232.0'
ARGEVT Carmack hazard
ARGLOG Joe Rogan t  65.5 pos '357.2 -143.5 -296.0' spd 136.4 yaw 269.0 mode 2 st 0 gl 3 hp 56 frg 5
ARGUS Romero bodyblock
ARGUS Joe Rogan bodyblock
ARGLOG Carmack t  65.7 pos '353.9 -460.3 -104.0' spd 345.0 yaw  76.8 mode 2 st 0 gl 2 hp 80 frg 5
ARGLOG Romero t  65.7 pos '396.3 -223.7 -296.0' spd  93.8 yaw 256.6 mode 2 st 1 gl 1 hp 100 frg 2
ARGEVT Joe Rogan route 8 start '369.0 -215.0 -296.0' goal '145.0 -407.0 -104.0'
ARGEVT Joe Rogan hazard
ARGLOG Joe Rogan t  66.0 pos '337.9 -251.9 -296.0' spd 198.2 yaw 291.2 mode 2 st 0 gl 3 hp 56 frg 5
ARGEVT Carmack pursue
ARGEVT Romero pursue
ARGEVT Romero hazard
ARGUS Carmack hunch item_artifact_super_damage
ARGLOG Carmack t  66.2 pos '374.9 -422.9 -104.0' spd 288.6 yaw 247.1 mode 2 st 0 gl 2 hp 80 frg 5
ARGLOG Romero t  66.2 pos '382.5 -190.3 -296.0' spd 335.4 yaw 188.4 mode 2 st 1 gl 1 hp 100 frg 2
ARGEVT Carmack goal weapon_lightning
ARGEVT Carmack jump
ARGLOG Joe Rogan t  66.5 pos '272.0 -212.0 -296.0' spd  90.2 yaw 250.1 mode 2 st 0 gl 3 hp 51 frg 5
ARGEVT Romero route 14 start '337.0 -119.0 -296.0' goal '817.0 -855.0 -232.0'
ARGLOG Carmack t  66.7 pos '251.6 -391.7 -63.4' spd  30.1 yaw  85.0 mode 1 st 0 gl 2 hp 80 frg 5
ARGEVT Joe Rogan weapon ng
ARGLOG Romero t  66.7 pos '384.7 -110.3 -296.0' spd 136.3 yaw 249.8 mode 2 st 1 gl 1 hp 100 frg 2
ARGEVT Joe Rogan hazard
ARGLOG Joe Rogan t  67.0 pos '252.0 -211.8 -296.0' spd 119.9 yaw 288.0 mode 2 st 0 gl 3 hp 37 frg 5
ARGLOG Carmack t  67.2 pos '276.2 -428.9 -104.0' spd 130.5 yaw  89.0 mode 1 st 0 gl 2 hp 64 frg 5
ARGLOG Romero t  67.2 pos '379.4 -137.7 -296.0' spd 180.5 yaw 249.6 mode 2 st 1 gl 1 hp 100 frg 2
ARGEVT Romero hazard
ARGLOG Joe Rogan t  67.5 pos '190.6 -207.0 -296.0' spd 349.8 yaw 328.8 mode 2 st 0 gl 3 hp 37 frg 5
ARGLOG Carmack t  67.7 pos '381.7 -408.5 -104.0' spd 202.1 yaw 135.2 mode 1 st 0 gl 2 hp 64 frg 5
ARGLOG Romero t  67.7 pos '355.5 -151.8 -296.0' spd  79.9 yaw 270.6 mode 2 st 1 gl 1 hp 100 frg 2
ARGEVT Joe Rogan hazard
ARGLOG Joe Rogan t  68.0 pos '107.0 -210.4 -296.0' spd 314.8 yaw 284.5 mode 0 st 0 gl 3 hp 37 frg 5
ARGEVT Joe Rogan route 10 start '145.0 -247.0 -296.0' goal '145.0 -407.0 -104.0'
ARGLOG Carmack t  68.2 pos '259.4 -510.6 -104.0' spd 260.0 yaw 128.1 mode 1 st 0 gl 2 hp 64 frg 5
ARGEVT Joe Rogan pursue
ARGEVT Carmack pursue
ARGEVT Carmack hazard
ARGLOG Romero t  68.2 pos '389.8 -190.6 -296.0' spd 240.3 yaw 255.1 mode 2 st 1 gl 1 hp 100 frg 2
ARGEVT Romero pursue
ARGEVT Romero hazard
ARGLOG Joe Rogan t  68.5 pos ' 15.6 -262.0 -296.0' spd 185.6 yaw 334 mode 2 st 0 gl 3 hp 37 frg 5
ARGUS Joe Rogan hunch 
ARGEVT Joe Rogan goal backpack
ARGEVT Joe Rogan route 10 start ' 17.0 -247.0 -296.0' goal '145.0 -407.0 -104.0'
ARGEVT Joe Rogan pursue
ARGLOG Carmack t  68.7 pos '232.1 -414.3 -104.0' spd 344.4 yaw 102.6 mode 1 st 0 gl 2 hp 64 frg 5
ARGLOG Romero t  68.7 pos '502.2 -272.0 -296.0' spd 321.1 yaw   9.9 mode 2 st 1 gl 1 hp 100 frg 2
ARGEVT Romero pursue
ARGEVT Joe Rogan goal item_health
ARGLOG Joe Rogan t  69.0 pos ' 48.0 -215.2 -296.0' spd 324.7 yaw 267.8 mode 0 st 0 gl 3 hp 37 frg 5
ARGEVT Joe Rogan route 6 start ' 17.0 -247.0 -296.0' goal '-47.0 585.0 -296.0'
ARGEVT Joe Rogan hazard
ARGLOG Carmack t  69.2 pos '141.3 -418.1 -104.0' spd 187.8 yaw 134.5 mode 1 st 0 gl 2 hp 64 frg 5
ARGEVT Carmack hazard
ARGLOG Romero t  69.2 pos '598.7 -215.3 -296.0' spd 184.0 yaw 187.5 mode 2 st 1 gl 1 hp 100 frg 2
ARGEVT Joe Rogan pursue
ARGEVT Carmack pursue
ARGEVT Romero route 12 start '593.0 -215.0 -296.0' goal '817.0 -855.0 -232.0'
ARGLOG Joe Rogan t  69.5 pos '-77.4 -263.4 -296.0' spd 159.1 yaw 330 mode 2 st 0 gl 3 hp 37 frg 5
ARGEVT Carmack stall
ARGEVT Carmack jump
ARGEVT Carmack route 3 start '145.0 -407.0 -104.0' goal '529.0 -311.0 -104.0'
ARGLOG Carmack t  69.7 pos '203.2 -410.5 -80.6' spd 153.2 yaw  43.4 mode 2 st 1 gl 2 hp 20 frg 5
ARGLOG Romero t  69.8 pos '547.8 -238.8 -296.0' spd 245.9 yaw 205.5 mode 2 st 1 gl 1 hp 100 frg 2
ARGEVT Joe Rogan pursue
ARGEVT Carmack retreat
ARGLOG Joe Rogan t  70.0 pos ' 32.0 -231.3 -296.0' spd 233.6 yaw   0.2 mode 2 st 0 gl 3 hp 37 frg 5
ARGLOG Carmack t  70.2 pos '323.8 -427.2 -104.0' spd 328.0 yaw 143.2 mode 2 st 1 gl 2 hp 20 frg 5
ARGEVT Carmack death Carmack pos '336.3 -433.0 -104.0'
ARGEVT Joe Rogan engage Romero
ARGEVT Romero engage Joe Rogan
ARGLOG Romero t  70.3 pos '507.0 -248.5 -296.0' spd 322.8 yaw 221.9 mode 2 st 1 gl 1 hp 100 frg 2
ARGEVT Joe Rogan hazard
ARGLOG Joe Rogan t  70.5 pos ' 77.1 -242.4 -296.0' spd 271.7 yaw   8.0 mode 2 st 0 gl 3 hp 37 frg 5
ARGLOG Romero t  70.8 pos '508.3 -238.2 -296.0' spd 222.5 yaw 176.7 mode 2 st 1 gl 1 hp 100 frg 2
ARGEVT Joe Rogan weapon sg
ARGLOG Joe Rogan t  71.0 pos '158.9 -238.2 -296.0' spd 198.0 yaw   6.0 mode 2 st 0 gl 3 hp 32 frg 5
ARGEVT Romero grab weapon_lightning
ARGLOG Romero t  71.3 pos '495.6 -265.2 -296.0' spd 196.8 yaw 175.1 mode 2 st 1 gl 1 hp 100 frg 2
ARGEVT Joe Rogan hazard
ARGLOG Joe Rogan t  71.5 pos '205.3 -233.3 -296.0' spd  87.9 yaw 359.3 mode 2 st 0 gl 3 hp 24 frg 5
ARGEVT Romero hazard
ARGEVT Joe Rogan route 7 start '145.0 -247.0 -296.0' goal '-47.0 585.0 -296.0'
ARGEVT Carmack respawn
ARGEVT Carmack goal weapon_lightning
ARGLOG Carmack t  71.8 pos '112.0 -1136.0 -104.0' spd 0 yaw  49.5 mode 0 st 1 gl 2 hp 100 frg 4
ARGEVT Carmack route 6 start '113.0 -1079.0 -104.0' goal '529.0 -311.0 -104.0'
ARGLOG Romero t  71.8 pos '583.1 -255.1 -296.0' spd 170.5 yaw 177.7 mode 2 st 1 gl 1 hp 100 frg 2
ARGEVT Joe Rogan retreat
ARGLOG Joe Rogan t  72.1 pos '215.6 -246.6 -296.0' spd 290.0 yaw   3.8 mode 2 st 0 gl 3 hp 8 frg 5
ARGLOG Carmack t  72.3 pos '143.9 -992.8 -104.0' spd 322.8 yaw 59 mode 2 st 1 gl 2 hp 100 frg 4
ARGLOG Romero t  72.3 pos '579.7 -256.7 -296.0' spd  64.2 yaw 178.3 mode 2 st 1 gl 1 hp 100 frg 2
ARGEVT Joe Rogan death Romero pos '112.0 -276.0 -296.0'
ARGUS Romero watch spawn
ARGEVT Romero goal weapon_rocketlauncher
ARGEVT Romero route 8 start '593.0 -215.0 -296.0' goal ' 81.0  73.0 -296.0'
ARGLOG Carmack t  72.8 pos '171.2 -830.4 -104.0' spd 325.0 yaw 102 mode 2 st 1 gl 2 hp 100 frg 4
ARGLOG Romero t  72.8 pos '652.5 -186.2 -296.0' spd 423.4 yaw 117.2 mode 2 st 1 gl 1 hp 100 frg 3
ARGEVT Carmack hazard
ARGEVT Romero hazard
ARGLOG Carmack t  73.3 pos '139.5 -752.0 -104.0' spd 266.1 yaw 43 mode 2 st 1 gl 2 hp 100 frg 4
ARGLOG Romero t  73.3 pos '596.9 -33.3 -296.0' spd  31.6 yaw 224 mode 2 st 1 gl 1 hp 100 frg 3
ARGLOG Carmack t  73.8 pos '331.2 -742.9 -104.0' spd 396.7 yaw 74 mode 2 st 1 gl 2 hp 100 frg 4
ARGLOG Romero t  73.8 pos '592.0 -203.8 -296.0' spd 412.4 yaw 190.4 mode 2 st 1 gl 1 hp 100 frg 3
ARGEVT Joe Rogan respawn
ARGEVT Joe Rogan goal weapon_rocketlauncher
ARGLOG Joe Rogan t  73.9 pos '776.0 -808.0 -232.0' spd 0 yaw  94.5 mode 1 st 0 gl 3 hp 100 frg 5
ARGEVT Romero hazard
ARGLOG Carmack t  74.3 pos '347.5 -571.4 -104.0' spd 327.1 yaw 55 mode 2 st 1 gl 2 hp 100 frg 4
ARGLOG Romero t  74.3 pos '444.5 -240.8 -296.0' spd 331.1 yaw 169 mode 2 st 1 gl 1 hp 100 frg 3
ARGUS routecache adopt
ARGEVT Romero route 7 start '465.0 -247.0 -296.0' goal ' 81.0  73.0 -296.0'
ARGEVT Joe Rogan hazard
ARGLOG Joe Rogan t  74.5 pos '723.9 -738.8 -216.0' spd 253.3 yaw 178.5 mode 1 st 0 gl 3 hp 100 frg 5
ARGEVT Romero route 6 start '369.0 -215.0 -296.0' goal ' 81.0  73.0 -296.0'
ARGLOG Carmack t  74.8 pos '432.0 -433.7 -104.0' spd 168.8 yaw  22.4 mode 1 st 1 gl 2 hp 100 frg 4
ARGLOG Romero t  74.8 pos '288.3 -220.7 -296.0' spd 337.3 yaw 168 mode 2 st 1 gl 1 hp 100 frg 3
ARGEVT Carmack engage Romero
ARGEVT Romero engage Carmack
ARGEVT Carmack grab 
ARGLOG Joe Rogan t  75.0 pos '720.0 -752.0 -232.0' spd 0 yaw 106 mode 1 st 0 gl 3 hp 100 frg 5
ARGEVT Carmack hazard
ARGEVT Romero hazard
ARGLOG Carmack t  75.3 pos '383.5 -405.9 -104.0' spd 321.5 yaw 143.0 mode 1 st 1 gl 2 hp 100 frg 4
ARGLOG Romero t  75.3 pos '168.8 -217.2 -296.0' spd 236.5 yaw 327.4 mode 2 st 1 gl 1 hp 100 frg 3
ARGEVT Romero grab 
ARGEVT Carmack grab weapon_lightning
ARGLOG Joe Rogan t  75.5 pos '759.1 -719.8 -200.0' spd 322.4 yaw   4.2 mode 1 st 0 gl 3 hp 100 frg 5
ARGLOG Carmack t  75.8 pos '435.7 -423.3 -104.0' spd 349.8 yaw 118.9 mode 1 st 1 gl 2 hp 53 frg 4
ARGLOG Romero t  75.8 pos '195.0 -233.9 -296.0' spd  90.4 yaw 315.4 mode 2 st 1 gl 1 hp 100 frg 3
ARGLOG Joe Rogan t  76.0 pos '807.9 -659.8 -184.0' spd 337.6 yaw 137.7 mode 1 st 0 gl 3 hp 100 frg 5
ARGEVT Joe Rogan hazard
ARGEVT Carmack goal item_health
ARGEVT Carmack route 4 start '529.0 -311.0 -104.0' goal '977.0 -471.0 -104.0'
ARGLOG Carmack t  76.3 pos '519.6 -352.1 -104.0' spd 242.8 yaw 156.4 mode 2 st 1 gl 3 hp 53 frg 4
ARGLOG Romero t  76.3 pos '209.4 -245.2 -296.0' spd 318.6 yaw 338.8 mode 2 st 1 gl 1 hp 100 frg 3
ARGEVT Romero hazard
ARGLOG Joe Rogan t  76.5 pos '757.7 -500.5 -104.0' spd 239.9 yaw 205.2 mode 1 st 0 gl 3 hp 100 frg 5
ARGEVT Romero pursue
ARGLOG Carmack t  76.8 pos '508.9 -300.6 -104.0' spd 322.9 yaw 164.8 mode 2 st 1 gl 3 hp 53 frg 4
ARGLOG Romero t  76.8 pos '190.8 -250.2 -296.0' spd 124.3 yaw 342.0 mode 2 st 1 gl 1 hp 100 frg 3
ARGEVT Carmack grab item_armor1
ARGLOG Joe Rogan t  77.0 pos '755.8 -596.6 -152.0' spd 320.0 yaw 273 mode 1 st 0 gl 3 hp 100 frg 5
ARGLOG Carmack t  77.3 pos '515.7 -138.2 -104.0' spd 343.6 yaw 194.8 mode 2 st 1 gl 3 hp 53 frg 4
ARGLOG Romero t  77.3 pos '256.1 -250.5 -296.0' spd 270.5 yaw  13.8 mode 2 st 1 gl 1 hp 100 frg 3
ARGLOG Joe Rogan t  77.5 pos '749.9 -764.1 -232.0' spd 396.6 yaw 203.2 mode 1 st 0 gl 3 hp 100 frg 5
ARGEVT Joe Rogan hazard
ARGEVT Carmack hazard
ARGEVT Carmack route 4 start '529.0 -55.0 -104.0' goal '977.0 -471.0 -104.0'
ARGEVT Joe Rogan goal weapon_nailgun
ARGLOG Carmack t  77.8 pos '495.3 -92.3 -104.0' spd 320.4 yaw 209.2 mode 2 st 1 gl 3 hp 53 frg 4
ARGEVT Joe Rogan route 2 start '753.0 -887.0 -232.0' goal '369.0   9.0 -296.0'
ARGLOG Romero t  77.8 pos '180.8 -232.6 -296.0' spd 172.9 yaw  29.3 mode 2 st 1 gl 1 hp 100 frg 3
ARGEVT Romero hazard
ARGLOG Joe Rogan t  78.0 pos '720.0 -790.9 -232.0' spd 331.4 yaw 106 mode 2 st 0 gl 4 hp 100 frg 5
ARGLOG Carmack t  78.3 pos '524.3 -228.9 -104.0' spd  60.5 yaw 184.1 mode 2 st 1 gl 3 hp 53 frg 4
ARGLOG Romero t  78.4 pos '212.3 -244.4 -296.0' spd 168.7 yaw   3.1 mode 2 st 1 gl 1 hp 100 frg 3
ARGLOG Joe Rogan t  78.5 pos '720.0 -762.4 -216.4' spd 309.4 yaw 206.8 mode 2 st 0 gl 4 hp 100 frg 5
ARGLOG Carmack t  78.8 pos '467.5 -87.7 -104.0' spd 332.4 yaw 212.2 mode 2 st 1 gl 3 hp 53 frg 4
ARGUS routecache adopt
ARGEVT Joe Rogan route 2 start '753.0 -887.0 -232.0' goal '369.0   9.0 -296.0'
ARGLOG Romero t  78.9 pos '272.9 -254.8 -296.0' spd 309.6 yaw  28.9 mode 2 st 1 gl 1 hp 100 frg 3
ARGEVT Carmack weapon rl
ARGEVT Joe Rogan hazard
ARGEVT Carmack route 4 start '529.0 -55.0 -104.0' goal '977.0 -471.0 -104.0'
ARGLOG Joe Rogan t  79.0 pos '751.8 -909.1 -232.0' spd 320.7 yaw 331.3 mode 0 st 0 gl 4 hp 100 frg 5
ARGEVT Joe Rogan engage Romero
ARGEVT Joe Rogan route 1 start '369.0  73.0 -288.0' goal '369.0   9.0 -296.0'
ARGEVT Romero hazard
ARGLOG Carmack t  79.3 pos '550.0 -119.4 -54.7' spd 317.2 yaw 201.9 mode 2 st 1 gl 3 hp 37 frg 4
ARGLOG Romero t  79.4 pos '234.1 -236.8 -296.0' spd 154.2 yaw  24.2 mode 2 st 1 gl 1 hp 100 frg 3
ARGLOG Joe Rogan t  79.5 pos '368.0 -31.0 -296.0' spd 300 yaw 246.1 mode 1 st 0 gl 4 hp 100 frg 5
ARGEVT Romero pursue
ARGEVT Carmack pursue
ARGLOG Carmack t  79.8 pos '624.0 -186.2 -104.0' spd 261.9 yaw 205.2 mode 2 st 1 gl 3 hp 37 frg 4
ARGLOG Romero t  79.9 pos '301.4 -252.8 -284.9' spd 203.2 yaw  17.4 mode 2 st 1 gl 1 hp 53 frg 3
ARGEVT Joe Rogan weapon sg
ARGLOG Joe Rogan t  80.1 pos '365.6 -101.2 -296.0' spd 163.3 yaw 258.3 mode 1 st 0 gl 4 hp 100 frg 5
ARGUS Romero hunch item_artifact_super_damage
ARGEVT Romero jump
ARGEVT Romero goal weapon_rocketlauncher
ARGEVT Romero route 6 start '369.0 -247.0 -296.0' goal ' 81.0  73.0 -296.0'
ARGEVT Romero pursue
ARGUS Carmack hunch item_artifact_super_damage
ARGLOG Carmack t  80.3 pos '483.7 -266.3 -104.0' spd 271.7 yaw 300.1 mode 2 st 1 gl 3 hp 37 frg 4
ARGLOG Romero t  80.4 pos '420.9 -242.8 -264.1' spd 220.9 yaw 118.2 mode 0 st 1 gl 1 hp 53 frg 3
ARGEVT Carmack pursue
ARGUS Carmack prefire
ARGEVT Carmack goal item_health
ARGEVT Carmack route 3 start '465.0 -279.0 -104.0' goal '529.0  73.0 -296.0'
ARGEVT Carmack hazard
ARGEVT Joe Rogan hazard
ARGEVT Romero route 7 start '465.0 -247.0 -296.0' goal ' 81.0  73.0 -296.0'
ARGLOG Joe Rogan t  80.6 pos '350.5 -141.5 -296.0' spd 123.0 yaw 313.7 mode 1 st 0 gl 4 hp 100 frg 5
ARGEVT Carmack pursue
ARGLOG Carmack t  80.8 pos '456.2 -272.8 -104.0' spd 322.5 yaw 104.9 mode 2 st 1 gl 3 hp 37 frg 4
ARGLOG Romero t  80.9 pos '503.1 -208.0 -275.2' spd  32.9 yaw 159.0 mode 2 st 1 gl 1 hp 29 frg 3
ARGLOG Joe Rogan t  81.1 pos '361.3 -252.8 -296.0' spd  53.9 yaw  15.9 mode 1 st 0 gl 4 hp 88 frg 5
ARGEVT Romero retreat
ARGEVT Romero hazard
ARGUS Joe Rogan bodyblock
ARGUS Carmack bodyblock
ARGLOG Carmack t  81.3 pos '351.4 -232.1 -126.4' spd  74.3 yaw 328.7 mode 2 st 1 gl 3 hp 29 frg 4
ARGLOG Romero t  81.4 pos '538.6 -267.6 -296.0' spd 387.5 yaw 169.5 mode 2 st 1 gl 1 hp 29 frg 3
ARGEVT Joe Rogan weapon rl
ARGEVT Joe Rogan hazard
ARGLOG Joe Rogan t  81.6 pos '378.4 -197.6 -296.0' spd 395.6 yaw 354.1 mode 1 st 0 gl 4 hp 78 frg 5
ARGLOG Carmack t  81.9 pos '313.3 -253.7 -296.0' spd 122.9 yaw  30.7 mode 2 st 1 gl 3 hp 5 frg 4
ARGEVT Carmack hazard
ARGLOG Romero t  81.9 pos '638.6 -129.7 -296.0' spd 348.6 yaw 197.6 mode 2 st 1 gl 1 hp 5 frg 3
ARGEVT Joe Rogan pursue
ARGLOG Joe Rogan t  82.1 pos '347.6 -102.7 -296.0' spd 237.1 yaw   3.9 mode 1 st 0 gl 4 hp 71 frg 5
ARGEVT Romero grab item_health
ARGEVT Carmack pursue
ARGUS Joe Rogan hunch item_health
ARGEVT Joe Rogan goal weapon_nailgun
ARGLOG Carmack t  82.4 pos '374.4 -240.6 -296.0' spd 327.7 yaw  22.3 mode 2 st 1 gl 3 hp 5 frg 4
ARGEVT Joe Rogan pursue
ARGLOG Romero t  82.4 pos '590.3  22.2 -296.0' spd 246.6 yaw 175 mode 0 st 1 gl 1 hp 5 frg 3
ARGEVT Carmack pursue
ARGEVT Romero pursue
ARGEVT Carmack goal item_health
ARGEVT Carmack route 11 start '369.0 -247.0 -296.0' goal '977.0 -471.0 -104.0'
ARGEVT Joe Rogan hazard
ARGEVT Romero route 9 start '529.0  73.0 -296.0' goal ' 81.0  73.0 -296.0'
ARGLOG Joe Rogan t  82.6 pos '344.0 -49.4 -296.0' spd 152.9 yaw 245 mode 1 st 0 gl 4 hp 71 frg 5
ARGEVT Romero hazard
ARGLOG Carmack t  82.9 pos '537.9 -208.0 -296.0' spd 309.3 yaw 17 mode 2 st 1 gl 3 hp 5 frg 4
ARGLOG Romero t  82.9 pos '510.2  77.5 -296.0' spd 257.4 yaw 284.6 mode 2 st 1 gl 1 hp 30 frg 3
ARGLOG Joe Rogan t  83.1 pos '386.9 -125.2 -296.0' spd 311.1 yaw 351.8 mode 1 st 0 gl 4 hp 71 frg 5
ARGEVT Carmack hazard
ARGEVT Romero grab item_armor1
ARGEVT Carmack death Romero pos '632.2 -167.6 -296.0'
ARGUS Romero watch spawn
ARGEVT Romero goal backpack
ARGLOG Romero t  83.4 pos '645.9   2.1 -296.0' spd 385.5 yaw 276.2 mode 1 st 1 gl 1 hp 30 frg 4
ARGLOG Joe Rogan t  83.6 pos '401.6 -124.6 -296.0' spd 371.9 yaw 218.6 mode 1 st 0 gl 4 hp 71 frg 5
ARGEVT Joe Rogan hazard
ARGEVT Joe Rogan pursue
ARGEVT Romero hazard
ARGLOG Romero t  83.9 pos '596.1 -111.0 -296.0' spd 321.0 yaw 267.6 mode 1 st 1 gl 1 hp 30 frg 4
ARGLOG Joe Rogan t  84.1 pos '331.8 -123.9 -296.0' spd 287.8 yaw 271.8 mode 1 st 0 gl 4 hp 71 frg 5
ARGEVT Romero goal item_health
ARGEVT Romero route 10 start '593.0 -215.0 -296.0' goal '977.0 -471.0 -104.0'
ARGEVT Romero engage Joe Rogan
ARGEVT Romero retreat
ARGLOG Romero t  84.4 pos '635.0 -208.2 -296.0' spd 293.6 yaw 213.9 mode 2 st 1 gl 2 hp 30 frg 4
ARGLOG Joe Rogan t  84.6 pos '348.5 -250.0 -296.0' spd 169.7 yaw  30.6 mode 1 st 0 gl 4 hp 71 frg 5
ARGEVT Carmack respawn
ARGEVT Carmack goal weapon_rocketlauncher
ARGLOG Carmack t  84.7 pos '-64.0 512.0 -296.0' spd 0 yaw 274.8 mode 0 st 1 gl 3 hp 100 frg 4
ARGEVT Carmack route 5 start '-79.0 553.0 -296.0' goal ' 81.0  73.0 -296.0'
ARGEVT Joe Rogan pursue
ARGEVT Joe Rogan hazard
ARGEVT Romero pursue
ARGLOG Romero t  84.9 pos '616.4 -44.7 -296.0' spd 320.1 yaw 219 mode 2 st 1 gl 2 hp 30 frg 4
ARGEVT Romero hazard
ARGEVT Joe Rogan pursue
ARGLOG Joe Rogan t  85.1 pos '391.4 -206.1 -296.0' spd 258.6 yaw  16.3 mode 1 st 0 gl 4 hp 71 frg 5
ARGLOG Carmack t  85.2 pos '-80.2 367.6 -296.0' spd 320.1 yaw 257 mode 2 st 1 gl 3 hp 100 frg 4
ARGEVT Carmack hazard
ARGEVT Joe Rogan pursue
ARGLOG Romero t  85.4 pos '592.8 -47.9 -296.0' spd 323.8 yaw 78 mode 2 st 1 gl 2 hp 30 frg 4
ARGUS Joe Rogan prefire
ARGLOG Joe Rogan t  85.6 pos '476.8 -232.8 -296.0' spd 337.3 yaw 18 mode 1 st 0 gl 4 hp 71 frg 5
ARGEVT Romero pursue
ARGLOG Carmack t  85.7 pos '-74.7 195.4 -296.0' spd 342.5 yaw 324 mode 2 st 1 gl 3 hp 100 frg 4
ARGEVT Romero route 8 start '625.0 105.0 -296.0' goal '977.0 -471.0 -104.0'
ARGLOG Romero t  85.9 pos '447.3 -864.0  42.5' spd 300 yaw 176.7 mode 0 st 1 gl 2 hp 30 frg 4
ARGEVT Romero route 7 start '401.0 -887.0  24.0' goal '977.0 -471.0 -104.0'
ARGLOG Joe Rogan t  86.1 pos '633.9 -168.2 -296.0' spd 425.4 yaw 108.0 mode 1 st 0 gl 4 hp 71 frg 5
ARGLOG Carmack t  86.2 pos ' 21.8  55.4 -296.0' spd 374.4 yaw 8 mode 1 st 1 gl 3 hp 100 frg 4
ARGEVT Joe Rogan pursue
ARGEVT Romero pursue
ARGEVT Carmack goal item_health
ARGEVT Carmack route 5 start ' 81.0  73.0 -296.0' goal '-47.0 585.0 -296.0'
ARGEVT Joe Rogan hazard
ARGLOG Romero t  86.4 pos '390.9 -864.0  24.0' spd 397.4 yaw 74 mode 2 st 1 gl 2 hp 1 frg 4
ARGEVT Carmack hazard
ARGLOG Joe Rogan t  86.6 pos '592.1  -5.2 -296.0' spd  29.4 yaw 229.0 mode 1 st 0 gl 4 hp 71 frg 5
ARGLOG Carmack t  86.7 pos ' 30.7 107.4 -296.0' spd 320.1 yaw 146 mode 2 st 1 gl 4 hp 100 frg 4
ARGLOG Romero t  86.9 pos '367.3 -799.6  24.0' spd 327.7 yaw 70 mode 2 st 1 gl 2 hp 1 frg 4
ARGUS Romero hunch item_artifact_super_damage
ARGEVT Romero goal item_health
ARGEVT Romero route 3 start '401.0 -791.0  24.0' goal '401.0 -887.0 -104.0'
ARGEVT Romero pursue
ARGLOG Joe Rogan t  87.1 pos '603.9 -149.8 -296.0' spd 340.2 yaw 251.2 mode 1 st 0 gl 4 hp 71 frg 5
ARGEVT Carmack route 3 start '-143.0 105.0 -296.0' goal '-47.0 585.0 -296.0'
ARGLOG Carmack t  87.2 pos '-136.9 117.0 -296.0' spd 385.1 yaw 106.8 mode 0 st 1 gl 4 hp 100 frg 4
ARGUS routecache adopt
ARGEVT Carmack route 3 start '-143.0 105.0 -296.0' goal '-47.0 585.0 -296.0'
ARGEVT Joe Rogan hazard
ARGLOG Romero t  87.4 pos '267.0 -802.8  24.0' spd 371.5 yaw 152.8 mode 2 st 1 gl 2 hp 1 frg 4
ARGEVT Carmack hazard
ARGLOG Joe Rogan t  87.6 pos '521.5 -258.0 -296.0' spd 357.5 yaw 148.6 mode 1 st 0 gl 4 hp 71 frg 5
ARGEVT Romero hazard
ARGLOG Carmack t  87.8 pos '-236.1 128.0 -296.0' spd 198.2 yaw 69 mode 2 st 1 gl 4 hp 100 frg 4
ARGLOG Romero t  87.9 pos '250.6 -752.0  24.0' spd 330.3 yaw  10.3 mode 2 st 1 gl 2 hp 1 frg 4
ARGEVT Romero pursue
ARGLOG Joe Rogan t  88.1 pos '365.2 -206.8 -296.0' spd 346.9 yaw 136 mode 1 st 0 gl 4 hp 71 frg 5
ARGLOG Carmack t  88.3 pos '-68.0 132.8 -296.0' spd 260.7 yaw 87 mode 2 st 1 gl 4 hp 100 frg 4
ARGLOG Romero t  88.4 pos '364.2 -715.2  24.0' spd 335.5 yaw 127.2 mode 2 st 1 gl 2 hp 1 frg 4
ARGEVT Joe Rogan hazard
ARGLOG Joe Rogan t  88.7 pos '374.9 -58.7 -296.0' spd 336.6 yaw 157 mode 1 st 0 gl 4 hp 71 frg 5
ARGEVT Joe Rogan goal item_rockets
ARGEVT Joe Rogan route 7 start '369.0   9.0 -296.0' goal '401.0 -791.0 -104.0'
ARGEVT Romero hazard
ARGLOG Carmack t  88.8 pos '-45.8 290.4 -296.0' spd 325.8 yaw 90 mode 2 st 1 gl 4 hp 100 frg 4
ARGEVT Carmack hazard
ARGLOG Romero t  89.0 pos '304.2 -625.0  24.0' spd 285.5 yaw 242 mode 2 st 1 gl 2 hp 1 frg 4
ARGLOG Joe Rogan t  89.2 pos '349.9 -42.6 -296.0' spd 320.0 yaw 304 mode 2 st 0 gl 5 hp 71 frg 5
ARGLOG Carmack t  89.3 pos '-91.7 359.5 -296.0' spd 267.5 yaw  19.8 mode 2 st 1 gl 4 hp 100 frg 4
ARGLOG Romero t  89.5 pos '306.9 -785.2  24.0' spd 320.0 yaw 209 mode 2 st 1 gl 2 hp 1 frg 4
ARGEVT Joe Rogan rjump
ARGLOG Joe Rogan t  89.7 pos '367.0 -202.1 -264.8' spd 328.1 yaw 322 mode 2 st 0 gl 5 hp 63 frg 5
ARGEVT Joe Rogan weapon ng
ARGLOG Carmack t  89.8 pos '  6.4 481.2 -296.0' spd 342.0 yaw  23.4 mode 1 st 1 gl 4 hp 100 frg 4
ARGEVT Carmack hazard
ARGLOG Romero t  90.0 pos '208.0 -921.2  24.0' spd  36.3 yaw 10 mode 2 st 1 gl 2 hp 1 frg 4
ARGLOG Joe Rogan t  90.2 pos '366.8 -368.0 -120.3' spd 134.2 yaw 42 mode 2 st 0 gl 5 hp 63 frg 5
ARGLOG Carmack t  90.3 pos ' 16.0 450.4 -296.0' spd 358.6 yaw 300 mode 1 st 1 gl 4 hp 100 frg 4
ARGEVT Romero hazard
ARGLOG Romero t  90.5 pos '252.7 -772.6  24.0' spd 349.9 yaw 351.6 mode 2 st 1 gl 2 hp 1 frg 4
ARGLOG Joe Rogan t  90.7 pos '401.9 -334.0 -187.4' spd  94.9 yaw 41 mode 2 st 0 gl 5 hp 63 frg 5
ARGLOG Carmack t  90.8 pos ' 87.5 415.6 -296.0' spd 159.8 yaw 308.3 mode 1 st 1 gl 4 hp 100 frg 4
ARGLOG Romero t  91.0 pos '401.1 -851.8  24.0' spd 324.6 yaw 299 mode 1 st 1 gl 2 hp 1 frg 4
ARGEVT Carmack hazard
ARGEVT Joe Rogan swim
ARGLOG Joe Rogan t  91.2 pos '432.0 -304.1 -383.3' spd   4.8 yaw 356 mode 2 st 0 gl 5 hp 59 frg 5
ARGEVT Joe Rogan swim
ARGLOG Carmack t  91.3 pos ' 82.3 406.6 -296.0' spd  40.9 yaw 297 mode 1 st 1 gl 4 hp 100 frg 4
ARGEVT Joe Rogan swim
ARGEVT Joe Rogan swim
ARGLOG Romero t  91.5 pos '464.5 -1006.7  24.0' spd 414.6 yaw 214.4 mode 1 st 1 gl 2 hp 1 frg 4
ARGEVT Romero hazard
ARGEVT Joe Rogan swim
ARGLOG Joe Rogan t  91.7 pos '432.0 -314.6 -383.4' spd  21.3 yaw 2 mode 2 st 0 gl 5 hp 51 frg 5
ARGEVT Joe Rogan swim
ARGLOG Carmack t  91.8 pos '-13.7 409.5 -296.0' spd 333.4 yaw 154.0 mode 1 st 1 gl 4 hp 100 frg 4
ARGEVT Joe Rogan swim
ARGEVT Joe Rogan swim
ARGLOG Romero t  92.0 pos '401.7 -895.1  24.0' spd 425.3 yaw  51.8 mode 1 st 1 gl 2 hp 1 frg 4
ARGEVT Joe Rogan swim
ARGEVT Joe Rogan swim
ARGEVT Joe Rogan stall
ARGEVT Joe Rogan stallnode '529.0 -311.0 -104.0'
ARGLOG Joe Rogan t  92.2 pos '432.0 -313.8 -383.1' spd  17.5 yaw 352.0 mode 0 st 1 gl 5 hp 37 frg 5
ARGEVT Joe Rogan route 7 start '465.0 -247.0 -296.0' goal '401.0 -791.0 -104.0'
ARGEVT Joe Rogan swim
ARGLOG Carmack t  92.3 pos '-82.6 567.2 -296.0' spd 378.9 yaw 29 mode 1 st 1 gl 4 hp 100 frg 4
ARGEVT Joe Rogan swim
ARGEVT Carmack hazard
ARGEVT Carmack goal item_armorInv
ARGLOG Romero t  92.5 pos '479.9 -778.6  24.0' spd  62.3 yaw 263.0 mode 1 st 1 gl 2 hp 1 frg 4
ARGEVT Carmack route 14 start '-47.0 585.0 -296.0' goal '817.0 -855.0 -232.0'
ARGEVT Joe Rogan swim
ARGEVT Romero hazard
ARGEVT Joe Rogan swim
ARGLOG Joe Rogan t  92.7 pos '432.0 -304.0 -383.4' spd 0 yaw 43 mode 2 st 1 gl 5 hp 7 frg 5
ARGEVT Joe Rogan death world pos '432.0 -304.0 -383.4'
ARGLOG Carmack t  92.8 pos '-122.6 544.7 -296.0' spd 360.4 yaw 288.5 mode 0 st 1 gl 5 hp 200 frg 4
ARGEVT Carmack route 14 start '-79.0 553.0 -296.0' goal '817.0 -855.0 -232.0'
ARGEVT Romero stall
ARGLOG Romero t 93 pos '469.3 -784.0  24.0' spd   3.1 yaw 420.5 mode 0 st 2 gl 2 hp 1 frg 4
ARGEVT Romero jump
ARGEVT Romero route 3 start '401.0 -791.0  24.0' goal '401.0 -887.0 -104.0'
ARGLOG Carmack t  93.3 pos '-80.5 380.2 -296.0' spd 358.4 yaw 277 mode 2 st 1 gl 5 hp 200 frg 4
ARGEVT Carmack hazard
ARGLOG Romero t  93.5 pos '448.9 -784.0  54.7' spd  46.5 yaw 195 mode 2 st 2 gl 2 hp 1 frg 4
ARGLOG Carmack t  93.8 pos '-42.5 214.4 -296.0' spd 321.0 yaw 270 mode 2 st 1 gl 5 hp 200 frg 4
ARGLOG Romero t  94.0 pos '354.8 -827.7  24.0' spd 320.1 yaw 189 mode 2 st 2 gl 2 hp 1 frg 4
ARGEVT Joe Rogan respawn
ARGEVT Joe Rogan goal weapon_supershotgun
ARGLOG Joe Rogan t  94.2 pos '776.0 -808.0 -232.0' spd 0 yaw  94.5 mode 0 st 1 gl 5 hp 100 frg 4
ARGEVT Joe Rogan route 8 start '753.0 -759.0 -232.0' goal '273.0 -1015.0 -104.0'
ARGLOG Carmack t  94.3 pos '-39.2  52.7 -296.0' spd 320.1 yaw 281 mode 2 st 1 gl 5 hp 200 frg 4
ARGLOG Romero t  94.5 pos '208.1 -905.4  24.0' spd 320.4 yaw 278.0 mode 2 st 2 gl 2 hp 1 frg 4
ARGEVT Joe Rogan jump
ARGLOG Joe Rogan t  94.7 pos '752.0 -662.9 -173.1' spd 320.6 yaw 89 mode 2 st 1 gl 5 hp 100 frg 4
ARGLOG Carmack t  94.8 pos '-38.3 -112.2 -296.0' spd 331.1 yaw 341 mode 2 st 1 gl 5 hp 200 frg 4
ARGLOG Romero t  95.0 pos '333.1 -1026.9  24.0' spd 354.1 yaw 20 mode 2 st 2 gl 2 hp 1 frg 4
ARGEVT Carmack route 9 start ' 17.0 -247.0 -296.0' goal '817.0 -855.0 -232.0'
ARGLOG Joe Rogan t  95.2 pos '752.3 -641.8 -159.7' spd  30.0 yaw 115 mode 2 st 1 gl 5 hp 100 frg 4
ARGEVT Carmack hazard
ARGUS routecache adopt
ARGEVT Carmack route 9 start ' 17.0 -247.0 -296.0' goal '817.0 -855.0 -232.0'
ARGLOG Carmack t  95.3 pos ' 19.6 -266.3 -296.0' spd 325.7 yaw 3 mode 2 st 1 gl 5 hp 200 frg 4
ARGEVT Romero hazard
ARGEVT Joe Rogan jump
ARGLOG Romero t  95.5 pos '484.6 -985.6  24.0' spd 326.3 yaw 130 mode 2 st 2 gl 2 hp 1 frg 4
ARGLOG Joe Rogan t  95.8 pos '754.4 -555.2 -96.1' spd  30.4 yaw 125 mode 2 st 1 gl 5 hp 100 frg 4
ARGLOG Carmack t  95.9 pos '182.2 -242.4 -296.0' spd 321.0 yaw 359 mode 2 st 1 gl 5 hp 200 frg 4
ARGLOG Romero t  96.0 pos '398.9 -907.0  24.0' spd 378.4 yaw  98.9 mode 2 st 2 gl 2 hp 1 frg 4
ARGEVT Joe Rogan hazard
ARGLOG Joe Rogan t  96.3 pos '752.0 -525.0 -104.0' spd 102.4 yaw 154 mode 2 st 1 gl 5 hp 100 frg 4
ARGEVT Carmack rjump
ARGLOG Carmack t  96.4 pos '344.4 -241.9 -276.3' spd 286.6 yaw 343 mode 2 st 1 gl 5 hp 149 frg 4
ARGEVT Romero hazard
ARGLOG Romero t  96.6 pos '469.5 -770.0  24.0' spd 432.0 yaw 240 mode 2 st 2 gl 2 hp 1 frg 4
ARGLOG Joe Rogan t  96.8 pos '774.8 -410.0 -104.0' spd  66.0 yaw 174 mode 2 st 1 gl 5 hp 100 frg 4
ARGLOG Carmack t  96.9 pos '432.8 -233.3 -70.1' spd  40.0 yaw 329 mode 2 st 1 gl 5 hp 149 frg 4
ARGLOG Romero t  97.1 pos '350.0 -876.6  20.0' spd 352.9 yaw 172 mode 2 st 2 gl 2 hp 1 frg 4
ARGEVT Carmack engage Romero
ARGEVT Romero engage Carmack
ARGEVT Joe Rogan hazard
ARGLOG Joe Rogan t  97.3 pos '752.0 -460.3 -104.0' spd  37.6 yaw 165 mode 2 st 1 gl 5 hp 100 frg 4
ARGLOG Carmack t  97.4 pos '430.7 -265.9 -65.5' spd 126.1 yaw 267.9 mode 2 st 1 gl 5 hp 148 frg 4
ARGEVT Romero pursue
ARGLOG Romero t  97.6 pos '349.1 -1001.1  24.0' spd 324.0 yaw 83 mode 2 st 2 gl 2 hp 1 frg 4
ARGLOG Joe Rogan t  97.8 pos '752.0 -479.0 -104.0' spd  34.1 yaw 161 mode 2 st 1 gl 5 hp 100 frg 4
ARGLOG Carmack t  97.9 pos '432.0 -282.4 -268.5' spd  29.5 yaw 348 mode 2 st 1 gl 5 hp 148 frg 4
ARGEVT Carmack hazard
ARGLOG Romero t  98.1 pos '401.3 -886.8  24.0' spd 321.6 yaw 87 mode 2 st 2 gl 2 hp 1 frg 4
ARGEVT Joe Rogan hazard
ARGLOG Joe Rogan t  98.3 pos '752.0 -496.1 -104.0' spd  32.1 yaw 159 mode 2 st 1 gl 5 hp 100 frg 4
ARGLOG Carmack t  98.4 pos '432.0 -281.4 -296.0' spd   9.3 yaw 348 mode 2 st 1 gl 5 hp 147 frg 4
ARGUS Romero hunch item_artifact_super_damage
ARGEVT Romero pursue
ARGLOG Romero t  98.6 pos '390.4 -796.2  24.0' spd 333.1 yaw 248.8 mode 2 st 2 gl 2 hp 1 frg 4
ARGEVT Romero goal item_health
ARGEVT Romero route 4 start '401.0 -791.0  24.0' goal '465.0 -471.0  24.0'
ARGEVT Carmack stall
ARGEVT Carmack stallnode '561.0 -311.0 -104.0'
ARGEVT Carmack jump
ARGLOG Joe Rogan t  98.8 pos '752.0 -512.6 -104.0' spd  35.7 yaw 156 mode 2 st 1 gl 5 hp 100 frg 4
ARGEVT Carmack route 8 start '465.0 -247.0 -296.0' goal '817.0 -855.0 -232.0'
ARGLOG Carmack t  98.9 pos '432.0 -279.2 -258.6' spd  47.8 yaw  29.1 mode 2 st 2 gl 5 hp 147 frg 4
ARGLOG Romero t  99.1 pos '246.3 -887.0  24.0' spd 412.3 yaw 127.9 mode 2 st 2 gl 2 hp 1 frg 4
ARGEVT Joe Rogan hazard
ARGLOG Joe Rogan t  99.3 pos '752.0 -528.5 -104.1' spd  28.9 yaw 154 mode 2 st 1 gl 5 hp 100 frg 4
ARGLOG Carmack t  99.4 pos '423.8 -251.4 -296.0' spd 194.9 yaw 175 mode 2 st 2 gl 5 hp 146 frg 4
ARGEVT Carmack rjump
ARGEVT Romero hazard
ARGLOG Romero t  99.6 pos '208.4 -764.6  24.0' spd  54.1 yaw 52 mode 2 st 2 gl 2 hp 1 frg 4
ARGEVT Carmack pursue
ARGUS Carmack hunch item_health
ARGLOG Joe Rogan t  99.8 pos '753.2 -444.1 -104.0' spd 387.3 yaw 167 mode 2 st 1 gl 5 hp 100 frg 4
ARGEVT Carmack goal weapon_lightning
ARGEVT Carmack route 1 start '369.0 -215.0 -296.0' goal '529.0 -311.0 -104.0'
ARGLOG Carmack t  99.9 pos '336.9 -206.8 -258.7' spd 134.3 yaw 359.2 mode 2 st 2 gl 5 hp 146 frg 4
ARGLOG Romero t 100.1 pos '346.2 -712.9  24.0' spd 380.9 yaw 94 mode 2 st 2 gl 2 hp 1 frg 4
ARGEVT Carmack rjump
ARGEVT Joe Rogan hazard
ARGLOG Joe Rogan t 100.3 pos '754.3 -443.2 -104.0' spd 176.1 yaw 168 mode 2 st 1 gl 5 hp 100 frg 4
ARGLOG Carmack t 100.4 pos '398.5 -143.4 -163.0' spd 213.2 yaw 308 mode 2 st 2 gl 5 hp 96 frg 4
ARGEVT Joe Rogan stall
ARGEVT Joe Rogan stallnode '625.0 -375.0 -104.0'
ARGEVT Joe Rogan jump
ARGEVT Romero engage Carmack
ARGEVT Carmack engage Romero
ARGEVT Carmack grab item_armor1
ARGLOG Romero t 100.6 pos '367.2 -565.6  24.0' spd  45.4 yaw  59.1 mode 2 st 2 gl 2 hp 1 frg 4
ARGEVT Joe Rogan route 6 start '785.0 -471.0 -104.0' goal '273.0 -1015.0 -104.0'
ARGLOG Joe Rogan t 100.8 pos '752.0 -463.3 -60.5' spd  37.1 yaw 164 mode 2 st 2 gl 5 hp 100 frg 4
ARGLOG Carmack t 100.9 pos '436.5 -94.8 -77.3' spd 100.7 yaw 264.9 mode 2 st 2 gl 5 hp 96 frg 4
ARGLOG Romero t 101.1 pos '349.6 -708.8  24.0' spd 320.0 yaw  77.1 mode 2 st 2 gl 2 hp 1 frg 4
ARGEVT Joe Rogan stall
ARGEVT Joe Rogan stallnode '625.0 -375.0 -104.0'
ARGEVT Joe Rogan jump
ARGEVT Joe Rogan goal weapon_rocketlauncher
ARGEVT Joe Rogan route 3 start '785.0 -471.0 -104.0' goal '753.0 -887.0 -232.0'
ARGLOG Joe Rogan t 101.3 pos '758.2 -446.1 -72.2' spd  53.7 yaw 278 mode 2 st 3 gl 5 hp 100 frg 4
ARGLOG Carmack t 101.4 pos '494.9 -116.8 -104.0' spd 352.8 yaw 263.6 mode 1 st 2 gl 5 hp 96 frg 4
ARGEVT Romero pursue
ARGEVT Carmack pursue
ARGEVT Romero route 4 start '305.0 -855.0  24.0' goal '465.0 -471.0  24.0'
ARGLOG Romero t 101.6 pos '341.4 -828.3  24.0' spd 174.1 yaw 82 mode 2 st 2 gl 2 hp 1 frg 4
ARGLOG Joe Rogan t 101.8 pos '774.7 -470.7 -104.0' spd  94.5 yaw 176.9 mode 2 st 3 gl 5 hp 100 frg 4
ARGEVT Joe Rogan hazard
ARGLOG Carmack t 101.9 pos '487.2 -281.9 -104.0' spd 321.4 yaw 252 mode 1 st 2 gl 5 hp 96 frg 4
ARGLOG Romero t 102.1 pos '368.0 -671.3  24.0' spd 322.7 yaw 82 mode 2 st 2 gl 2 hp 1 frg 4
ARGUS Romero prefire
ARGLOG Joe Rogan t 102.3 pos '752.0 -555.5 -108.6' spd 266.1 yaw 271 mode 2 st 3 gl 5 hp 100 frg 4
ARGLOG Carmack t 102.5 pos '443.6 -432.0 -104.0' spd 108.6 yaw 251 mode 1 st 2 gl 5 hp 96 frg 4
ARGLOG Romero t 102.6 pos '368.9 -506.4  24.0' spd 322.7 yaw 80 mode 1 st 2 gl 2 hp 1 frg 4
ARGUS Carmack bodyblock
ARGEVT Carmack weapon sg
ARGEVT Romero weapon sg
ARGLOG Joe Rogan t 102.9 pos '771.9 -704.5 -200.0' spd 323.9 yaw 269 mode 1 st 3 gl 5 hp 100 frg 4
ARGLOG Carmack t 103.0 pos '402.9 -421.8 -104.0' spd 322.2 yaw 173.9 mode 1 st 2 gl 5 hp 96 frg 4
ARGEVT Romero death Carmack pos '349.4 -399.0  16.3'
ARGUS Carmack watch spawn
ARGEVT Carmack weapon rl
ARGEVT Carmack goal weapon_lightning
ARGEVT Joe Rogan hazard
ARGLOG Joe Rogan t 103.4 pos '723.6 -867.8 -232.0' spd 140.4 yaw 117.0 mode 1 st 3 gl 5 hp 100 frg 4
ARGLOG Carmack t 103.5 pos '562.5 -364.0 -104.0' spd 476.6 yaw 265.9 mode 1 st 2 gl 5 hp 96 frg 5
ARGEVT Carmack hazard
ARGLOG Joe Rogan t 103.9 pos '752.5 -745.0 -216.0' spd 323.0 yaw  53.9 mode 1 st 3 gl 5 hp 100 frg 4
ARGLOG Carmack t 104.0 pos '503.7 -412.4 -104.0' spd 374.1 yaw 114.5 mode 1 st 2 gl 5 hp 96 frg 5
ARGLOG Joe Rogan t 104.4 pos '805.4 -587.0 -136.0' spd 400.5 yaw 151 mode 1 st 3 gl 5 hp 100 frg 4
ARGLOG Carmack t 104.5 pos '351.7 -415.9 -104.0' spd 403.6 yaw 267.2 mode 1 st 2 gl 5 hp 96 frg 5
ARGEVT Romero respawn
ARGEVT Romero goal item_armorInv
ARGLOG Romero t 104.5 pos '112.0 -1136.0 -104.0' spd 0 yaw  40.5 mode 0 st 2 gl 2 hp 100 frg 4
ARGEVT Romero route 10 start '113.0 -1079.0 -104.0' goal '817.0 -855.0 -232.0'
ARGEVT Joe Rogan hazard
ARGLOG Joe Rogan t 104.9 pos '755.6 -489.8 -104.0' spd 199.4 yaw 272 mode 1 st 3 gl 5 hp 100 frg 4
ARGLOG Carmack t 105.0 pos '343.5 -596.1 -104.0' spd 415.2 yaw 353.7 mode 1 st 2 gl 5 hp 96 frg 5
ARGEVT Carmack hazard
ARGEVT Romero engage Carmack
ARGLOG Romero t 105.0 pos '169.3 -997.3 -104.0' spd 322.7 yaw  67.3 mode 2 st 2 gl 2 hp 100 frg 4
ARGEVT Romero grab weapon_supershotgun
ARGEVT Carmack engage Romero
ARGLOG Joe Rogan t 105.4 pos '756.4 -648.2 -168.0' spd 320.0 yaw 273 mode 1 st 3 gl 5 hp 100 frg 4
ARGLOG Carmack t 105.5 pos '329.0 -717.4 -104.0' spd 164.1 yaw 284.8 mode 1 st 2 gl 5 hp 96 frg 5
ARGLOG Romero t 105.5 pos '324.0 -994.5 -104.0' spd 347.8 yaw  77.5 mode 2 st 2 gl 2 hp 100 frg 4
ARGLOG Joe Rogan t 105.9 pos '720.1 -811.9 -232.0' spd 322.6 yaw 282.1 mode 1 st 3 gl 5 hp 100 frg 4
ARGEVT Romero death Carmack pos '427.6 -1005.8 -104.0'
ARGLOG Carmack t 106.0 pos '368.0 -741.4 -104.0' spd  15.6 yaw 340.0 mode 1 st 2 gl 5 hp 88 frg 6
ARGEVT Carmack goal weapon_lightning
ARGEVT Carmack route 4 start '401.0 -791.0 -104.0' goal '529.0 -311.0 -104.0'
ARGEVT Joe Rogan hazard
ARGLOG Joe Rogan t 106.4 pos '795.8 -839.6 -232.0' spd 322.5 yaw  82.4 mode 1 st 3 gl 5 hp 100 frg 4
ARGLOG Carmack t 106.5 pos '385.1 -874.3 -104.0' spd 327.9 yaw 252 mode 2 st 2 gl 5 hp 88 frg 6
ARGEVT Carmack route 4 start '401.0 -887.0 -104.0' goal '529.0 -311.0 -104.0'
ARGLOG Joe Rogan t 106.9 pos '762.1 -667.5 -184.0' spd 177.4 yaw 226.6 mode 1 st 3 gl 5 hp 100 frg 4
ARGLOG Carmack t 107 pos '283.2 -1012.9 -104.0' spd 455.1 yaw 131.8 mode 0 st 2 gl 5 hp 100 frg 6
ARGEVT Carmack route 5 start '273.0 -1015.0 -104.0' goal '529.0 -311.0 -104.0'
ARGLOG Joe Rogan t 107.4 pos '740.0 -785.2 -232.0' spd 325.1 yaw 240.8 mode 1 st 3 gl 5 hp 100 frg 4
ARGEVT Romero respawn
ARGEVT Carmack engage Romero
ARGEVT Romero goal item_armorInv
ARGEVT Romero engage Carmack
ARGLOG Romero t 107.4 pos '112.0 -1136.0 -104.0' spd 0 yaw  46.3 mode 0 st 2 gl 2 hp 100 frg 4
ARGEVT Romero route 10 start '113.0 -1079.0 -104.0' goal '817.0 -855.0 -232.0'
ARGLOG Carmack t 107.5 pos '233.2 -836.9 -104.0' spd 285.6 yaw 295.6 mode 2 st 2 gl 5 hp 100 frg 6
ARGEVT Joe Rogan hazard
ARGEVT Joe Rogan goal backpack
ARGEVT Joe Rogan route 9 start '753.0 -887.0 -232.0' goal '369.0 -983.0 -104.0'
ARGLOG Joe Rogan t 107.9 pos '730.4 -888.6 -232.0' spd 322.0 yaw 85 mode 2 st 3 gl 6 hp 100 frg 4
ARGLOG Romero t 108.0 pos '262.6 -1141.8 -40.0' spd 338.6 yaw  98.9 mode 2 st 2 gl 2 hp 100 frg 4
ARGEVT Carmack hazard
ARGLOG Carmack t 108.0 pos ' 96.1 -793.0 -104.0' spd 146.6 yaw 313.0 mode 2 st 2 gl 5 hp 100 frg 6
ARGLOG Joe Rogan t 108.4 pos '737.8 -720.2 -216.0' spd 366.9 yaw 86 mode 2 st 3 gl 6 hp 100 frg 4
ARGLOG Romero t 108.5 pos '232.0 -1101.6 -104.0' spd 221.4 yaw  99.4 mode 2 st 2 gl 2 hp 100 frg 4
ARGLOG Carmack t 108.5 pos '244.7 -792.3 -104.0' spd 328.1 yaw 259.8 mode 2 st 2 gl 5 hp 100 frg 6
ARGEVT Romero hazard
ARGLOG Joe Rogan t 108.9 pos '743.7 -720.0 -216.0' spd   3.9 yaw 87 mode 2 st 3 gl 6 hp 100 frg 4
ARGEVT Carmack grab 
ARGLOG Romero t 109.0 pos ' 94.6 -1021.5 -104.0' spd 346.6 yaw  43.3 mode 2 st 2 gl 2 hp 100 frg 4
ARGLOG Carmack t 109.0 pos '399.8 -862.8 -104.0' spd 340.3 yaw 196.0 mode 2 st 2 gl 5 hp 100 frg 6
ARGEVT Romero retreat
ARGLOG Joe Rogan t 109.5 pos '745.5 -720.0 -216.0' spd   0.4 yaw  95.0 mode 2 st 3 gl 6 hp 100 frg 4
ARGEVT Joe Rogan goal item_rockets
ARGEVT Joe Rogan hazard
ARGLOG Romero t 109.5 pos '182.2 -1033.7 -104.0' spd 340.6 yaw  11.0 mode 2 st 2 gl 2 hp 26 frg 4
ARGEVT Joe Rogan route 7 start '753.0 -727.0 -216.0' goal '401.0 -791.0 -104.0'
ARGEVT Carmack route 5 start '369.0 -983.0 -104.0' goal '529.0 -311.0 -104.0'
ARGLOG Carmack t 109.5 pos '463.8 -1012.6 -104.0' spd 256.0 yaw 207.0 mode 2 st 2 gl 5 hp 100 frg 6
ARGEVT Carmack hazard
ARGEVT Romero route 10 start '145.0 -1207.0 -88.0' goal '817.0 -855.0 -232.0'
ARGLOG Joe Rogan t 110.0 pos '722.7 -755.5 -232.0' spd  24.3 yaw 83 mode 2 st 3 gl 6 hp 100 frg 4
ARGLOG Romero t 110.0 pos '159.5 -1194.5 -88.0' spd 320.3 yaw  35.0 mode 2 st 2 gl 2 hp 26 frg 4
ARGEVT Carmack pursue
ARGEVT Romero pursue
ARGLOG Carmack t 110.1 pos '422.0 -897.5 -104.0' spd 304.1 yaw 217 mode 2 st 2 gl 5 hp 86 frg 6
ARGEVT Romero hazard
ARGLOG Joe Rogan t 110.5 pos '752.0 -689.7 -200.0' spd  28.0 yaw 187.3 mode 2 st 3 gl 6 hp 100 frg 4
ARGLOG Romero t 110.5 pos '170.5 -1214.4 -88.0' spd 251.5 yaw  67.9 mode 2 st 2 gl 2 hp 26 frg 4
ARGLOG Carmack t 110.6 pos '272.3 -846.2 -104.0' spd 203.3 yaw 243.2 mode 2 st 2 gl 5 hp 86 frg 6
ARGEVT Romero death Carmack pos ' 90.3 -1223.5 -104.0'
ARGUS Carmack watch spawn
ARGEVT Joe Rogan hazard
ARGEVT Carmack goal item_armorInv
ARGLOG Joe Rogan t 111.0 pos '722.7 -771.7 -232.0' spd 208.5 yaw 83 mode 2 st 3 gl 6 hp 100 frg 4
ARGEVT Carmack route 8 start '401.0 -887.0 -104.0' goal '817.0 -855.0 -232.0'
ARGLOG Carmack t 111.1 pos '367.4 -942.3 -104.0' spd 426.5 yaw 236.8 mode 2 st 2 gl 5 hp 78 frg 7
ARGEVT Carmack hazard
ARGEVT Carmack route 9 start '369.0 -983.0 -104.0' goal '817.0 -855.0 -232.0'
ARGLOG Joe Rogan t 111.5 pos '764.5 -694.9 -200.0' spd 303.6 yaw 133.7 mode 2 st 3 gl 6 hp 100 frg 4
ARGEVT Joe Rogan jump
ARGLOG Carmack t 111.6 pos '397.5 -1040.0 -104.0' spd 151.8 yaw 99 mode 2 st 2 gl 5 hp 78 frg 7
ARGLOG Joe Rogan t 112.0 pos '752.0 -645.3 -145.6' spd  30.0 yaw 115 mode 2 st 3 gl 6 hp 100 frg 4
ARGLOG Carmack t 112.1 pos '243.9 -975.6 -104.0' spd 382.1 yaw 204.9 mode 2 st 2 gl 5 hp 78 frg 7
ARGEVT Romero respawn
ARGEVT Joe Rogan engage Romero
ARGEVT Romero goal weapon_lightning
ARGEVT Romero engage Joe Rogan
ARGLOG Romero t 112.3 pos '776.0 -808.0 -232.0' spd 0 yaw  90.0 mode 0 st 2 gl 2 hp 100 frg 4
ARGEVT Romero route 6 start '753.0 -759.0 -232.0' goal '529.0 -311.0 -104.0'
ARGEVT Joe Rogan jump
ARGLOG Joe Rogan t 112.5 pos '766.0 -548.6 -110.9' spd 294.0 yaw 226.7 mode 2 st 3 gl 6 hp 100 frg 4
ARGLOG Carmack t 112.6 pos '101.8 -1089.7 -104.0' spd 345.2 yaw 275 mode 0 st 2 gl 5 hp 78 frg 7
ARGEVT Carmack route 10 start '113.0 -1079.0 -104.0' goal '817.0 -855.0 -232.0'
ARGLOG Romero t 112.8 pos '800.8 -789.9 -232.0' spd 320.2 yaw  84.6 mode 2 st 2 gl 2 hp 100 frg 4
ARGEVT Carmack hazard
ARGLOG Joe Rogan t 113.0 pos '841.7 -421.9 -104.0' spd 371.3 yaw 276.7 mode 2 st 3 gl 6 hp 100 frg 4
ARGEVT Romero retreat
ARGLOG Carmack t 113.1 pos '164.5 -1214.4 -88.0' spd 359.4 yaw 83 mode 2 st 2 gl 5 hp 78 frg 7
ARGEVT Joe Rogan pursue
ARGEVT Romero pursue
ARGLOG Romero t 113.3 pos '747.9 -862.0 -232.0' spd 335.5 yaw  69.7 mode 2 st 2 gl 2 hp 21 frg 4
ARGEVT Joe Rogan route 6 start '977.0 -471.0 -104.0' goal '401.0 -791.0 -104.0'
ARGLOG Joe Rogan t 113.5 pos '971.5 -487.7 -104.0' spd 371.7 yaw 245 mode 2 st 3 gl 6 hp 100 frg 4
ARGLOG Carmack t 113.6 pos '254.5 -1104.0 -60.1' spd  31.0 yaw 196.7 mode 2 st 2 gl 5 hp 78 frg 7
ARGUS Joe Rogan hunch item_health
ARGLOG Romero t 113.9 pos '758.3 -752.4 -232.0' spd 320.1 yaw 77 mode 2 st 2 gl 2 hp 21 frg 4
ARGLOG Joe Rogan t 114.0 pos '935.6 -600.2 -104.0' spd 248.8 yaw  95.1 mode 2 st 3 gl 6 hp 100 frg 4
ARGEVT Joe Rogan pursue
ARGEVT Joe Rogan goal item_rockets
ARGEVT Joe Rogan route 6 start '945.0 -567.0 -104.0' goal '401.0 -791.0 -104.0'
ARGEVT Romero jump
ARGLOG Carmack t 114.1 pos '162.2 -1064.7 -104.0' spd 352.6 yaw 80 mode 2 st 2 gl 5 hp 78 frg 7
ARGLOG Romero t 114.4 pos '781.9 -657.6 -142.6' spd  32.8 yaw  36.8 mode 2 st 2 gl 2 hp 21 frg 4
ARGEVT Romero death Joe Rogan pos '782.8 -661.2 -140.9'
ARGUS Joe Rogan watch spawn
ARGLOG Joe Rogan t 114.5 pos '952.2 -606.3 -104.0' spd  90.9 yaw 129.3 mode 2 st 3 gl 6 hp 100 frg 5
ARGLOG Carmack t 114.6 pos '133.1 -890.7 -104.0' spd 337.9 yaw 48 mode 2 st 2 gl 5 hp 78 frg 7
ARGEVT Joe Rogan goal backpack
ARGLOG Joe Rogan t 115.0 pos '800.3 -611.1 -104.9' spd 351.3 yaw 236 mode 1 st 3 gl 6 hp 100 frg 5
ARGEVT Carmack hazard
ARGLOG Carmack t 115.1 pos '229.6 -762.8 -104.0' spd 334.8 yaw 61 mode 2 st 2 gl 5 hp 78 frg 7
ARGEVT Joe Rogan goal item_rockets
ARGEVT Joe Rogan route 6 start '753.0 -599.0 -152.0' goal '401.0 -791.0 -104.0'
ARGEVT Joe Rogan hazard
ARGLOG Joe Rogan t 115.5 pos '788.6 -640.0 -168.0' spd 348.1 yaw 121 mode 2 st 3 gl 7 hp 100 frg 5
ARGLOG Carmack t 115.6 pos '368.0 -747.1 -104.0' spd   7.0 yaw 12 mode 2 st 2 gl 5 hp 78 frg 7
ARGEVT Romero respawn
ARGEVT Romero goal weapon_rocketlauncher
ARGLOG Romero t 116.0 pos '-64.0 512.0 -296.0' spd 0 yaw 274.8 mode 0 st 2 gl 2 hp 100 frg 4
ARGEVT Romero route 5 start '-79.0 553.0 -296.0' goal ' 81.0  73.0 -296.0'
ARGLOG Joe Rogan t 116.0 pos '793.0 -539.0 -120.0' spd 403.7 yaw 166.6 mode 2 st 3 gl 7 hp 100 frg 5
ARGEVT Carmack hazard
ARGLOG Carmack t 116.1 pos '368.0 -745.9 -104.0' spd  12.0 yaw 80 mode 2 st 2 gl 5 hp 78 frg 7
ARGEVT Joe Rogan jump
ARGLOG Romero t 116.5 pos '-80.1 367.6 -296.0' spd 320.1 yaw 257 mode 2 st 2 gl 2 hp 100 frg 4
ARGLOG Joe Rogan t 116.5 pos '752.0 -485.9 -60.4' spd  30.5 yaw 280 mode 2 st 3 gl 7 hp 100 frg 5
ARGEVT Romero hazard
ARGLOG Carmack t 116.6 pos '368.0 -746.0 -104.0' spd   7.1 yaw  18.4 mode 2 st 2 gl 5 hp 78 frg 7
ARGLOG Romero t 117.0 pos '-74.7 196.3 -296.0' spd 339.8 yaw 324 mode 2 st 2 gl 2 hp 100 frg 4
ARGLOG Joe Rogan t 117.0 pos '759.1 -534.3 -120.0' spd 320.0 yaw 281 mode 2 st 3 gl 7 hp 100 frg 5
ARGEVT Carmack stall
ARGEVT Carmack stallnode '337.0 -567.0 -104.0'
ARGEVT Carmack jump
ARGEVT Carmack route 8 start '401.0 -791.0 -104.0' goal '817.0 -855.0 -232.0'
ARGLOG Carmack t 117.1 pos '368.0 -743.8 -84.4' spd  31.6 yaw 99 mode 2 st 3 gl 5 hp 78 frg 7
ARGLOG Romero t 117.5 pos ' 23.4  55.6 -296.0' spd 373.2 yaw 8 mode 1 st 2 gl 2 hp 100 frg 4
ARGEVT Joe Rogan route 7 start '785.0 -663.0 -184.0' goal '401.0 -791.0 -104.0'
ARGLOG Joe Rogan t 117.6 pos '752.0 -704.0 -185.5' spd 279.8 yaw 89 mode 2 st 3 gl 7 hp 100 frg 5
ARGEVT Romero goal item_armorInv
ARGLOG Carmack t 117.7 pos '367.2 -712.4 -104.0' spd 178.6 yaw 78 mode 2 st 3 gl 5 hp 78 frg 7
ARGEVT Romero route 13 start ' 81.0  73.0 -296.0' goal '817.0 -855.0 -232.0'
ARGEVT Joe Rogan hazard
ARGLOG Romero t 118.0 pos '-60.8  73.7 -296.0' spd 412.2 yaw 284 mode 2 st 2 gl 3 hp 100 frg 4
ARGLOG Joe Rogan t 118.1 pos '737.7 -720.0 -216.0' spd  65.6 yaw 85 mode 2 st 3 gl 7 hp 100 frg 5
ARGEVT Romero hazard
ARGLOG Carmack t 118.2 pos '355.3 -552.5 -104.0' spd 331.2 yaw 33 mode 2 st 3 gl 5 hp 78 frg 7
ARGLOG Romero t 118.5 pos '-68.8  14.3 -296.0' spd 321.8 yaw 289 mode 2 st 2 gl 3 hp 100 frg 4
ARGLOG Joe Rogan t 118.6 pos '751.9 -720.0 -216.0' spd   0.8 yaw 89 mode 2 st 3 gl 7 hp 100 frg 5
ARGLOG Carmack t 118.7 pos '433.6 -403.4 -104.0' spd 359.6 yaw 343 mode 2 st 3 gl 5 hp 78 frg 7
ARGEVT Joe Rogan jump
ARGLOG Romero t 119.0 pos '-28.7 -142.4 -296.0' spd 321.2 yaw 345 mode 2 st 2 gl 3 hp 100 frg 4
ARGLOG Joe Rogan t 119.1 pos '754.0 -653.4 -151.9' spd  30.4 yaw 114 mode 2 st 3 gl 7 hp 100 frg 5
ARGLOG Carmack t 119.2 pos '597.0 -362.0 -104.0' spd 350.7 yaw 313 mode 2 st 3 gl 5 hp 78 frg 7
ARGUS routecache adopt
ARGEVT Romero route 9 start ' 17.0 -247.0 -296.0' goal '817.0 -855.0 -232.0'
ARGEVT Carmack jump
ARGEVT Romero hazard
ARGUS routecache adopt
ARGEVT Romero route 9 start ' 17.0 -247.0 -296.0' goal '817.0 -855.0 -232.0'
ARGLOG Romero t 119.5 pos ' 59.5 -269.3 -296.0' spd 323.9 yaw 4 mode 2 st 2 gl 3 hp 100 frg 4
ARGLOG Joe Rogan t 119.6 pos '756.3 -632.6 -168.0' spd 186.3 yaw 117 mode 2 st 3 gl 7 hp 100 frg 5
ARGLOG Carmack t 119.7 pos '688.0 -425.8 -62.3' spd 134.0 yaw 305 mode 2 st 3 gl 5 hp 78 frg 7
ARGEVT Joe Rogan jump
ARGEVT Romero engage Carmack
ARGEVT Carmack engage Romero
ARGEVT Carmack route 13 start '369.0 -247.0 -296.0' goal '817.0 -855.0 -232.0'
ARGLOG Romero t 120.0 pos '212.4 -273.3 -296.0' spd 206.3 yaw   4.7 mode 2 st 2 gl 3 hp 100 frg 4
ARGLOG Joe Rogan t 120.1 pos '754.4 -552.2 -92.4' spd  30.5 yaw 126 mode 2 st 3 gl 7 hp 100 frg 5
ARGLOG Carmack t 120.2 pos '446.2 -240.0 -292.3' spd 300 yaw 204.1 mode 2 st 3 gl 5 hp 78 frg 7
ARGEVT Joe Rogan hazard
ARGEVT Carmack grab weapon_lightning
ARGLOG Romero t 120.6 pos '208.1 -241.0 -296.0' spd 246.9 yaw 359.7 mode 2 st 2 gl 3 hp 100 frg 4
ARGLOG Joe Rogan t 120.6 pos '752.0 -502.7 -104.0' spd 277.7 yaw 158 mode 2 st 3 gl 7 hp 100 frg 5
ARGEVT Romero hazard
ARGLOG Carmack t 120.7 pos '474.2 -243.8 -296.0' spd 366.3 yaw 182.9 mode 2 st 3 gl 5 hp 78 frg 7
ARGEVT Romero death Carmack pos '237.4 -237.3 -296.0'
ARGUS Carmack watch spawn
ARGEVT Carmack goal weapon_lightning
ARGEVT Carmack jump
ARGEVT Carmack route 8 start '465.0 -247.0 -296.0' goal '529.0 -311.0 -104.0'
ARGLOG Joe Rogan t 121.1 pos '763.1 -420.9 -104.0' spd 200.0 yaw 172 mode 2 st 3 gl 7 hp 100 frg 5
ARGLOG Carmack t 121.2 pos '496.0 -210.1 -212.7' spd  31.2 yaw 188 mode 2 st 3 gl 5 hp 25 frg 8
