18:38:02 chunk driver start (issue #14, v3.95 session)
=== dm2 from skip 120, limit 80 ===
{
  "map": "dm2",
  "probed": 80,
  "passed": 76,
  "failed": 4,
  "teleport_failures": 0,
  "failed_links": [
    {
      "a": 36,
      "b": 26,
      "from": [
        1721.0,
        -1103.0,
        504.0
      ],
      "to": [
        1577.0,
        -959.0,
        504.0
      ],
      "h": 203.64676,
      "reached": false,
      "closest": 2.2638464,
      "note": "stopped 2 short at (1569 -974 20)"
    },
    {
      "a": 37,
      "b": 25,
      "from": [
        1721.0,
        -959.0,
        504.0
      ],
      "to": [
        1577.0,
        -1119.0,
        504.0
      ],
      "h": 215.25798,
      "reached": false,
      "closest": 3.8810437,
      "note": "stopped 3 short at (1587 -1109 20)"
    },
    {
      "a": 47,
      "b": 62,
      "from": [
        1849.0,
        -1119.0,
        536.0
      ],
      "to": [
        2009.0,
        -1103.0,
        344.0
      ],
      "h": 160.798,
      "reached": false,
      "closest": 41.009335,
      "note": "stopped 41 short at (1968 -1104 472)"
    },
    {
      "a": 48,
      "b": 170,
      "from": [
        1849.0,
        -959.0,
        536.0
      ],
      "to": [
        2057.0,
        -943.0,
        344.0
      ],
      "h": 208.61447,
      "reached": false,
      "closest": 89.00009,
      "note": "stopped 89 short at (1968 -944 472)"
    }
  ],
  "passed_sample": [
    "n32->n35 h 290",
    "n33->n32 h 160",
    "n33->n35 h 132",
    "n33->n41 h 158",
    "n34->n39 h 132",
    "n34->n30 h 213",
    "n35->n33 h 132",
    "n35->n32 h 290"
  ]
}
=== dm6 from skip 40, limit 80 ===
{
  "map": "dm6",
  "probed": 80,
  "passed": 69,
  "failed": 8,
  "teleport_failures": 3,
  "failed_links": [
    {
      "a": 11,
      "b": 31,
      "from": [
        161.0,
        -1807.0,
        56.0
      ],
      "to": [
        321.0,
        -1807.0,
        56.0
      ],
      "h": 160.0,
      "reached": false,
      "closest": 127.25,
      "note": "stopped 127 short at (304 -1313 151)"
    },
    {
      "a": 12,
      "b": 8,
      "from": [
        129.0,
        -815.0,
        354.8
      ],
      "to": [
        129.0,
        -975.0,
        120.0
      ],
      "h": 160.0,
      "reached": false,
      "closest": 138.0,
      "note": "stopped 138 short at (129 -837 376)"
    },
    {
      "a": 13,
      "b": 8,
      "from": [
        129.0,
        -751.0,
        293.2
      ],
      "to": [
        129.0,
        -975.0,
        120.0
      ],
      "h": 224.0,
      "reached": false,
      "closest": 137.875,
      "note": "stopped 137 short at (129 -837 376)"
    },
    {
      "a": 18,
      "b": 20,
      "from": [
        225.0,
        -1871.0,
        48.0
      ],
      "to": [
        225.0,
        -1711.0,
        56.0
      ],
      "h": 160.0,
      "reached": false,
      "closest": 121.0,
      "note": "stopped 121 short at (225 -1832 56)"
    },
    {
      "a": 20,
      "b": 18,
      "from": [
        225.0,
        -1711.0,
        56.0
      ],
      "to": [
        225.0,
        -1871.0,
        48.0
      ],
      "h": 160.0,
      "reached": false,
      "closest": 135.0,
      "note": "stopped 135 short at (225 -1736 56)"
    },
    {
      "a": 23,
      "b": 15,
      "from": [
        225.0,
        -911.0,
        350.1
      ],
      "to": [
        161.0,
        -815.0,
        195.1
      ],
      "h": 115.37764,
      "reached": false,
      "closest": 95.650566,
      "note": "stopped 95 short at (237 -1584 62)"
    },
    {
      "a": 23,
      "b": 13,
      "from": [
        225.0,
        -911.0,
        350.1
      ],
      "to": [
        129.0,
        -751.0,
        293.2
      ],
      "h": 186.59045,
      "reached": false,
      "closest": 153.17397,
      "note": "stopped 153 short at (225 -1584 54)"
    },
    {
      "a": 24,
      "b": 22,
      "from": [
        225.0,
        -911.0,
        136.0
      ],
      "to": [
        225.0,
        -1071.0,
        112.0
      ],
      "h": 160.0,
      "reached": false,
      "closest": 160.0,
      "note": "stopped 160 short at (872 -1440 256)"
    }
  ],
  "passed_sample": [
    "n8->n15 h 163",
    "n9->n26 h 143",
    "n9->n8 h 163",
    "n9->n24 h 160",
    "n9->n15 h 64",
    "n10->n158 h 72",
    "n10->n0 h 115",
    "n10->n157 h 115"
  ]
}
18:42:05 chunk driver done
