LOG started on: 08/28/2026 23:09:35 
Playing registered version.
UDP Initialized
WIPX_OpenSocket: Address family not supported by protocol family
WIPX_Init: Unable to open control socket, IPX disabled
Exe: 20:02:47 Jul 31 2024
256.0 megabyte heap

Language initialization
Couldn't load 'localization/loc_english.txt'
from 'C:/argus/engine'

========= Quake Initialized =========

execing autoexec.cfg
SpawnServer: dm4
Clearing memory
Programs occupy 660K.
trying to open external vis file
maps/dm4.vis not found, trying argus.vis
external vis not found
ARGUS slots 8
ARGUS worldspawn reached
ARGNAV 155 nodes, 928 links
0 entities inhibited
ARGUS init on dm4
ARGEVT Carmack spawned
ARGEVT Romero spawned
ARGEVT Joe Rogan spawned
Server spawned.
ARGLOG Joe Rogan t   1.2 pos '272.0 -952.0  24.0' spd 0 yaw 323.2 mode 0 st 0 gl 0 hp 100 frg 0
ARGLOG Romero t   1.2 pos '-64.0 -232.0 -72.0' spd 0 yaw  10.2 mode 0 st 0 gl 0 hp 100 frg 0
ARGLOG Carmack t   1.2 pos '-64.0 512.0 -296.0' spd 0 yaw 252.0 mode 0 st 0 gl 0 hp 100 frg 0
ARGEVT Joe Rogan hazard
ARGLOG Joe Rogan t   1.7 pos '395.3 -1039.2  24.0' spd 219.6 yaw 201.8 mode 0 st 0 gl 0 hp 100 frg 0
ARGLOG Romero t   1.7 pos ' 90.3 -208.0 -72.0' spd 322.8 yaw  10.2 mode 0 st 0 gl 0 hp 100 frg 0
ARGLOG Carmack t   1.7 pos '-109.7 362.5 -296.0' spd 320 yaw 252.0 mode 0 st 0 gl 0 hp 100 frg 0
ARGEVT Romero hazard
ARGLOG Joe Rogan t   2.2 pos '338.0 -1068.0  24.0' spd 133.3 yaw 138.0 mode 0 st 0 gl 0 hp 100 frg 0
ARGLOG Romero t   2.2 pos '193.3 -234.5 -72.0' spd 330.4 yaw 224.2 mode 0 st 0 gl 0 hp 100 frg 0
ARGLOG Carmack t   2.2 pos '-98.2 317.9 -296.0' spd 193.1 yaw  61.9 mode 0 st 0 gl 0 hp 100 frg 0
ARGEVT Carmack hazard
ARGLOG Joe Rogan t   2.7 pos '219.5 -956.1  24.0' spd 320.0 yaw 138.0 mode 0 st 0 gl 0 hp 100 frg 0
ARGLOG Romero t   2.7 pos '120.0 -328.1 -40.0' spd 166.4 yaw 103.8 mode 0 st 0 gl 0 hp 100 frg 0
ARGLOG Carmack t   2.7 pos '-98.0 482.3 -296.0' spd 325.7 yaw  61.9 mode 0 st 0 gl 0 hp 100 frg 0
ARGLOG Joe Rogan t   3.3 pos '208.0 -777.6  24.0' spd 380.9 yaw 138.0 mode 0 st 0 gl 0 hp 100 frg 0
ARGEVT Joe Rogan hazard
ARGLOG Romero t   3.3 pos ' 61.7 -243.5 -72.0' spd 333.3 yaw 230.6 mode 0 st 0 gl 0 hp 100 frg 0
ARGLOG Carmack t   3.3 pos '-52.8 610.9 -296.0' spd 154.0 yaw 214.7 mode 0 st 0 gl 0 hp 200 frg 0
ARGLOG Joe Rogan t   3.8 pos '300.4 -832.5  24.0' spd 320.3 yaw 314.2 mode 0 st 0 gl 0 hp 100 frg 0
ARGLOG Romero t   3.8 pos ' 89.0 -247.0 -72.0' spd 218.6 yaw  44.0 mode 0 st 0 gl 0 hp 100 frg 0
ARGLOG Carmack t   3.8 pos '-49.9 540.4 -296.0' spd 324.2 yaw 347.6 mode 0 st 0 gl 0 hp 200 frg 0
ARGEVT Joe Rogan goal weapon_rocketlauncher
ARGEVT Romero goal weapon_lightning
ARGEVT Carmack goal weapon_rocketlauncher
ARGEVT Romero hazard
ARGEVT Joe Rogan route 13 start '401.0 -887.0  24.0' goal '721.0 -887.0 -232.0'
ARGLOG Joe Rogan t   4.3 pos '433.4 -935.0  24.0' spd 354.5 yaw 110 mode 2 st 0 gl 0 hp 100 frg 0
ARGLOG Romero t   4.3 pos '116.3 -280.1 -56.0' spd 183.3 yaw 304.9 mode 0 st 0 gl 0 hp 100 frg 0
ARGLOG Carmack t   4.3 pos '-109.1 571.6 -296.0' spd 382.5 yaw 231.0 mode 0 st 0 gl 0 hp 200 frg 0
ARGEVT Carmack hazard
ARGEVT Romero route 4 start '145.0 -279.0 -56.0' goal '529.0 -311.0 -104.0'
ARGEVT Carmack route 3 start '-111.0 457.0 -296.0' goal ' 49.0 105.0 -296.0'
ARGLOG Joe Rogan t   4.8 pos '624.0  18.6 -296.0' spd 300 yaw 319.0 mode 0 st 0 gl 0 hp 100 frg 0
ARGLOG Romero t   4.8 pos '177.9 -363.8 -24.0' spd 228.7 yaw 356 mode 2 st 0 gl 0 hp 100 frg 0
ARGLOG Carmack t   4.8 pos '-111.3 408.1 -296.0' spd 373.1 yaw 265 mode 2 st 0 gl 0 hp 200 frg 0
ARGEVT Joe Rogan route 15 start '625.0   9.0 -296.0' goal '721.0 -887.0 -232.0'
ARGEVT Romero hazard
ARGLOG Joe Rogan t   5.3 pos '649.9  22.8 -296.0' spd 266.5 yaw 261 mode 2 st 0 gl 0 hp 100 frg 0
ARGLOG Romero t   5.3 pos '156.7 -211.6 -72.0' spd 326.8 yaw 332 mode 2 st 0 gl 0 hp 100 frg 0
ARGLOG Carmack t   5.3 pos '-107.9 238.0 -296.0' spd 320.9 yaw 320 mode 2 st 0 gl 0 hp 200 frg 0
ARGLOG Joe Rogan t   5.8 pos '393.6 -864.0  24.0' spd 300 yaw  32.8 mode 0 st 0 gl 0 hp 100 frg 0
ARGLOG Romero t   5.8 pos '267.1 -255.6 -84.8' spd 327.2 yaw 327 mode 2 st 0 gl 0 hp 100 frg 0
ARGLOG Carmack t   5.8 pos '-53.0  80.6 -296.0' spd 353.0 yaw 353 mode 1 st 0 gl 0 hp 200 frg 0
ARGEVT Joe Rogan route 13 start '401.0 -887.0  24.0' goal '721.0 -887.0 -232.0'
ARGEVT Carmack goal item_artifact_super_damage
ARGEVT Carmack route 6 start ' 49.0 105.0 -296.0' goal '209.0  73.0 -104.0'
ARGEVT Carmack hazard
ARGLOG Joe Rogan t   6.4 pos '365.0 -842.6  24.0' spd 370.3 yaw 99 mode 2 st 0 gl 0 hp 100 frg 0
ARGLOG Romero t   6.4 pos '422.2 -294.5 -263.6' spd 314.6 yaw 125.9 mode 2 st 0 gl 0 hp 100 frg 0
ARGLOG Carmack t   6.4 pos '102.6  73.9 -296.0' spd 374.4 yaw 232 mode 2 st 0 gl 1 hp 200 frg 0
ARGLOG Joe Rogan t   6.9 pos '304.0 -685.0  24.0' spd 320 yaw 47 mode 2 st 0 gl 0 hp 100 frg 0
ARGLOG Romero t   6.9 pos '355.1 -165.7 -296.0' spd 321.3 yaw 285 mode 2 st 0 gl 0 hp 100 frg 0
ARGLOG Carmack t   6.9 pos '-11.0 117.7 -296.0' spd 358.6 yaw 275 mode 2 st 0 gl 1 hp 200 frg 0
ARGEVT Romero hazard
ARGLOG Joe Rogan t   7.4 pos '318.0 -517.9  24.0' spd 361.5 yaw 34 mode 2 st 0 gl 0 hp 100 frg 0
ARGLOG Romero t   7.4 pos '342.4 -141.8 -296.0' spd 320.4 yaw 287 mode 2 st 0 gl 0 hp 100 frg 0
ARGLOG Carmack t   7.4 pos '-78.8 -33.2 -296.0' spd 320.0 yaw 295 mode 2 st 0 gl 1 hp 200 frg 0
ARGEVT Romero engage Joe Rogan
ARGEVT Romero grab weapon_nailgun
ARGEVT Joe Rogan engage Romero
ARGLOG Joe Rogan t   7.9 pos '472.2 -415.5  21.9' spd 244.5 yaw  99.6 mode 2 st 0 gl 0 hp 100 frg 0
ARGLOG Romero t   7.9 pos '350.6 -47.7 -296.0' spd 326.7 yaw 292.6 mode 2 st 0 gl 0 hp 100 frg 0
ARGEVT Carmack engage Joe Rogan
ARGLOG Carmack t   7.9 pos '-28.4 -191.2 -296.0' spd 323.3 yaw 355.0 mode 2 st 0 gl 1 hp 200 frg 0
ARGEVT Joe Rogan grab weapon_lightning
ARGEVT Carmack hazard
ARGLOG Joe Rogan t   8.4 pos '528.4 -303.1 -104.0' spd 244.5 yaw 116.3 mode 2 st 0 gl 0 hp 100 frg 0
ARGEVT Romero goal item_armorInv
ARGLOG Romero t   8.4 pos '351.8  16.7 -288.0' spd  99.4 yaw 316.3 mode 0 st 0 gl 0 hp 100 frg 0
ARGLOG Carmack t   8.4 pos ' 60.3 -219.8 -296.0' spd 135.4 yaw   0.8 mode 2 st 0 gl 1 hp 199 frg 0
ARGEVT Joe Rogan pursue
ARGEVT Romero pursue
ARGEVT Romero hazard
ARGEVT Romero route 17 start '337.0   9.0 -296.0' goal '817.0 -855.0 -232.0'
ARGLOG Joe Rogan t   8.9 pos '540.0 -144.0 -104.0' spd 331.1 yaw 133 mode 2 st 0 gl 0 hp 100 frg 0
ARGLOG Romero t   8.9 pos '400.0  -3.0 -290.1' spd 327.1 yaw 286 mode 2 st 0 gl 0 hp 100 frg 0
ARGLOG Carmack t   8.9 pos ' 74.1 -227.2 -296.0' spd  76.8 yaw  32.5 mode 2 st 0 gl 1 hp 199 frg 0
ARGUS Romero hunch item_artifact_super_damage
ARGUS Joe Rogan hunch item_artifact_super_damage
ARGEVT Romero goal weapon_supernailgun
ARGEVT Romero pursue
ARGEVT Romero route 13 start '401.0 -183.0 -296.0' goal '177.0 -55.0 -104.0'
ARGEVT Joe Rogan pursue
ARGEVT Joe Rogan goal item_artifact_super_damage
ARGLOG Joe Rogan t   9.4 pos '517.2 -61.9 -104.0' spd 320.2 yaw   5.6 mode 0 st 0 gl 0 hp 100 frg 0
ARGLOG Romero t   9.4 pos '350.2 -66.3 -296.0' spd 335.8 yaw 194.4 mode 2 st 0 gl 0 hp 58 frg 0
ARGLOG Carmack t   9.4 pos ' 93.3 -250.8 -296.0' spd 306.6 yaw  13.6 mode 2 st 0 gl 1 hp 198 frg 0
ARGUS Carmack shove
ARGEVT Romero hazard
ARGEVT Joe Rogan routefail
ARGEVT Joe Rogan goal weapon_supernailgun
ARGEVT Joe Rogan hazard
ARGEVT Joe Rogan route 3 start '529.0 -55.0 -104.0' goal '177.0 -55.0 -104.0'
ARGEVT Carmack hazard
ARGEVT Carmack pursue
ARGLOG Joe Rogan t  10.0 pos '566.4   3.2 -104.0' spd 0 yaw 170.7 mode 2 st 0 gl 0 hp 100 frg 0
ARGLOG Romero t  10.0 pos '356.6 -152.3 -296.0' spd 332.4 yaw 305 mode 2 st 0 gl 0 hp 58 frg 0
ARGLOG Carmack t  10.0 pos '166.3 -236.5 -296.0' spd 387.1 yaw 24 mode 2 st 0 gl 1 hp 197 frg 0
ARGEVT Joe Rogan pursue
ARGLOG Joe Rogan t  10.5 pos '463.2 -76.4 -104.0' spd 229.9 yaw 160.4 mode 2 st 0 gl 0 hp 100 frg 0
ARGLOG Romero t  10.5 pos '452.1 -265.9 -296.0' spd 280.9 yaw  68.8 mode 2 st 0 gl 0 hp 58 frg 0
ARGLOG Carmack t  10.5 pos '301.9 -243.9 -296.0' spd 166.4 yaw  26.5 mode 2 st 0 gl 1 hp 197 frg 0
ARGEVT Joe Rogan hazard
ARGEVT Romero hazard
ARGUS Joe Rogan sprintjump
ARGEVT Joe Rogan jump
ARGEVT Romero pursue
ARGLOG Joe Rogan t  11.0 pos '343.5 -74.7 -66.2' spd 342.5 yaw 169 mode 2 st 0 gl 0 hp 100 frg 0
ARGLOG Romero t  11.0 pos '563.2 -221.5 -296.0' spd 335.0 yaw 77 mode 2 st 0 gl 0 hp 58 frg 0
ARGLOG Carmack t  11.0 pos '193.0 -271.0 -296.0' spd 322.7 yaw  80.1 mode 2 st 0 gl 1 hp 196 frg 0
ARGEVT Joe Rogan engage Carmack
ARGEVT Joe Rogan grab weapon_supernailgun
ARGEVT Joe Rogan goal weapon_rocketlauncher
ARGEVT Romero goal item_armorInv
ARGEVT Romero pursue
ARGEVT Joe Rogan route 18 start '241.0 -55.0 -104.0' goal '721.0 -887.0 -232.0'
ARGLOG Joe Rogan t  11.5 pos '192.5 -51.3 -104.0' spd  91.5 yaw 229.6 mode 2 st 0 gl 1 hp 53 frg 0
ARGLOG Romero t  11.5 pos '606.0 -78.6 -296.0' spd 392.8 yaw 169.6 mode 0 st 0 gl 0 hp 58 frg 0
ARGUS Carmack shove
ARGLOG Carmack t  11.5 pos '  9.9 -250.5 -296.0' spd 343.7 yaw  55.8 mode 2 st 0 gl 1 hp 196 frg 0
ARGEVT Romero route 14 start '593.0 -87.0 -296.0' goal '817.0 -855.0 -232.0'
ARGEVT Joe Rogan grab item_artifact_super_damage
ARGEVT Romero hazard
ARGEVT Joe Rogan pursue
ARGEVT Carmack pursue
ARGEVT Joe Rogan hazard
ARGEVT Carmack goal item_armorInv
ARGLOG Joe Rogan t  12.0 pos '176.0   3.7 -104.0' spd 321.2 yaw 279.3 mode 2 st 0 gl 1 hp 53 frg 0
ARGLOG Romero t  12.0 pos '564.1  45.4 -296.0' spd 323.1 yaw 103.0 mode 2 st 0 gl 0 hp 83 frg 0
ARGLOG Carmack t  12.0 pos '-35.4 -121.9 -296.0' spd 364.5 yaw 359.4 mode 0 st 0 gl 1 hp 195 frg 0
ARGEVT Carmack hazard
ARGEVT Romero pursue
ARGEVT Carmack route 18 start '-79.0 -151.0 -296.0' goal '817.0 -855.0 -232.0'
ARGEVT Joe Rogan pursue
ARGLOG Joe Rogan t  12.5 pos '222.7   1.2 -104.0' spd 235.3 yaw 244.7 mode 2 st 0 gl 1 hp 53 frg 0
ARGLOG Romero t  12.5 pos '502.0  77.9 -296.0' spd 274.1 yaw 101.7 mode 2 st 0 gl 0 hp 83 frg 0
ARGLOG Carmack t  12.5 pos '-35.8 -130.7 -296.0' spd 353.1 yaw 232.6 mode 2 st 0 gl 1 hp 195 frg 0
ARGEVT Romero pursue
ARGEVT Carmack pursue
ARGEVT Joe Rogan hazard
ARGEVT Romero hazard
ARGEVT Joe Rogan pursue
ARGLOG Joe Rogan t  13.1 pos '222.4  -8.9 -104.0' spd 286.4 yaw 304.6 mode 0 st 0 gl 1 hp 53 frg 0
ARGLOG Romero t  13.1 pos '544.0 127.9 -296.0' spd 0 yaw  68.4 mode 2 st 0 gl 0 hp 83 frg 0
ARGLOG Carmack t  13.1 pos '  4.5 -249.1 -296.0' spd 332.7 yaw  37.1 mode 2 st 0 gl 1 hp 194 frg 0
ARGEVT Joe Rogan route 19 start '177.0 -55.0 -104.0' goal '721.0 -887.0 -232.0'
ARGLOG Joe Rogan t  13.6 pos '206.7  26.1 -104.0' spd 324.5 yaw 254.6 mode 2 st 0 gl 1 hp 53 frg 0
ARGLOG Romero t  13.6 pos '394.5 -864.0  24.0' spd 300 yaw  18.3 mode 0 st 0 gl 0 hp 83 frg 0
ARGLOG Carmack t  13.6 pos '151.1 -248.4 -296.0' spd 336.7 yaw  77.6 mode 2 st 0 gl 1 hp 194 frg 0
ARGUS Carmack shove
ARGEVT Romero route 12 start '401.0 -887.0  24.0' goal '817.0 -855.0 -232.0'
ARGEVT Carmack pursue
ARGEVT Joe Rogan pursue
ARGEVT Carmack hazard
ARGLOG Joe Rogan t  14.1 pos '208.4  50.9 -104.0' spd 323.2 yaw 250 mode 2 st 0 gl 1 hp 53 frg 0
ARGLOG Romero t  14.1 pos '394.5 -864.0  24.0' spd 300 yaw 102 mode 2 st 0 gl 0 hp 83 frg 0
ARGLOG Carmack t  14.1 pos '235.4 -216.6 -296.0' spd 331.9 yaw   1.4 mode 2 st 0 gl 1 hp 193 frg 0
ARGLOG Joe Rogan t  14.6 pos '195.1 -11.5 -104.0' spd 323.3 yaw 311.5 mode 2 st 0 gl 1 hp 53 frg 0
ARGLOG Romero t  14.6 pos '317.6 -713.4  24.0' spd 328.6 yaw 85 mode 2 st 0 gl 0 hp 83 frg 0
ARGLOG Carmack t  14.6 pos '423.5 -262.3 -296.0' spd 612.6 yaw 118.7 mode 2 st 0 gl 1 hp 73 frg 0
ARGEVT Romero engage Joe Rogan
ARGLOG Joe Rogan t  15.1 pos '191.7  -2.2 -104.0' spd 245.4 yaw 319.0 mode 0 st 0 gl 1 hp 53 frg 0
ARGLOG Romero t  15.1 pos '304.0 -548.9  24.0' spd 323.5 yaw  89.4 mode 2 st 0 gl 0 hp 83 frg 0
ARGLOG Carmack t  15.1 pos '493.1 -263.5 -296.0' spd 322.9 yaw 126.0 mode 2 st 0 gl 1 hp 73 frg 0
ARGEVT Romero grab item_health
ARGEVT Joe Rogan route 19 start '177.0 -55.0 -104.0' goal '721.0 -887.0 -232.0'
ARGEVT Carmack hazard
ARGEVT Joe Rogan weapon sng
ARGEVT Joe Rogan hazard
ARGLOG Joe Rogan t  15.6 pos '213.4 -23.2 -104.0' spd 109.9 yaw 303.1 mode 2 st 0 gl 1 hp 53 frg 0
ARGLOG Romero t  15.6 pos '439.3 -457.2  24.0' spd 331.7 yaw 117.3 mode 2 st 0 gl 0 hp 83 frg 0
ARGUS Carmack shove
ARGLOG Carmack t  15.6 pos '487.7 -262.4 -296.0' spd 322.4 yaw 142.1 mode 2 st 0 gl 1 hp 73 frg 0
ARGEVT Joe Rogan death Carmack pos '190.3 -17.8 -104.0'
ARGUS Carmack watch spawn
ARGEVT Carmack goal 
ARGEVT Romero hazard
ARGEVT Carmack route 13 start '497.0 -247.0 -296.0' goal '177.0 -55.0 -104.0'
ARGLOG Romero t  16.1 pos '554.6 -459.0  24.0' spd 185.2 yaw 128 mode 2 st 0 gl 0 hp 100 frg 0
ARGLOG Carmack t  16.1 pos '447.3 -216.3 -296.0' spd 386.4 yaw 128.7 mode 2 st 0 gl 1 hp 73 frg 1
ARGEVT Romero engage Carmack
ARGEVT Carmack engage Romero
ARGEVT Carmack hazard
ARGLOG Romero t  16.7 pos '548.0 -304.3  24.0' spd 325.2 yaw 117.3 mode 2 st 0 gl 0 hp 100 frg 0
ARGLOG Carmack t  16.7 pos '346.6 -100.2 -296.0' spd 324.4 yaw 355.5 mode 2 st 0 gl 1 hp 73 frg 1
ARGEVT Romero grab item_armor1
ARGLOG Romero t  17.2 pos '567.9 -139.2  24.0' spd 345.2 yaw 162.8 mode 2 st 0 gl 0 hp 100 frg 0
ARGLOG Carmack t  17.2 pos '344.3 -46.5 -296.0' spd 101.0 yaw  12.8 mode 2 st 0 gl 1 hp 47 frg 1
ARGEVT Joe Rogan respawn
ARGEVT Joe Rogan goal weapon_rocketlauncher
ARGLOG Joe Rogan t  17.3 pos '112.0 -1136.0 -104.0' spd 0 yaw  28.7 mode 0 st 0 gl 1 hp 100 frg 0
ARGEVT Romero pursue
ARGEVT Joe Rogan route 18 start '145.0 -1143.0 -88.0' goal '721.0 -887.0 -232.0'
ARGEVT Carmack pursue
ARGEVT Joe Rogan engage Romero
ARGEVT Joe Rogan grab weapon_supershotgun
ARGLOG Romero t  17.7 pos '498.7 -30.7 -92.7' spd  31.7 yaw 187 mode 2 st 0 gl 0 hp 100 frg 0
ARGUS Carmack hunch item_armorInv
ARGLOG Carmack t  17.7 pos '392.4  23.6 -288.0' spd 366.4 yaw 144.2 mode 2 st 0 gl 1 hp 47 frg 1
ARGEVT Joe Rogan hazard
ARGLOG Joe Rogan t  17.8 pos '259.7 -1124.2 -104.0' spd 316.1 yaw  50.5 mode 2 st 0 gl 1 hp 100 frg 0
ARGEVT Romero hazard
ARGEVT Carmack goal 
ARGEVT Carmack pursue
ARGEVT Carmack hazard
ARGEVT Carmack route 14 start '369.0 105.0 -288.0' goal '177.0 -55.0 -104.0'
ARGLOG Romero t  18.2 pos '457.1 -124.9 -104.0' spd 146.5 yaw 154.4 mode 2 st 0 gl 0 hp 100 frg 0
ARGLOG Carmack t  18.2 pos '336.0  17.6 -288.0' spd 341.3 yaw 280.0 mode 2 st 0 gl 1 hp 47 frg 1
ARGLOG Joe Rogan t  18.3 pos '256.5 -1083.7 -104.0' spd 212.6 yaw  75.8 mode 2 st 0 gl 1 hp 100 frg 0
ARGEVT Carmack retreat
ARGEVT Carmack pursue
ARGEVT Romero pursue
ARGLOG Romero t  18.7 pos '559.1 -15.0 -104.0' spd 320.6 yaw 147.9 mode 2 st 0 gl 0 hp 100 frg 0
ARGLOG Carmack t  18.7 pos '366.4 104.8 -288.0' spd 115.5 yaw 324.4 mode 2 st 0 gl 1 hp 15 frg 1
ARGUS Romero hunch 
ARGLOG Joe Rogan t  18.8 pos '297.2 -1005.7 -104.0' spd 328.4 yaw  74.9 mode 2 st 0 gl 1 hp 100 frg 0
ARGEVT Romero pursue
ARGEVT Joe Rogan pursue
ARGEVT Romero goal 
ARGEVT Romero route 3 start '529.0 -55.0 -104.0' goal '177.0 -55.0 -104.0'
ARGLOG Romero t  19.2 pos '561.1 -138.6 -104.0' spd 406.5 yaw 170.6 mode 2 st 0 gl 0 hp 100 frg 0
ARGLOG Carmack t  19.2 pos '400.0 -45.1 -296.0' spd 320.0 yaw 271 mode 2 st 0 gl 1 hp 15 frg 1
ARGLOG Joe Rogan t  19.3 pos '352.5 -848.2 -104.0' spd 320.1 yaw 78 mode 0 st 0 gl 1 hp 100 frg 0
ARGEVT Romero hazard
ARGEVT Joe Rogan route 20 start '401.0 -887.0 -104.0' goal '721.0 -887.0 -232.0'
ARGUS Joe Rogan hunch 
ARGEVT Joe Rogan pursue
ARGEVT Joe Rogan goal item_armorInv
ARGLOG Romero t  19.8 pos '465.6 -177.4 -104.0' spd 242.5 yaw 104 mode 2 st 0 gl 0 hp 100 frg 0
ARGLOG Carmack t  19.8 pos '424.1 -210.7 -296.0' spd 376.9 yaw 351.6 mode 2 st 0 gl 1 hp 15 frg 1
ARGLOG Joe Rogan t  19.9 pos '337.2 -770.9 -104.0' spd 332.7 yaw 168.9 mode 0 st 0 gl 1 hp 100 frg 0
ARGEVT Carmack pursue
ARGEVT Joe Rogan route 20 start '401.0 -759.0 -104.0' goal '817.0 -855.0 -232.0'
ARGEVT Romero pursue
ARGLOG Romero t  20.3 pos '495.5 -32.3 -104.0' spd  65.7 yaw 186 mode 2 st 0 gl 0 hp 100 frg 0
ARGLOG Carmack t  20.3 pos '591.4 -208.0 -296.0' spd 217.0 yaw 89 mode 2 st 0 gl 1 hp 15 frg 1
ARGLOG Joe Rogan t  20.4 pos '318.0 -713.1 -104.0' spd 321.1 yaw  75.1 mode 2 st 0 gl 1 hp 100 frg 0
ARGEVT Romero hazard
ARGEVT Carmack pursue
ARGLOG Romero t  20.8 pos '461.7 -124.0 -104.0' spd 116.9 yaw 162 mode 2 st 0 gl 0 hp 86 frg 0
ARGLOG Carmack t  20.8 pos '614.5 -49.4 -296.0' spd 328.7 yaw 104.7 mode 2 st 0 gl 1 hp 15 frg 1
ARGLOG Joe Rogan t  20.9 pos '335.9 -572.2 -104.0' spd 198.9 yaw  77.2 mode 2 st 0 gl 1 hp 100 frg 0
ARGLOG Romero t  21.3 pos '307.0 -87.4 -135.9' spd 332.4 yaw 153 mode 2 st 0 gl 0 hp 86 frg 0
ARGLOG Carmack t  21.3 pos '440.7 -864.0  40.9' spd 300 yaw  70.3 mode 2 st 0 gl 1 hp 15 frg 1
ARGEVT Romero engage Joe Rogan
ARGEVT Joe Rogan route 19 start '241.0 -503.0 -104.0' goal '817.0 -855.0 -232.0'
ARGLOG Joe Rogan t  21.4 pos '273.1 -472.9 -104.0' spd 286.6 yaw  90.4 mode 2 st 0 gl 1 hp 100 frg 0
ARGLOG Romero t  21.8 pos '292.3 -100.8 -368.2' spd  30.5 yaw 308.1 mode 2 st 0 gl 0 hp 75 frg 0
ARGLOG Carmack t  21.8 pos '394.2 -864.0  24.0' spd 300 yaw 104 mode 2 st 0 gl 1 hp 15 frg 1
ARGEVT Romero swim
ARGLOG Joe Rogan t  21.9 pos '429.9 -422.3 -104.0' spd 322.4 yaw 113.5 mode 2 st 0 gl 1 hp 100 frg 0
ARGEVT Joe Rogan pursue
ARGEVT Romero pursue
ARGLOG Romero t  22.3 pos '304.0 -60.8 -399.1' spd 123.0 yaw 287 mode 2 st 0 gl 0 hp 26 frg 0
ARGLOG Carmack t  22.3 pos '336.2 -756.8  24.0' spd 358.8 yaw 65 mode 2 st 0 gl 1 hp 15 frg 1
ARGLOG Joe Rogan t  22.4 pos '511.1 -307.6 -104.0' spd 350.8 yaw 136 mode 2 st 0 gl 1 hp 100 frg 0
ARGEVT Joe Rogan hazard
ARGEVT Joe Rogan pursue
ARGEVT Romero death world pos '304.0 -137.6 -396.0'
ARGEVT Joe Rogan engage Carmack
ARGEVT Carmack engage Joe Rogan
ARGLOG Carmack t  22.9 pos '366.2 -590.9  24.0' spd 331.2 yaw  71.1 mode 2 st 0 gl 1 hp 15 frg 1
ARGLOG Joe Rogan t  23.0 pos '479.6 -159.0 -104.0' spd 207.9 yaw 259.2 mode 2 st 0 gl 1 hp 100 frg 0
ARGLOG Carmack t  23.4 pos '320.3 -712.9  24.0' spd 320.2 yaw  53.1 mode 2 st 0 gl 1 hp 15 frg 1
ARGEVT Joe Rogan pursue
ARGEVT Carmack pursue
ARGLOG Joe Rogan t  23.5 pos '571.3 -258.9 -104.0' spd 343.6 yaw 238 mode 2 st 0 gl 1 hp 100 frg 0
ARGLOG Carmack t  23.9 pos '358.5 -625.9  24.0' spd 320.0 yaw 71 mode 2 st 0 gl 1 hp 15 frg 1
ARGLOG Joe Rogan t  24.0 pos '501.0 -409.9 -104.0' spd 320.7 yaw 216.4 mode 2 st 0 gl 1 hp 100 frg 0
ARGEVT Joe Rogan hazard
ARGEVT Joe Rogan pursue
ARGUS Carmack prefire
ARGEVT Romero respawn
ARGEVT Romero goal weapon_rocketlauncher
ARGLOG Romero t  24.3 pos '776.0 -808.0 -232.0' spd 0 yaw 106.3 mode 1 st 0 gl 0 hp 100 frg -1
ARGLOG Carmack t  24.4 pos '384.0 -461.0  24.0' spd 322.9 yaw 66 mode 2 st 0 gl 1 hp 15 frg 1
ARGLOG Joe Rogan t  24.5 pos '360.8 -510.6 -104.0' spd 341.3 yaw 266 mode 2 st 0 gl 1 hp 100 frg 0
ARGEVT Romero hazard
ARGUS Carmack shove
ARGEVT Carmack death Joe Rogan pos '448.8 -334.5 -35.5'
ARGUS Joe Rogan watch spawn
ARGLOG Romero t  24.8 pos '730.3 -727.4 -216.0' spd 147.4 yaw 221.9 mode 1 st 0 gl 0 hp 100 frg -1
ARGEVT Joe Rogan goal 
ARGLOG Joe Rogan t  25.0 pos '344.1 -643.6 -104.0' spd 343.3 yaw 353.3 mode 0 st 0 gl 1 hp 100 frg 1
ARGEVT Joe Rogan route 12 start '305.0 -663.0 -104.0' goal '529.0 -375.0  24.0'
ARGEVT Joe Rogan hazard
ARGEVT Romero goal item_rockets
ARGLOG Romero t  25.3 pos '761.0 -886.2 -232.0' spd 403.1 yaw  16.4 mode 0 st 0 gl 1 hp 100 frg -1
ARGEVT Romero route 8 start '721.0 -887.0 -232.0' goal '401.0 -759.0 -104.0'
ARGLOG Joe Rogan t  25.5 pos '368.0 -588.3 -104.0' spd 325.2 yaw 76 mode 2 st 0 gl 1 hp 100 frg 1
ARGLOG Romero t  25.8 pos '815.3 -765.9 -232.0' spd 385.8 yaw 160 mode 2 st 0 gl 1 hp 100 frg -1
ARGLOG Joe Rogan t  26.0 pos '427.4 -432.1 -104.0' spd 400.2 yaw   7.1 mode 1 st 0 gl 1 hp 100 frg 1
ARGEVT Romero hazard
ARGLOG Romero t  26.4 pos '752.0 -691.1 -184.0' spd 270.6 yaw 115 mode 2 st 0 gl 1 hp 100 frg -1
ARGEVT Carmack respawn
ARGEVT Carmack goal 
ARGLOG Carmack t  26.4 pos '784.0 -176.0  24.0' spd 0 yaw 196.3 mode 0 st 0 gl 1 hp 100 frg 1
ARGEVT Carmack route 2 start '753.0 -151.0  24.0' goal '529.0 -375.0  24.0'
ARGLOG Joe Rogan t  26.6 pos '594.5 -411.5 -120.0' spd 389.7 yaw 291 mode 1 st 0 gl 1 hp 100 frg 1
ARGLOG Romero t  26.9 pos '722.8 -849.9 -232.0' spd 376.8 yaw 114 mode 2 st 0 gl 1 hp 100 frg -1
ARGLOG Carmack t  26.9 pos '629.9 -208.0  24.0' spd 375.1 yaw 231 mode 2 st 0 gl 1 hp 100 frg 1
ARGEVT Romero route 8 start '721.0 -887.0 -232.0' goal '401.0 -759.0 -104.0'
ARGLOG Joe Rogan t  27.1 pos '452.8 -240.0 -296.0' spd 300 yaw 297 mode 1 st 0 gl 1 hp 100 frg 1
ARGEVT Romero hazard
ARGUS routecache adopt
ARGEVT Romero route 8 start '721.0 -887.0 -232.0' goal '401.0 -759.0 -104.0'
ARGUS routecache adopt
ARGEVT Romero route 8 start '721.0 -887.0 -232.0' goal '401.0 -759.0 -104.0'
ARGLOG Romero t  27.4 pos '720.0 -912.0 -232.0' spd 0 yaw 264 mode 0 st 0 gl 1 hp 100 frg -1
ARGLOG Carmack t  27.4 pos '465.8 -312.5 -20.0' spd 337.7 yaw 242 mode 1 st 0 gl 1 hp 100 frg 1
ARGEVT Joe Rogan goal weapon_lightning
ARGLOG Joe Rogan t  27.6 pos '492.7 -254.8 -296.0' spd 167.0 yaw  97.1 mode 0 st 0 gl 1 hp 100 frg 1
ARGEVT Joe Rogan jump
ARGUS routecache adopt
ARGEVT Romero route 8 start '721.0 -887.0 -232.0' goal '401.0 -759.0 -104.0'
ARGEVT Carmack goal item_armor2
ARGEVT Joe Rogan route 9 start '497.0 -247.0 -296.0' goal '529.0 -311.0 -104.0'
ARGEVT Romero route 8 start '721.0 -887.0 -232.0' goal '401.0 -759.0 -104.0'
ARGLOG Romero t  27.9 pos '720.0 -912.0 -232.0' spd 0 yaw 112 mode 2 st 0 gl 1 hp 100 frg -1
ARGLOG Carmack t  27.9 pos '352.1 -442.0 -104.0' spd 371.2 yaw 303.6 mode 0 st 0 gl 1 hp 100 frg 1
ARGUS routecache adopt
ARGEVT Romero route 8 start '721.0 -887.0 -232.0' goal '401.0 -759.0 -104.0'
ARGLOG Joe Rogan t  28.1 pos '577.6 -243.1 -273.3' spd 167.0 yaw 308.1 mode 2 st 0 gl 1 hp 100 frg 1
ARGEVT Carmack hazard
ARGUS routecache adopt
ARGEVT Romero route 8 start '721.0 -887.0 -232.0' goal '401.0 -759.0 -104.0'
ARGEVT Carmack route 18 start '401.0 -471.0 -104.0' goal '1169.0 -599.0  24.0'
ARGEVT Joe Rogan hazard
ARGEVT Romero stall
ARGLOG Romero t  28.4 pos '720.0 -912.0 -232.0' spd 0 yaw 475.7 mode 0 st 1 gl 1 hp 100 frg -1
ARGEVT Romero jump
ARGLOG Carmack t  28.5 pos '432.0 -444.0 -104.0' spd 324.8 yaw 110 mode 2 st 0 gl 1 hp 100 frg 1
ARGEVT Romero route 8 start '721.0 -887.0 -232.0' goal '401.0 -759.0 -104.0'
ARGLOG Joe Rogan t  28.6 pos '524.2 -269.9 -296.0' spd 331.2 yaw 76 mode 2 st 0 gl 1 hp 100 frg 1
ARGUS routecache adopt
ARGEVT Romero route 8 start '721.0 -887.0 -232.0' goal '401.0 -759.0 -104.0'
ARGUS routecache adopt
ARGEVT Romero route 8 start '721.0 -887.0 -232.0' goal '401.0 -759.0 -104.0'
ARGEVT Carmack engage Joe Rogan
ARGLOG Romero t  28.9 pos '720.0 -912.0 -210.0' spd 0 yaw 264 mode 0 st 1 gl 1 hp 100 frg -1
ARGLOG Carmack t  29.0 pos '479.6 -285.2 -104.0' spd 330.4 yaw 146.9 mode 2 st 0 gl 1 hp 100 frg 1
ARGUS routecache adopt
ARGEVT Romero route 8 start '721.0 -887.0 -232.0' goal '401.0 -759.0 -104.0'
ARGLOG Joe Rogan t  29.1 pos '415.0 -204.8 -296.0' spd 191.6 yaw 343.7 mode 2 st 0 gl 1 hp 100 frg 1
ARGEVT Romero stall
ARGEVT Romero jump
ARGEVT Carmack pursue
ARGLOG Romero t  29.4 pos '722.6 -912.0 -193.1' spd  30.8 yaw 257.0 mode 0 st 2 gl 1 hp 100 frg -1
ARGLOG Carmack t  29.5 pos '494.6 -122.5 -60.1' spd 381.7 yaw 243 mode 2 st 0 gl 1 hp 49 frg 1
ARGLOG Joe Rogan t  29.6 pos '580.7 -208.0 -296.0' spd 274.4 yaw 82 mode 2 st 0 gl 1 hp 100 frg 1
ARGUS Carmack hunch 
ARGEVT Carmack goal item_health
ARGEVT Carmack pursue
ARGEVT Carmack route 8 start '433.0 -119.0 -104.0' goal '-15.0 553.0 -296.0'
ARGLOG Romero t  30.0 pos '734.5 -867.1 -232.0' spd 334.7 yaw 115 mode 0 st 2 gl 1 hp 100 frg -1
ARGUS Carmack prefire
ARGLOG Carmack t  30.0 pos '300.1 -101.1 -132.4' spd 380.6 yaw 320 mode 2 st 0 gl 1 hp 49 frg 1
ARGLOG Joe Rogan t  30.2 pos '592.3 -39.0 -296.0' spd 320.1 yaw 264 mode 2 st 0 gl 1 hp 100 frg 1
ARGLOG Romero t  30.5 pos '731.6 -825.5 -232.0' spd 327.4 yaw 251.7 mode 0 st 2 gl 1 hp 100 frg -1
ARGEVT Carmack pursue
ARGLOG Carmack t  30.5 pos '174.4 -176.0 -416.3' spd  77.5 yaw 351.4 mode 2 st 0 gl 1 hp 39 frg 1
ARGEVT Carmack swim
ARGEVT Joe Rogan hazard
ARGLOG Joe Rogan t  30.7 pos '553.1  99.7 -296.0' spd 320.1 yaw 192.8 mode 2 st 0 gl 1 hp 100 frg 1
ARGEVT Romero goal weapon_nailgun
ARGEVT Romero route 2 start '721.0 -887.0 -232.0' goal '337.0   9.0 -296.0'
ARGEVT Carmack death world pos '209.1 -176.0 -403.6'
ARGEVT Romero hazard
ARGUS routecache adopt
ARGEVT Romero route 2 start '721.0 -887.0 -232.0' goal '337.0   9.0 -296.0'
ARGLOG Romero t  31.0 pos '720.0 -879.3 -232.0' spd 249.6 yaw 136.5 mode 0 st 2 gl 1 hp 100 frg -1
ARGUS routecache adopt
ARGEVT Romero route 2 start '721.0 -887.0 -232.0' goal '337.0   9.0 -296.0'
ARGLOG Joe Rogan t  31.2 pos '594.2  13.9 -296.0' spd 335.9 yaw 264 mode 2 st 0 gl 1 hp 100 frg 1
ARGLOG Romero t  31.5 pos '720.8 -733.5 -216.0' spd 114.5 yaw 112 mode 2 st 2 gl 1 hp 100 frg -1
ARGLOG Joe Rogan t  31.7 pos '651.1 -48.8 -296.0' spd 342.3 yaw 220.6 mode 2 st 0 gl 1 hp 100 frg 1
ARGEVT Joe Rogan hazard
ARGLOG Romero t  32.0 pos '721.2 -893.5 -232.0' spd 328.6 yaw 303.3 mode 0 st 2 gl 1 hp 100 frg -1
ARGEVT Romero hazard
ARGUS routecache adopt
ARGEVT Romero route 2 start '721.0 -887.0 -232.0' goal '337.0   9.0 -296.0'
ARGLOG Joe Rogan t  32.2 pos '592.5 -100.9 -296.0' spd 324.3 yaw 263 mode 2 st 0 gl 1 hp 100 frg 1
ARGEVT Carmack respawn
ARGEVT Carmack goal weapon_rocketlauncher
ARGLOG Carmack t  32.3 pos '-64.0 512.0 -296.0' spd 0 yaw 286.6 mode 0 st 0 gl 1 hp 100 frg 0
ARGEVT Carmack route 4 start '-15.0 553.0 -296.0' goal ' 49.0 105.0 -296.0'
ARGLOG Romero t  32.5 pos '368.0 -37.3 -296.0' spd 300 yaw 354 mode 1 st 2 gl 1 hp 100 frg -1
ARGEVT Carmack hazard
ARGLOG Joe Rogan t  32.7 pos '607.0  66.2 -296.0' spd 341.1 yaw 128.3 mode 2 st 0 gl 1 hp 100 frg 1
ARGLOG Carmack t  32.8 pos '-47.6 350.6 -296.0' spd 346.5 yaw 249 mode 2 st 0 gl 1 hp 100 frg 0
ARGEVT Joe Rogan route 7 start '529.0  73.0 -296.0' goal '529.0 -311.0 -104.0'
ARGLOG Romero t  33.0 pos '390.7 -97.9 -296.0' spd 357.0 yaw 288.1 mode 1 st 2 gl 1 hp 100 frg -1
ARGEVT Joe Rogan hazard
ARGEVT Romero hazard
ARGLOG Joe Rogan t  33.3 pos '520.0  56.0 -296.0' spd 342.3 yaw 269 mode 2 st 0 gl 1 hp 100 frg 1
ARGLOG Carmack t  33.4 pos '-113.2 196.0 -296.0' spd 320.4 yaw 268.3 mode 2 st 0 gl 1 hp 100 frg 0
ARGLOG Romero t  33.6 pos '300.3 -228.6 -296.0' spd 416.8 yaw 142 mode 1 st 2 gl 1 hp 100 frg -1
ARGLOG Joe Rogan t  33.8 pos '669.4  45.4 -296.0' spd 385.0 yaw 260 mode 2 st 0 gl 1 hp 100 frg 1
ARGLOG Carmack t  33.9 pos '-31.3  50.1 -296.0' spd 321.1 yaw 338.4 mode 1 st 0 gl 1 hp 100 frg 0
ARGEVT Carmack hazard
ARGLOG Romero t  34.1 pos '166.4 -206.1 -296.0' spd 107.3 yaw   8.9 mode 1 st 2 gl 1 hp 100 frg -1
ARGEVT Joe Rogan route 5 start '401.0 -887.0  24.0' goal '529.0 -311.0 -104.0'
ARGLOG Joe Rogan t  34.3 pos '393.9 -864.0  24.0' spd 300 yaw 108 mode 2 st 0 gl 1 hp 100 frg 1
ARGLOG Carmack t  34.4 pos ' 50.3 117.3 -296.0' spd 371.4 yaw 111.2 mode 1 st 0 gl 1 hp 100 frg 0
ARGLOG Romero t  34.6 pos '329.2 -201.6 -296.0' spd 343.1 yaw 35 mode 1 st 2 gl 1 hp 100 frg -1
ARGLOG Joe Rogan t  34.8 pos '353.9 -828.3  24.0' spd 358.4 yaw 81 mode 2 st 0 gl 1 hp 100 frg 1
ARGEVT Romero hazard
ARGLOG Carmack t  34.9 pos '-127.5  93.4 -296.0' spd 394.3 yaw 276.3 mode 1 st 0 gl 1 hp 100 frg 0
ARGEVT Carmack hazard
ARGLOG Romero t  35.1 pos '373.9 -73.1 -296.0' spd 373.5 yaw 168.8 mode 1 st 2 gl 1 hp 100 frg -1
ARGLOG Joe Rogan t  35.3 pos '306.7 -665.8  24.0' spd 350.1 yaw 73 mode 2 st 0 gl 1 hp 100 frg 1
ARGLOG Carmack t  35.4 pos '-85.1  66.1 -296.0' spd 322.8 yaw 360 mode 1 st 0 gl 1 hp 100 frg 0
ARGLOG Romero t  35.6 pos '345.8  55.1 -288.0' spd 333.3 yaw  37.6 mode 1 st 2 gl 1 hp 100 frg -1
ARGEVT Joe Rogan engage Romero
ARGLOG Joe Rogan t  35.8 pos '368.3 -512.2  24.0' spd 320.1 yaw  91.5 mode 2 st 0 gl 1 hp 100 frg 1
ARGEVT Romero hazard
ARGLOG Carmack t  35.9 pos ' 86.6  54.4 -296.0' spd 328.9 yaw  32.6 mode 1 st 0 gl 1 hp 100 frg 0
ARGEVT Carmack hazard
ARGLOG Romero t  36.1 pos '374.8 107.0 -288.0' spd 212.7 yaw  37.0 mode 1 st 2 gl 1 hp 100 frg -1
ARGLOG Joe Rogan t  36.3 pos '377.5 -348.3 -20.5' spd 158.1 yaw  85.6 mode 2 st 0 gl 1 hp 100 frg 1
ARGEVT Romero engage Joe Rogan
ARGEVT Carmack goal 
ARGLOG Carmack t  36.5 pos '107.2  65.6 -296.0' spd 230.2 yaw 188.7 mode 0 st 0 gl 2 hp 100 frg 0
ARGEVT Carmack route 6 start ' 49.0 105.0 -296.0' goal '209.0 -183.0 -296.0'
ARGLOG Romero t  36.7 pos '366.2  40.6 -288.0' spd 203.6 yaw 280.1 mode 1 st 2 gl 1 hp 100 frg -1
ARGLOG Joe Rogan t  36.9 pos '385.7 -351.1 -264.5' spd  34.4 yaw  93.5 mode 2 st 0 gl 1 hp 100 frg 1
ARGLOG Carmack t  37.0 pos '-57.9  57.8 -296.0' spd 351.4 yaw 226.6 mode 2 st 0 gl 2 hp 100 frg 0
ARGEVT Joe Rogan swim
ARGEVT Carmack hazard
ARGLOG Romero t  37.2 pos '362.9  27.8 -288.0' spd 256.7 yaw 260.7 mode 1 st 2 gl 1 hp 89 frg -1
ARGEVT Joe Rogan pursue
ARGLOG Joe Rogan t  37.4 pos '333.6 -353.8 -402.5' spd 223.6 yaw 85 mode 2 st 0 gl 1 hp 51 frg 1
ARGEVT Romero pursue
ARGLOG Carmack t  37.5 pos '-125.6  48.0 -296.0' spd 320.1 yaw 357 mode 2 st 0 gl 2 hp 100 frg 0
ARGLOG Romero t  37.7 pos '393.8 -74.0 -296.0' spd 320.4 yaw 268 mode 1 st 2 gl 1 hp 89 frg -1
ARGEVT Romero hazard
ARGLOG Joe Rogan t  37.9 pos '308.3 -304.0 -398.0' spd  24.4 yaw 79 mode 2 st 0 gl 1 hp 23 frg 1
ARGUS Romero hunch item_health
ARGLOG Carmack t  38.0 pos '-16.0  44.4 -296.0' spd  11.8 yaw 357 mode 2 st 0 gl 2 hp 100 frg 0
ARGEVT Romero pursue
ARGEVT Joe Rogan death world pos '315.9 -304.0 -396.2'
ARGEVT Romero goal weapon_lightning
ARGEVT Romero route 3 start '401.0 -183.0 -296.0' goal '529.0 -311.0 -104.0'
ARGLOG Romero t  38.2 pos '380.9 -83.2 -296.0' spd 324.3 yaw 346.1 mode 2 st 2 gl 1 hp 89 frg -1
ARGLOG Carmack t  38.5 pos '-16.0  39.9 -296.0' spd   8.5 yaw 357 mode 2 st 0 gl 2 hp 100 frg 0
ARGLOG Romero t  38.7 pos '380.7 -202.6 -296.0' spd 322.9 yaw 273 mode 2 st 2 gl 1 hp 89 frg -1
ARGEVT Romero rjump
ARGEVT Carmack hazard
ARGLOG Carmack t  39.0 pos '-16.0  45.2 -296.0' spd  90.2 yaw 277 mode 2 st 0 gl 2 hp 100 frg 0
ARGLOG Romero t  39.2 pos '349.0 -355.9 -140.7' spd 322.1 yaw 13 mode 2 st 2 gl 1 hp 79 frg -1
ARGLOG Carmack t  39.5 pos ' 53.6  48.0 -296.0' spd 142.2 yaw 263 mode 2 st 0 gl 2 hp 100 frg 0
ARGEVT Joe Rogan respawn
ARGEVT Romero engage Joe Rogan
ARGEVT Romero grab weapon_lightning
ARGEVT Joe Rogan goal weapon_supernailgun
ARGEVT Joe Rogan engage Romero
ARGLOG Joe Rogan t  39.7 pos '-64.0 -232.0 -72.0' spd 0 yaw 340.4 mode 0 st 0 gl 1 hp 100 frg 0
ARGLOG Romero t  39.8 pos '401.3 -368.0 -98.8' spd 101.7 yaw 133.9 mode 1 st 2 gl 1 hp 79 frg -1
ARGEVT Joe Rogan route 7 start '-47.0 -215.0 -72.0' goal '177.0 -55.0 -104.0'
ARGEVT Carmack hazard
ARGLOG Carmack t  40.1 pos ' 47.3  52.5 -296.0' spd 335.2 yaw 265 mode 2 st 0 gl 2 hp 100 frg 0
ARGEVT Romero weapon rl
ARGEVT Romero goal item_armorInv
ARGEVT Romero grab item_health
ARGLOG Joe Rogan t  40.2 pos '-24.5 -231.8 -72.0' spd 148.0 yaw 348.1 mode 2 st 0 gl 1 hp 100 frg 0
ARGLOG Romero t  40.3 pos '528.4 -319.6 -104.0' spd 214.0 yaw 185.8 mode 0 st 2 gl 2 hp 78 frg -1
ARGEVT Romero route 17 start '529.0 -311.0 -104.0' goal '817.0 -855.0 -232.0'
ARGEVT Romero hazard
ARGLOG Carmack t  40.6 pos '-59.3 -65.2 -296.0' spd 413.4 yaw 337 mode 2 st 0 gl 2 hp 100 frg 0
ARGEVT Joe Rogan death Romero pos ' 57.3 -256.1 -72.0'
ARGUS Romero watch spawn
ARGEVT Romero weapon lg
ARGEVT Romero goal 
ARGLOG Romero t  40.8 pos '590.9 -391.9 -104.0' spd 347.2 yaw 130.3 mode 0 st 2 gl 2 hp 78 frg 0
ARGEVT Romero route 11 start '593.0 -439.0 -120.0' goal ' 49.0 -247.0 -72.0'
ARGEVT Romero engage Carmack
ARGEVT Romero weapon rl
ARGUS Romero shove
ARGEVT Carmack engage Romero
ARGLOG Carmack t  41.1 pos '  6.6 -227.7 -296.0' spd 390.3 yaw 329.0 mode 2 st 0 gl 2 hp 100 frg 0
ARGLOG Romero t  41.3 pos '499.4 -384.6 -104.0' spd 345.8 yaw 157.0 mode 2 st 2 gl 2 hp 78 frg 0
ARGUS Carmack shove
ARGEVT Carmack hazard
ARGEVT Carmack grab 
ARGLOG Carmack t  41.6 pos ' 53.7 -220.0 -296.0' spd 311.9 yaw 359.9 mode 2 st 0 gl 2 hp 100 frg 0
ARGEVT Carmack pursue
ARGEVT Romero pursue
ARGLOG Romero t  41.8 pos '626.9 -363.2 -104.0' spd 269.5 yaw 168 mode 2 st 2 gl 2 hp 72 frg 0
ARGEVT Romero weapon lg
ARGLOG Carmack t  42.1 pos '114.1 -263.1 -296.0' spd 128.6 yaw  20.8 mode 2 st 0 gl 2 hp 100 frg 0
ARGEVT Joe Rogan respawn
ARGEVT Joe Rogan goal item_armorInv
ARGLOG Joe Rogan t  42.2 pos '272.0 -952.0  24.0' spd 0 yaw  16.3 mode 0 st 0 gl 1 hp 100 frg 0
ARGLOG Romero t  42.3 pos '503.4 -278.5 -104.0' spd 217.0 yaw 179.5 mode 2 st 2 gl 2 hp 72 frg 0
ARGEVT Joe Rogan route 13 start '305.0 -983.0  24.0' goal '817.0 -855.0 -232.0'
ARGEVT Romero weapon rl
ARGEVT Romero weapon lg
ARGLOG Carmack t  42.6 pos ' 72.6 -270.2 -296.0' spd  96.6 yaw   1.0 mode 2 st 0 gl 2 hp 70 frg 0
ARGEVT Romero retreat
ARGLOG Joe Rogan t  42.7 pos '376.9 -834.6  24.0' spd 327.1 yaw 79 mode 2 st 0 gl 1 hp 100 frg 0
ARGEVT Romero weapon rl
ARGLOG Romero t  42.8 pos '577.2 -301.3 -48.0' spd 834.4 yaw 182.7 mode 2 st 2 gl 2 hp 32 frg 0
ARGEVT Joe Rogan hazard
ARGEVT Romero weapon sg
ARGLOG Carmack t  43.1 pos ' 60.0 -235.7 -296.0' spd 117.9 yaw 354.9 mode 2 st 0 gl 2 hp 40 frg 0
ARGEVT Romero hazard
ARGEVT Carmack hazard
ARGLOG Joe Rogan t  43.3 pos '333.0 -705.3  24.0' spd 323.5 yaw 120 mode 2 st 0 gl 1 hp 100 frg 0
ARGEVT Romero pursue
ARGLOG Romero t  43.4 pos '680.7 -318.0 -104.0' spd 355.1 yaw 174 mode 2 st 2 gl 2 hp 32 frg 0
ARGEVT Carmack pursue
ARGLOG Carmack t  43.7 pos '209.1 -217.2 -296.0' spd 320.0 yaw 354 mode 2 st 0 gl 2 hp 40 frg 0
ARGLOG Joe Rogan t  43.8 pos '304.0 -550.8  24.0' spd 327.1 yaw 122.0 mode 2 st 0 gl 1 hp 100 frg 0
ARGUS Carmack hunch item_health
ARGLOG Romero t  43.9 pos '520.0 -358.9 -104.0' spd 323.5 yaw 167 mode 2 st 2 gl 2 hp 32 frg 0
ARGEVT Carmack goal item_health
ARGEVT Carmack pursue
ARGEVT Joe Rogan engage Romero
ARGEVT Carmack route 9 start '241.0 -279.0 -296.0' goal '497.0 -471.0  24.0'
ARGEVT Romero weapon lg
ARGUS Carmack shove
ARGLOG Carmack t  44.2 pos '285.0 -205.9 -296.0' spd 311.3 yaw 309.2 mode 2 st 0 gl 2 hp 40 frg 0
ARGLOG Joe Rogan t  44.3 pos '278.3 -404.9  11.4' spd  21.7 yaw 354.7 mode 2 st 0 gl 1 hp 100 frg 0
ARGEVT Romero hazard
ARGLOG Romero t  44.4 pos '467.6 -432.0 -104.0' spd 124.8 yaw 131.0 mode 0 st 2 gl 2 hp 8 frg 0
ARGEVT Carmack hazard
ARGEVT Romero route 12 start '497.0 -407.0 -104.0' goal ' 49.0 -247.0 -72.0'
ARGEVT Joe Rogan grab weapon_grenadelauncher
ARGEVT Carmack pursue
ARGEVT Romero pursue
ARGLOG Carmack t  44.7 pos '372.3 -232.3 -296.0' spd 350.3 yaw 301 mode 2 st 0 gl 2 hp 40 frg 0
ARGLOG Joe Rogan t  44.8 pos '244.5 -422.0 -104.0' spd 305.5 yaw   9.6 mode 2 st 0 gl 1 hp 100 frg 0
ARGEVT Romero death Joe Rogan pos '450.8 -362.5 -104.0'
ARGUS Joe Rogan watch spawn
ARGEVT Carmack engage Joe Rogan
ARGEVT Joe Rogan goal weapon_grenadelauncher
ARGEVT Joe Rogan engage Carmack
ARGEVT Joe Rogan grab 
ARGEVT Carmack grab weapon_nailgun
ARGEVT Joe Rogan goal 
ARGEVT Joe Rogan route 2 start '113.0 -407.0 -104.0' goal '433.0 -311.0 -104.0'
ARGEVT Joe Rogan hazard
ARGLOG Carmack t  45.2 pos '397.8 -145.7 -296.0' spd 320.1 yaw 233.5 mode 2 st 0 gl 2 hp 40 frg 0
ARGLOG Joe Rogan t  45.3 pos '135.0 -396.5 -104.0' spd 120.2 yaw  73.4 mode 2 st 0 gl 2 hp 100 frg 1
ARGEVT Carmack weapon sg
ARGLOG Carmack t  45.7 pos '361.1   0.6 -296.0' spd 212.9 yaw 264.4 mode 2 st 0 gl 2 hp 40 frg 0
ARGLOG Joe Rogan t  45.8 pos '244.0 -408.9 -104.0' spd  90.7 yaw  66.3 mode 2 st 0 gl 2 hp 100 frg 1
ARGLOG Carmack t  46.2 pos '357.4 -12.9 -296.0' spd 275.6 yaw 266.6 mode 2 st 0 gl 2 hp 40 frg 0
ARGEVT Carmack hazard
ARGLOG Joe Rogan t  46.3 pos '275.2 -408.6 -104.0' spd 140.5 yaw  46.8 mode 2 st 0 gl 2 hp 100 frg 1
ARGEVT Romero respawn
ARGEVT Romero goal item_armorInv
ARGLOG Romero t  46.4 pos '112.0 -1136.0 -104.0' spd 0 yaw  28.7 mode 0 st 2 gl 2 hp 100 frg 0
ARGEVT Romero route 17 start '145.0 -1143.0 -88.0' goal '817.0 -855.0 -232.0'
ARGLOG Carmack t  46.8 pos '354.3  -4.7 -296.0' spd 110.7 yaw 292.5 mode 2 st 0 gl 2 hp 40 frg 0
ARGEVT Romero engage Joe Rogan
ARGLOG Joe Rogan t  46.9 pos '376.2 -398.0 -104.0' spd 320.0 yaw  63.4 mode 1 st 0 gl 2 hp 91 frg 1
ARGLOG Romero t  47.0 pos '228.6 -1030.6 -104.0' spd 324.9 yaw  69.0 mode 2 st 2 gl 2 hp 100 frg 0
ARGEVT Joe Rogan grab 
ARGEVT Joe Rogan goal weapon_supernailgun
ARGEVT Joe Rogan route 5 start '497.0 -407.0 -104.0' goal '177.0 -55.0 -104.0'
ARGLOG Carmack t  47.3 pos '371.0 -31.8 -296.0' spd 267.9 yaw 317.2 mode 2 st 0 gl 2 hp 40 frg 0
ARGLOG Joe Rogan t  47.4 pos '534.7 -339.5 -104.0' spd 321.8 yaw 120.3 mode 2 st 0 gl 3 hp 82 frg 1
ARGEVT Romero pursue
ARGLOG Romero t  47.5 pos '294.0 -877.9 -104.0' spd 320.9 yaw 74 mode 0 st 2 gl 2 hp 100 frg 0
ARGEVT Joe Rogan grab item_armor1
ARGEVT Carmack pursue
ARGEVT Joe Rogan pursue
ARGLOG Carmack t  47.8 pos '356.8 -169.8 -296.0' spd 327.6 yaw 301 mode 2 st 0 gl 2 hp 40 frg 0
ARGEVT Romero route 20 start '305.0 -791.0 -104.0' goal '817.0 -855.0 -232.0'
ARGLOG Joe Rogan t  47.9 pos '555.0 -190.9 -104.0' spd 337.8 yaw 141 mode 2 st 0 gl 3 hp 82 frg 1
ARGLOG Romero t  48.0 pos '343.2 -720.9 -104.0' spd 320.0 yaw 76 mode 2 st 2 gl 2 hp 100 frg 0
ARGEVT Carmack hazard
ARGUS Joe Rogan hunch item_health
ARGLOG Carmack t  48.3 pos '432.0 -273.4 -296.0' spd  86.0 yaw 19 mode 2 st 0 gl 2 hp 40 frg 0
ARGEVT Joe Rogan pursue
ARGEVT Joe Rogan goal weapon_supernailgun
ARGLOG Joe Rogan t  48.4 pos '494.8 -91.4 -104.0' spd 298.3 yaw  22.0 mode 0 st 0 gl 3 hp 80 frg 1
ARGEVT Joe Rogan route 3 start '529.0 -55.0 -104.0' goal '177.0 -55.0 -104.0'
ARGLOG Romero t  48.5 pos '338.5 -562.8 -104.0' spd 343.5 yaw  67.8 mode 2 st 2 gl 2 hp 100 frg 0
ARGEVT Carmack pursue
ARGEVT Joe Rogan hazard
ARGLOG Carmack t  48.8 pos '591.8 -250.3 -296.0' spd 396.1 yaw 276.8 mode 2 st 0 gl 2 hp 40 frg 0
ARGLOG Joe Rogan t  48.9 pos '511.5 -24.3 -104.0' spd 188.4 yaw 182 mode 2 st 0 gl 3 hp 64 frg 1
ARGEVT Carmack pursue
ARGEVT Joe Rogan pursue
ARGLOG Romero t  49.0 pos '258.3 -406.6 -104.0' spd 325.5 yaw  59.0 mode 0 st 2 gl 2 hp 100 frg 0
ARGEVT Romero hazard
ARGUS Joe Rogan sprintjump
ARGEVT Joe Rogan jump
ARGEVT Romero route 19 start '305.0 -407.0 -104.0' goal '817.0 -855.0 -232.0'
ARGLOG Carmack t  49.3 pos '542.2 -270.2 -296.0' spd 330.0 yaw 144.3 mode 2 st 0 gl 2 hp 40 frg 0
ARGLOG Joe Rogan t  49.4 pos '354.7 -93.4 -65.1' spd 292.6 yaw 161 mode 2 st 0 gl 3 hp 48 frg 1
ARGLOG Romero t  49.5 pos '382.3 -423.3 -104.0' spd 330.6 yaw  99.4 mode 2 st 2 gl 2 hp 100 frg 0
ARGLOG Carmack t  49.9 pos '525.2 -255.5 -296.0' spd 294.4 yaw 155.7 mode 2 st 0 gl 2 hp 40 frg 0
ARGLOG Joe Rogan t  50.0 pos '197.5 -80.0 -184.7' spd 417.7 yaw 341.7 mode 1 st 0 gl 3 hp 32 frg 1
ARGEVT Joe Rogan grab weapon_supernailgun
ARGLOG Romero t  50.1 pos '536.5 -355.9 -104.0' spd 333.0 yaw 144.1 mode 2 st 2 gl 2 hp 100 frg 0
ARGEVT Joe Rogan weapon gl
ARGEVT Joe Rogan swim
ARGEVT Joe Rogan retreat
ARGLOG Carmack t  50.4 pos '501.1 -263.5 -296.0' spd 114.7 yaw 152.8 mode 2 st 0 gl 2 hp 40 frg 0
ARGLOG Joe Rogan t  50.5 pos '112.0 -74.9 -402.8' spd  18.9 yaw   2.5 mode 1 st 0 gl 3 hp 11 frg 1
ARGEVT Joe Rogan death world pos '112.0 -77.1 -402.3'
ARGEVT Carmack hazard
ARGLOG Romero t  50.6 pos '521.2 -203.3 -104.0' spd 325.6 yaw 111.0 mode 2 st 2 gl 2 hp 100 frg 0
ARGEVT Romero hazard
ARGLOG Carmack t  50.9 pos '400.5 -180.9 -296.0' spd 326.2 yaw 54 mode 2 st 0 gl 2 hp 40 frg 0
ARGEVT Romero engage Carmack
ARGEVT Carmack engage Romero
ARGLOG Romero t  51.1 pos '477.4 -100.9 -104.0' spd 247.6 yaw 198.1 mode 2 st 2 gl 2 hp 100 frg 0
ARGEVT Carmack pursue
ARGLOG Carmack t  51.4 pos '295.6 -234.5 -296.0' spd 321.0 yaw   6.3 mode 2 st 0 gl 2 hp 40 frg 0
ARGEVT Romero pursue
ARGLOG Romero t  51.6 pos '499.7 -246.4 -104.0' spd 272.9 yaw 149 mode 2 st 2 gl 2 hp 100 frg 0
ARGEVT Carmack hazard
ARGEVT Carmack weapon sg
ARGEVT Carmack retreat
ARGLOG Carmack t  51.9 pos '277.6 -270.3 -296.0' spd 463.4 yaw   6.0 mode 0 st 0 gl 2 hp 16 frg 0
ARGEVT Carmack route 9 start '241.0 -279.0 -296.0' goal '497.0 -471.0  24.0'
ARGEVT Joe Rogan respawn
ARGEVT Joe Rogan goal weapon_rocketlauncher
ARGLOG Joe Rogan t  52.1 pos '776.0 -808.0 -232.0' spd 0 yaw 106.3 mode 1 st 0 gl 3 hp 100 frg 0
ARGLOG Romero t  52.1 pos '449.6 -320.0 -104.0' spd 321.5 yaw 167.9 mode 2 st 2 gl 2 hp 100 frg 0
ARGEVT Carmack death Romero pos '160.4 -224.6 -296.0'
ARGUS Romero watch spawn
ARGLOG Joe Rogan t  52.6 pos '763.3 -715.7 -200.0' spd 255.6 yaw  13.5 mode 1 st 0 gl 3 hp 100 frg 0
ARGEVT Romero goal weapon_rocketlauncher
ARGLOG Romero t  52.6 pos '359.6 -461.3 -104.0' spd 377.5 yaw 156.4 mode 0 st 2 gl 2 hp 83 frg 1
ARGEVT Joe Rogan hazard
ARGEVT Romero route 19 start '401.0 -471.0 -104.0' goal '721.0 -887.0 -232.0'
ARGEVT Romero hazard
ARGLOG Joe Rogan t  53.2 pos '791.6 -567.7 -136.0' spd 382.6 yaw 157 mode 1 st 0 gl 3 hp 100 frg 0
ARGLOG Romero t  53.2 pos '191.9 -397.7 -104.0' spd 232.5 yaw 19 mode 2 st 2 gl 2 hp 83 frg 1
ARGLOG Joe Rogan t  53.7 pos '753.2 -582.5 -136.0' spd 320.1 yaw 273 mode 1 st 0 gl 3 hp 100 frg 0
ARGLOG Romero t  53.7 pos '313.5 -425.3 -104.0' spd 321.6 yaw 350.3 mode 2 st 2 gl 2 hp 83 frg 1
ARGEVT Carmack respawn
ARGEVT Carmack goal weapon_supernailgun
ARGLOG Carmack t  54.0 pos '784.0 -176.0  24.0' spd 0 yaw 196.3 mode 0 st 0 gl 2 hp 100 frg 0
ARGEVT Carmack route 4 start '753.0 -151.0  24.0' goal '177.0 -55.0 -104.0'
ARGLOG Joe Rogan t  54.2 pos '762.5 -747.8 -216.0' spd 328.3 yaw 273.3 mode 1 st 0 gl 3 hp 100 frg 0
ARGLOG Romero t  54.2 pos '455.0 -342.6 -104.0' spd 377.3 yaw 42 mode 2 st 2 gl 2 hp 83 frg 1
ARGEVT Romero hazard
ARGEVT Joe Rogan hazard
ARGEVT Romero engage Carmack
ARGEVT Carmack engage Romero
ARGLOG Carmack t  54.5 pos '636.7 -197.2  24.0' spd 346.0 yaw 187.9 mode 2 st 0 gl 2 hp 100 frg 0
ARGLOG Joe Rogan t  54.7 pos '720.0 -912.0 -232.0' spd 0 yaw 207.1 mode 1 st 0 gl 3 hp 100 frg 0
ARGLOG Romero t  54.7 pos '362.3 -251.2 -135.9' spd 260.6 yaw  16.5 mode 2 st 2 gl 2 hp 83 frg 1
ARGLOG Carmack t  55.1 pos '522.6 -51.6   9.0' spd 351.0 yaw 220.2 mode 2 st 0 gl 2 hp 76 frg 0
ARGEVT Joe Rogan goal 
ARGLOG Joe Rogan t  55.2 pos '720.0 -912.0 -232.0' spd 0 yaw 231.5 mode 0 st 0 gl 4 hp 100 frg 0
ARGLOG Romero t  55.2 pos '220.1 -271.0 -296.0' spd 320.5 yaw  42.0 mode 0 st 2 gl 2 hp 71 frg 1
ARGEVT Joe Rogan route 5 start '721.0 -887.0 -232.0' goal '209.0 -183.0 -296.0'
ARGEVT Romero goal item_health
ARGEVT Romero route 6 start '241.0 -279.0 -296.0' goal '-15.0 553.0 -296.0'
ARGEVT Romero hazard
ARGEVT Joe Rogan route 5 start '721.0 -887.0 -232.0' goal '209.0 -183.0 -296.0'
ARGLOG Carmack t  55.6 pos '491.4 -66.7 -104.0' spd 206.5 yaw 208.2 mode 2 st 0 gl 2 hp 76 frg 0
ARGUS routecache adopt
ARGEVT Joe Rogan route 5 start '721.0 -887.0 -232.0' goal '209.0 -183.0 -296.0'
ARGLOG Joe Rogan t  55.7 pos '720.0 -801.8 -232.0' spd 321.1 yaw 111 mode 2 st 0 gl 4 hp 100 frg 0
ARGLOG Romero t  55.7 pos '220.0 -256.5 -296.0' spd 324.6 yaw  27.1 mode 2 st 2 gl 2 hp 55 frg 1
ARGEVT Joe Rogan hazard
ARGEVT Romero retreat
ARGLOG Carmack t  56.1 pos '486.9 -106.4 -104.0' spd 342.7 yaw 210.8 mode 2 st 0 gl 2 hp 56 frg 0
ARGLOG Joe Rogan t  56.3 pos '733.9 -788.5 -232.0' spd 342.9 yaw 112 mode 2 st 0 gl 4 hp 100 frg 0
ARGLOG Romero t  56.3 pos '172.3 -269.4 -296.0' spd 331.8 yaw  36.6 mode 2 st 2 gl 2 hp 31 frg 1
ARGLOG Carmack t  56.6 pos '487.3 -135.6 -104.0' spd 324.8 yaw 195.5 mode 2 st 0 gl 2 hp 52 frg 0
ARGUS routecache adopt
ARGEVT Joe Rogan route 3 start '337.0   9.0 -296.0' goal '209.0 -183.0 -296.0'
ARGLOG Joe Rogan t  56.8 pos '368.0   9.5 -273.8' spd 300 yaw 229.4 mode 2 st 0 gl 4 hp 100 frg 0
ARGLOG Romero t  56.8 pos ' -4.5 -268.8 -296.0' spd 338.9 yaw   5.7 mode 2 st 2 gl 2 hp 23 frg 1
ARGEVT Joe Rogan engage Carmack
ARGEVT Romero hazard
ARGLOG Carmack t  57.1 pos '398.9 -253.8 -98.3' spd 258.1 yaw 177.5 mode 2 st 0 gl 2 hp 40 frg 0
ARGLOG Joe Rogan t  57.3 pos '368.0 -36.7 -296.0' spd 300 yaw 254.3 mode 2 st 0 gl 4 hp 100 frg 0
ARGLOG Romero t  57.3 pos '-100.6 -211.9 -296.0' spd 136.1 yaw 355.1 mode 2 st 2 gl 2 hp 7 frg 1
ARGLOG Carmack t  57.6 pos '319.5 -264.7 -189.1' spd  77.2 yaw 157.6 mode 2 st 0 gl 2 hp 40 frg 0
ARGLOG Joe Rogan t  57.8 pos '355.2  -1.8 -296.0' spd  87.9 yaw 262.9 mode 2 st 0 gl 4 hp 100 frg 0
ARGLOG Romero t  57.8 pos '-19.6 -117.7 -296.0' spd  74.9 yaw 334.0 mode 2 st 2 gl 2 hp 7 frg 1
ARGEVT Carmack pursue
ARGUS Carmack hunch item_health
ARGEVT Carmack goal weapon_supernailgun
ARGEVT Carmack pursue
ARGLOG Carmack t  58.2 pos '311.6 -260.2 -296.0' spd 247.9 yaw   8.5 mode 0 st 0 gl 2 hp 40 frg 0
ARGEVT Romero pursue
ARGEVT Carmack route 13 start '369.0 -279.0 -296.0' goal '177.0 -55.0 -104.0'
ARGLOG Joe Rogan t  58.3 pos '362.2   0.9 -296.0' spd 277.2 yaw 291.2 mode 2 st 0 gl 4 hp 100 frg 0
ARGUS Romero hunch item_health
ARGLOG Romero t  58.3 pos '-37.1  33.4 -296.0' spd 346.7 yaw  28.3 mode 2 st 2 gl 2 hp 7 frg 1
ARGEVT Carmack pursue
ARGEVT Romero goal item_health
ARGEVT Romero pursue
ARGEVT Carmack death Joe Rogan pos '406.8 -216.6 -296.0'
ARGUS Joe Rogan watch spawn
ARGEVT Romero route 4 start '-47.0  73.0 -296.0' goal '-15.0 553.0 -296.0'
ARGEVT Joe Rogan goal 
ARGEVT Joe Rogan route 3 start '337.0   9.0 -296.0' goal '401.0 -247.0 -296.0'
ARGEVT Joe Rogan hazard
ARGEVT Romero hazard
ARGLOG Joe Rogan t  58.8 pos '333.6 -101.3 -296.0' spd 342.8 yaw 300.2 mode 1 st 0 gl 4 hp 100 frg 1
ARGLOG Romero t  58.8 pos '102.0 130.5 -296.0' spd 321.7 yaw 126 mode 2 st 2 gl 2 hp 7 frg 1
ARGLOG Joe Rogan t  59.3 pos '380.4 -261.3 -296.0' spd 357.2 yaw 240.8 mode 1 st 0 gl 4 hp 100 frg 1
ARGLOG Romero t  59.3 pos ' 53.0 115.6 -296.0' spd 276.6 yaw  77.2 mode 2 st 2 gl 2 hp 7 frg 1
ARGEVT Romero hazard
ARGLOG Joe Rogan t  59.9 pos '212.5 -277.0 -296.0' spd 330.4 yaw 155 mode 1 st 0 gl 4 hp 100 frg 1
ARGLOG Romero t  59.9 pos '109.5 103.1 -296.0' spd 346.7 yaw 124 mode 2 st 2 gl 2 hp 7 frg 1
ARGEVT Carmack respawn
ARGEVT Joe Rogan hazard
ARGEVT Romero engage Carmack
ARGEVT Carmack goal weapon_supernailgun
ARGEVT Carmack engage Romero
ARGEVT Carmack grab item_health
ARGLOG Carmack t  60.0 pos '-64.0 512.0 -296.0' spd 0 yaw 294.6 mode 0 st 0 gl 2 hp 100 frg 0
ARGEVT Carmack route 19 start '-15.0 553.0 -296.0' goal '177.0 -55.0 -104.0'
ARGEVT Romero goal weapon_rocketlauncher
ARGLOG Joe Rogan t  60.4 pos ' 44.7 -248.3 -296.0' spd 338.3 yaw 132 mode 1 st 0 gl 4 hp 100 frg 1
ARGLOG Romero t  60.4 pos '  4.1  92.6 -296.0' spd 318.3 yaw 101.2 mode 1 st 2 gl 2 hp 3 frg 1
ARGEVT Joe Rogan engage Romero
ARGLOG Carmack t  60.5 pos '-106.8 574.9 -296.0' spd 101.4 yaw 276.6 mode 2 st 0 gl 2 hp 200 frg 0
ARGEVT Romero death Carmack pos '-159.6  80.3 -296.0'
ARGUS Carmack watch spawn
ARGEVT Joe Rogan engage Carmack
ARGLOG Joe Rogan t  60.9 pos '-65.7 -167.3 -296.0' spd 185.9 yaw  83.4 mode 1 st 0 gl 4 hp 100 frg 1
ARGEVT Carmack engage Joe Rogan
ARGUS Joe Rogan shove
ARGEVT Carmack goal weapon_rocketlauncher
ARGLOG Carmack t  61.0 pos '  4.0 506.9 -296.0' spd 323.8 yaw 265.1 mode 0 st 0 gl 2 hp 200 frg 1
ARGEVT Carmack route 4 start '-15.0 553.0 -296.0' goal ' 49.0 105.0 -296.0'
ARGLOG Joe Rogan t  61.4 pos '-41.1 -20.5 -296.0' spd 201.3 yaw 113.3 mode 1 st 0 gl 4 hp 100 frg 1
