LOG started on: 09/13/2026 08:09:37 
Playing registered version.
UDP Initialized
WIPX_OpenSocket: Address family not supported by protocol family
WIPX_Init: Unable to open control socket, IPX disabled
Exe: 20:02:47 Jul 31 2024
256.0 megabyte heap

Language initialization
Couldn't load 'localization/loc_english.txt'
from 'C:/argus/engine'

========= Quake Initialized =========

execing autoexec.cfg
SpawnServer: dm2
Clearing memory
Programs occupy 860K.
trying to open external vis file
maps/dm2.vis not found, trying argus.vis
external vis not found
ARGUS slots 8
ARGUS worldspawn reached
ARGNAV 216 nodes, 1075 links
0 entities inhibited
ARGUS init on dm2
ARGEVT Carmack spawned
ARGEVT Romero spawned
ARGEVT Joe Rogan spawned
Server spawned.
ARGLOG Joe Rogan t   1.2 pos '2624.0 -488.0  32.0' spd 0 yaw 177.6 mode 0 st 0 gl 0 hp 100 frg 0
ARGLOG Romero t   1.2 pos '2704.0 -2048.0 128.0' spd 0 yaw 317.5 mode 0 st 0 gl 0 hp 100 frg 0
ARGLOG Carmack t   1.2 pos '2560.0 -192.0  32.0' spd 0 yaw 209.6 mode 0 st 0 gl 0 hp 100 frg 0
ARGEVT Romero hazard
ARGEVT Joe Rogan engage Carmack
ARGEVT Joe Rogan grab item_armorInv
ARGEVT Carmack engage Joe Rogan
ARGLOG Joe Rogan t   1.7 pos '2474.5 -445.5   8.0' spd 306.0 yaw  98.0 mode 0 st 0 gl 0 hp 100 frg 0
ARGLOG Romero t   1.7 pos '2772.0 -2027.5 120.0' spd 324.1 yaw  97.4 mode 0 st 0 gl 0 hp 100 frg 0
ARGLOG Carmack t   1.7 pos '2450.4 -239.9  24.0' spd  86.1 yaw 259.5 mode 0 st 0 gl 0 hp 100 frg 0
ARGEVT Joe Rogan hazard
ARGLOG Joe Rogan t   2.2 pos '2346.1 -528.0   8.0' spd 187.2 yaw  80.5 mode 0 st 0 gl 0 hp 100 frg 0
ARGLOG Romero t   2.2 pos '2834.0 -1985.8 120.0' spd 235.2 yaw 180.5 mode 0 st 0 gl 0 hp 100 frg 0
ARGLOG Carmack t   2.2 pos '2384.4 -234.0  24.0' spd 320.5 yaw 247.5 mode 0 st 0 gl 0 hp 100 frg 0
ARGLOG Joe Rogan t   2.7 pos '2301.1 -509.5   8.0' spd 138.2 yaw 104.4 mode 0 st 0 gl 0 hp 100 frg 0
ARGLOG Romero t   2.7 pos '2702.0 -1986.8 120.0' spd 109.5 yaw  12.6 mode 0 st 0 gl 0 hp 100 frg 0
ARGLOG Carmack t   2.7 pos '2218.1 -247.7  24.0' spd 328.9 yaw 288.8 mode 0 st 0 gl 0 hp 100 frg 0
ARGEVT Joe Rogan hazard
ARGLOG Joe Rogan t   3.3 pos '2278.0 -524.9   8.0' spd 365.3 yaw 123.7 mode 0 st 0 gl 0 hp 82 frg 0
ARGLOG Romero t   3.3 pos '2848.9 -1971.8 120.0' spd 130.7 yaw 206.3 mode 0 st 0 gl 0 hp 100 frg 0
ARGLOG Carmack t   3.3 pos '2171.7 -245.2  24.0' spd 338.3 yaw 277.0 mode 0 st 0 gl 0 hp 76 frg 0
ARGLOG Joe Rogan t   3.8 pos '2169.6 -527.0   8.0' spd 209.6 yaw  50.1 mode 0 st 0 gl 0 hp 73 frg 0
ARGLOG Romero t   3.8 pos '2723.6 -2058.0 128.0' spd 320.2 yaw 206.3 mode 0 st 0 gl 0 hp 100 frg 0
ARGLOG Carmack t   3.8 pos '2340.7 -239.4  24.0' spd 331.5 yaw 245.0 mode 0 st 0 gl 0 hp 76 frg 0
ARGEVT Joe Rogan pursue
ARGEVT Carmack pursue
ARGEVT Joe Rogan plan powerup via weapon
ARGEVT Joe Rogan goal weapon_rocketlauncher
ARGEVT Romero goal item_armorInv
ARGEVT Carmack goal item_armorInv
ARGUS Carmack hunch item_armorInv
ARGEVT Carmack pursue
ARGEVT Joe Rogan route 11 start '2153.0 -479.0   8.0' goal '1465.0 -687.0 184.0'
ARGLOG Joe Rogan t   4.3 pos '2153.8 -393.3   8.0' spd 332.1 yaw 55 mode 2 st 0 gl 0 hp 73 frg 0
ARGLOG Romero t   4.3 pos '2747.6 -1987.8 120.0' spd 372.9 yaw 122.0 mode 0 st 0 gl 0 hp 100 frg 0
ARGEVT Romero hazard
ARGEVT Carmack goal item_armorInv
ARGLOG Carmack t   4.3 pos '2424.2 -202.1  24.0' spd 320.4 yaw  93.6 mode 0 st 0 gl 0 hp 76 frg 0
ARGEVT Romero route 8 start '2777.0 -1999.0 120.0' goal '2473.0 -1999.0 120.0'
ARGEVT Carmack grab item_health
ARGEVT Carmack route 6 start '2361.0 -175.0  24.0' goal '2393.0 -655.0  56.0'
ARGLOG Joe Rogan t   4.8 pos '2207.2 -234.9  24.0' spd 324.3 yaw  15.0 mode 2 st 0 gl 0 hp 73 frg 0
ARGLOG Romero t   4.8 pos '2695.4 -2020.8 128.0' spd 387.3 yaw 223 mode 2 st 0 gl 0 hp 100 frg 0
ARGLOG Carmack t   4.8 pos '2475.4 -165.4  24.0' spd 323.4 yaw 173.5 mode 2 st 0 gl 0 hp 56 frg 0
ARGLOG Joe Rogan t   5.3 pos '2208.3 -63.0  24.0' spd 340.0 yaw 341.0 mode 2 st 0 gl 0 hp 46 frg 0
ARGLOG Romero t   5.3 pos '2680.9 -2188.6 120.0' spd 321.4 yaw 193 mode 2 st 0 gl 0 hp 100 frg 0
ARGLOG Carmack t   5.3 pos '2541.8 -200.0  32.0' spd  94.7 yaw 135.8 mode 2 st 0 gl 0 hp 56 frg 0
ARGEVT Carmack weapon sg
ARGEVT Romero hazard
ARGLOG Joe Rogan t   5.8 pos '2288.0  16.0  24.0' spd 0 yaw 326.4 mode 2 st 0 gl 0 hp 46 frg 0
ARGLOG Romero t   5.8 pos '2648.0 -2313.8 120.0' spd 296.3 yaw 168 mode 2 st 0 gl 0 hp 100 frg 0
ARGLOG Carmack t   5.8 pos '2544.4 -210.0  32.0' spd  60.6 yaw 136.1 mode 2 st 0 gl 0 hp 56 frg 0
ARGEVT Joe Rogan pursue
ARGEVT Carmack pursue
ARGEVT Joe Rogan jump
ARGEVT Carmack retreat
ARGLOG Joe Rogan t   6.3 pos '2332.6 -40.6  74.4' spd 162.0 yaw 318.1 mode 2 st 0 gl 0 hp 46 frg 0
ARGLOG Romero t   6.3 pos '2483.3 -2281.3 120.0' spd 376.8 yaw 168 mode 2 st 0 gl 0 hp 100 frg 0
ARGLOG Carmack t   6.3 pos '2498.0 -171.4  24.0' spd 222.9 yaw 145.0 mode 2 st 0 gl 0 hp 32 frg 0
ARGEVT Joe Rogan retreat
ARGEVT Romero jump
ARGEVT Carmack grab item_health
ARGEVT Carmack hazard
ARGLOG Joe Rogan t   6.9 pos '2317.7 -33.5  40.0' spd  39.7 yaw 309.6 mode 2 st 0 gl 0 hp 22 frg 0
ARGLOG Romero t   6.9 pos '2353.5 -2318.7 149.1' spd 304.2 yaw 144 mode 2 st 0 gl 0 hp 100 frg 0
ARGLOG Carmack t   6.9 pos '2488.1 -233.6  24.0' spd 272.3 yaw 127.0 mode 2 st 0 gl 0 hp 8 frg 0
ARGLOG Joe Rogan t   7.4 pos '2332.4 -45.0  56.0' spd 320.2 yaw 316.8 mode 2 st 0 gl 0 hp 2 frg 0
ARGLOG Romero t   7.4 pos '2288.0 -2336.2 107.2' spd  30.1 yaw 129 mode 2 st 0 gl 0 hp 100 frg 0
ARGEVT Joe Rogan death Carmack pos '2325.5 -59.8  56.0'
ARGUS Carmack watch spawn
ARGLOG Carmack t   7.4 pos '2545.1 -176.6  32.0' spd 139.6 yaw 155.4 mode 2 st 0 gl 0 hp 8 frg 1
ARGEVT Romero swim
ARGEVT Carmack goal item_health
ARGEVT Carmack jump
ARGEVT Carmack route 5 start '2521.0 -191.0  32.0' goal '2521.0 -207.0 120.0'
ARGLOG Romero t   7.9 pos '2288.0 -2295.5  34.3' spd 158.9 yaw 138 mode 2 st 0 gl 0 hp 50 frg 0
ARGLOG Carmack t   7.9 pos '2418.3 -144.0  70.9' spd 318.3 yaw 119 mode 1 st 0 gl 0 hp 8 frg 1
ARGEVT Carmack hazard
ARGLOG Romero t   8.4 pos '2288.0 -2195.4  38.8' spd 153.8 yaw 171 mode 2 st 0 gl 0 hp 10 frg 0
ARGEVT Romero death world pos '2288.0 -2195.4  38.8'
ARGLOG Carmack t   8.4 pos '2296.2 -144.0  24.0' spd   8.1 yaw   2.8 mode 1 st 0 gl 0 hp 8 frg 1
ARGEVT Joe Rogan respawn
ARGLOG Carmack t   8.9 pos '2444.3 -144.0  24.0' spd 141.0 yaw 126.8 mode 1 st 0 gl 0 hp 8 frg 1
ARGEVT Joe Rogan plan powerup via weapon
ARGEVT Joe Rogan goal weapon_rocketlauncher
ARGLOG Joe Rogan t   9.0 pos '2048.0 -1352.0 136.0' spd 0 yaw 196.3 mode 0 st 0 gl 0 hp 100 frg 0
ARGEVT Joe Rogan route 21 start '1977.0 -1343.0 136.0' goal '2473.0 -1711.0  24.0'
ARGEVT Joe Rogan hazard
ARGEVT Carmack hazard
ARGLOG Carmack t   9.4 pos '2355.3 -144.0  24.0' spd  21.5 yaw 93 mode 1 st 0 gl 0 hp 8 frg 1
ARGLOG Joe Rogan t   9.5 pos '1896.6 -1382.7  88.0' spd 351.5 yaw 71 mode 2 st 0 gl 0 hp 100 frg 0
ARGEVT Romero respawn
ARGLOG Carmack t   9.9 pos '2351.8 -144.0  24.0' spd   5.8 yaw 92 mode 1 st 0 gl 0 hp 8 frg 1
ARGLOG Joe Rogan t  10.0 pos '1882.6 -1194.1  59.2' spd 413.1 yaw 54 mode 2 st 0 gl 0 hp 100 frg 0
ARGEVT Romero goal item_armorInv
ARGLOG Romero t  10.0 pos '2176.0 -2176.0  84.0' spd 0 yaw  73.7 mode 0 st 0 gl 0 hp 100 frg -1
ARGEVT Romero route 3 start '2153.0 -2175.0  88.0' goal '2473.0 -1999.0 120.0'
ARGEVT Joe Rogan hazard
ARGEVT Carmack stall
ARGEVT Carmack jump
ARGEVT Romero door
ARGEVT Romero jump
ARGLOG Carmack t  10.5 pos '2352.5 -144.0  52.9' spd  28.4 yaw  25.7 mode 0 st 1 gl 0 hp 8 frg 1
ARGEVT Carmack route 5 start '2361.0 -175.0  24.0' goal '2521.0 -207.0 120.0'
ARGLOG Joe Rogan t  10.5 pos '1936.0 -1080.0  20.0' spd 106.9 yaw 44 mode 2 st 0 gl 0 hp 100 frg 0
ARGLOG Romero t  10.5 pos '2168.3 -2021.0  99.7' spd 333.0 yaw  62.7 mode 2 st 0 gl 0 hp 100 frg -1
ARGEVT Joe Rogan jump
ARGLOG Carmack t  11.0 pos '2369.2 -144.0  24.0' spd  32.4 yaw 353 mode 1 st 1 gl 0 hp 8 frg 1
ARGLOG Joe Rogan t  11.0 pos '1936.0 -1256.2  54.5' spd 252.8 yaw 71 mode 2 st 0 gl 0 hp 100 frg 0
ARGLOG Romero t  11.0 pos '2171.1 -1968.4 100.6' spd  30.0 yaw 359 mode 2 st 0 gl 0 hp 100 frg -1
ARGEVT Romero jump
ARGEVT Carmack jump
ARGEVT Joe Rogan hazard
ARGLOG Carmack t  11.5 pos '2523.7 -163.1  48.0' spd 320.0 yaw 347 mode 1 st 1 gl 0 hp 8 frg 1
ARGLOG Joe Rogan t  11.5 pos '1936.0 -1238.2  20.0' spd 183.5 yaw 70 mode 2 st 0 gl 0 hp 100 frg 0
ARGLOG Romero t  11.5 pos '2224.0 -1970.6 109.7' spd   8.0 yaw 359 mode 2 st 0 gl 0 hp 100 frg -1
ARGEVT Joe Rogan jump
ARGEVT Carmack hazard
ARGEVT Romero hazard
ARGLOG Carmack t  12.0 pos '2534.8 -240.0  32.0' spd 310.8 yaw 182.8 mode 1 st 1 gl 0 hp 8 frg 1
ARGLOG Joe Rogan t  12.1 pos '1936.0 -1141.0  55.0' spd   1.6 yaw 59 mode 2 st 0 gl 0 hp 100 frg 0
ARGLOG Romero t  12.1 pos '2224.0 -1990.9  72.0' spd 188.8 yaw 0 mode 2 st 0 gl 0 hp 100 frg -1
ARGEVT Joe Rogan jump
ARGLOG Carmack t  12.5 pos '2426.5 -144.0  24.0' spd 109.0 yaw  17.7 mode 1 st 1 gl 0 hp 8 frg 1
ARGLOG Joe Rogan t  12.6 pos '1936.0 -1219.4  41.6' spd 301.1 yaw 68 mode 2 st 0 gl 0 hp 100 frg 0
ARGLOG Romero t  12.6 pos '2224.0 -2000.0  72.0' spd 0 yaw 2 mode 2 st 0 gl 0 hp 100 frg -1
ARGEVT Carmack jump
ARGEVT Romero hazard
ARGLOG Carmack t  13.0 pos '2512.0 -155.0  62.0' spd  47.3 yaw 338 mode 1 st 1 gl 0 hp 8 frg 1
ARGLOG Joe Rogan t  13.1 pos '1936.0 -1250.5  21.4' spd  41.8 yaw 71 mode 2 st 0 gl 0 hp 100 frg 0
ARGLOG Romero t  13.1 pos '2224.0 -2000.0  72.0' spd 0 yaw 2 mode 2 st 0 gl 0 hp 100 frg -1
ARGEVT Joe Rogan hazard
ARGEVT Joe Rogan jump
ARGEVT Romero stall
ARGEVT Romero stallnode '2473.0 -1999.0 120.0'
ARGEVT Romero jump
ARGEVT Carmack hazard
ARGEVT Carmack jump
ARGEVT Romero route 2 start '2153.0 -2015.0  88.0' goal '2473.0 -1999.0 120.0'
ARGLOG Carmack t  13.5 pos '2571.5 -144.0  43.7' spd 138.7 yaw  75.6 mode 1 st 1 gl 0 hp 8 frg 1
ARGLOG Joe Rogan t  13.6 pos '1936.0 -1142.4  58.9' spd  77.3 yaw 59 mode 2 st 0 gl 0 hp 100 frg 0
ARGLOG Romero t  13.6 pos '2224.0 -1999.6 106.4' spd   3.1 yaw 2 mode 2 st 1 gl 0 hp 100 frg -1
ARGEVT Romero hazard
ARGLOG Carmack t  14.1 pos '2497.2 -154.2  24.0' spd 354.8 yaw 240.7 mode 1 st 1 gl 0 hp 8 frg 1
ARGLOG Joe Rogan t  14.1 pos '1936.0 -1188.4  20.0' spd 306.7 yaw 65 mode 2 st 0 gl 0 hp 100 frg 0
ARGEVT Joe Rogan jump
ARGEVT Romero stall
ARGEVT Romero stallnode '2153.0 -2015.0  88.0'
ARGLOG Romero t  14.1 pos '2224.0 -2000.0  72.0' spd 0 yaw 229.7 mode 0 st 2 gl 0 hp 100 frg -1
ARGEVT Romero jump
ARGEVT Romero goal item_health
ARGEVT Romero route 2 start '2153.0 -2015.0  88.0' goal '2377.0 -1999.0 120.0'
ARGLOG Carmack t  14.6 pos '2514.6 -236.7  32.0' spd 339.2 yaw  44.9 mode 1 st 1 gl 0 hp 8 frg 1
ARGEVT Carmack jump
ARGLOG Joe Rogan t  14.6 pos '1936.0 -1254.8  42.7' spd  29.9 yaw 71 mode 2 st 0 gl 0 hp 100 frg 0
ARGLOG Romero t  14.6 pos '2207.4 -2006.5  94.7' spd  59.7 yaw 309.3 mode 2 st 2 gl 0 hp 100 frg -1
ARGEVT Joe Rogan hazard
ARGEVT Joe Rogan jump
ARGEVT Romero hazard
ARGLOG Carmack t  15.1 pos '2547.1 -168.2  32.0' spd 321.9 yaw 144.6 mode 1 st 1 gl 0 hp 8 frg 1
ARGLOG Joe Rogan t  15.1 pos '1936.0 -1153.0  54.4' spd 213.1 yaw 61 mode 2 st 0 gl 0 hp 100 frg 0
ARGLOG Romero t  15.1 pos '2224.0 -2108.6  88.0' spd 194.7 yaw 17 mode 2 st 2 gl 0 hp 100 frg -1
ARGEVT Carmack hazard
ARGLOG Carmack t  15.6 pos '2407.4 -233.9  24.0' spd 406.6 yaw 309.4 mode 1 st 1 gl 0 hp 8 frg 1
ARGLOG Joe Rogan t  15.7 pos '1936.0 -1158.7  20.0' spd 178.4 yaw 62 mode 2 st 0 gl 0 hp 100 frg 0
ARGLOG Romero t  15.7 pos '2232.0 -2161.9  88.0' spd  13.7 yaw 24 mode 2 st 2 gl 0 hp 100 frg -1
ARGEVT Joe Rogan jump
ARGEVT Carmack jump
ARGLOG Carmack t  16.1 pos '2548.0 -211.5  48.0' spd 357.2 yaw  90.3 mode 1 st 1 gl 0 hp 8 frg 1
ARGLOG Joe Rogan t  16.2 pos '1936.0 -1257.6  55.0' spd   1.3 yaw 71 mode 2 st 0 gl 0 hp 100 frg 0
ARGLOG Romero t  16.2 pos '2232.0 -2160.0  88.0' spd 0 yaw 24 mode 2 st 2 gl 0 hp 100 frg -1
ARGEVT Romero stall
ARGEVT Romero stallnode '2153.0 -2015.0  88.0'
ARGEVT Romero jump
ARGEVT Romero route 3 start '2153.0 -2175.0  88.0' goal '2377.0 -1999.0 120.0'
ARGEVT Joe Rogan hazard
ARGEVT Joe Rogan jump
ARGLOG Carmack t  16.6 pos '2480.6 -155.3  24.0' spd 396.9 yaw 244.6 mode 1 st 1 gl 0 hp 8 frg 1
ARGLOG Joe Rogan t  16.7 pos '1936.0 -1178.2  41.5' spd 307.1 yaw 64 mode 2 st 0 gl 0 hp 100 frg 0
ARGLOG Romero t  16.7 pos '2232.0 -2160.0  88.0' spd 0 yaw 24 mode 2 st 3 gl 0 hp 100 frg -1
ARGEVT Romero stall
ARGEVT Romero stallnode '2153.0 -2015.0  88.0'
ARGEVT Romero jump
ARGLOG Carmack t  17.1 pos '2498.6 -236.1  24.0' spd 343.6 yaw  48.4 mode 1 st 1 gl 0 hp 8 frg 1
ARGLOG Joe Rogan t  17.2 pos '1936.0 -1146.9  22.2' spd  42.2 yaw 60 mode 2 st 0 gl 0 hp 100 frg 0
ARGEVT Romero goal item_armorInv
ARGLOG Romero t  17.2 pos '2227.5 -2160.9  88.0' spd 30 yaw 206.9 mode 0 st 4 gl 0 hp 100 frg -1
ARGEVT Carmack jump
ARGEVT Romero route 8 start '2153.0 -2175.0  88.0' goal '2393.0 -655.0  56.0'
ARGEVT Joe Rogan jump
ARGEVT Romero hazard
ARGLOG Carmack t  17.7 pos '2538.6 -155.7  32.0' spd 361.3 yaw 196.6 mode 1 st 1 gl 0 hp 8 frg 1
ARGLOG Joe Rogan t  17.7 pos '1936.0 -1255.8  58.9' spd  75.5 yaw 71 mode 2 st 0 gl 0 hp 100 frg 0
ARGLOG Romero t  17.7 pos '2219.9 -2278.4  88.0' spd 331.9 yaw  11.7 mode 0 st 4 gl 0 hp 100 frg -1
ARGEVT Romero route 9 start '2281.0 -2239.0  88.0' goal '2393.0 -655.0  56.0'
ARGEVT Joe Rogan hazard
ARGLOG Carmack t  18.2 pos '2447.1 -240.0  24.0' spd 249.5 yaw   0.8 mode 1 st 1 gl 0 hp 8 frg 1
ARGLOG Joe Rogan t  18.2 pos '1936.0 -1209.6  20.0' spd 308.4 yaw 67 mode 2 st 0 gl 0 hp 100 frg 0
ARGEVT Joe Rogan jump
ARGLOG Romero t  18.2 pos '2232.0 -2171.6  88.0' spd 347.3 yaw 25 mode 2 st 4 gl 0 hp 100 frg -1
ARGEVT Carmack jump
ARGEVT Romero abandon
ARGEVT Romero goal item_armor2
ARGLOG Carmack t  18.7 pos '2576.0 -184.0  32.0' spd 151.7 yaw 153 mode 1 st 1 gl 0 hp 8 frg 1
ARGLOG Joe Rogan t  18.7 pos '1936.0 -1143.1  42.7' spd  30.6 yaw 59 mode 2 st 0 gl 0 hp 100 frg 0
ARGLOG Romero t  18.7 pos '2140.4 -2038.3  88.0' spd 324.8 yaw 119.0 mode 0 st 4 gl 0 hp 100 frg -1
ARGEVT Romero hazard
ARGEVT Romero route 14 start '2153.0 -2015.0  88.0' goal '2057.0 -943.0  32.0'
ARGEVT Joe Rogan jump
ARGLOG Carmack t  19.2 pos '2430.9 -224.6  24.0' spd 426.1 yaw 315.4 mode 1 st 1 gl 0 hp 8 frg 1
ARGLOG Joe Rogan t  19.3 pos '1936.0 -1245.5  54.6' spd 212.1 yaw 70 mode 2 st 0 gl 0 hp 100 frg 0
ARGLOG Romero t  19.3 pos '2128.0 -1887.7  27.8' spd  53.0 yaw 294 mode 2 st 4 gl 0 hp 100 frg -1
ARGEVT Carmack jump
ARGEVT Joe Rogan hazard
ARGLOG Carmack t  19.7 pos '2512.0 -215.1  58.4' spd  89.3 yaw 55 mode 1 st 1 gl 0 hp 8 frg 1
ARGLOG Joe Rogan t  19.8 pos '1936.0 -1239.1  20.0' spd 181.4 yaw 70 mode 2 st 0 gl 0 hp 100 frg 0
ARGLOG Romero t  19.8 pos '2140.3 -2028.2  88.0' spd 320.0 yaw 304 mode 2 st 4 gl 0 hp 100 frg -1
ARGEVT Joe Rogan jump
ARGEVT Romero jump
ARGLOG Carmack t  20.2 pos '2520.2 -168.7  32.0' spd 188.4 yaw 1 mode 1 st 1 gl 0 hp 8 frg 1
ARGLOG Joe Rogan t  20.3 pos '1936.0 -1140.6  55.0' spd   1.9 yaw 59 mode 2 st 0 gl 0 hp 100 frg 0
ARGLOG Romero t  20.3 pos '2163.8 -2193.4 109.3' spd 343.1 yaw 352 mode 2 st 4 gl 0 hp 100 frg -1
ARGEVT Carmack jump
ARGEVT Joe Rogan jump
ARGLOG Carmack t  20.7 pos '2558.7 -183.1  32.0' spd 301.3 yaw 196.2 mode 1 st 1 gl 0 hp 8 frg 1
ARGLOG Joe Rogan t  20.8 pos '1936.0 -1219.9  41.6' spd 304.7 yaw 68 mode 2 st 0 gl 0 hp 100 frg 0
ARGLOG Romero t  20.8 pos '2224.0 -2332.3  89.7' spd  47.7 yaw 21 mode 2 st 4 gl 0 hp 100 frg -1
ARGLOG Carmack t  21.3 pos '2419.8 -144.0  24.0' spd  19.7 yaw  31.7 mode 1 st 1 gl 0 hp 8 frg 1
ARGLOG Joe Rogan t  21.3 pos '1936.0 -1250.9  21.4' spd  41.9 yaw 71 mode 2 st 0 gl 0 hp 100 frg 0
ARGLOG Romero t  21.3 pos '2232.0 -2211.2  88.0' spd  98.4 yaw 353 mode 2 st 4 gl 0 hp 100 frg -1
ARGEVT Joe Rogan hazard
ARGEVT Carmack jump
ARGEVT Joe Rogan jump
ARGLOG Carmack t  21.8 pos '2574.6 -151.3  35.2' spd 326.4 yaw 266.4 mode 1 st 1 gl 0 hp 8 frg 1
ARGLOG Joe Rogan t  21.8 pos '1936.0 -1142.3  58.9' spd  77.9 yaw 59 mode 2 st 0 gl 0 hp 100 frg 0
ARGLOG Romero t  21.8 pos '2232.0 -2247.2  88.0' spd  32.1 yaw 2 mode 2 st 4 gl 0 hp 100 frg -1
ARGLOG Carmack t  22.3 pos '2449.2 -215.9  24.0' spd 415.1 yaw 101.9 mode 1 st 1 gl 0 hp 8 frg 1
ARGLOG Joe Rogan t  22.3 pos '1936.0 -1187.5  20.0' spd 305.5 yaw 65 mode 2 st 0 gl 0 hp 100 frg 0
ARGEVT Joe Rogan jump
ARGLOG Romero t  22.3 pos '2232.0 -2239.9  88.0' spd   2.8 yaw 0 mode 2 st 4 gl 0 hp 100 frg -1
ARGEVT Romero stall
ARGEVT Romero stallnode '2281.0 -2239.0  88.0'
ARGEVT Romero jump
ARGEVT Carmack jump
ARGLOG Carmack t  22.8 pos '2494.8 -147.6  35.7' spd 324.6 yaw 338 mode 1 st 1 gl 0 hp 8 frg 1
ARGLOG Joe Rogan t  22.9 pos '1936.0 -1254.4  42.7' spd  29.4 yaw 71 mode 2 st 0 gl 0 hp 100 frg 0
ARGLOG Romero t  22.9 pos '2232.0 -2239.3  93.8' spd   8.6 yaw  33.0 mode 0 st 5 gl 0 hp 100 frg -1
ARGUS routecache adopt
ARGEVT Romero route 12 start '2281.0 -2239.0  88.0' goal '2057.0 -943.0  32.0'
ARGEVT Joe Rogan hazard
ARGEVT Joe Rogan jump
ARGLOG Carmack t  23.3 pos '2541.7 -205.0  32.0' spd 352.2 yaw 181.8 mode 1 st 1 gl 0 hp 8 frg 1
ARGLOG Joe Rogan t  23.4 pos '1936.0 -1153.4  54.5' spd 213.0 yaw 61 mode 2 st 0 gl 0 hp 100 frg 0
ARGLOG Romero t  23.4 pos '2232.0 -2174.0  88.0' spd 126.1 yaw 344 mode 2 st 5 gl 0 hp 100 frg -1
ARGLOG Carmack t  23.8 pos '2417.4 -144.0  24.0' spd 135.8 yaw  17.4 mode 1 st 1 gl 0 hp 8 frg 1
ARGLOG Joe Rogan t  23.9 pos '1936.0 -1158.7  20.0' spd 178.4 yaw 62 mode 2 st 0 gl 0 hp 100 frg 0
ARGLOG Romero t  23.9 pos '2232.0 -2254.3  88.0' spd 114.9 yaw 3 mode 2 st 5 gl 0 hp 100 frg -1
ARGEVT Joe Rogan jump
ARGEVT Carmack jump
ARGLOG Carmack t  24.3 pos '2576.0 -155.6  35.3' spd  30.9 yaw 262.4 mode 1 st 1 gl 0 hp 8 frg 1
ARGLOG Joe Rogan t  24.4 pos '1936.0 -1257.7  55.1' spd   1.3 yaw 71 mode 2 st 0 gl 0 hp 100 frg 0
ARGLOG Romero t  24.4 pos '2232.0 -2236.3  88.0' spd  21.5 yaw 0 mode 2 st 5 gl 0 hp 100 frg -1
ARGEVT Joe Rogan hazard
ARGEVT Joe Rogan jump
ARGLOG Carmack t  24.9 pos '2445.7 -207.3  24.0' spd 413.9 yaw  98.2 mode 1 st 1 gl 0 hp 8 frg 1
ARGLOG Joe Rogan t  24.9 pos '1936.0 -1179.1  41.3' spd 305.5 yaw 64 mode 2 st 0 gl 0 hp 100 frg 0
ARGEVT Romero stall
ARGEVT Romero stallnode '2281.0 -2239.0  88.0'
ARGLOG Romero t  24.9 pos '2232.0 -2238.2  88.0' spd 0 yaw 123.2 mode 0 st 6 gl 0 hp 100 frg -1
ARGEVT Romero jump
ARGUS routecache adopt
ARGEVT Romero route 12 start '2281.0 -2239.0  88.0' goal '2057.0 -943.0  32.0'
ARGEVT Carmack jump
ARGLOG Carmack t  25.4 pos '2498.5 -148.1  35.7' spd 325.1 yaw 337 mode 1 st 1 gl 0 hp 8 frg 1
ARGLOG Joe Rogan t  25.4 pos '1936.0 -1147.2  22.2' spd  41.7 yaw 60 mode 2 st 0 gl 0 hp 100 frg 0
ARGLOG Romero t  25.4 pos '2232.0 -2237.1  88.0' spd   5.7 yaw 0 mode 2 st 6 gl 0 hp 100 frg -1
ARGEVT Joe Rogan jump
ARGUS UNSTICKDBG Romero dwell   2.1 stalls 1
ARGEVT Romero stall
ARGEVT Romero stallnode '2281.0 -2239.0  88.0'
ARGEVT Romero jump
ARGUS UNSTICKDBG Romero dwell   2.3 stalls 2
ARGEVT Romero goal weapon_rocketlauncher
ARGEVT Romero route 4 start '2281.0 -2239.0  88.0' goal '2473.0 -1711.0  24.0'
ARGLOG Carmack t  25.9 pos '2539.8 -205.2  32.0' spd 352.7 yaw 179.8 mode 1 st 1 gl 0 hp 8 frg 1
ARGLOG Joe Rogan t  25.9 pos '1936.0 -1255.8  58.9' spd  72.7 yaw 71 mode 2 st 0 gl 0 hp 100 frg 0
ARGLOG Romero t  25.9 pos '2232.0 -2210.2  88.0' spd 284.7 yaw 155 mode 2 st 7 gl 0 hp 100 frg -1
ARGEVT Romero hazard
ARGEVT Joe Rogan hazard
ARGLOG Carmack t  26.4 pos '2418.5 -144.0  24.0' spd 138.9 yaw  15.0 mode 1 st 1 gl 0 hp 8 frg 1
ARGLOG Joe Rogan t  26.5 pos '1936.0 -1209.4  20.0' spd 306.3 yaw 67 mode 2 st 0 gl 0 hp 100 frg 0
ARGEVT Joe Rogan jump
ARGLOG Romero t  26.5 pos '2228.0 -2175.4  88.0' spd 348.0 yaw 179 mode 2 st 7 gl 0 hp 100 frg -1
ARGEVT Carmack jump
ARGLOG Carmack t  26.9 pos '2576.0 -157.3  35.3' spd  34.5 yaw 262.4 mode 1 st 1 gl 0 hp 8 frg 1
ARGLOG Joe Rogan t  27.0 pos '1936.0 -1143.3  42.4' spd  30.1 yaw 59 mode 2 st 0 gl 0 hp 100 frg 0
ARGLOG Romero t  27.0 pos '2232.0 -2250.6  88.0' spd 161.4 yaw 136 mode 2 st 7 gl 0 hp 100 frg -1
ARGEVT Joe Rogan jump
ARGLOG Carmack t  27.4 pos '2445.0 -209.8  24.0' spd 414.5 yaw  97.9 mode 1 st 1 gl 0 hp 8 frg 1
ARGLOG Joe Rogan t  27.5 pos '1936.0 -1244.0  54.3' spd 212.7 yaw 70 mode 2 st 0 gl 0 hp 100 frg 0
ARGLOG Romero t  27.5 pos '2232.0 -2237.2  88.0' spd  26.1 yaw 141 mode 2 st 7 gl 0 hp 100 frg -1
ARGEVT Carmack abandon
ARGEVT Carmack goal item_health
ARGEVT Romero stall
ARGEVT Romero stallnode '2281.0 -2239.0  88.0'
ARGEVT Romero jump
ARGUS routecache adopt
ARGEVT Romero route 4 start '2281.0 -2239.0  88.0' goal '2473.0 -1711.0  24.0'
ARGEVT Joe Rogan hazard
ARGLOG Carmack t  27.9 pos '2499.7 -154.4  24.0' spd 351.9 yaw 310.0 mode 1 st 1 gl 0 hp 8 frg 1
ARGEVT Carmack jump
ARGLOG Joe Rogan t  28.0 pos '1936.0 -1239.0  20.0' spd 177.9 yaw 70 mode 2 st 0 gl 0 hp 100 frg 0
ARGLOG Romero t  28.0 pos '2232.0 -2235.2  88.0' spd  28.8 yaw 142 mode 2 st 8 gl 0 hp 100 frg -1
ARGEVT Joe Rogan jump
ARGLOG Carmack t  28.5 pos '2536.6 -221.2  32.0' spd 357.5 yaw 153.8 mode 1 st 1 gl 0 hp 8 frg 1
ARGLOG Joe Rogan t  28.5 pos '1936.0 -1140.4  55.1' spd   1.8 yaw 59 mode 2 st 0 gl 0 hp 100 frg 0
ARGEVT Romero stall
ARGEVT Romero stallnode '2281.0 -2239.0  88.0'
ARGLOG Romero t  28.5 pos '2232.0 -2237.8  88.0' spd   2.8 yaw 289.5 mode 0 st 9 gl 0 hp 100 frg -1
ARGEVT Romero jump
ARGUS UNSTICKDBG Romero dwell   2.1 stalls 2
ARGEVT Romero goal weapon_rocketlauncher
ARGEVT Romero route 11 start '2281.0 -2239.0  88.0' goal '1465.0 -687.0 184.0'
ARGEVT Joe Rogan jump
ARGUS UNSTICKDBG Romero dwell   2.3 stalls 2
ARGLOG Carmack t  29.0 pos '2473.3 -144.0  24.0' spd 320.2 yaw 348.7 mode 1 st 1 gl 0 hp 8 frg 1
ARGLOG Joe Rogan t  29.0 pos '1936.0 -1219.7  41.6' spd 305.5 yaw 68 mode 2 st 0 gl 0 hp 100 frg 0
ARGLOG Romero t  29.0 pos '2232.0 -2243.3  88.0' spd  27.3 yaw 1 mode 2 st 9 gl 0 hp 100 frg -1
ARGEVT Carmack jump
ARGEVT Joe Rogan abandon
ARGEVT Joe Rogan plan powerup via weapon
ARGEVT Joe Rogan goal weapon_nailgun
ARGUS UNSTICKDBG Romero dwell   2.5 stalls 2
ARGEVT Romero stall
ARGEVT Romero stallnode '2281.0 -2239.0  88.0'
ARGEVT Romero jump
ARGEVT Joe Rogan route 14 start '1881.0 -1311.0  88.0' goal '2473.0 -191.0  24.0'
ARGUS UNSTICKDBG Romero dwell   2.7 stalls 3
ARGEVT Romero route 11 start '2281.0 -2239.0  88.0' goal '1465.0 -687.0 184.0'
ARGLOG Carmack t  29.5 pos '2512.0 -168.3  58.7' spd  51.4 yaw 309 mode 1 st 1 gl 0 hp 8 frg 1
ARGLOG Joe Rogan t  29.5 pos '1936.0 -1238.1  20.3' spd  42.0 yaw 286 mode 2 st 0 gl 0 hp 100 frg 0
ARGLOG Romero t  29.5 pos '2232.0 -2214.1  88.0' spd 265.3 yaw 354 mode 2 st 10 gl 0 hp 100 frg -1
ARGEVT Joe Rogan hazard
ARGEVT Carmack jump
ARGLOG Carmack t  30.0 pos '2568.8 -230.3  48.0' spd 322.1 yaw  16.0 mode 1 st 1 gl 0 hp 8 frg 1
ARGLOG Joe Rogan t  30.1 pos '1936.0 -1264.0  20.0' spd 0 yaw 288 mode 2 st 0 gl 0 hp 100 frg 0
ARGLOG Romero t  30.1 pos '2232.0 -2229.5  88.0' spd 355.6 yaw 358 mode 2 st 10 gl 0 hp 100 frg -1
ARGEVT Carmack hazard
ARGLOG Carmack t  30.5 pos '2538.5 -163.1  32.0' spd 380.2 yaw 180.4 mode 1 st 1 gl 0 hp 8 frg 1
ARGLOG Joe Rogan t  30.6 pos '1936.0 -1264.0  20.0' spd 0 yaw 288 mode 2 st 0 gl 0 hp 100 frg 0
ARGLOG Romero t  30.6 pos '2232.0 -2230.2  88.0' spd  86.6 yaw 358 mode 2 st 10 gl 0 hp 100 frg -1
ARGEVT Joe Rogan hazard
ARGEVT Carmack jump
ARGLOG Carmack t  31.0 pos '2386.1 -239.4  62.9' spd 344.4 yaw 344.6 mode 1 st 1 gl 0 hp 8 frg 1
ARGEVT Joe Rogan stall
ARGEVT Joe Rogan stallnode '1913.0 -1391.0 104.0'
ARGLOG Joe Rogan t  31.1 pos '1936.0 -1264.0  20.0' spd 0 yaw 527.1 mode 0 st 1 gl 0 hp 100 frg 0
ARGEVT Joe Rogan jump
ARGLOG Romero t  31.1 pos '2232.0 -2237.6  88.0' spd   2.8 yaw 0 mode 2 st 10 gl 0 hp 100 frg -1
ARGEVT Joe Rogan route 15 start '1849.0 -1311.0  72.0' goal '2473.0 -191.0  24.0'
ARGEVT Joe Rogan plan powerup via weapon
ARGEVT Joe Rogan goal weapon_grenadelauncher
ARGEVT Romero stall
ARGEVT Romero stallnode '2281.0 -2239.0  88.0'
ARGEVT Romero jump
ARGEVT Joe Rogan route 11 start '1881.0 -1311.0  88.0' goal '2057.0 -943.0 344.0'
ARGLOG Carmack t  31.5 pos '2507.3 -218.6  24.0' spd 320.0 yaw 16 mode 1 st 1 gl 0 hp 8 frg 1
ARGEVT Carmack jump
ARGLOG Joe Rogan t  31.6 pos '1936.0 -1264.0  41.6' spd 0 yaw 195 mode 2 st 1 gl 0 hp 100 frg 0
ARGLOG Romero t  31.6 pos '2232.0 -2234.9  88.0' spd  32.3 yaw  66.2 mode 0 st 11 gl 0 hp 100 frg -1
ARGEVT Romero route 11 start '2281.0 -2239.0  88.0' goal '1465.0 -687.0 184.0'
ARGEVT Joe Rogan jump
ARGEVT Romero hazard
ARGLOG Carmack t  32.1 pos '2558.2 -215.8  32.0' spd 346.6 yaw 273.0 mode 1 st 1 gl 0 hp 8 frg 1
ARGLOG Joe Rogan t  32.1 pos '1919.1 -1264.0  58.0' spd  44.8 yaw 197 mode 2 st 1 gl 0 hp 100 frg 0
ARGLOG Romero t  32.1 pos '2212.3 -2085.7  88.0' spd 248.1 yaw 328 mode 2 st 11 gl 0 hp 100 frg -1
ARGEVT Carmack hazard
ARGEVT Joe Rogan hazard
ARGLOG Carmack t  32.6 pos '2426.2 -240.0  24.0' spd   1.1 yaw 339.9 mode 1 st 1 gl 0 hp 8 frg 1
ARGLOG Joe Rogan t  32.6 pos '1844.5 -1264.0  20.0' spd 337.0 yaw 206 mode 2 st 1 gl 0 hp 100 frg 0
ARGLOG Romero t  32.6 pos '2232.0 -2225.1  88.0' spd 344.2 yaw 357 mode 2 st 11 gl 0 hp 100 frg -1
ARGEVT Carmack jump
ARGUS Joe Rogan sprintjump
ARGEVT Joe Rogan jump
ARGLOG Carmack t  33.1 pos '2576.0 -223.3  35.3' spd  44.4 yaw 105.6 mode 1 st 1 gl 0 hp 8 frg 1
ARGLOG Joe Rogan t  33.1 pos '1672.9 -1302.0  70.9' spd 335.6 yaw 196 mode 2 st 1 gl 0 hp 100 frg 0
ARGLOG Romero t  33.1 pos '2232.0 -2232.1  88.0' spd  94.6 yaw 359 mode 2 st 11 gl 0 hp 100 frg -1
ARGEVT Joe Rogan hazard
ARGLOG Carmack t  33.6 pos '2439.7 -187.3  24.0' spd 414.8 yaw 269.8 mode 1 st 1 gl 0 hp 8 frg 1
ARGLOG Joe Rogan t  33.7 pos '1561.6 -1382.8  56.0' spd 357.0 yaw 178 mode 2 st 1 gl 0 hp 100 frg 0
ARGLOG Romero t  33.7 pos '2232.0 -2237.6  88.0' spd   2.8 yaw 0 mode 2 st 11 gl 0 hp 100 frg -1
ARGEVT Joe Rogan jump
ARGEVT Carmack jump
ARGLOG Carmack t  34.1 pos '2512.2 -234.2  45.5' spd 330.8 yaw 39 mode 1 st 1 gl 0 hp 8 frg 1
ARGLOG Joe Rogan t  34.2 pos '1481.9 -1391.4 126.9' spd 30 yaw 137 mode 2 st 1 gl 0 hp 100 frg 0
ARGLOG Romero t  34.2 pos '2232.0 -2238.2  88.0' spd 0 yaw 0 mode 2 st 11 gl 0 hp 100 frg -1
ARGEVT Romero stall
ARGEVT Romero stallnode '2281.0 -2239.0  88.0'
ARGEVT Romero jump
ARGUS routecache adopt
ARGEVT Romero route 11 start '2281.0 -2239.0  88.0' goal '1465.0 -687.0 184.0'
ARGLOG Carmack t  34.6 pos '2517.2 -174.6  32.0' spd 370.2 yaw 203.8 mode 1 st 1 gl 0 hp 8 frg 1
ARGLOG Joe Rogan t  34.7 pos '1400.3 -1384.3 120.0' spd 320.0 yaw 112 mode 2 st 1 gl 0 hp 100 frg 0
ARGLOG Romero t  34.7 pos '2232.0 -2184.4  88.0' spd 276.7 yaw 347 mode 2 st 12 gl 0 hp 100 frg -1
ARGLOG Carmack t  35.1 pos '2443.3 -240.0  24.0' spd 320.0 yaw   8.0 mode 1 st 1 gl 0 hp 8 frg 1
ARGLOG Joe Rogan t  35.2 pos '1281.5 -1265.4 136.0' spd 340.2 yaw 87 mode 2 st 1 gl 0 hp 100 frg 0
ARGLOG Romero t  35.2 pos '2232.0 -2259.6  88.0' spd 198.8 yaw 5 mode 2 st 12 gl 0 hp 100 frg -1
ARGEVT Carmack jump
ARGEVT Joe Rogan jump
ARGLOG Carmack t  35.7 pos '2571.8 -218.1  32.0' spd 174.9 yaw 136.9 mode 1 st 1 gl 0 hp 8 frg 1
ARGLOG Joe Rogan t  35.7 pos '1277.8 -1164.1 205.7' spd  32.4 yaw 41 mode 2 st 1 gl 0 hp 100 frg 0
ARGLOG Romero t  35.7 pos '2232.0 -2230.4  88.0' spd  26.4 yaw 358 mode 2 st 12 gl 0 hp 100 frg -1
ARGLOG Carmack t  36.2 pos '2417.1 -227.0  24.0' spd 424.4 yaw 302 mode 1 st 1 gl 0 hp 8 frg 1
ARGLOG Joe Rogan t  36.2 pos '1291.5 -1097.3 200.0' spd 331.1 yaw 21 mode 2 st 1 gl 0 hp 100 frg 0
ARGLOG Romero t  36.2 pos '2232.0 -2237.9  88.0' spd   2.9 yaw 0 mode 2 st 12 gl 0 hp 100 frg -1
ARGEVT Joe Rogan jump
ARGEVT Romero stall
ARGEVT Romero stallnode '2281.0 -2239.0  88.0'
ARGEVT Romero jump
ARGEVT Carmack jump
ARGUS routecache adopt
ARGEVT Romero route 11 start '2281.0 -2239.0  88.0' goal '1465.0 -687.0 184.0'
ARGLOG Carmack t  36.7 pos '2545.5 -231.2  45.8' spd 330.0 yaw  72.3 mode 1 st 1 gl 0 hp 8 frg 1
ARGLOG Joe Rogan t  36.7 pos '1264.0 -975.6 229.3' spd  30.0 yaw 330 mode 2 st 1 gl 0 hp 100 frg 0
ARGLOG Romero t  36.7 pos '2232.0 -2235.3  88.0' spd  14.5 yaw 0 mode 2 st 13 gl 0 hp 100 frg -1
ARGUS UNSTICKDBG Romero dwell   2.1 stalls 1
ARGEVT Romero stall
ARGEVT Romero stallnode '2281.0 -2239.0  88.0'
ARGEVT Romero jump
ARGLOG Carmack t  37.2 pos '2476.5 -174.8  24.0' spd 396.7 yaw 237.1 mode 1 st 1 gl 0 hp 8 frg 1
ARGLOG Joe Rogan t  37.3 pos '1264.1 -991.3  59.7' spd  30.5 yaw 336 mode 2 st 1 gl 0 hp 100 frg 0
ARGLOG Romero t  37.3 pos '2231.4 -2236.5  93.9' spd  30.0 yaw 110.6 mode 0 st 14 gl 0 hp 100 frg -1
ARGEVT Joe Rogan hazard
ARGUS UNSTICKDBG Romero dwell   2.3 stalls 2
ARGEVT Romero goal item_armorInv
ARGEVT Romero route 4 start '2281.0 -2239.0  88.0' goal '2473.0 -1999.0 120.0'
ARGEVT Romero hazard
ARGLOG Carmack t  37.7 pos '2478.6 -237.6  24.0' spd 329.7 yaw 24 mode 1 st 1 gl 0 hp 8 frg 1
ARGEVT Carmack jump
ARGLOG Joe Rogan t  37.8 pos '1696.0 -958.4  20.0' spd 300 yaw 332.6 mode 0 st 1 gl 0 hp 100 frg 0
ARGLOG Romero t  37.8 pos '2219.5 -2120.1  88.0' spd 148.0 yaw 220 mode 2 st 14 gl 0 hp 100 frg -1
ARGEVT Joe Rogan route 15 start '1673.0 -703.0  24.0' goal '2057.0 -943.0 344.0'
ARGLOG Carmack t  38.2 pos '2550.1 -193.2  32.0' spd 335.4 yaw 170.2 mode 1 st 1 gl 0 hp 8 frg 1
ARGLOG Joe Rogan t  38.3 pos '1696.0 -958.4  20.0' spd 300 yaw 88 mode 2 st 1 gl 0 hp 100 frg 0
ARGLOG Romero t  38.3 pos '2232.0 -2248.0  88.0' spd 309.0 yaw 137 mode 2 st 14 gl 0 hp 100 frg -1
ARGLOG Carmack t  38.8 pos '2417.2 -240.0  24.0' spd  71.5 yaw 334.7 mode 1 st 1 gl 0 hp 8 frg 1
ARGLOG Joe Rogan t  38.8 pos '1683.9 -828.8  20.0' spd 320.0 yaw 85 mode 2 st 1 gl 0 hp 100 frg 0
ARGLOG Romero t  38.8 pos '2232.0 -2227.9  88.0' spd  33.7 yaw 146 mode 2 st 14 gl 0 hp 100 frg -1
ARGEVT Carmack jump
ARGLOG Carmack t  39.3 pos '2576.0 -227.8  35.2' spd  33.6 yaw 105.2 mode 1 st 1 gl 0 hp 8 frg 1
ARGLOG Joe Rogan t  39.3 pos '1691.7 -663.6  24.0' spd 320.3 yaw 39 mode 2 st 1 gl 0 hp 100 frg 0
ARGEVT Romero stall
ARGEVT Romero stallnode '2281.0 -2239.0  88.0'
ARGLOG Romero t  39.3 pos '2232.0 -2237.8  88.0' spd   2.9 yaw 377.3 mode 0 st 15 gl 0 hp 100 frg -1
ARGEVT Romero jump
ARGEVT Romero route 4 start '2281.0 -2239.0  88.0' goal '2473.0 -1999.0 120.0'
ARGLOG Carmack t  39.8 pos '2440.3 -193.2  24.0' spd 414.2 yaw 269.1 mode 1 st 1 gl 0 hp 8 frg 1
ARGLOG Joe Rogan t  39.8 pos '1787.2 -530.4  24.0' spd 397.6 yaw 29 mode 2 st 1 gl 0 hp 100 frg 0
ARGLOG Romero t  39.8 pos '2232.0 -2237.2  88.0' spd   5.7 yaw 141 mode 2 st 15 gl 0 hp 100 frg -1
ARGEVT Romero stall
ARGEVT Romero stallnode '2281.0 -2239.0  88.0'
ARGEVT Romero jump
ARGEVT Carmack jump
ARGEVT Romero goal weapon_rocketlauncher
ARGEVT Romero route 4 start '2281.0 -2239.0  88.0' goal '2473.0 -1711.0  24.0'
ARGLOG Carmack t  40.3 pos '2511.9 -234.6  45.6' spd 329.8 yaw 39 mode 1 st 1 gl 0 hp 8 frg 1
ARGLOG Joe Rogan t  40.4 pos '1955.5 -532.5 104.0' spd 336.9 yaw 74 mode 2 st 1 gl 0 hp 100 frg 0
ARGLOG Romero t  40.4 pos '2232.0 -2254.0  88.0' spd 116.6 yaw 134 mode 2 st 16 gl 0 hp 100 frg -1
ARGEVT Romero stall
ARGEVT Romero stallnode '2281.0 -2239.0  88.0'
ARGEVT Romero jump
ARGLOG Carmack t  40.8 pos '2517.6 -175.9  32.0' spd 369.8 yaw 203.5 mode 1 st 1 gl 0 hp 8 frg 1
ARGLOG Joe Rogan t  40.9 pos '2030.5 -384.8 104.0' spd 320.2 yaw 38 mode 2 st 1 gl 0 hp 100 frg 0
ARGUS UNSTICKDBG Romero dwell   2.1 stalls 3
ARGUS routecache adopt
ARGEVT Romero route 4 start '2281.0 -2239.0  88.0' goal '2473.0 -1711.0  24.0'
ARGLOG Romero t  40.9 pos '2232.0 -2227.2  93.8' spd  59.8 yaw  27.0 mode 0 st 17 gl 0 hp 100 frg -1
ARGUS UNSTICKDBG Romero dwell   2.3 stalls 3
ARGEVT Carmack engage Joe Rogan
ARGEVT Carmack grab item_health
ARGEVT Carmack retreat
ARGEVT Joe Rogan engage Carmack
ARGUS UNSTICKDBG Romero dwell   2.5 stalls 3
ARGLOG Carmack t  41.3 pos '2420.3 -240.0  24.0' spd  15.6 yaw 207.3 mode 1 st 1 gl 0 hp 8 frg 1
ARGLOG Joe Rogan t  41.4 pos '2062.6 -220.0  24.0' spd 332.0 yaw 348.4 mode 2 st 1 gl 0 hp 100 frg 0
ARGLOG Romero t  41.4 pos '2232.0 -2246.0  88.0' spd  20.7 yaw 138 mode 2 st 17 gl 0 hp 100 frg -1
ARGUS UNSTICKDBG Romero dwell   2.7 stalls 3
ARGEVT Romero stall
ARGEVT Romero stallnode '2281.0 -2239.0  88.0'
ARGEVT Romero jump
ARGUS UNSTICKDBG Romero dwell   2.9 stalls 4
ARGEVT Romero goal item_health
ARGEVT Romero route 4 start '2281.0 -2239.0  88.0' goal '2377.0 -1999.0 120.0'
ARGEVT Carmack death Joe Rogan pos '2416.7 -240.0  24.0'
ARGUS Joe Rogan watch spawn
ARGEVT Romero hazard
ARGEVT Joe Rogan plan powerup via weapon
ARGEVT Joe Rogan goal weapon_rocketlauncher
ARGLOG Joe Rogan t  41.9 pos '2142.5 -92.4  24.0' spd 311.5 yaw 302.6 mode 0 st 1 gl 0 hp 100 frg 1
ARGLOG Romero t  41.9 pos '2227.7 -2298.7  88.0' spd 328.2 yaw 121 mode 2 st 18 gl 0 hp 100 frg -1
ARGEVT Joe Rogan route 9 start '2169.0 -95.0  24.0' goal '1465.0 -687.0 184.0'
ARGLOG Joe Rogan t  42.4 pos '2282.8 -201.7  24.0' spd 388.5 yaw 57 mode 2 st 1 gl 0 hp 100 frg 1
ARGLOG Romero t  42.4 pos '2232.0 -2288.8  88.0' spd 282.7 yaw 124 mode 2 st 18 gl 0 hp 100 frg -1
ARGEVT Joe Rogan hazard
ARGLOG Joe Rogan t  42.9 pos '2330.5 -144.0  24.0' spd 278.4 yaw 61 mode 2 st 1 gl 0 hp 100 frg 1
ARGLOG Romero t  42.9 pos '2232.0 -2234.0  88.0' spd 153.6 yaw 143 mode 2 st 18 gl 0 hp 100 frg -1
ARGEVT Carmack respawn
ARGEVT Carmack goal weapon_rocketlauncher
ARGLOG Carmack t  43.3 pos '2704.0 -2048.0 128.0' spd 0 yaw 253.4 mode 0 st 1 gl 0 hp 100 frg 1
ARGEVT Carmack route 7 start '2713.0 -2111.0 120.0' goal '2473.0 -1711.0  24.0'
ARGLOG Joe Rogan t  43.4 pos '2233.0 -21.1  24.0' spd 366.6 yaw 5 mode 2 st 1 gl 0 hp 100 frg 1
ARGLOG Romero t  43.4 pos '2232.0 -2240.5  88.0' spd   4.8 yaw 140 mode 2 st 18 gl 0 hp 100 frg -1
ARGEVT Romero engage Carmack
ARGEVT Carmack engage Romero
ARGEVT Carmack grab weapon_supershotgun
ARGEVT Joe Rogan jump
ARGLOG Carmack t  43.9 pos '2699.2 -2188.4 120.0' spd 323.8 yaw 187.9 mode 2 st 1 gl 0 hp 100 frg 1
ARGLOG Joe Rogan t  44.0 pos '2352.2  -4.3  84.9' spd  78.1 yaw 352 mode 2 st 1 gl 0 hp 100 frg 1
ARGLOG Romero t  44.0 pos '2232.0 -2287.8  88.0' spd 329.1 yaw  10.2 mode 2 st 18 gl 0 hp 100 frg -1
ARGEVT Romero grab 
ARGLOG Carmack t  44.4 pos '2724.2 -2222.4 120.0' spd 327.4 yaw 182.6 mode 2 st 1 gl 0 hp 84 frg 1
ARGLOG Joe Rogan t  44.5 pos '2396.5 -31.8  88.0' spd 315.5 yaw 357 mode 2 st 1 gl 0 hp 100 frg 1
ARGLOG Romero t  44.5 pos '2232.0 -2256.0  88.0' spd  25.9 yaw   7.9 mode 2 st 18 gl 0 hp 96 frg -1
ARGLOG Carmack t  44.9 pos '2687.2 -2060.6 128.0' spd 322.3 yaw 198.1 mode 2 st 1 gl 0 hp 84 frg 1
ARGLOG Joe Rogan t  45.0 pos '2562.4 -12.6 120.0' spd 325.8 yaw 355 mode 2 st 1 gl 0 hp 100 frg 1
ARGLOG Romero t  45.0 pos '2232.0 -2224.3  88.0' spd  18.4 yaw  21.9 mode 2 st 18 gl 0 hp 96 frg -1
ARGEVT Romero hazard
ARGEVT Romero pursue
ARGUS Romero hunch item_armorInv
ARGEVT Carmack pursue
ARGEVT Romero goal item_health
ARGLOG Carmack t  45.4 pos '2672.0 -2171.6 120.0' spd 377.0 yaw 190 mode 2 st 1 gl 0 hp 84 frg 1
ARGEVT Romero route 3 start '2153.0 -2175.0  88.0' goal '2377.0 -1999.0 120.0'
ARGUS Carmack hunch item_armorInv
ARGLOG Joe Rogan t  45.5 pos '2640.0 -39.4 120.0' spd   2.8 yaw 215 mode 2 st 1 gl 0 hp 100 frg 1
ARGLOG Romero t  45.5 pos '2194.0 -2071.1  88.0' spd 321.4 yaw 126 mode 2 st 18 gl 0 hp 96 frg -1
ARGEVT Romero pursue
ARGEVT Carmack pursue
ARGEVT Romero jump
ARGEVT Carmack goal item_armorInv
ARGEVT Carmack route 6 start '2713.0 -2319.0 120.0' goal '2473.0 -1999.0 120.0'
ARGLOG Carmack t  45.9 pos '2715.7 -2336.3 120.0' spd 370.6 yaw 219.8 mode 2 st 1 gl 0 hp 84 frg 1
ARGEVT Carmack hazard
ARGLOG Joe Rogan t  46.0 pos '2640.0 -40.9 120.0' spd   2.9 yaw 215 mode 2 st 1 gl 0 hp 100 frg 1
ARGLOG Romero t  46.0 pos '2148.3 -1968.0 122.8' spd  30.3 yaw 344 mode 2 st 18 gl 0 hp 96 frg -1
ARGEVT Carmack pursue
ARGEVT Joe Rogan stall
ARGEVT Joe Rogan stallnode '2905.0 -47.0 -72.0'
ARGEVT Joe Rogan jump
ARGLOG Carmack t  46.4 pos '2618.9 -2290.3 120.0' spd 326.3 yaw 172 mode 2 st 1 gl 0 hp 84 frg 1
ARGEVT Romero jump
ARGLOG Joe Rogan t  46.5 pos '2640.0 -48.6 158.9' spd  33.2 yaw 260.4 mode 0 st 2 gl 0 hp 100 frg 1
ARGEVT Romero door
ARGLOG Romero t  46.5 pos '2213.2 -1984.0  83.9' spd 320.0 yaw 359.3 mode 2 st 18 gl 0 hp 96 frg -1
ARGEVT Joe Rogan route 6 start '2585.0 -15.0 120.0' goal '1465.0 -687.0 184.0'
ARGEVT Romero pursue
ARGEVT Carmack pursue
ARGLOG Carmack t  46.9 pos '2458.3 -2248.3 120.0' spd 320.7 yaw 178 mode 2 st 1 gl 0 hp 84 frg 1
ARGLOG Joe Rogan t  47.0 pos '2601.3 -37.6 120.0' spd 338.5 yaw 359 mode 2 st 2 gl 0 hp 100 frg 1
ARGLOG Romero t  47.0 pos '2224.0 -2028.3  88.0' spd  76.3 yaw 6 mode 2 st 18 gl 0 hp 96 frg -1
ARGEVT Romero hazard
ARGEVT Carmack jump
ARGLOG Carmack t  47.5 pos '2293.6 -2236.1 158.9' spd 320.1 yaw 156 mode 2 st 1 gl 0 hp 84 frg 1
ARGLOG Joe Rogan t  47.6 pos '2640.0   3.0 120.0' spd 168.4 yaw 350 mode 2 st 2 gl 0 hp 100 frg 1
ARGLOG Romero t  47.6 pos '2224.0 -2127.4  88.0' spd 182.9 yaw 19 mode 2 st 18 gl 0 hp 96 frg -1
ARGEVT Joe Rogan hazard
ARGEVT Romero engage Carmack
ARGEVT Carmack engage Romero
ARGEVT Carmack grab 
ARGLOG Carmack t  48.0 pos '2289.3 -2225.4  52.7' spd  44.4 yaw 126.8 mode 2 st 1 gl 0 hp 84 frg 1
ARGEVT Carmack swim
ARGLOG Joe Rogan t  48.1 pos '2640.0 -73.0 120.0' spd  14.5 yaw 214 mode 2 st 2 gl 0 hp 100 frg 1
ARGLOG Romero t  48.1 pos '2187.2 -2112.6  88.0' spd 228.5 yaw 247.3 mode 2 st 18 gl 0 hp 96 frg -1
ARGEVT Carmack retreat
ARGEVT Romero pursue
ARGEVT Carmack pursue
ARGLOG Carmack t  48.5 pos '2288.0 -2262.6  34.2' spd  18.0 yaw 118 mode 2 st 1 gl 0 hp 14 frg 1
ARGLOG Joe Rogan t  48.6 pos '2640.0 -66.5 120.0' spd  11.4 yaw 214 mode 2 st 2 gl 0 hp 100 frg 1
ARGLOG Romero t  48.6 pos '2197.9 -2252.1  88.0' spd 410.6 yaw 32 mode 2 st 18 gl 0 hp 96 frg -1
ARGEVT Carmack death world pos '2288.0 -2257.0  35.6'
ARGEVT Romero hazard
ARGEVT Joe Rogan stall
ARGEVT Joe Rogan stallnode '2905.0 -47.0 -72.0'
ARGLOG Joe Rogan t  49.1 pos '2640.0 -61.8 120.0' spd   8.5 yaw 401.0 mode 0 st 3 gl 0 hp 100 frg 1
ARGEVT Joe Rogan jump
ARGLOG Romero t  49.1 pos '2224.4 -2160.0  88.0' spd 148.6 yaw 23 mode 2 st 18 gl 0 hp 96 frg -1
ARGUS routecache adopt
ARGEVT Joe Rogan route 6 start '2585.0 -15.0 120.0' goal '1465.0 -687.0 184.0'
ARGLOG Joe Rogan t  49.6 pos '2639.4 -74.2 142.2' spd  41.2 yaw 197.6 mode 2 st 3 gl 0 hp 100 frg 1
ARGLOG Romero t  49.6 pos '2232.0 -2160.0  88.0' spd 0 yaw 23 mode 2 st 18 gl 0 hp 96 frg -1
ARGLOG Joe Rogan t  50.1 pos '2579.4  15.1 120.0' spd 397.5 yaw 350 mode 2 st 3 gl 0 hp 100 frg 1
ARGEVT Romero stall
ARGEVT Romero stallnode '2377.0 -1999.0 120.0'
ARGLOG Romero t  50.1 pos '2232.0 -2160.0  88.0' spd 0 yaw 144.8 mode 0 st 19 gl 0 hp 96 frg -1
ARGEVT Romero jump
ARGEVT Carmack respawn
ARGEVT Carmack goal item_armorInv
ARGLOG Carmack t  50.2 pos '2248.0 -16.0 -136.0' spd 0 yaw 343.4 mode 0 st 1 gl 0 hp 100 frg 0
ARGEVT Carmack route 23 start '2233.0 -31.0 -136.0' goal '2473.0 -1999.0 120.0'
ARGEVT Carmack jump
ARGEVT Romero route 3 start '2153.0 -2175.0  88.0' goal '2377.0 -1999.0 120.0'
ARGLOG Joe Rogan t  50.6 pos '2640.0 -60.9 120.0' spd 317.8 yaw 214 mode 2 st 3 gl 0 hp 100 frg 1
ARGLOG Romero t  50.6 pos '2232.0 -2160.0  88.0' spd 0 yaw 23 mode 2 st 19 gl 0 hp 96 frg -1
ARGEVT Joe Rogan hazard
ARGLOG Carmack t  50.8 pos '2378.6 -80.0 -81.1' spd 261.7 yaw 47 mode 2 st 1 gl 0 hp 100 frg 0
ARGEVT Romero stall
ARGEVT Romero stallnode '2153.0 -2015.0  88.0'
ARGEVT Romero jump
ARGEVT Romero goal item_armorInv
ARGEVT Romero route 8 start '2153.0 -2175.0  88.0' goal '2393.0 -655.0  56.0'
ARGLOG Joe Rogan t  51.2 pos '2640.0 -67.6 120.0' spd  11.4 yaw 214 mode 2 st 3 gl 0 hp 100 frg 1
ARGUS UNSTICKDBG Romero dwell   2.1 stalls 2
ARGLOG Romero t  51.2 pos '2205.3 -2149.5  88.0' spd 302.4 yaw 153.7 mode 2 st 20 gl 0 hp 96 frg -1
ARGLOG Carmack t  51.3 pos '2488.7 -68.4 -72.0' spd 320.0 yaw 61 mode 2 st 1 gl 0 hp 100 frg 0
ARGEVT Romero hazard
ARGLOG Joe Rogan t  51.7 pos '2640.0 -62.6 120.0' spd   8.7 yaw 214 mode 2 st 3 gl 0 hp 100 frg 1
ARGLOG Romero t  51.7 pos '2151.6 -2016.7  88.0' spd 381.0 yaw   5.9 mode 2 st 20 gl 0 hp 96 frg -1
ARGLOG Carmack t  51.8 pos '2616.1 -15.6 -72.0' spd 155.1 yaw 130 mode 2 st 1 gl 0 hp 100 frg 0
ARGEVT Joe Rogan stall
ARGEVT Joe Rogan stallnode '2905.0 -47.0 -72.0'
ARGEVT Joe Rogan jump
ARGEVT Carmack hazard
ARGLOG Joe Rogan t  52.2 pos '2640.0 -62.5 154.4' spd  29.9 yaw 296.1 mode 0 st 4 gl 0 hp 100 frg 1
ARGLOG Romero t  52.2 pos '2224.0 -1905.3  40.0' spd 154.6 yaw 349 mode 2 st 20 gl 0 hp 96 frg -1
ARGLOG Carmack t  52.3 pos '2514.4  16.0 -64.0' spd  53.2 yaw 116 mode 2 st 1 gl 0 hp 100 frg 0
ARGEVT Joe Rogan route 6 start '2585.0 -15.0 120.0' goal '1465.0 -687.0 184.0'
ARGLOG Joe Rogan t  52.7 pos '2626.2 -76.5 120.0' spd 176.6 yaw 131.0 mode 2 st 4 gl 0 hp 100 frg 1
ARGLOG Romero t  52.7 pos '2381.2 -1904.0  24.0' spd 328.3 yaw 342 mode 2 st 20 gl 0 hp 96 frg -1
ARGLOG Carmack t  52.8 pos '2506.7  16.0 -64.0' spd  43.7 yaw 115 mode 2 st 1 gl 0 hp 100 frg 0
ARGEVT Carmack stall
ARGEVT Carmack stallnode '2633.0 193.0 -72.0'
ARGEVT Carmack jump
ARGEVT Romero route 7 start '2553.0 -1871.0  24.0' goal '2393.0 -655.0  56.0'
ARGEVT Romero engage Joe Rogan
ARGEVT Romero grab weapon_rocketlauncher
ARGLOG Joe Rogan t  53.2 pos '2632.5  15.4 120.0' spd 325.2 yaw 348 mode 2 st 4 gl 0 hp 100 frg 1
ARGLOG Romero t  53.2 pos '2539.8 -1865.0  24.0' spd 383.4 yaw  94.4 mode 2 st 20 gl 0 hp 96 frg -1
ARGEVT Carmack route 22 start '2489.0 -31.0 -72.0' goal '2473.0 -1999.0 120.0'
ARGLOG Carmack t  53.3 pos '2523.9  15.6 -29.0' spd  49.6 yaw 58 mode 2 st 2 gl 0 hp 100 frg 0
ARGEVT Romero route 6 start '2569.0 -1727.0  24.0' goal '2393.0 -655.0  56.0'
ARGEVT Romero pursue
ARGEVT Joe Rogan hazard
ARGLOG Joe Rogan t  53.7 pos '2640.0 -71.3 120.0' spd  14.5 yaw 214 mode 2 st 4 gl 0 hp 100 frg 1
ARGLOG Romero t  53.7 pos '2481.5 -1707.2  24.0' spd 331.8 yaw 157.4 mode 2 st 20 gl 0 hp 96 frg -1
ARGLOG Carmack t  53.8 pos '2610.7  -9.9 -72.0' spd 359.8 yaw 130 mode 2 st 2 gl 0 hp 100 frg 0
ARGEVT Carmack hazard
ARGEVT Romero hazard
ARGLOG Joe Rogan t  54.2 pos '2640.0 -65.1 120.0' spd  11.6 yaw 214 mode 2 st 4 gl 0 hp 100 frg 1
ARGLOG Romero t  54.2 pos '2352.0 -1643.6  24.0' spd  59.8 yaw 172.7 mode 2 st 20 gl 0 hp 96 frg -1
ARGLOG Carmack t  54.3 pos '2630.6 126.0 -72.0' spd 324.7 yaw 155 mode 2 st 2 gl 0 hp 100 frg 0
ARGEVT Romero abandon
ARGEVT Romero goal item_armorInv
ARGEVT Romero route 5 start '2329.0 -1711.0  24.0' goal '2473.0 -1999.0 120.0'
ARGLOG Joe Rogan t  54.8 pos '2640.0 -60.7 120.0' spd   8.7 yaw 214 mode 2 st 4 gl 0 hp 100 frg 1
ARGLOG Romero t  54.8 pos '2402.1 -1671.8  24.0' spd 345.8 yaw  15.4 mode 2 st 20 gl 0 hp 96 frg -1
ARGEVT Joe Rogan stall
ARGEVT Joe Rogan stallnode '2905.0 -47.0 -72.0'
ARGEVT Joe Rogan jump
ARGLOG Carmack t  54.9 pos '2540.3 264.9 -72.0' spd 367.5 yaw 182 mode 2 st 2 gl 0 hp 100 frg 0
ARGEVT Carmack jump
ARGEVT Joe Rogan route 6 start '2585.0 -15.0 120.0' goal '1465.0 -687.0 184.0'
ARGLOG Joe Rogan t  55.3 pos '2640.0 -69.0 155.0' spd  32.7 yaw 230.8 mode 2 st 5 gl 0 hp 100 frg 1
ARGLOG Romero t  55.3 pos '2529.7 -1566.2  24.0' spd 329.1 yaw  85.1 mode 0 st 20 gl 0 hp 96 frg -1
ARGEVT Romero pursue
ARGLOG Carmack t  55.4 pos '2446.5 249.6 -17.0' spd  60.8 yaw 201 mode 2 st 2 gl 0 hp 100 frg 0
ARGEVT Romero route 6 start '2489.0 -1471.0  24.0' goal '2473.0 -1999.0 120.0'
ARGLOG Joe Rogan t  55.8 pos '2582.2 -22.6 120.0' spd 371.6 yaw 356 mode 2 st 5 gl 0 hp 100 frg 1
ARGLOG Romero t  55.8 pos '2557.6 -1402.8  24.0' spd 320.1 yaw 86 mode 2 st 20 gl 0 hp 96 frg -1
ARGLOG Carmack t  55.9 pos '2362.0 236.0  -8.0' spd 320.7 yaw 204 mode 2 st 2 gl 0 hp 100 frg 0
ARGUS Romero hunch item_artifact_super_damage
ARGEVT Romero goal item_artifact_super_damage
ARGEVT Romero pursue
ARGEVT Romero route 14 start '2585.0 -1375.0  24.0' goal '1913.0 -719.0 184.0'
ARGLOG Joe Rogan t  56.3 pos '2640.0 -26.3 120.0' spd 333.7 yaw 215 mode 2 st 5 gl 0 hp 100 frg 1
ARGLOG Romero t  56.3 pos '2592.2 -1361.7  24.0' spd 362.2 yaw 230.0 mode 2 st 20 gl 0 hp 96 frg -1
ARGLOG Carmack t  56.4 pos '2195.5 223.4  24.0' spd 345.8 yaw 238 mode 2 st 2 gl 0 hp 100 frg 0
ARGEVT Joe Rogan hazard
ARGLOG Joe Rogan t  56.8 pos '2640.0 -68.3 120.0' spd  11.6 yaw 214 mode 2 st 5 gl 0 hp 100 frg 1
ARGLOG Romero t  56.8 pos '2440.3 -1413.1  24.0' spd 420.7 yaw 81 mode 2 st 20 gl 0 hp 96 frg -1
ARGLOG Carmack t  56.9 pos '2096.0  93.1  24.0' spd 328.4 yaw 329 mode 2 st 2 gl 0 hp 100 frg 0
ARGEVT Joe Rogan engage Carmack
ARGEVT Carmack engage Joe Rogan
ARGEVT Romero route 13 start '2377.0 -1407.0  24.0' goal '1913.0 -719.0 184.0'
ARGEVT Romero hazard
ARGLOG Joe Rogan t  57.3 pos '2611.7  -5.8 120.0' spd 321.7 yaw 187.6 mode 2 st 5 gl 0 hp 100 frg 1
ARGLOG Romero t  57.3 pos '2368.8 -1299.2  24.0' spd 153.8 yaw  13.7 mode 2 st 20 gl 0 hp 100 frg -1
ARGLOG Carmack t  57.4 pos '2137.7 -66.6  24.0' spd 320.0 yaw   7.4 mode 2 st 2 gl 0 hp 100 frg 0
ARGLOG Joe Rogan t  57.8 pos '2563.7 -58.3 120.0' spd 327.1 yaw 198.1 mode 0 st 5 gl 0 hp 100 frg 1
ARGLOG Romero t  57.8 pos '2523.0 -1263.4  24.0' spd 395.5 yaw 101.2 mode 2 st 20 gl 0 hp 100 frg -1
ARGLOG Carmack t  57.9 pos '2186.2 -225.8  24.0' spd 321.0 yaw  12.0 mode 2 st 2 gl 0 hp 88 frg 0
ARGEVT Joe Rogan route 6 start '2585.0 -15.0 120.0' goal '1465.0 -687.0 184.0'
ARGEVT Joe Rogan grab 
ARGEVT Carmack grab 
ARGEVT Carmack hazard
ARGLOG Joe Rogan t  58.4 pos '2494.6 -208.3 119.1' spd 352.1 yaw 200.9 mode 2 st 5 gl 0 hp 100 frg 1
ARGLOG Romero t  58.4 pos '2513.2 -1087.4  24.0' spd 333.7 yaw 92 mode 2 st 20 gl 0 hp 100 frg -1
ARGEVT Romero lift
ARGLOG Carmack t  58.5 pos '2238.5 -274.9  24.0' spd 224.7 yaw  12.6 mode 2 st 2 gl 0 hp 68 frg 0
ARGEVT Joe Rogan pursue
ARGEVT Carmack pursue
ARGEVT Romero board
ARGLOG Joe Rogan t  58.9 pos '2395.4 -240.0  24.0' spd   0.8 yaw 137.6 mode 2 st 5 gl 0 hp 91 frg 1
ARGLOG Romero t  58.9 pos '2459.5 -1000.9  78.2' spd 0 yaw 113 mode 2 st 20 gl 0 hp 100 frg -1
ARGLOG Carmack t  59.0 pos '2270.5 -143.3  24.0' spd 226.2 yaw 322.0 mode 2 st 2 gl 0 hp 44 frg 0
ARGEVT Joe Rogan grab item_health
ARGLOG Joe Rogan t  59.4 pos '2442.2 -226.7  24.0' spd 320.1 yaw 206.6 mode 2 st 5 gl 0 hp 82 frg 1
ARGLOG Romero t  59.4 pos '2506.2 -826.2 120.0' spd 324.8 yaw 101 mode 2 st 20 gl 0 hp 100 frg -1
ARGEVT Romero door
ARGLOG Carmack t  59.5 pos '2192.4 -287.7  24.0' spd 346.9 yaw   9.2 mode 2 st 2 gl 0 hp 35 frg 0
ARGEVT Joe Rogan grab item_spikes
ARGEVT Joe Rogan pursue
ARGEVT Joe Rogan hazard
ARGEVT Carmack pursue
ARGLOG Joe Rogan t  59.9 pos '2560.8 -203.3  32.0' spd 122.2 yaw 188 mode 2 st 5 gl 0 hp 82 frg 1
ARGLOG Romero t  59.9 pos '2505.4 -809.8 120.0' spd  20.2 yaw 166.9 mode 2 st 20 gl 0 hp 100 frg -1
ARGLOG Carmack t  60.0 pos '2278.3 -388.4   8.0' spd 351.6 yaw 42 mode 0 st 2 gl 0 hp 35 frg 0
ARGEVT Carmack route 15 start '2169.0 -351.0  24.0' goal '2473.0 -1999.0 120.0'
ARGEVT Joe Rogan grab item_health
ARGLOG Joe Rogan t  60.4 pos '2401.2 -222.2  24.0' spd 320.0 yaw 225.7 mode 2 st 5 gl 0 hp 82 frg 1
ARGLOG Romero t  60.4 pos '2505.4 -809.8 120.0' spd 0 yaw 216.2 mode 2 st 20 gl 0 hp 100 frg -1
ARGLOG Carmack t  60.5 pos '2429.8 -367.5   8.0' spd 362.6 yaw  95.2 mode 2 st 2 gl 0 hp 35 frg 0
ARGEVT Joe Rogan pursue
ARGUS Joe Rogan hunch item_armorInv
ARGLOG Joe Rogan t  60.9 pos '2526.8 -220.6  32.0' spd 330.1 yaw 144.4 mode 2 st 5 gl 0 hp 82 frg 1
ARGLOG Romero t  60.9 pos '2505.4 -809.8 120.0' spd 0 yaw 269 mode 2 st 20 gl 0 hp 100 frg -1
ARGEVT Carmack pursue
ARGEVT Joe Rogan plan powerup via weapon
ARGEVT Joe Rogan goal weapon_rocketlauncher
ARGEVT Joe Rogan pursue
ARGLOG Carmack t  61.0 pos '2593.0 -354.3  24.0' spd 270.8 yaw 130.6 mode 0 st 2 gl 0 hp 35 frg 0
ARGEVT Carmack route 14 start '2601.0 -383.0  24.0' goal '2473.0 -1999.0 120.0'
ARGEVT Carmack hazard
ARGUS Carmack hunch item_artifact_super_damage
ARGEVT Carmack goal item_health
ARGEVT Joe Rogan route 10 start '2473.0 -191.0  24.0' goal '1465.0 -687.0 184.0'
ARGLOG Joe Rogan t  61.4 pos '2398.1 -219.4  24.0' spd 389.2 yaw 264.5 mode 2 st 5 gl 0 hp 82 frg 1
ARGUS UNSTICKDBG Romero dwell   2.0 stalls 0
ARGLOG Romero t  61.4 pos '2505.4 -809.8 120.0' spd 0 yaw 269 mode 2 st 20 gl 0 hp 100 frg -1
ARGEVT Carmack pursue
ARGLOG Carmack t  61.5 pos '2603.7 -349.4  24.0' spd 351.2 yaw 274.5 mode 0 st 2 gl 0 hp 35 frg 0
ARGEVT Carmack route 6 start '2601.0 -383.0  24.0' goal '2521.0 -207.0 120.0'
ARGUS UNSTICKDBG Romero dwell   2.3 stalls 0
ARGUS UNSTICKDBG Romero dwell   2.5 stalls 0
ARGLOG Joe Rogan t  61.9 pos '2403.9 -240.0  24.0' spd 137.5 yaw 275 mode 2 st 5 gl 0 hp 82 frg 1
ARGLOG Romero t  61.9 pos '2505.4 -809.8 120.0' spd 0 yaw 269 mode 2 st 20 gl 0 hp 100 frg -1
ARGUS UNSTICKDBG Romero dwell   2.7 stalls 0
ARGLOG Carmack t  62.1 pos '2548.4 -381.7  24.0' spd 364.8 yaw 140.9 mode 2 st 2 gl 0 hp 35 frg 0
ARGUS UNSTICKDBG Romero dwell   2.9 stalls 0
ARGEVT Carmack grab weapon_nailgun
ARGEVT Carmack hazard
ARGLOG Joe Rogan t  62.5 pos '2406.6 -202.0  24.0' spd 321.2 yaw 258.2 mode 2 st 5 gl 0 hp 73 frg 1
ARGUS UNSTICKDBG Romero dwell   3.1 stalls 0
ARGLOG Romero t  62.5 pos '2505.4 -809.8 120.0' spd 0 yaw 269 mode 2 st 20 gl 0 hp 100 frg -1
ARGLOG Carmack t  62.6 pos '2410.4 -304.0   8.0' spd  71.4 yaw  91.4 mode 2 st 2 gl 0 hp 35 frg 0
ARGUS UNSTICKDBG Romero dwell   3.3 stalls 0
ARGEVT Joe Rogan pursue
ARGEVT Carmack pursue
ARGUS UNSTICKDBG Romero dwell   3.5 stalls 0
ARGLOG Joe Rogan t  63.0 pos '2489.7 -189.1  24.0' spd 372.8 yaw 249 mode 2 st 5 gl 0 hp 73 frg 1
ARGLOG Romero t  63.0 pos '2505.4 -809.8 120.0' spd 0 yaw 269 mode 2 st 20 gl 0 hp 100 frg -1
ARGEVT Carmack grab item_health
ARGUS UNSTICKDBG Romero dwell   3.7 stalls 0
ARGLOG Carmack t  63.1 pos '2392.0 -304.0   8.0' spd 105.0 yaw  27.4 mode 2 st 2 gl 0 hp 35 frg 0
ARGUS UNSTICKDBG Romero dwell   3.9 stalls 0
ARGEVT Joe Rogan route 10 start '2521.0 -191.0  32.0' goal '1465.0 -687.0 184.0'
ARGEVT Joe Rogan pursue
ARGLOG Joe Rogan t  63.5 pos '2555.0 -186.0  32.0' spd 331.1 yaw 235.2 mode 2 st 5 gl 0 hp 73 frg 1
ARGUS UNSTICKDBG Romero dwell   4.1 stalls 0
ARGLOG Romero t  63.5 pos '2505.4 -809.8 120.0' spd 0 yaw 269 mode 2 st 20 gl 0 hp 100 frg -1
ARGEVT Carmack pursue
ARGLOG Carmack t  63.6 pos '2526.8 -338.9  24.0' spd 369.1 yaw 270.7 mode 2 st 2 gl 0 hp 35 frg 0
ARGUS UNSTICKDBG Romero dwell   4.3 stalls 0
ARGEVT Carmack hazard
ARGUS UNSTICKDBG Romero dwell   4.5 stalls 0
ARGLOG Joe Rogan t  64.0 pos '2409.0 -240.0  24.0' spd 323.3 yaw 279.3 mode 2 st 5 gl 0 hp 73 frg 1
ARGLOG Romero t  64.0 pos '2505.4 -809.8 120.0' spd 0 yaw 269 mode 2 st 20 gl 0 hp 100 frg -1
ARGUS UNSTICKDBG Romero dwell   4.7 stalls 0
ARGLOG Carmack t  64.1 pos '2444.8 -353.6   8.0' spd 311.0 yaw 112.7 mode 2 st 2 gl 0 hp 35 frg 0
ARGUS UNSTICKDBG Romero dwell   4.9 stalls 0
ARGEVT Joe Rogan pursue
ARGLOG Joe Rogan t  64.5 pos '2399.0 -194.4  24.0' spd 286.4 yaw 287 mode 2 st 5 gl 0 hp 73 frg 1
ARGUS UNSTICKDBG Romero dwell   5.1 stalls 0
ARGLOG Romero t  64.5 pos '2505.4 -809.8 120.0' spd 0 yaw 269 mode 2 st 20 gl 0 hp 100 frg -1
ARGEVT Carmack pursue
ARGLOG Carmack t  64.6 pos '2361.4 -319.7   8.0' spd 348.7 yaw 216.0 mode 2 st 2 gl 0 hp 35 frg 0
ARGUS UNSTICKDBG Romero dwell   5.3 stalls 0
ARGEVT Joe Rogan hazard
ARGUS UNSTICKDBG Romero dwell   5.5 stalls 0
ARGLOG Joe Rogan t  65.0 pos '2469.7 -240.0  24.0' spd 212.7 yaw 252.7 mode 2 st 5 gl 0 hp 73 frg 1
ARGLOG Romero t  65.0 pos '2505.4 -809.8 120.0' spd 0 yaw 269 mode 2 st 20 gl 0 hp 100 frg -1
ARGEVT Carmack route 5 start '2169.0 -351.0  24.0' goal '2521.0 -207.0 120.0'
ARGUS UNSTICKDBG Romero dwell   5.7 stalls 0
ARGLOG Carmack t  65.1 pos '2197.7 -308.2  24.0' spd 393.4 yaw  82.4 mode 2 st 2 gl 0 hp 35 frg 0
ARGUS UNSTICKDBG Romero dwell   6.0 stalls 0
ARGEVT Joe Rogan route 10 start '2473.0 -191.0  24.0' goal '1465.0 -687.0 184.0'
ARGLOG Joe Rogan t  65.5 pos '2436.9 -170.2  24.0' spd 325.6 yaw 163.9 mode 2 st 5 gl 0 hp 72 frg 1
ARGUS UNSTICKDBG Romero dwell   6.2 stalls 0
ARGLOG Romero t  65.5 pos '2505.4 -809.8 120.0' spd 0 yaw 269 mode 2 st 20 gl 0 hp 100 frg -1
ARGLOG Carmack t  65.6 pos '2184.7 -135.1  24.0' spd 321.2 yaw 357.6 mode 2 st 2 gl 0 hp 35 frg 0
ARGEVT Carmack retreat
ARGUS UNSTICKDBG Romero dwell   6.4 stalls 0
ARGUS UNSTICKDBG Romero dwell   6.6 stalls 0
ARGLOG Joe Rogan t  66.1 pos '2419.4 -144.0  24.0' spd  28.3 yaw 155.9 mode 2 st 5 gl 0 hp 72 frg 1
ARGLOG Romero t  66.1 pos '2505.4 -809.8 120.0' spd 0 yaw 269 mode 2 st 20 gl 0 hp 100 frg -1
ARGEVT Joe Rogan pursue
ARGEVT Carmack pursue
ARGUS UNSTICKDBG Romero dwell   6.8 stalls 0
ARGLOG Carmack t  66.2 pos '2083.6 -18.5  24.0' spd  99.6 yaw 340 mode 2 st 2 gl 0 hp 26 frg 0
ARGUS UNSTICKDBG Romero dwell   7.0 stalls 0
ARGLOG Joe Rogan t  66.6 pos '2307.9 -150.1  24.0' spd 171.3 yaw 139.3 mode 2 st 5 gl 0 hp 63 frg 1
ARGUS UNSTICKDBG Romero dwell   7.2 stalls 0
ARGLOG Romero t  66.6 pos '2505.4 -809.8 120.0' spd 0 yaw 269 mode 2 st 20 gl 0 hp 100 frg -1
ARGLOG Carmack t  66.7 pos '2139.3 -25.0  24.0' spd 320.2 yaw 311.2 mode 2 st 2 gl 0 hp 26 frg 0
ARGUS UNSTICKDBG Romero dwell   7.4 stalls 0
ARGUS UNSTICKDBG Romero dwell   7.6 stalls 0
ARGLOG Joe Rogan t  67.1 pos '2177.7 -250.9  24.0' spd 367.9 yaw 135.2 mode 2 st 5 gl 0 hp 54 frg 1
ARGLOG Romero t  67.1 pos '2505.4 -809.8 120.0' spd 0 yaw 269 mode 2 st 20 gl 0 hp 100 frg -1
ARGUS UNSTICKDBG Romero dwell   7.8 stalls 0
ARGLOG Carmack t  67.2 pos '1977.7  10.6  24.0' spd 327.0 yaw 300.0 mode 2 st 2 gl 0 hp 51 frg 0
ARGUS UNSTICKDBG Romero dwell   8.0 stalls 0
ARGEVT Romero abandon
ARGEVT Carmack route 5 start '1929.0 -63.0  24.0' goal '2521.0 -207.0 120.0'
ARGLOG Joe Rogan t  67.6 pos '2218.7 -209.1  24.0' spd 378.6 yaw 143.9 mode 2 st 5 gl 0 hp 45 frg 1
ARGEVT Romero goal item_armorInv
ARGLOG Romero t  67.6 pos '2533.6 -792.2 120.0' spd 232.4 yaw 279.3 mode 0 st 20 gl 0 hp 100 frg -1
ARGLOG Carmack t  67.7 pos '1913.3 -14.8  24.0' spd  77.0 yaw 335.4 mode 2 st 2 gl 0 hp 51 frg 0
ARGEVT Romero route 10 start '2585.0 -767.0 120.0' goal '2473.0 -1999.0 120.0'
ARGEVT Romero hazard
ARGLOG Joe Rogan t  68.1 pos '2279.1 -154.2  24.0' spd 345.4 yaw 164.6 mode 2 st 5 gl 0 hp 37 frg 1
ARGLOG Romero t  68.1 pos '2584.3 -871.1 120.0' spd 224.6 yaw 228 mode 2 st 20 gl 0 hp 100 frg -1
ARGEVT Carmack route 5 start '1929.0 -63.0  24.0' goal '2521.0 -207.0 120.0'
ARGEVT Carmack hazard
ARGLOG Carmack t  68.2 pos '1913.5 -64.5  24.0' spd 381.9 yaw 340.8 mode 2 st 2 gl 0 hp 33 frg 0
ARGLOG Joe Rogan t  68.6 pos '2223.9 -312.1  24.0' spd 334.3 yaw 179.3 mode 2 st 5 gl 0 hp 33 frg 1
ARGLOG Romero t  68.6 pos '2448.0 -977.4  99.2' spd 286.4 yaw 272 mode 2 st 20 gl 0 hp 100 frg -1
ARGLOG Carmack t  68.7 pos '1930.8 -219.4  24.0' spd 158.0 yaw 337.9 mode 2 st 2 gl 0 hp 15 frg 0
ARGEVT Joe Rogan weapon sg
ARGEVT Carmack pursue
ARGEVT Joe Rogan route 10 start '2169.0 -351.0  24.0' goal '1465.0 -687.0 184.0'
ARGEVT Joe Rogan pursue
ARGUS Joe Rogan hunch item_health
ARGLOG Joe Rogan t  69.1 pos '2136.5 -417.2   8.0' spd 105.2 yaw   2.1 mode 2 st 5 gl 0 hp 33 frg 1
ARGLOG Romero t  69.1 pos '2450.5 -1171.7  34.1' spd 320.1 yaw 260 mode 2 st 20 gl 0 hp 100 frg -1
ARGEVT Joe Rogan goal item_health
ARGEVT Joe Rogan pursue
ARGLOG Carmack t  69.2 pos '2004.3 -253.4  40.0' spd 322.4 yaw 350 mode 2 st 2 gl 0 hp 6 frg 0
ARGEVT Joe Rogan route 4 start '2153.0 -479.0   8.0' goal '2025.0 -559.0 104.0'
ARGUS Carmack hunch item_artifact_super_damage
ARGEVT Carmack pursue
ARGEVT Romero route 6 start '2457.0 -1311.0  24.0' goal '2473.0 -1999.0 120.0'
ARGEVT Carmack goal item_health
ARGLOG Joe Rogan t  69.7 pos '2258.3 -326.8   8.0' spd 388.0 yaw 122.2 mode 2 st 5 gl 0 hp 33 frg 1
ARGLOG Romero t  69.7 pos '2451.3 -1336.8  24.0' spd 327.2 yaw 261 mode 2 st 20 gl 0 hp 100 frg -1
ARGLOG Carmack t  69.8 pos '1993.8 -371.5 104.0' spd 354.1 yaw 294.5 mode 1 st 2 gl 0 hp 6 frg 0
ARGEVT Carmack hazard
ARGLOG Joe Rogan t  70.2 pos '2140.6 -256.0  24.0' spd 320.0 yaw 160 mode 2 st 5 gl 0 hp 33 frg 1
ARGLOG Romero t  70.2 pos '2414.4 -1498.3  24.0' spd 335.4 yaw 278 mode 0 st 20 gl 0 hp 100 frg -1
ARGUS routecache adopt
ARGEVT Romero route 5 start '2377.0 -1567.0  24.0' goal '2473.0 -1999.0 120.0'
ARGLOG Carmack t  70.3 pos '2064.0 -527.6 104.0' spd 162.5 yaw  44.8 mode 1 st 2 gl 0 hp 56 frg 0
ARGEVT Carmack grab item_health
ARGLOG Joe Rogan t  70.7 pos '2008.2 -196.2  24.0' spd 328.2 yaw 269.9 mode 2 st 5 gl 0 hp 33 frg 1
ARGLOG Romero t  70.7 pos '2401.9 -1663.7  24.0' spd 320.2 yaw 226 mode 2 st 20 gl 0 hp 100 frg -1
ARGLOG Carmack t  70.8 pos '1965.2 -542.9 104.0' spd 374.1 yaw  91.0 mode 1 st 2 gl 0 hp 56 frg 0
ARGEVT Carmack grab item_artifact_super_damage
ARGLOG Joe Rogan t  71.2 pos '1970.0 -200.9  24.0' spd 320.3 yaw 283.8 mode 2 st 5 gl 0 hp 33 frg 1
ARGLOG Romero t  71.2 pos '2362.3 -1826.2  24.0' spd 362.9 yaw 223 mode 2 st 20 gl 0 hp 100 frg -1
ARGEVT Carmack hazard
ARGLOG Carmack t  71.3 pos '2036.5 -556.7 104.0' spd 313.3 yaw  90.2 mode 1 st 2 gl 0 hp 56 frg 0
ARGLOG Joe Rogan t  71.7 pos '2138.4 -204.4  24.0' spd 327.8 yaw 261.9 mode 2 st 5 gl 0 hp 29 frg 1
ARGLOG Romero t  71.7 pos '2216.5 -1904.8  40.0' spd 323.7 yaw 298 mode 2 st 20 gl 0 hp 100 frg -1
ARGLOG Carmack t  71.8 pos '2053.1 -557.8 104.0' spd 238.9 yaw  66.3 mode 1 st 2 gl 0 hp 56 frg 0
ARGEVT Joe Rogan pursue
ARGEVT Romero jump
ARGEVT Carmack pursue
ARGEVT Romero door
ARGLOG Joe Rogan t  72.2 pos '2204.1 -319.3  24.0' spd 335.6 yaw 234 mode 2 st 5 gl 0 hp 29 frg 1
ARGLOG Romero t  72.2 pos '2128.0 -2017.6  94.9' spd 262.6 yaw   1.9 mode 2 st 20 gl 0 hp 100 frg -1
ARGLOG Carmack t  72.3 pos '1998.1 -433.0 104.0' spd 327.6 yaw 68 mode 1 st 2 gl 0 hp 56 frg 0
ARGEVT Romero jump
ARGEVT Joe Rogan hazard
ARGLOG Joe Rogan t  72.7 pos '2132.5 -462.4   8.0' spd 291.3 yaw 179.1 mode 2 st 5 gl 0 hp 29 frg 1
ARGLOG Romero t  72.7 pos '2224.0 -2080.9 109.6' spd   0.6 yaw 13 mode 2 st 20 gl 0 hp 100 frg -1
ARGLOG Carmack t  72.8 pos '2051.4 -276.4  56.0' spd 320.4 yaw 64 mode 1 st 2 gl 0 hp 56 frg 0
ARGLOG Joe Rogan t  73.3 pos '2150.3 -391.7   8.0' spd 385.4 yaw  97.2 mode 2 st 5 gl 0 hp 29 frg 1
ARGLOG Romero t  73.3 pos '2224.0 -2064.5  89.7' spd  53.3 yaw 11 mode 2 st 20 gl 0 hp 100 frg -1
ARGEVT Romero jump
ARGLOG Carmack t  73.4 pos '2101.5 -179.7  24.0' spd 297.9 yaw 296.5 mode 1 st 2 gl 0 hp 32 frg 0
ARGLOG Joe Rogan t  73.8 pos '2256.0 -267.3  24.0' spd 320.5 yaw 184.0 mode 2 st 5 gl 0 hp 29 frg 1
ARGLOG Romero t  73.8 pos '2224.0 -2029.5 118.2' spd  80.7 yaw 6 mode 2 st 20 gl 0 hp 100 frg -1
ARGLOG Carmack t  73.9 pos '1998.2 -312.2  72.0' spd 359.2 yaw  18.3 mode 1 st 2 gl 0 hp 32 frg 0
ARGEVT Joe Rogan pursue
ARGEVT Romero hazard
ARGEVT Carmack pursue
ARGEVT Carmack hazard
ARGLOG Joe Rogan t  74.3 pos '2136.4 -173.5  24.0' spd 337.9 yaw 199 mode 2 st 5 gl 0 hp 29 frg 1
ARGLOG Romero t  74.3 pos '2224.0 -2004.7  88.0' spd  22.7 yaw 2 mode 2 st 20 gl 0 hp 100 frg -1
ARGLOG Carmack t  74.4 pos '2063.2 -456.6 104.0' spd 337.7 yaw 333.3 mode 1 st 2 gl 0 hp 32 frg 0
ARGLOG Joe Rogan t  74.8 pos '1968.7 -206.3  24.0' spd 329.1 yaw 286.8 mode 2 st 5 gl 0 hp 25 frg 1
ARGLOG Romero t  74.8 pos '2224.0 -1992.6  72.0' spd  23.2 yaw 1 mode 2 st 20 gl 0 hp 100 frg -1
ARGEVT Carmack grab item_health
ARGLOG Carmack t  74.9 pos '2030.7 -483.9 104.0' spd 270.1 yaw 111.7 mode 1 st 2 gl 0 hp 20 frg 0
ARGEVT Romero hazard
ARGEVT Joe Rogan jump
ARGEVT Carmack hazard
ARGLOG Joe Rogan t  75.3 pos '1999.5 -230.2  35.7' spd 323.4 yaw 257.5 mode 2 st 5 gl 0 hp 25 frg 1
ARGLOG Romero t  75.3 pos '2224.0 -1980.9  72.0' spd  22.7 yaw 360 mode 2 st 20 gl 0 hp 100 frg -1
ARGLOG Carmack t  75.4 pos '1974.6 -551.9 104.0' spd 320.0 yaw  81.0 mode 1 st 2 gl 0 hp 20 frg 0
ARGEVT Carmack death Joe Rogan pos '1991.3 -551.9 104.0'
ARGUS Joe Rogan watch spawn
ARGEVT Joe Rogan goal weapon_rocketlauncher
ARGEVT Joe Rogan route 10 start '2025.0 -287.0  56.0' goal '1465.0 -687.0 184.0'
ARGLOG Joe Rogan t  75.8 pos '2162.5 -249.9  37.5' spd 317.9 yaw 237 mode 2 st 5 gl 0 hp 25 frg 2
ARGLOG Romero t  75.8 pos '2224.0 -1969.2  72.0' spd  23.2 yaw 358 mode 2 st 20 gl 0 hp 100 frg -1
ARGEVT Romero hazard
ARGLOG Joe Rogan t  76.3 pos '2141.8 -397.9   8.0' spd 329.1 yaw 62 mode 2 st 5 gl 0 hp 25 frg 2
ARGEVT Joe Rogan hazard
ARGLOG Romero t  76.3 pos '2224.0 -1924.1  40.0' spd  88.6 yaw 352 mode 2 st 20 gl 0 hp 100 frg -1
ARGLOG Joe Rogan t  76.8 pos '2128.0 -424.2   8.0' spd 344.7 yaw 62 mode 2 st 5 gl 0 hp 25 frg 2
ARGLOG Romero t  76.8 pos '2224.0 -1905.5  40.0' spd  38.9 yaw 349 mode 2 st 20 gl 0 hp 100 frg -1
ARGEVT Carmack respawn
ARGEVT Carmack goal item_armorInv
ARGLOG Carmack t  77.1 pos '2576.0 -1328.0  24.0' spd 0 yaw 253.7 mode 0 st 2 gl 0 hp 100 frg 0
ARGEVT Carmack route 5 start '2585.0 -1375.0  24.0' goal '2393.0 -655.0  56.0'
ARGLOG Joe Rogan t  77.4 pos '2128.0 -283.5  24.0' spd 347.2 yaw 66 mode 2 st 5 gl 0 hp 25 frg 2
ARGLOG Romero t  77.4 pos '2224.0 -1911.9  40.0' spd  44.4 yaw 350 mode 2 st 20 gl 0 hp 100 frg -1
ARGEVT Romero hazard
ARGEVT Romero stall
ARGEVT Romero stallnode '2473.0 -1999.0 120.0'
ARGEVT Romero jump
ARGEVT Carmack route 5 start '2489.0 -1471.0  24.0' goal '2393.0 -655.0  56.0'
ARGLOG Carmack t  77.6 pos '2435.5 -1381.3  24.0' spd 419.2 yaw 81 mode 2 st 2 gl 0 hp 100 frg 0
ARGEVT Romero route 3 start '2153.0 -1919.0  40.0' goal '2473.0 -1999.0 120.0'
ARGEVT Carmack hazard
ARGLOG Joe Rogan t  77.9 pos '2205.6 -138.0  24.0' spd 404.7 yaw 322.1 mode 2 st 5 gl 0 hp 25 frg 2
ARGLOG Romero t  77.9 pos '2237.4 -1892.3  74.9' spd  48.9 yaw 347 mode 2 st 21 gl 0 hp 100 frg -1
ARGLOG Carmack t  78.1 pos '2364.6 -1299.4  24.0' spd 254.8 yaw 70 mode 2 st 2 gl 0 hp 100 frg 0
ARGEVT Joe Rogan hazard
ARGLOG Joe Rogan t  78.4 pos '2332.4 -239.1  24.0' spd  44.7 yaw 73 mode 2 st 5 gl 0 hp 25 frg 2
ARGLOG Romero t  78.4 pos '2306.4 -1893.9  24.0' spd 320.2 yaw 345 mode 2 st 21 gl 0 hp 100 frg -1
ARGLOG Carmack t  78.6 pos '2473.0 -1240.0  24.0' spd 334.6 yaw 84 mode 2 st 2 gl 0 hp 100 frg 0
ARGLOG Joe Rogan t  78.9 pos '2243.5 -108.3  24.0' spd 329.9 yaw 27 mode 2 st 5 gl 0 hp 25 frg 2
ARGLOG Romero t  78.9 pos '2472.7 -1904.0  24.0' spd 337.6 yaw 333 mode 2 st 21 gl 0 hp 100 frg -1
ARGEVT Romero engage Carmack
ARGEVT Carmack lift
ARGLOG Carmack t  79.1 pos '2472.0 -1075.2  24.0' spd 322.9 yaw 109 mode 2 st 2 gl 0 hp 100 frg 0
ARGEVT Romero route 5 start '2553.0 -1871.0  24.0' goal '2473.0 -1999.0 120.0'
ARGEVT Carmack board
ARGLOG Joe Rogan t  79.4 pos '2301.6  14.2  40.0' spd 329.8 yaw 356 mode 2 st 5 gl 0 hp 25 frg 2
ARGLOG Romero t  79.4 pos '2605.2 -1818.4  24.0' spd 332.7 yaw 115.3 mode 2 st 21 gl 0 hp 100 frg -1
ARGEVT Joe Rogan jump
ARGEVT Carmack engage Romero
ARGLOG Carmack t  79.6 pos '2471.3 -991.0  86.0' spd 0 yaw 154.6 mode 2 st 2 gl 0 hp 100 frg 0
ARGLOG Joe Rogan t  79.9 pos '2361.7 -24.8  91.0' spd  91.3 yaw 356 mode 2 st 5 gl 0 hp 25 frg 2
ARGLOG Romero t  79.9 pos '2576.7 -1650.4  24.0' spd 321.0 yaw   1.4 mode 2 st 21 gl 0 hp 100 frg -1
ARGEVT Romero abandon
ARGEVT Romero goal item_health
ARGLOG Carmack t  80.1 pos '2505.0 -1182.5  25.7' spd 320 yaw 276.9 mode 2 st 2 gl 0 hp 100 frg 0
ARGEVT Carmack death Romero pos '2507.9 -1198.9  24.0'
ARGUS Romero watch spawn
ARGEVT Romero route 6 start '2489.0 -1631.0  24.0' goal '2377.0 -1999.0 120.0'
ARGEVT Romero goal item_armorInv
ARGEVT Romero route 6 start '2489.0 -1631.0  24.0' goal '2393.0 -655.0  56.0'
ARGLOG Joe Rogan t  80.4 pos '2477.7 -10.0 120.0' spd 338.0 yaw 356 mode 2 st 5 gl 0 hp 25 frg 2
ARGLOG Romero t  80.4 pos '2466.7 -1616.5  24.0' spd 403.4 yaw 86 mode 2 st 21 gl 0 hp 80 frg 0
ARGLOG Joe Rogan t  81.0 pos '2640.0 -31.6 120.0' spd  68.5 yaw 215 mode 2 st 5 gl 0 hp 25 frg 2
ARGLOG Romero t  81.0 pos '2434.1 -1446.2  24.0' spd 322.2 yaw 79 mode 2 st 21 gl 0 hp 80 frg 0
ARGEVT Romero route 5 start '2377.0 -1407.0  24.0' goal '2393.0 -655.0  56.0'
ARGLOG Joe Rogan t  81.5 pos '2640.0 -39.4 120.0' spd   2.9 yaw 215 mode 2 st 5 gl 0 hp 25 frg 2
ARGLOG Romero t  81.5 pos '2460.0 -1283.3  24.0' spd 320.1 yaw 78 mode 2 st 21 gl 0 hp 100 frg 0
ARGEVT Carmack respawn
ARGEVT Carmack goal item_armor2
ARGEVT Carmack door
ARGLOG Carmack t  81.7 pos '2544.0 -32.0 -64.0' spd 0 yaw 196.3 mode 0 st 2 gl 0 hp 100 frg 0
ARGEVT Carmack route 1 start '2489.0 -31.0 -72.0' goal '2777.0 -15.0 -72.0'
ARGLOG Joe Rogan t  82.0 pos '2640.0 -40.9 120.0' spd   2.8 yaw 215 mode 2 st 5 gl 0 hp 25 frg 2
ARGLOG Romero t  82.0 pos '2484.1 -1119.4  24.0' spd 327.5 yaw 84 mode 2 st 21 gl 0 hp 100 frg 0
ARGEVT Carmack hazard
ARGEVT Romero lift
ARGEVT Joe Rogan stall
ARGEVT Joe Rogan stallnode '2905.0 -47.0 -72.0'
ARGEVT Joe Rogan jump
ARGLOG Carmack t  82.2 pos '2398.8 -77.2 -72.0' spd 320.0 yaw 171.0 mode 0 st 2 gl 0 hp 100 frg 0
ARGEVT Carmack route 2 start '2361.0 -47.0 -88.0' goal '2777.0 -15.0 -72.0'
ARGLOG Joe Rogan t  82.5 pos '2640.0 -48.5 159.0' spd  33.2 yaw 260.8 mode 0 st 6 gl 0 hp 25 frg 2
ARGLOG Romero t  82.5 pos '2473.4 -1053.9  24.0' spd 0 yaw 111 mode 2 st 21 gl 0 hp 100 frg 0
ARGEVT Joe Rogan route 6 start '2585.0 -15.0 120.0' goal '1465.0 -687.0 184.0'
ARGLOG Carmack t  82.8 pos '2239.1 -129.4 -136.0' spd 391.0 yaw 280 mode 2 st 2 gl 0 hp 100 frg 0
ARGLOG Joe Rogan t  83.0 pos '2601.8 -37.8 120.0' spd 339.0 yaw 359 mode 2 st 6 gl 0 hp 25 frg 2
ARGLOG Romero t  83.0 pos '2473.4 -1053.9  24.0' spd 0 yaw 111 mode 2 st 21 gl 0 hp 100 frg 0
ARGEVT Carmack hazard
ARGLOG Carmack t  83.3 pos '2279.3 -200.3 -136.0' spd 192.0 yaw 240 mode 2 st 2 gl 0 hp 100 frg 0
ARGLOG Joe Rogan t  83.5 pos '2640.0   3.5 120.0' spd 164.1 yaw 350 mode 2 st 6 gl 0 hp 25 frg 2
ARGLOG Romero t  83.5 pos '2473.4 -1053.9  24.0' spd 0 yaw 111 mode 2 st 21 gl 0 hp 100 frg 0
ARGEVT Romero board
ARGEVT Joe Rogan hazard
ARGLOG Carmack t  83.8 pos '2284.5 -169.3 -136.0' spd 393.9 yaw 17 mode 2 st 2 gl 0 hp 100 frg 0
ARGLOG Joe Rogan t  84.0 pos '2640.0 -73.1 120.0' spd  14.5 yaw 214 mode 2 st 6 gl 0 hp 25 frg 2
ARGLOG Romero t  84.0 pos '2488.6 -981.1  93.7' spd 166.4 yaw 125 mode 2 st 21 gl 0 hp 100 frg 0
ARGEVT Romero door
ARGEVT Romero door
ARGLOG Carmack t  84.3 pos '2374.1 -21.2 -88.0' spd 346.3 yaw 0 mode 2 st 2 gl 0 hp 100 frg 0
ARGEVT Romero door
ARGEVT Romero door
ARGEVT Romero door
ARGEVT Romero hazard
ARGEVT Romero door
ARGLOG Joe Rogan t  84.6 pos '2640.0 -66.5 120.0' spd  11.6 yaw 214 mode 2 st 6 gl 0 hp 25 frg 2
ARGEVT Romero door
ARGLOG Romero t  84.6 pos '2448.0 -799.1 120.0' spd  28.1 yaw 110 mode 2 st 21 gl 0 hp 100 frg 0
ARGEVT Romero door
ARGEVT Romero door
ARGEVT Romero door
ARGEVT Romero door
ARGLOG Carmack t  84.8 pos '2543.4 -15.5 -64.0' spd 320.2 yaw 360 mode 2 st 2 gl 0 hp 100 frg 0
ARGEVT Joe Rogan stall
ARGEVT Joe Rogan stallnode '2905.0 -47.0 -72.0'
ARGLOG Joe Rogan t  85.1 pos '2640.0 -61.8 120.0' spd   8.7 yaw 351.2 mode 0 st 7 gl 0 hp 25 frg 2
ARGEVT Joe Rogan jump
ARGLOG Romero t  85.1 pos '2440.0 -829.3 120.0' spd 0 yaw 278 mode 2 st 21 gl 0 hp 100 frg 0
ARGUS routecache adopt
ARGEVT Joe Rogan route 6 start '2585.0 -15.0 120.0' goal '1465.0 -687.0 184.0'
ARGLOG Carmack t  85.3 pos '2604.3 -53.3 -72.0' spd  92.6 yaw  57.7 mode 1 st 2 gl 0 hp 100 frg 0
ARGLOG Joe Rogan t  85.6 pos '2639.0 -66.0 135.1' spd  31.2 yaw 198.8 mode 2 st 7 gl 0 hp 25 frg 2
ARGLOG Romero t  85.6 pos '2440.0 -829.3 120.0' spd 0 yaw 105 mode 2 st 21 gl 0 hp 100 frg 0
ARGEVT Romero hazard
ARGLOG Carmack t  85.8 pos '2650.2 -25.7 -72.0' spd 328.7 yaw 358 mode 1 st 2 gl 0 hp 100 frg 0
ARGLOG Joe Rogan t  86.1 pos '2576.6  16.0 120.0' spd  23.8 yaw 350 mode 2 st 7 gl 0 hp 25 frg 2
ARGLOG Romero t  86.1 pos '2436.8 -816.0 120.0' spd  64.3 yaw 105 mode 2 st 21 gl 0 hp 100 frg 0
ARGLOG Carmack t  86.3 pos '2817.3 -39.9 -72.0' spd 374.4 yaw 312.0 mode 1 st 2 gl 0 hp 100 frg 0
ARGEVT Carmack hazard
ARGLOG Joe Rogan t  86.6 pos '2640.0  -8.0 120.0' spd 112.5 yaw 352 mode 2 st 7 gl 0 hp 25 frg 2
ARGLOG Romero t  86.6 pos '2356.0 -765.6  88.1' spd 195.7 yaw 72 mode 1 st 21 gl 0 hp 100 frg 0
ARGLOG Carmack t  86.9 pos '1326.8 -1024.0 352.0' spd 300 yaw 33 mode 1 st 2 gl 0 hp 100 frg 0
ARGLOG Joe Rogan t  87.1 pos '2640.0 -36.6 120.0' spd   5.7 yaw 215 mode 2 st 7 gl 0 hp 25 frg 2
ARGLOG Romero t  87.1 pos '2414.8 -641.0  56.0' spd 385.5 yaw  14.7 mode 1 st 21 gl 0 hp 100 frg 0
ARGEVT Romero hazard
ARGLOG Carmack t  87.4 pos '1361.1 -1016.4 344.0' spd 337.6 yaw 34 mode 1 st 2 gl 0 hp 100 frg 0
ARGLOG Joe Rogan t  87.6 pos '2640.0 -38.7 120.0' spd   2.8 yaw 215 mode 2 st 7 gl 0 hp 25 frg 2
ARGLOG Romero t  87.6 pos '2501.4 -692.7  56.0' spd 401.5 yaw 309.7 mode 1 st 21 gl 0 hp 100 frg 0
ARGEVT Carmack hazard
ARGLOG Carmack t  87.9 pos '1409.0 -936.0 344.0' spd 334.1 yaw  67.0 mode 1 st 2 gl 0 hp 100 frg 0
ARGEVT Joe Rogan stall
ARGEVT Joe Rogan stallnode '2905.0 -47.0 -72.0'
ARGEVT Joe Rogan jump
ARGUS routecache adopt
ARGEVT Joe Rogan route 6 start '2585.0 -15.0 120.0' goal '1465.0 -687.0 184.0'
ARGLOG Joe Rogan t  88.1 pos '2640.0 -43.3 154.4' spd  33.2 yaw 293.4 mode 0 st 8 gl 0 hp 25 frg 2
ARGLOG Romero t  88.1 pos '2500.9 -679.8  56.0' spd 329.8 yaw  80.6 mode 1 st 21 gl 0 hp 100 frg 0
ARGEVT Romero hazard
ARGLOG Carmack t  88.4 pos '1331.4 -853.6 344.0' spd 326.1 yaw 101.4 mode 1 st 2 gl 0 hp 100 frg 0
ARGLOG Joe Rogan t  88.7 pos '2625.8 -57.0 120.0' spd 179.5 yaw 134 mode 2 st 8 gl 0 hp 25 frg 2
ARGLOG Romero t  88.7 pos '2447.0 -592.0  56.0' spd  87.9 yaw  17.1 mode 1 st 21 gl 0 hp 100 frg 0
ARGLOG Carmack t  88.9 pos '1374.0 -690.9 344.0' spd 322.5 yaw  74.3 mode 1 st 2 gl 0 hp 100 frg 0
ARGEVT Carmack hazard
ARGLOG Joe Rogan t  89.2 pos '2631.8  15.4 120.0' spd 326.5 yaw 348 mode 2 st 8 gl 0 hp 25 frg 2
ARGLOG Romero t  89.2 pos '2509.5 -680.7  56.0' spd 363.4 yaw 239.4 mode 1 st 21 gl 0 hp 100 frg 0
ARGLOG Carmack t  89.4 pos '1289.0 -504.8 248.3' spd 370.7 yaw 17 mode 1 st 2 gl 0 hp 100 frg 0
ARGEVT Joe Rogan hazard
ARGLOG Joe Rogan t  89.7 pos '2640.0 -72.6 120.0' spd  14.2 yaw 214 mode 2 st 8 gl 0 hp 25 frg 2
ARGLOG Romero t  89.7 pos '2365.9 -653.0  56.0' spd 383.1 yaw 106.9 mode 1 st 21 gl 0 hp 100 frg 0
ARGLOG Carmack t  89.9 pos '1359.7 -427.0 184.0' spd 329.7 yaw  32.3 mode 1 st 2 gl 0 hp 100 frg 0
ARGLOG Joe Rogan t  90.2 pos '2640.0 -66.2 120.0' spd  11.4 yaw 214 mode 2 st 8 gl 0 hp 25 frg 2
ARGLOG Romero t  90.2 pos '2424.1 -550.2  56.0' spd 348.0 yaw   8.6 mode 1 st 21 gl 0 hp 100 frg 0
ARGEVT Romero hazard
ARGLOG Carmack t  90.5 pos '1488.1 -336.0 184.0' spd 304.4 yaw 13 mode 1 st 2 gl 0 hp 100 frg 0
ARGEVT Romero door
ARGLOG Joe Rogan t  90.7 pos '2640.0 -61.4 120.0' spd   8.7 yaw 214 mode 2 st 8 gl 0 hp 25 frg 2
ARGLOG Romero t  90.7 pos '2423.6 -554.6  56.0' spd 309.5 yaw 202.9 mode 1 st 21 gl 0 hp 100 frg 0
ARGEVT Joe Rogan stall
ARGEVT Joe Rogan stallnode '2905.0 -47.0 -72.0'
ARGEVT Joe Rogan jump
ARGLOG Carmack t  91.0 pos '1656.2 -336.0 184.0' spd 325.5 yaw 14 mode 1 st 2 gl 0 hp 100 frg 0
ARGUS routecache adopt
ARGEVT Joe Rogan route 6 start '2585.0 -15.0 120.0' goal '1465.0 -687.0 184.0'
ARGEVT Romero door
ARGEVT Romero door
ARGLOG Joe Rogan t  91.2 pos '2640.0 -69.0 154.9' spd  32.7 yaw 230.2 mode 2 st 9 gl 0 hp 25 frg 2
ARGLOG Romero t  91.2 pos '2352.6 -600.5  56.0' spd 320.0 yaw  71.7 mode 1 st 21 gl 0 hp 100 frg 0
ARGLOG Carmack t  91.5 pos '1823.9 -336.0 184.0' spd 328.3 yaw 17 mode 1 st 2 gl 0 hp 100 frg 0
ARGEVT Romero hazard
ARGEVT Carmack hazard
ARGLOG Joe Rogan t  91.7 pos '2582.5 -23.9 120.0' spd 370.4 yaw 356 mode 2 st 9 gl 0 hp 25 frg 2
ARGLOG Romero t  91.7 pos '2462.0 -525.0  54.0' spd 140.5 yaw 311.0 mode 1 st 21 gl 0 hp 100 frg 0
ARGLOG Carmack t  92.0 pos '1873.0 -486.2 181.9' spd 321.5 yaw 293.6 mode 1 st 2 gl 0 hp 100 frg 0
ARGLOG Joe Rogan t  92.3 pos '2640.0 -26.8 120.0' spd 332.9 yaw 215 mode 2 st 9 gl 0 hp 25 frg 2
ARGLOG Romero t  92.3 pos '2444.4 -528.0   8.0' spd 321.0 yaw 193 mode 1 st 21 gl 0 hp 100 frg 0
ARGEVT Joe Rogan hazard
ARGLOG Carmack t  92.5 pos '1890.8 -555.6  72.0' spd 175.0 yaw 29 mode 1 st 2 gl 0 hp 100 frg 0
ARGLOG Joe Rogan t  92.8 pos '2640.0 -68.4 120.0' spd  11.4 yaw 214 mode 2 st 9 gl 0 hp 25 frg 2
ARGLOG Romero t  92.8 pos '2264.7 -528.0   8.0' spd 320.1 yaw 177.0 mode 1 st 21 gl 0 hp 100 frg 0
ARGEVT Joe Rogan engage Romero
ARGEVT Joe Rogan grab item_health
ARGEVT Joe Rogan retreat
ARGLOG Carmack t  93.0 pos '2034.2 -477.5 104.0' spd 320.0 yaw 30 mode 1 st 2 gl 0 hp 100 frg 0
ARGEVT Carmack hazard
ARGEVT Romero hazard
ARGLOG Joe Rogan t  93.3 pos '2632.4   6.4 120.0' spd 320 yaw 227.0 mode 2 st 9 gl 0 hp 25 frg 2
ARGLOG Romero t  93.3 pos '2130.6 -474.6   8.0' spd 308.0 yaw 225.3 mode 1 st 21 gl 0 hp 100 frg 0
ARGEVT Joe Rogan pursue
ARGLOG Carmack t  93.5 pos '2064.0 -322.2  97.7' spd 322.9 yaw 80 mode 1 st 2 gl 0 hp 100 frg 0
ARGLOG Joe Rogan t  93.8 pos '2560.7 -66.6 120.0' spd 320.0 yaw 231 mode 0 st 9 gl 0 hp 25 frg 2
ARGLOG Romero t  93.8 pos '2206.9 -527.6   8.0' spd 395.8 yaw 282.4 mode 1 st 21 gl 0 hp 100 frg 0
ARGUS Joe Rogan hunch item_artifact_super_damage
ARGEVT Joe Rogan goal item_health
ARGEVT Carmack engage Joe Rogan
ARGEVT Joe Rogan pursue
ARGLOG Carmack t  94.1 pos '2074.0 -187.4  24.0' spd 142.3 yaw  20.3 mode 1 st 2 gl 0 hp 100 frg 0
ARGEVT Romero engage Carmack
ARGLOG Joe Rogan t  94.3 pos '2462.0   9.6 120.0' spd 224.3 yaw 244.9 mode 1 st 9 gl 0 hp 25 frg 2
ARGEVT Joe Rogan hazard
ARGLOG Romero t  94.3 pos '2210.8 -516.6   8.0' spd 151.2 yaw  92.5 mode 1 st 21 gl 0 hp 100 frg 0
ARGEVT Carmack pursue
ARGEVT Joe Rogan pursue
ARGLOG Carmack t  94.6 pos '2205.0 -219.3  24.0' spd 321.2 yaw  34.2 mode 1 st 2 gl 0 hp 100 frg 0
ARGLOG Joe Rogan t  94.8 pos '2615.9   7.7 120.0' spd 321.8 yaw 241.9 mode 1 st 9 gl 0 hp 19 frg 2
ARGLOG Romero t  94.8 pos '2348.8 -430.8   8.0' spd 320.0 yaw 105.6 mode 1 st 21 gl 0 hp 100 frg 0
ARGEVT Joe Rogan pursue
ARGLOG Carmack t  95.1 pos '2251.8 -113.8  24.0' spd 320.1 yaw  15.4 mode 1 st 2 gl 0 hp 100 frg 0
ARGEVT Romero grab weapon_nailgun
ARGLOG Joe Rogan t  95.3 pos '2587.5 -59.5 120.0' spd 320.0 yaw 234 mode 1 st 9 gl 0 hp 19 frg 2
ARGLOG Romero t  95.3 pos '2494.8 -345.7   8.0' spd 360.1 yaw 120.0 mode 1 st 21 gl 0 hp 95 frg 0
ARGEVT Romero pursue
ARGLOG Carmack t  95.6 pos '2240.0   3.0  24.0' spd 262.4 yaw 338.3 mode 1 st 2 gl 0 hp 100 frg 0
ARGUS Romero hunch item_artifact_super_damage
ARGLOG Joe Rogan t  95.9 pos '2522.5 -210.0 120.0' spd 332.9 yaw 228 mode 1 st 9 gl 0 hp 59 frg 2
ARGEVT Romero pursue
ARGLOG Romero t  95.9 pos '2431.8 -312.1   8.0' spd 124.7 yaw 292.8 mode 1 st 21 gl 0 hp 85 frg 0
ARGEVT Joe Rogan hazard
ARGEVT Romero goal weapon_nailgun
ARGEVT Romero route 4 start '2473.0 -319.0   8.0' goal '2473.0 -191.0  24.0'
ARGEVT Joe Rogan pursue
ARGEVT Romero weapon sg
ARGEVT Carmack hazard
ARGLOG Carmack t  96.1 pos '2205.7  16.0  24.0' spd  45.6 yaw 312.3 mode 1 st 2 gl 0 hp 100 frg 0
ARGEVT Carmack pursue
ARGEVT Joe Rogan pursue
ARGEVT Romero hazard
ARGLOG Joe Rogan t  96.4 pos '2352.0 -241.5  56.0' spd  32.5 yaw 313.5 mode 1 st 9 gl 0 hp 59 frg 2
ARGLOG Romero t  96.4 pos '2438.8 -304.0   8.0' spd  18.9 yaw 121.1 mode 2 st 21 gl 0 hp 85 frg 0
ARGEVT Romero pursue
ARGEVT Carmack grab weapon_nailgun
ARGLOG Carmack t  96.6 pos '2341.0 -18.6  56.0' spd 320.8 yaw 261.5 mode 1 st 2 gl 0 hp 100 frg 0
ARGEVT Romero pursue
ARGLOG Joe Rogan t  96.9 pos '2362.8 -160.9  24.0' spd 356.4 yaw 271.7 mode 1 st 9 gl 0 hp 59 frg 2
ARGLOG Romero t  96.9 pos '2371.5 -304.0   8.0' spd  55.9 yaw  74.7 mode 2 st 21 gl 0 hp 85 frg 0
ARGLOG Carmack t  97.1 pos '2448.1 -71.6 120.0' spd 163.2 yaw 291.5 mode 1 st 2 gl 0 hp 91 frg 0
ARGEVT Joe Rogan pursue
ARGEVT Romero goal item_health
ARGEVT Joe Rogan jump
ARGEVT Romero route 10 start '2473.0 -319.0   8.0' goal '2057.0 -991.0 344.0'
ARGLOG Joe Rogan t  97.4 pos '2524.2 -198.6  48.0' spd 387.2 yaw 221.4 mode 1 st 9 gl 0 hp 38 frg 2
ARGLOG Romero t  97.4 pos '2512.0 -304.0   8.0' spd 0 yaw  91.1 mode 2 st 21 gl 0 hp 85 frg 0
ARGLOG Carmack t  97.7 pos '2584.8  -4.2 120.0' spd 334.2 yaw 254.6 mode 1 st 2 gl 0 hp 91 frg 0
ARGEVT Joe Rogan pursue
ARGEVT Carmack pursue
ARGEVT Romero pursue
ARGLOG Joe Rogan t  97.9 pos '2458.4 -225.3  24.0' spd 353.7 yaw 222.4 mode 1 st 9 gl 0 hp 38 frg 2
ARGLOG Romero t  97.9 pos '2584.0 -364.0  24.0' spd 379.7 yaw 249.6 mode 2 st 21 gl 0 hp 85 frg 0
ARGEVT Romero hazard
ARGLOG Carmack t  98.2 pos '2557.2 -86.6 120.0' spd 340.7 yaw 222.3 mode 1 st 2 gl 0 hp 91 frg 0
ARGLOG Joe Rogan t  98.4 pos '2404.3 -240.0  24.0' spd 320.7 yaw   7.8 mode 1 st 9 gl 0 hp 38 frg 2
ARGLOG Romero t  98.4 pos '2527.3 -359.1  24.0' spd 372.1 yaw 104 mode 2 st 21 gl 0 hp 85 frg 0
ARGEVT Joe Rogan pursue
ARGEVT Romero pursue
ARGLOG Carmack t  98.7 pos '2397.4 -34.8  88.0' spd 353.3 yaw 301.5 mode 1 st 2 gl 0 hp 91 frg 0
ARGEVT Joe Rogan jump
ARGLOG Joe Rogan t  98.9 pos '2516.5 -240.0  45.9' spd  30.3 yaw  23.5 mode 1 st 9 gl 0 hp 14 frg 2
ARGLOG Romero t  98.9 pos '2425.6 -309.5   8.0' spd 316.7 yaw 115.6 mode 2 st 21 gl 0 hp 85 frg 0
ARGEVT Joe Rogan pursue
ARGEVT Joe Rogan death Carmack pos '2531.8 -199.1  32.0'
ARGUS Carmack watch spawn
ARGLOG Carmack t  99.2 pos '2241.3 -127.8  24.0' spd 349.9 yaw 349.9 mode 1 st 2 gl 0 hp 82 frg 1
ARGEVT Carmack engage Romero
ARGEVT Carmack goal weapon_rocketlauncher
ARGLOG Romero t  99.5 pos '2267.1 -352.6   8.0' spd 320.1 yaw 112.1 mode 2 st 21 gl 0 hp 85 frg 0
ARGEVT Carmack route 9 start '2233.0 -223.0  24.0' goal '1465.0 -687.0 184.0'
ARGLOG Carmack t  99.7 pos '2150.2 -282.0  24.0' spd 325.1 yaw 285.9 mode 2 st 2 gl 0 hp 82 frg 1
ARGEVT Romero route 10 start '2169.0 -351.0  24.0' goal '2057.0 -991.0 344.0'
ARGEVT Romero grab item_health
ARGLOG Romero t 100.0 pos '2153.3 -474.4   8.0' spd 201.7 yaw  69.0 mode 2 st 21 gl 0 hp 81 frg 0
ARGEVT Romero hazard
ARGLOG Carmack t 100.2 pos '2287.9 -314.0   8.0' spd 334.5 yaw 235.1 mode 2 st 2 gl 0 hp 73 frg 1
ARGLOG Romero t 100.5 pos '2135.2 -495.1   8.0' spd 204.6 yaw  29.6 mode 2 st 21 gl 0 hp 77 frg 0
ARGEVT Carmack route 10 start '2329.0 -351.0   8.0' goal '1465.0 -687.0 184.0'
ARGEVT Joe Rogan respawn
ARGLOG Carmack t 100.7 pos '2416.2 -395.6   8.0' spd  83.0 yaw 197.1 mode 2 st 2 gl 0 hp 64 frg 1
ARGEVT Joe Rogan goal 
ARGLOG Joe Rogan t 100.8 pos '2248.0 -16.0 -136.0' spd 0 yaw 343.7 mode 0 st 9 gl 0 hp 100 frg 2
ARGEVT Joe Rogan route 9 start '2233.0 -31.0 -136.0' goal '2521.0 -191.0  32.0'
ARGEVT Joe Rogan jump
ARGLOG Romero t 101.0 pos '2141.5 -468.7   8.0' spd 117.4 yaw  29.2 mode 2 st 21 gl 0 hp 73 frg 0
ARGEVT Carmack grab 
ARGLOG Carmack t 101.3 pos '2379.8 -343.2   8.0' spd 329.1 yaw 208.5 mode 2 st 2 gl 0 hp 55 frg 1
ARGEVT Joe Rogan route 9 start '2329.0 -79.0 -104.0' goal '2521.0 -191.0  32.0'
ARGLOG Joe Rogan t 101.3 pos '2288.0 -99.8 -98.1' spd 181.9 yaw 8 mode 2 st 9 gl 0 hp 100 frg 2
ARGLOG Romero t 101.5 pos '2146.9 -491.4   8.0' spd 326.7 yaw  28.0 mode 2 st 21 gl 0 hp 69 frg 0
ARGEVT Joe Rogan hazard
ARGLOG Carmack t 101.8 pos '2516.4 -307.2  24.0' spd 279.0 yaw 202.4 mode 2 st 2 gl 0 hp 46 frg 1
ARGLOG Joe Rogan t 101.8 pos '2259.8 -208.0 -136.0' spd 294.6 yaw 22 mode 2 st 9 gl 0 hp 100 frg 2
ARGLOG Romero t 102.0 pos '2128.0 -401.1   8.0' spd 320 yaw   8.8 mode 2 st 21 gl 0 hp 68 frg 0
ARGLOG Carmack t 102.3 pos '2627.4 -310.7  24.0' spd 144.2 yaw 178.7 mode 2 st 2 gl 0 hp 38 frg 1
ARGLOG Joe Rogan t 102.3 pos '2284.8 -175.0 -136.0' spd 352.8 yaw 19 mode 2 st 9 gl 0 hp 100 frg 2
ARGEVT Carmack hazard
ARGLOG Romero t 102.5 pos '2131.0 -232.8  24.0' spd 328.1 yaw 351.9 mode 2 st 21 gl 0 hp 64 frg 0
ARGEVT Joe Rogan jump
ARGEVT Romero pursue
ARGEVT Carmack pursue
ARGLOG Carmack t 102.8 pos '2599.3 -334.2  24.0' spd  64.9 yaw 169.0 mode 2 st 2 gl 0 hp 38 frg 1
ARGLOG Joe Rogan t 102.8 pos '2284.5  -6.9 -101.6' spd 323.8 yaw 183.2 mode 0 st 9 gl 0 hp 100 frg 2
ARGEVT Joe Rogan route 9 start '2297.0 -31.0 -120.0' goal '2521.0 -191.0  32.0'
ARGLOG Romero t 103.1 pos '2236.9 -138.1  24.0' spd 339.5 yaw 335 mode 2 st 21 gl 0 hp 64 frg 0
ARGLOG Carmack t 103.3 pos '2446.6 -338.0   8.0' spd 340.6 yaw 141.3 mode 2 st 2 gl 0 hp 38 frg 1
ARGLOG Joe Rogan t 103.4 pos '2225.9   2.4 -136.0' spd 193.1 yaw 311 mode 2 st 9 gl 0 hp 100 frg 2
ARGLOG Romero t 103.6 pos '2254.3 -246.8  24.0' spd 229.5 yaw 217.4 mode 2 st 21 gl 0 hp 64 frg 0
ARGEVT Carmack pursue
ARGEVT Joe Rogan hazard
ARGLOG Carmack t 103.8 pos '2301.7 -414.3   8.0' spd 322.4 yaw 135.3 mode 2 st 2 gl 0 hp 29 frg 1
ARGLOG Joe Rogan t 103.9 pos '2288.0 -117.7 -136.0' spd 276.6 yaw 263.7 mode 2 st 9 gl 0 hp 100 frg 2
ARGLOG Romero t 104.1 pos '2218.6 -276.6  24.0' spd 330.8 yaw 272.6 mode 2 st 21 gl 0 hp 60 frg 0
ARGEVT Carmack retreat
ARGLOG Carmack t 104.3 pos '2166.4 -503.1   8.0' spd 342.5 yaw  83.8 mode 2 st 2 gl 0 hp 20 frg 1
ARGEVT Carmack hazard
ARGLOG Joe Rogan t 104.4 pos '2240.0 -211.4 -136.0' spd  29.1 yaw 21 mode 2 st 9 gl 0 hp 100 frg 2
ARGLOG Romero t 104.6 pos '2135.0 -236.7  24.0' spd 113.5 yaw 292.7 mode 2 st 21 gl 0 hp 56 frg 0
ARGLOG Carmack t 104.8 pos '2240.0 -508.2   8.0' spd 143.8 yaw  93.0 mode 2 st 2 gl 0 hp 19 frg 1
ARGLOG Joe Rogan t 104.9 pos '2215.8 -61.7 -136.0' spd 419.3 yaw 348.9 mode 2 st 9 gl 0 hp 100 frg 2
ARGLOG Romero t 105.1 pos '2282.9 -193.9  24.0' spd 331.2 yaw 266.6 mode 2 st 21 gl 0 hp 36 frg 0
ARGEVT Joe Rogan hazard
ARGEVT Romero grab 
ARGLOG Carmack t 105.4 pos '2291.2 -511.1   8.0' spd 155.4 yaw  73.5 mode 2 st 2 gl 0 hp 19 frg 1
ARGLOG Joe Rogan t 105.4 pos '2384.0 -80.0 -88.0' spd 0 yaw 47 mode 2 st 9 gl 0 hp 100 frg 2
ARGEVT Romero pursue
ARGLOG Romero t 105.6 pos '2412.3 -238.5  24.0' spd 356.7 yaw 241 mode 2 st 21 gl 0 hp 36 frg 0
ARGLOG Carmack t 105.9 pos '2181.4 -528.0   8.0' spd 326.5 yaw  55.5 mode 2 st 2 gl 0 hp 19 frg 1
ARGEVT Carmack hazard
ARGLOG Joe Rogan t 105.9 pos '2521.5 -65.4 -64.0' spd 320.0 yaw 66 mode 2 st 9 gl 0 hp 100 frg 2
ARGEVT Romero hazard
ARGUS Romero hunch item_health
ARGEVT Carmack pursue
ARGEVT Romero goal item_health
ARGEVT Romero route 3 start '2361.0 -175.0  24.0' goal '2025.0 -559.0 104.0'
ARGEVT Romero pursue
ARGLOG Romero t 106.1 pos '2346.2 -185.0  24.0' spd 365.9 yaw  37.2 mode 2 st 21 gl 0 hp 36 frg 0
ARGLOG Carmack t 106.4 pos '2200.7 -394.4   8.0' spd 326.7 yaw 36 mode 2 st 2 gl 0 hp 19 frg 1
ARGLOG Joe Rogan t 106.4 pos '2690.8 -50.2 -72.0' spd 387.1 yaw 285.8 mode 2 st 9 gl 0 hp 100 frg 2
ARGEVT Romero route 4 start '2473.0 -191.0  24.0' goal '2025.0 -559.0 104.0'
ARGEVT Joe Rogan hazard
ARGUS routecache adopt
ARGEVT Romero route 4 start '2473.0 -191.0  24.0' goal '2025.0 -559.0 104.0'
ARGLOG Romero t 106.6 pos '2485.7 -201.2  24.0' spd 393.8 yaw 248.8 mode 0 st 21 gl 0 hp 36 frg 0
ARGEVT Joe Rogan goal weapon_rocketlauncher
ARGLOG Carmack t 106.9 pos '2337.0 -312.2   8.0' spd 376.6 yaw 44 mode 2 st 2 gl 0 hp 19 frg 1
ARGEVT Joe Rogan route 17 start '2777.0 -15.0 -72.0' goal '2473.0 -1711.0  24.0'
ARGLOG Joe Rogan t 106.9 pos '2736.0 -70.1 -72.0' spd  66.4 yaw 165 mode 2 st 9 gl 0 hp 100 frg 2
ARGUS Carmack hunch item_armorInv
ARGEVT Carmack goal item_armorInv
ARGEVT Carmack route 4 start '2329.0 -351.0   8.0' goal '2393.0 -655.0  56.0'
ARGEVT Romero pursue
ARGEVT Carmack pursue
ARGLOG Romero t 107.2 pos '2456.1 -220.1  24.0' spd 335.4 yaw 201.9 mode 2 st 21 gl 0 hp 36 frg 0
ARGEVT Romero route 4 start '2473.0 -191.0  24.0' goal '2025.0 -559.0 104.0'
ARGEVT Romero hazard
ARGLOG Carmack t 107.4 pos '2293.8 -405.5   8.0' spd 361.0 yaw  56.9 mode 2 st 2 gl 0 hp 19 frg 1
ARGLOG Joe Rogan t 107.5 pos '2606.7 -68.5 -72.0' spd 406.3 yaw 285.1 mode 2 st 9 gl 0 hp 100 frg 2
ARGUS routecache adopt
ARGEVT Romero route 3 start '2361.0 -175.0  24.0' goal '2025.0 -559.0 104.0'
ARGEVT Joe Rogan hazard
ARGUS routecache adopt
ARGEVT Romero route 4 start '2473.0 -191.0  24.0' goal '2025.0 -559.0 104.0'
ARGLOG Romero t 107.7 pos '2411.0 -232.7  24.0' spd 124.9 yaw 253.7 mode 0 st 21 gl 0 hp 32 frg 0
ARGEVT Carmack hazard
ARGLOG Carmack t 107.9 pos '2342.3 -528.0   8.0' spd 268.3 yaw  94.9 mode 2 st 2 gl 0 hp 19 frg 1
ARGLOG Joe Rogan t 108.0 pos '2687.7 -68.6 -72.0' spd 327.9 yaw 30 mode 2 st 9 gl 0 hp 100 frg 2
ARGEVT Carmack pursue
ARGEVT Romero pursue
ARGLOG Romero t 108.2 pos '2249.1 -218.3  24.0' spd 335.0 yaw 289.1 mode 2 st 21 gl 0 hp 32 frg 0
ARGLOG Carmack t 108.4 pos '2407.0 -508.6   8.0' spd 116.9 yaw 120.8 mode 2 st 2 gl 0 hp 19 frg 1
ARGLOG Joe Rogan t 108.5 pos '2849.5 -11.7 -72.0' spd 375.3 yaw 310.4 mode 2 st 9 gl 0 hp 100 frg 2
ARGLOG Romero t 108.7 pos '2310.2 -214.7  24.0' spd 333.5 yaw 260.6 mode 2 st 21 gl 0 hp 28 frg 0
ARGEVT Joe Rogan route 18 start '1289.0 -959.0 344.0' goal '2473.0 -1711.0  24.0'
ARGEVT Romero pursue
ARGLOG Carmack t 109.0 pos '2261.4 -517.4   8.0' spd 333.3 yaw  64.2 mode 2 st 2 gl 0 hp 19 frg 1
ARGLOG Joe Rogan t 109.0 pos '1326.2 -1024.0 352.0' spd 300 yaw 94 mode 2 st 9 gl 0 hp 100 frg 2
ARGEVT Carmack weapon axe
ARGEVT Romero route 4 start '2473.0 -191.0  24.0' goal '2025.0 -559.0 104.0'
ARGLOG Romero t 109.2 pos '2450.3 -235.7  24.0' spd 163.6 yaw 206.5 mode 2 st 21 gl 0 hp 24 frg 0
ARGUS routecache adopt
ARGEVT Romero route 4 start '2473.0 -191.0  24.0' goal '2025.0 -559.0 104.0'
ARGLOG Carmack t 109.5 pos '2281.4 -372.0   8.0' spd 320.4 yaw  61.7 mode 2 st 2 gl 0 hp 19 frg 1
ARGLOG Joe Rogan t 109.5 pos '1366.4 -932.5 344.0' spd 334.2 yaw 100 mode 2 st 9 gl 0 hp 100 frg 2
ARGUS routecache adopt
ARGEVT Romero route 3 start '2361.0 -175.0  24.0' goal '2025.0 -559.0 104.0'
ARGEVT Romero pursue
ARGEVT Carmack pursue
ARGLOG Romero t 109.7 pos '2334.0 -203.6  24.0' spd 351.4 yaw 251 mode 2 st 21 gl 0 hp 24 frg 0
ARGEVT Romero hazard
ARGEVT Romero pursue
ARGLOG Carmack t 110.0 pos '2409.7 -304.3   8.0' spd 324.7 yaw 332.1 mode 2 st 2 gl 0 hp 19 frg 1
ARGLOG Joe Rogan t 110.0 pos '1348.3 -767.6 344.0' spd 321.8 yaw 103 mode 2 st 9 gl 0 hp 100 frg 2
ARGLOG Romero t 110.2 pos '2199.4 -291.6  24.0' spd 159.3 yaw 348.5 mode 2 st 21 gl 0 hp 24 frg 0
ARGLOG Carmack t 110.5 pos '2383.4 -321.5   8.0' spd 324.2 yaw 148.3 mode 2 st 2 gl 0 hp 16 frg 1
ARGLOG Joe Rogan t 110.5 pos '1301.6 -591.9 311.8' spd 320.5 yaw 13 mode 2 st 9 gl 0 hp 100 frg 2
ARGEVT Carmack pursue
ARGEVT Romero pursue
ARGLOG Romero t 110.8 pos '2264.7 -160.5  24.0' spd 341.5 yaw 314.8 mode 2 st 21 gl 0 hp 24 frg 0
ARGEVT Carmack hazard
ARGLOG Carmack t 111.0 pos '2254.5 -309.9  24.0' spd 320 yaw 190.3 mode 0 st 2 gl 0 hp 16 frg 1
ARGLOG Joe Rogan t 111.1 pos '1308.9 -466.1 184.0' spd 326.3 yaw 350 mode 2 st 9 gl 0 hp 100 frg 2
ARGEVT Carmack route 5 start '2169.0 -351.0  24.0' goal '2393.0 -655.0  56.0'
ARGEVT Romero pursue
ARGLOG Romero t 111.3 pos '2407.1 -240.0  24.0' spd 172.9 yaw 286 mode 0 st 21 gl 0 hp 24 frg 0
ARGEVT Carmack pursue
ARGEVT Romero route 4 start '2473.0 -191.0  24.0' goal '2025.0 -559.0 104.0'
ARGEVT Joe Rogan hazard
ARGLOG Carmack t 111.5 pos '2146.0 -432.0   8.0' spd 400.9 yaw 330.6 mode 2 st 2 gl 0 hp 16 frg 1
ARGLOG Joe Rogan t 111.6 pos '1469.2 -494.3 184.0' spd 356.6 yaw 350 mode 2 st 9 gl 0 hp 100 frg 2
ARGUS routecache adopt
ARGEVT Romero route 4 start '2473.0 -191.0  24.0' goal '2025.0 -559.0 104.0'
ARGUS routecache adopt
ARGEVT Romero route 4 start '2473.0 -191.0  24.0' goal '2025.0 -559.0 104.0'
ARGLOG Romero t 111.8 pos '2443.2 -240.0  24.0' spd  24.5 yaw 264 mode 0 st 21 gl 0 hp 24 frg 0
ARGUS routecache adopt
ARGEVT Romero route 4 start '2473.0 -191.0  24.0' goal '2025.0 -559.0 104.0'
ARGLOG Carmack t 112.0 pos '2312.5 -453.6   8.0' spd 410.8 yaw 104.2 mode 2 st 2 gl 0 hp 16 frg 1
ARGLOG Joe Rogan t 112.1 pos '1590.4 -560.0  89.2' spd  84.6 yaw 0 mode 2 st 9 gl 0 hp 100 frg 2
ARGUS routecache adopt
ARGEVT Romero route 4 start '2473.0 -191.0  24.0' goal '2025.0 -559.0 104.0'
ARGLOG Romero t 112.3 pos '2437.2 -240.0  24.0' spd   5.7 yaw 268 mode 2 st 21 gl 0 hp 24 frg 0
ARGUS routecache adopt
ARGEVT Romero route 4 start '2473.0 -191.0  24.0' goal '2025.0 -559.0 104.0'
ARGLOG Carmack t 112.6 pos '2263.9 -307.1  24.0' spd 261.7 yaw 174.3 mode 0 st 2 gl 0 hp 16 frg 1
ARGLOG Joe Rogan t 112.6 pos '1632.8 -487.4  24.0' spd 332.2 yaw 350 mode 2 st 9 gl 0 hp 100 frg 2
ARGUS routecache adopt
ARGEVT Romero route 4 start '2473.0 -191.0  24.0' goal '2025.0 -559.0 104.0'
ARGEVT Carmack route 5 start '2169.0 -351.0  24.0' goal '2393.0 -655.0  56.0'
ARGLOG Romero t 112.8 pos '2435.0 -240.0  24.0' spd   2.9 yaw 269 mode 0 st 21 gl 0 hp 24 frg 0
ARGEVT Romero route 4 start '2473.0 -191.0  24.0' goal '2025.0 -559.0 104.0'
ARGUS Romero hunch item_armorInv
ARGEVT Romero goal item_armorInv
ARGLOG Carmack t 113.1 pos '2131.7 -403.9   8.0' spd 380.7 yaw 308.6 mode 2 st 2 gl 0 hp 16 frg 1
ARGEVT Romero route 6 start '2473.0 -191.0  24.0' goal '2393.0 -655.0  56.0'
ARGLOG Joe Rogan t 113.1 pos '1800.8 -517.7  24.0' spd 342.6 yaw 28 mode 2 st 9 gl 0 hp 100 frg 2
ARGLOG Romero t 113.3 pos '2394.4 -240.0  24.0' spd 323.5 yaw 182.1 mode 2 st 21 gl 0 hp 24 frg 0
ARGUS routecache adopt
ARGEVT Carmack route 3 start '2297.0 -495.0   8.0' goal '2393.0 -655.0  56.0'
ARGLOG Carmack t 113.6 pos '2261.7 -522.7   8.0' spd 346.5 yaw 11 mode 0 st 2 gl 0 hp 16 frg 1
ARGLOG Joe Rogan t 113.6 pos '1958.3 -555.7 104.0' spd 344.3 yaw 76 mode 2 st 9 gl 0 hp 100 frg 2
ARGEVT Carmack engage Romero
ARGEVT Romero engage Carmack
ARGEVT Romero grab item_rockets
ARGLOG Romero t 113.8 pos '2237.7 -204.2  24.0' spd 380.7 yaw 296.4 mode 2 st 21 gl 0 hp 24 frg 0
ARGLOG Carmack t 114.1 pos '2321.6 -399.7   8.0' spd 325.8 yaw 101.5 mode 2 st 2 gl 0 hp 16 frg 1
ARGLOG Joe Rogan t 114.1 pos '2027.5 -398.6 104.0' spd 320.0 yaw 40 mode 2 st 9 gl 0 hp 100 frg 2
ARGLOG Romero t 114.4 pos '2262.4 -92.9  24.0' spd 188.0 yaw 297.5 mode 2 st 21 gl 0 hp 24 frg 0
ARGEVT Romero pursue
ARGEVT Joe Rogan hazard
ARGEVT Joe Rogan engage Romero
ARGEVT Carmack pursue
ARGLOG Carmack t 114.6 pos '2402.5 -317.7   8.0' spd 352.6 yaw 299.2 mode 2 st 2 gl 0 hp 16 frg 1
ARGLOG Joe Rogan t 114.7 pos '2056.4 -226.5  24.0' spd 329.8 yaw  16.9 mode 2 st 9 gl 0 hp 100 frg 2
ARGLOG Romero t 114.9 pos '2254.5 -254.6  24.0' spd 322.9 yaw 292 mode 2 st 21 gl 0 hp 24 frg 0
ARGEVT Carmack grab item_armorInv
ARGEVT Romero death Joe Rogan pos '2255.7 -292.9  24.0'
ARGUS Joe Rogan watch spawn
ARGLOG Carmack t 115.1 pos '2409.4 -445.3   8.0' spd 348.4 yaw 134 mode 2 st 2 gl 0 hp 16 frg 1
ARGEVT Joe Rogan goal 
ARGLOG Joe Rogan t 115.2 pos '2124.5 -74.7  24.0' spd 376.3 yaw 344.7 mode 1 st 9 gl 0 hp 100 frg 3
ARGEVT Joe Rogan plan powerup via weapon
ARGEVT Joe Rogan goal weapon_rocketlauncher
ARGEVT Joe Rogan engage Carmack
ARGEVT Carmack engage Joe Rogan
ARGEVT Carmack retreat
ARGLOG Carmack t 115.6 pos '2273.5 -345.8   8.0' spd 321.1 yaw 100.5 mode 2 st 2 gl 0 hp 16 frg 1
ARGLOG Joe Rogan t 115.7 pos '2262.5 -167.5  24.0' spd 294.5 yaw 267.8 mode 0 st 9 gl 0 hp 100 frg 3
ARGEVT Joe Rogan route 9 start '2297.0 -79.0  40.0' goal '1465.0 -687.0 184.0'
ARGLOG Carmack t 116.2 pos '2306.4 -476.7   8.0' spd 404.1 yaw 145.8 mode 2 st 2 gl 0 hp 1 frg 1
ARGLOG Joe Rogan t 116.2 pos '2133.5 -274.7  24.0' spd 319.1 yaw 307.3 mode 2 st 9 gl 0 hp 97 frg 3
ARGEVT Joe Rogan hazard
ARGEVT Carmack hazard
ARGEVT Romero respawn
ARGEVT Carmack death Joe Rogan pos '2399.3 -528.0   8.0'
ARGEVT Romero goal item_armorInv
ARGLOG Romero t 116.6 pos '2544.0 -32.0 -64.0' spd 0 yaw 196.6 mode 0 st 21 gl 0 hp 100 frg 0
ARGLOG Joe Rogan t 116.7 pos '2253.8 -192.6  24.0' spd 345.6 yaw 346.0 mode 2 st 9 gl 0 hp 94 frg 4
ARGEVT Romero route 12 start '2489.0 -31.0 -72.0' goal '2393.0 -655.0  56.0'
ARGEVT Joe Rogan plan powerup via weapon
ARGEVT Joe Rogan goal weapon_rocketlauncher
ARGEVT Joe Rogan route 9 start '2233.0 -223.0  24.0' goal '1465.0 -687.0 184.0'
ARGEVT Romero hazard
ARGLOG Romero t 117.1 pos '2397.6 -73.0 -72.0' spd 363.3 yaw 48 mode 2 st 21 gl 0 hp 100 frg 0
ARGLOG Joe Rogan t 117.2 pos '2369.9 -240.0  24.0' spd  67.7 yaw 247 mode 2 st 9 gl 0 hp 94 frg 4
ARGEVT Joe Rogan hazard
ARGLOG Romero t 117.6 pos '2439.6 -74.1 -72.0' spd 320 yaw 54 mode 2 st 21 gl 0 hp 100 frg 0
ARGLOG Joe Rogan t 117.7 pos '2354.8 -240.0  24.0' spd   0.7 yaw 250 mode 2 st 9 gl 0 hp 94 frg 4
ARGLOG Romero t 118.2 pos '2610.9 -79.7 -72.0' spd 321.4 yaw 350.4 mode 2 st 21 gl 0 hp 100 frg 0
ARGEVT Carmack respawn
ARGEVT Carmack goal weapon_rocketlauncher
ARGLOG Carmack t 118.2 pos '2704.0 -2048.0 128.0' spd 0 yaw 253.4 mode 0 st 2 gl 0 hp 100 frg 1
ARGEVT Carmack route 7 start '2713.0 -2111.0 120.0' goal '2473.0 -1711.0  24.0'
ARGLOG Joe Rogan t 118.3 pos '2353.8 -240.0  24.0' spd   3.1 yaw 251 mode 2 st 9 gl 0 hp 94 frg 4
ARGEVT Romero hazard
ARGEVT Joe Rogan hazard
ARGLOG Romero t 118.7 pos '2680.3 -75.4 -72.0' spd 152.9 yaw 197 mode 2 st 21 gl 0 hp 100 frg 0
ARGLOG Carmack t 118.7 pos '2701.2 -2202.7 120.0' spd 320.3 yaw 189 mode 2 st 2 gl 0 hp 100 frg 1
ARGLOG Joe Rogan t 118.8 pos '2353.0 -240.0  24.0' spd   1.6 yaw 251 mode 2 st 9 gl 0 hp 94 frg 4
ARGUS UNSTICKDBG Joe Rogan dwell   2.1 stalls 0
ARGLOG Romero t 119.2 pos '2551.5 -77.1 -64.0' spd 333.5 yaw 202 mode 2 st 21 gl 0 hp 100 frg 0
ARGLOG Carmack t 119.2 pos '2601.7 -2316.3 120.0' spd 338.9 yaw 166 mode 2 st 2 gl 0 hp 100 frg 1
ARGLOG Joe Rogan t 119.3 pos '2304.6 -235.6  24.0' spd 336.3 yaw 66 mode 2 st 9 gl 0 hp 94 frg 4
ARGEVT Carmack hazard
ARGLOG Romero t 119.7 pos '2385.2 -54.7 -72.0' spd 322.6 yaw 169.0 mode 0 st 21 gl 0 hp 100 frg 0
ARGLOG Carmack t 119.7 pos '2452.6 -2257.4 120.0' spd 321.0 yaw 164 mode 2 st 2 gl 0 hp 100 frg 1
ARGLOG Joe Rogan t 119.8 pos '2219.5 -87.3  24.0' spd 335.7 yaw 17 mode 2 st 9 gl 0 hp 94 frg 4
ARGEVT Carmack jump
ARGEVT Romero route 13 start '2297.0 -31.0 -120.0' goal '2393.0 -655.0  56.0'
ARGLOG Romero t 120.2 pos '2246.0 -37.9 -136.0' spd  86.9 yaw 359 mode 2 st 21 gl 0 hp 100 frg 0
ARGLOG Carmack t 120.3 pos '2288.0 -2300.3 158.9' spd 109.7 yaw 137 mode 2 st 2 gl 0 hp 100 frg 1
ARGLOG Joe Rogan t 120.3 pos '2321.9   9.4  56.0' spd 330.1 yaw 357 mode 2 st 9 gl 0 hp 94 frg 4
ARGEVT Joe Rogan jump
ARGEVT Romero route 13 start '2329.0 -79.0 -104.0' goal '2393.0 -655.0  56.0'
ARGLOG Romero t 120.7 pos '2327.0 -39.6 -104.0' spd 119.1 yaw 359 mode 2 st 21 gl 0 hp 100 frg 0
ARGLOG Carmack t 120.8 pos '2288.0 -2284.7  53.5' spd  32.5 yaw 110 mode 2 st 2 gl 0 hp 100 frg 1
ARGLOG Joe Rogan t 120.8 pos '2368.6 -28.1  85.6' spd 100.0 yaw 357 mode 2 st 9 gl 0 hp 94 frg 4
ARGEVT Carmack swim
ARGLOG Romero t 121.2 pos '2376.0  13.8 -88.0' spd 297.1 yaw 34 mode 2 st 21 gl 0 hp 100 frg 0
