LOG started on: 09/13/2026 10:45:52 
Playing registered version.
UDP Initialized
WIPX_OpenSocket: Address family not supported by protocol family
WIPX_Init: Unable to open control socket, IPX disabled
Exe: 20:02:47 Jul 31 2024
256.0 megabyte heap

Language initialization
Couldn't load 'localization/loc_english.txt'
from 'C:\argus\engine'

========= Quake Initialized =========

execing autoexec.cfg
SpawnServer: dm4
Clearing memory
Programs occupy 876K.
trying to open external vis file
maps/dm4.vis not found, trying argus.vis
external vis not found
ARGUS slots 8
ARGUS worldspawn reached
ARGNAV 155 nodes, 928 links
0 entities inhibited
ARGUS init on dm4
ARGEVT Carmack spawned
ARGEVT Romero spawned
ARGEVT Joe Rogan spawned
Server spawned.
ARGLOG Joe Rogan t   1.2 pos '-64.0 -232.0 -72.0' spd 0 yaw 357.6 mode 0 st 0 gl 0 hp 100 frg 0
ARGLOG Romero t   1.2 pos '112.0 -1136.0 -104.0' spd 0 yaw  92.5 mode 0 st 0 gl 0 hp 100 frg 0
ARGLOG Carmack t   1.2 pos '-64.0 512.0 -296.0' spd 0 yaw 299.6 mode 0 st 0 gl 0 hp 100 frg 0
ARGEVT Carmack hazard
ARGLOG Joe Rogan t   1.7 pos ' 91.9 -237.4 -72.0' spd 320 yaw 357.6 mode 0 st 0 gl 0 hp 100 frg 0
ARGLOG Romero t   1.7 pos '106.6 -980.1 -104.0' spd 320 yaw  92.5 mode 0 st 0 gl 0 hp 100 frg 0
ARGLOG Carmack t   1.7 pos '-48.7 420.1 -296.0' spd 321.5 yaw 178.2 mode 0 st 0 gl 0 hp 100 frg 0
ARGLOG Joe Rogan t   2.2 pos '272.6 -244.1 -84.6' spd 320 yaw 357.6 mode 0 st 0 gl 0 hp 100 frg 0
ARGLOG Romero t   2.2 pos '100.8 -815.7 -104.0' spd 320 yaw  92.5 mode 0 st 0 gl 0 hp 100 frg 0
ARGLOG Carmack t   2.2 pos '-213.2 420.4 -296.0' spd 320.0 yaw  32.2 mode 0 st 0 gl 0 hp 100 frg 0
ARGLOG Joe Rogan t   2.7 pos '391.2 -279.1 -264.8' spd 181.6 yaw 239.1 mode 0 st 0 gl 0 hp 100 frg 0
ARGLOG Romero t   2.7 pos '214.6 -804.1 -104.0' spd 322.6 yaw 327.2 mode 0 st 0 gl 0 hp 100 frg 0
ARGLOG Carmack t   2.7 pos '-115.8 433.7 -296.0' spd 323.4 yaw  13.2 mode 0 st 0 gl 0 hp 100 frg 0
ARGEVT Joe Rogan hazard
ARGLOG Joe Rogan t   3.3 pos '486.7 -251.2 -296.0' spd 322.9 yaw  10.2 mode 0 st 0 gl 0 hp 100 frg 0
ARGLOG Romero t   3.3 pos '357.1 -885.4 -104.0' spd 320.0 yaw 327.2 mode 0 st 0 gl 0 hp 100 frg 0
ARGLOG Carmack t   3.3 pos ' -6.8 431.8 -296.0' spd 261.2 yaw 216.1 mode 0 st 0 gl 0 hp 100 frg 0
ARGEVT Carmack hazard
ARGLOG Joe Rogan t   3.8 pos '638.8 -221.8 -296.0' spd 154.1 yaw 226.5 mode 0 st 0 gl 0 hp 100 frg 0
ARGLOG Romero t   3.8 pos '410.4 -934.1 -104.0' spd 321.0 yaw 159.1 mode 0 st 0 gl 0 hp 100 frg 0
ARGLOG Carmack t   3.8 pos '-104.3 340.7 -296.0' spd  28.4 yaw  66.2 mode 0 st 0 gl 0 hp 100 frg 0
ARGEVT Joe Rogan hazard
ARGEVT Joe Rogan plan powerup via weapon
ARGEVT Joe Rogan goal weapon_lightning
ARGEVT Romero goal item_armorInv
ARGEVT Carmack goal weapon_rocketlauncher
ARGEVT Joe Rogan route 8 start '593.0 -215.0 -296.0' goal '529.0 -311.0 -104.0'
ARGLOG Joe Rogan t   4.3 pos '592.0 -205.7 -296.0' spd  67.4 yaw 84 mode 2 st 0 gl 0 hp 100 frg 0
ARGLOG Romero t   4.3 pos '262.0 -856.8 -104.0' spd 378.6 yaw  77.2 mode 0 st 0 gl 0 hp 100 frg 0
ARGLOG Carmack t   4.3 pos '-20.5 473.9 -296.0' spd 377.5 yaw 344.3 mode 0 st 0 gl 0 hp 100 frg 0
ARGEVT Romero route 19 start '273.0 -887.0 -104.0' goal '817.0 -855.0 -232.0'
ARGEVT Carmack route 4 start '-15.0 425.0 -296.0' goal ' 49.0 105.0 -296.0'
ARGEVT Carmack hazard
ARGLOG Joe Rogan t   4.8 pos '599.4 -88.5 -296.0' spd 320.1 yaw 263 mode 2 st 0 gl 0 hp 100 frg 0
ARGLOG Romero t   4.8 pos '361.1 -775.8 -104.0' spd 383.7 yaw 240 mode 2 st 0 gl 0 hp 100 frg 0
ARGLOG Carmack t   4.8 pos ' 96.6 391.2 -296.0' spd 218.4 yaw 214 mode 2 st 0 gl 0 hp 100 frg 0
ARGLOG Joe Rogan t   5.3 pos '618.9  74.5 -296.0' spd 320.0 yaw 263 mode 2 st 0 gl 0 hp 100 frg 0
ARGLOG Romero t   5.3 pos '322.5 -945.4 -104.0' spd 343.2 yaw 229 mode 2 st 0 gl 0 hp 100 frg 0
ARGLOG Carmack t   5.3 pos '  2.0 426.3 -296.0' spd 320.6 yaw 234 mode 2 st 0 gl 0 hp 100 frg 0
ARGEVT Joe Rogan route 5 start '401.0 -887.0  24.0' goal '529.0 -311.0 -104.0'
ARGEVT Carmack hazard
ARGLOG Joe Rogan t   5.8 pos '394.2 -864.0  24.0' spd 300 yaw 88 mode 2 st 0 gl 0 hp 100 frg 0
ARGLOG Romero t   5.8 pos '188.0 -1047.8 -104.0' spd 327.5 yaw 299 mode 2 st 0 gl 0 hp 100 frg 0
ARGLOG Carmack t   5.8 pos '-133.9 418.6 -296.0' spd 299.0 yaw 269 mode 2 st 0 gl 0 hp 100 frg 0
ARGEVT Romero jump
ARGLOG Joe Rogan t   6.3 pos '343.8 -813.2  24.0' spd 346.0 yaw 79 mode 2 st 0 gl 0 hp 100 frg 0
ARGLOG Romero t   6.3 pos '152.1 -1142.8 -66.3' spd  54.5 yaw 0 mode 2 st 0 gl 0 hp 100 frg 0
ARGLOG Carmack t   6.3 pos '-125.2 253.1 -296.0' spd 320.3 yaw 320 mode 2 st 0 gl 0 hp 100 frg 0
ARGLOG Joe Rogan t   6.9 pos '309.8 -648.1  24.0' spd 343.6 yaw 73 mode 2 st 0 gl 0 hp 100 frg 0
ARGLOG Romero t   6.9 pos '206.5 -1187.5 -72.0' spd 321.4 yaw 18 mode 2 st 0 gl 0 hp 100 frg 0
ARGLOG Carmack t   6.9 pos '-56.5 100.0 -296.0' spd 346.8 yaw 346 mode 1 st 0 gl 0 hp 100 frg 0
ARGEVT Romero engage Joe Rogan
ARGEVT Carmack goal item_artifact_super_damage
ARGEVT Carmack route 6 start ' 49.0 105.0 -296.0' goal '209.0  73.0 -104.0'
ARGEVT Carmack hazard
ARGLOG Joe Rogan t   7.4 pos '388.9 -499.5  24.0' spd 333.2 yaw 53 mode 2 st 0 gl 0 hp 100 frg 0
ARGLOG Romero t   7.4 pos '350.6 -1118.0   8.0' spd 339.3 yaw  83.0 mode 2 st 0 gl 0 hp 100 frg 0
ARGLOG Carmack t   7.4 pos ' 97.4  77.2 -296.0' spd 379.7 yaw 233 mode 2 st 0 gl 1 hp 100 frg 0
ARGEVT Romero grab weapon_supershotgun
ARGEVT Romero pursue
ARGLOG Joe Rogan t   7.9 pos '427.9 -318.1 -20.0' spd 329.1 yaw 8 mode 1 st 0 gl 0 hp 100 frg 0
ARGLOG Romero t   7.9 pos '344.5 -956.4  24.0' spd 329.0 yaw 85 mode 2 st 0 gl 0 hp 100 frg 0
ARGLOG Carmack t   7.9 pos '-14.3 108.4 -296.0' spd 346.4 yaw 276 mode 2 st 0 gl 1 hp 100 frg 0
ARGEVT Joe Rogan goal weapon_rocketlauncher
ARGLOG Joe Rogan t   8.4 pos '533.8 -269.8 -104.0' spd 382.9 yaw 292 mode 0 st 0 gl 1 hp 100 frg 0
ARGLOG Romero t   8.4 pos '348.8 -791.4  24.0' spd 320.2 yaw 83 mode 2 st 0 gl 0 hp 100 frg 0
ARGLOG Carmack t   8.4 pos '-77.6 -41.6 -296.0' spd 328.6 yaw 304.0 mode 2 st 0 gl 1 hp 100 frg 0
ARGEVT Joe Rogan route 18 start '529.0 -311.0 -104.0' goal '721.0 -887.0 -232.0'
ARGEVT Carmack hazard
ARGLOG Joe Rogan t   8.9 pos '661.2 -383.7 -104.0' spd 395.0 yaw 111 mode 2 st 0 gl 1 hp 100 frg 0
ARGEVT Joe Rogan hazard
ARGLOG Romero t   8.9 pos '368.0 -627.7  24.0' spd 317.7 yaw 83 mode 2 st 0 gl 0 hp 100 frg 0
ARGLOG Carmack t   8.9 pos '-18.0 -201.3 -296.0' spd 365.8 yaw 329.6 mode 2 st 0 gl 1 hp 100 frg 0
ARGUS Romero hunch item_artifact_super_damage
ARGEVT Romero goal item_armorInv
ARGEVT Carmack engage Romero
ARGEVT Romero route 9 start '401.0 -503.0  24.0' goal '817.0 -855.0 -232.0'
ARGEVT Joe Rogan engage Romero
ARGEVT Joe Rogan grab item_armor1
ARGLOG Joe Rogan t   9.4 pos '632.2 -272.0 -104.0' spd 218.5 yaw 195.2 mode 2 st 0 gl 1 hp 76 frg 0
ARGLOG Romero t   9.4 pos '391.8 -469.8  24.0' spd 278.8 yaw  41.7 mode 2 st 0 gl 0 hp 100 frg 0
ARGLOG Carmack t   9.4 pos '105.3 -223.6 -296.0' spd 360.5 yaw 333.4 mode 2 st 0 gl 1 hp 100 frg 0
ARGEVT Carmack hazard
ARGLOG Joe Rogan t   9.9 pos '525.6 -145.8 -104.0' spd 324.6 yaw 275.5 mode 2 st 0 gl 1 hp 76 frg 0
ARGLOG Romero t   9.9 pos '546.1 -488.8  24.0' spd  98.1 yaw  93.3 mode 2 st 0 gl 0 hp 100 frg 0
ARGLOG Carmack t   9.9 pos ' 96.2 -259.7 -296.0' spd 349.5 yaw 330.1 mode 2 st 0 gl 1 hp 100 frg 0
ARGEVT Carmack pursue
ARGUS Carmack hunch item_artifact_super_damage
ARGEVT Carmack goal item_artifact_super_damage
ARGEVT Carmack route 3 start '241.0 -279.0 -296.0' goal '209.0  73.0 -104.0'
ARGLOG Joe Rogan t  10.5 pos '560.7 -120.5 -104.0' spd 377.8 yaw 245.1 mode 2 st 0 gl 1 hp 62 frg 0
ARGLOG Romero t  10.5 pos '399.8 -460.9  24.0' spd 329.0 yaw  61.6 mode 2 st 0 gl 0 hp 100 frg 0
ARGLOG Carmack t  10.5 pos '145.3 -258.7 -296.0' spd 320.0 yaw 311.0 mode 2 st 0 gl 1 hp 100 frg 0
ARGEVT Joe Rogan weapon sg
ARGEVT Romero grab weapon_grenadelauncher
ARGLOG Joe Rogan t  11.0 pos '561.6 -131.9 -104.0' spd 313.0 yaw 227.7 mode 2 st 0 gl 1 hp 51 frg 0
ARGLOG Romero t  11.0 pos '225.2 -495.0  24.0' spd 311.0 yaw  49.3 mode 0 st 0 gl 0 hp 40 frg 0
ARGLOG Carmack t  11.0 pos ' 66.4 -213.5 -296.0' spd 116.2 yaw 269.3 mode 2 st 0 gl 1 hp 100 frg 0
ARGEVT Romero route 10 start '209.0 -503.0  24.0' goal '817.0 -855.0 -232.0'
ARGEVT Joe Rogan hazard
ARGEVT Romero hazard
ARGEVT Carmack pursue
ARGEVT Joe Rogan weapon lg
ARGEVT Carmack hazard
ARGLOG Joe Rogan t  11.5 pos '461.3 -163.8 -104.0' spd 308.6 yaw 215.5 mode 2 st 0 gl 1 hp 40 frg 0
ARGLOG Romero t  11.5 pos '130.4 -408.4   8.0' spd 291.4 yaw  32.8 mode 2 st 0 gl 0 hp 40 frg 0
ARGLOG Carmack t  11.5 pos ' 32.1 -247.1 -296.0' spd 354.8 yaw 311 mode 2 st 0 gl 1 hp 100 frg 0
ARGEVT Romero retreat
ARGEVT Romero death Joe Rogan pos '119.5 -430.9   8.0'
ARGUS Joe Rogan watch spawn
ARGEVT Joe Rogan engage Carmack
ARGEVT Carmack engage Joe Rogan
ARGEVT Joe Rogan goal weapon_supernailgun
ARGEVT Joe Rogan route 3 start '529.0 -183.0 -104.0' goal '177.0 -55.0 -104.0'
ARGLOG Joe Rogan t  12.0 pos '465.8 -131.4 -104.0' spd 322.4 yaw 206.4 mode 2 st 0 gl 1 hp 40 frg 1
ARGLOG Carmack t  12.0 pos '168.1 -237.8 -296.0' spd 272.0 yaw  25.3 mode 2 st 0 gl 1 hp 100 frg 0
ARGEVT Carmack retreat
ARGEVT Carmack death Joe Rogan pos '140.7 -239.0 -296.0'
ARGEVT Joe Rogan goal item_artifact_super_damage
ARGLOG Joe Rogan t  12.5 pos '476.2 -259.7 -104.0' spd 337.9 yaw 230.4 mode 0 st 0 gl 1 hp 40 frg 2
ARGEVT Joe Rogan hazard
ARGEVT Joe Rogan routefail
ARGEVT Joe Rogan goal backpack
ARGEVT Joe Rogan route 2 start '433.0 -311.0 -104.0' goal '113.0 -279.0 -296.0'
ARGLOG Joe Rogan t  13.0 pos '367.1 -397.1 -104.0' spd 373.3 yaw 155 mode 2 st 0 gl 1 hp 40 frg 2
ARGEVT Romero respawn
ARGEVT Romero goal item_armorInv
ARGLOG Romero t  13.2 pos '272.0 -952.0  24.0' spd 0 yaw  16.6 mode 0 st 0 gl 0 hp 100 frg 0
ARGEVT Romero route 13 start '305.0 -983.0  24.0' goal '817.0 -855.0 -232.0'
Client 169.254.71.10:62878 connected
ARGLOG Joe Rogan t  13.5 pos '289.2 -395.7 -104.0' spd 122.5 yaw 146 mode 2 st 0 gl 1 hp 40 frg 2
ARGEVT Joe Rogan hazard
ARGLOG labfoe t  13.6 pos '112.0 -1136.0 -103.0' spd 0 yaw 45 mode 0 st 0 gl 0 hp 100 frg 0
ARGLOG Romero t  13.7 pos '372.4 -830.8  24.0' spd 325.4 yaw 81 mode 2 st 0 gl 0 hp 100 frg 0
ARGEVT Romero hazard
ARGEVT Carmack respawn
ARGEVT Joe Rogan engage Carmack
ARGEVT Joe Rogan weapon sg
ARGEVT Joe Rogan grab item_health
ARGEVT Carmack goal weapon_rocketlauncher
ARGEVT Carmack engage Joe Rogan
ARGLOG Carmack t 14 pos '-64.0 -232.0 -72.0' spd 0 yaw 344.5 mode 0 st 0 gl 1 hp 100 frg 0
ARGLOG Joe Rogan t  14.1 pos '437.0 -391.1 -104.0' spd 296.1 yaw 161.1 mode 2 st 0 gl 1 hp 40 frg 2
ARGEVT Carmack hazard
ARGLOG labfoe t  14.2 pos '112.0 -1136.0 -104.0' spd 0 yaw 45 mode 0 st 0 gl 0 hp 100 frg 0
ARGEVT Carmack route 9 start '-47.0 -215.0 -72.0' goal '721.0 -887.0 -232.0'
ARGLOG Romero t  14.3 pos '343.2 -668.5  24.0' spd 343.6 yaw 75 mode 2 st 0 gl 0 hp 100 frg 0
ARGEVT Romero engage Carmack
ARGLOG Carmack t  14.5 pos ' 55.5 -233.9 -72.0' spd 340.5 yaw 341.6 mode 2 st 0 gl 1 hp 100 frg 0
ARGLOG Joe Rogan t  14.6 pos '562.1 -409.0 -104.0' spd 183.1 yaw 161.9 mode 2 st 0 gl 1 hp 38 frg 2
ARGEVT Carmack grab 
ARGLOG labfoe t  14.7 pos '112.0 -1136.0 -104.0' spd 0 yaw 45 mode 0 st 0 gl 0 hp 100 frg 0
ARGEVT Joe Rogan weapon lg
ARGLOG Romero t  14.8 pos '310.0 -583.0  24.0' spd 142.6 yaw 125.6 mode 2 st 0 gl 0 hp 100 frg 0
ARGLOG Carmack t  15.0 pos '112.0 -272.4 -56.0' spd  36.2 yaw 339.9 mode 2 st 0 gl 1 hp 100 frg 0
ARGLOG Joe Rogan t  15.1 pos '543.9 -421.6 -104.0' spd 189.7 yaw 166.2 mode 2 st 0 gl 1 hp 27 frg 2
ARGEVT Joe Rogan weapon sg
ARGEVT Carmack hazard
ARGLOG labfoe t  15.2 pos '112.0 -1136.0 -104.0' spd 0 yaw 45 mode 0 st 0 gl 0 hp 100 frg 0
ARGLOG Romero t  15.3 pos '405.2 -472.2  24.0' spd 324.0 yaw 143.2 mode 2 st 0 gl 0 hp 100 frg 0
ARGLOG Carmack t  15.5 pos '105.5 -272.0 -72.0' spd 293.4 yaw 345.7 mode 2 st 0 gl 1 hp 64 frg 0
ARGLOG Joe Rogan t  15.6 pos '594.4 -429.6 -120.0' spd  79.5 yaw 162.8 mode 2 st 0 gl 1 hp 27 frg 2
ARGLOG labfoe t  15.7 pos '112.0 -1136.0 -104.0' spd 0 yaw 45 mode 0 st 0 gl 0 hp 100 frg 0
ARGLOG Romero t  15.8 pos '464.3 -365.5 -53.1' spd  31.8 yaw 165.0 mode 2 st 0 gl 0 hp 100 frg 0
ARGLOG Carmack t  16.1 pos ' 95.0 -272.0 -72.0' spd 163.2 yaw 359.2 mode 2 st 0 gl 1 hp 40 frg 0
ARGLOG Joe Rogan t  16.1 pos '597.8 -270.8 -104.0' spd 329.7 yaw 181.3 mode 2 st 0 gl 1 hp 22 frg 2
ARGLOG labfoe t  16.2 pos '112.0 -1136.0 -104.0' spd 0 yaw 45 mode 0 st 0 gl 0 hp 100 frg 0
ARGLOG Romero t  16.3 pos '407.3 -448.6 -104.0' spd 326.7 yaw 143.8 mode 2 st 0 gl 0 hp 100 frg 0
ARGEVT Carmack hazard
ARGLOG Carmack t  16.6 pos '112.5 -268.1 -72.0' spd 378.1 yaw  18.5 mode 2 st 0 gl 1 hp 4 frg 0
ARGLOG Joe Rogan t  16.6 pos '585.4 -102.7 -104.0' spd 381.8 yaw 201.5 mode 2 st 0 gl 1 hp 6 frg 2
ARGEVT Romero grab 
ARGEVT Carmack death Romero pos '126.8 -278.9 -56.0'
ARGUS Romero watch spawn
ARGEVT Joe Rogan engage Romero
ARGEVT Joe Rogan retreat
ARGEVT Romero engage Joe Rogan
ARGEVT Romero goal item_armorInv
ARGLOG labfoe t  16.7 pos '112.0 -1136.0 -104.0' spd 0 yaw  73.1 mode 0 st 0 gl 0 hp 100 frg 0
ARGLOG Romero t  16.8 pos '261.2 -496.1 -104.0' spd 357.2 yaw  55.5 mode 0 st 0 gl 0 hp 100 frg 1
ARGEVT Romero hazard
ARGEVT Romero route 19 start '241.0 -503.0 -104.0' goal '817.0 -855.0 -232.0'
ARGEVT Joe Rogan route 3 start '529.0 -55.0 -104.0' goal '113.0 -279.0 -296.0'
ARGLOG Joe Rogan t  17.1 pos '566.4   3.2 -104.0' spd 0 yaw 230.8 mode 2 st 0 gl 1 hp 6 frg 2
ARGEVT Romero grab 
ARGEVT Joe Rogan death Romero pos '566.4   3.2 -104.0'
ARGLOG labfoe t  17.2 pos '112.0 -1136.0 -104.0' spd 0 yaw  81.6 mode 0 st 0 gl 0 hp 100 frg 0
ARGEVT Romero goal backpack
ARGLOG Romero t  17.3 pos '178.5 -405.6 -104.0' spd 322.8 yaw 172 mode 0 st 0 gl 0 hp 84 frg 2
ARGEVT Romero route 4 start '209.0 -375.0 -104.0' goal '113.0 -279.0 -296.0'
ARGLOG labfoe t  17.8 pos '112.0 -1136.0 -104.0' spd 0 yaw  81.6 mode 0 st 0 gl 0 hp 100 frg 0
ARGLOG Romero t  17.9 pos '168.5 -384.1 -104.0' spd 357.9 yaw 15 mode 2 st 0 gl 0 hp 84 frg 2
ARGEVT Carmack respawn
ARGEVT Carmack goal weapon_rocketlauncher
ARGLOG Carmack t  18.2 pos '776.0 -808.0 -232.0' spd 0 yaw 106.6 mode 1 st 0 gl 1 hp 100 frg 0
ARGEVT Romero hazard
ARGLOG labfoe t  18.3 pos '112.0 -1136.0 -104.0' spd 0 yaw  74.5 mode 0 st 0 gl 0 hp 100 frg 0
ARGLOG Romero t  18.4 pos '338.9 -394.1 -104.0' spd 384.5 yaw 75 mode 2 st 0 gl 0 hp 84 frg 2
ARGEVT Carmack hazard
ARGEVT Joe Rogan respawn
ARGLOG Carmack t  18.7 pos '720.0 -838.3 -232.0' spd 366.3 yaw  35.4 mode 1 st 0 gl 1 hp 100 frg 0
ARGEVT Joe Rogan goal weapon_supernailgun
ARGLOG Joe Rogan t  18.8 pos '784.0 -176.0  24.0' spd 0 yaw 196.3 mode 0 st 0 gl 1 hp 100 frg 2
ARGLOG labfoe t  18.8 pos '112.0 -1136.0 -104.0' spd 0 yaw  66.1 mode 0 st 0 gl 0 hp 100 frg 0
ARGEVT Carmack goal backpack
ARGEVT Joe Rogan route 4 start '753.0 -151.0  24.0' goal '177.0 -55.0 -104.0'
ARGLOG Romero t  18.9 pos '479.0 -290.3 -104.0' spd 345.2 yaw   3.4 mode 2 st 0 gl 0 hp 84 frg 2
ARGEVT Carmack route 8 start '817.0 -855.0 -232.0' goal '529.0 -55.0 -104.0'
ARGLOG Carmack t  19.2 pos '777.8 -722.6 -216.0' spd 393.8 yaw 116 mode 2 st 0 gl 2 hp 100 frg 0
ARGLOG Joe Rogan t  19.3 pos '634.7 -208.0  24.0' spd 334.3 yaw 205 mode 2 st 0 gl 1 hp 100 frg 2
ARGLOG labfoe t  19.3 pos '112.0 -1136.0 -104.0' spd 0 yaw  57.7 mode 0 st 0 gl 0 hp 100 frg 0
ARGLOG Romero t  19.4 pos '638.7 -348.9 -104.0' spd 337.7 yaw 284 mode 2 st 0 gl 0 hp 84 frg 2
ARGEVT Joe Rogan engage Romero
ARGEVT Romero engage Joe Rogan
ARGEVT Romero grab item_health
ARGLOG Carmack t  19.8 pos '730.5 -831.2 -232.0' spd 320.7 yaw 111 mode 2 st 0 gl 2 hp 100 frg 0
ARGLOG Joe Rogan t  19.8 pos '464.8 -252.5 -19.7' spd 174.5 yaw 245.7 mode 2 st 0 gl 1 hp 100 frg 2
ARGLOG labfoe t  19.8 pos '112.0 -1136.0 -104.0' spd 0 yaw  53.4 mode 0 st 0 gl 0 hp 100 frg 0
ARGEVT Romero route 3 start '401.0 -247.0 -296.0' goal '113.0 -279.0 -296.0'
ARGLOG Romero t  19.9 pos '406.9 -240.0 -275.4' spd 300 yaw  37.4 mode 2 st 0 gl 0 hp 84 frg 2
ARGEVT Carmack hazard
ARGEVT Carmack engage Romero
ARGEVT Carmack grab weapon_nailgun
ARGEVT Carmack route 5 start '337.0   9.0 -296.0' goal '529.0 -55.0 -104.0'
ARGEVT Joe Rogan grab 
ARGLOG Carmack t  20.3 pos '368.0 -36.1 -296.0' spd 300 yaw 303.2 mode 2 st 0 gl 2 hp 100 frg 0
ARGLOG Joe Rogan t  20.3 pos '488.9 -199.2 -104.0' spd 351.9 yaw 200.5 mode 2 st 0 gl 1 hp 100 frg 2
ARGLOG labfoe t  20.3 pos '112.0 -1136.0 -104.0' spd 0 yaw  53.4 mode 0 st 0 gl 0 hp 100 frg 0
ARGEVT Joe Rogan pursue
ARGLOG Romero t  20.4 pos '441.9 -225.9 -296.0' spd 300 yaw 226.0 mode 2 st 0 gl 0 hp 84 frg 2
ARGEVT Romero death Carmack pos '446.9 -229.9 -296.0'
ARGUS Carmack watch spawn
ARGEVT Carmack engage Joe Rogan
ARGEVT Joe Rogan engage Carmack
ARGEVT Joe Rogan hazard
ARGEVT Carmack goal backpack
ARGEVT Carmack route 3 start '337.0   9.0 -296.0' goal '401.0 -247.0 -296.0'
ARGLOG Carmack t  20.8 pos '342.5 -52.7 -296.0' spd 340.9 yaw   3.8 mode 2 st 0 gl 2 hp 95 frg 1
ARGLOG Joe Rogan t  20.8 pos '499.5 -112.5 -104.0' spd 322.7 yaw 166.1 mode 2 st 0 gl 1 hp 100 frg 2
ARGLOG labfoe t  20.8 pos '112.0 -1136.0 -104.0' spd 0 yaw  53.4 mode 0 st 0 gl 0 hp 100 frg 0
ARGEVT Carmack pursue
ARGEVT Joe Rogan pursue
ARGUS Carmack hunch item_artifact_super_damage
ARGEVT Carmack goal backpack
ARGLOG Carmack t  21.3 pos '385.1 -93.0 -296.0' spd 124.9 yaw 209.6 mode 0 st 0 gl 2 hp 95 frg 1
ARGEVT Carmack route 3 start '305.0 -87.0 -296.0' goal '401.0 -247.0 -296.0'
ARGLOG Joe Rogan t  21.3 pos '490.3 -42.3 -104.0' spd 336.2 yaw 177 mode 2 st 0 gl 1 hp 100 frg 2
ARGLOG labfoe t  21.3 pos '112.0 -1136.0 -104.0' spd 0 yaw  53.4 mode 0 st 0 gl 0 hp 100 frg 0
ARGEVT Carmack pursue
ARGEVT Carmack grab 
ARGEVT Joe Rogan hazard
ARGLOG Carmack t  21.8 pos '369.7 -223.4 -296.0' spd 369.8 yaw 122.1 mode 1 st 0 gl 2 hp 91 frg 1
ARGLOG Joe Rogan t  21.9 pos '340.4 -92.2 -116.6' spd 198.8 yaw 290.9 mode 2 st 0 gl 1 hp 100 frg 2
ARGLOG labfoe t  21.9 pos '112.0 -1136.0 -104.0' spd 0 yaw  53.4 mode 0 st 0 gl 0 hp 100 frg 0
ARGEVT Carmack goal weapon_supernailgun
ARGEVT Carmack hazard
ARGEVT Carmack route 5 start '401.0 -247.0 -296.0' goal '177.0 -55.0 -104.0'
ARGEVT Romero respawn
ARGEVT Carmack rjump
ARGEVT Romero goal item_health
ARGLOG Romero t  22.1 pos '-64.0 512.0 -296.0' spd 0 yaw 286.3 mode 1 st 0 gl 0 hp 100 frg 2
ARGLOG Carmack t  22.3 pos '432.0 -285.6 -227.5' spd  14.2 yaw 111.3 mode 2 st 0 gl 3 hp 82 frg 1
ARGLOG Joe Rogan t  22.4 pos '354.6 -98.1 -296.0' spd  35.7 yaw 293.0 mode 2 st 0 gl 1 hp 100 frg 2
ARGEVT Romero hazard
ARGLOG labfoe t  22.4 pos '112.0 -1136.0 -104.0' spd 0 yaw  68.9 mode 0 st 0 gl 0 hp 100 frg 0
ARGLOG Romero t  22.6 pos ' 16.0 435.3 -296.0' spd  44.7 yaw 359.3 mode 1 st 0 gl 0 hp 100 frg 2
ARGLOG Carmack t  22.8 pos '432.0 -290.6 -204.1' spd  30.0 yaw 101.9 mode 2 st 0 gl 3 hp 78 frg 1
ARGLOG Joe Rogan t  22.9 pos '373.9 -125.8 -296.0' spd  91.3 yaw 291.5 mode 2 st 0 gl 1 hp 100 frg 2
ARGLOG labfoe t  22.9 pos '112.0 -1136.0 -104.0' spd 0 yaw  68.9 mode 0 st 0 gl 0 hp 100 frg 0
ARGEVT Carmack weapon ng
ARGEVT Joe Rogan retreat
ARGLOG Romero t  23.1 pos ' 10.7 487.0 -296.0' spd 351.6 yaw  65.2 mode 1 st 0 gl 0 hp 100 frg 2
ARGEVT Carmack weapon rl
ARGEVT Carmack hazard
ARGEVT Romero goal item_armorInv
ARGLOG Carmack t  23.4 pos '417.4 -265.8 -296.0' spd 281.5 yaw 190.3 mode 2 st 0 gl 3 hp 74 frg 1
ARGLOG Joe Rogan t  23.4 pos '112.7 -298.3 -260.0' spd 152.2 yaw  29.5 mode 0 st 0 gl 1 hp 11 frg 2
ARGLOG labfoe t  23.4 pos '112.0 -1136.0 -104.0' spd 0 yaw  68.9 mode 0 st 0 gl 0 hp 100 frg 0
ARGEVT Joe Rogan route 14 start '113.0 -279.0 -296.0' goal '177.0 -55.0 -104.0'
ARGEVT Romero hazard
ARGLOG Romero t  23.6 pos '-43.1 622.8 -296.0' spd  71.5 yaw 355.8 mode 0 st 0 gl 1 hp 200 frg 2
ARGEVT Romero route 22 start '-15.0 553.0 -296.0' goal '817.0 -855.0 -232.0'
ARGLOG Carmack t  23.9 pos '356.3 -256.4 -296.0' spd 365.5 yaw 196.3 mode 2 st 0 gl 3 hp 65 frg 1
ARGLOG Joe Rogan t  23.9 pos '112.0 -326.0 -405.1' spd   0.3 yaw   9.9 mode 2 st 0 gl 1 hp 1 frg 2
ARGEVT Joe Rogan death world pos '112.0 -326.0 -405.1'
ARGLOG labfoe t  23.9 pos '112.0 -1136.0 -104.0' spd 0 yaw  68.9 mode 0 st 0 gl 0 hp 100 frg 0
ARGLOG Romero t  24.1 pos '  2.0 486.1 -296.0' spd 328.6 yaw 261 mode 2 st 0 gl 1 hp 200 frg 2
ARGEVT Carmack hazard
ARGLOG Carmack t  24.4 pos '197.2 -272.9 -296.0' spd 366.3 yaw 15 mode 2 st 0 gl 3 hp 65 frg 1
ARGLOG labfoe t  24.4 pos '112.0 -1136.0 -104.0' spd 0 yaw  68.9 mode 0 st 0 gl 0 hp 100 frg 0
ARGEVT Romero hazard
ARGLOG Romero t  24.6 pos ' 68.7 403.1 -296.0' spd  72.7 yaw 241 mode 2 st 0 gl 1 hp 200 frg 2
ARGEVT Carmack jump
ARGEVT Carmack route 5 start '113.0 -279.0 -296.0' goal '177.0 -55.0 -104.0'
ARGLOG Carmack t  24.9 pos '269.2 -273.7 -258.2' spd 321.0 yaw  85.3 mode 2 st 0 gl 3 hp 65 frg 1
ARGLOG labfoe t  24.9 pos '112.0 -1136.0 -104.0' spd 0 yaw  68.9 mode 0 st 0 gl 0 hp 100 frg 0
ARGLOG Romero t  25.2 pos '-71.4 329.3 -296.0' spd 397.7 yaw 305.6 mode 2 st 0 gl 1 hp 200 frg 2
ARGLOG Carmack t  25.4 pos '295.3 -202.2 -296.0' spd 321.4 yaw 107 mode 2 st 0 gl 3 hp 65 frg 1
ARGEVT Joe Rogan respawn
ARGEVT Romero engage Joe Rogan
ARGEVT Carmack rjump
ARGLOG labfoe t  25.5 pos '112.0 -1136.0 -104.0' spd 0 yaw  68.9 mode 0 st 0 gl 0 hp 100 frg 0
ARGEVT Joe Rogan goal backpack
ARGEVT Joe Rogan engage Romero
ARGLOG Joe Rogan t  25.5 pos '-64.0 512.0 -296.0' spd 0 yaw 269.0 mode 0 st 0 gl 1 hp 100 frg 1
ARGEVT Joe Rogan route 5 start '-15.0 553.0 -296.0' goal '113.0 -279.0 -296.0'
ARGLOG Romero t  25.7 pos '-77.5 223.5 -296.0' spd 133.6 yaw  98.5 mode 2 st 0 gl 1 hp 200 frg 2
ARGLOG Carmack t  25.9 pos '142.0 -268.4 -266.5' spd 323.6 yaw 171.1 mode 0 st 0 gl 3 hp 65 frg 1
ARGLOG labfoe t  26.0 pos '112.0 -1136.0 -104.0' spd 0 yaw  68.9 mode 0 st 0 gl 0 hp 100 frg 0
ARGLOG Joe Rogan t  26.0 pos '-57.5 490.4 -296.0' spd 320.2 yaw 262.1 mode 2 st 0 gl 1 hp 100 frg 1
ARGEVT Carmack route 5 start '113.0 -279.0 -296.0' goal '177.0 -55.0 -104.0'
ARGEVT Carmack hazard
ARGLOG Romero t  26.2 pos '-79.6 225.9 -296.0' spd  84.0 yaw  74.9 mode 2 st 0 gl 1 hp 180 frg 2
ARGLOG Carmack t  26.4 pos ' 65.3 -236.6 -296.0' spd 358.0 yaw 16 mode 2 st 0 gl 3 hp 65 frg 1
ARGLOG labfoe t  26.5 pos '112.0 -1136.0 -104.0' spd 0 yaw  68.9 mode 0 st 0 gl 0 hp 100 frg 0
ARGLOG Joe Rogan t  26.5 pos '-78.4 511.9 -296.0' spd 324.0 yaw 271.5 mode 2 st 0 gl 1 hp 76 frg 1
ARGLOG Romero t  26.7 pos '-66.8 246.0 -296.0' spd 116.5 yaw  99.3 mode 2 st 0 gl 1 hp 156 frg 2
ARGEVT Carmack engage Romero
ARGLOG Carmack t  27.0 pos '-53.9 -209.7 -296.0' spd 320.4 yaw  76.7 mode 2 st 0 gl 3 hp 65 frg 1
ARGLOG labfoe t  27.0 pos '112.0 -1136.0 -104.0' spd 0 yaw  68.9 mode 0 st 0 gl 0 hp 100 frg 0
ARGLOG Joe Rogan t  27.1 pos '-23.4 529.7 -296.0' spd 325.8 yaw 259.5 mode 2 st 0 gl 1 hp 52 frg 1
ARGEVT Joe Rogan hazard
ARGEVT Carmack route 6 start '-111.0 -247.0 -296.0' goal '177.0 -55.0 -104.0'
ARGLOG Romero t  27.2 pos '-82.8 230.1 -296.0' spd 241.0 yaw  82.1 mode 2 st 0 gl 1 hp 152 frg 2
ARGLOG Carmack t  27.5 pos '-33.7 -216.1 -296.0' spd 144.8 yaw  89.9 mode 2 st 0 gl 3 hp 57 frg 1
ARGLOG labfoe t  27.5 pos '112.0 -1136.0 -104.0' spd 0 yaw  68.9 mode 0 st 0 gl 0 hp 100 frg 0
ARGLOG Joe Rogan t  27.6 pos '-115.0 553.2 -296.0' spd  91.2 yaw 283.9 mode 2 st 0 gl 1 hp 36 frg 1
ARGEVT Joe Rogan retreat
ARGEVT Romero hazard
ARGLOG Romero t  27.7 pos '-99.3 237.7 -296.0' spd 290.6 yaw  87.5 mode 2 st 0 gl 1 hp 136 frg 2
ARGEVT Carmack route 15 start '-111.0 -247.0 -296.0' goal '177.0 -55.0 -104.0'
ARGLOG Carmack t  28.0 pos '-40.0 -198.9 -296.0' spd 107.4 yaw  82.7 mode 2 st 0 gl 3 hp 55 frg 1
ARGLOG labfoe t  28.0 pos '112.0 -1136.0 -104.0' spd 0 yaw  68.9 mode 0 st 0 gl 0 hp 100 frg 0
ARGLOG Joe Rogan t  28.1 pos '-59.1 622.5 -296.0' spd  84.4 yaw 271.7 mode 2 st 0 gl 1 hp 12 frg 1
ARGEVT Joe Rogan death Romero pos '-64.5 619.9 -296.0'
ARGUS Romero watch spawn
ARGEVT Romero engage Carmack
ARGEVT Romero goal weapon_rocketlauncher
ARGLOG Romero t  28.2 pos '-96.6 221.0 -296.0' spd  65.8 yaw 338.9 mode 0 st 0 gl 1 hp 136 frg 3
ARGEVT Romero route 2 start '-143.0 233.0 -296.0' goal ' 49.0 105.0 -296.0'
ARGEVT Romero retreat
ARGLOG Carmack t  28.5 pos '-49.8 -156.2 -296.0' spd 126.4 yaw  87.2 mode 2 st 0 gl 3 hp 55 frg 1
ARGLOG labfoe t  28.6 pos '112.0 -1136.0 -104.0' spd 0 yaw  68.9 mode 0 st 0 gl 0 hp 100 frg 0
ARGLOG Romero t  28.8 pos '-47.2 352.0 -162.3' spd 110.8 yaw 267.8 mode 2 st 0 gl 1 hp 17 frg 3
ARGEVT Carmack weapon ng
ARGLOG Carmack t  29.0 pos '-55.1 -114.8 -296.0' spd  87.2 yaw  88.0 mode 2 st 0 gl 3 hp 39 frg 1
ARGLOG labfoe t  29.1 pos '112.0 -1136.0 -104.0' spd 0 yaw  68.9 mode 0 st 0 gl 0 hp 100 frg 0
ARGLOG Romero t  29.3 pos '-63.3 356.3 -296.0' spd  47.5 yaw 271.2 mode 2 st 0 gl 1 hp 17 frg 3
ARGLOG Carmack t  29.5 pos '-45.6 -79.9 -296.0' spd  96.7 yaw  88.1 mode 2 st 0 gl 3 hp 19 frg 1
ARGLOG labfoe t  29.6 pos '112.0 -1136.0 -104.0' spd 0 yaw  68.9 mode 0 st 0 gl 0 hp 100 frg 0
ARGEVT Joe Rogan respawn
ARGEVT Joe Rogan goal backpack
ARGLOG Joe Rogan t  29.7 pos '784.0 -176.0  24.0' spd 0 yaw 193 mode 0 st 0 gl 1 hp 100 frg 1
ARGEVT Joe Rogan route 4 start '753.0 -151.0  24.0' goal '113.0 -279.0 -296.0'
ARGEVT Carmack death Romero pos '-32.0 -51.5 -296.0'
ARGLOG Romero t  29.8 pos '-88.3 319.4 -296.0' spd 152.5 yaw 277.9 mode 2 st 0 gl 1 hp 17 frg 4
ARGEVT Romero goal item_health
ARGEVT Romero hazard
ARGEVT Romero route 8 start '-47.0 329.0 -296.0' goal '529.0  73.0 -296.0'
ARGLOG labfoe t  30.1 pos '112.0 -1136.0 -104.0' spd 0 yaw  68.9 mode 0 st 0 gl 0 hp 100 frg 0
ARGLOG Joe Rogan t  30.2 pos '630.3 -191.0  24.0' spd 320.9 yaw 196 mode 2 st 0 gl 1 hp 100 frg 1
ARGLOG Romero t  30.3 pos '-44.2 376.2 -296.0' spd 215.0 yaw 270 mode 2 st 0 gl 1 hp 8 frg 4
ARGLOG labfoe t  30.6 pos '112.0 -1136.0 -104.0' spd 0 yaw  68.9 mode 0 st 0 gl 0 hp 100 frg 0
ARGLOG Joe Rogan t  30.7 pos '447.9 -184.8 -20.0' spd 325.3 yaw 231 mode 2 st 0 gl 1 hp 100 frg 1
ARGLOG Romero t  30.8 pos '-42.5 212.0 -296.0' spd 320.0 yaw 269 mode 2 st 0 gl 1 hp 8 frg 4
ARGLOG labfoe t  31.1 pos '112.0 -1136.0 -104.0' spd 0 yaw  68.9 mode 0 st 0 gl 0 hp 100 frg 0
ARGLOG Joe Rogan t  31.2 pos '279.6 -189.5 -263.8' spd 326.5 yaw 315 mode 2 st 0 gl 1 hp 100 frg 1
ARGLOG Romero t  31.3 pos '-43.6  47.2 -296.0' spd 320.0 yaw 268 mode 2 st 0 gl 1 hp 8 frg 4
ARGEVT Carmack respawn
ARGEVT Carmack goal weapon_rocketlauncher
ARGLOG Carmack t  31.4 pos '776.0 -808.0 -232.0' spd 0 yaw 107.0 mode 0 st 0 gl 3 hp 100 frg 1
ARGEVT Carmack route 7 start '817.0 -855.0 -232.0' goal ' 49.0 105.0 -296.0'
ARGEVT Joe Rogan hazard
ARGEVT Carmack hazard
ARGLOG labfoe t  31.6 pos '112.0 -1136.0 -104.0' spd 0 yaw  68.9 mode 0 st 0 gl 0 hp 100 frg 0
ARGLOG Joe Rogan t  31.7 pos '365.1 -231.7 -296.0' spd 337.9 yaw  44.0 mode 2 st 0 gl 1 hp 95 frg 1
ARGLOG Romero t  31.8 pos '-63.9 -116.6 -296.0' spd 321.7 yaw 340 mode 2 st 0 gl 1 hp 8 frg 4
ARGLOG Carmack t  31.9 pos '720.0 -836.4 -232.0' spd 328.1 yaw 110 mode 2 st 0 gl 3 hp 100 frg 1
ARGEVT Joe Rogan engage Romero
ARGEVT Romero engage Joe Rogan
ARGEVT Romero retreat
ARGLOG labfoe t  32.2 pos '112.0 -1136.0 -104.0' spd 0 yaw  68.9 mode 0 st 0 gl 0 hp 100 frg 0
ARGEVT Joe Rogan route 2 start '497.0 -247.0 -296.0' goal '113.0 -279.0 -296.0'
ARGEVT Romero hazard
ARGEVT Carmack route 5 start '337.0   9.0 -296.0' goal ' 49.0 105.0 -296.0'
ARGLOG Joe Rogan t  32.3 pos '475.9 -254.5 -296.0' spd 335.0 yaw 170.2 mode 2 st 0 gl 1 hp 95 frg 1
ARGLOG Romero t  32.4 pos '-25.1 -157.7 -296.0' spd 327.9 yaw   2.9 mode 2 st 0 gl 1 hp 8 frg 4
ARGEVT Joe Rogan route 2 start '497.0 -247.0 -296.0' goal '113.0 -279.0 -296.0'
ARGLOG Carmack t  32.4 pos '368.0 -36.7 -296.0' spd 300 yaw 211 mode 2 st 0 gl 3 hp 100 frg 1
ARGEVT Carmack engage Joe Rogan
ARGEVT Joe Rogan hazard
ARGEVT Joe Rogan pursue
ARGLOG labfoe t  32.7 pos '112.0 -1136.0 -104.0' spd 0 yaw  68.9 mode 0 st 0 gl 0 hp 100 frg 0
ARGUS routecache adopt
ARGEVT Joe Rogan route 2 start '497.0 -247.0 -296.0' goal '113.0 -279.0 -296.0'
ARGLOG Joe Rogan t  32.8 pos '452.5 -271.3 -296.0' spd 271.9 yaw 170 mode 0 st 0 gl 1 hp 95 frg 1
ARGLOG Romero t  32.9 pos '-16.0  -8.2 -296.0' spd 355.0 yaw 345.1 mode 2 st 0 gl 1 hp 8 frg 4
ARGLOG Carmack t  32.9 pos '363.1 -64.5 -296.0' spd 241.4 yaw 272.5 mode 2 st 0 gl 3 hp 100 frg 1
ARGLOG labfoe t  33.2 pos '112.0 -1136.0 -104.0' spd 0 yaw  68.9 mode 0 st 0 gl 0 hp 100 frg 0
ARGLOG Joe Rogan t  33.3 pos '283.1 -269.9 -296.0' spd 324.9 yaw 165 mode 2 st 0 gl 1 hp 79 frg 1
ARGLOG Romero t  33.4 pos '-16.0 -80.1 -296.0' spd 346.9 yaw 303 mode 2 st 0 gl 1 hp 8 frg 4
ARGLOG Carmack t  33.4 pos '354.8 -118.5 -296.0' spd 328.0 yaw 217.7 mode 2 st 0 gl 3 hp 100 frg 1
ARGLOG labfoe t  33.7 pos '112.0 -1136.0 -104.0' spd 0 yaw  68.9 mode 0 st 0 gl 0 hp 100 frg 0
ARGLOG Joe Rogan t  33.8 pos '139.4 -218.8 -296.0' spd 371.6 yaw 171.1 mode 2 st 0 gl 1 hp 55 frg 1
ARGEVT Joe Rogan hazard
ARGLOG Romero t  33.9 pos '-49.0 -180.7 -296.0' spd 329.0 yaw 338.2 mode 2 st 0 gl 1 hp 8 frg 4
ARGLOG Carmack t  34.0 pos '381.0 -223.6 -296.0' spd 322.1 yaw 185.8 mode 2 st 0 gl 3 hp 100 frg 1
ARGEVT Carmack hazard
ARGLOG labfoe t  34.2 pos '112.0 -1136.0 -104.0' spd 0 yaw  68.9 mode 0 st 0 gl 0 hp 100 frg 0
ARGLOG Joe Rogan t  34.3 pos '165.5 -254.9 -296.0' spd 274.3 yaw 135.5 mode 1 st 0 gl 1 hp 13 frg 1
ARGEVT Romero pursue
ARGEVT Joe Rogan pursue
ARGUS Romero hunch 
ARGLOG Romero t  34.4 pos '-31.4 -49.8 -296.0' spd 302.1 yaw  98.1 mode 2 st 0 gl 1 hp 8 frg 4
ARGLOG Carmack t  34.5 pos '383.8 -154.9 -296.0' spd 328.1 yaw 200.4 mode 2 st 0 gl 3 hp 100 frg 1
ARGEVT Joe Rogan death Carmack pos ' 78.0 -248.0 -296.0'
ARGUS Carmack watch spawn
ARGEVT Romero goal weapon_rocketlauncher
ARGEVT Romero route 1 start '-79.0 -23.0 -296.0' goal ' 49.0 105.0 -296.0'
ARGEVT Carmack goal weapon_lightning
ARGLOG labfoe t  34.7 pos '112.0 -1136.0 -104.0' spd 0 yaw  68.9 mode 0 st 0 gl 0 hp 100 frg 0
ARGEVT Carmack route 10 start '305.0 -87.0 -296.0' goal '529.0 -311.0 -104.0'
ARGEVT Romero hazard
ARGLOG Romero t  34.9 pos ' 11.0  94.2 -296.0' spd 370.2 yaw  15.4 mode 1 st 0 gl 1 hp 8 frg 4
ARGLOG Carmack t  35.0 pos '332.6 -72.4 -296.0' spd 296.2 yaw 332 mode 2 st 0 gl 3 hp 100 frg 2
ARGLOG labfoe t  35.2 pos '112.0 -1136.0 -104.0' spd 0 yaw  68.9 mode 0 st 0 gl 0 hp 100 frg 0
ARGLOG Romero t  35.4 pos '100.4  61.3 -296.0' spd 134.1 yaw  60.9 mode 1 st 0 gl 1 hp 8 frg 4
ARGLOG Carmack t  35.5 pos '412.6 -219.7 -296.0' spd 330.0 yaw 283.8 mode 2 st 0 gl 3 hp 100 frg 2
ARGEVT Carmack hazard
ARGLOG labfoe t  35.8 pos '112.0 -1136.0 -104.0' spd 0 yaw  68.9 mode 0 st 0 gl 0 hp 100 frg 0
ARGEVT Romero hazard
ARGLOG Romero t  36.0 pos ' 29.9 124.5 -296.0' spd 123.7 yaw  24.7 mode 1 st 0 gl 1 hp 8 frg 4
ARGLOG Carmack t  36.0 pos '418.6 -271.4 -296.0' spd 322.6 yaw 171 mode 2 st 0 gl 3 hp 100 frg 2
ARGEVT Joe Rogan respawn
ARGEVT Joe Rogan goal weapon_supernailgun
ARGLOG Joe Rogan t  36.1 pos '-64.0 -232.0 -72.0' spd 0 yaw 11 mode 0 st 0 gl 1 hp 100 frg 1
ARGEVT Joe Rogan route 7 start '-47.0 -215.0 -72.0' goal '177.0 -55.0 -104.0'
ARGLOG labfoe t  36.3 pos '112.0 -1136.0 -104.0' spd 0 yaw  68.9 mode 0 st 0 gl 0 hp 100 frg 0
ARGLOG Romero t  36.5 pos ' 89.0  55.1 -296.0' spd 125.0 yaw  24.4 mode 1 st 0 gl 1 hp 8 frg 4
ARGLOG Carmack t  36.5 pos '262.3 -238.4 -296.0' spd 329.8 yaw 176 mode 2 st 0 gl 3 hp 100 frg 2
ARGLOG Joe Rogan t  36.6 pos ' 88.0 -208.0 -72.0' spd 323.8 yaw 13 mode 2 st 0 gl 1 hp 100 frg 1
ARGLOG labfoe t  36.8 pos '112.0 -1136.0 -104.0' spd 0 yaw  68.9 mode 0 st 0 gl 0 hp 100 frg 0
ARGEVT Carmack hazard
ARGEVT Carmack route 12 start '209.0 -183.0 -296.0' goal '529.0 -311.0 -104.0'
ARGEVT Joe Rogan jump
ARGLOG Romero t  37.0 pos ' 46.5 115.6 -296.0' spd  77.4 yaw 351.4 mode 1 st 0 gl 1 hp 8 frg 4
ARGLOG Carmack t  37.0 pos ' 97.0 -264.8 -296.0' spd 156.8 yaw 24 mode 2 st 0 gl 3 hp 100 frg 2
ARGEVT Joe Rogan route 7 start '177.0 -215.0 -72.0' goal '177.0 -55.0 -104.0'
ARGEVT Joe Rogan engage Carmack
ARGLOG Joe Rogan t  37.1 pos '251.1 -181.1 -34.3' spd 320.1 yaw 262.2 mode 2 st 0 gl 1 hp 100 frg 1
ARGEVT Carmack engage Joe Rogan
ARGEVT Romero hazard
ARGEVT Romero goal item_health
ARGLOG labfoe t  37.3 pos '112.0 -1136.0 -104.0' spd 0 yaw  68.9 mode 0 st 0 gl 0 hp 100 frg 0
ARGEVT Romero route 7 start ' 49.0 105.0 -296.0' goal '529.0  73.0 -296.0'
ARGLOG Romero t  37.5 pos ' 74.0 107.2 -296.0' spd 335.7 yaw 167.6 mode 2 st 0 gl 2 hp 8 frg 4
ARGLOG Carmack t  37.5 pos ' -4.0 -238.8 -296.0' spd 151.7 yaw   8.7 mode 2 st 0 gl 3 hp 100 frg 2
ARGEVT Joe Rogan grab item_armor1
ARGLOG Joe Rogan t  37.7 pos '416.6 -167.3 -115.1' spd 351.2 yaw 198.6 mode 2 st 0 gl 1 hp 96 frg 1
ARGEVT Romero engage Carmack
ARGEVT Romero retreat
ARGLOG labfoe t  37.8 pos '112.0 -1136.0 -104.0' spd 0 yaw  68.9 mode 0 st 0 gl 0 hp 100 frg 0
ARGLOG Romero t  38.0 pos '-83.9  48.4 -296.0' spd 320.6 yaw 298.2 mode 2 st 0 gl 2 hp 8 frg 4
ARGEVT Joe Rogan hazard
ARGLOG Carmack t  38.1 pos '-16.0 -116.9 -296.0' spd 321.2 yaw 357.6 mode 2 st 0 gl 3 hp 96 frg 2
ARGEVT Romero weapon ng
ARGLOG Joe Rogan t  38.2 pos '425.5 -186.1 -296.0' spd 295.3 yaw 233.7 mode 2 st 0 gl 1 hp 96 frg 1
ARGEVT Romero weapon rl
ARGEVT Joe Rogan pursue
ARGEVT Romero death Romero pos '-166.6  48.0 -296.0'
ARGEVT Carmack hazard
ARGLOG labfoe t  38.3 pos '112.0 -1136.0 -104.0' spd 0 yaw  68.9 mode 0 st 0 gl 0 hp 100 frg 0
ARGLOG Carmack t  38.6 pos '-16.0 -188.6 -296.0' spd 189.0 yaw 347.2 mode 2 st 0 gl 3 hp 96 frg 2
ARGLOG Joe Rogan t  38.7 pos '318.4 -263.2 -296.0' spd 184.5 yaw 168.3 mode 2 st 0 gl 1 hp 72 frg 1
ARGLOG labfoe t  38.8 pos '112.0 -1136.0 -104.0' spd 0 yaw  68.9 mode 0 st 0 gl 0 hp 100 frg 0
ARGEVT Joe Rogan hazard
ARGLOG Carmack t  39.1 pos ' -3.1 -208.0 -296.0' spd  38.9 yaw   2.8 mode 2 st 0 gl 3 hp 96 frg 2
ARGLOG Joe Rogan t  39.2 pos '408.0 -167.1 -296.0' spd 197.2 yaw 190.5 mode 2 st 0 gl 1 hp 56 frg 1
ARGLOG labfoe t  39.3 pos '112.0 -1136.0 -104.0' spd 0 yaw  68.9 mode 0 st 0 gl 0 hp 100 frg 0
ARGLOG Carmack t  39.6 pos ' -9.8 -208.0 -296.0' spd  83.4 yaw  26.4 mode 2 st 0 gl 3 hp 84 frg 2
ARGLOG Joe Rogan t  39.7 pos '359.1  -9.7 -296.0' spd 322.9 yaw 209.3 mode 2 st 0 gl 1 hp 56 frg 1
ARGEVT Romero respawn
ARGEVT Romero goal backpack
ARGEVT Romero engage Carmack
ARGLOG Romero t  39.8 pos '-64.0 512.0 -296.0' spd 0 yaw 269.2 mode 0 st 0 gl 2 hp 100 frg 3
ARGEVT Romero route 3 start '-15.0 553.0 -296.0' goal '-143.0 105.0 -296.0'
ARGEVT Romero grab 
ARGLOG labfoe t  39.9 pos '112.0 -1136.0 -104.0' spd 0 yaw  68.9 mode 0 st 0 gl 0 hp 100 frg 0
ARGEVT Carmack hazard
ARGEVT Joe Rogan hazard
ARGLOG Carmack t  40.1 pos '-34.4 -59.0 -296.0' spd 407.8 yaw 352.8 mode 2 st 0 gl 3 hp 84 frg 2
ARGLOG Joe Rogan t  40.2 pos '336.0  79.5 -288.0' spd 242.9 yaw 274 mode 0 st 0 gl 1 hp 56 frg 1
ARGUS routecache adopt
ARGEVT Romero route 3 start '-15.0 553.0 -296.0' goal '-143.0 105.0 -296.0'
ARGLOG Romero t  40.3 pos '-22.1 561.7 -296.0' spd 253.6 yaw 274.1 mode 2 st 0 gl 2 hp 100 frg 3
ARGEVT Joe Rogan route 14 start '369.0 105.0 -288.0' goal '177.0 -55.0 -104.0'
ARGLOG labfoe t  40.4 pos '112.0 -1136.0 -104.0' spd 0 yaw  68.9 mode 0 st 0 gl 0 hp 100 frg 0
ARGLOG Carmack t  40.6 pos '-23.9  34.4 -296.0' spd 117.3 yaw 338.6 mode 0 st 0 gl 3 hp 84 frg 2
ARGLOG Joe Rogan t  40.7 pos '356.7 -85.6 -296.0' spd 325.5 yaw 295 mode 2 st 0 gl 1 hp 56 frg 1
ARGEVT Joe Rogan pursue
ARGLOG Romero t  40.8 pos '-141.8 457.0 -296.0' spd 320.0 yaw 288.0 mode 2 st 0 gl 2 hp 100 frg 3
ARGLOG labfoe t  40.9 pos '112.0 -1136.0 -104.0' spd 0 yaw  68.9 mode 0 st 0 gl 0 hp 100 frg 0
ARGEVT Carmack pursue
ARGEVT Carmack route 12 start '-47.0  73.0 -296.0' goal '529.0 -311.0 -104.0'
ARGEVT Romero hazard
ARGLOG Carmack t  41.1 pos ' 41.4  50.7 -296.0' spd 331.0 yaw 339 mode 2 st 0 gl 3 hp 72 frg 2
ARGEVT Joe Rogan hazard
ARGUS Carmack hunch item_artifact_super_damage
ARGEVT Carmack hazard
ARGUS Joe Rogan hunch 
ARGLOG Joe Rogan t  41.3 pos '348.6 -254.3 -296.0' spd 382.6 yaw 247.8 mode 2 st 0 gl 1 hp 56 frg 1
ARGEVT Carmack goal weapon_lightning
ARGEVT Carmack pursue
ARGEVT Joe Rogan pursue
ARGLOG Romero t  41.4 pos '-182.0 424.8 -296.0' spd 321.0 yaw 304.1 mode 2 st 0 gl 2 hp 100 frg 3
ARGEVT Carmack route 13 start ' 49.0 105.0 -296.0' goal '529.0 -311.0 -104.0'
ARGLOG labfoe t  41.4 pos '112.0 -1136.0 -104.0' spd 0 yaw  68.9 mode 0 st 0 gl 0 hp 100 frg 0
ARGEVT Joe Rogan goal backpack
ARGEVT Joe Rogan route 2 start '401.0 -279.0 -296.0' goal '113.0 -279.0 -296.0'
ARGEVT Carmack pursue
ARGLOG Carmack t  41.7 pos ' 59.4  49.0 -296.0' spd 327.0 yaw 185.1 mode 2 st 0 gl 3 hp 48 frg 2
ARGEVT Joe Rogan pursue
ARGLOG Joe Rogan t  41.8 pos '323.5 -247.4 -296.0' spd 369.9 yaw 177 mode 2 st 0 gl 1 hp 56 frg 1
ARGEVT Carmack pursue
ARGLOG Romero t  41.9 pos '-12.3 441.2 -296.0' spd 324.4 yaw 271.7 mode 2 st 0 gl 2 hp 100 frg 3
ARGLOG labfoe t  41.9 pos '112.0 -1136.0 -104.0' spd 0 yaw  68.9 mode 0 st 0 gl 0 hp 100 frg 0
ARGLOG Carmack t  42.2 pos '-78.8 -25.7 -296.0' spd 350.0 yaw 270 mode 2 st 0 gl 3 hp 28 frg 2
ARGLOG Joe Rogan t  42.3 pos '154.7 -241.6 -296.0' spd 333.5 yaw 222 mode 2 st 0 gl 1 hp 56 frg 1
ARGEVT Joe Rogan hazard
ARGLOG Romero t  42.4 pos ' 97.1 391.6 -296.0' spd 320.0 yaw 249.9 mode 2 st 0 gl 2 hp 100 frg 3
ARGEVT Romero hazard
ARGEVT Carmack engage Romero
ARGEVT Carmack retreat
ARGLOG labfoe t  42.4 pos '112.0 -1136.0 -104.0' spd 0 yaw  68.9 mode 0 st 0 gl 0 hp 100 frg 0
ARGEVT Joe Rogan engage Carmack
ARGLOG Carmack t  42.7 pos '-80.0 -195.7 -296.0' spd 330.3 yaw  78.9 mode 2 st 0 gl 3 hp 8 frg 2
ARGLOG Joe Rogan t  42.8 pos '124.8 -240.2 -296.0' spd 293.3 yaw 173.3 mode 1 st 0 gl 1 hp 56 frg 1
ARGEVT Carmack death Joe Rogan pos '-88.7 -262.6 -296.0'
ARGUS Joe Rogan watch spawn
ARGLOG Romero t  42.9 pos ' 84.8 414.3 -296.0' spd 276.0 yaw 234 mode 2 st 0 gl 2 hp 88 frg 3
ARGLOG labfoe t  43.0 pos '112.0 -1136.0 -104.0' spd 0 yaw  68.9 mode 0 st 0 gl 0 hp 100 frg 0
ARGEVT Joe Rogan goal backpack
ARGUS routecache adopt
ARGEVT Joe Rogan route 0 start '113.0 -279.0 -296.0' goal '113.0 -279.0 -296.0'
ARGLOG Joe Rogan t  43.3 pos '161.4 -264.1 -296.0' spd 197.9 yaw 172 mode 2 st 0 gl 1 hp 56 frg 2
ARGLOG Romero t  43.4 pos ' 61.1 402.6 -296.0' spd 362.7 yaw 236 mode 2 st 0 gl 2 hp 88 frg 3
ARGEVT Romero hazard
ARGLOG labfoe t  43.5 pos '112.0 -1136.0 -104.0' spd 0 yaw  68.9 mode 0 st 0 gl 0 hp 100 frg 0
ARGEVT Romero engage Joe Rogan
ARGEVT Joe Rogan engage Romero
ARGEVT Joe Rogan grab 
ARGLOG Joe Rogan t  43.8 pos ' -1.4 -241.2 -296.0' spd 320.0 yaw 134.6 mode 1 st 0 gl 1 hp 56 frg 2
ARGLOG Romero t  43.9 pos '-91.6 325.4 -296.0' spd 353.8 yaw 273.7 mode 2 st 0 gl 2 hp 88 frg 3
ARGLOG labfoe t  44.0 pos '112.0 -1136.0 -104.0' spd 0 yaw  68.9 mode 0 st 0 gl 0 hp 100 frg 0
ARGEVT Romero grab 
ARGLOG Joe Rogan t  44.3 pos '-37.8 -202.2 -296.0' spd 329.2 yaw  91.9 mode 1 st 0 gl 1 hp 36 frg 2
ARGLOG Romero t  44.4 pos '-109.5 196.7 -296.0' spd 343.9 yaw 281.2 mode 1 st 0 gl 2 hp 88 frg 3
ARGEVT Carmack respawn
ARGEVT Romero hazard
ARGEVT Carmack goal backpack
ARGEVT Carmack engage Romero
ARGLOG Carmack t  44.5 pos '-64.0 512.0 -296.0' spd 0 yaw 262.2 mode 0 st 0 gl 3 hp 100 frg 2
ARGLOG labfoe t  44.5 pos '112.0 -1136.0 -104.0' spd 0 yaw  68.9 mode 0 st 0 gl 0 hp 100 frg 0
ARGEVT Carmack route 3 start '-15.0 553.0 -296.0' goal '-143.0 105.0 -296.0'
ARGEVT Carmack goal weapon_lightning
ARGEVT Romero goal item_health
ARGEVT Carmack route 15 start '-111.0 457.0 -296.0' goal '529.0 -311.0 -104.0'
ARGLOG Joe Rogan t  44.9 pos '-38.2 -203.1 -296.0' spd 320.5 yaw  88.4 mode 1 st 0 gl 1 hp 36 frg 2
ARGLOG Romero t  45.0 pos '-19.4  73.3 -296.0' spd 405.1 yaw 264.5 mode 0 st 0 gl 2 hp 60 frg 3
ARGEVT Romero route 4 start '-47.0  73.0 -296.0' goal '-15.0 553.0 -296.0'
ARGEVT Romero retreat
ARGLOG Carmack t  45.0 pos '-86.0 484.8 -296.0' spd 321.3 yaw 284.0 mode 2 st 0 gl 3 hp 100 frg 2
ARGLOG labfoe t  45.0 pos '112.0 -1136.0 -104.0' spd 0 yaw  68.9 mode 0 st 0 gl 0 hp 100 frg 0
ARGLOG Joe Rogan t  45.4 pos '-62.0 -259.9 -296.0' spd 292.8 yaw  67.7 mode 1 st 0 gl 1 hp 36 frg 2
ARGEVT Joe Rogan pursue
ARGEVT Romero pursue
ARGLOG Romero t  45.5 pos '102.2 114.3 -296.0' spd  50.3 yaw 248 mode 2 st 0 gl 2 hp 14 frg 3
ARGLOG Carmack t  45.5 pos '-38.0 450.3 -296.0' spd 320.7 yaw 293.6 mode 2 st 0 gl 3 hp 100 frg 2
ARGLOG labfoe t  45.5 pos '112.0 -1136.0 -104.0' spd 0 yaw  68.9 mode 0 st 0 gl 0 hp 100 frg 0
ARGEVT Carmack hazard
ARGUS Romero hunch 
ARGEVT Romero goal item_health
ARGEVT Romero route 5 start ' 49.0 105.0 -296.0' goal '-15.0 553.0 -296.0'
ARGEVT Romero pursue
ARGEVT Romero death Carmack pos ' 66.3  93.5 -296.0'
ARGUS Carmack watch spawn
ARGEVT Joe Rogan engage Carmack
ARGLOG Joe Rogan t  45.9 pos '-27.2 -130.6 -296.0' spd 320.3 yaw  90.5 mode 1 st 0 gl 1 hp 36 frg 2
ARGEVT Carmack engage Joe Rogan
ARGEVT Carmack goal backpack
ARGEVT Carmack route 4 start ' 81.0 393.0 -296.0' goal ' 49.0 105.0 -296.0'
ARGLOG Carmack t  46.0 pos ' 43.7 427.4 -296.0' spd  89.5 yaw 254.6 mode 2 st 0 gl 3 hp 100 frg 3
ARGLOG labfoe t  46.0 pos '112.0 -1136.0 -104.0' spd 0 yaw  68.9 mode 0 st 0 gl 0 hp 100 frg 0
ARGEVT Joe Rogan grab 
ARGLOG Joe Rogan t  46.4 pos '-50.8 -22.7 -296.0' spd 289.4 yaw  92.3 mode 1 st 0 gl 1 hp 36 frg 2
ARGEVT Carmack goal item_health
ARGLOG Carmack t  46.5 pos '-119.6 436.6 -296.0' spd 327.6 yaw 278.7 mode 1 st 0 gl 3 hp 80 frg 3
ARGLOG labfoe t  46.5 pos '112.0 -1136.0 -104.0' spd 0 yaw  68.9 mode 0 st 0 gl 0 hp 100 frg 0
ARGEVT Joe Rogan retreat
ARGLOG Joe Rogan t  46.9 pos '-125.7  82.7 -296.0' spd 310.3 yaw 112.6 mode 1 st 0 gl 1 hp 12 frg 2
ARGEVT Carmack hazard
ARGLOG Carmack t  47.1 pos '-185.9 414.7 -296.0' spd 321.3 yaw 281.9 mode 1 st 0 gl 3 hp 80 frg 3
ARGLOG labfoe t  47.1 pos '112.0 -1136.0 -104.0' spd 0 yaw  68.9 mode 0 st 0 gl 0 hp 100 frg 0
ARGEVT Romero respawn
ARGEVT Joe Rogan death Carmack pos '  1.4  65.5 -296.0'
ARGEVT Romero goal item_armorInv
ARGLOG Romero t  47.4 pos '272.0 -952.0  24.0' spd 0 yaw 343.7 mode 0 st 0 gl 2 hp 100 frg 3
ARGEVT Romero route 13 start '305.0 -983.0  24.0' goal '817.0 -855.0 -232.0'
ARGEVT Carmack goal item_health
ARGLOG Carmack t  47.6 pos ' -2.2 474.4 -296.0' spd 352.5 yaw  63.8 mode 1 st 0 gl 3 hp 9 frg 4
ARGLOG labfoe t  47.6 pos '112.0 -1136.0 -104.0' spd 0 yaw  39.4 mode 0 st 0 gl 0 hp 100 frg 0
ARGEVT Romero engage labfoe
ARGEVT Romero grab weapon_supershotgun
ARGLOG Romero t  47.9 pos '328.8 -1083.7  24.0' spd 239.2 yaw 196.9 mode 2 st 0 gl 2 hp 100 frg 3
ARGLOG Carmack t  48.1 pos '-69.6 608.3 -296.0' spd 351.4 yaw 196.3 mode 1 st 0 gl 3 hp 9 frg 4
ARGLOG labfoe t  48.1 pos '112.0 -1136.0 -104.0' spd 0 yaw  21.1 mode 0 st 0 gl 0 hp 100 frg 0
ARGEVT Carmack hazard
ARGLOG Romero t  48.5 pos '314.5 -1051.1  24.0' spd 349.4 yaw 182.0 mode 2 st 0 gl 2 hp 100 frg 3
ARGEVT Romero hazard
ARGEVT Romero pursue
ARGLOG Carmack t  48.6 pos '-101.5 468.7 -296.0' spd 394.2 yaw   0.8 mode 1 st 0 gl 3 hp 9 frg 4
ARGLOG labfoe t  48.6 pos '112.0 -1136.0 -104.0' spd 0 yaw  15.5 mode 0 st 0 gl 0 hp 100 frg 0
ARGEVT Joe Rogan respawn
ARGEVT Joe Rogan goal backpack
ARGLOG Joe Rogan t  49.0 pos '-64.0 -232.0 -72.0' spd 0 yaw  16.3 mode 0 st 0 gl 1 hp 100 frg 2
ARGLOG Romero t  49.0 pos '331.5 -1014.8  24.0' spd 130.0 yaw 210.3 mode 2 st 0 gl 2 hp 100 frg 3
ARGEVT Joe Rogan route 7 start '-47.0 -215.0 -72.0' goal '-47.0  73.0 -296.0'
ARGLOG Carmack t  49.1 pos '-17.7 551.2 -296.0' spd 374.3 yaw 165.6 mode 1 st 0 gl 3 hp 9 frg 4
ARGLOG labfoe t  49.1 pos '112.0 -1136.0 -104.0' spd 0 yaw  22.5 mode 0 st 0 gl 0 hp 100 frg 0
ARGEVT Romero pursue
ARGEVT Carmack hazard
ARGLOG Joe Rogan t  49.5 pos ' 84.7 -208.6 -72.0' spd 320.1 yaw 327 mode 2 st 0 gl 1 hp 100 frg 2
ARGLOG Romero t  49.5 pos '330.4 -1033.6  24.0' spd 321.2 yaw 207.6 mode 2 st 0 gl 2 hp 100 frg 3
ARGLOG Carmack t  49.6 pos '-109.4 604.3 -296.0' spd 180.5 yaw  35.2 mode 1 st 0 gl 3 hp 9 frg 4
ARGLOG labfoe t  49.6 pos '112.0 -1136.0 -104.0' spd 0 yaw  21.1 mode 0 st 0 gl 0 hp 100 frg 0
ARGEVT Joe Rogan hazard
ARGEVT Carmack goal weapon_supernailgun
ARGEVT Carmack route 19 start '-111.0 585.0 -296.0' goal '177.0 -55.0 -104.0'
ARGLOG Joe Rogan t  50.0 pos '223.7 -298.3 -78.5' spd 355.7 yaw 357 mode 2 st 0 gl 1 hp 100 frg 2
ARGLOG Romero t  50.0 pos '352.1 -1160.4  -8.0' spd 327.7 yaw 173.8 mode 2 st 0 gl 2 hp 100 frg 3
ARGLOG Carmack t  50.1 pos '-38.8 537.7 -296.0' spd 323.6 yaw 269 mode 2 st 0 gl 4 hp 109 frg 4
ARGLOG labfoe t  50.1 pos ' 82.6 -1137.2 -104.0' spd  45.9 yaw -14.1 mode 0 st 0 gl 0 hp 76 frg 0
ARGEVT Romero route 15 start '337.0 -1207.0 -24.0' goal '817.0 -855.0 -232.0'
ARGLOG Joe Rogan t  50.5 pos '289.2 -368.0 -235.9' spd 128.1 yaw 21 mode 2 st 0 gl 1 hp 100 frg 2
ARGLOG Romero t  50.5 pos '349.2 -1133.3   8.0' spd 322.3 yaw 182.1 mode 2 st 0 gl 2 hp 100 frg 3
ARGEVT Carmack hazard
ARGLOG Carmack t  50.7 pos '-89.7 374.9 -296.0' spd 347.1 yaw 279 mode 2 st 0 gl 4 hp 109 frg 4
ARGLOG labfoe t  50.7 pos ' 80.0 -1136.3 -104.0' spd 0 yaw   7.0 mode 0 st 0 gl 0 hp 52 frg 0
ARGEVT Joe Rogan swim
ARGLOG Joe Rogan t  51.0 pos '359.2 -368.0 -391.7' spd 129.9 yaw 37 mode 2 st 0 gl 1 hp 60 frg 2
ARGLOG Romero t  51.0 pos '305.3 -973.5  24.0' spd 328.2 yaw 215.1 mode 2 st 0 gl 2 hp 100 frg 3
ARGEVT Romero pursue
ARGLOG Carmack t  51.2 pos '-70.5 208.3 -296.0' spd 320.0 yaw 269 mode 2 st 0 gl 4 hp 109 frg 4
ARGLOG labfoe t  51.2 pos ' 80.0 -1136.3 -104.0' spd 0 yaw  43.6 mode 0 st 0 gl 0 hp 52 frg 0
ARGEVT Joe Rogan goal backpack
ARGEVT Joe Rogan death world pos '360.3 -368.0 -388.1'
ARGEVT Romero hazard
ARGLOG Romero t  51.5 pos '218.9 -1031.8  24.0' spd 372.5 yaw 207.4 mode 2 st 0 gl 2 hp 100 frg 3
ARGLOG Carmack t  51.7 pos '-55.9  43.6 -296.0' spd 320.7 yaw 298 mode 2 st 0 gl 4 hp 109 frg 4
ARGLOG labfoe t  51.7 pos ' 80.0 -1136.3 -104.0' spd 0 yaw  32.3 mode 0 st 0 gl 0 hp 52 frg 0
ARGEVT Romero pursue
ARGLOG Romero t  52.1 pos '208.0 -957.5  24.0' spd 206.3 yaw 199.3 mode 2 st 0 gl 2 hp 100 frg 3
ARGLOG Carmack t  52.2 pos '-71.1 -120.0 -296.0' spd 320.5 yaw 341 mode 2 st 0 gl 4 hp 109 frg 4
ARGLOG labfoe t  52.2 pos ' 80.0 -1136.3 -104.0' spd 0 yaw  53.4 mode 0 st 0 gl 0 hp 52 frg 0
ARGUS Romero hunch item_armorInv
ARGEVT Romero goal item_armorInv
ARGLOG Romero t  52.6 pos '229.7 -1034.3  24.0' spd 269.7 yaw 17 mode 0 st 0 gl 2 hp 100 frg 3
ARGEVT Romero pursue
ARGLOG Carmack t  52.7 pos ' 16.3 -263.0 -296.0' spd 336.9 yaw 4 mode 2 st 0 gl 4 hp 109 frg 4
ARGLOG labfoe t  52.7 pos ' 80.0 -1136.3 -104.0' spd 0 yaw  28.1 mode 0 st 0 gl 0 hp 52 frg 0
ARGEVT Romero route 14 start '209.0 -1015.0  24.0' goal '817.0 -855.0 -232.0'
ARGEVT Carmack hazard
ARGEVT Romero hazard
ARGEVT Joe Rogan respawn
ARGEVT Joe Rogan goal weapon_lightning
ARGLOG Joe Rogan t  53.0 pos '-64.0 -232.0 -72.0' spd 0 yaw  16.3 mode 0 st 0 gl 1 hp 100 frg 1
ARGEVT Joe Rogan route 4 start '-47.0 -215.0 -72.0' goal '529.0 -311.0 -104.0'
ARGLOG Romero t  53.1 pos '397.9 -1037.2  24.0' spd 262.0 yaw 242.7 mode 2 st 0 gl 2 hp 100 frg 3
ARGLOG Carmack t  53.2 pos '179.8 -231.3 -296.0' spd 331.7 yaw 2 mode 2 st 0 gl 4 hp 109 frg 4
ARGLOG labfoe t  53.2 pos ' 80.0 -1136.3 -104.0' spd 0 yaw  16.9 mode 0 st 0 gl 0 hp 52 frg 0
ARGLOG Joe Rogan t  53.5 pos ' 90.6 -217.8 -72.0' spd 320.2 yaw 328 mode 2 st 0 gl 1 hp 100 frg 1
ARGLOG Romero t  53.6 pos '293.3 -1009.2  24.0' spd 344.2 yaw 124 mode 2 st 0 gl 2 hp 100 frg 3
ARGEVT Joe Rogan engage Carmack
ARGEVT Joe Rogan grab weapon_grenadelauncher
ARGEVT Carmack engage Joe Rogan
ARGEVT Carmack grab weapon_nailgun
ARGLOG Carmack t  53.7 pos '339.5 -204.9 -296.0' spd 344.4 yaw 347.4 mode 2 st 0 gl 4 hp 109 frg 4
ARGLOG labfoe t  53.7 pos ' 80.0 -1136.3 -104.0' spd 0 yaw  42.2 mode 0 st 0 gl 0 hp 52 frg 0
ARGLOG Joe Rogan t  54.1 pos '180.1 -312.2 -40.0' spd 340.9 yaw  48.9 mode 2 st 0 gl 1 hp 100 frg 1
ARGLOG Romero t  54.1 pos '208.0 -975.1  24.0' spd 255.0 yaw 232 mode 2 st 0 gl 2 hp 100 frg 3
ARGEVT Romero hazard
ARGLOG Carmack t  54.3 pos '377.5 -33.6 -296.0' spd 390.3 yaw 238.7 mode 2 st 0 gl 4 hp 101 frg 4
ARGLOG labfoe t  54.3 pos ' 80.0 -1136.3 -104.0' spd 0 yaw  43.6 mode 0 st 0 gl 0 hp 52 frg 0
ARGEVT Carmack hazard
ARGLOG Joe Rogan t  54.6 pos '131.0 -448.5  24.0' spd 152.1 yaw  59.0 mode 2 st 0 gl 1 hp 100 frg 1
ARGLOG Romero t  54.6 pos '208.0 -999.1  24.0' spd 229.1 yaw 159.7 mode 2 st 0 gl 2 hp 100 frg 3
ARGLOG Carmack t  54.8 pos '377.3 -123.0 -296.0' spd 324.3 yaw 210.7 mode 2 st 0 gl 4 hp 85 frg 4
ARGLOG labfoe t  54.8 pos ' 80.0 -1136.3 -104.0' spd 0 yaw  50.6 mode 0 st 0 gl 0 hp 52 frg 0
ARGLOG Joe Rogan t  55.1 pos '132.5 -444.8  24.0' spd 298.2 yaw  51.2 mode 2 st 0 gl 1 hp 100 frg 1
ARGLOG Romero t  55.1 pos '208.0 -1021.8  24.0' spd  67.4 yaw 222 mode 2 st 0 gl 2 hp 100 frg 3
ARGLOG Carmack t  55.3 pos '377.6 -71.2 -296.0' spd 380.2 yaw 264.7 mode 2 st 0 gl 4 hp 69 frg 4
ARGLOG labfoe t  55.3 pos ' 80.0 -1136.3 -104.0' spd 0 yaw  36.6 mode 0 st 0 gl 0 hp 52 frg 0
ARGLOG Joe Rogan t  55.6 pos '278.7 -523.5  24.0' spd 330.9 yaw  79.1 mode 2 st 0 gl 1 hp 100 frg 1
ARGLOG Romero t  55.7 pos '208.0 -963.8  24.0' spd 353.0 yaw 156.1 mode 2 st 0 gl 2 hp 100 frg 3
ARGEVT Carmack pursue
ARGLOG Carmack t  55.8 pos '368.7 -99.9 -296.0' spd 186.5 yaw 274.3 mode 2 st 0 gl 4 hp 69 frg 4
ARGLOG labfoe t  55.8 pos ' 80.0 -1136.3 -104.0' spd 0 yaw  57.7 mode 0 st 0 gl 0 hp 52 frg 0
ARGEVT Joe Rogan pursue
ARGEVT Romero engage Joe Rogan
ARGLOG Joe Rogan t  56.1 pos '417.4 -468.1  24.0' spd 363.4 yaw 100.6 mode 2 st 0 gl 1 hp 100 frg 1
ARGEVT Carmack hazard
ARGLOG Romero t  56.2 pos '261.7 -954.2  24.0' spd 327.1 yaw  68.8 mode 2 st 0 gl 2 hp 100 frg 3
ARGEVT Joe Rogan grab weapon_lightning
ARGLOG Carmack t  56.3 pos '362.3 -58.1 -296.0' spd 321.1 yaw 309.3 mode 2 st 0 gl 4 hp 49 frg 4
ARGLOG labfoe t  56.3 pos ' 80.0 -1136.3 -104.0' spd 0 yaw  39.4 mode 0 st 0 gl 0 hp 52 frg 0
ARGEVT Romero pursue
ARGLOG Joe Rogan t  56.6 pos '532.7 -343.8  24.0' spd 339.5 yaw 109.0 mode 1 st 0 gl 1 hp 100 frg 1
ARGEVT Carmack retreat
ARGLOG Romero t  56.7 pos '371.2 -843.5  24.0' spd 327.6 yaw 84 mode 2 st 0 gl 2 hp 100 frg 3
ARGLOG Carmack t  56.8 pos '368.3 103.7 -288.0' spd 326.5 yaw 294.4 mode 0 st 0 gl 4 hp 5 frg 4
ARGLOG labfoe t  56.8 pos ' 80.0 -1136.3 -104.0' spd 0 yaw  47.8 mode 0 st 0 gl 0 hp 52 frg 0
ARGEVT Romero hazard
ARGEVT Carmack pursue
ARGEVT Carmack route 14 start '369.0 105.0 -288.0' goal '177.0 -55.0 -104.0'
ARGEVT Joe Rogan pursue
ARGEVT Romero pursue
ARGEVT Joe Rogan goal backpack
ARGLOG Joe Rogan t  57.1 pos '496.1 -268.2 -51.6' spd  87.9 yaw 113.0 mode 0 st 0 gl 1 hp 100 frg 1
ARGEVT Joe Rogan route 3 start '529.0 -311.0 -104.0' goal '113.0 -279.0 -296.0'
ARGLOG Romero t  57.2 pos '326.8 -697.8  24.0' spd 384.0 yaw 70 mode 2 st 0 gl 2 hp 100 frg 3
ARGEVT Joe Rogan grab item_armor1
ARGEVT Joe Rogan hazard
ARGLOG Carmack t  57.3 pos '337.3  87.4 -288.0' spd 320.3 yaw 277.8 mode 2 st 0 gl 4 hp 5 frg 4
ARGLOG labfoe t  57.3 pos ' 80.0 -1136.3 -104.0' spd 0 yaw  56.3 mode 0 st 0 gl 0 hp 52 frg 0
ARGEVT Carmack hazard
ARGEVT Carmack death Joe Rogan pos '351.4 104.5 -288.0'
ARGUS Joe Rogan watch spawn
ARGEVT Joe Rogan goal backpack
ARGEVT Joe Rogan route 3 start '433.0 -247.0 -104.0' goal '369.0 105.0 -288.0'
ARGLOG Joe Rogan t  57.7 pos '369.3 -249.7 -116.9' spd 355.8 yaw 95 mode 2 st 0 gl 1 hp 100 frg 2
ARGEVT Joe Rogan death Carmack pos '369.3 -249.7 -116.9'
ARGUS Carmack watch spawn
ARGLOG Romero t  57.7 pos '362.3 -530.6  24.0' spd 325.2 yaw  35.7 mode 2 st 0 gl 2 hp 100 frg 3
ARGLOG labfoe t  57.9 pos ' 80.0 -1136.3 -104.0' spd 0 yaw  63.3 mode 0 st 0 gl 0 hp 52 frg 0
ARGLOG Romero t  58.2 pos '529.1 -503.7  24.0' spd 269.7 yaw   3.6 mode 0 st 0 gl 2 hp 100 frg 3
ARGEVT Romero route 8 start '497.0 -471.0  24.0' goal '817.0 -855.0 -232.0'
ARGEVT Romero hazard
ARGLOG labfoe t  58.4 pos ' 80.0 -1136.3 -104.0' spd 0 yaw  53.4 mode 0 st 0 gl 0 hp 52 frg 0
ARGLOG Romero t  58.7 pos '562.4 -351.3  24.0' spd 342.5 yaw 22 mode 2 st 0 gl 2 hp 100 frg 3
ARGLOG labfoe t  58.9 pos ' 80.0 -1136.3 -104.0' spd 0 yaw  87.2 mode 0 st 0 gl 0 hp 52 frg 0
ARGEVT Carmack respawn
ARGEVT Carmack goal weapon_rocketlauncher
ARGLOG Carmack t  59.0 pos '272.0 -952.0  24.0' spd 0 yaw  16.3 mode 0 st 0 gl 4 hp 100 frg 5
ARGEVT Carmack route 14 start '305.0 -983.0  24.0' goal '721.0 -887.0 -232.0'
ARGEVT Joe Rogan respawn
ARGEVT Joe Rogan plan powerup via weapon
ARGEVT Joe Rogan goal weapon_rocketlauncher
ARGLOG Joe Rogan t  59.3 pos '-64.0 512.0 -296.0' spd 0 yaw 286.6 mode 0 st 0 gl 1 hp 100 frg 2
ARGLOG Romero t  59.3 pos '631.3 -199.6  24.0' spd 327.3 yaw 317 mode 2 st 0 gl 2 hp 100 frg 3
ARGEVT Joe Rogan route 4 start '-15.0 553.0 -296.0' goal ' 49.0 105.0 -296.0'
ARGLOG labfoe t  59.4 pos ' 80.0 -1136.3 -104.0' spd 0 yaw  43.6 mode 0 st 0 gl 0 hp 52 frg 0
ARGLOG Carmack t  59.5 pos '335.7 -813.4  24.0' spd 415.1 yaw 173.2 mode 2 st 0 gl 4 hp 100 frg 5
ARGEVT Joe Rogan hazard
ARGLOG Joe Rogan t  59.8 pos ' 45.6 413.8 -296.0' spd 374.4 yaw 239 mode 2 st 0 gl 1 hp 100 frg 2
ARGLOG Romero t  59.8 pos '805.1 -202.2  24.0' spd 355.6 yaw 268 mode 2 st 0 gl 2 hp 100 frg 3
ARGLOG labfoe t  59.9 pos ' 80.0 -1136.3 -104.0' spd 0 yaw  67.5 mode 0 st 0 gl 0 hp 52 frg 0
ARGLOG Carmack t  60.0 pos '208.0 -858.2  24.0' spd 335.0 yaw 246 mode 2 st 0 gl 4 hp 100 frg 5
ARGLOG Joe Rogan t  60.3 pos '107.4 377.0 -296.0' spd 322.1 yaw 228 mode 2 st 0 gl 1 hp 100 frg 2
ARGLOG Romero t  60.3 pos '848.1 -367.9  24.0' spd 324.7 yaw 253 mode 2 st 0 gl 2 hp 100 frg 3
ARGLOG labfoe t  60.4 pos ' 80.0 -1136.3 -104.0' spd 0 yaw  49.2 mode 0 st 0 gl 0 hp 52 frg 0
ARGEVT Carmack hazard
ARGLOG Carmack t  60.5 pos '208.0 -1028.2  24.0' spd 174.7 yaw 239.6 mode 0 st 0 gl 4 hp 100 frg 5
ARGEVT Carmack route 15 start '209.0 -1015.0  24.0' goal '721.0 -887.0 -232.0'
ARGLOG Joe Rogan t  60.8 pos '-38.1 403.4 -296.0' spd 382.1 yaw 251 mode 2 st 0 gl 1 hp 100 frg 2
ARGLOG Romero t  60.8 pos '813.6 -529.2  24.0' spd 320.6 yaw 246 mode 2 st 0 gl 2 hp 100 frg 3
ARGLOG labfoe t  60.9 pos ' 80.0 -1136.3 -104.0' spd 0 yaw  38.0 mode 0 st 0 gl 0 hp 52 frg 0
ARGEVT Joe Rogan hazard
ARGLOG Carmack t  61.0 pos '208.0 -1015.2  24.0' spd 252.1 yaw 140.8 mode 2 st 0 gl 4 hp 100 frg 5
ARGLOG Joe Rogan t  61.3 pos '-102.4 258.3 -296.0' spd 323.0 yaw 315 mode 2 st 0 gl 1 hp 100 frg 2
ARGLOG Romero t  61.3 pos '752.5 -624.0  -7.4' spd   8.3 yaw 286 mode 2 st 0 gl 2 hp 100 frg 3
ARGLOG labfoe t  61.5 pos ' 80.0 -1136.3 -104.0' spd 0 yaw  52.0 mode 0 st 0 gl 0 hp 52 frg 0
ARGLOG Carmack t  61.6 pos '208.0 -1019.5  24.0' spd 357.0 yaw 223 mode 2 st 0 gl 4 hp 100 frg 5
ARGEVT Carmack hazard
ARGEVT Carmack stall
ARGEVT Carmack stallnode '209.0 -759.0  24.0'
ARGEVT Carmack jump
ARGLOG Joe Rogan t  61.8 pos '-62.7 100.7 -296.0' spd 352.8 yaw 326.4 mode 1 st 0 gl 1 hp 100 frg 2
ARGLOG Romero t  61.8 pos '773.8 -634.6 -168.0' spd 184.7 yaw 282 mode 2 st 0 gl 2 hp 100 frg 3
ARGUS routecache adopt
ARGEVT Carmack route 15 start '209.0 -1015.0  24.0' goal '721.0 -887.0 -232.0'
ARGEVT Joe Rogan hazard
ARGLOG Carmack t  62.1 pos '211.5 -1040.0  59.0' spd  32.8 yaw 90 mode 2 st 1 gl 4 hp 100 frg 5
ARGLOG Joe Rogan t  62.3 pos ' 32.3  48.0 -296.0' spd  97.2 yaw 199.1 mode 1 st 0 gl 1 hp 100 frg 2
ARGLOG Romero t  62.3 pos '815.3 -793.7 -232.0' spd 320.1 yaw 280 mode 1 st 0 gl 2 hp 100 frg 3
ARGLOG Carmack t  62.6 pos '290.6 -1014.7  24.0' spd 320.1 yaw 17 mode 2 st 1 gl 4 hp 100 frg 5
ARGEVT Romero hazard
ARGLOG Joe Rogan t  62.8 pos '-78.8 147.9 -296.0' spd 414.0 yaw  34.0 mode 1 st 0 gl 1 hp 100 frg 2
ARGLOG Romero t  62.8 pos '847.0 -876.8 -232.0' spd  29.6 yaw 253 mode 1 st 0 gl 2 hp 100 frg 3
ARGEVT Joe Rogan hazard
ARGLOG Carmack t  63.1 pos '448.0 -965.9  24.0' spd 320.0 yaw 17 mode 2 st 1 gl 4 hp 100 frg 5
ARGEVT Carmack hazard
ARGLOG Joe Rogan t  63.4 pos '-52.2 200.1 -296.0' spd 324.4 yaw 256 mode 1 st 0 gl 1 hp 100 frg 2
ARGLOG Romero t  63.4 pos '368.0 -36.4 -296.0' spd 300 yaw 300 mode 1 st 0 gl 2 hp 100 frg 3
ARGLOG Carmack t  63.6 pos '454.5 -889.3  24.0' spd 327.7 yaw  99.6 mode 2 st 1 gl 4 hp 100 frg 5
ARGLOG Joe Rogan t  63.9 pos '-32.3  36.7 -296.0' spd 335.8 yaw 326.6 mode 1 st 0 gl 1 hp 100 frg 2
ARGLOG Romero t  63.9 pos '385.7 -101.8 -296.0' spd 326.5 yaw 301 mode 1 st 0 gl 2 hp 100 frg 3
ARGEVT Joe Rogan hazard
ARGLOG Carmack t  64.1 pos '456.2 -779.3  24.0' spd 149.5 yaw  34.3 mode 2 st 1 gl 4 hp 100 frg 5
ARGEVT Carmack hazard
ARGLOG Joe Rogan t  64.4 pos '-17.8   2.0 -296.0' spd 320.1 yaw 86 mode 1 st 0 gl 1 hp 100 frg 2
ARGLOG Romero t  64.4 pos '433.1 -264.6 -296.0' spd 344.7 yaw 336.6 mode 1 st 0 gl 2 hp 100 frg 3
ARGEVT Romero hazard
ARGLOG Carmack t  64.6 pos '460.4 -807.5  24.0' spd 301.1 yaw 169 mode 2 st 1 gl 4 hp 100 frg 5
ARGEVT Joe Rogan jump
ARGLOG Joe Rogan t  64.9 pos '-31.0 166.8 -261.6' spd 322.4 yaw  22.1 mode 1 st 0 gl 1 hp 100 frg 2
ARGLOG Romero t  64.9 pos '599.2 -272.0 -296.0' spd 321.0 yaw 354 mode 1 st 0 gl 2 hp 100 frg 3
ARGLOG Carmack t  65.2 pos '471.0 -973.7  24.0' spd 340.2 yaw 140 mode 2 st 1 gl 4 hp 100 frg 5
ARGEVT Joe Rogan abandon
ARGEVT Carmack hazard
ARGEVT Joe Rogan plan powerup via weapon
ARGEVT Joe Rogan goal weapon_supernailgun
ARGEVT Joe Rogan abandon
ARGLOG Joe Rogan t  65.4 pos ' 54.1 250.2 -323.0' spd 162.2 yaw 241.2 mode 0 st 0 gl 1 hp 100 frg 2
ARGLOG Romero t  65.4 pos '639.4 -264.5 -296.0' spd 328.1 yaw 237.0 mode 1 st 0 gl 2 hp 100 frg 3
ARGEVT Joe Rogan routefail
ARGEVT Joe Rogan plan powerup via weapon
ARGEVT Joe Rogan goal weapon_rocketlauncher
ARGEVT Joe Rogan routefail
ARGLOG Carmack t  65.7 pos '370.3 -1032.6  24.0' spd 348.8 yaw 120 mode 2 st 1 gl 4 hp 100 frg 5
