LOG started on: 09/13/2026 11:52:52 
Playing registered version.
UDP Initialized
WIPX_OpenSocket: Address family not supported by protocol family
WIPX_Init: Unable to open control socket, IPX disabled
Exe: 20:02:47 Jul 31 2024
256.0 megabyte heap

Language initialization
Couldn't load 'localization/loc_english.txt'
from 'C:/argus/engine'

========= Quake Initialized =========

execing autoexec.cfg
SpawnServer: e1m1
Clearing memory
Programs occupy 877K.
trying to open external vis file
maps/e1m1.vis not found, trying argus.vis
external vis not found
Loaded external entity file maps/e1m1@c49d.ent
ARGUS slots 8
ARGUS worldspawn reached
ARGNAV 223 nodes, 853 links
13 entities inhibited
ARGUS init on e1m1
ARGEVT Carmack spawned
ARGEVT Romero spawned
ARGEVT Joe Rogan spawned
Server spawned.
ARGLOG Joe Rogan t   1.2 pos '480.0  48.0  24.0' spd 0 yaw  87.6 mode 0 st 0 gl 0 hp 100 frg 0
ARGLOG Romero t   1.2 pos '-272.0 2928.0 -56.0' spd 0 yaw  47.5 mode 0 st 0 gl 0 hp 100 frg 0
ARGLOG Carmack t   1.2 pos '1312.0 880.0 -256.0' spd 0 yaw 119.6 mode 0 st 0 gl 0 hp 100 frg 0
ARGEVT Romero hazard
ARGLOG Joe Rogan t   1.7 pos '488.1 202.6  24.0' spd 320 yaw  87.6 mode 0 st 0 gl 0 hp 100 frg 0
ARGLOG Romero t   1.7 pos '-258.8 2973.8 -56.0' spd 250.1 yaw 308.5 mode 0 st 0 gl 0 hp 100 frg 0
ARGLOG Carmack t   1.7 pos '1237.0 1015.4 -256.0' spd 320.0 yaw 119.6 mode 0 st 0 gl 0 hp 100 frg 0
ARGLOG Joe Rogan t   2.2 pos '496.7 367.2  24.0' spd 320 yaw  87.6 mode 0 st 0 gl 0 hp 100 frg 0
ARGLOG Romero t   2.2 pos '-164.1 2838.5 -56.0' spd 320.1 yaw 308.5 mode 0 st 0 gl 0 hp 100 frg 0
ARGLOG Carmack t   2.2 pos '1285.6 1019.1 -256.0' spd 320.7 yaw 319.2 mode 0 st 0 gl 0 hp 100 frg 0
ARGLOG Joe Rogan t   2.7 pos '505.3 530.1  24.0' spd 320 yaw  87.6 mode 0 st 0 gl 0 hp 100 frg 0
ARGLOG Romero t   2.7 pos '-52.3 2716.3 -56.0' spd 349.3 yaw 352.0 mode 0 st 0 gl 0 hp 100 frg 0
ARGLOG Carmack t   2.7 pos '1412.4 916.4 -256.0' spd 320.0 yaw 319.2 mode 0 st 0 gl 0 hp 100 frg 0
ARGEVT Romero hazard
ARGLOG Joe Rogan t   3.2 pos '513.6 688.0  24.0' spd  13.5 yaw  87.6 mode 0 st 0 gl 0 hp 100 frg 0
ARGLOG Romero t   3.2 pos '-113.6 2672.0 -72.0' spd 319.5 yaw 196.0 mode 0 st 0 gl 0 hp 100 frg 0
ARGLOG Carmack t   3.2 pos '1426.6 992.0 -256.0' spd  92.4 yaw 111.1 mode 0 st 0 gl 0 hp 100 frg 0
ARGLOG Joe Rogan t   3.8 pos '560.0 688.0  24.0' spd 0 yaw  52.2 mode 0 st 0 gl 0 hp 100 frg 0
ARGLOG Romero t   3.8 pos '-276.9 2645.7 -104.0' spd 320.2 yaw 196.0 mode 0 st 0 gl 0 hp 100 frg 0
ARGLOG Carmack t   3.8 pos '1356.8 1134.1 -256.0' spd 320.1 yaw 111.1 mode 0 st 0 gl 0 hp 100 frg 0
ARGEVT Joe Rogan plan powerup via weapon
ARGEVT Joe Rogan goal weapon_rocketlauncher
ARGEVT Romero plan powerup via weapon
ARGEVT Romero goal weapon_supernailgun
ARGEVT Carmack goal item_armor2
ARGLOG Joe Rogan t   4.3 pos '555.7 688.0  24.0' spd  49.5 yaw 103 mode 0 st 0 gl 0 hp 100 frg 0
ARGLOG Romero t   4.3 pos '-430.5 2579.0 -104.0' spd 378.0 yaw 278.3 mode 0 st 0 gl 0 hp 100 frg 0
ARGLOG Carmack t   4.3 pos '1276.5 1281.2 -328.6' spd 377.1 yaw 193.3 mode 0 st 0 gl 0 hp 100 frg 0
ARGEVT Carmack hazard
ARGEVT Joe Rogan route 29 start '465.0 577.0  24.0' goal '145.0 2337.0  40.0'
ARGEVT Romero route 16 start '-463.0 2433.0 -136.0' goal '817.0 2433.0 -344.0'
ARGEVT Carmack route 5 start '1265.0 1313.0 -344.0' goal '1297.0 1057.0 -408.0'
ARGLOG Joe Rogan t   4.8 pos '419.0 661.0  24.0' spd 381.5 yaw 206 mode 2 st 0 gl 0 hp 100 frg 0
ARGLOG Romero t   4.8 pos '-333.8 2441.2 -136.0' spd 363.3 yaw 49 mode 2 st 0 gl 0 hp 100 frg 0
ARGLOG Carmack t   4.8 pos '1261.3 1296.0 -326.7' spd  66.9 yaw 283 mode 2 st 0 gl 0 hp 100 frg 0
ARGEVT Carmack jump
ARGLOG Joe Rogan t   5.3 pos '452.5 493.4  24.0' spd 362.7 yaw 234.5 mode 2 st 0 gl 0 hp 100 frg 0
ARGLOG Romero t   5.3 pos '-180.9 2516.3 -120.0' spd 349.9 yaw 56 mode 2 st 0 gl 0 hp 100 frg 0
ARGLOG Carmack t   5.3 pos '1277.7 1218.7 -292.4' spd 322.3 yaw 245 mode 2 st 0 gl 0 hp 100 frg 0
ARGEVT Romero jump
ARGLOG Joe Rogan t   5.8 pos '400.0 443.7  24.0' spd 298.9 yaw 140 mode 2 st 0 gl 0 hp 100 frg 0
ARGLOG Romero t   5.8 pos '-144.0 2681.4 -69.1' spd 322.1 yaw 45 mode 2 st 0 gl 0 hp 100 frg 0
ARGLOG Carmack t   5.8 pos '1294.1 1054.4 -256.0' spd 335.2 yaw 237 mode 2 st 0 gl 0 hp 100 frg 0
ARGEVT Carmack hazard
ARGLOG Joe Rogan t   6.3 pos '315.6 594.2  24.0' spd 360.3 yaw 157 mode 2 st 0 gl 0 hp 100 frg 0
ARGLOG Romero t   6.3 pos '-90.7 2839.6 -56.0' spd 322.0 yaw 27 mode 2 st 0 gl 0 hp 100 frg 0
ARGLOG Carmack t   6.3 pos '1175.1 945.3 -256.0' spd 320.3 yaw 42 mode 2 st 0 gl 0 hp 100 frg 0
ARGLOG Joe Rogan t   6.9 pos '145.4 629.2  24.0' spd 334.9 yaw 115 mode 2 st 0 gl 0 hp 100 frg 0
ARGLOG Romero t   6.9 pos ' 29.8 2956.6 -72.0' spd 346.7 yaw 358 mode 2 st 0 gl 0 hp 100 frg 0
ARGLOG Carmack t   6.9 pos '1197.9 928.0 -256.0' spd  71.5 yaw 52 mode 2 st 0 gl 0 hp 100 frg 0
ARGEVT Romero hazard
ARGEVT Joe Rogan hazard
ARGLOG Joe Rogan t   7.4 pos ' 75.5 622.6  24.0' spd 109.2 yaw 97 mode 2 st 0 gl 0 hp 100 frg 0
ARGLOG Romero t   7.4 pos ' 45.3 2985.9 -88.0' spd 289.4 yaw 352 mode 2 st 0 gl 0 hp 100 frg 0
ARGLOG Carmack t   7.4 pos '1198.1 928.0 -256.0' spd   6.8 yaw 52 mode 2 st 0 gl 0 hp 100 frg 0
ARGEVT Carmack hazard
ARGEVT Carmack stall
ARGUS FLOORDBG yaw 245 myaw 245 prof -24 -24 -999 -999 -999 -336 -336 wall   0.9 pos '1199.0 928.0 -256.0'
ARGEVT Carmack stallnode '1169.0 865.0 -408.0'
ARGEVT Carmack jump
ARGUS routecache adopt
ARGEVT Carmack route 2 start '1169.0 993.0 -256.0' goal '1297.0 1057.0 -408.0'
ARGLOG Joe Rogan t   7.9 pos ' 18.7 624.0  24.0' spd  98.3 yaw 81 mode 2 st 0 gl 0 hp 100 frg 0
ARGLOG Romero t   7.9 pos ' 62.4 2973.5 -88.0' spd 227.5 yaw 354 mode 2 st 0 gl 0 hp 100 frg 0
ARGLOG Carmack t   7.9 pos '1222.1 903.4 -221.1' spd 105.5 yaw 216 mode 2 st 1 gl 0 hp 100 frg 0
ARGEVT Romero hazard
ARGEVT Joe Rogan hazard
ARGLOG Joe Rogan t   8.4 pos '  7.4 624.0  24.0' spd  16.7 yaw 78 mode 2 st 0 gl 0 hp 100 frg 0
ARGLOG Romero t   8.4 pos ' 40.7 2961.0 -88.0' spd 149.5 yaw 357 mode 2 st 0 gl 0 hp 100 frg 0
ARGLOG Carmack t   8.4 pos '1192.1 962.5 -256.0' spd 332.4 yaw 42 mode 2 st 1 gl 0 hp 100 frg 0
ARGEVT Carmack hazard
ARGEVT Joe Rogan stall
ARGUS FLOORDBG yaw 69 myaw 69 prof -24 -264 -260.8 -257.1 -253.3 -249.6 -248 wall   0.4 pos ' 18.4 624.0  24.0'
ARGEVT Joe Rogan stallnode ' 49.0 705.0 -120.0'
ARGLOG Joe Rogan t   8.9 pos ' 18.4 624.0  24.0' spd 105.9 yaw 266.2 mode 0 st 1 gl 0 hp 100 frg 0
ARGEVT Joe Rogan jump
ARGLOG Romero t   8.9 pos ' 57.1 2956.2 -88.0' spd 227.6 yaw 358 mode 2 st 0 gl 0 hp 100 frg 0
ARGLOG Carmack t   8.9 pos '1168.7 992.8 -256.0' spd 321.9 yaw 26 mode 2 st 1 gl 0 hp 100 frg 0
ARGEVT Romero hazard
ARGEVT Joe Rogan route 29 start ' 81.0 545.0  24.0' goal '145.0 2337.0  40.0'
ARGLOG Joe Rogan t   9.4 pos ' 73.4 624.0  46.9' spd 107.7 yaw 345 mode 2 st 1 gl 0 hp 100 frg 0
ARGLOG Romero t   9.4 pos ' 65.3 2979.5 -104.0' spd 251.9 yaw 352 mode 2 st 0 gl 0 hp 100 frg 0
ARGLOG Carmack t   9.4 pos '1200.0 906.9 -256.0' spd 262.7 yaw 57 mode 2 st 1 gl 0 hp 100 frg 0
ARGEVT Carmack hazard
ARGEVT Romero stall
ARGUS FLOORDBG yaw 348 myaw 348 prof -40 -40 -56 -56 -72 -72 -88 wall 1 pos ' 46.5 2959.1 -88.0'
ARGEVT Romero stallnode '113.0 2945.0 -120.0'
ARGEVT Romero jump
ARGEVT Romero door
ARGEVT Romero door
ARGEVT Romero door
ARGEVT Romero door
ARGEVT Joe Rogan hazard
ARGEVT Romero door
ARGEVT Romero route 12 start '-15.0 2945.0 -56.0' goal '817.0 2433.0 -344.0'
ARGLOG Joe Rogan t   9.9 pos '123.1 544.3  24.0' spd 356.0 yaw 333.9 mode 2 st 1 gl 0 hp 100 frg 0
ARGLOG Romero t   9.9 pos ' 67.8 2961.0 -49.1' spd  69.9 yaw  86.2 mode 2 st 1 gl 0 hp 100 frg 0
ARGLOG Carmack t   9.9 pos '1200.3 904.3 -256.0' spd 320.5 yaw  69.8 mode 2 st 1 gl 0 hp 100 frg 0
ARGLOG Joe Rogan t  10.4 pos '284.3 616.1  24.0' spd 396.4 yaw 137 mode 2 st 1 gl 0 hp 100 frg 0
ARGLOG Romero t  10.4 pos ' 49.2 2986.3 -88.0' spd 310.7 yaw 328 mode 2 st 1 gl 0 hp 100 frg 0
ARGEVT Romero jump
ARGLOG Carmack t  10.4 pos '1280.5 1052.2 -256.0' spd 346.3 yaw   1.4 mode 1 st 1 gl 0 hp 100 frg 0
ARGLOG Joe Rogan t  11.0 pos '272.0 624.0  24.0' spd 0 yaw 136 mode 2 st 1 gl 0 hp 100 frg 0
ARGLOG Romero t  11.0 pos ' 33.8 2939.5 -65.3' spd  97.2 yaw 1 mode 2 st 1 gl 0 hp 100 frg 0
ARGLOG Carmack t  11.0 pos '1406.0 959.2 -256.0' spd 432.5 yaw 197.2 mode 1 st 1 gl 0 hp 100 frg 0
ARGEVT Romero hazard
ARGLOG Joe Rogan t  11.5 pos '272.0 624.0  24.0' spd 0 yaw 136 mode 2 st 1 gl 0 hp 100 frg 0
ARGLOG Romero t  11.5 pos ' 93.4 2928.0 -136.0' spd 147.2 yaw 2 mode 2 st 1 gl 0 hp 92 frg 0
ARGLOG Carmack t  11.5 pos '1254.5 997.4 -256.0' spd 432.3 yaw 41 mode 1 st 1 gl 0 hp 100 frg 0
ARGEVT Romero jump
ARGEVT Joe Rogan stall
ARGUS FLOORDBG yaw 160 myaw 160 prof -24 -999 -19.9 -10.5 -999 -999 -999 wall 1 pos '272.0 624.0  24.0'
ARGEVT Joe Rogan stallnode ' 49.0 705.0 -120.0'
ARGEVT Joe Rogan jump
ARGLOG Joe Rogan t  12.0 pos '272.0 624.0  58.4' spd 0 yaw 144 mode 0 st 2 gl 0 hp 100 frg 0
ARGLOG Romero t  12.0 pos '255.7 2935.8 -90.2' spd 320.1 yaw 2 mode 2 st 1 gl 0 hp 92 frg 0
ARGLOG Carmack t  12.0 pos '1409.4 1027.9 -256.0' spd 437.6 yaw 239.5 mode 1 st 1 gl 0 hp 100 frg 0
ARGEVT Joe Rogan route 28 start '241.0 577.0  24.0' goal '145.0 2337.0  40.0'
ARGEVT Romero swim
ARGLOG Joe Rogan t  12.5 pos '267.2 611.7  24.0' spd 175.1 yaw 134 mode 2 st 2 gl 0 hp 100 frg 0
ARGLOG Romero t  12.5 pos '304.0 2944.0 -145.1' spd  12.7 yaw 345 mode 2 st 1 gl 0 hp 88 frg 0
ARGLOG Carmack t  12.5 pos '1273.7 951.6 -256.0' spd 440.1 yaw  75.7 mode 1 st 1 gl 0 hp 100 frg 0
ARGLOG Joe Rogan t  13.0 pos '103.7 607.1  24.0' spd 348.4 yaw 103 mode 2 st 2 gl 0 hp 100 frg 0
ARGLOG Romero t  13.0 pos '304.0 2947.7 -140.5' spd   3.8 yaw 345 mode 2 st 1 gl 0 hp 88 frg 0
ARGLOG Carmack t  13.0 pos '1380.9 1069.4 -256.0' spd 438.3 yaw 275.5 mode 1 st 1 gl 0 hp 100 frg 0
ARGEVT Joe Rogan hazard
ARGEVT Romero stall
ARGUS FLOORDBG yaw 359 myaw 719 prof -37.3 -999 -999 -999 -999 -999 -999 wall   0.4 pos '304.0 2948.0 -138.7'
ARGEVT Romero stallnode '433.0 2945.0 -56.0'
ARGEVT Romero route 14 start '209.0 2945.0 -152.0' goal '817.0 2433.0 -344.0'
ARGLOG Joe Rogan t  13.5 pos ' 20.4 624.0  24.0' spd  11.2 yaw 82 mode 2 st 2 gl 0 hp 100 frg 0
ARGLOG Romero t  13.5 pos '304.0 2936.0 -136.0' spd  89.1 yaw 178 mode 2 st 2 gl 0 hp 80 frg 0
ARGLOG Carmack t  13.5 pos '1315.2 927.5 -256.0' spd 439.9 yaw 111.0 mode 1 st 1 gl 0 hp 100 frg 0
ARGEVT Romero swim
ARGEVT Romero swim
ARGLOG Joe Rogan t  14.0 pos ' 15.4 624.0  24.0' spd  69.0 yaw 80 mode 2 st 2 gl 0 hp 100 frg 0
ARGLOG Romero t  14.0 pos '267.3 2883.0 -135.6' spd 158.5 yaw 167 mode 2 st 2 gl 0 hp 80 frg 0
ARGLOG Carmack t  14.0 pos '1338.7 1084.2 -256.0' spd 438.4 yaw 310.1 mode 1 st 1 gl 0 hp 100 frg 0
ARGEVT Romero swim
ARGEVT Joe Rogan hazard
ARGEVT Romero swim
ARGLOG Joe Rogan t  14.6 pos ' 17.0 624.0  24.0' spd 132.8 yaw 81 mode 2 st 2 gl 0 hp 100 frg 0
ARGLOG Romero t  14.6 pos '171.1 2883.2 -137.4' spd 216.2 yaw 161 mode 2 st 2 gl 0 hp 76 frg 0
ARGEVT Romero swim
ARGLOG Carmack t  14.6 pos '1365.6 930.1 -256.0' spd 439.9 yaw 145.9 mode 1 st 1 gl 0 hp 100 frg 0
ARGEVT Joe Rogan stall
ARGUS FLOORDBG yaw 63 myaw 63 prof -24 -264 -261.3 -257.8 -254.2 -250.6 -248 wall   0.4 pos '  9.4 624.0  24.0'
ARGEVT Joe Rogan stallnode ' 49.0 705.0 -120.0'
ARGEVT Joe Rogan jump
ARGEVT Romero jump
ARGEVT Joe Rogan route 29 start ' 81.0 545.0  24.0' goal '145.0 2337.0  40.0'
ARGLOG Joe Rogan t  15.1 pos ' -2.9 624.0  58.8' spd  36.5 yaw 350 mode 2 st 3 gl 0 hp 100 frg 0
ARGLOG Romero t  15.1 pos ' 58.4 2928.0 -98.3' spd 218.9 yaw 2 mode 2 st 2 gl 0 hp 76 frg 0
ARGLOG Carmack t  15.1 pos '1299.4 1073.4 -256.0' spd 437.8 yaw 343.0 mode 1 st 1 gl 0 hp 100 frg 0
ARGLOG Joe Rogan t  15.6 pos ' 19.6 551.5  24.0' spd 373.5 yaw 6 mode 2 st 3 gl 0 hp 100 frg 0
ARGLOG Romero t  15.6 pos ' 68.5 2928.0 -136.0' spd 305.1 yaw 2 mode 2 st 2 gl 0 hp 68 frg 0
ARGLOG Carmack t  15.6 pos '1404.8 956.7 -256.0' spd 439.4 yaw 177.6 mode 1 st 1 gl 0 hp 100 frg 0
ARGEVT Romero jump
ARGLOG Joe Rogan t  16.1 pos '186.3 547.7  24.0' spd 323.1 yaw 131 mode 2 st 3 gl 0 hp 100 frg 0
ARGLOG Romero t  16.1 pos '233.0 2933.0 -85.1' spd 320.2 yaw 3 mode 2 st 2 gl 0 hp 68 frg 0
ARGLOG Carmack t  16.1 pos '1273.7 1042.6 -256.0' spd 436.9 yaw  15.0 mode 1 st 1 gl 0 hp 100 frg 0
ARGEVT Joe Rogan hazard
ARGEVT Romero swim
ARGLOG Joe Rogan t  16.6 pos '178.8 618.5  24.0' spd 351.0 yaw 121 mode 2 st 3 gl 0 hp 100 frg 0
ARGLOG Romero t  16.6 pos '304.0 2939.5 -145.6' spd  13.5 yaw 346 mode 2 st 2 gl 0 hp 64 frg 0
ARGLOG Carmack t  16.6 pos '1421.5 1003.1 -256.0' spd 391.8 yaw 210.9 mode 1 st 1 gl 0 hp 100 frg 0
ARGLOG Joe Rogan t  17.1 pos ' 80.0 640.0  24.0' spd 0 yaw 99 mode 2 st 3 gl 0 hp 100 frg 0
ARGLOG Romero t  17.1 pos '304.0 2944.7 -141.1' spd   6.6 yaw 345 mode 2 st 2 gl 0 hp 64 frg 0
ARGLOG Carmack t  17.1 pos '1267.1 1012.8 -256.0' spd 436.7 yaw  45.4 mode 1 st 1 gl 0 hp 100 frg 0
ARGEVT Joe Rogan hazard
ARGEVT Romero stall
ARGUS FLOORDBG yaw 0 myaw 360 prof -38.5 -999 -999 -999 -999 -999 -999 wall   0.4 pos '304.0 2946.5 -137.4'
ARGEVT Romero stallnode '433.0 2945.0 -56.0'
ARGLOG Joe Rogan t  17.6 pos ' 80.0 640.0  24.0' spd 0 yaw 99 mode 2 st 3 gl 0 hp 100 frg 0
ARGLOG Romero t  17.6 pos '304.0 2946.3 -136.5' spd   6.4 yaw 327.4 mode 0 st 3 gl 0 hp 56 frg 0
ARGLOG Carmack t  17.6 pos '1419.7 1052.8 -256.0' spd 440.2 yaw 241.6 mode 1 st 1 gl 0 hp 100 frg 0
ARGEVT Romero route 14 start '209.0 2945.0 -152.0' goal '817.0 2433.0 -344.0'
ARGEVT Romero swim
ARGEVT Romero swim
ARGLOG Joe Rogan t  18.2 pos ' 80.0 640.0  24.0' spd 0 yaw 99 mode 2 st 3 gl 0 hp 100 frg 0
ARGLOG Romero t  18.2 pos '293.5 2903.8 -136.1' spd 137.1 yaw 172 mode 2 st 3 gl 0 hp 56 frg 0
ARGLOG Carmack t  18.2 pos '1282.7 982.3 -256.0' spd 435.3 yaw  77.1 mode 1 st 1 gl 0 hp 100 frg 0
ARGEVT Joe Rogan stall
ARGUS FLOORDBG yaw 115 myaw 475 prof -24 -999 -257.1 -253.5 -249.9 -248 -248 wall   0.4 pos ' 80.0 640.0  24.0'
ARGEVT Joe Rogan stallnode ' 49.0 705.0 -120.0'
ARGEVT Joe Rogan jump
ARGEVT Romero swim
ARGEVT Romero swim
ARGLOG Joe Rogan t  18.7 pos ' 80.0 640.0  58.9' spd 0 yaw 185.9 mode 0 st 4 gl 0 hp 100 frg 0
ARGLOG Romero t  18.7 pos '214.8 2881.8 -135.8' spd 199.5 yaw 164 mode 2 st 3 gl 0 hp 52 frg 0
ARGLOG Carmack t  18.7 pos '1362.8 1093.5 -256.0' spd 227.8 yaw 272.6 mode 1 st 1 gl 0 hp 100 frg 0
ARGEVT Joe Rogan route 29 start ' 81.0 545.0  24.0' goal '145.0 2337.0  40.0'
ARGEVT Romero swim
ARGEVT Romero swim
ARGLOG Joe Rogan t  19.2 pos ' 82.3 560.2  24.0' spd 328.2 yaw 102 mode 2 st 4 gl 0 hp 100 frg 0
ARGLOG Romero t  19.2 pos '104.4 2896.0 -137.4' spd 220.8 yaw 157 mode 2 st 3 gl 0 hp 52 frg 0
ARGEVT Romero swim
ARGLOG Carmack t  19.2 pos '1256.6 978.5 -256.0' spd 424.7 yaw 108.8 mode 1 st 1 gl 0 hp 100 frg 0
ARGEVT Joe Rogan hazard
ARGEVT Romero jump
ARGLOG Joe Rogan t  19.7 pos '207.9 556.3  24.0' spd 321.8 yaw 119 mode 2 st 4 gl 0 hp 100 frg 0
ARGLOG Romero t  19.7 pos ' 35.2 2928.0 -98.3' spd  70.0 yaw 12 mode 2 st 3 gl 0 hp 48 frg 0
ARGLOG Carmack t  19.7 pos '1280.9 1096.7 -256.0' spd 349.5 yaw 304.3 mode 1 st 1 gl 0 hp 100 frg 0
ARGEVT Romero swim
ARGLOG Joe Rogan t  20.2 pos '272.0 624.0  24.0' spd 0 yaw 136 mode 2 st 4 gl 0 hp 100 frg 0
ARGLOG Romero t  20.2 pos ' 32.0 2928.0 -147.8' spd 0 yaw 3 mode 2 st 3 gl 0 hp 44 frg 0
ARGLOG Carmack t  20.2 pos '1276.9 940.6 -256.0' spd 432.0 yaw 141.5 mode 1 st 1 gl 0 hp 100 frg 0
ARGLOG Joe Rogan t  20.7 pos '272.0 624.0  24.0' spd 0 yaw 136 mode 2 st 4 gl 0 hp 100 frg 0
ARGLOG Romero t  20.7 pos ' 32.0 2928.0 -143.3' spd 0 yaw 3 mode 2 st 3 gl 0 hp 44 frg 0
ARGLOG Carmack t  20.7 pos '1223.7 1087.2 -256.0' spd 439.7 yaw 337.4 mode 1 st 1 gl 0 hp 100 frg 0
ARGEVT Joe Rogan stall
ARGUS FLOORDBG yaw 160 myaw 880 prof -24 -999 -19.9 -10.5 -999 -999 -999 wall 1 pos '272.0 624.0  24.0'
ARGEVT Joe Rogan stallnode ' 49.0 705.0 -120.0'
ARGEVT Joe Rogan jump
ARGEVT Romero stall
ARGUS FLOORDBG yaw 11 myaw 11 prof -36.4 -20.4 -20.4 -20.4 -20.4 -20.4 -20.4 wall 1 pos ' 32.0 2928.0 -139.6'
ARGEVT Romero stallnode '113.0 2945.0 -120.0'
ARGLOG Joe Rogan t  21.2 pos '272.0 624.0  45.3' spd 0 yaw 127.4 mode 0 st 5 gl 0 hp 100 frg 0
ARGLOG Romero t  21.2 pos ' 32.0 2927.8 -138.6' spd   2.8 yaw 338.4 mode 0 st 4 gl 0 hp 36 frg 0
ARGLOG Carmack t  21.2 pos '1333.7 971.8 -256.0' spd 437.9 yaw 182.1 mode 1 st 1 gl 0 hp 100 frg 0
ARGUS routecache adopt
ARGEVT Joe Rogan route 28 start '241.0 577.0  24.0' goal '145.0 2337.0  40.0'
ARGEVT Romero route 14 start ' 49.0 2849.0 -152.0' goal '817.0 2433.0 -344.0'
ARGEVT Romero jump
ARGLOG Joe Rogan t  21.8 pos '272.0 622.6  26.4' spd  20.0 yaw 159 mode 2 st 5 gl 0 hp 100 frg 0
ARGLOG Romero t  21.8 pos ' 42.0 2910.3 -106.9' spd  60.1 yaw 148 mode 2 st 4 gl 0 hp 36 frg 0
ARGLOG Carmack t  21.8 pos '1197.6 1046.3 -256.0' spd 440.1 yaw  18.0 mode 1 st 1 gl 0 hp 100 frg 0
ARGEVT Joe Rogan stall
ARGUS FLOORDBG yaw 157 myaw 938.7 prof -24 -24 -999 -23.1 -999 -24 -999 wall 1 pos '267.4 613.5  24.0'
ARGEVT Joe Rogan stallnode ' 49.0 705.0 -120.0'
ARGEVT Joe Rogan jump
ARGEVT Joe Rogan plan powerup via weapon
ARGEVT Joe Rogan goal weapon_grenadelauncher
ARGEVT Joe Rogan route 14 start '241.0 577.0  24.0' goal '1169.0 1057.0 -408.0'
ARGLOG Joe Rogan t  22.3 pos '270.1 551.8  59.1' spd 181.3 yaw 128 mode 2 st 6 gl 0 hp 100 frg 0
ARGLOG Romero t  22.3 pos ' 72.4 2925.4 -136.0' spd  90.5 yaw 3 mode 2 st 4 gl 0 hp 28 frg 0
ARGLOG Carmack t  22.3 pos '1352.8 1014.1 -256.0' spd 440.2 yaw 214.8 mode 1 st 1 gl 0 hp 100 frg 0
ARGEVT Romero jump
ARGLOG Joe Rogan t  22.8 pos '264.2 616.0  24.0' spd 262.3 yaw 134 mode 2 st 6 gl 0 hp 100 frg 0
ARGLOG Romero t  22.8 pos '199.8 2960.0 -81.0' spd 320.0 yaw 357 mode 2 st 4 gl 0 hp 28 frg 0
ARGLOG Carmack t  22.8 pos '1198.0 1001.5 -256.0' spd 440.8 yaw  51.6 mode 1 st 1 gl 0 hp 100 frg 0
ARGEVT Romero swim
ARGLOG Joe Rogan t  23.3 pos ' 94.6 640.0  24.0' spd 344.2 yaw 103 mode 2 st 6 gl 0 hp 100 frg 0
ARGLOG Romero t  23.3 pos '304.0 2983.0 -145.5' spd  83.0 yaw 344 mode 2 st 4 gl 0 hp 24 frg 0
ARGLOG Carmack t  23.3 pos '1345.2 1057.5 -256.0' spd 440.0 yaw 247.1 mode 1 st 1 gl 0 hp 100 frg 0
ARGEVT Joe Rogan hazard
ARGLOG Joe Rogan t  23.8 pos ' 50.1 615.7  24.0' spd 267.7 yaw 90 mode 2 st 6 gl 0 hp 100 frg 0
ARGLOG Romero t  23.8 pos '304.0 2900.5 -140.9' spd 161.5 yaw 19 mode 2 st 4 gl 0 hp 24 frg 0
ARGLOG Carmack t  23.8 pos '1220.4 964.5 -256.0' spd 440.6 yaw  82.9 mode 1 st 1 gl 0 hp 100 frg 0
ARGEVT Romero abandon
ARGEVT Romero goal item_health
ARGEVT Carmack abandon
ARGEVT Carmack goal weapon_rocketlauncher
ARGEVT Romero route 13 start '209.0 2945.0 -152.0' goal '945.0 2433.0 -112.0'
ARGLOG Joe Rogan t  24.3 pos ' 15.5 624.0  24.0' spd 108.2 yaw 80 mode 2 st 6 gl 0 hp 100 frg 0
ARGLOG Romero t  24.3 pos '304.0 2901.3 -136.3' spd 116.2 yaw 172 mode 2 st 4 gl 0 hp 16 frg 0
ARGLOG Carmack t  24.3 pos '1307.7 1104.3 -256.0' spd 323.9 yaw  17.0 mode 0 st 1 gl 0 hp 100 frg 0
ARGEVT Joe Rogan hazard
ARGEVT Romero swim
ARGEVT Carmack hazard
ARGEVT Carmack route 18 start '1265.0 1185.0 -280.0' goal '145.0 2337.0  40.0'
ARGEVT Romero swim
ARGLOG Joe Rogan t  24.8 pos '  5.3 624.0  24.0' spd  13.9 yaw 78 mode 2 st 6 gl 0 hp 100 frg 0
ARGLOG Romero t  24.8 pos '275.4 2975.3 -136.1' spd 170.4 yaw 186 mode 2 st 4 gl 0 hp 16 frg 0
ARGLOG Carmack t  24.8 pos '1304.2 1231.0 -303.5' spd 370.8 yaw 241 mode 2 st 1 gl 0 hp 100 frg 0
ARGEVT Romero swim
ARGEVT Romero swim
ARGLOG Joe Rogan t  25.3 pos ' 18.0 624.0  24.0' spd 113.4 yaw 81 mode 2 st 6 gl 0 hp 100 frg 0
ARGLOG Romero t  25.3 pos '191.5 2975.4 -135.8' spd 181.5 yaw 189 mode 2 st 4 gl 0 hp 8 frg 0
ARGLOG Carmack t  25.3 pos '1276.3 1231.8 -303.9' spd 320.0 yaw 246 mode 2 st 1 gl 0 hp 100 frg 0
ARGEVT Romero swim
ARGEVT Joe Rogan stall
ARGUS FLOORDBG yaw 64 myaw 424 prof -24 -264 -261.2 -257.6 -254.0 -250.4 -248 wall   0.4 pos '  9.8 624.0  24.0'
ARGEVT Joe Rogan stallnode ' 49.0 705.0 -120.0'
ARGEVT Joe Rogan jump
ARGEVT Romero jump
ARGEVT Joe Rogan route 15 start ' 81.0 545.0  24.0' goal '1169.0 1057.0 -408.0'
ARGLOG Joe Rogan t  25.9 pos ' 17.6 624.0  59.2' spd  31.7 yaw 349 mode 2 st 7 gl 0 hp 100 frg 0
ARGLOG Romero t  25.9 pos '149.6 2921.1 -101.7' spd 110.5 yaw 171 mode 2 st 4 gl 0 hp 8 frg 0
ARGLOG Carmack t  25.9 pos '1312.0 1071.8 -256.0' spd 328.5 yaw 236 mode 2 st 1 gl 0 hp 100 frg 0
ARGLOG Joe Rogan t  26.4 pos ' 73.2 563.5  24.0' spd 325.6 yaw 335.6 mode 2 st 7 gl 0 hp 100 frg 0
ARGLOG Romero t  26.4 pos ' 98.0 2903.5 -136.0' spd 218.2 yaw 133.3 mode 2 st 4 gl 0 hp 4 frg 0
ARGLOG Carmack t  26.4 pos '1185.7 962.9 -256.0' spd 330.1 yaw 40 mode 2 st 1 gl 0 hp 100 frg 0
ARGEVT Carmack hazard
ARGEVT Romero jump
ARGLOG Joe Rogan t  26.9 pos '243.2 556.1  24.0' spd 377.0 yaw 125 mode 2 st 7 gl 0 hp 100 frg 0
ARGLOG Romero t  26.9 pos ' 49.3 2928.0 -101.0' spd  30.0 yaw 2 mode 2 st 4 gl 0 hp 4 frg 0
ARGLOG Carmack t  26.9 pos '1192.0 928.0 -256.0' spd  48.9 yaw 50 mode 2 st 1 gl 0 hp 100 frg 0
ARGEVT Joe Rogan hazard
ARGEVT Romero death world pos ' 53.9 2928.0 -122.7'
ARGLOG Joe Rogan t  27.4 pos '151.9 627.6  24.0' spd 336.5 yaw 116 mode 2 st 7 gl 0 hp 100 frg 0
ARGLOG Carmack t  27.4 pos '1196.6 928.0 -256.0' spd  50.4 yaw 52 mode 2 st 1 gl 0 hp 100 frg 0
ARGEVT Carmack hazard
ARGEVT Carmack stall
ARGUS FLOORDBG yaw 246 myaw -4074 prof -24 -24 -999 -999 -999 -336 -336 wall   0.8 pos '1197.7 928.0 -256.0'
ARGEVT Carmack stallnode '1169.0 865.0 -408.0'
ARGEVT Carmack jump
ARGLOG Joe Rogan t  27.9 pos ' 80.0 640.0  24.0' spd 0 yaw 99 mode 2 st 7 gl 0 hp 100 frg 0
ARGLOG Carmack t  27.9 pos '1200.0 914.5 -217.1' spd  45.2 yaw 147.1 mode 0 st 2 gl 0 hp 100 frg 0
ARGEVT Carmack route 16 start '1169.0 993.0 -256.0' goal '145.0 2337.0  40.0'
ARGEVT Joe Rogan hazard
ARGEVT Joe Rogan stall
ARGUS FLOORDBG yaw 115 myaw 475 prof -24 -999 -257.1 -253.5 -249.9 -248 -248 wall   0.4 pos ' 80.0 640.0  24.0'
ARGEVT Joe Rogan stallnode ' 49.0 705.0 -120.0'
ARGEVT Joe Rogan jump
ARGEVT Carmack stall
ARGUS FLOORDBG yaw 114 myaw -4206 prof -24 -24 -24 -24 -24 -24 -336 wall 1 pos '1196.7 931.3 -256.0'
ARGEVT Carmack stallnode '1169.0 993.0 -256.0'
ARGEVT Carmack jump
ARGLOG Joe Rogan t  28.4 pos ' 80.0 640.0  45.9' spd 0 yaw  81.1 mode 0 st 8 gl 0 hp 100 frg 0
ARGLOG Carmack t  28.4 pos '1197.4 946.0 -234.1' spd 136.0 yaw 340.0 mode 0 st 3 gl 0 hp 100 frg 0
ARGEVT Carmack goal item_health
ARGEVT Romero respawn
ARGEVT Carmack engage Romero
ARGEVT Carmack grab item_armor2
ARGEVT Joe Rogan route 15 start ' 81.0 545.0  24.0' goal '1169.0 1057.0 -408.0'
ARGEVT Romero goal item_armor2
ARGEVT Romero engage Carmack
ARGEVT Romero grab item_armor2
ARGLOG Romero t  28.6 pos '1312.0 880.0 -256.0' spd 0 yaw 127.3 mode 0 st 4 gl 0 hp 100 frg -1
ARGEVT Romero route 2 start '1265.0 801.0 -256.0' goal '1297.0 1057.0 -408.0'
ARGEVT Carmack route 1 start '1169.0 993.0 -256.0' goal '945.0 993.0 -248.0'
ARGLOG Joe Rogan t  29.0 pos ' 95.7 638.8  24.3' spd  45.6 yaw 337 mode 2 st 8 gl 0 hp 100 frg 0
ARGLOG Carmack t  29.0 pos '1248.2 995.5 -255.7' spd 139.0 yaw 355.1 mode 2 st 3 gl 0 hp 100 frg 0
ARGLOG Romero t  29.2 pos '1316.5 1036.0 -256.0' spd 320 yaw 191.0 mode 2 st 4 gl 0 hp 100 frg -1
ARGEVT Joe Rogan hazard
ARGLOG Joe Rogan t  29.5 pos '126.9 517.3  24.0' spd 320.4 yaw 112 mode 2 st 8 gl 0 hp 100 frg 0
ARGLOG Carmack t  29.5 pos '1286.7 986.2 -256.0' spd 322.0 yaw  79.1 mode 2 st 3 gl 0 hp 76 frg 0
ARGLOG Romero t  29.7 pos '1298.7 1130.3 -256.0' spd 241.4 yaw 278.9 mode 0 st 4 gl 0 hp 76 frg -1
ARGEVT Romero route 4 start '1265.0 1185.0 -280.0' goal '1297.0 1057.0 -408.0'
ARGLOG Joe Rogan t  30.0 pos '236.1 596.5  24.0' spd 347.9 yaw 128 mode 2 st 8 gl 0 hp 100 frg 0
ARGLOG Carmack t  30.0 pos '1365.9 1084.6 -256.0' spd 331.9 yaw 212.4 mode 2 st 3 gl 0 hp 52 frg 0
ARGLOG Romero t  30.2 pos '1278.4 982.4 -256.0' spd 110.8 yaw  52.2 mode 2 st 4 gl 0 hp 52 frg -1
ARGEVT Carmack retreat
ARGLOG Joe Rogan t  30.5 pos '193.3 616.0  24.0' spd 343.1 yaw 123 mode 2 st 8 gl 0 hp 100 frg 0
ARGLOG Carmack t  30.5 pos '1296.5 1173.1 -274.5' spd 323.2 yaw 238.0 mode 2 st 3 gl 0 hp 28 frg 0
ARGEVT Romero grab item_health
ARGLOG Romero t  30.7 pos '1193.0 1022.0 -256.0' spd 234.0 yaw  71.0 mode 2 st 4 gl 0 hp 53 frg -1
ARGEVT Joe Rogan hazard
ARGEVT Romero pursue
ARGEVT Carmack pursue
ARGLOG Joe Rogan t  31.0 pos ' 80.0 633.1  24.0' spd 121.3 yaw 98 mode 2 st 8 gl 0 hp 100 frg 0
ARGLOG Carmack t  31.0 pos '1278.5 1329.0 -324.9' spd 158.4 yaw 252 mode 0 st 3 gl 0 hp 24 frg 0
ARGEVT Carmack route 4 start '1265.0 1313.0 -344.0' goal '945.0 993.0 -248.0'
ARGLOG Romero t  31.2 pos '1209.1 976.6 -256.0' spd 320.3 yaw 69 mode 2 st 4 gl 0 hp 53 frg -1
ARGUS Carmack hunch item_health
ARGEVT Carmack goal item_health
ARGUS routecache adopt
ARGEVT Carmack route 4 start '1265.0 1313.0 -344.0' goal '945.0 993.0 -248.0'
ARGEVT Romero grab item_health
ARGLOG Joe Rogan t  31.5 pos ' 29.9 624.0  24.0' spd   4.6 yaw 84 mode 2 st 8 gl 0 hp 100 frg 0
ARGLOG Carmack t  31.5 pos '1263.3 1331.2 -353.6' spd 321.8 yaw 293.3 mode 2 st 3 gl 0 hp 8 frg 0
ARGLOG Romero t  31.7 pos '1305.5 1029.0 -256.0' spd 339.1 yaw  94.2 mode 2 st 4 gl 0 hp 53 frg -1
ARGEVT Joe Rogan hazard
ARGEVT Carmack death Romero pos '1275.3 1479.3 -408.0'
ARGLOG Joe Rogan t  32.0 pos ' 12.3 624.0  24.0' spd  15.9 yaw 80 mode 2 st 8 gl 0 hp 100 frg 0
ARGEVT Romero goal item_health
ARGLOG Romero t  32.2 pos '1416.1 898.7 -256.0' spd 367.5 yaw  11.9 mode 1 st 4 gl 0 hp 68 frg 0
ARGEVT Romero hazard
ARGLOG Joe Rogan t  32.5 pos '  9.3 624.0  24.0' spd  80.7 yaw 79 mode 2 st 8 gl 0 hp 100 frg 0
ARGEVT Joe Rogan stall
ARGUS FLOORDBG yaw 63 myaw 423 prof -24 -264 -261.3 -257.8 -254.2 -250.6 -248 wall   0.4 pos '  9.3 624.0  24.0'
ARGEVT Joe Rogan stallnode ' 49.0 705.0 -120.0'
ARGEVT Joe Rogan jump
ARGLOG Romero t  32.8 pos '1401.6 1012.0 -256.0' spd 350.3 yaw 112 mode 1 st 4 gl 0 hp 68 frg 0
ARGEVT Joe Rogan route 15 start ' 81.0 545.0  24.0' goal '1169.0 1057.0 -408.0'
ARGLOG Joe Rogan t  33.1 pos '  8.8 624.0  58.8' spd  31.4 yaw 349 mode 2 st 9 gl 0 hp 100 frg 0
ARGLOG Romero t  33.3 pos '1321.3 1159.2 -267.6' spd 321.0 yaw 106 mode 1 st 4 gl 0 hp 68 frg 0
ARGEVT Carmack respawn
ARGLOG Joe Rogan t  33.6 pos ' 68.4 566.1  24.0' spd 326.0 yaw 97 mode 2 st 9 gl 0 hp 100 frg 0
ARGEVT Carmack plan powerup via weapon
ARGEVT Carmack goal weapon_supernailgun
ARGLOG Carmack t  33.6 pos '832.0 2048.0 -152.0' spd 0 yaw  16.3 mode 0 st 3 gl 0 hp 100 frg 0
ARGEVT Carmack route 5 start '849.0 2081.0 -152.0' goal '817.0 2433.0 -344.0'
ARGLOG Romero t  33.8 pos '1278.2 1320.0 -348.0' spd 345.8 yaw  55.1 mode 1 st 4 gl 0 hp 68 frg 0
ARGEVT Carmack hazard
ARGEVT Romero hazard
ARGLOG Joe Rogan t  34.1 pos '239.1 557.8  24.0' spd 367.0 yaw 124 mode 2 st 9 gl 0 hp 100 frg 0
ARGLOG Carmack t  34.1 pos '850.6 2148.7 -139.6' spd 328.6 yaw 124 mode 2 st 3 gl 0 hp 100 frg 0
ARGEVT Joe Rogan hazard
ARGLOG Romero t  34.3 pos '1353.7 1443.9 -408.0' spd  75.1 yaw 250.6 mode 1 st 4 gl 0 hp 68 frg 0
ARGLOG Joe Rogan t  34.6 pos '156.0 627.4  24.0' spd 335.6 yaw 117 mode 2 st 9 gl 0 hp 100 frg 0
ARGLOG Carmack t  34.6 pos '792.3 2306.4 -102.5' spd 351.1 yaw 34 mode 2 st 3 gl 0 hp 100 frg 0
ARGEVT Carmack jump
ARGLOG Romero t  34.8 pos '1291.0 1292.4 -334.2' spd 335.9 yaw 284 mode 1 st 4 gl 0 hp 68 frg 0
ARGEVT Carmack jump
ARGLOG Joe Rogan t  35.1 pos ' 80.0 640.0  24.0' spd 0 yaw 99 mode 2 st 9 gl 0 hp 100 frg 0
ARGLOG Carmack t  35.1 pos '736.4 2339.6 -44.5' spd 303.8 yaw 11 mode 2 st 3 gl 0 hp 100 frg 0
ARGEVT Joe Rogan hazard
ARGLOG Romero t  35.3 pos '1316.2 1129.0 -256.0' spd 320.4 yaw 287 mode 1 st 4 gl 0 hp 68 frg 0
ARGLOG Joe Rogan t  35.6 pos ' 80.0 640.0  24.0' spd 0 yaw 99 mode 2 st 9 gl 0 hp 100 frg 0
ARGUS routecache adopt
ARGEVT Carmack route 3 start '721.0 2337.0 -71.0' goal '817.0 2433.0 -344.0'
ARGLOG Carmack t  35.6 pos '705.9 2217.4 -64.4' spd 267.1 yaw 6 mode 0 st 3 gl 0 hp 100 frg 0
ARGLOG Romero t  35.8 pos '1359.1 967.8 -256.0' spd 343.7 yaw 237.4 mode 1 st 4 gl 0 hp 68 frg 0
ARGLOG Joe Rogan t  36.2 pos ' 80.0 640.0  24.0' spd 0 yaw 99 mode 2 st 9 gl 0 hp 100 frg 0
ARGLOG Carmack t  36.2 pos '778.2 2289.7 -106.4' spd 376.9 yaw 35 mode 2 st 3 gl 0 hp 100 frg 0
ARGEVT Carmack jump
ARGEVT Joe Rogan stall
ARGUS FLOORDBG yaw 115 myaw 475 prof -24 -999 -257.1 -253.5 -249.9 -248 -248 wall   0.4 pos ' 80.0 640.0  24.0'
ARGEVT Joe Rogan stallnode ' 49.0 705.0 -120.0'
ARGEVT Joe Rogan jump
ARGLOG Romero t  36.4 pos '1320.1 795.8 -256.0' spd 363.1 yaw 317 mode 1 st 4 gl 0 hp 68 frg 0
ARGEVT Joe Rogan route 15 start ' 81.0 545.0  24.0' goal '1169.0 1057.0 -408.0'
ARGEVT Romero hazard
ARGLOG Joe Rogan t  36.7 pos ' 87.7 640.0  58.9' spd  33.6 yaw 338 mode 2 st 10 gl 0 hp 100 frg 0
ARGLOG Carmack t  36.7 pos '768.0 2359.3 -83.9' spd  46.9 yaw 19 mode 2 st 3 gl 0 hp 100 frg 0
ARGLOG Romero t  36.9 pos '1392.0 709.7 -256.0' spd 265.4 yaw 89 mode 1 st 4 gl 0 hp 68 frg 0
ARGEVT Carmack hazard
ARGLOG Joe Rogan t  37.2 pos ' 90.1 562.9  24.0' spd 323.9 yaw 106 mode 2 st 10 gl 0 hp 100 frg 0
ARGLOG Carmack t  37.2 pos '799.1 2360.9 -89.6' spd 339.7 yaw 9 mode 2 st 3 gl 0 hp 100 frg 0
ARGEVT Joe Rogan hazard
ARGLOG Romero t  37.4 pos '1312.8 859.3 -256.0' spd 334.6 yaw 98 mode 1 st 4 gl 0 hp 68 frg 0
ARGEVT Carmack jump
ARGLOG Joe Rogan t  37.7 pos '193.6 547.1  24.0' spd 330.0 yaw 132 mode 2 st 10 gl 0 hp 100 frg 0
ARGLOG Carmack t  37.7 pos '864.0 2453.0 -49.1' spd 158.4 yaw 344 mode 2 st 3 gl 0 hp 100 frg 0
ARGLOG Romero t  37.9 pos '1365.1 1014.4 -256.0' spd 391.4 yaw 337 mode 1 st 4 gl 0 hp 68 frg 0
ARGEVT Romero hazard
ARGEVT Carmack hazard
ARGLOG Joe Rogan t  38.2 pos '195.3 616.0  24.0' spd 339.7 yaw 123 mode 2 st 10 gl 0 hp 100 frg 0
ARGLOG Carmack t  38.2 pos '880.0 2472.3 -88.0' spd  52.5 yaw 337 mode 2 st 3 gl 0 hp 100 frg 0
ARGLOG Romero t  38.4 pos '1456.8 894.9 -256.0' spd 323.5 yaw 245.1 mode 1 st 4 gl 0 hp 68 frg 0
ARGEVT Joe Rogan hazard
ARGLOG Joe Rogan t  38.7 pos ' 80.0 632.9  24.0' spd 124.3 yaw 98 mode 2 st 10 gl 0 hp 100 frg 0
ARGLOG Carmack t  38.7 pos '880.0 2464.0 -88.0' spd 0 yaw 339 mode 2 st 3 gl 0 hp 100 frg 0
ARGLOG Romero t  38.9 pos '1308.1 831.9 -256.0' spd 372.5 yaw 126.0 mode 1 st 4 gl 0 hp 68 frg 0
ARGEVT Carmack stall
ARGUS FLOORDBG yaw 343 myaw 343 prof -24 -999 -48 -48 -48 -48 -48 wall   0.4 pos '880.0 2464.0 -88.0'
ARGEVT Carmack stallnode '977.0 2433.0 -112.0'
ARGEVT Carmack jump
ARGLOG Joe Rogan t  39.2 pos ' 30.7 624.0  24.0' spd   8.7 yaw 84 mode 2 st 10 gl 0 hp 100 frg 0
ARGLOG Carmack t  39.2 pos '879.5 2463.6 -66.7' spd  11.7 yaw 310.4 mode 0 st 4 gl 0 hp 100 frg 0
ARGEVT Carmack route 5 start '817.0 2369.0 -88.0' goal '817.0 2433.0 -344.0'
ARGLOG Romero t  39.5 pos '1307.0 987.5 -256.0' spd 435.6 yaw 355.2 mode 1 st 4 gl 0 hp 68 frg 0
ARGEVT Joe Rogan hazard
ARGLOG Joe Rogan t  39.8 pos ' 11.4 624.0  24.0' spd  18.7 yaw 79 mode 2 st 10 gl 0 hp 100 frg 0
ARGLOG Carmack t  39.8 pos '867.9 2452.0 -86.3' spd  35.7 yaw 219 mode 2 st 4 gl 0 hp 100 frg 0
ARGLOG Romero t  40.0 pos '1458.3 957.4 -243.4' spd 318.5 yaw 267.7 mode 1 st 4 gl 0 hp 68 frg 0
ARGLOG Joe Rogan t  40.3 pos '  7.3 624.0  24.0' spd  32.9 yaw 78 mode 2 st 10 gl 0 hp 100 frg 0
ARGLOG Carmack t  40.3 pos '790.4 2328.0 -97.4' spd 368.5 yaw 29 mode 2 st 4 gl 0 hp 100 frg 0
ARGEVT Carmack jump
ARGLOG Romero t  40.5 pos '1360.1 826.1 -256.0' spd 324.7 yaw 180.0 mode 1 st 4 gl 0 hp 68 frg 0
ARGEVT Joe Rogan stall
ARGUS FLOORDBG yaw 68 myaw 428 prof -24 -264 -260.9 -257.2 -253.5 -249.8 -248 wall   0.4 pos ' 17.0 624.0  24.0'
ARGEVT Joe Rogan stallnode ' 49.0 705.0 -120.0'
ARGEVT Joe Rogan jump
ARGEVT Joe Rogan route 15 start ' 81.0 545.0  24.0' goal '1169.0 1057.0 -408.0'
ARGLOG Joe Rogan t  40.8 pos ' 40.0 624.0  58.4' spd 112.2 yaw 347 mode 2 st 11 gl 0 hp 100 frg 0
ARGLOG Carmack t  40.8 pos '704.3 2291.9 -74.7' spd 182.2 yaw 27 mode 2 st 4 gl 0 hp 100 frg 0
ARGLOG Romero t  41.0 pos '1245.0 930.4 -256.0' spd 428.6 yaw  16.5 mode 1 st 4 gl 0 hp 68 frg 0
ARGLOG Joe Rogan t  41.3 pos ' 95.8 609.5  24.0' spd 202.2 yaw 348 mode 2 st 11 gl 0 hp 100 frg 0
ARGLOG Carmack t  41.3 pos '688.0 2368.0 -262.5' spd 0 yaw 5 mode 2 st 4 gl 0 hp 100 frg 0
ARGLOG Romero t  41.5 pos '1414.1 991.0 -256.0' spd 352.0 yaw 315 mode 1 st 4 gl 0 hp 68 frg 0
ARGEVT Joe Rogan hazard
ARGEVT Carmack swim
ARGLOG Joe Rogan t  41.8 pos '176.0 514.4  24.0' spd  40.9 yaw 123 mode 2 st 11 gl 0 hp 100 frg 0
ARGLOG Carmack t  41.8 pos '716.2 2371.3 -473.8' spd 125.3 yaw 5 mode 2 st 4 gl 0 hp 88 frg 0
ARGLOG Romero t  42.0 pos '1421.6 850.7 -256.0' spd 398.0 yaw 167.5 mode 1 st 4 gl 0 hp 68 frg 0
ARGEVT Joe Rogan abandon
ARGEVT Joe Rogan plan powerup via weapon
ARGEVT Joe Rogan goal weapon_rocketlauncher
ARGLOG Joe Rogan t  42.3 pos '217.1 616.0  24.0' spd 275.4 yaw 141.3 mode 0 st 11 gl 0 hp 100 frg 0
ARGLOG Carmack t  42.3 pos '787.1 2364.9 -469.1' spd 124.4 yaw 8 mode 2 st 4 gl 0 hp 88 frg 0
ARGEVT Joe Rogan route 28 start '241.0 577.0  24.0' goal '145.0 2337.0  40.0'
ARGLOG Romero t  42.5 pos '1253.8 852.4 -256.0' spd 408.8 yaw  76.1 mode 1 st 4 gl 0 hp 68 frg 0
ARGLOG Joe Rogan t  42.8 pos ' 64.4 552.4  24.0' spd 410.0 yaw 95 mode 2 st 11 gl 0 hp 100 frg 0
ARGEVT Joe Rogan hazard
ARGLOG Carmack t  42.8 pos '872.5 2364.8 -464.5' spd 215.1 yaw 12 mode 2 st 4 gl 0 hp 80 frg 0
ARGLOG Romero t  43.0 pos '1347.1 997.1 -256.0' spd 349.1 yaw 346 mode 1 st 4 gl 0 hp 68 frg 0
ARGLOG Joe Rogan t  43.4 pos '107.0 550.5  24.0' spd 320.0 yaw 110 mode 2 st 11 gl 0 hp 100 frg 0
ARGEVT Romero hazard
ARGLOG Carmack t  43.4 pos '896.0 2383.9 -461.3' spd 0 yaw 6 mode 2 st 4 gl 0 hp 80 frg 0
ARGLOG Romero t  43.6 pos '1450.3 910.9 -256.0' spd 342.1 yaw 223.4 mode 1 st 4 gl 0 hp 68 frg 0
ARGLOG Joe Rogan t  43.9 pos '267.0 603.0  24.0' spd 378.5 yaw 133 mode 2 st 11 gl 0 hp 100 frg 0
ARGEVT Joe Rogan hazard
ARGLOG Carmack t  43.9 pos '896.0 2383.9 -459.0' spd 0 yaw 6 mode 2 st 4 gl 0 hp 72 frg 0
ARGLOG Romero t  44.1 pos '1299.8 830.1 -256.0' spd 373.4 yaw 122.7 mode 1 st 4 gl 0 hp 68 frg 0
ARGEVT Carmack stall
ARGUS FLOORDBG yaw 31 myaw 31 prof -70.3 -70.3 -70.3 -70.3 -70.3 -70.3 -70.3 wall 1 pos '896.0 2383.9 -457.6'
ARGEVT Carmack stallnode '977.0 2433.0 -112.0'
ARGEVT Carmack route 2 start '817.0 2273.0 -366.0' goal '817.0 2433.0 -344.0'
ARGLOG Joe Rogan t  44.4 pos '125.0 640.0  24.0' spd 301.4 yaw 111 mode 2 st 11 gl 0 hp 100 frg 0
ARGLOG Carmack t  44.4 pos '896.0 2383.9 -456.7' spd 0 yaw 191 mode 2 st 5 gl 0 hp 72 frg 0
ARGLOG Romero t  44.6 pos '1306.8 985.6 -256.0' spd 435.7 yaw 351.8 mode 1 st 4 gl 0 hp 68 frg 0
ARGEVT Carmack swim
ARGEVT Carmack swim
ARGLOG Joe Rogan t  44.9 pos ' 80.0 640.0  24.0' spd 0 yaw 99 mode 2 st 11 gl 0 hp 100 frg 0
ARGEVT Joe Rogan hazard
ARGLOG Carmack t  44.9 pos '881.7 2369.2 -457.1' spd 106.4 yaw 181 mode 2 st 5 gl 0 hp 64 frg 0
ARGLOG Romero t  45.1 pos '1458.0 952.7 -243.9' spd 322.1 yaw 267.0 mode 1 st 4 gl 0 hp 68 frg 0
ARGEVT Carmack swim
ARGEVT Carmack swim
ARGLOG Joe Rogan t  45.4 pos ' 80.0 640.0  24.0' spd 0 yaw 99 mode 2 st 11 gl 0 hp 100 frg 0
ARGLOG Carmack t  45.4 pos '827.8 2294.2 -457.0' spd 218.4 yaw 98 mode 2 st 5 gl 0 hp 64 frg 0
ARGEVT Joe Rogan stall
ARGUS FLOORDBG yaw 115 myaw 835 prof -24 -999 -257.1 -253.5 -249.9 -248 -248 wall   0.4 pos ' 80.0 640.0  24.0'
ARGEVT Joe Rogan stallnode ' 49.0 705.0 -120.0'
ARGEVT Joe Rogan jump
ARGLOG Romero t  45.6 pos '1357.3 823.0 -256.0' spd 325.5 yaw 174.4 mode 1 st 4 gl 0 hp 68 frg 0
ARGEVT Carmack swim
ARGLOG Joe Rogan t  45.9 pos ' 80.0 640.0  62.9' spd 0 yaw 152.9 mode 0 st 12 gl 0 hp 100 frg 0
ARGLOG Carmack t  45.9 pos '802.3 2208.6 -461.7' spd  67.2 yaw 84 mode 2 st 5 gl 0 hp 56 frg 0
ARGEVT Joe Rogan route 29 start ' 81.0 545.0  24.0' goal '145.0 2337.0  40.0'
ARGLOG Romero t  46.1 pos '1252.6 937.8 -256.0' spd 429.3 yaw   9.2 mode 1 st 4 gl 0 hp 68 frg 0
ARGLOG Joe Rogan t  46.4 pos ' 80.6 592.8  24.0' spd 320.0 yaw 105 mode 2 st 12 gl 0 hp 100 frg 0
ARGLOG Carmack t  46.4 pos '831.6 2269.4 -457.2' spd 177.0 yaw 98 mode 2 st 5 gl 0 hp 56 frg 0
ARGEVT Joe Rogan hazard
ARGLOG Romero t  46.7 pos '1421.6 994.7 -256.0' spd 356.2 yaw 313 mode 1 st 4 gl 0 hp 68 frg 0
ARGEVT Carmack swim
ARGEVT Romero hazard
ARGEVT Carmack swim
ARGLOG Joe Rogan t  47.0 pos '204.8 550.3  24.0' spd 325.2 yaw 118 mode 2 st 12 gl 0 hp 100 frg 0
ARGLOG Carmack t  47.0 pos '787.0 2303.2 -456.8' spd  96.0 yaw 65 mode 2 st 5 gl 0 hp 48 frg 0
ARGEVT Carmack swim
ARGLOG Romero t  47.2 pos '1403.2 850.7 -256.0' spd 401.8 yaw 155.5 mode 1 st 4 gl 0 hp 68 frg 0
ARGEVT Carmack swim
ARGLOG Joe Rogan t  47.5 pos '288.9 624.0  24.0' spd 225.2 yaw 138 mode 2 st 12 gl 0 hp 100 frg 0
ARGLOG Carmack t  47.5 pos '816.4 2258.9 -456.6' spd 130.3 yaw 89 mode 2 st 5 gl 0 hp 48 frg 0
ARGEVT Carmack swim
ARGLOG Romero t  47.7 pos '1268.5 746.1 -256.0' spd 408.5 yaw 320.0 mode 1 st 4 gl 0 hp 68 frg 0
ARGEVT Carmack swim
ARGLOG Joe Rogan t  48.0 pos '272.0 624.0  24.0' spd 0 yaw 136 mode 2 st 12 gl 0 hp 100 frg 0
ARGLOG Carmack t  48.0 pos '836.8 2291.7 -456.3' spd  92.5 yaw 104 mode 2 st 5 gl 0 hp 44 frg 0
ARGEVT Romero hazard
ARGEVT Carmack swim
ARGLOG Romero t  48.2 pos '1388.8 733.2 -256.0' spd 320.9 yaw 103.3 mode 1 st 4 gl 0 hp 68 frg 0
ARGEVT Carmack swim
ARGEVT Joe Rogan stall
ARGUS FLOORDBG yaw 160 myaw 1240 prof -24 -999 -19.9 -10.5 -999 -999 -999 wall 1 pos '272.0 624.0  24.0'
ARGEVT Joe Rogan stallnode ' 49.0 705.0 -120.0'
ARGLOG Joe Rogan t  48.5 pos '272.0 624.0  24.0' spd 0 yaw 330.8 mode 0 st 13 gl 0 hp 100 frg 0
ARGEVT Joe Rogan jump
ARGLOG Carmack t  48.5 pos '805.0 2265.2 -455.8' spd 100.4 yaw 83 mode 2 st 5 gl 0 hp 44 frg 0
ARGEVT Carmack swim
ARGUS routecache adopt
ARGEVT Joe Rogan route 28 start '241.0 577.0  24.0' goal '145.0 2337.0  40.0'
ARGLOG Romero t  48.7 pos '1298.4 875.5 -256.0' spd 336.3 yaw  99.7 mode 1 st 4 gl 0 hp 68 frg 0
ARGEVT Carmack swim
ARGLOG Joe Rogan t  49.0 pos '272.0 624.0  46.6' spd 0 yaw 160 mode 2 st 13 gl 0 hp 100 frg 0
ARGLOG Carmack t  49.0 pos '836.7 2270.5 -457.5' spd  95.2 yaw 101 mode 2 st 5 gl 0 hp 36 frg 0
ARGEVT Carmack swim
ARGEVT Joe Rogan stall
ARGUS FLOORDBG yaw 157 myaw 1298.7 prof -24 -24 -999 -23.0 -999 -24 -999 wall 1 pos '267.4 613.6  24.0'
ARGEVT Joe Rogan stallnode ' 49.0 705.0 -120.0'
ARGEVT Joe Rogan jump
ARGLOG Romero t  49.2 pos '1371.1 1018.0 -256.0' spd 363.0 yaw 334 mode 1 st 4 gl 0 hp 68 frg 0
ARGEVT Carmack swim
ARGEVT Joe Rogan plan powerup via weapon
ARGEVT Joe Rogan goal weapon_supernailgun
ARGEVT Carmack swim
ARGEVT Joe Rogan route 24 start '241.0 577.0  24.0' goal '817.0 2433.0 -344.0'
ARGLOG Joe Rogan t  49.5 pos '257.1 564.4  62.9' spd 178.7 yaw 127 mode 2 st 14 gl 0 hp 100 frg 0
ARGLOG Carmack t  49.5 pos '803.0 2273.2 -457.1' spd  90.9 yaw 81 mode 2 st 5 gl 0 hp 36 frg 0
ARGLOG Romero t  49.7 pos '1462.4 911.0 -256.0' spd 357.3 yaw 236.4 mode 1 st 4 gl 0 hp 68 frg 0
ARGEVT Carmack swim
ARGEVT Carmack swim
ARGLOG Joe Rogan t  50.0 pos '290.0 598.7  24.0' spd 337.6 yaw 135 mode 2 st 14 gl 0 hp 100 frg 0
ARGLOG Carmack t  50.0 pos '834.4 2261.9 -456.8' spd  91.6 yaw 99 mode 2 st 5 gl 0 hp 28 frg 0
ARGEVT Carmack swim
ARGLOG Romero t  50.2 pos '1332.6 798.9 -256.0' spd 367.6 yaw 140 mode 1 st 4 gl 0 hp 68 frg 0
ARGEVT Carmack swim
ARGLOG Joe Rogan t  50.6 pos '127.4 634.9  24.0' spd 335.6 yaw 111 mode 2 st 14 gl 0 hp 100 frg 0
ARGLOG Carmack t  50.6 pos '808.1 2281.2 -456.4' spd  90.2 yaw 84 mode 2 st 5 gl 0 hp 28 frg 0
ARGEVT Carmack swim
ARGEVT Joe Rogan hazard
ARGLOG Romero t  50.8 pos '1264.9 950.0 -256.0' spd 383.7 yaw 24 mode 1 st 4 gl 0 hp 68 frg 0
ARGEVT Carmack swim
ARGLOG Joe Rogan t  51.1 pos '126.9 640.0  24.0' spd 113.3 yaw 111 mode 2 st 14 gl 0 hp 100 frg 0
ARGLOG Carmack t  51.1 pos '827.8 2255.5 -455.9' spd  90.9 yaw 95 mode 2 st 5 gl 0 hp 24 frg 0
ARGEVT Carmack swim
ARGLOG Romero t  51.3 pos '1424.0 998.5 -256.0' spd 122.2 yaw 311 mode 1 st 4 gl 0 hp 68 frg 0
ARGEVT Joe Rogan stall
ARGUS FLOORDBG yaw 120 myaw 480 prof -24 -999 -257.6 -254.2 -250.7 -248 -248 wall   0.5 pos ' 87.7 640.0  24.0'
ARGEVT Joe Rogan stallnode ' 49.0 705.0 -120.0'
ARGEVT Joe Rogan jump
ARGLOG Joe Rogan t  51.6 pos ' 80.0 640.0  52.7' spd 0 yaw  65.3 mode 0 st 15 gl 0 hp 100 frg 0
ARGLOG Carmack t  51.6 pos '805.9 2280.8 -465.1' spd 117.7 yaw 82 mode 2 st 5 gl 0 hp 24 frg 0
ARGLOG Romero t  51.8 pos '1438.2 842.6 -256.0' spd 383.2 yaw 170.8 mode 1 st 4 gl 0 hp 68 frg 0
ARGEVT Joe Rogan route 25 start ' 81.0 545.0  24.0' goal '817.0 2433.0 -344.0'
ARGLOG Joe Rogan t  52.1 pos '114.7 635.6  24.0' spd 262.7 yaw 336 mode 2 st 15 gl 0 hp 100 frg 0
ARGLOG Carmack t  52.1 pos '817.2 2239.2 -473.0' spd 107.5 yaw 90 mode 2 st 5 gl 0 hp 16 frg 0
ARGEVT Romero abandon
ARGEVT Romero goal item_health
ARGEVT Romero route 2 start '1265.0 801.0 -256.0' goal '945.0 993.0 -248.0'
ARGLOG Romero t  52.4 pos '1257.8 816.5 -256.0' spd 328.0 yaw 150 mode 2 st 4 gl 0 hp 68 frg 0
ARGEVT Joe Rogan hazard
ARGEVT Romero hazard
ARGLOG Joe Rogan t  52.7 pos '126.2 514.5  24.0' spd 320.6 yaw 28 mode 2 st 15 gl 0 hp 100 frg 0
ARGLOG Carmack t  52.7 pos '814.8 2292.3 -473.1' spd 134.5 yaw 88 mode 2 st 5 gl 0 hp 16 frg 0
ARGLOG Romero t  52.9 pos '1200.4 979.4 -256.0' spd 362.4 yaw 157.6 mode 2 st 4 gl 0 hp 93 frg 0
ARGLOG Joe Rogan t  53.2 pos ' 81.1 640.0  24.0' spd  75.4 yaw 116 mode 2 st 15 gl 0 hp 100 frg 0
ARGLOG Carmack t  53.2 pos '784.3 2266.2 -468.5' spd  99.6 yaw 72 mode 2 st 5 gl 0 hp 8 frg 0
ARGLOG Romero t  53.4 pos '1174.8 1065.1 -256.0' spd 264.4 yaw 198 mode 2 st 4 gl 0 hp 93 frg 0
ARGEVT Carmack abandon
ARGEVT Carmack goal item_health
ARGEVT Carmack route 4 start '849.0 2145.0 -396.0' goal '1137.0 2497.0 -260.0'
ARGEVT Romero hazard
ARGLOG Joe Rogan t  53.7 pos '223.7 591.9  24.0' spd 323.9 yaw 125 mode 2 st 15 gl 0 hp 100 frg 0
ARGLOG Carmack t  53.7 pos '840.6 2282.4 -463.9' spd 161.0 yaw 105 mode 2 st 5 gl 0 hp 8 frg 0
ARGLOG Romero t  54.0 pos '1168.0 971.4 -256.0' spd  46.0 yaw 174 mode 2 st 4 gl 0 hp 93 frg 0
ARGEVT Carmack death world pos '874.6 2317.3 -461.7'
ARGLOG Joe Rogan t  54.2 pos '328.5 624.0  24.0' spd 190.9 yaw 143 mode 2 st 15 gl 0 hp 100 frg 0
ARGLOG Romero t  54.5 pos '1168.0 960.6 -256.0' spd  41.6 yaw 171 mode 2 st 4 gl 0 hp 93 frg 0
ARGLOG Joe Rogan t  54.7 pos '272.0 624.0  24.0' spd 0 yaw 136 mode 2 st 15 gl 0 hp 100 frg 0
ARGLOG Romero t  55.0 pos '1168.0 967.1 -256.0' spd  32.5 yaw 173 mode 2 st 4 gl 0 hp 93 frg 0
ARGEVT Romero hazard
ARGLOG Joe Rogan t  55.2 pos '272.0 624.0  24.0' spd 0 yaw 136 mode 2 st 15 gl 0 hp 100 frg 0
ARGLOG Romero t  55.5 pos '1168.0 966.9 -256.0' spd  28.2 yaw 173 mode 2 st 4 gl 0 hp 93 frg 0
ARGEVT Carmack respawn
ARGEVT Carmack goal weapon_rocketlauncher
ARGLOG Carmack t  55.5 pos '832.0 2048.0 -152.0' spd 0 yaw  16.3 mode 0 st 5 gl 0 hp 100 frg -1
ARGEVT Carmack route 19 start '849.0 2081.0 -152.0' goal '145.0 2337.0  40.0'
ARGEVT Joe Rogan stall
ARGUS FLOORDBG yaw 160 myaw 160 prof -24 -999 -19.9 -10.5 -999 -999 -999 wall 1 pos '272.0 624.0  24.0'
ARGEVT Joe Rogan stallnode ' 49.0 705.0 -120.0'
ARGLOG Joe Rogan t  55.8 pos '272.0 624.0  24.0' spd 0 yaw 279.9 mode 0 st 16 gl 0 hp 100 frg 0
ARGEVT Joe Rogan jump
ARGEVT Carmack hazard
ARGEVT Romero stall
ARGUS FLOORDBG yaw 172 myaw -1988 prof -24  15.4 -336 -999 -16 -16 -16 wall   0.6 pos '1168.0 963.3 -256.0'
ARGEVT Romero stallnode '945.0 993.0 -248.0'
ARGEVT Romero jump
ARGLOG Romero t  56.0 pos '1166.0 952.2 -226.8' spd  75.1 yaw 221.9 mode 0 st 5 gl 0 hp 93 frg 0
ARGLOG Carmack t  56.1 pos '850.6 2149.1 -139.5' spd 328.5 yaw 98 mode 2 st 5 gl 0 hp 100 frg -1
ARGEVT Joe Rogan route 24 start '241.0 577.0  24.0' goal '817.0 2433.0 -344.0'
ARGLOG Joe Rogan t  56.3 pos '272.0 621.4  45.8' spd  29.0 yaw 159 mode 2 st 16 gl 0 hp 100 frg 0
ARGEVT Romero route 2 start '1169.0 865.0 -192.0' goal '945.0 993.0 -248.0'
ARGLOG Romero t  56.5 pos '1173.2 928.0 -256.0' spd  86.9 yaw 164 mode 2 st 5 gl 0 hp 93 frg 0
ARGLOG Carmack t  56.6 pos '816.9 2311.8 -101.2' spd 323.3 yaw 89 mode 2 st 5 gl 0 hp 100 frg -1
ARGLOG Joe Rogan t  56.8 pos '168.3 574.5  24.0' spd 391.3 yaw 114 mode 2 st 16 gl 0 hp 100 frg 0
ARGEVT Joe Rogan hazard
ARGLOG Romero t  57.0 pos '1296.4 1025.8 -256.0' spd 417.5 yaw 186 mode 2 st 5 gl 0 hp 93 frg 0
ARGLOG Carmack t  57.1 pos '832.1 2475.8 -88.0' spd 320.1 yaw 93 mode 2 st 5 gl 0 hp 100 frg -1
ARGEVT Romero hazard
ARGLOG Joe Rogan t  57.3 pos ' 20.9 624.0  24.0' spd 121.6 yaw 82 mode 2 st 16 gl 0 hp 100 frg 0
ARGLOG Romero t  57.6 pos '1191.3 984.4 -256.0' spd 385.8 yaw 178 mode 2 st 5 gl 0 hp 93 frg 0
ARGLOG Carmack t  57.6 pos '833.6 2641.3 -72.0' spd 320.8 yaw 130 mode 2 st 5 gl 0 hp 100 frg -1
ARGLOG Joe Rogan t  57.8 pos ' 17.2 624.0  24.0' spd  59.4 yaw 81 mode 2 st 16 gl 0 hp 100 frg 0
ARGLOG Romero t  58.1 pos '1167.3 1008.7 -254.2' spd 324.6 yaw 185 mode 2 st 5 gl 0 hp 93 frg 0
ARGEVT Joe Rogan hazard
ARGLOG Carmack t  58.1 pos '758.6 2790.2 -56.0' spd 327.3 yaw 188 mode 2 st 5 gl 0 hp 100 frg -1
ARGEVT Romero hazard
ARGLOG Joe Rogan t  58.3 pos ' 23.4 624.0  24.0' spd  50.4 yaw 83 mode 2 st 16 gl 0 hp 100 frg 0
ARGLOG Romero t  58.6 pos '1157.7 992.0 -256.0' spd 176.3 yaw 179 mode 2 st 5 gl 0 hp 93 frg 0
ARGEVT Joe Rogan stall
ARGUS FLOORDBG yaw 72 myaw 72 prof -24 -999 -260.6 -256.8 -253.0 -249.2 -248 wall   0.4 pos ' 22.7 624.0  24.0'
ARGEVT Joe Rogan stallnode ' 49.0 705.0 -120.0'
ARGEVT Joe Rogan jump
ARGLOG Carmack t  58.6 pos '594.0 2818.3 -56.0' spd 328.3 yaw 189 mode 2 st 5 gl 0 hp 100 frg -1
ARGLOG Joe Rogan t  58.8 pos ' 23.2 624.0  58.4' spd  29.4 yaw  16.7 mode 0 st 17 gl 0 hp 100 frg 0
ARGEVT Joe Rogan route 25 start ' 81.0 545.0  24.0' goal '817.0 2433.0 -344.0'
ARGLOG Romero t  59.1 pos '1152.9 992.0 -256.0' spd   8.7 yaw 179 mode 2 st 5 gl 0 hp 93 frg 0
ARGEVT Carmack door
ARGLOG Carmack t  59.1 pos '438.6 2758.2 -56.0' spd 326.9 yaw 152 mode 2 st 5 gl 0 hp 100 frg -1
ARGEVT Carmack door
ARGEVT Carmack door
ARGEVT Romero hazard
ARGEVT Carmack door
ARGLOG Joe Rogan t  59.4 pos ' 44.4 614.9  24.0' spd 179.2 yaw 350 mode 2 st 17 gl 0 hp 100 frg 0
ARGEVT Carmack door
ARGEVT Carmack door
ARGEVT Romero stall
ARGUS FLOORDBG yaw 179 myaw -1621 prof -336 -999 -16 -16 -16 -16 -16 wall   0.7 pos '1149.8 992.0 -256.0'
ARGEVT Romero stallnode '945.0 993.0 -248.0'
ARGEVT Romero jump
ARGEVT Carmack door
ARGEVT Carmack door
ARGEVT Carmack door
ARGEVT Romero route 1 start '1169.0 993.0 -256.0' goal '945.0 993.0 -248.0'
ARGLOG Romero t  59.6 pos '1146.3 992.4 -227.1' spd  30.0 yaw 179 mode 2 st 6 gl 0 hp 93 frg 0
ARGEVT Carmack door
ARGEVT Carmack door
ARGLOG Carmack t  59.7 pos '274.4 2745.8 -56.0' spd 320.4 yaw 134 mode 2 st 5 gl 0 hp 100 frg -1
ARGEVT Carmack door
ARGEVT Carmack door
ARGEVT Carmack door
ARGLOG Joe Rogan t  59.9 pos '186.9 531.1  24.0' spd 360.1 yaw 128 mode 2 st 17 gl 0 hp 100 frg 0
ARGLOG Romero t  60.1 pos '1136.0 994.2 -256.0' spd   2.1 yaw 181 mode 2 st 6 gl 0 hp 93 frg 0
ARGEVT Joe Rogan hazard
ARGLOG Carmack t  60.2 pos '117.8 2804.2 -56.0' spd 349.8 yaw 133 mode 2 st 5 gl 0 hp 100 frg -1
ARGEVT Romero hazard
ARGEVT Carmack hazard
ARGLOG Joe Rogan t  60.4 pos '312.2 624.0  24.0' spd  90.1 yaw 141 mode 2 st 17 gl 0 hp 100 frg 0
ARGLOG Romero t  60.6 pos '1152.4 992.0 -256.0' spd  32.4 yaw 179 mode 2 st 6 gl 0 hp 93 frg 0
ARGLOG Carmack t  60.7 pos ' -4.9 2891.2 -56.0' spd 294.1 yaw 238 mode 2 st 5 gl 0 hp 100 frg -1
ARGLOG Joe Rogan t  60.9 pos '272.0 624.0  24.0' spd 0 yaw 136 mode 2 st 17 gl 0 hp 100 frg 0
ARGLOG Romero t  61.2 pos '1168.8 984.5 -256.0' spd 151.4 yaw 177 mode 2 st 6 gl 0 hp 93 frg 0
ARGEVT Carmack route 9 start '-143.0 2881.0 -56.0' goal '145.0 2337.0  40.0'
ARGLOG Carmack t  61.2 pos '-153.2 2954.0 -56.0' spd 417.1 yaw 240 mode 2 st 5 gl 0 hp 100 frg -1
ARGEVT Romero hazard
ARGLOG Joe Rogan t  61.4 pos '272.0 624.0  24.0' spd 0 yaw 136 mode 2 st 17 gl 0 hp 100 frg 0
ARGEVT Joe Rogan stall
ARGUS FLOORDBG yaw 160 myaw 160 prof -24 -999 -19.9 -10.5 -999 -999 -999 wall 1 pos '272.0 624.0  24.0'
ARGEVT Joe Rogan stallnode ' 49.0 705.0 -120.0'
ARGEVT Joe Rogan jump
ARGLOG Romero t  61.7 pos '1168.0 959.3 -256.0' spd  36.3 yaw 171 mode 2 st 6 gl 0 hp 93 frg 0
ARGLOG Carmack t  61.7 pos '-209.1 2787.5 -72.0' spd 325.5 yaw 231 mode 2 st 5 gl 0 hp 100 frg -1
ARGEVT Joe Rogan route 24 start '241.0 577.0  24.0' goal '817.0 2433.0 -344.0'
ARGLOG Joe Rogan t  61.9 pos '272.0 623.7  58.9' spd   4.7 yaw 159 mode 2 st 18 gl 0 hp 100 frg 0
ARGLOG Romero t  62.2 pos '1168.0 964.7 -256.0' spd  30.2 yaw 172 mode 2 st 6 gl 0 hp 93 frg 0
ARGLOG Carmack t  62.2 pos '-231.8 2620.0 -88.0' spd 378.1 yaw 162 mode 2 st 5 gl 0 hp 100 frg -1
ARGEVT Romero hazard
ARGLOG Joe Rogan t  62.4 pos '208.5 572.7  24.0' spd 370.2 yaw 121 mode 2 st 18 gl 0 hp 100 frg 0
ARGLOG Romero t  62.7 pos '1168.0 965.3 -256.0' spd  30.2 yaw 172 mode 2 st 6 gl 0 hp 93 frg 0
ARGLOG Carmack t  62.7 pos '-402.2 2606.5 -104.0' spd 329.2 yaw 173 mode 2 st 5 gl 0 hp 100 frg -1
ARGEVT Joe Rogan hazard
ARGLOG Joe Rogan t  63.0 pos ' 38.4 624.0  24.0' spd 295.5 yaw 87 mode 2 st 18 gl 0 hp 100 frg 0
ARGEVT Romero stall
ARGUS FLOORDBG yaw 171 myaw -1629 prof -24  15.2 -336 -999 -16 -16 -16 wall   0.6 pos '1168.0 961.3 -256.0'
ARGEVT Romero stallnode '945.0 993.0 -248.0'
ARGEVT Romero jump
ARGEVT Carmack lift
ARGEVT Carmack jump
ARGLOG Romero t  63.2 pos '1165.3 957.2 -227.1' spd  38.5 yaw 220.3 mode 0 st 7 gl 0 hp 93 frg 0
ARGEVT Carmack board
ARGLOG Carmack t  63.3 pos '-541.2 2697.8 -59.2' spd 0 yaw 273 mode 2 st 5 gl 0 hp 100 frg -1
ARGEVT Romero route 1 start '1169.0 993.0 -256.0' goal '945.0 993.0 -248.0'
ARGLOG Joe Rogan t  63.5 pos ' 16.4 624.0  24.0' spd  57.5 yaw 81 mode 2 st 18 gl 0 hp 100 frg 0
ARGLOG Romero t  63.7 pos '1165.4 950.4 -242.7' spd  54.3 yaw 169 mode 2 st 7 gl 0 hp 93 frg 0
ARGLOG Carmack t  63.8 pos '-546.7 2693.4   4.1' spd 0 yaw 274 mode 2 st 5 gl 0 hp 100 frg -1
ARGEVT Joe Rogan hazard
ARGEVT Romero hazard
ARGLOG Joe Rogan t  64.0 pos ' 22.9 624.0  24.0' spd  48.2 yaw 82 mode 2 st 18 gl 0 hp 100 frg 0
ARGLOG Romero t  64.2 pos '1168.0 957.9 -256.0' spd  86.5 yaw 171 mode 2 st 7 gl 0 hp 93 frg 0
ARGLOG Carmack t  64.3 pos '-536.8 2567.2  56.0' spd 320 yaw 303 mode 2 st 5 gl 0 hp 100 frg -1
ARGEVT Joe Rogan stall
ARGUS FLOORDBG yaw 72 myaw 72 prof -24 -999 -260.6 -256.8 -253.0 -249.2 -248 wall   0.4 pos ' 23.8 624.0  24.0'
ARGEVT Joe Rogan stallnode ' 49.0 705.0 -120.0'
ARGEVT Joe Rogan jump
ARGLOG Joe Rogan t  64.5 pos ' 29.3 624.0  45.5' spd  55.5 yaw  49.7 mode 0 st 19 gl 0 hp 100 frg 0
ARGEVT Joe Rogan route 25 start ' 81.0 545.0  24.0' goal '817.0 2433.0 -344.0'
ARGLOG Romero t  64.8 pos '1168.0 964.1 -256.0' spd  99.9 yaw 172 mode 2 st 7 gl 0 hp 93 frg 0
ARGLOG Carmack t  64.8 pos '-522.3 2401.0  56.0' spd 344.0 yaw 0 mode 2 st 5 gl 0 hp 100 frg -1
ARGLOG Joe Rogan t  65.0 pos ' 57.9 624.0  25.1' spd  55.5 yaw 346 mode 2 st 19 gl 0 hp 100 frg 0
ARGEVT Romero stall
ARGUS FLOORDBG yaw 174 myaw -1626 prof -24  15.6 -336 -999 -16 -16 -16 wall   0.6 pos '1168.0 971.6 -256.0'
ARGEVT Romero stallnode '945.0 993.0 -248.0'
ARGEVT Romero jump
ARGLOG Romero t  65.3 pos '1168.0 973.0 -244.3' spd  28.6 yaw 190.6 mode 0 st 8 gl 0 hp 93 frg 0
ARGLOG Carmack t  65.3 pos '-376.0 2313.6  56.0' spd 346.1 yaw 348 mode 2 st 5 gl 0 hp 100 frg -1
ARGEVT Romero route 1 start '1169.0 993.0 -256.0' goal '945.0 993.0 -248.0'
ARGLOG Joe Rogan t  65.5 pos '149.6 512.0  24.0' spd 380.0 yaw 117 mode 2 st 19 gl 0 hp 100 frg 0
ARGLOG Romero t  65.8 pos '1158.6 983.4 -229.1' spd  43.5 yaw 177 mode 2 st 8 gl 0 hp 93 frg 0
ARGLOG Carmack t  65.8 pos '-221.8 2376.2  56.0' spd 321.1 yaw 354 mode 2 st 5 gl 0 hp 100 frg -1
ARGEVT Joe Rogan hazard
ARGEVT Carmack hazard
ARGLOG Joe Rogan t  66.0 pos '257.2 608.6  24.0' spd 360.3 yaw 132 mode 2 st 19 gl 0 hp 100 frg 0
ARGEVT Romero hazard
ARGLOG Romero t  66.3 pos '1165.7 992.0 -256.0' spd  11.6 yaw 179 mode 2 st 8 gl 0 hp 93 frg 0
ARGLOG Carmack t  66.3 pos '-144.0 2430.2  24.6' spd  32.9 yaw 343 mode 2 st 5 gl 0 hp 100 frg -1
ARGLOG Joe Rogan t  66.5 pos '272.0 624.0  24.0' spd 0 yaw 136 mode 2 st 19 gl 0 hp 100 frg 0
ARGLOG Romero t  66.8 pos '1159.9 992.0 -256.0' spd  11.4 yaw 179 mode 2 st 8 gl 0 hp 93 frg 0
ARGLOG Carmack t  66.9 pos '-144.0 2406.2 -136.0' spd 157.6 yaw 347 mode 2 st 5 gl 0 hp 100 frg -1
ARGLOG Joe Rogan t  67.1 pos '272.0 624.0  24.0' spd 0 yaw 136 mode 2 st 19 gl 0 hp 100 frg 0
ARGEVT Romero hazard
ARGEVT Carmack hazard
ARGEVT Joe Rogan stall
ARGUS FLOORDBG yaw 160 myaw 160 prof -24 -999 -19.9 -10.5 -999 -999 -999 wall 1 pos '272.0 624.0  24.0'
ARGEVT Joe Rogan stallnode ' 49.0 705.0 -120.0'
ARGEVT Joe Rogan jump
ARGLOG Romero t  67.3 pos '1153.9 992.0 -256.0' spd  11.8 yaw 179 mode 2 st 8 gl 0 hp 93 frg 0
ARGEVT Romero stall
ARGUS FLOORDBG yaw 179 myaw -1621 prof -336 -336 -999 -16 -16 -16 -16 wall   0.8 pos '1153.3 992.0 -256.0'
ARGEVT Romero stallnode '945.0 993.0 -248.0'
ARGEVT Romero jump
ARGLOG Carmack t  67.4 pos '-156.0 2231.2 -136.0' spd 386.0 yaw 19 mode 2 st 5 gl 0 hp 100 frg -1
ARGLOG Joe Rogan t  67.6 pos '272.0 624.0  62.8' spd 0 yaw 172 mode 0 st 20 gl 0 hp 100 frg 0
ARGUS routecache adopt
ARGEVT Romero route 1 start '1169.0 993.0 -256.0' goal '945.0 993.0 -248.0'
ARGEVT Joe Rogan route 24 start '241.0 577.0  24.0' goal '817.0 2433.0 -344.0'
ARGLOG Romero t  67.8 pos '1140.2 992.1 -226.4' spd  30.4 yaw 179 mode 2 st 9 gl 0 hp 93 frg 0
ARGLOG Carmack t  67.9 pos '-145.2 2235.9 -136.0' spd 320.5 yaw 19 mode 2 st 5 gl 0 hp 100 frg -1
ARGLOG Joe Rogan t  68.1 pos '242.7 587.1  24.0' spd 335.9 yaw 128 mode 2 st 20 gl 0 hp 100 frg 0
ARGEVT Romero hazard
ARGEVT Carmack hazard
ARGLOG Romero t  68.4 pos '1143.0 992.0 -256.0' spd  22.4 yaw 179 mode 2 st 9 gl 0 hp 93 frg 0
ARGLOG Carmack t  68.4 pos '-151.7 2328.9 -136.0' spd 121.6 yaw 1 mode 2 st 5 gl 0 hp 100 frg -1
ARGEVT Joe Rogan hazard
ARGLOG Joe Rogan t  68.6 pos ' 72.8 621.4  24.0' spd 339.2 yaw 96 mode 2 st 20 gl 0 hp 100 frg 0
ARGLOG Romero t  68.9 pos '1154.6 992.0 -256.0' spd  22.9 yaw 179 mode 2 st 9 gl 0 hp 93 frg 0
ARGLOG Carmack t  68.9 pos '-144.0 2313.6 -136.0' spd 361.0 yaw 4 mode 2 st 5 gl 0 hp 100 frg -1
ARGLOG Joe Rogan t  69.1 pos ' 14.7 624.0  24.0' spd  82.7 yaw 80 mode 2 st 20 gl 0 hp 100 frg 0
ARGEVT Romero hazard
ARGEVT Carmack hazard
ARGLOG Romero t  69.4 pos '1166.1 992.0 -256.0' spd  22.4 yaw 179 mode 2 st 9 gl 0 hp 93 frg 0
ARGLOG Carmack t  69.4 pos '-152.5 2180.7 -136.0' spd 128.9 yaw 27 mode 2 st 5 gl 0 hp 100 frg -1
ARGEVT Joe Rogan abandon
ARGEVT Joe Rogan plan powerup via weapon
ARGEVT Joe Rogan goal weapon_grenadelauncher
ARGEVT Joe Rogan route 15 start ' 81.0 545.0  24.0' goal '1169.0 1057.0 -408.0'
ARGLOG Joe Rogan t  69.6 pos ' 22.9 624.0  24.0' spd 153.2 yaw 348 mode 2 st 20 gl 0 hp 100 frg 0
ARGLOG Romero t  69.9 pos '1169.2 965.1 -256.0' spd 163.2 yaw 172 mode 2 st 9 gl 0 hp 93 frg 0
ARGLOG Carmack t  69.9 pos '-145.3 2167.6 -136.0' spd 332.9 yaw 30 mode 2 st 5 gl 0 hp 100 frg -1
ARGEVT Joe Rogan hazard
ARGLOG Joe Rogan t  70.2 pos '116.1 520.9  24.0' spd 421.2 yaw 110 mode 2 st 20 gl 0 hp 100 frg 0
ARGEVT Carmack hazard
ARGEVT Romero hazard
ARGLOG Romero t  70.4 pos '1168.0 963.6 -256.0' spd  94.0 yaw 172 mode 2 st 9 gl 0 hp 93 frg 0
ARGLOG Carmack t  70.5 pos '-144.0 2310.5 -136.0' spd 142.4 yaw 5 mode 2 st 5 gl 0 hp 100 frg -1
ARGLOG Joe Rogan t  70.7 pos '176.0 513.5  24.0' spd  27.3 yaw 123 mode 2 st 20 gl 0 hp 100 frg 0
ARGLOG Romero t  70.9 pos '1168.0 966.0 -256.0' spd 107.7 yaw 173 mode 2 st 9 gl 0 hp 93 frg 0
ARGEVT Romero stall
ARGUS FLOORDBG yaw 172 myaw -1628 prof -24  15.4 -336 -999 -16 -16 -16 wall   0.6 pos '1168.0 962.6 -256.0'
ARGEVT Romero stallnode '945.0 993.0 -248.0'
ARGEVT Romero jump
ARGLOG Carmack t  71.0 pos '-144.0 2371.9 -136.0' spd 107.7 yaw 354 mode 2 st 5 gl 0 hp 100 frg -1
ARGEVT Romero route 1 start '1169.0 993.0 -256.0' goal '945.0 993.0 -248.0'
ARGLOG Joe Rogan t  71.2 pos '267.8 603.0  24.0' spd 161.1 yaw 133 mode 2 st 20 gl 0 hp 100 frg 0
ARGLOG Romero t  71.4 pos '1153.3 947.9 -218.6' spd  20.1 yaw 167 mode 2 st 10 gl 0 hp 93 frg 0
ARGLOG Carmack t  71.5 pos '-144.0 2305.0 -136.0' spd 373.2 yaw 6 mode 2 st 5 gl 0 hp 100 frg -1
ARGEVT Carmack hazard
ARGLOG Joe Rogan t  71.7 pos '109.3 640.0  24.0' spd 296.3 yaw 107 mode 2 st 20 gl 0 hp 100 frg 0
ARGEVT Joe Rogan hazard
ARGEVT Romero hazard
ARGLOG Romero t  71.9 pos '1174.1 979.3 -256.0' spd 198.7 yaw 176 mode 2 st 10 gl 0 hp 93 frg 0
ARGLOG Carmack t  72.0 pos '-144.0 2165.3 -136.0' spd 135.8 yaw 30 mode 2 st 5 gl 0 hp 100 frg -1
ARGLOG Joe Rogan t  72.2 pos ' 61.7 622.6  24.0' spd 163.1 yaw 93 mode 2 st 20 gl 0 hp 100 frg 0
ARGLOG Romero t  72.5 pos '1189.2 1067.9 -256.0' spd 117.9 yaw 198 mode 2 st 10 gl 0 hp 93 frg 0
ARGEVT Romero abandon
ARGEVT Romero goal item_armor2
ARGLOG Carmack t  72.5 pos '-144.0 2105.6 -138.1' spd 108.5 yaw 38 mode 2 st 5 gl 0 hp 100 frg -1
ARGEVT Romero route 2 start '1169.0 993.0 -256.0' goal '1297.0 1057.0 -408.0'
ARGEVT Carmack hazard
ARGLOG Joe Rogan t  72.7 pos ' 21.3 624.0  24.0' spd  59.6 yaw 82 mode 2 st 20 gl 0 hp 100 frg 0
ARGEVT Joe Rogan hazard
ARGLOG Romero t  73.0 pos '1154.5 992.0 -256.0' spd  19.9 yaw 24 mode 2 st 10 gl 0 hp 100 frg 0
ARGLOG Carmack t  73.0 pos '-145.4 2223.0 -136.0' spd 371.4 yaw 21 mode 2 st 5 gl 0 hp 100 frg -1
ARGLOG Joe Rogan t  73.2 pos '  6.2 624.0  24.0' spd 115.6 yaw 78 mode 2 st 20 gl 0 hp 100 frg 0
ARGLOG Romero t  73.5 pos '1162.2 992.0 -256.0' spd  11.6 yaw 25 mode 2 st 10 gl 0 hp 100 frg 0
ARGLOG Carmack t  73.5 pos '-156.8 2324.8 -136.0' spd 113.2 yaw 2 mode 2 st 5 gl 0 hp 100 frg -1
ARGEVT Romero hazard
ARGEVT Joe Rogan stall
ARGUS FLOORDBG yaw 65 myaw 65 prof -24 -264 -261.1 -257.5 -253.9 -250.3 -248 wall   0.4 pos ' 11.6 624.0  24.0'
ARGEVT Joe Rogan stallnode ' 49.0 705.0 -120.0'
ARGLOG Joe Rogan t  73.7 pos ' 11.6 624.0  24.0' spd  61.1 yaw 227.3 mode 0 st 21 gl 0 hp 100 frg 0
ARGEVT Joe Rogan jump
ARGEVT Carmack hazard
ARGEVT Joe Rogan route 15 start ' 81.0 545.0  24.0' goal '1169.0 1057.0 -408.0'
ARGLOG Romero t  74.0 pos '1200.0 895.8 -256.0' spd 310.5 yaw 218.7 mode 2 st 10 gl 0 hp 100 frg 0
ARGLOG Carmack t  74.1 pos '-147.4 2200.2 -136.0' spd 185.3 yaw 25 mode 2 st 5 gl 0 hp 100 frg -1
ARGLOG Joe Rogan t  74.3 pos ' 43.0 623.9  46.7' spd  61.7 yaw 347 mode 2 st 21 gl 0 hp 100 frg 0
ARGLOG Romero t  74.5 pos '1202.1 918.6 -256.0' spd 330.3 yaw 55 mode 2 st 10 gl 0 hp 100 frg 0
ARGLOG Carmack t  74.6 pos '-157.4 2136.8 -136.0' spd 109.3 yaw 33 mode 2 st 5 gl 0 hp 100 frg -1
ARGLOG Joe Rogan t  74.8 pos '114.7 531.3  24.0' spd 371.0 yaw   8.6 mode 2 st 21 gl 0 hp 100 frg 0
ARGEVT Carmack hazard
ARGLOG Romero t  75.0 pos '1293.9 1058.8 -256.0' spd 363.1 yaw 346.7 mode 1 st 10 gl 0 hp 100 frg 0
ARGLOG Carmack t  75.1 pos '-146.6 2279.2 -136.0' spd 211.7 yaw 11 mode 2 st 5 gl 0 hp 100 frg -1
ARGLOG Joe Rogan t  75.3 pos '230.5 585.9  24.0' spd 329.7 yaw 126 mode 2 st 21 gl 0 hp 100 frg 0
ARGEVT Joe Rogan hazard
ARGLOG Romero t  75.5 pos '1396.0 940.6 -256.0' spd 434.2 yaw 182.2 mode 1 st 10 gl 0 hp 100 frg 0
ARGLOG Carmack t  75.6 pos '-153.6 2346.5 -136.0' spd 111.9 yaw 359 mode 2 st 5 gl 0 hp 100 frg -1
ARGEVT Carmack abandon
ARGEVT Carmack plan powerup via weapon
ARGEVT Carmack goal weapon_supernailgun
ARGEVT Carmack route 15 start '-207.0 2497.0 -120.0' goal '817.0 2433.0 -344.0'
ARGLOG Joe Rogan t  75.8 pos ' 92.7 640.0  24.0' spd 345.1 yaw 102 mode 2 st 21 gl 0 hp 100 frg 0
ARGEVT Carmack hazard
ARGLOG Romero t  76.1 pos '1257.5 1017.1 -256.0' spd 421.3 yaw 29 mode 1 st 10 gl 0 hp 100 frg 0
ARGLOG Carmack t  76.1 pos '-144.0 2465.3 -136.0' spd 320.4 yaw 100 mode 2 st 5 gl 0 hp 100 frg -1
ARGLOG Joe Rogan t  76.3 pos ' 50.7 614.5  24.0' spd 266.0 yaw 90 mode 2 st 21 gl 0 hp 100 frg 0
ARGEVT Carmack jump
ARGEVT Joe Rogan hazard
ARGLOG Romero t  76.6 pos '1414.5 1008.2 -256.0' spd 437.8 yaw 224.5 mode 1 st 10 gl 0 hp 100 frg 0
ARGLOG Carmack t  76.6 pos '-167.9 2577.5 -69.4' spd  68.7 yaw 49 mode 2 st 5 gl 0 hp 100 frg -1
ARGLOG Joe Rogan t  76.8 pos ' 16.0 624.0  24.0' spd 110.3 yaw 81 mode 2 st 21 gl 0 hp 100 frg 0
ARGLOG Romero t  77.1 pos '1262.9 971.9 -256.0' spd 439.9 yaw  59.1 mode 1 st 10 gl 0 hp 100 frg 0
ARGLOG Carmack t  77.1 pos '-157.6 2633.6 -72.0' spd 323.4 yaw 65 mode 2 st 5 gl 0 hp 100 frg -1
ARGLOG Joe Rogan t  77.4 pos '  5.0 624.0  24.0' spd  16.1 yaw 78 mode 2 st 21 gl 0 hp 100 frg 0
ARGLOG Romero t  77.6 pos '1399.3 1055.2 -256.0' spd 438.5 yaw 258.5 mode 1 st 10 gl 0 hp 100 frg 0
ARGEVT Joe Rogan hazard
ARGLOG Carmack t  77.7 pos '-100.7 2780.1 -72.0' spd 320.5 yaw 37 mode 2 st 5 gl 0 hp 100 frg -1
ARGLOG Joe Rogan t  77.9 pos ' 17.2 624.0  24.0' spd 111.1 yaw 81 mode 2 st 21 gl 0 hp 100 frg 0
ARGLOG Romero t  78.1 pos '1294.6 939.1 -256.0' spd 439.8 yaw  93.7 mode 1 st 10 gl 0 hp 100 frg 0
ARGLOG Carmack t  78.2 pos '-23.4 2926.1 -56.0' spd 328.7 yaw 3 mode 2 st 5 gl 0 hp 100 frg -1
ARGLOG Joe Rogan t  78.4 pos '  9.6 624.0  24.0' spd  32.9 yaw 79 mode 2 st 21 gl 0 hp 100 frg 0
ARGEVT Carmack hazard
ARGLOG Romero t  78.6 pos '1364.7 1081.0 -256.0' spd 439.4 yaw 291.1 mode 1 st 10 gl 0 hp 100 frg 0
ARGLOG Carmack t  78.7 pos ' 55.6 2952.1 -88.0' spd 297.6 yaw 359 mode 2 st 5 gl 0 hp 100 frg -1
ARGEVT Joe Rogan stall
ARGUS FLOORDBG yaw 64 myaw 64 prof -24 -264 -261.2 -257.6 -254.0 -250.4 -248 wall   0.4 pos ' 10.3 624.0  24.0'
ARGEVT Joe Rogan stallnode ' 49.0 705.0 -120.0'
ARGEVT Joe Rogan jump
ARGLOG Joe Rogan t  78.9 pos ' 18.1 624.0  45.3' spd  76.6 yaw  31.4 mode 0 st 22 gl 0 hp 100 frg 0
ARGEVT Joe Rogan route 15 start ' 81.0 545.0  24.0' goal '1169.0 1057.0 -408.0'
ARGLOG Romero t  79.2 pos '1341.5 926.1 -256.0' spd 440.4 yaw 127.0 mode 1 st 10 gl 0 hp 100 frg 0
ARGLOG Carmack t  79.2 pos ' 62.0 2969.3 -88.0' spd 251.1 yaw 355 mode 2 st 5 gl 0 hp 100 frg -1
ARGLOG Joe Rogan t  79.4 pos ' 57.5 623.7  26.2' spd  78.0 yaw 346 mode 2 st 22 gl 0 hp 100 frg 0
ARGEVT Carmack hazard
ARGLOG Romero t  79.7 pos '1321.9 1083.6 -256.0' spd 437.9 yaw 325.1 mode 1 st 10 gl 0 hp 100 frg 0
ARGLOG Carmack t  79.7 pos ' 40.4 2959.0 -88.0' spd 146.7 yaw 357 mode 2 st 5 gl 0 hp 100 frg -1
ARGLOG Joe Rogan t  79.9 pos '150.2 512.0  24.0' spd 374.6 yaw 117 mode 2 st 22 gl 0 hp 100 frg 0
ARGLOG Romero t  80.2 pos '1388.0 941.3 -256.0' spd 440.0 yaw 160.6 mode 1 st 10 gl 0 hp 100 frg 0
ARGLOG Carmack t  80.2 pos ' 54.6 2954.7 -88.0' spd 251.5 yaw 358 mode 2 st 5 gl 0 hp 100 frg -1
ARGEVT Joe Rogan hazard
ARGLOG Joe Rogan t  80.4 pos '228.1 616.0  24.0' spd 216.5 yaw 129 mode 2 st 22 gl 0 hp 100 frg 0
ARGEVT Carmack hazard
ARGEVT Carmack stall
ARGUS FLOORDBG yaw 349 myaw 349 prof -40 -40 -56 -56 -72 -72 -88 wall 1 pos ' 46.5 2958.8 -88.0'
ARGEVT Carmack stallnode '113.0 2945.0 -120.0'
ARGEVT Carmack jump
ARGEVT Carmack door
ARGEVT Carmack door
ARGLOG Romero t  80.7 pos '1285.8 1060.6 -256.0' spd 437.6 yaw 359.0 mode 1 st 10 gl 0 hp 100 frg 0
ARGEVT Carmack door
ARGEVT Carmack route 12 start '-15.0 2945.0 -56.0' goal '817.0 2433.0 -344.0'
ARGLOG Carmack t  80.7 pos ' 64.4 2957.9 -53.6' spd  87.5 yaw  54.6 mode 2 st 6 gl 0 hp 100 frg -1
ARGLOG Joe Rogan t  80.9 pos ' 80.0 640.0  24.0' spd 0 yaw 99 mode 2 st 22 gl 0 hp 100 frg 0
ARGLOG Romero t  81.2 pos '1414.2 983.9 -256.0' spd 402.5 yaw 194.9 mode 1 st 10 gl 0 hp 100 frg 0
ARGLOG Carmack t  81.3 pos ' 83.3 2992.0 -104.0' spd  73.3 yaw 206 mode 2 st 6 gl 0 hp 100 frg -1
ARGEVT Joe Rogan hazard
ARGEVT Carmack jump
ARGLOG Joe Rogan t  81.5 pos ' 80.0 640.0  24.0' spd 0 yaw 99 mode 2 st 22 gl 0 hp 100 frg 0
ARGEVT Joe Rogan stall
ARGUS FLOORDBG yaw 115 myaw 115 prof -24 -999 -257.1 -253.5 -249.9 -248 -248 wall   0.4 pos ' 80.0 640.0  24.0'
ARGEVT Joe Rogan stallnode ' 49.0 705.0 -120.0'
ARGEVT Joe Rogan jump
ARGLOG Romero t  81.7 pos '1267.0 1032.6 -256.0' spd 437.7 yaw  30.7 mode 1 st 10 gl 0 hp 100 frg 0
ARGLOG Carmack t  81.8 pos ' 32.0 2928.1 -50.0' spd 130.2 yaw 3 mode 2 st 6 gl 0 hp 100 frg -1
ARGEVT Joe Rogan route 15 start ' 81.0 545.0  24.0' goal '1169.0 1057.0 -408.0'
ARGLOG Joe Rogan t  82.0 pos ' 84.2 640.0  62.9' spd  33.6 yaw 339 mode 2 st 23 gl 0 hp 100 frg 0
ARGLOG Romero t  82.2 pos '1424.0 1032.5 -256.0' spd 423.1 yaw 226.2 mode 1 st 10 gl 0 hp 100 frg 0
ARGLOG Carmack t  82.3 pos ' 71.6 2901.7 -136.0' spd 228.2 yaw 10 mode 2 st 6 gl 0 hp 92 frg -1
ARGEVT Carmack jump
ARGLOG Joe Rogan t  82.5 pos ' 94.5 596.8  24.0' spd 321.1 yaw 353 mode 2 st 23 gl 0 hp 100 frg 0
ARGEVT Joe Rogan hazard
ARGLOG Romero t  82.7 pos '1272.3 1001.5 -256.0' spd 435.8 yaw  61.4 mode 1 st 10 gl 0 hp 100 frg 0
ARGLOG Carmack t  82.8 pos '225.8 2979.4 -82.1' spd 340.4 yaw 351 mode 2 st 6 gl 0 hp 92 frg -1
ARGLOG Joe Rogan t  83.0 pos '176.0 520.6  24.0' spd 130.8 yaw 124 mode 2 st 23 gl 0 hp 100 frg 0
ARGEVT Carmack swim
ARGLOG Romero t  83.3 pos '1366.0 1078.8 -256.0' spd 321.9 yaw 257.3 mode 1 st 10 gl 0 hp 100 frg 0
ARGLOG Carmack t  83.3 pos '304.0 2976.2 -146.1' spd 105.3 yaw 347 mode 2 st 6 gl 0 hp 88 frg -1
ARGLOG Joe Rogan t  83.5 pos '274.9 608.6  24.0' spd 105.5 yaw 135 mode 2 st 23 gl 0 hp 100 frg 0
ARGLOG Romero t  83.8 pos '1240.0 988.4 -256.0' spd 428.5 yaw  94.1 mode 1 st 10 gl 0 hp 100 frg 0
ARGLOG Carmack t  83.8 pos '304.0 2893.1 -141.4' spd 135.2 yaw 21 mode 2 st 6 gl 0 hp 88 frg -1
ARGLOG Joe Rogan t  84.0 pos '126.7 635.3  24.0' spd 335.4 yaw 111 mode 2 st 23 gl 0 hp 100 frg 0
ARGEVT Joe Rogan hazard
ARGLOG Romero t  84.3 pos '1298.4 1089.3 -256.0' spd 365.7 yaw 289 mode 1 st 10 gl 0 hp 100 frg 0
ARGLOG Carmack t  84.3 pos '304.0 2910.0 -136.9' spd 143.0 yaw 15 mode 2 st 6 gl 0 hp 80 frg -1
ARGEVT Carmack swim
ARGLOG Joe Rogan t  84.5 pos ' 68.2 617.7  24.0' spd 163.0 yaw 95 mode 2 st 23 gl 0 hp 100 frg 0
ARGEVT Carmack swim
ARGLOG Romero t  84.8 pos '1252.3 940.8 -256.0' spd 434.4 yaw 123.6 mode 1 st 10 gl 0 hp 100 frg 0
ARGLOG Carmack t  84.9 pos '304.0 2991.5 -136.6' spd   8.7 yaw 341 mode 2 st 6 gl 0 hp 80 frg -1
ARGEVT Carmack swim
ARGLOG Joe Rogan t  85.1 pos ' 18.5 624.0  24.0' spd  13.8 yaw 81 mode 2 st 23 gl 0 hp 100 frg 0
ARGEVT Joe Rogan hazard
ARGEVT Carmack swim
ARGLOG Romero t  85.3 pos '1246.5 1097.4 -256.0' spd 440.0 yaw 323 mode 1 st 10 gl 0 hp 100 frg 0
ARGLOG Carmack t  85.4 pos '304.0 2940.7 -136.3' spd 166.4 yaw 1 mode 2 st 6 gl 0 hp 72 frg -1
ARGEVT Carmack swim
ARGLOG Joe Rogan t  85.6 pos ' 13.2 624.0  24.0' spd  75.5 yaw 80 mode 2 st 23 gl 0 hp 100 frg 0
ARGEVT Carmack swim
ARGLOG Romero t  85.8 pos '1315.6 955.1 -256.0' spd 438.0 yaw 163.5 mode 1 st 10 gl 0 hp 100 frg 0
ARGLOG Carmack t  85.9 pos '304.0 2891.9 -136.0' spd  41.9 yaw 22 mode 2 st 6 gl 0 hp 72 frg -1
ARGEVT Carmack swim
ARGEVT Joe Rogan stall
ARGUS FLOORDBG yaw 63 myaw 63 prof -24 -264 -261.3 -257.8 -254.2 -250.6 -248 wall   0.4 pos '  9.1 624.0  24.0'
ARGEVT Joe Rogan stallnode ' 49.0 705.0 -120.0'
ARGEVT Joe Rogan jump
ARGLOG Joe Rogan t  86.1 pos '  0.0 624.0  45.3' spd  48.6 yaw  30.0 mode 0 st 24 gl 0 hp 100 frg 0
ARGUS routecache adopt
ARGEVT Joe Rogan route 15 start ' 81.0 545.0  24.0' goal '1169.0 1057.0 -408.0'
ARGEVT Carmack swim
ARGLOG Romero t  86.3 pos '1211.0 1070.7 -256.0' spd 440.3 yaw 359.0 mode 1 st 10 gl 0 hp 100 frg 0
ARGLOG Carmack t  86.4 pos '304.0 2956.5 -135.8' spd 188.0 yaw 355 mode 2 st 6 gl 0 hp 64 frg -1
ARGEVT Carmack swim
ARGLOG Joe Rogan t  86.6 pos ' 16.9 622.3  25.7' spd  38.7 yaw 349 mode 2 st 24 gl 0 hp 100 frg 0
ARGEVT Carmack swim
ARGLOG Romero t  86.9 pos '1345.2 987.3 -256.0' spd 439.3 yaw 193.8 mode 1 st 10 gl 0 hp 100 frg 0
ARGLOG Carmack t  86.9 pos '304.0 2973.8 -135.7' spd 113.7 yaw 348 mode 2 st 6 gl 0 hp 64 frg -1
ARGEVT Carmack swim
ARGLOG Joe Rogan t  87.1 pos '134.8 536.0  24.0' spd 361.8 yaw 116 mode 2 st 24 gl 0 hp 100 frg 0
ARGEVT Carmack swim
ARGLOG Romero t  87.4 pos '1196.3 1032.8 -256.0' spd 440.2 yaw  29.7 mode 1 st 10 gl 0 hp 100 frg 0
ARGLOG Carmack t  87.4 pos '304.0 2896.3 -137.4' spd 129.0 yaw 20 mode 2 st 6 gl 0 hp 56 frg -1
ARGEVT Carmack swim
ARGEVT Joe Rogan hazard
ARGLOG Joe Rogan t  87.6 pos '257.8 616.0  24.0' spd 237.0 yaw 133 mode 2 st 24 gl 0 hp 100 frg 0
ARGEVT Carmack swim
ARGLOG Romero t  87.9 pos '1354.0 1030.2 -256.0' spd 439.9 yaw 224.9 mode 1 st 10 gl 0 hp 100 frg 0
ARGEVT Carmack swim
ARGLOG Carmack t  87.9 pos '304.0 2920.6 -137.1' spd 143.3 yaw 10 mode 2 st 6 gl 0 hp 56 frg -1
ARGLOG Joe Rogan t  88.1 pos ' 94.3 640.0  24.0' spd 218.3 yaw 103 mode 2 st 24 gl 0 hp 100 frg 0
ARGEVT Carmack swim
ARGEVT Carmack swim
ARGLOG Romero t  88.4 pos '1203.4 989.9 -256.0' spd 440.6 yaw  61.4 mode 1 st 10 gl 0 hp 100 frg 0
ARGLOG Carmack t  88.5 pos '304.0 2990.3 -136.6' spd  24.2 yaw 341 mode 2 st 6 gl 0 hp 48 frg -1
ARGEVT Joe Rogan hazard
ARGEVT Carmack swim
ARGLOG Joe Rogan t  88.7 pos ' 80.0 640.0  24.0' spd 0 yaw 99 mode 2 st 24 gl 0 hp 100 frg 0
ARGEVT Carmack swim
ARGLOG Romero t  88.9 pos '1338.9 1070.5 -256.0' spd 440.2 yaw 257.2 mode 1 st 10 gl 0 hp 100 frg 0
ARGLOG Carmack t  89.0 pos '304.0 2931.9 -136.3' spd 173.9 yaw 5 mode 2 st 6 gl 0 hp 48 frg -1
ARGEVT Carmack swim
ARGLOG Joe Rogan t  89.2 pos ' 80.0 640.0  24.0' spd 0 yaw 99 mode 2 st 24 gl 0 hp 100 frg 0
ARGEVT Carmack swim
ARGLOG Romero t  89.4 pos '1232.7 955.7 -256.0' spd 440.5 yaw  93.0 mode 1 st 10 gl 0 hp 100 frg 0
ARGLOG Carmack t  89.5 pos '304.0 2894.9 -135.9' spd  77.9 yaw 21 mode 2 st 6 gl 0 hp 44 frg -1
ARGEVT Carmack swim
ARGEVT Joe Rogan stall
ARGUS FLOORDBG yaw 115 myaw 115 prof -24 -999 -257.1 -253.5 -249.9 -248 -248 wall   0.4 pos ' 80.0 640.0  24.0'
ARGEVT Joe Rogan stallnode ' 49.0 705.0 -120.0'
ARGEVT Joe Rogan jump
ARGEVT Joe Rogan abandon
ARGEVT Joe Rogan plan powerup via weapon
ARGEVT Joe Rogan goal weapon_rocketlauncher
ARGLOG Joe Rogan t  89.7 pos ' 80.0 640.0  45.3' spd 0 yaw 87 mode 0 st 25 gl 0 hp 100 frg 0
ARGEVT Carmack swim
ARGEVT Joe Rogan route 29 start ' 81.0 545.0  24.0' goal '145.0 2337.0  40.0'
ARGLOG Romero t  89.9 pos '1306.0 1094.2 -256.0' spd 440.3 yaw 288.6 mode 1 st 10 gl 0 hp 100 frg 0
ARGLOG Carmack t  90.0 pos '304.0 2970.9 -135.6' spd 187.3 yaw 349 mode 2 st 6 gl 0 hp 44 frg -1
ARGEVT Carmack swim
ARGLOG Joe Rogan t  90.2 pos ' 80.0 635.9  25.4' spd  33.5 yaw 340 mode 2 st 25 gl 0 hp 100 frg 0
ARGEVT Carmack swim
ARGLOG Romero t  90.5 pos '1274.8 940.0 -256.0' spd 440.5 yaw 124.1 mode 1 st 10 gl 0 hp 100 frg 0
ARGLOG Carmack t  90.5 pos '304.0 2965.5 -137.4' spd 120.5 yaw 351 mode 2 st 6 gl 0 hp 36 frg -1
ARGEVT Carmack swim
ARGEVT Joe Rogan hazard
ARGEVT Carmack stall
ARGUS FLOORDBG yaw 281 myaw 641 prof -39.5 -39.5 -39.5 -39.5 -39.5 -999 -999 wall 1 pos '304.0 2950.5 -136.4'
ARGEVT Carmack stallnode '305.0 2945.0 -56.0'
ARGLOG Joe Rogan t  90.7 pos '129.7 522.8  24.0' spd 320.1 yaw  10.2 mode 2 st 25 gl 0 hp 100 frg 0
ARGEVT Carmack swim
ARGEVT Carmack route 14 start '209.0 2945.0 -152.0' goal '817.0 2433.0 -344.0'
ARGLOG Romero t  91.0 pos '1267.5 1096.1 -256.0' spd 439.9 yaw 319.3 mode 1 st 10 gl 0 hp 100 frg 0
ARGEVT Carmack swim
ARGLOG Carmack t  91.0 pos '303.5 2872.9 -137.1' spd 208.2 yaw 167 mode 2 st 7 gl 0 hp 36 frg -1
ARGLOG Joe Rogan t  91.2 pos '249.8 613.5  24.0' spd 371.1 yaw 132 mode 2 st 25 gl 0 hp 100 frg 0
ARGEVT Carmack swim
ARGLOG Romero t  91.5 pos '1318.9 947.3 -256.0' spd 440.6 yaw 154.8 mode 1 st 10 gl 0 hp 100 frg 0
ARGEVT Carmack swim
ARGLOG Carmack t  91.5 pos '254.0 2797.0 -136.8' spd 157.1 yaw 151 mode 2 st 7 gl 0 hp 28 frg -1
ARGEVT Carmack door
ARGEVT Carmack swim
ARGLOG Joe Rogan t  91.7 pos '272.0 624.0  24.0' spd 0 yaw 136 mode 2 st 25 gl 0 hp 100 frg 0
ARGEVT Carmack swim
ARGLOG Romero t  92.0 pos '1231.9 1076.9 -256.0' spd 440.3 yaw 350.3 mode 1 st 10 gl 0 hp 100 frg 0
ARGLOG Carmack t  92.1 pos '167.0 2819.0 -136.5' spd 206.2 yaw 145 mode 2 st 7 gl 0 hp 28 frg -1
ARGEVT Carmack swim
ARGLOG Joe Rogan t  92.3 pos '272.0 624.0  24.0' spd 0 yaw 136 mode 2 st 25 gl 0 hp 100 frg 0
ARGEVT Carmack swim
ARGEVT Joe Rogan stall
ARGUS FLOORDBG yaw 160 myaw 520 prof -24 -999 -19.9 -10.5 -999 -999 -999 wall 1 pos '272.0 624.0  24.0'
ARGEVT Joe Rogan stallnode ' 49.0 705.0 -120.0'
ARGEVT Joe Rogan jump
ARGLOG Romero t  92.5 pos '1352.6 975.1 -256.0' spd 440.0 yaw 185.5 mode 1 st 10 gl 0 hp 100 frg 0
ARGLOG Carmack t  92.6 pos ' 83.3 2896.0 -136.3' spd 138.1 yaw 153 mode 2 st 7 gl 0 hp 24 frg -1
ARGEVT Romero abandon
ARGEVT Romero goal item_health
ARGEVT Carmack jump
ARGEVT Joe Rogan route 28 start '241.0 577.0  24.0' goal '145.0 2337.0  40.0'
ARGLOG Joe Rogan t  92.8 pos '272.4 624.0  62.9' spd   6.4 yaw 160 mode 2 st 26 gl 0 hp 100 frg 0
ARGEVT Romero route 1 start '1169.0 993.0 -256.0' goal '945.0 993.0 -248.0'
ARGLOG Romero t  93.0 pos '1174.5 944.4 -256.0' spd 365.8 yaw 168 mode 2 st 10 gl 0 hp 100 frg 0
ARGLOG Carmack t  93.1 pos ' 42.4 2928.0 -101.0' spd  28.6 yaw 3 mode 2 st 7 gl 0 hp 24 frg -1
ARGEVT Romero hazard
ARGEVT Joe Rogan stall
ARGUS FLOORDBG yaw 234 myaw 585.9 prof -24 -24 -24 -24 -24 -24 -24 wall 1 pos '272.0 619.5  24.0'
ARGEVT Joe Rogan stallnode '241.0 577.0  24.0'
ARGEVT Joe Rogan jump
ARGLOG Joe Rogan t  93.3 pos '275.1 613.0  45.3' spd  76.5 yaw  29.1 mode 0 st 27 gl 0 hp 100 frg 0
ARGEVT Joe Rogan plan powerup via weapon
ARGEVT Joe Rogan goal weapon_supershotgun
ARGEVT Joe Rogan route 4 start '241.0 577.0  24.0' goal '113.0 1217.0 -184.0'
ARGLOG Romero t  93.5 pos '1181.1 1066.9 -256.0' spd 113.4 yaw 198 mode 2 st 10 gl 0 hp 100 frg 0
ARGLOG Carmack t  93.6 pos '123.7 2928.3 -120.0' spd 320.3 yaw 3 mode 2 st 7 gl 0 hp 20 frg -1
ARGEVT Carmack jump
ARGLOG Joe Rogan t  93.8 pos '305.9 587.9  25.1' spd  81.5 yaw 155 mode 2 st 27 gl 0 hp 100 frg 0
ARGLOG Romero t  94.1 pos '1167.8 992.0 -256.0' spd  29.8 yaw 179 mode 2 st 10 gl 0 hp 100 frg 0
ARGLOG Carmack t  94.1 pos '289.2 2934.7 -98.0' spd 320.4 yaw 347 mode 2 st 7 gl 0 hp 20 frg -1
ARGLOG Joe Rogan t  94.3 pos '166.6 587.6  24.0' spd 336.1 yaw 115 mode 2 st 27 gl 0 hp 100 frg 0
ARGEVT Carmack swim
ARGEVT Romero hazard
ARGEVT Joe Rogan hazard
ARGLOG Romero t  94.6 pos '1168.0 955.4 -256.0' spd   8.2 yaw 170 mode 2 st 10 gl 0 hp 100 frg 0
ARGLOG Carmack t  94.6 pos '304.0 2942.5 -145.7' spd  13.4 yaw 346 mode 2 st 7 gl 0 hp 16 frg -1
ARGLOG Joe Rogan t  94.8 pos ' 80.0 632.3  24.0' spd  14.2 yaw 98 mode 2 st 27 gl 0 hp 100 frg 0
ARGLOG Romero t  95.1 pos '1168.0 962.1 -256.0' spd  25.5 yaw 172 mode 2 st 10 gl 0 hp 100 frg 0
ARGLOG Carmack t  95.1 pos '304.0 2946.7 -141.2' spd   4.7 yaw 345 mode 2 st 7 gl 0 hp 16 frg -1
ARGEVT Joe Rogan stall
ARGUS FLOORDBG yaw 113 myaw -247 prof -24 -999 -258.6 -254.9 -251.2 -248 -248 wall   0.6 pos ' 80.0 633.4  24.0'
ARGEVT Joe Rogan stallnode ' 49.0 705.0 -120.0'
ARGLOG Joe Rogan t  95.3 pos ' 80.0 633.4  24.0' spd 152.4 yaw 274.5 mode 0 st 28 gl 0 hp 100 frg 0
ARGEVT Joe Rogan jump
ARGEVT Romero hazard
ARGEVT Joe Rogan route 5 start ' 81.0 545.0  24.0' goal '113.0 1217.0 -184.0'
ARGEVT Romero stall
ARGUS FLOORDBG yaw 173 myaw -7387 prof -24  15.5 -336 -999 -16 -16 -16 wall   0.6 pos '1168.0 966.0 -256.0'
ARGEVT Romero stallnode '945.0 993.0 -248.0'
ARGEVT Romero jump
ARGEVT Romero route 1 start '1169.0 993.0 -256.0' goal '945.0 993.0 -248.0'
ARGLOG Romero t  95.6 pos '1166.8 949.2 -227.0' spd 110.4 yaw 189.3 mode 2 st 11 gl 0 hp 100 frg 0
ARGEVT Carmack stall
ARGUS FLOORDBG yaw 359 myaw 359 prof -39.3 -999 -999 -999 -999 -999 -999 wall   0.4 pos '304.0 2947.5 -136.6'
ARGEVT Carmack stallnode '433.0 2945.0 -56.0'
ARGLOG Carmack t  95.7 pos '304.0 2947.5 -136.6' spd   1.2 yaw 576.9 mode 0 st 8 gl 0 hp 8 frg -1
ARGEVT Carmack swim
ARGLOG Joe Rogan t  95.9 pos ' 80.0 636.9  46.9' spd  31.7 yaw 340 mode 2 st 28 gl 0 hp 100 frg 0
ARGEVT Carmack abandon
ARGEVT Carmack goal weapon_rocketlauncher
ARGEVT Carmack door
ARGEVT Carmack door
ARGEVT Carmack route 12 start '209.0 2945.0 -152.0' goal '145.0 2337.0  40.0'
ARGEVT Carmack swim
ARGEVT Joe Rogan stall
ARGUS FLOORDBG yaw 271 myaw -89 prof -24 -24 -24 -24 -24 -24 -24 wall 1 pos ' 80.2 622.2  24.0'
ARGEVT Joe Rogan stallnode ' 81.0 545.0  24.0'
ARGEVT Joe Rogan jump
ARGLOG Romero t  96.1 pos '1164.7 936.8 -241.3' spd  83.8 yaw 165 mode 2 st 11 gl 0 hp 100 frg 0
ARGLOG Carmack t  96.2 pos '299.4 2912.2 -136.3' spd 138.1 yaw 174 mode 2 st 8 gl 0 hp 8 frg -1
ARGEVT Joe Rogan plan powerup via weapon
ARGEVT Joe Rogan goal weapon_supernailgun
ARGEVT Carmack swim
ARGEVT Carmack death world pos '287.0 2893.7 -137.0'
ARGLOG Joe Rogan t  96.4 pos ' 59.6 599.3  62.9' spd 104.5 yaw 322.4 mode 0 st 29 gl 0 hp 100 frg 0
ARGEVT Joe Rogan route 25 start ' 81.0 545.0  24.0' goal '817.0 2433.0 -344.0'
ARGLOG Romero t  96.6 pos '1168.0 963.7 -256.0' spd  43.7 yaw 172 mode 2 st 11 gl 0 hp 100 frg 0
ARGEVT Romero hazard
ARGLOG Joe Rogan t  96.9 pos ' 95.5 553.6  24.0' spd 327.0 yaw 107 mode 2 st 29 gl 0 hp 100 frg 0
ARGLOG Romero t  97.1 pos '1168.0 968.0 -256.0' spd  32.0 yaw 173 mode 2 st 11 gl 0 hp 100 frg 0
ARGLOG Joe Rogan t  97.4 pos '258.9 588.0  24.0' spd 373.0 yaw 130 mode 2 st 29 gl 0 hp 100 frg 0
ARGEVT Joe Rogan hazard
ARGEVT Romero stall
ARGUS FLOORDBG yaw 173 myaw -7387 prof -24  15.5 -336 -999 -16 -16 -16 wall   0.6 pos '1168.0 966.7 -256.0'
ARGEVT Romero stallnode '945.0 993.0 -248.0'
ARGEVT Romero jump
ARGLOG Romero t  97.7 pos '1168.0 968.3 -244.3' spd  31.4 yaw 189.3 mode 0 st 12 gl 0 hp 100 frg 0
ARGEVT Romero route 1 start '1169.0 993.0 -256.0' goal '945.0 993.0 -248.0'
ARGEVT Carmack respawn
ARGLOG Joe Rogan t  97.9 pos '132.7 634.5  24.0' spd 333.4 yaw 112 mode 2 st 29 gl 0 hp 100 frg 0
ARGEVT Carmack goal weapon_rocketlauncher
ARGLOG Carmack t  97.9 pos '480.0  48.0  24.0' spd 0 yaw 98 mode 0 st 8 gl 0 hp 100 frg -2
ARGEVT Carmack route 32 start '465.0   1.0  24.0' goal '145.0 2337.0  40.0'
ARGLOG Romero t  98.2 pos '1156.7 972.0 -225.4' spd  30.9 yaw 174 mode 2 st 12 gl 0 hp 100 frg 0
ARGLOG Joe Rogan t  98.4 pos ' 80.0 640.0  24.0' spd 0 yaw 99 mode 2 st 29 gl 0 hp 100 frg 0
ARGLOG Carmack t  98.4 pos '424.6 195.5  24.0' spd 390.8 yaw 195.9 mode 2 st 8 gl 0 hp 100 frg -2
ARGEVT Joe Rogan hazard
ARGEVT Romero hazard
ARGLOG Romero t  98.7 pos '1168.0 963.9 -256.0' spd  85.8 yaw 172 mode 2 st 12 gl 0 hp 100 frg 0
ARGEVT Joe Rogan stall
ARGUS FLOORDBG yaw 115 myaw 475 prof -24 -999 -257.1 -253.5 -249.9 -248 -248 wall   0.4 pos ' 80.0 640.0  24.0'
ARGEVT Joe Rogan stallnode ' 49.0 705.0 -120.0'
ARGLOG Joe Rogan t  98.9 pos ' 80.0 640.0  24.0' spd 0 yaw 287.4 mode 0 st 30 gl 0 hp 100 frg 0
ARGEVT Joe Rogan jump
ARGLOG Carmack t  98.9 pos '359.1  97.0  40.0' spd 339.1 yaw 52 mode 2 st 8 gl 0 hp 100 frg -2
ARGLOG Romero t  99.2 pos '1168.0 971.8 -256.0' spd  19.0 yaw 174 mode 2 st 12 gl 0 hp 100 frg 0
ARGEVT Joe Rogan route 25 start ' 81.0 545.0  24.0' goal '817.0 2433.0 -344.0'
ARGLOG Joe Rogan t  99.5 pos ' 91.2 639.9  46.7' spd  34.9 yaw 338 mode 2 st 30 gl 0 hp 100 frg 0
ARGLOG Carmack t  99.5 pos '515.9  72.5  24.0' spd 424.3 yaw 104 mode 2 st 8 gl 0 hp 100 frg -2
ARGLOG Romero t  99.7 pos '1168.0 966.0 -256.0' spd  49.6 yaw 173 mode 2 st 12 gl 0 hp 100 frg 0
ARGEVT Romero stall
ARGUS FLOORDBG yaw 173 myaw -7387 prof -24  15.5 -336 -999 -16 -16 -16 wall   0.6 pos '1168.0 968.5 -256.0'
ARGEVT Romero stallnode '945.0 993.0 -248.0'
ARGEVT Romero jump
ARGEVT Romero route 1 start '1169.0 993.0 -256.0' goal '945.0 993.0 -248.0'
ARGLOG Joe Rogan t 100.0 pos ' 93.9 528.3  24.0' spd 355.9 yaw 104 mode 2 st 30 gl 0 hp 100 frg 0
ARGEVT Joe Rogan hazard
ARGLOG Carmack t 100.0 pos '496.2 250.9  24.0' spd 321.2 yaw 95 mode 2 st 8 gl 0 hp 100 frg -2
ARGLOG Romero t 100.2 pos '1154.3 986.3 -220.5' spd  42.8 yaw 178 mode 2 st 13 gl 0 hp 100 frg 0
ARGEVT Carmack engage Joe Rogan
ARGEVT Joe Rogan engage Carmack
ARGLOG Joe Rogan t 100.5 pos '255.7 586.5  24.0' spd 379.5 yaw  89.3 mode 2 st 30 gl 0 hp 100 frg 0
ARGEVT Carmack grab weapon_nailgun
ARGLOG Carmack t 100.5 pos '451.4 402.3  24.0' spd 224.3 yaw 138.1 mode 2 st 8 gl 0 hp 100 frg -2
ARGEVT Romero hazard
ARGLOG Romero t 100.7 pos '1149.9 992.0 -256.0' spd  14.5 yaw 179 mode 2 st 13 gl 0 hp 100 frg 0
ARGEVT Joe Rogan grab item_spikes
ARGLOG Joe Rogan t 101.0 pos '379.1 624.0  24.0' spd 115.5 yaw 330.5 mode 2 st 30 gl 0 hp 76 frg 0
ARGEVT Carmack grab item_spikes
ARGLOG Carmack t 101.0 pos '471.0 559.0  24.0' spd 256.9 yaw 135.3 mode 2 st 8 gl 0 hp 100 frg -2
ARGLOG Romero t 101.2 pos '1142.6 992.0 -256.0' spd  14.2 yaw 179 mode 2 st 13 gl 0 hp 100 frg 0
ARGEVT Joe Rogan route 25 start '465.0 577.0  24.0' goal '817.0 2433.0 -344.0'
ARGLOG Joe Rogan t 101.5 pos '477.0 649.5  24.0' spd 320.3 yaw   3.8 mode 2 st 30 gl 0 hp 67 frg 0
ARGLOG Carmack t 101.5 pos '533.2 669.1  24.0' spd 329.0 yaw 232.5 mode 2 st 8 gl 0 hp 73 frg -2
ARGEVT Romero hazard
ARGLOG Romero t 101.8 pos '1146.7 992.0 -256.0' spd  22.9 yaw 179 mode 2 st 13 gl 0 hp 100 frg 0
ARGEVT Romero stall
ARGUS FLOORDBG yaw 179 myaw -7381 prof -336 -999 -16 -16 -16 -16 -16 wall   0.8 pos '1150.2 992.0 -256.0'
ARGEVT Romero stallnode '945.0 993.0 -248.0'
ARGEVT Romero jump
ARGLOG Joe Rogan t 102.0 pos '479.9 675.4  24.0' spd 322.1 yaw  28.5 mode 2 st 30 gl 0 hp 49 frg 0
ARGLOG Carmack t 102.0 pos '529.9 685.4  24.0' spd  98.1 yaw 173.1 mode 2 st 8 gl 0 hp 46 frg -2
ARGEVT Carmack hazard
ARGEVT Romero route 1 start '1169.0 993.0 -256.0' goal '945.0 993.0 -248.0'
ARGLOG Romero t 102.3 pos '1142.3 992.1 -217.8' spd  30.4 yaw 179 mode 2 st 14 gl 0 hp 100 frg 0
ARGEVT Carmack retreat
ARGLOG Joe Rogan t 102.5 pos '486.4 580.0  24.0' spd 101.3 yaw  39.6 mode 2 st 30 gl 0 hp 13 frg 0
ARGLOG Carmack t 102.5 pos '576.6 680.0  40.0' spd 332.9 yaw 207.2 mode 0 st 8 gl 0 hp 28 frg -2
ARGEVT Romero hazard
ARGEVT Joe Rogan death Carmack pos '440.0 649.2  24.0'
ARGUS Carmack watch spawn
ARGLOG Romero t 102.8 pos '1140.6 992.0 -256.0' spd  22.4 yaw 179 mode 2 st 14 gl 0 hp 100 frg 0
ARGEVT Carmack goal item_health
ARGLOG Carmack t 103.0 pos '540.0 547.5  24.0' spd 400.2 yaw 156.8 mode 0 st 8 gl 0 hp 28 frg -1
ARGEVT Carmack route 4 start '465.0 577.0  24.0' goal '241.0 865.0 -200.0'
ARGLOG Romero t 103.3 pos '1152.4 992.0 -256.0' spd  22.4 yaw 179 mode 2 st 14 gl 0 hp 100 frg 0
ARGLOG Carmack t 103.6 pos '403.4 656.1  24.0' spd 335.9 yaw 156.8 mode 2 st 8 gl 0 hp 28 frg -1
ARGEVT Romero hazard
ARGLOG Romero t 103.8 pos '1164.0 992.0 -256.0' spd  22.4 yaw 179 mode 2 st 14 gl 0 hp 100 frg 0
ARGLOG Carmack t 104.1 pos '377.8 599.6  24.0' spd 359.9 yaw 190 mode 2 st 8 gl 0 hp 28 frg -1
ARGEVT Joe Rogan respawn
ARGEVT Joe Rogan plan powerup via weapon
ARGEVT Joe Rogan goal weapon_rocketlauncher
ARGLOG Joe Rogan t 104.3 pos '528.0 1888.0 -168.0' spd 0 yaw 163.7 mode 0 st 30 gl 0 hp 100 frg 0
ARGLOG Romero t 104.3 pos '1168.0 971.5 -256.0' spd  17.1 yaw 174 mode 2 st 14 gl 0 hp 100 frg 0
ARGEVT Joe Rogan route 14 start '529.0 1921.0 -168.0' goal '145.0 2337.0  40.0'
ARGEVT Carmack hazard
ARGLOG Carmack t 104.6 pos '209.0 616.0  24.0' spd 390.9 yaw  51.8 mode 2 st 8 gl 0 hp 28 frg -1
ARGLOG Joe Rogan t 104.8 pos '381.3 1940.4 -168.0' spd 323.6 yaw 186 mode 2 st 30 gl 0 hp 100 frg 0
ARGLOG Romero t 104.8 pos '1168.0 965.7 -256.0' spd  49.2 yaw 173 mode 2 st 14 gl 0 hp 100 frg 0
ARGEVT Romero hazard
ARGLOG Carmack t 105.1 pos '318.3 619.7  24.0' spd 322.5 yaw 15 mode 2 st 8 gl 0 hp 28 frg -1
ARGLOG Joe Rogan t 105.4 pos '217.8 1955.6 -184.0' spd 320.2 yaw 191 mode 2 st 30 gl 0 hp 100 frg 0
ARGLOG Romero t 105.4 pos '1168.0 969.8 -256.0' spd  32.0 yaw 174 mode 2 st 14 gl 0 hp 100 frg 0
ARGEVT Romero stall
ARGUS FLOORDBG yaw 172 myaw -7388 prof -24  15.4 -336 -999 -16 -16 -16 wall   0.6 pos '1168.0 962.3 -256.0'
ARGEVT Romero stallnode '945.0 993.0 -248.0'
ARGEVT Romero jump
ARGEVT Carmack route 4 start '465.0 577.0  24.0' goal '241.0 865.0 -200.0'
ARGLOG Carmack t 105.6 pos '439.2 688.0  24.0' spd  74.7 yaw 210 mode 2 st 8 gl 0 hp 28 frg -1
ARGEVT Romero route 1 start '1169.0 993.0 -256.0' goal '945.0 993.0 -248.0'
ARGLOG Joe Rogan t 105.9 pos ' 53.6 1936.9 -184.0' spd 320.3 yaw 145 mode 2 st 30 gl 0 hp 100 frg 0
ARGLOG Romero t 105.9 pos '1152.0 949.4 -216.0' spd  27.8 yaw 168 mode 2 st 15 gl 0 hp 100 frg 0
ARGLOG Carmack t 106.1 pos '400.7 562.2  24.0' spd 345.1 yaw 174 mode 2 st 8 gl 0 hp 28 frg -1
ARGLOG Joe Rogan t 106.4 pos '-114.4 1919.8 -184.0' spd 377.4 yaw 114 mode 2 st 30 gl 0 hp 100 frg 0
ARGLOG Romero t 106.4 pos '1168.9 963.9 -249.8' spd  96.3 yaw 172 mode 2 st 15 gl 0 hp 100 frg 0
ARGEVT Romero hazard
ARGLOG Carmack t 106.6 pos '557.0 548.4  24.0' spd 432.3 yaw 174 mode 2 st 8 gl 0 hp 28 frg -1
ARGLOG Joe Rogan t 106.9 pos '-213.9 2060.2 -152.0' spd 320.7 yaw 123 mode 2 st 30 gl 0 hp 100 frg 0
ARGLOG Romero t 106.9 pos '1181.3 1054.8 -256.0' spd 227.0 yaw 195 mode 2 st 15 gl 0 hp 100 frg 0
ARGLOG Carmack t 107.2 pos '419.4 621.2  24.0' spd 440.0 yaw 194 mode 2 st 8 gl 0 hp 28 frg -1
ARGLOG Joe Rogan t 107.4 pos '-264.8 2216.0 -136.0' spd 320.0 yaw 132 mode 2 st 30 gl 0 hp 100 frg 0
ARGLOG Romero t 107.4 pos '1164.4 1019.1 -256.0' spd 398.4 yaw 187 mode 2 st 15 gl 0 hp 100 frg 0
ARGEVT Romero hazard
ARGLOG Carmack t 107.7 pos '538.9 521.5  24.0' spd 431.7 yaw 169 mode 2 st 8 gl 0 hp 28 frg -1
ARGLOG Joe Rogan t 107.9 pos '-344.1 2366.7 -136.0' spd 327.7 yaw 122 mode 2 st 30 gl 0 hp 100 frg 0
ARGLOG Romero t 107.9 pos '1154.7 992.0 -256.0' spd  30.9 yaw 179 mode 2 st 15 gl 0 hp 100 frg 0
ARGLOG Carmack t 108.3 pos '426.1 623.0  24.0' spd 424.7 yaw 194 mode 2 st 8 gl 0 hp 28 frg -1
ARGEVT Joe Rogan hazard
ARGLOG Joe Rogan t 108.5 pos '-467.8 2485.2 -120.0' spd 340.2 yaw 111 mode 2 st 30 gl 0 hp 100 frg 0
ARGLOG Romero t 108.5 pos '1168.0 972.3 -256.0' spd 130.5 yaw 174 mode 2 st 15 gl 0 hp 100 frg 0
ARGLOG Carmack t 108.8 pos '540.9 520.8  24.0' spd 424.2 yaw 169 mode 2 st 8 gl 0 hp 28 frg -1
ARGEVT Romero hazard
ARGLOG Joe Rogan t 109.1 pos '-492.6 2670.8 -96.0' spd 352.8 yaw 215 mode 2 st 30 gl 0 hp 100 frg 0
ARGLOG Romero t 109.1 pos '1171.9 948.4 -256.0' spd 204.2 yaw 168 mode 2 st 15 gl 0 hp 100 frg 0
ARGEVT Joe Rogan lift
ARGLOG Carmack t 109.4 pos '430.5 626.3  24.0' spd 424.7 yaw 195 mode 2 st 8 gl 0 hp 28 frg -1
ARGLOG Joe Rogan t 109.6 pos '-566.2 2722.6 -104.0' spd 328.1 yaw 276 mode 2 st 30 gl 0 hp 100 frg 0
ARGLOG Romero t 109.6 pos '1168.0 964.4 -256.0' spd  33.8 yaw 172 mode 2 st 15 gl 0 hp 100 frg 0
ARGEVT Joe Rogan board
ARGEVT Joe Rogan jump
ARGLOG Carmack t 109.9 pos '539.2 518.1  24.0' spd 424.8 yaw 168 mode 2 st 8 gl 0 hp 28 frg -1
ARGLOG Joe Rogan t 110.2 pos '-570.5 2655.2 -40.3' spd 0 yaw 278 mode 2 st 30 gl 0 hp 100 frg 0
ARGLOG Romero t 110.2 pos '1168.0 964.5 -256.0' spd  44.0 yaw 172 mode 2 st 15 gl 0 hp 100 frg 0
ARGEVT Romero hazard
ARGLOG Carmack t 110.5 pos '436.6 630.3  24.0' spd 424.4 yaw 196 mode 2 st 8 gl 0 hp 28 frg -1
ARGEVT Romero stall
ARGUS FLOORDBG yaw 172 myaw -7388 prof -24  15.4 -336 -999 -16 -16 -16 wall   0.6 pos '1168.0 964.8 -256.0'
ARGEVT Romero stallnode '945.0 993.0 -248.0'
ARGEVT Romero jump
ARGLOG Joe Rogan t 110.7 pos '-565.0 2640.0  43.8' spd  30.1 yaw 301 mode 2 st 30 gl 0 hp 100 frg 0
ARGLOG Romero t 110.7 pos '1168.0 967.6 -242.0' spd  43.5 yaw 191.8 mode 0 st 16 gl 0 hp 100 frg 0
ARGUS routecache adopt
ARGEVT Romero route 1 start '1169.0 993.0 -256.0' goal '945.0 993.0 -248.0'
ARGLOG Carmack t 111.0 pos '540.8 517.9  24.0' spd 424.3 yaw 168 mode 2 st 8 gl 0 hp 28 frg -1
ARGLOG Joe Rogan t 111.3 pos '-540.4 2470.4  56.0' spd 320.0 yaw 317 mode 2 st 30 gl 0 hp 100 frg 0
ARGLOG Romero t 111.3 pos '1160.4 965.5 -232.8' spd  43.0 yaw 172 mode 2 st 16 gl 0 hp 100 frg 0
ARGEVT Romero hazard
ARGLOG Carmack t 111.6 pos '460.0 650.3  24.0' spd 436.1 yaw 199 mode 2 st 8 gl 0 hp 28 frg -1
ARGLOG Joe Rogan t 111.8 pos '-453.7 2328.1  56.0' spd 355.8 yaw 348 mode 2 st 30 gl 0 hp 100 frg 0
ARGLOG Romero t 111.8 pos '1168.0 945.0 -256.0' spd  58.3 yaw 167 mode 2 st 16 gl 0 hp 100 frg 0
ARGLOG Carmack t 112.1 pos '493.1 497.1  24.0' spd 440.2 yaw 162 mode 2 st 8 gl 0 hp 28 frg -1
ARGLOG Joe Rogan t 112.3 pos '-283.6 2343.8  56.0' spd 325.9 yaw 337 mode 2 st 30 gl 0 hp 100 frg 0
ARGLOG Romero t 112.3 pos '1168.0 966.6 -256.0' spd  32.5 yaw 173 mode 2 st 16 gl 0 hp 100 frg 0
ARGLOG Carmack t 112.6 pos '506.3 653.3  24.0' spd 440.1 yaw 197 mode 2 st 8 gl 0 hp 28 frg -1
ARGEVT Joe Rogan hazard
ARGLOG Joe Rogan t 112.8 pos '-144.0 2429.4  49.8' spd  92.1 yaw 343 mode 2 st 30 gl 0 hp 100 frg 0
ARGEVT Romero abandon
ARGEVT Romero goal item_armor2
ARGEVT Romero stall
ARGLOG Romero t 112.8 pos '1168.0 966.5 -256.0' spd  30.2 yaw 368.1 mode 0 st 17 gl 0 hp 100 frg 0
ARGEVT Romero jump
ARGEVT Romero route 2 start '1169.0 993.0 -256.0' goal '1297.0 1057.0 -408.0'
ARGLOG Carmack t 113.1 pos '454.3 505.6  24.0' spd 440.2 yaw 161 mode 2 st 8 gl 0 hp 28 frg -1
ARGLOG Joe Rogan t 113.4 pos '-144.0 2413.7 -109.5' spd  34.5 yaw 346 mode 2 st 30 gl 0 hp 100 frg 0
ARGLOG Romero t 113.4 pos '1157.2 968.8 -226.3' spd  52.8 yaw 32 mode 2 st 17 gl 0 hp 100 frg 0
ARGEVT Romero stall
ARGUS FLOORDBG yaw 268 myaw -7292 prof -24 -24 -24 -999 -999 -999 -999 wall 1 pos '1173.7 962.6 -256.0'
ARGEVT Romero stallnode '1169.0 865.0 -408.0'
ARGEVT Romero jump
ARGLOG Carmack t 113.6 pos '544.6 634.5  24.0' spd 439.8 yaw 191 mode 2 st 8 gl 0 hp 28 frg -1
ARGEVT Romero goal weapon_grenadelauncher
ARGEVT Romero route 2 start '1169.0 993.0 -256.0' goal '1169.0 1057.0 -408.0'
ARGEVT Joe Rogan hazard
ARGLOG Joe Rogan t 113.9 pos '-154.4 2261.5 -136.0' spd 338.7 yaw 14 mode 2 st 30 gl 0 hp 100 frg 0
ARGLOG Romero t 113.9 pos '1186.9 937.2 -217.1' spd  99.9 yaw 98 mode 2 st 18 gl 0 hp 100 frg 0
ARGLOG Carmack t 114.1 pos '426.3 533.0  24.0' spd 439.7 yaw 166 mode 2 st 8 gl 0 hp 28 frg -1
ARGEVT Romero hazard
ARGLOG Joe Rogan t 114.4 pos '-145.4 2187.9 -136.0' spd 244.4 yaw 27 mode 2 st 30 gl 0 hp 100 frg 0
ARGLOG Romero t 114.4 pos '1198.5 928.0 -256.0' spd  88.9 yaw 102 mode 2 st 18 gl 0 hp 100 frg 0
ARGLOG Carmack t 114.6 pos '568.8 599.7  40.0' spd 439.6 yaw 184 mode 2 st 8 gl 0 hp 28 frg -1
ARGEVT Joe Rogan hazard
ARGLOG Joe Rogan t 114.9 pos '-144.0 2315.9 -136.0' spd 135.1 yaw 4 mode 2 st 30 gl 0 hp 100 frg 0
ARGLOG Romero t 114.9 pos '1219.7 826.2 -256.0' spd  88.0 yaw 134.4 mode 2 st 18 gl 0 hp 100 frg 0
ARGLOG Carmack t 115.2 pos '416.0 571.9  24.0' spd 440.0 yaw 178 mode 2 st 8 gl 0 hp 28 frg -1
ARGLOG Joe Rogan t 115.4 pos '-144.0 2376.1 -136.0' spd 106.0 yaw 353 mode 2 st 30 gl 0 hp 100 frg 0
ARGLOG Romero t 115.4 pos '1196.6 970.0 -256.0' spd 323.2 yaw 107 mode 2 st 18 gl 0 hp 100 frg 0
ARGEVT Romero hazard
ARGLOG Carmack t 115.7 pos '573.1 556.2  40.0' spd 439.9 yaw 176 mode 2 st 8 gl 0 hp 28 frg -1
ARGEVT Joe Rogan hazard
ARGLOG Joe Rogan t 115.9 pos '-144.0 2214.8 -136.0' spd 292.4 yaw 22 mode 2 st 30 gl 0 hp 100 frg 0
ARGLOG Romero t 115.9 pos '1256.2 1097.6 -256.0' spd 353.3 yaw 339.2 mode 1 st 18 gl 0 hp 100 frg 0
ARGLOG Carmack t 116.2 pos '428.2 612.5  24.0' spd 440.6 yaw 191 mode 2 st 8 gl 0 hp 28 frg -1
ARGLOG Joe Rogan t 116.4 pos '-144.0 2138.6 -136.0' spd 115.4 yaw 34 mode 2 st 30 gl 0 hp 100 frg 0
ARGLOG Romero t 116.4 pos '1340.3 966.5 -256.0' spd 433.6 yaw 175.3 mode 1 st 18 gl 0 hp 100 frg 0
ARGLOG Carmack t 116.7 pos '314.7 533.1  24.0' spd 336.0 yaw 147 mode 2 st 8 gl 0 hp 28 frg -1
ARGEVT Joe Rogan hazard
ARGLOG Joe Rogan t 117.0 pos '-146.4 2115.2 -136.0' spd 174.9 yaw 37 mode 2 st 30 gl 0 hp 100 frg 0
ARGLOG Romero t 117.0 pos '1192.8 1046.3 -256.0' spd 421.8 yaw  30.1 mode 1 st 18 gl 0 hp 100 frg 0
ARGLOG Carmack t 117.2 pos '167.0 610.4  24.0' spd 320.8 yaw 117 mode 2 st 8 gl 0 hp 28 frg -1
ARGEVT Carmack hazard
ARGLOG Joe Rogan t 117.5 pos '-145.6 2282.2 -136.0' spd 216.0 yaw 10 mode 2 st 30 gl 0 hp 100 frg 0
ARGLOG Romero t 117.5 pos '1334.8 1030.7 -256.0' spd 419.9 yaw 225.6 mode 1 st 18 gl 0 hp 100 frg 0
ARGLOG Carmack t 117.7 pos ' 80.0 633.1  24.0' spd  32.4 yaw 98 mode 2 st 8 gl 0 hp 28 frg -1
ARGLOG Joe Rogan t 118.0 pos '-145.5 2287.8 -136.0' spd 343.7 yaw 9 mode 2 st 30 gl 0 hp 100 frg 0
ARGEVT Joe Rogan hazard
ARGLOG Romero t 118.0 pos '1183.7 994.0 -256.0' spd 439.1 yaw  61.1 mode 1 st 18 gl 0 hp 100 frg 0
ARGLOG Carmack t 118.2 pos ' 80.0 633.7  24.0' spd 143.7 yaw 98 mode 2 st 8 gl 0 hp 28 frg -1
ARGEVT Carmack hazard
ARGLOG Joe Rogan t 118.5 pos '-151.8 2172.2 -136.0' spd 129.3 yaw 29 mode 2 st 30 gl 0 hp 100 frg 0
ARGLOG Romero t 118.5 pos '1320.3 1072.7 -256.0' spd 440.1 yaw 256.6 mode 1 st 18 gl 0 hp 100 frg 0
ARGEVT Carmack stall
ARGUS FLOORDBG yaw 111 myaw 3351 prof -24 -24 -24 -256.6 -252.8 -249.1 -248 wall   0.8 pos ' 80.0 625.9  24.0'
ARGEVT Carmack stallnode ' 49.0 705.0 -120.0'
ARGEVT Carmack jump
ARGLOG Carmack t 118.8 pos ' 80.0 624.3  35.7' spd  32.3 yaw  94.7 mode 0 st 9 gl 0 hp 28 frg -1
ARGEVT Carmack route 4 start ' 81.0 545.0  24.0' goal '241.0 865.0 -200.0'
ARGLOG Joe Rogan t 119.0 pos '-144.0 2185.9 -136.0' spd 348.5 yaw 27 mode 2 st 30 gl 0 hp 100 frg 0
ARGEVT Joe Rogan hazard
ARGLOG Romero t 119.0 pos '1213.0 960.2 -256.0' spd 440.1 yaw  92.2 mode 1 st 18 gl 0 hp 100 frg 0
ARGLOG Carmack t 119.3 pos ' 80.0 639.7  37.1' spd   5.8 yaw 339 mode 2 st 9 gl 0 hp 28 frg -1
ARGEVT Carmack stall
ARGUS FLOORDBG yaw 271 myaw 3496.8 prof -24 -24 -24 -24 -24 -24 -24 wall 1 pos ' 80.0 629.4  24.0'
ARGEVT Carmack stallnode ' 81.0 545.0  24.0'
ARGEVT Carmack jump
ARGLOG Joe Rogan t 119.5 pos '-149.7 2310.4 -136.0' spd 133.2 yaw 5 mode 2 st 30 gl 0 hp 100 frg 0
ARGLOG Romero t 119.5 pos '1289.9 1097.5 -256.0' spd 440.1 yaw 287.4 mode 1 st 18 gl 0 hp 100 frg 0
ARGEVT Carmack goal item_health
ARGUS routecache adopt
ARGEVT Carmack route 4 start ' 81.0 545.0  24.0' goal '241.0 865.0 -200.0'
ARGLOG Carmack t 119.8 pos ' 61.5 577.3  62.0' spd 157.1 yaw 95 mode 2 st 10 gl 0 hp 28 frg -1
ARGLOG Joe Rogan t 120.0 pos '-146.7 2320.9 -136.0' spd 321.4 yaw 3 mode 2 st 30 gl 0 hp 100 frg 0
ARGLOG Romero t 120.0 pos '1255.6 944.7 -256.0' spd 440.3 yaw 123.2 mode 1 st 18 gl 0 hp 100 frg 0
ARGEVT Joe Rogan hazard
ARGEVT Carmack hazard
ARGLOG Carmack t 120.3 pos '101.6 535.1  24.0' spd 324.2 yaw 16 mode 2 st 10 gl 0 hp 28 frg -1
ARGLOG Joe Rogan t 120.6 pos '-151.6 2182.1 -136.0' spd 138.2 yaw 27 mode 2 st 30 gl 0 hp 100 frg 0
ARGLOG Romero t 120.6 pos '1250.1 1101.7 -256.0' spd 440.0 yaw 318.8 mode 1 st 18 gl 0 hp 100 frg 0
ARGLOG Carmack t 120.8 pos '255.5 600.2  24.0' spd 384.6 yaw 131 mode 2 st 10 gl 0 hp 28 frg -1
ARGLOG Joe Rogan t 121.1 pos '-152.3 2147.3 -136.0' spd 242.0 yaw 32 mode 2 st 30 gl 0 hp 100 frg 0
ARGLOG Romero t 121.1 pos '1300.1 953.0 -256.0' spd 440.4 yaw 154.6 mode 1 st 18 gl 0 hp 100 frg 0
ARGEVT Joe Rogan hazard
ARGLOG Carmack t 121.3 pos '272.0 624.0  24.0' spd 0 yaw 136 mode 2 st 10 gl 0 hp 28 frg -1
