LOG started on: 08/27/2026 13:41:53 
Playing registered version.
UDP Initialized
WIPX_OpenSocket: Address family not supported by protocol family
WIPX_Init: Unable to open control socket, IPX disabled
Exe: 20:02:47 Jul 31 2024
256.0 megabyte heap

Language initialization
Couldn't load 'localization/loc_english.txt'
from 'C:/argus/engine'

========= Quake Initialized =========

execing autoexec.cfg
SpawnServer: dm4
Clearing memory
Programs occupy 597K.
trying to open external vis file
maps/dm4.vis not found, trying argus.vis
external vis not found
ARGUS slots 8
ARGUS worldspawn reached
ARGNAV 155 nodes, 928 links
0 entities inhibited
ARGUS init on dm4
ARGEVT Carmack spawned
ARGEVT Romero spawned
ARGEVT Joe Rogan spawned
Server spawned.
ARGLOG Joe Rogan t   1.2 pos '272.0 -952.0  24.0' spd 0 yaw 323.2 mode 0 st 0 gl 0 hp 100 frg 0
ARGLOG Romero t   1.2 pos '-64.0 -232.0 -72.0' spd 0 yaw  10.2 mode 0 st 0 gl 0 hp 100 frg 0
ARGLOG Carmack t   1.2 pos '-64.0 512.0 -296.0' spd 0 yaw 252.0 mode 0 st 0 gl 0 hp 100 frg 0
ARGEVT Joe Rogan goal weapon_rocketlauncher
ARGEVT Romero goal weapon_rocketlauncher
ARGEVT Carmack goal weapon_rocketlauncher
ARGEVT Carmack hazard
ARGEVT Joe Rogan route 14 start '305.0 -983.0  24.0' goal '721.0 -887.0 -232.0'
ARGLOG Joe Rogan t   1.7 pos '422.9 -1002.9  24.0' spd 385.6 yaw 113 mode 2 st 0 gl 0 hp 100 frg 0
ARGLOG Romero t   1.7 pos ' 93.1 -208.0 -72.0' spd 367.6 yaw  71.3 mode 0 st 0 gl 0 hp 100 frg 0
ARGEVT Romero hazard
ARGLOG Carmack t   1.7 pos '  2.5 411.4 -296.0' spd 336.8 yaw 339.3 mode 0 st 0 gl 0 hp 100 frg 0
ARGEVT Romero route 9 start ' 49.0 -247.0 -72.0' goal ' 49.0 105.0 -296.0'
ARGEVT Carmack route 4 start ' 81.0 393.0 -296.0' goal ' 49.0 105.0 -296.0'
ARGLOG Joe Rogan t   2.2 pos '406.0 -907.1  24.0' spd 320.0 yaw 119 mode 2 st 0 gl 0 hp 100 frg 0
ARGLOG Romero t   2.2 pos ' 91.1 -222.7 -72.0' spd 320.8 yaw 214 mode 2 st 0 gl 0 hp 100 frg 0
ARGLOG Carmack t   2.2 pos ' 69.7 426.1 -296.0' spd 328.4 yaw 223 mode 2 st 0 gl 0 hp 100 frg 0
ARGEVT Carmack hazard
ARGLOG Joe Rogan t   2.8 pos '305.9 -772.8  24.0' spd 330.9 yaw 90 mode 2 st 0 gl 0 hp 100 frg 0
ARGLOG Romero t   2.8 pos '-66.9 -272.0 -72.0' spd 361.6 yaw 259 mode 2 st 0 gl 0 hp 100 frg 0
ARGLOG Carmack t   2.8 pos '-101.3 412.0 -296.0' spd 390.5 yaw 263 mode 2 st 0 gl 0 hp 100 frg 0
ARGEVT Romero hazard
ARGLOG Joe Rogan t   3.3 pos '300.6 -752.0  24.0' spd   5.8 yaw 89 mode 2 st 0 gl 0 hp 100 frg 0
ARGLOG Romero t   3.3 pos '-116.6 -416.5 -72.0' spd 328.7 yaw 16 mode 2 st 0 gl 0 hp 100 frg 0
ARGLOG Carmack t   3.3 pos '-109.0 239.9 -296.0' spd 321.1 yaw 320 mode 2 st 0 gl 0 hp 100 frg 0
ARGLOG Joe Rogan t   3.8 pos '303.0 -752.0  24.0' spd   2.8 yaw 89 mode 2 st 0 gl 0 hp 100 frg 0
ARGLOG Romero t   3.8 pos '-126.3 -581.8 -72.0' spd 321.2 yaw 26 mode 2 st 0 gl 0 hp 100 frg 0
ARGLOG Carmack t   3.8 pos '-56.1  81.3 -296.0' spd 356.0 yaw 353 mode 1 st 0 gl 0 hp 100 frg 0
ARGEVT Joe Rogan stall
ARGEVT Joe Rogan stallnode '305.0 -599.0  24.0'
ARGEVT Joe Rogan jump
ARGEVT Joe Rogan route 12 start '305.0 -727.0  24.0' goal '721.0 -887.0 -232.0'
ARGEVT Romero goal weapon_lightning
ARGEVT Carmack goal item_artifact_super_damage
ARGEVT Romero route 2 start '753.0 -151.0  24.0' goal '529.0 -311.0 -104.0'
ARGEVT Carmack hazard
ARGLOG Joe Rogan t   4.3 pos '316.1 -748.0  53.8' spd  48.5 yaw 92 mode 2 st 1 gl 0 hp 100 frg 0
ARGLOG Romero t   4.3 pos '701.0 -187.5  24.0' spd 320.3 yaw 216 mode 2 st 0 gl 0 hp 100 frg 0
ARGLOG Carmack t   4.3 pos '101.6  65.0 -296.0' spd 337.8 yaw  42.6 mode 0 st 0 gl 1 hp 100 frg 0
ARGEVT Carmack route 6 start ' 49.0 105.0 -296.0' goal '209.0  73.0 -104.0'
ARGEVT Romero engage Joe Rogan
ARGEVT Romero grab weapon_lightning
ARGEVT Joe Rogan engage Romero
ARGLOG Joe Rogan t   4.8 pos '312.1 -647.9  24.0' spd 377.0 yaw  57.5 mode 2 st 1 gl 0 hp 100 frg 0
ARGLOG Romero t   4.8 pos '521.6 -178.6  17.7' spd 355.1 yaw 244.6 mode 1 st 0 gl 0 hp 100 frg 0
ARGLOG Carmack t   4.8 pos '-34.7 121.7 -296.0' spd 326.6 yaw 278 mode 2 st 0 gl 1 hp 100 frg 0
ARGLOG Joe Rogan t   5.3 pos '337.5 -570.4  24.0' spd 273.3 yaw  73.7 mode 2 st 1 gl 0 hp 100 frg 0
ARGLOG Romero t   5.3 pos '413.3 -308.6 -140.9' spd 357.0 yaw 254.8 mode 1 st 0 gl 0 hp 100 frg 0
ARGLOG Carmack t   5.3 pos '-185.0  48.0 -296.0' spd 229.1 yaw 305 mode 2 st 0 gl 1 hp 100 frg 0
ARGEVT Carmack hazard
ARGEVT Joe Rogan pursue
ARGEVT Romero abandon
ARGEVT Romero goal item_armorInv
ARGEVT Romero pursue
ARGEVT Romero swim
ARGLOG Joe Rogan t   5.8 pos '299.0 -435.2  24.0' spd 341.9 yaw 55 mode 2 st 1 gl 0 hp 100 frg 0
ARGLOG Romero t   5.8 pos '373.1 -311.7 -410.8' spd 141.3 yaw 243.4 mode 0 st 0 gl 0 hp 60 frg 0
ARGLOG Carmack t   5.8 pos '-109.6  48.0 -296.0' spd 297.2 yaw 294 mode 2 st 0 gl 1 hp 100 frg 0
ARGEVT Joe Rogan grab weapon_grenadelauncher
ARGEVT Romero route 18 start '273.0 -375.0 -296.0' goal '817.0 -855.0 -232.0'
ARGEVT Romero retreat
ARGLOG Joe Rogan t   6.4 pos '285.6 -351.2 -93.1' spd  45.6 yaw  26.1 mode 2 st 1 gl 0 hp 100 frg 0
ARGLOG Romero t   6.4 pos '398.1 -304.0 -399.1' spd  29.1 yaw 196.2 mode 2 st 0 gl 0 hp 12 frg 0
ARGEVT Romero death world pos '398.1 -304.0 -399.1'
ARGLOG Carmack t   6.4 pos '-48.8 -76.6 -296.0' spd 327.4 yaw 342 mode 2 st 0 gl 1 hp 100 frg 0
ARGEVT Joe Rogan engage Carmack
ARGEVT Carmack engage Joe Rogan
ARGLOG Joe Rogan t   6.9 pos '290.6 -368.0 -423.3' spd  33.0 yaw 134.8 mode 2 st 1 gl 0 hp 90 frg 0
ARGEVT Joe Rogan swim
ARGLOG Carmack t   6.9 pos '-22.4 -237.5 -296.0' spd 321.5 yaw 335.3 mode 2 st 0 gl 1 hp 100 frg 0
ARGEVT Joe Rogan retreat
ARGLOG Joe Rogan t   7.4 pos '269.0 -351.1 -400.8' spd 152.9 yaw 155.7 mode 2 st 1 gl 0 hp 10 frg 0
ARGLOG Carmack t   7.4 pos ' 13.2 -254.0 -296.0' spd 320.8 yaw 346.5 mode 2 st 0 gl 1 hp 100 frg 0
ARGEVT Joe Rogan death world pos '285.4 -340.2 -399.8'
ARGEVT Romero respawn
ARGLOG Carmack t   7.9 pos '136.2 -201.3 -296.0' spd 323.4 yaw 9 mode 2 st 0 gl 1 hp 100 frg 0
ARGEVT Carmack hazard
ARGEVT Romero goal item_armorInv
ARGLOG Romero t   7.9 pos '112.0 -1136.0 -104.0' spd 0 yaw  28.4 mode 0 st 0 gl 0 hp 100 frg -1
ARGEVT Romero route 17 start '145.0 -1143.0 -88.0' goal '817.0 -855.0 -232.0'
ARGEVT Carmack rjump
ARGEVT Romero hazard
ARGLOG Carmack t   8.4 pos '293.5 -225.7 -267.0' spd 326.9 yaw  93.9 mode 2 st 0 gl 1 hp 100 frg 0
ARGLOG Romero t   8.5 pos '253.3 -1136.0 -104.0' spd 0 yaw 286 mode 2 st 0 gl 0 hp 100 frg -1
ARGEVT Romero jump
ARGLOG Carmack t   8.9 pos '429.9 -136.5 -296.0' spd 329.1 yaw 136 mode 2 st 0 gl 1 hp 100 frg 0
ARGEVT Carmack hazard
ARGLOG Romero t   9.0 pos '143.2 -1144.3 -69.5' spd 296.7 yaw 0 mode 2 st 0 gl 0 hp 100 frg -1
ARGEVT Joe Rogan respawn
ARGEVT Joe Rogan goal weapon_rocketlauncher
ARGLOG Joe Rogan t   9.1 pos '776.0 -808.0 -232.0' spd 0 yaw 106.6 mode 1 st 1 gl 0 hp 100 frg -1
ARGEVT Joe Rogan hazard
ARGLOG Carmack t   9.4 pos '336.4 -126.5 -296.0' spd 127.4 yaw 122 mode 2 st 0 gl 1 hp 100 frg 0
ARGLOG Romero t   9.5 pos '139.3 -1230.7 -104.0' spd 205.0 yaw 23 mode 2 st 0 gl 0 hp 100 frg -1
ARGLOG Joe Rogan t   9.6 pos '720.0 -838.4 -232.0' spd 327.8 yaw 286.2 mode 1 st 1 gl 0 hp 100 frg -1
ARGEVT Joe Rogan goal item_artifact_super_damage
ARGEVT Romero jump
ARGEVT Joe Rogan route 5 start '721.0 -887.0 -232.0' goal '209.0  73.0 -104.0'
ARGUS routecache adopt
ARGEVT Joe Rogan route 5 start '721.0 -887.0 -232.0' goal '209.0  73.0 -104.0'
ARGLOG Carmack t  10.0 pos '339.1 -64.7 -296.0' spd 350.9 yaw 133 mode 2 st 0 gl 1 hp 100 frg 0
ARGLOG Romero t  10.0 pos '209.0 -1203.1 -33.1' spd  59.0 yaw 66 mode 2 st 0 gl 0 hp 100 frg -1
ARGLOG Joe Rogan t  10.1 pos '836.7 -883.6 -232.0' spd 385.9 yaw 115 mode 2 st 1 gl 1 hp 100 frg -1
ARGEVT Carmack hazard
ARGLOG Carmack t  10.5 pos '348.2  93.6 -288.0' spd 226.8 yaw 189 mode 2 st 0 gl 1 hp 100 frg 0
ARGLOG Romero t  10.5 pos '272.0 -1159.1 -40.0' spd 111.0 yaw 79 mode 2 st 0 gl 0 hp 100 frg -1
ARGEVT Romero jump
ARGLOG Joe Rogan t  10.6 pos '754.1 -749.7 -216.0' spd 422.9 yaw 114 mode 2 st 1 gl 1 hp 100 frg -1
ARGEVT Joe Rogan hazard
ARGLOG Carmack t  11.0 pos '336.0 -17.8 -296.0' spd 146.1 yaw 144 mode 2 st 0 gl 1 hp 100 frg 0
ARGLOG Romero t  11.0 pos '272.0 -1113.1 -17.8' spd  29.4 yaw 75 mode 2 st 0 gl 0 hp 100 frg -1
ARGUS routecache adopt
ARGEVT Joe Rogan route 5 start '721.0 -887.0 -232.0' goal '209.0  73.0 -104.0'
ARGLOG Joe Rogan t  11.1 pos '738.7 -902.3 -232.0' spd 371.0 yaw 182.1 mode 0 st 1 gl 1 hp 100 frg -1
ARGEVT Carmack hazard
ARGUS routecache adopt
ARGEVT Joe Rogan route 5 start '721.0 -887.0 -232.0' goal '209.0  73.0 -104.0'
ARGEVT Romero jump
ARGLOG Carmack t  11.5 pos '329.7 -82.5 -296.0' spd 125.1 yaw 127 mode 2 st 0 gl 1 hp 100 frg 0
ARGLOG Romero t  11.5 pos '272.0 -1128.0 -69.6' spd  54.2 yaw 77 mode 2 st 0 gl 0 hp 100 frg -1
ARGEVT Joe Rogan route 6 start '721.0 -759.0 -232.0' goal '209.0  73.0 -104.0'
ARGLOG Joe Rogan t  11.7 pos '720.0 -789.2 -232.0' spd 332.9 yaw 111 mode 2 st 1 gl 1 hp 100 frg -1
ARGEVT Joe Rogan hazard
ARGEVT Romero hazard
ARGLOG Carmack t  12.0 pos '354.0 -33.0 -296.0' spd 337.3 yaw 143 mode 2 st 0 gl 1 hp 100 frg 0
ARGEVT Romero stall
ARGEVT Romero stallnode '337.0 -1143.0  -8.0'
ARGLOG Romero t  12.1 pos '271.4 -1127.4 -104.0' spd 166.4 yaw 299.7 mode 0 st 1 gl 0 hp 100 frg -1
ARGEVT Romero jump
ARGLOG Joe Rogan t  12.2 pos '720.3 -823.6 -232.0' spd 320.0 yaw 110 mode 2 st 1 gl 1 hp 100 frg -1
ARGEVT Carmack hazard
ARGUS routecache adopt
ARGEVT Joe Rogan route 5 start '721.0 -887.0 -232.0' goal '209.0  73.0 -104.0'
ARGEVT Romero route 16 start '241.0 -1143.0 -40.0' goal '817.0 -855.0 -232.0'
ARGEVT Joe Rogan engage Carmack
ARGEVT Joe Rogan weapon sg
ARGEVT Carmack engage Joe Rogan
ARGEVT Carmack weapon ng
ARGLOG Carmack t  12.5 pos '346.5  91.3 -288.0' spd 281.6 yaw 219.3 mode 2 st 0 gl 1 hp 100 frg 0
ARGLOG Romero t  12.6 pos '272.0 -1040.5 -82.2' spd 168.0 yaw 303 mode 2 st 1 gl 0 hp 100 frg -1
ARGEVT Joe Rogan route 3 start '337.0   9.0 -296.0' goal '209.0  73.0 -104.0'
ARGLOG Joe Rogan t  12.7 pos '368.0   9.5 -273.8' spd 300 yaw 124.7 mode 2 st 1 gl 1 hp 100 frg -1
ARGEVT Joe Rogan hazard
ARGLOG Carmack t  13.0 pos '362.1 112.0 -288.0' spd  94.4 yaw 264.8 mode 2 st 0 gl 1 hp 100 frg 0
ARGLOG Romero t  13.1 pos '375.1 -1038.3 -104.0' spd 218.2 yaw 251 mode 2 st 1 gl 0 hp 100 frg -1
ARGEVT Romero hazard
ARGLOG Joe Rogan t  13.2 pos '368.5 -62.6 -296.0' spd 149.7 yaw  90.9 mode 2 st 1 gl 1 hp 100 frg -1
ARGEVT Joe Rogan weapon rl
ARGEVT Carmack weapon rl
ARGLOG Carmack t  13.6 pos '386.2 112.0 -288.0' spd  86.0 yaw 263.8 mode 2 st 0 gl 1 hp 76 frg 0
ARGLOG Romero t  13.6 pos '415.9 -1035.2 -104.0' spd 256.2 yaw 234 mode 2 st 1 gl 0 hp 100 frg -1
ARGLOG Joe Rogan t  13.7 pos '384.4 -94.1 -296.0' spd 326.0 yaw  95.4 mode 2 st 1 gl 1 hp 98 frg -1
ARGLOG Carmack t  14.1 pos '376.8  84.5 -288.0' spd  98.8 yaw 263.3 mode 2 st 0 gl 1 hp 76 frg 0
ARGEVT Carmack death Joe Rogan pos '367.7  80.6 -288.0'
ARGLOG Romero t  14.1 pos '257.7 -1063.7 -104.0' spd 331.9 yaw 316 mode 2 st 1 gl 0 hp 100 frg -1
ARGEVT Joe Rogan goal item_artifact_super_damage
ARGEVT Joe Rogan abandon
ARGLOG Joe Rogan t  14.2 pos '328.1 -342.9 -241.7' spd 487.6 yaw 234 mode 0 st 1 gl 1 hp 74 frg 0
ARGEVT Joe Rogan route 3 start '273.0 -375.0 -296.0' goal '209.0  73.0 -104.0'
ARGEVT Romero jump
ARGEVT Joe Rogan goal weapon_lightning
ARGEVT Joe Rogan abandon
ARGEVT Joe Rogan route 2 start '369.0 -279.0 -296.0' goal '529.0 -311.0 -104.0'
ARGEVT Joe Rogan goal 
ARGEVT Joe Rogan abandon
ARGLOG Romero t  14.6 pos '251.0 -1136.0 -65.1' spd  35.3 yaw 356 mode 2 st 1 gl 0 hp 100 frg -1
ARGEVT Joe Rogan route 2 start '369.0 -279.0 -296.0' goal '369.0 105.0 -288.0'
ARGLOG Joe Rogan t  14.7 pos '380.1 -368.0 -365.9' spd  19.6 yaw 262.5 mode 2 st 1 gl 1 hp 74 frg 0
ARGEVT Joe Rogan swim
ARGEVT Joe Rogan goal 
ARGEVT Joe Rogan route 2 start '369.0 -279.0 -296.0' goal '273.0 -375.0 -296.0'
ARGEVT Romero hazard
ARGLOG Romero t  15.2 pos '258.4 -1136.0 -104.0' spd  85.5 yaw 355 mode 2 st 1 gl 0 hp 100 frg -1
ARGEVT Romero jump
ARGLOG Joe Rogan t  15.3 pos '367.9 -304.0 -385.6' spd  13.5 yaw 128 mode 2 st 1 gl 1 hp 60 frg 0
ARGEVT Joe Rogan swim
ARGEVT Carmack respawn
ARGLOG Romero t  15.7 pos '248.1 -1136.0 -81.8' spd  32.9 yaw 356 mode 2 st 1 gl 0 hp 100 frg -1
ARGEVT Carmack goal weapon_lightning
ARGLOG Carmack t  15.7 pos '784.0 -176.0  24.0' spd 0 yaw 196.3 mode 0 st 0 gl 1 hp 100 frg 0
ARGEVT Carmack route 2 start '753.0 -151.0  24.0' goal '529.0 -311.0 -104.0'
ARGLOG Joe Rogan t  15.8 pos '369.9 -304.0 -385.2' spd   4.4 yaw 128 mode 2 st 1 gl 1 hp 52 frg 0
ARGEVT Joe Rogan swim
ARGEVT Joe Rogan swim
ARGEVT Romero jump
ARGEVT Joe Rogan stall
ARGEVT Joe Rogan stallnode '369.0 -279.0 -296.0'
ARGLOG Romero t  16.2 pos '235.1 -1136.0 -69.6' spd  11.4 yaw 357 mode 2 st 1 gl 0 hp 100 frg -1
ARGLOG Carmack t  16.2 pos '629.2 -169.0  24.0' spd 321.2 yaw 235 mode 2 st 0 gl 1 hp 100 frg 0
ARGEVT Joe Rogan death world pos '366.7 -304.0 -385.4'
ARGEVT Romero hazard
ARGLOG Romero t  16.7 pos '248.2 -1136.0 -104.0' spd  94.5 yaw 356 mode 2 st 1 gl 0 hp 100 frg -1
ARGLOG Carmack t  16.7 pos '438.7 -183.5 -20.2' spd 352.5 yaw 307 mode 1 st 0 gl 1 hp 100 frg 0
ARGEVT Carmack engage Romero
ARGEVT Carmack grab weapon_lightning
ARGEVT Romero jump
ARGEVT Romero stall
ARGEVT Romero stallnode '273.0 -1207.0 -24.0'
ARGLOG Romero t  17.2 pos '238.6 -1136.0 -69.0' spd  36.5 yaw 332.3 mode 0 st 2 gl 0 hp 100 frg -1
ARGLOG Carmack t  17.2 pos '369.0 -253.2 -262.4' spd  36.0 yaw 263.4 mode 1 st 0 gl 1 hp 100 frg 0
ARGEVT Romero route 16 start '241.0 -1143.0 -40.0' goal '817.0 -855.0 -232.0'
ARGEVT Carmack hazard
ARGEVT Romero jump
ARGEVT Carmack jump
ARGLOG Romero t  17.7 pos '248.8 -1136.0 -82.5' spd   3.5 yaw 356 mode 2 st 2 gl 0 hp 100 frg -1
ARGLOG Carmack t  17.7 pos '469.4 -272.0 -284.3' spd 282.8 yaw  12.6 mode 1 st 0 gl 1 hp 95 frg 0
ARGEVT Joe Rogan respawn
ARGEVT Joe Rogan goal item_health
ARGLOG Joe Rogan t  17.8 pos '-64.0 512.0 -296.0' spd 0 yaw 286.3 mode 1 st 2 gl 1 hp 100 frg -1
ARGEVT Joe Rogan hazard
ARGLOG Romero t  18.2 pos '269.5 -1136.0 -102.3' spd  59.0 yaw 355 mode 2 st 2 gl 0 hp 100 frg -1
ARGLOG Carmack t  18.2 pos '614.0 -267.1 -282.7' spd 280.7 yaw 118.6 mode 1 st 0 gl 1 hp 95 frg 0
ARGEVT Romero hazard
ARGLOG Joe Rogan t  18.3 pos ' 13.7 475.2 -296.0' spd 315.9 yaw  91.1 mode 1 st 2 gl 1 hp 100 frg -1
ARGEVT Carmack pursue
ARGEVT Romero jump
ARGEVT Joe Rogan goal weapon_supernailgun
ARGEVT Carmack jump
ARGLOG Romero t  18.8 pos '253.8 -1136.0 -65.1' spd   0.5 yaw 356 mode 2 st 2 gl 0 hp 100 frg -1
ARGLOG Carmack t  18.8 pos '514.3 -238.9 -284.1' spd 413.4 yaw 253 mode 1 st 0 gl 1 hp 95 frg 0
ARGEVT Joe Rogan routefail
ARGEVT Joe Rogan goal 
ARGLOG Joe Rogan t  18.9 pos '-43.9 624.0 -296.0' spd 288.5 yaw  25.9 mode 0 st 2 gl 2 hp 200 frg -1
ARGEVT Joe Rogan route 7 start '-15.0 553.0 -296.0' goal '401.0 -279.0 -296.0'
ARGLOG Romero t  19.3 pos '252.8 -1136.0 -104.0' spd  86.8 yaw 356 mode 2 st 2 gl 0 hp 100 frg -1
ARGEVT Romero jump
ARGLOG Carmack t  19.3 pos '404.0 -328.2 -283.4' spd 252.5 yaw  24.8 mode 1 st 0 gl 1 hp 95 frg 0
ARGEVT Carmack abandon
ARGLOG Joe Rogan t  19.4 pos ' -0.2 519.3 -296.0' spd 328.4 yaw 262 mode 2 st 2 gl 2 hp 200 frg -1
ARGEVT Carmack plan powerup via weapon
ARGEVT Carmack goal weapon_grenadelauncher
ARGEVT Carmack abandon
ARGEVT Carmack route 9 start '401.0 -279.0 -296.0' goal '113.0 -407.0 -104.0'
ARGEVT Carmack goal item_artifact_super_damage
ARGEVT Carmack swim
ARGEVT Joe Rogan goal weapon_lightning
ARGEVT Carmack swim
ARGEVT Carmack routefail
ARGLOG Romero t  19.8 pos '247.1 -1136.0 -81.4' spd  40.7 yaw 356 mode 2 st 2 gl 0 hp 100 frg -1
ARGEVT Carmack goal 
ARGLOG Carmack t  19.8 pos '381.7 -363.9 -385.2' spd 150.7 yaw 118.0 mode 0 st 0 gl 1 hp 65 frg 0
ARGEVT Carmack route 2 start '369.0 -279.0 -296.0' goal '369.0 105.0 -288.0'
ARGEVT Joe Rogan hazard
ARGLOG Joe Rogan t  19.9 pos '  3.2 515.3 -296.0' spd 364.8 yaw   6.4 mode 0 st 2 gl 2 hp 200 frg -1
ARGEVT Romero hazard
ARGEVT Romero stall
ARGEVT Romero stallnode '273.0 -1207.0 -24.0'
ARGEVT Romero jump
ARGEVT Carmack swim
ARGEVT Joe Rogan route 15 start '-15.0 553.0 -296.0' goal '529.0 -311.0 -104.0'
ARGEVT Carmack swim
ARGEVT Romero route 18 start '177.0 -1111.0 -104.0' goal '817.0 -855.0 -232.0'
ARGLOG Romero t  20.3 pos '247.9 -1136.0 -65.1' spd  30.5 yaw 226 mode 2 st 3 gl 0 hp 100 frg -1
ARGLOG Carmack t  20.3 pos '359.1 -304.0 -384.9' spd  59.6 yaw 103 mode 2 st 0 gl 1 hp 15 frg 0
ARGLOG Joe Rogan t  20.4 pos '  0.6 472.7 -296.0' spd 326.6 yaw 261 mode 2 st 2 gl 2 hp 200 frg -1
ARGEVT Carmack swim
ARGEVT Carmack death world pos '375.8 -304.0 -384.2'
ARGEVT Romero jump
ARGLOG Romero t  20.8 pos '268.7 -1136.0 -75.0' spd  52.4 yaw 355 mode 2 st 3 gl 0 hp 100 frg -1
ARGEVT Joe Rogan hazard
ARGLOG Joe Rogan t  20.9 pos ' 60.6 404.8 -296.0' spd 134.5 yaw 243 mode 2 st 2 gl 2 hp 200 frg -1
ARGLOG Romero t  21.3 pos '272.0 -1136.0 -104.0' spd 0 yaw 354 mode 2 st 3 gl 0 hp 100 frg -1
ARGEVT Romero hazard
ARGLOG Joe Rogan t  21.4 pos '-78.6 313.6 -296.0' spd 362.0 yaw 278 mode 2 st 2 gl 2 hp 200 frg -1
ARGEVT Romero stall
ARGEVT Romero stallnode '273.0 -1207.0 -24.0'
ARGEVT Romero jump
ARGEVT Romero route 16 start '241.0 -1143.0 -40.0' goal '817.0 -855.0 -232.0'
ARGLOG Romero t  21.8 pos '262.2 -1136.0 -69.2' spd  34.1 yaw 355 mode 2 st 4 gl 0 hp 100 frg -1
ARGLOG Joe Rogan t  22.0 pos '-106.0 173.0 -296.0' spd 281.7 yaw 296 mode 2 st 2 gl 2 hp 200 frg -1
ARGEVT Joe Rogan hazard
ARGEVT Romero jump
ARGEVT Carmack respawn
ARGEVT Carmack goal 
ARGLOG Carmack t  22.2 pos '-64.0 -232.0 -72.0' spd 0 yaw 349 mode 0 st 0 gl 1 hp 100 frg -1
ARGEVT Joe Rogan route 13 start '-47.0 201.0 -296.0' goal '529.0 -311.0 -104.0'
ARGLOG Romero t  22.4 pos '272.0 -1136.0 -66.3' spd 0 yaw 354 mode 2 st 4 gl 0 hp 100 frg -1
ARGLOG Joe Rogan t  22.5 pos '-56.1  86.2 -296.0' spd 322.4 yaw 295 mode 2 st 2 gl 2 hp 200 frg -1
ARGEVT Carmack route 7 start '-47.0 -215.0 -72.0' goal '273.0 -375.0 -296.0'
ARGLOG Carmack t  22.7 pos ' 93.3 -251.0 -72.0' spd 361.8 yaw 208 mode 2 st 0 gl 1 hp 100 frg -1
ARGEVT Romero hazard
ARGLOG Romero t  22.9 pos '261.5 -1136.0 -104.0' spd  80.2 yaw 355 mode 2 st 4 gl 0 hp 100 frg -1
ARGEVT Carmack hazard
ARGEVT Romero jump
ARGLOG Joe Rogan t  23.0 pos '-65.1 -78.6 -296.0' spd 320.4 yaw 312 mode 2 st 2 gl 2 hp 200 frg -1
ARGLOG Carmack t  23.2 pos '136.3 -200.2 -72.0' spd 321.9 yaw 213 mode 2 st 0 gl 1 hp 100 frg -1
ARGLOG Romero t  23.4 pos '259.7 -1136.0 -73.8' spd  26.1 yaw 355 mode 2 st 4 gl 0 hp 100 frg -1
ARGLOG Joe Rogan t  23.5 pos '-13.0 -236.0 -296.0' spd 342.5 yaw 354 mode 2 st 2 gl 2 hp 200 frg -1
ARGEVT Romero stall
ARGEVT Romero stallnode '273.0 -1207.0 -24.0'
ARGEVT Romero jump
ARGEVT Joe Rogan hazard
ARGLOG Carmack t  23.8 pos '112.0 -206.3 -72.0' spd  11.6 yaw 214 mode 2 st 0 gl 1 hp 100 frg -1
ARGLOG Romero t  23.9 pos '272.0 -1136.0 -65.1' spd 0 yaw  13.9 mode 0 st 5 gl 0 hp 100 frg -1
ARGEVT Romero route 16 start '241.0 -1143.0 -40.0' goal '817.0 -855.0 -232.0'
ARGLOG Joe Rogan t  24.0 pos '143.7 -233.7 -296.0' spd 343.0 yaw 2 mode 2 st 2 gl 2 hp 199 frg -1
ARGEVT Romero jump
ARGLOG Carmack t  24.3 pos '  5.6 -214.4 -72.0' spd 320.0 yaw 228 mode 2 st 0 gl 1 hp 100 frg -1
ARGLOG Romero t  24.4 pos '272.0 -1136.0 -75.0' spd 0 yaw 354 mode 2 st 5 gl 0 hp 100 frg -1
ARGLOG Joe Rogan t  24.5 pos '305.3 -218.6 -296.0' spd 372.1 yaw 24 mode 2 st 2 gl 2 hp 199 frg -1
ARGEVT Joe Rogan hazard
ARGLOG Carmack t  24.8 pos '-132.2 -309.0 -72.0' spd 346.0 yaw 10 mode 2 st 0 gl 1 hp 100 frg -1
ARGLOG Romero t  24.9 pos '272.0 -1136.0 -104.0' spd 0 yaw 354 mode 2 st 5 gl 0 hp 100 frg -1
ARGEVT Romero hazard
ARGLOG Joe Rogan t  25.0 pos '407.1 -99.7 -296.0' spd 236.5 yaw 3 mode 2 st 2 gl 2 hp 198 frg -1
ARGEVT Romero jump
ARGLOG Carmack t  25.3 pos '-142.0 -473.8 -72.0' spd 320.0 yaw 19 mode 2 st 0 gl 1 hp 100 frg -1
ARGLOG Romero t  25.5 pos '257.1 -1136.0 -66.0' spd  14.9 yaw 355 mode 2 st 5 gl 0 hp 100 frg -1
ARGLOG Joe Rogan t  25.6 pos '409.4 -87.8 -296.0' spd 336.6 yaw 0 mode 2 st 2 gl 2 hp 197 frg -1
ARGEVT Romero stall
ARGEVT Romero stallnode '273.0 -1207.0 -24.0'
ARGEVT Romero jump
ARGLOG Carmack t  25.8 pos '765.1 -183.8  46.2' spd 297.8 yaw 179 mode 2 st 0 gl 1 hp 100 frg -1
ARGUS routecache adopt
ARGEVT Romero route 16 start '241.0 -1143.0 -40.0' goal '817.0 -855.0 -232.0'
ARGLOG Romero t  26.0 pos '272.0 -1136.0 -69.6' spd 0 yaw 354 mode 2 st 6 gl 0 hp 100 frg -1
ARGLOG Joe Rogan t  26.1 pos '490.5 -248.6 -296.0' spd 370.3 yaw 57 mode 2 st 2 gl 2 hp 197 frg -1
ARGLOG Carmack t  26.3 pos '689.5 -198.5  24.0' spd 320.0 yaw 176 mode 2 st 0 gl 1 hp 100 frg -1
ARGEVT Romero jump
ARGLOG Romero t  26.5 pos '272.0 -1136.0 -92.3' spd 0 yaw 354 mode 2 st 6 gl 0 hp 100 frg -1
ARGLOG Joe Rogan t  26.6 pos '632.9 -160.8 -296.0' spd 336.0 yaw 259 mode 2 st 2 gl 2 hp 196 frg -1
ARGLOG Carmack t  26.8 pos '510.1 -180.9  11.5' spd 320.4 yaw 181 mode 2 st 0 gl 1 hp 100 frg -1
ARGLOG Romero t  27.0 pos '272.0 -1136.0 -90.3' spd 0 yaw 354 mode 2 st 6 gl 0 hp 100 frg -1
ARGEVT Carmack engage Romero
ARGLOG Joe Rogan t  27.1 pos '645.1   3.9 -296.0' spd 320.7 yaw 261 mode 2 st 2 gl 2 hp 196 frg -1
ARGEVT Romero hazard
ARGEVT Romero jump
ARGLOG Carmack t  27.4 pos '432.0 -169.9 -167.0' spd  23.0 yaw 257.8 mode 2 st 0 gl 1 hp 100 frg -1
ARGLOG Romero t  27.5 pos '255.7 -1136.0 -66.3' spd   0.6 yaw 356 mode 2 st 6 gl 0 hp 100 frg -1
ARGEVT Carmack hazard
ARGLOG Joe Rogan t  27.6 pos '394.5 -864.0  24.0' spd 300 yaw 88 mode 2 st 2 gl 2 hp 195 frg -1
ARGEVT Carmack pursue
ARGLOG Carmack t  27.9 pos '389.4 -233.9 -296.0' spd 325.1 yaw 262 mode 2 st 0 gl 1 hp 95 frg -1
ARGEVT Romero stall
ARGEVT Romero stallnode '273.0 -1207.0 -24.0'
ARGEVT Romero jump
ARGLOG Romero t  28.0 pos '271.0 -1136.0 -82.5' spd  47.1 yaw 309.0 mode 0 st 7 gl 0 hp 100 frg -1
ARGLOG Joe Rogan t  28.1 pos '309.6 -718.6  24.0' spd 324.8 yaw 67 mode 2 st 2 gl 2 hp 195 frg -1
ARGEVT Romero abandon
ARGEVT Romero goal item_armor2
ARGEVT Romero route 16 start '241.0 -1143.0 -40.0' goal '1169.0 -599.0  24.0'
ARGLOG Carmack t  28.4 pos '240.4 -256.8 -296.0' spd 395.6 yaw  97.2 mode 2 st 0 gl 1 hp 95 frg -1
ARGEVT Carmack pursue
ARGLOG Romero t  28.5 pos '272.0 -1136.0 -102.9' spd 0 yaw 354 mode 2 st 7 gl 0 hp 100 frg -1
ARGEVT Romero jump
ARGEVT Carmack hazard
ARGLOG Joe Rogan t  28.6 pos '349.6 -555.7  24.0' spd 326.1 yaw 76 mode 2 st 2 gl 2 hp 194 frg -1
ARGEVT Joe Rogan engage Carmack
ARGLOG Carmack t  28.9 pos '222.8 -233.6 -296.0' spd 348.2 yaw 291.4 mode 2 st 0 gl 1 hp 95 frg -1
ARGLOG Romero t  29.1 pos '272.0 -1136.0 -74.5' spd 0 yaw 354 mode 2 st 7 gl 0 hp 100 frg -1
ARGLOG Joe Rogan t  29.2 pos '312.1 -462.6  24.0' spd 320.4 yaw 117.3 mode 2 st 2 gl 2 hp 194 frg -1
ARGEVT Romero hazard
ARGEVT Carmack pursue
ARGEVT Joe Rogan grab weapon_grenadelauncher
ARGEVT Romero jump
ARGLOG Carmack t  29.4 pos '372.3 -221.1 -296.0' spd 324.7 yaw  30.0 mode 2 st 0 gl 1 hp 95 frg -1
ARGLOG Romero t  29.6 pos '255.9 -1136.0 -74.9' spd  17.0 yaw 356 mode 2 st 7 gl 0 hp 100 frg -1
ARGLOG Joe Rogan t  29.7 pos '147.9 -429.4   8.0' spd 324.2 yaw  39.5 mode 2 st 2 gl 2 hp 193 frg -1
ARGEVT Carmack pursue
ARGEVT Joe Rogan hazard
ARGEVT Carmack pursue
ARGEVT Carmack hazard
ARGLOG Carmack t  29.9 pos '477.0 -248.0 -296.0' spd 203.5 yaw 225.5 mode 2 st 0 gl 1 hp 95 frg -1
ARGEVT Romero stall
ARGEVT Romero stallnode '273.0 -1207.0 -24.0'
ARGLOG Romero t  30.1 pos '266.3 -1136.0 -104.0' spd  42.5 yaw 493.3 mode 0 st 8 gl 0 hp 100 frg -1
ARGEVT Romero jump
ARGLOG Joe Rogan t  30.2 pos '117.2 -438.9  24.0' spd 166.4 yaw  28.0 mode 2 st 2 gl 2 hp 193 frg -1
ARGUS routecache adopt
ARGEVT Romero route 16 start '241.0 -1143.0 -40.0' goal '1169.0 -599.0  24.0'
ARGLOG Carmack t  30.4 pos '346.7 -232.9 -296.0' spd 323.7 yaw 243 mode 2 st 0 gl 1 hp 87 frg -1
ARGLOG Romero t  30.6 pos '272.0 -1136.0 -81.6' spd 0 yaw 354 mode 2 st 8 gl 0 hp 100 frg -1
ARGLOG Joe Rogan t  30.7 pos '125.4 -405.3   8.0' spd 157.5 yaw  48.2 mode 2 st 2 gl 2 hp 192 frg -1
ARGEVT Romero jump
ARGEVT Carmack engage Joe Rogan
ARGEVT Carmack grab 
ARGEVT Carmack hazard
ARGLOG Carmack t  31.0 pos '351.6 -76.5 -296.0' spd 220.5 yaw 242.7 mode 2 st 0 gl 1 hp 87 frg -1
ARGLOG Romero t  31.1 pos '272.0 -1136.0 -66.0' spd 0 yaw 354 mode 2 st 8 gl 0 hp 100 frg -1
ARGLOG Joe Rogan t  31.2 pos '171.3 -444.6  24.0' spd 342.6 yaw  62.2 mode 2 st 2 gl 2 hp 192 frg -1
ARGEVT Joe Rogan hazard
ARGEVT Romero hazard
ARGLOG Carmack t  31.5 pos '385.7  31.3 -288.0' spd 210.5 yaw 224.4 mode 2 st 0 gl 1 hp 87 frg -1
ARGEVT Romero jump
ARGLOG Romero t  31.6 pos '248.6 -1136.0 -92.3' spd 125.9 yaw 356 mode 2 st 8 gl 0 hp 100 frg -1
ARGLOG Joe Rogan t  31.7 pos '122.7 -320.5 -40.0' spd 320.4 yaw  57.3 mode 2 st 2 gl 2 hp 191 frg -1
ARGEVT Carmack pursue
ARGLOG Carmack t  32.0 pos '391.3 -40.4 -296.0' spd 346.6 yaw 205.4 mode 2 st 0 gl 1 hp 36 frg -1
ARGEVT Carmack retreat
ARGLOG Romero t  32.1 pos '243.0 -1136.0 -90.5' spd  44.2 yaw 356 mode 2 st 8 gl 0 hp 100 frg -1
ARGLOG Joe Rogan t  32.2 pos '130.3 -239.7 -72.0' spd 322.3 yaw  29.3 mode 2 st 2 gl 2 hp 191 frg -1
ARGEVT Carmack hazard
ARGEVT Romero jump
ARGEVT Carmack weapon sg
ARGLOG Carmack t  32.5 pos '381.0  21.4 -288.0' spd 331.2 yaw 233.1 mode 2 st 0 gl 1 hp 28 frg -1
ARGLOG Romero t  32.7 pos '258.5 -1136.0 -66.3' spd  69.7 yaw 355 mode 2 st 8 gl 0 hp 100 frg -1
ARGLOG Joe Rogan t  32.8 pos ' 79.0 -208.0 -72.0' spd 277.1 yaw  47.1 mode 0 st 2 gl 2 hp 190 frg -1
ARGEVT Joe Rogan route 5 start ' 49.0 -247.0 -72.0' goal '529.0 -311.0 -104.0'
ARGEVT Joe Rogan pursue
ARGEVT Carmack pursue
ARGLOG Carmack t  33.0 pos '353.8  72.6 -288.0' spd 295.2 yaw 236 mode 2 st 0 gl 1 hp 24 frg -1
ARGEVT Romero hazard
ARGLOG Romero t  33.2 pos '261.6 -1136.0 -104.0' spd  81.0 yaw 355 mode 2 st 8 gl 0 hp 100 frg -1
ARGEVT Romero jump
ARGLOG Joe Rogan t  33.3 pos '202.8 -204.0 -72.0' spd 338.4 yaw 339.4 mode 2 st 2 gl 2 hp 190 frg -1
ARGLOG Carmack t  33.5 pos '371.9  16.9 -288.0' spd 323.9 yaw 253.1 mode 2 st 0 gl 1 hp 24 frg -1
ARGLOG Romero t  33.7 pos '259.1 -1136.0 -74.4' spd  25.3 yaw 355 mode 2 st 8 gl 0 hp 100 frg -1
ARGLOG Joe Rogan t  33.8 pos '373.6 -255.5 -189.6' spd 311.6 yaw  81.8 mode 1 st 2 gl 2 hp 189 frg -1
ARGEVT Joe Rogan grab weapon_lightning
ARGEVT Carmack hazard
ARGEVT Joe Rogan hazard
ARGEVT Romero jump
ARGLOG Carmack t  34.0 pos '340.3 104.6 -288.0' spd 232.4 yaw 276.6 mode 2 st 0 gl 1 hp 24 frg -1
ARGLOG Romero t  34.2 pos '255.5 -1136.0 -75.0' spd   6.4 yaw 356 mode 2 st 8 gl 0 hp 100 frg -1
ARGLOG Joe Rogan t  34.3 pos '432.0 -307.1 -327.9' spd  30.4 yaw 100.8 mode 1 st 2 gl 2 hp 177 frg -1
ARGEVT Romero stall
ARGEVT Romero stallnode '273.0 -1207.0 -24.0'
ARGEVT Joe Rogan swim
ARGLOG Carmack t  34.6 pos '355.1 108.7 -288.0' spd 160.9 yaw 278.5 mode 2 st 0 gl 1 hp 24 frg -1
ARGEVT Romero route 16 start '241.0 -1143.0 -40.0' goal '1169.0 -599.0  24.0'
ARGLOG Romero t  34.7 pos '272.0 -1136.0 -104.0' spd 0 yaw 271 mode 2 st 9 gl 0 hp 100 frg -1
ARGEVT Romero hazard
ARGEVT Joe Rogan pursue
ARGEVT Carmack pursue
ARGLOG Joe Rogan t  34.8 pos '431.7 -326.5 -390.3' spd  77.5 yaw 95 mode 1 st 2 gl 2 hp 118 frg -1
ARGEVT Romero jump
ARGLOG Carmack t  35.1 pos '355.5   3.4 -296.0' spd 324.3 yaw 284 mode 2 st 0 gl 1 hp 24 frg -1
ARGLOG Romero t  35.2 pos '238.1 -1136.0 -66.0' spd   0.8 yaw 356 mode 2 st 9 gl 0 hp 100 frg -1
ARGLOG Joe Rogan t  35.3 pos '422.2 -304.0 -385.7' spd  22.9 yaw 94 mode 1 st 2 gl 2 hp 78 frg -1
ARGEVT Joe Rogan swim
ARGEVT Carmack pursue
ARGLOG Carmack t  35.6 pos '385.2 -159.0 -296.0' spd 341.2 yaw 270 mode 2 st 0 gl 1 hp 24 frg -1
ARGEVT Romero jump
ARGLOG Romero t  35.7 pos '243.5 -1136.0 -92.3' spd  47.1 yaw 356 mode 2 st 9 gl 0 hp 100 frg -1
ARGLOG Joe Rogan t  35.8 pos '411.2 -304.0 -385.3' spd  20.5 yaw 93 mode 1 st 2 gl 2 hp 28 frg -1
ARGEVT Joe Rogan swim
ARGEVT Carmack hazard
ARGEVT Joe Rogan swim
ARGLOG Carmack t  36.1 pos '450.3 -272.0 -296.0' spd 138.2 yaw 212.5 mode 2 st 0 gl 1 hp 24 frg -1
ARGEVT Joe Rogan death world pos '403.4 -305.9 -384.7'
ARGLOG Romero t  36.3 pos '272.0 -1136.0 -90.7' spd   0.5 yaw 354 mode 2 st 9 gl 0 hp 100 frg -1
ARGEVT Romero hazard
ARGEVT Romero jump
ARGLOG Carmack t  36.6 pos '492.5 -208.0 -296.0' spd 312.8 yaw 218 mode 2 st 0 gl 1 hp 24 frg -1
ARGLOG Romero t  36.8 pos '253.7 -1136.0 -66.3' spd   0.4 yaw 356 mode 2 st 9 gl 0 hp 100 frg -1
ARGEVT Carmack hazard
ARGLOG Carmack t  37.1 pos '332.6 -209.0 -296.0' spd 320.5 yaw 251 mode 2 st 0 gl 1 hp 24 frg -1
ARGEVT Romero stall
ARGEVT Romero stallnode '273.0 -1207.0 -24.0'
ARGLOG Romero t  37.3 pos '254.4 -1136.0 -104.0' spd  78.8 yaw 548.9 mode 0 st 10 gl 0 hp 100 frg -1
ARGEVT Romero jump
ARGUS routecache adopt
ARGEVT Romero route 16 start '241.0 -1143.0 -40.0' goal '1169.0 -599.0  24.0'
ARGEVT Carmack jump
ARGLOG Carmack t  37.6 pos '177.3 -294.8 -274.5' spd 390.9 yaw 290.5 mode 2 st 0 gl 1 hp 24 frg -1
ARGEVT Joe Rogan respawn
ARGEVT Joe Rogan goal weapon_rocketlauncher
ARGLOG Joe Rogan t  37.7 pos '272.0 -952.0  24.0' spd 0 yaw 8 mode 0 st 2 gl 2 hp 100 frg -2
ARGLOG Romero t  37.8 pos '261.8 -1136.0 -81.4' spd  52.4 yaw 355 mode 2 st 10 gl 0 hp 100 frg -1
ARGEVT Joe Rogan route 14 start '305.0 -983.0  24.0' goal '721.0 -887.0 -232.0'
ARGEVT Romero jump
ARGLOG Carmack t  38.2 pos '138.5 -368.0 -295.1' spd  30.0 yaw 358 mode 2 st 0 gl 1 hp 24 frg -1
ARGLOG Joe Rogan t  38.3 pos '411.7 -877.5  24.0' spd 401.9 yaw 110 mode 2 st 2 gl 2 hp 100 frg -2
ARGLOG Romero t  38.3 pos '272.0 -1136.0 -66.1' spd 0 yaw 354 mode 2 st 10 gl 0 hp 100 frg -1
ARGEVT Carmack death world pos '146.3 -368.0 -385.9'
ARGEVT Romero hazard
ARGLOG Joe Rogan t  38.8 pos '353.2 -730.5  24.0' spd 332.3 yaw 100 mode 2 st 2 gl 2 hp 100 frg -2
ARGEVT Romero jump
ARGLOG Romero t  38.8 pos '258.2 -1136.0 -91.9' spd  32.2 yaw 355 mode 2 st 10 gl 0 hp 100 frg -1
ARGLOG Joe Rogan t  39.3 pos '304.0 -570.7  24.0' spd 320 yaw 41 mode 2 st 2 gl 2 hp 100 frg -2
ARGLOG Romero t  39.3 pos '262.4 -1136.0 -91.8' spd  34.8 yaw 355 mode 2 st 10 gl 0 hp 100 frg -1
ARGEVT Romero stall
ARGEVT Romero stallnode '273.0 -1207.0 -24.0'
ARGEVT Romero jump
ARGEVT Romero route 16 start '241.0 -1143.0 -40.0' goal '1169.0 -599.0  24.0'
ARGLOG Joe Rogan t  39.8 pos '419.3 -448.8  24.0' spd 322.5 yaw 50 mode 2 st 2 gl 2 hp 100 frg -2
ARGLOG Romero t  39.9 pos '272.0 -1135.3 -68.9' spd   5.8 yaw 354 mode 2 st 11 gl 0 hp 100 frg -1
ARGEVT Carmack respawn
ARGEVT Romero engage Carmack
ARGEVT Carmack goal weapon_lightning
ARGEVT Carmack engage Romero
ARGLOG Carmack t  40.0 pos '112.0 -1136.0 -104.0' spd 0 yaw  27.8 mode 0 st 0 gl 1 hp 100 frg -2
ARGEVT Carmack route 6 start '145.0 -1143.0 -88.0' goal '529.0 -311.0 -104.0'
ARGEVT Romero jump
ARGLOG Joe Rogan t  40.3 pos '521.5 -317.0 -53.8' spd 292.6 yaw 13 mode 2 st 2 gl 2 hp 100 frg -2
ARGLOG Romero t  40.4 pos '269.9 -1125.1 -66.2' spd  31.4 yaw 179.9 mode 2 st 11 gl 0 hp 100 frg -1
ARGEVT Carmack goal weapon_rocketlauncher
ARGEVT Carmack route 10 start ' 81.0 -1079.0 -104.0' goal ' 49.0 105.0 -296.0'
ARGLOG Carmack t  40.5 pos '156.7 -1022.1 -104.0' spd 333.4 yaw 325.1 mode 2 st 0 gl 1 hp 100 frg -2
ARGEVT Joe Rogan jump
ARGLOG Joe Rogan t  40.8 pos '623.4 -191.6 -82.5' spd 326.8 yaw 345 mode 2 st 2 gl 2 hp 100 frg -2
ARGLOG Romero t  40.9 pos '231.4 -1121.7 -104.0' spd 310.4 yaw 100.2 mode 2 st 11 gl 0 hp 100 frg -1
ARGLOG Carmack t  41.0 pos '310.1 -952.4 -104.0' spd 373.4 yaw 242.8 mode 2 st 0 gl 1 hp 100 frg -2
ARGLOG Joe Rogan t  41.4 pos '624.0 -158.6 -102.6' spd  41.6 yaw 336 mode 2 st 2 gl 2 hp 100 frg -2
ARGLOG Romero t  41.4 pos '101.1 -1015.9 -104.0' spd 353.2 yaw  12.8 mode 2 st 11 gl 0 hp 100 frg -1
ARGEVT Joe Rogan jump
ARGLOG Carmack t  41.6 pos '392.3 -966.7 -104.0' spd 321.7 yaw 176.8 mode 2 st 0 gl 1 hp 100 frg -2
ARGLOG Joe Rogan t  41.9 pos '624.0 -208.8 -65.1' spd   6.6 yaw 349 mode 2 st 2 gl 2 hp 100 frg -2
ARGLOG Romero t  41.9 pos '102.1 -848.9 -104.0' spd 364.5 yaw 359.7 mode 0 st 11 gl 0 hp 76 frg -1
ARGEVT Romero route 19 start ' 81.0 -823.0 -104.0' goal '1169.0 -599.0  24.0'
ARGLOG Carmack t  42.1 pos '371.3 -862.4 -104.0' spd 257.9 yaw 169.1 mode 2 st 0 gl 1 hp 100 frg -2
ARGEVT Romero hazard
ARGLOG Joe Rogan t  42.4 pos '624.0 -180.7 -104.0' spd  76.8 yaw 342 mode 2 st 2 gl 2 hp 100 frg -2
ARGEVT Joe Rogan jump
ARGLOG Romero t  42.4 pos ' 86.2 -811.9 -104.0' spd 304.4 yaw 327.8 mode 2 st 11 gl 0 hp 52 frg -1
ARGEVT Carmack grab item_health
ARGLOG Carmack t  42.6 pos '301.3 -1016.8 -104.0' spd 327.1 yaw 138.6 mode 0 st 0 gl 1 hp 76 frg -2
ARGEVT Carmack route 9 start '273.0 -1015.0 -104.0' goal ' 49.0 105.0 -296.0'
ARGLOG Joe Rogan t  42.9 pos '624.0 -172.0 -81.6' spd  35.8 yaw 339 mode 2 st 2 gl 2 hp 100 frg -2
ARGLOG Romero t  43.0 pos '200.9 -777.8 -104.0' spd 329.3 yaw 308.6 mode 2 st 11 gl 0 hp 36 frg -1
ARGEVT Carmack hazard
ARGEVT Carmack grab item_health
ARGLOG Carmack t  43.1 pos '351.5 -1040.0 -104.0' spd 302.9 yaw 118.2 mode 2 st 0 gl 1 hp 75 frg -2
ARGEVT Joe Rogan jump
ARGLOG Joe Rogan t  43.4 pos '624.0 -185.9 -69.6' spd   7.4 yaw 343 mode 2 st 2 gl 2 hp 100 frg -2
ARGLOG Romero t  43.5 pos '346.9 -798.7 -104.0' spd 325.8 yaw 290.7 mode 2 st 11 gl 0 hp 36 frg -1
ARGLOG Carmack t  43.6 pos '421.5 -957.0 -104.0' spd  95.9 yaw 102.9 mode 2 st 0 gl 1 hp 72 frg -2
ARGEVT Romero retreat
ARGEVT Romero hazard
ARGEVT Romero route 20 start '401.0 -759.0 -104.0' goal '1169.0 -599.0  24.0'
ARGLOG Joe Rogan t  43.9 pos '624.0 -183.5 -104.0' spd   2.8 yaw 342 mode 2 st 2 gl 2 hp 100 frg -2
ARGLOG Romero t  44.0 pos '352.2 -746.6 -104.0' spd 327.1 yaw 259.4 mode 2 st 11 gl 0 hp 16 frg -1
ARGEVT Joe Rogan jump
ARGLOG Carmack t  44.1 pos '264.5 -931.7 -104.0' spd 320.7 yaw  79.0 mode 2 st 0 gl 1 hp 72 frg -2
ARGEVT Romero death Carmack pos '337.4 -657.3 -104.0'
ARGLOG Joe Rogan t  44.4 pos '624.0 -183.5 -68.9' spd 0 yaw 342 mode 2 st 2 gl 2 hp 100 frg -2
ARGEVT Carmack goal 
ARGEVT Carmack route 2 start '177.0 -855.0 -104.0' goal '305.0 -663.0 -104.0'
ARGLOG Carmack t  44.6 pos '198.5 -847.1 -104.0' spd 342.4 yaw 59 mode 2 st 0 gl 1 hp 56 frg -1
ARGEVT Joe Rogan stall
ARGEVT Joe Rogan stallnode '657.0 -183.0  24.0'
ARGEVT Joe Rogan jump
ARGLOG Joe Rogan t  45.0 pos '624.0 -186.7 -69.6' spd  32.3 yaw 294.4 mode 0 st 3 gl 2 hp 100 frg -2
ARGEVT Joe Rogan route 17 start '529.0 -183.0 -104.0' goal '721.0 -887.0 -232.0'
ARGLOG Carmack t  45.2 pos '333.5 -737.1 -104.0' spd 348.3 yaw 79 mode 1 st 0 gl 1 hp 56 frg -1
ARGLOG Joe Rogan t  45.5 pos '613.9 -204.8 -104.0' spd 175.3 yaw 87 mode 2 st 3 gl 2 hp 100 frg -2
ARGEVT Carmack goal item_armorInv
ARGLOG Carmack t  45.7 pos '349.9 -632.6 -104.0' spd 239.4 yaw 284.0 mode 0 st 0 gl 2 hp 56 frg -1
ARGEVT Carmack route 19 start '337.0 -567.0 -104.0' goal '817.0 -855.0 -232.0'
ARGEVT Romero respawn
ARGEVT Romero goal weapon_rocketlauncher
ARGLOG Romero t  45.9 pos '776.0 -808.0 -232.0' spd 0 yaw 106.6 mode 1 st 11 gl 0 hp 100 frg -1
ARGLOG Joe Rogan t  46.0 pos '504.9 -80.7 -104.0' spd 368.7 yaw 61 mode 2 st 3 gl 2 hp 100 frg -2
ARGEVT Carmack hazard
ARGEVT Romero hazard
ARGLOG Carmack t  46.2 pos '365.4 -740.6 -104.0' spd 171.8 yaw 81 mode 2 st 0 gl 2 hp 56 frg -1
ARGEVT Joe Rogan hazard
ARGLOG Romero t  46.4 pos '720.0 -837.5 -232.0' spd 327.8 yaw 255.5 mode 1 st 11 gl 0 hp 100 frg -1
ARGLOG Joe Rogan t  46.5 pos '566.5  -5.5 -104.0' spd 166.4 yaw 251 mode 2 st 3 gl 2 hp 100 frg -2
ARGEVT Romero goal 
ARGEVT Romero route 4 start '721.0 -887.0 -232.0' goal '273.0 -375.0 -296.0'
ARGEVT Joe Rogan goal weapon_rocketlauncher
ARGEVT Joe Rogan route 6 start '529.0 -55.0 -104.0' goal ' 49.0 105.0 -296.0'
ARGEVT Joe Rogan engage Carmack
ARGEVT Joe Rogan weapon sg
ARGEVT Carmack engage Joe Rogan
ARGLOG Carmack t  46.7 pos '368.0 -575.9 -104.0' spd 327.3 yaw  73.2 mode 2 st 0 gl 2 hp 56 frg -1
ARGEVT Romero route 2 start '337.0   9.0 -296.0' goal '273.0 -375.0 -296.0'
ARGEVT Joe Rogan weapon lg
ARGLOG Romero t  47.0 pos '368.0 -35.8 -296.0' spd 300 yaw 255 mode 2 st 11 gl 1 hp 100 frg -1
ARGLOG Joe Rogan t  47.0 pos '484.4 -120.5 -104.0' spd 188.4 yaw 244.1 mode 2 st 3 gl 2 hp 100 frg -2
ARGEVT Romero engage Carmack
ARGEVT Carmack grab weapon_grenadelauncher
ARGLOG Carmack t  47.2 pos '260.2 -443.0 -104.0' spd 321.7 yaw  53.6 mode 2 st 0 gl 2 hp 56 frg -1
ARGEVT Romero hazard
ARGLOG Romero t  47.5 pos '375.0 -132.8 -296.0' spd 284.9 yaw 223.8 mode 2 st 11 gl 1 hp 100 frg -1
ARGLOG Joe Rogan t  47.5 pos '567.2 -255.7 -104.0' spd 325.7 yaw 205.3 mode 2 st 3 gl 2 hp 100 frg -2
ARGLOG Carmack t  47.7 pos '118.7 -396.4 -104.0' spd 310.5 yaw 354.8 mode 2 st 0 gl 2 hp 56 frg -1
ARGEVT Carmack hazard
ARGLOG Romero t  48.0 pos '379.1 -141.2 -296.0' spd 183.8 yaw 233.0 mode 2 st 11 gl 1 hp 100 frg -1
ARGLOG Joe Rogan t  48.0 pos '568.5 -260.6 -104.0' spd 329.4 yaw 197.0 mode 2 st 3 gl 2 hp 100 frg -2
ARGEVT Carmack retreat
ARGLOG Carmack t  48.3 pos '125.5 -379.4 -104.0' spd  76.8 yaw  46.1 mode 2 st 0 gl 2 hp 26 frg -1
ARGEVT Joe Rogan weapon sg
ARGEVT Carmack death Romero pos '178.0 -432.0 -104.0'
ARGLOG Romero t  48.5 pos '361.5 -136.0 -296.0' spd 222.1 yaw 250 mode 2 st 11 gl 1 hp 100 frg 0
ARGLOG Joe Rogan t  48.6 pos '524.7 -98.2 -104.0' spd 347.9 yaw 177 mode 2 st 3 gl 2 hp 100 frg -2
ARGEVT Romero hazard
ARGEVT Romero goal 
ARGEVT Joe Rogan weapon lg
ARGEVT Romero route 6 start '305.0 -87.0 -296.0' goal '113.0 -407.0 -104.0'
ARGEVT Romero engage Joe Rogan
ARGEVT Joe Rogan engage Romero
ARGLOG Romero t  49.0 pos '400.4 -228.6 -296.0' spd 395.3 yaw  27.5 mode 2 st 11 gl 1 hp 100 frg 0
ARGLOG Joe Rogan t  49.1 pos '459.1 -76.2 -104.0' spd 322.7 yaw 239.4 mode 2 st 3 gl 2 hp 100 frg -2
ARGEVT Romero rjump
ARGLOG Romero t  49.5 pos '202.8 -368.0 -138.5' spd 379.5 yaw  11.9 mode 1 st 11 gl 1 hp 90 frg 0
ARGLOG Joe Rogan t  49.6 pos '581.4 -189.5 -104.0' spd 329.5 yaw 207.8 mode 2 st 3 gl 2 hp 100 frg -2
ARGEVT Romero grab 
ARGEVT Joe Rogan route 6 start '625.0 -343.0 -104.0' goal ' 49.0 105.0 -296.0'
ARGEVT Carmack respawn
ARGLOG Romero t  50.1 pos '177.6 -368.0 -149.3' spd   4.2 yaw 348.7 mode 1 st 11 gl 1 hp 90 frg 0
ARGEVT Carmack goal weapon_supernailgun
ARGLOG Carmack t  50.1 pos '784.0 -176.0  24.0' spd 0 yaw 166 mode 0 st 0 gl 2 hp 100 frg -1
ARGLOG Joe Rogan t  50.1 pos '626.0 -350.0 -104.0' spd 323.7 yaw 186.7 mode 2 st 3 gl 2 hp 100 frg -2
ARGEVT Carmack routefail
ARGEVT Carmack goal weapon_rocketlauncher
ARGEVT Joe Rogan weapon sg
ARGEVT Carmack route 6 start '753.0 -151.0  24.0' goal ' 49.0 105.0 -296.0'
ARGEVT Joe Rogan grab item_health
ARGEVT Joe Rogan pursue
ARGEVT Romero abandon
ARGLOG Romero t  50.6 pos '164.7 -356.9 -374.4' spd  38.5 yaw 146.8 mode 0 st 11 gl 1 hp 90 frg 0
ARGLOG Carmack t  50.6 pos '630.2 -144.0  24.0' spd 329.8 yaw 202 mode 2 st 0 gl 2 hp 100 frg -1
ARGLOG Joe Rogan t  50.6 pos '686.5 -396.5 -61.0' spd  42.3 yaw 176 mode 0 st 3 gl 2 hp 25 frg -2
ARGEVT Romero pursue
ARGEVT Romero swim
ARGEVT Carmack engage Romero
ARGEVT Romero goal 
ARGEVT Romero route 2 start '113.0 -279.0 -296.0' goal '273.0 -375.0 -296.0'
ARGEVT Joe Rogan route 6 start '625.0 -343.0 -104.0' goal ' 49.0 105.0 -296.0'
ARGLOG Romero t  51.1 pos '164.7 -304.1 -401.9' spd 146.5 yaw 351 mode 2 st 11 gl 1 hp 56 frg 0
ARGLOG Carmack t  51.1 pos '442.4 -157.8 -20.8' spd 335.5 yaw 212.2 mode 2 st 0 gl 2 hp 100 frg -1
ARGLOG Joe Rogan t  51.1 pos '589.6 -381.3 -104.0' spd 320.1 yaw 178 mode 2 st 3 gl 2 hp 25 frg -2
ARGEVT Carmack pursue
ARGEVT Carmack route 5 start '433.0 -119.0 -104.0' goal ' 49.0 105.0 -296.0'
ARGEVT Romero goal item_health
ARGEVT Romero route 4 start '241.0 -279.0 -296.0' goal '529.0  73.0 -296.0'
ARGLOG Romero t  51.6 pos '290.1 -321.1 -397.5' spd 283.3 yaw 350 mode 2 st 11 gl 2 hp 41 frg 0
ARGLOG Carmack t  51.6 pos '351.1 -189.6 -266.6' spd 170.8 yaw 178.7 mode 2 st 0 gl 2 hp 100 frg -1
ARGLOG Joe Rogan t  51.7 pos '424.0 -373.5 -104.0' spd 328.1 yaw 211.0 mode 2 st 3 gl 2 hp 25 frg -2
ARGEVT Joe Rogan hazard
ARGEVT Carmack pursue
ARGEVT Carmack hazard
ARGEVT Joe Rogan pursue
ARGEVT Romero death world pos '423.8 -344.1 -393.3'
ARGLOG Carmack t  52.1 pos '275.6 -257.4 -296.0' spd 237.7 yaw 30 mode 2 st 0 gl 2 hp 95 frg -1
ARGEVT Joe Rogan weapon lg
ARGLOG Joe Rogan t  52.2 pos '271.0 -439.1 -104.0' spd 372.5 yaw 58 mode 2 st 3 gl 2 hp 25 frg -2
ARGEVT Carmack engage Joe Rogan
ARGEVT Joe Rogan engage Carmack
ARGEVT Joe Rogan grab 
ARGEVT Joe Rogan route 7 start '209.0 -375.0 -104.0' goal ' 49.0 105.0 -296.0'
ARGLOG Carmack t  52.6 pos '384.9 -211.5 -296.0' spd  87.6 yaw 235.7 mode 2 st 0 gl 2 hp 95 frg -1
ARGLOG Joe Rogan t  52.7 pos '237.5 -432.0 -104.0' spd 324.3 yaw  42.9 mode 2 st 3 gl 2 hp 25 frg -2
ARGEVT Carmack pursue
ARGEVT Joe Rogan pursue
ARGLOG Carmack t  53.1 pos '483.7 -228.5 -296.0' spd 138.6 yaw 222 mode 2 st 0 gl 2 hp 95 frg -1
ARGLOG Joe Rogan t  53.2 pos '397.1 -464.7 -104.0' spd 276.7 yaw 87 mode 2 st 3 gl 2 hp 25 frg -2
ARGEVT Carmack pursue
ARGEVT Carmack hazard
ARGEVT Joe Rogan grab item_health
ARGEVT Romero respawn
ARGEVT Romero goal item_health
ARGLOG Romero t  53.7 pos '-64.0 512.0 -296.0' spd 0 yaw 253.4 mode 1 st 11 gl 2 hp 100 frg -1
ARGLOG Carmack t  53.7 pos '341.4 -261.5 -296.0' spd 321.7 yaw 177 mode 2 st 0 gl 2 hp 95 frg -1
ARGLOG Joe Rogan t  53.7 pos '478.5 -385.7 -104.0' spd 339.3 yaw 132.9 mode 2 st 3 gl 2 hp 25 frg -2
ARGEVT Joe Rogan hazard
ARGEVT Joe Rogan pursue
ARGEVT Romero hazard
ARGLOG Romero t  54.2 pos '-144.0 438.8 -296.0' spd 119.6 yaw  88.9 mode 1 st 11 gl 2 hp 100 frg -1
ARGLOG Carmack t  54.2 pos '176.8 -258.1 -296.0' spd 320.0 yaw 213.3 mode 2 st 0 gl 2 hp 95 frg -1
ARGLOG Joe Rogan t  54.2 pos '501.9 -369.3 -104.0' spd 329.2 yaw 145.7 mode 2 st 3 gl 2 hp 25 frg -2
ARGEVT Carmack hazard
ARGEVT Joe Rogan weapon gl
ARGLOG Romero t  54.7 pos '-109.9 602.2 -296.0' spd 324.1 yaw 115.6 mode 1 st 11 gl 2 hp 100 frg -1
ARGLOG Carmack t  54.7 pos ' 91.7 -225.4 -296.0' spd 311.7 yaw 335.4 mode 2 st 0 gl 2 hp 95 frg -1
ARGLOG Joe Rogan t  54.7 pos '551.4 -411.1 -104.0' spd 358.7 yaw 171.7 mode 2 st 3 gl 2 hp 25 frg -2
ARGEVT Carmack pursue
ARGEVT Joe Rogan pursue
ARGEVT Carmack pursue
ARGEVT Romero hazard
ARGEVT Joe Rogan weapon lg
ARGLOG Romero t  55.2 pos '-117.6 565.1 -296.0' spd 321.6 yaw 280.1 mode 1 st 11 gl 2 hp 100 frg -1
ARGLOG Carmack t  55.2 pos '197.2 -233.2 -296.0' spd 327.0 yaw 341.4 mode 2 st 0 gl 2 hp 95 frg -1
ARGLOG Joe Rogan t  55.3 pos '481.7 -363.2 -104.0' spd 350.3 yaw 157.3 mode 2 st 3 gl 2 hp 25 frg -2
ARGEVT Joe Rogan weapon gl
ARGLOG Romero t  55.7 pos ' -6.7 477.1 -296.0' spd 422.2 yaw  78.9 mode 1 st 11 gl 2 hp 100 frg -1
ARGLOG Carmack t  55.7 pos '192.5 -259.3 -296.0' spd 242.2 yaw 310.6 mode 2 st 0 gl 2 hp 95 frg -1
ARGEVT Carmack hazard
ARGLOG Joe Rogan t  55.8 pos '355.5 -470.9 -108.0' spd 321.7 yaw 141.1 mode 2 st 3 gl 2 hp 25 frg -2
ARGEVT Carmack pursue
ARGEVT Joe Rogan pursue
ARGEVT Romero goal 
ARGEVT Romero route 7 start '-15.0 553.0 -296.0' goal '401.0 -279.0 -296.0'
ARGLOG Romero t  56.2 pos '-78.6 614.4 -296.0' spd 381.4 yaw 275 mode 2 st 11 gl 3 hp 200 frg -1
ARGLOG Carmack t  56.2 pos '267.7 -215.8 -296.0' spd 247.6 yaw 280.3 mode 2 st 0 gl 2 hp 95 frg -1
ARGLOG Joe Rogan t  56.3 pos '223.7 -418.3 -104.0' spd 361.9 yaw  81.3 mode 2 st 3 gl 2 hp 25 frg -2
ARGEVT Romero hazard
ARGEVT Joe Rogan hazard
ARGLOG Romero t  56.8 pos '-119.8 461.1 -296.0' spd 331.6 yaw 286 mode 2 st 11 gl 3 hp 200 frg -1
ARGLOG Carmack t  56.8 pos '393.3 -174.3 -296.0' spd 334.2 yaw 260.1 mode 0 st 0 gl 2 hp 95 frg -1
ARGLOG Joe Rogan t  56.8 pos '348.6 -422.5 -104.0' spd 320.4 yaw  63.9 mode 2 st 3 gl 2 hp 25 frg -2
ARGEVT Carmack route 4 start '401.0 -183.0 -296.0' goal ' 49.0 105.0 -296.0'
ARGEVT Joe Rogan retreat
ARGLOG Romero t  57.3 pos '-65.0 316.7 -296.0' spd 342.8 yaw 275 mode 2 st 11 gl 3 hp 200 frg -1
ARGLOG Carmack t  57.3 pos '379.3 -88.0 -296.0' spd 320.0 yaw 278.3 mode 2 st 0 gl 2 hp 95 frg -1
ARGLOG Joe Rogan t  57.3 pos '390.9 -528.0 -102.3' spd 338.2 yaw  80.5 mode 2 st 3 gl 2 hp 14 frg -2
ARGEVT Carmack pursue
ARGEVT Carmack hazard
ARGEVT Joe Rogan pursue
ARGLOG Romero t  57.8 pos '-64.3 150.8 -296.0' spd 322.2 yaw 293 mode 2 st 11 gl 3 hp 200 frg -1
ARGLOG Carmack t  57.8 pos '357.3 -168.9 -296.0' spd 355.0 yaw 265.4 mode 2 st 0 gl 2 hp 95 frg -1
ARGLOG Joe Rogan t  57.8 pos '346.6 -461.1 -104.0' spd 232.6 yaw 114.2 mode 2 st 3 gl 2 hp 14 frg -2
ARGEVT Carmack pursue
ARGEVT Joe Rogan pursue
ARGLOG Romero t  58.3 pos '-64.6 -12.6 -296.0' spd 320.1 yaw 304 mode 2 st 11 gl 3 hp 200 frg -1
ARGLOG Carmack t  58.3 pos '297.5 -257.9 -296.0' spd 321.3 yaw 224.7 mode 2 st 0 gl 2 hp 95 frg -1
ARGLOG Joe Rogan t  58.3 pos '345.0 -563.3 -104.0' spd 235.4 yaw 88 mode 2 st 3 gl 2 hp 14 frg -2
ARGEVT Romero engage Joe Rogan
ARGLOG Romero t  58.8 pos '-61.5 -166.8 -296.0' spd 275.0 yaw 335.0 mode 2 st 11 gl 3 hp 200 frg -1
ARGLOG Carmack t  58.8 pos '131.8 -272.6 -296.0' spd 359.8 yaw 239.4 mode 2 st 0 gl 2 hp 95 frg -1
ARGLOG Joe Rogan t  58.9 pos '352.4 -410.3 -104.0' spd 101.7 yaw 115.9 mode 2 st 3 gl 2 hp 14 frg -2
ARGEVT Carmack hazard
ARGEVT Romero pursue
ARGLOG Romero t  59.3 pos '-23.0 -226.0 -296.0' spd 320.6 yaw 333 mode 2 st 11 gl 3 hp 200 frg -1
ARGEVT Carmack pursue
ARGLOG Carmack t  59.3 pos '164.5 -238.7 -296.0' spd 325.9 yaw 316 mode 2 st 0 gl 2 hp 95 frg -1
ARGEVT Joe Rogan pursue
ARGLOG Joe Rogan t  59.4 pos '364.5 -557.9 -104.0' spd 320.0 yaw 125 mode 2 st 3 gl 2 hp 14 frg -2
ARGEVT Carmack pursue
ARGEVT Romero hazard
ARGLOG Romero t  59.8 pos ' 89.5 -265.4 -296.0' spd 342.1 yaw 358 mode 2 st 11 gl 3 hp 200 frg -1
ARGLOG Carmack t  59.8 pos '230.0 -269.2 -296.0' spd 394.6 yaw 238.1 mode 2 st 0 gl 2 hp 95 frg -1
ARGLOG Joe Rogan t  59.9 pos '268.9 -461.7 -104.0' spd 320.9 yaw 120 mode 2 st 3 gl 2 hp 14 frg -2
ARGEVT Romero pursue
ARGEVT Joe Rogan hazard
ARGEVT Joe Rogan pursue
ARGLOG Romero t  60.3 pos '183.1 -213.7 -296.0' spd 327.5 yaw 286.6 mode 2 st 11 gl 3 hp 200 frg -1
ARGLOG Carmack t  60.3 pos '197.5 -246.9 -296.0' spd 101.6 yaw 267.6 mode 2 st 0 gl 2 hp 95 frg -1
ARGLOG Joe Rogan t  60.4 pos '229.9 -412.3 -104.0' spd 323.0 yaw  96.1 mode 2 st 3 gl 2 hp 14 frg -2
ARGEVT Carmack hazard
ARGLOG Romero t  60.9 pos '219.2 -233.5 -296.0' spd 320.7 yaw 300.6 mode 2 st 11 gl 3 hp 200 frg -1
ARGLOG Carmack t  60.9 pos ' 90.1 -231.5 -296.0' spd 161.9 yaw 324.4 mode 2 st 0 gl 2 hp 95 frg -1
ARGLOG Joe Rogan t  60.9 pos '392.5 -439.0 -104.0' spd 321.3 yaw 139.3 mode 2 st 3 gl 2 hp 3 frg -2
ARGEVT Joe Rogan death Carmack pos '408.4 -442.7 -104.0'
ARGEVT Romero engage Carmack
ARGEVT Romero hazard
ARGEVT Carmack goal weapon_rocketlauncher
ARGEVT Carmack engage Romero
ARGEVT Carmack route 3 start '113.0 -279.0 -296.0' goal ' 49.0 105.0 -296.0'
ARGLOG Romero t  61.4 pos '320.4 -220.3 -296.0' spd 320.2 yaw 185.8 mode 2 st 11 gl 3 hp 199 frg -1
ARGLOG Carmack t  61.4 pos '124.8 -213.9 -296.0' spd 321.0 yaw   0.0 mode 2 st 0 gl 2 hp 95 frg 0
ARGLOG Romero t  61.9 pos '373.6 -108.5 -296.0' spd 241.8 yaw 223.6 mode 2 st 11 gl 3 hp 199 frg -1
ARGLOG Carmack t  61.9 pos '256.3 -243.4 -296.0' spd 128.9 yaw  42.1 mode 2 st 0 gl 2 hp 71 frg 0
ARGEVT Carmack hazard
ARGLOG Romero t  62.4 pos '400.0 -257.8 -296.0' spd  94.5 yaw 184.1 mode 1 st 11 gl 3 hp 198 frg -1
ARGLOG Carmack t  62.4 pos '219.9 -234.7 -296.0' spd 263.8 yaw   0.9 mode 2 st 0 gl 2 hp 71 frg 0
ARGEVT Joe Rogan respawn
ARGEVT Joe Rogan goal weapon_rocketlauncher
ARGLOG Joe Rogan t  62.5 pos '-64.0 -232.0 -72.0' spd 0 yaw 14 mode 0 st 3 gl 2 hp 100 frg -2
ARGEVT Joe Rogan route 9 start '-47.0 -215.0 -72.0' goal ' 49.0 105.0 -296.0'
ARGLOG Romero t  62.9 pos '392.0 -240.4 -296.0' spd 287.7 yaw 172.6 mode 1 st 11 gl 3 hp 174 frg -1
ARGLOG Carmack t  62.9 pos '207.5 -226.1 -296.0' spd 256.4 yaw 356.2 mode 2 st 0 gl 2 hp 47 frg 0
ARGLOG Joe Rogan t  63.0 pos ' 87.0 -272.0 -72.0' spd 188.4 yaw 238 mode 2 st 3 gl 2 hp 100 frg -2
ARGEVT Joe Rogan hazard
ARGLOG Romero t  63.4 pos '377.0 -81.3 -296.0' spd 241.6 yaw 213.7 mode 1 st 11 gl 3 hp 149 frg -1
ARGLOG Carmack t  63.4 pos '200.5 -247.6 -296.0' spd 320.1 yaw  40.9 mode 2 st 0 gl 2 hp 47 frg 0
ARGEVT Romero hazard
ARGLOG Joe Rogan t  63.5 pos '-10.6 -272.0 -72.0' spd 352.8 yaw 250 mode 2 st 3 gl 2 hp 100 frg -2
ARGUS routecache adopt
ARGEVT Joe Rogan route 8 start '-143.0 -375.0 -72.0' goal ' 49.0 105.0 -296.0'
ARGLOG Romero t  64.0 pos '348.9 -150.8 -296.0' spd 320.5 yaw 209.8 mode 1 st 11 gl 3 hp 148 frg -1
ARGLOG Carmack t  64.0 pos '170.8 -220.8 -296.0' spd 231.5 yaw  24.5 mode 2 st 0 gl 2 hp 47 frg 0
ARGLOG Joe Rogan t  64.1 pos '-128.1 -387.6 -72.0' spd 352.0 yaw 15 mode 2 st 3 gl 2 hp 100 frg -2
ARGLOG Romero t  64.5 pos '354.2 -221.6 -296.0' spd 321.8 yaw 181.5 mode 1 st 11 gl 3 hp 148 frg -1
ARGLOG Carmack t  64.5 pos '176.9 -254.8 -296.0' spd 320.5 yaw   5.0 mode 2 st 0 gl 2 hp 47 frg 0
ARGLOG Joe Rogan t  64.6 pos '-126.7 -553.2 -72.0' spd 320.8 yaw 24 mode 2 st 3 gl 2 hp 100 frg -2
ARGLOG Romero t  65.0 pos '347.7 -249.9 -296.0' spd 320.7 yaw 188.8 mode 1 st 11 gl 3 hp 147 frg -1
ARGLOG Carmack t  65.0 pos '201.8 -249.9 -296.0' spd 153.2 yaw   3.0 mode 2 st 0 gl 2 hp 47 frg 0
ARGLOG Joe Rogan t  65.1 pos '751.0 -205.6  24.0' spd 301.5 yaw 176 mode 2 st 3 gl 2 hp 100 frg -2
ARGEVT Carmack hazard
ARGEVT Romero hazard
ARGEVT Joe Rogan engage Carmack
ARGLOG Romero t  65.5 pos '331.4 -199.4 -296.0' spd 146.6 yaw 202.5 mode 1 st 11 gl 3 hp 123 frg -1
ARGEVT Carmack retreat
ARGLOG Carmack t  65.5 pos '188.9 -260.0 -296.0' spd 432.3 yaw  24.4 mode 2 st 0 gl 2 hp 23 frg 0
ARGLOG Joe Rogan t  65.6 pos '594.8 -159.2  24.0' spd 347.1 yaw 189.5 mode 2 st 3 gl 2 hp 100 frg -2
ARGEVT Joe Rogan grab item_armor1
ARGLOG Romero t  66.0 pos '355.1 -227.9 -296.0' spd 241.4 yaw 188.7 mode 1 st 11 gl 3 hp 102 frg -1
ARGLOG Carmack t  66.0 pos ' 56.0 -272.0 -296.0' spd 487.6 yaw   5.5 mode 2 st 0 gl 2 hp 3 frg 0
ARGLOG Joe Rogan t  66.1 pos '422.5 -129.2 -72.1' spd  19.6 yaw 206.0 mode 2 st 3 gl 2 hp 100 frg -2
ARGEVT Romero hazard
ARGEVT Carmack hazard
ARGEVT Joe Rogan hazard
ARGEVT Carmack death Romero pos '-101.1 -257.5 -296.0'
ARGLOG Romero t  66.5 pos '323.2 -249.7 -296.0' spd 206.9 yaw 183.2 mode 1 st 11 gl 3 hp 90 frg 0
ARGEVT Joe Rogan engage Romero
ARGEVT Romero engage Joe Rogan
ARGLOG Joe Rogan t  66.6 pos '413.2 -107.8 -296.0' spd 178.4 yaw 212.0 mode 2 st 3 gl 2 hp 95 frg -2
ARGEVT Romero goal item_armorInv
ARGEVT Romero route 17 start '273.0 -183.0 -296.0' goal '817.0 -855.0 -232.0'
ARGLOG Romero t  67.0 pos '407.2 -204.5 -296.0' spd 322.9 yaw  90.9 mode 2 st 11 gl 3 hp 90 frg 0
ARGLOG Joe Rogan t  67.1 pos '387.8  -9.2 -296.0' spd 304.4 yaw 281.4 mode 2 st 3 gl 2 hp 95 frg -2
ARGEVT Joe Rogan route 5 start '337.0   9.0 -296.0' goal ' 49.0 105.0 -296.0'
ARGLOG Romero t  67.6 pos '339.9 -207.5 -296.0' spd 230.5 yaw  72.2 mode 2 st 11 gl 3 hp 82 frg 0
ARGLOG Joe Rogan t  67.7 pos '385.5  15.9 -296.0' spd 169.6 yaw 268.6 mode 2 st 3 gl 2 hp 87 frg -2
ARGEVT Joe Rogan hazard
ARGLOG Romero t  68.1 pos '345.0 -228.4 -296.0' spd 341.4 yaw  92.3 mode 2 st 11 gl 3 hp 58 frg 0
ARGEVT Carmack respawn
ARGEVT Carmack goal weapon_lightning
ARGLOG Carmack t  68.1 pos '272.0 -952.0  24.0' spd 0 yaw  16.3 mode 0 st 0 gl 2 hp 100 frg 0
ARGLOG Joe Rogan t  68.2 pos '371.8 -13.4 -296.0' spd 122.0 yaw 262.1 mode 2 st 3 gl 2 hp 87 frg -2
ARGEVT Carmack route 6 start '305.0 -983.0  24.0' goal '529.0 -311.0 -104.0'
ARGEVT Romero hazard
ARGLOG Romero t  68.6 pos '161.8 -229.7 -296.0' spd 384.7 yaw  57.3 mode 0 st 11 gl 3 hp 46 frg 0
ARGLOG Carmack t  68.6 pos '352.7 -817.9  24.0' spd 345.4 yaw 81 mode 2 st 0 gl 2 hp 100 frg 0
ARGEVT Romero route 19 start '209.0 -183.0 -296.0' goal '817.0 -855.0 -232.0'
ARGLOG Joe Rogan t  68.7 pos '353.1  -0.5 -296.0' spd 150.0 yaw 231.2 mode 2 st 3 gl 2 hp 87 frg -2
ARGLOG Romero t  69.1 pos '160.1 -238.8 -296.0' spd 109.6 yaw  56.3 mode 2 st 11 gl 3 hp 38 frg 0
ARGLOG Carmack t  69.1 pos '327.3 -655.5  24.0' spd 321.1 yaw 76 mode 2 st 0 gl 2 hp 100 frg 0
ARGLOG Joe Rogan t  69.2 pos '387.4   1.4 -296.0' spd 320.0 yaw 232.9 mode 2 st 3 gl 2 hp 87 frg -2
ARGEVT Romero hazard
ARGLOG Romero t  69.6 pos '312.9 -277.8 -296.0' spd 321.3 yaw  72.9 mode 2 st 11 gl 3 hp 38 frg 0
ARGEVT Carmack engage Joe Rogan
ARGEVT Joe Rogan hazard
ARGEVT Carmack grab 
ARGLOG Carmack t  69.7 pos '377.1 -493.3  24.0' spd 351.5 yaw  74.7 mode 2 st 0 gl 2 hp 100 frg 0
ARGLOG Joe Rogan t  69.7 pos '378.6 -29.8 -296.0' spd  87.4 yaw 257.1 mode 2 st 3 gl 2 hp 79 frg -2
ARGLOG Romero t  70.1 pos '388.0 -266.7 -296.0' spd 290.9 yaw  90.0 mode 2 st 11 gl 3 hp 38 frg 0
ARGLOG Carmack t  70.2 pos '344.4 -478.2  24.0' spd 136.0 yaw  83.3 mode 2 st 0 gl 2 hp 100 frg 0
ARGLOG Joe Rogan t  70.2 pos '380.7  -3.2 -296.0' spd 168.4 yaw 277.1 mode 2 st 3 gl 2 hp 59 frg -2
ARGLOG Romero t  70.6 pos '548.3 -217.5 -296.0' spd 326.0 yaw 120.2 mode 2 st 11 gl 3 hp 38 frg 0
ARGLOG Carmack t  70.7 pos '345.2 -479.9  24.0' spd 240 yaw  88.5 mode 2 st 0 gl 2 hp 100 frg 0
ARGLOG Joe Rogan t  70.7 pos '365.9 -16.7 -296.0' spd 320.2 yaw 310.2 mode 2 st 3 gl 2 hp 59 frg -2
ARGEVT Joe Rogan pursue
ARGEVT Romero pursue
ARGLOG Romero t  71.2 pos '614.8 -73.2 -296.0' spd 408.7 yaw 144.4 mode 2 st 11 gl 3 hp 38 frg 0
ARGLOG Carmack t  71.2 pos '336.6 -501.4  24.0' spd  44.8 yaw  80.0 mode 2 st 0 gl 2 hp 100 frg 0
ARGEVT Joe Rogan pursue
ARGLOG Joe Rogan t  71.3 pos '406.0 -165.6 -296.0' spd 378.9 yaw 246.4 mode 2 st 3 gl 2 hp 47 frg -2
ARGEVT Romero hazard
ARGEVT Joe Rogan pursue
ARGEVT Romero pursue
ARGEVT Carmack pursue
ARGEVT Joe Rogan pursue
ARGEVT Joe Rogan hazard
ARGLOG Romero t  71.7 pos '587.1  91.5 -296.0' spd 394.7 yaw 180.6 mode 2 st 11 gl 3 hp 63 frg 0
ARGEVT Carmack grab weapon_lightning
ARGLOG Carmack t  71.7 pos '464.5 -446.2  24.0' spd 348.8 yaw 111.9 mode 1 st 0 gl 2 hp 100 frg 0
ARGLOG Joe Rogan t  71.8 pos '320.8 -273.6 -296.0' spd 248.6 yaw 312 mode 2 st 3 gl 2 hp 47 frg -2
ARGLOG Romero t  72.2 pos '551.5  24.6 -296.0' spd 320.9 yaw 326.5 mode 2 st 11 gl 3 hp 63 frg 0
ARGEVT Joe Rogan route 5 start '401.0 -279.0 -296.0' goal ' 49.0 105.0 -296.0'
ARGLOG Carmack t  72.2 pos '532.9 -295.3  24.0' spd 330.8 yaw 151.0 mode 1 st 0 gl 2 hp 100 frg 0
ARGLOG Joe Rogan t  72.3 pos '446.0 -247.3 -296.0' spd 391.1 yaw  96.9 mode 2 st 3 gl 2 hp 43 frg -2
ARGEVT Romero pursue
ARGEVT Carmack pursue
ARGEVT Carmack goal item_artifact_super_damage
ARGLOG Romero t  72.7 pos '641.9 -89.5 -296.0' spd 376.3 yaw 195.0 mode 2 st 11 gl 3 hp 63 frg 0
ARGLOG Carmack t  72.8 pos '513.4 -295.6 -92.7' spd  50.4 yaw 173 mode 0 st 0 gl 3 hp 100 frg 0
ARGLOG Joe Rogan t  72.8 pos '405.9 -253.3 -296.0' spd 322.7 yaw 189 mode 2 st 3 gl 2 hp 43 frg -2
ARGEVT Romero hazard
ARGEVT Carmack routefail
ARGEVT Joe Rogan pursue
ARGEVT Carmack goal weapon_rocketlauncher
ARGEVT Carmack hazard
ARGEVT Carmack grab item_armor1
ARGEVT Carmack route 18 start '529.0 -311.0 -104.0' goal '721.0 -887.0 -232.0'
ARGLOG Romero t  73.2 pos '609.4 -83.5 -296.0' spd 321.5 yaw 85 mode 2 st 11 gl 3 hp 63 frg 0
ARGLOG Carmack t  73.3 pos '470.9 -246.6 -104.0' spd 321.8 yaw 180.6 mode 2 st 0 gl 3 hp 100 frg 0
ARGLOG Joe Rogan t  73.3 pos '240.9 -277.6 -296.0' spd 321.6 yaw 172 mode 2 st 3 gl 2 hp 13 frg -2
ARGEVT Joe Rogan engage Carmack
ARGEVT Joe Rogan retreat
ARGEVT Joe Rogan hazard
ARGLOG Romero t  73.7 pos '626.9  80.2 -296.0' spd 320.3 yaw 263 mode 2 st 11 gl 3 hp 63 frg 0
ARGEVT Carmack weapon sg
ARGLOG Carmack t  73.8 pos '493.8 -80.5 -104.0' spd 343.0 yaw 201.9 mode 2 st 0 gl 3 hp 100 frg 0
ARGLOG Joe Rogan t  73.8 pos ' 67.8 -256.7 -296.0' spd 346.6 yaw  15.4 mode 2 st 3 gl 2 hp 13 frg -2
ARGEVT Joe Rogan death Carmack pos ' 36.2 -243.3 -296.0'
ARGEVT Carmack hazard
ARGEVT Carmack weapon lg
ARGEVT Carmack goal weapon_rocketlauncher
ARGEVT Carmack route 5 start '433.0 -55.0 -104.0' goal ' 49.0 105.0 -296.0'
ARGLOG Romero t  74.2 pos '335.6 -798.3  24.0' spd 339.8 yaw 95 mode 2 st 11 gl 3 hp 63 frg 0
ARGLOG Carmack t  74.3 pos '505.3 -27.4 -104.0' spd 330.2 yaw 224 mode 2 st 0 gl 3 hp 100 frg 1
ARGEVT Romero engage Carmack
ARGEVT Romero grab 
ARGEVT Carmack engage Romero
ARGEVT Carmack weapon sg
ARGLOG Romero t  74.8 pos '308.4 -635.1  24.0' spd 322.2 yaw  64.1 mode 2 st 11 gl 3 hp 63 frg 0
ARGLOG Carmack t  74.8 pos '528.6 -55.2 -104.0' spd 321.3 yaw 243.6 mode 2 st 0 gl 3 hp 100 frg 1
ARGEVT Carmack weapon lg
ARGLOG Romero t  75.3 pos '347.1 -474.2  24.0' spd 331.7 yaw  55.2 mode 2 st 11 gl 3 hp 63 frg 0
ARGLOG Carmack t  75.3 pos '587.5 -199.9 -104.0' spd 320.1 yaw 236.8 mode 2 st 0 gl 3 hp 100 frg 1
ARGEVT Joe Rogan respawn
ARGEVT Joe Rogan goal weapon_rocketlauncher
ARGLOG Joe Rogan t  75.5 pos '112.0 -1136.0 -104.0' spd 0 yaw  28.7 mode 0 st 3 gl 2 hp 100 frg -2
ARGEVT Joe Rogan route 18 start '145.0 -1143.0 -88.0' goal '721.0 -887.0 -232.0'
ARGLOG Romero t  75.8 pos '349.5 -478.1  24.0' spd  96.5 yaw  31.2 mode 2 st 11 gl 3 hp 63 frg 0
ARGEVT Carmack route 6 start '625.0 -343.0 -104.0' goal ' 49.0 105.0 -296.0'
ARGLOG Carmack t  75.8 pos '642.5 -347.5 -104.0' spd 320.4 yaw 214.5 mode 2 st 0 gl 3 hp 98 frg 1
ARGEVT Joe Rogan hazard
ARGLOG Joe Rogan t  76.0 pos '252.9 -1136.0 -104.0' spd   7.0 yaw 286 mode 2 st 3 gl 2 hp 100 frg -2
ARGEVT Joe Rogan jump
ARGLOG Romero t  76.3 pos '331.0 -472.2  24.0' spd 299.8 yaw  27.5 mode 2 st 11 gl 3 hp 63 frg 0
ARGLOG Carmack t  76.4 pos '599.8 -301.1 -104.0' spd 320.1 yaw 210.9 mode 2 st 0 gl 3 hp 93 frg 1
ARGEVT Romero retreat
ARGLOG Joe Rogan t  76.5 pos '143.2 -1144.5 -69.6' spd 294.8 yaw 0 mode 2 st 3 gl 2 hp 100 frg -2
ARGEVT Carmack weapon sg
ARGEVT Romero hazard
ARGEVT Joe Rogan engage Carmack
ARGLOG Romero t  76.8 pos '258.7 -520.6  26.5' spd 105.0 yaw  47.0 mode 2 st 11 gl 3 hp 33 frg 0
ARGLOG Carmack t  76.9 pos '505.4 -158.8 -104.0' spd 328.2 yaw 234.8 mode 2 st 0 gl 3 hp 77 frg 1
ARGLOG Joe Rogan t  77.0 pos '147.1 -1224.1 -88.0' spd 221.4 yaw  67.9 mode 2 st 3 gl 2 hp 100 frg -2
ARGLOG Romero t  77.3 pos '272.2 -505.3  24.0' spd 106.3 yaw  44.8 mode 2 st 11 gl 3 hp 25 frg 0
ARGEVT Joe Rogan grab weapon_supershotgun
ARGLOG Carmack t  77.4 pos '567.4 -229.9 -104.0' spd 321.8 yaw 226.4 mode 2 st 0 gl 3 hp 77 frg 1
ARGEVT Joe Rogan pursue
ARGLOG Joe Rogan t  77.5 pos '227.6 -1060.4 -103.9' spd 320.5 yaw 73 mode 2 st 3 gl 2 hp 100 frg -2
ARGLOG Romero t  77.8 pos '227.4 -510.8  24.0' spd 323.4 yaw  25.1 mode 2 st 11 gl 3 hp 25 frg 0
ARGLOG Carmack t  77.9 pos '675.7 -360.1 -104.0' spd 329.1 yaw 199.1 mode 2 st 0 gl 3 hp 63 frg 1
ARGEVT Romero weapon axe
ARGLOG Joe Rogan t  78.1 pos '285.2 -906.5 -104.0' spd 320.1 yaw 74 mode 2 st 3 gl 2 hp 100 frg -2
ARGEVT Romero pursue
ARGEVT Carmack pursue
ARGEVT Romero route 10 start '113.0 -471.0  24.0' goal '817.0 -855.0 -232.0'
ARGLOG Romero t  78.4 pos '147.3 -448.6  24.0' spd 191.7 yaw  28.4 mode 2 st 11 gl 3 hp 25 frg 0
ARGLOG Carmack t  78.4 pos '422.5 -240.0 -281.8' spd 300 yaw 256.4 mode 2 st 0 gl 3 hp 63 frg 1
ARGEVT Romero hazard
ARGEVT Joe Rogan route 21 start '305.0 -791.0 -104.0' goal '721.0 -887.0 -232.0'
ARGLOG Joe Rogan t  78.6 pos '333.8 -749.3 -104.0' spd 320.0 yaw 74 mode 2 st 3 gl 2 hp 100 frg -2
ARGLOG Romero t  78.9 pos '130.4 -371.3  -8.0' spd 115.3 yaw  22.1 mode 2 st 11 gl 3 hp 25 frg 0
ARGLOG Carmack t  78.9 pos '504.9 -231.2 -296.0' spd 145.7 yaw 202.8 mode 2 st 0 gl 3 hp 63 frg 1
ARGLOG Joe Rogan t  79.1 pos '368.0 -589.5 -104.0' spd 328.2 yaw 73 mode 2 st 3 gl 2 hp 100 frg -2
ARGLOG Romero t  79.4 pos '128.6 -498.8  24.0' spd  49.5 yaw  33.5 mode 2 st 11 gl 3 hp 13 frg 0
ARGEVT Carmack hazard
ARGLOG Carmack t  79.4 pos '484.1 -263.8 -296.0' spd 127.4 yaw 216.1 mode 2 st 0 gl 3 hp 63 frg 1
ARGEVT Carmack pursue
ARGLOG Joe Rogan t  79.6 pos '392.6 -424.7 -104.0' spd 321.2 yaw  51.7 mode 0 st 3 gl 2 hp 100 frg -2
ARGEVT Romero pursue
ARGEVT Joe Rogan route 19 start '401.0 -471.0 -104.0' goal '721.0 -887.0 -232.0'
ARGLOG Romero t  79.9 pos '150.0 -494.6  24.0' spd  82.8 yaw  38.9 mode 2 st 11 gl 3 hp 1 frg 0
ARGLOG Carmack t  80.0 pos '511.8 -265.9 -296.0' spd 180.7 yaw 211.8 mode 2 st 0 gl 3 hp 63 frg 1
ARGLOG Joe Rogan t  80.1 pos '547.9 -402.1 -104.0' spd 427.7 yaw 141 mode 2 st 3 gl 2 hp 100 frg -2
ARGEVT Joe Rogan hazard
ARGEVT Carmack pursue
ARGEVT Romero pursue
ARGLOG Romero t  80.4 pos '264.5 -493.1  24.0' spd 342.4 yaw 46 mode 2 st 11 gl 3 hp 1 frg 0
ARGLOG Carmack t  80.5 pos '395.6 -258.5 -296.0' spd 330.8 yaw 206.9 mode 2 st 0 gl 3 hp 63 frg 1
ARGLOG Joe Rogan t  80.6 pos '475.9 -432.0 -104.0' spd 320.4 yaw 124 mode 2 st 3 gl 2 hp 100 frg -2
ARGEVT Carmack hazard
ARGEVT Joe Rogan engage Carmack
ARGLOG Romero t  80.9 pos '431.7 -495.8  24.0' spd 323.3 yaw  98.0 mode 2 st 11 gl 3 hp 1 frg 0
ARGEVT Carmack grab weapon_nailgun
ARGLOG Carmack t  81.0 pos '335.2 -151.4 -296.0' spd 353.6 yaw 286.2 mode 2 st 0 gl 3 hp 63 frg 1
ARGLOG Joe Rogan t  81.1 pos '408.8 -387.2 -104.0' spd 320.1 yaw  99.7 mode 2 st 3 gl 2 hp 100 frg -2
ARGEVT Carmack pursue
ARGLOG Romero t  81.4 pos '524.7 -486.4  24.0' spd 291.5 yaw 112.6 mode 2 st 11 gl 3 hp 26 frg 0
ARGEVT Carmack pursue
ARGLOG Carmack t  81.5 pos '365.0 -136.5 -296.0' spd 332.1 yaw 276 mode 2 st 0 gl 3 hp 63 frg 1
ARGEVT Romero hazard
ARGLOG Joe Rogan t  81.7 pos '550.9 -303.7 -104.0' spd 326.4 yaw 105.8 mode 2 st 3 gl 2 hp 100 frg -2
ARGEVT Romero pursue
ARGEVT Joe Rogan pursue
ARGEVT Carmack pursue
ARGEVT Carmack hazard
ARGLOG Romero t  82.0 pos '508.4 -360.5  24.0' spd 320.1 yaw 121 mode 2 st 11 gl 3 hp 26 frg 0
ARGLOG Carmack t  82.0 pos '484.5 -268.2 -296.0' spd 315.6 yaw 210.4 mode 2 st 0 gl 3 hp 63 frg 1
ARGLOG Joe Rogan t  82.2 pos '505.8 -163.7 -104.0' spd 330.3 yaw 157 mode 2 st 3 gl 2 hp 100 frg -2
ARGEVT Joe Rogan hazard
ARGEVT Joe Rogan pursue
ARGLOG Romero t  82.5 pos '418.4 -202.8 -60.8' spd 320.1 yaw 301.5 mode 2 st 11 gl 3 hp 26 frg 0
ARGLOG Carmack t  82.5 pos '387.7 -234.6 -296.0' spd 362.5 yaw  76.9 mode 2 st 0 gl 3 hp 63 frg 1
ARGLOG Joe Rogan t  82.7 pos '515.3 -103.3 -104.0' spd 343.0 yaw 223.3 mode 2 st 3 gl 2 hp 100 frg -2
ARGEVT Joe Rogan pursue
ARGLOG Romero t  83.0 pos '373.3 -30.2 -283.2' spd 359.3 yaw 289.9 mode 2 st 11 gl 3 hp 2 frg 0
ARGLOG Carmack t  83.0 pos '461.2 -211.5 -296.0' spd 320.1 yaw 107.6 mode 2 st 0 gl 3 hp 63 frg 1
ARGEVT Carmack hazard
ARGLOG Joe Rogan t  83.2 pos '513.1 -229.0 -104.0' spd 344.4 yaw 191 mode 2 st 3 gl 2 hp 100 frg -2
ARGEVT Joe Rogan hazard
ARGEVT Romero route 17 start '337.0   9.0 -296.0' goal '817.0 -855.0 -232.0'
ARGLOG Romero t  83.5 pos '374.9 103.1 -288.0' spd 323.5 yaw 257.9 mode 2 st 11 gl 3 hp 2 frg 0
ARGEVT Romero hazard
ARGLOG Carmack t  83.6 pos '335.1 -225.1 -296.0' spd 323.8 yaw  88.5 mode 2 st 0 gl 3 hp 63 frg 1
ARGEVT Romero death Carmack pos '361.0 110.2 -288.0'
ARGEVT Carmack engage Joe Rogan
ARGLOG Joe Rogan t  83.7 pos '459.6 -258.8 -104.0' spd 324.6 yaw 175.0 mode 2 st 3 gl 2 hp 100 frg -2
ARGEVT Carmack goal weapon_rocketlauncher
ARGEVT Carmack route 4 start '273.0 -183.0 -296.0' goal ' 49.0 105.0 -296.0'
ARGLOG Carmack t  84.1 pos '223.1 -265.1 -296.0' spd 366.3 yaw   7.1 mode 2 st 0 gl 3 hp 57 frg 2
ARGEVT Carmack death Joe Rogan pos '205.0 -262.9 -296.0'
ARGLOG Joe Rogan t  84.2 pos '474.9 -283.5 -104.0' spd 321.1 yaw 287.0 mode 2 st 3 gl 2 hp 100 frg -1
ARGEVT Joe Rogan goal item_armorInv
ARGEVT Joe Rogan jump
ARGEVT Joe Rogan route 17 start '529.0 -311.0 -104.0' goal '817.0 -855.0 -232.0'
ARGLOG Joe Rogan t  84.7 pos '374.8 -341.3 -66.0' spd 299.7 yaw 61 mode 2 st 3 gl 2 hp 100 frg -1
ARGEVT Romero respawn
ARGEVT Romero goal weapon_rocketlauncher
ARGLOG Romero t  85.2 pos '776.0 -808.0 -232.0' spd 0 yaw 106.3 mode 1 st 11 gl 3 hp 100 frg 0
ARGLOG Joe Rogan t  85.3 pos '266.4 -280.4 -191.5' spd 290.3 yaw 40 mode 2 st 3 gl 2 hp 100 frg -1
ARGEVT Joe Rogan hazard
ARGEVT Romero hazard
ARGEVT Carmack respawn
ARGEVT Carmack goal weapon_rocketlauncher
ARGLOG Carmack t  85.7 pos '784.0 -176.0  24.0' spd 0 yaw 163.7 mode 0 st 0 gl 3 hp 100 frg 2
ARGLOG Romero t  85.7 pos '720.0 -837.6 -232.0' spd 328.1 yaw 219.0 mode 1 st 11 gl 3 hp 100 frg 0
ARGLOG Joe Rogan t  85.8 pos '346.0 -201.7 -296.0' spd 324.5 yaw 38 mode 2 st 3 gl 2 hp 100 frg -1
ARGEVT Carmack route 6 start '753.0 -151.0  24.0' goal ' 49.0 105.0 -296.0'
ARGEVT Romero goal 
ARGEVT Romero route 4 start '721.0 -887.0 -232.0' goal '401.0 -279.0 -296.0'
ARGEVT Romero route 5 start '817.0 -855.0 -232.0' goal '401.0 -279.0 -296.0'
ARGEVT Joe Rogan jump
ARGLOG Carmack t  86.2 pos '628.8 -156.5  24.0' spd 323.8 yaw 187 mode 2 st 0 gl 3 hp 100 frg 2
ARGLOG Romero t  86.2 pos '792.4 -762.3 -232.0' spd 423.1 yaw 116 mode 2 st 11 gl 4 hp 100 frg 0
ARGLOG Joe Rogan t  86.3 pos '518.0 -221.9 -266.9' spd 351.9 yaw 86 mode 2 st 3 gl 2 hp 100 frg -1
ARGLOG Carmack t  86.7 pos '450.2 -191.6 -20.0' spd 321.9 yaw 203 mode 2 st 0 gl 3 hp 100 frg 2
ARGLOG Romero t  86.7 pos '720.3 -841.5 -232.0' spd 320.0 yaw 114 mode 2 st 11 gl 4 hp 100 frg 0
ARGLOG Joe Rogan t  86.8 pos '593.4 -186.0 -296.0' spd  91.5 yaw 116 mode 2 st 3 gl 2 hp 100 frg -1
ARGEVT Joe Rogan hazard
ARGUS routecache adopt
ARGEVT Romero route 4 start '721.0 -887.0 -232.0' goal '401.0 -279.0 -296.0'
ARGEVT Romero hazard
ARGEVT Joe Rogan jump
ARGEVT Romero engage Carmack
ARGEVT Carmack engage Romero
ARGUS routecache adopt
ARGEVT Romero route 2 start '337.0   9.0 -296.0' goal '401.0 -279.0 -296.0'
ARGEVT Romero grab 
ARGEVT Joe Rogan engage Carmack
ARGLOG Carmack t  87.2 pos '348.8 -218.5 -263.1' spd  47.0 yaw  95.7 mode 2 st 0 gl 3 hp 100 frg 2
ARGLOG Romero t  87.3 pos '348.6  34.2 -288.0' spd 107.1 yaw 265.8 mode 2 st 11 gl 4 hp 100 frg 0
ARGLOG Joe Rogan t  87.3 pos '592.0 -195.1 -258.0' spd  30.0 yaw 180.5 mode 2 st 3 gl 2 hp 100 frg -1
ARGUS routecache adopt
ARGEVT Romero route 3 start '369.0 105.0 -288.0' goal '401.0 -279.0 -296.0'
ARGEVT Joe Rogan weapon sg
ARGEVT Joe Rogan weapon gl
ARGUS routecache adopt
ARGEVT Romero route 3 start '369.0 105.0 -288.0' goal '401.0 -279.0 -296.0'
ARGLOG Carmack t  87.7 pos '392.5 -196.6 -296.0' spd 321.0 yaw 100.0 mode 2 st 0 gl 3 hp 95 frg 2
ARGEVT Carmack hazard
ARGLOG Romero t  87.8 pos '373.4  81.6 -288.0' spd 168.6 yaw 268.1 mode 2 st 11 gl 4 hp 100 frg 0
ARGLOG Joe Rogan t  87.8 pos '579.4 -248.1 -296.0' spd 105.1 yaw 180.8 mode 2 st 3 gl 2 hp 100 frg -1
ARGEVT Joe Rogan jump
ARGUS routecache adopt
ARGEVT Romero route 3 start '369.0 105.0 -288.0' goal '401.0 -279.0 -296.0'
ARGEVT Joe Rogan weapon sg
ARGLOG Carmack t  88.2 pos '387.3 -196.9 -296.0' spd 288.8 yaw  94.5 mode 2 st 0 gl 3 hp 95 frg 2
ARGLOG Romero t  88.3 pos '360.8  29.1 -288.0' spd 221.7 yaw 280.1 mode 2 st 11 gl 4 hp 100 frg 0
ARGLOG Joe Rogan t  88.3 pos '540.9 -242.5 -266.0' spd  82.0 yaw 159.0 mode 2 st 3 gl 2 hp 100 frg -1
ARGEVT Romero weapon ng
ARGEVT Joe Rogan weapon gl
ARGLOG Carmack t  88.7 pos '373.7 -78.3 -296.0' spd 166.3 yaw  96.6 mode 2 st 0 gl 3 hp 41 frg 2
ARGEVT Carmack hazard
ARGLOG Romero t  88.8 pos '376.9  80.6 -288.0' spd 357.8 yaw 278.3 mode 0 st 11 gl 4 hp 96 frg 0
ARGLOG Joe Rogan t  88.8 pos '437.4 -272.0 -296.0' spd 323.7 yaw 120.4 mode 2 st 3 gl 2 hp 100 frg -1
ARGUS routecache adopt
ARGEVT Romero route 3 start '369.0 105.0 -288.0' goal '401.0 -279.0 -296.0'
ARGEVT Carmack retreat
ARGUS routecache adopt
ARGEVT Romero route 3 start '369.0 105.0 -288.0' goal '401.0 -279.0 -296.0'
ARGEVT Joe Rogan hazard
ARGLOG Carmack t  89.3 pos '385.9 -64.6 -296.0' spd  90.7 yaw  89.2 mode 2 st 0 gl 3 hp 32 frg 2
ARGEVT Joe Rogan weapon sg
ARGUS routecache adopt
ARGEVT Romero route 3 start '369.0 105.0 -288.0' goal '401.0 -279.0 -296.0'
ARGLOG Romero t  89.3 pos '369.4  90.8 -288.0' spd  70.3 yaw 277.2 mode 0 st 11 gl 4 hp 94 frg 0
ARGLOG Joe Rogan t  89.4 pos '300.2 -216.2 -296.0' spd 333.3 yaw  63.0 mode 2 st 3 gl 2 hp 100 frg -1
ARGUS routecache adopt
ARGEVT Romero route 3 start '369.0 105.0 -288.0' goal '401.0 -279.0 -296.0'
ARGUS routecache adopt
ARGEVT Romero route 3 start '369.0 105.0 -288.0' goal '401.0 -279.0 -296.0'
ARGLOG Carmack t  89.8 pos '392.9 -82.7 -296.0' spd 165.2 yaw  99.1 mode 2 st 0 gl 3 hp 32 frg 2
ARGLOG Romero t  89.8 pos '361.9  42.8 -288.0' spd 103.4 yaw 285.9 mode 2 st 11 gl 4 hp 94 frg 0
ARGEVT Carmack death Joe Rogan pos '395.8 -106.8 -296.0'
ARGLOG Joe Rogan t  89.9 pos '398.0 -228.0 -296.0' spd 167.7 yaw  86.7 mode 2 st 3 gl 2 hp 100 frg 0
ARGEVT Romero engage Joe Rogan
ARGEVT Romero weapon rl
ARGEVT Joe Rogan engage Romero
ARGEVT Joe Rogan weapon gl
ARGEVT Joe Rogan goal 
ARGEVT Joe Rogan hazard
ARGLOG Romero t  90.3 pos '370.4  23.0 -288.0' spd 101.2 yaw 306.9 mode 2 st 11 gl 4 hp 90 frg 0
ARGLOG Joe Rogan t  90.4 pos '484.2 -208.1 -296.0' spd 112.7 yaw 116.1 mode 1 st 3 gl 2 hp 91 frg 0
ARGEVT Romero grab 
ARGEVT Romero hazard
ARGLOG Romero t  90.9 pos '393.7 -47.8 -296.0' spd 220.1 yaw 312.3 mode 2 st 11 gl 4 hp 86 frg 0
ARGEVT Joe Rogan goal weapon_rocketlauncher
ARGLOG Joe Rogan t  90.9 pos '535.3 -250.4 -296.0' spd 334.9 yaw 132.0 mode 0 st 3 gl 2 hp 91 frg 0
ARGEVT Joe Rogan route 4 start '497.0 -247.0 -296.0' goal ' 49.0 105.0 -296.0'
ARGEVT Romero pursue
ARGEVT Joe Rogan route 5 start '593.0 -215.0 -296.0' goal ' 49.0 105.0 -296.0'
ARGEVT Romero pursue
ARGEVT Joe Rogan hazard
ARGLOG Romero t  91.4 pos '386.2 -181.6 -296.0' spd 336.8 yaw 279 mode 2 st 11 gl 4 hp 86 frg 0
ARGLOG Joe Rogan t  91.4 pos '596.4 -105.9 -296.0' spd 408.6 yaw 186.8 mode 2 st 3 gl 2 hp 91 frg 0
ARGEVT Romero pursue
ARGEVT Carmack respawn
ARGEVT Carmack goal weapon_rocketlauncher
ARGLOG Carmack t  91.5 pos '-64.0 512.0 -296.0' spd 0 yaw 286.3 mode 0 st 0 gl 3 hp 100 frg 2
ARGEVT Carmack route 4 start '-15.0 553.0 -296.0' goal ' 49.0 105.0 -296.0'
ARGEVT Romero hazard
ARGEVT Carmack hazard
ARGLOG Romero t  91.9 pos '507.2 -272.0 -296.0' spd  45.0 yaw 184 mode 2 st 11 gl 4 hp 86 frg 0
ARGEVT Joe Rogan weapon sg
ARGLOG Joe Rogan t  91.9 pos '592.0 -176.5 -296.0' spd 371.7 yaw 225.9 mode 2 st 3 gl 2 hp 91 frg 0
ARGEVT Romero weapon ng
ARGLOG Carmack t  92.0 pos '-47.8 352.1 -296.0' spd 346.7 yaw 249 mode 2 st 0 gl 3 hp 100 frg 2
ARGEVT Joe Rogan route 5 start '593.0 -215.0 -296.0' goal ' 49.0 105.0 -296.0'
ARGUS routecache adopt
ARGEVT Joe Rogan route 5 start '593.0 -215.0 -296.0' goal ' 49.0 105.0 -296.0'
ARGLOG Romero t  92.4 pos '460.3 -242.8 -296.0' spd 158.4 yaw  33.4 mode 2 st 11 gl 4 hp 82 frg 0
ARGLOG Joe Rogan t  92.4 pos '596.7 -181.8 -296.0' spd 342.1 yaw 194.6 mode 2 st 3 gl 2 hp 82 frg 0
ARGLOG Carmack t  92.5 pos '-113.3 197.7 -296.0' spd 320.3 yaw 268.3 mode 2 st 0 gl 3 hp 100 frg 2
ARGEVT Romero hazard
ARGLOG Romero t  92.9 pos '463.6 -249.2 -296.0' spd 284.9 yaw  19.2 mode 2 st 11 gl 4 hp 82 frg 0
ARGUS routecache adopt
ARGEVT Joe Rogan route 5 start '593.0 -215.0 -296.0' goal ' 49.0 105.0 -296.0'
ARGLOG Joe Rogan t  93.0 pos '593.9 -215.2 -296.0' spd 321.4 yaw 186.9 mode 0 st 3 gl 2 hp 82 frg 0
ARGLOG Carmack t  93.0 pos '-27.0  55.1 -296.0' spd 347.6 yaw 4 mode 1 st 0 gl 3 hp 100 frg 2
ARGUS routecache adopt
ARGEVT Joe Rogan route 5 start '593.0 -215.0 -296.0' goal ' 49.0 105.0 -296.0'
ARGEVT Carmack goal weapon_supernailgun
ARGEVT Joe Rogan goal 
ARGEVT Carmack route 8 start ' 49.0 105.0 -296.0' goal '177.0 -55.0 -104.0'
ARGLOG Romero t  93.4 pos '496.7 -237.0 -296.0' spd 203.4 yaw 358.9 mode 2 st 11 gl 4 hp 78 frg 0
ARGLOG Joe Rogan t  93.5 pos '638.8 -240.1 -296.0' spd 260.2 yaw 178.9 mode 0 st 3 gl 2 hp 82 frg 0
ARGLOG Carmack t  93.5 pos ' -9.3  83.3 -296.0' spd 332.1 yaw 275 mode 2 st 0 gl 4 hp 100 frg 2
ARGEVT Joe Rogan route 2 start '593.0 -215.0 -296.0' goal '401.0 -279.0 -296.0'
ARGEVT Carmack hazard
ARGEVT Joe Rogan weapon gl
ARGEVT Romero weapon rl
ARGLOG Romero t  93.9 pos '565.9 -272.0 -296.0' spd 321.8 yaw  68.9 mode 2 st 11 gl 4 hp 74 frg 0
ARGEVT Joe Rogan grab item_armor1
ARGLOG Joe Rogan t  94.0 pos '617.9 -94.0 -296.0' spd 128.6 yaw 274.7 mode 2 st 3 gl 2 hp 82 frg 0
ARGLOG Carmack t  94.0 pos '-184.5  48.0 -296.0' spd 257.8 yaw 305 mode 2 st 0 gl 4 hp 100 frg 2
ARGEVT Joe Rogan death Romero pos '637.8 -71.6 -296.0'
ARGEVT Romero goal 
ARGLOG Romero t  94.5 pos '611.9 -210.5 -296.0' spd 358.6 yaw 96 mode 1 st 11 gl 4 hp 37 frg 1
ARGEVT Romero jump
ARGLOG Carmack t  94.6 pos '-106.2  48.0 -296.0' spd 323.7 yaw 293 mode 2 st 0 gl 4 hp 100 frg 2
ARGEVT Romero goal item_health
ARGEVT Romero route 1 start '593.0 -87.0 -296.0' goal '529.0  73.0 -296.0'
ARGLOG Romero t  95.0 pos '592.0 -53.4 -260.9' spd 306.8 yaw 116 mode 2 st 11 gl 5 hp 37 frg 1
ARGLOG Carmack t  95.1 pos '-41.2 -91.8 -296.0' spd 323.2 yaw 344 mode 2 st 0 gl 4 hp 100 frg 2
ARGEVT Romero hazard
ARGLOG Romero t  95.5 pos '566.7 105.2 -296.0' spd 350.6 yaw  46.4 mode 1 st 11 gl 5 hp 62 frg 1
ARGEVT Joe Rogan respawn
ARGLOG Carmack t  95.6 pos ' 11.9 -255.0 -296.0' spd 398.3 yaw 17 mode 2 st 0 gl 4 hp 100 frg 2
ARGEVT Joe Rogan goal 
ARGLOG Joe Rogan t  95.6 pos '-64.0 -232.0 -72.0' spd 0 yaw 348 mode 0 st 3 gl 2 hp 100 frg 0
ARGEVT Joe Rogan route 7 start '-47.0 -215.0 -72.0' goal '401.0 -279.0 -296.0'
ARGEVT Carmack hazard
ARGLOG Romero t  96.0 pos '440.1 -806.5  24.0' spd 320.7 yaw 83 mode 1 st 11 gl 5 hp 62 frg 1
ARGLOG Carmack t  96.1 pos '164.4 -220.1 -296.0' spd 339.6 yaw 25 mode 2 st 0 gl 4 hp 100 frg 2
ARGLOG Joe Rogan t  96.2 pos ' 96.1 -229.3 -72.0' spd 347.1 yaw 308 mode 2 st 3 gl 2 hp 100 frg 0
ARGEVT Carmack rjump
ARGEVT Joe Rogan jump
ARGEVT Joe Rogan engage Carmack
ARGEVT Carmack engage Joe Rogan
ARGLOG Romero t  96.5 pos '452.1 -752.0  24.0' spd 322.4 yaw 165.2 mode 1 st 11 gl 5 hp 62 frg 1
ARGLOG Carmack t  96.6 pos '296.0 -138.6 -157.6' spd 370.4 yaw 223.5 mode 2 st 0 gl 4 hp 50 frg 2
ARGLOG Joe Rogan t  96.7 pos '214.8 -237.3 -33.1' spd 204.5 yaw  41.5 mode 2 st 3 gl 2 hp 100 frg 0
ARGEVT Romero engage Joe Rogan
ARGEVT Romero grab item_spikes
ARGEVT Carmack weapon sg
ARGEVT Carmack weapon rl
ARGLOG Romero t  97.0 pos '291.5 -778.3  24.0' spd 263.2 yaw 101.5 mode 1 st 11 gl 5 hp 62 frg 1
ARGEVT Carmack retreat
ARGLOG Carmack t  97.1 pos '437.2 -48.0 -62.8' spd 326.8 yaw 224.3 mode 2 st 0 gl 4 hp 30 frg 2
ARGLOG Joe Rogan t  97.2 pos '224.3 -243.2 -137.6' spd  41.8 yaw  46.9 mode 2 st 3 gl 2 hp 100 frg 0
ARGEVT Romero hazard
ARGLOG Romero t  97.5 pos '215.9 -758.3  24.0' spd 163.2 yaw  74.4 mode 1 st 11 gl 5 hp 62 frg 1
ARGLOG Carmack t  97.6 pos '591.0 -82.0 -104.0' spd 364.1 yaw 199.1 mode 0 st 0 gl 4 hp 30 frg 2
ARGLOG Joe Rogan t  97.7 pos '199.3 -223.4 -296.0' spd 103.3 yaw  23.1 mode 2 st 3 gl 2 hp 100 frg 0
ARGEVT Romero pursue
ARGEVT Carmack routefail
ARGEVT Joe Rogan pursue
ARGEVT Carmack goal item_health
ARGEVT Carmack pursue
ARGEVT Carmack route 14 start '529.0 -183.0 -104.0' goal '977.0 -471.0 -104.0'
ARGEVT Joe Rogan hazard
ARGLOG Romero t  98.1 pos '365.7 -678.2  24.0' spd 387.1 yaw 107 mode 1 st 11 gl 5 hp 62 frg 1
ARGLOG Carmack t  98.2 pos '542.5 -209.7 -104.0' spd 332.8 yaw 188 mode 2 st 0 gl 4 hp 30 frg 2
ARGLOG Joe Rogan t  98.2 pos '311.4 -230.7 -296.0' spd 366.6 yaw 39 mode 2 st 3 gl 2 hp 100 frg 0
ARGEVT Carmack pursue
ARGEVT Carmack hazard
ARGLOG Romero t  98.6 pos '339.0 -511.6  24.0' spd 320.8 yaw 112 mode 1 st 11 gl 5 hp 62 frg 1
ARGLOG Carmack t  98.7 pos '451.6 -231.7 -104.0' spd 295.6 yaw 175.0 mode 2 st 0 gl 4 hp 14 frg 2
ARGLOG Joe Rogan t  98.7 pos '310.5 -190.2 -284.6' spd 990.6 yaw 352.3 mode 2 st 3 gl 2 hp 12 frg 0
ARGEVT Joe Rogan grab weapon_supernailgun
ARGLOG Romero t  99.1 pos '190.2 -401.4   8.0' spd 340.0 yaw 118.5 mode 1 st 11 gl 5 hp 62 frg 1
ARGLOG Carmack t  99.2 pos '463.3 -84.9 -104.0' spd 322.0 yaw 167.1 mode 2 st 0 gl 4 hp 14 frg 2
ARGLOG Joe Rogan t  99.2 pos '112.0 -48.0 -286.3' spd 0 yaw 356.4 mode 2 st 3 gl 2 hp 12 frg 0
ARGEVT Joe Rogan death Romero pos '112.0 -48.0 -298.3'
ARGEVT Romero engage Carmack
ARGEVT Carmack engage Romero
ARGEVT Romero goal item_armorInv
ARGEVT Romero route 10 start '113.0 -375.0  -8.0' goal '817.0 -855.0 -232.0'
ARGLOG Romero t  99.6 pos '144.9 -325.7 -40.0' spd 322.1 yaw  25.1 mode 2 st 11 gl 5 hp 62 frg 2
ARGLOG Carmack t  99.7 pos '504.3 -168.3 -104.0' spd 323.7 yaw 182.9 mode 2 st 0 gl 4 hp 14 frg 2
ARGLOG Romero t 100.1 pos '130.0 -257.1 -72.0' spd 320.0 yaw 352.2 mode 2 st 11 gl 5 hp 62 frg 2
ARGEVT Carmack weapon sg
ARGLOG Carmack t 100.2 pos '510.3 -240.4 -104.0' spd 320.1 yaw 189.9 mode 2 st 0 gl 4 hp 14 frg 2
ARGLOG Romero t 100.6 pos '169.9 -419.5   8.0' spd 340.9 yaw  34.2 mode 2 st 11 gl 5 hp 62 frg 2
ARGLOG Carmack t 100.7 pos '504.0 -199.5 -104.0' spd 320.1 yaw 221.1 mode 2 st 0 gl 4 hp 14 frg 2
ARGEVT Joe Rogan respawn
ARGEVT Carmack death Romero pos '532.4 -240.6 -104.0'
ARGEVT Joe Rogan goal weapon_lightning
ARGLOG Joe Rogan t 100.9 pos '272.0 -952.0  24.0' spd 0 yaw  16.6 mode 0 st 3 gl 2 hp 100 frg 0
ARGEVT Joe Rogan route 6 start '305.0 -983.0  24.0' goal '529.0 -311.0 -104.0'
ARGEVT Romero goal item_armorInv
ARGEVT Joe Rogan engage Romero
ARGEVT Joe Rogan grab weapon_supershotgun
ARGEVT Romero engage Joe Rogan
ARGLOG Romero t 101.2 pos '297.2 -507.4  24.0' spd 120.9 yaw 331.8 mode 0 st 11 gl 5 hp 62 frg 3
ARGEVT Romero route 9 start '305.0 -471.0  24.0' goal '817.0 -855.0 -232.0'
ARGEVT Romero grab item_health
ARGEVT Romero hazard
ARGLOG Joe Rogan t 101.4 pos '352.5 -995.8  24.0' spd 346.0 yaw 102.4 mode 2 st 3 gl 2 hp 100 frg 0
ARGLOG Romero t 101.7 pos '392.9 -504.5  24.0' spd 320.3 yaw 261.1 mode 2 st 11 gl 5 hp 62 frg 3
ARGLOG Joe Rogan t 101.9 pos '330.7 -1036.2  24.0' spd 169.4 yaw  79.2 mode 2 st 3 gl 2 hp 100 frg 0
ARGEVT Joe Rogan pursue
ARGEVT Romero pursue
ARGLOG Romero t 102.2 pos '488.4 -510.4  24.0' spd 356.9 yaw 202.4 mode 2 st 11 gl 5 hp 43 frg 3
ARGEVT Carmack respawn
ARGLOG Joe Rogan t 102.4 pos '336.0 -903.8  24.0' spd 320.0 yaw 84 mode 2 st 3 gl 2 hp 100 frg 0
ARGEVT Carmack goal weapon_lightning
ARGLOG Carmack t 102.4 pos '112.0 -1136.0 -104.0' spd 0 yaw  61.6 mode 0 st 0 gl 4 hp 100 frg 2
ARGEVT Carmack route 6 start '145.0 -1143.0 -88.0' goal '529.0 -311.0 -104.0'
ARGLOG Romero t 102.7 pos '315.2 -485.6  24.0' spd 345.7 yaw 249.2 mode 2 st 11 gl 5 hp 35 frg 3
ARGEVT Romero death Romero pos '263.5 -483.7  24.0'
ARGLOG Joe Rogan t 103.0 pos '281.8 -918.4  24.0' spd 360.7 yaw 85 mode 2 st 3 gl 2 hp 100 frg 0
ARGLOG Carmack t 103.0 pos '211.4 -1012.9 -104.0' spd 336.7 yaw 53 mode 2 st 0 gl 4 hp 100 frg 2
ARGEVT Joe Rogan hazard
ARGLOG Joe Rogan t 103.5 pos '254.1 -765.4  24.0' spd 363.9 yaw 72 mode 2 st 3 gl 2 hp 100 frg 0
ARGLOG Carmack t 103.5 pos '352.6 -920.1 -104.0' spd 333.8 yaw 92 mode 2 st 0 gl 4 hp 100 frg 2
ARGEVT Carmack hazard
ARGLOG Joe Rogan t 104.0 pos '341.7 -621.9  24.0' spd 326.5 yaw 77 mode 2 st 3 gl 2 hp 100 frg 0
ARGLOG Carmack t 104.0 pos '380.8 -765.0 -104.0' spd 326.0 yaw 87 mode 2 st 0 gl 4 hp 100 frg 2
ARGEVT Romero respawn
ARGEVT Romero goal item_armorInv
ARGLOG Romero t 104.4 pos '776.0 -808.0 -232.0' spd 0 yaw 106.6 mode 1 st 11 gl 5 hp 100 frg 2
ARGLOG Joe Rogan t 104.5 pos '395.7 -459.8  24.0' spd 330.8 yaw 48 mode 2 st 3 gl 2 hp 100 frg 0
ARGLOG Carmack t 104.5 pos '324.8 -609.7 -104.0' spd 330.0 yaw 55 mode 2 st 0 gl 4 hp 100 frg 2
ARGEVT Romero hazard
ARGEVT Joe Rogan engage Carmack
ARGEVT Joe Rogan grab weapon_lightning
ARGEVT Carmack engage Joe Rogan
ARGEVT Carmack grab 
ARGLOG Romero t 104.9 pos '720.0 -837.8 -232.0' spd 326.7 yaw 266 mode 1 st 11 gl 5 hp 100 frg 2
ARGLOG Joe Rogan t 105.0 pos '439.4 -279.1 -72.1' spd 327.3 yaw 226.5 mode 1 st 3 gl 2 hp 100 frg 0
ARGLOG Carmack t 105.0 pos '269.4 -474.2 -104.0' spd 363.9 yaw  53.5 mode 2 st 0 gl 4 hp 100 frg 2
ARGEVT Carmack hazard
ARGEVT Romero engage Carmack
ARGEVT Carmack goal 
ARGEVT Carmack jump
ARGEVT Joe Rogan goal 
ARGLOG Romero t 105.4 pos '368.0   9.5 -273.8' spd 300 yaw 260.2 mode 1 st 11 gl 5 hp 100 frg 2
ARGEVT Carmack route 10 start '241.0 -503.0 -104.0' goal '209.0 -503.0  24.0'
ARGLOG Joe Rogan t 105.5 pos '512.0 -235.5 -104.0' spd 322.8 yaw 212.7 mode 0 st 3 gl 3 hp 100 frg 0
ARGLOG Carmack t 105.5 pos '240.0 -440.0 -68.4' spd 234.6 yaw  38.0 mode 2 st 0 gl 4 hp 40 frg 2
ARGEVT Joe Rogan route 3 start '529.0 -183.0 -104.0' goal '401.0 -279.0 -296.0'
ARGLOG Romero t 105.9 pos '382.5 -115.2 -296.0' spd 170.0 yaw 248.9 mode 1 st 11 gl 5 hp 100 frg 2
ARGEVT Carmack retreat
ARGEVT Carmack death Joe Rogan pos '240.0 -464.1 -104.0'
ARGLOG Joe Rogan t 106.1 pos '538.0 -243.8 -104.0' spd 322.4 yaw 192 mode 2 st 3 gl 3 hp 80 frg 1
ARGEVT Romero hazard
ARGEVT Joe Rogan goal 
ARGEVT Joe Rogan route 8 start '529.0 -311.0 -104.0' goal '209.0 -503.0  24.0'
ARGLOG Romero t 106.5 pos '328.8 -234.3 -296.0' spd 361.8 yaw 309 mode 1 st 11 gl 5 hp 100 frg 2
ARGLOG Joe Rogan t 106.6 pos '448.8 -379.4 -104.0' spd 387.0 yaw 76 mode 2 st 3 gl 3 hp 80 frg 1
ARGEVT Romero engage Joe Rogan
ARGEVT Joe Rogan engage Romero
ARGEVT Joe Rogan grab 
ARGEVT Joe Rogan hazard
ARGLOG Romero t 107.0 pos '422.0 -213.5 -296.0' spd 321.2 yaw 258.5 mode 1 st 11 gl 5 hp 100 frg 2
ARGLOG Joe Rogan t 107.1 pos '297.9 -457.0 -104.0' spd 327.8 yaw  74.8 mode 1 st 3 gl 3 hp 80 frg 1
ARGEVT Joe Rogan grab 
ARGEVT Joe Rogan jump
ARGEVT Joe Rogan pursue
ARGEVT Romero pursue
ARGLOG Romero t 107.5 pos '475.0 -215.4 -296.0' spd 344.9 yaw 175.5 mode 1 st 11 gl 5 hp 100 frg 2
ARGEVT Romero hazard
ARGLOG Joe Rogan t 107.6 pos '253.8 -467.8 -68.7' spd  59.6 yaw  51.3 mode 1 st 3 gl 3 hp 80 frg 1
ARGEVT Carmack respawn
ARGEVT Carmack goal item_armor2
ARGLOG Carmack t 107.6 pos '784.0 -176.0  24.0' spd 0 yaw 196.3 mode 0 st 0 gl 4 hp 100 frg 2
ARGEVT Carmack route 5 start '753.0 -151.0  24.0' goal '1169.0 -599.0  24.0'
ARGEVT Carmack hazard
ARGEVT Joe Rogan pursue
ARGEVT Joe Rogan jump
ARGEVT Romero pursue
ARGLOG Romero t 108.0 pos '428.5 -235.7 -296.0' spd 329.1 yaw 234 mode 1 st 11 gl 5 hp 100 frg 2
ARGLOG Joe Rogan t 108.1 pos '252.3 -460.7 -82.5' spd  28.9 yaw 47 mode 1 st 3 gl 3 hp 80 frg 1
ARGLOG Carmack t 108.2 pos '680.8 -208.0  24.0' spd  90.2 yaw 310 mode 2 st 0 gl 4 hp 100 frg 2
ARGLOG Romero t 108.5 pos '357.9 -277.4 -296.0' spd 320.8 yaw 1 mode 1 st 11 gl 5 hp 100 frg 2
ARGLOG Joe Rogan t 108.6 pos '262.9 -449.5 -102.1' spd  30.0 yaw 47 mode 1 st 3 gl 3 hp 80 frg 1
ARGLOG Carmack t 108.7 pos '845.6 -245.5  24.0' spd 420.0 yaw 261 mode 2 st 0 gl 4 hp 100 frg 2
ARGEVT Romero hazard
ARGLOG Romero t 109.0 pos '432.0 -275.3 -296.0' spd 166.4 yaw 253.4 mode 1 st 11 gl 5 hp 100 frg 2
ARGLOG Joe Rogan t 109.1 pos '388.2 -407.3 -104.0' spd 320.1 yaw  64.8 mode 1 st 3 gl 3 hp 80 frg 1
ARGLOG Carmack t 109.2 pos '858.3 -420.0  24.0' spd 323.7 yaw 304 mode 2 st 0 gl 4 hp 100 frg 2
ARGEVT Joe Rogan grab item_cells
ARGEVT Romero pursue
ARGEVT Joe Rogan pursue
ARGLOG Romero t 109.6 pos '471.1 -238.8 -296.0' spd 306.4 yaw 240 mode 1 st 11 gl 5 hp 100 frg 2
ARGLOG Joe Rogan t 109.7 pos '437.7 -399.2 -104.0' spd 325.4 yaw 95 mode 1 st 3 gl 3 hp 80 frg 1
ARGEVT Joe Rogan hazard
ARGLOG Carmack t 109.7 pos '837.3 -588.3  24.0' spd 387.1 yaw 359 mode 2 st 0 gl 4 hp 100 frg 2
ARGEVT Carmack hazard
ARGEVT Joe Rogan pursue
ARGLOG Romero t 110.1 pos '617.5 -272.0 -296.0' spd 320.1 yaw 1 mode 1 st 11 gl 5 hp 100 frg 2
ARGEVT Romero hazard
ARGLOG Joe Rogan t 110.2 pos '407.0 -251.1 -106.0' spd 362.3 yaw 194.2 mode 1 st 3 gl 3 hp 80 frg 1
ARGEVT Romero pursue
ARGLOG Carmack t 110.2 pos '1000.9 -590.5  24.0' spd 321.1 yaw 360 mode 1 st 0 gl 4 hp 100 frg 2
ARGEVT Joe Rogan pursue
ARGLOG Romero t 110.6 pos '640.2 -255.0 -296.0' spd 197.3 yaw 197.9 mode 1 st 11 gl 5 hp 100 frg 2
ARGEVT Joe Rogan weapon sg
ARGLOG Joe Rogan t 110.7 pos '237.6 -248.6 -244.3' spd 254.7 yaw 355.6 mode 1 st 3 gl 3 hp 80 frg 1
ARGLOG Carmack t 110.7 pos '1168.4 -592.3  24.0' spd 350.7 yaw 306.7 mode 1 st 0 gl 4 hp 100 frg 2
ARGEVT Carmack hazard
ARGEVT Romero grab item_armor1
ARGLOG Romero t 111.1 pos '602.3 -91.6 -296.0' spd 359.5 yaw 197.4 mode 1 st 11 gl 5 hp 100 frg 2
ARGEVT Joe Rogan pursue
ARGLOG Joe Rogan t 111.2 pos '191.7 -261.7 -296.0' spd  90.5 yaw 9 mode 1 st 3 gl 3 hp 80 frg 1
ARGEVT Romero pursue
ARGLOG Carmack t 111.3 pos '1177.2 -571.8  24.0' spd 332.4 yaw   8.3 mode 1 st 0 gl 4 hp 100 frg 2
ARGEVT Joe Rogan pursue
ARGLOG Romero t 111.6 pos '632.1  79.7 -296.0' spd 395.5 yaw 168.2 mode 1 st 11 gl 5 hp 100 frg 2
ARGLOG Joe Rogan t 111.7 pos '350.0 -238.5 -296.0' spd 320.0 yaw 9 mode 1 st 3 gl 3 hp 80 frg 1
ARGLOG Carmack t 111.8 pos '1199.4 -590.0  24.0' spd 361.5 yaw 8 mode 1 st 0 gl 4 hp 100 frg 2
ARGEVT Joe Rogan jump
ARGEVT Joe Rogan pursue
ARGEVT Carmack hazard
ARGLOG Romero t 112.1 pos '354.2 -829.0  24.0' spd 354.1 yaw 105 mode 1 st 11 gl 5 hp 100 frg 2
ARGLOG Joe Rogan t 112.2 pos '517.6 -220.9 -261.2' spd 328.3 yaw 15 mode 1 st 3 gl 3 hp 80 frg 1
ARGLOG Carmack t 112.3 pos '1172.7 -613.8  24.0' spd  88.1 yaw 334.7 mode 1 st 0 gl 4 hp 100 frg 2
ARGEVT Joe Rogan hazard
ARGLOG Romero t 112.6 pos '304.0 -671.7  24.0' spd 324.8 yaw 104 mode 1 st 11 gl 5 hp 100 frg 2
ARGLOG Joe Rogan t 112.7 pos '631.6 -263.7 -296.0' spd 346.6 yaw 228.5 mode 1 st 3 gl 3 hp 80 frg 1
ARGLOG Carmack t 112.8 pos '1176.7 -618.2  24.0' spd 335.6 yaw 332.3 mode 1 st 0 gl 4 hp 100 frg 2
ARGEVT Joe Rogan pursue
ARGEVT Carmack hazard
ARGLOG Romero t 113.2 pos '300.8 -503.2  24.0' spd 328.9 yaw 112 mode 1 st 11 gl 5 hp 100 frg 2
ARGLOG Joe Rogan t 113.3 pos '464.4 -236.9 -296.0' spd 402.5 yaw 118.1 mode 1 st 3 gl 3 hp 80 frg 1
ARGEVT Romero grab 
ARGLOG Carmack t 113.3 pos '1172.3 -565.9  24.0' spd  70.6 yaw 332.6 mode 1 st 0 gl 4 hp 100 frg 2
ARGEVT Joe Rogan goal weapon_rocketlauncher
ARGEVT Joe Rogan route 17 start '497.0 -247.0 -296.0' goal '721.0 -887.0 -232.0'
ARGLOG Romero t 113.7 pos '167.3 -403.2   8.0' spd 354.9 yaw  21.2 mode 1 st 11 gl 5 hp 100 frg 2
ARGLOG Joe Rogan t 113.8 pos '576.3 -251.5 -296.0' spd 372.3 yaw 204.0 mode 2 st 3 gl 3 hp 80 frg 1
ARGEVT Romero grab weapon_grenadelauncher
ARGLOG Carmack t 113.8 pos '1200.0 -589.2  24.0' spd 275.0 yaw  38.0 mode 1 st 0 gl 4 hp 100 frg 2
ARGEVT Romero hazard
ARGEVT Carmack stall
ARGEVT Carmack jump
ARGEVT Carmack route 0 start '1169.0 -599.0  24.0' goal '1169.0 -599.0  24.0'
ARGLOG Romero t 114.2 pos '133.6 -451.5  24.0' spd 236.7 yaw  46.3 mode 1 st 11 gl 5 hp 92 frg 2
ARGLOG Joe Rogan t 114.3 pos '475.9 -221.1 -296.0' spd 154.3 yaw 210.3 mode 2 st 3 gl 3 hp 80 frg 1
ARGEVT Joe Rogan hazard
ARGLOG Carmack t 114.3 pos '1171.2 -581.4  59.1' spd  66.8 yaw 322 mode 1 st 1 gl 4 hp 100 frg 2
ARGLOG Romero t 114.7 pos '128.4 -440.5  24.0' spd 327.7 yaw  14.1 mode 1 st 11 gl 5 hp 68 frg 2
ARGEVT Carmack hazard
ARGLOG Joe Rogan t 114.8 pos '520.3 -256.3 -296.0' spd 114.7 yaw 209.2 mode 2 st 3 gl 3 hp 80 frg 1
ARGLOG Carmack t 114.9 pos '1198.8 -573.1  24.0' spd 226.2 yaw 334.0 mode 1 st 1 gl 4 hp 100 frg 2
ARGEVT Romero hazard
ARGLOG Romero t 115.2 pos '126.8 -404.7   8.0' spd 150.5 yaw  19.0 mode 1 st 11 gl 5 hp 68 frg 2
ARGLOG Joe Rogan t 115.3 pos '500.8 -248.5 -296.0' spd  26.5 yaw 205.8 mode 2 st 3 gl 3 hp 80 frg 1
ARGEVT Romero retreat
ARGLOG Carmack t 115.4 pos '1193.4 -624.0  24.0' spd 261.0 yaw  17.9 mode 1 st 1 gl 4 hp 100 frg 2
ARGLOG Romero t 115.7 pos '112.0 -494.3  97.3' spd   9.5 yaw  14.2 mode 1 st 11 gl 5 hp 16 frg 2
ARGEVT Carmack hazard
ARGLOG Joe Rogan t 115.8 pos '566.0 -267.5 -296.0' spd 196.7 yaw 207.0 mode 2 st 3 gl 3 hp 80 frg 1
ARGLOG Carmack t 115.9 pos '1188.2 -620.4  24.0' spd 338.0 yaw 312.6 mode 1 st 1 gl 4 hp 100 frg 2
ARGEVT Romero pursue
ARGEVT Joe Rogan pursue
ARGEVT Joe Rogan hazard
ARGLOG Romero t 116.2 pos '129.3 -494.1  24.0' spd  37.4 yaw 32 mode 1 st 11 gl 5 hp 16 frg 2
ARGLOG Joe Rogan t 116.3 pos '615.6 -165.1 -296.0' spd 349.3 yaw 140.2 mode 2 st 3 gl 3 hp 80 frg 1
ARGLOG Carmack t 116.4 pos '1178.9 -567.7  24.0' spd 108.5 yaw 346.2 mode 1 st 1 gl 4 hp 100 frg 2
ARGEVT Joe Rogan pursue
ARGLOG Romero t 116.8 pos '276.5 -405.0  11.4' spd 320.0 yaw  16.7 mode 1 st 11 gl 5 hp 16 frg 2
ARGEVT Carmack hazard
ARGLOG Joe Rogan t 116.9 pos '612.0  -8.5 -296.0' spd 347.8 yaw 134.0 mode 2 st 3 gl 3 hp 80 frg 1
ARGLOG Carmack t 116.9 pos '1189.6 -571.2  24.0' spd 352.2 yaw  19.2 mode 1 st 1 gl 4 hp 100 frg 2
ARGEVT Joe Rogan pursue
ARGEVT Joe Rogan hazard
ARGLOG Romero t 117.3 pos '414.8 -317.7 -166.5' spd 320.0 yaw 326.3 mode 1 st 11 gl 5 hp 16 frg 2
ARGEVT Romero pursue
ARGLOG Joe Rogan t 117.4 pos '547.9 106.9 -296.0' spd 111.4 yaw 232.8 mode 2 st 3 gl 3 hp 100 frg 1
ARGLOG Carmack t 117.4 pos '1176.5 -614.0  24.0' spd 182.4 yaw  56.9 mode 1 st 1 gl 4 hp 100 frg 2
ARGLOG Romero t 117.8 pos '517.5 -221.9 -296.0' spd 370.1 yaw 324.7 mode 1 st 11 gl 5 hp 11 frg 2
ARGEVT Joe Rogan pursue
ARGLOG Joe Rogan t 117.9 pos '615.8  17.0 -296.0' spd 320.5 yaw 332.9 mode 2 st 3 gl 3 hp 100 frg 1
ARGEVT Carmack hazard
ARGEVT Joe Rogan grab item_armor1
ARGLOG Carmack t 117.9 pos '1191.2 -614.5  24.0' spd 343.5 yaw 337.4 mode 1 st 1 gl 4 hp 100 frg 2
ARGEVT Romero hazard
ARGEVT Carmack stall
ARGEVT Carmack jump
ARGLOG Romero t 118.3 pos '500.1 -268.0 -296.0' spd 330.5 yaw  63.6 mode 1 st 11 gl 5 hp 11 frg 2
ARGUS routecache adopt
ARGEVT Carmack route 0 start '1169.0 -599.0  24.0' goal '1169.0 -599.0  24.0'
ARGLOG Joe Rogan t 118.4 pos '666.4  87.2 -296.0' spd 332.6 yaw 242.4 mode 2 st 3 gl 3 hp 100 frg 1
ARGEVT Romero pursue
ARGEVT Romero death Romero pos '467.0 -272.0 -296.0'
ARGLOG Carmack t 118.4 pos '1200.0 -560.0  58.5' spd 0 yaw 304.2 mode 1 st 2 gl 4 hp 100 frg 2
ARGLOG Joe Rogan t 118.9 pos '343.8 -813.2  24.0' spd 346.1 yaw 96 mode 2 st 3 gl 3 hp 100 frg 1
ARGEVT Carmack stall
ARGLOG Carmack t 119.0 pos '1200.0 -583.1  24.0' spd 170.8 yaw 479.1 mode 0 st 3 gl 4 hp 100 frg 2
ARGEVT Carmack jump
ARGLOG Joe Rogan t 119.4 pos '304.6 -651.5  24.0' spd 320.0 yaw 43 mode 2 st 3 gl 3 hp 100 frg 1
ARGLOG Carmack t 119.5 pos '1158.8 -624.0  46.2' spd  88.5 yaw 157.3 mode 0 st 3 gl 4 hp 100 frg 2
ARGLOG Joe Rogan t 119.9 pos '343.9 -487.7  24.0' spd 385.1 yaw 31 mode 2 st 3 gl 3 hp 100 frg 1
ARGEVT Romero respawn
ARGEVT Romero goal weapon_rocketlauncher
ARGLOG Romero t 120.0 pos '-64.0 512.0 -296.0' spd 0 yaw 286.3 mode 0 st 11 gl 5 hp 100 frg 1
ARGLOG Carmack t 120.0 pos '1041.2 -585.3  24.0' spd 320.1 yaw 157.3 mode 0 st 3 gl 4 hp 100 frg 2
ARGEVT Romero route 4 start '-15.0 553.0 -296.0' goal ' 49.0 105.0 -296.0'
ARGEVT Romero hazard
ARGLOG Joe Rogan t 120.5 pos '488.2 -383.6  11.4' spd 291.7 yaw 49 mode 2 st 3 gl 3 hp 100 frg 1
ARGLOG Romero t 120.5 pos '-48.2 351.6 -296.0' spd 346.5 yaw 249 mode 2 st 11 gl 5 hp 100 frg 1
ARGEVT Carmack goal weapon_rocketlauncher
ARGLOG Carmack t 120.5 pos '889.6 -521.5  24.0' spd 320.0 yaw 173.6 mode 0 st 3 gl 4 hp 100 frg 2
ARGEVT Carmack route 4 start '881.0 -567.0  24.0' goal '721.0 -887.0 -232.0'
ARGLOG Joe Rogan t 121.0 pos '562.0 -249.8 -104.0' spd 331.1 yaw 0 mode 2 st 3 gl 3 hp 100 frg 1
ARGLOG Romero t 121.0 pos '-112.4 198.0 -296.0' spd 320.4 yaw 268.6 mode 2 st 11 gl 5 hp 100 frg 1
ARGLOG Carmack t 121.0 pos '752.0 -618.8   2.8' spd 320 yaw 264 mode 2 st 3 gl 4 hp 100 frg 2
ARGEVT Joe Rogan jump
ARGLOG Joe Rogan t 121.5 pos '624.0 -152.0 -66.1' spd  45.0 yaw 334 mode 2 st 3 gl 3 hp 100 frg 1
ARGLOG Romero t 121.5 pos '-21.1  60.1 -296.0' spd 392.6 yaw  43.6 mode 1 st 11 gl 5 hp 100 frg 1
ARGLOG Carmack t 121.5 pos '753.2 -634.7 -168.0' spd 175.7 yaw 263 mode 2 st 3 gl 4 hp 100 frg 2
ARGEVT Romero hazard
ARGEVT Joe Rogan jump
ARGLOG Joe Rogan t 122.0 pos '624.0 -192.6 -92.1' spd 167.1 yaw 345 mode 2 st 3 gl 3 hp 100 frg 1
ARGLOG Romero t 122.1 pos ' 49.3 120.7 -296.0' spd 325.8 yaw 209.0 mode 1 st 11 gl 5 hp 100 frg 1
ARGLOG Carmack t 122.1 pos '758.0 -799.5 -232.0' spd 320.4 yaw 278 mode 1 st 3 gl 4 hp 100 frg 2
ARGEVT Carmack goal 
ARGEVT Carmack route 5 start '817.0 -855.0 -232.0' goal '401.0 -279.0 -296.0'
ARGEVT Joe Rogan plan powerup via weapon
ARGEVT Joe Rogan goal weapon_supernailgun
ARGUS routecache adopt
ARGEVT Carmack route 4 start '721.0 -887.0 -232.0' goal '401.0 -279.0 -296.0'
ARGEVT Joe Rogan routefail
ARGEVT Joe Rogan plan powerup via weapon
ARGEVT Joe Rogan goal weapon_rocketlauncher
ARGLOG Joe Rogan t 122.5 pos '624.0 -227.4 -91.2' spd  53.6 yaw 200.1 mode 0 st 3 gl 3 hp 100 frg 1
ARGLOG Romero t 122.6 pos '-34.3 -19.0 -296.0' spd 406.8 yaw 348.3 mode 1 st 11 gl 5 hp 100 frg 1
ARGUS routecache adopt
ARGEVT Carmack route 2 start '337.0   9.0 -296.0' goal '401.0 -279.0 -296.0'
ARGLOG Carmack t 122.6 pos '368.0   9.5 -273.8' spd 300 yaw 261.4 mode 0 st 3 gl 5 hp 100 frg 2
ARGEVT Joe Rogan route 5 start '529.0 -183.0 -104.0' goal ' 49.0 105.0 -296.0'
ARGEVT Romero hazard
ARGEVT Carmack hazard
ARGLOG Joe Rogan t 123.0 pos '506.4 -187.6 -104.0' spd 330.6 yaw 200 mode 2 st 3 gl 3 hp 100 frg 1
ARGLOG Romero t 123.1 pos '-18.1   5.9 -296.0' spd 320.0 yaw 84 mode 1 st 11 gl 5 hp 100 frg 1
ARGLOG Carmack t 123.1 pos '387.2 -145.0 -296.0' spd 368.2 yaw 295 mode 1 st 3 gl 5 hp 100 frg 2
ARGEVT Joe Rogan hazard
ARGEVT Joe Rogan engage Carmack
ARGEVT Joe Rogan grab 
ARGEVT Carmack engage Joe Rogan
ARGEVT Romero goal item_artifact_super_damage
ARGEVT Romero route 6 start ' 49.0 105.0 -296.0' goal '209.0  73.0 -104.0'
ARGEVT Joe Rogan plan powerup via weapon
ARGEVT Joe Rogan goal weapon_grenadelauncher
ARGLOG Joe Rogan t 123.5 pos '457.9 -282.4 -104.0' spd 240.4 yaw 173.7 mode 0 st 3 gl 3 hp 100 frg 1
ARGEVT Joe Rogan route 2 start '433.0 -311.0 -104.0' goal '113.0 -407.0 -104.0'
ARGLOG Romero t 123.6 pos ' 74.2 103.0 -296.0' spd 351.0 yaw 239 mode 2 st 11 gl 6 hp 100 frg 1
ARGLOG Carmack t 123.6 pos '292.5 -268.2 -296.0' spd 320.8 yaw 345.8 mode 1 st 3 gl 5 hp 100 frg 2
ARGEVT Carmack grab 
ARGEVT Romero hazard
ARGLOG Joe Rogan t 124.1 pos '457.3 -277.4 -104.0' spd 327.5 yaw 180.5 mode 2 st 3 gl 3 hp 100 frg 1
ARGLOG Romero t 124.1 pos '-18.0  46.2 -296.0' spd 332.5 yaw 277 mode 2 st 11 gl 6 hp 100 frg 1
ARGLOG Carmack t 124.1 pos '312.7 -272.2 -296.0' spd 320.0 yaw 347.2 mode 1 st 3 gl 5 hp 97 frg 2
ARGEVT Carmack goal 
ARGEVT Carmack route 0 start '401.0 -279.0 -296.0' goal '401.0 -279.0 -296.0'
ARGLOG Joe Rogan t 124.6 pos '514.8 -228.8 -104.0' spd 294.1 yaw 208.4 mode 2 st 3 gl 3 hp 100 frg 1
ARGLOG Romero t 124.6 pos '-49.9 -98.7 -296.0' spd 327.4 yaw 346 mode 2 st 11 gl 6 hp 100 frg 1
ARGEVT Carmack pursue
ARGLOG Carmack t 124.6 pos '384.6 -265.0 -296.0' spd 322.7 yaw 359 mode 1 st 3 gl 6 hp 97 frg 2
ARGEVT Joe Rogan pursue
ARGEVT Romero engage Carmack
ARGEVT Joe Rogan pursue
ARGEVT Joe Rogan hazard
ARGEVT Romero grab 
ARGLOG Joe Rogan t 125.1 pos '452.4 -308.4 -104.0' spd 300.0 yaw 201.3 mode 2 st 3 gl 3 hp 100 frg 1
ARGLOG Romero t 125.1 pos '-42.4 -250.1 -296.0' spd 387.7 yaw 358.4 mode 2 st 11 gl 6 hp 100 frg 1
ARGLOG Carmack t 125.1 pos '514.5 -272.0 -296.0' spd 343.0 yaw 308.7 mode 1 st 3 gl 6 hp 97 frg 2
ARGEVT Carmack hazard
ARGEVT Romero hazard
ARGEVT Carmack pursue
ARGEVT Romero route 4 start '-111.0 -247.0 -296.0' goal '209.0  73.0 -104.0'
ARGLOG Joe Rogan t 125.6 pos '320.4 -412.6 -104.0' spd 332.4 yaw 178 mode 2 st 3 gl 3 hp 100 frg 1
ARGLOG Romero t 125.7 pos ' 45.3 -242.3 -296.0' spd 375.3 yaw 357.8 mode 2 st 11 gl 6 hp 100 frg 1
ARGLOG Carmack t 125.7 pos '531.2 -272.0 -296.0' spd 322.5 yaw 174 mode 1 st 3 gl 6 hp 97 frg 2
ARGEVT Joe Rogan pursue
ARGEVT Joe Rogan grab weapon_grenadelauncher
ARGLOG Joe Rogan t 126.1 pos '150.1 -412.2 -104.0' spd 342.3 yaw  43.0 mode 1 st 3 gl 3 hp 100 frg 1
ARGEVT Joe Rogan hazard
ARGLOG Romero t 126.2 pos '145.0 -224.3 -296.0' spd 203.0 yaw  12.5 mode 2 st 11 gl 6 hp 100 frg 1
ARGLOG Carmack t 126.2 pos '415.1 -214.2 -235.9' spd 392.4 yaw 203.4 mode 1 st 3 gl 6 hp 55 frg 2
ARGEVT Joe Rogan goal item_artifact_super_damage
ARGEVT Joe Rogan routefail
ARGEVT Joe Rogan goal item_armorInv
