LOG started on: 08/19/2026 06:30:59 
Playing registered version.
UDP Initialized
WIPX_OpenSocket: Address family not supported by protocol family
WIPX_Init: Unable to open control socket, IPX disabled
Exe: 20:02:47 Jul 31 2024
256.0 megabyte heap

Language initialization
Couldn't load 'localization/loc_english.txt'
from 'C:\argus\engine'

========= Quake Initialized =========

execing autoexec.cfg
SpawnServer: dm2
Clearing memory
Programs occupy 559K.
trying to open external vis file
maps/dm2.vis not found, trying argus.vis
external vis not found
ARGUS slots 8
ARGUS worldspawn reached
ARGNAV 193 nodes, 861 links
0 entities inhibited
ARGUS init on dm2
ARGEVT Reap spawned
ARGEVT Omi spawned
ARGEVT Zeus spawned
Server spawned.
ARGLOG Zeus t   1.2 pos '2624.0 -488.0  32.0' spd 0 yaw 143.2 mode 0 st 0 gl 0 hp 100 frg 0
ARGLOG Omi t   1.2 pos '2544.0 -32.0 -64.0' spd 0 yaw 190.2 mode 0 st 0 gl 0 hp 100 frg 0
ARGLOG Reap t   1.2 pos '2560.0 -192.0  32.0' spd 0 yaw 162.0 mode 0 st 0 gl 0 hp 100 frg 0
ARGLOG Zeus t   1.7 pos '2538.9 -519.0  24.0' spd 146.6 yaw  39.3 mode 0 st 0 gl 0 hp 100 frg 0
ARGLOG Omi t   1.7 pos '2390.3 -61.9 -72.0' spd 320 yaw 190.2 mode 0 st 0 gl 0 hp 100 frg 0
ARGEVT Reap engage Zeus
ARGLOG Reap t   1.7 pos '2411.1 -144.0  24.0' spd 304.4 yaw 199.5 mode 0 st 0 gl 0 hp 100 frg 0
ARGEVT Zeus hazard
ARGEVT Reap pursue
ARGLOG Zeus t   2.2 pos '2618.9 -458.4  32.0' spd 143.3 yaw 268.0 mode 0 st 0 gl 0 hp 100 frg 0
ARGLOG Omi t   2.2 pos '2280.9 -60.7 -136.0' spd 118.9 yaw 294 mode 0 st 0 gl 0 hp 100 frg 0
ARGLOG Reap t   2.2 pos '2292.1 -240.0  24.0' spd  89.4 yaw 129.3 mode 0 st 0 gl 0 hp 100 frg 0
ARGLOG Zeus t   2.8 pos '2526.2 -476.4  24.0' spd 302.3 yaw 123 mode 0 st 0 gl 0 hp 100 frg 0
ARGLOG Omi t   2.8 pos '2285.5 -56.5 -136.0' spd 174.2 yaw 291 mode 0 st 0 gl 0 hp 100 frg 0
ARGLOG Reap t   2.8 pos '2277.8 -85.7  24.0' spd 407.4 yaw 357.1 mode 0 st 0 gl 0 hp 100 frg 0
ARGLOG Zeus t   3.3 pos '2414.8 -349.8   8.0' spd 321.3 yaw 115 mode 0 st 0 gl 0 hp 100 frg 0
ARGLOG Omi t   3.3 pos '2284.5 -77.3 -136.0' spd 221.4 yaw  99.1 mode 0 st 0 gl 0 hp 100 frg 0
ARGLOG Reap t   3.3 pos '2448.0 -80.0 104.0' spd 0 yaw 283 mode 0 st 0 gl 0 hp 100 frg 0
ARGEVT Zeus engage Reap
ARGEVT Zeus hazard
ARGLOG Zeus t   3.8 pos '2288.1 -304.0   8.0' spd 326.8 yaw  84.1 mode 0 st 0 gl 0 hp 100 frg 0
ARGLOG Omi t   3.8 pos '2394.5 -52.7 -72.0' spd 300.5 yaw  94.8 mode 0 st 0 gl 0 hp 100 frg 0
ARGLOG Reap t   3.8 pos '2309.5 -80.0  59.5' spd 320.0 yaw 247.0 mode 0 st 0 gl 0 hp 100 frg 0
ARGLOG Zeus t   4.3 pos '2159.4 -299.5  24.0' spd 207.2 yaw  99.2 mode 0 st 0 gl 0 hp 82 frg 0
ARGLOG Omi t   4.3 pos '2386.9 -49.3 -72.0' spd 204.1 yaw 227 mode 0 st 0 gl 0 hp 100 frg 0
ARGLOG Reap t   4.3 pos '2132.4 -84.2  24.0' spd 323.1 yaw 305.2 mode 0 st 0 gl 0 hp 100 frg 0
ARGLOG Zeus t   4.9 pos '2305.9 -182.2  24.0' spd 386.6 yaw 189.8 mode 0 st 0 gl 0 hp 46 frg 0
ARGLOG Omi t   4.9 pos '2326.0 -48.4 -104.0' spd 255.1 yaw 260 mode 0 st 0 gl 0 hp 100 frg 0
ARGLOG Reap t   4.9 pos '1994.1 -207.7  24.0' spd 408.3 yaw  32.2 mode 0 st 0 gl 0 hp 80 frg 0
ARGEVT Zeus hazard
ARGLOG Zeus t   5.5 pos '2202.4 -91.9  24.0' spd 340.3 yaw 238.1 mode 0 st 0 gl 0 hp 19 frg 0
ARGLOG Omi t   5.5 pos '2264.9 -175.4 -136.0' spd 117.5 yaw 121 mode 0 st 0 gl 0 hp 100 frg 0
ARGLOG Reap t   5.5 pos '2045.9 -387.3 104.0' spd 342.2 yaw  89.6 mode 0 st 0 gl 0 hp 80 frg 0
ARGEVT Zeus pursue
ARGEVT Zeus death Reap pos '2101.0 -93.9  24.0'
ARGLOG Omi t   6.0 pos '2201.0 -71.7 -125.4' spd 185.9 yaw 305 mode 0 st 0 gl 0 hp 100 frg 0
ARGLOG Reap t   6.0 pos '1987.3 -272.5  56.0' spd 363.3 yaw 36 mode 0 st 0 gl 0 hp 80 frg 1
ARGLOG Omi t   6.6 pos '2202.3 -84.0 -127.3' spd 320.0 yaw 131 mode 0 st 0 gl 0 hp 100 frg 0
ARGLOG Reap t   6.6 pos '2122.9 -149.5  24.0' spd 321.4 yaw 25 mode 0 st 0 gl 0 hp 80 frg 1
ARGLOG Omi t   7.1 pos '2234.9 -124.0 -136.0' spd 321.4 yaw 274 mode 0 st 0 gl 0 hp 100 frg 0
ARGLOG Reap t   7.1 pos '2269.0 -79.2  24.0' spd  42.9 yaw 206 mode 0 st 0 gl 0 hp 80 frg 1
ARGEVT Zeus respawn
ARGLOG Zeus t   7.3 pos '2176.0 -2176.0  84.0' spd 0 yaw 233.0 mode 0 st 0 gl 0 hp 100 frg 0
ARGEVT Zeus hazard
ARGLOG Omi t   7.7 pos '2190.3 -26.7 -109.4' spd 320.0 yaw 114 mode 0 st 0 gl 0 hp 100 frg 0
ARGLOG Reap t   7.7 pos '2116.1 -154.3  24.0' spd 320.0 yaw 205 mode 0 st 0 gl 0 hp 80 frg 1
ARGLOG Zeus t   7.9 pos '2129.0 -2254.0  88.0' spd 203.9 yaw 292.8 mode 0 st 0 gl 0 hp 100 frg 0
ARGLOG Omi t   8.3 pos '2203.8 -65.0 -129.6' spd 322.1 yaw 261.8 mode 0 st 0 gl 0 hp 100 frg 0
ARGLOG Reap t   8.3 pos '1952.2 -228.8  24.0' spd 320.9 yaw 195.0 mode 0 st 0 gl 0 hp 80 frg 1
ARGLOG Zeus t   8.4 pos '2130.6 -2145.1  88.0' spd 320.0 yaw  94.6 mode 0 st 0 gl 0 hp 100 frg 0
ARGEVT Omi hazard
ARGLOG Omi t   8.8 pos '2197.0 -207.5 -119.5' spd  37.4 yaw  40.7 mode 0 st 0 gl 0 hp 100 frg 0
ARGLOG Reap t   8.8 pos '1968.7 -101.7  24.0' spd 320.8 yaw  60.1 mode 0 st 0 gl 0 hp 80 frg 1
ARGLOG Zeus t   9.0 pos '2128.0 -1964.8  84.7' spd 320.5 yaw 139.2 mode 0 st 0 gl 0 hp 100 frg 0
ARGEVT Reap hazard
ARGLOG Omi t   9.4 pos '2267.1 -196.2 -136.0' spd 320.0 yaw  30.3 mode 0 st 0 gl 0 hp 100 frg 0
ARGLOG Reap t   9.4 pos '1979.2  -0.1  24.0' spd 324.1 yaw 200.5 mode 0 st 0 gl 0 hp 100 frg 1
ARGLOG Zeus t   9.6 pos '2204.0 -1910.4  40.0' spd 163.1 yaw 178.8 mode 0 st 0 gl 0 hp 100 frg 0
ARGLOG Omi t   9.9 pos '2221.7 -174.9 -136.0' spd 320.3 yaw  52.7 mode 0 st 0 gl 0 hp 100 frg 0
ARGLOG Reap t   9.9 pos '1950.5 -73.7  24.0' spd 320.3 yaw 307.6 mode 0 st 0 gl 0 hp 100 frg 1
ARGLOG Zeus t  10.1 pos '2207.7 -1883.1  24.0' spd 320.5 yaw  17.2 mode 0 st 0 gl 0 hp 100 frg 0
ARGLOG Omi t  10.5 pos '2330.6 -30.9 -104.0' spd 320.0 yaw  52.7 mode 0 st 0 gl 0 hp 100 frg 0
ARGLOG Reap t  10.5 pos '2060.2 -217.0  24.0' spd 320.0 yaw 307.6 mode 0 st 0 gl 0 hp 100 frg 1
ARGLOG Zeus t  10.6 pos '2379.2 -1828.9  24.0' spd 320.0 yaw  17.2 mode 0 st 0 gl 0 hp 100 frg 0
ARGLOG Omi t  11.1 pos '2348.6 -25.4 -104.0' spd 321.4 yaw 100.7 mode 0 st 0 gl 0 hp 100 frg 0
ARGLOG Reap t  11.1 pos '1939.8 -208.8  24.0' spd 320.4 yaw 158.3 mode 0 st 0 gl 0 hp 100 frg 1
ARGLOG Zeus t  11.1 pos '2532.5 -1782.0  24.0' spd 320.0 yaw  17.2 mode 0 st 0 gl 0 hp 100 frg 0
ARGLOG Omi t  11.6 pos '2278.2 -102.9 -136.0' spd 320.9 yaw 250.2 mode 0 st 0 gl 0 hp 100 frg 0
ARGLOG Reap t  11.6 pos '2021.9 -244.5  40.0' spd 320.0 yaw 337.4 mode 0 st 0 gl 0 hp 100 frg 1
ARGLOG Zeus t  11.6 pos '2521.1 -1774.4  24.0' spd 320.0 yaw 190.7 mode 0 st 0 gl 0 hp 100 frg 0
ARGLOG Omi t  12.1 pos '2192.8 -163.4 -113.1' spd 235.9 yaw 123.1 mode 0 st 0 gl 0 hp 100 frg 0
ARGLOG Reap t  12.1 pos '1936.2 -230.6  24.0' spd 320.8 yaw 168.4 mode 0 st 0 gl 0 hp 100 frg 1
ARGLOG Zeus t  12.2 pos '2344.8 -1808.7  24.0' spd 320.0 yaw 190.7 mode 0 st 0 gl 0 hp 100 frg 0
ARGEVT Omi hazard
ARGEVT Reap hazard
ARGLOG Omi t  12.7 pos '2220.1 -129.1 -136.0' spd 320.9 yaw  61.6 mode 0 st 0 gl 0 hp 100 frg 0
ARGLOG Reap t  12.7 pos '1932.3 -153.2  24.0' spd 323.0 yaw  96.0 mode 0 st 0 gl 0 hp 100 frg 1
ARGLOG Zeus t  12.8 pos '2168.6 -1842.9  24.0' spd 320 yaw 190.7 mode 0 st 0 gl 0 hp 100 frg 0
ARGLOG Omi t  13.3 pos '2310.3 -19.3 -120.0' spd 241.2 yaw 280.9 mode 0 st 0 gl 0 hp 100 frg 0
ARGLOG Reap t  13.3 pos '1951.2  -7.7  24.0' spd 265.7 yaw 323.0 mode 0 st 0 gl 0 hp 100 frg 1
ARGLOG Zeus t  13.3 pos '2275.5 -1821.7  24.0' spd 320.0 yaw  11.6 mode 0 st 0 gl 0 hp 100 frg 0
ARGLOG Omi t  13.8 pos '2226.4 -48.6 -136.0' spd 322.4 yaw 155.7 mode 0 st 0 gl 0 hp 100 frg 0
ARGLOG Reap t  13.8 pos '2094.2 -84.9  24.0' spd 320.3 yaw 323.0 mode 0 st 0 gl 0 hp 100 frg 1
ARGLOG Zeus t  13.8 pos '2433.5 -1791.0  24.0' spd 320 yaw  11.6 mode 0 st 0 gl 0 hp 100 frg 0
ARGLOG Omi t  14.3 pos '2316.2  -6.7 -120.0' spd 320.5 yaw   7.1 mode 0 st 0 gl 0 hp 100 frg 0
ARGLOG Reap t  14.3 pos '2224.9 -178.9  24.0' spd 320.0 yaw 323.0 mode 0 st 0 gl 0 hp 100 frg 1
ARGLOG Zeus t  14.3 pos '2591.5 -1760.3  24.0' spd 320.0 yaw 205.8 mode 0 st 0 gl 0 hp 100 frg 0
ARGLOG Omi t  14.8 pos '2493.6  16.0 -72.0' spd 317.4 yaw   7.1 mode 0 st 0 gl 0 hp 100 frg 0
ARGLOG Reap t  14.8 pos '2297.4 -186.7  24.0' spd 322.8 yaw 118.8 mode 0 st 0 gl 0 hp 100 frg 1
ARGLOG Zeus t  14.9 pos '2464.1 -1836.6  24.0' spd 320.0 yaw 205.8 mode 0 st 0 gl 0 hp 100 frg 0
ARGEVT Zeus hazard
ARGLOG Omi t  15.4 pos '2496.0  16.0 -72.0' spd 0 yaw   7.1 mode 0 st 0 gl 0 hp 100 frg 0
ARGLOG Reap t  15.4 pos '2219.3 -26.0  24.0' spd 320.0 yaw 118.8 mode 0 st 0 gl 0 hp 100 frg 1
ARGLOG Zeus t  15.4 pos '2344.4 -1904.0  24.0' spd 143.6 yaw   2.3 mode 0 st 0 gl 0 hp 100 frg 0
ARGEVT Omi stall
ARGEVT Omi jump
ARGLOG Omi t  15.9 pos '2496.0  16.0 -58.0' spd 0 yaw 178.3 mode 0 st 1 gl 0 hp 100 frg 0
ARGLOG Reap t  15.9 pos '2143.9 115.9  24.0' spd 320.0 yaw 118.8 mode 0 st 0 gl 0 hp 100 frg 1
ARGLOG Zeus t  16.0 pos '2522.7 -1899.1  24.0' spd 320.0 yaw   2.3 mode 0 st 0 gl 0 hp 100 frg 0
ARGEVT Omi engage Reap
ARGLOG Omi t  16.4 pos '2479.2  16.0 -72.0' spd  30.0 yaw 133.0 mode 0 st 1 gl 0 hp 100 frg 0
ARGLOG Reap t  16.4 pos '2158.2 212.7  24.0' spd 327.4 yaw 341.6 mode 0 st 0 gl 0 hp 100 frg 1
ARGLOG Zeus t  16.6 pos '2583.6 -1877.5  24.0' spd 204.9 yaw  45.8 mode 0 st 0 gl 0 hp 100 frg 0
ARGEVT Omi pursue
ARGLOG Omi t  16.9 pos '2357.1 -68.5 -88.0' spd 332.0 yaw 125 mode 0 st 1 gl 0 hp 100 frg 0
ARGEVT Reap engage Omi
ARGLOG Reap t  16.9 pos '2206.2 266.8  24.0' spd 178.9 yaw 257.2 mode 0 st 0 gl 0 hp 100 frg 1
ARGLOG Zeus t  17.1 pos '2465.9 -1786.4  24.0' spd 321.4 yaw 169.8 mode 0 st 0 gl 0 hp 100 frg 0
ARGEVT Reap pursue
ARGEVT Omi pursue
ARGLOG Omi t  17.5 pos '2202.7 -30.3 -128.0' spd 276.1 yaw 90 mode 0 st 1 gl 0 hp 100 frg 0
ARGLOG Reap t  17.5 pos '2105.6 129.4  24.0' spd 394.2 yaw 321 mode 0 st 0 gl 0 hp 100 frg 1
ARGLOG Zeus t  17.6 pos '2352.0 -1749.9  24.0' spd  82.9 yaw 169.8 mode 0 st 0 gl 0 hp 100 frg 0
ARGLOG Omi t  18.0 pos '2282.3 -88.3 -136.0' spd 388.9 yaw  42.3 mode 0 st 1 gl 0 hp 100 frg 0
ARGLOG Reap t  18.0 pos '2212.4   0.1  24.0' spd 324.0 yaw 335 mode 0 st 0 gl 0 hp 100 frg 1
ARGLOG Zeus t  18.1 pos '2203.3 -1708.7  24.0' spd 320.1 yaw 169.8 mode 0 st 0 gl 0 hp 100 frg 0
ARGLOG Omi t  18.5 pos '2358.3   5.4 -88.0' spd 347.2 yaw 340.8 mode 0 st 1 gl 0 hp 100 frg 0
ARGLOG Reap t  18.5 pos '2320.0 -80.0  40.0' spd 0 yaw 311.7 mode 0 st 0 gl 0 hp 100 frg 1
ARGLOG Zeus t  18.6 pos '2101.1 -1739.2  24.0' spd 204.1 yaw 120.1 mode 0 st 0 gl 0 hp 100 frg 0
ARGEVT Omi hazard
ARGLOG Omi t  19.1 pos '2520.8  16.0 -64.0' spd  40.7 yaw 100.5 mode 0 st 1 gl 0 hp 100 frg 0
ARGLOG Reap t  19.1 pos '2320.0 -80.0  40.0' spd 0 yaw 311.7 mode 0 st 0 gl 0 hp 100 frg 1
ARGLOG Zeus t  19.2 pos '2007.6 -1744.0  24.0' spd  37.1 yaw  85.5 mode 0 st 0 gl 0 hp 100 frg 0
ARGEVT Reap stall
ARGEVT Reap jump
ARGLOG Omi t  19.6 pos '2407.6 -38.6 -72.0' spd 350.6 yaw 283.7 mode 0 st 1 gl 0 hp 100 frg 0
ARGLOG Reap t  19.6 pos '2320.0 -80.0  53.5' spd 0 yaw 189.1 mode 0 st 1 gl 0 hp 100 frg 1
ARGLOG Zeus t  19.8 pos '1891.1 -1648.0  24.0' spd 303.7 yaw 157.7 mode 0 st 0 gl 0 hp 100 frg 0
ARGEVT Zeus hazard
ARGEVT Zeus goal weapon_rocketlauncher
ARGEVT Omi goal item_armor2
ARGEVT Omi door
ARGEVT Reap goal weapon_rocketlauncher
ARGEVT Zeus route 3 start '1761.0 -1655.0  24.0' goal '2465.0 -1751.0  24.0'
ARGLOG Omi t  20.1 pos '2501.0   9.5 -64.0' spd 337.1 yaw  91.2 mode 0 st 1 gl 0 hp 100 frg 0
ARGLOG Reap t  20.1 pos '2304.6 -80.0  51.2' spd  33.4 yaw 217 mode 0 st 1 gl 0 hp 100 frg 1
ARGLOG Zeus t  20.3 pos '1889.2 -1648.0  24.0' spd 345.0 yaw 340 mode 2 st 0 gl 0 hp 100 frg 0
ARGEVT Omi route 1 start '2529.0   9.0 -64.0' goal '2753.0 -55.0 -72.0'
ARGEVT Zeus stall
ARGEVT Zeus stallnode '1761.0 -1655.0  24.0'
ARGEVT Zeus jump
ARGEVT Reap route 13 start '2177.0 -119.0  24.0' goal '1441.0 -695.0 184.0'
ARGLOG Omi t  20.7 pos '2389.0  -8.0 -72.0' spd 356.7 yaw 240 mode 0 st 1 gl 0 hp 100 frg 0
ARGLOG Reap t  20.7 pos '2173.0 -152.8  24.0' spd 320.5 yaw 99 mode 2 st 1 gl 0 hp 100 frg 1
ARGLOG Zeus t  20.8 pos '1781.7 -1648.0  60.2' spd 314.5 yaw  93.3 mode 0 st 1 gl 0 hp 100 frg 0
ARGEVT Zeus route 3 start '1761.0 -1655.0  24.0' goal '2465.0 -1751.0  24.0'
ARGEVT Zeus train
ARGEVT Zeus route 3 start '1761.0 -1655.0  24.0' goal '2465.0 -1751.0  24.0'
ARGLOG Omi t  21.3 pos '2259.7 -80.3 -135.0' spd 238.4 yaw 269 mode 0 st 1 gl 0 hp 100 frg 0
ARGLOG Reap t  21.3 pos '2039.6 -70.3  24.0' spd 415.8 yaw 74 mode 2 st 1 gl 0 hp 100 frg 1
ARGEVT Zeus hazard
ARGEVT Omi routefail
ARGLOG Zeus t  21.4 pos '1738.8 -1577.0  24.0' spd 367.9 yaw 338 mode 2 st 1 gl 0 hp 100 frg 0
ARGEVT Omi goal item_armorInv
ARGEVT Omi routefail
ARGEVT Zeus train
ARGEVT Omi goal item_armor2
ARGLOG Omi t  21.8 pos '2231.6 -200.7 -136.0' spd 188.4 yaw 238.2 mode 0 st 1 gl 0 hp 100 frg 0
ARGLOG Reap t  21.8 pos '2165.2  81.8  24.0' spd 376.6 yaw 60 mode 2 st 1 gl 0 hp 100 frg 1
ARGEVT Omi routefail
ARGLOG Zeus t  21.9 pos '1779.2 -1687.2  24.0' spd 387.4 yaw 357 mode 2 st 1 gl 0 hp 100 frg 0
ARGEVT Omi goal item_armorInv
ARGEVT Omi routefail
ARGEVT Zeus hazard
ARGEVT Omi trapped
ARGEVT Omi death Omi pos '2231.6 -200.7 -136.0'
ARGLOG Reap t  22.3 pos '2217.3 238.6  24.0' spd 324.6 yaw 22 mode 2 st 1 gl 0 hp 100 frg 1
ARGLOG Zeus t  22.4 pos '1936.3 -1744.0  20.8' spd 218.8 yaw 4 mode 2 st 1 gl 0 hp 100 frg 0
ARGEVT Zeus swim
ARGLOG Reap t  22.8 pos '2346.4 336.0   8.0' spd 321.7 yaw 358 mode 2 st 1 gl 0 hp 100 frg 1
ARGLOG Zeus t  22.9 pos '1934.7 -1739.9 -43.2' spd  21.3 yaw 3 mode 2 st 1 gl 0 hp 66 frg 0
ARGLOG Reap t  23.3 pos '2506.2 313.1 -72.0' spd 327.2 yaw 288 mode 2 st 1 gl 0 hp 100 frg 1
ARGLOG Zeus t  23.4 pos '1934.7 -1729.6 -44.1' spd  17.6 yaw 1 mode 2 st 1 gl 0 hp 22 frg 0
ARGEVT Zeus death world pos '1934.7 -1726.2 -44.1'
ARGEVT Omi respawn
ARGEVT Omi goal weapon_rocketlauncher
ARGLOG Omi t  23.9 pos '2576.0 -1328.0  24.0' spd 0 yaw 256 mode 0 st 1 gl 0 hp 100 frg -1
ARGLOG Reap t  23.9 pos '2630.1 182.9 -72.0' spd 332.5 yaw 322 mode 2 st 1 gl 0 hp 100 frg 1
ARGEVT Omi route 2 start '2529.0 -1367.0  24.0' goal '2465.0 -1751.0  24.0'
ARGLOG Omi t  24.4 pos '2516.1 -1488.3  24.0' spd 320.1 yaw 259 mode 2 st 1 gl 0 hp 100 frg -1
ARGLOG Reap t  24.4 pos '2638.3   3.7 -72.0' spd 321.0 yaw 1 mode 2 st 1 gl 0 hp 100 frg 1
ARGEVT Reap door
ARGEVT Reap hazard
ARGLOG Omi t  24.9 pos '2479.6 -1645.0  24.0' spd 321.5 yaw 271 mode 1 st 1 gl 0 hp 100 frg -1
ARGLOG Reap t  24.9 pos '2592.0 -80.0 -72.0' spd 0 yaw 205 mode 2 st 1 gl 0 hp 100 frg 1
ARGEVT Zeus respawn
ARGEVT Omi goal item_health
ARGEVT Zeus goal item_armorInv
ARGLOG Zeus t  25.2 pos '2704.0 -2048.0 128.0' spd 0 yaw 250.2 mode 0 st 1 gl 0 hp 100 frg -1
ARGEVT Omi routefail
ARGEVT Zeus hazard
ARGEVT Omi goal weapon_supershotgun
ARGLOG Omi t  25.5 pos '2454.3 -1824.9  24.0' spd 347.4 yaw 301 mode 0 st 1 gl 1 hp 100 frg -1
ARGLOG Reap t  25.5 pos '2592.0 -80.0 -72.0' spd 0 yaw 205 mode 2 st 1 gl 0 hp 100 frg 1
ARGEVT Reap stall
ARGEVT Reap stallnode '2849.0   9.0 -72.0'
ARGEVT Reap jump
ARGEVT Omi routefail
ARGEVT Omi goal item_armor2
ARGLOG Zeus t  25.8 pos '2664.0 -2192.1 120.0' spd 154.2 yaw 153.7 mode 0 st 1 gl 0 hp 100 frg -1
ARGEVT Omi hazard
ARGEVT Omi route 16 start '2465.0 -1879.0  24.0' goal '1345.0 -919.0  32.0'
ARGEVT Reap route 6 start '2625.0 -55.0 -72.0' goal '1441.0 -695.0 184.0'
ARGLOG Omi t  26.0 pos '2401.2 -1904.0  24.0' spd 320.0 yaw 78 mode 2 st 1 gl 1 hp 100 frg -1
ARGLOG Reap t  26.0 pos '2580.3 -80.0 -41.5' spd  33.0 yaw 206 mode 2 st 2 gl 0 hp 100 frg 1
ARGEVT Zeus routefail
ARGEVT Zeus goal weapon_supershotgun
ARGLOG Zeus t  26.3 pos '2671.2 -2160.0 120.0' spd  84.9 yaw  46.0 mode 1 st 1 gl 0 hp 100 frg -1
ARGEVT Zeus hazard
ARGLOG Omi t  26.6 pos '2297.4 -1808.0  24.0' spd 141.6 yaw 52 mode 2 st 1 gl 1 hp 100 frg -1
ARGLOG Reap t  26.6 pos '2460.1 -80.0 -67.0' spd 324.8 yaw 194 mode 0 st 2 gl 0 hp 100 frg 1
ARGEVT Reap route 7 start '2433.0 -55.0 -72.0' goal '1441.0 -695.0 184.0'
ARGLOG Zeus t  26.8 pos '2764.8 -2121.0 120.0' spd 273.7 yaw 262 mode 1 st 1 gl 0 hp 100 frg -1
ARGLOG Omi t  27.1 pos '2454.8 -1727.2  24.0' spd 342.1 yaw 104 mode 2 st 1 gl 1 hp 100 frg -1
ARGLOG Reap t  27.1 pos '2260.2 -80.0 -119.3' spd 364.9 yaw 269 mode 0 st 2 gl 0 hp 100 frg 1
ARGLOG Zeus t  27.3 pos '2746.7 -2282.3 120.0' spd 345.5 yaw 293.4 mode 1 st 1 gl 0 hp 100 frg -1
ARGEVT Reap routefail
ARGEVT Zeus goal item_armorInv
ARGEVT Zeus route 18 start '2689.0 -2327.0 120.0' goal '2369.0 -599.0  56.0'
ARGEVT Reap goal item_armorInv
ARGEVT Reap routefail
ARGEVT Zeus hazard
ARGLOG Omi t  27.7 pos '2450.1 -1545.2  24.0' spd 322.9 yaw 87 mode 2 st 1 gl 1 hp 100 frg -1
ARGLOG Reap t  27.7 pos '2230.9 -208.0 -136.0' spd 129.4 yaw 285.7 mode 0 st 2 gl 0 hp 100 frg 1
ARGEVT Reap goal weapon_grenadelauncher
ARGEVT Reap routefail
ARGLOG Zeus t  27.9 pos '2768.0 -2228.7 120.0' spd 328.4 yaw 181 mode 2 st 1 gl 1 hp 100 frg -1
ARGEVT Reap goal item_armor2
ARGEVT Reap routefail
ARGLOG Omi t  28.3 pos '2414.5 -1368.4  24.0' spd 324.4 yaw 78 mode 2 st 1 gl 1 hp 100 frg -1
ARGLOG Reap t  28.3 pos '2230.9 -208.0 -136.0' spd 0 yaw 194.0 mode 0 st 2 gl 0 hp 100 frg 1
ARGEVT Reap trapped
ARGEVT Reap death Reap pos '2230.9 -208.0 -136.0'
ARGLOG Zeus t  28.4 pos '2674.5 -2085.0 128.0' spd 177.5 yaw 212 mode 2 st 1 gl 1 hp 100 frg -1
ARGLOG Omi t  28.8 pos '2459.9 -1264.5  24.0' spd 328.7 yaw 84 mode 2 st 1 gl 1 hp 100 frg -1
ARGEVT Zeus hazard
ARGLOG Zeus t  28.9 pos '2664.0 -2233.8 120.0' spd 247.8 yaw 221 mode 2 st 1 gl 1 hp 100 frg -1
ARGLOG Omi t  29.3 pos '2493.3 -1087.2  24.0' spd 320.2 yaw 88 mode 2 st 1 gl 1 hp 100 frg -1
ARGLOG Zeus t  29.5 pos '2530.5 -2253.7 120.0' spd 321.5 yaw 223 mode 2 st 1 gl 1 hp 100 frg -1
ARGEVT Omi lift
ARGEVT Omi jump
ARGLOG Omi t  29.8 pos '2502.4 -912.0  92.4' spd  14.9 yaw 81 mode 2 st 1 gl 1 hp 100 frg -1
ARGEVT Reap respawn
ARGEVT Reap goal item_health
ARGLOG Reap t  29.9 pos '1712.0 -504.0  24.0' spd 0 yaw 289.8 mode 0 st 2 gl 0 hp 100 frg 0
ARGEVT Reap route 18 start '1729.0 -471.0  24.0' goal '2049.0 -1015.0 344.0'
ARGLOG Zeus t  30.0 pos '2396.1 -2344.3 120.0' spd 333.6 yaw 230 mode 2 st 1 gl 1 hp 100 frg -1
ARGLOG Omi t  30.4 pos '2548.0 -806.5 120.0' spd 320.1 yaw 87 mode 2 st 1 gl 1 hp 100 frg -1
ARGLOG Reap t  30.4 pos '1856.9 -546.5  56.0' spd 320.0 yaw 61 mode 2 st 2 gl 0 hp 100 frg 0
ARGEVT Zeus jump
ARGLOG Zeus t  30.6 pos '2320.0 -2511.1 165.9' spd 226.7 yaw 133 mode 2 st 1 gl 1 hp 100 frg -1
ARGLOG Omi t  30.9 pos '2584.2 -628.1 120.0' spd 323.4 yaw 83 mode 2 st 1 gl 1 hp 100 frg -1
ARGLOG Reap t  31.0 pos '2032.8 -497.9 104.0' spd 380.3 yaw 92 mode 2 st 2 gl 0 hp 100 frg 0
ARGLOG Zeus t  31.1 pos '2308.0 -2505.4 168.0' spd  31.7 yaw 132 mode 2 st 1 gl 1 hp 100 frg -1
ARGEVT Zeus hazard
ARGLOG Omi t  31.4 pos '2594.3 -467.7 120.0' spd 320.3 yaw 86 mode 2 st 1 gl 1 hp 100 frg -1
ARGLOG Reap t  31.6 pos '2008.6 -311.8  72.0' spd 320.0 yaw 74 mode 2 st 2 gl 0 hp 100 frg 0
ARGLOG Zeus t  31.6 pos '2173.6 -2403.6 200.0' spd 363.2 yaw 94 mode 2 st 1 gl 1 hp 100 frg -1
ARGLOG Omi t  32.0 pos '2580.6 -288.3 120.0' spd 386.1 yaw 185.6 mode 0 st 1 gl 1 hp 100 frg -1
ARGEVT Omi route 7 start '2625.0 -279.0 120.0' goal '1345.0 -919.0  32.0'
ARGLOG Reap t  32.1 pos '2022.1 -132.9  24.0' spd 326.1 yaw 74 mode 2 st 2 gl 0 hp 100 frg 0
ARGLOG Zeus t  32.2 pos '2128.0 -2338.1 136.8' spd  35.6 yaw 87 mode 2 st 1 gl 1 hp 100 frg -1
ARGLOG Omi t  32.6 pos '2551.8 -124.0 120.0' spd 332.7 yaw 18 mode 2 st 1 gl 1 hp 100 frg -1
ARGEVT Reap engage Omi
ARGLOG Reap t  32.6 pos '2086.1  14.5  24.0' spd 323.0 yaw   9.9 mode 2 st 2 gl 0 hp 100 frg 0
ARGLOG Zeus t  32.7 pos '2134.6 -2237.0  88.0' spd 320.0 yaw 87 mode 2 st 1 gl 1 hp 100 frg -1
ARGEVT Omi engage Reap
ARGLOG Omi t  33.1 pos '2544.0 -123.7 120.0' spd 275.8 yaw 125.6 mode 2 st 1 gl 1 hp 100 frg -1
ARGLOG Reap t  33.1 pos '2162.9 131.8  24.0' spd 322.6 yaw 320.0 mode 2 st 2 gl 0 hp 100 frg 0
ARGLOG Zeus t  33.3 pos '2144.8 -2057.5  88.0' spd 320.0 yaw 89 mode 2 st 1 gl 1 hp 100 frg -1
ARGEVT Omi pursue
ARGEVT Reap pursue
ARGLOG Omi t  33.6 pos '2420.5 -188.3  88.5' spd 362.9 yaw 142 mode 2 st 1 gl 1 hp 100 frg -1
ARGLOG Reap t  33.6 pos '2249.0 267.5  24.0' spd 367.0 yaw 347.8 mode 2 st 2 gl 0 hp 100 frg 0
ARGLOG Zeus t  33.8 pos '2167.6 -1895.8  24.0' spd 367.3 yaw 45 mode 2 st 1 gl 1 hp 100 frg -1
ARGEVT Omi route 12 start '2273.0 -183.0  24.0' goal '1345.0 -919.0  32.0'
ARGLOG Omi t  34.1 pos '2237.1 -131.3  24.0' spd 329.6 yaw 125 mode 2 st 1 gl 1 hp 100 frg -1
ARGLOG Reap t  34.2 pos '2444.3 245.6 -40.0' spd 363.6 yaw 44 mode 2 st 2 gl 0 hp 100 frg 0
ARGLOG Zeus t  34.3 pos '2331.1 -1812.0  24.0' spd 325.2 yaw 84 mode 2 st 1 gl 1 hp 100 frg -1
ARGLOG Omi t  34.7 pos '2132.5  15.8  24.0' spd 331.4 yaw 96 mode 2 st 1 gl 1 hp 100 frg -1
ARGLOG Reap t  34.8 pos '2612.1 200.1 -72.0' spd 336.9 yaw 176.0 mode 2 st 2 gl 0 hp 100 frg 0
ARGLOG Zeus t  34.9 pos '2463.6 -1687.2  24.0' spd 330.2 yaw 89 mode 2 st 1 gl 1 hp 100 frg -1
ARGLOG Omi t  35.3 pos '2123.5 196.8  24.0' spd 325.3 yaw 324.7 mode 2 st 1 gl 1 hp 100 frg -1
ARGLOG Reap t  35.3 pos '2630.3  38.0 -72.0' spd 329.9 yaw 157.4 mode 2 st 2 gl 0 hp 100 frg 0
ARGLOG Zeus t  35.4 pos '2440.8 -1524.5  24.0' spd 322.4 yaw 86 mode 2 st 1 gl 1 hp 100 frg -1
ARGEVT Omi pursue
ARGEVT Reap pursue
ARGLOG Omi t  35.8 pos '2265.1 263.5  24.0' spd 326.0 yaw 339 mode 2 st 1 gl 1 hp 100 frg -1
ARGLOG Reap t  35.8 pos '2511.0 -71.1 -64.0' spd 352.4 yaw 145 mode 0 st 2 gl 0 hp 100 frg 0
ARGEVT Reap route 6 start '2433.0 -55.0 -72.0' goal '2049.0 -1015.0 344.0'
ARGLOG Zeus t  35.9 pos '2416.8 -1347.5  24.0' spd 322.7 yaw 78 mode 2 st 1 gl 1 hp 100 frg -1
ARGEVT Zeus hazard
ARGLOG Omi t  36.4 pos '2440.2 217.2 -23.2' spd 327.2 yaw  77.5 mode 2 st 1 gl 1 hp 100 frg -1
ARGLOG Reap t  36.4 pos '2352.6  16.0 -88.0' spd 248.4 yaw 101 mode 2 st 2 gl 0 hp 100 frg 0
ARGEVT Reap hazard
ARGLOG Zeus t  36.5 pos '2408.2 -1296.0  24.0' spd 289.3 yaw 75 mode 2 st 1 gl 1 hp 100 frg -1
ARGLOG Omi t  36.9 pos '2428.3 233.0 -40.0' spd 200.4 yaw 293.4 mode 2 st 1 gl 1 hp 88 frg -1
ARGLOG Reap t  36.9 pos '2463.4 -27.9 -72.0' spd 330.1 yaw  96.9 mode 2 st 2 gl 0 hp 100 frg 0
ARGLOG Zeus t  37.0 pos '2503.0 -1185.8  24.0' spd 327.9 yaw 91 mode 2 st 1 gl 1 hp 100 frg -1
ARGEVT Reap death Omi pos '2504.2 -24.0 -64.0'
ARGEVT Omi goal item_armorInv
ARGEVT Omi routefail
ARGEVT Omi goal item_health
ARGLOG Omi t  37.4 pos '2503.8 319.7 -72.0' spd 332.5 yaw  17.2 mode 1 st 1 gl 1 hp 80 frg 0
ARGLOG Zeus t  37.5 pos '2509.7 -1024.4  32.0' spd 320.8 yaw 95 mode 2 st 1 gl 1 hp 100 frg -1
ARGEVT Zeus lift
ARGEVT Zeus jump
ARGEVT Zeus door
ARGEVT Omi goal item_rockets
ARGLOG Omi t  37.9 pos '2588.9 226.6 -72.0' spd 375.9 yaw 224 mode 0 st 1 gl 2 hp 100 frg 0
ARGLOG Zeus t  38.0 pos '2489.1 -912.0 114.8' spd  39.6 yaw 195.2 mode 2 st 1 gl 1 hp 100 frg -1
ARGEVT Omi routefail
ARGEVT Omi hazard
ARGEVT Omi goal item_armor2
ARGEVT Omi route 9 start '2529.0 201.0 -72.0' goal '2017.0 -983.0  32.0'
ARGLOG Omi t  38.4 pos '2582.9 144.4 -72.0' spd 320.5 yaw 334 mode 2 st 1 gl 2 hp 100 frg 0
ARGEVT Zeus door
ARGLOG Zeus t  38.5 pos '2480.6 -923.8 120.0' spd 198.4 yaw 119 mode 2 st 1 gl 1 hp 100 frg -1
ARGEVT Reap respawn
ARGEVT Reap goal item_health
ARGLOG Reap t  38.6 pos '2048.0 -1352.0 136.0' spd 0 yaw 160.5 mode 0 st 2 gl 0 hp 100 frg 0
ARGEVT Reap routefail
ARGEVT Zeus hazard
ARGEVT Reap goal weapon_nailgun
ARGEVT Reap routefail
ARGEVT Omi door
ARGLOG Omi t  39.0 pos '2625.3 -29.7 -72.0' spd 328.7 yaw 279 mode 2 st 1 gl 2 hp 100 frg 0
ARGEVT Reap hazard
ARGLOG Zeus t  39.1 pos '2448.0 -963.8 120.0' spd 323.5 yaw 108 mode 2 st 1 gl 1 hp 100 frg -1
ARGEVT Reap goal item_armor2
ARGEVT Reap routefail
ARGEVT Omi hazard
ARGLOG Reap t  39.1 pos '2010.1 -1219.6 152.0' spd 307.0 yaw 104 mode 0 st 2 gl 0 hp 100 frg 0
ARGEVT Reap goal 
ARGEVT Reap routefail
ARGLOG Omi t  39.5 pos '2592.0 -80.0 -72.0' spd 0 yaw 205 mode 2 st 1 gl 2 hp 100 frg 0
ARGLOG Zeus t  39.6 pos '2434.7 -816.0 120.0' spd  28.4 yaw 106 mode 2 st 1 gl 1 hp 100 frg -1
ARGEVT Reap trapped
ARGEVT Reap death Reap pos '2004.1 -1069.8 200.0'
ARGEVT Zeus hazard
ARGLOG Omi t  40.0 pos '2592.0 -80.0 -72.0' spd 0 yaw 205 mode 2 st 1 gl 2 hp 100 frg 0
ARGLOG Zeus t  40.1 pos '2444.4 -816.0 120.0' spd  17.3 yaw 109 mode 2 st 1 gl 1 hp 100 frg -1
ARGLOG Omi t  40.5 pos '2592.0 -80.0 -72.0' spd 0 yaw 205 mode 2 st 1 gl 2 hp 100 frg 0
ARGLOG Zeus t  40.6 pos '2448.0 -805.9 120.0' spd 112.7 yaw 110 mode 2 st 1 gl 1 hp 100 frg -1
ARGEVT Zeus stall
ARGEVT Zeus stallnode '2369.0 -727.0  56.0'
ARGEVT Zeus jump
ARGEVT Omi stall
ARGEVT Omi stallnode '2849.0   9.0 -72.0'
ARGEVT Omi jump
ARGEVT Zeus route 2 start '2401.0 -823.0 120.0' goal '2369.0 -599.0  56.0'
ARGLOG Omi t  41.0 pos '2590.2 -80.0 -47.7' spd  29.9 yaw 166 mode 0 st 2 gl 2 hp 100 frg 0
ARGEVT Reap respawn
ARGEVT Omi engage Reap
ARGEVT Reap goal 
ARGEVT Reap engage Omi
ARGLOG Reap t  41.1 pos '2248.0 -16.0 -136.0' spd 0 yaw 348.5 mode 1 st 2 gl 0 hp 100 frg -1
ARGLOG Zeus t  41.2 pos '2429.0 -816.0 142.5' spd  46.2 yaw 105 mode 2 st 2 gl 1 hp 100 frg -1
ARGEVT Omi route 7 start '2625.0 -55.0 -72.0' goal '2017.0 -983.0  32.0'
ARGEVT Zeus hazard
ARGLOG Omi t  41.5 pos '2572.2 -72.5 -64.0' spd  42.5 yaw 122.2 mode 2 st 2 gl 2 hp 100 frg 0
ARGLOG Reap t  41.6 pos '2268.6 -123.1 -136.0' spd 325.0 yaw  20.2 mode 1 st 2 gl 0 hp 100 frg -1
ARGLOG Zeus t  41.7 pos '2371.2 -791.1 110.5' spd 211.7 yaw 81 mode 1 st 2 gl 1 hp 100 frg -1
ARGEVT Reap goal item_armor2
ARGEVT Reap routefail
ARGEVT Omi pursue
ARGLOG Omi t  42.0 pos '2469.6  -3.6 -72.0' spd 313.5 yaw 268.8 mode 2 st 2 gl 2 hp 100 frg 0
ARGEVT Reap goal item_spikes
ARGLOG Reap t  42.1 pos '2244.5 -80.8 -136.0' spd 326.1 yaw   3.6 mode 0 st 2 gl 1 hp 100 frg -1
ARGEVT Reap death Omi pos '2240.5 -60.5 -136.0'
ARGEVT Zeus goal 
ARGEVT Zeus abandon
ARGLOG Zeus t  42.2 pos '2371.8 -660.1  56.0' spd 336.6 yaw 199.2 mode 0 st 2 gl 2 hp 100 frg -1
ARGEVT Omi hazard
ARGEVT Zeus routefail
ARGEVT Omi goal item_armor2
ARGEVT Zeus goal weapon_nailgun
ARGEVT Omi route 8 start '2433.0 -55.0 -72.0' goal '2017.0 -983.0  32.0'
ARGEVT Zeus hazard
ARGLOG Omi t  42.5 pos '2349.1 -63.1 -104.0' spd 321.0 yaw 186.2 mode 2 st 2 gl 2 hp 100 frg 1
ARGLOG Zeus t  42.7 pos '2394.2 -550.2  56.0' spd 341.9 yaw 76 mode 0 st 2 gl 2 hp 100 frg -1
ARGEVT Zeus route 4 start '2369.0 -599.0  56.0' goal '2529.0 -215.0  32.0'
ARGEVT Omi routefail
ARGLOG Omi t  43.0 pos '2229.0 -168.0 -136.0' spd 355.4 yaw 293 mode 0 st 2 gl 2 hp 100 frg 1
ARGEVT Omi goal item_armor2
ARGEVT Omi routefail
ARGLOG Zeus t  43.2 pos '2356.6 -392.2   8.0' spd 323.4 yaw 260 mode 2 st 2 gl 2 hp 100 frg -1
ARGEVT Omi goal item_rockets
ARGEVT Omi routefail
ARGLOG Omi t  43.6 pos '2232.0 -208.0 -136.0' spd 0 yaw 166 mode 0 st 2 gl 2 hp 100 frg 1
ARGEVT Omi goal item_rockets
ARGEVT Reap respawn
ARGEVT Omi routefail
ARGEVT Zeus hazard
ARGEVT Reap goal item_armor2
ARGLOG Reap t  43.7 pos '2560.0 -192.0  32.0' spd 0 yaw 199.8 mode 0 st 2 gl 1 hp 100 frg -1
ARGLOG Zeus t  43.8 pos '2331.6 -525.4   8.0' spd 242.3 yaw 297 mode 2 st 2 gl 2 hp 100 frg -1
ARGEVT Reap route 13 start '2529.0 -215.0  32.0' goal '1345.0 -919.0  32.0'
ARGEVT Zeus jump
ARGEVT Omi trapped
ARGEVT Omi death Omi pos '2232.0 -208.0 -136.0'
ARGEVT Zeus goal 
ARGEVT Zeus engage Reap
ARGEVT Reap engage Zeus
ARGEVT Zeus routefail
ARGEVT Zeus goal weapon_grenadelauncher
ARGLOG Reap t  44.3 pos '2409.7 -238.1  24.0' spd 321.1 yaw 273.8 mode 2 st 2 gl 1 hp 100 frg -1
ARGEVT Zeus route 14 start '2337.0 -503.0   8.0' goal '2049.0 -1015.0 344.0'
ARGLOG Zeus t  44.3 pos '2395.3 -460.9  30.5' spd 170.6 yaw 103.8 mode 2 st 2 gl 2 hp 100 frg -1
ARGLOG Reap t  44.8 pos '2411.4 -207.5  24.0' spd 320.6 yaw 314.1 mode 2 st 2 gl 1 hp 96 frg -1
ARGLOG Zeus t  44.8 pos '2498.1 -370.0   8.0' spd 320.4 yaw 106.3 mode 2 st 2 gl 2 hp 100 frg -1
ARGEVT Reap pursue
ARGLOG Reap t  45.3 pos '2555.8 -217.7  32.0' spd 401.3 yaw 240.5 mode 0 st 2 gl 1 hp 96 frg -1
ARGEVT Zeus route 14 start '2561.0 -375.0  24.0' goal '2049.0 -1015.0 344.0'
ARGLOG Zeus t  45.3 pos '2639.1 -304.7  24.0' spd 321.4 yaw 332.5 mode 2 st 2 gl 2 hp 100 frg -1
ARGEVT Zeus hazard
ARGEVT Reap hazard
ARGEVT Zeus pursue
ARGEVT Omi respawn
ARGEVT Omi plan powerup via weapon
ARGEVT Omi goal weapon_grenadelauncher
ARGLOG Omi t  45.5 pos '2544.0 -32.0 -64.0' spd 0 yaw 199.8 mode 0 st 2 gl 2 hp 100 frg 0
ARGEVT Omi route 6 start '2529.0   9.0 -64.0' goal '2049.0 -1015.0 344.0'
ARGEVT Omi hazard
ARGEVT Reap route 13 start '2529.0 -215.0  32.0' goal '1345.0 -919.0  32.0'
ARGLOG Reap t  45.8 pos '2410.0 -224.1  24.0' spd 324.4 yaw 160 mode 2 st 2 gl 1 hp 96 frg -1
ARGLOG Zeus t  45.9 pos '2548.2 -383.4  24.0' spd 324.5 yaw 153.3 mode 2 st 2 gl 2 hp 100 frg -1
ARGLOG Omi t  46.0 pos '2465.2 -78.0 -72.0' spd 283.6 yaw 12 mode 2 st 2 gl 2 hp 100 frg 0
ARGEVT Omi door
ARGLOG Reap t  46.4 pos '2237.9 -254.3  24.0' spd 402.6 yaw 300.2 mode 2 st 2 gl 1 hp 96 frg -1
ARGLOG Zeus t  46.4 pos '2386.4 -304.0   8.0' spd 321.6 yaw 171 mode 2 st 2 gl 2 hp 100 frg -1
ARGLOG Omi t  46.6 pos '2648.0 -73.1 -72.0' spd 364.5 yaw 292.3 mode 2 st 2 gl 2 hp 100 frg 0
ARGEVT Omi hazard
ARGLOG Reap t  46.9 pos '2236.3 -257.0  24.0' spd 354.0 yaw 277.4 mode 2 st 2 gl 1 hp 84 frg -1
ARGLOG Zeus t  46.9 pos '2335.5 -421.9   8.0' spd 403.9 yaw 101.6 mode 2 st 2 gl 2 hp 97 frg -1
ARGLOG Omi t  47.1 pos '2592.0 -80.0 -72.0' spd 0 yaw 205 mode 2 st 2 gl 2 hp 100 frg 0
ARGEVT Zeus pursue
ARGLOG Reap t  47.4 pos '2416.5 -228.4  24.0' spd 320.4 yaw 355.3 mode 2 st 2 gl 1 hp 84 frg -1
ARGLOG Zeus t  47.5 pos '2175.4 -427.9   8.0' spd 369.8 yaw 70 mode 2 st 2 gl 2 hp 95 frg -1
ARGLOG Omi t  47.7 pos '2592.0 -80.0 -72.0' spd 0 yaw 205 mode 2 st 2 gl 2 hp 100 frg 0
ARGEVT Reap pursue
ARGLOG Reap t  48.0 pos '2539.3 -156.4  32.0' spd 201.0 yaw 225.0 mode 2 st 2 gl 1 hp 72 frg -1
ARGEVT Zeus route 12 start '2209.0 -279.0  24.0' goal '2049.0 -1015.0 344.0'
ARGLOG Zeus t  48.1 pos '2245.0 -270.4  24.0' spd 301.7 yaw  13.0 mode 2 st 2 gl 2 hp 95 frg -1
ARGEVT Zeus hazard
ARGEVT Omi stall
ARGEVT Omi stallnode '2849.0   9.0 -72.0'
ARGEVT Omi jump
ARGLOG Omi t  48.3 pos '2592.0 -80.0 -58.1' spd 0 yaw 185.2 mode 0 st 3 gl 2 hp 100 frg 0
ARGEVT Reap pursue
ARGEVT Zeus pursue
ARGLOG Reap t  48.5 pos '2494.6 -187.5  24.0' spd 340.7 yaw 198 mode 2 st 2 gl 1 hp 72 frg -1
ARGEVT Zeus route 13 start '2305.0 -343.0   8.0' goal '2049.0 -1015.0 344.0'
ARGLOG Zeus t  48.6 pos '2328.4 -385.6   8.0' spd 355.9 yaw 47 mode 2 st 2 gl 2 hp 95 frg -1
ARGEVT Omi route 5 start '2625.0 -55.0 -72.0' goal '2049.0 -1015.0 344.0'
ARGLOG Omi t  48.8 pos '2575.1 -80.0 -64.0' spd  31.5 yaw 206 mode 2 st 3 gl 2 hp 100 frg 0
ARGLOG Reap t  49.1 pos '2318.6 -229.9  24.0' spd 320.5 yaw 205 mode 2 st 2 gl 1 hp 72 frg -1
ARGLOG Zeus t  49.1 pos '2458.1 -332.9   8.0' spd 178.6 yaw 149.4 mode 2 st 2 gl 2 hp 95 frg -1
ARGEVT Zeus pursue
ARGLOG Omi t  49.4 pos '2394.1 -80.0 -72.0' spd 358.5 yaw 228 mode 2 st 3 gl 2 hp 100 frg 0
ARGEVT Zeus hazard
ARGLOG Reap t  49.6 pos '2167.1 -160.8  24.0' spd 399.6 yaw  45.3 mode 2 st 2 gl 1 hp 72 frg -1
ARGLOG Zeus t  49.7 pos '2341.4 -304.2   8.0' spd 327.8 yaw 150.2 mode 2 st 2 gl 2 hp 95 frg -1
ARGLOG Omi t  49.9 pos '2218.4 -95.5 -136.0' spd 327.3 yaw 286 mode 0 st 3 gl 2 hp 100 frg 0
ARGEVT Omi routefail
ARGEVT Omi goal weapon_rocketlauncher
ARGLOG Reap t  50.2 pos '2158.1 -78.4  24.0' spd 366.5 yaw 274.5 mode 2 st 2 gl 1 hp 40 frg -1
ARGEVT Omi routefail
ARGLOG Zeus t  50.3 pos '2223.4 -311.5  24.0' spd 320.0 yaw 109.2 mode 2 st 2 gl 2 hp 95 frg -1
ARGLOG Omi t  50.4 pos '2229.7 -208.0 -136.0' spd  95.9 yaw 264.5 mode 0 st 3 gl 2 hp 100 frg 0
ARGEVT Omi goal item_spikes
ARGEVT Omi routefail
ARGEVT Omi goal item_artifact_super_damage
ARGLOG Reap t  50.7 pos '2002.7 -129.6  24.0' spd 333.5 yaw 345.6 mode 0 st 2 gl 1 hp 40 frg -1
ARGEVT Omi routefail
ARGLOG Zeus t  50.8 pos '2173.7 -280.0  24.0' spd 320.5 yaw 157.0 mode 2 st 2 gl 2 hp 93 frg -1
ARGEVT Omi trapped
ARGEVT Omi death Omi pos '2229.7 -208.0 -136.0'
ARGEVT Reap route 13 start '1921.0 -215.0  24.0' goal '1345.0 -919.0  32.0'
ARGLOG Reap t  51.3 pos '1904.0 -171.8  24.0' spd 320.1 yaw   2.6 mode 2 st 2 gl 1 hp 8 frg -1
ARGLOG Zeus t  51.3 pos '2217.8 -119.0  24.0' spd  93.8 yaw 185.8 mode 2 st 2 gl 2 hp 91 frg -1
ARGLOG Zeus t  51.8 pos '2174.5 -261.4  24.0' spd 394.0 yaw 114.0 mode 2 st 2 gl 2 hp 89 frg -1
ARGLOG Reap t  51.8 pos '1940.3  14.7  24.0' spd 355.0 yaw 291.0 mode 2 st 2 gl 1 hp 13 frg -1
ARGEVT Reap hazard
ARGLOG Zeus t  52.4 pos '2218.0 -215.4  24.0' spd 321.0 yaw 154.9 mode 2 st 2 gl 2 hp 88 frg -1
ARGLOG Reap t  52.4 pos '1931.9 -27.1  24.0' spd 322.5 yaw 352.9 mode 2 st 2 gl 1 hp 13 frg -1
ARGEVT Omi respawn
ARGEVT Omi goal 
ARGLOG Omi t  52.6 pos '2624.0 -488.0  32.0' spd 0 yaw 159.8 mode 0 st 3 gl 2 hp 100 frg -1
ARGEVT Omi engage Reap
ARGEVT Omi routefail
ARGEVT Omi goal item_armorInv
ARGLOG Zeus t  52.9 pos '2276.7 -59.5  24.0' spd 320.5 yaw 197.5 mode 2 st 2 gl 2 hp 85 frg -1
ARGLOG Reap t  52.9 pos '1915.5 -187.7  24.0' spd 332.8 yaw  10.4 mode 2 st 2 gl 1 hp 13 frg -1
ARGEVT Omi routefail
ARGEVT Reap hazard
ARGEVT Omi goal item_health
ARGLOG Omi t  53.1 pos '2481.1 -441.3   8.0' spd 325.1 yaw 155.1 mode 0 st 3 gl 2 hp 100 frg -1
ARGEVT Omi routefail
ARGEVT Omi pursue
ARGEVT Omi goal 
ARGEVT Omi route 15 start '2401.0 -407.0   8.0' goal '2017.0 -1015.0 200.0'
ARGLOG Zeus t  53.4 pos '2303.8 -203.4  24.0' spd 320.0 yaw 192.7 mode 2 st 2 gl 2 hp 83 frg -1
ARGLOG Reap t  53.4 pos '2049.3 -306.2  72.0' spd 327.6 yaw 359.8 mode 0 st 2 gl 1 hp 13 frg -1
ARGEVT Reap route 14 start '1985.0 -311.0  72.0' goal '1345.0 -919.0  32.0'
ARGLOG Omi t  53.6 pos '2298.9 -405.9   8.0' spd 322.8 yaw 146 mode 2 st 3 gl 2 hp 100 frg -1
ARGEVT Reap death Zeus pos '2045.3 -241.2  40.0'
ARGEVT Omi engage Zeus
ARGEVT Zeus engage Omi
ARGEVT Zeus goal item_artifact_super_damage
ARGLOG Zeus t  54.0 pos '2257.1 -135.4  24.0' spd 190.0 yaw 237.0 mode 0 st 2 gl 2 hp 82 frg 0
ARGEVT Zeus routefail
ARGEVT Omi route 14 start '2145.0 -375.0   8.0' goal '2017.0 -1015.0 200.0'
ARGEVT Zeus goal 
ARGLOG Omi t  54.2 pos '2139.0 -326.0  24.0' spd 320.0 yaw  75.7 mode 2 st 3 gl 2 hp 100 frg -1
ARGLOG Zeus t  54.6 pos '2068.2 -100.3  24.0' spd 381.9 yaw 321.3 mode 1 st 2 gl 2 hp 78 frg 0
ARGLOG Omi t  54.7 pos '2256.0 -260.7  24.0' spd 228.1 yaw 154.3 mode 2 st 3 gl 2 hp 96 frg -1
ARGEVT Zeus hazard
ARGLOG Zeus t  55.1 pos '1954.1 -236.1  24.0' spd 107.8 yaw  19.9 mode 1 st 2 gl 2 hp 76 frg 0
ARGLOG Omi t  55.2 pos '2234.7 -82.4  24.0' spd 323.3 yaw 195.7 mode 2 st 3 gl 2 hp 96 frg -1
ARGEVT Reap respawn
ARGEVT Reap goal weapon_rocketlauncher
ARGLOG Reap t  55.4 pos '2176.0 -2176.0  84.0' spd 0 yaw  69.8 mode 0 st 2 gl 1 hp 100 frg -1
ARGEVT Reap hazard
ARGEVT Reap route 5 start '2145.0 -2199.0  88.0' goal '2465.0 -1751.0  24.0'
ARGLOG Zeus t  55.7 pos '1904.0 -70.0  24.0' spd 322.4 yaw  26.5 mode 1 st 2 gl 2 hp 72 frg 0
ARGLOG Omi t  55.7 pos '2162.5  42.1  24.0' spd 334.4 yaw 194.6 mode 2 st 3 gl 2 hp 80 frg -1
ARGLOG Reap t  55.9 pos '2174.1 -2128.0  84.0' spd  92.0 yaw 95 mode 2 st 2 gl 1 hp 100 frg -1
ARGEVT Zeus weapon axe
ARGEVT Zeus pursue
ARGLOG Zeus t  56.2 pos '1973.1 -40.8  24.0' spd 337.5 yaw 23 mode 1 st 2 gl 2 hp 72 frg 0
ARGEVT Omi pursue
ARGLOG Omi t  56.2 pos '2121.2  58.8  24.0' spd 313.5 yaw 225.1 mode 2 st 3 gl 2 hp 80 frg -1
ARGLOG Reap t  56.4 pos '2160.0 -2128.0  84.0' spd 0 yaw 93 mode 2 st 2 gl 1 hp 100 frg -1
ARGEVT Omi hazard
ARGEVT Omi route 12 start '2209.0   9.0  24.0' goal '2017.0 -1015.0 200.0'
ARGLOG Zeus t  56.7 pos '2129.8   5.5  24.0' spd 320.0 yaw  36.6 mode 1 st 2 gl 2 hp 54 frg 0
ARGLOG Omi t  56.8 pos '2189.4  25.1  24.0' spd 165.9 yaw 192.1 mode 2 st 3 gl 2 hp 80 frg -1
ARGLOG Reap t  56.9 pos '2160.0 -2128.0  84.0' spd 0 yaw 93 mode 2 st 2 gl 1 hp 100 frg -1
ARGLOG Zeus t  57.2 pos '2239.4 -11.8  24.0' spd 327.7 yaw 291.8 mode 1 st 2 gl 2 hp 30 frg 0
ARGLOG Omi t  57.3 pos '2283.7 -80.5  24.0' spd 324.9 yaw 115.3 mode 2 st 3 gl 2 hp 60 frg -1
ARGLOG Reap t  57.5 pos '2160.0 -2128.0  84.0' spd 0 yaw 93 mode 2 st 2 gl 1 hp 100 frg -1
ARGEVT Zeus hazard
ARGEVT Omi route 13 start '2273.0 -183.0  24.0' goal '2017.0 -1015.0 200.0'
ARGLOG Zeus t  57.8 pos '2295.9 -80.0  40.0' spd 181.5 yaw 272.1 mode 1 st 2 gl 2 hp 6 frg 0
ARGLOG Omi t  57.9 pos '2248.9 -232.4  24.0' spd 359.1 yaw  75.5 mode 2 st 3 gl 2 hp 60 frg -1
ARGEVT Zeus death Omi pos '2250.0 -165.0  24.0'
ARGLOG Reap t  58.1 pos '2160.0 -2128.0  84.0' spd 0 yaw 93 mode 2 st 2 gl 1 hp 100 frg -1
ARGEVT Reap stall
ARGEVT Reap stallnode '2145.0 -1943.0  56.0'
ARGEVT Reap jump
ARGEVT Reap route 4 start '2145.0 -2071.0  88.0' goal '2465.0 -1751.0  24.0'
ARGEVT Omi goal item_health
ARGEVT Omi route 4 start '2209.0 -279.0  24.0' goal '2049.0 -535.0 104.0'
ARGLOG Omi t  58.4 pos '2196.2 -227.0  24.0' spd 338.3 yaw 202 mode 2 st 3 gl 2 hp 60 frg 0
ARGLOG Reap t  58.6 pos '2163.2 -2113.8 107.1' spd  35.4 yaw 93 mode 2 st 3 gl 1 hp 100 frg -1
ARGLOG Omi t  59.0 pos '2043.4 -145.3  24.0' spd 396.5 yaw 271 mode 2 st 3 gl 2 hp 60 frg 0
ARGLOG Reap t  59.1 pos '2153.0 -1995.2  72.0' spd 320.0 yaw 93 mode 2 st 3 gl 1 hp 100 frg -1
ARGEVT Omi jump
ARGLOG Omi t  59.5 pos '1960.8 -240.0  56.1' spd  93.7 yaw 287 mode 2 st 3 gl 2 hp 60 frg 0
ARGEVT Zeus respawn
ARGEVT Zeus goal weapon_rocketlauncher
ARGLOG Zeus t  59.6 pos '2576.0 -1328.0  24.0' spd 0 yaw 256 mode 0 st 2 gl 2 hp 100 frg 0
ARGLOG Reap t  59.6 pos '2212.7 -1844.5  24.0' spd 337.3 yaw 20 mode 2 st 3 gl 1 hp 100 frg -1
ARGEVT Zeus route 2 start '2529.0 -1367.0  24.0' goal '2465.0 -1751.0  24.0'
ARGLOG Omi t  60.0 pos '1950.9 -240.0  24.0' spd  69.0 yaw 289 mode 2 st 3 gl 2 hp 60 frg 0
ARGEVT Zeus engage Reap
ARGEVT Reap engage Zeus
ARGLOG Zeus t  60.2 pos '2492.2 -1469.1  24.0' spd 361.4 yaw 257.4 mode 2 st 2 gl 2 hp 100 frg 0
ARGLOG Reap t  60.2 pos '2386.2 -1810.8  24.0' spd 321.6 yaw  83.2 mode 1 st 3 gl 1 hp 100 frg -1
ARGLOG Omi t  60.6 pos '2020.3 -364.4  88.0' spd 323.4 yaw 272 mode 1 st 3 gl 2 hp 60 frg 0
ARGLOG Zeus t  60.8 pos '2401.1 -1483.4  24.0' spd 320.0 yaw 304.3 mode 2 st 2 gl 2 hp 100 frg 0
ARGLOG Reap t  60.8 pos '2574.5 -1798.3  24.0' spd 335.5 yaw 114.7 mode 1 st 3 gl 1 hp 80 frg -1
ARGEVT Omi goal weapon_rocketlauncher
ARGEVT Omi routefail
ARGEVT Omi goal item_health
ARGLOG Omi t  61.1 pos '2046.0 -524.5 104.0' spd 321.6 yaw 272 mode 0 st 3 gl 3 hp 100 frg 0
ARGEVT Omi route 15 start '2049.0 -535.0 104.0' goal '2049.0 -1015.0 344.0'
ARGEVT Omi hazard
ARGLOG Zeus t  61.3 pos '2578.6 -1451.6  24.0' spd 332.0 yaw 251.6 mode 2 st 2 gl 2 hp 100 frg 0
ARGLOG Reap t  61.3 pos '2460.2 -1815.7  24.0' spd 343.4 yaw  59.1 mode 1 st 3 gl 1 hp 56 frg -1
ARGLOG Omi t  61.6 pos '1918.7 -532.7  88.0' spd 373.2 yaw 75 mode 2 st 3 gl 3 hp 100 frg 0
ARGEVT Reap hazard
ARGLOG Zeus t  61.8 pos '2502.1 -1403.0  24.0' spd 334.4 yaw 263.8 mode 2 st 2 gl 2 hp 80 frg 0
ARGLOG Reap t  61.8 pos '2383.1 -1822.2  24.0' spd 345.3 yaw  81.7 mode 1 st 3 gl 1 hp 32 frg -1
ARGLOG Omi t  62.2 pos '1822.6 -469.5  40.0' spd 138.9 yaw 58 mode 2 st 3 gl 3 hp 100 frg 0
ARGEVT Zeus hazard
ARGEVT Omi hazard
ARGLOG Zeus t  62.4 pos '2370.2 -1390.1  24.0' spd 183.9 yaw 290.6 mode 2 st 2 gl 2 hp 80 frg 0
ARGLOG Reap t  62.4 pos '2565.1 -1825.2  24.0' spd 326.4 yaw 114.3 mode 1 st 3 gl 1 hp 32 frg -1
ARGLOG Omi t  62.8 pos '1900.1 -464.0  72.0' spd 258.2 yaw 69 mode 2 st 3 gl 3 hp 100 frg 0
ARGLOG Zeus t  62.9 pos '2551.4 -1351.9  24.0' spd 337.0 yaw 249.9 mode 2 st 2 gl 2 hp 64 frg 0
ARGLOG Reap t  62.9 pos '2450.7 -1832.6  24.0' spd 334.3 yaw  67.7 mode 1 st 3 gl 1 hp 12 frg -1
ARGEVT Reap hazard
ARGLOG Omi t  63.3 pos '1989.2 -413.3 104.0' spd 337.3 yaw 83 mode 2 st 3 gl 3 hp 100 frg 0
ARGLOG Zeus t  63.5 pos '2718.2 -1423.4  24.0' spd 323.0 yaw 231.8 mode 2 st 2 gl 2 hp 64 frg 0
ARGLOG Reap t  63.5 pos '2397.0 -1829.0  24.0' spd 320.1 yaw  52.1 mode 1 st 3 gl 1 hp 12 frg -1
ARGEVT Reap pursue
ARGEVT Zeus pursue
ARGLOG Omi t  63.8 pos '2008.5 -251.4  40.0' spd 320.0 yaw 72 mode 2 st 3 gl 3 hp 100 frg 0
ARGLOG Zeus t  64.0 pos '2707.9 -1521.8  72.0' spd 320.4 yaw 219 mode 2 st 2 gl 2 hp 64 frg 0
ARGLOG Reap t  64.0 pos '2537.6 -1805.2  24.0' spd 366.3 yaw  64.9 mode 1 st 3 gl 1 hp 12 frg -1
ARGEVT Reap death Zeus pos '2562.4 -1770.2  24.0'
ARGEVT Zeus goal item_armorInv
ARGLOG Omi t  64.4 pos '2062.3 -78.9  24.0' spd 320.0 yaw 79 mode 2 st 3 gl 3 hp 100 frg 0
ARGLOG Zeus t  64.6 pos '2545.9 -1601.5  69.0' spd 320.1 yaw 251.7 mode 0 st 2 gl 2 hp 64 frg 1
ARGEVT Zeus routefail
ARGEVT Zeus goal item_health
ARGEVT Zeus routefail
ARGEVT Zeus goal weapon_rocketlauncher
ARGLOG Omi t  64.9 pos '2107.7  94.2  24.0' spd 320.8 yaw 35 mode 2 st 3 gl 3 hp 100 frg 0
ARGEVT Zeus route 15 start '2465.0 -1591.0  24.0' goal '1441.0 -695.0 184.0'
ARGLOG Zeus t  65.1 pos '2396.7 -1705.1  24.0' spd 360.7 yaw 95 mode 2 st 2 gl 2 hp 64 frg 1
ARGEVT Zeus hazard
ARGLOG Omi t  65.5 pos '2205.7 246.2  24.0' spd 321.6 yaw 20 mode 2 st 3 gl 3 hp 100 frg 0
ARGLOG Zeus t  65.7 pos '2284.6 -1648.0  24.0' spd 255.3 yaw 71 mode 2 st 2 gl 2 hp 64 frg 1
ARGEVT Reap respawn
ARGEVT Reap goal weapon_supershotgun
ARGLOG Reap t  65.9 pos '2704.0 -2048.0 128.0' spd 0 yaw 278 mode 1 st 3 gl 1 hp 100 frg -1
ARGLOG Omi t  66.1 pos '2358.5 335.6  20.9' spd 320.4 yaw 358 mode 2 st 3 gl 3 hp 100 frg 0
ARGLOG Zeus t  66.2 pos '2447.1 -1575.1  24.0' spd 395.9 yaw 87 mode 2 st 2 gl 2 hp 64 frg 1
ARGLOG Reap t  66.4 pos '2725.5 -2199.7 120.0' spd 320.0 yaw 276 mode 1 st 3 gl 1 hp 100 frg -1
ARGLOG Omi t  66.6 pos '2539.0 313.7 -72.0' spd 334.1 yaw 284 mode 2 st 3 gl 3 hp 100 frg 0
ARGEVT Reap goal item_health
ARGLOG Zeus t  66.8 pos '2419.3 -1387.4  24.0' spd 330.2 yaw 79 mode 2 st 2 gl 2 hp 64 frg 1
ARGEVT Reap routefail
ARGEVT Reap goal item_armorInv
ARGLOG Reap t  67.0 pos '2672.0 -2339.1 120.0' spd  53.4 yaw 117.9 mode 0 st 3 gl 2 hp 100 frg -1
ARGEVT Reap route 18 start '2689.0 -2327.0 120.0' goal '2369.0 -599.0  56.0'
ARGLOG Omi t  67.1 pos '2639.3 186.5 -72.0' spd 331.9 yaw 320 mode 2 st 3 gl 3 hp 100 frg 0
ARGLOG Zeus t  67.3 pos '2451.6 -1284.0  24.0' spd 229.4 yaw 83 mode 2 st 2 gl 2 hp 89 frg 1
ARGEVT Reap hazard
ARGLOG Reap t  67.6 pos '2538.7 -2265.3 120.0' spd 344.3 yaw 220 mode 2 st 3 gl 2 hp 100 frg -1
ARGLOG Omi t  67.7 pos '2640.4   6.2 -72.0' spd 320.9 yaw 0 mode 2 st 3 gl 3 hp 100 frg 0
ARGEVT Omi door
ARGLOG Zeus t  67.9 pos '2490.1 -1108.2  24.0' spd 320.3 yaw 88 mode 2 st 2 gl 2 hp 89 frg 1
ARGEVT Omi hazard
ARGLOG Reap t  68.1 pos '2407.1 -2387.6 120.0' spd 323.6 yaw 217 mode 2 st 3 gl 2 hp 100 frg -1
ARGEVT Zeus lift
ARGEVT Zeus jump
ARGLOG Omi t  68.2 pos '2592.0 -80.0 -72.0' spd 0 yaw 205.0 mode 2 st 3 gl 3 hp 100 frg 0
ARGLOG Zeus t  68.4 pos '2501.9 -912.0  84.7' spd  11.3 yaw 81 mode 2 st 2 gl 2 hp 89 frg 1
ARGEVT Reap jump
ARGLOG Reap t  68.7 pos '2291.0 -2512.0 183.8' spd 275.9 yaw 128 mode 2 st 3 gl 2 hp 100 frg -1
ARGEVT Omi stall
ARGEVT Omi stallnode '2849.0   9.0 -72.0'
ARGLOG Omi t  68.8 pos '2592.0 -80.0 -72.0' spd 0 yaw 376.5 mode 0 st 4 gl 3 hp 100 frg 0
ARGEVT Omi jump
ARGLOG Zeus t  68.9 pos '2538.5 -843.2 120.0' spd 320.1 yaw 86 mode 2 st 2 gl 2 hp 89 frg 1
ARGEVT Omi route 5 start '2625.0 -55.0 -72.0' goal '2049.0 -1015.0 344.0'
ARGLOG Reap t  69.2 pos '2214.7 -2427.2 200.0' spd 320.0 yaw 124 mode 2 st 3 gl 2 hp 100 frg -1
ARGLOG Omi t  69.4 pos '2576.2 -80.0 -60.4' spd  33.4 yaw 206.0 mode 2 st 4 gl 3 hp 100 frg 0
ARGLOG Zeus t  69.4 pos '2581.4 -687.0 120.0' spd 327.5 yaw 83 mode 2 st 2 gl 2 hp 89 frg 1
ARGEVT Reap hazard
ARGLOG Reap t  69.8 pos '2128.0 -2312.3 181.4' spd 205.9 yaw 87 mode 2 st 3 gl 2 hp 100 frg -1
ARGEVT Omi route 6 start '2433.0 -55.0 -72.0' goal '2049.0 -1015.0 344.0'
ARGLOG Omi t  69.9 pos '2420.3 -80.0 -72.0' spd 339.5 yaw 223.0 mode 2 st 4 gl 3 hp 100 frg 0
ARGLOG Zeus t  70.0 pos '2588.7 -507.7 120.0' spd 320.5 yaw 85 mode 2 st 2 gl 2 hp 89 frg 1
ARGLOG Reap t  70.4 pos '2134.1 -2167.9  88.0' spd 320.2 yaw 88 mode 2 st 3 gl 2 hp 100 frg -1
ARGLOG Omi t  70.4 pos '2238.5 -81.1 -136.0' spd 364.1 yaw 277 mode 0 st 4 gl 3 hp 100 frg 0
ARGLOG Zeus t  70.5 pos '2610.5 -346.6 120.0' spd 335.7 yaw 128.0 mode 0 st 2 gl 2 hp 89 frg 1
ARGEVT Omi routefail
ARGEVT Zeus hazard
ARGEVT Zeus route 8 start '2625.0 -279.0 120.0' goal '1441.0 -695.0 184.0'
ARGEVT Omi goal 
ARGLOG Reap t  70.9 pos '2145.0 -2007.6  88.0' spd 320.1 yaw 89 mode 2 st 3 gl 2 hp 100 frg -1
ARGLOG Omi t  70.9 pos '2231.5 -208.0 -136.0' spd 124.6 yaw   4.0 mode 1 st 4 gl 3 hp 100 frg 0
ARGLOG Zeus t  71.1 pos '2560.0 -299.9 120.0' spd  75.6 yaw 51 mode 2 st 2 gl 2 hp 89 frg 1
ARGLOG Reap t  71.4 pos '2217.1 -1844.3  24.0' spd 343.0 yaw 45 mode 2 st 3 gl 2 hp 100 frg -1
ARGLOG Omi t  71.5 pos '2231.5 -208.0 -136.0' spd 0 yaw 55 mode 1 st 4 gl 3 hp 100 frg 0
ARGLOG Zeus t  71.6 pos '2588.9 -135.8 120.0' spd 320.1 yaw 26 mode 2 st 2 gl 2 hp 100 frg 1
ARGLOG Reap t  72.0 pos '2393.2 -1788.7  24.0' spd 357.0 yaw 93 mode 2 st 3 gl 2 hp 100 frg -1
ARGLOG Omi t  72.1 pos '2231.5 -208.0 -136.0' spd 0 yaw 55 mode 1 st 4 gl 3 hp 100 frg 0
ARGLOG Zeus t  72.2 pos '2640.0  16.0 120.0' spd 0 yaw 359 mode 2 st 2 gl 2 hp 100 frg 1
ARGLOG Reap t  72.5 pos '2466.4 -1639.7  24.0' spd 343.0 yaw 90 mode 2 st 3 gl 2 hp 100 frg -1
ARGLOG Omi t  72.6 pos '2231.5 -208.0 -136.0' spd 0 yaw 55 mode 1 st 4 gl 3 hp 100 frg 0
ARGLOG Zeus t  72.7 pos '2640.0 -66.4 120.0' spd 100.4 yaw 19 mode 2 st 2 gl 2 hp 100 frg 1
ARGLOG Reap t  73.1 pos '2415.7 -1464.7  24.0' spd 326.0 yaw 81 mode 2 st 3 gl 2 hp 100 frg -1
ARGLOG Omi t  73.1 pos '2231.5 -208.0 -136.0' spd 0 yaw 55 mode 1 st 4 gl 3 hp 100 frg 0
ARGLOG Zeus t  73.2 pos '2640.0 -63.0 120.0' spd  13.8 yaw 19 mode 2 st 2 gl 2 hp 100 frg 1
ARGEVT Reap hazard
ARGEVT Zeus stall
ARGEVT Zeus stallnode '2753.0 -55.0 -72.0'
ARGEVT Zeus jump
ARGLOG Reap t  73.6 pos '2441.7 -1296.0  24.0' spd 288.4 yaw 80 mode 2 st 3 gl 2 hp 100 frg -1
ARGLOG Omi t  73.7 pos '2231.5 -208.0 -136.0' spd 0 yaw 55 mode 1 st 4 gl 3 hp 100 frg 0
ARGLOG Zeus t  73.8 pos '2640.0 -60.6 151.8' spd  20.1 yaw 302.5 mode 0 st 3 gl 2 hp 100 frg 1
ARGEVT Zeus route 7 start '2625.0   9.0 120.0' goal '1441.0 -695.0 184.0'
ARGLOG Reap t  74.2 pos '2509.2 -1128.4  24.0' spd 322.9 yaw 92 mode 2 st 3 gl 2 hp 100 frg -1
ARGLOG Omi t  74.2 pos '2231.5 -208.0 -136.0' spd 0 yaw 55 mode 1 st 4 gl 3 hp 100 frg 0
ARGLOG Zeus t  74.4 pos '2605.1 -64.8 120.0' spd 327.8 yaw 3 mode 2 st 3 gl 2 hp 100 frg 1
ARGEVT Reap lift
ARGEVT Reap jump
ARGLOG Reap t  74.7 pos '2501.8 -927.6  74.1' spd 320.0 yaw 133 mode 2 st 3 gl 2 hp 100 frg -1
ARGLOG Omi t  74.7 pos '2231.5 -208.0 -136.0' spd 0 yaw 55 mode 1 st 4 gl 3 hp 100 frg 0
ARGEVT Reap door
ARGLOG Zeus t  74.9 pos '2619.2  14.5 120.0' spd 329.2 yaw 359 mode 2 st 3 gl 2 hp 100 frg 1
ARGLOG Reap t  75.2 pos '2486.1 -912.0 120.0' spd  13.0 yaw 257.0 mode 2 st 3 gl 2 hp 100 frg -1
ARGLOG Omi t  75.2 pos '2231.5 -208.0 -136.0' spd 0 yaw 55 mode 1 st 4 gl 3 hp 100 frg 0
ARGLOG Zeus t  75.4 pos '2640.0 -61.7 120.0' spd 124.4 yaw 18 mode 2 st 3 gl 2 hp 100 frg 1
ARGEVT Reap door
ARGLOG Reap t  75.7 pos '2448.0 -973.3 120.0' spd 225.6 yaw 107 mode 2 st 3 gl 2 hp 100 frg -1
ARGEVT Reap hazard
ARGLOG Omi t  75.7 pos '2231.5 -208.0 -136.0' spd 0 yaw 55 mode 1 st 4 gl 3 hp 100 frg 0
ARGLOG Zeus t  75.9 pos '2640.0 -62.9 120.0' spd  14.1 yaw 18 mode 2 st 3 gl 2 hp 100 frg 1
ARGEVT Omi abandon
ARGEVT Omi goal item_armor2
ARGEVT Omi routefail
ARGEVT Omi hazard
ARGLOG Reap t  76.2 pos '2448.0 -902.0 120.0' spd 334.4 yaw 114 mode 2 st 3 gl 2 hp 100 frg -1
ARGEVT Omi goal item_armorInv
ARGLOG Omi t  76.3 pos '2288.0 -159.0 -136.0' spd 324.7 yaw 57 mode 0 st 4 gl 3 hp 100 frg 0
ARGEVT Omi routefail
ARGLOG Zeus t  76.4 pos '2640.0 -58.5 120.0' spd   3.5 yaw 17 mode 2 st 3 gl 2 hp 100 frg 1
ARGEVT Omi goal item_armor2
ARGEVT Zeus stall
ARGEVT Zeus stallnode '2753.0 -55.0 -72.0'
ARGEVT Zeus jump
ARGEVT Omi route 9 start '2337.0 -55.0 -104.0' goal '2017.0 -983.0  32.0'
ARGEVT Reap hazard
ARGLOG Reap t  76.8 pos '2446.2 -816.0 120.0' spd  37.1 yaw 109 mode 2 st 3 gl 2 hp 100 frg -1
ARGLOG Omi t  76.9 pos '2332.4 -77.5 -104.0' spd 201.6 yaw 9 mode 2 st 4 gl 3 hp 100 frg 0
ARGEVT Zeus route 7 start '2625.0   9.0 120.0' goal '1441.0 -695.0 184.0'
ARGLOG Zeus t  77.0 pos '2640.0 -65.4 155.8' spd  31.8 yaw 5 mode 2 st 4 gl 2 hp 100 frg 1
ARGLOG Reap t  77.4 pos '2408.4 -816.0 120.0' spd 272.8 yaw 100 mode 2 st 3 gl 2 hp 100 frg -1
ARGLOG Omi t  77.4 pos '2511.8 -63.3 -64.0' spd 320.0 yaw 12 mode 2 st 4 gl 3 hp 100 frg 0
ARGLOG Zeus t  77.5 pos '2573.7 -32.1 120.0' spd 365.0 yaw 353 mode 2 st 4 gl 2 hp 100 frg 1
ARGEVT Omi door
ARGLOG Reap t  77.9 pos '2352.0 -741.6  56.0' spd 197.3 yaw 66 mode 1 st 3 gl 2 hp 100 frg -1
ARGLOG Omi t  77.9 pos '2672.2 -80.0 -72.0' spd 281.9 yaw 263.9 mode 2 st 4 gl 3 hp 100 frg 0
ARGEVT Omi hazard
ARGLOG Zeus t  78.0 pos '2640.0   1.2 120.0' spd 139.3 yaw 2 mode 2 st 4 gl 2 hp 100 frg 1
ARGEVT Reap goal weapon_nailgun
ARGEVT Reap abandon
ARGEVT Reap route 4 start '2369.0 -599.0  56.0' goal '2529.0 -215.0  32.0'
ARGLOG Reap t  78.4 pos '2360.1 -665.5  56.0' spd 320.9 yaw 256.1 mode 2 st 3 gl 3 hp 100 frg -1
ARGLOG Omi t  78.4 pos '2592.0 -80.0 -72.0' spd 0 yaw 205 mode 2 st 4 gl 3 hp 100 frg 0
ARGEVT Reap goal weapon_grenadelauncher
ARGEVT Reap route 16 start '2369.0 -727.0  56.0' goal '2049.0 -1015.0 344.0'
ARGLOG Zeus t  78.6 pos '2640.0 -68.8 120.0' spd  24.6 yaw 20 mode 2 st 4 gl 2 hp 100 frg 1
ARGEVT Reap hazard
ARGLOG Reap t  78.9 pos '2384.0 -829.1  56.0' spd 191.8 yaw 98 mode 2 st 3 gl 3 hp 100 frg -1
ARGLOG Omi t  79.0 pos '2592.0 -80.0 -72.0' spd 0 yaw 205 mode 2 st 4 gl 3 hp 100 frg 0
ARGLOG Zeus t  79.1 pos '2640.0 -60.4 120.0' spd  10.4 yaw 18 mode 2 st 4 gl 2 hp 100 frg 1
ARGEVT Omi stall
ARGEVT Omi stallnode '2849.0   9.0 -72.0'
ARGEVT Omi jump
ARGLOG Reap t  79.5 pos '2373.5 -693.3  56.0' spd 320.0 yaw 100 mode 2 st 3 gl 3 hp 100 frg -1
ARGLOG Omi t  79.6 pos '2586.4 -80.0 -35.7' spd  30.8 yaw 194 mode 0 st 5 gl 3 hp 100 frg 0
ARGEVT Zeus stall
ARGEVT Zeus stallnode '2753.0 -55.0 -72.0'
ARGEVT Zeus jump
ARGEVT Omi route 7 start '2625.0 -55.0 -72.0' goal '2017.0 -983.0  32.0'
ARGLOG Zeus t  79.7 pos '2640.0 -57.6 133.7' spd   3.4 yaw 340.5 mode 0 st 5 gl 2 hp 100 frg 1
ARGEVT Reap hazard
ARGEVT Zeus route 7 start '2625.0   9.0 120.0' goal '1441.0 -695.0 184.0'
ARGLOG Reap t  80.1 pos '2352.0 -584.0  56.0' spd 0 yaw 127 mode 2 st 3 gl 3 hp 100 frg -1
ARGLOG Omi t  80.1 pos '2522.5 -80.0 -64.0' spd 334.5 yaw 210 mode 2 st 5 gl 3 hp 100 frg 0
ARGLOG Zeus t  80.2 pos '2638.5 -72.6 131.2' spd  45.1 yaw 8 mode 2 st 5 gl 2 hp 100 frg 1
ARGLOG Reap t  80.6 pos '2352.0 -584.0  56.0' spd 0 yaw 127 mode 2 st 3 gl 3 hp 100 frg -1
ARGLOG Omi t  80.7 pos '2325.0 -80.0 -80.9' spd 366.8 yaw 246 mode 2 st 5 gl 3 hp 100 frg 0
ARGEVT Reap stall
ARGEVT Reap stallnode '2337.0 -503.0   8.0'
ARGEVT Reap jump
ARGLOG Zeus t  80.7 pos '2582.3  16.0 120.0' spd 238.0 yaw 359 mode 2 st 5 gl 2 hp 100 frg 1
ARGEVT Reap route 15 start '2369.0 -599.0  56.0' goal '2049.0 -1015.0 344.0'
ARGEVT Omi routefail
ARGLOG Omi t  81.2 pos '2207.4 -165.6 -135.1' spd 362.2 yaw 307 mode 0 st 5 gl 3 hp 100 frg 0
ARGLOG Reap t  81.2 pos '2440.0 -565.7  56.0' spd 113.5 yaw 147 mode 2 st 4 gl 3 hp 100 frg -1
ARGLOG Zeus t  81.2 pos '2640.0 -49.1 120.0' spd 188.0 yaw 15 mode 2 st 5 gl 2 hp 100 frg 1
ARGEVT Omi goal item_spikes
ARGEVT Omi routefail
ARGEVT Omi goal item_armor2
ARGEVT Omi routefail
ARGLOG Omi t  81.7 pos '2235.9 -208.0 -136.0' spd  57.2 yaw 280.8 mode 0 st 5 gl 3 hp 100 frg 0
ARGLOG Reap t  81.7 pos '2419.7 -404.4   9.0' spd 338.4 yaw 149 mode 2 st 4 gl 3 hp 100 frg -1
ARGLOG Zeus t  81.7 pos '2640.0 -64.7 120.0' spd  17.3 yaw 19 mode 2 st 5 gl 2 hp 100 frg 1
ARGEVT Omi goal 
ARGEVT Omi routefail
ARGEVT Omi trapped
ARGEVT Omi death Omi pos '2235.9 -208.0 -136.0'
ARGEVT Zeus engage Reap
ARGEVT Reap engage Zeus
ARGLOG Reap t  82.2 pos '2267.5 -367.8   8.0' spd 380.5 yaw  36.2 mode 2 st 4 gl 3 hp 100 frg -1
ARGLOG Zeus t  82.2 pos '2615.2 -40.4 120.0' spd 320.0 yaw 244.7 mode 2 st 5 gl 2 hp 100 frg 1
ARGEVT Reap route 13 start '2305.0 -343.0   8.0' goal '2049.0 -1015.0 344.0'
ARGLOG Reap t  82.7 pos '2388.4 -442.8   8.0' spd 326.9 yaw  80.8 mode 2 st 4 gl 3 hp 100 frg -1
ARGLOG Zeus t  82.8 pos '2470.6  11.7 120.0' spd  87.1 yaw 275.9 mode 2 st 5 gl 2 hp 100 frg 1
ARGEVT Reap route 15 start '2593.0 -503.0  32.0' goal '2049.0 -1015.0 344.0'
ARGEVT Zeus pursue
ARGLOG Reap t  83.3 pos '2567.8 -457.2  24.0' spd 320.1 yaw 340.8 mode 2 st 4 gl 3 hp 100 frg -1
ARGLOG Zeus t  83.4 pos '2625.5 -58.6 120.0' spd 346.4 yaw 245.9 mode 2 st 5 gl 2 hp 100 frg 1
ARGEVT Reap pursue
ARGEVT Omi respawn
ARGEVT Reap hazard
ARGEVT Omi goal weapon_rocketlauncher
ARGLOG Omi t  83.7 pos '1712.0 -504.0  24.0' spd 0 yaw 249.8 mode 0 st 5 gl 3 hp 100 frg -1
ARGEVT Omi route 19 start '1729.0 -471.0  24.0' goal '1441.0 -695.0 184.0'
ARGLOG Reap t  83.8 pos '2583.2 -528.0  32.0' spd 324.9 yaw 180.2 mode 2 st 4 gl 3 hp 100 frg -1
ARGLOG Zeus t  83.9 pos '2595.3 -225.3 120.0' spd 323.1 yaw 234 mode 2 st 5 gl 2 hp 100 frg 1
ARGLOG Omi t  84.2 pos '1709.0 -657.0  24.0' spd 399.1 yaw 29 mode 2 st 5 gl 3 hp 100 frg -1
ARGEVT Omi hazard
ARGLOG Reap t  84.4 pos '2455.1 -408.7   8.0' spd 335.1 yaw 83 mode 2 st 4 gl 3 hp 100 frg -1
ARGLOG Zeus t  84.4 pos '2560.0 -405.5 120.0' spd 362.2 yaw 199 mode 0 st 5 gl 2 hp 100 frg 1
ARGEVT Zeus route 9 start '2561.0 -375.0 120.0' goal '1441.0 -695.0 184.0'
ARGEVT Reap hazard
ARGLOG Omi t  84.7 pos '1795.3 -515.8  24.0' spd 396.9 yaw 356 mode 2 st 5 gl 3 hp 100 frg -1
ARGLOG Reap t  84.9 pos '2389.0 -354.3   8.0' spd 325.2 yaw 313.3 mode 2 st 4 gl 3 hp 100 frg -1
ARGLOG Zeus t  85.0 pos '2572.9 -528.0 121.3' spd 153.9 yaw 151.8 mode 2 st 5 gl 2 hp 51 frg 1
ARGEVT Zeus abandon
ARGEVT Zeus goal item_health
ARGEVT Zeus route 2 start '2561.0 -503.0 120.0' goal '2529.0 -215.0 120.0'
ARGEVT Zeus pursue
ARGLOG Omi t  85.3 pos '1975.8 -508.0 104.0' spd 324.5 yaw 83 mode 2 st 5 gl 3 hp 100 frg -1
ARGLOG Reap t  85.5 pos '2330.8 -524.1   8.0' spd 345.7 yaw  32.9 mode 2 st 4 gl 3 hp 100 frg -1
ARGLOG Zeus t  85.5 pos '2556.4 -385.9 137.7' spd 321.1 yaw 197.3 mode 2 st 5 gl 2 hp 51 frg 1
ARGEVT Zeus death Zeus pos '2567.9 -344.4 135.6'
ARGLOG Omi t  85.8 pos '2047.0 -356.9  88.0' spd 347.1 yaw 98 mode 2 st 5 gl 3 hp 100 frg -1
ARGLOG Reap t  86.0 pos '2268.4 -404.7   8.0' spd 320.0 yaw 98 mode 2 st 4 gl 3 hp 100 frg -1
ARGEVT Omi engage Reap
ARGLOG Omi t  86.3 pos '1986.6 -202.7  24.0' spd 349.9 yaw  20.7 mode 2 st 5 gl 3 hp 100 frg -1
ARGEVT Reap engage Omi
ARGEVT Reap route 12 start '2209.0 -279.0  24.0' goal '2049.0 -1015.0 344.0'
ARGLOG Reap t  86.5 pos '2202.1 -227.5  24.0' spd 346.7 yaw 153.7 mode 2 st 4 gl 3 hp 100 frg -1
ARGLOG Omi t  86.9 pos '2046.5 -26.6  24.0' spd 437.1 yaw 330.0 mode 2 st 5 gl 3 hp 52 frg -1
ARGLOG Reap t  87.1 pos '2260.3 -55.5  24.0' spd 339.3 yaw 170.0 mode 2 st 4 gl 3 hp 96 frg -1
ARGEVT Zeus respawn
ARGEVT Zeus goal 
ARGLOG Zeus t  87.3 pos '2048.0 -1352.0 136.0' spd 0 yaw 160.2 mode 0 st 5 gl 2 hp 100 frg 0
ARGEVT Zeus routefail
ARGLOG Omi t  87.5 pos '2046.5 -124.9  24.0' spd 336.6 yaw  34.0 mode 2 st 5 gl 3 hp 52 frg -1
ARGEVT Zeus goal item_armorInv
ARGEVT Zeus routefail
ARGLOG Reap t  87.7 pos '2295.3 -44.0  40.0' spd 321.8 yaw 219.8 mode 2 st 4 gl 3 hp 92 frg -1
ARGEVT Zeus goal item_armor2
ARGEVT Zeus route 2 start '2049.0 -1239.0 136.0' goal '2017.0 -983.0  32.0'
ARGLOG Zeus t  87.8 pos '2016.1 -1224.9 152.0' spd 333.4 yaw 89 mode 2 st 5 gl 2 hp 100 frg 0
ARGLOG Omi t  88.0 pos '2137.3 -243.0  24.0' spd 103.8 yaw  62.5 mode 2 st 5 gl 3 hp 36 frg -1
ARGLOG Reap t  88.2 pos '2194.2  14.5  24.0' spd 337.9 yaw 244.9 mode 2 st 4 gl 3 hp 88 frg -1
ARGLOG Zeus t  88.3 pos '2060.6 -1065.2 200.0' spd 339.0 yaw 117 mode 2 st 5 gl 2 hp 100 frg 0
ARGLOG Omi t  88.6 pos '1989.2 -145.4  24.0' spd 359.1 yaw  18.2 mode 2 st 5 gl 3 hp 4 frg -1
ARGLOG Reap t  88.8 pos '2243.2 -86.5  24.0' spd 340.2 yaw 176.6 mode 2 st 4 gl 3 hp 88 frg -1
ARGLOG Zeus t  88.9 pos '2032.0 -881.3 134.8' spd 332.9 yaw 333.7 mode 1 st 5 gl 2 hp 100 frg 0
ARGLOG Omi t  89.2 pos '1935.5  -4.1  24.0' spd 215.0 yaw 324.0 mode 2 st 5 gl 3 hp 9 frg -1
ARGEVT Reap route 12 start '2273.0 -183.0  24.0' goal '2049.0 -1015.0 344.0'
ARGLOG Reap t  89.3 pos '2208.2 -252.9  24.0' spd 348.9 yaw 146.6 mode 2 st 4 gl 3 hp 84 frg -1
ARGLOG Zeus t  89.5 pos '2078.8 -891.7  32.0' spd 176.6 yaw 77 mode 1 st 5 gl 2 hp 100 frg 0
ARGEVT Zeus goal weapon_grenadelauncher
ARGEVT Zeus jump
ARGEVT Zeus routefail
ARGLOG Omi t  89.7 pos '1999.6  16.0  24.0' spd 293.5 yaw 290.2 mode 2 st 5 gl 3 hp 9 frg -1
ARGEVT Reap route 13 start '2145.0 -375.0   8.0' goal '2049.0 -1015.0 344.0'
ARGEVT Zeus goal 
ARGEVT Omi death Reap pos '2020.3  16.0  24.0'
ARGEVT Zeus routefail
ARGLOG Reap t  89.8 pos '2186.1 -310.3  24.0' spd 320.0 yaw 160.5 mode 2 st 4 gl 3 hp 84 frg 0
ARGEVT Reap goal weapon_rocketlauncher
ARGEVT Reap route 13 start '2209.0 -279.0  24.0' goal '1441.0 -695.0 184.0'
ARGEVT Zeus goal item_health
ARGLOG Zeus t  90.0 pos '2066.6 -848.0  54.7' spd  46.4 yaw  85.2 mode 0 st 5 gl 2 hp 100 frg 0
ARGEVT Zeus routefail
ARGEVT Reap hazard
ARGEVT Zeus hazard
ARGEVT Zeus door
ARGEVT Zeus goal 
ARGEVT Zeus routefail
ARGLOG Reap t  90.3 pos '2122.2 -203.8  24.0' spd 320.0 yaw 91 mode 2 st 4 gl 3 hp 84 frg 0
ARGEVT Zeus trapped
ARGEVT Zeus death Zeus pos '2057.3 -841.9  32.0'
ARGLOG Reap t  90.9 pos '2161.2 -24.9  24.0' spd 334.5 yaw 67 mode 2 st 4 gl 3 hp 84 frg 0
ARGEVT Omi respawn
ARGEVT Omi goal item_armorInv
ARGLOG Omi t  91.4 pos '2248.0 -16.0 -136.0' spd 0 yaw 340.5 mode 0 st 5 gl 3 hp 100 frg -1
ARGEVT Omi routefail
ARGLOG Reap t  91.5 pos '2143.6 155.8  24.0' spd 343.1 yaw 30 mode 2 st 4 gl 3 hp 84 frg 0
ARGEVT Omi goal 
ARGEVT Omi hazard
ARGEVT Omi route 8 start '2337.0 -55.0 -104.0' goal '1985.0   9.0  24.0'
ARGEVT Omi engage Reap
ARGEVT Reap engage Omi
ARGLOG Omi t  92.0 pos '2306.8 -75.5 -120.0' spd 174.4 yaw 117.4 mode 2 st 5 gl 3 hp 100 frg -1
ARGLOG Reap t  92.0 pos '2220.4 285.6  24.0' spd  85.4 yaw 285.1 mode 2 st 4 gl 3 hp 84 frg 0
ARGEVT Zeus respawn
ARGEVT Zeus goal item_armor2
ARGLOG Zeus t  92.1 pos '2560.0 -192.0  32.0' spd 0 yaw 159.8 mode 0 st 5 gl 2 hp 100 frg -1
ARGEVT Zeus route 8 start '2529.0 -215.0  32.0' goal '2753.0 -55.0 -72.0'
ARGEVT Reap pursue
ARGEVT Omi pursue
ARGLOG Omi t  92.5 pos '2210.4 -61.6 -136.0' spd 193.2 yaw 90 mode 2 st 5 gl 3 hp 100 frg -1
ARGLOG Reap t  92.5 pos '2131.6 206.8  24.0' spd 315.2 yaw 302 mode 2 st 4 gl 3 hp 84 frg 0
ARGLOG Zeus t  92.6 pos '2408.0 -176.6  24.0' spd 320.4 yaw 136 mode 2 st 5 gl 2 hp 100 frg -1
ARGEVT Omi hazard
ARGEVT Reap hazard
ARGLOG Omi t  93.0 pos '2324.2  16.0 -104.0' spd 320.0 yaw 359 mode 2 st 5 gl 3 hp 100 frg -1
ARGLOG Reap t  93.0 pos '2200.9  80.0  24.0' spd 0 yaw  24.6 mode 2 st 4 gl 3 hp 84 frg 0
ARGLOG Zeus t  93.2 pos '2233.9 -130.2  24.0' spd 358.3 yaw 110 mode 2 st 5 gl 2 hp 100 frg -1
ARGEVT Zeus engage Reap
ARGLOG Omi t  93.5 pos '2490.5  16.0 -72.0' spd 355.4 yaw  79.3 mode 2 st 5 gl 3 hp 100 frg -1
ARGLOG Reap t  93.5 pos '2192.0 162.2  24.0' spd 329.3 yaw 55 mode 2 st 4 gl 3 hp 84 frg 0
ARGLOG Zeus t  93.7 pos '2120.5 -38.1  24.0' spd 320.3 yaw  74.2 mode 2 st 5 gl 2 hp 100 frg -1
ARGEVT Omi goal 
ARGEVT Omi routefail
ARGLOG Omi t  94.1 pos '2384.4 -61.6 -72.0' spd 332.6 yaw  96.7 mode 0 st 5 gl 3 hp 100 frg -1
ARGLOG Reap t  94.1 pos '2329.4 267.6   8.0' spd 418.5 yaw 261.1 mode 2 st 4 gl 3 hp 80 frg 0
ARGEVT Omi goal weapon_rocketlauncher
ARGEVT Omi route 8 start '2337.0 -55.0 -104.0' goal '1441.0 -695.0 184.0'
ARGLOG Zeus t  94.2 pos '2092.1 -26.0  24.0' spd 320.1 yaw  37.5 mode 2 st 5 gl 2 hp 100 frg -1
ARGLOG Omi t  94.6 pos '2208.0 -69.3 -136.0' spd 0 yaw  57.1 mode 2 st 5 gl 3 hp 84 frg -1
ARGLOG Reap t  94.6 pos '2383.3 257.2  -8.0' spd 320.0 yaw 238.3 mode 2 st 4 gl 3 hp 77 frg 0
ARGEVT Zeus pursue
ARGLOG Zeus t  94.8 pos '2156.6 -34.3  24.0' spd 344.6 yaw 50 mode 2 st 5 gl 2 hp 100 frg -1
ARGLOG Omi t  95.2 pos '2319.4 -62.8 -120.0' spd 327.7 yaw 106.8 mode 2 st 5 gl 3 hp 84 frg -1
ARGLOG Reap t  95.2 pos '2224.1 283.7  24.0' spd 332.2 yaw 290.6 mode 2 st 4 gl 3 hp 77 frg 0
ARGLOG Zeus t  95.3 pos '2167.2 128.3  24.0' spd 376.0 yaw 107.4 mode 2 st 5 gl 2 hp 100 frg -1
ARGEVT Reap route 11 start '2209.0 265.0  24.0' goal '1441.0 -695.0 184.0'
ARGLOG Omi t  95.7 pos '2320.2 -80.0 -104.0' spd 279.4 yaw 125.5 mode 2 st 5 gl 3 hp 84 frg -1
ARGLOG Reap t  95.7 pos '2109.3 204.9  24.0' spd  58.8 yaw 314.4 mode 2 st 4 gl 3 hp 69 frg 0
ARGEVT Omi pursue
ARGEVT Reap pursue
ARGLOG Zeus t  95.8 pos '2134.4  46.4  24.0' spd 332.2 yaw  64.5 mode 2 st 5 gl 2 hp 100 frg -1
ARGEVT Zeus hazard
ARGEVT Omi routefail
ARGEVT Reap hazard
ARGEVT Omi goal weapon_rocketlauncher
ARGEVT Omi routefail
ARGLOG Omi t  96.2 pos '2200.0 -10.5 -123.9' spd 309.4 yaw  73.2 mode 0 st 5 gl 3 hp 84 frg -1
ARGLOG Reap t  96.2 pos '2256.0 220.5  24.0' spd 190.0 yaw 65 mode 2 st 4 gl 3 hp 68 frg 0
ARGLOG Zeus t  96.3 pos '2097.3  94.6  24.0' spd  52.0 yaw  51.8 mode 2 st 5 gl 2 hp 100 frg -1
ARGEVT Omi goal item_armor2
ARGEVT Omi routefail
ARGEVT Omi goal item_health
ARGEVT Omi routefail
ARGLOG Omi t  96.8 pos '2326.5  11.8 -104.0' spd 320.2 yaw  38.0 mode 0 st 5 gl 3 hp 84 frg -1
ARGEVT Omi hazard
ARGEVT Reap weapon axe
ARGLOG Reap t  96.8 pos '2383.7 328.3  -8.0' spd 325.1 yaw 251.5 mode 2 st 4 gl 3 hp 67 frg 0
ARGLOG Zeus t  96.9 pos '2150.7  93.3  24.0' spd 320.2 yaw   9.0 mode 2 st 5 gl 2 hp 100 frg -1
ARGEVT Omi goal item_health
ARGEVT Omi route 7 start '2337.0 -55.0 -104.0' goal '2049.0 -1015.0 344.0'
ARGEVT Zeus pursue
ARGEVT Zeus weapon sg
ARGLOG Omi t  97.3 pos '2447.0   9.1 -72.0' spd 326.0 yaw 102.9 mode 2 st 5 gl 3 hp 84 frg -1
ARGLOG Reap t  97.3 pos '2403.2 246.0 -24.0' spd 388.2 yaw 289.2 mode 2 st 4 gl 3 hp 61 frg 0
ARGLOG Zeus t  97.4 pos '2202.4 238.4  24.0' spd 346.9 yaw   5.5 mode 2 st 5 gl 2 hp 100 frg -1
ARGLOG Omi t  97.9 pos '2377.6  16.0 -72.0' spd 333.6 yaw  68.8 mode 2 st 5 gl 3 hp 84 frg -1
ARGLOG Reap t  97.9 pos '2451.0 241.4 -56.0' spd 135.0 yaw 251.0 mode 2 st 4 gl 3 hp 37 frg 0
ARGLOG Zeus t  98.0 pos '2232.1 246.6  24.0' spd 320.5 yaw   4.3 mode 2 st 5 gl 2 hp 100 frg -1
ARGEVT Zeus hazard
ARGLOG Omi t  98.4 pos '2349.2 -27.3 -104.0' spd 328.0 yaw  73.2 mode 2 st 5 gl 3 hp 84 frg -1
ARGLOG Reap t  98.4 pos '2442.2 247.3 -40.0' spd 110.3 yaw 263.3 mode 2 st 4 gl 3 hp 13 frg 0
ARGLOG Zeus t  98.5 pos '2252.3 320.5  24.0' spd  47.3 yaw 338.8 mode 2 st 5 gl 2 hp 100 frg -1
ARGEVT Reap hazard
ARGEVT Reap death Zeus pos '2457.7 249.3 -56.0'
ARGLOG Omi t  98.9 pos '2382.5 -32.8 -88.0' spd 320.5 yaw 5 mode 2 st 5 gl 3 hp 84 frg -1
ARGLOG Zeus t  99.0 pos '2258.9 296.3  24.0' spd 320.2 yaw  12.0 mode 2 st 5 gl 2 hp 100 frg 0
ARGEVT Omi engage Zeus
ARGEVT Zeus engage Omi
ARGEVT Omi hazard
ARGEVT Zeus goal 
ARGLOG Omi t  99.4 pos '2417.1  16.0 -72.0' spd 306.4 yaw 130.3 mode 2 st 5 gl 3 hp 84 frg -1
ARGLOG Zeus t  99.5 pos '2223.6 288.9  24.0' spd 327.8 yaw 311.4 mode 1 st 5 gl 2 hp 100 frg 0
ARGLOG Omi t  99.9 pos '2496.0  16.0 -72.0' spd 0 yaw 160.5 mode 2 st 5 gl 3 hp 84 frg -1
ARGLOG Zeus t 100.0 pos '2122.7 160.9  24.0' spd 325.4 yaw 344.8 mode 1 st 5 gl 2 hp 100 frg 0
ARGEVT Omi pursue
ARGEVT Zeus pursue
ARGEVT Reap respawn
ARGEVT Zeus hazard
ARGLOG Omi t 100.5 pos '2373.9  -6.2 -88.0' spd 331.9 yaw 135 mode 2 st 5 gl 3 hp 84 frg -1
ARGEVT Reap goal item_armor2
ARGEVT Reap engage Omi
ARGLOG Reap t 100.5 pos '2544.0 -32.0 -64.0' spd 0 yaw 160.8 mode 0 st 4 gl 3 hp 100 frg 0
ARGEVT Reap route 1 start '2529.0   9.0 -64.0' goal '2753.0 -55.0 -72.0'
ARGLOG Zeus t 100.5 pos '2182.3 101.1  24.0' spd 333.0 yaw  28.0 mode 1 st 5 gl 2 hp 100 frg 0
ARGEVT Omi hazard
ARGEVT Omi routefail
ARGLOG Omi t 101.0 pos '2213.8 -38.3 -136.0' spd 320.0 yaw 118.3 mode 0 st 5 gl 3 hp 84 frg -1
ARGLOG Reap t 101.0 pos '2511.9 -57.5 -64.0' spd 183.9 yaw 183.2 mode 2 st 4 gl 3 hp 100 frg 0
ARGLOG Zeus t 101.1 pos '2117.3 118.2  24.0' spd 174.2 yaw 302.4 mode 1 st 5 gl 2 hp 76 frg 0
ARGEVT Zeus pursue
ARGEVT Omi goal item_armorInv
ARGEVT Omi pursue
ARGEVT Omi routefail
ARGEVT Omi goal 
ARGEVT Omi routefail
ARGLOG Omi t 101.5 pos '2201.4  16.0 -113.1' spd  21.3 yaw  24.4 mode 0 st 5 gl 3 hp 84 frg -1
ARGLOG Reap t 101.5 pos '2469.7  16.0 -72.0' spd 112.5 yaw 177.5 mode 2 st 4 gl 3 hp 100 frg 0
ARGLOG Zeus t 101.6 pos '2192.0 219.4  24.6' spd 320.3 yaw   2.0 mode 1 st 5 gl 2 hp 76 frg 0
ARGEVT Omi plan powerup via weapon
ARGEVT Omi goal weapon_supershotgun
ARGEVT Omi routefail
ARGEVT Zeus hazard
ARGEVT Omi goal item_artifact_super_damage
ARGEVT Omi routefail
ARGLOG Omi t 102.1 pos '2196.1 -35.0 -118.1' spd 327.2 yaw 207.4 mode 0 st 5 gl 3 hp 68 frg -1
ARGLOG Reap t 102.1 pos '2402.1 -36.2 -72.0' spd 325.9 yaw 172.4 mode 0 st 4 gl 3 hp 100 frg 0
ARGLOG Zeus t 102.2 pos '2256.0 236.7  24.0' spd 0 yaw 360 mode 1 st 5 gl 2 hp 76 frg 0
ARGEVT Omi goal item_health
ARGEVT Omi routefail
ARGEVT Omi goal item_health
ARGEVT Omi routefail
ARGEVT Reap route 2 start '2337.0 -55.0 -104.0' goal '2753.0 -55.0 -72.0'
ARGEVT Omi goal item_health
ARGLOG Omi t 102.6 pos '2189.8 -95.2 -108.7' spd  37.1 yaw 95 mode 0 st 5 gl 3 hp 48 frg -1
ARGLOG Reap t 102.6 pos '2364.4 -21.8 -88.0' spd 320.1 yaw 201.8 mode 2 st 4 gl 3 hp 100 frg 0
ARGLOG Zeus t 102.7 pos '2256.0 236.7  24.0' spd 0 yaw 360 mode 1 st 5 gl 2 hp 76 frg 0
ARGEVT Omi route 11 start '2177.0 -55.0 -89.0' goal '2049.0 -535.0 104.0'
ARGEVT Zeus stall
ARGEVT Zeus jump
ARGEVT Omi hazard
ARGEVT Zeus route 4 start '2209.0 265.0  24.0' goal '2529.0 201.0 -72.0'
ARGLOG Omi t 103.2 pos '2218.8   2.2 -122.5' spd 385.5 yaw  42.5 mode 2 st 5 gl 3 hp 24 frg -1
ARGLOG Reap t 103.2 pos '2341.4 -39.0 -104.0' spd 322.5 yaw 159.0 mode 2 st 4 gl 3 hp 100 frg 0
ARGLOG Zeus t 103.3 pos '2256.0 237.3  55.8' spd  10.0 yaw  39.0 mode 2 st 6 gl 2 hp 76 frg 0
ARGEVT Omi jump
ARGEVT Omi death Reap pos '2290.5 -19.7 -104.1'
ARGEVT Reap goal item_armorInv
ARGLOG Reap t 103.8 pos '2429.4 -46.4 -72.0' spd 381.2 yaw 110.1 mode 0 st 4 gl 3 hp 100 frg 1
ARGEVT Reap routefail
ARGLOG Zeus t 103.8 pos '2288.7 274.5  24.0' spd 324.6 yaw 20 mode 2 st 6 gl 2 hp 76 frg 0
ARGEVT Zeus engage Reap
ARGEVT Reap engage Zeus
ARGEVT Reap goal item_armor2
ARGEVT Reap route 2 start '2433.0 -55.0 -72.0' goal '2753.0 -55.0 -72.0'
ARGLOG Reap t 104.3 pos '2483.7  15.1 -72.0' spd 198.4 yaw 103.0 mode 2 st 4 gl 3 hp 100 frg 1
ARGLOG Zeus t 104.4 pos '2452.5 336.0 -26.2' spd 320.6 yaw 266.4 mode 1 st 6 gl 2 hp 76 frg 0
ARGLOG Reap t 104.9 pos '2511.3   3.6 -64.0' spd 320.0 yaw  75.7 mode 2 st 4 gl 3 hp 100 frg 1
ARGLOG Zeus t 104.9 pos '2607.3 272.7 -72.0' spd 328.9 yaw 253.8 mode 1 st 6 gl 2 hp 100 frg 0
ARGEVT Omi respawn
ARGEVT Omi goal item_armor2
ARGLOG Omi t 105.2 pos '2624.0 -488.0  32.0' spd 0 yaw 199.8 mode 0 st 5 gl 3 hp 100 frg -1
ARGEVT Omi route 15 start '2593.0 -503.0  32.0' goal '1345.0 -919.0  32.0'
ARGLOG Reap t 105.4 pos '2675.8 -21.3 -72.0' spd 357.8 yaw 117.1 mode 2 st 4 gl 3 hp 80 frg 1
ARGLOG Zeus t 105.4 pos '2579.5 188.2 -72.0' spd 322.4 yaw 296.9 mode 1 st 6 gl 2 hp 100 frg 0
ARGLOG Omi t 105.7 pos '2471.7 -474.9   8.0' spd 392.1 yaw 143 mode 2 st 5 gl 3 hp 100 frg -1
ARGLOG Reap t 105.9 pos '2530.6 -37.3 -64.0' spd 326.7 yaw  73.5 mode 1 st 4 gl 3 hp 80 frg 1
ARGLOG Zeus t 106.0 pos '2598.9 225.9 -72.0' spd 320.4 yaw 249.3 mode 1 st 6 gl 2 hp 76 frg 0
ARGEVT Zeus weapon ng
ARGLOG Omi t 106.3 pos '2371.0 -314.1   8.0' spd 338.7 yaw 116 mode 2 st 5 gl 3 hp 100 frg -1
ARGEVT Zeus plan powerup via weapon
ARGEVT Zeus goal weapon_rocketlauncher
ARGLOG Reap t 106.4 pos '2381.2  16.0 -72.0' spd 292.8 yaw  74.5 mode 1 st 4 gl 3 hp 80 frg 1
ARGEVT Zeus routefail
ARGLOG Zeus t 106.6 pos '2421.5 255.4 -40.0' spd 320.0 yaw 236.0 mode 0 st 6 gl 3 hp 76 frg 0
ARGEVT Zeus plan powerup via weapon
ARGEVT Zeus goal weapon_supershotgun
ARGEVT Zeus routefail
ARGLOG Omi t 106.8 pos '2198.1 -261.0  24.0' spd 393.6 yaw 100 mode 2 st 5 gl 3 hp 100 frg -1
ARGEVT Zeus goal item_artifact_super_damage
ARGEVT Zeus routefail
ARGLOG Reap t 107.0 pos '2350.9  15.4 -104.0' spd  40.5 yaw 108.5 mode 1 st 4 gl 3 hp 80 frg 1
ARGEVT Zeus goal 
ARGLOG Zeus t 107.1 pos '2242.3 287.4  24.0' spd 331.4 yaw 266.0 mode 0 st 6 gl 3 hp 52 frg 0
ARGEVT Omi engage Zeus
ARGEVT Zeus routefail
ARGEVT Zeus goal item_health
ARGLOG Omi t 107.4 pos '2220.3 -96.2  24.0' spd 336.5 yaw 105.2 mode 2 st 5 gl 3 hp 100 frg -1
ARGEVT Zeus routefail
ARGEVT Zeus pursue
ARGEVT Reap door
ARGLOG Reap t 107.6 pos '2199.7  -5.2 -120.0' spd  80.6 yaw   4.8 mode 1 st 4 gl 3 hp 80 frg 1
ARGEVT Zeus goal 
ARGLOG Zeus t 107.7 pos '2121.7 189.5  24.0' spd 384.7 yaw 319 mode 0 st 6 gl 3 hp 40 frg 0
ARGEVT Zeus routefail
ARGEVT Reap pursue
ARGEVT Zeus goal item_health
ARGEVT Omi pursue
ARGLOG Omi t 107.9 pos '2355.2  16.0  72.0' spd  47.9 yaw 130 mode 2 st 5 gl 3 hp 100 frg -1
ARGEVT Zeus routefail
ARGEVT Zeus hazard
ARGLOG Reap t 108.1 pos '2334.7 -70.8 -104.0' spd 324.5 yaw 304.7 mode 1 st 4 gl 3 hp 80 frg 1
ARGEVT Zeus goal item_health
ARGEVT Zeus route 4 start '2209.0   9.0  24.0' goal '2049.0 -535.0 104.0'
ARGLOG Zeus t 108.2 pos '2192.0  42.7  24.0' spd 320.2 yaw 287.3 mode 2 st 6 gl 3 hp 40 frg 0
ARGEVT Reap hazard
