LOG started on: 09/19/2026 23:08:58 
Playing registered version.
UDP Initialized
WIPX_OpenSocket: Address family not supported by protocol family
WIPX_Init: Unable to open control socket, IPX disabled
Exe: 20:02:47 Jul 31 2024
256.0 megabyte heap

Language initialization
Couldn't load 'localization/loc_english.txt'
from 'C:\argus\engine'

========= Quake Initialized =========

execing autoexec.cfg
SpawnServer: dm2
Clearing memory
Programs occupy 910K.
trying to open external vis file
maps/dm2.vis not found, trying argus.vis
external vis not found
ARGUS slots 8
ARGUS worldspawn reached
ARGNAV 215 nodes, 1005 links
0 entities inhibited
ARGUS init on dm2
ARGEVT Carmack spawned
ARGEVT Romero spawned
ARGEVT Joe Rogan spawned
Server spawned.
ARGLOG Joe Rogan t   1.2 pos '2624.0 -488.0  32.0' spd 0 yaw 177.6 mode 0 st 0 gl 0 hp 100 frg 0
ARGLOG Romero t   1.2 pos '2704.0 -2048.0 128.0' spd 0 yaw 317.5 mode 0 st 0 gl 0 hp 100 frg 0
ARGLOG Carmack t   1.2 pos '2560.0 -192.0  32.0' spd 0 yaw 209.6 mode 0 st 0 gl 0 hp 100 frg 0
ARGUS Carmack wallslide
ARGEVT Joe Rogan engage Carmack
ARGUS Joe Rogan threatmove range 2
ARGEVT Joe Rogan grab item_armorInv
ARGEVT Carmack engage Joe Rogan
ARGUS Carmack threatmove range 2
ARGLOG Joe Rogan t   1.7 pos '2477.1 -444.0   8.0' spd 312.0 yaw  98.2 mode 0 st 0 gl 0 hp 100 frg 0
ARGLOG Romero t   1.7 pos '2714.1 -2091.5 128.0' spd 322.0 yaw 157.1 mode 0 st 0 gl 0 hp 100 frg 0
ARGLOG Carmack t   1.7 pos '2438.0 -240.0  24.0' spd  64.9 yaw 236.6 mode 0 st 0 gl 0 hp 100 frg 0
ARGEVT Romero hazard
ARGEVT Joe Rogan hazard
ARGUS Joe Rogan wallslide
ARGLOG Joe Rogan t   2.2 pos '2366.3 -527.6   8.0' spd 116.5 yaw  83.0 mode 0 st 0 gl 0 hp 100 frg 0
ARGLOG Romero t   2.2 pos '2746.1 -2121.6 120.0' spd 173.6 yaw 181.5 mode 0 st 0 gl 0 hp 100 frg 0
ARGLOG Carmack t   2.2 pos '2384.2 -240.0  24.0' spd 325.3 yaw 252.9 mode 0 st 0 gl 0 hp 100 frg 0
ARGEVT Carmack hazard
ARGLOG Joe Rogan t   2.7 pos '2337.9 -528.0   8.0' spd  46.1 yaw  87.5 mode 0 st 0 gl 0 hp 100 frg 0
ARGLOG Romero t   2.7 pos '2716.5 -2051.5 128.0' spd 323.9 yaw  50.9 mode 0 st 0 gl 0 hp 100 frg 0
ARGLOG Carmack t   2.7 pos '2393.8 -240.0  24.0' spd 348.0 yaw 260.0 mode 0 st 0 gl 0 hp 100 frg 0
ARGEVT Romero hazard
ARGEVT Joe Rogan hazard
ARGUS Joe Rogan wallslide
ARGLOG Joe Rogan t   3.2 pos '2305.9 -522.6   8.0' spd 261.0 yaw  80.7 mode 0 st 0 gl 0 hp 100 frg 0
ARGLOG Romero t   3.2 pos '2695.6 -1976.3 120.0' spd 298.3 yaw  78.9 mode 0 st 0 gl 0 hp 100 frg 0
ARGLOG Carmack t   3.2 pos '2346.0 -232.4  24.0' spd 322.3 yaw 253.1 mode 0 st 0 gl 0 hp 100 frg 0
ARGUS Romero wallslide
ARGLOG Joe Rogan t   3.7 pos '2154.2 -461.8   8.0' spd 322.4 yaw  86.4 mode 0 st 0 gl 0 hp 91 frg 0
ARGLOG Romero t   3.7 pos '2740.9 -1991.2 120.0' spd 295.5 yaw 243.6 mode 0 st 0 gl 0 hp 100 frg 0
ARGLOG Carmack t   3.7 pos '2182.5 -245.7  24.0' spd 320.0 yaw 244.3 mode 0 st 0 gl 0 hp 100 frg 0
ARGEVT Joe Rogan goal item_armorInv
ARGEVT Joe Rogan route 3 start '2241.0 -471.0   8.0' goal '2369.0 -567.0  56.0'
ARGLOG Joe Rogan t   4.3 pos '2258.9 -420.0   8.0' spd 320.0 yaw  95.0 mode 2 st 0 gl 0 hp 82 frg 0
ARGLOG Romero t   4.3 pos '2692.0 -2149.6 120.0' spd 320.3 yaw 243.6 mode 0 st 0 gl 0 hp 100 frg 0
ARGLOG Carmack t   4.3 pos '2241.2 -241.6  24.0' spd 320.2 yaw 295.0 mode 0 st 0 gl 0 hp 76 frg 0
ARGEVT Romero goal weapon_supershotgun
ARGEVT Carmack goal weapon_rocketlauncher
ARGEVT Carmack route 14 start '2241.0 -183.0  24.0' goal '2465.0 -1719.0  24.0'
ARGLOG Joe Rogan t   4.8 pos '2414.7 -357.0   8.0' spd 326.3 yaw 124.9 mode 2 st 0 gl 0 hp 73 frg 0
ARGLOG Romero t   4.8 pos '2693.0 -2312.0 120.0' spd 403.6 yaw 347.9 mode 1 st 0 gl 0 hp 100 frg 0
ARGLOG Carmack t   4.8 pos '2306.8 -212.2  24.0' spd 320.0 yaw 322.7 mode 2 st 0 gl 0 hp 76 frg 0
ARGEVT Romero goal item_armor2
ARGEVT Romero route 8 start '2721.0 -2327.0 120.0' goal '1313.0 -951.0  32.0'
ARGEVT Romero hazard
ARGEVT Joe Rogan hazard
ARGUS Romero wallslide
ARGEVT Joe Rogan grab item_health
ARGEVT Carmack grab item_health
ARGUS Joe Rogan wallslide
ARGLOG Joe Rogan t   5.3 pos '2391.7 -304.5   8.0' spd  81.0 yaw  81.9 mode 2 st 0 gl 0 hp 73 frg 0
ARGLOG Romero t   5.3 pos '2765.6 -2233.7 120.0' spd 354.4 yaw 218 mode 2 st 0 gl 1 hp 100 frg 0
ARGLOG Carmack t   5.3 pos '2467.3 -157.5  24.0' spd 361.8 yaw 245.3 mode 2 st 0 gl 0 hp 76 frg 0
ARGEVT Carmack route 15 start '2529.0 -183.0  32.0' goal '2465.0 -1719.0  24.0'
ARGLOG Joe Rogan t   5.8 pos '2487.2 -319.9   8.0' spd 240.2 yaw  47.7 mode 2 st 0 gl 0 hp 73 frg 0
ARGLOG Romero t   5.8 pos '2683.8 -2101.9 120.0' spd 140.0 yaw 237 mode 2 st 0 gl 1 hp 100 frg 0
ARGLOG Carmack t   5.8 pos '2539.0 -215.0  32.0' spd 277.1 yaw 245.0 mode 2 st 0 gl 0 hp 76 frg 0
ARGEVT Carmack pursue
ARGEVT Romero hazard
ARGUS Carmack hunch item_armorInv
ARGEVT Joe Rogan pursue
ARGEVT Carmack pursue
ARGEVT Carmack goal weapon_rocketlauncher
ARGEVT Carmack route 14 start '2433.0 -183.0  24.0' goal '2465.0 -1719.0  24.0'
ARGLOG Joe Rogan t   6.3 pos '2409.8 -379.8   8.0' spd 395.2 yaw 282.3 mode 2 st 0 gl 0 hp 73 frg 0
ARGLOG Romero t   6.3 pos '2681.8 -2078.2 128.0' spd  33.8 yaw 239 mode 2 st 0 gl 1 hp 100 frg 0
ARGLOG Carmack t   6.3 pos '2470.9 -218.5  24.0' spd 278.3 yaw  89.6 mode 2 st 0 gl 0 hp 76 frg 0
ARGUS Carmack wallslide
ARGUS Romero wallslide
ARGLOG Joe Rogan t   6.8 pos '2473.8 -475.7   8.0' spd 326.9 yaw  89.2 mode 2 st 0 gl 0 hp 73 frg 0
ARGLOG Romero t   6.8 pos '2666.6 -2175.6 120.0' spd 379.1 yaw 234 mode 2 st 0 gl 1 hp 100 frg 0
ARGLOG Carmack t   6.8 pos '2478.2 -169.9  24.0' spd 330.6 yaw 280.5 mode 2 st 0 gl 0 hp 76 frg 0
ARGUS Joe Rogan wallslide
ARGEVT Carmack grab item_spikes
ARGEVT Romero hazard
ARGEVT Carmack hazard
ARGEVT Joe Rogan hazard
ARGEVT Carmack pursue
ARGLOG Joe Rogan t   7.3 pos '2628.8 -462.7  32.0' spd 331.9 yaw 322.2 mode 2 st 0 gl 0 hp 73 frg 0
ARGLOG Romero t   7.3 pos '2627.9 -2300.3 120.0' spd 347.1 yaw 224 mode 2 st 0 gl 1 hp 100 frg 0
ARGLOG Carmack t   7.3 pos '2550.5 -206.7  32.0' spd 297.4 yaw 146.0 mode 0 st 0 gl 0 hp 76 frg 0
ARGEVT Carmack route 15 start '2529.0 -183.0  32.0' goal '2465.0 -1719.0  24.0'
ARGEVT Joe Rogan pursue
ARGUS Joe Rogan hunch item_armorInv
ARGLOG Joe Rogan t   7.8 pos '2628.9 -472.1  32.0' spd 376.2 yaw 193.5 mode 2 st 0 gl 0 hp 73 frg 0
ARGLOG Romero t   7.8 pos '2453.0 -2304.8 120.0' spd 377.6 yaw 140 mode 2 st 0 gl 1 hp 100 frg 0
ARGLOG Carmack t   7.8 pos '2379.2 -182.6  24.0' spd 401.2 yaw 253.9 mode 2 st 0 gl 0 hp 76 frg 0
ARGEVT Joe Rogan goal item_armorInv
ARGEVT Joe Rogan route 1 start '2561.0 -503.0  24.0' goal '2369.0 -567.0  56.0'
ARGUS Carmack wallslide
ARGEVT Joe Rogan pursue
ARGEVT Carmack grab item_health
ARGLOG Joe Rogan t   8.4 pos '2464.4 -470.4   8.0' spd  66.5 yaw 148.7 mode 2 st 0 gl 0 hp 73 frg 0
ARGLOG Romero t   8.4 pos '2411.6 -2459.5 120.0' spd 322.0 yaw 289.2 mode 0 st 0 gl 1 hp 100 frg 0
ARGLOG Carmack t   8.4 pos '2401.6 -226.4  24.0' spd 321.4 yaw 280.0 mode 2 st 0 gl 0 hp 76 frg 0
ARGEVT Carmack weapon sg
ARGEVT Joe Rogan hazard
ARGEVT Romero route 4 start '1313.0 -1367.0 144.0' goal '1313.0 -951.0  32.0'
ARGEVT Carmack pursue
ARGLOG Joe Rogan t   8.9 pos '2411.7 -399.9   8.0' spd 327.1 yaw  67.5 mode 2 st 0 gl 0 hp 73 frg 0
ARGLOG Romero t   8.9 pos '1363.6 -1376.0 144.0' spd 300 yaw 102 mode 2 st 0 gl 1 hp 100 frg 0
ARGLOG Carmack t   8.9 pos '2550.7 -167.0  32.0' spd 240.9 yaw 256 mode 2 st 0 gl 0 hp 76 frg 0
ARGEVT Joe Rogan pursue
ARGEVT Carmack hazard
ARGEVT Joe Rogan pursue
ARGUS Joe Rogan wallslide
ARGEVT Carmack route 15 start '2529.0 -183.0  32.0' goal '2465.0 -1719.0  24.0'
ARGLOG Joe Rogan t   9.4 pos '2361.5 -304.2   8.0' spd 212.4 yaw 346.7 mode 2 st 0 gl 0 hp 73 frg 0
ARGLOG Romero t   9.4 pos '1382.8 -1343.3 136.0' spd 340.7 yaw 109 mode 2 st 0 gl 1 hp 100 frg 0
ARGLOG Carmack t   9.4 pos '2483.4 -230.7  24.0' spd 330.8 yaw 159.8 mode 2 st 0 gl 0 hp 76 frg 0
ARGEVT Joe Rogan pursue
ARGEVT Carmack pursue
ARGEVT Joe Rogan pursue
ARGEVT Joe Rogan grab item_health
ARGEVT Romero jump
ARGEVT Joe Rogan hazard
ARGLOG Joe Rogan t   9.9 pos '2475.8 -305.9   8.0' spd  96.9 yaw  96.4 mode 2 st 0 gl 0 hp 73 frg 0
ARGLOG Romero t   9.9 pos '1338.5 -1200.0 171.6' spd 113.7 yaw 104 mode 2 st 0 gl 1 hp 100 frg 0
ARGLOG Carmack t   9.9 pos '2481.6 -150.6  24.0' spd 395.6 yaw 276.7 mode 2 st 0 gl 0 hp 76 frg 0
ARGUS Carmack wallslide
ARGEVT Carmack grab item_health
ARGEVT Carmack pursue
ARGUS routecache adopt
ARGEVT Carmack route 15 start '2529.0 -183.0  32.0' goal '2465.0 -1719.0  24.0'
ARGEVT Carmack hazard
ARGEVT Joe Rogan pursue
ARGLOG Joe Rogan t  10.4 pos '2575.1 -362.1  24.0' spd 382.9 yaw 267.6 mode 2 st 0 gl 0 hp 73 frg 0
ARGLOG Romero t  10.4 pos '1281.5 -1178.2 168.0' spd 136.5 yaw 82 mode 2 st 0 gl 1 hp 100 frg 0
ARGLOG Carmack t  10.4 pos '2504.9 -216.6  24.0' spd 388.5 yaw 229.0 mode 2 st 0 gl 0 hp 76 frg 0
ARGEVT Carmack pursue
ARGEVT Carmack pursue
ARGUS Joe Rogan wallslide
ARGEVT Carmack pursue
ARGEVT Carmack pursue
ARGLOG Joe Rogan t  10.9 pos '2559.9 -383.3  24.0' spd 330.7 yaw 160.2 mode 2 st 0 gl 0 hp 73 frg 0
ARGLOG Romero t  10.9 pos '1275.6 -1021.6 200.0' spd 339.2 yaw 62 mode 1 st 0 gl 1 hp 100 frg 0
ARGLOG Carmack t  10.9 pos '2333.8 -240.0  24.0' spd 404.3 yaw 224.5 mode 2 st 0 gl 0 hp 76 frg 0
ARGUS Carmack wallslide
ARGEVT Carmack pursue
ARGEVT Carmack pursue
ARGEVT Carmack pursue
ARGLOG Joe Rogan t  11.4 pos '2424.9 -304.5   8.0' spd 120.0 yaw 84 mode 2 st 0 gl 0 hp 73 frg 0
ARGLOG Romero t  11.4 pos '1348.8 -874.8 108.2' spd 359.2 yaw 280.0 mode 1 st 0 gl 1 hp 100 frg 0
ARGLOG Carmack t  11.4 pos '2149.8 -272.7  24.0' spd 380.3 yaw 253.9 mode 2 st 0 gl 0 hp 76 frg 0
ARGUS Joe Rogan wallslide
ARGLOG Joe Rogan t  11.9 pos '2349.8 -320.4   8.0' spd 280.6 yaw 203.7 mode 2 st 0 gl 0 hp 73 frg 0
ARGLOG Romero t  11.9 pos '1311.4 -962.6  32.0' spd 320.0 yaw 241.4 mode 1 st 0 gl 1 hp 100 frg 0
ARGEVT Carmack grab item_health
ARGLOG Carmack t  11.9 pos '2190.4 -402.7   8.0' spd 325.0 yaw  20.3 mode 2 st 0 gl 0 hp 76 frg 0
ARGEVT Romero hazard
ARGEVT Romero door
ARGEVT Carmack route 15 start '2177.0 -503.0   8.0' goal '2465.0 -1719.0  24.0'
ARGEVT Carmack hazard
ARGEVT Joe Rogan grab item_armorInv
ARGLOG Joe Rogan t  12.4 pos '2378.0 -480.7   8.0' spd 335.6 yaw 192.7 mode 2 st 0 gl 0 hp 53 frg 0
ARGLOG Romero t  12.4 pos '1696.0 -952.7  20.0' spd 300 yaw  49.8 mode 1 st 0 gl 1 hp 100 frg 0
ARGLOG Carmack t  12.4 pos '2141.6 -509.5   8.0' spd 129.0 yaw  13.2 mode 2 st 0 gl 0 hp 76 frg 0
ARGEVT Joe Rogan hazard
ARGUS Joe Rogan wallslide
ARGLOG Joe Rogan t  12.9 pos '2433.3 -528.0   8.0' spd  53.4 yaw 173.9 mode 2 st 0 gl 0 hp 45 frg 0
ARGLOG Romero t  12.9 pos '1708.7 -963.2  20.0' spd 189.6 yaw  52.8 mode 1 st 0 gl 1 hp 100 frg 0
ARGLOG Carmack t  12.9 pos '2141.9 -454.6   8.0' spd 175.4 yaw 336.7 mode 2 st 0 gl 0 hp 52 frg 0
ARGEVT Romero hazard
ARGLOG Joe Rogan t  13.4 pos '2457.3 -528.0   8.0' spd  65.3 yaw 166.0 mode 2 st 0 gl 0 hp 41 frg 0
ARGLOG Romero t  13.4 pos '1827.8 -864.2  20.0' spd 341.5 yaw  49.6 mode 1 st 0 gl 1 hp 100 frg 0
ARGLOG Carmack t  13.4 pos '2147.8 -456.1   8.0' spd  30.0 yaw 351.1 mode 2 st 0 gl 0 hp 40 frg 0
ARGEVT Joe Rogan hazard
ARGUS Joe Rogan wallslide
ARGLOG Joe Rogan t  13.9 pos '2490.9 -521.9   8.0' spd 231.1 yaw 147.7 mode 2 st 0 gl 0 hp 41 frg 0
ARGLOG Romero t  13.9 pos '1878.1 -848.6  20.0' spd 323.8 yaw 179 mode 1 st 0 gl 1 hp 100 frg 0
ARGLOG Carmack t  13.9 pos '2213.1 -322.6  24.0' spd 323.7 yaw 331.7 mode 2 st 0 gl 0 hp 40 frg 0
ARGUS Carmack threatmove retreat 2
ARGEVT Carmack retreat
ARGUS Joe Rogan jumpapproach 0 actual 277.8
ARGEVT Joe Rogan jump
ARGUS Joe Rogan aircontrol
ARGLOG Joe Rogan t  14.4 pos '2507.6 -488.0  49.1' spd 277.8 yaw 133.7 mode 2 st 0 gl 0 hp 41 frg 0
ARGLOG Romero t  14.4 pos '1711.1 -840.3  20.0' spd 395.4 yaw 119.2 mode 1 st 0 gl 1 hp 100 frg 0
ARGLOG Carmack t  14.4 pos '2242.9 -167.0  24.0' spd 320.1 yaw 320.1 mode 2 st 0 gl 0 hp 16 frg 0
ARGEVT Carmack pursue
ARGEVT Joe Rogan pursue
ARGLOG Joe Rogan t  14.9 pos '2384.2 -528.0  32.2' spd 240.6 yaw 104.5 mode 1 st 0 gl 0 hp 41 frg 0
ARGLOG Romero t  14.9 pos '1701.4 -655.9  24.0' spd 356.3 yaw  23.5 mode 1 st 0 gl 1 hp 100 frg 0
ARGLOG Carmack t  14.9 pos '2333.4 -179.5  24.0' spd 165.4 yaw 287.9 mode 2 st 0 gl 0 hp 16 frg 0
ARGEVT Romero hazard
ARGUS Carmack wallslide
ARGUS Romero wallslide
ARGLOG Joe Rogan t  15.5 pos '2229.5 -503.1   8.0' spd 333.0 yaw  68.4 mode 1 st 0 gl 0 hp 41 frg 0
ARGLOG Romero t  15.5 pos '1743.8 -573.7  24.0' spd  75.3 yaw 333.6 mode 1 st 0 gl 1 hp 100 frg 0
ARGLOG Carmack t  15.5 pos '2413.5 -171.5  24.0' spd 320.1 yaw 246.7 mode 2 st 0 gl 0 hp 16 frg 0
ARGEVT Joe Rogan hazard
ARGEVT Joe Rogan pursue
ARGLOG Joe Rogan t  16.0 pos '2143.2 -378.4   8.0' spd 343.2 yaw 33 mode 1 st 0 gl 0 hp 41 frg 0
ARGLOG Romero t  16.0 pos '1738.5 -715.8  20.0' spd 338.9 yaw 291.1 mode 1 st 0 gl 1 hp 100 frg 0
ARGLOG Carmack t  16.0 pos '2556.4 -234.9  32.0' spd 303.6 yaw  28.0 mode 2 st 0 gl 0 hp 16 frg 0
ARGEVT Carmack hazard
ARGEVT Carmack pursue
ARGEVT Romero hazard
ARGUS Carmack wallslide
ARGUS Joe Rogan hunch item_health
ARGEVT Joe Rogan pursue
ARGLOG Joe Rogan t  16.5 pos '2249.8 -279.7  24.0' spd 237.0 yaw 276.0 mode 0 st 0 gl 0 hp 41 frg 0
ARGLOG Romero t  16.5 pos '1744.0 -757.8  20.0' spd 232.0 yaw  23.2 mode 1 st 0 gl 1 hp 100 frg 0
ARGLOG Carmack t  16.5 pos '2576.0 -199.2  32.0' spd 343.8 yaw 290.3 mode 2 st 0 gl 0 hp 16 frg 0
ARGEVT Joe Rogan goal item_health
ARGEVT Joe Rogan route 4 start '2209.0 -279.0  24.0' goal '2593.0 -119.0 120.0'
ARGUS Joe Rogan wallslide
ARGEVT Joe Rogan pursue
ARGUS Romero wallslide
ARGUS Carmack hunch item_armorInv
ARGEVT Carmack goal item_health
ARGEVT Carmack route 5 start '2529.0 -183.0  32.0' goal '2593.0 -247.0 120.0'
ARGEVT Carmack pursue
ARGLOG Joe Rogan t  17.0 pos '2340.2 -396.8   8.0' spd 102.3 yaw  39.3 mode 2 st 0 gl 0 hp 41 frg 0
ARGLOG Romero t  17.0 pos '1792.0 -738.4  24.0' spd 206.4 yaw 266.2 mode 1 st 0 gl 1 hp 100 frg 0
ARGLOG Carmack t  17.0 pos '2509.7 -167.6  24.0' spd 117.1 yaw 196.2 mode 2 st 0 gl 0 hp 16 frg 0
ARGEVT Carmack hazard
ARGEVT Joe Rogan pursue
ARGEVT Carmack pursue
ARGLOG Joe Rogan t  17.5 pos '2327.6 -340.6   8.0' spd 286.1 yaw 43 mode 2 st 0 gl 0 hp 41 frg 0
ARGLOG Romero t  17.5 pos '1678.9 -750.9  20.0' spd 348.8 yaw 210 mode 1 st 0 gl 1 hp 100 frg 0
ARGLOG Carmack t  17.5 pos '2565.9 -202.9  32.0' spd  66.1 yaw 212.9 mode 2 st 0 gl 0 hp 16 frg 0
ARGEVT Romero hazard
ARGUS Joe Rogan wallslide
ARGEVT Carmack pursue
ARGEVT Carmack jump
ARGLOG Joe Rogan t  18.0 pos '2483.9 -315.8   8.0' spd 358.8 yaw  93.8 mode 2 st 0 gl 0 hp 41 frg 0
ARGLOG Romero t  18.0 pos '1613.7 -916.5  20.0' spd 401.3 yaw 189 mode 1 st 0 gl 1 hp 100 frg 0
ARGLOG Carmack t  18.0 pos '2434.7 -222.4  63.6' spd 132.1 yaw 265.9 mode 1 st 0 gl 0 hp 16 frg 0
ARGEVT Joe Rogan route 6 start '2529.0 -343.0  24.0' goal '2593.0 -119.0 120.0'
ARGEVT Carmack grab item_health
ARGLOG Joe Rogan t  18.5 pos '2414.8 -439.0   8.0' spd 371.2 yaw  93.7 mode 2 st 0 gl 0 hp 25 frg 0
ARGLOG Romero t  18.5 pos '1455.1 -982.8  20.0' spd 351.7 yaw 228.0 mode 1 st 0 gl 1 hp 100 frg 0
ARGLOG Carmack t  18.5 pos '2444.7 -234.6  24.0' spd 186.9 yaw 318.0 mode 1 st 0 gl 0 hp 16 frg 0
ARGEVT Romero hazard
ARGEVT Carmack jump
ARGUS Joe Rogan threatmove retreat 2
ARGEVT Joe Rogan retreat
ARGEVT Joe Rogan pursue
ARGEVT Carmack pursue
ARGLOG Joe Rogan t  19.0 pos '2260.7 -393.7   8.0' spd 262.3 yaw 41 mode 2 st 0 gl 0 hp 25 frg 0
ARGLOG Romero t  19.0 pos '1487.2 -1100.0  20.0' spd 428.5 yaw  22.8 mode 1 st 0 gl 1 hp 100 frg 0
ARGLOG Carmack t  19.0 pos '2504.8 -203.3  64.8' spd  73.2 yaw 250 mode 1 st 0 gl 0 hp 56 frg 0
ARGEVT Joe Rogan hazard
ARGEVT Joe Rogan pursue
ARGLOG Joe Rogan t  19.5 pos '2144.4 -350.2  24.0' spd 239.5 yaw  30.0 mode 2 st 0 gl 0 hp 25 frg 0
ARGLOG Romero t  19.5 pos '1587.4 -954.3  20.0' spd 479.6 yaw 179 mode 1 st 0 gl 1 hp 100 frg 0
ARGEVT Carmack pursue
ARGLOG Carmack t  19.5 pos '2434.4 -156.1  24.0' spd 320.0 yaw 213.6 mode 1 st 0 gl 0 hp 56 frg 0
ARGUS Carmack wallslide
ARGUS Romero wallslide
ARGLOG Joe Rogan t  20.0 pos '2144.7 -299.3  24.0' spd  48.8 yaw  25.3 mode 2 st 0 gl 0 hp 5 frg 0
ARGLOG Romero t  20.0 pos '1424.2 -880.8  20.0' spd 114.2 yaw 170.8 mode 1 st 0 gl 1 hp 100 frg 0
ARGEVT Romero hazard
ARGLOG Carmack t  20.0 pos '2362.2 -220.5  24.0' spd 324.3 yaw 211.8 mode 1 st 0 gl 0 hp 32 frg 0
ARGUS Joe Rogan wallslide
ARGEVT Joe Rogan pursue
ARGEVT Carmack pursue
ARGLOG Joe Rogan t  20.5 pos '2141.6 -426.1   8.0' spd 219.3 yaw 42 mode 0 st 0 gl 0 hp 5 frg 0
ARGLOG Romero t  20.5 pos '1432.3 -948.1  20.0' spd 320.7 yaw 275 mode 1 st 0 gl 1 hp 100 frg 0
ARGLOG Carmack t  20.5 pos '2421.9 -240.0  24.0' spd 122.4 yaw 193 mode 1 st 0 gl 0 hp 32 frg 0
ARGUS Carmack wallslide
ARGEVT Joe Rogan route 5 start '2177.0 -375.0   8.0' goal '2593.0 -119.0 120.0'
ARGEVT Carmack pursue
ARGLOG Joe Rogan t  21.0 pos '2278.0 -342.6   8.0' spd 217.7 yaw  64.8 mode 2 st 0 gl 0 hp 5 frg 0
ARGLOG Romero t  21.0 pos '1451.4 -1122.9  20.0' spd 419.8 yaw 350.6 mode 1 st 0 gl 1 hp 100 frg 0
ARGLOG Carmack t  21.0 pos '2259.0 -238.0  24.0' spd 331.0 yaw 220.8 mode 1 st 0 gl 0 hp 32 frg 0
ARGEVT Joe Rogan route 6 start '2369.0 -407.0   8.0' goal '2593.0 -119.0 120.0'
ARGLOG Joe Rogan t  21.6 pos '2356.4 -454.6   8.0' spd 332.6 yaw  95.2 mode 2 st 0 gl 0 hp 5 frg 0
ARGLOG Romero t  21.6 pos '1613.5 -1055.4  20.0' spd 484.5 yaw 151.6 mode 1 st 0 gl 1 hp 100 frg 0
ARGLOG Carmack t  21.6 pos '2326.4 -155.2  24.0' spd 329.5 yaw 278.1 mode 1 st 0 gl 0 hp 32 frg 0
ARGLOG Joe Rogan t  22.1 pos '2506.7 -521.6   8.0' spd 320.2 yaw  91.7 mode 0 st 0 gl 0 hp 5 frg 0
ARGLOG Romero t  22.1 pos '1475.4 -925.8  20.0' spd 325.3 yaw 144.4 mode 1 st 0 gl 1 hp 100 frg 0
ARGLOG Carmack t  22.1 pos '2490.6 -146.0  24.0' spd 320.3 yaw 273.2 mode 1 st 0 gl 0 hp 32 frg 0
ARGEVT Joe Rogan route 6 start '2465.0 -503.0   8.0' goal '2593.0 -119.0 120.0'
ARGEVT Carmack jump
ARGUS Joe Rogan wallslide
ARGEVT Romero hazard
ARGUS Romero wallslide
ARGEVT Joe Rogan pursue
ARGEVT Carmack pursue
ARGEVT Joe Rogan route 7 start '2561.0 -503.0  24.0' goal '2593.0 -119.0 120.0'
ARGUS Joe Rogan hunch item_armorInv
ARGLOG Joe Rogan t  22.6 pos '2597.1 -474.4  32.0' spd 336.9 yaw 287.1 mode 2 st 0 gl 0 hp 5 frg 0
ARGLOG Romero t  22.6 pos '1460.7 -864.1  20.0' spd 332.2 yaw 359.8 mode 1 st 0 gl 1 hp 100 frg 0
ARGLOG Carmack t  22.6 pos '2549.2 -205.7  32.0' spd 320.1 yaw 257 mode 1 st 0 gl 0 hp 32 frg 0
ARGEVT Carmack hazard
ARGEVT Joe Rogan goal item_armorInv
ARGEVT Joe Rogan route 1 start '2561.0 -503.0  24.0' goal '2369.0 -567.0  56.0'
ARGEVT Joe Rogan pursue
ARGEVT Joe Rogan hazard
ARGEVT Carmack jump
ARGLOG Joe Rogan t  23.1 pos '2617.6 -511.6  32.0' spd 290.6 yaw 215.5 mode 2 st 0 gl 0 hp 5 frg 0
ARGLOG Romero t  23.1 pos '1566.3 -998.7  20.0' spd 472.0 yaw 196.0 mode 1 st 0 gl 1 hp 100 frg 0
ARGLOG Carmack t  23.1 pos '2478.6 -240.0  60.7' spd  56.1 yaw  24.4 mode 1 st 0 gl 0 hp 32 frg 0
ARGUS Joe Rogan jumpapproach 0 actual 321.5
ARGEVT Joe Rogan jump
ARGUS Joe Rogan aircontrol
ARGEVT Romero hazard
ARGLOG Joe Rogan t  23.6 pos '2461.4 -528.0  31.0' spd 310.5 yaw 110.5 mode 2 st 0 gl 0 hp 5 frg 0
ARGLOG Romero t  23.6 pos '1434.0 -1085.6  20.0' spd  70.4 yaw 118 mode 1 st 0 gl 1 hp 100 frg 0
ARGLOG Carmack t  23.6 pos '2505.3 -218.0  24.0' spd 161.1 yaw  75.6 mode 1 st 0 gl 0 hp 32 frg 0
ARGEVT Carmack pursue
ARGUS Romero wallslide
ARGEVT Joe Rogan jump
ARGEVT Carmack jump
ARGEVT Carmack hazard
ARGLOG Joe Rogan t  24.1 pos '2306.6 -485.6  49.9' spd 322.8 yaw 66 mode 2 st 0 gl 0 hp 5 frg 0
ARGLOG Romero t  24.1 pos '1455.6 -932.5  20.0' spd 338.8 yaw 101 mode 1 st 0 gl 1 hp 100 frg 0
ARGLOG Carmack t  24.1 pos '2570.4 -171.9  32.0' spd 348.6 yaw 323.1 mode 1 st 0 gl 0 hp 32 frg 0
ARGUS Carmack wallslide
ARGUS Carmack hunch item_armorInv
ARGEVT Romero hazard
ARGEVT Carmack goal item_health
ARGEVT Carmack route 6 start '2529.0 -183.0  32.0' goal '2017.0 -535.0 104.0'
ARGEVT Joe Rogan door
ARGLOG Joe Rogan t  24.6 pos '2250.3 -357.7   8.0' spd 437.3 yaw 358.4 mode 2 st 0 gl 0 hp 5 frg 0
ARGLOG Romero t  24.6 pos '1424.0 -884.7  20.0' spd  40.9 yaw 250.4 mode 1 st 0 gl 1 hp 100 frg 0
ARGLOG Carmack t  24.6 pos '2456.5 -230.3  24.0' spd 323.8 yaw 167 mode 2 st 0 gl 0 hp 32 frg 0
ARGEVT Romero abandon
ARGEVT Romero goal weapon_nailgun
ARGEVT Romero route 8 start '1281.0 -983.0  32.0' goal '2433.0 -183.0  24.0'
ARGLOG Joe Rogan t  25.1 pos '2287.5 -416.6   8.0' spd 324.0 yaw 226.5 mode 2 st 0 gl 0 hp 5 frg 0
ARGLOG Romero t  25.1 pos '1430.3 -1038.6  20.0' spd 325.6 yaw 40 mode 2 st 0 gl 1 hp 100 frg 0
ARGLOG Carmack t  25.1 pos '2410.2 -223.2  24.0' spd 278.7 yaw 238.1 mode 2 st 0 gl 0 hp 32 frg 0
ARGUS Romero wallslide
ARGEVT Romero hazard
ARGEVT Joe Rogan death Carmack pos '2205.5 -519.8   8.0'
ARGUS Carmack watch spawn
ARGLOG Romero t  25.6 pos '1424.1 -1140.4  20.0' spd  30.0 yaw 48 mode 2 st 0 gl 1 hp 100 frg 0
ARGLOG Carmack t  25.6 pos '2263.0 -172.1  24.0' spd 335.1 yaw 253.3 mode 2 st 0 gl 0 hp 32 frg 1
ARGEVT Carmack goal item_armorInv
ARGEVT Carmack route 5 start '2241.0 -183.0  24.0' goal '2369.0 -567.0  56.0'
ARGLOG Romero t  26.1 pos '1424.0 -1156.3  20.0' spd  32.6 yaw 49 mode 2 st 0 gl 1 hp 100 frg 0
ARGLOG Carmack t  26.1 pos '2234.1 -346.8   8.0' spd 406.4 yaw 335 mode 2 st 0 gl 0 hp 32 frg 1
ARGUS Romero wallslide
ARGEVT Romero hazard
ARGLOG Romero t  26.6 pos '1424.0 -1171.5  20.0' spd  29.1 yaw 50 mode 2 st 0 gl 1 hp 100 frg 0
ARGLOG Carmack t  26.6 pos '2390.3 -424.3   8.0' spd 324.5 yaw 262 mode 2 st 0 gl 0 hp 32 frg 1
ARGEVT Joe Rogan respawn
ARGLOG Joe Rogan t  27.0 pos '2576.0 -1328.0  24.0' spd 0 yaw 216.7 mode 0 st 0 gl 0 hp 100 frg 0
ARGEVT Carmack door
ARGEVT Joe Rogan goal weapon_rocketlauncher
ARGEVT Joe Rogan route 4 start '2561.0 -1303.0  24.0' goal '2465.0 -1719.0  24.0'
ARGLOG Romero t  27.2 pos '1424.0 -1144.3  20.0' spd 332.6 yaw 48 mode 2 st 0 gl 1 hp 100 frg 0
ARGLOG Carmack t  27.2 pos '2543.9 -487.8  24.0' spd 347.9 yaw 297.8 mode 2 st 0 gl 0 hp 32 frg 1
ARGUS Romero wallslide
ARGEVT Carmack hazard
ARGUS Carmack jumpapproach 0 actual 406.3
ARGEVT Carmack jump
ARGUS Carmack aircontrol
ARGLOG Joe Rogan t  27.5 pos '2506.3 -1466.3  24.0' spd 333.6 yaw 278 mode 2 st 0 gl 0 hp 100 frg 0
ARGEVT Romero hazard
ARGLOG Romero t  27.7 pos '1424.0 -1004.6  20.0' spd  80.6 yaw 36 mode 2 st 0 gl 1 hp 100 frg 0
ARGLOG Carmack t  27.7 pos '2402.8 -528.0  66.7' spd 390.6 yaw 266.2 mode 2 st 0 gl 0 hp 32 frg 1
ARGLOG Joe Rogan t  28.1 pos '2512.9 -1630.1  24.0' spd 327.5 yaw 249 mode 1 st 0 gl 0 hp 100 frg 0
ARGLOG Romero t  28.2 pos '1424.0 -989.8  20.0' spd  12.3 yaw 35 mode 2 st 0 gl 1 hp 100 frg 0
ARGLOG Carmack t  28.2 pos '2414.2 -535.9  56.0' spd 123.8 yaw 255 mode 1 st 0 gl 0 hp 32 frg 1
ARGEVT Carmack hazard
ARGUS Romero wallslide
ARGEVT Joe Rogan goal item_armorInv
ARGEVT Joe Rogan route 8 start '2465.0 -1719.0  24.0' goal '2465.0 -1975.0 120.0'
ARGLOG Joe Rogan t  28.6 pos '2467.6 -1789.3  24.0' spd 375.5 yaw 215 mode 2 st 0 gl 1 hp 100 frg 0
ARGLOG Romero t  28.7 pos '1424.0 -983.4  20.0' spd   0.8 yaw 34 mode 2 st 0 gl 1 hp 100 frg 0
ARGLOG Carmack t  28.7 pos '2437.7 -534.5  56.0' spd  35.4 yaw 235 mode 1 st 0 gl 0 hp 32 frg 1
ARGEVT Joe Rogan hazard
ARGLOG Joe Rogan t  29.1 pos '2511.5 -1898.6  24.0' spd 191.5 yaw 176 mode 2 st 0 gl 1 hp 100 frg 0
ARGLOG Romero t  29.2 pos '1424.0 -983.0  20.0' spd   0.8 yaw 34 mode 2 st 0 gl 1 hp 100 frg 0
ARGLOG Carmack t  29.2 pos '2414.6 -535.7  56.0' spd 241.5 yaw 255 mode 1 st 0 gl 0 hp 32 frg 1
ARGEVT Romero stall
ARGEVT Romero stallnode '1281.0 -983.0  32.0'
ARGEVT Romero jump
ARGEVT Carmack hazard
ARGEVT Romero route 9 start '1313.0 -951.0  32.0' goal '2433.0 -183.0  24.0'
ARGLOG Joe Rogan t  29.6 pos '2354.0 -1890.3  24.0' spd 320.0 yaw 206 mode 2 st 0 gl 1 hp 100 frg 0
ARGLOG Romero t  29.7 pos '1424.0 -963.0  62.4' spd  88.1 yaw 32 mode 2 st 1 gl 1 hp 100 frg 0
ARGLOG Carmack t  29.7 pos '2366.8 -535.7  56.0' spd  41.5 yaw 303 mode 1 st 0 gl 0 hp 32 frg 1
ARGUS Romero wallslide
ARGEVT Joe Rogan jump
ARGEVT Romero hazard
ARGLOG Joe Rogan t  30.1 pos '2186.6 -1904.0  34.4' spd 346.4 yaw 267 mode 2 st 0 gl 1 hp 100 frg 0
ARGLOG Romero t  30.2 pos '1424.0 -971.6  20.0' spd  79.4 yaw 33 mode 2 st 1 gl 1 hp 100 frg 0
ARGLOG Carmack t  30.2 pos '2361.4 -535.6  56.0' spd 165.0 yaw 307 mode 1 st 0 gl 0 hp 32 frg 1
ARGEVT Carmack hazard
ARGLOG Joe Rogan t  30.6 pos '2129.6 -1961.6  56.0' spd 230.8 yaw 355 mode 2 st 0 gl 1 hp 100 frg 0
ARGLOG Romero t  30.7 pos '1424.0 -978.4  20.0' spd   1.6 yaw 34 mode 2 st 1 gl 1 hp 100 frg 0
ARGLOG Carmack t  30.7 pos '2428.2 -534.8  56.0' spd  40.1 yaw 243 mode 1 st 0 gl 0 hp 32 frg 1
ARGEVT Joe Rogan door
ARGEVT Joe Rogan hazard
ARGLOG Joe Rogan t  31.1 pos '2210.3 -2115.3  88.0' spd 353.1 yaw 17 mode 2 st 0 gl 1 hp 100 frg 0
ARGLOG Romero t  31.2 pos '1424.0 -979.2  20.0' spd   1.6 yaw 34 mode 2 st 1 gl 1 hp 100 frg 0
ARGLOG Carmack t  31.2 pos '2446.5 -533.6  56.0' spd  32.4 yaw 230 mode 1 st 0 gl 0 hp 32 frg 1
ARGUS Joe Rogan wallslide
