LOG started on: 09/19/2026 22:40:58 
Playing registered version.
UDP Initialized
WIPX_OpenSocket: Address family not supported by protocol family
WIPX_Init: Unable to open control socket, IPX disabled
Exe: 20:02:47 Jul 31 2024
256.0 megabyte heap

Language initialization
Couldn't load 'localization/loc_english.txt'
from 'C:\argus\engine'

========= Quake Initialized =========

execing autoexec.cfg
SpawnServer: dm2
Clearing memory
Programs occupy 908K.
trying to open external vis file
maps/dm2.vis not found, trying argus.vis
external vis not found
ARGUS slots 8
ARGUS worldspawn reached
ARGNAV 215 nodes, 1005 links
0 entities inhibited
ARGUS init on dm2
ARGEVT Carmack spawned
ARGEVT Romero spawned
ARGEVT Joe Rogan spawned
Server spawned.
ARGLOG Joe Rogan t   1.2 pos '2624.0 -488.0  32.0' spd 0 yaw 177.6 mode 0 st 0 gl 0 hp 100 frg 0
ARGLOG Romero t   1.2 pos '2704.0 -2048.0 128.0' spd 0 yaw 317.5 mode 0 st 0 gl 0 hp 100 frg 0
ARGLOG Carmack t   1.2 pos '2560.0 -192.0  32.0' spd 0 yaw 209.6 mode 0 st 0 gl 0 hp 100 frg 0
ARGUS Carmack wallslide
ARGEVT Joe Rogan engage Carmack
ARGUS Joe Rogan threatmove range 2
ARGEVT Joe Rogan grab item_armorInv
ARGEVT Carmack engage Joe Rogan
ARGUS Carmack threatmove range 2
ARGLOG Joe Rogan t   1.7 pos '2477.3 -443.1   8.0' spd 310.7 yaw  97.9 mode 0 st 0 gl 0 hp 100 frg 0
ARGLOG Romero t   1.7 pos '2714.7 -2091.8 128.0' spd 322.0 yaw 157.1 mode 0 st 0 gl 0 hp 100 frg 0
ARGLOG Carmack t   1.7 pos '2438.0 -240.0  24.0' spd  65.0 yaw 236.7 mode 0 st 0 gl 0 hp 100 frg 0
ARGEVT Carmack hazard
ARGEVT Joe Rogan hazard
ARGUS Joe Rogan wallslide
ARGLOG Joe Rogan t   2.2 pos '2366.5 -527.9   8.0' spd 119.5 yaw  83.1 mode 0 st 0 gl 0 hp 100 frg 0
ARGLOG Romero t   2.2 pos '2746.4 -2120.8 120.0' spd 193.9 yaw 189.4 mode 0 st 0 gl 0 hp 100 frg 0
ARGLOG Carmack t   2.2 pos '2383.3 -240.0  24.0' spd 325.3 yaw 255.2 mode 0 st 0 gl 0 hp 100 frg 0
ARGUS Romero wallslide
ARGLOG Joe Rogan t   2.7 pos '2339.7 -527.9   8.0' spd  43.7 yaw  81.9 mode 0 st 0 gl 0 hp 100 frg 0
ARGLOG Romero t   2.7 pos '2678.1 -2164.5 120.0' spd 192.6 yaw  22.2 mode 0 st 0 gl 0 hp 100 frg 0
ARGLOG Carmack t   2.7 pos '2397.2 -239.7  24.0' spd 352.0 yaw 263.3 mode 0 st 0 gl 0 hp 96 frg 0
ARGUS Carmack wallslide
ARGEVT Joe Rogan hazard
ARGUS Joe Rogan wallslide
ARGLOG Joe Rogan t   3.2 pos '2308.9 -522.7   8.0' spd 255.0 yaw  78.2 mode 0 st 0 gl 0 hp 100 frg 0
ARGLOG Romero t   3.2 pos '2766.8 -2213.7 120.0' spd 324.9 yaw 255.7 mode 0 st 0 gl 0 hp 100 frg 0
ARGLOG Carmack t   3.2 pos '2349.2 -231.1  24.0' spd 322.4 yaw 250.9 mode 0 st 0 gl 0 hp 96 frg 0
ARGLOG Joe Rogan t   3.7 pos '2160.3 -463.4   8.0' spd 322.6 yaw  89.5 mode 0 st 0 gl 0 hp 91 frg 0
ARGLOG Romero t   3.7 pos '2717.3 -2350.7 120.0' spd 352.7 yaw 171.3 mode 0 st 0 gl 0 hp 100 frg 0
ARGUS Romero wallslide
ARGLOG Carmack t   3.7 pos '2188.8 -242.9  24.0' spd 320.0 yaw 246.9 mode 0 st 0 gl 0 hp 96 frg 0
ARGEVT Romero hazard
ARGEVT Joe Rogan plan powerup via weapon
ARGEVT Joe Rogan goal weapon_rocketlauncher
ARGEVT Romero goal item_armorInv
ARGEVT Carmack goal item_armorInv
ARGEVT Joe Rogan routefail
ARGLOG Joe Rogan t   4.2 pos '2254.7 -432.6   8.0' spd 320.6 yaw  96.5 mode 0 st 0 gl 0 hp 73 frg 0
ARGLOG Romero t   4.2 pos '2648.4 -2256.0 120.0' spd  17.8 yaw  78.9 mode 0 st 0 gl 0 hp 100 frg 0
ARGLOG Carmack t   4.2 pos '2230.5 -275.8  24.0' spd 267.7 yaw 298.5 mode 0 st 0 gl 0 hp 96 frg 0
ARGEVT Joe Rogan plan powerup via weapon
ARGEVT Joe Rogan goal weapon_rocketlauncher
ARGEVT Joe Rogan route 15 start '2273.0 -375.0   8.0' goal '2465.0 -1719.0  24.0'
ARGEVT Romero route 31 start '2657.0 -2295.0 120.0' goal '2465.0 -1975.0 120.0'
ARGEVT Joe Rogan grab item_health
ARGEVT Carmack route 4 start '2177.0 -375.0   8.0' goal '2369.0 -567.0  56.0'
ARGLOG Joe Rogan t   4.7 pos '2401.0 -323.2   8.0' spd 354.7 yaw 175.9 mode 2 st 0 gl 0 hp 55 frg 0
ARGLOG Romero t   4.7 pos '2636.1 -2256.1 120.0' spd 249.2 yaw 229 mode 2 st 0 gl 0 hp 100 frg 0
ARGLOG Carmack t   4.7 pos '2191.0 -415.5   8.0' spd 377.9 yaw  23.0 mode 2 st 0 gl 0 hp 96 frg 0
ARGUS Joe Rogan wallslide
ARGEVT Carmack hazard
ARGLOG Joe Rogan t   5.2 pos '2525.0 -311.1  24.0' spd 338.9 yaw 213.7 mode 2 st 0 gl 0 hp 46 frg 0
ARGLOG Romero t   5.2 pos '2471.3 -2277.8 120.0' spd 396.7 yaw 141 mode 2 st 0 gl 0 hp 100 frg 0
ARGLOG Carmack t   5.2 pos '2272.9 -498.8   8.0' spd 225.6 yaw  29.8 mode 2 st 0 gl 0 hp 84 frg 0
ARGEVT Joe Rogan route 16 start '2593.0 -375.0  24.0' goal '2465.0 -1719.0  24.0'
ARGEVT Joe Rogan hazard
ARGUS routecache adopt
ARGEVT Joe Rogan route 16 start '2593.0 -375.0  24.0' goal '2465.0 -1719.0  24.0'
ARGLOG Joe Rogan t   5.7 pos '2630.8 -312.9  24.0' spd  29.3 yaw 186.6 mode 0 st 0 gl 0 hp 37 frg 0
ARGLOG Romero t   5.7 pos '2406.4 -2441.7 120.0' spd 348.3 yaw 135 mode 2 st 0 gl 0 hp 100 frg 0
ARGLOG Carmack t   5.7 pos '2246.6 -341.9   8.0' spd 263.5 yaw  15.9 mode 2 st 0 gl 0 hp 84 frg 0
ARGUS Joe Rogan threatmove retreat 2
ARGEVT Joe Rogan retreat
ARGUS routecache adopt
ARGEVT Joe Rogan route 16 start '2593.0 -375.0  24.0' goal '2465.0 -1719.0  24.0'
ARGEVT Romero hazard
ARGEVT Romero route 29 start '2433.0 -2487.0 120.0' goal '2465.0 -1975.0 120.0'
ARGUS routecache adopt
ARGEVT Romero route 29 start '2433.0 -2487.0 120.0' goal '2465.0 -1975.0 120.0'
ARGEVT Joe Rogan route 16 start '2593.0 -375.0  24.0' goal '2465.0 -1719.0  24.0'
ARGUS Romero wallslide
ARGLOG Joe Rogan t   6.2 pos '2634.6 -341.0  24.0' spd 235.7 yaw 197.8 mode 0 st 0 gl 0 hp 19 frg 0
ARGLOG Romero t   6.2 pos '2479.7 -2426.4 120.0' spd 320.1 yaw 89 mode 0 st 0 gl 0 hp 100 frg 0
ARGLOG Carmack t   6.2 pos '2269.1 -458.4   8.0' spd 326.3 yaw  14.0 mode 2 st 0 gl 0 hp 64 frg 0
ARGUS routecache adopt
ARGEVT Joe Rogan route 16 start '2593.0 -375.0  24.0' goal '2465.0 -1719.0  24.0'
ARGEVT Carmack weapon sg
ARGEVT Romero route 30 start '2433.0 -2359.0 120.0' goal '2465.0 -1975.0 120.0'
ARGEVT Joe Rogan route 16 start '2593.0 -375.0  24.0' goal '2465.0 -1719.0  24.0'
ARGEVT Joe Rogan grab item_health
ARGLOG Joe Rogan t   6.7 pos '2596.2 -326.3  24.0' spd 158.1 yaw 208.6 mode 2 st 0 gl 0 hp 10 frg 0
ARGLOG Romero t   6.7 pos '2416.2 -2268.3 120.0' spd 448.7 yaw 140 mode 2 st 0 gl 0 hp 100 frg 0
ARGLOG Carmack t   6.7 pos '2255.3 -457.8   8.0' spd 329.9 yaw  22.8 mode 2 st 0 gl 0 hp 44 frg 0
ARGEVT Joe Rogan hazard
ARGUS routecache adopt
ARGEVT Joe Rogan route 16 start '2593.0 -375.0  24.0' goal '2465.0 -1719.0  24.0'
ARGUS routecache adopt
ARGEVT Joe Rogan route 16 start '2593.0 -375.0  24.0' goal '2465.0 -1719.0  24.0'
ARGEVT Joe Rogan death Carmack pos '2615.7 -325.7  24.0'
ARGUS Carmack watch spawn
ARGLOG Romero t   7.2 pos '2400.4 -2434.9 120.0' spd 334.5 yaw 135 mode 2 st 0 gl 0 hp 100 frg 0
ARGLOG Carmack t   7.2 pos '2206.4 -293.9  24.0' spd 376.3 yaw  67.2 mode 2 st 0 gl 0 hp 20 frg 1
ARGEVT Carmack goal item_health
ARGEVT Romero route 29 start '2433.0 -2487.0 120.0' goal '2465.0 -1975.0 120.0'
ARGEVT Romero hazard
ARGUS routecache adopt
ARGEVT Romero route 28 start '1313.0 -1367.0 144.0' goal '2465.0 -1975.0 120.0'
ARGEVT Carmack route 4 start '2241.0 -183.0  24.0' goal '2593.0 -247.0 120.0'
ARGLOG Romero t   7.8 pos '1363.6 -1376.0 144.0' spd 300 yaw 102 mode 2 st 0 gl 0 hp 100 frg 0
ARGLOG Carmack t   7.8 pos '2342.2 -174.0  24.0' spd 360.6 yaw 331 mode 2 st 0 gl 0 hp 20 frg 1
ARGEVT Carmack jump
ARGLOG Romero t   8.3 pos '1378.3 -1367.8 136.0' spd 236.8 yaw 106 mode 2 st 0 gl 0 hp 100 frg 0
ARGLOG Carmack t   8.3 pos '2500.3 -226.9  49.0' spd 325.4 yaw 324.5 mode 1 st 0 gl 0 hp 20 frg 1
ARGEVT Joe Rogan respawn
ARGEVT Joe Rogan plan powerup via weapon
ARGEVT Joe Rogan goal weapon_rocketlauncher
ARGLOG Joe Rogan t   8.7 pos '1712.0 -504.0  24.0' spd 0 yaw 274.5 mode 0 st 0 gl 0 hp 100 frg 0
ARGLOG Romero t   8.8 pos '1349.2 -1211.4 152.0' spd 321.9 yaw 106 mode 2 st 0 gl 0 hp 100 frg 0
ARGEVT Romero jump
ARGLOG Carmack t   8.8 pos '2512.0 -225.1  34.6' spd  45.6 yaw  61.1 mode 1 st 0 gl 0 hp 45 frg 1
ARGEVT Joe Rogan route 17 start '1761.0 -503.0  24.0' goal '2465.0 -1719.0  24.0'
ARGEVT Joe Rogan hazard
ARGEVT Carmack jump
ARGUS Carmack wallslide
ARGLOG Joe Rogan t   9.2 pos '1833.3 -539.5  40.0' spd 331.9 yaw 31 mode 2 st 0 gl 0 hp 100 frg 0
ARGLOG Romero t   9.3 pos '1291.7 -1188.0 183.9' spd 132.7 yaw 92 mode 2 st 0 gl 0 hp 100 frg 0
ARGLOG Carmack t   9.3 pos '2576.0 -187.8  32.0' spd 148.7 yaw 286 mode 1 st 0 gl 0 hp 45 frg 1
ARGEVT Carmack hazard
ARGEVT Joe Rogan jump
ARGLOG Joe Rogan t   9.7 pos '1904.0 -475.9 115.6' spd 133.1 yaw 28 mode 2 st 0 gl 0 hp 100 frg 0
ARGLOG Romero t   9.8 pos '1276.8 -1056.6 200.0' spd 320.5 yaw 32 mode 2 st 0 gl 0 hp 100 frg 0
ARGLOG Carmack t   9.8 pos '2446.2 -238.6  24.0' spd 340.1 yaw 150.4 mode 1 st 0 gl 0 hp 45 frg 1
ARGUS Joe Rogan wallslide
ARGEVT Romero route 26 start '1313.0 -1047.0 200.0' goal '2465.0 -1975.0 120.0'
ARGLOG Joe Rogan t  10.3 pos '1946.9 -464.0 104.0' spd 206.4 yaw 30 mode 2 st 0 gl 0 hp 100 frg 0
ARGLOG Romero t  10.3 pos '1317.0 -889.4 143.2' spd 354.0 yaw 249 mode 2 st 0 gl 0 hp 100 frg 0
ARGLOG Carmack t  10.3 pos '2391.2 -144.0  24.0' spd 323.9 yaw 346.3 mode 1 st 0 gl 0 hp 45 frg 1
ARGEVT Joe Rogan hazard
ARGEVT Carmack jump
ARGLOG Joe Rogan t  10.8 pos '2063.5 -381.8 104.0' spd 343.6 yaw 92 mode 2 st 0 gl 0 hp 100 frg 0
ARGLOG Romero t  10.8 pos '1345.0 -946.2  32.0' spd 321.7 yaw 26 mode 2 st 0 gl 0 hp 100 frg 0
ARGLOG Carmack t  10.8 pos '2552.0 -187.3  42.0' spd 331.2 yaw 274.7 mode 1 st 0 gl 0 hp 45 frg 1
ARGEVT Carmack hazard
ARGEVT Romero hazard
ARGUS routecache adopt
ARGEVT Romero route 23 start '1697.0 -663.0  24.0' goal '2465.0 -1975.0 120.0'
ARGEVT Carmack engage Joe Rogan
ARGUS Carmack threatmove range 2
ARGEVT Carmack grab item_health
ARGEVT Joe Rogan engage Carmack
ARGUS Joe Rogan threatmove range 2
ARGLOG Joe Rogan t  11.3 pos '2030.5 -246.9  40.0' spd  93.7 yaw   7.0 mode 2 st 0 gl 0 hp 100 frg 0
ARGLOG Romero t  11.3 pos '1696.0 -953.6  20.0' spd 300 yaw 81 mode 2 st 0 gl 0 hp 100 frg 0
ARGLOG Carmack t  11.3 pos '2500.3 -198.8  24.0' spd 288.5 yaw 186.8 mode 1 st 0 gl 0 hp 45 frg 1
ARGEVT Carmack jump
ARGLOG Joe Rogan t  11.8 pos '2064.0 -241.8  40.0' spd 322.8 yaw  10.8 mode 2 st 0 gl 0 hp 100 frg 0
ARGLOG Romero t  11.8 pos '1696.2 -961.3  20.0' spd 121.5 yaw 81 mode 2 st 0 gl 0 hp 100 frg 0
ARGLOG Carmack t  11.8 pos '2543.1 -182.4  32.0' spd 270.0 yaw 186.0 mode 1 st 0 gl 0 hp 45 frg 1
ARGUS Carmack threatmove retreat 2
ARGEVT Carmack retreat
ARGEVT Carmack jump
ARGLOG Joe Rogan t  12.3 pos '2089.8 -80.3  24.0' spd 328.6 yaw 346.0 mode 2 st 0 gl 0 hp 100 frg 0
ARGLOG Romero t  12.3 pos '1699.2 -827.1  20.0' spd 320.0 yaw 79 mode 2 st 0 gl 0 hp 100 frg 0
ARGLOG Carmack t  12.3 pos '2546.1 -236.5  46.3' spd 191.9 yaw 172.5 mode 1 st 0 gl 0 hp 33 frg 1
ARGEVT Carmack hazard
ARGUS Carmack wallslide
ARGLOG Joe Rogan t  12.8 pos '2113.2 -129.6  24.0' spd 321.1 yaw 348.6 mode 2 st 0 gl 0 hp 100 frg 0
ARGLOG Romero t  12.8 pos '1712.8 -665.3  24.0' spd 321.5 yaw 38 mode 2 st 0 gl 0 hp 100 frg 0
ARGLOG Carmack t  12.8 pos '2563.3 -210.7  32.0' spd 247.8 yaw 181.2 mode 1 st 0 gl 0 hp 29 frg 1
ARGEVT Carmack jump
ARGUS Joe Rogan wallslide
ARGLOG Joe Rogan t  13.3 pos '2139.9 -258.7  24.0' spd 313.5 yaw   5.2 mode 2 st 0 gl 0 hp 100 frg 0
ARGLOG Romero t  13.3 pos '1760.7 -510.3  24.0' spd 354.7 yaw 35 mode 2 st 0 gl 0 hp 100 frg 0
ARGLOG Carmack t  13.3 pos '2573.8 -212.1  32.0' spd  53.9 yaw 189.3 mode 1 st 0 gl 0 hp 5 frg 1
ARGEVT Romero hazard
ARGEVT Carmack hazard
ARGEVT Romero jump
ARGEVT Carmack pursue
ARGEVT Joe Rogan pursue
ARGLOG Joe Rogan t  13.8 pos '2225.5 -394.0   8.0' spd 323.6 yaw 28 mode 2 st 0 gl 0 hp 100 frg 0
ARGEVT Carmack jump
ARGLOG Romero t  13.8 pos '1909.5 -464.0  94.5' spd 322.2 yaw 356.5 mode 2 st 0 gl 0 hp 100 frg 0
ARGLOG Carmack t  13.8 pos '2546.0 -163.0  39.4' spd 120.5 yaw 196 mode 1 st 0 gl 0 hp 5 frg 1
ARGEVT Joe Rogan route 16 start '2369.0 -407.0   8.0' goal '2465.0 -1719.0  24.0'
ARGEVT Joe Rogan grab item_armorInv
ARGEVT Joe Rogan pursue
ARGLOG Joe Rogan t  14.3 pos '2375.5 -456.4   8.0' spd 312.8 yaw 59 mode 2 st 0 gl 0 hp 100 frg 0
ARGLOG Romero t  14.3 pos '2053.7 -439.0 104.0' spd 335.2 yaw 90 mode 2 st 0 gl 0 hp 100 frg 0
ARGLOG Carmack t  14.3 pos '2453.5 -209.3  24.0' spd 321.0 yaw 195.8 mode 1 st 0 gl 0 hp 5 frg 1
ARGEVT Joe Rogan hazard
ARGUS Carmack wallslide
ARGUS Joe Rogan wallslide
ARGEVT Carmack hazard
ARGEVT Joe Rogan route 16 start '2465.0 -503.0   8.0' goal '2465.0 -1719.0  24.0'
ARGLOG Joe Rogan t  14.8 pos '2456.0 -526.6   8.0' spd  45.4 yaw 103.3 mode 2 st 0 gl 0 hp 100 frg 0
ARGEVT Romero engage Carmack
ARGUS Romero threatmove range 2
ARGLOG Romero t  14.8 pos '2035.6 -273.2  56.0' spd 335.7 yaw  42.2 mode 2 st 0 gl 0 hp 100 frg 0
ARGLOG Carmack t  14.8 pos '2341.1 -144.6  24.0' spd 153.7 yaw 283.8 mode 1 st 0 gl 0 hp 5 frg 1
ARGEVT Romero hazard
ARGLOG Joe Rogan t  15.3 pos '2456.5 -511.9   8.0' spd  34.8 yaw 110.4 mode 2 st 0 gl 0 hp 88 frg 0
ARGLOG Romero t  15.3 pos '2056.4 -145.7  24.0' spd 328.6 yaw   1.9 mode 2 st 0 gl 0 hp 100 frg 0
ARGLOG Carmack t  15.3 pos '2316.7 -163.5  24.0' spd  30.1 yaw 294.4 mode 1 st 0 gl 0 hp 1 frg 1
ARGEVT Carmack pursue
ARGEVT Joe Rogan pursue
ARGLOG Joe Rogan t  15.8 pos '2417.7 -460.3   8.0' spd 320.2 yaw 108 mode 2 st 0 gl 0 hp 88 frg 0
ARGLOG Romero t  15.8 pos '2146.0  -2.6  24.0' spd 341.4 yaw 322.0 mode 2 st 0 gl 0 hp 100 frg 0
ARGLOG Carmack t  15.8 pos '2340.6 -228.8  24.0' spd 320.3 yaw 294 mode 1 st 0 gl 0 hp 1 frg 1
ARGUS Carmack wallslide
ARGEVT Joe Rogan grab 
ARGUS Carmack crossfire retreat
ARGLOG Joe Rogan t  16.3 pos '2481.5 -334.2   8.0' spd 338.0 yaw  99.9 mode 2 st 0 gl 0 hp 84 frg 0
ARGEVT Carmack jump
ARGLOG Romero t  16.3 pos '2119.1 -31.1  24.0' spd 334.0 yaw 323.4 mode 2 st 0 gl 0 hp 100 frg 0
ARGLOG Carmack t  16.3 pos '2476.9 -240.0  27.7' spd 321.5 yaw 279.6 mode 1 st 0 gl 0 hp 1 frg 1
ARGEVT Carmack death Romero pos '2500.1 -240.0  43.8' thirdparty
ARGUS Romero watch spawn
ARGEVT Romero goal backpack
ARGEVT Romero route 3 start '2049.0 -87.0  24.0' goal '2433.0 -247.0  56.0'
ARGEVT Joe Rogan route 16 start '2529.0 -343.0  24.0' goal '2465.0 -1719.0  24.0'
ARGUS Joe Rogan wallslide
ARGEVT Joe Rogan hazard
ARGEVT Joe Rogan route 16 start '2593.0 -375.0  24.0' goal '2465.0 -1719.0  24.0'
ARGLOG Joe Rogan t  16.8 pos '2626.4 -337.9  24.0' spd 321.4 yaw 279.8 mode 0 st 0 gl 0 hp 84 frg 0
ARGLOG Romero t  16.8 pos '2167.1 -196.3  24.0' spd 350.2 yaw 346 mode 2 st 0 gl 0 hp 100 frg 1
ARGUS routecache adopt
ARGEVT Joe Rogan route 16 start '2593.0 -375.0  24.0' goal '2465.0 -1719.0  24.0'
ARGEVT Romero hazard
ARGLOG Joe Rogan t  17.3 pos '2496.5 -375.0   8.0' spd 348.2 yaw 140.0 mode 2 st 0 gl 0 hp 84 frg 0
ARGLOG Romero t  17.3 pos '2256.0 -244.6  24.0' spd   8.2 yaw 349 mode 2 st 0 gl 0 hp 100 frg 1
ARGUS Joe Rogan wallslide
ARGLOG Joe Rogan t  17.8 pos '2352.9 -304.2   8.0' spd 330.9 yaw 117 mode 2 st 0 gl 0 hp 84 frg 0
ARGLOG Romero t  17.8 pos '2256.0 -245.8  24.0' spd  11.4 yaw 349 mode 2 st 0 gl 0 hp 100 frg 1
ARGEVT Carmack respawn
ARGEVT Romero engage Carmack
ARGUS Romero threatmove range 2
ARGEVT Carmack goal item_armorInv
ARGEVT Carmack engage Romero
ARGUS Carmack threatmove range 2
ARGEVT Carmack grab 
ARGLOG Carmack t  17.9 pos '2560.0 -192.0  32.0' spd 0 yaw 181.5 mode 0 st 0 gl 0 hp 100 frg 1
ARGEVT Carmack route 6 start '2529.0 -183.0  32.0' goal '2369.0 -567.0  56.0'
ARGEVT Joe Rogan engage Romero
ARGEVT Romero goal item_artifact_super_damage
ARGUS Joe Rogan threatmove range 2
ARGEVT Romero routefail
ARGLOG Joe Rogan t  18.3 pos '2182.8 -346.4   8.0' spd 394.8 yaw  67.5 mode 2 st 0 gl 0 hp 84 frg 0
ARGEVT Romero goal item_health
ARGEVT Romero hazard
ARGLOG Romero t  18.4 pos '2281.4 -136.4  24.0' spd 136.1 yaw 359.7 mode 0 st 0 gl 0 hp 100 frg 1
ARGEVT Romero route 10 start '2241.0 -183.0  24.0' goal '2049.0 -983.0 344.0'
ARGEVT Joe Rogan hazard
ARGLOG Carmack t  18.4 pos '2494.7 -227.5  24.0' spd  89.4 yaw 159.8 mode 2 st 0 gl 0 hp 100 frg 1
ARGUS Carmack wallslide
ARGLOG Joe Rogan t  18.8 pos '2238.8 -446.9   8.0' spd 335.3 yaw  68.0 mode 0 st 0 gl 0 hp 84 frg 0
ARGEVT Joe Rogan route 15 start '2241.0 -471.0   8.0' goal '2465.0 -1719.0  24.0'
ARGLOG Romero t  18.9 pos '2320.7 -214.2  24.0' spd 280.4 yaw  16.0 mode 2 st 0 gl 0 hp 85 frg 1
ARGEVT Romero grab item_health
ARGLOG Carmack t  18.9 pos '2454.9 -144.5  24.0' spd 278.7 yaw 206.7 mode 2 st 0 gl 0 hp 88 frg 1
ARGLOG Joe Rogan t  19.3 pos '2399.8 -469.9   8.0' spd 321.0 yaw  81.7 mode 2 st 0 gl 0 hp 84 frg 0
ARGLOG Romero t  19.4 pos '2453.7 -144.5  24.0' spd 332.3 yaw   2.3 mode 2 st 0 gl 0 hp 76 frg 1
ARGEVT Carmack route 6 start '2529.0 -183.0  32.0' goal '2369.0 -567.0  56.0'
ARGUS Carmack threatmove retreat 2
ARGEVT Carmack retreat
ARGEVT Carmack hazard
ARGLOG Carmack t  19.5 pos '2564.7 -166.7  32.0' spd 641.7 yaw 171.3 mode 2 st 0 gl 0 hp 32 frg 1
ARGEVT Joe Rogan pursue
ARGUS Joe Rogan hunch item_artifact_super_damage
ARGEVT Joe Rogan goal weapon_rocketlauncher
ARGLOG Joe Rogan t  19.8 pos '2552.7 -464.0  24.0' spd 143.3 yaw 230.0 mode 0 st 0 gl 0 hp 84 frg 0
ARGLOG Romero t  19.9 pos '2548.3 -165.2  32.0' spd 278.2 yaw 241.5 mode 2 st 0 gl 0 hp 67 frg 1
ARGEVT Joe Rogan route 17 start '2561.0 -503.0  24.0' goal '2465.0 -1719.0  24.0'
ARGUS Carmack wallslide
ARGEVT Joe Rogan pursue
ARGLOG Carmack t  20.0 pos '2437.3 -239.6  24.0' spd 302.4 yaw  37.3 mode 2 st 0 gl 0 hp 32 frg 1
ARGEVT Joe Rogan hazard
ARGLOG Joe Rogan t  20.4 pos '2434.1 -504.6   8.0' spd 380.0 yaw 122.7 mode 2 st 0 gl 0 hp 84 frg 0
ARGLOG Romero t  20.4 pos '2547.7 -168.6  32.0' spd 218.3 yaw 201.4 mode 2 st 0 gl 0 hp 58 frg 1
ARGLOG Carmack t  20.5 pos '2341.7 -239.6  24.0' spd 134.3 yaw  18.3 mode 2 st 0 gl 0 hp 28 frg 1
ARGEVT Carmack hazard
ARGLOG Joe Rogan t  20.9 pos '2363.2 -337.2   8.0' spd 336.7 yaw 64 mode 2 st 0 gl 0 hp 84 frg 0
ARGLOG Romero t  20.9 pos '2526.7 -193.6  32.0' spd 320.3 yaw 188.9 mode 2 st 0 gl 0 hp 58 frg 1
ARGEVT Joe Rogan pursue
ARGUS Joe Rogan wallslide
ARGLOG Carmack t  21.0 pos '2327.3 -235.6  24.0' spd  40.2 yaw  16.5 mode 2 st 0 gl 0 hp 28 frg 1
ARGEVT Romero hazard
ARGUS Romero wallslide
ARGLOG Joe Rogan t  21.4 pos '2438.9 -304.5   8.0' spd 185.8 yaw 84 mode 2 st 0 gl 0 hp 84 frg 0
ARGLOG Romero t  21.4 pos '2385.1 -144.0  24.0' spd 139.9 yaw 219.8 mode 2 st 0 gl 0 hp 49 frg 1
ARGLOG Carmack t  21.5 pos '2310.1 -229.7  24.0' spd  33.4 yaw  50.9 mode 2 st 0 gl 0 hp 8 frg 1
ARGEVT Joe Rogan hazard
ARGEVT Joe Rogan pursue
ARGEVT Carmack death Romero pos '2317.1 -223.0  24.0'
ARGLOG Joe Rogan t  21.9 pos '2444.2 -304.1   8.0' spd 320.5 yaw 136.4 mode 2 st 0 gl 0 hp 84 frg 0
ARGEVT Romero goal item_health
ARGLOG Romero t  21.9 pos '2393.3 -144.0  24.0' spd 326.5 yaw 172.3 mode 1 st 0 gl 0 hp 40 frg 2
ARGLOG Joe Rogan t  22.4 pos '2280.5 -352.4   8.0' spd 356.7 yaw 252 mode 2 st 0 gl 0 hp 84 frg 0
ARGEVT Romero engage Joe Rogan
ARGUS Romero wallslide
ARGUS Romero threatmove range 2
ARGLOG Romero t  22.4 pos '2263.9 -236.1  24.0' spd  89.3 yaw 297.8 mode 1 st 0 gl 0 hp 40 frg 2
ARGEVT Romero hazard
ARGLOG Joe Rogan t  22.9 pos '2368.4 -346.3   8.0' spd 365.1 yaw 151.8 mode 2 st 0 gl 0 hp 84 frg 0
ARGLOG Romero t  22.9 pos '2128.0 -253.2  24.0' spd 221.2 yaw 335.2 mode 1 st 0 gl 0 hp 31 frg 2
ARGUS Romero threatmove retreat 2
ARGEVT Romero retreat
ARGEVT Carmack respawn
ARGEVT Carmack goal item_armorInv
ARGLOG Carmack t  23.3 pos '2704.0 -2048.0 128.0' spd 0 yaw 265.5 mode 0 st 0 gl 0 hp 100 frg 1
ARGLOG Joe Rogan t  23.4 pos '2380.1 -413.7   8.0' spd 342.1 yaw 159.4 mode 0 st 0 gl 0 hp 72 frg 0
ARGEVT Carmack route 32 start '2721.0 -2103.0 120.0' goal '2465.0 -1975.0 120.0'
ARGLOG Romero t  23.4 pos '2186.0 -281.9  24.0' spd 325.5 yaw 342.9 mode 1 st 0 gl 0 hp 22 frg 2
ARGEVT Joe Rogan route 16 start '2337.0 -503.0   8.0' goal '2465.0 -1719.0  24.0'
ARGLOG Carmack t  23.9 pos '2678.1 -2192.2 120.0' spd 321.0 yaw 231 mode 2 st 0 gl 0 hp 100 frg 1
ARGLOG Joe Rogan t  23.9 pos '2247.4 -522.8   8.0' spd 348.6 yaw  97.6 mode 2 st 0 gl 0 hp 72 frg 0
ARGLOG Romero t  24.0 pos '2267.3 -139.8  24.0' spd 320.1 yaw 273.9 mode 1 st 0 gl 0 hp 22 frg 2
ARGUS Carmack wallslide
ARGUS Romero wallslide
ARGLOG Carmack t  24.4 pos '2570.5 -2304.7 120.0' spd 347.4 yaw 233 mode 2 st 0 gl 0 hp 100 frg 1
ARGLOG Joe Rogan t  24.4 pos '2179.9 -499.5   8.0' spd 323.7 yaw  75.4 mode 2 st 0 gl 0 hp 72 frg 0
ARGLOG Romero t  24.5 pos '2295.7  15.6  40.0' spd  96.9 yaw 263.3 mode 1 st 0 gl 0 hp 14 frg 2
ARGLOG Carmack t  24.9 pos '2401.8 -2340.6 120.0' spd 437.8 yaw 138 mode 2 st 0 gl 0 hp 100 frg 1
ARGEVT Joe Rogan grab item_armorInv
ARGLOG Joe Rogan t  24.9 pos '2346.8 -487.0   8.0' spd 331.8 yaw  99.6 mode 2 st 0 gl 0 hp 64 frg 0
ARGLOG Romero t  25.0 pos '2163.6  24.3  24.0' spd 369.9 yaw 286.9 mode 1 st 0 gl 0 hp 14 frg 2
ARGEVT Joe Rogan hazard
ARGEVT Romero pursue
ARGUS Joe Rogan wallslide
ARGEVT Joe Rogan pursue
ARGEVT Romero hazard
ARGEVT Carmack route 29 start '2433.0 -2487.0 120.0' goal '2465.0 -1975.0 120.0'
ARGEVT Carmack hazard
ARGLOG Carmack t  25.4 pos '2450.7 -2496.3 120.0' spd 374.5 yaw  24.3 mode 0 st 0 gl 0 hp 100 frg 1
ARGLOG Joe Rogan t  25.4 pos '2420.9 -464.1   8.0' spd 331.1 yaw 111 mode 2 st 0 gl 0 hp 64 frg 0
ARGUS routecache adopt
ARGEVT Carmack route 29 start '2433.0 -2487.0 120.0' goal '2465.0 -1975.0 120.0'
ARGLOG Romero t  25.5 pos '2108.8 -39.0  24.0' spd 325.5 yaw 292 mode 1 st 0 gl 0 hp 14 frg 2
ARGUS routecache adopt
ARGEVT Carmack route 29 start '2433.0 -2487.0 120.0' goal '2465.0 -1975.0 120.0'
ARGLOG Carmack t  25.9 pos '2437.4 -2345.0 120.0' spd 393.0 yaw 138 mode 2 st 0 gl 0 hp 100 frg 1
ARGLOG Joe Rogan t  25.9 pos '2379.0 -307.9   8.0' spd 320.5 yaw 114 mode 2 st 0 gl 0 hp 64 frg 0
ARGLOG Romero t  26.0 pos '2161.0 -192.2  24.0' spd 320.2 yaw 294 mode 1 st 0 gl 0 hp 14 frg 2
ARGUS Joe Rogan hunch item_health
ARGEVT Joe Rogan goal item_armorInv
ARGEVT Joe Rogan route 3 start '2401.0 -343.0   8.0' goal '2369.0 -567.0  56.0'
ARGLOG Carmack t  26.4 pos '2391.6 -2324.8 120.0' spd 320.8 yaw 138 mode 2 st 0 gl 0 hp 100 frg 1
ARGLOG Joe Rogan t  26.4 pos '2375.6 -378.3   8.0' spd 331.2 yaw 173.6 mode 2 st 0 gl 0 hp 60 frg 0
ARGLOG Romero t  26.5 pos '2145.8 -237.3  24.0' spd 321.8 yaw 327.1 mode 1 st 0 gl 0 hp 14 frg 2
ARGEVT Joe Rogan hazard
ARGLOG Carmack t  26.9 pos '2433.5 -2482.1 120.0' spd 352.5 yaw 323.1 mode 0 st 0 gl 0 hp 100 frg 1
ARGEVT Carmack route 29 start '2433.0 -2487.0 120.0' goal '2465.0 -1975.0 120.0'
ARGLOG Joe Rogan t  26.9 pos '2289.1 -516.7   8.0' spd 356.5 yaw 121.9 mode 2 st 0 gl 0 hp 60 frg 0
ARGEVT Carmack hazard
ARGLOG Romero t  27.0 pos '2030.0 -125.4  24.0' spd 320.0 yaw 304.1 mode 1 st 0 gl 0 hp 14 frg 2
ARGUS routecache adopt
ARGEVT Carmack route 29 start '2433.0 -2487.0 120.0' goal '2465.0 -1975.0 120.0'
ARGUS Carmack wallslide
ARGEVT Carmack route 30 start '2433.0 -2359.0 120.0' goal '2465.0 -1975.0 120.0'
ARGEVT Joe Rogan route 4 start '2177.0 -503.0   8.0' goal '2369.0 -567.0  56.0'
ARGEVT Romero pursue
ARGEVT Joe Rogan pursue
ARGLOG Carmack t  27.4 pos '2479.4 -2357.7 120.0' spd 336.6 yaw 139 mode 2 st 0 gl 0 hp 100 frg 1
ARGLOG Joe Rogan t  27.4 pos '2176.8 -504.8   8.0' spd 282.4 yaw 110 mode 2 st 0 gl 0 hp 60 frg 0
ARGLOG Romero t  27.5 pos '1945.6 -41.3  24.0' spd 193.9 yaw 305 mode 1 st 0 gl 0 hp 36 frg 2
ARGLOG Carmack t  27.9 pos '2395.3 -2339.8 120.0' spd 326.9 yaw 138 mode 2 st 0 gl 0 hp 100 frg 1
ARGLOG Joe Rogan t  27.9 pos '2138.2 -343.6  24.0' spd 320.8 yaw 115 mode 0 st 0 gl 0 hp 60 frg 0
ARGEVT Joe Rogan route 4 start '2177.0 -375.0   8.0' goal '2369.0 -567.0  56.0'
ARGLOG Romero t  28.0 pos '2035.6 -175.6  24.0' spd 320.0 yaw 306 mode 1 st 0 gl 0 hp 36 frg 2
ARGUS Joe Rogan wallslide
ARGEVT Joe Rogan pursue
ARGUS Romero wallslide
ARGEVT Carmack route 29 start '2433.0 -2487.0 120.0' goal '2465.0 -1975.0 120.0'
ARGEVT Carmack hazard
ARGLOG Carmack t  28.4 pos '2433.1 -2504.8 120.0' spd 396.5 yaw 355.6 mode 0 st 0 gl 0 hp 100 frg 1
ARGLOG Joe Rogan t  28.5 pos '2187.4 -244.1  24.0' spd 251.4 yaw 181.7 mode 2 st 0 gl 0 hp 60 frg 0
ARGUS routecache adopt
ARGEVT Carmack route 28 start '1313.0 -1367.0 144.0' goal '2465.0 -1975.0 120.0'
ARGLOG Romero t  28.5 pos '1991.2 -251.0  40.0' spd 286.5 yaw 349.9 mode 1 st 0 gl 0 hp 31 frg 2
ARGEVT Romero hazard
ARGEVT Romero pursue
ARGEVT Joe Rogan pursue
ARGLOG Carmack t  28.9 pos '1360.3 -1376.0 144.0' spd 300 yaw 101 mode 2 st 0 gl 0 hp 100 frg 1
ARGLOG Joe Rogan t  29.0 pos '2181.3 -405.6   8.0' spd 286.2 yaw 141.4 mode 2 st 0 gl 0 hp 60 frg 0
ARGLOG Romero t  29.0 pos '2009.2 -289.4  56.0' spd 328.9 yaw 9 mode 1 st 0 gl 0 hp 31 frg 2
ARGEVT Joe Rogan hazard
ARGUS Romero hunch item_armorInv
ARGEVT Romero goal item_health
ARGEVT Romero pursue
ARGEVT Joe Rogan pursue
ARGLOG Carmack t  29.4 pos '1372.6 -1294.9 136.0' spd 324.0 yaw 106 mode 2 st 0 gl 0 hp 100 frg 1
ARGLOG Joe Rogan t  29.5 pos '2154.1 -386.7   8.0' spd 327.1 yaw  53.5 mode 2 st 0 gl 0 hp 60 frg 0
ARGLOG Romero t  29.5 pos '1992.6 -388.6 104.0' spd 356.8 yaw 276.5 mode 1 st 0 gl 0 hp 31 frg 2
ARGEVT Carmack jump
ARGLOG Carmack t  29.9 pos '1322.6 -1199.7 192.7' spd 112.1 yaw 100 mode 2 st 0 gl 0 hp 100 frg 1
ARGEVT Romero hazard
ARGLOG Joe Rogan t  30.0 pos '2148.0 -216.0  24.0' spd 428.1 yaw 184.5 mode 0 st 0 gl 0 hp 60 frg 0
ARGEVT Joe Rogan route 5 start '2113.0 -215.0  24.0' goal '2369.0 -567.0  56.0'
ARGLOG Romero t  30.0 pos '2054.8 -533.0 104.0' spd 352.9 yaw  37.9 mode 1 st 0 gl 0 hp 81 frg 2
ARGEVT Romero grab item_health
ARGLOG Carmack t  30.4 pos '1278.2 -1142.7 184.0' spd 321.6 yaw 38 mode 2 st 0 gl 0 hp 100 frg 1
ARGLOG Joe Rogan t  30.5 pos '2126.9 -217.7  24.0' spd 323.3 yaw 247.5 mode 2 st 0 gl 0 hp 60 frg 0
ARGLOG Romero t  30.6 pos '1962.6 -547.3 104.0' spd 189.2 yaw  64.6 mode 1 st 0 gl 0 hp 81 frg 2
ARGEVT Romero grab item_artifact_super_damage
ARGEVT Romero pursue
ARGEVT Joe Rogan pursue
ARGLOG Carmack t  30.9 pos '1283.4 -972.7 195.6' spd 342.2 yaw  30.6 mode 0 st 0 gl 0 hp 100 frg 1
ARGLOG Joe Rogan t  31.0 pos '2205.5 -336.0  24.0' spd 357.5 yaw 221 mode 2 st 0 gl 0 hp 60 frg 0
ARGEVT Carmack route 26 start '1313.0 -1047.0 200.0' goal '2465.0 -1975.0 120.0'
ARGLOG Romero t  31.1 pos '2044.8 -469.3 104.0' spd 326.4 yaw 79 mode 1 st 0 gl 0 hp 81 frg 2
ARGUS Joe Rogan hunch item_artifact_super_damage
ARGEVT Joe Rogan pursue
ARGEVT Joe Rogan goal weapon_rocketlauncher
ARGLOG Carmack t  31.5 pos '1360.0 -885.3  47.1' spd  34.3 yaw 232 mode 2 st 0 gl 0 hp 100 frg 1
ARGEVT Joe Rogan routefail
ARGLOG Joe Rogan t  31.5 pos '2179.3 -447.7   8.0' spd 320.2 yaw 339.6 mode 0 st 0 gl 0 hp 60 frg 0
ARGUS Romero wallslide
ARGLOG Romero t  31.6 pos '2064.0 -306.2  72.0' spd 329.8 yaw 74 mode 1 st 0 gl 0 hp 81 frg 2
ARGEVT Joe Rogan goal item_armorInv
ARGEVT Joe Rogan route 3 start '2241.0 -471.0   8.0' goal '2369.0 -567.0  56.0'
ARGEVT Joe Rogan hazard
ARGLOG Carmack t  32.0 pos '1306.7 -1015.2  32.0' spd 320.3 yaw 234.4 mode 0 st 0 gl 0 hp 100 frg 1
ARGEVT Carmack hazard
ARGLOG Joe Rogan t  32.0 pos '2328.5 -520.2   8.0' spd 342.1 yaw 163.3 mode 2 st 0 gl 0 hp 60 frg 0
ARGEVT Carmack route 25 start '1281.0 -983.0  32.0' goal '2465.0 -1975.0 120.0'
ARGLOG Romero t  32.1 pos '2068.2 -187.7  24.0' spd 206.1 yaw 318.5 mode 1 st 0 gl 0 hp 81 frg 2
ARGUS routecache adopt
ARGEVT Carmack route 23 start '1697.0 -663.0  24.0' goal '2465.0 -1975.0 120.0'
ARGLOG Carmack t  32.5 pos '1696.0 -953.0  20.0' spd 300 yaw 81 mode 2 st 0 gl 0 hp 100 frg 1
ARGLOG Joe Rogan t  32.5 pos '2453.3 -402.5   8.0' spd 341.5 yaw 162.8 mode 2 st 0 gl 0 hp 60 frg 0
ARGEVT Joe Rogan pursue
ARGEVT Romero pursue
ARGLOG Romero t  32.6 pos '2029.2 -344.4  88.0' spd 326.1 yaw 337 mode 1 st 0 gl 0 hp 81 frg 2
ARGEVT Romero hazard
ARGUS Joe Rogan wallslide
ARGLOG Carmack t  33.0 pos '1697.8 -904.9  20.0' spd 320.0 yaw 81 mode 2 st 0 gl 0 hp 100 frg 1
ARGLOG Joe Rogan t  33.0 pos '2348.0 -304.0   8.0' spd 335.8 yaw 161 mode 2 st 0 gl 0 hp 60 frg 0
ARGEVT Romero pursue
ARGLOG Romero t  33.1 pos '2031.5 -508.0 104.0' spd 355.4 yaw 216.8 mode 1 st 0 gl 0 hp 81 frg 2
ARGEVT Joe Rogan pursue
ARGEVT Joe Rogan route 4 start '2209.0 -279.0  24.0' goal '2369.0 -567.0  56.0'
ARGUS Romero wallslide
ARGLOG Carmack t  33.5 pos '1700.9 -742.3  20.0' spd 325.5 yaw 47 mode 2 st 0 gl 0 hp 100 frg 1
ARGLOG Joe Rogan t  33.5 pos '2178.2 -293.0  24.0' spd 333.9 yaw 143 mode 2 st 0 gl 0 hp 60 frg 0
ARGLOG Romero t  33.6 pos '1942.1 -560.0 104.0' spd 103.1 yaw 338.5 mode 1 st 0 gl 0 hp 81 frg 2
ARGEVT Joe Rogan hazard
ARGEVT Joe Rogan route 5 start '2113.0 -215.0  24.0' goal '2369.0 -567.0  56.0'
ARGEVT Romero grab item_health
ARGEVT Romero hazard
ARGLOG Carmack t  34.0 pos '1734.4 -581.6  24.0' spd 320.4 yaw  66.2 mode 2 st 0 gl 0 hp 100 frg 1
ARGEVT Carmack engage Romero
ARGUS Carmack threatmove range 2
ARGLOG Joe Rogan t  34.0 pos '2036.4 -187.2  24.0' spd 351.6 yaw 268.9 mode 2 st 0 gl 0 hp 60 frg 0
ARGLOG Romero t  34.1 pos '2047.4 -550.0 104.0' spd 157.5 yaw  82.0 mode 1 st 0 gl 0 hp 81 frg 2
ARGEVT Joe Rogan route 6 start '1953.0 -215.0  24.0' goal '2369.0 -567.0  56.0'
ARGEVT Romero grab item_health
ARGLOG Carmack t  34.5 pos '1803.0 -485.6  24.0' spd 267.1 yaw 337.5 mode 2 st 0 gl 0 hp 100 frg 1
ARGLOG Joe Rogan t  34.6 pos '1938.7 -196.3  24.0' spd 289.7 yaw 281.7 mode 2 st 0 gl 0 hp 60 frg 0
ARGLOG Romero t  34.6 pos '2016.3 -542.9 104.0' spd 179.0 yaw  96.2 mode 1 st 0 gl 0 hp 41 frg 2
ARGEVT Carmack jump
ARGEVT Romero hazard
ARGLOG Carmack t  35.0 pos '1890.3 -490.8  82.4' spd 320.4 yaw 343.6 mode 2 st 0 gl 0 hp 100 frg 1
ARGEVT Romero retreat
ARGLOG Joe Rogan t  35.1 pos '2074.1 -198.9  24.0' spd  85.7 yaw 269.5 mode 2 st 0 gl 0 hp 48 frg 0
ARGLOG Romero t  35.1 pos '2020.6 -554.7 104.0' spd 289.4 yaw  87.5 mode 1 st 0 gl 0 hp 21 frg 2
ARGUS Carmack bodyblock
ARGUS Romero bodyblock
ARGEVT Carmack grab item_artifact_super_damage
ARGLOG Carmack t  35.5 pos '1930.7 -494.8  95.1' spd  81.7 yaw 235.3 mode 2 st 0 gl 0 hp 100 frg 1
ARGLOG Joe Rogan t  35.6 pos '1923.9 -210.6  24.0' spd 146.1 yaw 267.5 mode 2 st 0 gl 0 hp 48 frg 0
ARGLOG Romero t  35.6 pos '1935.0 -530.8  88.0' spd  42.5 yaw  85.8 mode 1 st 0 gl 0 hp 17 frg 2
ARGEVT Joe Rogan pursue
ARGEVT Romero pursue
ARGEVT Romero death Carmack pos '1916.2 -524.5  89.1'
ARGUS Carmack watch spawn
ARGEVT Carmack hazard
ARGLOG Carmack t  36.0 pos '1792.5 -547.3  24.0' spd 363.2 yaw 268.6 mode 2 st 0 gl 0 hp 100 frg 2
ARGLOG Joe Rogan t  36.1 pos '1994.6 -320.8  72.0' spd 379.4 yaw 232 mode 2 st 0 gl 0 hp 48 frg 0
ARGEVT Carmack goal weapon_rocketlauncher
ARGUS Carmack wallslide
ARGEVT Carmack routefail
ARGEVT Carmack goal backpack
ARGUS Joe Rogan wallslide
ARGEVT Carmack jump
ARGEVT Carmack engage Joe Rogan
ARGUS Carmack threatmove range 2
ARGEVT Carmack grab 
ARGEVT Joe Rogan engage Carmack
ARGUS Joe Rogan threatmove range 2
ARGEVT Joe Rogan grab item_health
ARGLOG Carmack t  36.5 pos '1810.1 -556.6  53.9' spd  39.5 yaw  26.5 mode 1 st 0 gl 0 hp 100 frg 2
ARGLOG Joe Rogan t  36.6 pos '1966.5 -485.9 104.0' spd 324.3 yaw 208.9 mode 2 st 0 gl 0 hp 48 frg 0
ARGEVT Carmack goal weapon_rocketlauncher
ARGEVT Carmack route 18 start '1857.0 -535.0  56.0' goal '2465.0 -1719.0  24.0'
ARGEVT Joe Rogan hazard
ARGEVT Joe Rogan route 9 start '1953.0 -535.0 104.0' goal '2369.0 -567.0  56.0'
ARGUS Joe Rogan threatmove retreat 2
ARGEVT Joe Rogan retreat
ARGLOG Carmack t  37.0 pos '1789.1 -527.7  24.0' spd 175.1 yaw 357.3 mode 2 st 0 gl 1 hp 91 frg 2
ARGLOG Joe Rogan t  37.1 pos '2045.6 -549.4 104.0' spd 326.0 yaw 177.0 mode 2 st 0 gl 0 hp 12 frg 0
ARGEVT Romero respawn
ARGEVT Romero goal item_armorInv
ARGLOG Romero t  37.4 pos '2048.0 -1352.0 136.0' spd 0 yaw 184.5 mode 0 st 0 gl 0 hp 100 frg 2
ARGEVT Romero route 28 start '2049.0 -1367.0 136.0' goal '2465.0 -1975.0 120.0'
ARGLOG Carmack t  37.5 pos '1847.1 -540.8  56.0' spd 324.1 yaw   9.5 mode 2 st 0 gl 1 hp 90 frg 2
ARGEVT Joe Rogan death Carmack pos '2048.8 -470.0 104.0'
ARGEVT Carmack goal backpack
ARGEVT Romero hazard
ARGLOG Romero t  37.9 pos '1892.3 -1306.1  88.0' spd 318.9 yaw 51 mode 2 st 0 gl 0 hp 100 frg 2
ARGLOG Carmack t  38.1 pos '1974.3 -477.1 104.0' spd 338.7 yaw 355 mode 1 st 0 gl 1 hp 90 frg 3
ARGEVT Carmack jump
ARGLOG Romero t  38.4 pos '1936.0 -1230.7  88.8' spd 169.2 yaw 46 mode 2 st 0 gl 0 hp 100 frg 2
ARGEVT Carmack goal weapon_rocketlauncher
ARGLOG Carmack t  38.6 pos '2064.0 -441.3 140.5' spd  70.6 yaw 143.4 mode 0 st 0 gl 2 hp 90 frg 3
ARGEVT Carmack route 16 start '2017.0 -375.0 104.0' goal '2465.0 -1719.0  24.0'
ARGUS Romero wallslide
ARGLOG Romero t  38.9 pos '1934.3 -1111.9  20.0' spd 321.1 yaw 99 mode 2 st 0 gl 0 hp 100 frg 2
ARGLOG Carmack t  39.1 pos '1996.8 -364.1  88.0' spd 400.9 yaw 200.6 mode 2 st 0 gl 2 hp 90 frg 3
ARGEVT Carmack hazard
ARGEVT Joe Rogan respawn
ARGEVT Joe Rogan goal item_armorInv
ARGLOG Joe Rogan t  39.1 pos '2048.0 -1352.0 136.0' spd 0 yaw 175.5 mode 0 st 0 gl 0 hp 100 frg 0
ARGEVT Joe Rogan route 15 start '2049.0 -1367.0 136.0' goal '2369.0 -567.0  56.0'
ARGUS Carmack wallslide
ARGLOG Romero t  39.5 pos '1914.4 -950.9  20.0' spd 326.1 yaw 311 mode 2 st 0 gl 0 hp 100 frg 2
ARGEVT Joe Rogan hazard
ARGEVT Romero engage Joe Rogan
ARGUS Romero threatmove range 2
ARGEVT Romero grab item_armor2
ARGEVT Joe Rogan engage Romero
ARGUS Joe Rogan threatmove range 2
ARGLOG Carmack t  39.6 pos '2003.2 -529.4 104.0' spd 425.3 yaw 84 mode 2 st 0 gl 2 hp 90 frg 3
ARGLOG Joe Rogan t  39.6 pos '1944.2 -1232.9 136.0' spd 273.8 yaw  93.6 mode 2 st 0 gl 0 hp 100 frg 0
ARGUS Romero wallslide
ARGLOG Romero t  40.0 pos '1936.0 -904.6  20.0' spd 129.9 yaw 282.8 mode 2 st 0 gl 0 hp 100 frg 2
ARGEVT Romero hazard
ARGLOG Carmack t  40.1 pos '2049.1 -402.3 104.0' spd 389.8 yaw 149.0 mode 2 st 0 gl 2 hp 90 frg 3
ARGLOG Joe Rogan t  40.1 pos '2077.7 -1215.8 152.0' spd 336.1 yaw 109.5 mode 2 st 0 gl 0 hp 100 frg 0
ARGEVT Joe Rogan pursue
ARGEVT Romero pursue
ARGEVT Carmack hazard
ARGEVT Joe Rogan jump
ARGLOG Romero t  40.5 pos '1936.0 -1000.7  20.0' spd 320.7 yaw 275 mode 2 st 0 gl 0 hp 100 frg 2
ARGLOG Carmack t  40.6 pos '1978.1 -360.3  88.0' spd 326.0 yaw 266 mode 2 st 0 gl 2 hp 90 frg 3
ARGLOG Joe Rogan t  40.6 pos '2081.4 -1165.2 211.5' spd  45.7 yaw 117 mode 2 st 0 gl 0 hp 100 frg 0
ARGUS Romero hunch item_artifact_super_damage
ARGLOG Romero t  41.0 pos '1936.0 -1164.2  20.0' spd 324.2 yaw 279.8 mode 2 st 0 gl 0 hp 100 frg 2
ARGEVT Carmack route 16 start '1953.0 -471.0 104.0' goal '2465.0 -1719.0  24.0'
ARGEVT Romero goal item_armor2
ARGEVT Romero route 4 start '1857.0 -1303.0  72.0' goal '2049.0 -983.0  32.0'
ARGLOG Carmack t  41.1 pos '1979.7 -523.7 104.0' spd 320.2 yaw 264 mode 2 st 0 gl 2 hp 90 frg 3
ARGLOG Joe Rogan t  41.1 pos '2036.5 -1101.3 200.0' spd 320.2 yaw 115 mode 2 st 0 gl 0 hp 100 frg 0
ARGEVT Romero hazard
ARGEVT Romero jump
ARGEVT Joe Rogan grab item_armor2
ARGUS Carmack wallslide
ARGEVT Carmack hazard
ARGLOG Romero t  41.5 pos '1860.0 -1264.0  58.5' spd 258.0 yaw  94.6 mode 2 st 0 gl 0 hp 100 frg 2
ARGEVT Joe Rogan route 13 start '2049.0 -1111.0 200.0' goal '2369.0 -567.0  56.0'
ARGLOG Carmack t  41.6 pos '2063.9 -486.5 104.0' spd 157.0 yaw 326.1 mode 2 st 0 gl 2 hp 90 frg 3
ARGLOG Joe Rogan t  41.6 pos '2013.4 -924.7 180.7' spd 373.4 yaw 241.9 mode 2 st 0 gl 0 hp 100 frg 0
ARGEVT Romero pursue
ARGEVT Joe Rogan pursue
ARGLOG Romero t  42.0 pos '1770.8 -1221.4  20.0' spd 247.7 yaw 36 mode 2 st 0 gl 0 hp 100 frg 2
ARGLOG Carmack t  42.1 pos '2003.8 -555.9 104.0' spd 321.6 yaw 84 mode 2 st 0 gl 2 hp 90 frg 3
ARGLOG Joe Rogan t  42.1 pos '2099.2 -942.1  32.0' spd 302.9 yaw 238 mode 2 st 0 gl 0 hp 100 frg 0
ARGEVT Joe Rogan hazard
ARGLOG Romero t  42.5 pos '1886.0 -1105.9  20.0' spd 322.4 yaw 27 mode 2 st 0 gl 0 hp 100 frg 2
ARGUS Joe Rogan hunch item_artifact_super_damage
ARGEVT Carmack hazard
ARGEVT Joe Rogan goal weapon_rocketlauncher
ARGEVT Romero hazard
ARGLOG Carmack t  42.6 pos '1848.0 -482.1  56.0' spd 267.8 yaw  33.6 mode 2 st 0 gl 2 hp 90 frg 3
ARGEVT Joe Rogan pursue
ARGEVT Joe Rogan route 20 start '2049.0 -983.0  32.0' goal '2465.0 -1719.0  24.0'
ARGLOG Joe Rogan t  42.6 pos '2007.9 -973.5  32.0' spd 366.9 yaw  92.7 mode 2 st 0 gl 0 hp 100 frg 0
ARGEVT Romero pursue
ARGUS Joe Rogan wallslide
ARGUS Romero wallslide
ARGEVT Romero pursue
ARGLOG Romero t  43.0 pos '1936.0 -1006.5  20.0' spd  56.9 yaw   3.3 mode 1 st 0 gl 0 hp 100 frg 2
ARGLOG Carmack t  43.1 pos '1927.5 -540.1  88.0' spd 324.4 yaw 74 mode 2 st 0 gl 2 hp 90 frg 3
ARGLOG Joe Rogan t  43.2 pos '2000.0 -931.2  32.0' spd  29.0 yaw 224.0 mode 2 st 0 gl 0 hp 100 frg 0
ARGLOG Romero t  43.5 pos '1898.4 -1009.0  20.0' spd 280.0 yaw  16.5 mode 1 st 0 gl 0 hp 100 frg 2
ARGUS routecache adopt
ARGEVT Joe Rogan route 20 start '2049.0 -983.0  32.0' goal '2465.0 -1719.0  24.0'
ARGLOG Carmack t  43.6 pos '2059.9 -504.0 104.0' spd 355.8 yaw 103.7 mode 2 st 0 gl 2 hp 90 frg 3
ARGLOG Joe Rogan t  43.7 pos '2039.1 -927.7  32.0' spd 323.5 yaw 213.4 mode 2 st 0 gl 0 hp 100 frg 0
ARGEVT Romero pursue
ARGEVT Joe Rogan pursue
ARGUS Joe Rogan wallslide
ARGEVT Romero hazard
ARGEVT Romero pursue
ARGEVT Joe Rogan hazard
ARGUS Romero wallslide
ARGEVT Carmack hazard
ARGLOG Romero t 44 pos '1936.0 -1029.9  20.0' spd 368.8 yaw 47 mode 1 st 0 gl 0 hp 100 frg 2
ARGEVT Romero pursue
ARGLOG Carmack t  44.1 pos '2007.1 -361.5  88.0' spd  90.8 yaw 263 mode 2 st 0 gl 2 hp 90 frg 3
ARGLOG Joe Rogan t  44.2 pos '2000.0 -910.0  32.0' spd  37.3 yaw 231 mode 2 st 0 gl 0 hp 100 frg 0
ARGLOG Romero t  44.5 pos '1936.0 -970.8  20.0' spd 331.4 yaw 71 mode 1 st 0 gl 0 hp 100 frg 2
ARGLOG Carmack t  44.6 pos '1983.7 -512.1 104.0' spd 320.0 yaw 263 mode 2 st 0 gl 2 hp 90 frg 3
ARGLOG Joe Rogan t  44.7 pos '2000.8 -915.6  32.0' spd  48.0 yaw 220.2 mode 2 st 0 gl 0 hp 100 frg 0
ARGLOG Romero t  45.0 pos '1876.3 -894.7  20.0' spd 355.7 yaw 358.3 mode 1 st 0 gl 0 hp 96 frg 2
ARGEVT Carmack hazard
ARGLOG Carmack t  45.1 pos '2061.5 -498.4 104.0' spd 184.5 yaw 317.7 mode 2 st 0 gl 2 hp 90 frg 3
ARGLOG Joe Rogan t  45.2 pos '2059.5 -902.9  32.0' spd 318.1 yaw 192.5 mode 2 st 0 gl 0 hp 100 frg 0
ARGUS Carmack wallslide
ARGUS routecache adopt
ARGEVT Joe Rogan route 20 start '2049.0 -983.0  32.0' goal '2465.0 -1719.0  24.0'
ARGLOG Romero t  45.5 pos '1911.8 -1060.0  20.0' spd 322.6 yaw  18.5 mode 1 st 0 gl 0 hp 96 frg 2
ARGEVT Romero hazard
ARGLOG Carmack t  45.6 pos '1991.3 -550.2 104.0' spd 320.1 yaw 82 mode 2 st 0 gl 2 hp 90 frg 3
ARGUS routecache adopt
ARGEVT Joe Rogan route 18 start '1697.0 -663.0  24.0' goal '2465.0 -1719.0  24.0'
ARGLOG Joe Rogan t  45.7 pos '1696.0 -938.3  26.3' spd 300 yaw 326.3 mode 0 st 0 gl 0 hp 100 frg 0
ARGLOG Romero t  46.0 pos '1931.4 -996.1  20.0' spd 241.6 yaw 169.7 mode 1 st 0 gl 0 hp 72 frg 2
ARGLOG Carmack t  46.2 pos '1830.9 -472.4  40.0' spd 392.8 yaw 208.4 mode 2 st 0 gl 2 hp 90 frg 3
ARGLOG Joe Rogan t  46.2 pos '1696.0 -955.1  20.0' spd 322.8 yaw 338.5 mode 2 st 0 gl 0 hp 92 frg 0
ARGEVT Carmack engage Joe Rogan
ARGUS Carmack threatmove range 2
ARGLOG Romero t  46.5 pos '1861.0 -1144.4  20.0' spd 385.0 yaw 128.9 mode 1 st 0 gl 0 hp 60 frg 2
ARGUS routecache adopt
ARGEVT Carmack route 17 start '1761.0 -503.0  24.0' goal '2465.0 -1719.0  24.0'
ARGEVT Carmack hazard
ARGLOG Carmack t  46.7 pos '1810.8 -547.1  40.0' spd 345.0 yaw 271.0 mode 2 st 0 gl 2 hp 90 frg 3
ARGLOG Joe Rogan t  46.7 pos '1794.9 -932.8  20.0' spd 347.8 yaw 281.0 mode 2 st 0 gl 0 hp 92 frg 0
ARGUS Carmack wallslide
ARGLOG Romero t  47.0 pos '1687.4 -1184.4  20.0' spd 374.4 yaw  50.8 mode 1 st 0 gl 0 hp 60 frg 2
ARGUS routecache adopt
ARGEVT Joe Rogan route 20 start '2049.0 -983.0  32.0' goal '2465.0 -1719.0  24.0'
ARGUS Joe Rogan wallslide
ARGLOG Carmack t  47.2 pos '1846.5 -537.7  56.0' spd 364.6 yaw 109.7 mode 2 st 0 gl 2 hp 90 frg 3
ARGLOG Joe Rogan t  47.2 pos '1936.0 -988.6  20.0' spd 163.7 yaw 216.2 mode 2 st 0 gl 0 hp 92 frg 0
ARGEVT Carmack pursue
ARGLOG Romero t  47.5 pos '1669.5 -1208.2  20.0' spd 320.2 yaw  24.7 mode 1 st 0 gl 0 hp 60 frg 2
ARGEVT Joe Rogan hazard
ARGLOG Carmack t  47.7 pos '1704.1 -485.7  24.0' spd 354.7 yaw 224.2 mode 2 st 0 gl 2 hp 90 frg 3
ARGLOG Joe Rogan t  47.7 pos '1936.0 -1131.3  20.0' spd 238.2 yaw 206.5 mode 2 st 0 gl 0 hp 83 frg 0
ARGEVT Carmack hazard
ARGLOG Romero t  48.1 pos '1728.9 -1367.5  20.0' spd 325.0 yaw  25.4 mode 1 st 0 gl 0 hp 36 frg 2
ARGEVT Carmack route 18 start '1633.0 -535.0  24.0' goal '2465.0 -1719.0  24.0'
ARGLOG Carmack t  48.2 pos '1587.4 -545.1  24.0' spd  48.0 yaw 295.8 mode 2 st 0 gl 2 hp 90 frg 3
ARGLOG Joe Rogan t  48.2 pos '1893.2 -1237.9  20.0' spd 328.9 yaw 220.1 mode 2 st 0 gl 0 hp 83 frg 0
ARGUS Romero threatmove retreat 2
ARGEVT Romero retreat
ARGEVT Carmack pursue
ARGUS Carmack hunch item_artifact_super_damage
ARGEVT Carmack pursue
ARGEVT Carmack goal item_health
ARGEVT Carmack route 14 start '1633.0 -535.0  24.0' goal '2049.0 -983.0 344.0'
ARGLOG Romero t  48.6 pos '1725.6 -1495.7  24.0' spd 322.4 yaw  75.1 mode 1 st 0 gl 0 hp 12 frg 2
ARGEVT Joe Rogan route 26 start '1793.0 -1303.0  40.0' goal '2465.0 -1719.0  24.0'
ARGLOG Carmack t  48.7 pos '1661.4 -580.5  24.0' spd 337.8 yaw 284.3 mode 2 st 0 gl 2 hp 90 frg 3
ARGLOG Joe Rogan t  48.7 pos '1731.6 -1211.7  20.0' spd 331.8 yaw 266.1 mode 2 st 0 gl 0 hp 83 frg 0
ARGEVT Romero death Joe Rogan pos '1731.2 -1551.6  24.0'
ARGUS Joe Rogan watch spawn
ARGEVT Joe Rogan goal weapon_rocketlauncher
ARGUS routecache adopt
ARGEVT Joe Rogan route 26 start '1793.0 -1303.0  40.0' goal '2465.0 -1719.0  24.0'
ARGEVT Joe Rogan engage Carmack
ARGUS Joe Rogan threatmove range 2
ARGLOG Carmack t  49.2 pos '1745.4 -725.1  24.0' spd 260.2 yaw 258.2 mode 2 st 0 gl 2 hp 90 frg 3
ARGLOG Joe Rogan t  49.2 pos '1606.1 -1114.0  20.0' spd 320.0 yaw  74.8 mode 2 st 0 gl 0 hp 82 frg 1
ARGEVT Carmack hazard
ARGEVT Joe Rogan route 20 start '1281.0 -983.0  32.0' goal '2465.0 -1719.0  24.0'
ARGLOG Carmack t  49.7 pos '1669.7 -713.7  20.0' spd 223.4 yaw 236.5 mode 2 st 0 gl 2 hp 86 frg 3
ARGLOG Joe Rogan t  49.7 pos '1486.7 -1026.3  20.0' spd  37.7 yaw  60.3 mode 2 st 0 gl 0 hp 70 frg 1
ARGLOG Carmack t  50.2 pos '1730.0 -835.9  20.0' spd 321.5 yaw 246.3 mode 2 st 0 gl 2 hp 86 frg 3
ARGLOG Joe Rogan t  50.2 pos '1628.6 -1046.6  20.0' spd 320.0 yaw  61.2 mode 0 st 0 gl 0 hp 70 frg 1
ARGEVT Romero respawn
ARGEVT Romero goal item_armorInv
ARGLOG Romero t  50.3 pos '2624.0 -488.0  32.0' spd 0 yaw 184.5 mode 0 st 0 gl 0 hp 100 frg 2
ARGEVT Joe Rogan route 25 start '1601.0 -1303.0  40.0' goal '2465.0 -1719.0  24.0'
ARGEVT Carmack route 14 start '1697.0 -663.0  24.0' goal '2049.0 -983.0 344.0'
ARGEVT Romero route 1 start '2561.0 -503.0  24.0' goal '2369.0 -567.0  56.0'
ARGUS Romero jumpapproach 0 actual 327.3
ARGEVT Romero jump
ARGUS Romero aircontrol
ARGLOG Carmack t  50.7 pos '1676.0 -927.9  20.0' spd 339.3 yaw 297.5 mode 2 st 0 gl 2 hp 86 frg 3
ARGLOG Joe Rogan t  50.7 pos '1796.4 -1104.5  20.0' spd 387.7 yaw 114.8 mode 2 st 0 gl 0 hp 56 frg 1
ARGLOG Romero t  50.8 pos '2486.4 -528.0  43.2' spd 316.1 yaw 199 mode 2 st 0 gl 0 hp 100 frg 2
ARGEVT Romero jump
ARGEVT Carmack route 21 start '1601.0 -1303.0  40.0' goal '2049.0 -983.0 344.0'
ARGEVT Joe Rogan route 20 start '2049.0 -983.0  32.0' goal '2465.0 -1719.0  24.0'
ARGLOG Carmack t  51.2 pos '1599.3 -1099.0  20.0' spd 389.3 yaw  23.2 mode 2 st 0 gl 2 hp 80 frg 3
ARGLOG Joe Rogan t  51.2 pos '1898.2 -947.5  20.0' spd 394.0 yaw 205.0 mode 2 st 0 gl 0 hp 53 frg 1
ARGLOG Romero t  51.3 pos '2329.2 -528.0  51.3' spd 215.2 yaw 298 mode 1 st 0 gl 0 hp 100 frg 2
ARGUS Romero wallslide
ARGLOG Carmack t  51.7 pos '1701.7 -1235.5  20.0' spd 328.1 yaw  43.1 mode 2 st 0 gl 2 hp 80 frg 3
ARGLOG Joe Rogan t  51.7 pos '1923.2 -993.9  20.0' spd 224.2 yaw 232.4 mode 2 st 0 gl 0 hp 53 frg 1
ARGLOG Romero t  51.8 pos '2345.6 -528.0   8.0' spd 177.3 yaw 292 mode 1 st 0 gl 0 hp 100 frg 2
ARGEVT Romero hazard
ARGLOG Carmack t  52.2 pos '1874.4 -1295.7  88.0' spd 393.4 yaw  96.2 mode 2 st 0 gl 2 hp 71 frg 3
ARGLOG Joe Rogan t  52.2 pos '1759.1 -953.8  20.0' spd 350.2 yaw 281.2 mode 2 st 0 gl 0 hp 49 frg 1
ARGLOG Romero t  52.3 pos '2412.4 -528.0   8.0' spd  49.4 yaw 261 mode 1 st 0 gl 0 hp 100 frg 2
ARGUS routecache adopt
ARGEVT Joe Rogan route 18 start '1697.0 -663.0  24.0' goal '2465.0 -1719.0  24.0'
ARGLOG Carmack t  52.7 pos '1916.0 -1207.5  82.1' spd 122.2 yaw 121.6 mode 2 st 0 gl 2 hp 62 frg 3
ARGLOG Joe Rogan t  52.8 pos '1768.8 -930.1  20.0' spd 337.3 yaw 300.9 mode 2 st 0 gl 0 hp 43 frg 1
ARGLOG Romero t  52.8 pos '2438.9 -528.0   8.0' spd  53.9 yaw 249 mode 1 st 0 gl 0 hp 100 frg 2
ARGEVT Joe Rogan hazard
ARGEVT Romero hazard
ARGLOG Carmack t  53.2 pos '1832.7 -1152.2  20.0' spd 324.7 yaw  80.3 mode 2 st 0 gl 2 hp 62 frg 3
ARGLOG Joe Rogan t  53.3 pos '1925.1 -878.0  20.0' spd 334.9 yaw 257.7 mode 2 st 0 gl 0 hp 43 frg 1
ARGLOG Romero t  53.3 pos '2462.5 -528.0   8.0' spd  44.0 yaw 240 mode 1 st 0 gl 0 hp 100 frg 2
ARGUS Romero wallslide
ARGLOG Carmack t  53.7 pos '1706.6 -1048.3  20.0' spd 325.9 yaw  41.7 mode 2 st 0 gl 2 hp 62 frg 3
ARGLOG Joe Rogan t  53.8 pos '1908.9 -865.6  20.0' spd 263.2 yaw 218.0 mode 2 st 0 gl 0 hp 37 frg 1
ARGLOG Romero t  53.8 pos '2432.0 -528.0   8.0' spd 234.1 yaw 252 mode 1 st 0 gl 0 hp 100 frg 2
ARGEVT Carmack route 14 start '1697.0 -663.0  24.0' goal '2049.0 -983.0 344.0'
ARGEVT Joe Rogan route 20 start '2049.0 -983.0  32.0' goal '2465.0 -1719.0  24.0'
ARGEVT Romero hazard
ARGLOG Carmack t  54.2 pos '1632.8 -894.1  20.0' spd 364.1 yaw 347.8 mode 2 st 0 gl 2 hp 56 frg 3
ARGLOG Joe Rogan t  54.3 pos '1913.3 -997.7  20.0' spd 360.5 yaw 166.3 mode 2 st 0 gl 0 hp 34 frg 1
ARGLOG Romero t  54.3 pos '2367.5 -528.0   8.0' spd  55.8 yaw 282 mode 1 st 0 gl 0 hp 100 frg 2
ARGUS Romero wallslide
ARGLOG Carmack t  54.7 pos '1726.9 -825.0  20.0' spd 116.3 yaw 289.6 mode 2 st 0 gl 2 hp 56 frg 3
ARGLOG Joe Rogan t  54.8 pos '1815.9 -1140.1  20.0' spd 345.9 yaw 105.9 mode 2 st 0 gl 0 hp 34 frg 1
ARGLOG Romero t  54.8 pos '2340.8 -528.0   8.0' spd  50.5 yaw 294 mode 1 st 0 gl 0 hp 100 frg 2
ARGEVT Joe Rogan route 25 start '1601.0 -1303.0  40.0' goal '2465.0 -1719.0  24.0'
ARGEVT Romero hazard
ARGLOG Carmack t  55.3 pos '1582.7 -886.2  20.0' spd 320.7 yaw 285.0 mode 2 st 0 gl 2 hp 48 frg 3
ARGLOG Joe Rogan t  55.3 pos '1656.3 -1204.5  20.0' spd 323.4 yaw  99.0 mode 2 st 0 gl 0 hp 28 frg 1
ARGLOG Romero t  55.3 pos '2318.6 -528.0   8.0' spd  41.2 yaw 302 mode 1 st 0 gl 0 hp 100 frg 2
ARGEVT Carmack grab item_armor2
ARGUS Romero wallslide
ARGUS Joe Rogan threatmove retreat 2
ARGEVT Joe Rogan retreat
ARGEVT Carmack route 17 start '1313.0 -951.0  32.0' goal '2049.0 -983.0 344.0'
ARGLOG Carmack t  55.8 pos '1425.3 -935.9  20.0' spd 320.6 yaw 285.2 mode 2 st 0 gl 2 hp 44 frg 3
ARGUS Carmack wallslide
ARGLOG Joe Rogan t  55.8 pos '1510.3 -1247.0  20.0' spd 216.8 yaw 102.1 mode 2 st 0 gl 0 hp 17 frg 1
ARGEVT Carmack hazard
ARGEVT Joe Rogan hazard
ARGLOG Romero t  55.8 pos '2384.2 -528.0   8.0' spd 199.6 yaw 274 mode 1 st 0 gl 0 hp 100 frg 2
ARGEVT Romero hazard
ARGLOG Carmack t  56.3 pos '1424.0 -939.8  20.0' spd   6.6 yaw 276.7 mode 2 st 0 gl 2 hp 35 frg 3
ARGLOG Joe Rogan t  56.3 pos '1471.3 -1224.4  20.0' spd  99.0 yaw  96.3 mode 2 st 0 gl 0 hp 17 frg 1
ARGLOG Romero t  56.4 pos '2424.9 -528.0   8.0' spd  50.5 yaw 255 mode 1 st 0 gl 0 hp 100 frg 2
ARGUS Romero wallslide
ARGEVT Joe Rogan weapon axe
ARGUS Carmack threatmove range 1
ARGLOG Carmack t  56.8 pos '1424.0 -942.0  20.0' spd   4.7 yaw 280.5 mode 2 st 0 gl 2 hp 32 frg 3
ARGLOG Joe Rogan t  56.8 pos '1464.6 -1233.2  20.0' spd  42.3 yaw 101.2 mode 2 st 0 gl 0 hp 9 frg 1
ARGLOG Romero t  56.9 pos '2450.5 -528.0   8.0' spd  47.4 yaw 244 mode 1 st 0 gl 0 hp 100 frg 2
ARGEVT Joe Rogan jump
ARGEVT Joe Rogan death Carmack pos '1543.5 -1264.0  45.0'
ARGUS Carmack watch spawn
ARGEVT Romero hazard
ARGLOG Carmack t  57.3 pos '1485.2 -948.1  20.0' spd 336.7 yaw 328.9 mode 2 st 0 gl 2 hp 32 frg 4
ARGLOG Romero t  57.4 pos '2472.2 -528.0   8.0' spd  40.6 yaw 237 mode 1 st 0 gl 0 hp 100 frg 2
ARGEVT Carmack goal item_health
ARGUS routecache adopt
ARGEVT Carmack route 16 start '1281.0 -983.0  32.0' goal '2049.0 -983.0 344.0'
ARGUS Romero wallslide
ARGLOG Carmack t  57.8 pos '1587.3 -1090.3  20.0' spd 347.3 yaw 249 mode 2 st 0 gl 2 hp 32 frg 4
ARGLOG Romero t  57.9 pos '2387.7 -528.0   8.0' spd 145.6 yaw 273 mode 1 st 0 gl 0 hp 100 frg 2
ARGEVT Carmack route 21 start '1601.0 -1303.0  40.0' goal '2049.0 -983.0 344.0'
ARGEVT Carmack jump
ARGEVT Romero hazard
ARGLOG Carmack t  58.3 pos '1547.5 -1251.7  39.8' spd 331.6 yaw 207 mode 2 st 0 gl 2 hp 32 frg 4
ARGLOG Romero t  58.4 pos '2356.4 -528.0   8.0' spd  57.8 yaw 287 mode 1 st 0 gl 0 hp 100 frg 2
ARGEVT Romero abandon
ARGEVT Romero goal item_armor2
ARGEVT Romero route 14 start '2337.0 -503.0   8.0' goal '2049.0 -983.0  32.0'
ARGEVT Joe Rogan respawn
ARGEVT Joe Rogan goal weapon_rocketlauncher
ARGLOG Joe Rogan t  58.7 pos '2560.0 -192.0  32.0' spd 0 yaw 184.8 mode 0 st 0 gl 0 hp 100 frg 1
ARGEVT Joe Rogan routefail
ARGLOG Carmack t  58.8 pos '1515.5 -1264.0  36.0' spd  60.8 yaw 172 mode 2 st 0 gl 2 hp 32 frg 4
ARGLOG Romero t  58.9 pos '2289.1 -431.5   8.0' spd 320.5 yaw 112.5 mode 2 st 0 gl 0 hp 100 frg 2
ARGEVT Joe Rogan goal weapon_rocketlauncher
ARGEVT Joe Rogan route 15 start '2529.0 -183.0  32.0' goal '2465.0 -1719.0  24.0'
ARGEVT Carmack hazard
ARGUS Joe Rogan wallslide
ARGLOG Joe Rogan t  59.2 pos '2419.1 -238.9  24.0' spd 365.8 yaw 105 mode 2 st 0 gl 0 hp 100 frg 1
ARGEVT Romero hazard
ARGUS Romero wallslide
ARGLOG Carmack t  59.3 pos '1434.9 -1237.9  20.0' spd 142.5 yaw 290.8 mode 2 st 0 gl 2 hp 32 frg 4
ARGLOG Romero t  59.4 pos '2265.4 -304.0  24.0' spd  10.3 yaw 67 mode 2 st 0 gl 0 hp 100 frg 2
ARGEVT Romero engage Joe Rogan
ARGUS Romero threatmove range 2
ARGEVT Joe Rogan engage Romero
ARGUS Joe Rogan threatmove range 2
ARGLOG Joe Rogan t  59.7 pos '2279.3 -154.2  24.0' spd 167.3 yaw  11.2 mode 2 st 0 gl 0 hp 100 frg 1
ARGLOG Carmack t  59.8 pos '1460.5 -1262.7  20.0' spd 362.0 yaw 170 mode 2 st 0 gl 2 hp 32 frg 4
ARGLOG Romero t  59.9 pos '2226.9 -295.8  24.0' spd 340.8 yaw  70.7 mode 2 st 0 gl 0 hp 100 frg 2
ARGEVT Carmack hazard
ARGUS Joe Rogan wallslide
ARGLOG Joe Rogan t  60.3 pos '2383.5 -238.2  24.0' spd  75.0 yaw 154.1 mode 2 st 0 gl 0 hp 100 frg 1
ARGLOG Carmack t  60.3 pos '1498.3 -1255.9  20.0' spd 175.8 yaw 174 mode 2 st 0 gl 2 hp 32 frg 4
ARGLOG Romero t  60.4 pos '2147.9 -140.6  24.0' spd 360.5 yaw 346.2 mode 2 st 0 gl 0 hp 100 frg 2
ARGEVT Romero grab item_health
ARGEVT Carmack stall
ARGEVT Carmack stallnode '1377.0 -1335.0 136.0'
ARGEVT Carmack jump
ARGLOG Joe Rogan t  60.8 pos '2378.9 -144.5  24.0' spd  57.2 yaw 138.1 mode 2 st 0 gl 0 hp 100 frg 1
ARGLOG Carmack t  60.8 pos '1424.0 -1230.3  45.1' spd  30.1 yaw 278.1 mode 0 st 1 gl 2 hp 32 frg 4
ARGLOG Romero t  60.9 pos '2145.0   2.3  24.0' spd 367.5 yaw 333.4 mode 2 st 0 gl 0 hp 82 frg 2
ARGEVT Carmack route 20 start '1537.0 -1303.0  72.0' goal '2049.0 -983.0 344.0'
ARGEVT Joe Rogan pursue
ARGEVT Romero pursue
ARGLOG Joe Rogan t  61.3 pos '2384.4 -144.0  24.0' spd 339.8 yaw 158 mode 2 st 0 gl 0 hp 96 frg 1
ARGUS Joe Rogan hunch item_artifact_super_damage
ARGEVT Joe Rogan pursue
ARGLOG Carmack t  61.3 pos '1428.4 -1250.3  30.1' spd  44.5 yaw 239 mode 2 st 1 gl 2 hp 32 frg 4
ARGEVT Carmack hazard
ARGEVT Joe Rogan goal weapon_rocketlauncher
ARGLOG Romero t  61.4 pos '2134.6 -38.4  24.0' spd 174.3 yaw 331.8 mode 2 st 0 gl 0 hp 82 frg 2
ARGEVT Joe Rogan route 14 start '2337.0 -215.0  24.0' goal '2465.0 -1719.0  24.0'
ARGEVT Carmack jump
ARGUS Joe Rogan wallslide
ARGLOG Joe Rogan t  61.8 pos '2390.6 -144.6  24.0' spd 101.7 yaw 168.9 mode 2 st 0 gl 0 hp 72 frg 1
ARGLOG Carmack t  61.8 pos '1572.3 -1269.6  62.9' spd 358.8 yaw 173 mode 2 st 1 gl 2 hp 32 frg 4
ARGEVT Joe Rogan grab item_health
ARGLOG Romero t  61.9 pos '1998.7 -39.5  24.0' spd 276.5 yaw 344.8 mode 0 st 0 gl 0 hp 100 frg 2
ARGEVT Romero pursue
ARGEVT Joe Rogan pursue
ARGEVT Romero route 13 start '1953.0 -23.0  24.0' goal '2049.0 -983.0  32.0'
ARGLOG Joe Rogan t  62.3 pos '2383.1 -144.4  24.0' spd 330.9 yaw 161 mode 2 st 0 gl 0 hp 72 frg 1
ARGLOG Carmack t  62.4 pos '1610.2 -1388.6  40.0' spd 186.2 yaw 153 mode 2 st 1 gl 2 hp 32 frg 4
ARGEVT Joe Rogan pursue
ARGLOG Romero t  62.4 pos '2105.1 -36.3  24.0' spd 323.7 yaw 335.6 mode 2 st 0 gl 0 hp 100 frg 2
ARGLOG Joe Rogan t  62.8 pos '2408.7 -181.3  24.0' spd 321.8 yaw 122.3 mode 2 st 0 gl 0 hp 60 frg 1
ARGUS Romero wallslide
ARGLOG Carmack t  62.9 pos '1456.0 -1351.7 104.0' spd 338.2 yaw 124 mode 2 st 1 gl 2 hp 32 frg 4
ARGLOG Romero t  62.9 pos '2261.6  16.0  24.0' spd 353.7 yaw 315.5 mode 2 st 0 gl 0 hp 100 frg 2
ARGLOG Joe Rogan t  63.3 pos '2559.1 -207.9  32.0' spd  60.3 yaw 122.3 mode 2 st 0 gl 0 hp 60 frg 1
ARGLOG Carmack t  63.4 pos '1327.4 -1241.7 136.0' spd 337.7 yaw 100 mode 2 st 1 gl 2 hp 32 frg 4
ARGEVT Joe Rogan grab item_health
ARGLOG Romero t  63.4 pos '2348.3 -43.4  56.0' spd 335.0 yaw 317.3 mode 2 st 0 gl 0 hp 100 frg 2
ARGEVT Carmack jump
ARGEVT Romero jump
ARGLOG Joe Rogan t  63.8 pos '2543.3 -169.4  32.0' spd 244.0 yaw 115.5 mode 2 st 0 gl 0 hp 36 frg 1
ARGLOG Carmack t  63.9 pos '1272.5 -1167.3 191.7' spd 151.0 yaw 40 mode 2 st 1 gl 2 hp 32 frg 4
ARGLOG Romero t  63.9 pos '2456.9 -14.4 128.7' spd 329.0 yaw 307.5 mode 2 st 0 gl 0 hp 100 frg 2
ARGEVT Joe Rogan pursue
ARGEVT Romero pursue
ARGEVT Joe Rogan hazard
ARGUS Joe Rogan wallslide
ARGLOG Joe Rogan t  64.3 pos '2494.6 -144.3  24.0' spd 370.0 yaw 145 mode 2 st 0 gl 0 hp 36 frg 1
ARGLOG Carmack t  64.4 pos '1271.5 -1024.6 200.0' spd 324.4 yaw  68.4 mode 0 st 1 gl 2 hp 32 frg 4
ARGLOG Romero t  64.4 pos '2585.0 -53.6 120.0' spd 369.4 yaw 252 mode 2 st 0 gl 0 hp 100 frg 2
ARGEVT Carmack route 17 start '1313.0 -1047.0 200.0' goal '2049.0 -983.0 344.0'
ARGUS Romero hunch item_health
ARGEVT Romero goal item_armor2
ARGEVT Romero route 2 start '2593.0 -119.0 120.0' goal '2817.0 -55.0 -72.0'
ARGLOG Joe Rogan t  64.8 pos '2365.1 -147.5  24.0' spd 241.6 yaw 339.9 mode 2 st 0 gl 0 hp 36 frg 1
ARGLOG Carmack t  64.9 pos '1360.0 -887.8 112.7' spd  19.7 yaw 231 mode 2 st 1 gl 2 hp 32 frg 4
ARGLOG Romero t  64.9 pos '2529.3 -212.0 120.0' spd 325.6 yaw 163.3 mode 2 st 0 gl 0 hp 100 frg 2
ARGEVT Romero hazard
ARGLOG Joe Rogan t  65.3 pos '2531.4 -154.8  32.0' spd 382.3 yaw 219.2 mode 2 st 0 gl 0 hp 36 frg 1
ARGEVT Joe Rogan hazard
ARGLOG Carmack t  65.4 pos '1332.6 -978.8  32.0' spd 357.4 yaw 28 mode 2 st 1 gl 2 hp 32 frg 4
ARGLOG Romero t  65.4 pos '2383.9 -239.1  63.6' spd 287.1 yaw  30.7 mode 2 st 0 gl 0 hp 100 frg 2
ARGEVT Joe Rogan weapon sg
ARGEVT Carmack route 14 start '1697.0 -663.0  24.0' goal '2049.0 -983.0 344.0'
ARGEVT Romero route 5 start '2337.0 -215.0  24.0' goal '2817.0 -55.0 -72.0'
ARGLOG Joe Rogan t  65.8 pos '2542.9 -170.5  32.0' spd 262.2 yaw 178.5 mode 2 st 0 gl 0 hp 36 frg 1
ARGLOG Carmack t  65.9 pos '1696.0 -955.7  20.0' spd 300 yaw 81 mode 2 st 1 gl 2 hp 32 frg 4
ARGLOG Romero t  65.9 pos '2300.1 -165.7  24.0' spd 218.6 yaw   0.8 mode 2 st 0 gl 0 hp 76 frg 2
ARGUS Joe Rogan threatmove retreat 2
ARGEVT Joe Rogan retreat
ARGLOG Joe Rogan t  66.3 pos '2549.7 -200.1  32.0' spd 326.1 yaw 187.0 mode 2 st 0 gl 0 hp 20 frg 1
ARGLOG Carmack t  66.4 pos '1696.7 -953.7  20.0' spd 221.4 yaw 81 mode 2 st 1 gl 2 hp 32 frg 4
ARGEVT Joe Rogan hazard
ARGLOG Romero t  66.4 pos '2335.2 -152.4  24.0' spd 320.3 yaw 359.8 mode 2 st 0 gl 0 hp 76 frg 2
ARGUS Romero wallslide
ARGUS Joe Rogan wallslide
ARGEVT Romero grab item_health
ARGLOG Joe Rogan t  66.8 pos '2574.0 -197.2  32.0' spd 151.5 yaw 166.0 mode 2 st 0 gl 0 hp 12 frg 1
ARGLOG Carmack t  66.9 pos '1699.7 -794.3  20.0' spd 320.0 yaw 78 mode 2 st 1 gl 2 hp 32 frg 4
ARGLOG Romero t  66.9 pos '2446.9 -148.5  24.0' spd 322.3 yaw 339.1 mode 2 st 0 gl 0 hp 52 frg 2
ARGUS Romero bodyblock
ARGLOG Joe Rogan t  67.3 pos '2566.2 -218.6  32.0' spd 226.5 yaw 103.0 mode 2 st 0 gl 0 hp 12 frg 1
ARGLOG Carmack t  67.4 pos '1720.8 -630.4  24.0' spd 320.9 yaw 34 mode 2 st 1 gl 2 hp 32 frg 4
ARGLOG Romero t  67.5 pos '2543.3 -191.2  32.0' spd 247.8 yaw 264.1 mode 2 st 0 gl 0 hp 28 frg 2
ARGEVT Joe Rogan death Romero pos '2518.4 -240.0  32.0'
ARGUS Romero watch spawn
ARGEVT Romero goal item_health
ARGEVT Romero jump
ARGEVT Romero route 5 start '2529.0 -183.0  32.0' goal '2593.0 -119.0 120.0'
ARGLOG Carmack t  67.9 pos '1790.1 -478.6  24.0' spd 393.0 yaw 41 mode 2 st 1 gl 2 hp 32 frg 4
ARGEVT Carmack hazard
ARGLOG Romero t  68.0 pos '2480.6 -240.0  73.0' spd  40.6 yaw  38.7 mode 1 st 0 gl 0 hp 28 frg 3
ARGEVT Carmack jump
ARGEVT Romero jump
ARGLOG Carmack t  68.4 pos '1905.7 -510.3 110.4' spd  34.8 yaw 64 mode 2 st 1 gl 2 hp 32 frg 4
ARGLOG Romero t  68.5 pos '2512.0 -197.0  46.5' spd 249.5 yaw 42 mode 1 st 0 gl 0 hp 28 frg 3
ARGLOG Carmack t  68.9 pos '1930.9 -478.9  88.0' spd 331.5 yaw 73 mode 2 st 1 gl 2 hp 32 frg 4
ARGLOG Romero t  69.0 pos '2512.0 -154.2  38.4' spd  39.8 yaw 288 mode 1 st 0 gl 0 hp 43 frg 3
ARGUS Carmack wallslide
ARGEVT Joe Rogan respawn
ARGEVT Joe Rogan plan powerup via weapon
ARGEVT Joe Rogan goal weapon_rocketlauncher
ARGLOG Joe Rogan t  69.0 pos '2544.0 -32.0 -64.0' spd 0 yaw 184.8 mode 0 st 0 gl 0 hp 100 frg 1
ARGEVT Joe Rogan route 19 start '2561.0 -23.0 -64.0' goal '2465.0 -1719.0  24.0'
ARGEVT Romero jump
ARGEVT Joe Rogan hazard
ARGEVT Romero hazard
ARGLOG Carmack t  69.4 pos '2023.2 -373.7 104.0' spd 335.9 yaw 84 mode 2 st 1 gl 2 hp 57 frg 4
ARGLOG Romero t  69.5 pos '2574.0 -234.2  32.0' spd 242.9 yaw  61.2 mode 1 st 0 gl 0 hp 43 frg 3
ARGLOG Joe Rogan t  69.5 pos '2432.2 -77.9 -72.0' spd  20.4 yaw 67 mode 2 st 0 gl 0 hp 100 frg 1
ARGEVT Romero engage Carmack
ARGUS Romero threatmove range 2
ARGEVT Carmack engage Romero
ARGUS Carmack threatmove range 2
ARGLOG Carmack t  69.9 pos '2039.8 -209.7  24.0' spd 323.5 yaw   6.6 mode 2 st 1 gl 2 hp 57 frg 4
ARGLOG Romero t  70.0 pos '2509.1 -183.8  24.0' spd 331.7 yaw 185.8 mode 1 st 0 gl 0 hp 43 frg 3
ARGEVT Romero jump
ARGLOG Joe Rogan t  70.0 pos '2574.0 -24.4 -64.0' spd 332.3 yaw  12.1 mode 2 st 0 gl 0 hp 100 frg 1
ARGUS Joe Rogan wallslide
ARGLOG Carmack t  70.4 pos '2087.0 -51.0  24.0' spd 330.8 yaw 344.6 mode 2 st 1 gl 2 hp 54 frg 4
ARGEVT Joe Rogan hazard
ARGLOG Romero t  70.5 pos '2452.8 -217.6  56.4' spd  98.9 yaw 155.3 mode 1 st 0 gl 0 hp 39 frg 3
ARGLOG Joe Rogan t  70.5 pos '2686.4 -58.7 -72.0' spd  94.8 yaw 209.8 mode 2 st 0 gl 0 hp 100 frg 1
ARGUS Romero wallslide
ARGLOG Carmack t  70.9 pos '2177.2  42.6  24.0' spd 151.3 yaw 304.2 mode 2 st 1 gl 2 hp 54 frg 4
ARGLOG Romero t  71.0 pos '2359.5 -232.3  24.0' spd 162.3 yaw 128.2 mode 1 st 0 gl 0 hp 39 frg 3
ARGUS Romero threatmove retreat 2
ARGEVT Romero retreat
ARGLOG Joe Rogan t  71.0 pos '2531.5 -53.5 -64.0' spd 385.5 yaw 113.9 mode 2 st 0 gl 0 hp 100 frg 1
ARGLOG Carmack t  71.4 pos '2112.2 -101.3  24.0' spd 329.0 yaw 336.7 mode 2 st 1 gl 2 hp 54 frg 4
ARGLOG Romero t  71.5 pos '2478.1 -234.0  24.0' spd 186.3 yaw 153.0 mode 1 st 0 gl 0 hp 27 frg 3
ARGLOG Joe Rogan t  71.5 pos '2372.2   7.0 -88.0' spd 420.8 yaw 242.4 mode 2 st 0 gl 0 hp 100 frg 1
ARGEVT Romero jump
ARGEVT Joe Rogan hazard
ARGEVT Joe Rogan route 20 start '2305.0 -55.0 -120.0' goal '2465.0 -1719.0  24.0'
ARGEVT Carmack hazard
ARGEVT Romero hazard
ARGUS Romero wallslide
ARGUS Carmack wallslide
ARGLOG Carmack t  72.0 pos '2130.0 -240.6  24.0' spd 200.8 yaw   5.0 mode 2 st 1 gl 2 hp 54 frg 4
ARGLOG Romero t  72.0 pos '2574.1 -183.7  32.0' spd 196.5 yaw 183.9 mode 1 st 0 gl 0 hp 15 frg 3
ARGLOG Joe Rogan t  72.0 pos '2438.7 -79.4 -72.0' spd 339.7 yaw 68 mode 2 st 0 gl 0 hp 100 frg 1
ARGUS Joe Rogan wallslide
ARGEVT Romero jump
ARGLOG Carmack t  72.5 pos '2238.7 -356.9   8.0' spd 320.1 yaw  21.1 mode 2 st 1 gl 2 hp 54 frg 4
ARGLOG Romero t  72.5 pos '2571.9 -227.6  46.9' spd 203.4 yaw 204.2 mode 1 st 0 gl 0 hp 15 frg 3
ARGLOG Joe Rogan t  72.5 pos '2611.3 -44.1 -72.0' spd 416.4 yaw  92.1 mode 2 st 0 gl 0 hp 100 frg 1
ARGEVT Romero pursue
ARGEVT Carmack pursue
ARGEVT Joe Rogan hazard
ARGLOG Carmack t  73.0 pos '2391.4 -359.4   8.0' spd 331.9 yaw 47 mode 2 st 1 gl 2 hp 54 frg 4
ARGLOG Romero t  73.0 pos '2476.4 -240.0  27.4' spd 322.8 yaw 188 mode 1 st 0 gl 0 hp 15 frg 3
ARGLOG Joe Rogan t  73.0 pos '2579.9 142.0 -72.0' spd 226.1 yaw 140 mode 2 st 0 gl 0 hp 100 frg 1
ARGUS Joe Rogan wallslide
ARGUS Romero wallslide
ARGEVT Romero death Carmack pos '2403.1 -240.0  24.0'
ARGUS Carmack watch spawn
ARGEVT Carmack goal backpack
ARGEVT Carmack route 4 start '2465.0 -407.0   8.0' goal '2433.0 -247.0  56.0'
ARGEVT Carmack hazard
ARGLOG Carmack t  73.5 pos '2509.1 -403.0   8.0' spd 381.3 yaw   7.8 mode 2 st 1 gl 2 hp 54 frg 5
ARGUS Carmack wallslide
ARGEVT Joe Rogan jump
ARGLOG Joe Rogan t  73.5 pos '2503.3 254.8 -68.1' spd 341.3 yaw 177 mode 2 st 0 gl 0 hp 100 frg 1
ARGLOG Carmack t  74.0 pos '2517.5 -340.3  24.0' spd 330.8 yaw 64 mode 2 st 1 gl 2 hp 54 frg 5
ARGLOG Joe Rogan t  74.1 pos '2416.1 303.5 -40.0' spd  72.1 yaw 274 mode 2 st 0 gl 0 hp 100 frg 1
ARGEVT Joe Rogan hazard
ARGUS Carmack wallslide
ARGLOG Carmack t  74.5 pos '2363.0 -304.0   8.0' spd 410.4 yaw 120.3 mode 2 st 1 gl 2 hp 54 frg 5
ARGLOG Joe Rogan t  74.6 pos '2439.5 241.5 -40.0' spd 306.5 yaw 205 mode 2 st 0 gl 0 hp 100 frg 1
ARGEVT Carmack hazard
ARGEVT Joe Rogan jump
ARGEVT Romero respawn
ARGEVT Romero goal item_armorInv
ARGLOG Romero t  74.8 pos '2048.0 -1352.0 136.0' spd 0 yaw 184.5 mode 0 st 0 gl 0 hp 100 frg 3
ARGEVT Romero route 28 start '2049.0 -1367.0 136.0' goal '2465.0 -1975.0 120.0'
ARGLOG Carmack t  75.0 pos '2346.2 -304.0   8.0' spd 336.0 yaw 19 mode 2 st 1 gl 2 hp 54 frg 5
ARGLOG Joe Rogan t  75.1 pos '2280.1 263.1  35.6' spd 321.2 yaw 264 mode 2 st 0 gl 0 hp 100 frg 1
ARGEVT Romero hazard
ARGLOG Romero t  75.3 pos '1892.1 -1305.0  88.0' spd 321.2 yaw 51 mode 2 st 0 gl 0 hp 100 frg 3
ARGUS Carmack wallslide
ARGLOG Carmack t  75.5 pos '2520.8 -304.0  24.0' spd 153.6 yaw 154 mode 2 st 1 gl 2 hp 54 frg 5
ARGLOG Joe Rogan t  75.6 pos '2193.7 176.7  24.0' spd 321.1 yaw 281 mode 2 st 0 gl 0 hp 100 frg 1
ARGLOG Romero t  75.8 pos '1936.0 -1229.3  86.9' spd 171.1 yaw 46 mode 2 st 0 gl 0 hp 100 frg 3
ARGLOG Carmack t  76.0 pos '2414.6 -304.0   8.0' spd 322.1 yaw 131 mode 2 st 1 gl 2 hp 54 frg 5
ARGUS Romero wallslide
ARGLOG Joe Rogan t  76.1 pos '2165.5  47.2  24.0' spd 350.4 yaw 307 mode 2 st 0 gl 0 hp 100 frg 1
ARGEVT Romero hazard
ARGLOG Romero t  76.3 pos '1933.8 -1170.0  20.0' spd  42.2 yaw 27 mode 2 st 0 gl 0 hp 100 frg 3
ARGEVT Joe Rogan engage Carmack
ARGUS Joe Rogan threatmove range 2
ARGEVT Carmack engage Joe Rogan
ARGUS Carmack threatmove range 2
ARGLOG Carmack t  76.5 pos '2247.4 -312.0  24.0' spd 342.7 yaw  91.0 mode 2 st 1 gl 2 hp 54 frg 5
ARGLOG Joe Rogan t  76.6 pos '2261.0 -89.6  24.0' spd 323.2 yaw 272.4 mode 2 st 0 gl 0 hp 100 frg 1
ARGLOG Romero t  76.8 pos '1929.2 -1151.4  20.0' spd  35.4 yaw 18 mode 2 st 0 gl 0 hp 100 frg 3
ARGEVT Carmack hazard
ARGEVT Joe Rogan grab 
ARGLOG Carmack t  77.0 pos '2118.2 -222.2  24.0' spd 324.7 yaw  62.2 mode 2 st 1 gl 2 hp 54 frg 5
ARGLOG Joe Rogan t  77.1 pos '2223.6 -83.0  24.0' spd 298.6 yaw 226.5 mode 2 st 0 gl 0 hp 44 frg 1
ARGEVT Romero hazard
ARGEVT Joe Rogan hazard
ARGLOG Romero t  77.3 pos '1924.9 -1134.3  20.0' spd  32.5 yaw 10 mode 2 st 0 gl 0 hp 100 frg 3
ARGUS Joe Rogan wallslide
ARGLOG Carmack t  77.5 pos '2142.2 -239.9  24.0' spd 343.1 yaw  52.0 mode 2 st 1 gl 2 hp 45 frg 5
ARGEVT Joe Rogan jump
ARGLOG Joe Rogan t  77.6 pos '2295.5 -46.6  53.6' spd 107.1 yaw 230.6 mode 2 st 0 gl 0 hp 44 frg 1
ARGUS Joe Rogan threatmove retreat 2
ARGEVT Joe Rogan retreat
ARGLOG Romero t  77.8 pos '1920.9 -1118.2  20.0' spd  31.0 yaw 3 mode 2 st 0 gl 0 hp 100 frg 3
ARGLOG Carmack t  78.0 pos '2293.7 -317.8   8.0' spd 333.9 yaw  72.4 mode 2 st 1 gl 2 hp 41 frg 5
ARGLOG Joe Rogan t  78.1 pos '2366.8  15.0  84.4' spd  26.6 yaw 263.4 mode 2 st 0 gl 0 hp 4 frg 1
ARGUS Romero wallslide
ARGLOG Romero t  78.3 pos '1935.9 -1208.4  20.0' spd 249.9 yaw 40 mode 2 st 0 gl 0 hp 100 frg 3
ARGEVT Carmack grab 
ARGEVT Romero hazard
ARGEVT Carmack hazard
ARGEVT Joe Rogan death Carmack pos '2368.0  -0.5  72.0'
ARGUS Carmack watch spawn
ARGUS Carmack wallslide
ARGLOG Carmack t  78.5 pos '2438.9 -307.1   8.0' spd  93.1 yaw 103.0 mode 2 st 1 gl 2 hp 41 frg 6
ARGEVT Carmack goal item_health
ARGEVT Carmack route 7 start '2401.0 -343.0   8.0' goal '2561.0 233.0 -72.0'
ARGLOG Romero t  78.8 pos '1935.6 -1217.5  20.0' spd 154.8 yaw 43 mode 2 st 0 gl 0 hp 100 frg 3
ARGLOG Carmack t  79.1 pos '2426.2 -304.0   8.0' spd  14.4 yaw 100 mode 2 st 1 gl 2 hp 41 frg 6
ARGLOG Romero t  79.4 pos '1935.4 -1171.1  20.0' spd  75.9 yaw 27 mode 2 st 0 gl 0 hp 100 frg 3
ARGUS Romero wallslide
ARGEVT Romero hazard
ARGEVT Carmack hazard
ARGLOG Carmack t  79.6 pos '2421.0 -304.0   8.0' spd   9.5 yaw 99 mode 2 st 1 gl 2 hp 41 frg 6
ARGLOG Romero t  79.9 pos '1931.5 -1150.8  20.0' spd  34.4 yaw 18 mode 2 st 0 gl 0 hp 100 frg 3
ARGEVT Joe Rogan respawn
ARGEVT Joe Rogan plan powerup via weapon
ARGEVT Joe Rogan goal weapon_rocketlauncher
ARGLOG Joe Rogan t  80.0 pos '2624.0 -488.0  32.0' spd 0 yaw 175.2 mode 0 st 0 gl 0 hp 100 frg 1
ARGLOG Carmack t  80.1 pos '2416.1 -304.0   8.0' spd   9.5 yaw 99 mode 2 st 1 gl 2 hp 41 frg 6
ARGEVT Joe Rogan routefail
ARGEVT Joe Rogan plan powerup via weapon
ARGEVT Joe Rogan goal weapon_rocketlauncher
ARGEVT Joe Rogan route 17 start '2561.0 -503.0  24.0' goal '2465.0 -1719.0  24.0'
ARGUS Joe Rogan wallslide
ARGLOG Romero t  80.4 pos '1927.0 -1134.1  20.0' spd  34.9 yaw 10 mode 2 st 0 gl 0 hp 100 frg 3
ARGEVT Carmack engage Joe Rogan
ARGUS Carmack threatmove range 2
ARGUS Carmack wallslide
ARGEVT Joe Rogan engage Carmack
ARGUS Joe Rogan threatmove range 2
ARGEVT Romero hazard
ARGLOG Joe Rogan t  80.5 pos '2489.2 -455.6   8.0' spd 321.9 yaw 112.7 mode 2 st 0 gl 0 hp 100 frg 1
ARGLOG Carmack t  80.6 pos '2459.7 -304.0   8.0' spd 322.1 yaw 305.5 mode 2 st 1 gl 2 hp 41 frg 6
ARGLOG Romero t  80.9 pos '1924.0 -1118.4  20.0' spd  57.3 yaw 3 mode 2 st 0 gl 0 hp 100 frg 3
ARGLOG Joe Rogan t  81.1 pos '2336.7 -368.8   8.0' spd 409.0 yaw  11.4 mode 2 st 0 gl 0 hp 92 frg 1
ARGLOG Carmack t  81.1 pos '2586.5 -361.6  24.0' spd 157.1 yaw 180.2 mode 2 st 1 gl 2 hp 41 frg 6
ARGEVT Joe Rogan hazard
ARGLOG Romero t  81.4 pos '1933.2 -1091.7  20.0' spd  42.3 yaw 351 mode 2 st 0 gl 0 hp 100 frg 3
ARGEVT Romero hazard
ARGLOG Joe Rogan t  81.6 pos '2294.3 -410.8   8.0' spd 333.1 yaw  12.6 mode 2 st 0 gl 0 hp 92 frg 1
ARGLOG Carmack t  81.6 pos '2527.5 -357.7  24.0' spd 295.9 yaw 192.5 mode 2 st 1 gl 2 hp 41 frg 6
ARGUS Romero wallslide
ARGUS Carmack wallslide
ARGLOG Romero t  81.9 pos '1936.0 -1073.5  20.0' spd  29.3 yaw 342 mode 2 st 0 gl 0 hp 100 frg 3
ARGLOG Joe Rogan t  82.1 pos '2400.5 -520.8   8.0' spd 329.6 yaw  86.9 mode 2 st 0 gl 0 hp 76 frg 1
ARGLOG Carmack t  82.1 pos '2383.8 -306.1   8.0' spd 331.7 yaw 270.9 mode 2 st 1 gl 2 hp 32 frg 6
ARGUS routecache adopt
ARGEVT Joe Rogan route 16 start '2465.0 -503.0   8.0' goal '2465.0 -1719.0  24.0'
ARGLOG Romero t  82.4 pos '1936.0 -1057.2  20.0' spd  52.3 yaw 349.6 mode 2 st 0 gl 0 hp 100 frg 3
ARGLOG Joe Rogan t  82.6 pos '2545.2 -477.6  24.0' spd 266.7 yaw 162.7 mode 2 st 0 gl 0 hp 44 frg 1
ARGLOG Carmack t  82.6 pos '2246.5 -409.5   8.0' spd 357.4 yaw 344.3 mode 2 st 1 gl 2 hp 31 frg 6
ARGEVT Romero hazard
ARGEVT Carmack route 6 start '2241.0 -471.0   8.0' goal '2561.0 233.0 -72.0'
ARGLOG Romero t  82.9 pos '1936.0 -1002.8  20.0' spd  33.8 yaw 49 mode 2 st 0 gl 0 hp 100 frg 3
ARGLOG Joe Rogan t  83.1 pos '2555.4 -476.3  24.0' spd 217.0 yaw 186.5 mode 2 st 0 gl 0 hp 44 frg 1
ARGLOG Carmack t  83.1 pos '2223.8 -479.7   8.0' spd 346.5 yaw   0.0 mode 2 st 1 gl 2 hp 23 frg 6
ARGUS Romero wallslide
ARGLOG Romero t  83.4 pos '1936.0 -993.3  20.0' spd  37.2 yaw  34.6 mode 2 st 0 gl 0 hp 100 frg 3
ARGLOG Joe Rogan t  83.6 pos '2565.2 -479.8  24.0' spd 239.1 yaw 162.7 mode 2 st 0 gl 0 hp 24 frg 1
ARGLOG Carmack t  83.6 pos '2257.4 -317.5   8.0' spd 263.5 yaw 337.9 mode 2 st 1 gl 2 hp 23 frg 6
ARGLOG Romero t  83.9 pos '1936.0 -992.9  20.0' spd 0 yaw 63 mode 2 st 0 gl 0 hp 100 frg 3
ARGLOG Joe Rogan t  84.1 pos '2561.5 -470.9  24.0' spd 148.4 yaw 167.2 mode 2 st 0 gl 0 hp 12 frg 1
ARGLOG Carmack t  84.1 pos '2231.1 -435.7   8.0' spd 327.1 yaw 353.1 mode 0 st 1 gl 2 hp 23 frg 6
ARGUS routecache adopt
ARGEVT Carmack route 6 start '2241.0 -471.0   8.0' goal '2561.0 233.0 -72.0'
ARGLOG Romero t  84.4 pos '1936.0 -992.9  20.0' spd 0 yaw 63 mode 2 st 0 gl 0 hp 100 frg 3
ARGLOG Joe Rogan t  84.6 pos '2546.5 -478.8  24.0' spd 247.3 yaw 179.3 mode 2 st 0 gl 0 hp 12 frg 1
ARGLOG Carmack t  84.6 pos '2234.5 -450.4   8.0' spd 322.0 yaw 358.0 mode 2 st 1 gl 2 hp 20 frg 6
ARGEVT Joe Rogan death Carmack pos '2541.5 -504.1  24.0'
ARGUS Carmack watch spawn
ARGLOG Romero t  84.9 pos '1936.0 -992.9  20.0' spd 0 yaw 62 mode 2 st 0 gl 0 hp 100 frg 3
ARGEVT Carmack goal item_health
ARGEVT Carmack route 6 start '2273.0 -375.0   8.0' goal '2017.0 -535.0 104.0'
ARGLOG Carmack t  85.1 pos '2340.8 -317.1   8.0' spd 452.7 yaw 316 mode 2 st 1 gl 2 hp 19 frg 7
ARGLOG Romero t  85.4 pos '1936.0 -992.9  20.0' spd 0 yaw 62 mode 2 st 0 gl 0 hp 100 frg 3
ARGLOG Carmack t  85.6 pos '2499.2 -399.4   8.0' spd 334.8 yaw 291 mode 2 st 1 gl 2 hp 19 frg 7
ARGUS Carmack wallslide
ARGEVT Carmack route 7 start '2465.0 -407.0   8.0' goal '2017.0 -535.0 104.0'
ARGLOG Romero t  85.9 pos '1936.0 -992.9  20.0' spd 0 yaw 62 mode 2 st 0 gl 0 hp 100 frg 3
ARGEVT Carmack hazard
ARGLOG Carmack t  86.1 pos '2531.5 -518.9  24.0' spd  54.2 yaw 157 mode 2 st 1 gl 2 hp 19 frg 7
ARGEVT Joe Rogan respawn
ARGEVT Joe Rogan goal weapon_rocketlauncher
ARGLOG Joe Rogan t  86.3 pos '2704.0 -2048.0 128.0' spd 0 yaw 265.2 mode 0 st 0 gl 0 hp 100 frg 1
ARGEVT Joe Rogan route 27 start '2721.0 -2103.0 120.0' goal '2465.0 -1719.0  24.0'
ARGLOG Romero t  86.4 pos '1936.0 -992.9  20.0' spd 0 yaw 62 mode 2 st 0 gl 0 hp 100 frg 3
ARGLOG Carmack t  86.6 pos '2412.0 -418.8   8.0' spd 416.7 yaw  62.6 mode 2 st 1 gl 2 hp 19 frg 7
ARGLOG Joe Rogan t  86.8 pos '2678.0 -2190.4 120.0' spd 321.1 yaw 231 mode 2 st 0 gl 0 hp 100 frg 1
ARGLOG Romero t  86.9 pos '1936.0 -992.9  20.0' spd 0 yaw 62 mode 2 st 0 gl 0 hp 100 frg 3
ARGUS Joe Rogan wallslide
ARGLOG Carmack t  87.1 pos '2563.9 -331.2  24.0' spd 485.0 yaw 263 mode 0 st 1 gl 2 hp 19 frg 7
ARGEVT Carmack hazard
ARGEVT Carmack route 7 start '2593.0 -375.0  24.0' goal '2017.0 -535.0 104.0'
ARGLOG Joe Rogan t  87.3 pos '2575.3 -2302.8 120.0' spd 346.2 yaw 233 mode 2 st 0 gl 0 hp 100 frg 1
ARGLOG Romero t  87.4 pos '1936.0 -992.9  20.0' spd 0 yaw 62 mode 2 st 0 gl 0 hp 100 frg 3
ARGLOG Carmack t  87.6 pos '2549.0 -378.0  24.0' spd 324.9 yaw 179 mode 2 st 1 gl 2 hp 19 frg 7
ARGLOG Joe Rogan t  87.8 pos '2405.3 -2335.2 120.0' spd 433.7 yaw 138 mode 2 st 0 gl 0 hp 100 frg 1
ARGLOG Romero t  87.9 pos '1936.0 -992.9  20.0' spd 0 yaw 62 mode 2 st 0 gl 0 hp 100 frg 3
ARGLOG Carmack t  88.1 pos '2388.4 -432.6   8.0' spd 454.3 yaw 298.4 mode 2 st 1 gl 2 hp 19 frg 7
ARGLOG Joe Rogan t  88.3 pos '2441.3 -2504.6 120.0' spd 424.8 yaw  14.2 mode 0 st 0 gl 0 hp 100 frg 1
ARGEVT Joe Rogan hazard
ARGEVT Carmack hazard
ARGUS Romero wallslide
ARGEVT Joe Rogan route 24 start '2433.0 -2487.0 120.0' goal '2465.0 -1719.0  24.0'
ARGLOG Romero t  88.4 pos '1936.0 -991.6  20.0' spd  22.8 yaw 314 mode 2 st 0 gl 0 hp 100 frg 3
ARGUS Carmack wallslide
ARGEVT Romero hazard
ARGUS Joe Rogan wallslide
ARGUS routecache adopt
ARGEVT Joe Rogan route 24 start '2433.0 -2487.0 120.0' goal '2465.0 -1719.0  24.0'
ARGLOG Carmack t  88.6 pos '2285.7 -528.0   8.0' spd 323.4 yaw 118 mode 2 st 1 gl 2 hp 19 frg 7
ARGLOG Joe Rogan t  88.8 pos '2461.4 -2348.0 120.0' spd 406.8 yaw 139 mode 2 st 0 gl 0 hp 100 frg 1
ARGLOG Romero t  89.0 pos '1936.0 -1012.7  20.0' spd   7.7 yaw 319 mode 2 st 0 gl 0 hp 100 frg 3
ARGLOG Carmack t  89.2 pos '2142.4 -431.0   8.0' spd 337.0 yaw 116 mode 2 st 1 gl 2 hp 19 frg 7
ARGLOG Joe Rogan t  89.3 pos '2401.8 -2342.8 120.0' spd 327.4 yaw 138 mode 2 st 0 gl 0 hp 100 frg 1
ARGLOG Romero t  89.5 pos '1936.0 -1017.2  20.0' spd 0 yaw 321 mode 2 st 0 gl 0 hp 100 frg 3
ARGEVT Romero stall
ARGEVT Romero stallnode '2049.0 -1207.0 152.0'
ARGEVT Romero jump
ARGLOG Carmack t  89.7 pos '2128.0 -270.8  24.0' spd 327.4 yaw 141 mode 2 st 1 gl 2 hp 19 frg 7
ARGEVT Romero route 25 start '2049.0 -983.0  32.0' goal '2465.0 -1975.0 120.0'
ARGEVT Joe Rogan hazard
ARGLOG Joe Rogan t  89.8 pos '2443.5 -2500.1 120.0' spd 388.7 yaw 346.7 mode 0 st 0 gl 0 hp 100 frg 1
ARGEVT Joe Rogan route 24 start '2433.0 -2487.0 120.0' goal '2465.0 -1719.0  24.0'
ARGLOG Romero t  90.0 pos '1936.0 -1023.0  53.7' spd  70.5 yaw 115 mode 2 st 1 gl 0 hp 100 frg 3
ARGUS routecache adopt
ARGEVT Joe Rogan route 24 start '2433.0 -2487.0 120.0' goal '2465.0 -1719.0  24.0'
ARGUS Joe Rogan wallslide
ARGLOG Carmack t  90.2 pos '1988.3 -170.1  24.0' spd 486.5 yaw 278 mode 2 st 1 gl 2 hp 19 frg 7
ARGEVT Romero hazard
ARGEVT Carmack hazard
ARGLOG Joe Rogan t  90.4 pos '2471.8 -2347.9 120.0' spd 381.3 yaw 139 mode 2 st 0 gl 0 hp 100 frg 1
ARGLOG Romero t  90.5 pos '1936.0 -1001.5  20.0' spd  12.7 yaw 117 mode 2 st 1 gl 0 hp 100 frg 3
ARGUS Carmack wallslide
ARGEVT Carmack jump
ARGLOG Carmack t  90.7 pos '1986.7 -239.9  49.1' spd 330.3 yaw 283 mode 2 st 1 gl 2 hp 19 frg 7
ARGLOG Joe Rogan t  90.9 pos '2398.5 -2309.2 120.0' spd 328.2 yaw 139 mode 2 st 0 gl 0 hp 100 frg 1
ARGEVT Romero stall
ARGEVT Romero stallnode '2049.0 -983.0  32.0'
ARGEVT Romero jump
ARGLOG Romero t  91.0 pos '1936.0 -998.2  40.2' spd   5.8 yaw 351 mode 0 st 2 gl 0 hp 100 frg 3
ARGEVT Romero route 25 start '2049.0 -983.0  32.0' goal '2465.0 -1975.0 120.0'
ARGLOG Carmack t  91.2 pos '2060.2 -272.6  56.0' spd  73.5 yaw 251.5 mode 2 st 1 gl 2 hp 19 frg 7
ARGLOG Joe Rogan t  91.4 pos '2437.3 -2467.9 120.0' spd 357.9 yaw 236.6 mode 0 st 0 gl 0 hp 100 frg 1
ARGEVT Joe Rogan engage Romero
ARGLOG Romero t  91.5 pos '1936.0 -995.4  34.4' spd  68.1 yaw 118 mode 2 st 2 gl 0 hp 100 frg 3
ARGEVT Joe Rogan route 24 start '2433.0 -2487.0 120.0' goal '2465.0 -1719.0  24.0'
ARGUS Romero wallslide
ARGEVT Romero stall
ARGEVT Romero stallnode '2049.0 -983.0  32.0'
ARGEVT Romero jump
ARGEVT Romero engage Joe Rogan
ARGEVT Romero grab item_armor2
ARGEVT Romero goal item_armor2
ARGLOG Carmack t  91.7 pos '2029.6 -421.5 104.0' spd 320.9 yaw 268 mode 1 st 1 gl 2 hp 19 frg 7
ARGEVT Joe Rogan route 23 start '1377.0 -1335.0 136.0' goal '2465.0 -1719.0  24.0'
ARGLOG Joe Rogan t  91.9 pos '1363.3 -1376.0 144.0' spd 300 yaw  32.1 mode 2 st 0 gl 0 hp 100 frg 1
ARGLOG Romero t 92 pos '1932.7 -972.5  60.8' spd  32.9 yaw 215.8 mode 1 st 3 gl 0 hp 88 frg 3
ARGEVT Carmack hazard
ARGLOG Carmack t  92.2 pos '2057.7 -522.4 104.0' spd 293.6 yaw 347.8 mode 1 st 1 gl 2 hp 69 frg 7
ARGEVT Romero hazard
ARGUS Carmack wallslide
ARGLOG Joe Rogan t  92.4 pos '1422.1 -1363.1 120.0' spd 329.7 yaw  41.5 mode 2 st 0 gl 0 hp 80 frg 1
ARGLOG Romero t  92.5 pos '1936.0 -974.3  20.0' spd  10.8 yaw 216.2 mode 1 st 3 gl 0 hp 88 frg 3
ARGUS Romero threatmove range 2
ARGLOG Carmack t  92.7 pos '2013.4 -552.9 104.0' spd 360.7 yaw 212.4 mode 1 st 1 gl 2 hp 69 frg 7
ARGUS Joe Rogan threatmove range 2
ARGEVT Joe Rogan hazard
ARGUS Romero wallslide
ARGLOG Joe Rogan t  92.9 pos '1545.3 -1297.4  72.0' spd 172.0 yaw  36.0 mode 2 st 0 gl 0 hp 60 frg 1
ARGLOG Romero t  93.0 pos '1932.7 -973.7  20.0' spd  42.5 yaw 222.8 mode 1 st 3 gl 0 hp 68 frg 3
ARGEVT Carmack hazard
ARGLOG Carmack t  93.2 pos '1876.0 -485.3  72.0' spd 428.1 yaw  50.5 mode 1 st 1 gl 2 hp 69 frg 7
ARGLOG Joe Rogan t  93.4 pos '1562.2 -1231.1  40.3' spd 177.0 yaw  30.6 mode 2 st 0 gl 0 hp 40 frg 1
ARGLOG Romero t  93.5 pos '1927.6 -978.6  20.0' spd 185.8 yaw 209.5 mode 1 st 3 gl 0 hp 52 frg 3
ARGLOG Carmack t  93.7 pos '2047.2 -523.5 104.0' spd 440.4 yaw 257.0 mode 1 st 1 gl 2 hp 69 frg 7
ARGLOG Joe Rogan t  93.9 pos '1493.1 -1108.9  20.0' spd 322.3 yaw  28.3 mode 2 st 0 gl 0 hp 36 frg 1
ARGUS Carmack wallslide
ARGLOG Romero t  94.0 pos '1829.1 -866.9  20.0' spd 102.0 yaw 207.6 mode 1 st 3 gl 0 hp 44 frg 3
ARGLOG Carmack t  94.2 pos '1884.3 -560.0  94.8' spd 338.6 yaw 153.6 mode 1 st 1 gl 2 hp 69 frg 7
ARGUS Romero threatmove retreat 2
ARGEVT Romero retreat
ARGLOG Joe Rogan t  94.4 pos '1554.0 -1154.1  20.0' spd 320.1 yaw  31.6 mode 2 st 0 gl 0 hp 36 frg 1
ARGUS Joe Rogan threatmove retreat 2
ARGEVT Joe Rogan retreat
ARGLOG Romero t  94.5 pos '1920.4 -971.5  20.0' spd 354.7 yaw 212.3 mode 1 st 3 gl 0 hp 32 frg 3
ARGLOG Carmack t  94.7 pos '1792.6 -489.6  24.0' spd 375.4 yaw 349.1 mode 1 st 1 gl 2 hp 69 frg 7
ARGLOG Joe Rogan t  94.9 pos '1444.6 -1114.6  20.0' spd 321.0 yaw   8.6 mode 2 st 0 gl 0 hp 16 frg 1
ARGEVT Joe Rogan hazard
ARGLOG Romero t  95.0 pos '1934.6 -1131.4  20.0' spd 323.9 yaw 181.3 mode 1 st 3 gl 0 hp 32 frg 3
ARGEVT Carmack hazard
ARGLOG Carmack t  95.2 pos '1915.5 -558.0  88.0' spd 194.3 yaw 327.4 mode 1 st 1 gl 2 hp 69 frg 7
ARGUS Carmack wallslide
ARGLOG Joe Rogan t  95.4 pos '1442.9 -1053.1  20.0' spd 127.7 yaw 340.6 mode 2 st 0 gl 0 hp 16 frg 1
ARGEVT Joe Rogan grab item_armor2
ARGLOG Romero t  95.5 pos '1923.5 -1223.6  20.0' spd 300.9 yaw 160.0 mode 1 st 3 gl 0 hp 20 frg 3
ARGUS Romero wallslide
ARGLOG Carmack t  95.7 pos '2023.2 -487.5 104.0' spd 322.2 yaw  58.2 mode 1 st 1 gl 2 hp 69 frg 7
ARGLOG Joe Rogan t  95.9 pos '1430.1 -1005.9  20.0' spd  36.1 yaw 345.3 mode 2 st 0 gl 0 hp 4 frg 1
ARGLOG Romero t  96.0 pos '1924.4 -1113.4  20.0' spd 230.2 yaw 168.0 mode 1 st 3 gl 0 hp 20 frg 3
ARGEVT Joe Rogan death Romero pos '1435.5 -1007.8  20.0'
ARGUS Romero watch spawn
ARGEVT Romero goal item_health
ARGLOG Carmack t  96.3 pos '2017.7 -326.8  72.0' spd 442.0 yaw 195.5 mode 1 st 1 gl 2 hp 69 frg 7
ARGEVT Romero routefail
ARGEVT Carmack hazard
ARGEVT Romero goal item_health
ARGEVT Romero routefail
ARGLOG Romero t  96.6 pos '1786.5 -1215.7  20.0' spd 369.1 yaw 149 mode 0 st 3 gl 0 hp 20 frg 4
ARGEVT Romero goal backpack
ARGEVT Romero route 3 start '1793.0 -1303.0  40.0' goal '1729.0 -1495.0  24.0'
ARGLOG Carmack t  96.8 pos '2006.0 -480.1 104.0' spd 432.0 yaw 359.7 mode 1 st 1 gl 2 hp 69 frg 7
ARGLOG Romero t  97.1 pos '1628.3 -1156.5  20.0' spd 322.0 yaw 142 mode 2 st 3 gl 0 hp 20 frg 4
ARGLOG Carmack t  97.3 pos '2043.5 -443.4 104.0' spd 378.8 yaw 150.3 mode 1 st 1 gl 2 hp 69 frg 7
ARGEVT Carmack hazard
ARGUS routecache adopt
ARGEVT Romero route 1 start '1569.0 -1303.0  56.0' goal '1729.0 -1495.0  24.0'
ARGLOG Romero t  97.6 pos '1496.9 -1059.5  20.0' spd 320.1 yaw 140 mode 2 st 3 gl 0 hp 20 frg 4
ARGEVT Joe Rogan respawn
ARGEVT Joe Rogan goal weapon_rocketlauncher
ARGLOG Joe Rogan t  97.6 pos '2576.0 -1328.0  24.0' spd 0 yaw 265.5 mode 0 st 0 gl 0 hp 100 frg 1
ARGEVT Joe Rogan route 4 start '2561.0 -1303.0  24.0' goal '2465.0 -1719.0  24.0'
ARGLOG Carmack t  97.8 pos '1978.0 -377.7 104.0' spd 320.7 yaw 287 mode 1 st 1 gl 2 hp 69 frg 7
ARGUS Romero wallslide
ARGEVT Romero hazard
ARGLOG Romero t  98.1 pos '1425.6 -1089.7  20.0' spd 345.8 yaw 303.2 mode 2 st 3 gl 0 hp 20 frg 4
ARGLOG Joe Rogan t  98.1 pos '2447.8 -1416.3  24.0' spd 360.7 yaw 152 mode 2 st 0 gl 0 hp 100 frg 1
ARGLOG Carmack t  98.3 pos '1948.7 -542.2 104.0' spd 342.9 yaw 210.3 mode 1 st 1 gl 2 hp 69 frg 7
ARGEVT Joe Rogan hazard
ARGUS Joe Rogan wallslide
ARGLOG Romero t  98.6 pos '1592.1 -1136.3  20.0' spd 486.3 yaw 107.0 mode 2 st 3 gl 0 hp 20 frg 4
ARGLOG Joe Rogan t  98.7 pos '2352.0 -1496.9  24.0' spd 350.4 yaw 323 mode 2 st 0 gl 0 hp 100 frg 1
ARGEVT Carmack hazard
ARGLOG Carmack t  98.8 pos '1781.6 -489.5  24.0' spd 381.5 yaw  65.0 mode 1 st 1 gl 2 hp 69 frg 7
ARGLOG Romero t  99.1 pos '1495.4 -969.0  20.0' spd 406.9 yaw 216.3 mode 0 st 3 gl 0 hp 20 frg 4
ARGLOG Joe Rogan t  99.2 pos '2415.7 -1655.5  24.0' spd 336.3 yaw 334.6 mode 1 st 0 gl 0 hp 100 frg 1
ARGEVT Romero route 17 start '1281.0 -983.0  32.0' goal '1729.0 -1495.0  24.0'
ARGUS Romero wallslide
ARGEVT Joe Rogan goal item_artifact_super_damage
ARGLOG Carmack t  99.3 pos '1840.0 -488.0  56.0' spd 320.4 yaw 346 mode 1 st 1 gl 2 hp 69 frg 7
ARGEVT Joe Rogan route 16 start '2465.0 -1687.0  24.0' goal '1921.0 -695.0 184.0'
ARGEVT Romero hazard
ARGLOG Romero t  99.6 pos '1424.0 -1008.9  20.0' spd  29.1 yaw 37 mode 2 st 3 gl 0 hp 20 frg 4
ARGLOG Joe Rogan t  99.7 pos '2581.9 -1690.7  24.0' spd 451.4 yaw 106 mode 2 st 0 gl 1 hp 100 frg 1
ARGEVT Joe Rogan hazard
ARGLOG Carmack t  99.8 pos '2006.7 -475.3 104.0' spd 320.7 yaw  16.5 mode 1 st 1 gl 2 hp 69 frg 7
ARGEVT Carmack hazard
ARGLOG Romero t 100.1 pos '1424.0 -1036.4  20.0' spd  47.1 yaw 39 mode 2 st 3 gl 0 hp 20 frg 4
ARGLOG Joe Rogan t 100.2 pos '2514.3 -1536.4  24.0' spd 336.2 yaw 101 mode 2 st 0 gl 1 hp 100 frg 1
ARGUS Romero wallslide
ARGLOG Carmack t 100.3 pos '2051.7 -333.1  72.0' spd 365.1 yaw 139.1 mode 1 st 1 gl 2 hp 69 frg 7
ARGEVT Romero hazard
ARGLOG Romero t 100.6 pos '1424.0 -1058.7  20.0' spd  40.0 yaw 41 mode 2 st 3 gl 0 hp 20 frg 4
ARGLOG Joe Rogan t 100.7 pos '2428.2 -1391.4  24.0' spd 325.3 yaw  89.2 mode 0 st 0 gl 1 hp 100 frg 1
ARGEVT Joe Rogan route 14 start '2401.0 -1367.0  24.0' goal '1921.0 -695.0 184.0'
ARGLOG Carmack t 100.8 pos '1968.4 -241.7  40.0' spd  85.3 yaw 281 mode 1 st 1 gl 2 hp 69 frg 7
ARGEVT Joe Rogan hazard
ARGLOG Romero t 101.1 pos '1424.0 -1078.1  20.0' spd  38.2 yaw 43 mode 2 st 3 gl 0 hp 20 frg 4
ARGLOG Joe Rogan t 101.2 pos '2371.1 -1298.2  24.0' spd 120.7 yaw 69 mode 2 st 0 gl 1 hp 100 frg 1
ARGUS Joe Rogan wallslide
ARGUS Romero wallslide
ARGLOG Carmack t 101.3 pos '1999.7 -391.1 104.0' spd 320.0 yaw 275.5 mode 1 st 1 gl 2 hp 69 frg 7
ARGEVT Romero hazard
ARGLOG Romero t 101.6 pos '1424.0 -1096.0  20.0' spd  33.3 yaw 45 mode 2 st 3 gl 0 hp 20 frg 4
ARGLOG Joe Rogan t 101.7 pos '2531.6 -1248.2  24.0' spd 441.4 yaw 98 mode 2 st 0 gl 1 hp 100 frg 1
ARGLOG Carmack t 101.8 pos '1939.4 -548.9 104.0' spd 337.7 yaw 202.3 mode 1 st 1 gl 2 hp 69 frg 7
ARGEVT Carmack hazard
ARGLOG Romero t 102.1 pos '1424.0 -1112.7  20.0' spd  34.2 yaw 46 mode 2 st 3 gl 0 hp 20 frg 4
ARGLOG Joe Rogan t 102.2 pos '2506.3 -1079.4  24.0' spd 336.8 yaw 99 mode 2 st 0 gl 1 hp 100 frg 1
ARGEVT Joe Rogan lift
ARGUS Romero wallslide
ARGLOG Carmack t 102.3 pos '1779.8 -478.4  24.0' spd 293.0 yaw  42.3 mode 1 st 1 gl 2 hp 69 frg 7
ARGEVT Joe Rogan board
ARGEVT Romero hazard
ARGLOG Romero t 102.6 pos '1424.0 -1129.0  20.0' spd  30.6 yaw 47 mode 2 st 3 gl 0 hp 20 frg 4
ARGLOG Joe Rogan t 102.7 pos '2465.4 -1009.1  75.1' spd 0 yaw 62 mode 2 st 0 gl 1 hp 100 frg 1
ARGLOG Carmack t 102.9 pos '1871.4 -490.5  56.0' spd 320.3 yaw 344 mode 1 st 1 gl 2 hp 69 frg 7
ARGLOG Romero t 103.2 pos '1424.0 -1144.5  20.0' spd  29.0 yaw 48 mode 2 st 3 gl 0 hp 20 frg 4
ARGLOG Joe Rogan t 103.2 pos '2494.1 -827.8 120.0' spd 349.1 yaw 73 mode 2 st 0 gl 1 hp 100 frg 1
ARGUS Romero wallslide
ARGLOG Carmack t 103.4 pos '2038.1 -466.8 104.0' spd 331.8 yaw   5.3 mode 1 st 1 gl 2 hp 69 frg 7
ARGEVT Carmack hazard
ARGEVT Romero hazard
ARGLOG Romero t 103.7 pos '1424.0 -1159.9  20.0' spd  29.4 yaw 49 mode 2 st 3 gl 0 hp 20 frg 4
ARGLOG Joe Rogan t 103.7 pos '2628.2 -711.5 120.0' spd 398.7 yaw 94 mode 2 st 0 gl 1 hp 100 frg 1
ARGUS Joe Rogan wallslide
ARGLOG Carmack t 103.9 pos '2037.4 -299.2  56.0' spd 411.6 yaw 169.8 mode 1 st 1 gl 2 hp 69 frg 7
ARGEVT Joe Rogan route 10 start '2593.0 -631.0 120.0' goal '1921.0 -695.0 184.0'
ARGLOG Romero t 104.2 pos '1424.0 -1174.6  20.0' spd  26.0 yaw 50 mode 2 st 3 gl 0 hp 20 frg 4
ARGUS Carmack wallslide
ARGLOG Joe Rogan t 104.2 pos '2617.2 -547.3 120.0' spd 326.0 yaw 116 mode 2 st 0 gl 1 hp 100 frg 1
ARGUS Romero wallslide
ARGLOG Carmack t 104.4 pos '1974.1 -256.1  40.0' spd 276.7 yaw 281 mode 1 st 1 gl 2 hp 69 frg 7
ARGEVT Romero hazard
ARGLOG Romero t 104.7 pos '1424.0 -1189.5  20.0' spd  30.1 yaw 51 mode 2 st 3 gl 0 hp 20 frg 4
ARGLOG Joe Rogan t 104.7 pos '2595.6 -386.0 120.0' spd 320.3 yaw 128 mode 2 st 0 gl 1 hp 100 frg 1
ARGLOG Carmack t 104.9 pos '2007.8 -413.8 104.0' spd 340.0 yaw 250.5 mode 1 st 1 gl 2 hp 69 frg 7
ARGEVT Carmack abandon
ARGEVT Carmack goal weapon_rocketlauncher
ARGEVT Romero stall
ARGEVT Romero stallnode '1281.0 -983.0  32.0'
ARGEVT Romero jump
ARGEVT Carmack routefail
ARGEVT Romero route 2 start '1537.0 -1303.0  72.0' goal '1729.0 -1495.0  24.0'
ARGLOG Romero t 105.2 pos '1424.0 -1132.9  52.1' spd 264.8 yaw 311 mode 2 st 4 gl 0 hp 20 frg 4
ARGEVT Carmack goal item_artifact_super_damage
ARGLOG Joe Rogan t 105.2 pos '2575.5 -220.7 120.0' spd 400.5 yaw 173 mode 2 st 0 gl 1 hp 100 frg 1
ARGEVT Carmack routefail
ARGEVT Carmack hazard
ARGLOG Carmack t 105.4 pos '1913.6 -551.0  88.0' spd 357.4 yaw 210.3 mode 0 st 1 gl 2 hp 69 frg 7
ARGEVT Carmack goal item_health
ARGEVT Carmack routefail
ARGUS Carmack wallslide
ARGEVT Carmack goal item_rockets
ARGEVT Carmack routefail
ARGLOG Romero t 105.7 pos '1477.3 -1023.8  20.0' spd 292.8 yaw 289 mode 2 st 4 gl 0 hp 20 frg 4
ARGLOG Joe Rogan t 105.7 pos '2401.6 -144.0  82.6' spd 352.8 yaw 186 mode 2 st 0 gl 1 hp 100 frg 1
ARGLOG Carmack t 105.9 pos '1747.1 -558.8  24.0' spd 332.3 yaw 162.6 mode 0 st 1 gl 2 hp 69 frg 7
ARGLOG Romero t 106.2 pos '1554.5 -1162.6  20.0' spd 328.5 yaw 276 mode 2 st 4 gl 0 hp 20 frg 4
ARGLOG Joe Rogan t 106.2 pos '2234.9 -150.7  24.0' spd 320.4 yaw 211 mode 2 st 0 gl 1 hp 100 frg 1
ARGEVT Romero hazard
ARGLOG Carmack t 106.4 pos '1599.0 -522.0  24.0' spd 212.8 yaw  42.1 mode 0 st 1 gl 2 hp 69 frg 7
ARGEVT Carmack hazard
ARGEVT Carmack engage Romero
ARGLOG Romero t 106.7 pos '1637.8 -1275.0  32.0' spd 361.0 yaw 293 mode 2 st 4 gl 0 hp 20 frg 4
ARGLOG Joe Rogan t 106.7 pos '2073.5 -182.2  24.0' spd 375.3 yaw 254 mode 2 st 0 gl 1 hp 100 frg 1
ARGEVT Joe Rogan jump
ARGLOG Carmack t 106.9 pos '1687.7 -554.6  24.0' spd 332.3 yaw 267.1 mode 0 st 1 gl 2 hp 69 frg 7
ARGEVT Romero grab 
ARGUS Romero threatmove retreat 2
ARGEVT Romero retreat
ARGEVT Carmack grab item_health
ARGLOG Romero t 107.2 pos '1717.4 -1422.6  24.0' spd 323.9 yaw 134.4 mode 1 st 4 gl 0 hp 16 frg 4
ARGLOG Joe Rogan t 107.2 pos '1968.0 -301.4  64.9' spd 236.4 yaw 245 mode 2 st 0 gl 1 hp 100 frg 1
ARGLOG Carmack t 107.4 pos '1721.6 -656.9  24.0' spd 119.1 yaw 271.0 mode 0 st 1 gl 2 hp 69 frg 7
ARGEVT Romero goal item_health
ARGEVT Romero route 21 start '1729.0 -1495.0  24.0' goal '2401.0 -1367.0  24.0'
ARGLOG Romero t 107.7 pos '1732.0 -1583.6  24.0' spd 320.1 yaw  93.2 mode 2 st 4 gl 1 hp 16 frg 4
ARGLOG Joe Rogan t 107.8 pos '1968.0 -304.0  56.0' spd 0 yaw 245 mode 2 st 0 gl 1 hp 100 frg 1
ARGEVT Romero route 22 start '1697.0 -1591.0  24.0' goal '2401.0 -1367.0  24.0'
ARGLOG Carmack t 107.9 pos '1710.2 -632.4  24.0' spd  36.8 yaw 272.0 mode 0 st 1 gl 2 hp 69 frg 7
ARGEVT Joe Rogan stall
ARGEVT Joe Rogan stallnode '1953.0 -535.0 104.0'
ARGEVT Joe Rogan jump
ARGEVT Romero hazard
ARGLOG Romero t 108.2 pos '1744.5 -1733.1  24.0' spd 227.8 yaw  93.8 mode 2 st 4 gl 1 hp 12 frg 4
ARGEVT Joe Rogan route 4 start '2017.0 -279.0  56.0' goal '1921.0 -695.0 184.0'
ARGLOG Joe Rogan t 108.3 pos '1968.0 -306.6  87.8' spd  30.2 yaw 245 mode 2 st 1 gl 1 hp 100 frg 1
ARGLOG Carmack t 108.4 pos '1715.0 -612.5  24.0' spd 132.1 yaw 271.7 mode 0 st 1 gl 2 hp 69 frg 7
ARGLOG Romero t 108.7 pos '1660.2 -1715.6  24.0' spd 127.1 yaw  87.4 mode 2 st 4 gl 1 hp 12 frg 4
ARGLOG Joe Rogan t 108.8 pos '1968.0 -327.6  72.0' spd 188.5 yaw 242 mode 2 st 1 gl 1 hp 100 frg 1
ARGLOG Carmack t 108.9 pos '1718.6 -663.1  24.0' spd 320.0 yaw 268.3 mode 0 st 1 gl 2 hp 69 frg 7
ARGEVT Romero hazard
ARGLOG Romero t 109.2 pos '1680.8 -1740.9  24.0' spd 155.1 yaw  86.4 mode 2 st 4 gl 1 hp 12 frg 4
ARGLOG Joe Rogan t 109.3 pos '1968.0 -336.0  72.0' spd 0 yaw 241 mode 2 st 1 gl 1 hp 100 frg 1
ARGLOG Carmack t 109.4 pos '1716.7 -827.5  20.0' spd 320.0 yaw 266.0 mode 0 st 1 gl 2 hp 68 frg 7
ARGEVT Joe Rogan stall
ARGEVT Joe Rogan stallnode '1953.0 -535.0 104.0'
ARGEVT Joe Rogan jump
ARGUS routecache adopt
ARGEVT Joe Rogan route 3 start '2017.0 -375.0 104.0' goal '1921.0 -695.0 184.0'
ARGLOG Romero t 109.7 pos '1761.1 -1728.2  24.0' spd 319.5 yaw  91.8 mode 2 st 4 gl 1 hp 12 frg 4
ARGLOG Joe Rogan t 109.8 pos '1968.0 -342.0 114.3' spd  30.2 yaw 241 mode 2 st 2 gl 1 hp 100 frg 1
ARGEVT Carmack goal item_health
ARGEVT Carmack route 14 start '1697.0 -663.0  24.0' goal '2049.0 -983.0 344.0'
ARGLOG Carmack t 109.9 pos '1719.5 -988.3  20.0' spd 321.1 yaw 277.4 mode 2 st 1 gl 2 hp 68 frg 7
ARGEVT Carmack pursue
ARGEVT Romero pursue
ARGEVT Carmack route 22 start '1793.0 -1303.0  40.0' goal '2049.0 -983.0 344.0'
ARGUS Joe Rogan wallslide
ARGLOG Romero t 110.2 pos '1956.6 -1684.6  24.0' spd 332.0 yaw 107 mode 2 st 4 gl 1 hp 12 frg 4
ARGUS Romero hunch item_artifact_super_damage
ARGLOG Joe Rogan t 110.3 pos '1968.0 -380.2 104.0' spd 234.6 yaw 235 mode 2 st 2 gl 1 hp 100 frg 1
ARGEVT Romero goal item_health
ARGEVT Romero route 8 start '2113.0 -1719.0  24.0' goal '2401.0 -1975.0 120.0'
ARGEVT Romero pursue
ARGEVT Romero hazard
ARGLOG Carmack t 110.4 pos '1739.7 -1151.9  20.0' spd 320.2 yaw 273 mode 2 st 1 gl 2 hp 68 frg 7
ARGEVT Romero pursue
ARGLOG Romero t 110.7 pos '2154.8 -1679.7  24.0' spd 378.6 yaw  58.4 mode 2 st 4 gl 1 hp 12 frg 4
ARGEVT Joe Rogan hazard
ARGLOG Joe Rogan t 110.8 pos '1937.6 -533.3 104.0' spd 335.0 yaw 229 mode 2 st 2 gl 1 hp 100 frg 1
ARGEVT Joe Rogan rjump
ARGLOG Carmack t 110.9 pos '1751.6 -1311.8  32.0' spd 320.1 yaw 272 mode 2 st 1 gl 2 hp 68 frg 7
ARGUS Romero wallslide
ARGEVT Carmack hazard
ARGEVT Romero pursue
ARGLOG Romero t 111.2 pos '2320.6 -1670.0  24.0' spd 350.8 yaw 302.9 mode 2 st 4 gl 1 hp 12 frg 4
ARGUS Carmack hunch item_health
ARGLOG Joe Rogan t 111.3 pos '1705.8 -555.5 242.8' spd 487.4 yaw 273 mode 1 st 2 gl 1 hp 50 frg 1
ARGEVT Carmack goal item_health
ARGEVT Carmack route 22 start '1793.0 -1367.0  40.0' goal '2049.0 -983.0 344.0'
ARGEVT Carmack pursue
ARGLOG Carmack t 111.5 pos '1783.1 -1345.8  40.0' spd 336.7 yaw  38.9 mode 2 st 1 gl 2 hp 68 frg 7
ARGEVT Carmack jump
ARGEVT Romero pursue
ARGLOG Romero t 111.8 pos '2331.0 -1848.3  24.0' spd 407.6 yaw 179.5 mode 2 st 4 gl 1 hp 12 frg 4
ARGLOG Joe Rogan t 111.8 pos '1595.2 -560.0 170.2' spd  32.6 yaw 337 mode 1 st 2 gl 1 hp 50 frg 1
ARGLOG Carmack t 112.0 pos '1908.8 -1233.1  74.3' spd 363.7 yaw 289.9 mode 2 st 1 gl 2 hp 68 frg 7
ARGUS Joe Rogan wallslide
ARGUS Carmack wallslide
ARGEVT Joe Rogan engage Carmack
ARGUS Joe Rogan leadclip
ARGEVT Romero hazard
ARGEVT Carmack hazard
ARGLOG Romero t 112.3 pos '2147.8 -1815.8  24.0' spd 324.4 yaw 156.6 mode 2 st 4 gl 1 hp 12 frg 4
ARGEVT Carmack jump
ARGLOG Joe Rogan t 112.3 pos '1654.0 -561.7  24.0' spd 302.0 yaw 300.6 mode 1 st 2 gl 1 hp 50 frg 1
ARGLOG Carmack t 112.5 pos '1936.0 -1247.9  55.0' spd  40.2 yaw 312 mode 2 st 1 gl 2 hp 68 frg 7
ARGUS Romero wallslide
ARGEVT Joe Rogan pursue
ARGEVT Joe Rogan hazard
ARGLOG Romero t 112.8 pos '2132.3 -1980.3  72.0' spd 333.8 yaw 2 mode 2 st 4 gl 1 hp 12 frg 4
ARGLOG Joe Rogan t 112.8 pos '1729.2 -690.9  24.0' spd 281.6 yaw 291 mode 1 st 2 gl 1 hp 15 frg 1
ARGEVT Romero door
ARGLOG Carmack t 113.0 pos '1936.0 -1261.7  20.0' spd   8.6 yaw  44.1 mode 2 st 1 gl 2 hp 68 frg 7
ARGEVT Carmack jump
ARGEVT Carmack engage Joe Rogan
ARGUS Carmack threatmove range 3
ARGUS Joe Rogan threatmove range 2
ARGUS Joe Rogan threatmove retreat 2
ARGEVT Joe Rogan retreat
ARGLOG Romero t 113.3 pos '2221.6 -2128.7  88.0' spd 152.6 yaw 19 mode 2 st 4 gl 1 hp 12 frg 4
ARGLOG Joe Rogan t 113.4 pos '1730.7 -775.4  20.0' spd 320.3 yaw 295.3 mode 1 st 2 gl 1 hp 15 frg 1
ARGEVT Romero hazard
ARGEVT Joe Rogan death Carmack pos '1721.4 -754.0  20.0'
ARGUS Carmack watch spawn
ARGLOG Carmack t 113.5 pos '1910.9 -1202.4  62.3' spd 152.8 yaw 173.6 mode 2 st 1 gl 2 hp 68 frg 8
ARGEVT Carmack goal backpack
ARGEVT Carmack route 5 start '1857.0 -1303.0  72.0' goal '1793.0 -727.0  24.0'
ARGUS Romero wallslide
ARGLOG Romero t 113.8 pos '2224.0 -2147.4  88.0' spd  19.8 yaw 22 mode 2 st 4 gl 1 hp 12 frg 4
ARGLOG Carmack t 114.0 pos '1868.1 -1100.2  20.0' spd 320.3 yaw 106 mode 2 st 1 gl 2 hp 68 frg 8
ARGLOG Romero t 114.3 pos '2224.0 -2151.2  88.0' spd  69.3 yaw 22 mode 2 st 4 gl 1 hp 12 frg 4
ARGEVT Romero hazard
ARGLOG Carmack t 114.5 pos '1822.3 -946.2  20.0' spd 320.0 yaw 106 mode 0 st 1 gl 2 hp 68 frg 8
ARGEVT Carmack route 2 start '2049.0 -855.0  32.0' goal '1793.0 -727.0  24.0'
ARGUS Romero wallslide
ARGEVT Carmack hazard
ARGLOG Romero t 114.8 pos '2224.0 -2096.1  88.0' spd 196.0 yaw 15 mode 2 st 4 gl 1 hp 12 frg 4
ARGEVT Joe Rogan respawn
ARGEVT Joe Rogan plan powerup via weapon
ARGEVT Joe Rogan goal weapon_rocketlauncher
ARGLOG Joe Rogan t 114.9 pos '2560.0 -192.0  32.0' spd 0 yaw 184.5 mode 0 st 2 gl 1 hp 100 frg 1
ARGEVT Joe Rogan routefail
ARGLOG Carmack t 115.0 pos '1894.9 -848.8  20.0' spd 321.6 yaw 319 mode 2 st 1 gl 2 hp 68 frg 8
ARGUS Carmack wallslide
ARGEVT Joe Rogan plan powerup via weapon
ARGEVT Joe Rogan goal weapon_grenadelauncher
ARGEVT Romero jump
ARGEVT Joe Rogan route 10 start '2529.0 -183.0  32.0' goal '2049.0 -919.0 344.0'
ARGLOG Romero t 115.3 pos '2224.0 -2005.7 123.3' spd 171.5 yaw 3 mode 2 st 4 gl 1 hp 12 frg 4
ARGLOG Joe Rogan t 115.4 pos '2413.5 -237.9  24.0' spd 397.1 yaw 103 mode 2 st 2 gl 1 hp 100 frg 1
ARGLOG Carmack t 115.5 pos '1927.5 -863.9  20.0' spd 257.7 yaw 316 mode 2 st 1 gl 2 hp 68 frg 8
ARGEVT Romero hazard
ARGEVT Carmack hazard
ARGLOG Romero t 115.8 pos '2232.0 -1968.0 120.0' spd 0 yaw 358 mode 2 st 4 gl 1 hp 12 frg 4
ARGLOG Joe Rogan t 116.0 pos '2266.9 -149.0  24.0' spd 332.8 yaw 42 mode 2 st 2 gl 1 hp 100 frg 1
ARGLOG Carmack t 116.0 pos '1936.0 -863.0  20.0' spd   7.0 yaw 314 mode 2 st 1 gl 2 hp 68 frg 8
ARGEVT Romero stall
ARGEVT Romero stallnode '2401.0 -1975.0 120.0'
ARGEVT Romero jump
ARGLOG Romero t 116.4 pos '2232.0 -1968.1 130.4' spd   2.1 yaw 358 mode 0 st 5 gl 1 hp 12 frg 4
ARGUS Joe Rogan wallslide
ARGLOG Joe Rogan t 116.5 pos '2301.8  14.3  40.0' spd 455.1 yaw 337 mode 2 st 2 gl 1 hp 100 frg 1
ARGEVT Carmack stall
ARGEVT Carmack stallnode '2049.0 -855.0  32.0'
ARGEVT Carmack jump
ARGEVT Romero route 3 start '2177.0 -1975.0  72.0' goal '2401.0 -1975.0 120.0'
ARGLOG Carmack t 116.5 pos '1936.0 -866.1  27.6' spd   6.9 yaw 355.4 mode 0 st 2 gl 2 hp 68 frg 8
ARGEVT Joe Rogan jump
ARGEVT Carmack route 2 start '2049.0 -855.0  32.0' goal '1793.0 -727.0  24.0'
ARGLOG Romero t 116.9 pos '2232.0 -1976.9 145.1' spd  28.0 yaw 359 mode 2 st 5 gl 1 hp 12 frg 4
ARGLOG Joe Rogan t 117.0 pos '2463.0 -58.6 128.6' spd 320.0 yaw 0 mode 2 st 2 gl 1 hp 100 frg 1
ARGEVT Romero hazard
ARGEVT Romero stall
ARGEVT Romero stallnode '2177.0 -2071.0  88.0'
ARGEVT Romero jump
ARGLOG Carmack t 117.0 pos '1936.0 -888.7  47.4' spd   8.9 yaw 321 mode 2 st 2 gl 2 hp 68 frg 8
ARGEVT Romero goal item_armorInv
ARGEVT Romero route 4 start '2177.0 -1975.0  72.0' goal '2465.0 -1975.0 120.0'
ARGEVT Carmack hazard
ARGLOG Romero t 117.4 pos '2213.8 -1968.5 163.6' spd  72.4 yaw 262.6 mode 2 st 6 gl 1 hp 12 frg 4
ARGUS Carmack wallslide
ARGLOG Joe Rogan t 117.5 pos '2612.8 -72.1 120.0' spd 324.5 yaw 216 mode 2 st 2 gl 1 hp 100 frg 1
ARGLOG Carmack t 117.5 pos '1936.0 -870.6  20.0' spd   9.2 yaw 316 mode 2 st 2 gl 2 hp 68 frg 8
ARGUS Joe Rogan wallslide
ARGLOG Romero t 117.9 pos '2211.7 -2004.1  88.0' spd 209.5 yaw 2 mode 2 st 6 gl 1 hp 12 frg 4
ARGUS Romero wallslide
ARGLOG Joe Rogan t 118.0 pos '2640.0 -65.5 120.0' spd   2.3 yaw 215 mode 2 st 2 gl 1 hp 100 frg 1
ARGLOG Carmack t 118.0 pos '1936.0 -867.5  20.0' spd   5.0 yaw 315 mode 2 st 2 gl 2 hp 68 frg 8
ARGEVT Carmack hazard
ARGEVT Romero hazard
ARGEVT Joe Rogan stall
ARGEVT Joe Rogan stallnode '2817.0 -55.0 -72.0'
ARGEVT Joe Rogan jump
ARGLOG Romero t 118.4 pos '2224.0 -1936.8  56.0' spd  54.2 yaw 354 mode 2 st 6 gl 1 hp 12 frg 4
ARGEVT Joe Rogan route 6 start '2593.0 -119.0 120.0' goal '2049.0 -919.0 344.0'
ARGLOG Joe Rogan t 118.5 pos '2640.0 -66.9 147.8' spd  43.9 yaw 321.4 mode 2 st 3 gl 1 hp 100 frg 1
ARGLOG Carmack t 118.5 pos '1936.0 -888.9  20.0' spd  26.2 yaw 321 mode 2 st 2 gl 2 hp 68 frg 8
ARGUS Carmack wallslide
ARGLOG Romero t 118.9 pos '2224.0 -1920.3  40.0' spd  23.1 yaw 351 mode 2 st 6 gl 1 hp 12 frg 4
ARGUS Romero wallslide
ARGLOG Joe Rogan t 119.0 pos '2639.5 -90.6 124.8' spd  48.8 yaw 212.0 mode 2 st 3 gl 1 hp 100 frg 1
ARGLOG Carmack t 119.0 pos '1936.0 -870.2  20.0' spd   5.8 yaw 316 mode 2 st 2 gl 2 hp 68 frg 8
ARGEVT Joe Rogan hazard
ARGEVT Romero hazard
ARGLOG Romero t 119.4 pos '2224.0 -1910.4  40.0' spd  22.0 yaw 350 mode 2 st 6 gl 1 hp 12 frg 4
ARGLOG Joe Rogan t 119.5 pos '2561.2 -107.5 120.0' spd 323.7 yaw 11 mode 2 st 3 gl 1 hp 100 frg 1
ARGLOG Carmack t 119.6 pos '1936.0 -867.6  20.0' spd   5.0 yaw 315 mode 2 st 2 gl 2 hp 68 frg 8
ARGEVT Carmack hazard
ARGUS Joe Rogan wallslide
ARGEVT Romero stall
ARGEVT Romero stallnode '2177.0 -2071.0  88.0'
ARGEVT Romero jump
ARGLOG Romero t 119.9 pos '2224.0 -1909.0  50.9' spd  24.4 yaw 350 mode 0 st 7 gl 1 hp 12 frg 4
ARGLOG Joe Rogan t 120.0 pos '2640.0 -13.6 120.0' spd  17.2 yaw 217 mode 2 st 3 gl 1 hp 100 frg 1
ARGEVT Carmack stall
ARGEVT Carmack stallnode '2049.0 -855.0  32.0'
ARGEVT Carmack jump
ARGEVT Romero route 4 start '2177.0 -1975.0  72.0' goal '2465.0 -1975.0 120.0'
ARGLOG Carmack t 120.1 pos '1936.0 -866.4  27.4' spd   4.3 yaw 355.7 mode 0 st 3 gl 2 hp 68 frg 8
ARGEVT Carmack route 2 start '2049.0 -855.0  32.0' goal '1793.0 -727.0  24.0'
ARGLOG Romero t 120.4 pos '2224.0 -1921.0  65.2' spd  58.4 yaw 352 mode 2 st 7 gl 1 hp 12 frg 4
ARGLOG Joe Rogan t 120.5 pos '2640.0 -41.3 120.0' spd   6.7 yaw 216 mode 2 st 3 gl 1 hp 100 frg 1
ARGUS Romero wallslide
ARGLOG Carmack t 120.6 pos '1936.0 -887.5  45.4' spd   0.5 yaw 320 mode 2 st 3 gl 2 hp 68 frg 8
ARGEVT Romero hazard
ARGEVT Carmack hazard
ARGLOG Romero t 120.9 pos '2222.8 -1964.8  56.0' spd  96.4 yaw 358 mode 2 st 7 gl 1 hp 12 frg 4
ARGEVT Romero abandon
ARGLOG Joe Rogan t 121.0 pos '2640.0 -42.9 120.0' spd   2.5 yaw 216 mode 2 st 3 gl 1 hp 100 frg 1
ARGEVT Romero goal item_health
ARGLOG Carmack t 121.1 pos '1936.0 -869.1  20.0' spd   5.7 yaw 315 mode 2 st 3 gl 2 hp 68 frg 8
ARGEVT Romero route 5 start '2177.0 -1975.0  72.0' goal '2401.0 -1367.0  24.0'
ARGEVT Joe Rogan stall
ARGEVT Joe Rogan stallnode '2817.0 -55.0 -72.0'
ARGEVT Joe Rogan jump
ARGEVT Joe Rogan route 6 start '2561.0 -23.0 120.0' goal '2049.0 -919.0 344.0'
