LOG started on: 09/19/2026 23:09:59 
Playing registered version.
UDP Initialized
WIPX_OpenSocket: Address family not supported by protocol family
WIPX_Init: Unable to open control socket, IPX disabled
Exe: 20:02:47 Jul 31 2024
256.0 megabyte heap

Language initialization
Couldn't load 'localization/loc_english.txt'
from 'C:\argus\engine'

========= Quake Initialized =========

execing autoexec.cfg
SpawnServer: dm2
Clearing memory
Programs occupy 910K.
trying to open external vis file
maps/dm2.vis not found, trying argus.vis
external vis not found
ARGUS slots 8
ARGUS worldspawn reached
ARGNAV 215 nodes, 1005 links
0 entities inhibited
ARGUS init on dm2
ARGEVT Carmack spawned
ARGEVT Romero spawned
ARGEVT Joe Rogan spawned
Server spawned.
ARGLOG Joe Rogan t   1.2 pos '2624.0 -488.0  32.0' spd 0 yaw 177.6 mode 0 st 0 gl 0 hp 100 frg 0
ARGLOG Romero t   1.2 pos '2704.0 -2048.0 128.0' spd 0 yaw 317.5 mode 0 st 0 gl 0 hp 100 frg 0
ARGLOG Carmack t   1.2 pos '2560.0 -192.0  32.0' spd 0 yaw 209.6 mode 0 st 0 gl 0 hp 100 frg 0
ARGUS Carmack wallslide
ARGEVT Joe Rogan engage Carmack
ARGUS Joe Rogan threatmove range 2
ARGEVT Joe Rogan grab item_armorInv
ARGEVT Carmack engage Joe Rogan
ARGUS Carmack threatmove range 2
ARGLOG Joe Rogan t   1.7 pos '2476.9 -445.1   8.0' spd 314.5 yaw  99.0 mode 0 st 0 gl 0 hp 100 frg 0
ARGLOG Romero t   1.7 pos '2713.6 -2091.2 128.0' spd 322.0 yaw 157.1 mode 0 st 0 gl 0 hp 100 frg 0
ARGLOG Carmack t   1.7 pos '2438.4 -240.0  24.0' spd  58.9 yaw 237.3 mode 0 st 0 gl 0 hp 100 frg 0
ARGEVT Romero hazard
ARGEVT Joe Rogan hazard
ARGUS Joe Rogan wallslide
ARGLOG Joe Rogan t   2.2 pos '2365.3 -527.9   8.0' spd  92.1 yaw  82.9 mode 0 st 0 gl 0 hp 100 frg 0
ARGLOG Romero t   2.2 pos '2743.4 -2125.8 120.0' spd 223.9 yaw 189.4 mode 0 st 0 gl 0 hp 100 frg 0
ARGLOG Carmack t   2.2 pos '2382.0 -240.0  24.0' spd 325.3 yaw 255.8 mode 0 st 0 gl 0 hp 100 frg 0
ARGEVT Carmack hazard
ARGUS Romero wallslide
ARGLOG Joe Rogan t   2.7 pos '2340.1 -527.9   8.0' spd  46.1 yaw  81.8 mode 0 st 0 gl 0 hp 100 frg 0
ARGLOG Romero t   2.7 pos '2679.2 -2152.3 120.0' spd 229.5 yaw  59.8 mode 0 st 0 gl 0 hp 100 frg 0
ARGLOG Carmack t   2.7 pos '2397.1 -238.3  24.0' spd 358.3 yaw 263.7 mode 0 st 0 gl 0 hp 92 frg 0
ARGUS Carmack wallslide
ARGEVT Joe Rogan hazard
ARGUS Joe Rogan wallslide
ARGLOG Joe Rogan t   3.2 pos '2332.4 -526.8   8.0' spd 210.2 yaw  78.9 mode 0 st 0 gl 0 hp 100 frg 0
ARGLOG Romero t   3.2 pos '2767.9 -2019.1 120.0' spd 320.0 yaw  59.8 mode 0 st 0 gl 0 hp 100 frg 0
ARGLOG Carmack t   3.2 pos '2349.3 -231.5  24.0' spd 325.1 yaw 263.2 mode 0 st 0 gl 0 hp 92 frg 0
ARGEVT Joe Rogan pursue
ARGEVT Carmack pursue
ARGUS Romero wallslide
ARGUS Carmack hunch item_armorInv
ARGLOG Joe Rogan t   3.7 pos '2476.1 -453.9   8.0' spd 343.0 yaw 121 mode 0 st 0 gl 0 hp 100 frg 0
ARGLOG Romero t   3.7 pos '2773.4 -2064.0 120.0' spd  93.2 yaw 252.3 mode 0 st 0 gl 0 hp 100 frg 0
ARGLOG Carmack t   3.7 pos '2265.7 -216.2  24.0' spd 292.1 yaw 319.5 mode 0 st 0 gl 0 hp 92 frg 0
ARGEVT Joe Rogan hazard
ARGEVT Joe Rogan goal item_armorInv
ARGEVT Joe Rogan route 3 start '2401.0 -343.0   8.0' goal '2369.0 -567.0  56.0'
ARGLOG Joe Rogan t   4.2 pos '2462.5 -320.7   8.0' spd 115.1 yaw 123.8 mode 2 st 0 gl 0 hp 100 frg 0
ARGLOG Romero t   4.2 pos '2707.7 -2184.8 120.0' spd 320.5 yaw 252.3 mode 0 st 0 gl 0 hp 100 frg 0
ARGLOG Carmack t   4.2 pos '2403.1 -197.3  24.0' spd 314.0 yaw 302.1 mode 0 st 0 gl 0 hp 88 frg 0
ARGEVT Romero goal weapon_supershotgun
ARGEVT Carmack hazard
ARGUS Joe Rogan wallslide
ARGEVT Carmack goal weapon_rocketlauncher
ARGEVT Carmack route 15 start '2529.0 -183.0  32.0' goal '2465.0 -1719.0  24.0'
ARGEVT Carmack pursue
ARGEVT Joe Rogan pursue
ARGEVT Romero hazard
ARGLOG Joe Rogan t   4.7 pos '2439.2 -304.0   8.0' spd   5.2 yaw  99.8 mode 2 st 0 gl 0 hp 100 frg 0
ARGLOG Romero t   4.7 pos '2707.4 -2339.2 120.0' spd 328.6 yaw 330.4 mode 0 st 0 gl 1 hp 100 frg 0
ARGLOG Carmack t   4.7 pos '2526.8 -219.4  32.0' spd 393.3 yaw 233.7 mode 2 st 0 gl 0 hp 88 frg 0
ARGEVT Romero goal item_armor2
ARGEVT Romero route 8 start '2721.0 -2327.0 120.0' goal '1313.0 -951.0  32.0'
ARGUS Romero wallslide
ARGLOG Joe Rogan t   5.3 pos '2397.3 -310.8   8.0' spd 180.0 yaw  66.6 mode 2 st 0 gl 0 hp 100 frg 0
ARGLOG Romero t   5.3 pos '2712.4 -2352.0 120.0' spd 329.3 yaw 206 mode 2 st 0 gl 1 hp 100 frg 0
ARGLOG Carmack t   5.3 pos '2473.4 -198.4  24.0' spd 300.0 yaw 193.7 mode 2 st 0 gl 0 hp 88 frg 0
ARGEVT Romero hazard
ARGLOG Joe Rogan t   5.8 pos '2513.4 -331.1  24.0' spd 152.3 yaw 144.1 mode 2 st 0 gl 0 hp 100 frg 0
ARGLOG Romero t   5.8 pos '2589.0 -2263.2 120.0' spd 344.8 yaw 236 mode 2 st 0 gl 1 hp 100 frg 0
ARGLOG Carmack t   5.8 pos '2297.6 -197.5  24.0' spd 373.9 yaw 325.5 mode 2 st 0 gl 0 hp 88 frg 0
ARGEVT Joe Rogan pursue
ARGLOG Joe Rogan t   6.3 pos '2374.6 -411.0   8.0' spd 345.0 yaw 151.3 mode 2 st 0 gl 0 hp 100 frg 0
ARGLOG Romero t   6.3 pos '2427.6 -2337.9 120.0' spd 399.2 yaw 138 mode 2 st 0 gl 1 hp 100 frg 0
ARGLOG Carmack t   6.3 pos '2186.0 -313.7  24.0' spd 333.5 yaw 307.1 mode 2 st 0 gl 0 hp 88 frg 0
ARGEVT Romero hazard
ARGLOG Joe Rogan t   6.8 pos '2263.2 -515.9   8.0' spd  89.1 yaw 143.4 mode 2 st 0 gl 0 hp 82 frg 0
ARGLOG Romero t   6.8 pos '2440.9 -2507.1 120.0' spd 398.7 yaw   5.0 mode 0 st 0 gl 1 hp 100 frg 0
ARGLOG Carmack t   6.8 pos '2135.7 -462.5   8.0' spd 116.3 yaw 318.3 mode 0 st 0 gl 0 hp 88 frg 0
ARGUS routecache adopt
ARGEVT Romero route 5 start '2433.0 -2487.0 120.0' goal '1313.0 -951.0  32.0'
ARGEVT Carmack route 15 start '2177.0 -503.0   8.0' goal '2465.0 -1719.0  24.0'
ARGEVT Romero route 5 start '2433.0 -2487.0 120.0' goal '1313.0 -951.0  32.0'
ARGLOG Joe Rogan t   7.3 pos '2348.3 -424.0   8.0' spd 347.2 yaw 155.5 mode 2 st 0 gl 0 hp 82 frg 0
ARGLOG Romero t   7.3 pos '2459.5 -2350.0 120.0' spd 417.5 yaw 139 mode 2 st 0 gl 1 hp 100 frg 0
ARGLOG Carmack t   7.3 pos '2220.7 -394.1   8.0' spd 322.9 yaw   4.5 mode 2 st 0 gl 0 hp 88 frg 0
ARGEVT Joe Rogan grab item_health
ARGLOG Joe Rogan t   7.8 pos '2432.6 -316.3   8.0' spd 226.2 yaw 199.6 mode 2 st 0 gl 0 hp 55 frg 0
ARGLOG Romero t   7.8 pos '2400.4 -2315.8 120.0' spd 320.0 yaw 138 mode 2 st 0 gl 1 hp 100 frg 0
ARGLOG Carmack t   7.8 pos '2280.7 -373.2   8.0' spd 330.7 yaw  15.5 mode 2 st 0 gl 0 hp 64 frg 0
ARGEVT Carmack route 16 start '2337.0 -503.0   8.0' goal '2465.0 -1719.0  24.0'
ARGEVT Carmack grab item_armorInv
ARGEVT Carmack weapon sg
ARGEVT Romero route 5 start '2433.0 -2487.0 120.0' goal '1313.0 -951.0  32.0'
ARGEVT Carmack hazard
ARGLOG Joe Rogan t   8.3 pos '2488.1 -331.2   8.0' spd  31.2 yaw 230.8 mode 2 st 0 gl 0 hp 37 frg 0
ARGLOG Romero t   8.3 pos '2429.4 -2478.8 120.0' spd 355.4 yaw 240.4 mode 0 st 0 gl 1 hp 100 frg 0
ARGLOG Carmack t   8.3 pos '2370.7 -512.0   8.0' spd 310.2 yaw  44.4 mode 2 st 0 gl 0 hp 44 frg 0
ARGUS routecache adopt
ARGEVT Romero route 4 start '1313.0 -1367.0 144.0' goal '1313.0 -951.0  32.0'
ARGLOG Joe Rogan t   8.8 pos '2492.0 -332.0   8.0' spd  34.6 yaw 253.3 mode 2 st 0 gl 0 hp 37 frg 0
ARGLOG Romero t   8.8 pos '1363.3 -1376.0 144.0' spd 300 yaw 102 mode 2 st 0 gl 1 hp 100 frg 0
ARGLOG Carmack t   8.8 pos '2446.6 -513.2   8.0' spd  36.6 yaw  77.0 mode 2 st 0 gl 0 hp 44 frg 0
ARGUS Carmack threatmove retreat 2
ARGEVT Carmack retreat
ARGEVT Joe Rogan hazard
ARGEVT Carmack route 16 start '2465.0 -503.0   8.0' goal '2465.0 -1719.0  24.0'
ARGEVT Carmack grab item_spikes
ARGLOG Joe Rogan t   9.4 pos '2507.3 -311.8   8.0' spd 252.2 yaw 281.8 mode 2 st 0 gl 0 hp 13 frg 0
ARGLOG Romero t   9.4 pos '1377.9 -1313.9 136.0' spd 332.5 yaw 106 mode 2 st 0 gl 1 hp 100 frg 0
ARGLOG Carmack t   9.4 pos '2547.3 -510.8  24.0' spd 293.8 yaw  98.9 mode 2 st 0 gl 0 hp 20 frg 0
ARGEVT Carmack hazard
ARGUS Joe Rogan wallslide
ARGEVT Romero jump
ARGEVT Joe Rogan pursue
ARGEVT Carmack route 17 start '2561.0 -503.0  24.0' goal '2465.0 -1719.0  24.0'
ARGLOG Joe Rogan t   9.9 pos '2630.4 -331.7  24.0' spd 330.8 yaw 245 mode 2 st 0 gl 0 hp 13 frg 0
ARGLOG Romero t   9.9 pos '1328.7 -1200.0 185.8' spd 113.2 yaw 102 mode 2 st 0 gl 1 hp 100 frg 0
ARGLOG Carmack t   9.9 pos '2591.2 -467.6  32.0' spd 322.4 yaw 196 mode 2 st 0 gl 0 hp 20 frg 0
ARGUS Joe Rogan hunch item_armorInv
ARGEVT Carmack pursue
ARGEVT Joe Rogan pursue
ARGEVT Joe Rogan goal item_armorInv
ARGEVT Joe Rogan route 3 start '2593.0 -375.0  24.0' goal '2369.0 -567.0  56.0'
ARGEVT Joe Rogan hazard
ARGEVT Joe Rogan grab item_health
ARGLOG Joe Rogan t  10.4 pos '2584.4 -313.7  24.0' spd  18.0 yaw 208.9 mode 2 st 0 gl 0 hp 13 frg 0
ARGLOG Romero t  10.4 pos '1278.5 -1158.6 184.0' spd 307.6 yaw 80 mode 2 st 0 gl 1 hp 100 frg 0
ARGLOG Carmack t  10.4 pos '2450.6 -476.6   8.0' spd 139.9 yaw  65.3 mode 2 st 0 gl 0 hp 20 frg 0
ARGEVT Carmack hazard
ARGUS Carmack wallslide
ARGEVT Joe Rogan pursue
ARGEVT Carmack pursue
ARGLOG Joe Rogan t  10.9 pos '2580.7 -327.3  24.0' spd  74.5 yaw 258.0 mode 2 st 0 gl 0 hp 13 frg 0
ARGLOG Romero t  10.9 pos '1284.6 -988.2 198.5' spd 337.1 yaw 52 mode 1 st 0 gl 1 hp 100 frg 0
ARGLOG Carmack t  10.9 pos '2594.3 -527.0  32.0' spd 310.5 yaw  90.1 mode 0 st 0 gl 0 hp 20 frg 0
ARGEVT Carmack route 17 start '2561.0 -503.0  24.0' goal '2465.0 -1719.0  24.0'
ARGUS Carmack hunch item_health
ARGEVT Joe Rogan pursue
ARGEVT Carmack goal item_health
ARGEVT Carmack route 7 start '2561.0 -503.0  24.0' goal '2593.0 -247.0 120.0'
ARGEVT Carmack pursue
ARGLOG Joe Rogan t  11.4 pos '2465.3 -411.4   8.0' spd 143.6 yaw 295.5 mode 2 st 0 gl 0 hp 13 frg 0
ARGLOG Romero t  11.4 pos '1359.9 -874.7  67.3' spd  30.9 yaw 250.4 mode 1 st 0 gl 1 hp 100 frg 0
ARGLOG Carmack t  11.4 pos '2615.3 -503.8  32.0' spd  13.5 yaw 185.9 mode 2 st 0 gl 0 hp 20 frg 0
ARGEVT Joe Rogan hazard
ARGUS Joe Rogan wallslide
ARGLOG Joe Rogan t  11.9 pos '2446.8 -310.5   8.0' spd 333.8 yaw 304.0 mode 2 st 0 gl 0 hp 13 frg 0
ARGLOG Romero t  11.9 pos '1296.1 -989.6  32.0' spd 346.8 yaw 271.8 mode 1 st 0 gl 1 hp 100 frg 0
ARGEVT Romero hazard
ARGLOG Carmack t  11.9 pos '2571.5 -502.7  24.0' spd 321.3 yaw 125.3 mode 2 st 0 gl 0 hp 20 frg 0
ARGEVT Joe Rogan death Carmack pos '2400.8 -335.1   8.0'
ARGUS Carmack watch spawn
ARGEVT Carmack goal item_armorInv
ARGEVT Carmack route 1 start '2561.0 -503.0  24.0' goal '2369.0 -567.0  56.0'
ARGEVT Carmack door
ARGUS Carmack wallslide
ARGLOG Romero t  12.4 pos '1696.0 -955.7  20.0' spd 300 yaw 179 mode 1 st 0 gl 1 hp 100 frg 0
ARGLOG Carmack t  12.4 pos '2518.9 -450.1  24.0' spd 165.7 yaw 153.4 mode 2 st 0 gl 0 hp 20 frg 1
ARGUS Carmack jumpapproach 0 actual 266.4
ARGEVT Carmack jump
ARGUS Carmack aircontrol
ARGLOG Romero t  12.9 pos '1647.3 -992.9  20.0' spd 352.3 yaw 173 mode 1 st 0 gl 1 hp 100 frg 0
ARGLOG Carmack t  12.9 pos '2414.2 -531.3  58.4' spd 266.4 yaw 221.9 mode 2 st 0 gl 0 hp 20 frg 1
ARGEVT Carmack hazard
ARGLOG Romero t  13.4 pos '1479.3 -995.9  20.0' spd 321.6 yaw 165 mode 1 st 0 gl 1 hp 100 frg 0
ARGLOG Carmack t  13.4 pos '2352.0 -534.1  56.0' spd   6.7 yaw 221.9 mode 1 st 0 gl 0 hp 20 frg 1
ARGEVT Joe Rogan respawn
ARGLOG Joe Rogan t  13.6 pos '2576.0 -1328.0  24.0' spd 0 yaw 251.2 mode 0 st 0 gl 0 hp 100 frg 0
ARGUS Romero wallslide
ARGEVT Joe Rogan goal weapon_rocketlauncher
ARGEVT Joe Rogan route 4 start '2561.0 -1303.0  24.0' goal '2465.0 -1719.0  24.0'
ARGEVT Romero hazard
ARGLOG Romero t  13.9 pos '1424.0 -964.4  20.0' spd  28.4 yaw 188.0 mode 1 st 0 gl 1 hp 100 frg 0
ARGLOG Carmack t  13.9 pos '2352.0 -530.9  56.0' spd   6.9 yaw 221.9 mode 1 st 0 gl 0 hp 20 frg 1
ARGLOG Joe Rogan t  14.1 pos '2549.3 -1475.1  24.0' spd 321.6 yaw 272 mode 2 st 0 gl 0 hp 100 frg 0
ARGEVT Carmack hazard
ARGEVT Romero stall
ARGEVT Romero jump
ARGEVT Carmack stall
ARGLOG Romero t  14.5 pos '1424.0 -978.5  23.7' spd 0 yaw 216.2 mode 0 st 1 gl 1 hp 100 frg 0
ARGLOG Carmack t  14.5 pos '2348.0 -527.4  52.6' spd  47.4 yaw 221.9 mode 0 st 1 gl 0 hp 20 frg 1
ARGEVT Romero route 0 start '1313.0 -951.0  32.0' goal '1313.0 -951.0  32.0'
ARGLOG Joe Rogan t  14.6 pos '2531.3 -1638.4  24.0' spd 329.1 yaw 236 mode 1 st 0 gl 0 hp 100 frg 0
ARGUS Carmack wallslide
ARGEVT Carmack route 3 start '2337.0 -503.0   8.0' goal '2369.0 -567.0  56.0'
ARGEVT Joe Rogan goal item_armorInv
ARGEVT Joe Rogan route 8 start '2465.0 -1719.0  24.0' goal '2465.0 -1975.0 120.0'
ARGLOG Romero t  15.0 pos '1424.0 -1008.0  49.7' spd  73.4 yaw 172.0 mode 1 st 1 gl 1 hp 100 frg 0
ARGLOG Carmack t  15.0 pos '2384.0 -528.0   8.0' spd 283.2 yaw 285 mode 2 st 1 gl 0 hp 20 frg 1
ARGLOG Joe Rogan t  15.1 pos '2458.3 -1792.8  24.0' spd 393.6 yaw 216 mode 2 st 0 gl 1 hp 100 frg 0
ARGEVT Carmack hazard
ARGEVT Joe Rogan hazard
ARGEVT Romero hazard
ARGLOG Romero t  15.5 pos '1424.0 -946.4  20.0' spd   2.3 yaw 128 mode 1 st 1 gl 1 hp 100 frg 0
ARGLOG Carmack t  15.5 pos '2436.1 -528.0   8.0' spd  41.0 yaw 239 mode 2 st 1 gl 0 hp 20 frg 1
ARGLOG Joe Rogan t  15.6 pos '2521.6 -1902.1  24.0' spd  89.2 yaw 176 mode 2 st 0 gl 1 hp 100 frg 0
ARGLOG Romero t  16.0 pos '1424.0 -946.0  20.0' spd 0 yaw 129 mode 1 st 1 gl 1 hp 100 frg 0
ARGLOG Carmack t  16.0 pos '2455.1 -528.0   8.0' spd  33.4 yaw 228 mode 2 st 1 gl 0 hp 20 frg 1
ARGLOG Joe Rogan t  16.1 pos '2366.3 -1890.9  24.0' spd 320.0 yaw 204 mode 2 st 0 gl 1 hp 100 frg 0
ARGEVT Carmack hazard
ARGEVT Romero hazard
ARGLOG Romero t  16.5 pos '1424.0 -946.0  20.0' spd 0 yaw 129 mode 1 st 1 gl 1 hp 100 frg 0
ARGLOG Carmack t  16.5 pos '2471.7 -528.0   8.0' spd  33.5 yaw 220 mode 2 st 1 gl 0 hp 20 frg 1
ARGUS Carmack wallslide
ARGEVT Romero stall
ARGEVT Romero jump
ARGEVT Romero route 0 start '1313.0 -951.0  32.0' goal '1313.0 -951.0  32.0'
ARGEVT Joe Rogan jump
ARGLOG Joe Rogan t  16.7 pos '2195.5 -1902.5  27.7' spd 408.1 yaw 264 mode 2 st 0 gl 1 hp 100 frg 0
ARGLOG Romero t  17.0 pos '1424.0 -926.0  59.7' spd  55.9 yaw 158.7 mode 1 st 2 gl 1 hp 100 frg 0
ARGLOG Carmack t  17.0 pos '2376.3 -528.0   8.0' spd  44.8 yaw 292 mode 2 st 1 gl 0 hp 20 frg 1
ARGLOG Joe Rogan t  17.2 pos '2128.3 -1956.3  56.0' spd 167.2 yaw 353 mode 2 st 0 gl 1 hp 100 frg 0
ARGEVT Carmack hazard
ARGUS Romero wallslide
ARGEVT Joe Rogan door
ARGEVT Romero hazard
ARGLOG Romero t  17.5 pos '1424.0 -967.1  20.0' spd   4.7 yaw 228 mode 1 st 2 gl 1 hp 100 frg 0
ARGLOG Carmack t  17.5 pos '2356.1 -528.0   8.0' spd  35.0 yaw 307 mode 2 st 1 gl 0 hp 20 frg 1
ARGUS Carmack wallslide
ARGEVT Joe Rogan hazard
ARGLOG Joe Rogan t  17.7 pos '2205.4 -2106.3  88.0' spd 359.9 yaw 16 mode 2 st 0 gl 1 hp 100 frg 0
ARGUS Joe Rogan wallslide
ARGLOG Romero t  18.0 pos '1424.0 -975.0  20.0' spd 0 yaw 223 mode 1 st 2 gl 1 hp 100 frg 0
ARGLOG Carmack t  18.0 pos '2339.5 -528.0   8.0' spd  30.5 yaw 316 mode 2 st 1 gl 0 hp 20 frg 1
ARGLOG Joe Rogan t  18.2 pos '2224.0 -2153.4  88.0' spd  21.7 yaw 22 mode 2 st 0 gl 1 hp 100 frg 0
ARGEVT Carmack hazard
ARGLOG Romero t  18.5 pos '1424.0 -982.8  20.0' spd  30.9 yaw 220 mode 1 st 2 gl 1 hp 100 frg 0
ARGLOG Carmack t  18.5 pos '2324.3 -528.0   8.0' spd  31.7 yaw 322 mode 2 st 1 gl 0 hp 20 frg 1
ARGUS Carmack wallslide
ARGEVT Joe Rogan hazard
ARGLOG Joe Rogan t  18.7 pos '2224.0 -2140.7  88.0' spd  90.0 yaw 21 mode 2 st 0 gl 1 hp 100 frg 0
ARGEVT Romero stall
ARGEVT Romero jump
ARGUS routecache adopt
ARGEVT Romero route 0 start '1313.0 -951.0  32.0' goal '1313.0 -951.0  32.0'
ARGUS Joe Rogan wallslide
ARGLOG Romero t  19.0 pos '1424.0 -997.5  63.6' spd  53.3 yaw 212 mode 1 st 3 gl 1 hp 100 frg 0
ARGLOG Carmack t  19.0 pos '2309.7 -528.0   8.0' spd  29.1 yaw 327 mode 2 st 1 gl 0 hp 20 frg 1
ARGLOG Joe Rogan t  19.2 pos '2224.0 -2052.8  88.0' spd 177.6 yaw 9 mode 2 st 0 gl 1 hp 100 frg 0
ARGEVT Carmack hazard
ARGEVT Joe Rogan jump
ARGUS Romero wallslide
ARGLOG Romero t  19.5 pos '1424.0 -971.4  20.0' spd 341.1 yaw 116.5 mode 1 st 3 gl 1 hp 100 frg 0
ARGLOG Carmack t  19.5 pos '2383.9 -528.0   8.0' spd 370.1 yaw 286.0 mode 2 st 1 gl 0 hp 20 frg 1
ARGUS Carmack wallslide
ARGEVT Romero hazard
ARGLOG Joe Rogan t  19.7 pos '2229.5 -1968.0 129.2' spd  36.1 yaw 358 mode 2 st 0 gl 1 hp 100 frg 0
ARGEVT Joe Rogan hazard
ARGLOG Romero t  20.0 pos '1424.0 -912.1  20.0' spd 159.0 yaw 255 mode 1 st 3 gl 1 hp 100 frg 0
ARGLOG Carmack t  20.0 pos '2443.1 -528.0   8.0' spd  39.6 yaw 235 mode 2 st 1 gl 0 hp 20 frg 1
ARGLOG Joe Rogan t  20.2 pos '2232.0 -1968.0 120.0' spd 0 yaw 358 mode 2 st 0 gl 1 hp 100 frg 0
ARGEVT Carmack hazard
ARGEVT Carmack abandon
ARGEVT Carmack goal item_health
ARGEVT Carmack route 5 start '2465.0 -503.0   8.0' goal '1953.0 -23.0  24.0'
ARGUS Romero wallslide
ARGLOG Romero t  20.5 pos '1424.0 -1013.3  20.0' spd   8.9 yaw 131.1 mode 1 st 3 gl 1 hp 100 frg 0
ARGLOG Carmack t  20.5 pos '2484.4 -523.6   8.0' spd 328.4 yaw 154 mode 2 st 1 gl 0 hp 20 frg 1
ARGEVT Joe Rogan stall
ARGEVT Joe Rogan stallnode '2401.0 -1975.0 120.0'
ARGEVT Joe Rogan jump
ARGEVT Joe Rogan route 4 start '2177.0 -1975.0  72.0' goal '2465.0 -1975.0 120.0'
ARGLOG Joe Rogan t  20.7 pos '2232.0 -1969.2 155.2' spd  12.5 yaw 358 mode 2 st 1 gl 1 hp 100 frg 0
ARGEVT Romero hazard
ARGLOG Romero t  21.0 pos '1424.0 -913.3  20.0' spd   8.6 yaw 195.5 mode 1 st 3 gl 1 hp 100 frg 0
ARGLOG Carmack t  21.0 pos '2593.1 -458.3  32.0' spd 185.0 yaw 168 mode 2 st 1 gl 0 hp 20 frg 1
ARGEVT Joe Rogan hazard
ARGLOG Joe Rogan t  21.2 pos '2231.9 -1982.2 120.0' spd  62.5 yaw 360 mode 2 st 1 gl 1 hp 100 frg 0
ARGLOG Romero t  21.6 pos '1424.0 -971.4  20.0' spd  60.6 yaw 225 mode 1 st 3 gl 1 hp 100 frg 0
ARGLOG Carmack t  21.6 pos '2434.1 -483.1   8.0' spd 322.6 yaw 140 mode 2 st 1 gl 0 hp 20 frg 1
ARGLOG Joe Rogan t  21.8 pos '2229.7 -2000.0 120.0' spd   3.1 yaw 2 mode 2 st 1 gl 1 hp 100 frg 0
ARGLOG Romero t  22.1 pos '1424.0 -980.8  20.0' spd 0 yaw 221 mode 1 st 3 gl 1 hp 100 frg 0
ARGLOG Carmack t  22.1 pos '2269.8 -446.2   8.0' spd 325.1 yaw 124 mode 2 st 1 gl 0 hp 20 frg 1
ARGEVT Joe Rogan hazard
ARGLOG Joe Rogan t  22.3 pos '2228.1 -2000.0 120.0' spd   3.3 yaw 2 mode 2 st 1 gl 1 hp 100 frg 0
ARGLOG Romero t  22.6 pos '1424.0 -983.7  20.0' spd 0 yaw 220 mode 1 st 3 gl 1 hp 100 frg 0
ARGLOG Carmack t  22.6 pos '2156.1 -323.9  24.0' spd 324.0 yaw 134 mode 2 st 1 gl 0 hp 20 frg 1
ARGEVT Joe Rogan stall
ARGEVT Joe Rogan stallnode '2177.0 -2071.0  88.0'
ARGEVT Joe Rogan jump
ARGUS Carmack wallslide
ARGLOG Joe Rogan t  22.8 pos '2229.4 -1999.9 142.6' spd  30.0 yaw 2 mode 0 st 2 gl 1 hp 100 frg 0
ARGUS routecache adopt
ARGEVT Joe Rogan route 3 start '2177.0 -2071.0  88.0' goal '2465.0 -1975.0 120.0'
ARGEVT Romero stall
ARGEVT Romero jump
ARGLOG Romero t  23.1 pos '1424.0 -988.5  47.5' spd  56.0 yaw 178.4 mode 0 st 4 gl 1 hp 100 frg 0
ARGLOG Carmack t  23.1 pos '2098.9 -163.6  24.0' spd 331.7 yaw 134 mode 1 st 1 gl 0 hp 20 frg 1
ARGEVT Romero route 5 start '1537.0 -1303.0  72.0' goal '1313.0 -951.0  32.0'
ARGLOG Joe Rogan t  23.3 pos '2232.0 -1993.8 133.9' spd  23.9 yaw 1 mode 2 st 2 gl 1 hp 100 frg 0
ARGEVT Joe Rogan hazard
ARGEVT Joe Rogan stall
ARGEVT Joe Rogan stallnode '2177.0 -2071.0  88.0'
ARGEVT Joe Rogan jump
ARGEVT Joe Rogan goal item_health
ARGEVT Joe Rogan route 3 start '2177.0 -1975.0  72.0' goal '2401.0 -1975.0 120.0'
ARGLOG Romero t  23.6 pos '1424.0 -1006.3  25.1' spd  45.7 yaw 262 mode 2 st 4 gl 1 hp 100 frg 0
ARGLOG Carmack t  23.6 pos '1991.0 -38.1  24.0' spd 327.5 yaw 119.5 mode 1 st 1 gl 0 hp 45 frg 1
ARGEVT Carmack hazard
ARGLOG Joe Rogan t  23.8 pos '2225.9 -1968.0 161.0' spd   8.6 yaw  66.7 mode 2 st 3 gl 1 hp 100 frg 0
ARGLOG Romero t  24.1 pos '1457.7 -1154.2  20.0' spd 413.2 yaw 209.8 mode 1 st 4 gl 1 hp 100 frg 0
ARGLOG Carmack t  24.1 pos '1906.9 -24.2  24.0' spd  33.4 yaw 129.1 mode 1 st 1 gl 0 hp 45 frg 1
ARGEVT Romero hazard
ARGLOG Joe Rogan t  24.3 pos '2231.2 -1968.0 120.0' spd   3.1 yaw 358 mode 2 st 3 gl 1 hp 100 frg 0
ARGEVT Joe Rogan hazard
ARGUS Carmack wallslide
ARGUS Romero wallslide
ARGLOG Romero t  24.6 pos '1424.3 -1199.7  20.0' spd 320.2 yaw  84.5 mode 1 st 4 gl 1 hp 100 frg 0
ARGLOG Carmack t  24.6 pos '1904.1 -41.0  24.0' spd  35.5 yaw 142.8 mode 1 st 1 gl 0 hp 45 frg 1
ARGEVT Carmack hazard
ARGEVT Joe Rogan stall
ARGEVT Joe Rogan stallnode '2177.0 -2071.0  88.0'
ARGEVT Joe Rogan jump
ARGLOG Joe Rogan t  24.8 pos '2229.6 -1968.0 123.6' spd   3.1 yaw 358 mode 0 st 4 gl 1 hp 100 frg 0
ARGEVT Romero abandon
ARGEVT Romero goal item_armorInv
ARGEVT Romero route 29 start '1537.0 -1303.0  72.0' goal '2465.0 -1975.0 120.0'
ARGEVT Joe Rogan route 3 start '2177.0 -1975.0  72.0' goal '2401.0 -1975.0 120.0'
ARGLOG Romero t  25.1 pos '1463.4 -1029.9  20.0' spd 396.9 yaw 255 mode 2 st 4 gl 1 hp 100 frg 0
ARGLOG Carmack t  25.1 pos '1906.8 -141.7  24.0' spd 351.2 yaw 307.6 mode 1 st 1 gl 0 hp 45 frg 1
ARGLOG Joe Rogan t  25.3 pos '2232.0 -1974.7 147.9' spd  25.0 yaw 359 mode 2 st 4 gl 1 hp 100 frg 0
ARGEVT Joe Rogan abandon
ARGEVT Joe Rogan goal item_artifact_super_damage
ARGEVT Joe Rogan route 18 start '2177.0 -1975.0  72.0' goal '1921.0 -695.0 184.0'
ARGLOG Romero t  25.6 pos '1635.6 -1087.6  20.0' spd 407.0 yaw 224 mode 2 st 4 gl 1 hp 100 frg 0
ARGLOG Carmack t  25.6 pos '2076.6 -177.1  24.0' spd 486.6 yaw 111.5 mode 1 st 1 gl 0 hp 45 frg 1
ARGLOG Joe Rogan t  25.8 pos '2162.5 -2003.3  88.0' spd 234.2 yaw 35 mode 2 st 4 gl 1 hp 100 frg 0
ARGUS Joe Rogan wallslide
ARGEVT Carmack hazard
ARGEVT Romero jump
ARGLOG Romero t  26.2 pos '1597.5 -1259.2  23.7' spd 334.3 yaw 199 mode 2 st 4 gl 1 hp 100 frg 0
ARGLOG Carmack t  26.2 pos '2044.9   4.7  24.0' spd 341.9 yaw 132.8 mode 1 st 1 gl 0 hp 45 frg 1
ARGUS Carmack wallslide
ARGLOG Joe Rogan t  26.4 pos '2202.4 -1854.8  24.0' spd 386.4 yaw 49 mode 2 st 4 gl 1 hp 100 frg 0
ARGLOG Romero t  26.7 pos '1501.4 -1264.0  48.4' spd 187.7 yaw 172 mode 2 st 4 gl 1 hp 100 frg 0
ARGLOG Carmack t  26.7 pos '1912.0 -34.6  24.0' spd 360.6 yaw 215.3 mode 1 st 1 gl 0 hp 45 frg 1
ARGLOG Joe Rogan t  26.9 pos '2377.3 -1858.7  24.0' spd 362.5 yaw 86 mode 2 st 4 gl 1 hp 100 frg 0
ARGEVT Romero hazard
ARGLOG Romero t  27.2 pos '1428.3 -1238.0  20.0' spd 109.7 yaw 181 mode 2 st 4 gl 1 hp 100 frg 0
ARGLOG Carmack t  27.2 pos '1953.8 -199.4  24.0' spd 438.3 yaw  16.3 mode 1 st 1 gl 0 hp 45 frg 1
ARGLOG Joe Rogan t  27.4 pos '2478.8 -1707.8  24.0' spd 373.1 yaw 110 mode 2 st 4 gl 1 hp 100 frg 0
ARGLOG Romero t  27.7 pos '1464.4 -1259.2  20.0' spd  38.5 yaw 172 mode 2 st 4 gl 1 hp 100 frg 0
ARGLOG Carmack t  27.7 pos '2082.7 -71.3  24.0' spd 356.1 yaw 120.1 mode 1 st 1 gl 0 hp 45 frg 1
ARGLOG Joe Rogan t  27.9 pos '2434.6 -1545.5  24.0' spd 333.9 yaw 86 mode 2 st 4 gl 1 hp 100 frg 0
ARGEVT Carmack hazard
ARGEVT Romero hazard
ARGLOG Romero t  28.2 pos '1430.7 -1246.4  20.0' spd 201.6 yaw 176 mode 2 st 4 gl 1 hp 100 frg 0
ARGLOG Carmack t  28.2 pos '1964.1   8.5  24.0' spd 402.5 yaw 235.6 mode 1 st 1 gl 0 hp 45 frg 1
ARGLOG Joe Rogan t  28.4 pos '2441.7 -1383.1  24.0' spd 335.8 yaw 108.0 mode 0 st 4 gl 1 hp 100 frg 0
ARGUS Carmack wallslide
ARGEVT Joe Rogan route 14 start '2401.0 -1367.0  24.0' goal '1921.0 -695.0 184.0'
ARGEVT Joe Rogan hazard
ARGLOG Romero t  28.7 pos '1464.4 -1257.8  20.0' spd  37.9 yaw 172 mode 2 st 4 gl 1 hp 100 frg 0
ARGLOG Carmack t  28.7 pos '1911.8 -130.4  24.0' spd 379.3 yaw 325.8 mode 1 st 1 gl 0 hp 45 frg 1
ARGLOG Joe Rogan t  28.9 pos '2362.8 -1296.9  24.0' spd  67.3 yaw 77 mode 2 st 4 gl 1 hp 100 frg 0
ARGUS Joe Rogan wallslide
ARGEVT Romero hazard
ARGLOG Romero t  29.2 pos '1439.0 -1254.1  20.0' spd 316.3 yaw 173 mode 2 st 4 gl 1 hp 100 frg 0
ARGLOG Carmack t  29.2 pos '2086.9 -119.2  24.0' spd 486.8 yaw 130.6 mode 1 st 1 gl 0 hp 45 frg 1
ARGLOG Joe Rogan t  29.4 pos '2443.4 -1296.0  24.0' spd 156.4 yaw 87 mode 2 st 4 gl 1 hp 100 frg 0
ARGEVT Carmack hazard
ARGLOG Romero t  29.7 pos '1456.7 -1258.1  20.0' spd  70.5 yaw 172 mode 2 st 4 gl 1 hp 100 frg 0
ARGLOG Carmack t  29.7 pos '2019.3   7.6  24.0' spd 330.7 yaw 192.0 mode 1 st 1 gl 0 hp 45 frg 1
ARGLOG Joe Rogan t  29.9 pos '2480.7 -1156.4  24.0' spd 323.1 yaw 92 mode 2 st 4 gl 1 hp 100 frg 0
ARGEVT Romero hazard
ARGEVT Joe Rogan lift
ARGLOG Romero t  30.2 pos '1450.9 -1256.3  20.0' spd  56.7 yaw 172 mode 2 st 4 gl 1 hp 100 frg 0
ARGLOG Carmack t  30.2 pos '1911.3 -102.4  24.0' spd 322.2 yaw 269.8 mode 1 st 1 gl 0 hp 45 frg 1
ARGEVT Joe Rogan board
ARGLOG Joe Rogan t  30.4 pos '2472.0 -1010.0  45.1' spd 0 yaw 64 mode 2 st 4 gl 1 hp 100 frg 0
ARGLOG Romero t  30.7 pos '1426.8 -1236.5  20.0' spd  30.9 yaw 182 mode 2 st 4 gl 1 hp 100 frg 0
ARGLOG Carmack t  30.7 pos '2034.0 -221.5  24.0' spd 481.7 yaw  73.0 mode 1 st 1 gl 0 hp 45 frg 1
ARGLOG Joe Rogan t  30.9 pos '2470.8 -892.3 120.0' spd 348.8 yaw 72 mode 2 st 4 gl 1 hp 100 frg 0
ARGUS Romero wallslide
ARGEVT Romero hazard
ARGLOG Romero t  31.2 pos '1454.9 -1255.8  20.0' spd  62.6 yaw 173 mode 2 st 4 gl 1 hp 100 frg 0
ARGLOG Carmack t  31.2 pos '2070.7 -31.4  24.0' spd 325.1 yaw 120 mode 1 st 1 gl 0 hp 45 frg 1
