LOG started on: 09/19/2026 23:10:41 
Playing registered version.
UDP Initialized
WIPX_OpenSocket: Address family not supported by protocol family
WIPX_Init: Unable to open control socket, IPX disabled
Exe: 20:02:47 Jul 31 2024
256.0 megabyte heap

Language initialization
Couldn't load 'localization/loc_english.txt'
from 'C:\argus\engine'

========= Quake Initialized =========

execing autoexec.cfg
SpawnServer: dm3
Clearing memory
Programs occupy 910K.
trying to open external vis file
maps/dm3.vis not found, trying argus.vis
external vis not found
ARGUS slots 8
ARGUS worldspawn reached
ARGNAV 244 nodes, 771 links
0 entities inhibited
ARGUS init on dm3
ARGEVT Carmack spawned
ARGEVT Romero spawned
ARGEVT Joe Rogan spawned
Server spawned.
ARGLOG Joe Rogan t   1.2 pos '192.0 -208.0 -176.0' spd 0 yaw  87.6 mode 0 st 0 gl 0 hp 100 frg 0
ARGLOG Romero t   1.2 pos '1520.0 432.0 -88.0' spd 0 yaw  47.5 mode 0 st 0 gl 0 hp 100 frg 0
ARGLOG Carmack t   1.2 pos '-880.0 -232.0 -16.0' spd 0 yaw 119.6 mode 0 st 0 gl 0 hp 100 frg 0
ARGEVT Carmack hazard
ARGLOG Joe Rogan t   1.7 pos '199.7 -61.3 -176.0' spd 320 yaw  87.6 mode 0 st 0 gl 0 hp 100 frg 0
ARGLOG Romero t   1.7 pos '1620.2 539.5 -88.0' spd 320 yaw  47.5 mode 0 st 0 gl 0 hp 100 frg 0
ARGLOG Carmack t   1.7 pos '-948.9 -107.5 -16.0' spd 174.5 yaw 267.8 mode 0 st 0 gl 0 hp 100 frg 0
ARGLOG Joe Rogan t   2.2 pos '201.1  -9.3 -176.0' spd 320.0 yaw 265.8 mode 0 st 0 gl 0 hp 100 frg 0
ARGLOG Romero t   2.2 pos '1716.6 439.6 -88.0' spd 322.0 yaw 287.5 mode 0 st 0 gl 0 hp 100 frg 0
ARGLOG Carmack t   2.2 pos '-954.3 -237.0 -16.0' spd 320.0 yaw 267.8 mode 0 st 0 gl 0 hp 100 frg 0
ARGUS Romero wallslide
ARGLOG Joe Rogan t   2.7 pos '189.6 -173.4 -176.0' spd 320.0 yaw 265.8 mode 0 st 0 gl 0 hp 100 frg 0
ARGLOG Romero t   2.7 pos '1800.2 400.0 -88.0' spd 213.0 yaw 287.5 mode 0 st 0 gl 0 hp 100 frg 0
ARGLOG Carmack t   2.7 pos '-865.7 -241.5 -16.0' spd 322.7 yaw  45.5 mode 0 st 0 gl 0 hp 100 frg 0
ARGEVT Romero hazard
ARGLOG Joe Rogan t   3.2 pos '180.6 -134.3 -176.0' spd 320.0 yaw  91.7 mode 0 st 0 gl 0 hp 100 frg 0
ARGLOG Romero t   3.2 pos '1828.5 400.0 -88.0' spd  93.4 yaw 287.5 mode 0 st 0 gl 0 hp 100 frg 0
ARGLOG Carmack t   3.2 pos '-867.8 -243.1 -16.0' spd 320.0 yaw 220.3 mode 0 st 0 gl 0 hp 100 frg 0
ARGUS Romero wallslide
ARGEVT Carmack hazard
ARGLOG Joe Rogan t   3.8 pos '177.1  27.2 -176.0' spd 204.4 yaw 295.2 mode 0 st 0 gl 0 hp 100 frg 0
ARGLOG Romero t   3.8 pos '1892.7 422.7 -88.0' spd 291.5 yaw 131.0 mode 0 st 0 gl 0 hp 100 frg 0
ARGLOG Carmack t   3.8 pos '-888.2 -294.9 -16.0' spd 320.0 yaw   5.5 mode 0 st 0 gl 0 hp 100 frg 0
ARGEVT Romero hazard
ARGEVT Joe Rogan goal item_health
ARGEVT Joe Rogan route 2 start '197.0 -63.0 -176.0' goal '549.0 -63.0 -168.0'
ARGLOG Joe Rogan t   4.3 pos '254.8 -80.5 -176.0' spd 320.2 yaw 3 mode 2 st 0 gl 0 hp 100 frg 0
ARGLOG Romero t   4.3 pos '1821.3 547.1 -88.0' spd 276.2 yaw 359.6 mode 0 st 0 gl 0 hp 100 frg 0
ARGLOG Carmack t   4.3 pos '-724.7 -280.6 -16.0' spd 320.0 yaw   5.5 mode 0 st 0 gl 0 hp 100 frg 0
ARGEVT Joe Rogan hazard
ARGUS Joe Rogan wallslide
ARGEVT Romero goal item_health
ARGEVT Romero route 1 start '1925.0 513.0 -88.0' goal '1829.0 641.0 -180.0'
ARGEVT Carmack plan powerup via weapon
ARGEVT Carmack goal weapon_supernailgun
ARGEVT Carmack route 18 start '-763.0 -255.0 -16.0' goal '-507.0 449.0 120.0'
ARGUS Romero wallslide
ARGLOG Joe Rogan t   4.8 pos '291.8 -20.8 -176.0' spd 323.6 yaw 358.8 mode 2 st 0 gl 0 hp 100 frg 0
ARGLOG Romero t   4.8 pos '1952.0 548.3 -88.0' spd   3.9 yaw  87.3 mode 2 st 0 gl 0 hp 100 frg 0
ARGLOG Carmack t   4.8 pos '-618.8 -298.8 -16.0' spd 291.9 yaw 135 mode 2 st 0 gl 0 hp 100 frg 0
ARGEVT Carmack hazard
ARGUS Carmack wallslide
ARGLOG Joe Rogan t   5.3 pos '426.9 -36.2 -200.0' spd 322.4 yaw 1 mode 1 st 0 gl 0 hp 100 frg 0
ARGLOG Romero t   5.3 pos '1821.3 559.7 -88.0' spd 288.3 yaw 84 mode 2 st 0 gl 0 hp 100 frg 0
ARGLOG Carmack t   5.3 pos '-687.9 -337.7 -16.0' spd 297.5 yaw 124 mode 2 st 0 gl 0 hp 100 frg 0
ARGEVT Romero hazard
ARGLOG Joe Rogan t   5.8 pos '588.3 -36.4 -168.0' spd 320.3 yaw 7 mode 1 st 0 gl 0 hp 200 frg 0
ARGLOG Romero t   5.8 pos '1783.4 557.2 -88.0' spd  33.3 yaw 61 mode 2 st 0 gl 0 hp 100 frg 0
ARGLOG Carmack t   5.8 pos '-792.4 -209.7 -16.0' spd 341.3 yaw 107 mode 2 st 0 gl 0 hp 100 frg 0
ARGEVT Joe Rogan goal weapon_lightning
ARGEVT Joe Rogan route 10 start '549.0 -63.0 -168.0' goal '1541.0 -191.0 -392.0'
ARGLOG Joe Rogan t   6.3 pos '754.4 -71.0 -200.0' spd 334.9 yaw 8 mode 2 st 0 gl 1 hp 200 frg 0
ARGLOG Romero t   6.3 pos '1767.1 553.4 -88.0' spd  30.6 yaw 54 mode 2 st 0 gl 0 hp 100 frg 0
ARGLOG Carmack t   6.3 pos '-919.6 -90.8 -16.0' spd 337.9 yaw 90 mode 2 st 0 gl 0 hp 100 frg 0
ARGEVT Joe Rogan hazard
ARGUS Romero wallslide
ARGUS Joe Rogan wallslide
ARGEVT Romero hazard
ARGLOG Joe Rogan t   6.8 pos '809.2 -228.9 -200.0' spd 341.5 yaw 29 mode 2 st 0 gl 1 hp 200 frg 0
ARGLOG Romero t   6.8 pos '1852.0 559.6 -88.0' spd  59.6 yaw 105 mode 2 st 0 gl 0 hp 100 frg 0
ARGLOG Carmack t   6.8 pos '-936.2  74.9  -8.0' spd 321.2 yaw 86 mode 2 st 0 gl 0 hp 100 frg 0
ARGEVT Carmack jump
ARGLOG Joe Rogan t   7.3 pos '973.7 -179.0 -184.0' spd 338.5 yaw 36 mode 2 st 0 gl 1 hp 200 frg 0
ARGLOG Romero t   7.3 pos '1875.0 557.5 -88.0' spd  38.5 yaw 118 mode 2 st 0 gl 0 hp 100 frg 0
ARGLOG Carmack t   7.3 pos '-924.1 208.0  66.5' spd  28.8 yaw 89 mode 2 st 0 gl 0 hp 100 frg 0
ARGEVT Joe Rogan hazard
ARGUS Carmack wallslide
ARGEVT Carmack route 16 start '-955.0 225.0  72.0' goal '-507.0 449.0 120.0'
ARGEVT Romero hazard
ARGLOG Joe Rogan t   7.8 pos '1037.2 -13.6 -168.0' spd 391.1 yaw 353 mode 2 st 0 gl 1 hp 200 frg 0
ARGLOG Romero t   7.8 pos '1893.4 555.9 -88.0' spd  33.8 yaw 127 mode 2 st 0 gl 0 hp 100 frg 0
ARGLOG Carmack t   7.8 pos '-904.0 312.4 120.0' spd 320.5 yaw 88 mode 2 st 0 gl 0 hp 100 frg 0
ARGLOG Joe Rogan t   8.3 pos '1201.3  -7.3 -168.0' spd 321.3 yaw 355 mode 2 st 0 gl 1 hp 200 frg 0
ARGLOG Romero t   8.3 pos '1910.2 554.5 -88.0' spd  30.9 yaw 133 mode 2 st 0 gl 0 hp 100 frg 0
ARGLOG Carmack t   8.3 pos '-911.0 476.5 120.0' spd 322.3 yaw 63 mode 2 st 0 gl 0 hp 100 frg 0
ARGEVT Joe Rogan route 5 start '1413.0 -63.0 -168.0' goal '1541.0 -191.0 -392.0'
ARGUS Romero jumpapproach 0 actual 251.3
ARGEVT Romero jump
ARGEVT Romero stall
ARGEVT Romero stallnode '1829.0 641.0 -180.0'
ARGLOG Joe Rogan t   8.8 pos '1361.5 -46.0 -168.0' spd 330.8 yaw 322 mode 0 st 0 gl 1 hp 200 frg 0
ARGLOG Romero t   8.8 pos '1895.9 560.0 -68.2' spd 177.7 yaw 116 mode 0 st 1 gl 0 hp 100 frg 0
ARGLOG Carmack t   8.8 pos '-905.7 640.2 120.0' spd 320.1 yaw 47 mode 2 st 0 gl 0 hp 100 frg 0
ARGUS routecache adopt
ARGEVT Joe Rogan route 5 start '1413.0 -63.0 -168.0' goal '1541.0 -191.0 -392.0'
ARGEVT Romero route 1 start '1925.0 513.0 -88.0' goal '1829.0 641.0 -180.0'
ARGUS Romero aircontrol
ARGEVT Joe Rogan engage Romero
ARGEVT Joe Rogan route 5 start '1413.0 -63.0 -168.0' goal '1541.0 -191.0 -392.0'
ARGLOG Joe Rogan t   9.4 pos '1512.5 -16.2 -168.0' spd 328.7 yaw  66.0 mode 2 st 0 gl 1 hp 200 frg 0
ARGLOG Romero t   9.4 pos '1862.9 514.8 -72.5' spd 136.9 yaw 105 mode 2 st 1 gl 0 hp 100 frg 0
ARGLOG Carmack t   9.4 pos '-843.9 798.3 120.0' spd 350.2 yaw 6 mode 2 st 0 gl 0 hp 100 frg 0
ARGLOG Joe Rogan t   9.9 pos '1622.0 109.6 -193.4' spd 320.1 yaw  45.5 mode 2 st 0 gl 1 hp 200 frg 0
ARGLOG Romero t   9.9 pos '1998.9 498.3 -88.0' spd 398.2 yaw 298.0 mode 2 st 1 gl 0 hp 100 frg 0
ARGLOG Carmack t   9.9 pos '-684.2 849.8 120.0' spd 324.5 yaw 358 mode 2 st 0 gl 0 hp 100 frg 0
ARGUS Joe Rogan threatmove range 3
ARGEVT Romero hazard
ARGEVT Joe Rogan pursue
ARGEVT Joe Rogan swim
ARGEVT Joe Rogan swim
ARGEVT Joe Rogan swim
ARGEVT Carmack route 11 start '-539.0 833.0 120.0' goal '-507.0 449.0 120.0'
ARGEVT Carmack hazard
ARGEVT Joe Rogan swim
ARGLOG Joe Rogan t  10.4 pos '1722.8 233.7 -207.3' spd 315.7 yaw 58 mode 2 st 0 gl 1 hp 200 frg 0
ARGLOG Romero t  10.4 pos '1972.5 332.1 -88.0' spd 334.9 yaw 216 mode 0 st 1 gl 0 hp 100 frg 0
ARGLOG Carmack t  10.4 pos '-529.8 805.7 120.0' spd  64.0 yaw 356 mode 2 st 0 gl 0 hp 100 frg 0
ARGEVT Romero route 2 start '1989.0 225.0 -88.0' goal '1829.0 641.0 -180.0'
ARGEVT Joe Rogan swim
ARGEVT Joe Rogan swim
ARGEVT Joe Rogan route 8 start '1765.0 385.0 -64.0' goal '1541.0 -191.0 -392.0'
ARGEVT Joe Rogan swim
ARGUS Romero wallslide
ARGUS Joe Rogan hunch item_health
ARGEVT Joe Rogan swim
ARGLOG Joe Rogan t  10.9 pos '1821.0 339.6 -207.6' spd 175.1 yaw 267.5 mode 0 st 0 gl 1 hp 199 frg 0
ARGLOG Romero t  10.9 pos '1936.2 173.0 -104.0' spd 337.8 yaw 201 mode 0 st 1 gl 0 hp 100 frg 0
ARGLOG Carmack t  10.9 pos '-528.0 807.6 120.0' spd   4.2 yaw 355 mode 2 st 0 gl 0 hp 100 frg 0
ARGEVT Joe Rogan swim
ARGEVT Joe Rogan goal weapon_lightning
ARGEVT Joe Rogan route 5 start '1701.0 321.0 -392.0' goal '1541.0 -191.0 -392.0'
ARGEVT Joe Rogan swim
ARGEVT Romero route 3 start '1957.0 193.0 -88.0' goal '1829.0 641.0 -180.0'
ARGEVT Joe Rogan pursue
ARGLOG Joe Rogan t  11.4 pos '1843.4 285.5 -259.0' spd 106.9 yaw 143.9 mode 2 st 0 gl 1 hp 199 frg 0
ARGLOG Romero t  11.4 pos '1934.3  42.5 -148.9' spd 209.5 yaw 182 mode 2 st 1 gl 0 hp 100 frg 0
ARGLOG Carmack t  11.4 pos '-528.0 809.6 120.0' spd   4.2 yaw 355 mode 2 st 0 gl 0 hp 100 frg 0
ARGEVT Romero engage Joe Rogan
ARGUS Romero threatmove range 2
ARGEVT Carmack stall
ARGEVT Carmack stallnode '-283.0 833.0 120.0'
ARGEVT Carmack jump
ARGEVT Carmack route 11 start '-539.0 833.0 120.0' goal '-507.0 449.0 120.0'
ARGUS Romero leadclip
ARGLOG Joe Rogan t  11.9 pos '1770.2 268.2 -326.3' spd 204.4 yaw 286.9 mode 2 st 0 gl 1 hp 198 frg 0
ARGLOG Romero t  11.9 pos '1815.7 -23.3 -168.0' spd 326.6 yaw 112.2 mode 2 st 1 gl 0 hp 100 frg 0
ARGLOG Carmack t  11.9 pos '-528.0 803.9 163.3' spd  11.2 yaw 356 mode 2 st 1 gl 0 hp 100 frg 0
ARGEVT Romero route 4 start '1797.0 -63.0 -168.0' goal '1829.0 641.0 -180.0'
ARGUS Joe Rogan threatmove high 3
ARGEVT Carmack stall
ARGEVT Carmack stallnode '-283.0 833.0 120.0'
ARGEVT Carmack jump
ARGLOG Joe Rogan t  12.4 pos '1686.8 249.4 -352.7' spd  74.4 yaw 272.7 mode 2 st 0 gl 1 hp 198 frg 0
ARGLOG Romero t  12.4 pos '1650.9  -9.7 -168.0' spd 323.9 yaw  98.0 mode 0 st 1 gl 0 hp 100 frg 0
ARGLOG Carmack t  12.4 pos '-524.5 816.0 142.3' spd  11.3 yaw 256.8 mode 0 st 2 gl 0 hp 100 frg 0
ARGEVT Romero route 5 start '1605.0   1.0 -168.0' goal '1829.0 641.0 -180.0'
ARGEVT Carmack plan powerup via weapon
ARGEVT Carmack goal weapon_rocketlauncher
ARGEVT Carmack route 21 start '-539.0 833.0 120.0' goal '1509.0 481.0 -88.0'
ARGLOG Joe Rogan t  12.9 pos '1686.3 202.7 -350.8' spd 235.3 yaw 241.5 mode 2 st 0 gl 1 hp 131 frg 0
ARGLOG Romero t  12.9 pos '1497.8  68.3 -171.4' spd 338.9 yaw  39.8 mode 2 st 1 gl 0 hp 100 frg 0
ARGLOG Carmack t  12.9 pos '-547.1 807.5 132.4' spd  68.9 yaw 356 mode 2 st 2 gl 0 hp 100 frg 0
ARGEVT Carmack hazard
ARGEVT Romero route 5 start '1413.0 -63.0 -168.0' goal '1829.0 641.0 -180.0'
ARGEVT Romero swim
ARGEVT Romero swim
ARGEVT Romero swim
ARGLOG Joe Rogan t  13.4 pos '1727.5 166.4 -351.3' spd  63.1 yaw 209.2 mode 2 st 0 gl 1 hp 131 frg 0
ARGLOG Romero t  13.4 pos '1414.2  48.0 -204.6' spd  93.6 yaw  22.3 mode 0 st 1 gl 0 hp 84 frg 0
ARGLOG Carmack t  13.4 pos '-528.0 711.8  74.3' spd  33.1 yaw 7 mode 2 st 2 gl 0 hp 100 frg 0
ARGUS Joe Rogan threatmove retreat 3
ARGEVT Joe Rogan retreat
ARGUS routecache adopt
ARGEVT Romero route 5 start '1413.0 -63.0 -168.0' goal '1829.0 641.0 -180.0'
ARGUS Carmack wallslide
ARGUS Romero leadclip
ARGLOG Joe Rogan t  13.9 pos '1887.9 303.9 -339.7' spd 219.3 yaw 211.5 mode 0 st 0 gl 1 hp 15 frg 0
ARGLOG Romero t  13.9 pos '1462.3  48.0 -169.9' spd  93.6 yaw  27.8 mode 2 st 1 gl 0 hp 84 frg 0
ARGLOG Carmack t  13.9 pos '-528.0 764.1 -16.0' spd 197.7 yaw 0 mode 2 st 2 gl 0 hp 100 frg 0
ARGEVT Joe Rogan route 5 start '1701.0 321.0 -392.0' goal '1541.0 -191.0 -392.0'
ARGEVT Carmack hazard
ARGEVT Romero swim
ARGEVT Romero swim
ARGEVT Romero swim
ARGLOG Joe Rogan t  14.5 pos '1888.0 352.0 -352.3' spd 0 yaw 220.4 mode 2 st 0 gl 1 hp 15 frg 0
ARGLOG Romero t  14.5 pos '1502.6  48.0 -206.9' spd  49.9 yaw  39.2 mode 2 st 1 gl 0 hp 72 frg 0
ARGLOG Carmack t  14.5 pos '-528.0 741.0 -16.0' spd  48.0 yaw 3 mode 2 st 2 gl 0 hp 100 frg 0
ARGEVT Romero swim
ARGEVT Joe Rogan death Romero pos '1888.0 352.0 -353.6'
ARGEVT Romero swim
ARGUS Carmack wallslide
ARGEVT Romero goal item_health
ARGEVT Romero route 5 start '1605.0   1.0 -168.0' goal '1829.0 641.0 -180.0'
ARGEVT Romero swim
ARGEVT Romero swim
ARGLOG Romero t  15.0 pos '1534.3  49.1 -208.0' spd  74.0 yaw 40 mode 2 st 1 gl 0 hp 72 frg 1
ARGEVT Romero swim
ARGLOG Carmack t  15.0 pos '-528.0 717.5 -16.0' spd  45.0 yaw 6 mode 2 st 2 gl 0 hp 100 frg 0
ARGEVT Romero swim
ARGEVT Carmack hazard
ARGEVT Romero swim
ARGEVT Romero swim
ARGEVT Romero swim
ARGLOG Romero t  15.5 pos '1578.1  60.7 -207.0' spd  99.4 yaw 43 mode 2 st 1 gl 0 hp 72 frg 1
ARGLOG Carmack t  15.5 pos '-528.0 710.0 -16.0' spd 141.6 yaw 7 mode 2 st 2 gl 0 hp 100 frg 0
ARGEVT Romero swim
ARGEVT Romero swim
ARGUS Carmack wallslide
ARGEVT Romero swim
ARGEVT Romero swim
ARGEVT Romero swim
ARGLOG Romero t  16.0 pos '1630.4  83.8 -207.3' spd 124.1 yaw 46 mode 2 st 1 gl 0 hp 72 frg 1
ARGLOG Carmack t  16.0 pos '-534.0 766.4 -16.0' spd 143.2 yaw 0 mode 2 st 2 gl 0 hp 100 frg 0
ARGEVT Joe Rogan respawn
ARGEVT Romero swim
ARGLOG Joe Rogan t  16.1 pos '1472.0 -928.0 -24.0' spd 0 yaw 107.0 mode 0 st 0 gl 1 hp 100 frg 0
ARGEVT Carmack hazard
ARGEVT Joe Rogan goal item_armor2
ARGEVT Joe Rogan route 1 start '1317.0 -927.0 -24.0' goal '1221.0 -895.0 -24.0'
ARGEVT Romero swim
ARGEVT Romero swim
ARGEVT Romero swim
ARGUS Joe Rogan wallslide
ARGLOG Romero t  16.5 pos '1688.8 118.1 -207.1' spd 146.3 yaw 49 mode 2 st 1 gl 0 hp 72 frg 1
ARGLOG Carmack t  16.5 pos '-528.0 726.5 -16.0' spd  48.2 yaw 5 mode 2 st 2 gl 0 hp 100 frg 0
ARGEVT Joe Rogan hazard
ARGEVT Romero swim
ARGLOG Joe Rogan t  16.6 pos '1408.1 -836.7 -24.0' spd 123.3 yaw 198 mode 2 st 0 gl 1 hp 100 frg 0
ARGEVT Romero swim
ARGUS Carmack wallslide
ARGEVT Romero swim
ARGEVT Romero swim
ARGEVT Romero swim
ARGLOG Romero t  17.0 pos '1753.8 163.7 -207.9' spd 165.2 yaw 54 mode 2 st 1 gl 0 hp 72 frg 1
ARGLOG Carmack t  17.0 pos '-528.0 704.3 -16.0' spd  39.6 yaw 8 mode 2 st 2 gl 0 hp 100 frg 0
ARGEVT Romero swim
ARGLOG Joe Rogan t  17.1 pos '1363.9 -941.3 -24.0' spd 325.9 yaw 164 mode 1 st 0 gl 1 hp 100 frg 0
ARGEVT Romero swim
ARGEVT Carmack stall
ARGEVT Carmack stallnode '-283.0 833.0 120.0'
ARGEVT Carmack jump
ARGEVT Romero swim
ARGEVT Carmack routefail
ARGEVT Romero swim
ARGLOG Romero t  17.5 pos '1821.5 217.7 -206.8' spd 180.6 yaw 318 mode 2 st 1 gl 0 hp 72 frg 1
ARGLOG Carmack t  17.5 pos '-528.0 777.1  23.6' spd 206.7 yaw  13.0 mode 0 st 3 gl 0 hp 100 frg 0
ARGEVT Romero swim
ARGEVT Joe Rogan hazard
ARGLOG Joe Rogan t  17.6 pos '1328.0 535.6  70.5' spd 300 yaw 146.4 mode 1 st 0 gl 1 hp 100 frg 0
ARGEVT Romero swim
ARGEVT Romero swim
ARGEVT Romero swim
ARGEVT Romero swim
ARGLOG Romero t  18.0 pos '1887.9 215.2 -207.6' spd  92.8 yaw 304 mode 2 st 1 gl 0 hp 72 frg 1
ARGLOG Carmack t  18.0 pos '-548.6 775.7 -16.0' spd 218.2 yaw 201.7 mode 0 st 3 gl 0 hp 100 frg 0
ARGEVT Romero swim
ARGLOG Joe Rogan t  18.1 pos '1328.0 492.4  60.0' spd 300 yaw 267 mode 1 st 0 gl 1 hp 100 frg 0
ARGEVT Romero swim
ARGEVT Romero swim
ARGEVT Romero swim
ARGLOG Romero t  18.5 pos '1884.0 162.3 -207.3' spd 115.1 yaw 318 mode 2 st 1 gl 0 hp 72 frg 1
ARGLOG Carmack t  18.5 pos '-541.6 762.1 -16.0' spd 224.0 yaw 276.6 mode 0 st 3 gl 0 hp 100 frg 0
ARGEVT Romero swim
ARGEVT Carmack hazard
ARGLOG Joe Rogan t  18.6 pos '1325.5 382.6  56.0' spd 320.1 yaw 266 mode 1 st 0 gl 1 hp 100 frg 0
ARGEVT Romero swim
ARGEVT Romero swim
ARGEVT Romero swim
ARGEVT Romero swim
ARGLOG Romero t  19.0 pos '1873.5  97.6 -207.2' spd 138.8 yaw 345 mode 2 st 1 gl 0 hp 72 frg 1
ARGLOG Carmack t  19.0 pos '-553.5 697.0 -16.0' spd 293.8 yaw 196.6 mode 0 st 3 gl 0 hp 100 frg 0
ARGEVT Romero swim
ARGLOG Joe Rogan t  19.2 pos '1316.9 218.7  24.0' spd 320.0 yaw 266 mode 1 st 0 gl 1 hp 100 frg 0
ARGEVT Romero swim
ARGEVT Romero swim
ARGEVT Romero swim
ARGLOG Romero t  19.6 pos '1834.3  51.5 -208.4' spd 123.7 yaw 4 mode 2 st 1 gl 0 hp 72 frg 1
ARGEVT Romero swim
ARGLOG Carmack t  19.6 pos '-564.7 669.7 -16.0' spd 201.5 yaw   8.8 mode 0 st 3 gl 0 hp 100 frg 0
ARGEVT Joe Rogan engage Romero
ARGUS Joe Rogan threatmove range 3
ARGLOG Joe Rogan t  19.7 pos '1308.4  54.2 -24.0' spd 331.8 yaw 285.5 mode 1 st 0 gl 1 hp 100 frg 0
ARGEVT Romero engage Joe Rogan
ARGUS Romero leadclip
ARGUS Romero threatmove range 2
ARGLOG Romero t  20.1 pos '1781.3  26.6 -167.5' spd 100.6 yaw 150.4 mode 2 st 1 gl 0 hp 68 frg 1
ARGLOG Carmack t  20.1 pos '-556.9 688.8 -16.0' spd  80.2 yaw 186.1 mode 0 st 3 gl 0 hp 100 frg 0
ARGUS Romero shove
ARGEVT Carmack stall
ARGEVT Carmack jump
ARGLOG Joe Rogan t  20.2 pos '1339.0 -105.0 -24.0' spd 322.4 yaw  11.8 mode 1 st 0 gl 1 hp 100 frg 0
ARGLOG Romero t  20.6 pos '1777.9 -126.9 -170.5' spd 322.8 yaw 224.7 mode 2 st 1 gl 0 hp 48 frg 1
ARGLOG Carmack t  20.6 pos '-586.0 667.2  21.6' spd  48.4 yaw 352.6 mode 0 st 4 gl 0 hp 100 frg 0
ARGLOG Joe Rogan t  20.7 pos '1408.5 -252.6 -24.0' spd 320.0 yaw  13.9 mode 1 st 0 gl 1 hp 100 frg 0
ARGEVT Romero swim
ARGEVT Romero swim
ARGEVT Romero swim
ARGLOG Romero t  21.1 pos '1852.2 -273.4 -207.2' spd 316.2 yaw 193.5 mode 0 st 1 gl 0 hp 48 frg 1
ARGLOG Carmack t  21.1 pos '-581.1 606.5 -16.0' spd 326.3 yaw 230.2 mode 0 st 4 gl 0 hp 100 frg 0
ARGEVT Romero route 4 start '1797.0 -63.0 -168.0' goal '1829.0 641.0 -180.0'
ARGEVT Romero swim
ARGUS Carmack wallslide
ARGLOG Joe Rogan t  21.2 pos '1351.7 -340.5  47.0' spd 105.7 yaw   3.1 mode 1 st 0 gl 1 hp 64 frg 0
ARGEVT Romero swim
ARGEVT Romero swim
ARGEVT Romero weapon sg
ARGUS Joe Rogan threatmove range 2
ARGEVT Romero grab item_rockets
ARGEVT Romero swim
ARGUS Romero threatmove retreat 2
ARGEVT Romero retreat
ARGEVT Romero swim
ARGLOG Romero t  21.6 pos '1857.2 -414.5 -207.3' spd 326.8 yaw 177.8 mode 0 st 1 gl 0 hp 11 frg 1
ARGLOG Carmack t  21.6 pos '-602.5 479.0 -16.0' spd 194.0 yaw  46.1 mode 0 st 4 gl 0 hp 100 frg 0
ARGEVT Romero swim
ARGLOG Joe Rogan t  21.7 pos '1375.1 -411.1 -24.0' spd 320.1 yaw 355.7 mode 1 st 0 gl 1 hp 64 frg 0
ARGEVT Romero route 13 start '1765.0 -479.0 -392.0' goal '1829.0 641.0 -180.0'
ARGEVT Romero swim
ARGEVT Joe Rogan pursue
ARGEVT Romero pursue
ARGEVT Carmack hazard
ARGLOG Romero t  22.1 pos '1870.7 -494.4 -249.7' spd 119.5 yaw 165 mode 2 st 1 gl 0 hp 11 frg 1
ARGLOG Carmack t  22.1 pos '-609.2 499.8 -16.0' spd 120.1 yaw  48.1 mode 0 st 4 gl 0 hp 100 frg 0
ARGLOG Joe Rogan t  22.2 pos '1503.3 -492.0 -24.0' spd 332.6 yaw 19 mode 1 st 0 gl 1 hp 64 frg 0
ARGLOG Romero t  22.6 pos '1776.2 -472.8 -317.0' spd 236.0 yaw 165 mode 2 st 1 gl 0 hp 11 frg 1
ARGLOG Carmack t  22.6 pos '-573.4 610.2 -16.0' spd 256.4 yaw 121.4 mode 0 st 4 gl 0 hp 100 frg 0
ARGLOG Joe Rogan t  22.7 pos '1665.1 -455.6 -24.0' spd 320.9 yaw 24 mode 1 st 0 gl 1 hp 64 frg 0
ARGUS Joe Rogan bodyblock
ARGLOG Romero t  23.1 pos '1650.1 -464.0 -352.1' spd 266.1 yaw 161 mode 2 st 1 gl 0 hp 11 frg 1
ARGLOG Carmack t  23.1 pos '-564.9 689.4 -16.0' spd 320.2 yaw 100.1 mode 0 st 4 gl 0 hp 100 frg 0
ARGLOG Joe Rogan t  23.2 pos '1579.8 -461.2 -24.0' spd 137.5 yaw 18 mode 1 st 0 gl 1 hp 64 frg 0
ARGLOG Romero t  23.6 pos '1511.6 -442.4 -351.2' spd 282.0 yaw 152 mode 2 st 1 gl 0 hp 11 frg 1
ARGLOG Carmack t  23.6 pos '-556.2 717.4 -16.0' spd 320.1 yaw 286.5 mode 0 st 4 gl 0 hp 100 frg 0
ARGLOG Joe Rogan t  23.7 pos '1460.0 -466.2 -24.0' spd 272.4 yaw 13 mode 1 st 0 gl 1 hp 64 frg 0
ARGUS Carmack wallslide
ARGUS Joe Rogan hunch item_health
ARGUS Romero hunch item_artifact_super_damage
ARGEVT Joe Rogan goal weapon_lightning
ARGEVT Joe Rogan route 8 start '1445.0 -447.0 -24.0' goal '1541.0 -191.0 -392.0'
ARGLOG Romero t  24.1 pos '1375.6 -387.9 -340.1' spd 291.4 yaw 150.0 mode 0 st 1 gl 0 hp 11 frg 1
ARGLOG Carmack t  24.1 pos '-544.0 551.4 -16.0' spd 332.1 yaw 286.5 mode 0 st 4 gl 0 hp 100 frg 0
ARGLOG Joe Rogan t  24.3 pos '1614.4 -434.8 -24.0' spd 416.1 yaw 105.5 mode 2 st 0 gl 1 hp 64 frg 0
ARGEVT Romero goal item_health
ARGEVT Romero route 19 start '1381.0 -447.0 -392.0' goal '1701.0 -639.0 -24.0'
ARGEVT Romero weapon rl
ARGUS Romero leadclip
ARGUS Romero threatmove high 2
ARGUS Joe Rogan threatmove range 3
ARGUS Romero shove
ARGLOG Romero t  24.6 pos '1246.9 -340.7 -351.1' spd 235.2 yaw  25.8 mode 2 st 1 gl 0 hp 11 frg 1
ARGLOG Carmack t  24.6 pos '-543.2 384.5 -16.0' spd 328.6 yaw 286.5 mode 0 st 4 gl 0 hp 100 frg 0
ARGLOG Joe Rogan t  24.8 pos '1569.1 -346.4 -61.7' spd 153.5 yaw 180.7 mode 2 st 0 gl 1 hp 64 frg 0
ARGEVT Romero death Romero pos '1204.5 -350.0 -351.8'
ARGEVT Joe Rogan swim
ARGLOG Carmack t  25.1 pos '-513.5 226.2 -16.0' spd 199.9 yaw 149.2 mode 0 st 4 gl 0 hp 100 frg 0
ARGEVT Carmack plan powerup via weapon
ARGEVT Carmack goal weapon_grenadelauncher
ARGEVT Carmack route 21 start '-635.0 225.0 -16.0' goal '1221.0 225.0 -392.0'
ARGLOG Joe Rogan t  25.3 pos '1490.2 -346.0 -211.1' spd 184.2 yaw 179 mode 2 st 0 gl 1 hp 64 frg 0
ARGEVT Joe Rogan swim
ARGEVT Joe Rogan swim
ARGLOG Carmack t  25.6 pos '-666.8 243.6 -16.0' spd 421.8 yaw 14 mode 2 st 4 gl 0 hp 100 frg 0
ARGEVT Joe Rogan swim
ARGUS Carmack wallslide
ARGLOG Joe Rogan t  25.8 pos '1386.7 -344.8 -206.8' spd 215.4 yaw 179 mode 2 st 0 gl 1 hp 64 frg 0
ARGEVT Joe Rogan swim
ARGEVT Joe Rogan swim
ARGEVT Joe Rogan swim
ARGEVT Joe Rogan swim
ARGLOG Carmack t  26.2 pos '-568.6 386.0 -16.0' spd 405.0 yaw 355 mode 2 st 4 gl 0 hp 100 frg 0
ARGLOG Joe Rogan t  26.3 pos '1273.6 -343.9 -207.5' spd 225.8 yaw 86 mode 2 st 0 gl 1 hp 64 frg 0
ARGEVT Joe Rogan swim
ARGEVT Romero respawn
ARGLOG Romero t  26.3 pos '-632.0 -680.0 -16.0' spd 0 yaw  85.9 mode 0 st 1 gl 0 hp 100 frg 0
ARGEVT Carmack hazard
ARGEVT Joe Rogan swim
ARGEVT Romero plan powerup via weapon
ARGEVT Romero goal weapon_supernailgun
ARGEVT Romero route 15 start '-635.0 -735.0 -16.0' goal '-507.0 449.0 120.0'
ARGEVT Joe Rogan swim
ARGEVT Joe Rogan swim
ARGLOG Carmack t  26.7 pos '-413.1 391.0 -16.0' spd 116.2 yaw 347 mode 2 st 4 gl 0 hp 100 frg 0
ARGEVT Joe Rogan swim
ARGLOG Joe Rogan t  26.8 pos '1208.7 -414.3 -207.1' spd 227.6 yaw 75 mode 2 st 0 gl 1 hp 64 frg 0
ARGEVT Joe Rogan swim
ARGLOG Romero t  26.9 pos '-619.0 -533.4 -16.0' spd 320.6 yaw  88.0 mode 0 st 1 gl 0 hp 100 frg 0
ARGUS Carmack wallslide
ARGEVT Joe Rogan swim
ARGUS routecache adopt
ARGEVT Romero route 14 start '-635.0 -511.0 -16.0' goal '-507.0 449.0 120.0'
ARGEVT Joe Rogan swim
ARGEVT Joe Rogan swim
ARGUS routecache adopt
ARGEVT Romero route 14 start '-635.0 -511.0 -16.0' goal '-507.0 449.0 120.0'
ARGLOG Carmack t  27.2 pos '-454.3 368.0 -16.0' spd  41.5 yaw 356 mode 2 st 4 gl 0 hp 100 frg 0
ARGEVT Carmack stall
ARGEVT Carmack stallnode '-379.0 225.0 -16.0'
ARGEVT Carmack jump
ARGLOG Joe Rogan t  27.3 pos '1253.1 -428.2 -208.0' spd 106.4 yaw  80.7 mode 2 st 0 gl 1 hp 64 frg 0
ARGEVT Joe Rogan swim
ARGLOG Romero t  27.4 pos '-621.0 -364.4 -16.0' spd 378.5 yaw 0 mode 2 st 1 gl 0 hp 100 frg 0
ARGEVT Joe Rogan swim
ARGEVT Carmack route 20 start '-411.0 513.0 -16.0' goal '1221.0 225.0 -392.0'
ARGEVT Joe Rogan swim
ARGEVT Joe Rogan route 5 start '1413.0 -63.0 -168.0' goal '1541.0 -191.0 -392.0'
ARGEVT Joe Rogan swim
ARGLOG Carmack t  27.7 pos '-439.9 369.1  19.3' spd  50.4 yaw 85 mode 2 st 5 gl 0 hp 100 frg 0
ARGEVT Romero hazard
ARGEVT Joe Rogan swim
ARGUS routecache adopt
ARGEVT Joe Rogan route 5 start '1413.0 -63.0 -168.0' goal '1541.0 -191.0 -392.0'
ARGLOG Joe Rogan t  27.8 pos '1293.7 -387.3 -207.0' spd 122.6 yaw  91.1 mode 0 st 0 gl 1 hp 64 frg 0
ARGEVT Joe Rogan swim
ARGLOG Romero t  27.9 pos '-790.4 -295.3 -16.0' spd 194.5 yaw 357 mode 2 st 1 gl 0 hp 100 frg 0
ARGEVT Joe Rogan swim
ARGEVT Joe Rogan route 3 start '1253.0 -319.0 -392.0' goal '1541.0 -191.0 -392.0'
ARGEVT Joe Rogan swim
ARGUS Romero wallslide
ARGLOG Carmack t  28.2 pos '-406.9 459.3 -16.0' spd 351.6 yaw  43.0 mode 0 st 5 gl 0 hp 100 frg 0
ARGUS Carmack wallslide
ARGEVT Carmack route 20 start '-411.0 513.0 -16.0' goal '1221.0 225.0 -392.0'
ARGLOG Joe Rogan t  28.3 pos '1324.7 -320.6 -239.7' spd 177.9 yaw 294 mode 2 st 0 gl 1 hp 64 frg 0
ARGLOG Romero t  28.4 pos '-680.8 -305.7 -16.0' spd 311.1 yaw 358 mode 2 st 1 gl 0 hp 100 frg 0
ARGLOG Carmack t  28.7 pos '-399.6 528.0 -16.0' spd   1.6 yaw 32 mode 2 st 5 gl 0 hp 100 frg 0
ARGLOG Joe Rogan t  28.8 pos '1281.6 -271.2 -306.9' spd 142.2 yaw 300 mode 2 st 0 gl 1 hp 64 frg 0
ARGLOG Romero t  28.9 pos '-611.0 -462.5 -16.0' spd 344.3 yaw 7 mode 2 st 1 gl 0 hp 100 frg 0
ARGEVT Romero route 14 start '-635.0 -511.0 -16.0' goal '-507.0 449.0 120.0'
ARGEVT Romero hazard
ARGLOG Carmack t  29.2 pos '-401.8 602.2 -16.0' spd 320.0 yaw 11 mode 2 st 5 gl 0 hp 100 frg 0
ARGUS routecache adopt
ARGEVT Romero route 14 start '-635.0 -511.0 -16.0' goal '-507.0 449.0 120.0'
ARGLOG Joe Rogan t  29.3 pos '1245.3 -329.9 -353.3' spd 164.6 yaw 346 mode 2 st 0 gl 1 hp 64 frg 0
ARGLOG Romero t  29.4 pos '-686.1 -608.9 -16.0' spd  64.8 yaw 16 mode 2 st 1 gl 0 hp 100 frg 0
ARGEVT Carmack hazard
ARGLOG Carmack t  29.7 pos '-412.6 766.1 -16.0' spd 345.4 yaw 341 mode 2 st 5 gl 0 hp 100 frg 0
ARGLOG Joe Rogan t  29.8 pos '1305.4 -412.9 -352.3' spd 228.8 yaw 43 mode 2 st 0 gl 1 hp 64 frg 0
ARGUS routecache adopt
ARGEVT Romero route 14 start '-635.0 -511.0 -16.0' goal '-507.0 449.0 120.0'
ARGLOG Romero t  29.9 pos '-633.1 -477.8 -16.0' spd 326.5 yaw 22 mode 2 st 1 gl 0 hp 100 frg 0
ARGUS routecache adopt
ARGEVT Romero route 14 start '-635.0 -511.0 -16.0' goal '-507.0 449.0 120.0'
ARGLOG Carmack t  30.2 pos '-395.4 752.0 -16.0' spd   1.6 yaw 342 mode 2 st 5 gl 0 hp 100 frg 0
ARGLOG Joe Rogan t  30.3 pos '1421.8 -451.8 -351.5' spd 257.9 yaw 65 mode 2 st 0 gl 1 hp 64 frg 0
ARGLOG Romero t  30.4 pos '-638.9 -306.4 -16.0' spd 438.2 yaw 357 mode 2 st 1 gl 0 hp 100 frg 0
ARGEVT Romero hazard
ARGEVT Carmack hazard
ARGLOG Carmack t  30.7 pos '-396.2 752.0 -16.0' spd   1.7 yaw 342 mode 2 st 5 gl 0 hp 100 frg 0
ARGEVT Carmack stall
ARGEVT Carmack stallnode '-219.0 641.0  -8.0'
ARGEVT Carmack jump
ARGLOG Joe Rogan t  30.9 pos '1547.0 -429.7 -350.7' spd 225.0 yaw 91 mode 2 st 0 gl 1 hp 64 frg 0
ARGLOG Romero t  30.9 pos '-806.2 -296.9 -16.0' spd  32.3 yaw 357 mode 2 st 1 gl 0 hp 100 frg 0
ARGEVT Carmack route 19 start '-411.0 769.0 -16.0' goal '1221.0 225.0 -392.0'
ARGUS Romero wallslide
ARGLOG Carmack t  31.2 pos '-380.5 752.0  17.7' spd  36.2 yaw 342 mode 2 st 6 gl 0 hp 100 frg 0
ARGLOG Joe Rogan t  31.4 pos '1595.8 -328.8 -325.9' spd 237.2 yaw 110 mode 1 st 0 gl 1 hp 64 frg 0
