LOG started on: 09/19/2026 22:31:48 
Playing registered version.
UDP Initialized
WIPX_OpenSocket: Address family not supported by protocol family
WIPX_Init: Unable to open control socket, IPX disabled
Exe: 20:02:47 Jul 31 2024
256.0 megabyte heap

Language initialization
Couldn't load 'localization/loc_english.txt'
from 'C:\argus\engine'

========= Quake Initialized =========

execing autoexec.cfg
SpawnServer: dm2
Clearing memory
Programs occupy 918K.
trying to open external vis file
maps/dm2.vis not found, trying argus.vis
external vis not found
ARGUS slots 8
ARGUS worldspawn reached
ARGNAV 215 nodes, 1005 links
0 entities inhibited
ARGUS init on dm2
ARGEVT Carmack spawned
ARGEVT Romero spawned
ARGEVT Joe Rogan spawned
Server spawned.
ARGLOG Joe Rogan t   1.2 pos '2624.0 -488.0  32.0' spd 0 yaw 177.6 mode 0 st 0 gl 0 hp 100 frg 0
ARGLOG Romero t   1.2 pos '2704.0 -2048.0 128.0' spd 0 yaw 317.5 mode 0 st 0 gl 0 hp 100 frg 0
ARGLOG Carmack t   1.2 pos '2560.0 -192.0  32.0' spd 0 yaw 209.6 mode 0 st 0 gl 0 hp 100 frg 0
ARGUS Carmack wallslide
ARGEVT Joe Rogan engage Carmack
ARGUS Joe Rogan threatmove range 2
ARGEVT Carmack engage Joe Rogan
ARGUS Carmack threatmove range 2
ARGLOG Joe Rogan t   1.7 pos '2479.4 -429.1   8.0' spd 398.1 yaw  92.6 mode 0 st 0 gl 0 hp 100 frg 0
ARGLOG Romero t   1.7 pos '2712.7 -2091.3 128.0' spd 321.9 yaw 157.1 mode 0 st 0 gl 0 hp 100 frg 0
ARGLOG Carmack t   1.7 pos '2422.6 -240.0  24.0' spd 364.7 yaw 217.1 mode 0 st 0 gl 0 hp 100 frg 0
ARGEVT Joe Rogan hazard
ARGLOG Joe Rogan t   2.2 pos '2454.3 -315.0   8.0' spd 320.4 yaw 107.4 mode 0 st 0 gl 0 hp 100 frg 0
ARGLOG Romero t   2.2 pos '2690.5 -2208.1 120.0' spd 322.3 yaw 290.1 mode 0 st 0 gl 0 hp 100 frg 0
ARGLOG Carmack t   2.2 pos '2435.1 -178.7  24.0' spd 363.6 yaw 278.7 mode 0 st 0 gl 0 hp 100 frg 0
ARGUS Joe Rogan wallslide
ARGEVT Carmack hazard
ARGLOG Joe Rogan t   2.7 pos '2330.0 -338.7   8.0' spd 339.7 yaw  23.6 mode 0 st 0 gl 0 hp 100 frg 0
ARGLOG Romero t   2.7 pos '2726.6 -2329.3 120.0' spd 146.9 yaw 113.0 mode 0 st 0 gl 0 hp 100 frg 0
ARGLOG Carmack t   2.7 pos '2532.6 -225.6  32.0' spd 277.8 yaw 211.7 mode 0 st 0 gl 0 hp 100 frg 0
ARGEVT Carmack pursue
ARGEVT Joe Rogan pursue
ARGUS Carmack wallslide
ARGLOG Joe Rogan t   3.2 pos '2482.3 -357.0   8.0' spd 385.3 yaw 115.9 mode 0 st 0 gl 0 hp 100 frg 0
ARGLOG Romero t   3.2 pos '2664.1 -2184.4 120.0' spd 258.5 yaw 280.7 mode 0 st 0 gl 0 hp 100 frg 0
ARGUS Romero wallslide
ARGLOG Carmack t   3.2 pos '2366.7 -237.1  24.0' spd 161.4 yaw 312.3 mode 0 st 0 gl 0 hp 100 frg 0
ARGEVT Carmack pursue
ARGEVT Joe Rogan pursue
ARGUS Carmack hunch item_armorInv
ARGLOG Joe Rogan t   3.7 pos '2456.6 -332.5   8.0' spd 371.5 yaw 132 mode 0 st 0 gl 0 hp 100 frg 0
ARGLOG Romero t   3.7 pos '2693.2 -2301.1 120.0' spd 320.0 yaw 280.7 mode 0 st 0 gl 0 hp 100 frg 0
ARGLOG Carmack t   3.7 pos '2490.5 -223.0  24.0' spd 349.4 yaw 108.7 mode 0 st 0 gl 0 hp 100 frg 0
ARGUS Joe Rogan hunch item_armorInv
ARGEVT Carmack pursue
ARGEVT Romero hazard
ARGEVT Joe Rogan pursue
ARGEVT Joe Rogan goal item_armorInv
ARGUS routefield adopt
ARGEVT Joe Rogan route 3 start '2401.0 -343.0   8.0' goal '2369.0 -567.0  56.0'
ARGEVT Romero goal item_armorInv
ARGEVT Carmack goal weapon_rocketlauncher
ARGEVT Romero route 31 start '2657.0 -2295.0 120.0' goal '2465.0 -1975.0 120.0'
ARGLOG Joe Rogan t   4.2 pos '2348.8 -330.6   8.0' spd 186.1 yaw  38.6 mode 2 st 0 gl 0 hp 100 frg 0
ARGLOG Romero t   4.2 pos '2631.7 -2266.4 120.0' spd 386.8 yaw 228 mode 2 st 0 gl 0 hp 100 frg 0
ARGLOG Carmack t   4.2 pos '2539.5 -212.9  32.0' spd 330.0 yaw 218.2 mode 0 st 0 gl 0 hp 100 frg 0
ARGEVT Carmack routefail
ARGEVT Carmack pursue
ARGEVT Joe Rogan pursue
ARGEVT Carmack plan powerup via weapon
ARGEVT Carmack goal weapon_rocketlauncher
ARGEVT Carmack route 15 start '2529.0 -183.0  32.0' goal '2465.0 -1719.0  24.0'
ARGLOG Joe Rogan t   4.7 pos '2481.9 -362.2   8.0' spd 283.9 yaw  92.6 mode 2 st 0 gl 0 hp 100 frg 0
ARGLOG Romero t   4.7 pos '2464.7 -2302.2 120.0' spd 377.0 yaw 140 mode 2 st 0 gl 0 hp 100 frg 0
ARGLOG Carmack t   4.7 pos '2431.8 -231.2  24.0' spd 302.8 yaw 281.8 mode 2 st 0 gl 0 hp 100 frg 0
ARGEVT Joe Rogan pursue
ARGEVT Carmack pursue
ARGEVT Joe Rogan hazard
ARGLOG Joe Rogan t   5.3 pos '2521.1 -317.1  24.0' spd 320.1 yaw 198.7 mode 2 st 0 gl 0 hp 100 frg 0
ARGLOG Romero t   5.3 pos '2405.6 -2471.2 120.0' spd 374.5 yaw 322.4 mode 0 st 0 gl 0 hp 100 frg 0
ARGLOG Carmack t   5.3 pos '2503.8 -205.2  24.0' spd 409.0 yaw 289.9 mode 2 st 0 gl 0 hp 100 frg 0
ARGEVT Romero route 29 start '2433.0 -2487.0 120.0' goal '2465.0 -1975.0 120.0'
ARGEVT Carmack hazard
ARGEVT Romero hazard
ARGEVT Joe Rogan pursue
ARGUS routecache adopt
ARGEVT Romero route 29 start '2433.0 -2487.0 120.0' goal '2465.0 -1975.0 120.0'
ARGEVT Carmack route 15 start '2529.0 -183.0  32.0' goal '2465.0 -1719.0  24.0'
ARGEVT Romero route 29 start '2433.0 -2487.0 120.0' goal '2465.0 -1975.0 120.0'
ARGLOG Joe Rogan t   5.8 pos '2372.4 -397.4   8.0' spd 357.9 yaw 168.3 mode 2 st 0 gl 0 hp 100 frg 0
ARGLOG Romero t   5.8 pos '2475.5 -2406.3 120.0' spd 322.4 yaw 138 mode 2 st 0 gl 0 hp 100 frg 0
ARGLOG Carmack t   5.8 pos '2494.0 -223.2  24.0' spd 353.6 yaw 146 mode 2 st 0 gl 0 hp 100 frg 0
ARGEVT Joe Rogan pursue
ARGLOG Joe Rogan t   6.3 pos '2215.3 -327.2  24.0' spd 310.1 yaw  37.9 mode 2 st 0 gl 0 hp 100 frg 0
ARGLOG Romero t   6.3 pos '2392.6 -2282.5 120.0' spd 322.0 yaw 139 mode 2 st 0 gl 0 hp 100 frg 0
ARGLOG Carmack t   6.3 pos '2347.9 -192.2  24.0' spd 322.6 yaw 206.8 mode 2 st 0 gl 0 hp 100 frg 0
ARGUS routefield adopt
ARGEVT Joe Rogan route 4 start '2209.0 -279.0  24.0' goal '2369.0 -567.0  56.0'
ARGLOG Joe Rogan t   6.8 pos '2144.2 -197.8  24.0' spd 311.1 yaw  30.5 mode 2 st 0 gl 0 hp 73 frg 0
ARGLOG Romero t   6.8 pos '2410.7 -2446.8 120.0' spd 325.9 yaw 132 mode 2 st 0 gl 0 hp 100 frg 0
ARGLOG Carmack t   6.8 pos '2300.6 -214.4  24.0' spd 356.8 yaw 183.7 mode 2 st 0 gl 0 hp 100 frg 0
ARGEVT Carmack hazard
ARGUS routecache adopt
ARGEVT Romero route 29 start '2433.0 -2487.0 120.0' goal '2465.0 -1975.0 120.0'
ARGEVT Romero hazard
ARGUS routecache adopt
ARGEVT Romero route 28 start '1313.0 -1367.0 144.0' goal '2465.0 -1975.0 120.0'
ARGLOG Joe Rogan t   7.3 pos '2162.3 -318.7  24.0' spd 385.7 yaw  48.3 mode 2 st 0 gl 0 hp 64 frg 0
ARGLOG Romero t   7.3 pos '1360.0 -1376.0 144.0' spd 300 yaw 101 mode 2 st 0 gl 0 hp 100 frg 0
ARGLOG Carmack t   7.3 pos '2259.4 -105.5  24.0' spd 380.2 yaw 255.4 mode 2 st 0 gl 0 hp 100 frg 0
ARGEVT Joe Rogan grab item_health
ARGLOG Joe Rogan t   7.8 pos '2138.2 -468.4   8.0' spd 285.2 yaw  75.3 mode 2 st 0 gl 0 hp 64 frg 0
ARGLOG Romero t   7.8 pos '1379.7 -1353.3 136.0' spd 299.7 yaw 107 mode 2 st 0 gl 0 hp 100 frg 0
ARGLOG Carmack t   7.8 pos '2275.8 -99.9  24.0' spd  82.9 yaw 249.2 mode 2 st 0 gl 0 hp 100 frg 0
ARGEVT Joe Rogan hazard
ARGUS Joe Rogan wallslide
ARGEVT Romero jump
ARGLOG Joe Rogan t   8.3 pos '2151.5 -515.1   8.0' spd 129.4 yaw  86.1 mode 2 st 0 gl 0 hp 46 frg 0
ARGLOG Romero t   8.3 pos '1343.0 -1200.0 166.0' spd 111.3 yaw 105 mode 2 st 0 gl 0 hp 100 frg 0
ARGLOG Carmack t   8.3 pos '2134.3 -121.3  24.0' spd 321.9 yaw 263.9 mode 2 st 0 gl 0 hp 100 frg 0
ARGEVT Carmack grab item_spikes
ARGLOG Joe Rogan t   8.8 pos '2155.9 -518.8   8.0' spd  58.8 yaw 116.9 mode 2 st 0 gl 0 hp 37 frg 0
ARGLOG Romero t   8.8 pos '1287.1 -1183.6 174.0' spd 133.4 yaw 91 mode 2 st 0 gl 0 hp 100 frg 0
ARGLOG Carmack t   8.8 pos '1982.9 -181.0  24.0' spd 321.8 yaw 292.5 mode 0 st 0 gl 0 hp 100 frg 0
ARGEVT Carmack route 15 start '2017.0 -183.0  24.0' goal '2465.0 -1719.0  24.0'
ARGEVT Joe Rogan pursue
ARGEVT Carmack pursue
ARGUS Carmack wallslide
ARGLOG Joe Rogan t   9.3 pos '2148.9 -386.0   8.0' spd 320.3 yaw 102 mode 2 st 0 gl 0 hp 37 frg 0
ARGLOG Romero t   9.3 pos '1276.6 -1041.1 200.0' spd 320.7 yaw 31 mode 2 st 0 gl 0 hp 100 frg 0
ARGLOG Carmack t   9.3 pos '2017.2 -288.0  56.0' spd 322.9 yaw 302 mode 2 st 0 gl 0 hp 100 frg 0
ARGUS routefield adopt
ARGEVT Joe Rogan route 4 start '2177.0 -375.0   8.0' goal '2369.0 -567.0  56.0'
ARGEVT Romero route 26 start '1313.0 -1047.0 200.0' goal '2465.0 -1975.0 120.0'
ARGEVT Carmack hazard
ARGUS Joe Rogan wallslide
ARGLOG Joe Rogan t   9.8 pos '2127.4 -224.9  24.0' spd 331.5 yaw 110 mode 2 st 0 gl 0 hp 37 frg 0
ARGLOG Romero t   9.8 pos '1329.3 -882.1 132.7' spd 358.4 yaw 245 mode 2 st 0 gl 0 hp 100 frg 0
ARGLOG Carmack t   9.8 pos '2063.6 -427.4 104.0' spd 100.8 yaw  31.8 mode 0 st 0 gl 0 hp 100 frg 0
ARGUS Joe Rogan hunch item_artifact_super_damage
ARGEVT Joe Rogan plan powerup via weapon
ARGEVT Joe Rogan goal weapon_rocketlauncher
ARGUS Carmack wallslide
ARGEVT Joe Rogan route 15 start '2113.0 -215.0  24.0' goal '2465.0 -1719.0  24.0'
ARGEVT Joe Rogan grab item_health
ARGEVT Carmack route 17 start '2017.0 -535.0 104.0' goal '2465.0 -1719.0  24.0'
ARGLOG Joe Rogan t  10.3 pos '2048.2 -76.4  24.0' spd 327.3 yaw 251.8 mode 2 st 0 gl 0 hp 37 frg 0
ARGLOG Romero t  10.3 pos '1342.1 -952.4  32.0' spd 324.1 yaw 26 mode 2 st 0 gl 0 hp 100 frg 0
ARGLOG Carmack t  10.3 pos '2014.3 -494.9 104.0' spd 346.2 yaw  78.4 mode 2 st 0 gl 0 hp 100 frg 0
ARGEVT Romero route 23 start '1697.0 -663.0  24.0' goal '2465.0 -1975.0 120.0'
ARGLOG Joe Rogan t  10.8 pos '1927.3 -19.0  24.0' spd 133.6 yaw 262.6 mode 2 st 0 gl 0 hp 62 frg 0
ARGLOG Romero t  10.8 pos '1696.0 -955.7  20.0' spd 300 yaw 81 mode 2 st 0 gl 0 hp 100 frg 0
ARGLOG Carmack t  10.8 pos '1853.2 -464.2  56.0' spd 186.1 yaw  86.4 mode 2 st 0 gl 0 hp 100 frg 0
ARGEVT Joe Rogan pursue
ARGUS Carmack wallslide
ARGEVT Carmack pursue
ARGLOG Joe Rogan t  11.3 pos '2018.3 -156.1  24.0' spd 371.9 yaw 263.6 mode 2 st 0 gl 0 hp 62 frg 0
ARGLOG Romero t  11.3 pos '1696.3 -964.1  20.0' spd  34.6 yaw 82 mode 2 st 0 gl 0 hp 100 frg 0
ARGLOG Carmack t  11.3 pos '1989.5 -465.7 104.0' spd 324.0 yaw  67.0 mode 2 st 0 gl 0 hp 100 frg 0
ARGLOG Joe Rogan t  11.8 pos '2160.8 -246.0  24.0' spd 337.8 yaw 238.2 mode 2 st 0 gl 0 hp 62 frg 0
ARGLOG Romero t  11.8 pos '1742.6 -819.8  20.0' spd 326.5 yaw 86 mode 2 st 0 gl 0 hp 100 frg 0
ARGLOG Carmack t  11.8 pos '1990.5 -404.9 104.0' spd 332.0 yaw  32.1 mode 2 st 0 gl 0 hp 100 frg 0
ARGEVT Carmack hazard
ARGUS Romero wallslide
ARGEVT Carmack pursue
ARGEVT Joe Rogan pursue
ARGEVT Romero hazard
ARGUS Carmack hunch item_artifact_super_damage
ARGLOG Joe Rogan t  12.4 pos '2160.4 -399.2   8.0' spd 346.1 yaw 207 mode 2 st 0 gl 0 hp 62 frg 0
ARGLOG Romero t  12.4 pos '1750.5 -720.0  24.0' spd   2.5 yaw 50 mode 2 st 0 gl 0 hp 100 frg 0
ARGLOG Carmack t  12.4 pos '2049.1 -263.9  40.0' spd 333.0 yaw 132.8 mode 2 st 0 gl 0 hp 100 frg 0
ARGEVT Joe Rogan hazard
ARGEVT Carmack plan powerup via weapon
ARGEVT Carmack goal weapon_grenadelauncher
ARGUS routefield adopt
ARGEVT Carmack route 10 start '2113.0 -215.0  24.0' goal '2049.0 -919.0 344.0'
ARGEVT Joe Rogan route 15 start '2177.0 -375.0   8.0' goal '2465.0 -1719.0  24.0'
ARGEVT Carmack pursue
ARGLOG Joe Rogan t  12.9 pos '2132.3 -494.0   8.0' spd 257.9 yaw 105.9 mode 2 st 0 gl 0 hp 62 frg 0
ARGLOG Romero t  12.9 pos '1751.7 -720.0  24.0' spd   2.5 yaw 51 mode 2 st 0 gl 0 hp 100 frg 0
ARGLOG Carmack t  12.9 pos '2063.1 -93.0  24.0' spd 397.3 yaw  19.0 mode 2 st 0 gl 0 hp 100 frg 0
ARGEVT Romero stall
ARGEVT Romero stallnode '1761.0 -503.0  24.0'
ARGEVT Romero jump
ARGEVT Romero route 24 start '1793.0 -727.0  24.0' goal '2465.0 -1975.0 120.0'
ARGLOG Joe Rogan t  13.4 pos '2250.4 -381.5   8.0' spd 324.2 yaw  90.3 mode 2 st 0 gl 0 hp 62 frg 0
ARGLOG Romero t  13.4 pos '1768.1 -720.0  59.5' spd  57.8 yaw 53 mode 2 st 1 gl 0 hp 100 frg 0
ARGLOG Carmack t  13.4 pos '2230.6 -28.6  24.0' spd 326.0 yaw 292.0 mode 2 st 0 gl 0 hp 100 frg 0
ARGEVT Carmack jump
ARGEVT Romero hazard
ARGUS Romero wallslide
ARGLOG Joe Rogan t  13.9 pos '2405.0 -334.2   8.0' spd 320.0 yaw  91.5 mode 2 st 0 gl 0 hp 62 frg 0
ARGLOG Romero t  13.9 pos '1785.2 -720.3  24.0' spd  77.9 yaw 56 mode 2 st 1 gl 0 hp 100 frg 0
ARGLOG Carmack t  13.9 pos '2378.7 -40.3  84.4' spd 110.0 yaw 297.9 mode 2 st 0 gl 0 hp 96 frg 0
ARGEVT Joe Rogan grab item_health
ARGLOG Joe Rogan t  14.4 pos '2474.4 -329.7   8.0' spd  11.2 yaw 114.2 mode 2 st 0 gl 0 hp 62 frg 0
ARGLOG Romero t  14.4 pos '1764.2 -720.0  24.0' spd   9.4 yaw 52 mode 2 st 1 gl 0 hp 100 frg 0
ARGLOG Carmack t  14.4 pos '2402.1 -99.2  88.0' spd 324.9 yaw 294.1 mode 2 st 0 gl 0 hp 96 frg 0
ARGEVT Joe Rogan hazard
ARGUS Romero wallslide
ARGLOG Joe Rogan t  14.9 pos '2442.1 -308.7   8.0' spd 111.9 yaw 100.3 mode 2 st 0 gl 0 hp 62 frg 0
ARGLOG Romero t  14.9 pos '1757.7 -720.0  24.0' spd   0.8 yaw 51 mode 2 st 1 gl 0 hp 100 frg 0
ARGLOG Carmack t  14.9 pos '2416.0 -96.7  89.4' spd 158.0 yaw 276.6 mode 2 st 0 gl 0 hp 72 frg 0
ARGEVT Joe Rogan grab item_health
ARGEVT Carmack grab item_health
ARGUS Joe Rogan wallslide
ARGEVT Romero stall
ARGEVT Romero stallnode '1761.0 -503.0  24.0'
ARGEVT Romero jump
ARGUS routecache adopt
ARGEVT Romero route 24 start '1793.0 -727.0  24.0' goal '2465.0 -1975.0 120.0'
ARGLOG Joe Rogan t  15.4 pos '2420.3 -304.0   8.0' spd  80.5 yaw  80.5 mode 2 st 0 gl 0 hp 62 frg 0
ARGLOG Romero t  15.4 pos '1766.9 -720.0  63.8' spd  48.9 yaw 91 mode 2 st 2 gl 0 hp 100 frg 0
ARGLOG Carmack t  15.4 pos '2448.0 -80.0 104.0' spd 0 yaw 258.1 mode 2 st 0 gl 0 hp 72 frg 0
ARGEVT Joe Rogan pursue
ARGEVT Carmack pursue
ARGUS Romero wallslide
ARGEVT Romero stall
ARGEVT Romero stallnode '1761.0 -503.0  24.0'
ARGEVT Romero jump
ARGLOG Joe Rogan t  15.9 pos '2422.1 -304.0   8.0' spd   0.8 yaw 91 mode 2 st 0 gl 0 hp 62 frg 0
ARGLOG Romero t  15.9 pos '1731.1 -723.5  38.0' spd 265.3 yaw 285.2 mode 0 st 3 gl 0 hp 100 frg 0
ARGLOG Carmack t  15.9 pos '2446.2 -80.0 104.0' spd   3.1 yaw 266 mode 2 st 0 gl 0 hp 72 frg 0
ARGEVT Romero goal item_artifact_super_damage
ARGEVT Romero routefail
ARGEVT Romero goal item_health
ARGEVT Romero route 14 start '1697.0 -663.0  24.0' goal '2049.0 -983.0 344.0'
ARGLOG Joe Rogan t  16.4 pos '2421.7 -304.0   8.0' spd   0.8 yaw 91 mode 2 st 0 gl 0 hp 62 frg 0
ARGLOG Romero t  16.4 pos '1718.7 -842.3  45.6' spd 305.5 yaw 82 mode 2 st 3 gl 0 hp 100 frg 0
ARGLOG Carmack t  16.4 pos '2444.6 -80.0 104.0' spd   3.1 yaw 266 mode 2 st 0 gl 0 hp 72 frg 0
ARGEVT Romero hazard
ARGLOG Joe Rogan t  16.9 pos '2421.3 -304.0   8.0' spd   0.8 yaw 91 mode 2 st 0 gl 0 hp 62 frg 0
ARGLOG Romero t  16.9 pos '1758.0 -848.0  20.0' spd 164.2 yaw 89 mode 2 st 3 gl 0 hp 100 frg 0
ARGLOG Carmack t  16.9 pos '2443.1 -80.0 104.0' spd   2.3 yaw 267 mode 2 st 0 gl 0 hp 72 frg 0
ARGLOG Joe Rogan t  17.4 pos '2420.9 -304.0   8.0' spd   0.8 yaw 91 mode 2 st 0 gl 0 hp 62 frg 0
ARGLOG Romero t  17.4 pos '1695.3 -724.8  20.0' spd 340.8 yaw 44 mode 2 st 3 gl 0 hp 100 frg 0
ARGLOG Carmack t  17.4 pos '2441.9 -80.0 104.0' spd   2.3 yaw 267 mode 2 st 0 gl 0 hp 72 frg 0
ARGUS Joe Rogan hunch item_armorInv
ARGUS Joe Rogan wallslide
ARGEVT Joe Rogan goal item_armorInv
ARGUS routefield adopt
ARGEVT Joe Rogan route 3 start '2401.0 -343.0   8.0' goal '2369.0 -567.0  56.0'
ARGLOG Joe Rogan t  17.9 pos '2441.0 -410.6   8.0' spd 330.1 yaw 303.2 mode 2 st 0 gl 0 hp 62 frg 0
ARGLOG Romero t  17.9 pos '1728.4 -564.5  24.0' spd 322.5 yaw 22 mode 2 st 3 gl 0 hp 100 frg 0
ARGLOG Carmack t  17.9 pos '2472.2 -75.0 120.0' spd 322.0 yaw 30 mode 2 st 0 gl 0 hp 72 frg 0
ARGEVT Joe Rogan door
ARGUS Romero wallslide
ARGUS Carmack wallslide
ARGLOG Joe Rogan t  18.4 pos '2591.5 -498.5  32.0' spd 337.1 yaw 324.9 mode 2 st 0 gl 0 hp 62 frg 0
ARGLOG Romero t  18.4 pos '1855.5 -464.2  56.0' spd 320.2 yaw 48 mode 2 st 3 gl 0 hp 100 frg 0
ARGLOG Carmack t  18.4 pos '2608.2  14.8 120.0' spd 199.6 yaw 342 mode 2 st 0 gl 0 hp 72 frg 0
ARGEVT Romero jump
ARGEVT Joe Rogan hazard
ARGLOG Joe Rogan t  18.9 pos '2566.9 -519.1  24.0' spd 324.7 yaw 203 mode 2 st 0 gl 0 hp 62 frg 0
ARGLOG Romero t  18.9 pos '2016.9 -467.4 110.1' spd 322.5 yaw 85 mode 2 st 3 gl 0 hp 100 frg 0
ARGLOG Carmack t  18.9 pos '2627.9  16.0 120.0' spd   1.6 yaw 340 mode 2 st 0 gl 0 hp 72 frg 0
ARGUS Joe Rogan jumpapproach 0 actual 323.3
ARGEVT Joe Rogan jump
ARGUS Joe Rogan aircontrol
ARGEVT Carmack stall
ARGEVT Carmack stallnode '2625.0  73.0 -72.0'
ARGEVT Carmack jump
ARGEVT Joe Rogan jump
ARGEVT Carmack route 6 start '2561.0 -23.0 120.0' goal '2049.0 -919.0 344.0'
ARGLOG Joe Rogan t  19.4 pos '2408.8 -528.0  18.7' spd 313.7 yaw 262 mode 2 st 0 gl 0 hp 62 frg 0
ARGLOG Romero t  19.4 pos '2049.5 -331.0  72.0' spd 328.7 yaw 90 mode 2 st 3 gl 0 hp 100 frg 0
ARGLOG Carmack t  19.4 pos '2626.7  16.0 133.8' spd  17.8 yaw 110.2 mode 2 st 1 gl 0 hp 72 frg 0
ARGEVT Carmack engage Romero
ARGEVT Romero engage Carmack
ARGEVT Joe Rogan engage Romero
ARGUS Joe Rogan threatmove range 2
ARGEVT Joe Rogan grab item_armorInv
ARGLOG Joe Rogan t  19.9 pos '2364.0 -528.0  32.7' spd  35.5 yaw 288.8 mode 1 st 0 gl 0 hp 62 frg 0
ARGLOG Romero t  19.9 pos '2037.6 -169.3  24.0' spd 383.7 yaw  22.6 mode 2 st 3 gl 0 hp 100 frg 0
ARGLOG Carmack t  19.9 pos '2604.0  16.0 142.2' spd  45.9 yaw 187.7 mode 2 st 1 gl 0 hp 72 frg 0
ARGUS Joe Rogan wallslide
ARGUS Romero threatmove range 2
ARGUS Carmack threatmove range 2
ARGUS Carmack wallslide
ARGEVT Carmack grab item_health
ARGEVT Joe Rogan hazard
ARGLOG Joe Rogan t  20.4 pos '2406.6 -528.0   8.0' spd  56.8 yaw 264 mode 1 st 0 gl 0 hp 62 frg 0
ARGLOG Romero t  20.4 pos '2139.8 -30.5  24.0' spd 320.0 yaw   4.3 mode 2 st 3 gl 0 hp 100 frg 0
ARGLOG Carmack t  20.4 pos '2544.5 -60.0 120.0' spd 328.2 yaw 160.5 mode 2 st 1 gl 0 hp 72 frg 0
ARGEVT Romero hazard
ARGEVT Joe Rogan pursue
ARGEVT Carmack weapon sg
ARGLOG Joe Rogan t  21.0 pos '2432.2 -528.0   8.0' spd  45.7 yaw 242 mode 1 st 0 gl 0 hp 62 frg 0
ARGLOG Romero t  21.0 pos '2164.1   1.5  24.0' spd 322.6 yaw 339.1 mode 2 st 3 gl 0 hp 100 frg 0
ARGLOG Carmack t  21.0 pos '2542.6 -178.2 120.0' spd 337.8 yaw 171.4 mode 2 st 1 gl 0 hp 100 frg 0
ARGUS Joe Rogan wallslide
ARGUS Romero crossfire strafe
ARGEVT Joe Rogan hazard
ARGLOG Joe Rogan t  21.5 pos '2444.6 -527.6   8.0' spd  50.2 yaw  43.4 mode 1 st 0 gl 0 hp 62 frg 0
ARGLOG Romero t  21.5 pos '2160.8 -155.3  24.0' spd 182.4 yaw 347.3 mode 2 st 3 gl 0 hp 100 frg 0
ARGLOG Carmack t  21.5 pos '2512.0 -205.6 100.1' spd  61.3 yaw 163.3 mode 2 st 1 gl 0 hp 76 frg 0
ARGLOG Joe Rogan t  22.0 pos '2485.9 -465.2   8.0' spd 320.4 yaw 201.3 mode 1 st 0 gl 0 hp 62 frg 0
ARGLOG Romero t  22.0 pos '2266.6 -60.1  24.0' spd 325.6 yaw 338.4 mode 2 st 3 gl 0 hp 100 frg 0
ARGLOG Carmack t  22.0 pos '2486.7 -207.5  24.0' spd 320.6 yaw 148.7 mode 2 st 1 gl 0 hp 76 frg 0
ARGEVT Romero jump
ARGUS Carmack wallslide
ARGEVT Joe Rogan pursue
ARGUS routefield adopt
ARGEVT Carmack route 9 start '2433.0 -183.0  24.0' goal '2049.0 -919.0 344.0'
ARGLOG Joe Rogan t  22.5 pos '2329.8 -508.1   8.0' spd 347.6 yaw 167.3 mode 1 st 0 gl 0 hp 62 frg 0
ARGLOG Romero t  22.5 pos '2384.0  15.3  81.8' spd   4.4 yaw 273.1 mode 2 st 3 gl 0 hp 99 frg 0
ARGLOG Carmack t  22.5 pos '2338.4 -235.7  24.0' spd 330.7 yaw  83.7 mode 2 st 1 gl 0 hp 76 frg 0
ARGEVT Joe Rogan hazard
ARGEVT Romero jump
ARGLOG Joe Rogan t  23.0 pos '2412.9 -523.9   8.0' spd 321.9 yaw   5.9 mode 1 st 0 gl 0 hp 54 frg 0
ARGEVT Romero pursue
ARGLOG Romero t  23.0 pos '2404.9 -48.5 107.8' spd 131.6 yaw 221.9 mode 2 st 3 gl 0 hp 99 frg 0
ARGLOG Carmack t  23.0 pos '2176.6 -169.8  24.0' spd 353.1 yaw  37.5 mode 2 st 1 gl 0 hp 60 frg 0
ARGEVT Carmack pursue
ARGEVT Joe Rogan pursue
ARGLOG Joe Rogan t  23.5 pos '2573.5 -481.7  24.0' spd 420.6 yaw  97.8 mode 1 st 0 gl 0 hp 54 frg 0
ARGLOG Romero t  23.5 pos '2352.0 -64.1 105.3' spd  30.6 yaw 175.7 mode 2 st 3 gl 0 hp 99 frg 0
ARGLOG Carmack t  23.5 pos '2144.5  -9.7  24.0' spd 336.2 yaw 354.5 mode 2 st 1 gl 0 hp 60 frg 0
ARGEVT Joe Rogan hazard
ARGEVT Carmack hazard
ARGUS Romero wallslide
ARGEVT Romero hazard
ARGLOG Joe Rogan t  24.0 pos '2559.2 -472.0  24.0' spd 328.0 yaw 217 mode 1 st 0 gl 0 hp 54 frg 0
ARGLOG Romero t  24.0 pos '2356.8  16.0  72.0' spd  14.6 yaw 154.1 mode 2 st 3 gl 0 hp 99 frg 0
ARGLOG Carmack t  24.0 pos '2181.0  82.6  24.0' spd 269.4 yaw 335.3 mode 2 st 1 gl 0 hp 60 frg 0
ARGEVT Joe Rogan pursue
ARGEVT Romero pursue
ARGEVT Carmack pursue
ARGLOG Joe Rogan t  24.5 pos '2587.3 -458.6  32.0' spd  67.1 yaw 299.2 mode 1 st 0 gl 0 hp 54 frg 0
ARGLOG Romero t  24.5 pos '2276.0  15.4  24.0' spd 282.2 yaw 201.1 mode 2 st 3 gl 0 hp 99 frg 0
ARGLOG Carmack t  24.5 pos '2184.7 -83.3  24.0' spd 415.8 yaw  34.9 mode 2 st 1 gl 0 hp 52 frg 0
ARGEVT Joe Rogan pursue
ARGUS Romero wallslide
ARGLOG Joe Rogan t  25.0 pos '2493.8 -507.1   8.0' spd 324.5 yaw 192.1 mode 1 st 0 gl 0 hp 54 frg 0
ARGLOG Romero t  25.0 pos '2348.6 -80.0  56.0' spd 302.2 yaw 249.9 mode 2 st 3 gl 0 hp 90 frg 0
ARGLOG Carmack t  25.0 pos '2311.6 -216.1  24.0' spd 334.1 yaw  69.6 mode 2 st 1 gl 0 hp 52 frg 0
ARGEVT Carmack death Romero pos '2324.9 -221.0  24.0'
ARGUS Romero watch spawn
ARGEVT Romero engage Joe Rogan
ARGUS Romero threatmove range 2
ARGEVT Romero goal backpack
ARGUS Joe Rogan wallslide
ARGEVT Romero grab 
ARGLOG Joe Rogan t  25.5 pos '2413.8 -524.9   8.0' spd 320 yaw   3.9 mode 1 st 0 gl 0 hp 54 frg 0
ARGLOG Romero t  25.5 pos '2424.0 -144.6  75.5' spd 188.6 yaw 271.6 mode 1 st 3 gl 0 hp 90 frg 1
ARGEVT Joe Rogan stall
ARGEVT Joe Rogan jump
ARGUS routefield adopt
ARGEVT Joe Rogan route 2 start '2465.0 -503.0   8.0' goal '2369.0 -567.0  56.0'
ARGEVT Romero goal item_armorInv
ARGUS routefield adopt
ARGEVT Romero route 5 start '2337.0 -215.0  24.0' goal '2369.0 -567.0  56.0'
ARGLOG Joe Rogan t  26.0 pos '2574.3 -500.0  47.4' spd 321.2 yaw  50.9 mode 2 st 1 gl 0 hp 54 frg 0
ARGLOG Romero t  26.0 pos '2347.6 -190.4  24.0' spd 140.1 yaw 298.7 mode 2 st 3 gl 1 hp 90 frg 1
ARGEVT Joe Rogan hazard
ARGEVT Joe Rogan abandon
ARGUS Romero wallslide
ARGEVT Joe Rogan goal weapon_rocketlauncher
ARGEVT Joe Rogan pursue
ARGEVT Romero pursue
ARGEVT Joe Rogan routefail
ARGLOG Joe Rogan t  26.5 pos '2577.2 -476.5  32.0' spd 313.8 yaw 107.1 mode 0 st 1 gl 0 hp 54 frg 0
ARGLOG Romero t  26.5 pos '2476.4 -159.6  24.0' spd 387.8 yaw 287 mode 2 st 3 gl 1 hp 90 frg 1
ARGUS Joe Rogan hunch item_artifact_super_damage
ARGEVT Carmack respawn
ARGEVT Carmack goal weapon_rocketlauncher
ARGLOG Carmack t  26.5 pos '1712.0 -504.0  24.0' spd 0 yaw 274.5 mode 0 st 1 gl 0 hp 100 frg 0
ARGEVT Joe Rogan goal weapon_rocketlauncher
ARGEVT Carmack route 17 start '1761.0 -503.0  24.0' goal '2465.0 -1719.0  24.0'
ARGEVT Joe Rogan pursue
ARGUS Romero hunch item_armorInv
ARGEVT Carmack hazard
ARGEVT Romero goal item_health
ARGEVT Joe Rogan routefail
ARGEVT Romero pursue
ARGEVT Joe Rogan goal item_health
ARGUS routefield adopt
ARGEVT Joe Rogan route 7 start '2561.0 -503.0  24.0' goal '2017.0 -535.0 104.0'
ARGEVT Romero hazard
ARGLOG Joe Rogan t  27.0 pos '2575.1 -524.0  24.0' spd  66.4 yaw 189.9 mode 2 st 1 gl 0 hp 54 frg 0
ARGLOG Romero t  27.0 pos '2526.9 -158.2  32.0' spd 355.2 yaw 152.6 mode 0 st 3 gl 1 hp 90 frg 1
ARGEVT Romero route 11 start '2529.0 -183.0  32.0' goal '2049.0 -983.0 344.0'
ARGLOG Carmack t  27.1 pos '1833.6 -540.9  40.0' spd 329.9 yaw 54 mode 2 st 1 gl 0 hp 100 frg 0
ARGEVT Carmack jump
ARGLOG Joe Rogan t  27.5 pos '2510.6 -479.0   8.0' spd 329.1 yaw  98.5 mode 2 st 1 gl 0 hp 54 frg 0
ARGLOG Romero t  27.5 pos '2460.4 -174.0  24.0' spd 325.9 yaw 272.8 mode 2 st 3 gl 1 hp 90 frg 1
ARGLOG Carmack t  27.6 pos '1904.0 -465.6 115.6' spd 158.7 yaw 58 mode 2 st 1 gl 0 hp 100 frg 0
ARGEVT Romero pursue
ARGUS Joe Rogan wallslide
ARGUS Carmack wallslide
ARGEVT Joe Rogan pursue
ARGUS routecache adopt
ARGEVT Romero route 11 start '2529.0 -183.0  32.0' goal '2049.0 -983.0 344.0'
ARGLOG Joe Rogan t  28.0 pos '2518.3 -451.3  24.0' spd 321.2 yaw 176.5 mode 2 st 1 gl 0 hp 54 frg 0
ARGLOG Romero t  28.0 pos '2559.1 -216.8  32.0' spd 204.4 yaw 182.5 mode 2 st 3 gl 1 hp 90 frg 1
ARGLOG Carmack t  28.1 pos '1974.6 -463.6 104.0' spd 360.9 yaw 31 mode 2 st 1 gl 0 hp 100 frg 0
ARGEVT Carmack hazard
ARGEVT Romero pursue
ARGLOG Joe Rogan t  28.5 pos '2360.0 -389.1   8.0' spd 320.3 yaw  71.1 mode 2 st 1 gl 0 hp 54 frg 0
ARGLOG Romero t  28.5 pos '2450.5 -217.6  24.0' spd 276.5 yaw 233.2 mode 2 st 3 gl 1 hp 90 frg 1
ARGLOG Carmack t  28.6 pos '2059.8 -351.7  88.0' spd 338.6 yaw 92 mode 2 st 1 gl 0 hp 100 frg 0
ARGEVT Romero pursue
ARGEVT Joe Rogan pursue
ARGEVT Joe Rogan hazard
ARGEVT Carmack engage Romero
ARGUS Carmack threatmove range 2
ARGEVT Romero hazard
ARGUS Romero wallslide
ARGUS Joe Rogan wallslide
ARGLOG Joe Rogan t  29.0 pos '2264.3 -304.0  24.0' spd   4.7 yaw  74.6 mode 2 st 1 gl 0 hp 54 frg 0
ARGLOG Romero t  29.0 pos '2328.1 -239.4  24.0' spd 250.3 yaw 282.2 mode 2 st 3 gl 1 hp 90 frg 1
ARGLOG Carmack t  29.1 pos '2038.4 -272.3  56.0' spd 320.1 yaw   6.9 mode 2 st 1 gl 0 hp 100 frg 0
ARGEVT Carmack hazard
ARGEVT Joe Rogan death Romero pos '2222.1 -288.5  24.0'
ARGEVT Romero goal backpack
ARGLOG Romero t  29.5 pos '2298.2 -195.3  24.0' spd 337.3 yaw  97.2 mode 1 st 3 gl 1 hp 90 frg 2
ARGEVT Romero engage Carmack
ARGUS Romero threatmove range 2
ARGLOG Carmack t  29.6 pos '2049.1 -261.4  40.0' spd 320.1 yaw  74.3 mode 2 st 1 gl 0 hp 100 frg 0
ARGEVT Romero grab 
ARGEVT Carmack grab 
ARGLOG Romero t  30.0 pos '2248.2 -160.4  24.0' spd 332.6 yaw 174.6 mode 1 st 3 gl 1 hp 81 frg 2
ARGLOG Carmack t  30.1 pos '2100.0 -153.9  24.0' spd 345.6 yaw 354.7 mode 2 st 1 gl 0 hp 100 frg 0
ARGEVT Romero goal item_health
ARGEVT Romero route 10 start '2241.0 -183.0  24.0' goal '2049.0 -983.0 344.0'
ARGLOG Romero t  30.5 pos '2309.3 -202.0  24.0' spd 356.2 yaw 146.5 mode 2 st 3 gl 2 hp 72 frg 2
ARGLOG Carmack t  30.6 pos '2186.2 -78.9  24.0' spd 320.9 yaw 321.4 mode 2 st 1 gl 0 hp 92 frg 0
ARGUS Romero wallslide
ARGEVT Joe Rogan respawn
ARGEVT Joe Rogan goal item_armorInv
ARGUS routefield adopt
ARGEVT Joe Rogan route 3 start '2177.0 -2071.0  88.0' goal '2465.0 -1975.0 120.0'
ARGLOG Joe Rogan t  30.9 pos '2176.0 -2176.0  84.0' spd 0 yaw  85.5 mode 0 st 1 gl 0 hp 100 frg 0
ARGEVT Joe Rogan hazard
ARGUS Carmack wallslide
ARGLOG Romero t  31.1 pos '2435.7 -144.1  24.0' spd 400.9 yaw 135.9 mode 2 st 3 gl 2 hp 63 frg 2
ARGLOG Carmack t  31.1 pos '2304.4  15.7  40.0' spd 266.3 yaw 315.0 mode 2 st 1 gl 0 hp 60 frg 0
ARGEVT Joe Rogan door
ARGUS Joe Rogan jumpapproach 0 actual 416.8
ARGEVT Joe Rogan jump
