LOG started on: 09/19/2026 23:15:02 
Playing registered version.
UDP Initialized
WIPX_OpenSocket: Address family not supported by protocol family
WIPX_Init: Unable to open control socket, IPX disabled
Exe: 20:02:47 Jul 31 2024
256.0 megabyte heap

Language initialization
Couldn't load 'localization/loc_english.txt'
from 'C:\argus\engine'

========= Quake Initialized =========

execing autoexec.cfg
SpawnServer: dm3
Clearing memory
Programs occupy 910K.
trying to open external vis file
maps/dm3.vis not found, trying argus.vis
external vis not found
ARGUS slots 8
ARGUS worldspawn reached
ARGNAV 244 nodes, 771 links
0 entities inhibited
ARGUS init on dm3
ARGEVT Carmack spawned
ARGEVT Romero spawned
ARGEVT Joe Rogan spawned
Server spawned.
ARGLOG Joe Rogan t   1.2 pos '192.0 -208.0 -176.0' spd 0 yaw  87.6 mode 0 st 0 gl 0 hp 100 frg 0
ARGLOG Romero t   1.2 pos '1520.0 432.0 -88.0' spd 0 yaw  47.5 mode 0 st 0 gl 0 hp 100 frg 0
ARGLOG Carmack t   1.2 pos '-880.0 -232.0 -16.0' spd 0 yaw 119.6 mode 0 st 0 gl 0 hp 100 frg 0
ARGLOG Joe Rogan t   1.7 pos '199.7 -61.9 -176.0' spd 320 yaw  87.6 mode 0 st 0 gl 0 hp 100 frg 0
ARGLOG Romero t   1.7 pos '1619.7 539.0 -88.0' spd 320.0 yaw  47.5 mode 0 st 0 gl 0 hp 100 frg 0
ARGLOG Carmack t   1.7 pos '-948.8 -105.3 -16.0' spd 229.9 yaw 343.1 mode 0 st 0 gl 0 hp 100 frg 0
ARGEVT Carmack hazard
ARGLOG Joe Rogan t   2.2 pos '238.9  -5.0 -176.0' spd 324.0 yaw 294.8 mode 0 st 0 gl 0 hp 100 frg 0
ARGLOG Romero t   2.2 pos '1715.1 442.4 -88.0' spd 322.2 yaw 287.5 mode 0 st 0 gl 0 hp 100 frg 0
ARGLOG Carmack t   2.2 pos '-829.2 -90.6 -16.0' spd 186.3 yaw 146.4 mode 0 st 0 gl 0 hp 100 frg 0
ARGUS Romero wallslide
ARGUS Joe Rogan wallslide
ARGLOG Joe Rogan t   2.7 pos '263.0 -70.2 -176.0' spd 321.7 yaw 124.6 mode 0 st 0 gl 0 hp 100 frg 0
ARGLOG Romero t   2.7 pos '1796.5 400.0 -88.0' spd 210.8 yaw 287.5 mode 0 st 0 gl 0 hp 100 frg 0
ARGLOG Carmack t   2.7 pos '-944.3  19.6 -16.0' spd 320.4 yaw 270.6 mode 0 st 0 gl 0 hp 100 frg 0
ARGEVT Romero hazard
ARGLOG Joe Rogan t   3.2 pos '163.6  26.4 -176.0' spd 274.1 yaw 250.7 mode 0 st 0 gl 0 hp 100 frg 0
ARGLOG Romero t   3.2 pos '1831.0 400.0 -88.0' spd 102.6 yaw 287.5 mode 0 st 0 gl 0 hp 100 frg 0
ARGLOG Carmack t   3.2 pos '-923.7 -116.8 -16.0' spd 324.1 yaw 270.6 mode 0 st 0 gl 0 hp 100 frg 0
ARGEVT Joe Rogan hazard
ARGUS Romero wallslide
ARGUS Joe Rogan wallslide
ARGLOG Joe Rogan t   3.7 pos '144.0 -137.2 -176.0' spd 336.3 yaw 250.7 mode 0 st 0 gl 0 hp 100 frg 0
ARGLOG Romero t   3.7 pos '1931.4 425.2 -88.0' spd 332.5 yaw  56.3 mode 0 st 0 gl 0 hp 100 frg 0
ARGLOG Carmack t   3.7 pos '-910.4 -279.2 -16.0' spd 278.4 yaw 146.2 mode 0 st 0 gl 0 hp 100 frg 0
ARGEVT Carmack hazard
ARGUS Carmack wallslide
ARGEVT Romero hazard
ARGEVT Joe Rogan plan powerup via weapon
ARGEVT Joe Rogan goal weapon_lightning
ARGEVT Joe Rogan route 13 start '  5.0 -191.0 -176.0' goal '1541.0 -191.0 -392.0'
ARGLOG Joe Rogan t   4.2 pos '164.8 -180.9 -176.0' spd 327.1 yaw 74 mode 2 st 0 gl 0 hp 100 frg 0
ARGLOG Romero t   4.2 pos '2025.5 537.4 -88.0' spd  51.2 yaw 246.5 mode 0 st 0 gl 0 hp 100 frg 0
ARGLOG Carmack t   4.2 pos '-920.8 -252.0 -16.0' spd 329.7 yaw 316.8 mode 0 st 0 gl 0 hp 100 frg 0
ARGEVT Romero goal item_health
ARGEVT Romero route 1 start '1925.0 513.0 -88.0' goal '1829.0 641.0 -180.0'
ARGEVT Joe Rogan hazard
ARGEVT Carmack plan powerup via weapon
ARGEVT Carmack goal weapon_supernailgun
ARGEVT Carmack route 18 start '-923.0 -287.0 -16.0' goal '-507.0 449.0 120.0'
ARGLOG Joe Rogan t   4.8 pos '148.9 -10.8 -176.0' spd 100.9 yaw 313 mode 2 st 0 gl 0 hp 100 frg 0
ARGLOG Romero t   4.8 pos '1911.1 425.5 -88.0' spd 438.3 yaw 110 mode 2 st 0 gl 0 hp 100 frg 0
ARGLOG Carmack t   4.8 pos '-825.1 -219.2 -16.0' spd 358.3 yaw 103 mode 2 st 0 gl 0 hp 100 frg 0
ARGUS Joe Rogan wallslide
ARGLOG Joe Rogan t   5.3 pos '140.7 -159.4 -176.0' spd 393.0 yaw 59 mode 2 st 0 gl 0 hp 100 frg 0
ARGLOG Romero t   5.3 pos '1790.3 545.6 -88.0' spd  82.3 yaw 67 mode 2 st 0 gl 0 hp 100 frg 0
ARGLOG Carmack t   5.3 pos '-870.2 -56.9 -16.0' spd 325.7 yaw 101 mode 2 st 0 gl 0 hp 100 frg 0
ARGEVT Joe Rogan hazard
ARGLOG Joe Rogan t   5.8 pos '-42.8 -158.7 -176.0' spd 388.4 yaw 20 mode 2 st 0 gl 0 hp 100 frg 0
ARGLOG Romero t   5.8 pos '1943.6 521.1 -88.0' spd 387.3 yaw  49.0 mode 2 st 0 gl 0 hp 100 frg 0
ARGLOG Carmack t   5.8 pos '-936.4  93.7   8.0' spd 331.8 yaw 86 mode 2 st 0 gl 0 hp 100 frg 0
ARGEVT Carmack jump
ARGEVT Romero hazard
ARGUS Joe Rogan wallslide
ARGUS Romero wallslide
ARGLOG Joe Rogan t   6.3 pos ' 29.8 -144.0 -176.0' spd 348.4 yaw 21 mode 2 st 0 gl 0 hp 100 frg 0
ARGLOG Romero t   6.3 pos '1956.8 544.0 -88.0' spd 358.8 yaw 142 mode 2 st 0 gl 0 hp 100 frg 0
ARGLOG Carmack t   6.3 pos '-940.6 208.0  62.9' spd  39.5 yaw 87 mode 2 st 0 gl 0 hp 100 frg 0
ARGEVT Carmack route 16 start '-955.0 225.0  72.0' goal '-507.0 449.0 120.0'
ARGLOG Joe Rogan t   6.8 pos '210.7 -132.2 -176.0' spd 336.1 yaw 63 mode 2 st 0 gl 0 hp 100 frg 0
ARGLOG Romero t   6.8 pos '1801.2 555.4 -88.0' spd 167.8 yaw 71 mode 2 st 0 gl 0 hp 100 frg 0
ARGLOG Carmack t   6.8 pos '-907.2 327.7 120.0' spd 323.2 yaw 88 mode 2 st 0 gl 0 hp 100 frg 0
ARGEVT Romero hazard
ARGEVT Joe Rogan hazard
ARGLOG Joe Rogan t   7.3 pos '299.3 -24.3 -176.0' spd 352.0 yaw 70 mode 2 st 0 gl 0 hp 100 frg 0
ARGLOG Romero t   7.3 pos '1771.1 558.3 -88.0' spd  41.2 yaw 54 mode 2 st 0 gl 0 hp 100 frg 0
ARGLOG Carmack t   7.3 pos '-908.0 488.5 120.0' spd 322.4 yaw 62 mode 2 st 0 gl 0 hp 100 frg 0
ARGUS Joe Rogan wallslide
ARGUS Romero wallslide
ARGLOG Joe Rogan t   7.8 pos '432.0   4.8 -200.0' spd 352.3 yaw 37 mode 2 st 0 gl 0 hp 100 frg 0
ARGLOG Romero t   7.8 pos '1751.6 560.0 -88.0' spd  32.1 yaw 46 mode 2 st 0 gl 0 hp 100 frg 0
ARGLOG Carmack t   7.8 pos '-902.5 653.1 120.0' spd 320.1 yaw 46 mode 2 st 0 gl 0 hp 100 frg 0
ARGEVT Romero hazard
ARGLOG Joe Rogan t   8.3 pos '436.3 178.6 -200.0' spd 344.1 yaw 347 mode 2 st 0 gl 0 hp 100 frg 0
ARGLOG Romero t   8.3 pos '1735.3 560.0 -88.0' spd  30.2 yaw 40 mode 2 st 0 gl 0 hp 100 frg 0
ARGLOG Carmack t   8.3 pos '-831.4 808.5 120.0' spd 356.9 yaw 2 mode 2 st 0 gl 0 hp 100 frg 0
ARGEVT Joe Rogan hazard
ARGUS Romero wallslide
ARGEVT Romero stall
ARGEVT Romero stallnode '1829.0 641.0 -180.0'
ARGEVT Romero jump
ARGLOG Joe Rogan t   8.8 pos '480.9 224.5 -200.0' spd 320.2 yaw 340 mode 2 st 0 gl 0 hp 100 frg 0
ARGLOG Romero t   8.8 pos '1760.3 560.0 -80.9' spd 283.7 yaw  37.0 mode 0 st 1 gl 0 hp 100 frg 0
ARGLOG Carmack t   8.8 pos '-668.2 850.8 120.0' spd 323.6 yaw 358 mode 2 st 0 gl 0 hp 100 frg 0
ARGUS routecache adopt
ARGEVT Carmack route 11 start '-539.0 833.0 120.0' goal '-507.0 449.0 120.0'
ARGEVT Romero route 1 start '1925.0 513.0 -88.0' goal '1829.0 641.0 -180.0'
ARGLOG Joe Rogan t   9.3 pos '644.0 201.0 -200.0' spd 328.9 yaw 329 mode 2 st 0 gl 0 hp 100 frg 0
ARGLOG Romero t   9.3 pos '1906.1 560.0 -62.2' spd 283.7 yaw 133 mode 2 st 1 gl 0 hp 100 frg 0
ARGLOG Carmack t   9.3 pos '-502.4 837.1 120.0' spd 320.3 yaw 351 mode 2 st 0 gl 0 hp 100 frg 0
ARGEVT Joe Rogan hazard
ARGLOG Joe Rogan t   9.8 pos '799.0 148.4 -200.0' spd 341.9 yaw 323 mode 2 st 0 gl 0 hp 100 frg 0
ARGLOG Romero t   9.8 pos '1860.6 474.4 -88.0' spd 450.2 yaw 131.5 mode 2 st 1 gl 0 hp 100 frg 0
ARGLOG Carmack t   9.8 pos '-337.5 830.9 120.0' spd 322.0 yaw 348 mode 2 st 0 gl 0 hp 100 frg 0
ARGEVT Romero hazard
ARGUS Romero wallslide
ARGLOG Joe Rogan t  10.4 pos '968.6  85.5 -184.0' spd 335.1 yaw 342 mode 2 st 0 gl 0 hp 100 frg 0
ARGLOG Romero t  10.4 pos '1882.8 559.8 -88.0' spd 102.6 yaw 123 mode 2 st 1 gl 0 hp 100 frg 0
ARGLOG Carmack t  10.4 pos '-175.9 798.6 120.0' spd 320.0 yaw 307 mode 2 st 0 gl 0 hp 100 frg 0
ARGLOG Joe Rogan t  10.9 pos '1069.6 -64.5 -168.0' spd 415.1 yaw 0 mode 2 st 0 gl 0 hp 100 frg 0
ARGLOG Romero t  10.9 pos '1901.8 560.0 -88.0' spd  32.8 yaw 131 mode 2 st 1 gl 0 hp 100 frg 0
ARGLOG Carmack t  10.9 pos '-21.6 722.9  72.0' spd 427.2 yaw 219 mode 2 st 0 gl 0 hp 100 frg 0
ARGEVT Romero hazard
ARGUS Romero wallslide
ARGLOG Joe Rogan t  11.4 pos '1245.1 -58.5 -168.0' spd 320.8 yaw 0 mode 2 st 0 gl 0 hp 100 frg 0
ARGLOG Romero t  11.4 pos '1918.1 560.0 -88.0' spd  30.6 yaw 137 mode 2 st 1 gl 0 hp 100 frg 0
ARGLOG Carmack t  11.4 pos '-147.5 586.7   8.0' spd 381.0 yaw 145 mode 2 st 0 gl 0 hp 100 frg 0
ARGEVT Romero stall
ARGEVT Romero stallnode '1829.0 641.0 -180.0'
ARGEVT Romero jump
ARGEVT Joe Rogan engage Romero
ARGUS routecache adopt
ARGEVT Romero route 1 start '1925.0 513.0 -88.0' goal '1829.0 641.0 -180.0'
ARGEVT Joe Rogan route 5 start '1413.0 -63.0 -168.0' goal '1541.0 -191.0 -392.0'
ARGEVT Carmack hazard
ARGUS routecache adopt
ARGEVT Joe Rogan route 5 start '1413.0 -63.0 -168.0' goal '1541.0 -191.0 -392.0'
ARGLOG Joe Rogan t  11.9 pos '1408.9 -26.2 -168.0' spd 338.0 yaw  57.2 mode 0 st 0 gl 0 hp 100 frg 0
ARGLOG Romero t  11.9 pos '1855.5 560.0 -45.6' spd  87.7 yaw 108 mode 2 st 2 gl 0 hp 100 frg 0
ARGLOG Carmack t  11.9 pos '-288.0 676.6 -16.0' spd 341.7 yaw 234 mode 2 st 0 gl 0 hp 100 frg 0
ARGUS Carmack wallslide
ARGUS routecache adopt
ARGEVT Joe Rogan route 5 start '1413.0 -63.0 -168.0' goal '1541.0 -191.0 -392.0'
ARGLOG Joe Rogan t  12.4 pos '1531.2  92.2 -180.6' spd 321.1 yaw  49.5 mode 2 st 0 gl 0 hp 100 frg 0
ARGLOG Romero t  12.4 pos '1880.2 542.4 -88.0' spd 305.3 yaw 276.6 mode 2 st 2 gl 0 hp 100 frg 0
ARGLOG Carmack t  12.4 pos '-373.7 763.8 -16.0' spd 327.5 yaw 262 mode 2 st 0 gl 0 hp 100 frg 0
ARGUS Joe Rogan threatmove range 3
ARGEVT Joe Rogan swim
ARGEVT Joe Rogan pursue
ARGEVT Joe Rogan swim
ARGEVT Romero hazard
ARGEVT Joe Rogan swim
ARGLOG Joe Rogan t  12.9 pos '1639.4 200.0 -208.3' spd 297.6 yaw 58 mode 2 st 0 gl 0 hp 100 frg 0
ARGEVT Joe Rogan swim
ARGLOG Romero t  12.9 pos '1820.6 416.6 -88.0' spd 370.9 yaw 229 mode 2 st 2 gl 0 hp 100 frg 0
ARGLOG Carmack t  12.9 pos '-426.0 627.0 -16.0' spd 323.2 yaw 278 mode 2 st 0 gl 0 hp 100 frg 0
ARGEVT Joe Rogan swim
ARGEVT Romero engage Joe Rogan
ARGUS Romero leadclip
ARGUS Romero threatmove range 2
ARGUS Joe Rogan threatmove high 3
ARGEVT Joe Rogan swim
ARGEVT Carmack jump
ARGEVT Joe Rogan swim
ARGEVT Joe Rogan swim
ARGEVT Joe Rogan route 5 start '1701.0 321.0 -392.0' goal '1541.0 -191.0 -392.0'
ARGLOG Joe Rogan t  13.4 pos '1680.9 261.3 -207.2' spd  73.5 yaw  50.2 mode 2 st 0 gl 0 hp 100 frg 0
ARGLOG Romero t  13.4 pos '1809.2 400.0 -88.0' spd 0 yaw 235.2 mode 2 st 2 gl 0 hp 100 frg 0
ARGLOG Carmack t  13.4 pos '-410.7 466.5 -16.0' spd 317.8 yaw 144 mode 2 st 0 gl 0 hp 100 frg 0
ARGEVT Joe Rogan pursue
ARGEVT Romero pursue
ARGEVT Carmack hazard
ARGEVT Joe Rogan swim
ARGUS Carmack wallslide
ARGLOG Joe Rogan t  13.9 pos '1702.0 320.9 -269.4' spd 194.8 yaw 44 mode 2 st 0 gl 0 hp 100 frg 0
ARGLOG Romero t  13.9 pos '1695.2 400.0 -88.0' spd 267.8 yaw 260 mode 2 st 2 gl 0 hp 100 frg 0
ARGLOG Carmack t  13.9 pos '-405.4 506.9 -16.0' spd 336.7 yaw 175 mode 2 st 0 gl 0 hp 100 frg 0
ARGEVT Carmack jump
ARGUS Joe Rogan hunch item_health
ARGEVT Joe Rogan goal weapon_lightning
ARGEVT Joe Rogan route 5 start '1701.0 321.0 -392.0' goal '1541.0 -191.0 -392.0'
ARGLOG Joe Rogan t  14.4 pos '1713.4 343.3 -314.6' spd 107.1 yaw 249.1 mode 2 st 0 gl 0 hp 100 frg 0
ARGLOG Romero t  14.4 pos '1644.8 400.0 -88.0' spd   5.5 yaw 277 mode 2 st 2 gl 0 hp 100 frg 0
ARGLOG Carmack t  14.4 pos '-441.1 605.7 -16.0' spd 262.1 yaw 250 mode 2 st 0 gl 0 hp 100 frg 0
ARGEVT Joe Rogan pursue
ARGEVT Carmack jump
ARGLOG Joe Rogan t  14.9 pos '1708.2 272.0 -351.2' spd 167.4 yaw   3.6 mode 2 st 0 gl 0 hp 100 frg 0
ARGLOG Romero t  14.9 pos '1647.4 400.0 -88.0' spd   4.7 yaw 276 mode 2 st 2 gl 0 hp 100 frg 0
ARGLOG Carmack t  14.9 pos '-400.0 449.6  -7.4' spd 114.4 yaw 139 mode 2 st 0 gl 0 hp 100 frg 0
ARGUS Carmack wallslide
ARGEVT Carmack hazard
ARGLOG Joe Rogan t  15.4 pos '1779.3 263.6 -350.5' spd 158.1 yaw 88 mode 2 st 0 gl 0 hp 100 frg 0
ARGLOG Romero t  15.4 pos '1649.6 400.0 -88.0' spd   3.9 yaw 275 mode 2 st 2 gl 0 hp 100 frg 0
ARGLOG Carmack t  15.4 pos '-428.8 580.0 -16.0' spd 321.6 yaw 236 mode 2 st 0 gl 0 hp 100 frg 0
ARGUS Romero hunch item_artifact_super_damage
ARGEVT Romero goal item_health
ARGEVT Romero route 2 start '1765.0 385.0 -64.0' goal '1829.0 641.0 -180.0'
ARGEVT Carmack jump
ARGLOG Joe Rogan t  16.0 pos '1787.7 335.3 -350.6' spd 119.9 yaw 232.8 mode 2 st 0 gl 0 hp 100 frg 0
ARGLOG Romero t  16.0 pos '1762.9 400.6 -88.0' spd 337.2 yaw  27.3 mode 2 st 2 gl 0 hp 100 frg 0
ARGLOG Carmack t  16.0 pos '-437.4 560.0  22.4' spd  52.9 yaw 232 mode 2 st 0 gl 0 hp 100 frg 0
ARGUS Carmack wallslide
ARGLOG Joe Rogan t  16.5 pos '1740.1 302.4 -352.8' spd 180.3 yaw 289 mode 2 st 0 gl 0 hp 100 frg 0
ARGLOG Romero t  16.5 pos '1913.5 479.9 -88.0' spd 348.5 yaw  76.8 mode 2 st 2 gl 0 hp 100 frg 0
ARGLOG Carmack t  16.5 pos '-401.4 548.4 -16.0' spd 205.8 yaw 206 mode 2 st 0 gl 0 hp 100 frg 0
ARGEVT Carmack jump
ARGEVT Romero hazard
ARGUS Romero wallslide
ARGEVT Carmack hazard
ARGLOG Joe Rogan t  17.0 pos '1706.7 193.6 -351.8' spd 252.8 yaw 285 mode 2 st 0 gl 0 hp 100 frg 0
ARGLOG Romero t  17.0 pos '1945.9 545.2 -88.0' spd 310.8 yaw 140 mode 2 st 2 gl 0 hp 100 frg 0
ARGLOG Carmack t  17.0 pos '-448.0 411.9 -16.0' spd  67.7 yaw 104 mode 2 st 0 gl 0 hp 100 frg 0
ARGEVT Carmack jump
ARGLOG Joe Rogan t  17.5 pos '1726.3  69.8 -352.3' spd 259.6 yaw 287 mode 2 st 0 gl 0 hp 100 frg 0
ARGLOG Romero t  17.5 pos '1798.8 556.1 -88.0' spd 159.9 yaw 70 mode 2 st 2 gl 0 hp 100 frg 0
ARGLOG Carmack t  17.5 pos '-400.0 547.9  -1.0' spd 310.8 yaw 205 mode 2 st 0 gl 0 hp 100 frg 0
ARGEVT Romero hazard
ARGUS Carmack wallslide
ARGLOG Joe Rogan t  18.0 pos '1802.2  16.0 -352.8' spd 174.2 yaw 232 mode 2 st 0 gl 0 hp 100 frg 0
ARGLOG Romero t  18.0 pos '1770.9 558.5 -88.0' spd  40.3 yaw 54 mode 2 st 2 gl 0 hp 100 frg 0
ARGLOG Carmack t  18.0 pos '-416.2 485.6 -16.0' spd 388.9 yaw 154 mode 2 st 0 gl 0 hp 100 frg 0
ARGEVT Carmack hazard
ARGEVT Carmack jump
ARGLOG Joe Rogan t  18.5 pos '1859.3 -35.1 -351.8' spd 192.4 yaw 216 mode 2 st 0 gl 0 hp 100 frg 0
ARGLOG Romero t  18.5 pos '1751.8 559.8 -88.0' spd  34.3 yaw 46 mode 2 st 2 gl 0 hp 100 frg 0
ARGLOG Carmack t  18.5 pos '-446.0 464.0  11.2' spd  38.5 yaw 54 mode 2 st 0 gl 0 hp 100 frg 0
ARGUS Romero wallslide
ARGEVT Romero hazard
ARGLOG Joe Rogan t  19.0 pos '1867.4 -151.7 -350.8' spd 255.6 yaw 190 mode 2 st 0 gl 0 hp 100 frg 0
ARGLOG Romero t  19.0 pos '1735.2 560.0 -88.0' spd  33.1 yaw 40 mode 2 st 2 gl 0 hp 100 frg 0
ARGLOG Carmack t  19.0 pos '-410.4 465.0 -10.7' spd 102.9 yaw 143 mode 2 st 0 gl 0 hp 100 frg 0
ARGEVT Carmack jump
ARGLOG Joe Rogan t  19.5 pos '1827.0 -265.2 -351.4' spd 207.7 yaw 165 mode 2 st 0 gl 0 hp 100 frg 0
ARGLOG Romero t  19.5 pos '1826.2 560.0 -88.0' spd 290.9 yaw 88 mode 2 st 2 gl 0 hp 100 frg 0
ARGLOG Carmack t  19.5 pos '-427.7 603.9 -16.0' spd 306.9 yaw 243 mode 2 st 0 gl 0 hp 100 frg 0
ARGEVT Carmack hazard
ARGUS Romero wallslide
ARGEVT Romero hazard
ARGEVT Carmack jump
ARGLOG Joe Rogan t  20.0 pos '1726.1 -277.7 -353.7' spd 222.9 yaw 154 mode 2 st 0 gl 0 hp 100 frg 0
ARGLOG Romero t  20.0 pos '1873.0 560.0 -88.0' spd  41.1 yaw 118 mode 2 st 2 gl 0 hp 100 frg 0
ARGLOG Carmack t  20.0 pos '-414.4 507.4  -8.9' spd 347.9 yaw 174 mode 2 st 0 gl 0 hp 100 frg 0
ARGUS Carmack wallslide
ARGLOG Joe Rogan t  20.5 pos '1607.9 -228.2 -298.1' spd 271.0 yaw 150 mode 1 st 0 gl 0 hp 100 frg 0
ARGLOG Romero t  20.5 pos '1892.4 560.0 -88.0' spd  34.8 yaw 128 mode 2 st 2 gl 0 hp 100 frg 0
ARGLOG Carmack t  20.5 pos '-401.7 480.4 -16.0' spd 324.0 yaw 156 mode 2 st 0 gl 0 hp 100 frg 0
ARGUS Romero wallslide
ARGEVT Romero hazard
ARGEVT Carmack hazard
ARGEVT Carmack jump
ARGLOG Joe Rogan t  21.0 pos '1493.8 -151.2 -242.2' spd 233.8 yaw  43.0 mode 1 st 0 gl 0 hp 100 frg 0
ARGLOG Romero t  21.0 pos '1909.8 560.0 -88.0' spd  34.3 yaw 134 mode 2 st 2 gl 0 hp 100 frg 0
ARGLOG Carmack t  21.0 pos '-448.0 626.6  24.6' spd  29.8 yaw 257 mode 2 st 0 gl 0 hp 100 frg 0
ARGLOG Joe Rogan t  21.6 pos '1502.0 -127.7 -214.4' spd 138.2 yaw 304 mode 1 st 0 gl 0 hp 100 frg 0
ARGEVT Romero stall
ARGEVT Romero stallnode '1829.0 641.0 -180.0'
ARGLOG Romero t  21.6 pos '1904.5 560.0 -88.0' spd 229.5 yaw 268.0 mode 0 st 3 gl 0 hp 100 frg 0
ARGEVT Romero jump
ARGLOG Carmack t  21.6 pos '-443.3 599.9 -16.0' spd 253.4 yaw 250 mode 2 st 0 gl 0 hp 100 frg 0
ARGEVT Carmack jump
ARGUS routecache adopt
ARGEVT Romero route 1 start '1925.0 513.0 -88.0' goal '1829.0 641.0 -180.0'
ARGEVT Joe Rogan swim
ARGEVT Joe Rogan swim
ARGEVT Joe Rogan swim
ARGLOG Joe Rogan t  22.1 pos '1557.7 -201.0 -207.2' spd 189.0 yaw 233.4 mode 1 st 0 gl 0 hp 100 frg 0
ARGLOG Romero t  22.1 pos '1837.2 560.0 -57.4' spd  33.1 yaw 95 mode 2 st 3 gl 0 hp 100 frg 0
ARGLOG Carmack t  22.1 pos '-402.9 560.0  21.6' spd  42.6 yaw 214 mode 2 st 0 gl 0 hp 100 frg 0
ARGEVT Joe Rogan swim
ARGEVT Joe Rogan swim
ARGEVT Joe Rogan swim
ARGEVT Carmack jump
ARGEVT Joe Rogan swim
ARGLOG Joe Rogan t  22.6 pos '1513.7 -259.7 -207.6' spd 219.8 yaw  69.6 mode 1 st 0 gl 0 hp 100 frg 0
ARGLOG Romero t  22.6 pos '1936.5 517.4 -88.0' spd 371.7 yaw  23.0 mode 2 st 3 gl 0 hp 100 frg 0
ARGLOG Carmack t  22.6 pos '-411.6 473.9  -3.4' spd 330.3 yaw 148 mode 2 st 0 gl 0 hp 100 frg 0
ARGEVT Joe Rogan swim
ARGEVT Joe Rogan swim
ARGEVT Carmack hazard
ARGEVT Romero hazard
ARGEVT Joe Rogan swim
ARGUS Carmack wallslide
ARGEVT Joe Rogan swim
ARGEVT Joe Rogan swim
ARGLOG Joe Rogan t  23.1 pos '1491.3 -160.0 -207.0' spd 230.0 yaw 329 mode 1 st 0 gl 0 hp 100 frg 0
ARGLOG Romero t  23.1 pos '1990.4 541.2 -88.0' spd 321.6 yaw 148 mode 2 st 3 gl 0 hp 100 frg 0
ARGLOG Carmack t  23.1 pos '-402.7 473.9 -16.0' spd 321.7 yaw 151 mode 2 st 0 gl 0 hp 100 frg 0
ARGUS Romero wallslide
ARGEVT Joe Rogan swim
ARGEVT Carmack jump
ARGEVT Joe Rogan swim
ARGEVT Joe Rogan swim
ARGEVT Joe Rogan swim
ARGLOG Joe Rogan t  23.6 pos '1590.0 -168.8 -207.7' spd 242.3 yaw 207 mode 1 st 0 gl 0 hp 100 frg 0
ARGLOG Romero t  23.6 pos '1821.1 556.8 -88.0' spd 299.6 yaw 84 mode 2 st 3 gl 0 hp 100 frg 0
ARGLOG Carmack t  23.6 pos '-436.2 625.4 -16.0' spd  57.8 yaw 251 mode 2 st 0 gl 0 hp 100 frg 0
ARGEVT Joe Rogan swim
ARGEVT Joe Rogan swim
ARGEVT Romero hazard
ARGEVT Joe Rogan swim
ARGEVT Joe Rogan swim
ARGEVT Carmack hazard
ARGEVT Carmack jump
ARGEVT Joe Rogan swim
ARGLOG Joe Rogan t  24.1 pos '1518.3 -225.7 -207.3' spd 256.0 yaw  55.1 mode 1 st 0 gl 0 hp 100 frg 0
ARGLOG Romero t  24.1 pos '1780.2 555.0 -88.0' spd  33.8 yaw 60 mode 2 st 3 gl 0 hp 100 frg 0
ARGLOG Carmack t  24.1 pos '-419.6 473.0  -2.2' spd 361.6 yaw 144 mode 2 st 0 gl 0 hp 100 frg 0
ARGEVT Joe Rogan swim
ARGEVT Joe Rogan swim
ARGUS Carmack wallslide
ARGEVT Joe Rogan swim
ARGEVT Joe Rogan swim
ARGLOG Joe Rogan t  24.6 pos '1567.4 -145.2 -207.6' spd 268.3 yaw 250.9 mode 1 st 0 gl 0 hp 100 frg 0
ARGLOG Romero t  24.6 pos '1763.6 551.7 -88.0' spd  30.9 yaw 53 mode 2 st 3 gl 0 hp 100 frg 0
ARGLOG Carmack t  24.6 pos '-407.4 510.6 -16.0' spd 333.8 yaw 177 mode 2 st 0 gl 0 hp 100 frg 0
ARGEVT Joe Rogan swim
ARGEVT Carmack abandon
ARGEVT Joe Rogan swim
ARGEVT Carmack goal weapon_rocketlauncher
ARGEVT Carmack route 19 start '-411.0 513.0 -16.0' goal '1509.0 481.0 -88.0'
ARGEVT Romero hazard
ARGEVT Joe Rogan swim
ARGUS Romero wallslide
ARGEVT Joe Rogan swim
ARGEVT Joe Rogan swim
ARGLOG Joe Rogan t  25.1 pos '1544.9 -239.7 -207.1' spd 276.4 yaw  91.6 mode 1 st 0 gl 0 hp 100 frg 0
ARGLOG Romero t  25.1 pos '1848.9 559.6 -88.0' spd 121.4 yaw 103 mode 2 st 3 gl 0 hp 100 frg 0
ARGLOG Carmack t  25.1 pos '-401.7 530.9 -16.0' spd 249.8 yaw 31 mode 2 st 0 gl 0 hp 100 frg 0
ARGEVT Carmack hazard
ARGEVT Joe Rogan swim
ARGEVT Joe Rogan swim
ARGEVT Joe Rogan swim
ARGEVT Joe Rogan swim
ARGLOG Joe Rogan t  25.6 pos '1535.8 -139.4 -208.5' spd 292.8 yaw 287.1 mode 1 st 0 gl 0 hp 100 frg 0
ARGEVT Joe Rogan swim
ARGLOG Romero t  25.6 pos '1875.2 558.2 -88.0' spd  38.7 yaw 119 mode 2 st 3 gl 0 hp 100 frg 0
ARGLOG Carmack t  25.6 pos '-397.0 528.0 -16.0' spd   2.3 yaw 32 mode 2 st 0 gl 0 hp 100 frg 0
ARGEVT Joe Rogan swim
ARGEVT Carmack stall
ARGEVT Carmack stallnode '-411.0 769.0 -16.0'
ARGEVT Carmack jump
ARGEVT Romero hazard
ARGEVT Joe Rogan swim
ARGEVT Joe Rogan swim
ARGUS routecache adopt
ARGEVT Carmack route 19 start '-411.0 513.0 -16.0' goal '1509.0 481.0 -88.0'
ARGEVT Joe Rogan swim
ARGLOG Joe Rogan t  26.2 pos '1574.1 -236.3 -206.8' spd 287.4 yaw 124 mode 1 st 0 gl 0 hp 100 frg 0
ARGLOG Romero t  26.2 pos '1893.7 556.6 -88.0' spd  36.0 yaw 127 mode 2 st 3 gl 0 hp 100 frg 0
ARGLOG Carmack t  26.2 pos '-406.1 541.8 -16.0' spd 223.9 yaw 27 mode 2 st 1 gl 0 hp 100 frg 0
ARGEVT Joe Rogan swim
ARGEVT Joe Rogan swim
ARGEVT Joe Rogan swim
ARGEVT Joe Rogan swim
ARGLOG Joe Rogan t  26.7 pos '1508.0 -156.3 -208.5' spd 301.2 yaw 321.8 mode 1 st 0 gl 0 hp 100 frg 0
ARGEVT Joe Rogan swim
ARGLOG Romero t  26.7 pos '1910.1 555.1 -88.0' spd  31.0 yaw 133 mode 2 st 3 gl 0 hp 100 frg 0
ARGLOG Carmack t  26.7 pos '-411.0 702.9 -16.0' spd 320.0 yaw 343 mode 2 st 1 gl 0 hp 100 frg 0
ARGEVT Joe Rogan swim
ARGEVT Carmack hazard
ARGEVT Romero hazard
ARGEVT Joe Rogan swim
ARGEVT Joe Rogan swim
ARGUS Romero wallslide
ARGUS Carmack wallslide
ARGEVT Joe Rogan swim
ARGLOG Joe Rogan t  27.2 pos '1596.2 -215.0 -207.4' spd 302.6 yaw 157.3 mode 1 st 0 gl 0 hp 100 frg 0
ARGLOG Romero t  27.2 pos '1852.8 560.0 -88.0' spd 318.4 yaw 106 mode 2 st 3 gl 0 hp 100 frg 0
ARGLOG Carmack t  27.2 pos '-404.3 737.5 -16.0' spd 189.9 yaw 344 mode 2 st 1 gl 0 hp 100 frg 0
ARGEVT Joe Rogan swim
ARGEVT Joe Rogan swim
ARGEVT Joe Rogan swim
ARGEVT Joe Rogan swim
ARGEVT Joe Rogan swim
ARGLOG Joe Rogan t  27.7 pos '1492.8 -183.5 -207.6' spd 292.1 yaw 353.5 mode 1 st 0 gl 0 hp 100 frg 0
ARGLOG Romero t  27.7 pos '1793.4 557.5 -88.0' spd  38.9 yaw 66 mode 2 st 3 gl 0 hp 100 frg 0
ARGLOG Carmack t  27.7 pos '-393.8 650.1 -16.0' spd 213.3 yaw 355 mode 2 st 1 gl 0 hp 100 frg 0
ARGEVT Joe Rogan swim
ARGEVT Romero hazard
ARGEVT Carmack hazard
ARGEVT Joe Rogan swim
ARGEVT Joe Rogan swim
ARGEVT Joe Rogan swim
ARGLOG Joe Rogan t  28.2 pos '1599.1 -187.0 -207.3' spd 304.2 yaw 189.6 mode 1 st 0 gl 0 hp 100 frg 0
ARGLOG Romero t  28.2 pos '1776.2 553.5 -88.0' spd  32.5 yaw 58 mode 2 st 3 gl 0 hp 100 frg 0
ARGLOG Carmack t  28.2 pos '-388.5 656.0 -16.0' spd   8.1 yaw 354 mode 2 st 1 gl 0 hp 100 frg 0
ARGEVT Joe Rogan swim
ARGEVT Joe Rogan swim
ARGEVT Joe Rogan swim
ARGEVT Joe Rogan swim
ARGEVT Joe Rogan swim
ARGLOG Joe Rogan t  28.7 pos '1494.5 -214.7 -207.0' spd 305.6 yaw  26.4 mode 1 st 0 gl 0 hp 100 frg 0
ARGLOG Romero t  28.7 pos '1756.9 554.5 -88.0' spd  54.6 yaw 50 mode 2 st 3 gl 0 hp 100 frg 0
ARGLOG Carmack t  28.7 pos '-392.7 656.0 -16.0' spd   8.1 yaw 354 mode 2 st 1 gl 0 hp 100 frg 0
ARGEVT Joe Rogan swim
ARGEVT Romero hazard
ARGEVT Carmack hazard
ARGEVT Joe Rogan swim
ARGEVT Joe Rogan swim
ARGUS Romero wallslide
ARGEVT Joe Rogan swim
ARGLOG Joe Rogan t  29.2 pos '1585.9 -154.9 -207.8' spd 314.0 yaw 226.1 mode 1 st 0 gl 0 hp 100 frg 0
ARGLOG Romero t  29.2 pos '1736.4 560.0 -88.0' spd  28.6 yaw 41 mode 2 st 3 gl 0 hp 100 frg 0
ARGLOG Carmack t  29.2 pos '-396.9 656.0 -16.0' spd   7.9 yaw 354 mode 2 st 1 gl 0 hp 100 frg 0
ARGEVT Joe Rogan swim
ARGEVT Joe Rogan swim
ARGEVT Carmack stall
ARGEVT Carmack stallnode '-219.0 641.0  -8.0'
ARGEVT Carmack jump
ARGEVT Joe Rogan swim
ARGUS routecache adopt
ARGEVT Carmack route 18 start '-411.0 769.0 -16.0' goal '1509.0 481.0 -88.0'
ARGEVT Joe Rogan swim
ARGEVT Joe Rogan swim
ARGLOG Joe Rogan t  29.7 pos '1516.1 -240.8 -207.2' spd 312.7 yaw  61.6 mode 1 st 0 gl 0 hp 100 frg 0
ARGLOG Romero t  29.7 pos '1721.3 560.0 -88.0' spd  28.8 yaw 36 mode 2 st 3 gl 0 hp 100 frg 0
ARGLOG Carmack t  29.7 pos '-384.3 656.0  27.4' spd  12.3 yaw 355 mode 2 st 2 gl 0 hp 100 frg 0
ARGEVT Joe Rogan swim
ARGEVT Joe Rogan swim
ARGEVT Romero hazard
ARGEVT Joe Rogan swim
ARGUS Romero wallslide
ARGEVT Carmack stall
ARGEVT Carmack stallnode '-411.0 769.0 -16.0'
ARGEVT Carmack jump
ARGEVT Joe Rogan swim
ARGLOG Joe Rogan t  30.2 pos '1559.4 -138.7 -208.1' spd 309.1 yaw 257.2 mode 1 st 0 gl 0 hp 100 frg 0
ARGEVT Joe Rogan swim
ARGLOG Romero t  30.2 pos '1706.7 560.0 -88.0' spd  30.4 yaw 33 mode 2 st 3 gl 0 hp 100 frg 0
ARGLOG Carmack t  30.2 pos '-425.0 673.8  17.4' spd 141.3 yaw 222.0 mode 0 st 3 gl 0 hp 100 frg 0
ARGEVT Carmack goal weapon_lightning
ARGEVT Carmack route 17 start '-411.0 769.0 -16.0' goal '1541.0 -191.0 -392.0'
ARGEVT Joe Rogan swim
ARGEVT Joe Rogan swim
ARGEVT Joe Rogan swim
ARGEVT Joe Rogan swim
ARGLOG Joe Rogan t  30.8 pos '1543.9 -246.2 -207.0' spd 308.1 yaw  92.4 mode 1 st 0 gl 0 hp 100 frg 0
ARGLOG Romero t  30.8 pos '1746.8 560.0 -88.0' spd 371.8 yaw 44 mode 2 st 3 gl 0 hp 100 frg 0
ARGLOG Carmack t  30.8 pos '-431.8 702.0 -16.0' spd  92.5 yaw 345 mode 2 st 3 gl 0 hp 100 frg 0
ARGEVT Joe Rogan swim
ARGEVT Joe Rogan swim
ARGEVT Carmack hazard
ARGEVT Joe Rogan swim
ARGUS Romero wallslide
ARGEVT Joe Rogan swim
ARGEVT Romero hazard
ARGEVT Joe Rogan swim
ARGLOG Joe Rogan t  31.3 pos '1528.6 -137.5 -207.3' spd 308.3 yaw 289.5 mode 1 st 0 gl 0 hp 100 frg 0
ARGLOG Romero t  31.3 pos '1869.3 560.0 -88.0' spd  45.5 yaw 116 mode 2 st 3 gl 0 hp 100 frg 0
ARGLOG Carmack t  31.3 pos '-311.4 760.8 -16.0' spd 374.6 yaw 337 mode 2 st 3 gl 0 hp 100 frg 0
ARGEVT Joe Rogan swim
ARGEVT Joe Rogan swim
ARGEVT Joe Rogan swim
ARGEVT Joe Rogan swim
ARGLOG Joe Rogan t  31.8 pos '1574.5 -238.4 -207.7' spd 316.2 yaw 125.3 mode 1 st 0 gl 0 hp 100 frg 0
ARGLOG Romero t  31.8 pos '1890.2 560.0 -88.0' spd  36.6 yaw 127 mode 2 st 3 gl 0 hp 100 frg 0
ARGLOG Carmack t  31.8 pos '-169.1 659.0   8.0' spd 332.1 yaw 346 mode 2 st 3 gl 0 hp 100 frg 0
ARGEVT Joe Rogan swim
ARGEVT Joe Rogan swim
ARGEVT Joe Rogan swim
ARGEVT Joe Rogan swim
ARGEVT Romero hazard
ARGEVT Joe Rogan swim
ARGLOG Joe Rogan t  32.3 pos '1502.5 -153.8 -207.0' spd 314.5 yaw 321.2 mode 1 st 0 gl 0 hp 100 frg 0
ARGLOG Romero t  32.3 pos '1908.0 560.0 -88.0' spd  35.1 yaw 134 mode 2 st 3 gl 0 hp 100 frg 0
ARGLOG Carmack t  32.3 pos '-11.8 609.0  40.0' spd 320.0 yaw 348 mode 2 st 3 gl 0 hp 100 frg 0
ARGEVT Joe Rogan swim
ARGEVT Joe Rogan swim
ARGEVT Joe Rogan swim
ARGEVT Joe Rogan swim
ARGUS Romero wallslide
ARGEVT Joe Rogan swim
ARGLOG Joe Rogan t  32.8 pos '1596.1 -215.6 -207.9' spd 312.3 yaw 157.3 mode 1 st 0 gl 0 hp 100 frg 0
ARGLOG Romero t  32.8 pos '1922.3 560.0 -88.0' spd  60.2 yaw 139 mode 2 st 3 gl 0 hp 100 frg 0
ARGLOG Carmack t  32.8 pos '148.2 572.1  56.0' spd 320.0 yaw 348 mode 2 st 3 gl 0 hp 100 frg 0
ARGEVT Joe Rogan swim
ARGEVT Romero stall
ARGEVT Romero stallnode '1829.0 641.0 -180.0'
ARGEVT Romero jump
ARGEVT Joe Rogan engage Romero
ARGEVT Joe Rogan grab weapon_lightning
ARGEVT Joe Rogan swim
ARGEVT Romero route 1 start '1925.0 513.0 -88.0' goal '1829.0 641.0 -180.0'
ARGEVT Joe Rogan swim
ARGEVT Joe Rogan swim
ARGLOG Joe Rogan t  33.3 pos '1493.9 -181.8 -206.9' spd 297.1 yaw  60.2 mode 1 st 0 gl 0 hp 100 frg 0
ARGLOG Romero t  33.3 pos '1824.5 560.0 -46.2' spd  31.0 yaw 86 mode 2 st 4 gl 0 hp 100 frg 0
ARGLOG Carmack t  33.3 pos '309.1 537.7  56.0' spd 320.0 yaw 346 mode 2 st 3 gl 0 hp 100 frg 0
ARGEVT Joe Rogan swim
ARGEVT Joe Rogan swim
ARGEVT Joe Rogan swim
ARGEVT Joe Rogan swim
ARGLOG Joe Rogan t  33.8 pos '1586.9 -205.2 -208.2' spd 308.7 yaw  73.0 mode 1 st 0 gl 0 hp 100 frg 0
ARGEVT Joe Rogan swim
ARGLOG Romero t  33.8 pos '1891.5 532.9 -88.0' spd 320.2 yaw 340.3 mode 2 st 4 gl 0 hp 100 frg 0
ARGLOG Carmack t  33.8 pos '469.6 501.8  56.0' spd 320.1 yaw 348 mode 2 st 3 gl 0 hp 100 frg 0
ARGEVT Joe Rogan pursue
ARGEVT Joe Rogan swim
ARGEVT Carmack hazard
ARGEVT Joe Rogan swim
ARGEVT Joe Rogan swim
ARGEVT Romero hazard
ARGUS Carmack wallslide
ARGEVT Joe Rogan swim
ARGLOG Joe Rogan t  34.3 pos '1511.1 -199.9 -207.1' spd 154.7 yaw 67 mode 1 st 0 gl 0 hp 100 frg 0
ARGLOG Romero t  34.3 pos '2022.2 517.9 -88.0' spd 166.0 yaw 144.4 mode 2 st 4 gl 0 hp 100 frg 0
ARGLOG Carmack t  34.3 pos '551.9 534.4  56.0' spd  35.3 yaw 338 mode 2 st 3 gl 0 hp 100 frg 0
ARGEVT Joe Rogan swim
ARGEVT Joe Rogan swim
ARGEVT Joe Rogan swim
ARGEVT Joe Rogan swim
ARGLOG Joe Rogan t  34.9 pos '1460.0 -143.0 -208.3' spd 148.9 yaw 62 mode 1 st 0 gl 0 hp 100 frg 0
ARGEVT Joe Rogan swim
ARGLOG Romero t  34.9 pos '1859.1 557.4 -88.0' spd 379.1 yaw 109 mode 2 st 4 gl 0 hp 100 frg 0
ARGLOG Carmack t  34.9 pos '551.9 550.7  56.0' spd  30.8 yaw 335 mode 2 st 3 gl 0 hp 100 frg 0
ARGUS Romero wallslide
ARGEVT Joe Rogan swim
ARGEVT Carmack hazard
ARGEVT Joe Rogan swim
ARGEVT Romero hazard
ARGUS Carmack wallslide
ARGLOG Joe Rogan t  35.4 pos '1467.4 -112.0 -159.8' spd  85.0 yaw  60.7 mode 1 st 0 gl 0 hp 100 frg 0
ARGLOG Romero t  35.4 pos '1788.2 557.9 -88.0' spd  37.9 yaw 63 mode 2 st 4 gl 0 hp 100 frg 0
ARGLOG Carmack t  35.4 pos '551.9 566.4  56.0' spd  31.4 yaw 333 mode 2 st 3 gl 0 hp 100 frg 0
ARGEVT Joe Rogan swim
ARGEVT Romero abandon
ARGLOG Joe Rogan t  35.9 pos '1511.1 -112.0 -206.9' spd  88.1 yaw  67.2 mode 1 st 0 gl 0 hp 100 frg 0
ARGLOG Romero t  35.9 pos '1771.2 554.3 -88.0' spd  33.6 yaw  60.4 mode 0 st 4 gl 0 hp 100 frg 0
ARGLOG Carmack t  35.9 pos '551.9 581.6  56.0' spd  28.8 yaw 331 mode 2 st 3 gl 0 hp 100 frg 0
ARGEVT Romero goal item_artifact_invulnerability
ARGEVT Romero route 6 start '1669.0 513.0 -88.0' goal '997.0 801.0 -296.0'
ARGEVT Joe Rogan swim
ARGEVT Joe Rogan pursue
ARGUS Romero wallslide
ARGEVT Joe Rogan swim
ARGUS Carmack wallslide
ARGLOG Joe Rogan t  36.4 pos '1551.7 -111.7 -158.5' spd  81.3 yaw  66.8 mode 1 st 0 gl 0 hp 100 frg 0
ARGLOG Romero t  36.4 pos '1882.1 547.2 -88.0' spd 335.9 yaw 119 mode 2 st 4 gl 0 hp 100 frg 0
ARGLOG Carmack t  36.4 pos '551.9 476.8  56.0' spd 380.8 yaw 349 mode 2 st 3 gl 0 hp 100 frg 0
ARGEVT Carmack hazard
ARGEVT Romero hazard
ARGEVT Joe Rogan pursue
ARGLOG Joe Rogan t  36.9 pos '1625.8 -43.6 -168.0' spd 324.2 yaw 64 mode 1 st 0 gl 0 hp 100 frg 0
ARGLOG Romero t  36.9 pos '2023.6 513.3 -88.0' spd  42.4 yaw 147 mode 2 st 4 gl 0 hp 100 frg 0
ARGLOG Carmack t  36.9 pos '551.9 403.6  56.0' spd  47.4 yaw 2 mode 2 st 3 gl 0 hp 100 frg 0
ARGUS Carmack wallslide
ARGUS Romero wallslide
ARGLOG Joe Rogan t  37.4 pos '1709.6  99.3 -180.8' spd 320.4 yaw 66 mode 1 st 0 gl 0 hp 100 frg 0
ARGLOG Romero t  37.4 pos '1877.9 559.6 -88.0' spd 374.8 yaw 141 mode 2 st 4 gl 0 hp 100 frg 0
ARGLOG Carmack t  37.4 pos '551.9 382.8  56.0' spd  39.5 yaw 6 mode 2 st 3 gl 0 hp 100 frg 0
ARGEVT Joe Rogan swim
ARGEVT Carmack hazard
ARGEVT Joe Rogan swim
ARGEVT Romero hazard
ARGEVT Joe Rogan swim
ARGLOG Joe Rogan t  37.9 pos '1783.8 241.4 -207.2' spd 316.9 yaw 67 mode 1 st 0 gl 0 hp 100 frg 0
ARGLOG Romero t  37.9 pos '1790.5 558.6 -88.0' spd  40.9 yaw 131 mode 2 st 4 gl 0 hp 100 frg 0
ARGLOG Carmack t  37.9 pos '551.9 364.7  56.0' spd  33.1 yaw 10 mode 2 st 3 gl 0 hp 100 frg 0
ARGEVT Joe Rogan swim
ARGEVT Joe Rogan swim
ARGEVT Joe Rogan swim
ARGUS Joe Rogan hunch item_health
ARGUS Carmack wallslide
ARGEVT Joe Rogan swim
ARGLOG Joe Rogan t  38.4 pos '1858.0 334.9 -208.4' spd 156.9 yaw 273.7 mode 0 st 0 gl 0 hp 100 frg 0
ARGEVT Joe Rogan swim
ARGLOG Romero t  38.4 pos '1771.4 557.0 -88.0' spd  36.8 yaw 129 mode 2 st 4 gl 0 hp 100 frg 0
ARGLOG Carmack t  38.4 pos '551.9 348.1  56.0' spd  34.0 yaw 13 mode 2 st 3 gl 0 hp 100 frg 0
ARGEVT Joe Rogan goal weapon_rocketlauncher
ARGEVT Joe Rogan route 14 start '1701.0 321.0 -392.0' goal '1509.0 481.0 -88.0'
ARGEVT Joe Rogan swim
ARGEVT Joe Rogan pursue
ARGEVT Carmack hazard
ARGEVT Romero hazard
ARGLOG Joe Rogan t  38.9 pos '1875.9 287.3 -262.1' spd 109.7 yaw 147.2 mode 2 st 0 gl 0 hp 100 frg 0
ARGLOG Romero t  38.9 pos '1754.3 555.5 -88.0' spd  31.3 yaw 126 mode 2 st 4 gl 0 hp 100 frg 0
ARGLOG Carmack t  38.9 pos '552.0 332.1  56.0' spd  29.0 yaw 16 mode 2 st 3 gl 0 hp 100 frg 0
ARGUS Carmack wallslide
ARGEVT Romero stall
ARGEVT Romero stallnode '1829.0 641.0 -180.0'
ARGEVT Romero jump
ARGEVT Romero route 6 start '1669.0 513.0 -88.0' goal '997.0 801.0 -296.0'
ARGLOG Joe Rogan t  39.4 pos '1793.2 289.7 -328.3' spd 218.8 yaw 161 mode 2 st 0 gl 0 hp 100 frg 0
ARGLOG Romero t  39.4 pos '1790.5 560.0 -62.7' spd 245.7 yaw 341 mode 2 st 5 gl 0 hp 100 frg 0
ARGLOG Carmack t  39.4 pos '552.0 332.5  56.0' spd 209.1 yaw 16 mode 2 st 3 gl 0 hp 100 frg 0
ARGEVT Carmack hazard
ARGLOG Joe Rogan t  39.9 pos '1668.4 305.5 -351.6' spd 261.9 yaw 237 mode 2 st 0 gl 0 hp 100 frg 0
ARGLOG Romero t  39.9 pos '1809.2 560.0 -80.0' spd  32.6 yaw 338 mode 2 st 5 gl 0 hp 100 frg 0
ARGLOG Carmack t  39.9 pos '552.0 478.8  56.0' spd  81.8 yaw 348 mode 2 st 3 gl 0 hp 100 frg 0
ARGUS Carmack wallslide
ARGLOG Joe Rogan t  40.4 pos '1548.9 260.4 -351.0' spd 243.8 yaw 220 mode 2 st 0 gl 0 hp 100 frg 0
ARGLOG Romero t  40.4 pos '1692.0 470.5 -88.0' spd 437.5 yaw 51 mode 2 st 5 gl 0 hp 100 frg 0
ARGLOG Carmack t  40.4 pos '552.0 503.8  56.0' spd  40.1 yaw 344 mode 2 st 3 gl 0 hp 100 frg 0
ARGUS Romero wallslide
ARGEVT Carmack hazard
ARGLOG Joe Rogan t  40.9 pos '1490.1 151.1 -351.4' spd 257.8 yaw 201 mode 2 st 0 gl 0 hp 100 frg 0
ARGLOG Romero t  40.9 pos '1817.8 424.2 -88.0' spd 331.2 yaw 87 mode 2 st 5 gl 0 hp 100 frg 0
ARGLOG Carmack t  40.9 pos '552.0 522.9  56.0' spd  37.1 yaw 340 mode 2 st 3 gl 0 hp 100 frg 0
ARGUS Carmack wallslide
ARGEVT Romero hazard
ARGLOG Joe Rogan t  41.4 pos '1485.8  21.6 -352.4' spd 238.8 yaw 173 mode 2 st 0 gl 0 hp 100 frg 0
ARGLOG Romero t  41.4 pos '1947.1 526.9 -88.0' spd 359.1 yaw 143 mode 2 st 5 gl 0 hp 100 frg 0
ARGLOG Carmack t  41.4 pos '552.0 540.1  56.0' spd  32.0 yaw 337 mode 2 st 3 gl 0 hp 100 frg 0
ARGEVT Joe Rogan route 12 start '1509.0  65.0 -392.0' goal '1509.0 481.0 -88.0'
ARGEVT Carmack hazard
ARGLOG Joe Rogan t  42.0 pos '1412.2  44.3 -351.2' spd 210.9 yaw 177 mode 2 st 0 gl 0 hp 100 frg 0
ARGLOG Romero t  42.0 pos '1878.3 557.8 -88.0' spd 387.5 yaw 141 mode 2 st 5 gl 0 hp 100 frg 0
ARGLOG Carmack t  42.0 pos '552.0 556.2  56.0' spd  30.5 yaw 334 mode 2 st 3 gl 0 hp 100 frg 0
ARGUS Carmack wallslide
ARGEVT Romero hazard
ARGLOG Joe Rogan t  42.5 pos '1299.3  88.6 -353.5' spd 256.6 yaw 184 mode 2 st 0 gl 0 hp 100 frg 0
ARGLOG Romero t  42.5 pos '1784.5 555.5 -88.0' spd  30.1 yaw 130 mode 2 st 5 gl 0 hp 100 frg 0
ARGLOG Carmack t  42.5 pos '552.0 571.8  56.0' spd  29.4 yaw 332 mode 2 st 3 gl 0 hp 100 frg 0
ARGUS Romero wallslide
ARGLOG Joe Rogan t  43.0 pos '1160.7  90.6 -351.8' spd 279.2 yaw 186 mode 2 st 0 gl 0 hp 100 frg 0
ARGLOG Romero t  43.0 pos '1853.9 559.5 -88.0' spd  66.5 yaw 139 mode 2 st 5 gl 0 hp 100 frg 0
ARGLOG Carmack t  43.0 pos '552.0 554.0  56.0' spd 298.1 yaw 335 mode 2 st 3 gl 0 hp 100 frg 0
ARGUS Carmack wallslide
ARGEVT Romero hazard
ARGEVT Carmack hazard
ARGLOG Joe Rogan t  43.5 pos '1056.0  68.3 -306.6' spd  34.9 yaw 255 mode 2 st 0 gl 0 hp 100 frg 0
ARGLOG Romero t  43.5 pos '1878.5 559.1 -88.0' spd  40.7 yaw 141 mode 2 st 5 gl 0 hp 100 frg 0
ARGLOG Carmack t  43.5 pos '552.0 415.1  56.0' spd  61.2 yaw 0 mode 2 st 3 gl 0 hp 100 frg 0
ARGLOG Joe Rogan t  44.0 pos '1056.0  58.1 -250.9' spd   6.3 yaw 254 mode 2 st 0 gl 0 hp 100 frg 0
ARGLOG Romero t  44.0 pos '1897.7 558.7 -88.0' spd  34.4 yaw 143 mode 2 st 5 gl 0 hp 100 frg 0
ARGLOG Carmack t  44.0 pos '552.0 391.3  56.0' spd  40.5 yaw 5 mode 2 st 3 gl 0 hp 100 frg 0
ARGUS Carmack wallslide
ARGEVT Romero hazard
ARGEVT Carmack hazard
ARGLOG Joe Rogan t  44.5 pos '1056.0  59.2 -240.0' spd   7.9 yaw 254 mode 2 st 0 gl 0 hp 100 frg 0
ARGLOG Romero t  44.5 pos '1914.7 558.4 -88.0' spd  31.7 yaw 144 mode 2 st 5 gl 0 hp 100 frg 0
ARGLOG Carmack t  44.5 pos '552.0 372.2  56.0' spd  34.6 yaw 8 mode 2 st 3 gl 0 hp 100 frg 0
ARGUS Romero wallslide
ARGEVT Joe Rogan stall
ARGEVT Joe Rogan stallnode '901.0  65.0 -184.0'
ARGLOG Joe Rogan t  45.0 pos '1056.0  64.1 -240.0' spd  17.9 yaw 151.8 mode 0 st 1 gl 0 hp 100 frg 0
ARGLOG Romero t  45.0 pos '1858.7 559.9 -88.0' spd 325.6 yaw 139 mode 2 st 5 gl 0 hp 100 frg 0
ARGLOG Carmack t  45.0 pos '552.0 355.0  56.0' spd  32.0 yaw 12 mode 2 st 3 gl 0 hp 100 frg 0
ARGUS routecache adopt
ARGEVT Joe Rogan route 10 start '1093.0  65.0 -392.0' goal '1509.0 481.0 -88.0'
ARGUS Carmack wallslide
ARGEVT Romero hazard
ARGEVT Carmack hazard
ARGLOG Joe Rogan t  45.5 pos '1056.0  75.2 -213.6' spd   6.6 yaw 256 mode 2 st 1 gl 0 hp 100 frg 0
ARGLOG Romero t  45.5 pos '1794.9 557.1 -88.0' spd  34.8 yaw 132 mode 2 st 5 gl 0 hp 100 frg 0
ARGLOG Carmack t  45.5 pos '552.0 338.8  56.0' spd  30.4 yaw 15 mode 2 st 3 gl 0 hp 100 frg 0
ARGEVT Joe Rogan swim
ARGEVT Joe Rogan swim
ARGEVT Joe Rogan swim
ARGLOG Joe Rogan t  46.0 pos '1056.0  67.4 -207.5' spd  35.1 yaw 255 mode 2 st 1 gl 0 hp 100 frg 0
ARGLOG Romero t  46.0 pos '1778.5 552.1 -88.0' spd  31.3 yaw 129 mode 2 st 5 gl 0 hp 100 frg 0
ARGLOG Carmack t  46.0 pos '552.0 323.2  56.0' spd  29.4 yaw 18 mode 2 st 3 gl 0 hp 100 frg 0
ARGEVT Joe Rogan swim
ARGEVT Joe Rogan swim
ARGUS Carmack wallslide
ARGEVT Joe Rogan stall
ARGEVT Joe Rogan stallnode '901.0  65.0 -184.0'
ARGEVT Joe Rogan swim
ARGEVT Romero hazard
ARGEVT Joe Rogan swim
ARGUS routecache adopt
ARGEVT Joe Rogan route 7 start '1221.0   1.0 -168.0' goal '1509.0 481.0 -88.0'
ARGLOG Joe Rogan t  46.5 pos '1056.0  71.2 -207.0' spd  49.8 yaw 340 mode 2 st 2 gl 0 hp 100 frg 0
ARGLOG Romero t  46.5 pos '1755.3 557.0 -88.0' spd  45.5 yaw 126 mode 2 st 5 gl 0 hp 100 frg 0
ARGLOG Carmack t  46.5 pos '552.0 435.2  56.0' spd 341.8 yaw 357 mode 2 st 3 gl 0 hp 100 frg 0
ARGEVT Joe Rogan swim
ARGEVT Joe Rogan swim
ARGEVT Carmack hazard
ARGUS Romero wallslide
ARGEVT Joe Rogan swim
ARGEVT Joe Rogan swim
ARGLOG Joe Rogan t  47.1 pos '1065.1 103.0 -208.0' spd  90.1 yaw 335 mode 2 st 2 gl 0 hp 100 frg 0
ARGLOG Romero t  47.1 pos '1736.9 559.9 -88.0' spd  29.9 yaw 124 mode 2 st 5 gl 0 hp 100 frg 0
ARGLOG Carmack t  47.1 pos '552.0 494.3  56.0' spd  44.8 yaw 345 mode 2 st 3 gl 0 hp 100 frg 0
ARGEVT Joe Rogan swim
ARGEVT Joe Rogan swim
ARGEVT Joe Rogan swim
ARGUS Carmack wallslide
ARGEVT Joe Rogan swim
ARGEVT Romero hazard
ARGEVT Joe Rogan swim
ARGLOG Joe Rogan t  47.6 pos '1108.8 121.9 -206.9' spd  96.4 yaw 329 mode 2 st 2 gl 0 hp 100 frg 0
ARGLOG Romero t  47.6 pos '1721.6 559.9 -88.0' spd  28.8 yaw 121 mode 2 st 5 gl 0 hp 100 frg 0
ARGLOG Carmack t  47.6 pos '552.0 515.3  56.0' spd  36.5 yaw 341 mode 2 st 3 gl 0 hp 100 frg 0
ARGEVT Joe Rogan swim
ARGEVT Joe Rogan swim
ARGEVT Carmack hazard
ARGUS Romero wallslide
ARGEVT Joe Rogan swim
ARGEVT Joe Rogan swim
ARGEVT Joe Rogan swim
ARGLOG Joe Rogan t  48.1 pos '1159.5 124.3 -208.0' spd 105.1 yaw 324 mode 2 st 2 gl 0 hp 100 frg 0
ARGLOG Romero t  48.1 pos '1707.1 559.9 -88.0' spd  27.8 yaw 119 mode 2 st 5 gl 0 hp 100 frg 0
ARGLOG Carmack t  48.1 pos '552.0 533.0  56.0' spd  33.3 yaw 338 mode 2 st 3 gl 0 hp 100 frg 0
ARGEVT Joe Rogan swim
ARGEVT Joe Rogan swim
ARGUS Carmack wallslide
ARGEVT Joe Rogan swim
ARGEVT Joe Rogan swim
ARGLOG Joe Rogan t  48.6 pos '1212.7 109.6 -207.6' spd 110.9 yaw 344 mode 2 st 2 gl 0 hp 100 frg 0
ARGLOG Romero t  48.6 pos '1847.8 560.0 -88.0' spd 223.9 yaw 138 mode 2 st 5 gl 0 hp 100 frg 0
ARGLOG Carmack t  48.6 pos '552.0 549.7  56.0' spd  31.0 yaw 336 mode 2 st 3 gl 0 hp 100 frg 0
ARGEVT Joe Rogan swim
ARGEVT Romero hazard
ARGEVT Joe Rogan swim
ARGEVT Carmack hazard
ARGEVT Joe Rogan swim
ARGUS Romero wallslide
ARGEVT Joe Rogan swim
ARGEVT Joe Rogan swim
ARGLOG Joe Rogan t  49.1 pos '1267.6  81.2 -207.0' spd 134.8 yaw 345 mode 2 st 2 gl 0 hp 100 frg 0
ARGLOG Romero t  49.1 pos '1880.1 560.0 -88.0' spd  39.9 yaw 141 mode 2 st 5 gl 0 hp 100 frg 0
ARGLOG Carmack t  49.1 pos '552.0 565.3  56.0' spd  29.7 yaw 333 mode 2 st 3 gl 0 hp 100 frg 0
ARGEVT Joe Rogan swim
ARGEVT Joe Rogan swim
ARGUS Carmack wallslide
ARGEVT Joe Rogan swim
ARGEVT Joe Rogan swim
ARGLOG Joe Rogan t  49.6 pos '1328.2  48.0 -186.9' spd 109.3 yaw 347 mode 2 st 2 gl 0 hp 100 frg 0
ARGLOG Romero t  49.6 pos '1898.8 560.0 -88.0' spd  34.2 yaw 143 mode 2 st 5 gl 0 hp 100 frg 0
ARGLOG Carmack t  49.6 pos '552.0 580.3  56.0' spd  28.9 yaw 331 mode 2 st 3 gl 0 hp 100 frg 0
ARGEVT Romero hazard
ARGUS Romero wallslide
ARGLOG Joe Rogan t  50.1 pos '1384.2  48.0 -180.6' spd 109.3 yaw 345 mode 2 st 2 gl 0 hp 100 frg 0
ARGLOG Romero t  50.1 pos '1915.8 560.0 -88.0' spd  31.7 yaw 144 mode 2 st 5 gl 0 hp 100 frg 0
ARGLOG Carmack t  50.1 pos '552.0 467.2  56.0' spd 360.1 yaw 351 mode 2 st 3 gl 0 hp 100 frg 0
ARGEVT Joe Rogan swim
ARGUS routecache adopt
ARGEVT Joe Rogan route 6 start '1413.0 -63.0 -168.0' goal '1509.0 481.0 -88.0'
ARGEVT Carmack abandon
ARGEVT Joe Rogan swim
ARGEVT Carmack hazard
ARGUS Carmack wallslide
ARGEVT Carmack plan powerup via weapon
ARGEVT Carmack goal weapon_supernailgun
ARGEVT Carmack route 9 start '517.0 289.0  56.0' goal '-507.0 449.0 120.0'
ARGEVT Joe Rogan swim
ARGEVT Joe Rogan route 6 start '1413.0 -63.0 -168.0' goal '1509.0 481.0 -88.0'
ARGEVT Joe Rogan swim
ARGLOG Joe Rogan t  50.6 pos '1445.8  48.0 -207.2' spd 130.1 yaw 343 mode 2 st 2 gl 0 hp 100 frg 0
ARGLOG Romero t  50.6 pos '1832.2 560.0 -88.0' spd 268.4 yaw 137 mode 2 st 5 gl 0 hp 100 frg 0
ARGLOG Carmack t  50.6 pos '552.0 374.3  56.0' spd 325.7 yaw 149 mode 2 st 3 gl 0 hp 100 frg 0
ARGEVT Joe Rogan swim
ARGEVT Romero hazard
ARGEVT Joe Rogan swim
ARGLOG Joe Rogan t  51.1 pos '1465.6  47.1 -158.4' spd  53.1 yaw 342 mode 2 st 2 gl 0 hp 100 frg 0
ARGLOG Romero t  51.1 pos '1791.0 557.4 -88.0' spd  37.3 yaw 131 mode 2 st 5 gl 0 hp 100 frg 0
ARGLOG Carmack t  51.1 pos '453.2 237.0  56.0' spd 466.2 yaw 121 mode 2 st 3 gl 0 hp 100 frg 0
ARGEVT Carmack hazard
ARGUS Carmack wallslide
ARGUS routecache adopt
ARGEVT Joe Rogan route 6 start '1413.0 -63.0 -168.0' goal '1509.0 481.0 -88.0'
ARGLOG Joe Rogan t  51.6 pos '1397.6 -27.1 -168.0' spd 378.1 yaw 177.4 mode 0 st 2 gl 0 hp 100 frg 0
ARGLOG Romero t  51.6 pos '1773.0 554.2 -88.0' spd  32.8 yaw 129 mode 2 st 5 gl 0 hp 100 frg 0
ARGLOG Carmack t  51.6 pos '303.0 335.9  56.0' spd  68.4 yaw 101 mode 2 st 3 gl 0 hp 100 frg 0
ARGUS routecache adopt
ARGEVT Joe Rogan route 6 start '1413.0 -63.0 -168.0' goal '1509.0 481.0 -88.0'
ARGEVT Romero hazard
ARGEVT Joe Rogan route 7 start '1221.0   1.0 -168.0' goal '1509.0 481.0 -88.0'
ARGLOG Joe Rogan t  52.1 pos '1256.6  86.7 -170.5' spd 481.5 yaw 345 mode 2 st 2 gl 0 hp 100 frg 0
ARGLOG Romero t  52.1 pos '1759.3 552.6 -88.0' spd  74.3 yaw 126 mode 2 st 5 gl 0 hp 100 frg 0
ARGLOG Carmack t  52.1 pos '284.7 335.9  56.0' spd  36.2 yaw 96 mode 2 st 3 gl 0 hp 100 frg 0
ARGUS Romero wallslide
ARGEVT Joe Rogan swim
ARGEVT Carmack hazard
ARGEVT Joe Rogan swim
ARGUS Carmack wallslide
ARGEVT Joe Rogan swim
ARGLOG Joe Rogan t  52.6 pos '1277.0  90.0 -207.0' spd  63.5 yaw 344 mode 2 st 2 gl 0 hp 100 frg 0
ARGLOG Romero t  52.6 pos '1858.0 559.4 -88.0' spd  54.4 yaw 139 mode 2 st 5 gl 0 hp 100 frg 0
ARGLOG Carmack t  52.6 pos '267.5 335.9  56.0' spd  32.3 yaw 91 mode 2 st 3 gl 0 hp 100 frg 0
ARGEVT Joe Rogan swim
ARGEVT Romero hazard
ARGEVT Joe Rogan swim
ARGEVT Joe Rogan swim
ARGEVT Joe Rogan swim
ARGLOG Joe Rogan t  53.2 pos '1310.4  69.1 -208.2' spd  88.1 yaw 345 mode 2 st 2 gl 0 hp 100 frg 0
ARGEVT Joe Rogan swim
ARGLOG Romero t  53.2 pos '1880.3 558.2 -88.0' spd  37.9 yaw 141 mode 2 st 5 gl 0 hp 100 frg 0
ARGLOG Carmack t  53.2 pos '251.0 335.9  56.0' spd  31.2 yaw 87 mode 2 st 3 gl 0 hp 100 frg 0
ARGEVT Joe Rogan swim
ARGEVT Joe Rogan swim
ARGEVT Carmack hazard
ARGEVT Joe Rogan swim
ARGUS Carmack wallslide
ARGLOG Joe Rogan t  53.7 pos '1353.7  48.0 -171.5' spd  97.5 yaw 346 mode 2 st 2 gl 0 hp 100 frg 0
ARGLOG Romero t  53.7 pos '1898.6 557.3 -88.0' spd  33.3 yaw 143 mode 2 st 5 gl 0 hp 100 frg 0
ARGLOG Carmack t  53.7 pos '235.8 335.9  56.0' spd  26.8 yaw 83 mode 2 st 3 gl 0 hp 100 frg 0
ARGEVT Romero hazard
ARGUS routecache adopt
ARGEVT Joe Rogan route 6 start '1413.0 -63.0 -168.0' goal '1509.0 481.0 -88.0'
ARGLOG Joe Rogan t  54.2 pos '1414.9  13.6 -168.0' spd 337.8 yaw 332.9 mode 0 st 2 gl 0 hp 100 frg 0
ARGLOG Romero t  54.2 pos '1915.5 556.4 -88.0' spd  33.9 yaw 144 mode 2 st 5 gl 0 hp 100 frg 0
ARGLOG Carmack t  54.2 pos '389.6 335.9  56.0' spd 317.6 yaw 121 mode 2 st 3 gl 0 hp 100 frg 0
ARGUS routecache adopt
ARGEVT Joe Rogan route 6 start '1413.0 -63.0 -168.0' goal '1509.0 481.0 -88.0'
ARGUS Romero wallslide
ARGEVT Joe Rogan route 6 start '1605.0   1.0 -168.0' goal '1509.0 481.0 -88.0'
ARGEVT Carmack hazard
ARGUS Carmack wallslide
ARGLOG Joe Rogan t  54.7 pos '1592.0   4.0 -168.0' spd 330.2 yaw 8 mode 2 st 2 gl 0 hp 100 frg 0
ARGLOG Romero t  54.7 pos '1838.4 559.8 -88.0' spd 297.4 yaw 137 mode 2 st 5 gl 0 hp 100 frg 0
ARGLOG Carmack t  54.7 pos '452.5 336.0  56.0' spd  26.2 yaw 132 mode 2 st 3 gl 0 hp 100 frg 0
ARGEVT Romero hazard
ARGLOG Joe Rogan t  55.2 pos '1765.2 -11.2 -168.0' spd 354.5 yaw 46 mode 2 st 2 gl 0 hp 100 frg 0
ARGLOG Romero t  55.2 pos '1790.7 556.9 -88.0' spd  36.8 yaw 131 mode 2 st 5 gl 0 hp 100 frg 0
ARGLOG Carmack t  55.2 pos '458.3 336.0  56.0' spd  11.7 yaw 133 mode 2 st 3 gl 0 hp 100 frg 0
ARGEVT Carmack stall
ARGEVT Carmack stallnode '421.0 513.0  56.0'
ARGEVT Carmack jump
ARGLOG Joe Rogan t  55.7 pos '1931.1  21.0 -168.0' spd 325.8 yaw 74 mode 2 st 2 gl 0 hp 100 frg 0
ARGLOG Romero t  55.7 pos '1774.2 552.5 -88.0' spd  31.4 yaw 128 mode 2 st 5 gl 0 hp 100 frg 0
ARGLOG Carmack t  55.7 pos '456.0 336.0  87.7' spd  43.9 yaw 152.6 mode 0 st 4 gl 0 hp 100 frg 0
ARGEVT Carmack route 9 start '517.0 289.0  56.0' goal '-507.0 449.0 120.0'
ARGEVT Romero hazard
ARGEVT Romero abandon
ARGEVT Romero goal item_health
ARGEVT Romero route 2 start '1669.0 513.0 -88.0' goal '1829.0 641.0 -180.0'
ARGEVT Joe Rogan route 4 start '1957.0 193.0 -88.0' goal '1509.0 481.0 -88.0'
ARGLOG Joe Rogan t  56.2 pos '2011.1 161.8 -104.0' spd 338.0 yaw 125.4 mode 0 st 2 gl 0 hp 100 frg 0
ARGLOG Romero t  56.2 pos '1826.7 512.2 -88.0' spd 384.4 yaw 0 mode 2 st 5 gl 0 hp 100 frg 0
ARGLOG Carmack t  56.2 pos '432.4 327.3  56.0' spd  78.9 yaw 93 mode 2 st 4 gl 0 hp 100 frg 0
ARGUS routecache adopt
ARGEVT Joe Rogan route 3 start '1989.0 225.0 -88.0' goal '1509.0 481.0 -88.0'
ARGEVT Carmack hazard
ARGUS Joe Rogan wallslide
ARGLOG Joe Rogan t  56.7 pos '1936.1 317.3 -88.0' spd 315.6 yaw 143 mode 2 st 2 gl 0 hp 100 frg 0
ARGLOG Romero t  56.7 pos '1844.1 429.7 -88.0' spd 320.0 yaw 45 mode 2 st 5 gl 0 hp 100 frg 0
ARGLOG Carmack t  56.7 pos '541.9 334.2  56.0' spd 326.9 yaw 143 mode 2 st 4 gl 0 hp 100 frg 0
ARGEVT Romero engage Joe Rogan
ARGEVT Romero weapon sg
ARGUS Romero threatmove range 2
ARGEVT Joe Rogan engage Romero
ARGUS Joe Rogan threatmove range 2
ARGEVT Romero weapon rl
ARGUS Joe Rogan threatmove range 3
ARGUS Romero wallslide
ARGLOG Joe Rogan t  57.3 pos '1934.7 479.4 -88.0' spd 336.8 yaw 198.6 mode 2 st 2 gl 0 hp 100 frg 0
ARGLOG Romero t  57.3 pos '1754.2 400.0 -88.0' spd 104.2 yaw  19.6 mode 2 st 5 gl 0 hp 100 frg 0
ARGLOG Carmack t  57.3 pos '474.7 495.0  56.0' spd 347.7 yaw 165 mode 2 st 4 gl 0 hp 100 frg 0
ARGEVT Joe Rogan hazard
ARGEVT Romero weapon sg
ARGUS Joe Rogan threatmove range 2
ARGUS Joe Rogan wallslide
ARGLOG Joe Rogan t  57.8 pos '1819.6 560.0 -88.0' spd 240.1 yaw 242.3 mode 2 st 2 gl 0 hp 100 frg 0
ARGLOG Romero t  57.8 pos '1746.4 449.2 -88.0' spd 312.7 yaw  42.6 mode 2 st 5 gl 0 hp 76 frg 0
ARGLOG Carmack t  57.8 pos '318.1 555.3  56.0' spd 320.1 yaw 170 mode 2 st 4 gl 0 hp 100 frg 0
ARGEVT Romero grab weapon_rocketlauncher
ARGEVT Romero weapon rl
ARGUS Joe Rogan threatmove range 3
ARGLOG Joe Rogan t  58.3 pos '1792.1 433.7 -88.0' spd 325.5 yaw 171.9 mode 2 st 2 gl 0 hp 100 frg 0
ARGLOG Romero t  58.3 pos '1574.6 472.4 -88.0' spd 323.4 yaw 358.0 mode 0 st 5 gl 0 hp 72 frg 0
ARGLOG Carmack t  58.3 pos '157.2 589.6  56.0' spd 320.0 yaw 172 mode 2 st 4 gl 0 hp 100 frg 0
ARGEVT Romero route 3 start '1509.0 481.0 -88.0' goal '1829.0 641.0 -180.0'
ARGUS Romero leadclip
ARGEVT Romero hazard
ARGEVT Joe Rogan plan powerup via weapon
ARGEVT Joe Rogan goal weapon_lightning
ARGEVT Joe Rogan route 8 start '1765.0 385.0 -64.0' goal '1541.0 -191.0 -392.0'
ARGEVT Joe Rogan death Romero pos '1752.1 400.0 -88.0'
ARGUS Romero watch spawn
ARGLOG Romero t  58.8 pos '1646.7 544.5 -88.0' spd 345.9 yaw 335.8 mode 0 st 5 gl 0 hp 72 frg 1
ARGLOG Carmack t  58.8 pos ' -4.6 617.3  40.0' spd 320.0 yaw 159 mode 2 st 4 gl 0 hp 100 frg 0
ARGEVT Romero goal item_health
ARGEVT Romero route 2 start '1669.0 513.0 -88.0' goal '1829.0 641.0 -180.0'
ARGLOG Romero t  59.3 pos '1809.0 492.3 -88.0' spd 349.3 yaw 82 mode 2 st 5 gl 0 hp 72 frg 1
ARGLOG Carmack t  59.3 pos '-164.3 637.8   8.0' spd 320.1 yaw 151 mode 2 st 4 gl 0 hp 100 frg 0
ARGEVT Carmack hazard
ARGEVT Romero hazard
ARGLOG Romero t  59.8 pos '1980.3 529.5 -88.0' spd 247.7 yaw 133.1 mode 2 st 5 gl 0 hp 72 frg 1
ARGLOG Carmack t  59.8 pos '-294.9 717.7 -16.0' spd 387.9 yaw 241 mode 2 st 4 gl 0 hp 100 frg 0
ARGUS Carmack wallslide
ARGEVT Joe Rogan respawn
ARGLOG Joe Rogan t  60.1 pos '512.0 768.0 216.0' spd 0 yaw 224.6 mode 0 st 2 gl 0 hp 100 frg 0
ARGEVT Joe Rogan plan powerup via weapon
ARGEVT Joe Rogan goal weapon_lightning
ARGEVT Joe Rogan route 15 start '517.0 801.0 216.0' goal '1541.0 -191.0 -392.0'
ARGLOG Romero t  60.3 pos '1883.6 507.3 -88.0' spd 322.5 yaw 207 mode 2 st 5 gl 0 hp 72 frg 1
ARGLOG Carmack t  60.3 pos '-412.8 746.2 -16.0' spd 349.6 yaw 271 mode 2 st 4 gl 0 hp 100 frg 0
ARGLOG Joe Rogan t  60.6 pos '472.7 624.8 216.0' spd 325.1 yaw 315 mode 2 st 2 gl 0 hp 100 frg 0
ARGEVT Joe Rogan hazard
ARGEVT Romero hazard
ARGLOG Romero t  60.8 pos '1714.0 531.8 -88.0' spd 461.2 yaw  66.2 mode 2 st 5 gl 0 hp 72 frg 1
ARGLOG Carmack t  60.8 pos '-420.0 584.4 -16.0' spd 320.8 yaw 278 mode 2 st 4 gl 0 hp 100 frg 0
ARGEVT Carmack jump
ARGLOG Joe Rogan t  61.1 pos '495.1 592.0 158.9' spd  43.9 yaw 317 mode 2 st 2 gl 0 hp 100 frg 0
ARGEVT Carmack hazard
ARGLOG Romero t  61.3 pos '1748.5 527.5 -88.0' spd 344.5 yaw   7.2 mode 2 st 5 gl 0 hp 72 frg 1
ARGLOG Carmack t  61.3 pos '-402.2 428.1 -16.0' spd 193.6 yaw 130 mode 2 st 4 gl 0 hp 100 frg 0
ARGUS Carmack wallslide
ARGUS Romero jumpapproach 0 actual 424.1
ARGEVT Romero jump
ARGLOG Joe Rogan t  61.6 pos '438.9 539.8  56.0' spd 331.5 yaw 343 mode 2 st 2 gl 0 hp 100 frg 0
ARGEVT Carmack jump
ARGEVT Joe Rogan hazard
ARGLOG Romero t  61.9 pos '1824.6 560.0 -47.4' spd  83.6 yaw 86 mode 2 st 5 gl 0 hp 72 frg 1
ARGLOG Carmack t  61.9 pos '-409.7 539.1  -1.7' spd 327.4 yaw 202 mode 2 st 4 gl 0 hp 100 frg 0
ARGLOG Joe Rogan t  62.1 pos '533.8 469.9  56.0' spd 339.1 yaw 351 mode 2 st 2 gl 0 hp 100 frg 0
ARGUS Joe Rogan wallslide
ARGEVT Romero hazard
ARGLOG Romero t  62.4 pos '1820.7 560.0 -88.0' spd   3.1 yaw 84 mode 2 st 5 gl 0 hp 72 frg 1
ARGLOG Carmack t  62.4 pos '-437.0 568.3 -16.0' spd 337.4 yaw 236 mode 2 st 4 gl 0 hp 100 frg 0
ARGEVT Carmack jump
ARGLOG Joe Rogan t  62.6 pos '551.9 527.2  56.0' spd  34.4 yaw 339 mode 2 st 2 gl 0 hp 100 frg 0
ARGEVT Joe Rogan hazard
ARGEVT Carmack hazard
ARGUS Carmack wallslide
ARGLOG Romero t  62.9 pos '1819.1 560.0 -88.0' spd   3.1 yaw 83 mode 2 st 5 gl 0 hp 72 frg 1
ARGLOG Carmack t  62.9 pos '-400.0 444.9 -16.0' spd 145.1 yaw 137 mode 2 st 4 gl 0 hp 100 frg 0
ARGLOG Joe Rogan t  63.1 pos '551.9 544.2  56.0' spd  31.4 yaw 336 mode 2 st 2 gl 0 hp 100 frg 0
ARGUS Joe Rogan wallslide
ARGEVT Romero hazard
ARGEVT Romero stall
ARGEVT Romero stallnode '1829.0 641.0 -180.0'
ARGLOG Romero t  63.4 pos '1817.4 560.0 -88.0' spd   3.1 yaw 246.2 mode 0 st 6 gl 0 hp 72 frg 1
ARGEVT Romero jump
ARGLOG Carmack t  63.4 pos '-438.6 601.7 -16.0' spd 250.8 yaw 248 mode 2 st 4 gl 0 hp 100 frg 0
ARGEVT Romero route 1 start '1925.0 513.0 -88.0' goal '1829.0 641.0 -180.0'
ARGEVT Carmack jump
ARGLOG Joe Rogan t  63.7 pos '551.9 560.2  56.0' spd  30.6 yaw 334 mode 2 st 2 gl 0 hp 100 frg 0
ARGEVT Joe Rogan hazard
ARGLOG Romero t  63.9 pos '1844.9 560.0 -57.4' spd  62.7 yaw 101 mode 2 st 6 gl 0 hp 72 frg 1
ARGLOG Carmack t  63.9 pos '-428.2 560.0  26.8' spd  69.1 yaw 226 mode 2 st 4 gl 0 hp 100 frg 0
ARGLOG Joe Rogan t  64.2 pos '551.9 575.7  56.0' spd  29.7 yaw 331 mode 2 st 2 gl 0 hp 100 frg 0
ARGUS Joe Rogan wallslide
ARGLOG Romero t  64.4 pos '1947.7 516.6 -88.0' spd 381.8 yaw  27.0 mode 2 st 6 gl 0 hp 72 frg 1
ARGLOG Carmack t  64.4 pos '-405.0 533.3 -16.0' spd 320.1 yaw 197 mode 2 st 4 gl 0 hp 100 frg 0
ARGEVT Carmack jump
ARGEVT Romero hazard
ARGUS Romero jumpapproach 0 actual 422.2
ARGEVT Romero jump
ARGUS Romero aircontrol
ARGLOG Joe Rogan t  64.7 pos '551.9 445.6  56.0' spd 280.1 yaw 355 mode 2 st 2 gl 0 hp 100 frg 0
ARGUS Carmack wallslide
ARGEVT Joe Rogan hazard
ARGEVT Carmack hazard
ARGLOG Romero t  64.9 pos '1878.0 544.0 -44.3' spd 358.0 yaw 116 mode 2 st 6 gl 0 hp 72 frg 1
ARGLOG Carmack t  64.9 pos '-447.4 436.2 -16.0' spd 251.2 yaw 109 mode 2 st 4 gl 0 hp 100 frg 0
ARGLOG Joe Rogan t  65.2 pos '551.9 400.7  56.0' spd  43.1 yaw 3 mode 2 st 2 gl 0 hp 100 frg 0
ARGEVT Carmack jump
ARGUS Romero wallslide
ARGUS Joe Rogan wallslide
ARGLOG Romero t  65.4 pos '1769.5 559.9 -88.0' spd 177.8 yaw 53 mode 2 st 6 gl 0 hp 72 frg 1
ARGLOG Carmack t  65.4 pos '-400.0 602.1  19.2' spd 105.7 yaw 230 mode 2 st 4 gl 0 hp 100 frg 0
ARGLOG Joe Rogan t  65.7 pos '551.9 380.4  56.0' spd  38.3 yaw 7 mode 2 st 2 gl 0 hp 100 frg 0
ARGEVT Romero hazard
ARGEVT Joe Rogan hazard
ARGLOG Romero t  65.9 pos '1855.8 558.8 -88.0' spd  43.3 yaw 108 mode 2 st 6 gl 0 hp 72 frg 1
ARGLOG Carmack t  65.9 pos '-400.3 587.1 -16.0' spd 108.5 yaw 225 mode 2 st 4 gl 0 hp 100 frg 0
ARGEVT Carmack jump
ARGLOG Joe Rogan t  66.2 pos '551.9 362.5  56.0' spd  32.9 yaw 10 mode 2 st 2 gl 0 hp 100 frg 0
ARGUS Joe Rogan wallslide
ARGLOG Romero t  66.5 pos '1875.4 555.0 -88.0' spd  34.9 yaw 118 mode 2 st 6 gl 0 hp 72 frg 1
ARGLOG Carmack t  66.5 pos '-443.7 435.7 -16.0' spd 409.0 yaw 112 mode 2 st 4 gl 0 hp 100 frg 0
ARGUS Carmack wallslide
ARGEVT Carmack hazard
ARGLOG Joe Rogan t  66.7 pos '551.9 346.0  56.0' spd  33.2 yaw 13 mode 2 st 2 gl 0 hp 100 frg 0
ARGEVT Romero hazard
ARGEVT Joe Rogan hazard
ARGEVT Carmack jump
ARGLOG Romero t  67.0 pos '1892.5 551.7 -88.0' spd  31.8 yaw 125 mode 2 st 6 gl 0 hp 72 frg 1
ARGLOG Carmack t  67.0 pos '-427.9 551.9  -1.0' spd 375.7 yaw 220 mode 2 st 4 gl 0 hp 100 frg 0
ARGLOG Joe Rogan t  67.2 pos '551.9 330.5  56.0' spd  29.6 yaw 16 mode 2 st 2 gl 0 hp 100 frg 0
ARGUS Joe Rogan wallslide
ARGLOG Romero t  67.5 pos '1881.0 557.7 -88.0' spd 301.9 yaw 121 mode 2 st 6 gl 0 hp 72 frg 1
ARGLOG Carmack t  67.5 pos '-404.7 536.0 -16.0' spd 321.9 yaw 199 mode 2 st 4 gl 0 hp 100 frg 0
ARGUS Romero wallslide
ARGEVT Carmack jump
ARGLOG Joe Rogan t  67.7 pos '551.9 315.3  56.0' spd  30.1 yaw 19 mode 2 st 2 gl 0 hp 100 frg 0
ARGEVT Romero hazard
ARGEVT Joe Rogan hazard
ARGLOG Romero t  68.0 pos '1795.2 559.8 -88.0' spd  50.4 yaw 67 mode 2 st 6 gl 0 hp 72 frg 1
ARGLOG Carmack t  68.0 pos '-448.0 404.7  27.6' spd  30.8 yaw 104 mode 2 st 4 gl 0 hp 100 frg 0
ARGLOG Joe Rogan t  68.2 pos '551.9 429.9  56.0' spd 366.2 yaw 358 mode 2 st 2 gl 0 hp 100 frg 0
ARGUS Joe Rogan wallslide
ARGEVT Carmack jump
ARGLOG Romero t  68.5 pos '1773.9 559.4 -88.0' spd  37.7 yaw 55 mode 2 st 6 gl 0 hp 72 frg 1
ARGLOG Carmack t  68.5 pos '-435.4 450.1 -12.3' spd 320.1 yaw 122 mode 2 st 4 gl 0 hp 100 frg 0
ARGLOG Joe Rogan t  68.8 pos '551.9 495.2  56.0' spd  45.3 yaw 345 mode 2 st 2 gl 0 hp 100 frg 0
ARGEVT Carmack hazard
ARGUS Carmack wallslide
ARGEVT Romero hazard
ARGEVT Joe Rogan hazard
ARGLOG Romero t  69.0 pos '1755.8 559.1 -88.0' spd  32.8 yaw 48 mode 2 st 6 gl 0 hp 72 frg 1
ARGLOG Carmack t  69.0 pos '-400.0 595.5 -16.0' spd  80.3 yaw 228 mode 2 st 4 gl 0 hp 100 frg 0
ARGLOG Joe Rogan t  69.3 pos '551.9 516.1  56.0' spd  36.6 yaw 341 mode 2 st 2 gl 0 hp 100 frg 0
ARGEVT Carmack jump
ARGUS Joe Rogan wallslide
ARGLOG Romero t  69.5 pos '1739.3 558.8 -88.0' spd  30.7 yaw 42 mode 2 st 6 gl 0 hp 72 frg 1
ARGLOG Carmack t  69.5 pos '-408.1 475.3 -10.4' spd 323.2 yaw 150 mode 2 st 4 gl 0 hp 100 frg 0
ARGUS Romero wallslide
ARGLOG Joe Rogan t  69.8 pos '551.9 534.0  56.0' spd  33.0 yaw 338 mode 2 st 2 gl 0 hp 100 frg 0
ARGEVT Carmack hazard
ARGEVT Joe Rogan hazard
ARGLOG Romero t  70.0 pos '1850.9 559.7 -88.0' spd 123.0 yaw 105 mode 2 st 6 gl 0 hp 72 frg 1
ARGLOG Carmack t  70.0 pos '-431.4 455.2 -16.0' spd 321.1 yaw 127 mode 2 st 4 gl 0 hp 100 frg 0
ARGEVT Romero hazard
ARGEVT Carmack jump
ARGLOG Joe Rogan t  70.3 pos '551.9 550.7  56.0' spd  33.1 yaw 335 mode 2 st 2 gl 0 hp 100 frg 0
ARGUS Joe Rogan wallslide
ARGUS Carmack wallslide
ARGEVT Carmack abandon
ARGLOG Romero t  70.5 pos '1874.1 556.6 -88.0' spd  32.3 yaw 118 mode 2 st 6 gl 0 hp 72 frg 1
ARGLOG Carmack t  70.5 pos '-402.4 586.4 -16.0' spd  82.4 yaw 229.7 mode 0 st 4 gl 0 hp 100 frg 0
ARGEVT Carmack plan powerup via weapon
ARGEVT Carmack goal weapon_rocketlauncher
ARGEVT Carmack route 19 start '-411.0 513.0 -16.0' goal '1509.0 481.0 -88.0'
ARGLOG Joe Rogan t  70.8 pos '551.9 566.6  56.0' spd  29.8 yaw 333 mode 2 st 2 gl 0 hp 100 frg 0
ARGEVT Carmack hazard
ARGEVT Joe Rogan hazard
ARGLOG Romero t  71.0 pos '1871.1 558.5 -88.0' spd 235.9 yaw 117 mode 2 st 6 gl 0 hp 72 frg 1
ARGLOG Carmack t  71.0 pos '-447.6 526.2 -16.0' spd 277.0 yaw 26 mode 2 st 4 gl 0 hp 100 frg 0
ARGUS Romero wallslide
ARGLOG Joe Rogan t  71.3 pos '551.9 579.4  56.0' spd  65.2 yaw 331 mode 2 st 2 gl 0 hp 100 frg 0
ARGEVT Romero hazard
ARGEVT Joe Rogan stall
ARGEVT Joe Rogan stallnode '645.0 449.0  56.0'
ARGEVT Joe Rogan jump
ARGEVT Joe Rogan route 14 start '517.0 641.0  56.0' goal '1541.0 -191.0 -392.0'
ARGLOG Romero t  71.5 pos '1796.4 560.0 -88.0' spd  51.4 yaw 68 mode 2 st 6 gl 0 hp 72 frg 1
ARGLOG Carmack t  71.5 pos '-426.0 686.4 -16.0' spd 320.1 yaw 348 mode 2 st 4 gl 0 hp 100 frg 0
ARGEVT Carmack engage Joe Rogan
ARGLOG Joe Rogan t  71.8 pos '548.8 499.1  92.1' spd 166.6 yaw 333 mode 2 st 3 gl 0 hp 100 frg 0
ARGLOG Romero t  72.0 pos '1774.3 560.0 -88.0' spd  38.3 yaw 55 mode 2 st 6 gl 0 hp 72 frg 1
ARGLOG Carmack t  72.0 pos '-317.9 764.4 -16.0' spd 326.9 yaw 347.6 mode 2 st 4 gl 0 hp 100 frg 0
ARGEVT Carmack pursue
ARGLOG Joe Rogan t  72.3 pos '444.1 484.2  56.0' spd 357.1 yaw 351 mode 2 st 3 gl 0 hp 100 frg 0
ARGEVT Romero hazard
ARGLOG Romero t  72.6 pos '1756.0 560.0 -88.0' spd  36.0 yaw 47 mode 2 st 6 gl 0 hp 72 frg 1
ARGLOG Carmack t  72.6 pos '-157.9 726.7   8.0' spd 320.0 yaw 343 mode 2 st 4 gl 0 hp 100 frg 0
ARGUS Carmack wallslide
ARGEVT Joe Rogan engage Carmack
ARGUS Joe Rogan threatmove range 2
ARGUS Carmack threatmove range 2
ARGLOG Joe Rogan t  72.8 pos '424.3 643.3  56.0' spd  57.0 yaw 223.1 mode 2 st 3 gl 0 hp 100 frg 0
ARGLOG Romero t  73.1 pos '1739.4 560.0 -88.0' spd  31.0 yaw 42 mode 2 st 6 gl 0 hp 72 frg 1
ARGLOG Carmack t  73.1 pos '-72.3 594.6  40.0' spd 321.3 yaw   1.6 mode 2 st 4 gl 0 hp 88 frg 0
ARGUS Romero wallslide
ARGEVT Romero stall
ARGEVT Romero stallnode '1829.0 641.0 -180.0'
ARGEVT Romero jump
ARGLOG Joe Rogan t  73.4 pos '382.0 501.6  56.0' spd 172.3 yaw 177.5 mode 2 st 3 gl 0 hp 100 frg 0
ARGEVT Romero route 2 start '1669.0 513.0 -88.0' goal '1829.0 641.0 -180.0'
ARGLOG Romero t  73.6 pos '1787.6 560.0 -46.4' spd 171.1 yaw 62 mode 2 st 7 gl 0 hp 72 frg 1
ARGLOG Carmack t  73.6 pos '-40.2 450.0  40.0' spd  75.7 yaw   3.9 mode 2 st 4 gl 0 hp 88 frg 0
ARGEVT Joe Rogan pursue
ARGEVT Carmack pursue
ARGLOG Joe Rogan t  73.9 pos '273.1 600.4  56.0' spd 354.4 yaw 196.9 mode 0 st 3 gl 0 hp 100 frg 0
ARGEVT Joe Rogan route 14 start '261.0 545.0  56.0' goal '1541.0 -191.0 -392.0'
ARGLOG Romero t  74.1 pos '1880.9 552.5 -88.0' spd 331.4 yaw 120 mode 2 st 7 gl 0 hp 72 frg 1
ARGLOG Carmack t  74.1 pos ' 38.8 575.0  40.0' spd 322.7 yaw   8.3 mode 2 st 4 gl 0 hp 88 frg 0
ARGEVT Joe Rogan hazard
ARGEVT Carmack hazard
ARGLOG Joe Rogan t  74.4 pos '233.8 542.4  56.0' spd 214.2 yaw 136.0 mode 2 st 3 gl 0 hp 84 frg 0
ARGEVT Romero hazard
ARGUS Romero wallslide
ARGLOG Romero t  74.6 pos '1975.5 543.4 -88.0' spd 269.2 yaw 109.9 mode 2 st 7 gl 0 hp 72 frg 1
ARGLOG Carmack t  74.6 pos '111.2 599.5  56.0' spd 320.0 yaw 353.2 mode 2 st 4 gl 0 hp 64 frg 0
ARGLOG Joe Rogan t  74.9 pos '211.7 670.2  56.0' spd 181.1 yaw 243.4 mode 2 st 3 gl 0 hp 84 frg 0
ARGLOG Romero t  75.1 pos '1811.0 559.6 -88.0' spd 203.9 yaw 77 mode 2 st 7 gl 0 hp 72 frg 1
ARGLOG Carmack t  75.1 pos '207.7 547.6  56.0' spd 121.1 yaw  97.2 mode 2 st 4 gl 0 hp 40 frg 0
ARGLOG Joe Rogan t  75.4 pos '207.2 668.3  56.0' spd 321.1 yaw 303.0 mode 2 st 3 gl 0 hp 60 frg 0
ARGUS Joe Rogan wallslide
ARGEVT Romero hazard
ARGUS Carmack threatmove retreat 2
ARGEVT Carmack retreat
ARGUS Romero wallslide
ARGLOG Romero t  75.6 pos '1779.5 560.0 -88.0' spd  39.6 yaw 58 mode 2 st 7 gl 0 hp 72 frg 1
ARGLOG Carmack t  75.6 pos '347.2 534.3  56.0' spd 320.2 yaw 118.2 mode 2 st 4 gl 0 hp 16 frg 0
ARGEVT Joe Rogan hazard
ARGLOG Joe Rogan t  75.9 pos '374.2 666.3  56.0' spd 328.2 yaw 299.0 mode 2 st 3 gl 0 hp 36 frg 0
ARGEVT Carmack death Joe Rogan pos '478.9 515.0  56.0'
ARGUS Joe Rogan watch spawn
ARGLOG Romero t  76.1 pos '1761.0 560.0 -88.0' spd  34.0 yaw 49 mode 2 st 7 gl 0 hp 72 frg 1
ARGEVT Joe Rogan plan powerup via weapon
ARGEVT Joe Rogan goal weapon_rocketlauncher
ARGEVT Joe Rogan route 14 start '421.0 513.0  56.0' goal '1509.0 481.0 -88.0'
ARGLOG Joe Rogan t  76.4 pos '357.1 554.8  56.0' spd 353.0 yaw 340 mode 2 st 3 gl 0 hp 36 frg 1
ARGEVT Romero hazard
ARGUS Romero wallslide
ARGLOG Romero t  76.6 pos '1744.2 560.0 -88.0' spd  31.1 yaw 43 mode 2 st 7 gl 0 hp 72 frg 1
ARGLOG Joe Rogan t  76.9 pos '488.9 485.4  56.0' spd 379.9 yaw  43.1 mode 2 st 3 gl 0 hp 36 frg 1
ARGEVT Joe Rogan hazard
ARGLOG Romero t  77.1 pos '1728.6 560.0 -88.0' spd  28.9 yaw 38 mode 2 st 7 gl 0 hp 72 frg 1
ARGLOG Joe Rogan t  77.4 pos '471.7 636.5  56.0' spd 454.0 yaw 207.2 mode 2 st 3 gl 0 hp 36 frg 1
ARGEVT Carmack respawn
ARGLOG Carmack t  77.6 pos '-632.0 -680.0 -16.0' spd 0 yaw  87.6 mode 0 st 4 gl 0 hp 100 frg 0
ARGUS Romero wallslide
ARGEVT Carmack plan powerup via weapon
ARGEVT Carmack goal weapon_lightning
ARGEVT Carmack route 20 start '-635.0 -735.0 -16.0' goal '1541.0 -191.0 -392.0'
ARGLOG Romero t  77.6 pos '1781.4 560.0 -88.0' spd 361.5 yaw 59 mode 2 st 7 gl 0 hp 72 frg 1
ARGEVT Romero hazard
ARGLOG Joe Rogan t  77.9 pos '366.0 506.5  56.0' spd 431.4 yaw 350 mode 2 st 3 gl 0 hp 36 frg 1
ARGLOG Carmack t  78.1 pos '-621.2 -534.5 -16.0' spd 321.6 yaw  84.3 mode 0 st 4 gl 0 hp 100 frg 0
ARGLOG Romero t  78.1 pos '1868.6 560.0 -88.0' spd  44.7 yaw 116 mode 2 st 7 gl 0 hp 72 frg 1
ARGUS routecache adopt
ARGEVT Carmack route 19 start '-635.0 -511.0 -16.0' goal '1541.0 -191.0 -392.0'
ARGEVT Carmack hazard
ARGUS routecache adopt
ARGEVT Carmack route 19 start '-635.0 -511.0 -16.0' goal '1541.0 -191.0 -392.0'
ARGEVT Joe Rogan hazard
ARGLOG Joe Rogan t  78.5 pos '528.8 514.8  56.0' spd 378.0 yaw  89.5 mode 2 st 3 gl 0 hp 36 frg 1
ARGLOG Carmack t  78.6 pos '241.8 -302.2  71.7' spd 300 yaw 4 mode 0 st 4 gl 0 hp 100 frg 0
ARGUS Romero wallslide
ARGUS routecache adopt
ARGEVT Carmack route 18 start '197.0 -351.0  60.0' goal '1541.0 -191.0 -392.0'
ARGLOG Romero t  78.6 pos '1888.7 560.0 -88.0' spd  35.8 yaw 126 mode 2 st 7 gl 0 hp 72 frg 1
ARGEVT Romero abandon
ARGEVT Romero goal item_health
ARGEVT Romero route 10 start '1925.0 513.0 -88.0' goal '549.0 -63.0 -168.0'
ARGEVT Romero hazard
ARGLOG Joe Rogan t  79.0 pos '407.1 634.1  56.0' spd 473.3 yaw 248 mode 2 st 3 gl 0 hp 36 frg 1
ARGUS routecache adopt
ARGEVT Romero route 10 start '1925.0 513.0 -88.0' goal '549.0 -63.0 -168.0'
ARGLOG Carmack t  79.1 pos '266.0 -278.0  60.0' spd 300 yaw 98 mode 2 st 4 gl 0 hp 100 frg 0
ARGLOG Romero t  79.2 pos '1858.3 558.6 -88.0' spd 336.8 yaw 205 mode 0 st 7 gl 0 hp 72 frg 1
ARGUS routecache adopt
ARGEVT Romero route 10 start '1925.0 513.0 -88.0' goal '549.0 -63.0 -168.0'
ARGLOG Joe Rogan t  79.5 pos '408.9 492.8  56.0' spd 321.1 yaw 350 mode 2 st 3 gl 0 hp 36 frg 1
ARGLOG Carmack t  79.6 pos '259.0 -150.6  56.0' spd 320.0 yaw 72 mode 2 st 4 gl 0 hp 100 frg 0
ARGLOG Romero t  79.7 pos '1737.8 439.4 -88.0' spd 463.1 yaw 320 mode 2 st 7 gl 0 hp 72 frg 1
ARGUS Romero wallslide
ARGEVT Carmack engage Joe Rogan
ARGEVT Carmack grab item_artifact_invisibility
ARGEVT Joe Rogan engage Carmack
ARGUS Carmack threatmove range 2
ARGUS Joe Rogan threatmove range 2
ARGLOG Joe Rogan t  80.0 pos '529.7 417.8  56.0' spd 397.8 yaw 235.6 mode 2 st 3 gl 0 hp 36 frg 1
ARGLOG Carmack t  80.1 pos '236.5  17.6  56.0' spd 341.8 yaw  57.0 mode 2 st 4 gl 0 hp 100 frg 0
ARGLOG Romero t  80.2 pos '1886.5 446.6 -88.0' spd 340.6 yaw 295 mode 2 st 7 gl 0 hp 72 frg 1
ARGEVT Joe Rogan pursue
ARGLOG Joe Rogan t  80.5 pos '458.3 307.1  56.0' spd 329.0 yaw 242 mode 2 st 3 gl 0 hp 28 frg 1
ARGEVT Romero hazard
ARGLOG Carmack t  80.6 pos '174.2 167.6  56.0' spd 327.1 yaw  31.5 mode 2 st 4 gl 0 hp 100 frg 0
ARGLOG Romero t  80.7 pos '2019.7 530.4 -88.0' spd  65.9 yaw 267 mode 2 st 7 gl 0 hp 72 frg 1
ARGEVT Joe Rogan route 16 start '357.0 161.0  56.0' goal '1509.0 481.0 -88.0'
ARGLOG Joe Rogan t  81.0 pos '393.3 154.6  56.0' spd 320.5 yaw 238 mode 2 st 3 gl 0 hp 28 frg 1
ARGLOG Carmack t  81.1 pos '196.2 322.5  56.0' spd 326.0 yaw 326.4 mode 2 st 4 gl 0 hp 100 frg 0
ARGEVT Carmack hazard
ARGLOG Romero t  81.2 pos '2012.4 394.1 -88.0' spd 320.1 yaw 266 mode 2 st 7 gl 0 hp 72 frg 1
ARGUS Joe Rogan hunch item_armorInv
ARGEVT Joe Rogan hazard
ARGLOG Joe Rogan t  81.5 pos '319.0  28.6  56.0' spd  31.9 yaw  57.3 mode 2 st 3 gl 0 hp 28 frg 1
ARGLOG Carmack t  81.6 pos '361.5 321.6  56.0' spd 326.9 yaw 266.3 mode 2 st 4 gl 0 hp 100 frg 0
ARGEVT Joe Rogan pursue
ARGEVT Joe Rogan plan powerup via weapon
ARGEVT Joe Rogan goal weapon_rocketlauncher
ARGEVT Joe Rogan route 17 start '229.0 -31.0  56.0' goal '1509.0 481.0 -88.0'
ARGLOG Romero t  81.7 pos '1993.7 230.8 -88.0' spd 321.0 yaw 237 mode 2 st 7 gl 0 hp 72 frg 1
ARGEVT Joe Rogan retreat
ARGLOG Joe Rogan t  82.0 pos '276.0  92.6  56.0' spd 327.7 yaw  45.5 mode 2 st 3 gl 0 hp 28 frg 1
ARGLOG Carmack t  82.1 pos '501.3 256.8  56.0' spd  61.9 yaw 217.8 mode 2 st 4 gl 0 hp 100 frg 0
ARGLOG Romero t  82.2 pos '1984.5  68.0 -152.0' spd 359.6 yaw 193 mode 2 st 7 gl 0 hp 72 frg 1
ARGEVT Joe Rogan pursue
ARGEVT Carmack hazard
ARGLOG Joe Rogan t  82.5 pos '175.3  80.7  56.0' spd 286.4 yaw 34 mode 2 st 3 gl 0 hp 28 frg 1
ARGLOG Carmack t  82.6 pos '382.7 329.1  56.0' spd 329.4 yaw 226.8 mode 2 st 4 gl 0 hp 88 frg 0
ARGEVT Romero route 7 start '1797.0 -63.0 -168.0' goal '549.0 -63.0 -168.0'
ARGLOG Romero t  82.7 pos '1862.6 -56.5 -168.0' spd 344.0 yaw 178 mode 0 st 7 gl 0 hp 72 frg 1
ARGUS Carmack wallslide
ARGUS routecache adopt
ARGEVT Romero route 7 start '1797.0 -63.0 -168.0' goal '549.0 -63.0 -168.0'
ARGUS routecache adopt
ARGEVT Romero route 7 start '1797.0 -63.0 -168.0' goal '549.0 -63.0 -168.0'
ARGLOG Joe Rogan t  83.0 pos '210.5 106.1  56.0' spd 194.4 yaw  83.7 mode 2 st 3 gl 0 hp 4 frg 1
ARGEVT Joe Rogan death Carmack pos '218.6  98.4  56.0'
ARGUS Carmack watch spawn
ARGLOG Carmack t  83.1 pos '221.7 334.8  56.0' spd 328.1 yaw 200.4 mode 2 st 4 gl 0 hp 84 frg 1
ARGLOG Romero t  83.2 pos '1700.9 -77.9 -168.0' spd 320.5 yaw 170 mode 2 st 7 gl 0 hp 72 frg 1
ARGEVT Carmack goal backpack
ARGLOG Carmack t  83.6 pos '159.9 183.9  56.0' spd 371.2 yaw 316 mode 1 st 4 gl 0 hp 84 frg 1
ARGLOG Romero t  83.7 pos '1536.3 -70.0 -168.0' spd 320.0 yaw 167 mode 2 st 7 gl 0 hp 72 frg 1
ARGEVT Carmack plan powerup via weapon
ARGEVT Carmack goal weapon_rocketlauncher
ARGEVT Carmack route 17 start '197.0  97.0  56.0' goal '1509.0 481.0 -88.0'
ARGLOG Carmack t  84.1 pos '283.7  66.1  56.0' spd 338.7 yaw   2.0 mode 2 st 4 gl 1 hp 84 frg 1
ARGLOG Romero t  84.2 pos '1377.5 -42.9 -168.0' spd 320.3 yaw 178 mode 2 st 7 gl 0 hp 72 frg 1
ARGEVT Carmack hazard
ARGEVT Joe Rogan respawn
ARGLOG Joe Rogan t  84.6 pos '-632.0 -680.0 -16.0' spd 0 yaw  49.5 mode 0 st 3 gl 0 hp 100 frg 1
ARGLOG Carmack t  84.6 pos '361.8 193.7  56.0' spd 444.5 yaw 162.3 mode 2 st 4 gl 1 hp 84 frg 1
ARGEVT Joe Rogan plan powerup via weapon
ARGEVT Joe Rogan goal weapon_lightning
ARGEVT Joe Rogan route 20 start '-635.0 -735.0 -16.0' goal '1541.0 -191.0 -392.0'
ARGLOG Romero t  84.7 pos '1214.4 -15.1 -168.0' spd 321.7 yaw 212 mode 2 st 7 gl 0 hp 72 frg 1
ARGUS Joe Rogan wallslide
ARGLOG Joe Rogan t  85.1 pos '-605.5 -534.9 -16.0' spd 329.8 yaw 118.6 mode 0 st 3 gl 0 hp 100 frg 1
ARGLOG Carmack t  85.1 pos '187.1 156.0  56.0' spd 483.5 yaw 317.0 mode 0 st 4 gl 1 hp 84 frg 1
ARGUS routecache adopt
ARGEVT Joe Rogan route 19 start '-635.0 -511.0 -16.0' goal '1541.0 -191.0 -392.0'
ARGLOG Romero t  85.2 pos '1050.2 -28.2 -168.0' spd 341.3 yaw 212 mode 2 st 7 gl 0 hp 72 frg 1
ARGEVT Carmack route 17 start '197.0  97.0  56.0' goal '1509.0 481.0 -88.0'
ARGEVT Joe Rogan hazard
ARGEVT Joe Rogan route 19 start '-635.0 -511.0 -16.0' goal '1541.0 -191.0 -392.0'
ARGLOG Joe Rogan t  85.6 pos '-595.8 -362.5 -16.0' spd 206.4 yaw 0 mode 2 st 3 gl 0 hp 100 frg 1
ARGLOG Carmack t  85.6 pos '353.4 106.3  56.0' spd 474.9 yaw 117.6 mode 2 st 4 gl 1 hp 84 frg 1
ARGLOG Romero t  85.7 pos '917.0 -128.7 -184.0' spd 325.7 yaw 208 mode 2 st 7 gl 0 hp 72 frg 1
ARGLOG Joe Rogan t  86.1 pos '-610.4 -478.0 -16.0' spd 324.5 yaw 246.0 mode 0 st 3 gl 0 hp 100 frg 1
ARGLOG Carmack t  86.1 pos '215.6 200.7  56.0' spd 476.5 yaw 56 mode 2 st 4 gl 1 hp 84 frg 1
ARGUS routecache adopt
ARGEVT Joe Rogan route 19 start '-635.0 -511.0 -16.0' goal '1541.0 -191.0 -392.0'
ARGLOG Romero t  86.3 pos '799.7 -253.8 -200.0' spd 344.9 yaw 115 mode 2 st 7 gl 0 hp 72 frg 1
ARGEVT Carmack route 17 start '197.0  97.0  56.0' goal '1509.0 481.0 -88.0'
ARGEVT Joe Rogan route 19 start '-635.0 -511.0 -16.0' goal '1541.0 -191.0 -392.0'
ARGEVT Carmack engage Romero
ARGUS Carmack threatmove range 3
ARGLOG Joe Rogan t  86.6 pos '-595.2 -646.0 -16.0' spd 379.7 yaw 20 mode 2 st 3 gl 0 hp 100 frg 1
ARGLOG Carmack t  86.6 pos '308.8  48.2  56.0' spd 421.2 yaw 336.8 mode 2 st 4 gl 1 hp 84 frg 1
ARGEVT Carmack hazard
ARGLOG Romero t  86.8 pos '648.7 -171.5 -198.5' spd 323.9 yaw 110.1 mode 1 st 7 gl 0 hp 72 frg 1
ARGUS Romero leadclip
ARGEVT Romero grab item_health
ARGEVT Joe Rogan hazard
ARGLOG Joe Rogan t  87.1 pos '-486.7 -683.9 -16.0' spd 174.9 yaw 25 mode 2 st 3 gl 0 hp 100 frg 1
ARGLOG Carmack t  87.1 pos '427.9 161.2  56.0' spd 321.7 yaw 307.5 mode 2 st 4 gl 1 hp 84 frg 1
ARGEVT Romero goal item_armorInv
ARGEVT Romero route 21 start '549.0 -63.0 -168.0' goal '261.0 -703.0 328.0'
ARGLOG Romero t  87.3 pos '607.9 -57.3 -168.0' spd 158.9 yaw  60.1 mode 2 st 7 gl 1 hp 152 frg 1
ARGEVT Romero pursue
ARGUS Joe Rogan wallslide
ARGLOG Joe Rogan t  87.6 pos '-640.7 -613.2 -16.0' spd 389.2 yaw 17 mode 2 st 3 gl 0 hp 100 frg 1
ARGLOG Carmack t  87.7 pos '426.3 162.9  56.0' spd 328.9 yaw 319.7 mode 2 st 4 gl 1 hp 84 frg 1
ARGLOG Romero t  87.8 pos '743.0 -40.9 -200.0' spd 322.6 yaw 23 mode 0 st 7 gl 1 hp 128 frg 1
ARGEVT Romero route 22 start '709.0 -63.0 -196.0' goal '261.0 -703.0 328.0'
ARGUS Romero hunch item_health
ARGEVT Joe Rogan route 19 start '-635.0 -511.0 -16.0' goal '1541.0 -191.0 -392.0'
ARGEVT Romero pursue
ARGEVT Romero goal item_armorInv
ARGEVT Romero route 22 start '709.0 -63.0 -196.0' goal '261.0 -703.0 328.0'
ARGEVT Romero pursue
ARGLOG Joe Rogan t  88.2 pos '-587.6 -442.2 -16.0' spd 356.9 yaw 6 mode 0 st 3 gl 0 hp 100 frg 1
ARGEVT Joe Rogan route 19 start '-635.0 -511.0 -16.0' goal '1541.0 -191.0 -392.0'
ARGLOG Carmack t  88.2 pos '476.7 253.5  56.0' spd 328.5 yaw 314.8 mode 2 st 4 gl 1 hp 84 frg 1
ARGEVT Joe Rogan hazard
ARGLOG Romero t  88.3 pos '728.4 -107.5 -200.0' spd 359.2 yaw 273.0 mode 2 st 7 gl 1 hp 128 frg 1
ARGEVT Carmack pursue
ARGEVT Joe Rogan route 18 start '357.0 -287.0  56.0' goal '1541.0 -191.0 -392.0'
ARGUS Carmack hunch item_artifact_super_damage
ARGEVT Carmack hazard
ARGLOG Joe Rogan t  88.7 pos '266.6 -277.4  60.0' spd 300 yaw 98 mode 2 st 3 gl 0 hp 100 frg 1
ARGLOG Carmack t  88.7 pos '542.0 257.0  56.0' spd 166.8 yaw  99.2 mode 2 st 4 gl 1 hp 84 frg 1
ARGLOG Romero t  88.8 pos '810.2 -266.4 -200.0' spd 432.2 yaw 35 mode 2 st 7 gl 1 hp 128 frg 1
ARGEVT Carmack plan powerup via weapon
ARGEVT Carmack goal weapon_rocketlauncher
ARGEVT Carmack route 15 start '517.0 289.0  56.0' goal '1509.0 481.0 -88.0'
ARGEVT Carmack pursue
ARGEVT Romero route 23 start '869.0 -223.0 -184.0' goal '261.0 -703.0 328.0'
ARGLOG Joe Rogan t  89.2 pos '274.4 -219.5  56.0' spd 369.4 yaw 103 mode 2 st 3 gl 0 hp 100 frg 1
ARGLOG Carmack t  89.2 pos '498.6 413.7  56.0' spd 405.8 yaw 184.5 mode 2 st 4 gl 1 hp 84 frg 1
ARGLOG Romero t  89.3 pos '977.1 -223.1 -184.0' spd 322.9 yaw 38 mode 2 st 7 gl 1 hp 128 frg 1
ARGEVT Joe Rogan engage Romero
ARGUS Carmack wallslide
ARGEVT Romero hazard
ARGEVT Joe Rogan hazard
ARGUS Romero wallslide
ARGEVT Romero route 24 start '1029.0 -31.0 -168.0' goal '261.0 -703.0 328.0'
ARGLOG Joe Rogan t  89.7 pos '351.3 -150.2  56.0' spd 262.7 yaw 359.5 mode 2 st 3 gl 0 hp 100 frg 1
ARGLOG Carmack t  89.7 pos '471.2 381.0  56.0' spd 346.5 yaw 307 mode 2 st 4 gl 1 hp 84 frg 1
ARGLOG Romero t  89.8 pos '953.0 -78.4 -184.0' spd 405.2 yaw 192.6 mode 2 st 7 gl 1 hp 128 frg 1
ARGEVT Carmack hazard
ARGEVT Joe Rogan pursue
ARGLOG Joe Rogan t  90.2 pos '304.4 -95.4  56.0' spd 320.6 yaw 126.8 mode 2 st 3 gl 0 hp 100 frg 1
ARGLOG Carmack t  90.2 pos '545.6 271.5  56.0' spd 241.3 yaw 341.7 mode 2 st 4 gl 1 hp 84 frg 1
ARGUS Joe Rogan wallslide
ARGLOG Romero t  90.3 pos '851.7 -75.8 -184.0' spd 299.1 yaw 190 mode 2 st 7 gl 1 hp 128 frg 1
ARGUS Carmack wallslide
ARGEVT Romero hazard
ARGUS Joe Rogan hunch item_artifact_super_damage
ARGUS Romero wallslide
ARGEVT Joe Rogan plan powerup via weapon
ARGEVT Joe Rogan goal weapon_lightning
ARGEVT Joe Rogan route 16 start '229.0 -31.0  56.0' goal '1541.0 -191.0 -392.0'
ARGEVT Joe Rogan pursue
ARGLOG Joe Rogan t  90.7 pos '248.2 -57.2  56.0' spd 326.9 yaw 262.6 mode 2 st 3 gl 0 hp 100 frg 1
ARGLOG Carmack t  90.7 pos '544.4 418.5  56.0' spd 376.1 yaw 142 mode 2 st 4 gl 1 hp 84 frg 1
ARGLOG Romero t  90.8 pos '849.0 -167.5 -184.0' spd  89.4 yaw 178 mode 2 st 7 gl 1 hp 128 frg 1
ARGEVT Joe Rogan route 17 start '197.0 -127.0  56.0' goal '1541.0 -191.0 -392.0'
ARGLOG Joe Rogan t  91.2 pos '315.3 -219.3  56.0' spd 361.7 yaw 360 mode 2 st 3 gl 0 hp 100 frg 1
ARGLOG Carmack t  91.2 pos '400.2 519.3  56.0' spd 438.3 yaw 240.6 mode 2 st 4 gl 1 hp 84 frg 1
ARGEVT Carmack hazard
ARGLOG Romero t  91.3 pos '848.0 -188.4 -184.0' spd   8.6 yaw 176 mode 2 st 7 gl 1 hp 128 frg 1
ARGEVT Romero hazard
ARGUS Romero wallslide
ARGEVT Joe Rogan hazard
ARGLOG Joe Rogan t  91.7 pos '479.7 -254.2  56.0' spd 338.1 yaw  21.9 mode 2 st 3 gl 0 hp 100 frg 1
ARGLOG Carmack t  91.7 pos '365.2 491.3  56.0' spd 320.2 yaw 352 mode 2 st 4 gl 1 hp 84 frg 1
ARGUS Joe Rogan wallslide
ARGLOG Romero t  91.9 pos '848.0 -195.1 -184.0' spd   3.9 yaw 175 mode 2 st 7 gl 1 hp 128 frg 1
ARGEVT Joe Rogan route 18 start '357.0 -287.0  56.0' goal '1541.0 -191.0 -392.0'
ARGEVT Carmack engage Joe Rogan
ARGLOG Joe Rogan t  92.2 pos '529.1 -386.1  56.0' spd 348.2 yaw 227.7 mode 2 st 3 gl 0 hp 100 frg 1
ARGLOG Carmack t  92.2 pos '501.5 414.9  56.0' spd 340.8 yaw 273.3 mode 2 st 4 gl 1 hp 84 frg 1
ARGLOG Romero t  92.4 pos '848.0 -196.0 -184.0' spd   3.9 yaw 175 mode 2 st 7 gl 1 hp 127 frg 1
ARGEVT Romero stall
ARGEVT Romero stallnode '677.0 -255.0 -200.0'
ARGEVT Romero jump
ARGEVT Romero route 23 start '869.0 -223.0 -184.0' goal '261.0 -703.0 328.0'
ARGEVT Joe Rogan hazard
ARGLOG Joe Rogan t  92.8 pos '464.0 -458.2  56.0' spd  27.2 yaw 128 mode 2 st 3 gl 0 hp 100 frg 1
ARGLOG Carmack t  92.8 pos '523.9 254.4  56.0' spd 195.6 yaw 265.0 mode 2 st 4 gl 1 hp 84 frg 1
ARGUS Joe Rogan wallslide
ARGEVT Carmack hazard
ARGUS Carmack wallslide
ARGLOG Romero t  92.9 pos '846.6 -218.9 -145.2' spd  80.3 yaw 169 mode 2 st 8 gl 1 hp 127 frg 1
ARGEVT Carmack pursue
ARGLOG Joe Rogan t  93.3 pos '464.7 -337.9  56.0' spd 320.6 yaw 85 mode 2 st 3 gl 0 hp 100 frg 1
ARGLOG Carmack t  93.3 pos '508.4 240.0  56.0' spd   3.1 yaw 266.1 mode 2 st 4 gl 1 hp 84 frg 1
ARGUS Carmack threatmove range 2
ARGLOG Romero t  93.4 pos '775.0 -198.4 -200.0' spd 331.6 yaw 121 mode 2 st 8 gl 1 hp 126 frg 1
ARGEVT Romero engage Joe Rogan
ARGUS Romero threatmove range 2
ARGUS Romero threatmove high 2
ARGLOG Joe Rogan t  93.8 pos '436.6 -235.3  56.0' spd 256.8 yaw  71.8 mode 2 st 3 gl 0 hp 80 frg 1
ARGLOG Carmack t  93.8 pos '430.7 233.6  56.0' spd 322.1 yaw 270.3 mode 2 st 4 gl 1 hp 84 frg 1
ARGUS Romero leadclip
ARGLOG Romero t  93.9 pos '740.8 -93.2 -200.0' spd 180.1 yaw 187.7 mode 2 st 8 gl 1 hp 126 frg 1
ARGEVT Joe Rogan pursue
ARGEVT Carmack route 16 start '357.0 161.0  56.0' goal '1509.0 481.0 -88.0'
ARGEVT Joe Rogan hazard
ARGLOG Joe Rogan t  94.3 pos '460.7 -229.2  56.0' spd 383.7 yaw  45.8 mode 2 st 3 gl 0 hp 80 frg 1
ARGLOG Carmack t  94.3 pos '271.0 191.3  56.0' spd 328.8 yaw 289.5 mode 2 st 4 gl 1 hp 84 frg 1
ARGEVT Romero hazard
ARGLOG Romero t  94.4 pos '787.1 -195.8 -200.0' spd 276.9 yaw 193.9 mode 2 st 8 gl 1 hp 125 frg 1
ARGUS Romero wallslide
ARGEVT Carmack route 17 start '197.0  97.0  56.0' goal '1509.0 481.0 -88.0'
ARGLOG Joe Rogan t  94.8 pos '411.7 -199.0  56.0' spd 324.8 yaw 161 mode 2 st 3 gl 0 hp 80 frg 1
ARGLOG Carmack t  94.8 pos '149.0  96.5  56.0' spd 102.5 yaw 312.3 mode 2 st 4 gl 1 hp 84 frg 1
ARGEVT Carmack pursue
ARGLOG Romero t  94.9 pos '756.5 -50.7 -200.0' spd 322.7 yaw 190.5 mode 2 st 8 gl 1 hp 125 frg 1
ARGEVT Joe Rogan pursue
ARGLOG Joe Rogan t  95.3 pos '261.2 -123.2  56.0' spd 328.0 yaw  79.0 mode 2 st 3 gl 0 hp 72 frg 1
ARGLOG Carmack t  95.3 pos '290.0 117.3  56.0' spd 339.6 yaw 266.7 mode 2 st 4 gl 1 hp 84 frg 1
ARGLOG Romero t  95.4 pos '664.1  84.7 -190.9' spd 320.4 yaw 200.1 mode 2 st 8 gl 1 hp 124 frg 1
ARGEVT Romero pursue
ARGEVT Joe Rogan route 17 start '197.0 -127.0  56.0' goal '1541.0 -191.0 -392.0'
ARGLOG Joe Rogan t  95.8 pos '213.7 -214.6  56.0' spd 383.6 yaw  50.5 mode 2 st 3 gl 0 hp 64 frg 1
ARGLOG Carmack t  95.8 pos '286.0 123.7  56.0' spd 325.5 yaw 254.0 mode 2 st 4 gl 1 hp 84 frg 1
ARGEVT Joe Rogan pursue
ARGLOG Romero t  95.9 pos '507.2  91.4 -193.1' spd 335.7 yaw 225 mode 2 st 8 gl 1 hp 124 frg 1
ARGLOG Joe Rogan t  96.3 pos '278.8 -140.5  56.0' spd 322.1 yaw 76 mode 2 st 3 gl 0 hp 64 frg 1
ARGLOG Carmack t  96.3 pos '216.8 121.9  56.0' spd 320.2 yaw 286.8 mode 2 st 4 gl 1 hp 84 frg 1
ARGLOG Romero t  96.4 pos '382.1 -11.5 -200.0' spd 320.8 yaw 230 mode 2 st 8 gl 1 hp 123 frg 1
ARGUS Romero hunch item_armorInv
ARGEVT Romero goal item_armorInv
ARGEVT Romero route 20 start '389.0   1.0 -200.0' goal '261.0 -703.0 328.0'
ARGEVT Romero pursue
ARGLOG Joe Rogan t  96.8 pos '187.6 -37.9  56.0' spd 330.3 yaw  53.4 mode 2 st 3 gl 0 hp 64 frg 1
ARGLOG Carmack t  96.8 pos '368.3 138.5  56.0' spd 105.5 yaw 230.8 mode 2 st 4 gl 1 hp 60 frg 1
ARGLOG Romero t  96.9 pos '397.3  57.3 -200.0' spd 387.1 yaw 129.3 mode 2 st 8 gl 1 hp 123 frg 1
ARGEVT Joe Rogan hazard
ARGEVT Romero hazard
ARGEVT Joe Rogan pursue
ARGLOG Joe Rogan t  97.3 pos '210.3 -73.3  56.0' spd 356.8 yaw 52 mode 2 st 3 gl 0 hp 40 frg 1
ARGLOG Carmack t  97.3 pos '252.2 251.1  56.0' spd 357.0 yaw 253.8 mode 2 st 4 gl 1 hp 44 frg 1
ARGLOG Romero t  97.4 pos '345.4 189.4 -200.0' spd  80.7 yaw 252.2 mode 2 st 8 gl 1 hp 122 frg 1
ARGUS Romero wallslide
ARGEVT Carmack hazard
ARGEVT Carmack route 16 start '197.0 289.0  56.0' goal '1509.0 481.0 -88.0'
ARGLOG Joe Rogan t  97.8 pos '294.7  74.5  56.0' spd 363.8 yaw 106.2 mode 2 st 3 gl 0 hp 40 frg 1
ARGUS Romero bodyblock
ARGLOG Carmack t  97.8 pos '200.2 271.2  56.0' spd 320.6 yaw 298.4 mode 2 st 4 gl 1 hp 44 frg 1
ARGLOG Romero t  97.9 pos '345.5  46.8 -200.0' spd 213.1 yaw  17.3 mode 2 st 8 gl 1 hp 122 frg 1
ARGEVT Joe Rogan retreat
ARGEVT Joe Rogan hazard
ARGUS Romero leadclip
ARGLOG Joe Rogan t  98.4 pos '397.3 142.1  56.0' spd  38.3 yaw 105.5 mode 2 st 3 gl 0 hp 16 frg 1
ARGLOG Carmack t  98.4 pos '359.1 314.9  56.0' spd 324.0 yaw 289.3 mode 2 st 4 gl 1 hp 44 frg 1
ARGLOG Romero t  98.5 pos '476.4 -56.4 -187.8' spd 357.1 yaw  72.6 mode 2 st 8 gl 1 hp 121 frg 1
ARGLOG Joe Rogan t  98.9 pos '313.4 180.7  56.0' spd 355.7 yaw  55.3 mode 2 st 3 gl 0 hp 16 frg 1
ARGLOG Carmack t  98.9 pos '497.0 276.7  56.0' spd 161.1 yaw 212.8 mode 2 st 4 gl 1 hp 20 frg 1
ARGLOG Romero t  99.0 pos '543.2 -125.0 -183.0' spd 339.3 yaw 119.7 mode 0 st 8 gl 1 hp 121 frg 1
ARGEVT Romero route 21 start '549.0 -63.0 -168.0' goal '261.0 -703.0 328.0'
ARGEVT Romero pursue
ARGEVT Joe Rogan death Carmack pos '239.3 290.6  56.0'
ARGUS Carmack watch spawn
ARGLOG Carmack t  99.4 pos '371.1 178.6  56.0' spd 338.8 yaw 201.3 mode 2 st 4 gl 1 hp 20 frg 2
ARGLOG Romero t  99.5 pos '550.1  23.6 -170.5' spd 326.4 yaw 131 mode 2 st 8 gl 1 hp 120 frg 1
ARGEVT Carmack goal backpack
ARGEVT Carmack jump
ARGLOG Carmack t  99.9 pos '200.4 233.9  78.3' spd 454.2 yaw   6.4 mode 1 st 4 gl 1 hp 20 frg 2
ARGLOG Romero t 100.0 pos '448.3 153.4 -200.0' spd 326.9 yaw 150 mode 2 st 8 gl 1 hp 120 frg 1
ARGEVT Carmack goal item_health
ARGEVT Carmack route 14 start '197.0 289.0  56.0' goal '-731.0  97.0 184.0'
ARGEVT Romero hazard
ARGLOG Carmack t 100.4 pos '353.6 285.1  68.2' spd 440.5 yaw 226.0 mode 2 st 4 gl 2 hp 20 frg 2
ARGUS Romero wallslide
ARGLOG Romero t 100.5 pos '336.1 168.0 -200.0' spd 390.1 yaw 239 mode 2 st 8 gl 1 hp 119 frg 1
ARGEVT Joe Rogan respawn
ARGLOG Joe Rogan t 100.8 pos '-632.0 -680.0 -16.0' spd 0 yaw  98.3 mode 0 st 3 gl 0 hp 100 frg 1
ARGEVT Joe Rogan plan powerup via weapon
ARGEVT Joe Rogan goal weapon_rocketlauncher
ARGEVT Joe Rogan route 21 start '-635.0 -735.0 -16.0' goal '1509.0 481.0 -88.0'
ARGLOG Carmack t 100.9 pos '243.6 218.2  56.0' spd 480.3 yaw 58 mode 2 st 4 gl 2 hp 20 frg 2
ARGLOG Romero t 101.0 pos '394.1  -2.0 -200.0' spd 444.9 yaw  23.5 mode 2 st 8 gl 1 hp 119 frg 1
ARGEVT Carmack hazard
ARGLOG Joe Rogan t 101.3 pos '-630.7 -531.5 -16.0' spd 332.9 yaw  67.8 mode 0 st 3 gl 0 hp 100 frg 1
ARGUS routecache adopt
ARGEVT Joe Rogan route 20 start '-635.0 -511.0 -16.0' goal '1509.0 481.0 -88.0'
ARGLOG Carmack t 101.4 pos '335.6 275.3  56.0' spd 325.5 yaw 359.5 mode 2 st 4 gl 2 hp 20 frg 2
ARGLOG Romero t 101.5 pos '507.2 140.9 -200.0' spd 416.3 yaw 154 mode 0 st 8 gl 1 hp 118 frg 1
ARGEVT Romero route 21 start '549.0  65.0 -184.0' goal '261.0 -703.0 328.0'
ARGEVT Joe Rogan hazard
ARGEVT Joe Rogan route 20 start '-635.0 -511.0 -16.0' goal '1509.0 481.0 -88.0'
ARGLOG Joe Rogan t 101.8 pos '239.3 -304.7  72.5' spd 300 yaw  23.6 mode 0 st 3 gl 0 hp 100 frg 1
ARGUS routecache adopt
ARGEVT Joe Rogan route 19 start '197.0 -351.0  60.0' goal '1509.0 481.0 -88.0'
ARGLOG Carmack t 101.9 pos '407.6 161.4  56.0' spd 474.5 yaw 195.0 mode 2 st 4 gl 2 hp 20 frg 2
ARGLOG Romero t 102.0 pos '404.0 238.2 -200.0' spd 326.6 yaw 170 mode 2 st 8 gl 1 hp 118 frg 1
ARGUS Romero wallslide
ARGEVT Romero hazard
ARGEVT Carmack engage Joe Rogan
ARGUS Carmack threatmove range 2
ARGUS Carmack threatmove retreat 2
ARGEVT Carmack retreat
ARGLOG Joe Rogan t 102.3 pos '263.7 -280.3  60.0' spd 300 yaw 75 mode 2 st 3 gl 0 hp 100 frg 1
ARGLOG Carmack t 102.5 pos '301.6 223.9  56.0' spd 351.8 yaw 277.1 mode 2 st 4 gl 2 hp 20 frg 2
ARGLOG Romero t 102.5 pos '336.7 118.0 -200.0' spd 334.6 yaw 233 mode 2 st 8 gl 1 hp 117 frg 1
ARGLOG Joe Rogan t 102.8 pos '319.6 -165.8  56.0' spd 325.7 yaw 87 mode 2 st 3 gl 0 hp 100 frg 1
ARGLOG Carmack t 103.0 pos '426.6 329.2  56.0' spd 320.5 yaw 259.7 mode 2 st 4 gl 2 hp 20 frg 2
ARGEVT Romero engage Joe Rogan
ARGUS Romero threatmove range 2
ARGUS Romero threatmove high 2
ARGUS Carmack wallslide
ARGEVT Joe Rogan engage Romero
ARGUS Joe Rogan threatmove range 3
ARGUS Romero leadclip
ARGEVT Joe Rogan hazard
ARGLOG Romero t 103.0 pos '471.4  17.4 -189.5' spd 450.4 yaw  97.4 mode 2 st 8 gl 1 hp 117 frg 1
ARGEVT Carmack hazard
ARGLOG Joe Rogan t 103.3 pos '333.0 -150.3  56.0' spd 345.3 yaw  40.4 mode 2 st 3 gl 0 hp 84 frg 1
ARGEVT Romero route 21 start '549.0  65.0 -184.0' goal '261.0 -703.0 328.0'
ARGLOG Carmack t 103.5 pos '551.8 401.4  56.0' spd 348.5 yaw 249.2 mode 2 st 4 gl 2 hp 20 frg 2
ARGLOG Romero t 103.6 pos '615.4  65.4 -184.5' spd 342.7 yaw 240.6 mode 2 st 8 gl 1 hp 112 frg 1
ARGLOG Joe Rogan t 103.8 pos '442.2 -274.5  56.0' spd 322.4 yaw  48.0 mode 2 st 3 gl 0 hp 80 frg 1
ARGLOG Carmack t 104.0 pos '550.0 531.4  56.0' spd 133.3 yaw 263.0 mode 2 st 4 gl 2 hp 20 frg 2
ARGLOG Romero t 104.1 pos '728.0 -56.8 -200.0' spd 320.2 yaw 227.9 mode 0 st 8 gl 1 hp 111 frg 1
ARGEVT Joe Rogan route 19 start '357.0 -287.0  56.0' goal '1509.0 481.0 -88.0'
ARGEVT Carmack pursue
ARGEVT Joe Rogan hazard
ARGEVT Romero pursue
ARGEVT Romero route 22 start '709.0 -63.0 -196.0' goal '261.0 -703.0 328.0'
ARGEVT Joe Rogan pursue
ARGLOG Joe Rogan t 104.4 pos '535.2 -339.8  56.0' spd 241.9 yaw  62.1 mode 2 st 3 gl 0 hp 80 frg 1
ARGUS Joe Rogan hunch item_artifact_super_damage
ARGLOG Carmack t 104.5 pos '488.9 530.9  56.0' spd 330.0 yaw 267 mode 2 st 4 gl 2 hp 20 frg 2
ARGEVT Joe Rogan pursue
ARGLOG Romero t 104.6 pos '723.8 -201.2 -200.0' spd 349.2 yaw 197 mode 2 st 8 gl 1 hp 111 frg 1
ARGEVT Joe Rogan plan powerup via weapon
ARGEVT Joe Rogan goal weapon_rocketlauncher
ARGEVT Joe Rogan route 19 start '357.0 -287.0  56.0' goal '1509.0 481.0 -88.0'
ARGUS Joe Rogan wallslide
ARGEVT Carmack hazard
ARGLOG Joe Rogan t 104.9 pos '512.3 -397.9  56.0' spd  50.7 yaw 340.6 mode 2 st 3 gl 0 hp 80 frg 1
ARGLOG Carmack t 105.0 pos '473.4 423.8  56.0' spd 107.4 yaw 273.1 mode 2 st 4 gl 2 hp 20 frg 2
ARGLOG Romero t 105.1 pos '571.7 -270.5 -200.0' spd 322.4 yaw 185 mode 2 st 8 gl 1 hp 110 frg 1
ARGUS Carmack wallslide
ARGUS Romero hunch item_armorInv
ARGEVT Joe Rogan hazard
ARGEVT Romero goal item_armorInv
ARGEVT Romero route 21 start '517.0 -159.0 -194.0' goal '261.0 -703.0 328.0'
ARGLOG Joe Rogan t 105.4 pos '526.6 -307.6  56.0' spd 329.1 yaw 125.0 mode 2 st 3 gl 0 hp 80 frg 1
ARGEVT Carmack pursue
ARGLOG Carmack t 105.5 pos '412.7 527.7  56.0' spd 151.1 yaw 277 mode 2 st 4 gl 2 hp 20 frg 2
ARGEVT Joe Rogan pursue
ARGLOG Romero t 105.6 pos '406.4 -242.6 -200.0' spd 427.3 yaw  83.8 mode 2 st 8 gl 1 hp 110 frg 1
ARGUS Carmack hunch item_armorInv
ARGEVT Romero pursue
ARGEVT Carmack plan powerup via weapon
ARGEVT Carmack goal weapon_supernailgun
ARGEVT Carmack route 8 start '421.0 513.0  56.0' goal '-507.0 449.0 120.0'
ARGLOG Joe Rogan t 105.9 pos '372.6 -238.0  56.0' spd 416.2 yaw  73.4 mode 2 st 3 gl 0 hp 80 frg 1
ARGLOG Carmack t 106.0 pos '312.9 522.7  56.0' spd 321.4 yaw 162 mode 2 st 4 gl 2 hp 20 frg 2
ARGEVT Carmack pursue
ARGLOG Romero t 106.1 pos '482.7 -73.3 -185.7' spd 448.8 yaw 303.9 mode 2 st 8 gl 1 hp 109 frg 1
ARGUS Romero leadclip
ARGEVT Joe Rogan hazard
ARGLOG Joe Rogan t 106.4 pos '343.1 -106.9  56.0' spd 172.9 yaw  15.5 mode 2 st 3 gl 0 hp 80 frg 1
ARGUS Carmack wallslide
ARGLOG Carmack t 106.5 pos '148.7 553.8  56.0' spd 327.3 yaw 153 mode 2 st 4 gl 2 hp 20 frg 2
ARGEVT Carmack pursue
ARGLOG Romero t 106.6 pos '625.5   6.4 -168.5' spd 276.1 yaw 220.8 mode 2 st 8 gl 1 hp 97 frg 1
ARGEVT Carmack pursue
ARGLOG Joe Rogan t 106.9 pos '396.2 -225.2  56.0' spd  93.9 yaw  30.3 mode 2 st 3 gl 0 hp 80 frg 1
ARGLOG Carmack t 107.0 pos '-20.8 566.9  40.0' spd 426.6 yaw 267.0 mode 2 st 4 gl 2 hp 20 frg 2
ARGLOG Romero t 107.1 pos '739.3 -124.5 -200.0' spd 348.3 yaw 175.4 mode 0 st 8 gl 1 hp 73 frg 1
ARGEVT Romero route 22 start '709.0 -63.0 -196.0' goal '261.0 -703.0 328.0'
ARGEVT Carmack hazard
ARGLOG Joe Rogan t 107.4 pos '377.2 -240.7  56.0' spd 321.2 yaw   2.1 mode 2 st 3 gl 0 hp 80 frg 1
ARGLOG Carmack t 107.5 pos '-87.1 393.0  39.6' spd 324.4 yaw 225.6 mode 2 st 4 gl 2 hp 20 frg 2
ARGLOG Romero t 107.6 pos '751.6 -282.7 -200.0' spd 153.4 yaw 180.5 mode 2 st 8 gl 1 hp 73 frg 1
ARGEVT Romero pursue
ARGEVT Joe Rogan pursue
ARGLOG Joe Rogan t 107.9 pos '428.4 -363.8  56.0' spd 358.9 yaw 28 mode 2 st 3 gl 0 hp 80 frg 1
ARGLOG Carmack t 108.1 pos '-245.4 392.3  -8.0' spd 420.6 yaw 113 mode 2 st 4 gl 2 hp 20 frg 2
ARGLOG Romero t 108.1 pos '618.7 -240.6 -200.0' spd 320.8 yaw 172 mode 2 st 8 gl 1 hp 73 frg 1
ARGEVT Joe Rogan route 19 start '357.0 -287.0  56.0' goal '1509.0 481.0 -88.0'
ARGEVT Joe Rogan hazard
ARGUS Joe Rogan wallslide
ARGLOG Joe Rogan t 108.4 pos '510.7 -304.4  56.0' spd 136.7 yaw 109.8 mode 2 st 3 gl 0 hp 80 frg 1
ARGLOG Carmack t 108.6 pos '-263.0 567.6 -16.0' spd 332.4 yaw 126 mode 2 st 4 gl 2 hp 20 frg 2
ARGEVT Joe Rogan pursue
ARGLOG Romero t 108.6 pos '457.3 -213.8 -200.0' spd 320.1 yaw 176 mode 2 st 8 gl 1 hp 73 frg 1
ARGLOG Joe Rogan t 108.9 pos '376.5 -226.5  56.0' spd 403.6 yaw  75.3 mode 2 st 3 gl 0 hp 80 frg 1
ARGEVT Romero pursue
ARGUS Romero wallslide
ARGLOG Carmack t 109.1 pos '-246.5 742.8  -8.0' spd 429.5 yaw 235 mode 2 st 4 gl 2 hp 20 frg 2
ARGLOG Romero t 109.1 pos '364.1 -90.2 -200.0' spd 332.8 yaw  22.9 mode 2 st 8 gl 1 hp 73 frg 1
ARGEVT Carmack hazard
ARGUS Romero leadclip
ARGEVT Joe Rogan hazard
ARGLOG Joe Rogan t 109.4 pos '345.1 -108.1  56.0' spd 229.2 yaw  24.2 mode 2 st 3 gl 0 hp 80 frg 1
ARGLOG Carmack t 109.6 pos '-301.0 697.5 -16.0' spd  31.0 yaw 240 mode 2 st 4 gl 2 hp 20 frg 2
ARGLOG Romero t 109.7 pos '529.8 -37.8 -170.0' spd 321.6 yaw 231.0 mode 2 st 8 gl 1 hp 49 frg 1
ARGUS Carmack wallslide
ARGEVT Romero route 21 start '549.0 -63.0 -168.0' goal '261.0 -703.0 328.0'
ARGLOG Joe Rogan t 109.9 pos '340.2 -99.2  56.0' spd  33.5 yaw  15.5 mode 2 st 3 gl 0 hp 80 frg 1
ARGUS Romero threatmove retreat 2
ARGEVT Romero retreat
ARGLOG Carmack t 110.1 pos '-328.7 777.2 -16.0' spd 360.6 yaw 253 mode 2 st 4 gl 2 hp 20 frg 2
ARGLOG Romero t 110.2 pos '691.3 -17.6 -190.4' spd 320.3 yaw 197.7 mode 2 st 8 gl 1 hp 33 frg 1
ARGEVT Carmack hazard
ARGLOG Joe Rogan t 110.5 pos '388.7 -239.7  56.0' spd 322.9 yaw  30.8 mode 2 st 3 gl 0 hp 80 frg 1
ARGEVT Romero hazard
ARGEVT Romero route 22 start '709.0 -63.0 -196.0' goal '261.0 -703.0 328.0'
ARGLOG Carmack t 110.6 pos '-425.2 681.7 -16.0' spd 325.3 yaw 275 mode 2 st 4 gl 2 hp 20 frg 2
ARGLOG Romero t 110.7 pos '795.5  65.2 -200.0' spd 311.7 yaw 220.9 mode 2 st 8 gl 1 hp 21 frg 1
ARGEVT Joe Rogan hazard
ARGUS Romero wallslide
ARGLOG Joe Rogan t 111.0 pos '457.8 -232.0  56.0' spd 216.3 yaw  47.3 mode 2 st 3 gl 0 hp 80 frg 1
ARGEVT Carmack jump
ARGLOG Carmack t 111.1 pos '-416.8 520.6  -1.0' spd 322.0 yaw 302.6 mode 2 st 4 gl 2 hp 20 frg 2
ARGLOG Romero t 111.2 pos '849.9 184.4 -184.0' spd 355.8 yaw 219.9 mode 0 st 8 gl 1 hp 13 frg 1
ARGEVT Romero route 24 start '901.0  65.0 -184.0' goal '261.0 -703.0 328.0'
ARGEVT Romero weapon sg
ARGEVT Carmack hazard
ARGLOG Joe Rogan t 111.5 pos '431.8 -225.5  56.0' spd  44.8 yaw  39.5 mode 2 st 3 gl 0 hp 80 frg 1
ARGUS Carmack wallslide
ARGEVT Romero hazard
ARGLOG Carmack t 111.6 pos '-400.3 451.9 -16.0' spd 312.7 yaw 140 mode 2 st 4 gl 2 hp 20 frg 2
ARGLOG Romero t 111.7 pos '996.8 219.2 -184.0' spd 267.7 yaw 217.3 mode 2 st 8 gl 1 hp 13 frg 1
ARGEVT Romero pursue
ARGEVT Carmack jump
ARGEVT Joe Rogan pursue
ARGUS Joe Rogan hunch item_artifact_super_damage
ARGLOG Joe Rogan t 112.0 pos '485.5 -313.1  56.0' spd 360.6 yaw 258.1 mode 2 st 3 gl 0 hp 80 frg 1
ARGEVT Joe Rogan pursue
ARGUS routecache adopt
ARGEVT Romero route 24 start '901.0  65.0 -184.0' goal '261.0 -703.0 328.0'
ARGLOG Carmack t 112.1 pos '-437.8 618.4 -16.0' spd 226.7 yaw 251 mode 2 st 4 gl 2 hp 20 frg 2
ARGEVT Joe Rogan plan powerup via weapon
ARGEVT Joe Rogan goal weapon_supernailgun
ARGEVT Joe Rogan route 13 start '357.0 -287.0  56.0' goal '-507.0 449.0 120.0'
ARGEVT Joe Rogan hazard
ARGLOG Romero t 112.2 pos '890.1 138.9 -184.0' spd 320.0 yaw 219 mode 0 st 8 gl 1 hp 13 frg 1
ARGUS Romero hunch item_armorInv
ARGUS Joe Rogan wallslide
ARGEVT Romero pursue
ARGLOG Joe Rogan t 112.5 pos '543.6 -335.0  56.0' spd 261.4 yaw  35.2 mode 2 st 3 gl 0 hp 80 frg 1
ARGEVT Romero goal item_health
ARGEVT Romero route 8 start '901.0  65.0 -184.0' goal '1829.0 641.0 -180.0'
ARGEVT Carmack jump
ARGLOG Carmack t 112.6 pos '-410.9 504.1  -8.6' spd 342.0 yaw 172 mode 2 st 4 gl 2 hp 20 frg 2
ARGLOG Romero t 112.7 pos '937.7  23.2 -184.0' spd 359.8 yaw 271.8 mode 2 st 8 gl 1 hp 13 frg 1
ARGEVT Joe Rogan pursue
ARGUS Carmack wallslide
ARGEVT Carmack hazard
ARGLOG Joe Rogan t 113.0 pos '442.6 -276.8  56.0' spd 359.8 yaw 113.2 mode 2 st 3 gl 0 hp 80 frg 1
ARGLOG Carmack t 113.1 pos '-401.5 477.2 -16.0' spd 323.3 yaw 154 mode 2 st 4 gl 2 hp 20 frg 2
ARGLOG Romero t 113.2 pos '891.0 -146.4 -184.0' spd 356.0 yaw 190 mode 0 st 8 gl 1 hp 13 frg 1
ARGEVT Romero hazard
ARGEVT Romero route 8 start '869.0 -223.0 -184.0' goal '1829.0 641.0 -180.0'
ARGEVT Romero pursue
ARGUS Romero wallslide
ARGEVT Carmack jump
ARGLOG Joe Rogan t 113.5 pos '333.9 -130.0  56.0' spd 366.7 yaw 178 mode 2 st 3 gl 0 hp 80 frg 1
ARGEVT Joe Rogan pursue
ARGLOG Carmack t 113.6 pos '-448.0 631.4  24.6' spd   7.4 yaw 258 mode 2 st 4 gl 2 hp 20 frg 2
ARGLOG Romero t 113.7 pos '848.0 -125.5 -184.0' spd   7.5 yaw 194 mode 2 st 8 gl 1 hp 13 frg 1
ARGLOG Joe Rogan t 114.0 pos '192.3 -28.2  56.0' spd 431.2 yaw  59.7 mode 2 st 3 gl 0 hp 80 frg 1
ARGLOG Carmack t 114.2 pos '-444.8 608.1 -16.0' spd 218.6 yaw 253 mode 2 st 4 gl 2 hp 20 frg 2
ARGLOG Romero t 114.2 pos '849.4 -81.0 -184.0' spd 338.7 yaw  60.9 mode 2 st 8 gl 1 hp 13 frg 1
ARGEVT Carmack jump
ARGLOG Joe Rogan t 114.5 pos '280.6 135.7  56.0' spd 347.4 yaw 5 mode 2 st 3 gl 0 hp 80 frg 1
ARGLOG Carmack t 114.7 pos '-401.4 560.0  23.7' spd  29.4 yaw 213 mode 2 st 4 gl 2 hp 20 frg 2
ARGEVT Romero hazard
ARGLOG Romero t 114.7 pos '984.0  31.4 -184.0' spd 334.1 yaw 348 mode 2 st 8 gl 1 hp 13 frg 1
ARGLOG Joe Rogan t 115.0 pos '439.8 184.1  56.0' spd 354.7 yaw 93 mode 2 st 3 gl 0 hp 80 frg 1
ARGEVT Carmack jump
ARGUS Romero wallslide
ARGLOG Carmack t 115.2 pos '-413.9 482.8  -2.5' spd 327.8 yaw 153 mode 2 st 4 gl 2 hp 20 frg 2
ARGUS Joe Rogan wallslide
ARGLOG Romero t 115.2 pos '1006.9 107.4 -184.0' spd  42.4 yaw 338 mode 2 st 8 gl 1 hp 13 frg 1
ARGEVT Carmack hazard
ARGLOG Joe Rogan t 115.5 pos '498.8 326.8  56.0' spd 332.0 yaw 137 mode 2 st 3 gl 0 hp 80 frg 1
ARGLOG Carmack t 115.7 pos '-400.5 469.3 -16.0' spd 324.3 yaw 149 mode 2 st 4 gl 2 hp 20 frg 2
ARGEVT Romero hazard
ARGLOG Romero t 115.7 pos '1005.1 127.4 -184.0' spd  37.6 yaw 335 mode 2 st 8 gl 1 hp 13 frg 1
ARGEVT Carmack jump
ARGLOG Joe Rogan t 116.0 pos '456.0 484.9  56.0' spd 372.7 yaw 163 mode 2 st 3 gl 0 hp 80 frg 1
ARGUS Carmack wallslide
ARGLOG Carmack t 116.2 pos '-447.8 628.9 -16.0' spd 136.7 yaw 257 mode 2 st 4 gl 2 hp 20 frg 2
ARGLOG Romero t 116.2 pos '1003.5 145.9 -184.0' spd  37.8 yaw 333 mode 2 st 8 gl 1 hp 13 frg 1
ARGLOG Joe Rogan t 116.5 pos '305.5 571.8  56.0' spd 321.5 yaw 172 mode 2 st 3 gl 0 hp 80 frg 1
ARGEVT Carmack jump
ARGLOG Carmack t 116.7 pos '-407.7 498.3  -5.1' spd 344.4 yaw 167 mode 2 st 4 gl 2 hp 20 frg 2
ARGEVT Romero hazard
ARGLOG Romero t 116.8 pos '1001.9 164.0 -184.0' spd  36.4 yaw 332 mode 2 st 8 gl 1 hp 13 frg 1
ARGEVT Carmack hazard
ARGLOG Joe Rogan t 117.1 pos '146.4 601.4  56.0' spd 320.2 yaw 173 mode 2 st 3 gl 0 hp 80 frg 1
ARGLOG Carmack t 117.2 pos '-402.9 494.9 -16.0' spd 329.4 yaw 165 mode 2 st 4 gl 2 hp 20 frg 2
ARGLOG Romero t 117.3 pos '1000.4 181.1 -184.0' spd  35.2 yaw 330 mode 2 st 8 gl 1 hp 13 frg 1
ARGEVT Carmack jump
ARGLOG Joe Rogan t 117.6 pos '-15.3 619.3  40.0' spd 320.0 yaw 159 mode 2 st 3 gl 0 hp 80 frg 1
ARGLOG Carmack t 117.7 pos '-448.0 612.4  24.8' spd  30.5 yaw 255 mode 2 st 4 gl 2 hp 20 frg 2
ARGEVT Romero hazard
ARGLOG Romero t 117.8 pos '999.0 198.0 -184.0' spd  31.4 yaw 328 mode 2 st 8 gl 1 hp 13 frg 1
ARGLOG Joe Rogan t 118.1 pos '-174.5 638.2   8.0' spd 320.1 yaw 208 mode 2 st 3 gl 0 hp 80 frg 1
ARGLOG Carmack t 118.2 pos '-441.1 582.4 -16.0' spd 284.2 yaw 244 mode 2 st 4 gl 2 hp 20 frg 2
ARGEVT Carmack jump
ARGLOG Romero t 118.3 pos '1003.9 209.5 -184.0' spd 160.9 yaw 327 mode 2 st 8 gl 1 hp 13 frg 1
ARGUS Romero wallslide
ARGEVT Joe Rogan hazard
ARGEVT Carmack hazard
ARGLOG Joe Rogan t 118.6 pos '-303.9 718.1 -16.0' spd 359.3 yaw 243 mode 2 st 3 gl 0 hp 80 frg 1
ARGUS Joe Rogan wallslide
ARGLOG Carmack t 118.7 pos '-403.5 438.8 -16.0' spd 144.8 yaw 133 mode 2 st 4 gl 2 hp 20 frg 2
ARGLOG Romero t 118.8 pos '998.6  52.7 -184.0' spd 155.8 yaw 345 mode 2 st 8 gl 1 hp 13 frg 1
ARGEVT Romero hazard
ARGUS Carmack wallslide
ARGEVT Carmack engage Joe Rogan
ARGUS Carmack threatmove range 2
ARGEVT Carmack grab weapon_supernailgun
ARGUS Carmack threatmove retreat 2
ARGEVT Carmack retreat
ARGEVT Joe Rogan engage Carmack
ARGUS Joe Rogan threatmove range 2
ARGEVT Carmack jump
ARGLOG Joe Rogan t 119.1 pos '-398.3 773.9 -16.0' spd  88.4 yaw 271.7 mode 2 st 3 gl 0 hp 80 frg 1
ARGLOG Carmack t 119.2 pos '-404.5 470.5  -4.5' spd  57.6 yaw  88.7 mode 2 st 4 gl 2 hp 20 frg 2
ARGLOG Romero t 119.3 pos '1001.8  -0.6 -168.0' spd  93.2 yaw 352 mode 2 st 8 gl 1 hp 13 frg 1
ARGEVT Carmack pursue
ARGEVT Joe Rogan pursue
ARGLOG Joe Rogan t 119.6 pos '-248.2 742.1 -16.0' spd 339.9 yaw 243.9 mode 2 st 3 gl 0 hp 80 frg 1
ARGEVT Carmack hazard
ARGLOG Carmack t 119.7 pos '-408.8 407.7 -16.0' spd 257.2 yaw 85 mode 2 st 4 gl 2 hp 20 frg 2
ARGLOG Romero t 119.8 pos '1154.6  -6.6 -168.0' spd 323.0 yaw 355 mode 2 st 8 gl 1 hp 13 frg 1
ARGEVT Carmack jump
ARGLOG Joe Rogan t 120.1 pos '-274.6 588.7 -16.0' spd 327.9 yaw 222 mode 2 st 3 gl 0 hp 80 frg 1
ARGUS Joe Rogan hunch item_health
ARGEVT Joe Rogan hazard
ARGLOG Carmack t 120.2 pos '-398.6 528.0 -16.0' spd   3.9 yaw 85 mode 2 st 4 gl 2 hp 20 frg 2
ARGLOG Romero t 120.3 pos '1315.4 -32.8 -168.0' spd 321.6 yaw 357.4 mode 0 st 8 gl 1 hp 13 frg 1
ARGUS routecache adopt
ARGEVT Romero route 5 start '1413.0 -63.0 -168.0' goal '1829.0 641.0 -180.0'
ARGEVT Joe Rogan pursue
ARGEVT Joe Rogan plan powerup via weapon
ARGEVT Joe Rogan goal weapon_supernailgun
ARGEVT Joe Rogan route 6 start '-251.0 609.0 -16.0' goal '-507.0 449.0 120.0'
ARGEVT Romero route 5 start '1413.0 -63.0 -168.0' goal '1829.0 641.0 -180.0'
ARGLOG Joe Rogan t 120.6 pos '-276.1 671.4 -16.0' spd 384.8 yaw 139.4 mode 2 st 3 gl 0 hp 80 frg 1
ARGEVT Carmack jump
ARGEVT Joe Rogan pursue
ARGUS Joe Rogan wallslide
ARGUS routecache adopt
ARGEVT Romero route 5 start '1413.0 -63.0 -168.0' goal '1829.0 641.0 -180.0'
ARGLOG Carmack t 120.8 pos '-396.5 528.0  -0.2' spd  13.4 yaw 86 mode 2 st 4 gl 2 hp 20 frg 2
ARGLOG Romero t 120.8 pos '1478.6  21.5 -168.0' spd 320.2 yaw 4 mode 2 st 8 gl 1 hp 13 frg 1
ARGEVT Carmack hazard
ARGLOG Joe Rogan t 121.1 pos '-302.4 706.4 -16.0' spd 337.2 yaw 298.8 mode 2 st 3 gl 0 hp 80 frg 1
ARGEVT Romero swim
ARGLOG Carmack t 121.3 pos '-391.1 528.0 -16.0' spd   2.3 yaw 87 mode 2 st 4 gl 2 hp 20 frg 2
ARGEVT Joe Rogan pursue
ARGLOG Romero t 121.3 pos '1639.3 111.5 -207.4' spd 345.0 yaw 353 mode 2 st 8 gl 1 hp 13 frg 1
ARGEVT Romero swim
