LOG started on: 09/19/2026 23:12:49 
Playing registered version.
UDP Initialized
WIPX_OpenSocket: Address family not supported by protocol family
WIPX_Init: Unable to open control socket, IPX disabled
Exe: 20:02:47 Jul 31 2024
256.0 megabyte heap

Language initialization
Couldn't load 'localization/loc_english.txt'
from 'C:\argus\engine'

========= Quake Initialized =========

execing autoexec.cfg
SpawnServer: dm2
Clearing memory
Programs occupy 910K.
trying to open external vis file
maps/dm2.vis not found, trying argus.vis
external vis not found
ARGUS slots 8
ARGUS worldspawn reached
ARGNAV 215 nodes, 1005 links
0 entities inhibited
ARGUS init on dm2
ARGEVT Carmack spawned
ARGEVT Romero spawned
ARGEVT Joe Rogan spawned
Server spawned.
ARGLOG Joe Rogan t   1.2 pos '2624.0 -488.0  32.0' spd 0 yaw 177.6 mode 0 st 0 gl 0 hp 100 frg 0
ARGLOG Romero t   1.2 pos '2704.0 -2048.0 128.0' spd 0 yaw 317.5 mode 0 st 0 gl 0 hp 100 frg 0
ARGLOG Carmack t   1.2 pos '2560.0 -192.0  32.0' spd 0 yaw 209.6 mode 0 st 0 gl 0 hp 100 frg 0
ARGUS Carmack wallslide
ARGEVT Joe Rogan engage Carmack
ARGUS Joe Rogan threatmove range 2
ARGEVT Joe Rogan grab item_armorInv
ARGEVT Carmack engage Joe Rogan
ARGUS Carmack threatmove range 2
ARGLOG Joe Rogan t   1.7 pos '2473.7 -445.4   8.0' spd 314.1 yaw  98.9 mode 0 st 0 gl 0 hp 100 frg 0
ARGLOG Romero t   1.7 pos '2710.5 -2090.3 128.0' spd 321.9 yaw 157.1 mode 0 st 0 gl 0 hp 100 frg 0
ARGLOG Carmack t   1.7 pos '2438.5 -240.0  24.0' spd  19.8 yaw 240.5 mode 0 st 0 gl 0 hp 100 frg 0
ARGEVT Joe Rogan hazard
ARGUS Joe Rogan wallslide
ARGLOG Joe Rogan t   2.2 pos '2364.2 -528.0   8.0' spd  99.8 yaw  82.9 mode 0 st 0 gl 0 hp 100 frg 0
ARGLOG Romero t   2.2 pos '2744.3 -2118.2 120.0' spd 202.0 yaw 181.5 mode 0 st 0 gl 0 hp 100 frg 0
ARGLOG Carmack t   2.2 pos '2382.1 -240.0  24.0' spd 325.3 yaw 252.6 mode 0 st 0 gl 0 hp 100 frg 0
ARGEVT Carmack hazard
ARGLOG Joe Rogan t   2.7 pos '2337.5 -528.0   8.0' spd  45.6 yaw  86.5 mode 0 st 0 gl 0 hp 100 frg 0
ARGLOG Romero t   2.7 pos '2719.9 -2043.0 128.0' spd 323.6 yaw  50.9 mode 0 st 0 gl 0 hp 100 frg 0
ARGLOG Carmack t   2.7 pos '2391.2 -240.0  24.0' spd 346.0 yaw 264.3 mode 0 st 0 gl 0 hp 100 frg 0
ARGEVT Romero hazard
ARGEVT Joe Rogan hazard
ARGUS Joe Rogan wallslide
ARGLOG Joe Rogan t   3.2 pos '2302.2 -520.2   8.0' spd 294.9 yaw  75.0 mode 0 st 0 gl 0 hp 100 frg 0
ARGLOG Romero t   3.2 pos '2697.0 -2001.9 128.0' spd 323.9 yaw 218.7 mode 0 st 0 gl 0 hp 100 frg 0
ARGLOG Carmack t   3.2 pos '2353.2 -230.8  24.0' spd 321.9 yaw 249.9 mode 0 st 0 gl 0 hp 100 frg 0
ARGLOG Joe Rogan t   3.7 pos '2153.7 -452.8   8.0' spd 321.9 yaw  82.6 mode 0 st 0 gl 0 hp 91 frg 0
ARGLOG Romero t   3.7 pos '2686.4 -2084.7 128.0' spd 320.0 yaw 273.9 mode 0 st 0 gl 0 hp 100 frg 0
ARGLOG Carmack t   3.7 pos '2190.0 -239.1  24.0' spd 320.0 yaw 239.2 mode 0 st 0 gl 0 hp 100 frg 0
ARGEVT Joe Rogan goal item_armorInv
ARGEVT Joe Rogan route 3 start '2273.0 -375.0   8.0' goal '2369.0 -567.0  56.0'
ARGLOG Joe Rogan t   4.3 pos '2257.9 -389.3   8.0' spd 309.5 yaw  96.2 mode 2 st 0 gl 0 hp 82 frg 0
ARGLOG Romero t   4.3 pos '2697.9 -2249.1 120.0' spd 320.0 yaw 273.9 mode 0 st 0 gl 0 hp 100 frg 0
ARGLOG Carmack t   4.3 pos '2219.1 -255.3  24.0' spd 321.2 yaw 305.9 mode 0 st 0 gl 0 hp 100 frg 0
ARGEVT Romero goal item_armor2
ARGEVT Romero route 7 start '2657.0 -2295.0 120.0' goal '1313.0 -951.0  32.0'
ARGUS Carmack wallslide
ARGEVT Romero hazard
ARGEVT Carmack goal weapon_rocketlauncher
ARGEVT Carmack route 14 start '2209.0 -279.0  24.0' goal '2465.0 -1719.0  24.0'
ARGLOG Joe Rogan t   4.8 pos '2418.4 -321.9   8.0' spd 334.1 yaw 133.2 mode 2 st 0 gl 0 hp 64 frg 0
ARGLOG Romero t   4.8 pos '2725.4 -2347.7 120.0' spd 217.1 yaw 206 mode 2 st 0 gl 0 hp 100 frg 0
ARGLOG Carmack t   4.8 pos '2285.0 -205.0  24.0' spd 324.8 yaw 337.4 mode 2 st 0 gl 0 hp 100 frg 0
ARGEVT Carmack pursue
ARGUS Romero wallslide
ARGLOG Joe Rogan t   5.3 pos '2347.1 -371.7   8.0' spd 315.2 yaw  69.6 mode 2 st 0 gl 0 hp 64 frg 0
ARGLOG Romero t   5.3 pos '2642.8 -2281.1 120.0' spd 368.1 yaw 225 mode 2 st 0 gl 0 hp 100 frg 0
ARGLOG Carmack t   5.3 pos '2437.8 -239.2  24.0' spd 159.3 yaw 244.1 mode 2 st 0 gl 0 hp 100 frg 0
ARGEVT Romero hazard
ARGEVT Carmack pursue
ARGEVT Joe Rogan route 4 start '2209.0 -279.0  24.0' goal '2369.0 -567.0  56.0'
ARGLOG Joe Rogan t   5.8 pos '2208.3 -272.4  24.0' spd 324.7 yaw  44.0 mode 2 st 0 gl 0 hp 64 frg 0
ARGLOG Romero t   5.8 pos '2477.6 -2296.5 120.0' spd 352.0 yaw 141 mode 2 st 0 gl 0 hp 100 frg 0
ARGLOG Carmack t   5.8 pos '2310.0 -186.9  24.0' spd 367.7 yaw 209.6 mode 2 st 0 gl 0 hp 100 frg 0
ARGEVT Joe Rogan route 5 start '2113.0 -215.0  24.0' goal '2369.0 -567.0  56.0'
ARGUS Carmack wallslide
ARGEVT Joe Rogan grab item_health
ARGLOG Joe Rogan t   6.3 pos '2115.9 -110.0  24.0' spd 410.0 yaw 335.8 mode 2 st 0 gl 0 hp 46 frg 0
ARGLOG Romero t   6.3 pos '2401.2 -2456.3 120.0' spd 375.8 yaw 131 mode 2 st 0 gl 0 hp 100 frg 0
ARGLOG Carmack t   6.3 pos '2255.5 -240.4  24.0' spd 265.9 yaw 129.2 mode 2 st 0 gl 0 hp 76 frg 0
ARGEVT Romero route 5 start '2433.0 -2487.0 120.0' goal '1313.0 -951.0  32.0'
ARGEVT Romero hazard
ARGUS routecache adopt
ARGEVT Romero route 5 start '2433.0 -2487.0 120.0' goal '1313.0 -951.0  32.0'
ARGEVT Carmack weapon sg
ARGLOG Joe Rogan t   6.8 pos '1965.2 -10.7  24.0' spd 399.9 yaw 288.6 mode 0 st 0 gl 0 hp 62 frg 0
ARGLOG Romero t   6.8 pos '2473.5 -2419.1 120.0' spd 334.5 yaw 137 mode 2 st 0 gl 0 hp 100 frg 0
ARGLOG Carmack t   6.8 pos '2153.4 -251.5  24.0' spd 302.5 yaw 131.0 mode 2 st 0 gl 0 hp 76 frg 0
ARGEVT Joe Rogan route 7 start '1953.0 -23.0  24.0' goal '2369.0 -567.0  56.0'
ARGEVT Joe Rogan hazard
ARGLOG Joe Rogan t   7.3 pos '1909.8 -153.7  24.0' spd 335.6 yaw   4.0 mode 2 st 0 gl 0 hp 62 frg 0
ARGLOG Romero t   7.3 pos '2391.3 -2284.6 120.0' spd  15.2 yaw 139 mode 2 st 0 gl 0 hp 100 frg 0
ARGLOG Carmack t   7.3 pos '2218.8 -100.5  24.0' spd 349.1 yaw 180.9 mode 2 st 0 gl 0 hp 76 frg 0
ARGLOG Joe Rogan t   7.8 pos '2017.4 -260.6  40.0' spd 333.4 yaw  32.8 mode 2 st 0 gl 0 hp 54 frg 0
ARGLOG Romero t   7.8 pos '2421.0 -2429.5 120.0' spd 320.0 yaw 136 mode 2 st 0 gl 0 hp 100 frg 0
ARGLOG Carmack t   7.8 pos '2243.2 -104.7  24.0' spd 320.1 yaw 212.2 mode 2 st 0 gl 0 hp 76 frg 0
ARGEVT Romero route 5 start '2433.0 -2487.0 120.0' goal '1313.0 -951.0  32.0'
ARGEVT Joe Rogan hazard
ARGUS routecache adopt
ARGEVT Romero route 4 start '1313.0 -1367.0 144.0' goal '1313.0 -951.0  32.0'
ARGEVT Carmack grab item_health
ARGLOG Joe Rogan t   8.3 pos '2039.0 -210.4  24.0' spd 332.7 yaw   3.4 mode 2 st 0 gl 0 hp 54 frg 0
ARGLOG Romero t   8.3 pos '1363.6 -1376.0 144.0' spd 300 yaw 102 mode 2 st 0 gl 0 hp 100 frg 0
ARGLOG Carmack t   8.3 pos '2343.3 -229.6  24.0' spd 302.4 yaw 185.1 mode 2 st 0 gl 0 hp 52 frg 0
ARGUS Carmack wallslide
ARGUS Carmack threatmove retreat 2
ARGEVT Carmack retreat
ARGLOG Joe Rogan t   8.8 pos '2075.6 -48.7  24.0' spd 257.7 yaw 342.5 mode 2 st 0 gl 0 hp 54 frg 0
ARGLOG Romero t   8.8 pos '1380.0 -1364.5 136.0' spd 247.6 yaw 106 mode 2 st 0 gl 0 hp 100 frg 0
ARGLOG Carmack t   8.8 pos '2515.2 -229.8  32.0' spd 317.9 yaw 151.0 mode 2 st 0 gl 0 hp 28 frg 0
ARGEVT Carmack hazard
ARGEVT Romero jump
ARGLOG Joe Rogan t   9.3 pos '2077.3 -171.1  24.0' spd 321.8 yaw 353.6 mode 2 st 0 gl 0 hp 54 frg 0
ARGLOG Romero t   9.3 pos '1345.6 -1204.1 159.1' spd 321.4 yaw 106 mode 2 st 0 gl 0 hp 100 frg 0
ARGLOG Carmack t   9.3 pos '2575.1 -193.8  32.0' spd  58.0 yaw 170.0 mode 2 st 0 gl 0 hp 28 frg 0
ARGUS Carmack wallslide
ARGLOG Joe Rogan t   9.9 pos '2108.0 -145.7  24.0' spd 320.5 yaw 356.2 mode 2 st 0 gl 0 hp 54 frg 0
ARGLOG Romero t   9.9 pos '1288.2 -1184.8 178.5' spd 134.1 yaw 92 mode 2 st 0 gl 0 hp 100 frg 0
ARGLOG Carmack t   9.9 pos '2568.8 -218.9  32.0' spd  77.6 yaw 173.7 mode 2 st 0 gl 0 hp 12 frg 0
ARGEVT Carmack hazard
ARGEVT Carmack death Joe Rogan pos '2574.3 -211.8  32.0'
ARGUS Joe Rogan watch spawn
ARGLOG Joe Rogan t  10.4 pos '2146.9  18.2  24.0' spd 343.8 yaw  37.0 mode 2 st 0 gl 0 hp 38 frg 1
ARGLOG Romero t  10.4 pos '1276.4 -1042.1 200.0' spd 323.0 yaw  75.7 mode 1 st 0 gl 0 hp 100 frg 0
ARGEVT Joe Rogan hazard
ARGEVT Joe Rogan goal item_health
ARGEVT Joe Rogan route 4 start '2113.0   9.0  24.0' goal '2593.0 -119.0 120.0'
ARGLOG Joe Rogan t  10.9 pos '2197.0  80.0  24.0' spd  12.9 yaw 322 mode 2 st 0 gl 0 hp 38 frg 1
ARGLOG Romero t  10.9 pos '1331.3 -878.8 129.4' spd 353.1 yaw 298.4 mode 1 st 0 gl 0 hp 100 frg 0
ARGLOG Joe Rogan t  11.4 pos '2198.0  80.0  24.0' spd  11.3 yaw 322 mode 2 st 0 gl 0 hp 38 frg 1
ARGLOG Romero t  11.4 pos '1324.3 -941.2  32.0' spd 323.7 yaw 227.4 mode 1 st 0 gl 0 hp 100 frg 0
ARGEVT Joe Rogan hazard
ARGEVT Romero hazard
ARGEVT Joe Rogan stall
ARGEVT Joe Rogan stallnode '2241.0 -87.0  24.0'
ARGEVT Joe Rogan jump
ARGEVT Joe Rogan route 4 start '2145.0 105.0  24.0' goal '2593.0 -119.0 120.0'
ARGEVT Carmack respawn
ARGLOG Carmack t  11.8 pos '2560.0 -192.0  32.0' spd 0 yaw 175.5 mode 0 st 0 gl 0 hp 100 frg 0
ARGEVT Carmack goal item_armorInv
ARGEVT Carmack route 6 start '2529.0 -183.0  32.0' goal '2369.0 -567.0  56.0'
ARGLOG Joe Rogan t  11.9 pos '2194.3  80.0  66.2' spd  42.8 yaw 323 mode 2 st 1 gl 0 hp 38 frg 1
ARGLOG Romero t  11.9 pos '1696.0 -955.7  20.0' spd 300 yaw 219.7 mode 1 st 0 gl 0 hp 100 frg 0
ARGUS Carmack wallslide
ARGLOG Carmack t  12.3 pos '2421.0 -144.0  24.0' spd 350.9 yaw 152 mode 2 st 0 gl 0 hp 100 frg 0
ARGEVT Carmack engage Joe Rogan
ARGUS Carmack threatmove range 2
ARGEVT Joe Rogan engage Carmack
ARGUS Joe Rogan threatmove range 2
ARGLOG Joe Rogan t  12.4 pos '2176.0  45.7  24.0' spd 298.8 yaw 323.4 mode 2 st 1 gl 0 hp 38 frg 1
ARGLOG Romero t  12.4 pos '1692.3 -967.1  20.0' spd 279.5 yaw 177 mode 1 st 0 gl 0 hp 100 frg 0
ARGUS Joe Rogan threatmove retreat 2
ARGEVT Joe Rogan retreat
ARGLOG Carmack t  12.9 pos '2261.6 -200.7  24.0' spd 324.9 yaw 125.3 mode 2 st 0 gl 0 hp 100 frg 0
ARGLOG Joe Rogan t  12.9 pos '2187.6 -19.6  24.0' spd 320.3 yaw 306.0 mode 2 st 1 gl 0 hp 18 frg 1
ARGLOG Romero t  12.9 pos '1530.1 -1002.8  20.0' spd 323.6 yaw 166 mode 1 st 0 gl 0 hp 100 frg 0
ARGUS Joe Rogan wallslide
ARGEVT Romero hazard
ARGUS Romero wallslide
ARGLOG Carmack t  13.4 pos '2090.1 -186.6  24.0' spd 356.0 yaw  47.9 mode 2 st 0 gl 0 hp 100 frg 0
ARGLOG Joe Rogan t  13.4 pos '2323.3  16.0  56.0' spd 349.6 yaw 218.1 mode 2 st 1 gl 0 hp 18 frg 1
ARGLOG Romero t  13.4 pos '1424.0 -956.7  20.0' spd 310.3 yaw 132.2 mode 1 st 0 gl 0 hp 100 frg 0
ARGEVT Carmack route 6 start '1953.0 -87.0  24.0' goal '2369.0 -567.0  56.0'
ARGLOG Carmack t  13.9 pos '1974.0 -40.5  24.0' spd 345.1 yaw   4.8 mode 2 st 0 gl 0 hp 76 frg 0
ARGLOG Joe Rogan t  14.0 pos '2432.8  -1.9 104.0' spd 300.1 yaw 180.0 mode 2 st 1 gl 0 hp 6 frg 1
ARGLOG Romero t  14.0 pos '1424.0 -946.2  20.0' spd   2.3 yaw 128 mode 1 st 0 gl 0 hp 100 frg 0
ARGEVT Romero hazard
ARGLOG Carmack t  14.4 pos '1981.1 -92.7  24.0' spd 320.5 yaw 357.4 mode 2 st 0 gl 0 hp 76 frg 0
ARGLOG Joe Rogan t  14.5 pos '2438.5 -80.0 111.2' spd  78.8 yaw 175.8 mode 2 st 1 gl 0 hp 6 frg 1
ARGLOG Romero t  14.5 pos '1424.0 -946.0  20.0' spd 0 yaw 129 mode 1 st 0 gl 0 hp 100 frg 0
ARGEVT Romero stall
ARGEVT Romero jump
ARGEVT Romero route 0 start '1313.0 -951.0  32.0' goal '1313.0 -951.0  32.0'
ARGLOG Carmack t  14.9 pos '2021.6 -216.7  24.0' spd 146.9 yaw  19.4 mode 2 st 0 gl 0 hp 76 frg 0
ARGEVT Joe Rogan pursue
ARGEVT Carmack pursue
ARGUS Joe Rogan hunch item_artifact_super_damage
ARGLOG Joe Rogan t  15.0 pos '2369.8 -91.2  72.0' spd 305.4 yaw  50.7 mode 1 st 1 gl 0 hp 6 frg 1
ARGLOG Romero t  15.0 pos '1424.0 -913.6  52.2' spd  43.7 yaw 204.8 mode 1 st 1 gl 0 hp 100 frg 0
ARGEVT Joe Rogan hazard
ARGEVT Joe Rogan goal item_health
ARGUS Romero wallslide
ARGEVT Joe Rogan pursue
ARGEVT Romero hazard
ARGLOG Carmack t  15.4 pos '2149.7 -126.7  24.0' spd 380.7 yaw  16.3 mode 2 st 0 gl 0 hp 76 frg 0
ARGLOG Joe Rogan t  15.5 pos '2463.3 -15.3 120.0' spd 331.9 yaw 175.6 mode 1 st 1 gl 0 hp 6 frg 1
ARGLOG Romero t  15.5 pos '1424.0 -965.3  20.0' spd   2.3 yaw 228 mode 1 st 1 gl 0 hp 100 frg 0
ARGEVT Joe Rogan death Carmack pos '2584.6   3.0 120.0'
ARGUS Carmack watch spawn
ARGUS Carmack wallslide
ARGLOG Carmack t  15.9 pos '2191.6  37.0  24.0' spd 315.4 yaw  64.8 mode 2 st 0 gl 0 hp 76 frg 1
ARGLOG Romero t  16.0 pos '1424.0 -964.1  20.0' spd   2.5 yaw 228 mode 1 st 1 gl 0 hp 100 frg 0
ARGEVT Carmack goal item_armorInv
ARGEVT Carmack route 6 start '2145.0 105.0  24.0' goal '2369.0 -567.0  56.0'
ARGEVT Romero hazard
ARGLOG Carmack t  16.4 pos '2256.1 -57.2  24.0' spd 407.5 yaw 12 mode 2 st 0 gl 0 hp 76 frg 1
ARGLOG Romero t  16.5 pos '1424.0 -962.9  20.0' spd   2.3 yaw 230 mode 1 st 1 gl 0 hp 100 frg 0
ARGEVT Romero stall
ARGEVT Romero jump
ARGEVT Romero route 1 start '1281.0 -983.0  32.0' goal '1313.0 -951.0  32.0'
ARGLOG Carmack t  17.0 pos '2431.3 -51.5 104.0' spd 320.6 yaw 244 mode 2 st 0 gl 0 hp 76 frg 1
ARGLOG Romero t  17.0 pos '1424.0 -987.4  60.2' spd  66.8 yaw 218 mode 1 st 2 gl 0 hp 100 frg 0
ARGEVT Carmack route 5 start '2465.0 -55.0 120.0' goal '2369.0 -567.0  56.0'
ARGEVT Romero hazard
ARGEVT Joe Rogan respawn
ARGLOG Joe Rogan t  17.4 pos '2704.0 -2048.0 128.0' spd 0 yaw 294.9 mode 0 st 1 gl 0 hp 100 frg 1
ARGLOG Carmack t  17.5 pos '2589.5 -122.7 120.0' spd 462.7 yaw 227.1 mode 2 st 0 gl 0 hp 91 frg 1
ARGEVT Joe Rogan goal weapon_nailgun
ARGEVT Joe Rogan route 15 start '2721.0 -2103.0 120.0' goal '2433.0 -183.0  24.0'
ARGLOG Romero t  17.5 pos '1424.0 -996.7  20.0' spd 158.7 yaw 103 mode 1 st 2 gl 0 hp 100 frg 0
ARGUS Romero wallslide
ARGLOG Joe Rogan t  17.9 pos '2721.7 -2200.4 120.0' spd 336.0 yaw 193 mode 2 st 1 gl 0 hp 100 frg 1
ARGLOG Carmack t  18.0 pos '2398.9 -221.5  98.3' spd 492.2 yaw 71 mode 2 st 0 gl 0 hp 100 frg 1
ARGLOG Romero t  18.1 pos '1424.0 -913.9  20.0' spd 0 yaw 236.2 mode 1 st 2 gl 0 hp 100 frg 0
ARGUS Carmack wallslide
ARGEVT Carmack route 5 start '2241.0 -183.0  24.0' goal '2369.0 -567.0  56.0'
ARGEVT Romero hazard
ARGLOG Joe Rogan t  18.5 pos '2576.5 -2300.7 120.0' spd 339.8 yaw 233 mode 2 st 1 gl 0 hp 100 frg 1
ARGLOG Carmack t  18.5 pos '2327.1 -145.6  24.0' spd 332.6 yaw  19.1 mode 2 st 0 gl 0 hp 100 frg 1
ARGLOG Romero t  18.6 pos '1424.0 -967.3  20.0' spd   2.3 yaw 228 mode 1 st 2 gl 0 hp 100 frg 0
ARGEVT Joe Rogan hazard
ARGLOG Joe Rogan t  19.0 pos '2406.6 -2312.9 120.0' spd 421.8 yaw 139 mode 2 st 1 gl 0 hp 100 frg 1
ARGLOG Carmack t  19.0 pos '2492.5 -144.2  24.0' spd 136.7 yaw 100 mode 2 st 0 gl 0 hp 100 frg 1
ARGEVT Carmack hazard
ARGLOG Romero t  19.1 pos '1424.0 -966.1  20.0' spd   2.3 yaw 227 mode 1 st 2 gl 0 hp 100 frg 0
ARGEVT Romero hazard
ARGEVT Romero stall
ARGEVT Romero jump
ARGEVT Romero route 1 start '1281.0 -983.0  32.0' goal '1313.0 -951.0  32.0'
ARGLOG Joe Rogan t  19.5 pos '2426.6 -2481.4 120.0' spd 357.6 yaw 324.0 mode 0 st 1 gl 0 hp 100 frg 1
ARGLOG Carmack t  19.5 pos '2393.3 -158.7  24.0' spd 330.5 yaw 241 mode 2 st 0 gl 0 hp 100 frg 1
ARGEVT Joe Rogan route 12 start '2433.0 -2487.0 120.0' goal '2433.0 -183.0  24.0'
ARGLOG Romero t  19.6 pos '1424.0 -970.1  49.8' spd  42.7 yaw 226 mode 1 st 3 gl 0 hp 100 frg 0
ARGEVT Joe Rogan route 11 start '1377.0 -1335.0 136.0' goal '2433.0 -183.0  24.0'
ARGLOG Joe Rogan t  20.0 pos '1363.6 -1376.0 144.0' spd 300 yaw 102 mode 2 st 1 gl 0 hp 100 frg 1
ARGLOG Carmack t  20.0 pos '2249.5 -243.0  24.0' spd 346.2 yaw 323 mode 2 st 0 gl 0 hp 100 frg 1
ARGLOG Romero t  20.1 pos '1424.0 -993.9  20.7' spd  51.7 yaw 215 mode 1 st 3 gl 0 hp 100 frg 0
ARGLOG Joe Rogan t  20.5 pos '1378.1 -1314.2 136.0' spd 332.6 yaw 106 mode 2 st 1 gl 0 hp 100 frg 1
ARGUS Romero wallslide
ARGLOG Carmack t  20.5 pos '2286.0 -414.7   8.0' spd 381.4 yaw 343 mode 2 st 0 gl 0 hp 100 frg 1
ARGLOG Romero t  20.6 pos '1424.0 -968.9  20.0' spd 345.0 yaw 118.5 mode 1 st 3 gl 0 hp 100 frg 0
ARGEVT Romero hazard
ARGEVT Joe Rogan jump
ARGLOG Joe Rogan t  21.0 pos '1328.0 -1200.0 187.1' spd 112.7 yaw 102 mode 2 st 1 gl 0 hp 100 frg 1
ARGLOG Carmack t  21.0 pos '2453.3 -455.3   8.0' spd 322.8 yaw 233 mode 2 st 0 gl 0 hp 100 frg 1
ARGLOG Romero t  21.1 pos '1424.0 -921.7  20.0' spd 188.4 yaw 252 mode 1 st 3 gl 0 hp 100 frg 0
ARGEVT Carmack door
ARGEVT Carmack hazard
ARGLOG Joe Rogan t  21.5 pos '1277.1 -1159.5 184.0' spd 307.6 yaw 39 mode 2 st 1 gl 0 hp 100 frg 1
ARGLOG Carmack t  21.5 pos '2608.7 -524.4  32.0' spd 312.4 yaw 237.8 mode 2 st 0 gl 0 hp 100 frg 1
ARGUS Carmack wallslide
ARGLOG Romero t  21.6 pos '1424.0 -963.3  20.0' spd   2.3 yaw 230 mode 1 st 3 gl 0 hp 100 frg 0
ARGEVT Romero hazard
ARGEVT Romero engage Joe Rogan
ARGUS Romero threatmove range 2
ARGUS Romero threatmove high 2
ARGEVT Joe Rogan engage Romero
ARGUS Joe Rogan threatmove range 2
ARGLOG Joe Rogan t  22.0 pos '1278.0 -990.9 199.0' spd 323.0 yaw  14.0 mode 0 st 1 gl 0 hp 100 frg 1
ARGUS Carmack jumpapproach 0 actual 348.9
ARGEVT Carmack jump
ARGUS Carmack aircontrol
ARGLOG Carmack t  22.0 pos '2517.4 -528.0  31.4' spd 338.5 yaw 208 mode 2 st 0 gl 0 hp 100 frg 1
ARGEVT Joe Rogan route 9 start '1313.0 -1047.0 200.0' goal '2433.0 -183.0  24.0'
ARGLOG Romero t  22.1 pos '1462.6 -923.6  20.0' spd 320.4 yaw 202.8 mode 1 st 3 gl 0 hp 100 frg 0
ARGLOG Joe Rogan t  22.5 pos '1288.9 -848.7  73.2' spd  33.2 yaw 331.1 mode 2 st 1 gl 0 hp 100 frg 1
ARGEVT Carmack hazard
ARGLOG Carmack t  22.6 pos '2356.2 -534.8  56.0' spd 137.7 yaw 310 mode 1 st 0 gl 0 hp 100 frg 1
ARGLOG Romero t  22.6 pos '1442.5 -994.6  20.0' spd 341.2 yaw 150.9 mode 1 st 3 gl 0 hp 100 frg 0
ARGUS Joe Rogan wallslide
ARGLOG Joe Rogan t  23.0 pos '1259.1 -967.5  32.0' spd 337.5 yaw   1.4 mode 0 st 1 gl 0 hp 100 frg 1
ARGLOG Carmack t  23.1 pos '2423.9 -536.0  56.0' spd  52.3 yaw 246 mode 1 st 0 gl 0 hp 100 frg 1
ARGUS routecache adopt
ARGEVT Joe Rogan route 8 start '1281.0 -983.0  32.0' goal '2433.0 -183.0  24.0'
ARGEVT Joe Rogan hazard
ARGLOG Romero t  23.2 pos '1424.7 -927.0  20.0' spd 163.4 yaw 191.6 mode 1 st 3 gl 0 hp 100 frg 0
ARGUS Romero wallslide
ARGUS routecache adopt
ARGEVT Joe Rogan route 8 start '1281.0 -983.0  32.0' goal '2433.0 -183.0  24.0'
ARGEVT Joe Rogan route 9 start '1313.0 -951.0  32.0' goal '2433.0 -183.0  24.0'
ARGLOG Joe Rogan t  23.5 pos '1326.8 -958.7  32.0' spd 335.6 yaw  13.5 mode 2 st 1 gl 0 hp 88 frg 1
ARGEVT Carmack hazard
ARGLOG Carmack t  23.6 pos '2444.3 -536.0  56.0' spd  36.8 yaw 230 mode 1 st 0 gl 0 hp 100 frg 1
ARGLOG Romero t  23.7 pos '1448.4 -896.5  20.0' spd 324.8 yaw 188.7 mode 1 st 3 gl 0 hp 91 frg 0
ARGLOG Joe Rogan t  24.1 pos '1311.3 -877.3  32.0' spd 324.0 yaw 345.8 mode 2 st 1 gl 0 hp 88 frg 1
ARGLOG Carmack t  24.1 pos '2382.4 -535.9  56.0' spd  75.5 yaw 289 mode 1 st 0 gl 0 hp 100 frg 1
ARGLOG Romero t  24.2 pos '1447.0 -885.0  20.0' spd 292.9 yaw 171.4 mode 1 st 3 gl 0 hp 91 frg 0
ARGEVT Romero hazard
ARGUS Romero wallslide
ARGUS routecache adopt
ARGEVT Joe Rogan route 9 start '1313.0 -951.0  32.0' goal '2433.0 -183.0  24.0'
ARGEVT Joe Rogan hazard
ARGUS routecache adopt
ARGEVT Joe Rogan route 9 start '1313.0 -951.0  32.0' goal '2433.0 -183.0  24.0'
ARGLOG Joe Rogan t  24.6 pos '1360.0 -981.8  32.0' spd 0 yaw  23.6 mode 2 st 1 gl 0 hp 88 frg 1
ARGEVT Carmack hazard
ARGLOG Carmack t  24.6 pos '2360.1 -535.6  56.0' spd  35.4 yaw 308 mode 1 st 0 gl 0 hp 100 frg 1
ARGUS Joe Rogan wallslide
ARGLOG Romero t  24.7 pos '1533.9 -1021.7  20.0' spd 399.3 yaw 189.7 mode 1 st 3 gl 0 hp 91 frg 0
ARGLOG Joe Rogan t  25.1 pos '1697.3 -907.4  34.0' spd 237.9 yaw 256.5 mode 0 st 1 gl 0 hp 88 frg 1
ARGLOG Carmack t  25.1 pos '2403.6 -535.7  56.0' spd 204.2 yaw 267 mode 1 st 0 gl 0 hp 100 frg 1
ARGUS routecache adopt
ARGEVT Joe Rogan route 6 start '1697.0 -663.0  24.0' goal '2433.0 -183.0  24.0'
ARGLOG Romero t  25.2 pos '1497.9 -1209.6  20.0' spd 324.1 yaw  70.4 mode 1 st 3 gl 0 hp 91 frg 0
ARGEVT Romero hazard
ARGEVT Joe Rogan swim
ARGEVT Carmack hazard
ARGLOG Joe Rogan t  25.6 pos '1780.0 -949.4 -30.9' spd 100.7 yaw 213.8 mode 2 st 1 gl 0 hp 68 frg 1
ARGLOG Carmack t  25.6 pos '2435.6 -534.4  56.0' spd  36.0 yaw 237 mode 1 st 0 gl 0 hp 100 frg 1
ARGEVT Joe Rogan swim
ARGLOG Romero t  25.7 pos '1430.0 -1088.0  20.0' spd 347.2 yaw  31.1 mode 1 st 3 gl 0 hp 87 frg 0
ARGEVT Joe Rogan swim
ARGEVT Joe Rogan swim
ARGEVT Joe Rogan swim
ARGUS Joe Rogan threatmove retreat 2
ARGEVT Joe Rogan retreat
ARGEVT Joe Rogan swim
ARGLOG Joe Rogan t  26.1 pos '1814.4 -927.6 -31.8' spd 139.2 yaw 202.3 mode 2 st 1 gl 0 hp 30 frg 1
ARGLOG Carmack t  26.1 pos '2426.1 -535.6  56.0' spd 227.8 yaw 244 mode 1 st 0 gl 0 hp 100 frg 1
ARGEVT Joe Rogan swim
ARGLOG Romero t  26.2 pos '1466.4 -1054.8  20.0' spd 185.7 yaw  23.2 mode 1 st 3 gl 0 hp 78 frg 0
ARGEVT Joe Rogan swim
ARGEVT Joe Rogan swim
ARGEVT Romero hazard
ARGEVT Joe Rogan swim
ARGEVT Carmack hazard
ARGLOG Joe Rogan t  26.6 pos '1869.7 -879.5 -31.3' spd 154.1 yaw 203.2 mode 2 st 1 gl 0 hp 10 frg 1
ARGEVT Joe Rogan swim
ARGLOG Carmack t  26.6 pos '2369.7 -535.6  56.0' spd  41.0 yaw 301 mode 1 st 0 gl 0 hp 100 frg 1
ARGEVT Joe Rogan death world pos '1874.9 -875.4 -31.4'
ARGLOG Romero t  26.7 pos '1426.5 -1005.1  20.0' spd 320.5 yaw 99 mode 1 st 3 gl 0 hp 78 frg 0
ARGLOG Carmack t  27.2 pos '2353.6 -535.9  56.0' spd  75.9 yaw 312 mode 1 st 0 gl 0 hp 100 frg 1
ARGLOG Romero t  27.2 pos '1424.0 -900.2  14.3' spd  55.9 yaw 149 mode 1 st 3 gl 0 hp 78 frg 0
ARGEVT Carmack stall
ARGEVT Carmack jump
ARGEVT Carmack route 3 start '2337.0 -503.0   8.0' goal '2369.0 -567.0  56.0'
ARGEVT Romero abandon
ARGEVT Romero swim
ARGEVT Romero goal item_armorInv
ARGEVT Romero route 13 start '1313.0 -951.0  32.0' goal '2369.0 -567.0  56.0'
ARGEVT Romero swim
ARGEVT Carmack hazard
ARGLOG Carmack t  27.7 pos '2435.1 -535.5  56.0' spd  35.9 yaw 237 mode 2 st 1 gl 0 hp 100 frg 1
ARGEVT Romero swim
ARGLOG Romero t  27.7 pos '1443.6 -895.0 -31.4' spd  71.6 yaw 356 mode 2 st 3 gl 0 hp 66 frg 0
ARGEVT Romero swim
ARGEVT Romero swim
ARGEVT Romero swim
ARGEVT Joe Rogan respawn
ARGEVT Romero swim
ARGLOG Carmack t  28.2 pos '2429.1 -535.6  56.0' spd 219.1 yaw 241 mode 2 st 1 gl 0 hp 100 frg 1
ARGLOG Joe Rogan t  28.2 pos '2176.0 -2176.0  84.0' spd 0 yaw 144.4 mode 0 st 1 gl 0 hp 100 frg 0
ARGEVT Joe Rogan goal weapon_rocketlauncher
ARGEVT Joe Rogan route 5 start '2177.0 -2071.0  88.0' goal '2465.0 -1719.0  24.0'
ARGLOG Romero t  28.2 pos '1487.5 -903.0 -30.9' spd 102.8 yaw 357 mode 2 st 3 gl 0 hp 50 frg 0
ARGEVT Romero swim
ARGEVT Romero swim
ARGEVT Romero swim
ARGEVT Romero swim
ARGEVT Carmack hazard
ARGLOG Carmack t  28.7 pos '2369.8 -535.6  56.0' spd  41.1 yaw 300 mode 2 st 1 gl 0 hp 100 frg 1
ARGLOG Joe Rogan t  28.7 pos '2137.6 -2039.0  88.0' spd 333.8 yaw 76 mode 2 st 1 gl 0 hp 100 frg 0
ARGEVT Romero swim
ARGLOG Romero t  28.7 pos '1545.0 -911.0 -31.9' spd 129.7 yaw 358 mode 2 st 3 gl 0 hp 42 frg 0
ARGEVT Romero swim
ARGEVT Romero swim
ARGEVT Romero swim
ARGEVT Romero swim
ARGLOG Carmack t  29.2 pos '2353.6 -536.0  56.0' spd  75.9 yaw 312 mode 2 st 1 gl 0 hp 100 frg 1
ARGLOG Joe Rogan t  29.2 pos '2201.3 -1880.7  24.0' spd 388.9 yaw 0 mode 2 st 1 gl 0 hp 100 frg 0
ARGLOG Romero t  29.3 pos '1616.2 -919.0 -31.6' spd 148.2 yaw 191 mode 2 st 3 gl 0 hp 30 frg 0
ARGEVT Romero swim
ARGEVT Carmack abandon
ARGEVT Romero swim
ARGEVT Romero swim
ARGEVT Carmack goal item_armorInv
ARGEVT Carmack route 21 start '2465.0 -503.0   8.0' goal '2465.0 -1975.0 120.0'
ARGEVT Romero route 10 start '1697.0 -663.0  24.0' goal '2369.0 -567.0  56.0'
ARGEVT Romero swim
ARGLOG Joe Rogan t  29.7 pos '2366.5 -1824.9  24.0' spd 346.8 yaw  40.6 mode 1 st 1 gl 0 hp 100 frg 0
ARGLOG Carmack t  29.7 pos '2490.3 -468.7   8.0' spd 331.2 yaw 146 mode 2 st 1 gl 0 hp 100 frg 1
ARGEVT Romero swim
ARGLOG Romero t  29.8 pos '1675.4 -960.4 -30.8' spd 168.3 yaw 79 mode 2 st 3 gl 0 hp 14 frg 0
ARGEVT Romero swim
ARGEVT Romero swim
ARGEVT Romero swim
ARGEVT Joe Rogan goal item_artifact_super_damage
ARGEVT Joe Rogan route 17 start '2465.0 -1719.0  24.0' goal '1921.0 -695.0 184.0'
ARGEVT Romero swim
ARGLOG Joe Rogan t  30.2 pos '2494.2 -1713.4  24.0' spd 364.1 yaw 113 mode 2 st 1 gl 1 hp 100 frg 0
ARGLOG Carmack t  30.2 pos '2381.9 -370.2   8.0' spd 369.5 yaw 152 mode 2 st 1 gl 0 hp 100 frg 1
ARGLOG Romero t  30.3 pos '1601.8 -976.7 -32.4' spd 192.4 yaw 71 mode 2 st 3 gl 0 hp 6 frg 0
ARGEVT Romero swim
ARGEVT Romero death world pos '1594.5 -972.7 -31.2'
ARGLOG Joe Rogan t  30.7 pos '2460.8 -1540.7  24.0' spd 334.6 yaw 89 mode 2 st 1 gl 1 hp 100 frg 0
ARGLOG Carmack t  30.7 pos '2208.2 -415.6   8.0' spd 415.9 yaw 84 mode 2 st 1 gl 0 hp 100 frg 1
ARGLOG Joe Rogan t  31.2 pos '2444.2 -1373.2  24.0' spd 344.7 yaw 120.9 mode 0 st 1 gl 1 hp 100 frg 0
ARGLOG Carmack t  31.2 pos '2138.4 -240.7  24.0' spd 344.4 yaw 38 mode 2 st 1 gl 0 hp 100 frg 1
ARGUS routecache adopt
ARGEVT Joe Rogan route 13 start '2465.0 -1303.0  24.0' goal '1921.0 -695.0 184.0'
ARGEVT Joe Rogan hazard
ARGLOG Joe Rogan t  31.7 pos '2366.8 -1299.5  24.0' spd 100.1 yaw 78 mode 2 st 1 gl 1 hp 100 frg 0
ARGLOG Carmack t  31.7 pos '2233.1 -100.0  24.0' spd 334.8 yaw 13 mode 2 st 1 gl 0 hp 100 frg 1
ARGUS Joe Rogan wallslide
ARGEVT Romero respawn
ARGLOG Romero t  31.8 pos '2248.0 -16.0 -136.0' spd 0 yaw  19.3 mode 0 st 3 gl 0 hp 100 frg -1
ARGEVT Romero goal item_armor2
ARGEVT Romero route 4 start '2241.0 -55.0 -136.0' goal '2817.0 -55.0 -72.0'
ARGEVT Carmack jump
ARGUS Romero bodyblock
ARGLOG Joe Rogan t  32.3 pos '2462.8 -1275.6  24.0' spd 321.7 yaw 89 mode 2 st 1 gl 1 hp 100 frg 0
ARGLOG Carmack t  32.3 pos '2384.0 -28.8  83.6' spd 129.3 yaw 314 mode 2 st 1 gl 0 hp 100 frg 1
ARGEVT Romero hazard
ARGLOG Romero t  32.4 pos '2338.4 -62.3 -104.0' spd 347.4 yaw 10 mode 2 st 3 gl 0 hp 100 frg -1
ARGLOG Joe Rogan t  32.8 pos '2481.6 -1110.4  24.0' spd 324.3 yaw 93 mode 2 st 1 gl 1 hp 100 frg 0
ARGLOG Carmack t  32.8 pos '2469.2   2.9 120.0' spd 325.1 yaw 297 mode 2 st 1 gl 0 hp 100 frg 1
ARGEVT Joe Rogan lift
ARGLOG Romero t  32.9 pos '2501.4 -55.5 -64.0' spd 325.4 yaw 0 mode 2 st 3 gl 0 hp 100 frg -1
ARGEVT Romero door
ARGEVT Joe Rogan board
ARGUS Carmack bodyblock
ARGLOG Joe Rogan t  33.3 pos '2472.3 -1010.0  66.2' spd 0 yaw 64 mode 2 st 1 gl 1 hp 100 frg 0
ARGLOG Carmack t  33.3 pos '2582.4 -44.4 120.0' spd 282.9 yaw 272 mode 2 st 1 gl 0 hp 100 frg 1
ARGLOG Romero t  33.4 pos '2587.9 -80.8 -64.0' spd 0 yaw 246.4 mode 2 st 3 gl 0 hp 100 frg -1
ARGLOG Joe Rogan t  33.8 pos '2487.4 -841.5 120.0' spd 357.1 yaw 72 mode 2 st 1 gl 1 hp 100 frg 0
ARGLOG Carmack t  33.8 pos '2556.6 -48.4 120.0' spd  33.9 yaw 275 mode 2 st 1 gl 0 hp 100 frg 1
ARGLOG Romero t  33.9 pos '2587.9 -80.8 -64.0' spd 0 yaw 205 mode 2 st 3 gl 0 hp 100 frg -1
ARGEVT Carmack engage Joe Rogan
ARGEVT Carmack grab weapon_nailgun
ARGEVT Joe Rogan engage Carmack
ARGUS Joe Rogan leadclip
ARGLOG Joe Rogan t  34.3 pos '2600.1 -715.4 120.0' spd 355.7 yaw  92.4 mode 2 st 1 gl 1 hp 100 frg 0
ARGLOG Carmack t  34.3 pos '2563.6 -53.5 120.0' spd  48.0 yaw 269.6 mode 2 st 1 gl 0 hp 100 frg 1
ARGLOG Romero t  34.4 pos '2587.9 -80.8 -64.0' spd 0 yaw 205 mode 2 st 3 gl 0 hp 100 frg -1
ARGUS Romero bodyblock
ARGEVT Romero stall
ARGEVT Romero stallnode '2817.0 -55.0 -72.0'
ARGUS routecache adopt
ARGEVT Romero route 1 start '2561.0 -23.0 -64.0' goal '2817.0 -55.0 -72.0'
ARGUS Carmack threatmove range 3
ARGUS Joe Rogan threatmove range 2
ARGEVT Joe Rogan route 10 start '2593.0 -631.0 120.0' goal '1921.0 -695.0 184.0'
ARGLOG Joe Rogan t  34.8 pos '2600.0 -556.6 120.0' spd 264.0 yaw  93.7 mode 2 st 1 gl 1 hp 100 frg 0
ARGLOG Carmack t  34.8 pos '2563.5 -53.3 120.0' spd  44.8 yaw 274.1 mode 2 st 1 gl 0 hp 100 frg 1
ARGLOG Romero t  34.9 pos '2587.9 -80.8 -64.0' spd 0 yaw  47.5 mode 2 st 4 gl 0 hp 100 frg -1
ARGEVT Carmack death Joe Rogan pos '2563.2 -53.5 120.0'
ARGUS Joe Rogan watch spawn
ARGEVT Joe Rogan goal backpack
ARGEVT Joe Rogan route 2 start '2593.0 -503.0 120.0' goal '2561.0 -23.0 120.0'
ARGEVT Romero stall
ARGEVT Romero stallnode '2561.0 -23.0 -64.0'
ARGLOG Joe Rogan t  35.3 pos '2546.3 -440.5 164.5' spd 329.7 yaw 87 mode 2 st 1 gl 1 hp 76 frg 1
ARGLOG Romero t  35.4 pos '2587.9 -80.8 -64.0' spd 0 yaw  83.4 mode 0 st 5 gl 0 hp 100 frg -1
ARGEVT Romero goal item_armorInv
ARGEVT Romero route 24 start '2561.0 -23.0 -64.0' goal '2465.0 -1975.0 120.0'
ARGLOG Joe Rogan t  35.8 pos '2570.2 -274.3 120.0' spd 321.6 yaw 91 mode 2 st 1 gl 1 hp 76 frg 1
ARGLOG Romero t  35.9 pos '2587.9 -80.8 -64.0' spd 0 yaw 205 mode 2 st 5 gl 0 hp 100 frg -1
ARGEVT Romero stall
ARGEVT Romero stallnode '2625.0  73.0 -72.0'
ARGUS routecache adopt
ARGEVT Romero route 24 start '2561.0 -23.0 -64.0' goal '2465.0 -1975.0 120.0'
ARGUS Joe Rogan bodyblock
ARGLOG Joe Rogan t  36.3 pos '2575.3 -114.8 120.0' spd 260.5 yaw 344.5 mode 1 st 1 gl 1 hp 76 frg 1
ARGLOG Romero t  36.4 pos '2579.7 -71.3 -64.0' spd 225.3 yaw 207 mode 2 st 6 gl 0 hp 100 frg -1
ARGEVT Romero hazard
ARGEVT Carmack respawn
ARGEVT Romero engage Carmack
ARGUS Romero threatmove range 2
ARGEVT Romero grab 
ARGEVT Carmack engage Romero
ARGUS Carmack threatmove range 2
ARGLOG Carmack t  36.5 pos '2248.0 -16.0 -136.0' spd 0 yaw 358.8 mode 0 st 1 gl 0 hp 100 frg 1
ARGEVT Carmack goal item_armor2
ARGEVT Carmack route 4 start '2241.0 -55.0 -136.0' goal '2817.0 -55.0 -72.0'
ARGUS Joe Rogan wallslide
ARGLOG Joe Rogan t  36.8 pos '2633.1   3.0 120.0' spd 377.5 yaw 144.8 mode 1 st 1 gl 1 hp 76 frg 1
ARGLOG Romero t  36.9 pos '2496.2 -19.3 -64.0' spd 213.4 yaw 281.5 mode 2 st 6 gl 0 hp 100 frg -1
ARGEVT Carmack hazard
ARGLOG Carmack t  37.0 pos '2288.0 -81.3 -136.0' spd 182.2 yaw  16.8 mode 2 st 1 gl 0 hp 100 frg 1
ARGEVT Joe Rogan goal weapon_nailgun
ARGEVT Joe Rogan route 2 start '2561.0 -23.0 120.0' goal '2433.0 -183.0  24.0'
ARGUS Romero wallslide
ARGLOG Joe Rogan t  37.4 pos '2478.5  -2.2 120.0' spd 353.7 yaw 227.5 mode 2 st 1 gl 2 hp 76 frg 1
ARGLOG Romero t  37.4 pos '2447.7  23.6 -72.0' spd 0 yaw 273.9 mode 2 st 6 gl 0 hp 76 frg -1
ARGEVT Romero grab weapon_nailgun
ARGLOG Carmack t  37.5 pos '2335.3 -41.3 -104.0' spd 321.2 yaw  26.4 mode 2 st 1 gl 0 hp 100 frg 1
ARGLOG Joe Rogan t  37.9 pos '2479.2  -9.8 120.0' spd  49.4 yaw 219.5 mode 2 st 1 gl 2 hp 76 frg 1
ARGLOG Romero t  38.0 pos '2447.7  23.6 -72.0' spd 0 yaw 274.5 mode 2 st 6 gl 0 hp 52 frg -1
ARGLOG Carmack t  38.0 pos '2401.8 -57.2 -72.0' spd  65.6 yaw  56.2 mode 2 st 1 gl 0 hp 100 frg 1
ARGEVT Romero stall
ARGEVT Romero stallnode '2625.0  73.0 -72.0'
ARGEVT Romero route 24 start '2401.0   9.0 -72.0' goal '2465.0 -1975.0 120.0'
ARGUS Joe Rogan bodyblock
ARGLOG Joe Rogan t  38.4 pos '2471.6  -7.4 120.0' spd  30.2 yaw 213.5 mode 2 st 1 gl 2 hp 76 frg 1
ARGLOG Romero t  38.5 pos '2447.7  23.6 -72.0' spd 0 yaw 274.5 mode 2 st 7 gl 0 hp 52 frg -1
ARGUS Romero threatmove retreat 2
ARGEVT Romero retreat
ARGLOG Carmack t  38.5 pos '2410.4 -52.7 -72.0' spd  41.0 yaw  63.0 mode 2 st 1 gl 0 hp 100 frg 1
ARGEVT Joe Rogan stall
ARGEVT Joe Rogan stallnode '2593.0 -119.0 120.0'
ARGEVT Joe Rogan jump
ARGUS Romero bodyblock
ARGEVT Romero stall
ARGEVT Romero stallnode '2401.0   9.0 -72.0'
ARGEVT Romero goal item_health
ARGEVT Romero route 2 start '2401.0   9.0 -72.0' goal '2561.0 233.0 -72.0'
ARGLOG Joe Rogan t  38.9 pos '2479.0 -11.8 153.5' spd  60.8 yaw  46.5 mode 0 st 2 gl 2 hp 76 frg 1
ARGEVT Joe Rogan route 2 start '2465.0   9.0 120.0' goal '2433.0 -183.0  24.0'
ARGLOG Romero t  39.0 pos '2447.7  23.6 -72.0' spd 0 yaw 347.5 mode 2 st 8 gl 0 hp 28 frg -1
ARGLOG Carmack t  39.0 pos '2414.3 -52.2 -72.0' spd  26.6 yaw  64.9 mode 2 st 1 gl 0 hp 100 frg 1
ARGLOG Joe Rogan t  39.4 pos '2497.0  16.0 120.0' spd  51.4 yaw 204.0 mode 2 st 2 gl 2 hp 76 frg 1
ARGLOG Romero t  39.5 pos '2447.7  23.6 -72.0' spd 0 yaw 347.2 mode 2 st 8 gl 0 hp 4 frg -1
ARGEVT Romero stall
ARGEVT Romero stallnode '2401.0   9.0 -72.0'
ARGLOG Carmack t  39.5 pos '2418.1 -53.2 -72.0' spd  73.8 yaw  66.9 mode 2 st 1 gl 0 hp 100 frg 1
ARGEVT Romero route 2 start '2401.0   9.0 -72.0' goal '2561.0 233.0 -72.0'
ARGEVT Romero death Carmack pos '2447.7  23.6 -72.0'
ARGUS Carmack watch spawn
ARGEVT Carmack hazard
ARGLOG Joe Rogan t  39.9 pos '2540.8 -57.9 120.0' spd 380.0 yaw 284.0 mode 1 st 2 gl 2 hp 76 frg 1
ARGEVT Carmack goal item_armor2
ARGEVT Carmack route 2 start '2401.0   9.0 -72.0' goal '2817.0 -55.0 -72.0'
ARGLOG Carmack t  40.1 pos '2452.1  16.0 -72.0' spd 270.6 yaw 349 mode 2 st 1 gl 0 hp 100 frg 2
ARGEVT Carmack door
ARGLOG Joe Rogan t  40.4 pos '2473.2 -228.0 116.7' spd 485.9 yaw 123.4 mode 1 st 2 gl 2 hp 100 frg 1
ARGLOG Carmack t  40.6 pos '2608.2 -47.6 -72.0' spd 290.0 yaw 208.0 mode 1 st 1 gl 0 hp 100 frg 2
ARGLOG Joe Rogan t  40.9 pos '2270.1 -143.6  24.0' spd 404.9 yaw  30.4 mode 1 st 2 gl 2 hp 100 frg 1
ARGLOG Carmack t  41.1 pos '2498.7 -77.9 -64.0' spd 332.8 yaw 164.0 mode 1 st 1 gl 0 hp 100 frg 2
ARGEVT Romero respawn
ARGLOG Romero t  41.2 pos '2576.0 -1328.0  24.0' spd 0 yaw 290.8 mode 0 st 9 gl 0 hp 100 frg -1
ARGEVT Romero goal weapon_nailgun
ARGEVT Romero route 7 start '2561.0 -1303.0  24.0' goal '2433.0 -183.0  24.0'
ARGEVT Joe Rogan hazard
ARGLOG Joe Rogan t  41.4 pos '2360.3  10.6  72.0' spd 325.7 yaw 15 mode 1 st 2 gl 2 hp 100 frg 1
ARGUS Joe Rogan wallslide
ARGLOG Carmack t  41.6 pos '2334.3 -53.8 -104.0' spd 320.3 yaw 164.0 mode 1 st 1 gl 0 hp 100 frg 2
ARGLOG Romero t  41.7 pos '2540.4 -1482.3  24.0' spd 464.8 yaw 99 mode 2 st 9 gl 0 hp 100 frg -1
ARGLOG Joe Rogan t  41.9 pos '2519.1 -46.3 120.0' spd 327.2 yaw 235.3 mode 1 st 2 gl 2 hp 100 frg 1
ARGLOG Carmack t  42.1 pos '2182.8 -127.7 -98.1' spd 446.5 yaw 306 mode 1 st 1 gl 0 hp 100 frg 2
ARGEVT Carmack hazard
ARGLOG Romero t  42.2 pos '2410.3 -1346.2  24.0' spd 412.6 yaw 79 mode 2 st 9 gl 0 hp 100 frg -1
ARGUS Romero wallslide
ARGLOG Joe Rogan t  42.4 pos '2414.5 -35.9  88.0' spd 451.5 yaw  74.0 mode 1 st 2 gl 2 hp 100 frg 1
ARGEVT Joe Rogan hazard
ARGLOG Carmack t  42.6 pos '2279.1 -183.7 -136.0' spd 126.3 yaw 287.0 mode 1 st 1 gl 0 hp 100 frg 2
ARGLOG Romero t  42.7 pos '2488.0 -1219.3  24.0' spd 337.0 yaw 93 mode 2 st 9 gl 0 hp 100 frg -1
ARGLOG Joe Rogan t  42.9 pos '2569.9 -19.0 120.0' spd 434.4 yaw 273.4 mode 1 st 2 gl 2 hp 100 frg 1
ARGLOG Carmack t  43.1 pos '2248.2 -215.5 -136.0' spd 208.2 yaw 299.4 mode 1 st 1 gl 0 hp 100 frg 2
ARGEVT Romero lift
ARGEVT Carmack hazard
ARGLOG Romero t  43.2 pos '2479.4 -1053.1  24.0' spd 322.5 yaw 68 mode 2 st 9 gl 0 hp 100 frg -1
ARGEVT Romero board
ARGLOG Joe Rogan t  43.4 pos '2482.3 -182.2 118.5' spd 474.0 yaw 155 mode 1 st 2 gl 2 hp 100 frg 1
ARGLOG Carmack t  43.6 pos '2282.7 -85.0 -136.0' spd 331.0 yaw  67.1 mode 1 st 1 gl 0 hp 100 frg 2
ARGLOG Romero t  43.7 pos '2473.0 -988.2  93.8' spd 233.0 yaw 62 mode 2 st 9 gl 0 hp 100 frg -1
ARGUS Carmack wallslide
ARGLOG Joe Rogan t  43.9 pos '2256.2 -224.2  24.0' spd 363.9 yaw 318.5 mode 1 st 2 gl 2 hp 100 frg 1
ARGUS Joe Rogan wallslide
ARGLOG Carmack t  44.1 pos '2372.6   9.4 -88.0' spd 320.0 yaw 355 mode 1 st 1 gl 0 hp 100 frg 2
ARGEVT Joe Rogan hazard
ARGLOG Romero t  44.3 pos '2528.6 -822.5 120.0' spd 322.4 yaw 78 mode 2 st 9 gl 0 hp 100 frg -1
ARGLOG Joe Rogan t  44.5 pos '2256.0 -251.3  24.0' spd 363.5 yaw  47.3 mode 1 st 2 gl 2 hp 100 frg 1
ARGLOG Carmack t  44.6 pos '2532.3  -4.6 -64.0' spd 320.0 yaw 355 mode 1 st 1 gl 0 hp 100 frg 2
ARGLOG Romero t  44.8 pos '2604.2 -672.3 120.0' spd 327.2 yaw 91 mode 2 st 9 gl 0 hp 100 frg -1
ARGLOG Joe Rogan t  45.0 pos '2404.6 -146.4  24.0' spd 358.4 yaw 329 mode 1 st 2 gl 2 hp 100 frg 1
ARGLOG Carmack t  45.1 pos '2696.6 -20.0 -72.0' spd 337.5 yaw 326.8 mode 1 st 1 gl 0 hp 100 frg 2
ARGEVT Romero goal item_armor2
ARGEVT Romero route 8 start '2593.0 -503.0 120.0' goal '1313.0 -951.0  32.0'
ARGLOG Romero t  45.3 pos '2598.1 -510.1 120.0' spd 322.4 yaw 110 mode 2 st 9 gl 0 hp 100 frg -1
ARGEVT Carmack hazard
ARGEVT Joe Rogan hazard
ARGEVT Joe Rogan goal item_artifact_super_damage
ARGEVT Joe Rogan route 8 start '2529.0 -183.0  32.0' goal '1921.0 -695.0 184.0'
ARGLOG Joe Rogan t  45.5 pos '2552.9 -164.4  32.0' spd 217.0 yaw 184 mode 2 st 2 gl 3 hp 100 frg 1
ARGEVT Romero route 7 start '2593.0 -375.0 120.0' goal '1313.0 -951.0  32.0'
ARGLOG Carmack t  45.6 pos '2808.5 -79.5 -72.0' spd 151.5 yaw 199 mode 1 st 1 gl 0 hp 100 frg 2
ARGUS Carmack wallslide
ARGUS Joe Rogan wallslide
ARGLOG Romero t  45.8 pos '2615.2 -346.5 120.0' spd 324.4 yaw 59 mode 2 st 9 gl 0 hp 100 frg -1
ARGUS Romero wallslide
ARGLOG Joe Rogan t  46.0 pos '2417.7 -144.4  24.0' spd  77.9 yaw  49.1 mode 2 st 2 gl 3 hp 100 frg 1
ARGLOG Carmack t  46.1 pos '2706.0 -50.7 -72.0' spd 342.1 yaw 213 mode 1 st 1 gl 0 hp 100 frg 2
ARGLOG Romero t  46.3 pos '2628.9 -189.1 120.0' spd 327.3 yaw 78 mode 2 st 9 gl 0 hp 100 frg -1
ARGEVT Carmack hazard
ARGEVT Joe Rogan hazard
ARGLOG Joe Rogan t  46.5 pos '2560.2 -153.2  32.0' spd 322.0 yaw 184 mode 2 st 2 gl 3 hp 100 frg 1
ARGLOG Carmack t  46.6 pos '2555.4 -75.1 -64.0' spd 102.0 yaw 315.0 mode 1 st 1 gl 0 hp 100 frg 2
ARGLOG Romero t  46.8 pos '2639.9 -18.7 120.0' spd 443.6 yaw 356 mode 2 st 9 gl 0 hp 100 frg -1
ARGUS Carmack wallslide
ARGUS Joe Rogan wallslide
ARGUS Romero wallslide
ARGLOG Joe Rogan t  47.0 pos '2453.7 -144.4  24.0' spd 344.3 yaw  92.3 mode 2 st 2 gl 3 hp 100 frg 1
ARGLOG Carmack t  47.2 pos '2683.5 -66.5 -72.0' spd 320.1 yaw  10.2 mode 1 st 1 gl 0 hp 100 frg 2
ARGLOG Romero t  47.3 pos '2640.0 -25.5 120.0' spd  89.4 yaw 358 mode 2 st 9 gl 0 hp 100 frg -1
ARGEVT Carmack hazard
ARGLOG Joe Rogan t  47.5 pos '2518.6 -144.0  32.0' spd 393.7 yaw 185 mode 2 st 2 gl 3 hp 100 frg 1
ARGEVT Joe Rogan hazard
ARGLOG Carmack t  47.7 pos '2803.6 -74.0 -72.0' spd  41.5 yaw 207.0 mode 1 st 1 gl 0 hp 100 frg 2
ARGLOG Romero t  47.8 pos '2640.0 -35.3 120.0' spd   0.8 yaw 1 mode 2 st 9 gl 0 hp 100 frg -1
ARGUS Carmack wallslide
ARGUS Joe Rogan wallslide
ARGLOG Joe Rogan t  48.0 pos '2496.5 -144.4  24.0' spd 361.1 yaw 119.2 mode 2 st 2 gl 3 hp 100 frg 1
ARGLOG Carmack t  48.2 pos '2711.4 -50.9 -72.0' spd 320.1 yaw 209.7 mode 1 st 1 gl 0 hp 100 frg 2
ARGUS Carmack bodyblock
ARGLOG Romero t  48.3 pos '2636.0 -32.2 120.0' spd  44.8 yaw 0 mode 2 st 9 gl 0 hp 100 frg -1
ARGUS Romero wallslide
ARGLOG Joe Rogan t  48.5 pos '2506.7 -144.0  24.0' spd 354.8 yaw 185 mode 2 st 2 gl 3 hp 100 frg 1
ARGEVT Joe Rogan stall
ARGEVT Joe Rogan stallnode '2241.0 -183.0  24.0'
ARGEVT Joe Rogan jump
ARGLOG Carmack t  48.7 pos '2722.3 -32.6 -72.0' spd 409.5 yaw 295.8 mode 1 st 1 gl 0 hp 100 frg 2
ARGEVT Carmack hazard
ARGEVT Joe Rogan route 8 start '2529.0 -183.0  32.0' goal '1921.0 -695.0 184.0'
ARGLOG Romero t  48.8 pos '2640.0 -18.5 120.0' spd  56.0 yaw 217 mode 2 st 9 gl 0 hp 100 frg -1
ARGLOG Joe Rogan t  49.0 pos '2538.9 -144.2  32.0' spd 323.2 yaw 188 mode 2 st 3 gl 3 hp 100 frg 1
ARGUS Carmack wallslide
ARGLOG Carmack t  49.2 pos '2842.7 -79.7 -72.0' spd 206.2 yaw 309.5 mode 1 st 1 gl 0 hp 100 frg 2
ARGLOG Romero t  49.3 pos '2640.0 -43.4 120.0' spd   2.3 yaw 216 mode 2 st 9 gl 0 hp 100 frg -1
ARGLOG Joe Rogan t  49.5 pos '2378.8 -161.4  24.0' spd 320.1 yaw 184 mode 2 st 3 gl 3 hp 100 frg 1
ARGLOG Carmack t  49.7 pos '1331.3 -1024.0 352.0' spd 300 yaw 34 mode 1 st 1 gl 0 hp 100 frg 2
ARGLOG Romero t  49.8 pos '2640.0 -44.6 120.0' spd   2.5 yaw 216 mode 2 st 9 gl 0 hp 100 frg -1
ARGEVT Joe Rogan engage Romero
ARGUS Joe Rogan threatmove range 2
ARGEVT Romero engage Joe Rogan
ARGUS Romero threatmove range 3
ARGUS Romero wallslide
ARGUS Joe Rogan leadclip
ARGLOG Joe Rogan t  50.1 pos '2258.8 -213.7  24.0' spd 347.5 yaw 336.6 mode 2 st 3 gl 3 hp 100 frg 1
ARGEVT Joe Rogan hazard
ARGLOG Carmack t  50.2 pos '1409.1 -1002.5 344.0' spd 325.9 yaw 34 mode 1 st 1 gl 0 hp 100 frg 2
ARGEVT Carmack hazard
ARGLOG Romero t  50.3 pos '2629.7 -134.6 120.0' spd 199.0 yaw 187.9 mode 2 st 9 gl 0 hp 100 frg -1
ARGUS Carmack wallslide
ARGLOG Joe Rogan t  50.6 pos '2239.3 -100.3  24.0' spd 324.1 yaw  17.1 mode 2 st 3 gl 3 hp 92 frg 1
ARGLOG Carmack t  50.7 pos '1391.8 -962.0 344.0' spd 325.6 yaw 135 mode 1 st 1 gl 0 hp 100 frg 2
ARGLOG Romero t  50.8 pos '2567.9 -51.8 120.0' spd 301.1 yaw 179.5 mode 2 st 9 gl 0 hp 100 frg -1
ARGLOG Joe Rogan t  51.1 pos '2259.7 -39.1  24.0' spd 321.7 yaw 327.2 mode 2 st 3 gl 3 hp 92 frg 1
ARGUS Romero wallslide
ARGLOG Carmack t  51.2 pos '1367.8 -789.8 344.0' spd 320.1 yaw  68.6 mode 1 st 1 gl 0 hp 100 frg 2
ARGLOG Romero t  51.4 pos '2577.5 -122.1 120.0' spd 324.0 yaw 174.2 mode 2 st 9 gl 0 hp 100 frg -1
ARGLOG Joe Rogan t  51.6 pos '2281.2 -200.2  24.0' spd 335.2 yaw  16.9 mode 2 st 3 gl 3 hp 92 frg 1
ARGEVT Romero pursue
ARGEVT Joe Rogan pursue
ARGLOG Carmack t  51.7 pos '1336.3 -626.9 327.4' spd 324.1 yaw  57.6 mode 1 st 1 gl 0 hp 100 frg 2
ARGUS Joe Rogan wallslide
ARGEVT Romero hazard
ARGLOG Romero t  51.9 pos '2560.0   9.2 120.0' spd 240 yaw 226.0 mode 2 st 9 gl 0 hp 100 frg -1
ARGUS Joe Rogan leadclip
ARGEVT Joe Rogan routefail
ARGLOG Joe Rogan t  52.1 pos '2432.0 -238.5  24.0' spd 274.3 yaw  49.2 mode 0 st 3 gl 3 hp 92 frg 1
ARGUS Romero wallslide
ARGEVT Joe Rogan goal item_armorInv
ARGEVT Joe Rogan route 5 start '2433.0 -183.0  24.0' goal '2369.0 -567.0  56.0'
ARGLOG Carmack t  52.2 pos '1303.5 -467.1 184.0' spd 330.1 yaw 16 mode 1 st 1 gl 0 hp 100 frg 2
ARGEVT Joe Rogan pursue
ARGEVT Romero pursue
ARGLOG Romero t  52.4 pos '2628.6 -84.7 120.0' spd 283.2 yaw 212 mode 2 st 9 gl 0 hp 100 frg -1
ARGUS Carmack wallslide
ARGEVT Joe Rogan weapon ng
ARGUS Romero threatmove range 2
ARGLOG Joe Rogan t  52.6 pos '2458.0 -144.4  24.0' spd 179.0 yaw  17.6 mode 2 st 3 gl 3 hp 71 frg 1
ARGLOG Carmack t  52.8 pos '1409.6 -363.6 184.0' spd 329.1 yaw 13 mode 1 st 1 gl 0 hp 100 frg 2
ARGUS Joe Rogan wallslide
ARGLOG Romero t  52.9 pos '2558.5 -117.2 120.0' spd 219.8 yaw 195.8 mode 2 st 9 gl 0 hp 100 frg -1
ARGLOG Joe Rogan t  53.1 pos '2427.0 -144.0  24.0' spd  23.7 yaw 339.3 mode 2 st 3 gl 3 hp 71 frg 1
ARGLOG Carmack t  53.3 pos '1571.0 -336.0 184.0' spd 327.4 yaw 13 mode 1 st 1 gl 0 hp 100 frg 2
ARGLOG Romero t  53.4 pos '2578.7 -229.6 120.0' spd 189.6 yaw 143.9 mode 2 st 9 gl 0 hp 100 frg -1
ARGEVT Joe Rogan hazard
ARGLOG Joe Rogan t  53.6 pos '2477.4 -216.9  24.0' spd 350.0 yaw  31.2 mode 2 st 3 gl 3 hp 71 frg 1
ARGEVT Joe Rogan weapon rl
ARGUS Romero threatmove range 3
ARGLOG Carmack t  53.8 pos '1738.3 -336.0 184.0' spd 329.9 yaw 15 mode 1 st 1 gl 0 hp 100 frg 2
ARGEVT Joe Rogan weapon ng
ARGLOG Romero t  53.9 pos '2557.2 -63.0 120.0' spd 324.8 yaw 216.3 mode 2 st 9 gl 0 hp 100 frg -1
ARGUS Romero threatmove range 2
ARGEVT Carmack hazard
ARGLOG Joe Rogan t  54.1 pos '2341.2 -158.3  24.0' spd 219.6 yaw  61.2 mode 2 st 3 gl 3 hp 37 frg 1
ARGEVT Romero hazard
ARGLOG Carmack t  54.3 pos '1870.6 -386.0 184.0' spd 366.0 yaw 317.2 mode 1 st 1 gl 0 hp 100 frg 2
ARGUS Carmack wallslide
ARGUS Joe Rogan threatmove retreat 2
ARGEVT Joe Rogan retreat
ARGEVT Romero route 6 start '2465.0   9.0 120.0' goal '1313.0 -951.0  32.0'
ARGLOG Romero t  54.4 pos '2488.6 -31.5 120.0' spd 339.6 yaw 237.5 mode 2 st 9 gl 0 hp 100 frg -1
ARGUS Joe Rogan wallslide
ARGLOG Joe Rogan t  54.6 pos '2286.2 -240.0  24.0' spd 320.4 yaw  46.5 mode 2 st 3 gl 3 hp 33 frg 1
ARGLOG Carmack t  54.8 pos '1873.6 -558.3 150.4' spd 324.7 yaw   7.6 mode 1 st 1 gl 0 hp 100 frg 2
ARGLOG Romero t  54.9 pos '2396.9 -27.0  88.0' spd 320.4 yaw 227.2 mode 2 st 9 gl 0 hp 100 frg -1
ARGLOG Joe Rogan t  55.2 pos '2128.0 -245.1  24.0' spd  10.4 yaw  69.6 mode 2 st 3 gl 3 hp 33 frg 1
ARGUS Romero wallslide
ARGLOG Carmack t  55.3 pos '1952.9 -516.9 104.0' spd 320.6 yaw 42 mode 1 st 1 gl 0 hp 100 frg 2
ARGLOG Romero t  55.4 pos '2241.9  16.0  24.0' spd 323.5 yaw 242.3 mode 0 st 9 gl 0 hp 100 frg -1
ARGEVT Romero route 8 start '2305.0 -23.0  40.0' goal '1313.0 -951.0  32.0'
ARGEVT Romero grab item_health
ARGLOG Joe Rogan t  55.7 pos '2147.8 -274.5  24.0' spd 320.0 yaw  90.0 mode 2 st 3 gl 3 hp 21 frg 1
ARGEVT Carmack hazard
ARGEVT Carmack engage Romero
ARGUS Carmack threatmove range 2
ARGLOG Carmack t  55.8 pos '2055.6 -393.2 104.0' spd 346.3 yaw  51.8 mode 1 st 1 gl 0 hp 100 frg 2
ARGLOG Romero t  56.0 pos '2075.7  11.5  24.0' spd 322.8 yaw 284.0 mode 2 st 9 gl 0 hp 82 frg -1
ARGLOG Joe Rogan t  56.2 pos '2244.2 -407.6   8.0' spd 320.0 yaw 133.5 mode 2 st 3 gl 3 hp 17 frg 1
ARGEVT Romero route 10 start '1953.0 -23.0  24.0' goal '1313.0 -951.0  32.0'
ARGLOG Carmack t  56.3 pos '2007.4 -258.4  40.0' spd 343.9 yaw  91.6 mode 1 st 1 gl 0 hp 100 frg 2
ARGLOG Romero t  56.5 pos '2046.8  13.0  24.0' spd 317.8 yaw 300.8 mode 2 st 9 gl 0 hp 99 frg -1
ARGEVT Joe Rogan hazard
ARGUS Joe Rogan wallslide
ARGLOG Joe Rogan t  56.7 pos '2339.0 -527.8   8.0' spd 174.9 yaw 103.8 mode 2 st 3 gl 3 hp 17 frg 1
ARGLOG Carmack t  56.8 pos '2148.7 -170.7  24.0' spd 321.7 yaw  90.5 mode 1 st 1 gl 0 hp 97 frg 2
ARGLOG Romero t  57.0 pos '2202.1 -32.5  24.0' spd 322.7 yaw 296.1 mode 2 st 9 gl 0 hp 75 frg -1
ARGLOG Joe Rogan t  57.2 pos '2492.1 -528.0   8.0' spd 323.8 yaw  93.1 mode 2 st 3 gl 3 hp 17 frg 1
ARGEVT Romero jump
ARGLOG Carmack t  57.3 pos '2232.7 -133.3  24.0' spd 223.1 yaw  71.1 mode 1 st 1 gl 0 hp 97 frg 2
ARGLOG Romero t  57.5 pos '2325.8 -57.2  76.9' spd 210.6 yaw 294.7 mode 2 st 9 gl 0 hp 75 frg -1
ARGEVT Romero pursue
ARGLOG Joe Rogan t  57.7 pos '2627.4 -513.3  32.0' spd 181.1 yaw 116.5 mode 2 st 3 gl 3 hp 17 frg 1
ARGEVT Carmack hazard
ARGEVT Joe Rogan pursue
ARGLOG Carmack t  57.8 pos '2191.6  15.3  24.7' spd  58.9 yaw 331.0 mode 1 st 1 gl 0 hp 97 frg 2
ARGUS Joe Rogan hunch item_armorInv
ARGEVT Joe Rogan hazard
ARGLOG Romero t  58.0 pos '2407.6 -132.6  88.6' spd 350.5 yaw 281 mode 2 st 9 gl 0 hp 51 frg -1
ARGEVT Joe Rogan pursue
ARGEVT Joe Rogan goal item_armorInv
ARGEVT Joe Rogan route 1 start '2561.0 -503.0  24.0' goal '2369.0 -567.0  56.0'
ARGLOG Joe Rogan t  58.2 pos '2574.6 -505.4  24.0' spd 310.3 yaw 233.6 mode 2 st 3 gl 3 hp 17 frg 1
ARGUS Joe Rogan jumpapproach 0 actual 340.6
ARGEVT Joe Rogan jump
ARGUS Romero hunch item_armorInv
ARGUS Joe Rogan aircontrol
ARGLOG Carmack t  58.3 pos '2169.4 -118.7  24.0' spd 322.2 yaw 338.1 mode 1 st 1 gl 0 hp 97 frg 2
ARGEVT Romero goal item_health
ARGEVT Romero route 5 start '2433.0 -183.0  24.0' goal '2017.0 -535.0 104.0'
ARGLOG Romero t  58.5 pos '2465.2 -209.8  24.0' spd 270.8 yaw 156.3 mode 2 st 9 gl 0 hp 43 frg -1
ARGEVT Romero pursue
ARGUS Joe Rogan crossfire retreat
ARGLOG Joe Rogan t  58.7 pos '2438.2 -515.0   8.0' spd 160.7 yaw 110.1 mode 2 st 3 gl 3 hp 17 frg 1
ARGLOG Carmack t  58.9 pos '2206.3 -282.7  24.0' spd 349.8 yaw  27.5 mode 1 st 1 gl 0 hp 97 frg 2
ARGLOG Romero t  59.0 pos '2294.2 -203.1  24.0' spd 349.6 yaw 300.7 mode 2 st 9 gl 0 hp 39 frg -1
ARGUS Joe Rogan wallslide
ARGLOG Joe Rogan t  59.2 pos '2570.6 -453.9  24.0' spd 294.3 yaw 161.0 mode 2 st 3 gl 3 hp 17 frg 1
ARGEVT Romero pursue
ARGEVT Joe Rogan hazard
ARGLOG Carmack t  59.4 pos '2345.9 -340.5   8.0' spd 444.0 yaw 141.3 mode 1 st 1 gl 0 hp 97 frg 2
ARGEVT Joe Rogan pursue
ARGLOG Romero t  59.5 pos '2209.9 -336.8   8.0' spd 334.1 yaw 335.9 mode 2 st 9 gl 0 hp 39 frg -1
ARGLOG Joe Rogan t  59.7 pos '2640.0 -506.0  32.0' spd 156.6 yaw  88.2 mode 2 st 3 gl 3 hp 17 frg 1
ARGLOG Carmack t  59.9 pos '2367.9 -408.3   8.0' spd 320.2 yaw 197.1 mode 1 st 1 gl 0 hp 97 frg 2
ARGLOG Romero t  60.0 pos '2211.2 -501.5   8.0' spd 260.1 yaw 359.9 mode 0 st 9 gl 0 hp 39 frg -1
ARGEVT Romero route 6 start '2177.0 -503.0   8.0' goal '2017.0 -535.0 104.0'
ARGEVT Romero grab item_health
ARGEVT Romero hazard
ARGLOG Joe Rogan t  60.2 pos '2604.2 -489.3  32.0' spd 304.6 yaw 105.5 mode 2 st 3 gl 3 hp 17 frg 1
ARGEVT Joe Rogan grab item_spikes
ARGEVT Carmack grab item_armorInv
ARGLOG Carmack t  60.4 pos '2331.5 -493.3   8.0' spd 265.0 yaw 169.6 mode 1 st 1 gl 0 hp 97 frg 2
ARGLOG Romero t  60.5 pos '2148.2 -445.6   8.0' spd 159.0 yaw   0.5 mode 2 st 9 gl 0 hp 15 frg -1
ARGEVT Carmack hazard
ARGEVT Joe Rogan stall
ARGEVT Joe Rogan stallnode '2369.0 -567.0  56.0'
ARGEVT Joe Rogan jump
ARGUS Carmack wallslide
ARGLOG Joe Rogan t  60.8 pos '2632.5 -466.9  45.6' spd 162.9 yaw 254.7 mode 0 st 4 gl 3 hp 5 frg 1
ARGLOG Carmack t  60.9 pos '2403.2 -527.9   8.0' spd 162.9 yaw 155.1 mode 1 st 1 gl 0 hp 97 frg 2
ARGEVT Joe Rogan route 1 start '2561.0 -503.0  24.0' goal '2369.0 -567.0  56.0'
ARGEVT Joe Rogan hazard
ARGEVT Joe Rogan death Romero pos '2639.0 -468.8  32.0'
ARGUS Romero watch spawn
ARGEVT Romero engage Carmack
ARGUS Romero threatmove range 2
ARGUS Romero threatmove retreat 2
ARGEVT Romero retreat
ARGLOG Romero t  61.0 pos '2153.4 -418.1   8.0' spd 102.0 yaw 347.5 mode 2 st 9 gl 0 hp 3 frg 0
ARGEVT Romero goal item_armorInv
ARGEVT Romero route 4 start '2177.0 -375.0   8.0' goal '2369.0 -567.0  56.0'
ARGEVT Romero death Carmack pos '2144.3 -371.3   8.0'
ARGUS Carmack watch spawn
ARGLOG Carmack t  61.4 pos '2422.4 -528.0   8.0' spd 165.0 yaw 195.5 mode 1 st 1 gl 0 hp 97 frg 3
ARGEVT Carmack goal backpack
ARGLOG Carmack t  61.9 pos '2265.2 -490.8   8.0' spd 323.4 yaw 147 mode 1 st 1 gl 0 hp 97 frg 3
ARGLOG Carmack t  62.4 pos '2159.3 -355.1  24.0' spd 450.6 yaw  30.4 mode 1 st 1 gl 0 hp 97 frg 3
ARGEVT Joe Rogan respawn
ARGLOG Joe Rogan t  62.5 pos '2560.0 -192.0  32.0' spd 0 yaw 184.5 mode 0 st 4 gl 3 hp 100 frg 1
ARGEVT Joe Rogan goal item_armorInv
ARGEVT Joe Rogan route 6 start '2529.0 -183.0  32.0' goal '2369.0 -567.0  56.0'
ARGEVT Carmack hazard
ARGEVT Romero respawn
ARGLOG Romero t  62.7 pos '2576.0 -1328.0  24.0' spd 0 yaw 300.3 mode 0 st 9 gl 0 hp 100 frg 0
ARGUS Carmack wallslide
ARGEVT Romero goal weapon_rocketlauncher
ARGEVT Romero route 4 start '2561.0 -1303.0  24.0' goal '2465.0 -1719.0  24.0'
ARGUS Joe Rogan wallslide
ARGLOG Carmack t  62.9 pos '2251.2 -294.7  24.0' spd 341.4 yaw 233.0 mode 1 st 1 gl 0 hp 97 frg 3
ARGLOG Joe Rogan t  63.0 pos '2424.7 -239.7  24.0' spd 370.9 yaw 191 mode 2 st 4 gl 3 hp 100 frg 1
ARGUS Romero wallslide
ARGLOG Romero t  63.2 pos '2609.7 -1456.0  24.0' spd  36.4 yaw 264 mode 2 st 9 gl 0 hp 100 frg 0
ARGEVT Carmack engage Joe Rogan
ARGUS Carmack threatmove range 2
ARGEVT Joe Rogan engage Carmack
ARGUS Joe Rogan threatmove range 2
ARGLOG Carmack t  63.4 pos '2178.8 -452.2   8.0' spd 368.7 yaw 317.0 mode 1 st 1 gl 0 hp 97 frg 3
ARGLOG Joe Rogan t  63.5 pos '2248.1 -231.4  24.0' spd 322.6 yaw 243.1 mode 2 st 4 gl 3 hp 100 frg 1
ARGLOG Romero t  63.7 pos '2568.3 -1591.2  24.0' spd 328.4 yaw 234 mode 1 st 9 gl 0 hp 100 frg 0
ARGEVT Joe Rogan hazard
ARGLOG Carmack t  63.9 pos '2343.3 -464.3   8.0' spd 377.3 yaw 128.0 mode 1 st 1 gl 0 hp 97 frg 3
ARGUS Joe Rogan wallslide
ARGLOG Joe Rogan t  64.0 pos '2128.8 -309.2  24.0' spd 327.2 yaw 326.6 mode 2 st 4 gl 3 hp 100 frg 1
ARGEVT Joe Rogan route 4 start '2177.0 -375.0   8.0' goal '2369.0 -567.0  56.0'
ARGLOG Romero t  64.3 pos '2477.7 -1729.4  24.0' spd 320.8 yaw 224 mode 0 st 9 gl 1 hp 100 frg 0
ARGEVT Carmack hazard
ARGUS Carmack wallslide
ARGLOG Carmack t  64.5 pos '2408.5 -305.9   8.0' spd  57.3 yaw 205.0 mode 1 st 1 gl 0 hp 96 frg 3
ARGEVT Romero goal item_armorInv
ARGEVT Romero route 8 start '2465.0 -1719.0  24.0' goal '2465.0 -1975.0 120.0'
ARGLOG Joe Rogan t  64.6 pos '2155.4 -476.5   8.0' spd 343.5 yaw  36.1 mode 2 st 4 gl 3 hp 96 frg 1
ARGEVT Romero hazard
ARGLOG Romero t  64.8 pos '2395.5 -1876.5  24.0' spd 430.5 yaw 324.2 mode 2 st 9 gl 1 hp 100 frg 0
ARGUS Romero wallslide
ARGLOG Carmack t  65.0 pos '2287.6 -305.6   8.0' spd 329.3 yaw 256.0 mode 1 st 1 gl 0 hp 96 frg 3
ARGLOG Joe Rogan t  65.1 pos '2271.6 -517.7   8.0' spd 136.9 yaw  82.8 mode 2 st 4 gl 3 hp 96 frg 1
ARGLOG Romero t  65.3 pos '2555.8 -1836.3  24.0' spd 452.4 yaw 187 mode 2 st 9 gl 1 hp 100 frg 0
ARGLOG Carmack t  65.5 pos '2142.2 -359.9  24.0' spd 164.5 yaw 273.0 mode 1 st 1 gl 0 hp 96 frg 3
ARGEVT Carmack hazard
ARGLOG Joe Rogan t  65.6 pos '2140.0 -498.3   8.0' spd 297.0 yaw  77.6 mode 2 st 4 gl 3 hp 72 frg 1
ARGUS Joe Rogan wallslide
ARGLOG Romero t  65.8 pos '2400.1 -1737.7  24.0' spd 408.3 yaw 213 mode 2 st 9 gl 1 hp 100 frg 0
ARGUS Romero wallslide
ARGLOG Carmack t  66.0 pos '2246.9 -398.2   8.0' spd 155.8 yaw 269.4 mode 1 st 1 gl 0 hp 96 frg 3
ARGLOG Joe Rogan t  66.1 pos '2271.3 -518.3   8.0' spd 224.4 yaw  83.4 mode 2 st 4 gl 3 hp 72 frg 1
ARGEVT Joe Rogan hazard
ARGLOG Romero t  66.3 pos '2299.4 -1885.2  24.0' spd 395.6 yaw 217 mode 2 st 9 gl 1 hp 100 frg 0
ARGLOG Carmack t  66.5 pos '2164.9 -388.0   8.0' spd 310.0 yaw 293.1 mode 1 st 1 gl 0 hp 96 frg 3
ARGEVT Carmack hazard
ARGLOG Joe Rogan t  66.6 pos '2166.3 -517.7   8.0' spd 231.0 yaw  97.5 mode 2 st 4 gl 3 hp 48 frg 1
ARGUS Joe Rogan threatmove retreat 2
ARGEVT Joe Rogan retreat
ARGUS Carmack wallslide
ARGEVT Romero hazard
ARGLOG Romero t  66.8 pos '2158.5 -1948.9  56.0' spd 423.3 yaw 348 mode 2 st 9 gl 1 hp 100 frg 0
ARGLOG Carmack t 67 pos '2209.8 -344.3   8.0' spd 328.3 yaw 279.3 mode 1 st 1 gl 0 hp 87 frg 3
ARGEVT Romero door
ARGLOG Joe Rogan t  67.1 pos '2264.7 -466.1   8.0' spd 320.3 yaw  93.0 mode 2 st 4 gl 3 hp 24 frg 1
ARGLOG Romero t  67.3 pos '2214.9 -2124.9  88.0' spd 368.0 yaw 320.7 mode 2 st 9 gl 1 hp 100 frg 0
ARGUS Romero wallslide
ARGLOG Carmack t  67.5 pos '2219.3 -308.3  24.0' spd 343.6 yaw 317.6 mode 1 st 1 gl 0 hp 78 frg 3
ARGLOG Joe Rogan t  67.6 pos '2410.2 -390.3   8.0' spd 320.1 yaw 158.3 mode 2 st 4 gl 3 hp 20 frg 1
ARGLOG Romero t  67.8 pos '2232.0 -2166.2  88.0' spd 199.6 yaw 24 mode 2 st 9 gl 1 hp 100 frg 0
ARGEVT Carmack grab item_health
ARGLOG Carmack t  68.0 pos '2213.5 -481.5   8.0' spd 316.2 yaw  26.0 mode 1 st 1 gl 0 hp 78 frg 3
ARGUS Joe Rogan wallslide
ARGLOG Joe Rogan t  68.1 pos '2525.8 -304.7  24.0' spd 261.9 yaw 212.5 mode 2 st 4 gl 3 hp 20 frg 1
ARGEVT Carmack hazard
ARGLOG Romero t  68.3 pos '2232.0 -2160.0  88.0' spd 0 yaw 24 mode 2 st 9 gl 1 hp 100 frg 0
ARGEVT Joe Rogan hazard
ARGLOG Carmack t  68.5 pos '2146.9 -453.3   8.0' spd 150.8 yaw  14.0 mode 1 st 1 gl 0 hp 78 frg 3
ARGLOG Joe Rogan t  68.6 pos '2595.9 -328.4  24.0' spd 323.0 yaw 197.3 mode 2 st 4 gl 3 hp 20 frg 1
ARGLOG Romero t  68.8 pos '2232.0 -2160.0  88.0' spd 0 yaw 24 mode 2 st 9 gl 1 hp 100 frg 0
ARGEVT Joe Rogan death Carmack pos '2596.7 -326.5  24.0'
ARGUS Carmack watch spawn
ARGEVT Romero stall
ARGEVT Romero stallnode '2273.0 -1975.0 120.0'
ARGEVT Romero jump
ARGEVT Carmack goal backpack
ARGEVT Carmack route 2 start '2177.0 -375.0   8.0' goal '2593.0 -375.0  24.0'
ARGLOG Carmack t  69.1 pos '2165.7 -458.8   8.0' spd 322.2 yaw 351.2 mode 2 st 1 gl 0 hp 69 frg 4
ARGEVT Romero route 3 start '2177.0 -2071.0  88.0' goal '2465.0 -1975.0 120.0'
ARGEVT Romero hazard
ARGLOG Romero t  69.3 pos '2229.3 -2160.0  88.0' spd  19.2 yaw 24 mode 2 st 10 gl 1 hp 100 frg 0
ARGLOG Carmack t  69.6 pos '2337.1 -467.5   8.0' spd 326.9 yaw 29 mode 2 st 1 gl 0 hp 69 frg 4
ARGEVT Romero stall
ARGEVT Romero stallnode '2177.0 -2071.0  88.0'
ARGEVT Romero jump
ARGEVT Romero goal item_armorInv
ARGEVT Romero route 13 start '2177.0 -2071.0  88.0' goal '2369.0 -567.0  56.0'
ARGLOG Romero t  69.8 pos '2226.9 -2160.6  88.0' spd 30 yaw 181.6 mode 2 st 11 gl 1 hp 100 frg 0
ARGLOG Carmack t  70.1 pos '2485.1 -398.3   8.0' spd 320.8 yaw 35 mode 1 st 1 gl 0 hp 69 frg 4
ARGLOG Romero t  70.4 pos '2157.6 -2017.6  88.0' spd 456.5 yaw  17.5 mode 2 st 11 gl 1 hp 100 frg 0
ARGEVT Joe Rogan respawn
ARGLOG Joe Rogan t  70.4 pos '2624.0 -488.0  32.0' spd 0 yaw 175.5 mode 0 st 4 gl 3 hp 100 frg 1
ARGEVT Joe Rogan goal item_armorInv
ARGEVT Joe Rogan route 22 start '2561.0 -503.0  24.0' goal '2465.0 -1975.0 120.0'
ARGEVT Carmack hazard
ARGEVT Romero hazard
ARGLOG Carmack t  70.6 pos '2616.1 -316.6  24.0' spd 215.4 yaw 301.3 mode 1 st 1 gl 0 hp 69 frg 4
ARGEVT Carmack goal item_health
ARGEVT Carmack route 6 start '2593.0 -375.0  24.0' goal '2593.0 -247.0 120.0'
ARGUS Romero wallslide
ARGUS routecache adopt
ARGEVT Carmack route 6 start '2593.0 -375.0  24.0' goal '2593.0 -247.0 120.0'
ARGLOG Romero t  70.9 pos '2224.0 -1917.3  40.0' spd  17.4 yaw 351 mode 2 st 11 gl 1 hp 100 frg 0
ARGLOG Joe Rogan t  70.9 pos '2477.6 -470.1   8.0' spd 320.0 yaw 173 mode 2 st 4 gl 3 hp 100 frg 1
ARGUS routecache adopt
ARGEVT Carmack route 6 start '2593.0 -375.0  24.0' goal '2593.0 -247.0 120.0'
ARGEVT Joe Rogan engage Carmack
ARGUS Joe Rogan threatmove range 2
ARGEVT Carmack engage Joe Rogan
ARGUS Carmack threatmove range 2
ARGEVT Carmack grab item_health
ARGLOG Carmack t  71.1 pos '2554.0 -379.0  24.0' spd 305.0 yaw 174.4 mode 2 st 1 gl 1 hp 69 frg 4
ARGLOG Romero t  71.4 pos '2224.0 -1912.3  40.0' spd  31.9 yaw 350 mode 2 st 11 gl 1 hp 100 frg 0
ARGLOG Joe Rogan t  71.4 pos '2350.4 -373.6   8.0' spd 336.8 yaw  33.3 mode 2 st 4 gl 3 hp 100 frg 1
ARGEVT Joe Rogan hazard
ARGEVT Romero hazard
ARGLOG Carmack t  71.6 pos '2486.3 -330.5   8.0' spd 172.3 yaw 187.8 mode 2 st 1 gl 1 hp 69 frg 4
ARGEVT Romero stall
ARGEVT Romero stallnode '2337.0 -1879.0  24.0'
ARGEVT Romero jump
ARGLOG Romero t  71.9 pos '2224.0 -1908.8  62.3' spd   1.9 yaw 350 mode 0 st 12 gl 1 hp 100 frg 0
ARGEVT Romero route 12 start '2177.0 -1975.0  72.0' goal '2369.0 -567.0  56.0'
ARGLOG Joe Rogan t  71.9 pos '2307.7 -406.4   8.0' spd 343.3 yaw  14.4 mode 2 st 4 gl 3 hp 100 frg 1
ARGEVT Joe Rogan grab item_armorInv
ARGLOG Carmack t  72.1 pos '2568.1 -322.9  24.0' spd 174.0 yaw 202.2 mode 2 st 1 gl 1 hp 63 frg 4
ARGUS Joe Rogan wallslide
ARGUS Romero wallslide
ARGLOG Romero t  72.4 pos '2224.0 -1944.6  56.0' spd 110.3 yaw 355 mode 2 st 12 gl 1 hp 100 frg 0
ARGLOG Joe Rogan t  72.5 pos '2374.4 -527.9   8.0' spd 207.9 yaw  40.5 mode 2 st 4 gl 3 hp 96 frg 1
ARGEVT Carmack grab item_health
ARGLOG Carmack t  72.6 pos '2563.2 -333.6  24.0' spd 107.6 yaw 228.8 mode 2 st 1 gl 1 hp 57 frg 4
ARGEVT Romero hazard
ARGEVT Joe Rogan hazard
ARGLOG Romero t  72.9 pos '2223.7 -1986.7  72.0' spd  70.9 yaw 0 mode 2 st 12 gl 1 hp 100 frg 0
ARGLOG Joe Rogan t  73.0 pos '2431.4 -527.9   8.0' spd  39.6 yaw  61.0 mode 2 st 4 gl 3 hp 72 frg 1
ARGLOG Carmack t  73.1 pos '2523.4 -336.2  24.0' spd  96.1 yaw 251.8 mode 2 st 1 gl 1 hp 54 frg 4
ARGEVT Joe Rogan route 21 start '2465.0 -503.0   8.0' goal '2465.0 -1975.0 120.0'
ARGUS Joe Rogan wallslide
ARGLOG Romero t  73.4 pos '2221.4 -2027.9  88.0' spd  82.9 yaw 6 mode 2 st 12 gl 1 hp 100 frg 0
ARGLOG Joe Rogan t  73.5 pos '2463.3 -527.9   8.0' spd  42.0 yaw  73.0 mode 2 st 4 gl 3 hp 48 frg 1
ARGLOG Carmack t  73.6 pos '2493.4 -333.7   8.0' spd  15.8 yaw 261.4 mode 2 st 1 gl 1 hp 48 frg 4
ARGEVT Romero hazard
ARGUS Joe Rogan threatmove retreat 2
ARGEVT Joe Rogan retreat
ARGLOG Romero t  73.9 pos '2219.6 -2067.2  88.0' spd  67.5 yaw 11 mode 2 st 12 gl 1 hp 100 frg 0
ARGLOG Joe Rogan t  74.0 pos '2367.6 -518.7   8.0' spd 307.2 yaw  59.7 mode 2 st 4 gl 3 hp 24 frg 1
ARGLOG Carmack t  74.1 pos '2498.3 -327.9   8.0' spd 143.8 yaw 236.6 mode 2 st 1 gl 1 hp 42 frg 4
ARGLOG Romero t  74.4 pos '2219.7 -2100.8  88.0' spd  77.9 yaw 16 mode 2 st 12 gl 1 hp 100 frg 0
ARGLOG Joe Rogan t  74.5 pos '2234.9 -508.0   8.0' spd 427.0 yaw  44.2 mode 2 st 4 gl 3 hp 16 frg 1
ARGLOG Carmack t  74.6 pos '2478.3 -311.9   8.0' spd 320.0 yaw 212.5 mode 2 st 1 gl 1 hp 42 frg 4
ARGEVT Romero hazard
ARGUS Romero wallslide
ARGEVT Carmack hazard
ARGUS Carmack wallslide
ARGLOG Romero t  74.9 pos '2223.9 -2133.5  88.0' spd  20.5 yaw 20 mode 2 st 12 gl 1 hp 100 frg 0
ARGLOG Joe Rogan t  75.0 pos '2149.3 -497.5   8.0' spd  16.0 yaw   2.8 mode 2 st 4 gl 3 hp 16 frg 1
ARGEVT Joe Rogan death Carmack pos '2149.5 -496.9   8.0'
ARGUS Carmack watch spawn
ARGEVT Romero abandon
ARGLOG Carmack t  75.2 pos '2423.3 -419.1   8.0' spd 347.6 yaw 237.8 mode 2 st 1 gl 1 hp 42 frg 5
ARGEVT Carmack goal backpack
ARGEVT Romero goal item_armorInv
ARGEVT Romero route 3 start '2177.0 -2071.0  88.0' goal '2465.0 -1975.0 120.0'
ARGEVT Romero door
ARGLOG Romero t  75.5 pos '2138.7 -2067.2  88.0' spd 379.5 yaw  88.6 mode 2 st 12 gl 1 hp 100 frg 0
ARGUS Romero jumpapproach 0 actual 323.6
ARGEVT Romero jump
ARGUS Romero aircontrol
ARGLOG Carmack t  75.7 pos '2286.1 -523.7   8.0' spd 336.0 yaw 169 mode 1 st 1 gl 1 hp 39 frg 5
ARGLOG Romero t  76.0 pos '2228.0 -1977.0 127.0' spd 156.6 yaw 359 mode 2 st 12 gl 1 hp 100 frg 0
ARGEVT Romero hazard
ARGEVT Carmack goal item_health
ARGEVT Carmack route 6 start '2177.0 -503.0   8.0' goal '2017.0 -535.0 104.0'
ARGLOG Carmack t  76.2 pos '2193.2 -470.1   8.0' spd 327.9 yaw 121 mode 2 st 1 gl 2 hp 39 frg 5
ARGLOG Romero t  76.5 pos '2227.3 -1968.0 120.0' spd   7.4 yaw 358 mode 2 st 12 gl 1 hp 100 frg 0
ARGEVT Joe Rogan respawn
ARGEVT Carmack engage Joe Rogan
ARGUS Carmack threatmove range 2
ARGEVT Joe Rogan engage Carmack
ARGUS Joe Rogan threatmove range 2
ARGLOG Joe Rogan t  76.5 pos '2624.0 -488.0  32.0' spd 0 yaw 179.2 mode 0 st 4 gl 3 hp 100 frg 1
ARGEVT Joe Rogan goal item_armor2
ARGEVT Joe Rogan route 8 start '2561.0 -503.0  24.0' goal '2817.0 -55.0 -72.0'
ARGLOG Carmack t  76.7 pos '2138.0 -293.9  24.0' spd 392.3 yaw 307.8 mode 2 st 1 gl 2 hp 39 frg 5
ARGEVT Romero stall
ARGEVT Romero stallnode '2401.0 -1975.0 120.0'
ARGEVT Romero jump
ARGEVT Romero route 4 start '2177.0 -1975.0  72.0' goal '2465.0 -1975.0 120.0'
ARGLOG Romero t  77.0 pos '2231.2 -1968.3 158.4' spd  30.0 yaw 358 mode 2 st 13 gl 1 hp 100 frg 0
ARGLOG Joe Rogan t  77.0 pos '2588.1 -460.3  32.0' spd 176.5 yaw 146.8 mode 2 st 4 gl 3 hp 100 frg 1
ARGLOG Carmack t  77.2 pos '2198.9 -133.4  24.0' spd 333.3 yaw 302.8 mode 2 st 1 gl 2 hp 38 frg 5
ARGEVT Carmack pursue
ARGEVT Joe Rogan pursue
ARGEVT Romero hazard
ARGEVT Carmack hazard
ARGEVT Romero stall
ARGEVT Romero stallnode '2177.0 -2071.0  88.0'
ARGEVT Romero jump
ARGLOG Romero t  77.5 pos '2231.8 -1978.1 123.9' spd  70.2 yaw 147.6 mode 0 st 14 gl 1 hp 100 frg 0
ARGUS Carmack wallslide
ARGLOG Joe Rogan t  77.5 pos '2434.0 -484.0   8.0' spd 346.2 yaw 136 mode 2 st 4 gl 3 hp 91 frg 1
ARGEVT Romero goal item_health
ARGEVT Romero route 3 start '2177.0 -1975.0  72.0' goal '2401.0 -1975.0 120.0'
ARGLOG Carmack t  77.7 pos '2288.0 -93.0  24.0' spd  18.7 yaw 309 mode 2 st 1 gl 2 hp 38 frg 5
ARGUS Carmack hunch item_armorInv
ARGEVT Carmack pursue
ARGLOG Romero t  78.0 pos '2203.0 -1968.0 148.1' spd  31.1 yaw   2.3 mode 2 st 14 gl 1 hp 100 frg 0
ARGLOG Joe Rogan t  78.1 pos '2300.2 -385.4   8.0' spd 321.0 yaw 131 mode 2 st 4 gl 3 hp 91 frg 1
ARGEVT Carmack goal item_health
ARGEVT Carmack route 5 start '2241.0 -87.0  24.0' goal '2017.0 -535.0 104.0'
ARGLOG Carmack t  78.2 pos '2199.4 -46.5  24.0' spd 364.3 yaw 247.1 mode 2 st 1 gl 2 hp 38 frg 5
ARGUS Romero wallslide
ARGLOG Romero t  78.5 pos '2223.4 -2002.0  88.0' spd 155.9 yaw 2 mode 2 st 14 gl 1 hp 100 frg 0
ARGLOG Joe Rogan t  78.6 pos '2150.3 -316.8  24.0' spd 225.3 yaw 102.0 mode 2 st 4 gl 3 hp 91 frg 1
ARGEVT Romero hazard
ARGEVT Carmack grab item_health
ARGLOG Carmack t  78.7 pos '2029.0 -69.8  24.0' spd 368.7 yaw 307.1 mode 2 st 1 gl 2 hp 38 frg 5
ARGLOG Romero t  79.0 pos '2223.5 -2046.8  88.0' spd  71.7 yaw 8 mode 2 st 14 gl 1 hp 100 frg 0
ARGLOG Joe Rogan t  79.1 pos '2221.5 -191.3  24.0' spd 341.6 yaw 160.4 mode 2 st 4 gl 3 hp 91 frg 1
ARGEVT Carmack hazard
ARGEVT Carmack grab item_spikes
ARGLOG Carmack t  79.2 pos '1925.7 -174.3  24.0' spd 336.1 yaw  18.4 mode 2 st 1 gl 2 hp 63 frg 5
ARGUS Carmack wallslide
ARGLOG Romero t  79.5 pos '2221.6 -2082.1  88.0' spd  62.4 yaw 13 mode 2 st 14 gl 1 hp 100 frg 0
ARGLOG Joe Rogan t  79.6 pos '2199.7 -19.7  24.0' spd 349.2 yaw 219.3 mode 2 st 4 gl 3 hp 91 frg 1
ARGEVT Romero hazard
ARGLOG Carmack t  79.7 pos '1984.7 -207.6  24.0' spd 340.2 yaw  68.8 mode 2 st 1 gl 2 hp 63 frg 5
ARGEVT Joe Rogan hazard
ARGLOG Romero t  80.0 pos '2220.0 -2111.9  88.0' spd  53.2 yaw 17 mode 2 st 14 gl 1 hp 100 frg 0
ARGLOG Joe Rogan t  80.1 pos '2120.7  35.9  24.0' spd 308.6 yaw 224.4 mode 2 st 4 gl 3 hp 82 frg 1
ARGEVT Carmack hazard
ARGEVT Carmack route 3 start '1953.0 -87.0  24.0' goal '2017.0 -535.0 104.0'
ARGLOG Carmack t  80.2 pos '1916.4 -63.6  24.0' spd 331.5 yaw   6.3 mode 2 st 1 gl 2 hp 59 frg 5
ARGLOG Romero t  80.6 pos '2223.8 -2139.3  88.0' spd  44.8 yaw 21 mode 2 st 14 gl 1 hp 100 frg 0
ARGLOG Joe Rogan t  80.6 pos '2137.1 -133.5  24.0' spd 341.5 yaw 150.6 mode 2 st 4 gl 3 hp 82 frg 1
ARGEVT Romero hazard
ARGUS Romero wallslide
ARGLOG Carmack t  80.7 pos '1905.1 -56.0  24.0' spd 320.3 yaw 314.1 mode 2 st 1 gl 2 hp 55 frg 5
ARGUS Carmack wallslide
ARGLOG Romero t  81.1 pos '2224.0 -2094.5  88.0' spd 195.1 yaw 15 mode 2 st 14 gl 1 hp 100 frg 0
ARGLOG Joe Rogan t  81.1 pos '2101.5 -114.2  24.0' spd 342.1 yaw 186.1 mode 2 st 4 gl 3 hp 82 frg 1
ARGEVT Carmack hazard
ARGLOG Carmack t  81.3 pos '1923.5 -220.3  24.0' spd 361.9 yaw  47.5 mode 2 st 1 gl 2 hp 55 frg 5
ARGEVT Romero jump
ARGEVT Joe Rogan route 6 start '1953.0 -23.0  24.0' goal '2817.0 -55.0 -72.0'
ARGLOG Romero t  81.6 pos '2224.0 -2004.2 125.0' spd 173.1 yaw 2 mode 2 st 14 gl 1 hp 100 frg 0
ARGEVT Joe Rogan hazard
ARGLOG Joe Rogan t  81.6 pos '1996.0  10.5  24.0' spd 333.3 yaw 243.6 mode 2 st 4 gl 3 hp 82 frg 1
ARGLOG Carmack t  81.8 pos '1950.2 -169.3  24.0' spd 329.5 yaw  94.8 mode 2 st 1 gl 2 hp 46 frg 5
ARGEVT Romero hazard
ARGLOG Romero t  82.1 pos '2230.6 -1968.0 120.0' spd   6.8 yaw 358 mode 2 st 14 gl 1 hp 100 frg 0
ARGLOG Joe Rogan t  82.1 pos '1970.1  -2.2  24.0' spd 320.8 yaw 309.4 mode 2 st 4 gl 3 hp 64 frg 1
ARGUS Carmack threatmove retreat 2
ARGEVT Carmack retreat
ARGLOG Carmack t  82.3 pos '2090.0 -163.0  24.0' spd 346.2 yaw  92.7 mode 2 st 1 gl 2 hp 24 frg 5
ARGEVT Carmack hazard
ARGLOG Romero t  82.6 pos '2227.1 -1968.0 120.0' spd   6.8 yaw 358 mode 2 st 14 gl 1 hp 100 frg 0
ARGLOG Joe Rogan t  82.6 pos '2126.9 -14.7  24.0' spd 320.0 yaw 270.8 mode 2 st 4 gl 3 hp 28 frg 1
ARGEVT Carmack jump
ARGLOG Carmack t  82.8 pos '2063.5 -216.8  27.9' spd 331.7 yaw  48.7 mode 2 st 1 gl 2 hp 24 frg 5
ARGEVT Romero hazard
ARGLOG Romero t  83.1 pos '2224.0 -1968.2 117.5' spd   4.4 yaw 358 mode 2 st 14 gl 1 hp 100 frg 0
ARGEVT Romero stall
ARGEVT Romero stallnode '2401.0 -1975.0 120.0'
ARGLOG Joe Rogan t  83.1 pos '2274.5 -96.7  24.0' spd 355.6 yaw 200.8 mode 2 st 4 gl 3 hp 10 frg 1
ARGUS Joe Rogan wallslide
ARGEVT Joe Rogan grab weapon_nailgun
ARGLOG Carmack t  83.3 pos '1904.0 -163.7  51.9' spd 103.4 yaw 351.7 mode 2 st 1 gl 2 hp 24 frg 5
ARGEVT Romero abandon
ARGEVT Romero goal item_rockets
ARGEVT Romero route 15 start '2177.0 -1975.0  72.0' goal '2241.0 -55.0 -136.0'
ARGLOG Romero t  83.6 pos '2193.7 -1911.4  40.0' spd 339.1 yaw 54 mode 2 st 15 gl 1 hp 100 frg 0
ARGLOG Joe Rogan t  83.7 pos '2381.3 -202.7  24.0' spd 347.6 yaw 167.5 mode 2 st 4 gl 3 hp 1 frg 1
ARGEVT Joe Rogan grab item_health
ARGLOG Carmack t  83.8 pos '1924.8 -44.7  24.0' spd 322.3 yaw 344.6 mode 0 st 1 gl 2 hp 4 frg 5
ARGEVT Carmack route 4 start '1953.0 -23.0  24.0' goal '2017.0 -535.0 104.0'
ARGLOG Romero t  84.1 pos '2303.2 -1831.8  24.0' spd 377.1 yaw 64 mode 2 st 15 gl 1 hp 100 frg 0
ARGLOG Joe Rogan t  84.2 pos '2546.7 -211.4  32.0' spd 368.4 yaw 149.6 mode 2 st 4 gl 3 hp 1 frg 1
ARGLOG Carmack t  84.3 pos '2065.1 -25.6  24.0' spd 311.6 yaw 339.5 mode 2 st 1 gl 2 hp 4 frg 5
ARGEVT Joe Rogan death Carmack pos '2536.3 -212.9  32.0'
ARGUS Carmack watch spawn
ARGEVT Carmack goal item_health
ARGEVT Carmack route 4 start '2049.0 -87.0  24.0' goal '2593.0 -119.0 120.0'
ARGLOG Romero t  84.6 pos '2476.9 -1851.0  24.0' spd 449.3 yaw 102 mode 2 st 15 gl 1 hp 100 frg 0
ARGEVT Carmack death Joe Rogan pos '2140.8 -181.0  24.0'
ARGUS Joe Rogan watch spawn
ARGLOG Romero t  85.1 pos '2480.5 -1661.9  24.0' spd 320.5 yaw 92 mode 2 st 15 gl 1 hp 100 frg 0
ARGLOG Romero t  85.7 pos '2425.0 -1505.2  24.0' spd 330.6 yaw 85 mode 2 st 15 gl 1 hp 100 frg 0
ARGEVT Joe Rogan respawn
ARGLOG Joe Rogan t  85.9 pos '2248.0 -16.0 -136.0' spd 0 yaw 355.5 mode 0 st 4 gl 3 hp 100 frg 2
ARGEVT Joe Rogan goal item_armor2
ARGEVT Joe Rogan route 4 start '2241.0 -55.0 -136.0' goal '2817.0 -55.0 -72.0'
ARGEVT Romero route 11 start '2401.0 -1367.0  24.0' goal '2241.0 -55.0 -136.0'
ARGLOG Romero t  86.2 pos '2440.2 -1343.3  24.0' spd 320.1 yaw 87 mode 2 st 15 gl 1 hp 100 frg 0
ARGEVT Joe Rogan hazard
ARGUS Romero wallslide
ARGEVT Carmack respawn
ARGEVT Joe Rogan engage Carmack
ARGEVT Carmack engage Joe Rogan
ARGLOG Carmack t  86.3 pos '2248.0 -16.0 -136.0' spd 0 yaw 357.9 mode 0 st 1 gl 2 hp 100 frg 6
ARGUS Carmack threatmove range 2
ARGUS Joe Rogan threatmove range 2
ARGEVT Carmack goal backpack
ARGEVT Carmack route 11 start '2241.0 -55.0 -136.0' goal '2529.0 -183.0  32.0'
ARGLOG Joe Rogan t  86.4 pos '2384.6 -63.8 -72.0' spd 313.4 yaw 161.5 mode 2 st 4 gl 3 hp 100 frg 2
ARGLOG Romero t  86.7 pos '2471.8 -1264.8  24.0' spd 320.2 yaw  56.2 mode 2 st 15 gl 1 hp 100 frg 0
ARGEVT Romero goal backpack
ARGEVT Romero route 8 start '2465.0 -1303.0  24.0' goal '2113.0 -215.0  24.0'
ARGLOG Carmack t  86.8 pos '2271.2 -153.7 -136.0' spd 170.9 yaw  40.8 mode 2 st 1 gl 2 hp 100 frg 6
ARGEVT Carmack hazard
ARGLOG Joe Rogan t  86.9 pos '2459.0 -19.6 -72.0' spd 329.4 yaw 221.1 mode 2 st 4 gl 3 hp 100 frg 2
ARGLOG Romero t  87.2 pos '2512.0 -1098.3  24.0' spd 351.6 yaw 99 mode 2 st 15 gl 1 hp 100 frg 0
ARGEVT Romero lift
ARGLOG Carmack t  87.3 pos '2241.9 -19.8 -136.0' spd 347.0 yaw 358.4 mode 2 st 1 gl 2 hp 84 frg 6
ARGEVT Romero board
ARGLOG Joe Rogan t  87.5 pos '2462.6  16.0 -71.5' spd  33.3 yaw 187.5 mode 2 st 4 gl 3 hp 84 frg 2
ARGLOG Romero t  87.7 pos '2476.3 -1010.4  70.1' spd 0 yaw 65 mode 2 st 15 gl 1 hp 100 frg 0
ARGLOG Carmack t  87.8 pos '2278.3 -83.0 -136.0' spd 124.4 yaw  27.0 mode 2 st 1 gl 2 hp 60 frg 6
ARGLOG Joe Rogan t  88.0 pos '2428.8 -60.3 -72.0' spd 152.5 yaw 181.5 mode 2 st 4 gl 3 hp 68 frg 2
ARGEVT Carmack hazard
ARGLOG Romero t  88.2 pos '2490.6 -835.7 120.0' spd 357.5 yaw 63 mode 2 st 15 gl 1 hp 100 frg 0
ARGUS Joe Rogan wallslide
ARGLOG Carmack t  88.3 pos '2264.0 -34.6 -136.0' spd 332.4 yaw   7.5 mode 2 st 1 gl 2 hp 60 frg 6
ARGUS Romero wallslide
ARGLOG Joe Rogan t  88.5 pos '2423.6  10.6 -72.0' spd 123.6 yaw 203.9 mode 2 st 4 gl 3 hp 68 frg 2
ARGLOG Romero t  88.7 pos '2614.4 -702.1 120.0' spd 430.6 yaw 122.0 mode 0 st 15 gl 1 hp 100 frg 0
ARGUS routecache adopt
ARGEVT Romero route 4 start '2593.0 -631.0 120.0' goal '2113.0 -215.0  24.0'
ARGLOG Carmack t  88.9 pos '2275.7  -7.7 -136.0' spd 264.7 yaw 345.5 mode 2 st 1 gl 2 hp 56 frg 6
ARGUS Carmack threatmove retreat 2
ARGEVT Carmack retreat
ARGLOG Joe Rogan t  89.0 pos '2436.5  -6.4 -72.0' spd 323.0 yaw 175.5 mode 2 st 4 gl 3 hp 68 frg 2
ARGEVT Carmack hazard
ARGLOG Romero t  89.2 pos '2602.7 -530.6 120.0' spd 321.2 yaw 107 mode 2 st 15 gl 1 hp 100 frg 0
ARGLOG Carmack t  89.4 pos '2180.9 -11.1 -95.2' spd 250.7 yaw   8.6 mode 2 st 1 gl 2 hp 32 frg 6
ARGLOG Joe Rogan t  89.5 pos '2414.8  15.3 -72.0' spd 153.7 yaw 196.8 mode 2 st 4 gl 3 hp 48 frg 2
ARGLOG Romero t  89.7 pos '2553.5 -371.6 145.4' spd 334.3 yaw 136 mode 2 st 15 gl 1 hp 100 frg 0
ARGLOG Carmack t  89.9 pos '2211.4 -38.1 -136.0' spd  19.5 yaw 356.9 mode 2 st 1 gl 2 hp 20 frg 6
ARGLOG Joe Rogan t  90.0 pos '2379.1 -15.4 -88.0' spd 321.3 yaw 181.7 mode 2 st 4 gl 3 hp 48 frg 2
ARGEVT Joe Rogan hazard
ARGEVT Carmack death Joe Rogan pos '2215.8 -36.5 -136.0'
ARGUS Joe Rogan watch spawn
ARGLOG Romero t  90.2 pos '2552.8 -315.9 147.2' spd 175.8 yaw 189 mode 2 st 15 gl 1 hp 100 frg 0
ARGEVT Joe Rogan goal backpack
ARGLOG Joe Rogan t  90.5 pos '2403.9 -78.2 -72.0' spd 335.5 yaw 168 mode 1 st 4 gl 3 hp 48 frg 3
ARGLOG Romero t  90.7 pos '2554.1 -333.9 143.8' spd  76.0 yaw 115 mode 2 st 15 gl 1 hp 100 frg 0
ARGEVT Romero hazard
ARGEVT Joe Rogan goal item_health
ARGEVT Joe Rogan route 4 start '2241.0 -55.0 -136.0' goal '2561.0 233.0 -72.0'
ARGLOG Joe Rogan t  91.0 pos '2238.1 -59.0 -136.0' spd 323.1 yaw 7 mode 2 st 4 gl 4 hp 48 frg 3
ARGEVT Joe Rogan hazard
ARGLOG Romero t  91.2 pos '2549.1 -318.9 157.3' spd  96.9 yaw 181.7 mode 2 st 15 gl 1 hp 100 frg 0
ARGUS Joe Rogan wallslide
ARGLOG Joe Rogan t  91.5 pos '2280.3  16.0 -136.0' spd 320.1 yaw 354.3 mode 2 st 4 gl 4 hp 48 frg 3
ARGEVT Carmack respawn
ARGEVT Joe Rogan engage Carmack
ARGUS Joe Rogan threatmove range 2
ARGEVT Carmack engage Joe Rogan
ARGUS Carmack threatmove range 2
ARGLOG Carmack t  91.6 pos '2544.0 -32.0 -64.0' spd 0 yaw 179.5 mode 0 st 1 gl 2 hp 100 frg 6
ARGEVT Carmack goal item_armor2
ARGLOG Romero t  91.8 pos '2546.3 -310.9 164.6' spd 236.4 yaw 190 mode 2 st 15 gl 1 hp 100 frg 0
ARGLOG Joe Rogan t  92.0 pos '2383.4 -42.0 -88.0' spd 291.6 yaw   2.2 mode 2 st 4 gl 4 hp 48 frg 3
ARGEVT Carmack grab 
ARGLOG Carmack t  92.1 pos '2516.4  10.0 -64.0' spd 345.5 yaw 186.5 mode 1 st 1 gl 2 hp 76 frg 6
ARGLOG Romero t  92.3 pos '2545.9 -339.0 165.7' spd  43.6 yaw 105.2 mode 2 st 15 gl 1 hp 100 frg 0
ARGUS Joe Rogan threatmove retreat 2
ARGEVT Joe Rogan retreat
ARGLOG Joe Rogan t  92.5 pos '2413.8 -60.9 -72.0' spd 145.5 yaw   3.0 mode 2 st 4 gl 4 hp 24 frg 3
ARGEVT Carmack grab item_armor2
ARGLOG Carmack t  92.6 pos '2588.5 -68.6 -64.0' spd 305.9 yaw 178.2 mode 1 st 1 gl 2 hp 52 frg 6
ARGEVT Romero hazard
ARGLOG Romero t  92.8 pos '2552.9 -305.3 147.2' spd  73.9 yaw 89 mode 2 st 15 gl 1 hp 100 frg 0
ARGUS Joe Rogan wallslide
ARGUS Carmack wallslide
ARGEVT Carmack hazard
ARGLOG Joe Rogan t  93.1 pos '2301.6  12.5 -120.0' spd 316.2 yaw 355.2 mode 2 st 4 gl 4 hp 24 frg 3
ARGLOG Carmack t  93.1 pos '2688.0 -42.9 -72.0' spd   3.9 yaw 171.1 mode 1 st 1 gl 2 hp 48 frg 6
ARGUS routecache adopt
ARGEVT Joe Rogan route 4 start '2241.0 -55.0 -136.0' goal '2561.0 233.0 -72.0'
ARGLOG Romero t  93.3 pos '2561.8 -302.2 120.0' spd 146.2 yaw 64 mode 2 st 15 gl 1 hp 100 frg 0
ARGEVT Joe Rogan hazard
ARGLOG Joe Rogan t  93.6 pos '2191.1 -38.9 -110.5' spd  83.7 yaw   1.7 mode 2 st 4 gl 4 hp 16 frg 3
ARGLOG Carmack t  93.6 pos '2688.0 -41.0 -72.0' spd   3.3 yaw 176.4 mode 1 st 1 gl 2 hp 40 frg 6
ARGLOG Romero t  93.8 pos '2639.1 -167.3 120.0' spd 320.0 yaw 205 mode 2 st 15 gl 1 hp 100 frg 0
ARGUS Romero wallslide
ARGLOG Joe Rogan t  94.1 pos '2222.1 -103.8 -136.0' spd 320.2 yaw   1.9 mode 2 st 4 gl 4 hp 12 frg 3
ARGLOG Carmack t  94.2 pos '2688.0 -41.4 -72.0' spd  83.9 yaw 192.2 mode 1 st 1 gl 2 hp 40 frg 6
ARGEVT Romero route 3 start '2561.0 -23.0 120.0' goal '2113.0 -215.0  24.0'
ARGLOG Romero t  94.3 pos '2616.2   3.2 120.0' spd 413.2 yaw 172.6 mode 2 st 15 gl 1 hp 100 frg 0
ARGEVT Carmack pursue
ARGEVT Joe Rogan pursue
ARGUS Joe Rogan hunch item_armor2
ARGLOG Joe Rogan t  94.6 pos '2262.7 -199.2 -136.0' spd 158.9 yaw  48.9 mode 2 st 4 gl 4 hp 12 frg 3
ARGEVT Joe Rogan hazard
ARGLOG Carmack t  94.7 pos '2591.7   7.1 -64.0' spd 350.8 yaw 197 mode 1 st 1 gl 2 hp 40 frg 6
ARGEVT Joe Rogan goal item_health
ARGEVT Joe Rogan route 4 start '2241.0 -183.0 -136.0' goal '2561.0 233.0 -72.0'
ARGLOG Romero t  94.8 pos '2491.9 -79.5 120.0' spd 103.7 yaw 333.6 mode 2 st 15 gl 1 hp 100 frg 0
ARGEVT Joe Rogan pursue
ARGUS Romero wallslide
ARGLOG Joe Rogan t  95.1 pos '2196.1 -183.5 -118.1' spd  75.6 yaw 278.4 mode 2 st 4 gl 4 hp 12 frg 3
ARGLOG Carmack t  95.2 pos '2430.2 -17.7 -72.0' spd 321.4 yaw 203 mode 1 st 1 gl 2 hp 40 frg 6
ARGLOG Romero t  95.3 pos '2635.0 -66.9 120.0' spd 342.5 yaw 187 mode 2 st 15 gl 1 hp 100 frg 0
ARGLOG Joe Rogan t  95.6 pos '2286.2 -155.3 -136.0' spd 247.2 yaw  58.3 mode 2 st 4 gl 4 hp 12 frg 3
ARGEVT Joe Rogan death Carmack pos '2279.0 -143.8 -136.0'
ARGUS Carmack watch spawn
ARGLOG Carmack t  95.7 pos '2289.5 -48.5 -120.0' spd 358.5 yaw  77.2 mode 1 st 1 gl 2 hp 16 frg 7
ARGEVT Carmack hazard
ARGEVT Carmack goal item_health
ARGEVT Carmack route 3 start '2305.0   9.0 -120.0' goal '2561.0 233.0 -72.0'
ARGLOG Romero t  95.8 pos '2592.6  16.0 120.0' spd 322.2 yaw 176.8 mode 2 st 15 gl 1 hp 100 frg 0
ARGLOG Carmack t  96.2 pos '2305.2 -22.6 -120.0' spd 376.5 yaw 276.9 mode 2 st 1 gl 2 hp 16 frg 7
ARGLOG Romero t  96.3 pos '2433.3  -8.4 104.0' spd 320.6 yaw 198 mode 2 st 15 gl 1 hp 100 frg 0
ARGLOG Carmack t  96.7 pos '2267.5 -201.3 -136.0' spd 410.5 yaw 37 mode 2 st 1 gl 2 hp 16 frg 7
ARGUS Romero wallslide
ARGLOG Romero t  96.8 pos '2289.5 -80.0  40.0' spd 241.8 yaw 269 mode 2 st 15 gl 1 hp 100 frg 0
ARGEVT Carmack hazard
ARGUS Carmack wallslide
ARGEVT Joe Rogan respawn
ARGEVT Carmack engage Joe Rogan
ARGUS Carmack threatmove range 2
ARGUS Carmack threatmove retreat 2
ARGEVT Carmack retreat
ARGEVT Joe Rogan engage Carmack
ARGUS Joe Rogan threatmove range 2
ARGLOG Joe Rogan t  97.2 pos '2544.0 -32.0 -64.0' spd 0 yaw 180.6 mode 0 st 4 gl 4 hp 100 frg 3
ARGLOG Carmack t  97.2 pos '2287.7 -88.2 -136.0' spd 292.0 yaw  26.4 mode 2 st 1 gl 2 hp 16 frg 7
ARGEVT Joe Rogan goal item_armor2
ARGLOG Romero t  97.3 pos '2176.2 -197.5  24.0' spd 344.7 yaw 252.1 mode 1 st 15 gl 1 hp 100 frg 0
ARGLOG Joe Rogan t  97.7 pos '2440.0  16.0 -72.0' spd 349.7 yaw 221.7 mode 1 st 4 gl 4 hp 100 frg 3
ARGLOG Carmack t  97.7 pos '2223.4 -191.0 -136.0' spd 273.2 yaw  36.9 mode 2 st 1 gl 2 hp 16 frg 7
ARGLOG Romero t  97.9 pos '2246.6 -354.9   8.0' spd 486.1 yaw  56.6 mode 1 st 15 gl 1 hp 100 frg 0
ARGEVT Joe Rogan pursue
ARGEVT Carmack pursue
ARGUS Carmack hunch item_armor2
ARGEVT Joe Rogan hazard
ARGEVT Romero hazard
ARGEVT Carmack goal item_health
ARGEVT Carmack route 4 start '2241.0 -183.0 -136.0' goal '2561.0 233.0 -72.0'
ARGUS Romero wallslide
ARGEVT Carmack pursue
ARGLOG Joe Rogan t  98.2 pos '2332.7 -73.7 -104.0' spd 329.6 yaw 212 mode 1 st 4 gl 4 hp 100 frg 3
ARGLOG Carmack t  98.2 pos '2250.1 -153.8 -136.0' spd 321.7 yaw 128.7 mode 2 st 1 gl 2 hp 16 frg 7
ARGEVT Carmack death Joe Rogan pos '2243.2 -148.2 -136.0'
ARGUS Joe Rogan watch spawn
ARGLOG Romero t  98.4 pos '2310.8 -304.0   8.0' spd 332.9 yaw 162 mode 1 st 15 gl 1 hp 100 frg 0
ARGEVT Joe Rogan goal backpack
ARGEVT Joe Rogan route 1 start '2305.0 -55.0 -120.0' goal '2241.0 -183.0 -136.0'
ARGUS Joe Rogan wallslide
ARGLOG Joe Rogan t  98.7 pos '2315.2 -79.9 -120.0' spd 328.9 yaw 228 mode 1 st 4 gl 4 hp 100 frg 4
ARGEVT Joe Rogan jump
ARGLOG Romero t  98.9 pos '2157.6 -218.7  24.0' spd 438.5 yaw 54 mode 1 st 15 gl 1 hp 100 frg 0
ARGEVT Joe Rogan goal item_armor2
ARGEVT Joe Rogan route 3 start '2305.0 -55.0 -120.0' goal '2817.0 -55.0 -72.0'
ARGUS Romero bodyblock
ARGLOG Joe Rogan t  99.2 pos '2170.1 -101.4 -79.0' spd 221.9 yaw 312 mode 2 st 4 gl 5 hp 100 frg 4
ARGLOG Romero t  99.4 pos '2227.8 -40.6  24.0' spd 452.9 yaw 144.8 mode 1 st 15 gl 1 hp 100 frg 0
ARGLOG Joe Rogan t  99.7 pos '2224.6 -199.1 -136.0' spd 337.3 yaw 27 mode 2 st 4 gl 5 hp 100 frg 4
ARGEVT Carmack respawn
ARGLOG Carmack t  99.8 pos '2544.0 -32.0 -64.0' spd 0 yaw 184.8 mode 0 st 1 gl 2 hp 100 frg 7
ARGEVT Carmack goal weapon_nailgun
ARGEVT Carmack route 8 start '2561.0 -23.0 -64.0' goal '2433.0 -183.0  24.0'
ARGEVT Joe Rogan hazard
ARGLOG Romero t  99.9 pos '2088.5 -63.3  24.0' spd 458.3 yaw 309.6 mode 1 st 15 gl 1 hp 100 frg 0
ARGUS Joe Rogan wallslide
ARGEVT Carmack engage Joe Rogan
ARGUS Carmack threatmove range 2
ARGEVT Joe Rogan engage Carmack
ARGUS Joe Rogan threatmove range 2
ARGLOG Joe Rogan t 100.3 pos '2287.5 -68.7 -136.0' spd 320.2 yaw  14.8 mode 2 st 4 gl 5 hp 100 frg 4
ARGLOG Carmack t 100.3 pos '2399.8 -38.2 -72.0' spd 375.0 yaw 190.6 mode 2 st 1 gl 2 hp 100 frg 7
ARGLOG Romero t 100.4 pos '2255.3 -137.3  24.0' spd 485.6 yaw 100.6 mode 1 st 15 gl 1 hp 100 frg 0
ARGEVT Carmack hazard
ARGUS Carmack wallslide
ARGLOG Joe Rogan t 100.8 pos '2205.4 -48.7 -132.0' spd 371.5 yaw  24.1 mode 2 st 4 gl 5 hp 76 frg 4
ARGLOG Carmack t 100.8 pos '2320.3  15.9 -104.0' spd 211.8 yaw 199.9 mode 2 st 1 gl 2 hp 76 frg 7
ARGLOG Romero t 100.9 pos '2251.4  -0.5  24.0' spd 274.3 yaw 10 mode 1 st 15 gl 1 hp 100 frg 0
ARGLOG Joe Rogan t 101.3 pos '2263.8 -184.1 -136.0' spd 147.8 yaw  60.4 mode 2 st 4 gl 5 hp 76 frg 4
ARGLOG Carmack t 101.3 pos '2332.3 -66.1 -104.0' spd 222.8 yaw 236.2 mode 2 st 1 gl 2 hp 76 frg 7
ARGUS Romero bodyblock
ARGLOG Romero t 101.4 pos '2262.9 -134.3  24.0' spd 258.7 yaw 127.5 mode 1 st 15 gl 1 hp 100 frg 0
ARGEVT Carmack route 9 start '2305.0 -55.0 -120.0' goal '2433.0 -183.0  24.0'
ARGEVT Joe Rogan grab 
ARGLOG Joe Rogan t 101.8 pos '2213.6 -147.8 -136.0' spd 152.5 yaw  82.0 mode 2 st 4 gl 5 hp 76 frg 4
ARGLOG Carmack t 101.8 pos '2203.8   0.5 -129.7' spd  55.4 yaw 272.3 mode 2 st 1 gl 2 hp 76 frg 7
ARGLOG Romero t 101.9 pos '2149.2 -42.3  24.0' spd 387.7 yaw 197.2 mode 1 st 15 gl 1 hp 100 frg 0
ARGEVT Joe Rogan hazard
ARGUS Joe Rogan wallslide
ARGLOG Joe Rogan t 102.3 pos '2197.3 -203.7 -119.8' spd 195.7 yaw  60.5 mode 2 st 4 gl 5 hp 52 frg 4
ARGEVT Romero hazard
ARGLOG Carmack t 102.3 pos '2342.5 -39.7 -104.0' spd 150.8 yaw 237.7 mode 2 st 1 gl 2 hp 76 frg 7
ARGUS Joe Rogan threatmove retreat 2
ARGEVT Joe Rogan retreat
ARGLOG Romero t 102.4 pos '1985.3   6.6  24.0' spd 284.3 yaw  54.4 mode 1 st 15 gl 1 hp 100 frg 0
ARGEVT Carmack hazard
ARGLOG Joe Rogan t 102.8 pos '2215.5 -206.0 -129.2' spd  37.3 yaw  77.2 mode 2 st 4 gl 5 hp 28 frg 4
ARGLOG Carmack t 102.8 pos '2231.8  -1.4 -136.0' spd 320.0 yaw 260.5 mode 2 st 1 gl 2 hp 52 frg 7
ARGLOG Romero t 102.9 pos '2082.2   8.9  24.0' spd 323.4 yaw 342.1 mode 1 st 15 gl 1 hp 100 frg 0
ARGEVT Joe Rogan hazard
ARGLOG Joe Rogan t 103.3 pos '2201.3 -207.0 -126.0' spd  54.7 yaw  68.7 mode 2 st 4 gl 5 hp 8 frg 4
ARGLOG Carmack t 103.3 pos '2304.7 -14.3 -120.0' spd 338.3 yaw 248.3 mode 2 st 1 gl 2 hp 40 frg 7
ARGLOG Romero t 103.4 pos '2231.3 -74.7  24.0' spd 443.8 yaw 236.5 mode 1 st 15 gl 1 hp 100 frg 0
ARGEVT Carmack grab 
ARGLOG Joe Rogan t 103.8 pos '2184.9 -125.8 -101.3' spd 300.5 yaw  19.6 mode 2 st 4 gl 5 hp 8 frg 4
ARGLOG Carmack t 103.8 pos '2451.0 -63.9 -72.0' spd 320.0 yaw 196.4 mode 2 st 1 gl 2 hp 16 frg 7
ARGEVT Romero hazard
ARGLOG Romero t 103.9 pos '2298.1 -219.7  24.0' spd 330.2 yaw  21.8 mode 1 st 15 gl 1 hp 100 frg 0
ARGEVT Carmack death Joe Rogan pos '2507.4 -50.8 -64.0'
ARGUS Joe Rogan watch spawn
ARGEVT Joe Rogan hazard
ARGEVT Joe Rogan goal item_health
ARGEVT Joe Rogan route 4 start '2241.0 -55.0 -136.0' goal '2561.0 233.0 -72.0'
ARGUS Romero wallslide
ARGLOG Joe Rogan t 104.3 pos '2258.4   0.2 -136.0' spd 325.8 yaw 349.2 mode 2 st 4 gl 5 hp 8 frg 5
ARGLOG Romero t 104.4 pos '2374.1 -144.0  24.0' spd 291.1 yaw 164.3 mode 1 st 15 gl 1 hp 100 frg 0
ARGLOG Joe Rogan t 104.8 pos '2425.4 -22.4 -72.0' spd 321.9 yaw 25 mode 2 st 4 gl 5 hp 8 frg 5
ARGLOG Romero t 104.9 pos '2202.4 -111.4  24.0' spd 321.2 yaw 162.0 mode 1 st 15 gl 1 hp 100 frg 0
ARGUS Joe Rogan wallslide
ARGEVT Joe Rogan hazard
ARGLOG Joe Rogan t 105.3 pos '2567.9  15.9 -64.0' spd  45.2 yaw 143.7 mode 2 st 4 gl 5 hp 8 frg 5
ARGLOG Romero t 105.4 pos '2141.9  46.2  24.0' spd 471.1 yaw   0.7 mode 1 st 15 gl 1 hp 100 frg 0
ARGEVT Carmack respawn
ARGEVT Romero hazard
ARGLOG Carmack t 105.5 pos '2624.0 -488.0  32.0' spd 0 yaw 175.5 mode 0 st 1 gl 2 hp 100 frg 7
ARGEVT Carmack goal item_armorInv
ARGEVT Carmack route 1 start '2561.0 -503.0  24.0' goal '2369.0 -567.0  56.0'
ARGEVT Carmack door
ARGUS Carmack wallslide
ARGLOG Joe Rogan t 105.8 pos '2426.0  -9.1 -72.0' spd 325.8 yaw 181.1 mode 2 st 4 gl 5 hp 8 frg 5
ARGUS Carmack jumpapproach 0 actual 302.4
ARGEVT Carmack jump
ARGUS Carmack aircontrol
ARGEVT Carmack engage Romero
ARGEVT Romero engage Carmack
ARGUS Romero leadclip
ARGLOG Romero t 106.0 pos '2178.5  63.0  24.0' spd 320.7 yaw 255.8 mode 1 st 15 gl 1 hp 100 frg 0
ARGLOG Carmack t 106.0 pos '2499.1 -481.1  45.5' spd 302.4 yaw 125.5 mode 2 st 1 gl 2 hp 100 frg 7
ARGUS Joe Rogan wallslide
ARGUS Carmack threatmove range 3
ARGUS Romero threatmove range 2
ARGEVT Joe Rogan route 3 start '2305.0   9.0 -120.0' goal '2561.0 233.0 -72.0'
ARGEVT Carmack jump
ARGLOG Joe Rogan t 106.4 pos '2295.8  16.0 -120.0' spd 133.4 yaw  17.0 mode 2 st 4 gl 5 hp 8 frg 5
ARGEVT Carmack grab item_armorInv
ARGEVT Joe Rogan jump
ARGEVT Romero grab 
ARGLOG Romero t 106.5 pos '2176.4 -105.6  24.0' spd 335.9 yaw 298.5 mode 1 st 15 gl 1 hp 100 frg 0
ARGEVT Romero pursue
ARGLOG Carmack t 106.5 pos '2434.2 -528.0  48.8' spd  33.8 yaw 246.5 mode 2 st 1 gl 2 hp 100 frg 7
ARGLOG Joe Rogan t 106.9 pos '2447.4 -10.4 -62.3' spd 335.4 yaw 64 mode 2 st 4 gl 5 hp 8 frg 5
ARGEVT Romero goal item_artifact_super_damage
ARGEVT Romero route 6 start '2113.0 -215.0  24.0' goal '1921.0 -695.0 184.0'
ARGEVT Romero hazard
ARGLOG Romero t 107.0 pos '2111.2 -228.3  24.0' spd 181.0 yaw 311.8 mode 2 st 15 gl 2 hp 100 frg 0
ARGUS Carmack wallslide
ARGLOG Carmack t 107.0 pos '2393.8 -528.0   8.0' spd  60.2 yaw 274.5 mode 1 st 1 gl 2 hp 100 frg 7
ARGEVT Carmack hazard
ARGLOG Joe Rogan t 107.4 pos '2598.5 -70.5 -72.0' spd 393.8 yaw 97 mode 2 st 4 gl 5 hp 8 frg 5
ARGLOG Romero t 107.5 pos '2262.6 -183.4  24.0' spd 324.0 yaw 291.0 mode 2 st 15 gl 2 hp 100 frg 0
ARGLOG Carmack t 107.5 pos '2369.1 -527.2   8.0' spd  52.7 yaw  26.5 mode 1 st 1 gl 2 hp 100 frg 7
ARGEVT Carmack death Romero pos '2379.3 -521.2   8.0'
ARGUS Romero watch spawn
ARGEVT Romero goal item_armorInv
ARGEVT Romero route 5 start '2337.0 -215.0  24.0' goal '2369.0 -567.0  56.0'
ARGLOG Joe Rogan t 107.9 pos '2657.8 103.5 -72.0' spd 324.2 yaw 109 mode 1 st 4 gl 5 hp 8 frg 5
ARGUS Romero wallslide
ARGLOG Romero t 108.0 pos '2426.6 -145.1  24.0' spd 321.6 yaw 54 mode 2 st 15 gl 2 hp 100 frg 1
ARGEVT Romero hazard
ARGLOG Joe Rogan t 108.4 pos '2604.1 258.1 -72.0' spd 374.4 yaw 155.2 mode 1 st 4 gl 5 hp 33 frg 5
ARGLOG Romero t 108.5 pos '2495.4 -144.0  24.0' spd 320.0 yaw 183.6 mode 0 st 15 gl 2 hp 100 frg 1
ARGEVT Romero route 6 start '2529.0 -183.0  32.0' goal '2369.0 -567.0  56.0'
ARGEVT Joe Rogan hazard
ARGLOG Joe Rogan t 108.9 pos '2424.7 262.7 -40.0' spd 413.9 yaw 300.4 mode 1 st 4 gl 5 hp 33 frg 5
ARGLOG Romero t 109.0 pos '2336.3 -192.1  24.0' spd 322.6 yaw 251 mode 2 st 15 gl 2 hp 100 frg 1
ARGEVT Carmack respawn
ARGLOG Carmack t 109.1 pos '2704.0 -2048.0 128.0' spd 0 yaw 262.1 mode 0 st 1 gl 2 hp 100 frg 7
ARGEVT Carmack goal weapon_supershotgun
ARGLOG Joe Rogan t 109.4 pos '2480.7 252.2 -72.0' spd 344.6 yaw  37.0 mode 1 st 4 gl 5 hp 33 frg 5
ARGLOG Romero t 109.5 pos '2209.5 -297.3  24.0' spd 435.0 yaw 330 mode 2 st 15 gl 2 hp 100 frg 1
ARGLOG Carmack t 109.6 pos '2704.8 -2193.7 120.0' spd 322.4 yaw 286 mode 1 st 1 gl 2 hp 100 frg 7
ARGLOG Joe Rogan t 109.9 pos '2481.2 331.9 -72.0' spd 328.7 yaw 161 mode 1 st 4 gl 5 hp 33 frg 5
ARGUS Joe Rogan wallslide
ARGLOG Romero t 110.0 pos '2335.3 -436.0   8.0' spd 350.2 yaw 344 mode 2 st 15 gl 2 hp 100 frg 1
ARGEVT Carmack goal weapon_nailgun
ARGEVT Carmack route 15 start '2721.0 -2327.0 120.0' goal '2433.0 -183.0  24.0'
ARGEVT Carmack hazard
ARGLOG Carmack t 110.1 pos '2758.0 -2332.8 120.0' spd 271.3 yaw 206 mode 2 st 1 gl 3 hp 100 frg 7
ARGEVT Joe Rogan hazard
ARGLOG Joe Rogan t 110.4 pos '2322.4 253.9   8.0' spd 310.6 yaw 325.2 mode 1 st 4 gl 5 hp 33 frg 5
ARGLOG Romero t 110.5 pos '2499.5 -467.9   8.0' spd 323.8 yaw 218 mode 2 st 15 gl 2 hp 100 frg 1
ARGEVT Romero door
ARGLOG Carmack t 110.7 pos '2655.1 -2283.5 120.0' spd 370.0 yaw 223 mode 2 st 1 gl 3 hp 100 frg 7
ARGEVT Romero hazard
ARGLOG Joe Rogan t 110.9 pos '2415.3 250.0 -24.0' spd 320.0 yaw 4 mode 1 st 4 gl 5 hp 33 frg 5
ARGLOG Romero t 111.0 pos '2623.4 -527.3  32.0' spd  73.5 yaw 196 mode 2 st 15 gl 2 hp 100 frg 1
ARGUS Romero wallslide
ARGLOG Carmack t 111.2 pos '2498.8 -2296.3 120.0' spd 333.7 yaw 141 mode 2 st 1 gl 3 hp 100 frg 7
ARGEVT Joe Rogan hazard
ARGUS Romero jumpapproach 0 actual 349.0
ARGEVT Romero jump
ARGUS Romero aircontrol
ARGLOG Joe Rogan t 111.4 pos '2543.9 319.7 -72.0' spd 334.2 yaw  96.2 mode 1 st 4 gl 5 hp 33 frg 5
ARGLOG Romero t 111.5 pos '2466.6 -528.0  57.5' spd 337.1 yaw 223 mode 2 st 15 gl 2 hp 100 frg 1
ARGUS Joe Rogan wallslide
ARGLOG Carmack t 111.7 pos '2419.1 -2445.9 120.0' spd 332.9 yaw 285 mode 0 st 1 gl 3 hp 100 frg 7
ARGUS routecache adopt
ARGEVT Carmack route 12 start '2433.0 -2487.0 120.0' goal '2433.0 -183.0  24.0'
ARGEVT Romero hazard
ARGLOG Joe Rogan t 111.9 pos '2371.5 312.9  -8.0' spd 409.6 yaw 259.7 mode 1 st 4 gl 5 hp 33 frg 5
ARGLOG Romero t 112.0 pos '2367.9 -535.8  56.0' spd 195.0 yaw 302 mode 1 st 15 gl 2 hp 100 frg 1
ARGEVT Carmack route 11 start '1377.0 -1335.0 136.0' goal '2433.0 -183.0  24.0'
ARGLOG Carmack t 112.2 pos '1362.4 -1376.0 144.0' spd 300 yaw 101 mode 2 st 1 gl 3 hp 100 frg 7
ARGLOG Joe Rogan t 112.4 pos '2346.3 248.2   8.0' spd 320.1 yaw 3 mode 1 st 4 gl 5 hp 33 frg 5
ARGLOG Romero t 112.5 pos '2427.7 -534.0  56.0' spd  34.8 yaw 243 mode 1 st 15 gl 2 hp 100 frg 1
ARGLOG Carmack t 112.7 pos '1381.9 -1349.0 136.0' spd 317.5 yaw 108 mode 2 st 1 gl 3 hp 100 frg 7
ARGEVT Romero hazard
ARGLOG Joe Rogan t 113.0 pos '2513.9 267.2 -72.0' spd 389.9 yaw  67.7 mode 1 st 4 gl 5 hp 33 frg 5
ARGLOG Romero t 113.1 pos '2444.1 -530.2  56.0' spd  30.5 yaw 233 mode 1 st 15 gl 2 hp 100 frg 1
ARGEVT Joe Rogan hazard
ARGEVT Carmack jump
ARGLOG Carmack t 113.2 pos '1341.6 -1200.0 168.8' spd 112.8 yaw 105 mode 2 st 1 gl 3 hp 100 frg 7
ARGUS Joe Rogan wallslide
ARGLOG Joe Rogan t 113.5 pos '2441.4 335.9 -40.0' spd 320.3 yaw 186.0 mode 1 st 4 gl 5 hp 33 frg 5
ARGLOG Romero t 113.6 pos '2372.6 -534.9  56.0' spd  39.4 yaw 298 mode 1 st 15 gl 2 hp 100 frg 1
ARGLOG Carmack t 113.7 pos '1284.6 -1181.3 170.2' spd 135.7 yaw 41 mode 2 st 1 gl 3 hp 100 frg 7
ARGEVT Romero hazard
ARGLOG Joe Rogan t 114.0 pos '2293.9 250.9  24.0' spd 121.0 yaw 349.9 mode 1 st 4 gl 5 hp 33 frg 5
ARGLOG Romero t 114.1 pos '2354.5 -533.3  56.0' spd  32.2 yaw 310 mode 1 st 15 gl 2 hp 100 frg 1
ARGLOG Carmack t 114.2 pos '1277.1 -1028.4 200.0' spd 320.5 yaw 41 mode 2 st 1 gl 3 hp 100 frg 7
ARGEVT Romero stall
ARGEVT Romero jump
ARGEVT Romero route 3 start '2337.0 -503.0   8.0' goal '2369.0 -567.0  56.0'
ARGLOG Joe Rogan t 114.5 pos '2426.1 253.3 -40.0' spd 320.0 yaw 3 mode 1 st 4 gl 5 hp 33 frg 5
ARGEVT Carmack route 9 start '1313.0 -1047.0 200.0' goal '2433.0 -183.0  24.0'
ARGLOG Romero t 114.6 pos '2420.1 -535.8  56.0' spd  63.0 yaw 249 mode 2 st 16 gl 2 hp 100 frg 1
ARGLOG Carmack t 114.7 pos '1303.9 -855.4 118.3' spd 347.9 yaw 260 mode 2 st 1 gl 3 hp 100 frg 7
ARGEVT Joe Rogan hazard
ARGEVT Romero hazard
ARGEVT Carmack hazard
ARGLOG Joe Rogan t 115.0 pos '2533.4 328.2 -72.0' spd 377.0 yaw 115.6 mode 1 st 4 gl 5 hp 33 frg 5
ARGLOG Romero t 115.1 pos '2440.8 -534.7  56.0' spd  34.3 yaw 233 mode 2 st 16 gl 2 hp 100 frg 1
ARGUS Joe Rogan wallslide
ARGLOG Carmack t 115.2 pos '1349.5 -946.1  32.0' spd 330.7 yaw 26 mode 2 st 1 gl 3 hp 100 frg 7
ARGLOG Joe Rogan t 115.5 pos '2364.7 296.8  -8.0' spd 428.1 yaw 276.6 mode 1 st 4 gl 5 hp 33 frg 5
ARGUS routecache adopt
ARGEVT Carmack route 6 start '1697.0 -663.0  24.0' goal '2433.0 -183.0  24.0'
ARGLOG Romero t 115.6 pos '2393.4 -535.9  56.0' spd 178.7 yaw 278 mode 2 st 16 gl 2 hp 100 frg 1
ARGLOG Carmack t 115.7 pos '1696.0 -952.1  20.0' spd 300 yaw 81 mode 2 st 1 gl 3 hp 100 frg 7
ARGEVT Romero hazard
ARGLOG Joe Rogan t 116.0 pos '2369.6 248.0  -8.0' spd 320.0 yaw 3 mode 1 st 4 gl 5 hp 33 frg 5
ARGLOG Romero t 116.1 pos '2363.4 -535.6  56.0' spd  37.0 yaw 305 mode 2 st 16 gl 2 hp 100 frg 1
ARGLOG Carmack t 116.2 pos '1696.3 -960.5  20.0' spd  34.6 yaw 81 mode 2 st 1 gl 3 hp 100 frg 7
ARGLOG Joe Rogan t 116.5 pos '2537.0 284.2 -72.0' spd 390.8 yaw 73 mode 1 st 4 gl 5 hp 33 frg 5
ARGEVT Joe Rogan hazard
ARGLOG Romero t 116.6 pos '2384.6 -535.6  56.0' spd 246.3 yaw 287 mode 2 st 16 gl 2 hp 100 frg 1
ARGLOG Carmack t 116.7 pos '1699.6 -810.1  20.0' spd 320.0 yaw 78 mode 2 st 1 gl 3 hp 100 frg 7
ARGUS Joe Rogan wallslide
ARGEVT Romero hazard
ARGLOG Joe Rogan t 117.0 pos '2425.7 333.9 -40.0' spd 347.1 yaw 214.8 mode 1 st 4 gl 5 hp 33 frg 5
ARGLOG Romero t 117.2 pos '2432.7 -534.6  56.0' spd  39.6 yaw 239 mode 2 st 16 gl 2 hp 100 frg 1
ARGLOG Carmack t 117.3 pos '1716.5 -649.6  24.0' spd 321.0 yaw 37 mode 2 st 1 gl 3 hp 100 frg 7
ARGLOG Joe Rogan t 117.5 pos '2308.7 248.1  24.0' spd 103.3 yaw 3 mode 1 st 4 gl 5 hp 33 frg 5
ARGLOG Romero t 117.7 pos '2442.6 -534.5  56.0' spd 143.6 yaw 232 mode 2 st 16 gl 2 hp 100 frg 1
ARGLOG Carmack t 117.8 pos '1773.9 -494.3  24.0' spd 387.8 yaw 41 mode 2 st 1 gl 3 hp 100 frg 7
ARGEVT Carmack hazard
ARGEVT Romero hazard
ARGLOG Joe Rogan t 118.0 pos '2461.7 253.8 -56.0' spd 324.1 yaw  17.8 mode 1 st 4 gl 5 hp 33 frg 5
ARGEVT Carmack jump
ARGLOG Romero t 118.2 pos '2372.9 -535.7  56.0' spd  45.9 yaw 298 mode 2 st 16 gl 2 hp 100 frg 1
ARGLOG Carmack t 118.3 pos '1904.7 -513.7 101.9' spd  34.8 yaw 64 mode 2 st 1 gl 3 hp 100 frg 7
ARGEVT Joe Rogan hazard
ARGLOG Joe Rogan t 118.6 pos '2492.3 335.5 -72.0' spd 341.2 yaw 143.1 mode 1 st 4 gl 5 hp 33 frg 5
ARGUS Joe Rogan wallslide
ARGEVT Romero abandon
ARGLOG Romero t 118.7 pos '2349.3 -524.9  55.8' spd 210.2 yaw 120.6 mode 0 st 16 gl 2 hp 100 frg 1
ARGEVT Romero goal item_artifact_super_damage
ARGEVT Romero route 8 start '2337.0 -503.0   8.0' goal '1921.0 -695.0 184.0'
ARGLOG Carmack t 118.8 pos '1916.2 -493.5  88.0' spd 190.5 yaw 72 mode 2 st 1 gl 3 hp 100 frg 7
ARGUS Carmack wallslide
ARGLOG Joe Rogan t 119.1 pos '2332.9 268.7   8.0' spd 452.9 yaw 304.1 mode 1 st 4 gl 5 hp 33 frg 5
ARGLOG Romero t 119.2 pos '2274.3 -428.4   8.0' spd 325.2 yaw 136 mode 2 st 16 gl 2 hp 100 frg 1
ARGLOG Carmack t 119.3 pos '2018.3 -391.8 104.0' spd 338.3 yaw 90 mode 2 st 1 gl 3 hp 100 frg 7
ARGLOG Joe Rogan t 119.6 pos '2387.0 250.9 -24.0' spd 320.0 yaw 3 mode 1 st 4 gl 5 hp 33 frg 5
ARGLOG Romero t 119.7 pos '2165.9 -303.5  24.0' spd 320.7 yaw 141 mode 2 st 16 gl 2 hp 100 frg 1
ARGLOG Carmack t 119.8 pos '2035.9 -222.7  24.0' spd 365.0 yaw 5 mode 2 st 1 gl 3 hp 100 frg 7
ARGEVT Romero engage Carmack
ARGEVT Romero weapon ng
ARGEVT Carmack engage Romero
ARGUS Romero threatmove range 2
ARGUS Carmack threatmove range 2
ARGLOG Joe Rogan t 120.1 pos '2552.0 295.4 -72.0' spd 356.9 yaw  75.0 mode 1 st 4 gl 5 hp 33 frg 5
ARGEVT Joe Rogan hazard
ARGLOG Romero t 120.2 pos '2175.4 -177.3  24.0' spd 371.5 yaw 186.2 mode 2 st 16 gl 2 hp 100 frg 1
ARGEVT Romero weapon rl
ARGUS Romero leadclip
ARGUS Carmack threatmove range 3
ARGEVT Romero grab item_rockets
ARGLOG Carmack t 120.3 pos '2020.9 -256.4  40.0' spd 362.8 yaw  26.2 mode 2 st 1 gl 3 hp 100 frg 7
ARGUS Joe Rogan wallslide
ARGLOG Joe Rogan t 120.6 pos '2405.8 327.8 -24.0' spd 377.6 yaw 235.6 mode 1 st 4 gl 5 hp 33 frg 5
ARGLOG Romero t 120.7 pos '2275.7 -92.0  24.0' spd 253.8 yaw 224.6 mode 2 st 16 gl 2 hp 96 frg 1
ARGEVT Carmack grab item_health
ARGLOG Carmack t 120.8 pos '2054.6 -285.3  85.2' spd  72.4 yaw  46.5 mode 2 st 1 gl 3 hp 54 frg 7
ARGEVT Romero pursue
ARGLOG Joe Rogan t 121.1 pos '2327.1 246.6   8.0' spd 288.9 yaw 3 mode 1 st 4 gl 5 hp 33 frg 5
ARGUS Romero prefire
ARGLOG Romero t 121.2 pos '2234.1 -114.7  24.0' spd 325.8 yaw 223 mode 2 st 16 gl 2 hp 96 frg 1
ARGEVT Carmack hazard
ARGLOG Carmack t 121.3 pos '2059.0 -396.4 104.0' spd 327.0 yaw 356.3 mode 2 st 1 gl 3 hp 54 frg 7
