LOG started on: 09/19/2026 23:00:08 
Playing registered version.
UDP Initialized
WIPX_OpenSocket: Address family not supported by protocol family
WIPX_Init: Unable to open control socket, IPX disabled
Exe: 20:02:47 Jul 31 2024
256.0 megabyte heap

Language initialization
Couldn't load 'localization/loc_english.txt'
from 'C:\argus\engine'

========= Quake Initialized =========

execing autoexec.cfg
SpawnServer: dm2
Clearing memory
Programs occupy 910K.
trying to open external vis file
maps/dm2.vis not found, trying argus.vis
external vis not found
ARGUS slots 8
ARGUS worldspawn reached
ARGNAV 215 nodes, 1005 links
0 entities inhibited
ARGUS init on dm2
ARGEVT Carmack spawned
ARGEVT Romero spawned
ARGEVT Joe Rogan spawned
Server spawned.
ARGLOG Joe Rogan t   1.2 pos '2624.0 -488.0  32.0' spd 0 yaw 177.6 mode 0 st 0 gl 0 hp 100 frg 0
ARGLOG Romero t   1.2 pos '2704.0 -2048.0 128.0' spd 0 yaw 317.5 mode 0 st 0 gl 0 hp 100 frg 0
ARGLOG Carmack t   1.2 pos '2560.0 -192.0  32.0' spd 0 yaw 209.6 mode 0 st 0 gl 0 hp 100 frg 0
ARGUS Carmack wallslide
ARGEVT Joe Rogan engage Carmack
ARGUS Joe Rogan threatmove range 2
ARGEVT Joe Rogan grab item_armorInv
ARGEVT Carmack engage Joe Rogan
ARGUS Carmack threatmove range 2
ARGLOG Joe Rogan t   1.7 pos '2476.9 -441.7   8.0' spd 307.1 yaw  98.1 mode 0 st 0 gl 0 hp 100 frg 0
ARGLOG Romero t   1.7 pos '2712.5 -2090.8 128.0' spd 322.0 yaw 157.1 mode 0 st 0 gl 0 hp 100 frg 0
ARGLOG Carmack t   1.7 pos '2423.8 -240.0  24.0' spd 360.1 yaw 216.4 mode 0 st 0 gl 0 hp 100 frg 0
ARGEVT Joe Rogan hazard
ARGUS Joe Rogan wallslide
ARGLOG Joe Rogan t   2.2 pos '2367.0 -528.0   8.0' spd 113.9 yaw  79.2 mode 0 st 0 gl 0 hp 100 frg 0
ARGLOG Romero t   2.2 pos '2733.2 -2091.1 128.0' spd 270.6 yaw 178.9 mode 0 st 0 gl 0 hp 100 frg 0
ARGLOG Carmack t   2.2 pos '2404.0 -238.6  24.0' spd 321.8 yaw 247.9 mode 0 st 0 gl 0 hp 96 frg 0
ARGEVT Carmack hazard
ARGUS Carmack wallslide
ARGLOG Joe Rogan t   2.7 pos '2339.6 -528.0   8.0' spd  45.2 yaw  88.2 mode 0 st 0 gl 0 hp 100 frg 0
ARGLOG Romero t   2.7 pos '2768.0 -2065.8 120.0' spd  80.8 yaw  11.4 mode 0 st 0 gl 0 hp 100 frg 0
ARGLOG Carmack t   2.7 pos '2365.5 -240.0  24.0' spd 335.3 yaw 269.9 mode 0 st 0 gl 0 hp 96 frg 0
ARGEVT Joe Rogan hazard
ARGUS Joe Rogan wallslide
ARGLOG Joe Rogan t   3.2 pos '2334.5 -527.7   8.0' spd 234.9 yaw  75.6 mode 0 st 0 gl 0 hp 100 frg 0
ARGLOG Romero t   3.2 pos '2819.1 -2048.2 120.0' spd 320.1 yaw 200.6 mode 0 st 0 gl 0 hp 100 frg 0
ARGLOG Carmack t   3.2 pos '2372.7 -232.1  24.0' spd 324.1 yaw 260.8 mode 0 st 0 gl 0 hp 96 frg 0
ARGLOG Joe Rogan t   3.8 pos '2492.1 -478.5   8.0' spd 322.6 yaw 113.9 mode 0 st 0 gl 0 hp 100 frg 0
ARGLOG Romero t   3.8 pos '2685.6 -2064.9 128.0' spd 189.4 yaw  43.8 mode 0 st 0 gl 0 hp 100 frg 0
ARGLOG Carmack t   3.8 pos '2381.2 -227.2  24.0' spd 320.0 yaw 312.1 mode 0 st 0 gl 0 hp 96 frg 0
ARGEVT Romero hazard
ARGUS Carmack wallslide
ARGEVT Joe Rogan goal item_armorInv
ARGEVT Joe Rogan route 2 start '2465.0 -407.0   8.0' goal '2369.0 -567.0  56.0'
ARGLOG Joe Rogan t   4.3 pos '2423.1 -445.2   8.0' spd 320.2 yaw  98.5 mode 2 st 0 gl 0 hp 100 frg 0
ARGLOG Romero t   4.3 pos '2743.3 -1991.7 120.0' spd 283.3 yaw 222.2 mode 0 st 0 gl 0 hp 100 frg 0
ARGLOG Carmack t   4.3 pos '2385.0 -240.0  24.0' spd 347.8 yaw 262.4 mode 0 st 0 gl 0 hp 96 frg 0
ARGEVT Romero goal item_armor2
ARGEVT Romero route 9 start '2721.0 -1975.0 120.0' goal '1313.0 -951.0  32.0'
ARGEVT Romero stall
ARGEVT Romero stallnode '2657.0 -2295.0 120.0'
ARGEVT Romero jump
ARGUS routecache adopt
ARGEVT Romero route 8 start '2721.0 -2103.0 120.0' goal '1313.0 -951.0  32.0'
ARGEVT Carmack goal weapon_rocketlauncher
ARGEVT Carmack route 14 start '2433.0 -183.0  24.0' goal '2465.0 -1719.0  24.0'
ARGLOG Joe Rogan t   4.8 pos '2253.8 -417.4   8.0' spd 345.2 yaw  50.8 mode 2 st 0 gl 0 hp 82 frg 0
ARGLOG Romero t   4.8 pos '2672.0 -2129.4 169.5' spd 297.3 yaw 210 mode 2 st 1 gl 0 hp 100 frg 0
ARGLOG Carmack t   4.8 pos '2413.7 -223.5  24.0' spd 290.3 yaw 215.6 mode 2 st 0 gl 0 hp 96 frg 0
ARGEVT Joe Rogan route 4 start '2177.0 -375.0   8.0' goal '2369.0 -567.0  56.0'
ARGLOG Joe Rogan t   5.3 pos '2135.4 -307.3  24.0' spd 216.6 yaw  42.3 mode 0 st 0 gl 0 hp 64 frg 0
ARGEVT Joe Rogan hazard
ARGLOG Romero t   5.3 pos '2664.7 -2276.7 120.0' spd 295.2 yaw 223 mode 2 st 1 gl 0 hp 100 frg 0
ARGLOG Carmack t   5.3 pos '2276.9 -137.6  24.0' spd 322.0 yaw 218.8 mode 2 st 0 gl 0 hp 88 frg 0
ARGEVT Joe Rogan route 4 start '2209.0 -279.0  24.0' goal '2369.0 -567.0  56.0'
ARGEVT Carmack grab item_spikes
ARGLOG Joe Rogan t   5.8 pos '2260.7 -315.7   8.0' spd  53.4 yaw 116.2 mode 2 st 0 gl 0 hp 55 frg 0
ARGLOG Romero t   5.8 pos '2496.7 -2300.4 120.0' spd 330.3 yaw 141 mode 2 st 1 gl 0 hp 100 frg 0
ARGLOG Carmack t   5.8 pos '2109.0 -108.1  24.0' spd 344.0 yaw 307.7 mode 2 st 0 gl 0 hp 88 frg 0
ARGUS Romero wallslide
ARGEVT Carmack route 15 start '2017.0 -183.0  24.0' goal '2465.0 -1719.0  24.0'
ARGLOG Joe Rogan t   6.3 pos '2144.3 -387.2   8.0' spd 112.5 yaw 128.5 mode 2 st 0 gl 0 hp 55 frg 0
ARGLOG Romero t   6.3 pos '2387.4 -2427.5 120.0' spd 357.8 yaw 135 mode 2 st 1 gl 0 hp 100 frg 0
ARGLOG Carmack t   6.3 pos '1967.2 -185.7  24.0' spd 321.0 yaw 296.2 mode 2 st 0 gl 0 hp 88 frg 0
ARGEVT Romero route 5 start '2433.0 -2487.0 120.0' goal '1313.0 -951.0  32.0'
ARGEVT Carmack pursue
ARGEVT Joe Rogan pursue
ARGEVT Romero hazard
ARGUS Carmack wallslide
ARGUS routecache adopt
ARGEVT Romero route 5 start '2433.0 -2487.0 120.0' goal '1313.0 -951.0  32.0'
ARGLOG Joe Rogan t   6.8 pos '2132.4 -244.5  24.0' spd 297.6 yaw 151.1 mode 0 st 0 gl 0 hp 55 frg 0
ARGLOG Romero t   6.8 pos '2472.9 -2433.1 120.0' spd 333.2 yaw  96.0 mode 0 st 1 gl 0 hp 100 frg 0
ARGLOG Carmack t   6.8 pos '2011.4 -240.0  40.0' spd 265.6 yaw 352.6 mode 2 st 0 gl 0 hp 88 frg 0
ARGEVT Joe Rogan route 5 start '2113.0 -215.0  24.0' goal '2369.0 -567.0  56.0'
ARGEVT Romero route 6 start '2433.0 -2359.0 120.0' goal '1313.0 -951.0  32.0'
ARGEVT Joe Rogan grab item_health
ARGEVT Carmack grab item_health
ARGLOG Joe Rogan t   7.3 pos '2161.9 -91.0  24.0' spd 353.2 yaw 191.0 mode 2 st 0 gl 0 hp 55 frg 0
ARGLOG Romero t   7.3 pos '2391.2 -2283.9 120.0' spd 361.4 yaw 139 mode 2 st 1 gl 0 hp 100 frg 0
ARGLOG Carmack t   7.3 pos '1970.3 -120.6  24.0' spd 321.2 yaw  24.5 mode 2 st 0 gl 0 hp 64 frg 0
ARGEVT Joe Rogan route 6 start '2113.0   9.0  24.0' goal '2369.0 -567.0  56.0'
ARGUS Joe Rogan threatmove retreat 2
ARGEVT Joe Rogan retreat
ARGLOG Joe Rogan t   7.8 pos '2161.1  22.5  24.0' spd 328.8 yaw 222.5 mode 2 st 0 gl 0 hp 10 frg 0
ARGLOG Romero t   7.8 pos '2395.2 -2366.6 120.0' spd 324.2 yaw 137 mode 2 st 1 gl 0 hp 100 frg 0
ARGLOG Carmack t   7.8 pos '1991.8 -123.1  24.0' spd 340.6 yaw  27.4 mode 2 st 0 gl 0 hp 65 frg 0
ARGEVT Joe Rogan hazard
ARGEVT Romero route 5 start '2433.0 -2487.0 120.0' goal '1313.0 -951.0  32.0'
ARGUS routecache adopt
ARGEVT Romero route 4 start '1313.0 -1367.0 144.0' goal '1313.0 -951.0  32.0'
ARGLOG Joe Rogan t   8.3 pos '2160.3  66.6  24.0' spd  88.1 yaw 262.3 mode 2 st 0 gl 0 hp 10 frg 0
ARGLOG Romero t   8.3 pos '1333.0 -1376.0 152.6' spd 300 yaw 94 mode 2 st 1 gl 0 hp 100 frg 0
ARGLOG Carmack t   8.3 pos '2125.7 -238.0  24.0' spd 387.2 yaw  75.5 mode 2 st 0 gl 0 hp 41 frg 0
ARGEVT Carmack hazard
ARGEVT Joe Rogan route 6 start '2145.0 105.0  24.0' goal '2369.0 -567.0  56.0'
ARGLOG Joe Rogan t   8.8 pos '2160.7 168.7  24.0' spd 275.7 yaw 282.6 mode 2 st 0 gl 0 hp 10 frg 0
ARGLOG Romero t   8.8 pos '1363.6 -1376.0 144.0' spd 300 yaw 102 mode 2 st 1 gl 0 hp 100 frg 0
ARGLOG Carmack t   8.8 pos '2268.0 -225.5  24.0' spd 279.6 yaw  98.4 mode 2 st 0 gl 0 hp 25 frg 0
ARGEVT Joe Rogan hazard
ARGUS Carmack wallslide
ARGLOG Joe Rogan t   9.3 pos '2170.8 276.0  24.0' spd 334.4 yaw 301.9 mode 0 st 0 gl 0 hp 10 frg 0
ARGLOG Romero t   9.3 pos '1366.9 -1269.5 136.0' spd 321.7 yaw 106 mode 2 st 1 gl 0 hp 100 frg 0
ARGEVT Carmack grab item_health
ARGLOG Carmack t   9.3 pos '2411.0 -146.4  24.0' spd 264.7 yaw 104.8 mode 2 st 0 gl 0 hp 25 frg 0
ARGEVT Joe Rogan route 7 start '2209.0 297.0  24.0' goal '2369.0 -567.0  56.0'
ARGEVT Joe Rogan pursue
ARGEVT Carmack pursue
ARGEVT Romero jump
ARGUS Joe Rogan hunch item_health
ARGEVT Joe Rogan goal item_health
ARGEVT Joe Rogan route 5 start '2209.0 297.0  24.0' goal '2593.0 -247.0 120.0'
ARGLOG Joe Rogan t   9.8 pos '2304.0 258.8  24.0' spd 369.1 yaw  63.6 mode 2 st 0 gl 0 hp 10 frg 0
ARGLOG Romero t   9.8 pos '1311.0 -1197.6 195.7' spd 120.8 yaw 97 mode 2 st 1 gl 0 hp 100 frg 0
ARGLOG Carmack t   9.8 pos '2400.8 -144.2  24.0' spd 365.3 yaw 129 mode 2 st 0 gl 0 hp 25 frg 0
ARGEVT Joe Rogan pursue
ARGUS Carmack hunch item_health
ARGEVT Carmack goal item_health
ARGEVT Carmack route 5 start '2241.0 -183.0  24.0' goal '2561.0 233.0 -72.0'
ARGEVT Carmack pursue
ARGEVT Joe Rogan hazard
ARGEVT Carmack hazard
ARGUS Carmack wallslide
ARGLOG Joe Rogan t  10.3 pos '2450.3 323.2 -56.0' spd 329.9 yaw 339.6 mode 0 st 0 gl 0 hp 10 frg 0
ARGLOG Romero t  10.3 pos '1273.0 -1109.7 200.0' spd 322.3 yaw 75 mode 2 st 1 gl 0 hp 100 frg 0
ARGLOG Carmack t  10.3 pos '2329.6 -239.0  24.0' spd  27.9 yaw 217.8 mode 2 st 0 gl 0 hp 25 frg 0
ARGEVT Joe Rogan route 7 start '2497.0 297.0 -72.0' goal '2593.0 -247.0 120.0'
ARGEVT Joe Rogan jump
ARGLOG Joe Rogan t  10.9 pos '2611.4 268.5 -30.9' spd 316.4 yaw 239 mode 2 st 0 gl 0 hp 35 frg 0
ARGLOG Romero t  10.9 pos '1293.5 -937.9 183.2' spd 339.7 yaw   4.5 mode 1 st 1 gl 0 hp 100 frg 0
ARGLOG Carmack t  10.9 pos '2210.2 -212.2  24.0' spd 376.4 yaw 110.5 mode 2 st 0 gl 0 hp 25 frg 0
ARGLOG Joe Rogan t  11.4 pos '2634.1 133.9 -72.0' spd 325.2 yaw 228 mode 2 st 0 gl 0 hp 35 frg 0
ARGLOG Romero t  11.4 pos '1355.0 -887.7  32.0' spd 218.9 yaw 237 mode 1 st 1 gl 0 hp 100 frg 0
ARGLOG Carmack t  11.4 pos '2129.9 -58.1  24.0' spd 323.7 yaw 93 mode 2 st 0 gl 0 hp 25 frg 0
ARGEVT Joe Rogan hazard
ARGUS Joe Rogan wallslide
ARGEVT Romero hazard
ARGEVT Carmack hazard
ARGLOG Joe Rogan t  11.9 pos '2576.0  28.9 -72.0' spd 0 yaw 121 mode 2 st 0 gl 0 hp 35 frg 0
ARGLOG Romero t  11.9 pos '1696.0 -904.4  34.5' spd 300 yaw 296.8 mode 1 st 1 gl 0 hp 100 frg 0
ARGLOG Carmack t  11.9 pos '2172.8  88.2  24.0' spd 422.1 yaw 336.4 mode 2 st 0 gl 0 hp 25 frg 0
ARGUS Carmack wallslide
ARGLOG Joe Rogan t  12.4 pos '2576.0  28.8 -72.0' spd 0 yaw 138 mode 2 st 0 gl 0 hp 35 frg 0
ARGLOG Romero t  12.4 pos '1696.0 -955.7  20.0' spd 300 yaw 179 mode 1 st 1 gl 0 hp 100 frg 0
ARGLOG Carmack t  12.4 pos '2262.1   1.3  24.0' spd 321.8 yaw 356 mode 2 st 0 gl 0 hp 25 frg 0
ARGEVT Carmack jump
ARGLOG Joe Rogan t  12.9 pos '2576.0  28.8 -72.0' spd 0 yaw 138 mode 2 st 0 gl 0 hp 35 frg 0
ARGLOG Romero t  12.9 pos '1604.3 -1002.2  20.0' spd 335.0 yaw 170 mode 1 st 1 gl 0 hp 100 frg 0
ARGLOG Carmack t  12.9 pos '2322.6 -19.2  83.6' spd  70.9 yaw 16 mode 2 st 0 gl 0 hp 25 frg 0
ARGEVT Joe Rogan stall
ARGEVT Joe Rogan stallnode '2433.0 265.0 -40.0'
ARGEVT Joe Rogan jump
ARGEVT Joe Rogan route 9 start '2561.0 -23.0 -64.0' goal '2593.0 -247.0 120.0'
ARGLOG Joe Rogan t  13.4 pos '2576.0  50.7 -42.9' spd  63.4 yaw 123 mode 2 st 1 gl 0 hp 35 frg 0
ARGLOG Romero t  13.4 pos '1438.3 -987.4  20.0' spd 333.0 yaw 145.4 mode 1 st 1 gl 0 hp 100 frg 0
ARGLOG Carmack t  13.4 pos '2399.9 -41.0  88.0' spd 321.7 yaw 26 mode 2 st 0 gl 0 hp 25 frg 0
ARGEVT Romero hazard
ARGUS Romero wallslide
ARGLOG Joe Rogan t  13.9 pos '2573.8 112.0 -72.0' spd   5.0 yaw 132 mode 2 st 1 gl 0 hp 35 frg 0
ARGLOG Romero t  13.9 pos '1424.0 -970.7  20.0' spd  33.9 yaw 226 mode 1 st 1 gl 0 hp 100 frg 0
ARGLOG Carmack t  13.9 pos '2566.5 -20.1 120.0' spd 370.4 yaw 91 mode 2 st 0 gl 0 hp 25 frg 0
ARGUS Carmack wallslide
ARGLOG Joe Rogan t  14.4 pos '2571.8 112.0 -72.0' spd   3.9 yaw 132 mode 2 st 1 gl 0 hp 35 frg 0
ARGLOG Romero t  14.4 pos '1424.0 -980.3  20.0' spd  29.4 yaw 220 mode 1 st 1 gl 0 hp 100 frg 0
ARGLOG Carmack t  14.4 pos '2628.2  16.0 120.0' spd   4.2 yaw 107 mode 2 st 0 gl 0 hp 25 frg 0
ARGLOG Joe Rogan t  14.9 pos '2570.1 112.0 -72.0' spd   3.1 yaw 131 mode 2 st 1 gl 0 hp 35 frg 0
ARGLOG Romero t  14.9 pos '1424.0 -983.8  20.0' spd 0 yaw 220 mode 1 st 1 gl 0 hp 100 frg 0
ARGLOG Carmack t  14.9 pos '2627.3  16.0 120.0' spd   1.6 yaw 106 mode 2 st 0 gl 0 hp 25 frg 0
ARGEVT Joe Rogan stall
ARGEVT Joe Rogan stallnode '2561.0 233.0 -72.0'
ARGEVT Joe Rogan jump
ARGEVT Romero stall
ARGEVT Romero jump
ARGEVT Carmack stall
ARGEVT Carmack stallnode '2625.0  73.0 -72.0'
ARGEVT Carmack jump
ARGUS routecache adopt
ARGEVT Joe Rogan route 8 start '2625.0  73.0 -72.0' goal '2593.0 -247.0 120.0'
ARGEVT Romero route 0 start '1313.0 -951.0  32.0' goal '1313.0 -951.0  32.0'
ARGEVT Carmack route 2 start '2561.0 -23.0 120.0' goal '2561.0 233.0 -72.0'
ARGLOG Joe Rogan t  15.4 pos '2559.1 112.0 -28.4' spd  39.3 yaw 129 mode 2 st 2 gl 0 hp 35 frg 0
ARGLOG Romero t  15.4 pos '1424.0 -997.6  63.6' spd  53.1 yaw 212 mode 1 st 2 gl 0 hp 100 frg 0
ARGLOG Carmack t  15.4 pos '2617.0  16.0 163.6' spd  56.4 yaw 136.6 mode 2 st 1 gl 0 hp 25 frg 0
ARGEVT Joe Rogan hazard
ARGUS Romero wallslide
ARGLOG Joe Rogan t  15.9 pos '2556.5 112.0 -72.0' spd   8.3 yaw 128 mode 2 st 2 gl 0 hp 35 frg 0
ARGLOG Romero t  15.9 pos '1424.0 -967.3  20.0' spd 345.6 yaw 118.5 mode 1 st 2 gl 0 hp 100 frg 0
ARGLOG Carmack t  15.9 pos '2566.2  -5.9 120.0' spd 337.9 yaw 91 mode 2 st 1 gl 0 hp 25 frg 0
ARGEVT Romero hazard
ARGEVT Carmack hazard
ARGLOG Joe Rogan t  16.5 pos '2559.9 112.0 -72.0' spd   0.8 yaw 129 mode 2 st 2 gl 0 hp 35 frg 0
ARGLOG Romero t  16.5 pos '1424.0 -946.0  20.0' spd 0 yaw 129 mode 1 st 2 gl 0 hp 100 frg 0
ARGLOG Carmack t  16.5 pos '2404.5   7.4  88.0' spd 240 yaw 55 mode 2 st 1 gl 0 hp 25 frg 0
ARGEVT Joe Rogan stall
ARGEVT Joe Rogan stallnode '2561.0 233.0 -72.0'
ARGEVT Joe Rogan jump
ARGUS Carmack wallslide
ARGEVT Joe Rogan route 8 start '2625.0  73.0 -72.0' goal '2593.0 -247.0 120.0'
ARGLOG Joe Rogan t  17.0 pos '2578.0 113.9 -32.1' spd  44.9 yaw 133 mode 2 st 3 gl 0 hp 35 frg 0
ARGLOG Romero t  17.0 pos '1424.0 -946.0  20.0' spd 0 yaw 129 mode 1 st 2 gl 0 hp 100 frg 0
ARGLOG Carmack t  17.0 pos '2581.5  16.0 120.0' spd 420.0 yaw 95 mode 2 st 1 gl 0 hp 25 frg 0
ARGEVT Romero hazard
ARGEVT Romero stall
ARGEVT Romero jump
ARGEVT Romero route 0 start '1313.0 -951.0  32.0' goal '1313.0 -951.0  32.0'
ARGLOG Joe Rogan t  17.5 pos '2574.5 191.6 -72.0' spd 339.3 yaw 164 mode 2 st 3 gl 0 hp 35 frg 0
ARGLOG Romero t  17.5 pos '1424.0 -934.9  59.6' spd  47.8 yaw 184.2 mode 1 st 3 gl 0 hp 100 frg 0
ARGLOG Carmack t  17.5 pos '2630.5  16.0 120.0' spd  23.3 yaw 107 mode 2 st 1 gl 0 hp 25 frg 0
ARGEVT Joe Rogan jump
ARGUS Romero wallslide
ARGEVT Carmack stall
ARGEVT Carmack stallnode '2625.0  73.0 -72.0'
ARGEVT Carmack jump
ARGLOG Joe Rogan t  18.0 pos '2436.7 312.6 -32.4' spd 374.5 yaw 216 mode 2 st 3 gl 0 hp 35 frg 0
ARGLOG Romero t  18.0 pos '1424.0 -931.8  20.0' spd 187.1 yaw 246 mode 1 st 3 gl 0 hp 100 frg 0
ARGLOG Carmack t  18.0 pos '2628.0  16.0 127.6' spd   5.6 yaw 96 mode 0 st 2 gl 0 hp 25 frg 0
ARGEVT Carmack route 2 start '2561.0 -23.0 120.0' goal '2561.0 233.0 -72.0'
ARGEVT Romero hazard
ARGLOG Joe Rogan t  18.5 pos '2368.1 297.0  -8.0' spd 321.1 yaw 221 mode 2 st 3 gl 0 hp 35 frg 0
ARGLOG Romero t  18.5 pos '1424.0 -944.0  20.0' spd   2.5 yaw 176.0 mode 1 st 3 gl 0 hp 100 frg 0
ARGLOG Carmack t  18.5 pos '2605.8  16.0 147.2' spd  53.1 yaw 71 mode 2 st 2 gl 0 hp 25 frg 0
ARGUS Joe Rogan wallslide
ARGLOG Joe Rogan t  19.0 pos '2218.6 226.3  24.0' spd 374.8 yaw 275 mode 2 st 3 gl 0 hp 35 frg 0
ARGLOG Romero t  19.0 pos '1424.0 -934.4  20.0' spd  34.5 yaw 134 mode 1 st 3 gl 0 hp 100 frg 0
ARGLOG Carmack t  19.0 pos '2484.8 -21.6 120.0' spd 431.2 yaw 73 mode 2 st 2 gl 0 hp 25 frg 0
ARGEVT Carmack hazard
ARGEVT Romero stall
ARGEVT Romero jump
ARGUS Carmack wallslide
ARGLOG Joe Rogan t  19.5 pos '2141.2  71.1  24.0' spd 353.2 yaw 332 mode 2 st 3 gl 0 hp 35 frg 0
ARGLOG Romero t  19.5 pos '1424.0 -925.1  48.2' spd  59.4 yaw 178.6 mode 0 st 4 gl 0 hp 100 frg 0
ARGLOG Carmack t  19.5 pos '2467.2  16.0 120.0' spd 335.8 yaw 66 mode 2 st 2 gl 0 hp 25 frg 0
ARGEVT Romero route 1 start '1281.0 -983.0  32.0' goal '1313.0 -951.0  32.0'
ARGEVT Carmack engage Joe Rogan
ARGUS Carmack threatmove range 2
ARGEVT Carmack grab item_health
ARGUS Carmack threatmove retreat 2
ARGEVT Carmack retreat
ARGEVT Joe Rogan engage Carmack
ARGUS Joe Rogan threatmove range 2
ARGEVT Joe Rogan hazard
ARGLOG Joe Rogan t  20.0 pos '2188.1  79.2  24.0' spd  73.5 yaw 338.8 mode 2 st 3 gl 0 hp 35 frg 0
ARGLOG Romero t  20.0 pos '1424.0 -941.9  25.3' spd  55.5 yaw 241 mode 1 st 4 gl 0 hp 100 frg 0
ARGLOG Carmack t  20.0 pos '2592.9 -85.7 120.0' spd 326.0 yaw 153.5 mode 2 st 2 gl 0 hp 25 frg 0
ARGEVT Romero hazard
ARGEVT Joe Rogan pursue
ARGUS Carmack wallslide
ARGLOG Joe Rogan t  20.5 pos '2222.7 -67.0  24.0' spd 356.5 yaw 338.6 mode 2 st 3 gl 0 hp 35 frg 0
ARGLOG Romero t  20.5 pos '1424.0 -938.2  20.0' spd  35.7 yaw 132 mode 1 st 4 gl 0 hp 100 frg 0
ARGLOG Carmack t  20.5 pos '2640.0 -242.3 120.0' spd 328.6 yaw 176.6 mode 2 st 2 gl 0 hp 25 frg 0
ARGEVT Romero stall
ARGEVT Romero jump
ARGUS routecache adopt
ARGEVT Romero route 0 start '1313.0 -951.0  32.0' goal '1313.0 -951.0  32.0'
ARGEVT Carmack route 4 start '2593.0 -375.0 120.0' goal '2561.0 233.0 -72.0'
ARGEVT Carmack grab item_health
ARGUS routecache adopt
ARGEVT Carmack route 4 start '2593.0 -375.0 120.0' goal '2561.0 233.0 -72.0'
ARGLOG Joe Rogan t  21.0 pos '2207.4 -231.7  24.0' spd 324.5 yaw 349.0 mode 2 st 3 gl 0 hp 17 frg 0
ARGLOG Romero t  21.0 pos '1424.0 -923.8  60.4' spd  65.2 yaw 172.2 mode 1 st 5 gl 0 hp 100 frg 0
ARGLOG Carmack t  21.0 pos '2607.2 -345.2 120.0' spd 331.1 yaw 177.6 mode 2 st 2 gl 0 hp 25 frg 0
ARGEVT Joe Rogan pursue
ARGEVT Carmack pursue
ARGEVT Carmack hazard
ARGUS Joe Rogan hunch item_health
ARGEVT Joe Rogan pursue
ARGUS Carmack hunch item_health
ARGEVT Joe Rogan pursue
ARGEVT Joe Rogan goal item_health
ARGEVT Joe Rogan route 4 start '2145.0 -119.0  24.0' goal '2593.0 -247.0 120.0'
ARGEVT Romero stall
ARGEVT Romero jump
ARGLOG Joe Rogan t  21.5 pos '2214.3 -247.3  24.0' spd 323.9 yaw 108.5 mode 2 st 3 gl 0 hp 17 frg 0
ARGLOG Romero t  21.5 pos '1424.6 -938.3  30.7' spd  65.3 yaw  72.5 mode 0 st 6 gl 0 hp 100 frg 0
ARGLOG Carmack t  21.5 pos '2551.1 -307.4 165.7' spd  50.7 yaw 341.9 mode 2 st 2 gl 0 hp 25 frg 0
ARGEVT Romero goal weapon_nailgun
ARGEVT Romero route 9 start '1313.0 -951.0  32.0' goal '2433.0 -183.0  24.0'
ARGEVT Carmack pursue
ARGEVT Carmack goal item_health
ARGLOG Joe Rogan t  22.1 pos '2230.1 -78.3  24.0' spd 213.6 yaw   1.8 mode 2 st 3 gl 0 hp 17 frg 0
ARGLOG Romero t  22.1 pos '1442.2 -914.0  43.3' spd 101.1 yaw 204 mode 2 st 6 gl 0 hp 100 frg 0
ARGLOG Carmack t  22.1 pos '2633.4 -284.1 120.0' spd 374.9 yaw  29.8 mode 1 st 2 gl 0 hp 25 frg 0
ARGUS Carmack wallslide
ARGEVT Romero hazard
ARGUS Romero wallslide
ARGUS Joe Rogan threatmove retreat 2
ARGEVT Joe Rogan retreat
ARGLOG Joe Rogan t  22.6 pos '2227.5 -199.2  24.0' spd 317.3 yaw 356.0 mode 2 st 3 gl 0 hp 17 frg 0
ARGLOG Romero t  22.6 pos '1424.0 -909.2  20.0' spd   4.7 yaw 208 mode 2 st 6 gl 0 hp 100 frg 0
ARGLOG Carmack t  22.6 pos '2572.7 -220.2 120.0' spd 337.7 yaw 193.7 mode 1 st 2 gl 0 hp 65 frg 0
ARGEVT Carmack hazard
ARGEVT Carmack weapon sg
ARGEVT Carmack grab item_spikes
ARGEVT Romero stall
ARGEVT Romero stallnode '1313.0 -951.0  32.0'
ARGEVT Romero jump
ARGUS routecache adopt
ARGEVT Romero route 9 start '1313.0 -951.0  32.0' goal '2433.0 -183.0  24.0'
ARGLOG Joe Rogan t  23.1 pos '2138.9 -338.0  24.0' spd 338.0 yaw   0.1 mode 0 st 3 gl 0 hp 17 frg 0
ARGLOG Romero t  23.1 pos '1424.0 -916.9  51.7' spd  63.7 yaw 205 mode 2 st 7 gl 0 hp 100 frg 0
ARGLOG Carmack t  23.1 pos '2603.5 -348.9 120.0' spd 130.8 yaw 179.1 mode 1 st 2 gl 0 hp 65 frg 0
ARGEVT Joe Rogan route 5 start '2177.0 -375.0   8.0' goal '2593.0 -247.0 120.0'
ARGUS Joe Rogan wallslide
ARGLOG Joe Rogan t  23.6 pos '2140.3 -396.7   8.0' spd 127.9 yaw   4.3 mode 2 st 3 gl 0 hp 17 frg 0
ARGLOG Romero t  23.6 pos '1424.0 -968.3  20.2' spd 123.7 yaw 33 mode 2 st 7 gl 0 hp 100 frg 0
ARGLOG Carmack t  23.6 pos '2601.1 -332.2 120.0' spd  63.5 yaw 174.3 mode 1 st 2 gl 0 hp 53 frg 0
ARGLOG Joe Rogan t  24.1 pos '2188.8 -510.5   8.0' spd 239.3 yaw  19.9 mode 2 st 3 gl 0 hp 17 frg 0
ARGLOG Romero t  24.1 pos '1424.0 -973.8  20.0' spd   3.1 yaw 33 mode 2 st 7 gl 0 hp 100 frg 0
ARGLOG Carmack t  24.1 pos '2598.4 -337.6 120.0' spd  83.3 yaw 199.4 mode 1 st 2 gl 0 hp 53 frg 0
ARGEVT Joe Rogan hazard
ARGEVT Joe Rogan pursue
ARGEVT Carmack pursue
ARGEVT Romero stall
ARGEVT Romero stallnode '1281.0 -983.0  32.0'
ARGEVT Romero jump
ARGEVT Carmack pursue
ARGEVT Carmack hazard
ARGEVT Romero route 9 start '1313.0 -951.0  32.0' goal '2433.0 -183.0  24.0'
ARGLOG Joe Rogan t  24.6 pos '2278.7 -512.7   8.0' spd  47.0 yaw  27.0 mode 2 st 3 gl 0 hp 17 frg 0
ARGLOG Romero t  24.6 pos '1424.0 -966.0  61.5' spd  67.9 yaw 187 mode 2 st 8 gl 0 hp 100 frg 0
ARGLOG Carmack t  24.6 pos '2548.1 -344.1 159.9' spd 321.4 yaw 204.6 mode 1 st 2 gl 0 hp 49 frg 0
ARGEVT Joe Rogan pursue
ARGEVT Romero hazard
ARGEVT Carmack pursue
ARGEVT Romero stall
ARGEVT Romero stallnode '1281.0 -983.0  32.0'
ARGEVT Romero jump
ARGLOG Joe Rogan t  25.1 pos '2202.2 -491.6   8.0' spd 109.3 yaw  20.3 mode 2 st 3 gl 0 hp 17 frg 0
ARGLOG Romero t  25.1 pos '1425.2 -965.8  34.0' spd  31.3 yaw 348.0 mode 0 st 9 gl 0 hp 100 frg 0
ARGLOG Carmack t  25.1 pos '2582.3 -359.9 120.0' spd 321.8 yaw 264.8 mode 1 st 2 gl 0 hp 49 frg 0
ARGEVT Romero goal weapon_rocketlauncher
ARGEVT Romero route 21 start '1313.0 -951.0  32.0' goal '2465.0 -1719.0  24.0'
ARGEVT Joe Rogan hazard
ARGLOG Joe Rogan t  25.6 pos '2138.8 -498.9   8.0' spd  10.1 yaw   0.8 mode 2 st 3 gl 0 hp 17 frg 0
ARGLOG Romero t  25.6 pos '1439.6 -975.9  42.6' spd  52.5 yaw 183 mode 2 st 9 gl 0 hp 100 frg 0
ARGLOG Carmack t  25.6 pos '2615.4 -520.7 120.0' spd 325.7 yaw 185.0 mode 1 st 2 gl 0 hp 45 frg 0
ARGUS Romero wallslide
ARGEVT Carmack hazard
ARGEVT Joe Rogan pursue
ARGLOG Joe Rogan t  26.1 pos '2158.3 -441.8   8.0' spd 127.9 yaw 342.9 mode 2 st 3 gl 0 hp 17 frg 0
ARGLOG Romero t  26.1 pos '1424.0 -974.5  20.0' spd 129.3 yaw 184 mode 2 st 9 gl 0 hp 100 frg 0
ARGLOG Carmack t  26.1 pos '2583.9 -662.8 120.0' spd  27.1 yaw  80.5 mode 1 st 2 gl 0 hp 45 frg 0
ARGEVT Romero hazard
ARGEVT Joe Rogan grab item_armorInv
ARGLOG Joe Rogan t  26.6 pos '2309.3 -473.1   8.0' spd 356.3 yaw 346.4 mode 2 st 3 gl 0 hp 17 frg 0
ARGLOG Romero t  26.6 pos '1424.0 -969.1  20.0' spd   8.3 yaw 186 mode 2 st 9 gl 0 hp 100 frg 0
ARGLOG Carmack t  26.6 pos '2594.5 -515.8 120.0' spd 326.5 yaw 151.6 mode 1 st 2 gl 0 hp 29 frg 0
ARGEVT Joe Rogan hazard
ARGUS Joe Rogan wallslide
ARGEVT Carmack pursue
ARGLOG Joe Rogan t  27.1 pos '2394.9 -527.9   8.0' spd 119.9 yaw  38.1 mode 2 st 3 gl 0 hp 17 frg 0
ARGLOG Romero t  27.1 pos '1424.0 -966.6  20.0' spd   4.7 yaw 187 mode 2 st 9 gl 0 hp 100 frg 0
ARGLOG Carmack t  27.1 pos '2569.7 -348.9 120.0' spd 330.9 yaw 213.3 mode 1 st 2 gl 0 hp 29 frg 0
ARGEVT Romero stall
ARGEVT Romero stallnode '1313.0 -951.0  32.0'
ARGEVT Romero jump
ARGUS routecache adopt
ARGEVT Romero route 21 start '1313.0 -951.0  32.0' goal '2465.0 -1719.0  24.0'
ARGLOG Joe Rogan t  27.7 pos '2426.3 -528.0   8.0' spd  61.0 yaw  31.4 mode 2 st 3 gl 0 hp 5 frg 0
ARGLOG Romero t  27.7 pos '1424.0 -977.4  55.8' spd  36.1 yaw 183 mode 2 st 10 gl 0 hp 100 frg 0
ARGLOG Carmack t  27.7 pos '2636.0 -427.1 120.0' spd 328.2 yaw 211.0 mode 1 st 2 gl 0 hp 29 frg 0
ARGEVT Carmack hazard
ARGUS Carmack wallslide
ARGEVT Joe Rogan weapon axe
ARGEVT Joe Rogan pursue
ARGEVT Carmack pursue
ARGEVT Romero stall
ARGEVT Romero stallnode '1281.0 -983.0  32.0'
ARGEVT Romero jump
ARGEVT Joe Rogan route 6 start '2465.0 -503.0   8.0' goal '2593.0 -247.0 120.0'
ARGUS Joe Rogan hunch item_armorInv
ARGUS Carmack hunch item_armorInv
ARGLOG Joe Rogan t  28.2 pos '2517.5 -455.4  24.0' spd 101.6 yaw 254.9 mode 0 st 3 gl 0 hp 5 frg 0
ARGLOG Romero t  28.2 pos '1424.4 -962.2  61.6' spd  36.4 yaw   3.9 mode 0 st 11 gl 0 hp 100 frg 0
ARGEVT Carmack pursue
ARGLOG Carmack t  28.2 pos '2609.7 -566.5 120.0' spd 262.2 yaw  11.4 mode 1 st 2 gl 0 hp 29 frg 0
ARGEVT Joe Rogan goal item_armorInv
ARGEVT Joe Rogan route 2 start '2465.0 -503.0   8.0' goal '2369.0 -567.0  56.0'
ARGEVT Joe Rogan door
ARGEVT Joe Rogan pursue
ARGEVT Joe Rogan hazard
ARGEVT Romero goal item_health
ARGEVT Romero route 16 start '1281.0 -983.0  32.0' goal '2049.0 -983.0 344.0'
ARGEVT Carmack goal weapon_rocketlauncher
ARGEVT Carmack route 9 start '2593.0 -631.0 120.0' goal '2465.0 -1719.0  24.0'
ARGLOG Joe Rogan t  28.7 pos '2549.8 -525.8  24.0' spd 221.0 yaw 203 mode 2 st 3 gl 0 hp 5 frg 0
ARGUS Joe Rogan jumpapproach 0 actual 253.4
ARGEVT Joe Rogan jump
ARGLOG Romero t  28.7 pos '1448.5 -963.2  20.0' spd 248.5 yaw 34 mode 2 st 11 gl 0 hp 100 frg 0
ARGLOG Carmack t  28.7 pos '2638.8 -550.5 120.0' spd 335.5 yaw 116.2 mode 2 st 2 gl 0 hp 29 frg 0
ARGUS Joe Rogan aircontrol
ARGEVT Romero hazard
ARGUS Carmack wallslide
ARGUS Joe Rogan wallslide
ARGEVT Joe Rogan jump
ARGEVT Carmack pursue
ARGLOG Joe Rogan t  29.2 pos '2421.1 -528.0  21.8' spd 272.3 yaw 251 mode 2 st 3 gl 0 hp 5 frg 0
ARGLOG Romero t  29.2 pos '1431.8 -1131.8  20.0' spd 114.4 yaw 48 mode 2 st 11 gl 0 hp 100 frg 0
ARGLOG Carmack t  29.2 pos '2546.0 -434.7 165.6' spd  67.8 yaw 215 mode 2 st 2 gl 0 hp 29 frg 0
ARGUS Carmack threatmove range 1
ARGEVT Joe Rogan death Carmack pos '2368.9 -528.0  50.2'
ARGUS Carmack watch spawn
ARGUS Romero wallslide
ARGEVT Carmack goal item_armorInv
ARGEVT Carmack route 3 start '2593.0 -503.0 120.0' goal '2369.0 -567.0  56.0'
ARGLOG Romero t  29.7 pos '1424.0 -1011.3  20.0' spd 0 yaw 37 mode 2 st 11 gl 0 hp 100 frg 0
ARGLOG Carmack t  29.7 pos '2544.5 -449.7 169.4' spd  51.9 yaw 215 mode 2 st 2 gl 0 hp 29 frg 1
ARGLOG Romero t  30.2 pos '1424.0 -998.4  20.0' spd   5.5 yaw 36 mode 2 st 11 gl 0 hp 100 frg 0
ARGLOG Carmack t  30.2 pos '2544.8 -524.7 168.7' spd 193.0 yaw 182 mode 2 st 2 gl 0 hp 29 frg 1
ARGLOG Romero t  30.7 pos '1424.0 -995.9  20.0' spd   4.7 yaw 36 mode 2 st 11 gl 0 hp 100 frg 0
ARGLOG Carmack t  30.7 pos '2544.4 -528.0 169.8' spd   0.1 yaw 181 mode 2 st 2 gl 0 hp 29 frg 1
ARGEVT Romero hazard
ARGEVT Romero stall
ARGEVT Romero stallnode '1281.0 -983.0  32.0'
ARGEVT Romero jump
ARGEVT Joe Rogan respawn
ARGLOG Joe Rogan t  30.9 pos '1712.0 -504.0  24.0' spd 0 yaw 301.6 mode 0 st 3 gl 0 hp 100 frg 0
ARGEVT Joe Rogan goal item_armor2
ARGEVT Joe Rogan route 12 start '1761.0 -503.0  24.0' goal '1313.0 -951.0  32.0'
ARGEVT Romero route 17 start '1313.0 -951.0  32.0' goal '2049.0 -983.0 344.0'
ARGLOG Romero t  31.2 pos '1424.0 -967.6  54.4' spd  58.5 yaw 187 mode 2 st 12 gl 0 hp 100 frg 0
ARGLOG Carmack t  31.2 pos '2547.7 -488.1 160.9' spd  79.1 yaw 191 mode 2 st 2 gl 0 hp 29 frg 1
