LOG started on: 09/19/2026 22:43:06 
Playing registered version.
UDP Initialized
WIPX_OpenSocket: Address family not supported by protocol family
WIPX_Init: Unable to open control socket, IPX disabled
Exe: 20:02:47 Jul 31 2024
256.0 megabyte heap

Language initialization
Couldn't load 'localization/loc_english.txt'
from 'C:\argus\engine'

========= Quake Initialized =========

execing autoexec.cfg
SpawnServer: dm3
Clearing memory
Programs occupy 908K.
trying to open external vis file
maps/dm3.vis not found, trying argus.vis
external vis not found
ARGUS slots 8
ARGUS worldspawn reached
ARGNAV 244 nodes, 771 links
0 entities inhibited
ARGUS init on dm3
ARGEVT Carmack spawned
ARGEVT Romero spawned
ARGEVT Joe Rogan spawned
Server spawned.
ARGLOG Joe Rogan t   1.2 pos '192.0 -208.0 -176.0' spd 0 yaw  87.6 mode 0 st 0 gl 0 hp 100 frg 0
ARGLOG Romero t   1.2 pos '1520.0 432.0 -88.0' spd 0 yaw  47.5 mode 0 st 0 gl 0 hp 100 frg 0
ARGLOG Carmack t   1.2 pos '-880.0 -232.0 -16.0' spd 0 yaw 119.6 mode 0 st 0 gl 0 hp 100 frg 0
ARGEVT Carmack hazard
ARGLOG Joe Rogan t   1.7 pos '199.6 -63.5 -176.0' spd 320 yaw  87.6 mode 0 st 0 gl 0 hp 100 frg 0
ARGLOG Romero t   1.7 pos '1618.7 537.8 -88.0' spd 320.0 yaw  47.5 mode 0 st 0 gl 0 hp 100 frg 0
ARGLOG Carmack t   1.7 pos '-947.3 -107.3 -16.0' spd 212.7 yaw 267.8 mode 0 st 0 gl 0 hp 100 frg 0
ARGLOG Joe Rogan t   2.2 pos '237.0  -0.4 -176.0' spd 324.4 yaw 294.8 mode 0 st 0 gl 0 hp 100 frg 0
ARGLOG Romero t   2.2 pos '1712.9 440.6 -88.0' spd 322.1 yaw 287.1 mode 0 st 0 gl 0 hp 100 frg 0
ARGLOG Carmack t   2.2 pos '-947.5 -229.2 -16.0' spd 320.0 yaw 267.8 mode 0 st 0 gl 0 hp 100 frg 0
ARGUS Romero wallslide
ARGLOG Joe Rogan t   2.7 pos '250.4 -91.4 -176.0' spd 329.1 yaw 153.4 mode 0 st 0 gl 0 hp 100 frg 0
ARGLOG Romero t   2.7 pos '1793.2 400.0 -88.0' spd 208.2 yaw 287.1 mode 0 st 0 gl 0 hp 100 frg 0
ARGLOG Carmack t   2.7 pos '-867.8 -249.5 -16.0' spd 323.7 yaw  45.5 mode 0 st 0 gl 0 hp 100 frg 0
ARGEVT Romero hazard
ARGEVT Joe Rogan hazard
ARGLOG Joe Rogan t   3.2 pos '165.2 -112.8 -176.0' spd 326.1 yaw 296.9 mode 0 st 0 gl 0 hp 100 frg 0
ARGLOG Romero t   3.2 pos '1828.2 400.0 -88.0' spd  93.2 yaw 287.1 mode 0 st 0 gl 0 hp 100 frg 0
ARGLOG Carmack t   3.2 pos '-875.1 -233.8 -16.0' spd 320.3 yaw 210.5 mode 0 st 0 gl 0 hp 100 frg 0
ARGUS Romero wallslide
ARGEVT Carmack hazard
ARGLOG Joe Rogan t   3.7 pos '204.6 -217.8 -176.0' spd 205.2 yaw 122.1 mode 0 st 0 gl 0 hp 100 frg 0
ARGLOG Romero t   3.7 pos '1914.4 420.9 -88.0' spd 344.3 yaw  82.0 mode 0 st 0 gl 0 hp 100 frg 0
ARGLOG Carmack t   3.7 pos '-886.6 -299.9 -16.0' spd 325.0 yaw 337.8 mode 0 st 0 gl 0 hp 100 frg 0
ARGEVT Joe Rogan plan powerup via weapon
ARGEVT Joe Rogan goal weapon_lightning
ARGEVT Romero goal item_health
ARGEVT Romero hazard
ARGEVT Carmack goal weapon_supernailgun
ARGEVT Joe Rogan route 12 start '197.0 -63.0 -176.0' goal '1541.0 -191.0 -392.0'
ARGLOG Joe Rogan t   4.2 pos '173.7 -127.4 -176.0' spd 324.2 yaw 58 mode 2 st 0 gl 0 hp 100 frg 0
ARGLOG Romero t   4.2 pos '1964.1 515.5 -88.0' spd 279.5 yaw 223.8 mode 0 st 0 gl 0 hp 100 frg 0
ARGLOG Carmack t   4.2 pos '-934.4 -202.1 -16.0' spd 353.8 yaw  92.1 mode 0 st 0 gl 0 hp 100 frg 0
ARGEVT Romero route 1 start '1925.0 513.0 -88.0' goal '1829.0 641.0 -180.0'
ARGUS Joe Rogan wallslide
ARGEVT Carmack route 17 start '-923.0   1.0 -16.0' goal '-507.0 449.0 120.0'
ARGLOG Joe Rogan t   4.7 pos '282.8 -56.2 -176.0' spd 332.0 yaw 69 mode 2 st 0 gl 0 hp 100 frg 0
ARGLOG Romero t   4.7 pos '1796.0 502.4 -88.0' spd 454.4 yaw 76 mode 2 st 0 gl 0 hp 100 frg 0
ARGLOG Carmack t   4.7 pos '-922.0 -27.8 -16.0' spd 326.3 yaw 90 mode 2 st 0 gl 0 hp 100 frg 0
ARGEVT Joe Rogan hazard
ARGUS Romero wallslide
ARGEVT Carmack jump
ARGLOG Joe Rogan t   5.2 pos '394.1 -16.0 -196.9' spd 338.0 yaw 36 mode 2 st 0 gl 0 hp 100 frg 0
ARGLOG Romero t   5.2 pos '1769.3 559.7 -88.0' spd 316.7 yaw 53 mode 2 st 0 gl 0 hp 100 frg 0
ARGLOG Carmack t   5.2 pos '-911.6 133.5  38.0' spd 321.7 yaw 93 mode 2 st 0 gl 0 hp 100 frg 0
ARGEVT Romero hazard
ARGLOG Joe Rogan t   5.7 pos '446.2 128.9 -200.0' spd 336.5 yaw 352 mode 2 st 0 gl 0 hp 100 frg 0
ARGLOG Romero t   5.7 pos '1865.4 560.0 -88.0' spd  44.2 yaw 114 mode 2 st 0 gl 0 hp 100 frg 0
ARGLOG Carmack t   5.7 pos '-920.8 213.8  72.0' spd 163.0 yaw  81.0 mode 0 st 0 gl 0 hp 100 frg 0
ARGEVT Carmack route 16 start '-955.0 225.0  72.0' goal '-507.0 449.0 120.0'
ARGEVT Joe Rogan hazard
ARGUS Romero wallslide
ARGLOG Joe Rogan t   6.2 pos '440.1 226.9 -200.0' spd 312.6 yaw 341 mode 2 st 0 gl 0 hp 100 frg 0
ARGLOG Romero t   6.2 pos '1885.8 560.0 -88.0' spd  35.6 yaw 125 mode 2 st 0 gl 0 hp 100 frg 0
ARGLOG Carmack t   6.2 pos '-921.7 374.6 120.0' spd 320.0 yaw 85 mode 2 st 0 gl 0 hp 100 frg 0
ARGEVT Romero hazard
ARGLOG Joe Rogan t   6.8 pos '600.2 207.8 -200.0' spd 320.1 yaw 335 mode 2 st 0 gl 0 hp 100 frg 0
ARGLOG Romero t   6.8 pos '1903.2 560.0 -88.0' spd  31.9 yaw 132 mode 2 st 0 gl 0 hp 100 frg 0
ARGLOG Carmack t   6.8 pos '-918.6 536.0 120.0' spd 320.3 yaw 57 mode 2 st 0 gl 0 hp 100 frg 0
ARGUS Romero wallslide
ARGLOG Joe Rogan t   7.3 pos '757.9 159.3 -200.0' spd 321.9 yaw 325 mode 2 st 0 gl 0 hp 100 frg 0
ARGLOG Romero t   7.3 pos '1919.2 560.0 -88.0' spd  30.1 yaw 138 mode 2 st 0 gl 0 hp 100 frg 0
ARGLOG Carmack t   7.3 pos '-901.3 699.0 120.0' spd 323.0 yaw 20 mode 2 st 0 gl 0 hp 100 frg 0
ARGEVT Joe Rogan hazard
ARGLOG Joe Rogan t   7.8 pos '929.1 114.5 -184.0' spd 344.1 yaw 339 mode 2 st 0 gl 0 hp 100 frg 0
ARGLOG Romero t   7.8 pos '1825.4 560.0 -88.0' spd 245.8 yaw 87 mode 2 st 0 gl 0 hp 100 frg 0
ARGLOG Carmack t   7.8 pos '-788.2 829.7 120.0' spd 341.8 yaw 0 mode 2 st 0 gl 0 hp 100 frg 0
ARGEVT Romero hazard
ARGUS routecache adopt
ARGEVT Carmack route 11 start '-539.0 833.0 120.0' goal '-507.0 449.0 120.0'
ARGLOG Joe Rogan t   8.3 pos '1016.6 -35.7 -168.0' spd 428.0 yaw 357 mode 2 st 0 gl 0 hp 100 frg 0
ARGLOG Romero t   8.3 pos '1790.4 556.2 -88.0' spd  36.8 yaw 65 mode 2 st 0 gl 0 hp 100 frg 0
ARGLOG Carmack t   8.3 pos '-622.2 849.3 120.0' spd 323.6 yaw 352 mode 2 st 0 gl 0 hp 100 frg 0
ARGLOG Joe Rogan t   8.8 pos '1198.3 -61.8 -168.0' spd 322.2 yaw 0 mode 2 st 0 gl 0 hp 100 frg 0
ARGLOG Romero t   8.8 pos '1773.9 551.8 -88.0' spd  30.8 yaw 58 mode 2 st 0 gl 0 hp 100 frg 0
ARGLOG Carmack t   8.8 pos '-460.7 843.1 120.0' spd 320.0 yaw 349 mode 2 st 0 gl 0 hp 100 frg 0
ARGEVT Romero hazard
ARGLOG Joe Rogan t   9.3 pos '1361.2 -62.1 -168.0' spd 342.7 yaw 325 mode 0 st 0 gl 0 hp 100 frg 0
ARGLOG Romero t   9.3 pos '1751.7 556.5 -88.0' spd  42.1 yaw 47 mode 2 st 0 gl 0 hp 100 frg 0
ARGLOG Carmack t   9.3 pos '-300.6 829.5 120.0' spd 320.9 yaw 346 mode 2 st 0 gl 0 hp 100 frg 0
ARGEVT Joe Rogan route 5 start '1413.0 -63.0 -168.0' goal '1541.0 -191.0 -392.0'
ARGUS routecache adopt
ARGEVT Joe Rogan route 5 start '1413.0 -63.0 -168.0' goal '1541.0 -191.0 -392.0'
ARGUS Romero wallslide
ARGUS routecache adopt
ARGEVT Joe Rogan route 5 start '1413.0 -63.0 -168.0' goal '1541.0 -191.0 -392.0'
ARGLOG Joe Rogan t   9.8 pos '1509.8 -141.1 -177.1' spd 325.7 yaw 12 mode 2 st 0 gl 0 hp 100 frg 0
ARGLOG Romero t   9.8 pos '1733.2 560.0 -88.0' spd  32.4 yaw 40 mode 2 st 0 gl 0 hp 100 frg 0
ARGLOG Carmack t   9.8 pos '-144.6 791.6 120.0' spd 320.0 yaw 300 mode 2 st 0 gl 0 hp 100 frg 0
ARGEVT Romero hazard
ARGEVT Joe Rogan swim
ARGEVT Joe Rogan swim
ARGEVT Joe Rogan swim
ARGLOG Joe Rogan t  10.3 pos '1640.9 -236.1 -207.0' spd 314.9 yaw 227.8 mode 1 st 0 gl 0 hp 100 frg 0
ARGLOG Romero t  10.3 pos '1718.2 560.0 -88.0' spd  29.0 yaw 36 mode 2 st 0 gl 0 hp 100 frg 0
ARGLOG Carmack t  10.3 pos '-13.3 684.1  56.0' spd 447.0 yaw 192 mode 2 st 0 gl 0 hp 100 frg 0
ARGEVT Joe Rogan swim
ARGEVT Joe Rogan swim
ARGEVT Joe Rogan swim
ARGUS Romero wallslide
ARGEVT Joe Rogan swim
ARGEVT Joe Rogan swim
ARGLOG Joe Rogan t  10.8 pos '1577.5 -341.3 -207.9' spd 307.4 yaw 102 mode 1 st 0 gl 0 hp 100 frg 0
ARGLOG Romero t  10.8 pos '1797.9 560.0 -88.0' spd 380.8 yaw 68 mode 2 st 0 gl 0 hp 100 frg 0
ARGLOG Carmack t  10.8 pos '-177.7 592.2   8.0' spd 380.0 yaw 142 mode 2 st 0 gl 0 hp 100 frg 0
ARGEVT Joe Rogan swim
ARGEVT Joe Rogan swim
ARGEVT Romero hazard
ARGEVT Joe Rogan swim
ARGEVT Carmack hazard
ARGEVT Joe Rogan swim
ARGLOG Joe Rogan t  11.3 pos '1441.9 -286.1 -207.3' spd 298.4 yaw 42 mode 1 st 0 gl 0 hp 100 frg 0
ARGLOG Romero t  11.3 pos '1872.7 560.0 -88.0' spd  43.1 yaw 118 mode 2 st 0 gl 0 hp 100 frg 0
ARGLOG Carmack t  11.3 pos '-297.1 706.0 -16.0' spd 355.5 yaw 240 mode 2 st 0 gl 0 hp 100 frg 0
ARGEVT Joe Rogan swim
ARGUS Carmack wallslide
ARGEVT Joe Rogan swim
ARGEVT Joe Rogan swim
ARGEVT Joe Rogan swim
ARGUS Romero wallslide
ARGEVT Joe Rogan swim
ARGLOG Joe Rogan t  11.8 pos '1436.2 -155.4 -207.6' spd 259.2 yaw 342 mode 1 st 0 gl 0 hp 100 frg 0
ARGLOG Romero t  11.8 pos '1892.5 560.0 -88.0' spd  35.8 yaw 128 mode 2 st 0 gl 0 hp 100 frg 0
ARGLOG Carmack t  11.8 pos '-401.2 775.7 -16.0' spd 371.5 yaw 268 mode 2 st 0 gl 0 hp 100 frg 0
ARGEVT Joe Rogan swim
ARGEVT Joe Rogan swim
ARGEVT Romero hazard
ARGEVT Joe Rogan swim
ARGEVT Joe Rogan swim
ARGLOG Joe Rogan t  12.3 pos '1529.0 -114.3 -207.9' spd 199.3 yaw 281 mode 1 st 0 gl 0 hp 100 frg 0
ARGLOG Romero t  12.3 pos '1910.3 560.0 -88.0' spd  32.2 yaw 135 mode 2 st 0 gl 0 hp 100 frg 0
ARGLOG Carmack t  12.3 pos '-425.2 614.2 -16.0' spd 321.9 yaw 278 mode 2 st 0 gl 0 hp 100 frg 0
ARGEVT Joe Rogan swim
ARGEVT Joe Rogan swim
ARGEVT Carmack jump
ARGEVT Joe Rogan swim
ARGEVT Joe Rogan swim
ARGUS Romero wallslide
ARGEVT Joe Rogan swim
ARGEVT Carmack hazard
ARGLOG Joe Rogan t  12.8 pos '1604.9 -167.5 -207.4' spd 196.5 yaw 202 mode 1 st 0 gl 0 hp 100 frg 0
ARGLOG Romero t  12.8 pos '1886.9 560.0 -88.0' spd 290.5 yaw 125 mode 2 st 0 gl 0 hp 100 frg 0
ARGLOG Carmack t  12.8 pos '-407.3 453.6 -16.0' spd 321.8 yaw 138 mode 2 st 0 gl 0 hp 100 frg 0
ARGEVT Joe Rogan swim
ARGEVT Joe Rogan swim
ARGUS Carmack wallslide
ARGEVT Joe Rogan swim
ARGEVT Romero hazard
ARGEVT Joe Rogan swim
ARGEVT Carmack jump
ARGLOG Joe Rogan t  13.3 pos '1553.1 -243.7 -207.8' spd 216.2 yaw 100 mode 1 st 0 gl 0 hp 100 frg 0
ARGLOG Romero t  13.3 pos '1797.5 558.2 -88.0' spd  34.3 yaw 69 mode 2 st 0 gl 0 hp 100 frg 0
ARGLOG Carmack t  13.3 pos '-408.5 523.2  -5.6' spd 340.3 yaw 189 mode 2 st 0 gl 0 hp 100 frg 0
ARGEVT Joe Rogan swim
ARGEVT Joe Rogan swim
ARGEVT Joe Rogan swim
ARGEVT Joe Rogan swim
ARGEVT Joe Rogan swim
ARGLOG Joe Rogan t  13.8 pos '1510.8 -167.4 -207.1' spd 227.3 yaw 324.2 mode 1 st 0 gl 0 hp 100 frg 0
ARGLOG Romero t  13.8 pos '1781.6 552.7 -88.0' spd  33.7 yaw 61 mode 2 st 0 gl 0 hp 100 frg 0
ARGLOG Carmack t  13.8 pos '-433.7 586.8 -16.0' spd 330.8 yaw 241 mode 2 st 0 gl 0 hp 100 frg 0
ARGEVT Joe Rogan swim
ARGEVT Joe Rogan swim
ARGEVT Carmack jump
ARGEVT Joe Rogan swim
ARGEVT Romero hazard
ARGEVT Joe Rogan swim
ARGLOG Joe Rogan t  14.3 pos '1582.9 -214.0 -206.9' spd 244.6 yaw 160.4 mode 1 st 0 gl 0 hp 100 frg 0
ARGLOG Romero t  14.3 pos '1757.5 557.6 -88.0' spd  42.0 yaw 49 mode 2 st 0 gl 0 hp 100 frg 0
ARGLOG Carmack t  14.3 pos '-400.0 434.5 -14.8' spd  81.6 yaw 133 mode 2 st 0 gl 0 hp 100 frg 0
ARGEVT Carmack hazard
ARGUS Carmack wallslide
ARGEVT Joe Rogan swim
ARGEVT Joe Rogan swim
ARGEVT Joe Rogan swim
ARGUS Romero wallslide
ARGEVT Joe Rogan swim
ARGEVT Joe Rogan swim
ARGLOG Joe Rogan t  14.9 pos '1496.1 -188.0 -207.1' spd 259.9 yaw 356.3 mode 1 st 0 gl 0 hp 100 frg 0
ARGLOG Romero t  14.9 pos '1739.0 560.0 -88.0' spd  36.2 yaw 41 mode 2 st 0 gl 0 hp 100 frg 0
ARGLOG Carmack t  14.9 pos '-423.1 577.2 -16.0' spd 298.5 yaw 232 mode 2 st 0 gl 0 hp 100 frg 0
ARGEVT Carmack jump
ARGEVT Joe Rogan swim
ARGEVT Joe Rogan swim
ARGEVT Joe Rogan swim
ARGEVT Romero hazard
ARGEVT Joe Rogan swim
ARGLOG Joe Rogan t  15.4 pos '1591.5 -185.2 -207.5' spd 278.2 yaw 196.0 mode 1 st 0 gl 0 hp 100 frg 0
ARGLOG Romero t  15.4 pos '1723.8 560.0 -88.0' spd  27.9 yaw 37 mode 2 st 0 gl 0 hp 100 frg 0
ARGLOG Carmack t  15.4 pos '-447.9 597.6  21.2' spd  32.6 yaw 253 mode 2 st 0 gl 0 hp 100 frg 0
ARGEVT Joe Rogan swim
ARGEVT Joe Rogan swim
ARGEVT Joe Rogan swim
ARGUS Romero wallslide
ARGEVT Carmack jump
ARGEVT Joe Rogan swim
ARGEVT Joe Rogan swim
ARGLOG Joe Rogan t  15.9 pos '1498.6 -221.4 -206.9' spd 284.5 yaw  34.7 mode 1 st 0 gl 0 hp 100 frg 0
ARGLOG Romero t  15.9 pos '1774.3 560.0 -88.0' spd 367.5 yaw 55 mode 2 st 0 gl 0 hp 100 frg 0
ARGLOG Carmack t  15.9 pos '-414.9 518.6  -3.6' spd 320.1 yaw 186 mode 2 st 0 gl 0 hp 100 frg 0
ARGEVT Joe Rogan swim
ARGUS Carmack wallslide
ARGEVT Joe Rogan swim
ARGEVT Joe Rogan swim
ARGEVT Carmack hazard
ARGEVT Romero hazard
ARGEVT Joe Rogan swim
ARGLOG Joe Rogan t  16.4 pos '1576.5 -154.2 -208.0' spd 297.1 yaw 234 mode 1 st 0 gl 0 hp 100 frg 0
ARGEVT Joe Rogan swim
ARGLOG Romero t  16.4 pos '1869.0 560.0 -88.0' spd  46.0 yaw 116 mode 2 st 0 gl 0 hp 100 frg 0
ARGLOG Carmack t  16.4 pos '-400.1 498.7 -16.0' spd 325.9 yaw 169 mode 2 st 0 gl 0 hp 100 frg 0
ARGEVT Joe Rogan swim
ARGEVT Carmack jump
ARGEVT Joe Rogan swim
ARGUS Romero wallslide
ARGEVT Joe Rogan swim
ARGEVT Joe Rogan swim
ARGLOG Joe Rogan t  16.9 pos '1522.5 -244.4 -207.1' spd 298.7 yaw  71.4 mode 1 st 0 gl 0 hp 100 frg 0
ARGLOG Romero t  16.9 pos '1890.0 560.0 -88.0' spd  38.9 yaw 126 mode 2 st 0 gl 0 hp 100 frg 0
ARGLOG Carmack t  16.9 pos '-448.0 638.2  27.2' spd  30.1 yaw 258 mode 2 st 0 gl 0 hp 100 frg 0
ARGEVT Joe Rogan swim
ARGEVT Joe Rogan swim
ARGEVT Joe Rogan swim
ARGEVT Romero hazard
ARGEVT Joe Rogan swim
ARGEVT Joe Rogan swim
ARGEVT Carmack jump
ARGLOG Joe Rogan t  17.4 pos '1547.8 -139.8 -207.1' spd 300.4 yaw 268.1 mode 1 st 0 gl 0 hp 100 frg 0
ARGLOG Romero t  17.4 pos '1907.8 560.0 -88.0' spd  35.0 yaw 134 mode 2 st 0 gl 0 hp 100 frg 0
ARGLOG Carmack t  17.4 pos '-431.6 576.6  -8.6' spd 320.0 yaw 236 mode 2 st 0 gl 0 hp 100 frg 0
ARGEVT Joe Rogan swim
ARGEVT Joe Rogan swim
ARGUS Romero wallslide
ARGEVT Joe Rogan swim
ARGEVT Joe Rogan swim
ARGLOG Joe Rogan t  17.9 pos '1553.6 -248.4 -207.6' spd 310.0 yaw 104.6 mode 1 st 0 gl 0 hp 100 frg 0
ARGLOG Romero t  17.9 pos '1906.3 560.0 -88.0' spd 209.6 yaw 133 mode 2 st 0 gl 0 hp 100 frg 0
ARGLOG Carmack t  17.9 pos '-406.8 560.0  10.1' spd  58.2 yaw 215 mode 2 st 0 gl 0 hp 100 frg 0
ARGEVT Joe Rogan swim
ARGEVT Romero stall
ARGEVT Romero stallnode '1829.0 641.0 -180.0'
ARGEVT Romero jump
ARGEVT Joe Rogan engage Romero
ARGEVT Joe Rogan grab weapon_lightning
ARGEVT Romero route 1 start '1925.0 513.0 -88.0' goal '1829.0 641.0 -180.0'
ARGEVT Joe Rogan swim
ARGEVT Joe Rogan swim
ARGEVT Carmack jump
ARGEVT Joe Rogan swim
ARGEVT Joe Rogan swim
ARGLOG Joe Rogan t  18.4 pos '1525.1 -145.0 -206.9' spd 308.5 yaw  68.9 mode 1 st 0 gl 0 hp 100 frg 0
ARGEVT Romero engage Joe Rogan
ARGUS Romero leadclip
ARGEVT Romero grab item_health
ARGLOG Romero t  18.4 pos '1851.2 560.0 -55.8' spd  33.0 yaw 110.6 mode 2 st 1 gl 0 hp 100 frg 0
ARGLOG Carmack t  18.4 pos '-409.0 445.4 -13.0' spd 332.7 yaw 134 mode 2 st 0 gl 0 hp 100 frg 0
ARGEVT Carmack hazard
ARGEVT Joe Rogan swim
ARGEVT Joe Rogan swim
ARGEVT Romero hazard
ARGUS Romero wallslide
ARGUS Carmack wallslide
ARGEVT Joe Rogan swim
ARGEVT Joe Rogan swim
ARGEVT Joe Rogan pursue
ARGEVT Joe Rogan swim
ARGEVT Romero pursue
ARGLOG Joe Rogan t  18.9 pos '1551.8 -235.9 -207.8' spd 299.3 yaw 69 mode 1 st 0 gl 0 hp 100 frg 0
ARGLOG Romero t  18.9 pos '1884.1 559.3 -88.0' spd  57.8 yaw 245 mode 2 st 1 gl 0 hp 100 frg 0
ARGLOG Carmack t  18.9 pos '-405.2 500.6 -16.0' spd 326.9 yaw 169 mode 2 st 0 gl 0 hp 100 frg 0
ARGEVT Carmack jump
ARGEVT Joe Rogan swim
ARGEVT Joe Rogan swim
ARGEVT Joe Rogan swim
ARGEVT Joe Rogan swim
ARGLOG Joe Rogan t  19.4 pos '1510.9 -163.0 -207.2' spd 200.2 yaw  64.6 mode 1 st 0 gl 0 hp 100 frg 0
ARGLOG Romero t  19.4 pos '1853.5 540.8 -88.0' spd 264.6 yaw 242.1 mode 2 st 1 gl 0 hp 69 frg 0
ARGLOG Carmack t  19.4 pos '-442.3 623.4 -16.0' spd 134.0 yaw 254 mode 2 st 0 gl 0 hp 100 frg 0
ARGEVT Joe Rogan swim
ARGEVT Joe Rogan swim
ARGEVT Romero hazard
ARGEVT Joe Rogan pursue
ARGEVT Romero pursue
ARGEVT Joe Rogan swim
ARGEVT Carmack jump
ARGEVT Joe Rogan swim
ARGLOG Joe Rogan t  19.9 pos '1582.3 -112.0 -183.7' spd  71.8 yaw 65 mode 1 st 0 gl 0 hp 100 frg 0
ARGLOG Romero t  19.9 pos '1895.3 497.6 -88.0' spd 323.9 yaw 240 mode 2 st 1 gl 0 hp 69 frg 0
ARGLOG Carmack t  19.9 pos '-400.8 472.6  -4.6' spd 325.5 yaw 151 mode 2 st 0 gl 0 hp 100 frg 0
ARGUS Carmack wallslide
ARGEVT Carmack hazard
ARGUS Romero hunch weapon_lightning
ARGEVT Romero goal item_health
ARGUS routecache adopt
ARGEVT Romero route 1 start '1925.0 513.0 -88.0' goal '1829.0 641.0 -180.0'
ARGEVT Romero pursue
ARGLOG Joe Rogan t  20.5 pos '1621.5 -102.4 -168.0' spd 236.9 yaw 68 mode 1 st 0 gl 0 hp 100 frg 0
ARGLOG Romero t  20.5 pos '1904.4 442.6 -88.0' spd 320.9 yaw  30.4 mode 2 st 1 gl 0 hp 69 frg 0
ARGLOG Carmack t  20.5 pos '-405.5 511.8 -16.0' spd 346.9 yaw 178 mode 2 st 0 gl 0 hp 100 frg 0
ARGEVT Carmack jump
ARGEVT Romero hazard
ARGLOG Joe Rogan t  21.0 pos '1690.5  41.8 -168.0' spd 320.2 yaw 70 mode 1 st 0 gl 0 hp 100 frg 0
ARGLOG Romero t  21.0 pos '2021.7 507.1 -88.0' spd  65.8 yaw 269.9 mode 2 st 1 gl 0 hp 69 frg 0
ARGLOG Carmack t  21.0 pos '-448.0 604.8  26.9' spd  31.2 yaw 254 mode 2 st 0 gl 0 hp 100 frg 0
ARGEVT Joe Rogan swim
ARGEVT Carmack jump
ARGEVT Joe Rogan swim
ARGLOG Joe Rogan t  21.5 pos '1753.3 198.7 -207.1' spd 317.9 yaw 71 mode 1 st 0 gl 0 hp 100 frg 0
ARGLOG Romero t  21.5 pos '1965.6 362.0 -88.0' spd 322.1 yaw 230 mode 2 st 1 gl 0 hp 69 frg 0
ARGLOG Carmack t  21.5 pos '-426.0 544.8  -0.2' spd 320.1 yaw 296 mode 2 st 0 gl 0 hp 100 frg 0
ARGEVT Joe Rogan swim
ARGEVT Joe Rogan swim
ARGEVT Carmack hazard
ARGEVT Romero pursue
ARGEVT Romero hazard
ARGEVT Joe Rogan swim
ARGUS Joe Rogan hunch item_health
ARGUS Romero wallslide
ARGEVT Joe Rogan swim
ARGUS Carmack wallslide
ARGLOG Joe Rogan t  22.0 pos '1808.7 340.8 -207.5' spd  85.4 yaw 249.9 mode 1 st 0 gl 0 hp 100 frg 0
ARGLOG Romero t  22.0 pos '1936.1 266.1 -88.0' spd 207.4 yaw  96.1 mode 2 st 1 gl 0 hp 69 frg 0
ARGLOG Carmack t  22.0 pos '-400.5 446.7 -16.0' spd 202.5 yaw 138 mode 2 st 0 gl 0 hp 100 frg 0
ARGEVT Joe Rogan plan powerup via weapon
ARGEVT Joe Rogan goal weapon_lightning
ARGEVT Joe Rogan route 5 start '1701.0 321.0 -392.0' goal '1541.0 -191.0 -392.0'
ARGEVT Joe Rogan swim
ARGEVT Carmack jump
ARGLOG Joe Rogan t  22.5 pos '1761.8 320.7 -270.7' spd 181.1 yaw 255 mode 2 st 0 gl 0 hp 100 frg 0
ARGLOG Romero t  22.5 pos '1935.7 424.9 -88.0' spd 320.8 yaw 116 mode 2 st 1 gl 0 hp 69 frg 0
ARGLOG Carmack t  22.5 pos '-437.6 610.4 -16.0' spd 332.0 yaw 249 mode 2 st 0 gl 0 hp 100 frg 0
ARGEVT Romero hazard
ARGUS Romero wallslide
ARGLOG Joe Rogan t  23.0 pos '1666.6 280.1 -337.7' spd 202.7 yaw 300 mode 2 st 0 gl 0 hp 100 frg 0
ARGLOG Romero t  23.0 pos '1863.8 559.9 -88.0' spd 377.7 yaw 113 mode 2 st 1 gl 0 hp 69 frg 0
ARGLOG Carmack t  23.0 pos '-417.7 523.8 -16.0' spd 323.9 yaw 302 mode 2 st 0 gl 0 hp 100 frg 0
ARGEVT Carmack jump
ARGUS Carmack wallslide
ARGEVT Carmack hazard
ARGLOG Joe Rogan t  23.5 pos '1646.2 177.1 -352.4' spd 230.7 yaw 292 mode 2 st 0 gl 0 hp 100 frg 0
ARGLOG Romero t  23.5 pos '1788.5 559.9 -88.0' spd  41.1 yaw 63 mode 2 st 1 gl 0 hp 69 frg 0
ARGLOG Carmack t  23.5 pos '-400.1 459.1 -16.0' spd 322.1 yaw 144 mode 2 st 0 gl 0 hp 100 frg 0
ARGEVT Carmack jump
ARGEVT Romero hazard
ARGUS Romero wallslide
ARGLOG Joe Rogan t  24.0 pos '1700.5  63.9 -351.6' spd 262.2 yaw 291 mode 2 st 0 gl 0 hp 100 frg 0
ARGLOG Romero t  24.0 pos '1769.0 559.9 -88.0' spd  34.3 yaw 53 mode 2 st 1 gl 0 hp 69 frg 0
ARGLOG Carmack t  24.0 pos '-448.0 605.3  22.2' spd  26.5 yaw 254 mode 2 st 0 gl 0 hp 100 frg 0
ARGEVT Carmack abandon
ARGEVT Carmack goal weapon_rocketlauncher
ARGEVT Carmack route 19 start '-411.0 513.0 -16.0' goal '1509.0 481.0 -88.0'
ARGLOG Joe Rogan t  24.5 pos '1795.5  16.0 -351.8' spd 205.3 yaw 233 mode 2 st 0 gl 0 hp 100 frg 0
ARGLOG Romero t  24.5 pos '1752.2 559.9 -88.0' spd  31.3 yaw 46 mode 2 st 1 gl 0 hp 69 frg 0
ARGLOG Carmack t  24.5 pos '-441.9 587.8 -16.0' spd 148.3 yaw 13 mode 2 st 0 gl 0 hp 100 frg 0
ARGEVT Carmack hazard
ARGEVT Romero hazard
ARGUS Romero wallslide
ARGLOG Joe Rogan t  25.0 pos '1865.8 -30.3 -351.5' spd 190.9 yaw 216 mode 2 st 0 gl 0 hp 100 frg 0
ARGLOG Romero t  25.0 pos '1736.1 560.0 -88.0' spd  28.8 yaw 41 mode 2 st 1 gl 0 hp 69 frg 0
ARGLOG Carmack t  25.0 pos '-401.2 728.7 -16.0' spd 322.4 yaw 345 mode 2 st 0 gl 0 hp 100 frg 0
ARGUS Carmack wallslide
ARGLOG Joe Rogan t  25.5 pos '1876.4 -144.2 -350.8' spd 251.8 yaw 192 mode 2 st 0 gl 0 hp 100 frg 0
ARGLOG Romero t  25.5 pos '1721.1 560.0 -88.0' spd  28.8 yaw 36 mode 2 st 1 gl 0 hp 69 frg 0
ARGLOG Carmack t  25.5 pos '-354.1 752.4 -16.0' spd 342.9 yaw 340 mode 2 st 0 gl 0 hp 100 frg 0
ARGEVT Romero hazard
ARGUS Romero wallslide
ARGLOG Joe Rogan t  26.0 pos '1836.9 -260.2 -351.6' spd 214.6 yaw 166 mode 2 st 0 gl 0 hp 100 frg 0
ARGLOG Romero t  26.0 pos '1706.7 560.0 -88.0' spd  28.2 yaw 33 mode 2 st 1 gl 0 hp 69 frg 0
ARGLOG Carmack t  26.0 pos '-181.2 690.6   8.0' spd 324.5 yaw 342 mode 2 st 0 gl 0 hp 100 frg 0
ARGEVT Romero stall
ARGEVT Romero stallnode '1829.0 641.0 -180.0'
ARGEVT Romero jump
ARGLOG Joe Rogan t  26.5 pos '1735.5 -279.0 -353.7' spd 223.2 yaw 155 mode 2 st 0 gl 0 hp 100 frg 0
ARGLOG Romero t  26.5 pos '1731.5 560.0 -56.5' spd 164.5 yaw 1 mode 0 st 2 gl 0 hp 69 frg 0
ARGLOG Carmack t  26.5 pos '-28.5 628.0  40.0' spd 320.3 yaw 346 mode 2 st 0 gl 0 hp 100 frg 0
ARGEVT Romero route 2 start '1669.0 513.0 -88.0' goal '1829.0 641.0 -180.0'
ARGLOG Joe Rogan t  27.1 pos '1619.2 -232.5 -305.7' spd 269.5 yaw 151 mode 1 st 0 gl 0 hp 100 frg 0
ARGLOG Romero t  27.1 pos '1814.4 560.0 -87.8' spd 164.5 yaw 79 mode 2 st 2 gl 0 hp 69 frg 0
ARGLOG Carmack t  27.1 pos '126.6 583.8  56.0' spd 320.0 yaw 347 mode 2 st 0 gl 0 hp 100 frg 0
ARGLOG Joe Rogan t  27.6 pos '1499.7 -160.2 -250.0' spd 249.6 yaw  58.6 mode 1 st 0 gl 0 hp 100 frg 0
ARGLOG Romero t  27.6 pos '1975.6 523.7 -88.0' spd 405.0 yaw  53.4 mode 2 st 2 gl 0 hp 69 frg 0
ARGLOG Carmack t  27.6 pos '286.0 544.2  56.0' spd 320.0 yaw 346 mode 2 st 0 gl 0 hp 100 frg 0
ARGEVT Romero hazard
ARGLOG Joe Rogan t  28.1 pos '1495.6 -122.3 -217.6' spd 118.8 yaw 305 mode 1 st 0 gl 0 hp 100 frg 0
ARGLOG Romero t  28.1 pos '1953.4 540.6 -88.0' spd 357.2 yaw 141 mode 2 st 2 gl 0 hp 69 frg 0
ARGLOG Carmack t  28.1 pos '443.0 508.6  56.0' spd 320.1 yaw 347 mode 2 st 0 gl 0 hp 100 frg 0
ARGUS Romero wallslide
ARGEVT Carmack hazard
ARGEVT Joe Rogan swim
ARGEVT Joe Rogan swim
ARGUS Carmack wallslide
ARGLOG Joe Rogan t  28.6 pos '1551.9 -193.6 -206.8' spd 195.8 yaw 252.7 mode 1 st 0 gl 0 hp 100 frg 0
ARGLOG Romero t  28.6 pos '1801.6 559.9 -88.0' spd  88.9 yaw 71 mode 2 st 2 gl 0 hp 69 frg 0
ARGLOG Carmack t  28.6 pos '552.0 530.1  56.0' spd  80.6 yaw 339 mode 2 st 0 gl 0 hp 100 frg 0
ARGEVT Joe Rogan swim
ARGEVT Romero hazard
ARGEVT Joe Rogan swim
ARGEVT Joe Rogan swim
ARGEVT Joe Rogan swim
ARGLOG Joe Rogan t  29.1 pos '1529.0 -267.3 -208.2' spd 221.0 yaw  92.7 mode 1 st 0 gl 0 hp 100 frg 0
ARGEVT Joe Rogan swim
ARGLOG Romero t  29.1 pos '1781.9 556.2 -88.0' spd  34.4 yaw 60 mode 2 st 2 gl 0 hp 69 frg 0
ARGLOG Carmack t  29.1 pos '552.0 547.2  56.0' spd  30.6 yaw 336 mode 2 st 0 gl 0 hp 100 frg 0
ARGEVT Joe Rogan swim
ARGEVT Joe Rogan swim
ARGEVT Carmack hazard
ARGEVT Joe Rogan swim
ARGEVT Joe Rogan swim
ARGUS Carmack wallslide
ARGLOG Joe Rogan t  29.6 pos '1479.2 -177.7 -207.1' spd 231.7 yaw 348 mode 1 st 0 gl 0 hp 100 frg 0
ARGLOG Romero t  29.6 pos '1765.2 553.0 -88.0' spd  30.8 yaw 54 mode 2 st 2 gl 0 hp 69 frg 0
ARGLOG Carmack t  29.6 pos '552.0 563.0  56.0' spd  28.9 yaw 333 mode 2 st 0 gl 0 hp 100 frg 0
ARGEVT Joe Rogan swim
ARGEVT Romero hazard
ARGEVT Joe Rogan swim
ARGEVT Joe Rogan swim
ARGEVT Romero stall
ARGEVT Romero stallnode '1829.0 641.0 -180.0'
ARGEVT Romero jump
ARGEVT Joe Rogan swim
ARGEVT Joe Rogan swim
ARGLOG Joe Rogan t  30.1 pos '1575.4 -145.6 -208.0' spd 241.3 yaw 236 mode 1 st 0 gl 0 hp 100 frg 0
ARGLOG Romero t  30.1 pos '1806.2 560.0 -54.5' spd 205.8 yaw 58 mode 0 st 3 gl 0 hp 69 frg 0
ARGLOG Carmack t  30.1 pos '552.0 578.0  56.0' spd  28.7 yaw 331 mode 2 st 0 gl 0 hp 100 frg 0
ARGUS routecache adopt
ARGEVT Romero route 1 start '1925.0 513.0 -88.0' goal '1829.0 641.0 -180.0'
ARGEVT Joe Rogan swim
ARGEVT Joe Rogan swim
ARGEVT Joe Rogan swim
ARGEVT Joe Rogan engage Romero
ARGEVT Joe Rogan grab weapon_lightning
ARGEVT Joe Rogan swim
ARGUS Carmack wallslide
ARGLOG Joe Rogan t  30.6 pos '1543.5 -237.5 -207.7' spd 262.5 yaw  78.2 mode 1 st 0 gl 0 hp 100 frg 0
ARGLOG Romero t  30.6 pos '1912.0 559.4 -88.0' spd 213.1 yaw 135 mode 2 st 3 gl 0 hp 69 frg 0
ARGLOG Carmack t  30.6 pos '552.0 480.7  56.0' spd 382.2 yaw 348 mode 2 st 0 gl 0 hp 100 frg 0
ARGEVT Joe Rogan swim
ARGEVT Joe Rogan swim
ARGEVT Joe Rogan swim
ARGEVT Carmack hazard
ARGEVT Joe Rogan pursue
ARGEVT Joe Rogan swim
ARGEVT Joe Rogan swim
ARGEVT Romero engage Joe Rogan
ARGUS Romero leadclip
ARGLOG Joe Rogan t  31.1 pos '1536.5 -131.6 -207.2' spd 242.4 yaw  61.7 mode 1 st 0 gl 0 hp 100 frg 0
ARGLOG Romero t  31.1 pos '1835.7 420.6 -88.0' spd 478.4 yaw 144.2 mode 2 st 3 gl 0 hp 69 frg 0
ARGLOG Carmack t  31.1 pos '552.0 404.8  56.0' spd  47.9 yaw 2 mode 2 st 0 gl 0 hp 100 frg 0
ARGEVT Joe Rogan swim
ARGEVT Joe Rogan swim
ARGEVT Joe Rogan swim
ARGEVT Joe Rogan swim
ARGUS Carmack wallslide
ARGEVT Romero grab weapon_rocketlauncher
ARGLOG Joe Rogan t  31.6 pos '1596.5 -181.5 -207.4' spd 186.8 yaw  76.4 mode 1 st 0 gl 0 hp 100 frg 0
ARGLOG Romero t  31.6 pos '1675.0 400.4 -88.0' spd 242.9 yaw 264.9 mode 2 st 3 gl 0 hp 69 frg 0
ARGLOG Carmack t  31.6 pos '552.0 383.8  56.0' spd  37.7 yaw 6 mode 2 st 0 gl 0 hp 100 frg 0
ARGEVT Joe Rogan swim
ARGEVT Joe Rogan swim
ARGEVT Joe Rogan swim
ARGEVT Carmack hazard
ARGEVT Joe Rogan swim
ARGEVT Carmack plan powerup via weapon
ARGEVT Carmack goal weapon_lightning
ARGEVT Carmack route 14 start '517.0 289.0  56.0' goal '1541.0 -191.0 -392.0'
ARGEVT Joe Rogan swim
ARGLOG Joe Rogan t  32.1 pos '1576.9 -256.3 -207.5' spd 131.2 yaw  91.8 mode 1 st 0 gl 0 hp 100 frg 0
ARGLOG Romero t  32.1 pos '1541.0 443.9 -88.0' spd 265.6 yaw 268.2 mode 0 st 3 gl 0 hp 69 frg 0
ARGLOG Carmack t  32.1 pos '552.0 363.3  56.0' spd  43.2 yaw 42 mode 2 st 0 gl 0 hp 100 frg 0
ARGEVT Romero hazard
ARGEVT Romero route 3 start '1541.0 417.0 -88.0' goal '1829.0 641.0 -180.0'
ARGEVT Joe Rogan swim
ARGEVT Joe Rogan swim
ARGUS Romero wallslide
ARGEVT Joe Rogan swim
ARGEVT Joe Rogan swim
ARGLOG Joe Rogan t  32.6 pos '1603.1 -304.7 -207.0' spd  66.6 yaw  91.7 mode 1 st 0 gl 0 hp 100 frg 0
ARGLOG Romero t  32.6 pos '1596.5 400.0 -88.0' spd  72.4 yaw 271.4 mode 2 st 3 gl 0 hp 65 frg 0
ARGLOG Carmack t  32.6 pos '512.5 485.7  56.0' spd 364.6 yaw 345 mode 2 st 0 gl 0 hp 100 frg 0
ARGEVT Joe Rogan swim
ARGEVT Joe Rogan swim
ARGEVT Joe Rogan swim
ARGEVT Joe Rogan swim
ARGEVT Carmack hazard
ARGEVT Joe Rogan swim
ARGLOG Joe Rogan t  33.1 pos '1631.0 -280.3 -208.0' spd  84.2 yaw  90.1 mode 1 st 0 gl 0 hp 100 frg 0
ARGLOG Romero t  33.1 pos '1604.1 400.0 -88.0' spd   2.5 yaw 270.3 mode 2 st 3 gl 0 hp 57 frg 0
ARGLOG Carmack t  33.1 pos '332.0 503.1  56.0' spd 321.0 yaw 351 mode 2 st 0 gl 0 hp 100 frg 0
ARGUS Romero leadclip
ARGEVT Joe Rogan swim
ARGEVT Joe Rogan swim
ARGEVT Joe Rogan swim
ARGEVT Joe Rogan swim
ARGLOG Joe Rogan t  33.6 pos '1663.4 -246.5 -207.7' spd  97.6 yaw  95.7 mode 1 st 0 gl 0 hp 100 frg 0
ARGLOG Romero t  33.6 pos '1605.9 400.0 -88.0' spd   8.1 yaw 276.0 mode 2 st 3 gl 0 hp 49 frg 0
ARGLOG Carmack t  33.6 pos '424.3 483.5  56.0' spd 320.0 yaw 351 mode 2 st 0 gl 0 hp 100 frg 0
ARGEVT Joe Rogan swim
ARGEVT Joe Rogan swim
ARGEVT Joe Rogan swim
ARGEVT Joe Rogan swim
ARGEVT Carmack hazard
ARGEVT Joe Rogan swim
ARGLOG Joe Rogan t  34.2 pos '1699.0 -206.5 -207.3' spd 114.4 yaw  98.5 mode 1 st 0 gl 0 hp 100 frg 0
ARGLOG Romero t  34.2 pos '1609.6 400.0 -88.0' spd  16.7 yaw 281.8 mode 2 st 3 gl 0 hp 49 frg 0
ARGLOG Carmack t  34.2 pos '550.5 511.7  56.0' spd 208.9 yaw 342 mode 2 st 0 gl 0 hp 100 frg 0
ARGUS Carmack wallslide
ARGUS Romero wallslide
ARGEVT Joe Rogan swim
ARGEVT Joe Rogan swim
ARGEVT Joe Rogan swim
ARGEVT Joe Rogan swim
ARGLOG Joe Rogan t  34.7 pos '1740.9 -163.9 -208.2' spd 122.9 yaw 101.4 mode 1 st 0 gl 0 hp 100 frg 0
ARGEVT Joe Rogan swim
ARGLOG Romero t  34.7 pos '1636.3 400.0 -88.0' spd 100.2 yaw 280.4 mode 2 st 3 gl 0 hp 45 frg 0
ARGLOG Carmack t  34.7 pos '551.9 536.1  56.0' spd  32.8 yaw 338 mode 2 st 0 gl 0 hp 100 frg 0
ARGEVT Joe Rogan swim
ARGUS Romero threatmove retreat 2
ARGEVT Romero retreat
ARGEVT Joe Rogan swim
ARGEVT Joe Rogan swim
ARGEVT Carmack hazard
ARGEVT Joe Rogan swim
ARGLOG Joe Rogan t  35.2 pos '1784.3 -112.8 -207.2' spd 134.9 yaw 100.6 mode 1 st 0 gl 0 hp 100 frg 0
ARGLOG Romero t  35.2 pos '1659.5 506.3 -88.0' spd 321.3 yaw 285.8 mode 2 st 3 gl 0 hp 33 frg 0
ARGLOG Carmack t  35.2 pos '551.9 552.7  56.0' spd  30.9 yaw 335 mode 2 st 0 gl 0 hp 100 frg 0
ARGUS Carmack wallslide
ARGEVT Joe Rogan swim
ARGUS Romero leadclip
ARGEVT Romero hazard
ARGLOG Joe Rogan t  35.7 pos '1754.3 -106.3 -162.6' spd  86.1 yaw  95.2 mode 1 st 0 gl 0 hp 100 frg 0
ARGLOG Romero t  35.7 pos '1712.7 555.1 -88.0' spd 182.6 yaw 275.1 mode 2 st 3 gl 0 hp 8 frg 0
ARGLOG Carmack t  35.7 pos '551.9 568.4  56.0' spd  32.6 yaw 333 mode 2 st 0 gl 0 hp 100 frg 0
ARGUS Romero wallslide
ARGEVT Carmack hazard
ARGEVT Joe Rogan pursue
ARGEVT Romero pursue
ARGLOG Joe Rogan t  36.2 pos '1734.8  26.9 -168.0' spd 320.0 yaw 91 mode 1 st 0 gl 0 hp 100 frg 0
ARGLOG Romero t  36.2 pos '1767.4 550.6 -88.0' spd 211.2 yaw 269 mode 2 st 3 gl 0 hp 8 frg 0
ARGLOG Carmack t  36.2 pos '551.9 583.5  56.0' spd  27.3 yaw 330 mode 2 st 0 gl 0 hp 100 frg 0
ARGUS Carmack wallslide
ARGEVT Carmack stall
ARGEVT Carmack stallnode '645.0 449.0  56.0'
ARGEVT Carmack jump
ARGEVT Carmack route 14 start '517.0 641.0  56.0' goal '1541.0 -191.0 -392.0'
ARGUS Romero prefire
ARGEVT Joe Rogan swim
ARGUS Joe Rogan threatmove range 3
ARGUS Romero threatmove range 2
ARGLOG Joe Rogan t  36.7 pos '1735.6 194.7 -208.2' spd 316.3 yaw  83.6 mode 1 st 0 gl 0 hp 100 frg 0
ARGEVT Joe Rogan swim
ARGLOG Romero t  36.7 pos '1778.5 400.7 -88.0' spd  40.0 yaw 264.3 mode 2 st 3 gl 0 hp 8 frg 0
ARGLOG Carmack t  36.7 pos '552.0 474.2  97.9' spd 234.6 yaw 345 mode 2 st 1 gl 0 hp 100 frg 0
ARGEVT Joe Rogan swim
ARGEVT Joe Rogan swim
ARGEVT Joe Rogan swim
ARGEVT Joe Rogan swim
ARGEVT Romero pursue
ARGEVT Carmack hazard
ARGLOG Joe Rogan t  37.2 pos '1779.6 339.4 -207.0' spd 284.7 yaw 338.0 mode 1 st 0 gl 0 hp 100 frg 0
ARGLOG Romero t  37.2 pos '1785.2 535.3 -88.0' spd  84.6 yaw 262 mode 2 st 3 gl 0 hp 8 frg 0
ARGLOG Carmack t  37.2 pos '480.9 438.4  56.0' spd 352.6 yaw 3 mode 2 st 1 gl 0 hp 100 frg 0
ARGEVT Joe Rogan swim
ARGEVT Joe Rogan swim
ARGEVT Joe Rogan swim
ARGEVT Joe Rogan swim
ARGEVT Joe Rogan pursue
ARGEVT Joe Rogan swim
ARGUS Romero wallslide
ARGLOG Joe Rogan t  37.7 pos '1858.1 320.0 -207.2' spd 179.2 yaw 220 mode 1 st 0 gl 0 hp 100 frg 0
ARGLOG Romero t  37.7 pos '1765.4 401.5 -88.0' spd  41.6 yaw 263 mode 2 st 3 gl 0 hp 8 frg 0
ARGLOG Carmack t  37.7 pos '431.2 609.8  56.0' spd 426.6 yaw 335 mode 2 st 1 gl 0 hp 100 frg 0
ARGEVT Joe Rogan swim
ARGEVT Joe Rogan swim
ARGEVT Joe Rogan swim
ARGEVT Joe Rogan swim
ARGLOG Joe Rogan t  38.2 pos '1827.3 242.2 -206.9' spd 198.2 yaw 112.9 mode 1 st 0 gl 0 hp 100 frg 0
ARGLOG Romero t  38.2 pos '1750.2 400.0 -88.0' spd   2.3 yaw 267 mode 2 st 3 gl 0 hp 8 frg 0
ARGLOG Carmack t  38.2 pos '547.0 581.7  56.0' spd 355.1 yaw 331 mode 2 st 1 gl 0 hp 100 frg 0
ARGEVT Joe Rogan swim
ARGUS Carmack wallslide
ARGEVT Joe Rogan swim
ARGEVT Joe Rogan swim
ARGEVT Joe Rogan swim
ARGEVT Joe Rogan swim
ARGLOG Joe Rogan t  38.7 pos '1730.9 257.7 -207.9' spd 192.5 yaw 71 mode 1 st 0 gl 0 hp 100 frg 0
ARGLOG Romero t  38.7 pos '1748.9 400.0 -88.0' spd   2.3 yaw 267 mode 2 st 3 gl 0 hp 8 frg 0
ARGLOG Carmack t  38.7 pos '551.5 417.8  56.0' spd 101.2 yaw 0 mode 2 st 1 gl 0 hp 100 frg 0
ARGEVT Carmack hazard
ARGEVT Joe Rogan swim
ARGEVT Joe Rogan swim
ARGEVT Joe Rogan swim
ARGEVT Joe Rogan swim
ARGUS Joe Rogan hunch item_health
ARGLOG Joe Rogan t  39.2 pos '1664.6 326.9 -207.5' spd 189.2 yaw  46.9 mode 1 st 0 gl 0 hp 100 frg 0
ARGUS Romero hunch item_artifact_super_damage
ARGLOG Romero t  39.2 pos '1748.1 400.0 -88.0' spd   1.6 yaw 306.1 mode 2 st 3 gl 0 hp 8 frg 0
ARGLOG Carmack t  39.2 pos '548.6 395.9  56.0' spd  32.9 yaw 4 mode 2 st 1 gl 0 hp 100 frg 0
ARGEVT Joe Rogan swim
ARGEVT Joe Rogan plan powerup via weapon
ARGEVT Joe Rogan goal weapon_lightning
ARGEVT Romero goal item_health
ARGEVT Joe Rogan route 5 start '1605.0   1.0 -168.0' goal '1541.0 -191.0 -392.0'
ARGEVT Joe Rogan swim
ARGEVT Joe Rogan swim
ARGUS routecache adopt
ARGEVT Joe Rogan route 5 start '1605.0   1.0 -168.0' goal '1541.0 -191.0 -392.0'
ARGEVT Romero route 2 start '1765.0 385.0 -64.0' goal '1829.0 641.0 -180.0'
ARGEVT Joe Rogan swim
ARGEVT Joe Rogan swim
ARGLOG Joe Rogan t  39.8 pos '1619.1 325.3 -206.8' spd  97.4 yaw 295 mode 2 st 0 gl 0 hp 100 frg 0
ARGLOG Romero t  39.8 pos '1887.8 422.3 -88.0' spd 380.2 yaw 105 mode 2 st 3 gl 0 hp 8 frg 0
ARGLOG Carmack t  39.8 pos '544.3 379.8  56.0' spd  30.7 yaw 7 mode 2 st 1 gl 0 hp 100 frg 0
ARGEVT Carmack hazard
ARGEVT Joe Rogan swim
ARGEVT Joe Rogan swim
ARGUS Carmack wallslide
ARGEVT Joe Rogan swim
ARGEVT Romero hazard
ARGEVT Joe Rogan swim
ARGLOG Joe Rogan t  40.3 pos '1578.2 295.2 -208.4' spd 105.1 yaw 302 mode 2 st 0 gl 0 hp 100 frg 0
ARGEVT Joe Rogan swim
ARGLOG Romero t  40.3 pos '1976.6 534.5 -88.0' spd  48.2 yaw 144 mode 2 st 3 gl 0 hp 8 frg 0
ARGLOG Carmack t  40.3 pos '551.9 469.0  56.0' spd 112.1 yaw 350 mode 2 st 1 gl 0 hp 100 frg 0
ARGEVT Joe Rogan swim
ARGUS Romero wallslide
ARGEVT Joe Rogan swim
ARGEVT Joe Rogan swim
ARGEVT Joe Rogan swim
ARGLOG Joe Rogan t  40.8 pos '1545.4 248.2 -206.9' spd 121.7 yaw 309 mode 2 st 0 gl 0 hp 100 frg 0
ARGLOG Romero t  40.8 pos '1840.1 555.7 -88.0' spd 333.8 yaw 97 mode 2 st 3 gl 0 hp 8 frg 0
ARGLOG Carmack t  40.8 pos '552.0 498.8  56.0' spd  45.1 yaw 344 mode 2 st 1 gl 0 hp 100 frg 0
ARGEVT Carmack hazard
ARGEVT Joe Rogan swim
ARGEVT Joe Rogan swim
ARGEVT Joe Rogan swim
ARGEVT Romero hazard
ARGEVT Joe Rogan swim
ARGLOG Joe Rogan t  41.3 pos '1521.1 187.2 -208.3' spd 133.3 yaw 318 mode 2 st 0 gl 0 hp 100 frg 0
ARGEVT Joe Rogan swim
ARGLOG Romero t  41.3 pos '1778.1 557.5 -88.0' spd  56.2 yaw 58 mode 2 st 3 gl 0 hp 8 frg 0
ARGLOG Carmack t  41.3 pos '552.0 519.5  56.0' spd  38.9 yaw 341 mode 2 st 1 gl 0 hp 100 frg 0
ARGEVT Joe Rogan swim
ARGEVT Joe Rogan swim
ARGUS Romero wallslide
ARGEVT Joe Rogan swim
ARGEVT Joe Rogan swim
ARGEVT Carmack hazard
ARGLOG Joe Rogan t  41.8 pos '1508.5 116.3 -207.2' spd 145.5 yaw 329 mode 2 st 0 gl 0 hp 100 frg 0
ARGLOG Romero t  41.8 pos '1756.8 560.0 -88.0' spd  32.9 yaw 48 mode 2 st 3 gl 0 hp 8 frg 0
ARGLOG Carmack t  41.8 pos '552.0 537.4  56.0' spd  32.9 yaw 338 mode 2 st 1 gl 0 hp 100 frg 0
ARGEVT Joe Rogan swim
ARGEVT Joe Rogan swim
ARGEVT Joe Rogan swim
ARGEVT Romero hazard
ARGEVT Joe Rogan swim
ARGEVT Joe Rogan swim
ARGLOG Joe Rogan t  42.3 pos '1511.0  48.0 -207.1' spd  36.9 yaw 343 mode 2 st 0 gl 0 hp 100 frg 0
ARGLOG Romero t  42.3 pos '1740.4 560.0 -88.0' spd  33.4 yaw 42 mode 2 st 3 gl 0 hp 8 frg 0
ARGLOG Carmack t  42.3 pos '552.0 554.0  56.0' spd  33.8 yaw 335 mode 2 st 1 gl 0 hp 100 frg 0
ARGEVT Joe Rogan swim
ARGEVT Joe Rogan swim
ARGUS Romero wallslide
ARGEVT Joe Rogan swim
ARGEVT Joe Rogan swim
ARGUS Carmack wallslide
ARGLOG Joe Rogan t  42.8 pos '1538.8  48.0 -207.1' spd  70.2 yaw 341 mode 2 st 0 gl 0 hp 100 frg 0
ARGLOG Romero t  42.8 pos '1724.7 560.0 -88.0' spd  32.1 yaw 37 mode 2 st 3 gl 0 hp 8 frg 0
ARGLOG Carmack t  42.8 pos '552.0 561.3  56.0' spd 148.8 yaw 334 mode 2 st 1 gl 0 hp 100 frg 0
ARGEVT Joe Rogan swim
ARGEVT Joe Rogan swim
ARGEVT Joe Rogan swim
ARGEVT Joe Rogan swim
ARGEVT Joe Rogan swim
ARGLOG Joe Rogan t  43.3 pos '1580.9  48.0 -208.0' spd  97.8 yaw 339 mode 2 st 0 gl 0 hp 100 frg 0
ARGLOG Romero t  43.3 pos '1821.6 560.0 -88.0' spd 324.0 yaw 84 mode 2 st 3 gl 0 hp 8 frg 0
ARGLOG Carmack t  43.3 pos '552.0 423.0  56.0' spd 106.5 yaw 359 mode 2 st 1 gl 0 hp 100 frg 0
ARGEVT Carmack hazard
ARGEVT Joe Rogan swim
ARGEVT Romero hazard
ARGEVT Joe Rogan swim
ARGUS Romero wallslide
ARGEVT Joe Rogan swim
ARGEVT Joe Rogan swim
ARGUS Carmack wallslide
ARGLOG Joe Rogan t  43.8 pos '1636.0  48.0 -207.5' spd 115.7 yaw 334 mode 2 st 0 gl 0 hp 100 frg 0
ARGLOG Romero t  43.8 pos '1874.4 560.0 -88.0' spd  42.4 yaw 119 mode 2 st 3 gl 0 hp 8 frg 0
ARGLOG Carmack t  43.8 pos '552.0 397.5  56.0' spd  40.1 yaw 3 mode 2 st 1 gl 0 hp 100 frg 0
ARGEVT Joe Rogan swim
ARGEVT Joe Rogan swim
ARGEVT Joe Rogan swim
ARGEVT Joe Rogan swim
ARGLOG Joe Rogan t  44.3 pos '1699.5  48.0 -171.1' spd 126.3 yaw 326 mode 2 st 0 gl 0 hp 100 frg 0
ARGLOG Romero t  44.3 pos '1894.2 560.0 -88.0' spd  35.0 yaw 128 mode 2 st 3 gl 0 hp 8 frg 0
ARGLOG Carmack t  44.3 pos '552.0 378.2  56.0' spd  34.3 yaw 7 mode 2 st 1 gl 0 hp 100 frg 0
ARGEVT Carmack hazard
ARGEVT Romero hazard
ARGUS Romero wallslide
ARGUS Carmack wallslide
ARGLOG Joe Rogan t  44.8 pos '1762.8  48.0 -197.7' spd 126.3 yaw 312 mode 2 st 0 gl 0 hp 100 frg 0
ARGLOG Romero t  44.8 pos '1911.3 560.0 -88.0' spd  31.8 yaw 135 mode 2 st 3 gl 0 hp 8 frg 0
ARGLOG Carmack t  44.8 pos '552.0 361.3  56.0' spd  31.6 yaw 11 mode 2 st 1 gl 0 hp 100 frg 0
ARGEVT Joe Rogan swim
ARGEVT Joe Rogan swim
ARGEVT Joe Rogan swim
ARGLOG Joe Rogan t  45.4 pos '1797.8  46.8 -163.0' spd 30 yaw 300 mode 2 st 0 gl 0 hp 100 frg 0
ARGLOG Romero t  45.4 pos '1879.8 560.0 -88.0' spd 305.9 yaw 122 mode 2 st 3 gl 0 hp 8 frg 0
ARGLOG Carmack t  45.4 pos '552.0 345.2  56.0' spd  29.8 yaw 14 mode 2 st 1 gl 0 hp 100 frg 0
ARGEVT Carmack hazard
ARGUS Romero wallslide
ARGEVT Romero hazard
ARGUS Carmack wallslide
ARGLOG Joe Rogan t  45.9 pos '1798.3 -16.9 -168.0' spd 320.0 yaw 277 mode 2 st 0 gl 0 hp 100 frg 0
ARGLOG Romero t  45.9 pos '1795.3 559.0 -88.0' spd  33.8 yaw 67 mode 2 st 3 gl 0 hp 8 frg 0
ARGLOG Carmack t  45.9 pos '552.0 330.1  56.0' spd  29.4 yaw 16 mode 2 st 1 gl 0 hp 100 frg 0
ARGLOG Joe Rogan t  46.4 pos '1886.0 -108.3 -168.0' spd 330.5 yaw 253 mode 2 st 0 gl 0 hp 100 frg 0
ARGLOG Romero t  46.4 pos '1779.3 553.8 -88.0' spd  31.0 yaw 60 mode 2 st 3 gl 0 hp 8 frg 0
ARGLOG Carmack t  46.4 pos '552.0 315.3  56.0' spd  28.2 yaw 19 mode 2 st 1 gl 0 hp 100 frg 0
ARGEVT Carmack hazard
ARGEVT Romero hazard
ARGUS Carmack wallslide
ARGLOG Joe Rogan t  46.9 pos '1783.9  25.8 -168.0' spd 470.6 yaw 236 mode 2 st 0 gl 0 hp 100 frg 0
ARGLOG Romero t  46.9 pos '1755.5 559.6 -88.0' spd  42.0 yaw 47 mode 2 st 3 gl 0 hp 8 frg 0
ARGLOG Carmack t  46.9 pos '552.0 300.9  56.0' spd  27.3 yaw 22 mode 2 st 1 gl 0 hp 100 frg 0
ARGUS Romero wallslide
ARGLOG Joe Rogan t  47.4 pos '1703.3 -162.0 -175.3' spd 377.7 yaw 204 mode 2 st 0 gl 0 hp 100 frg 0
ARGLOG Romero t  47.4 pos '1738.8 559.9 -88.0' spd  30.4 yaw 41 mode 2 st 3 gl 0 hp 8 frg 0
ARGLOG Carmack t  47.4 pos '552.0 448.6  56.0' spd 327.1 yaw 354 mode 2 st 1 gl 0 hp 100 frg 0
ARGEVT Carmack hazard
ARGEVT Joe Rogan swim
ARGEVT Romero hazard
ARGLOG Joe Rogan t  47.9 pos '1739.3 -323.4 -251.4' spd 249.2 yaw 127 mode 2 st 0 gl 0 hp 100 frg 0
ARGLOG Romero t  47.9 pos '1723.4 559.9 -88.0' spd  30.7 yaw 37 mode 2 st 3 gl 0 hp 8 frg 0
ARGLOG Carmack t  47.9 pos '552.0 499.1  56.0' spd  46.4 yaw 344 mode 2 st 1 gl 0 hp 100 frg 0
ARGUS Romero wallslide
ARGLOG Joe Rogan t  48.4 pos '1827.7 -344.6 -319.0' spd 171.8 yaw 141 mode 2 st 0 gl 0 hp 100 frg 0
ARGLOG Romero t  48.4 pos '1709.4 560.0 -88.0' spd  32.0 yaw 34 mode 2 st 3 gl 0 hp 8 frg 0
ARGLOG Carmack t  48.4 pos '552.0 519.7  56.0' spd  38.9 yaw 341 mode 2 st 1 gl 0 hp 100 frg 0
ARGEVT Carmack hazard
ARGLOG Joe Rogan t  48.9 pos '1842.7 -271.9 -352.3' spd 169.7 yaw 164 mode 2 st 0 gl 0 hp 100 frg 0
ARGLOG Romero t  48.9 pos '1855.6 560.0 -88.0' spd 146.3 yaw 108 mode 2 st 3 gl 0 hp 8 frg 0
ARGUS Romero wallslide
ARGLOG Carmack t  48.9 pos '552.0 537.6  56.0' spd  35.2 yaw 338 mode 2 st 1 gl 0 hp 100 frg 0
ARGEVT Romero hazard
ARGLOG Joe Rogan t  49.4 pos '1757.3 -208.7 -351.7' spd 241.0 yaw 175 mode 2 st 0 gl 0 hp 100 frg 0
ARGLOG Romero t  49.4 pos '1881.8 560.0 -88.0' spd  41.2 yaw 123 mode 2 st 3 gl 0 hp 8 frg 0
ARGLOG Carmack t  49.4 pos '552.0 554.4  56.0' spd  33.8 yaw 335 mode 2 st 1 gl 0 hp 100 frg 0
ARGEVT Carmack hazard
ARGUS Carmack wallslide
ARGUS Romero wallslide
ARGLOG Joe Rogan t  49.9 pos '1628.9 -176.6 -306.3' spd 271.7 yaw 191 mode 1 st 0 gl 0 hp 100 frg 0
ARGLOG Romero t  49.9 pos '1900.5 560.0 -88.0' spd  33.7 yaw 131 mode 2 st 3 gl 0 hp 8 frg 0
ARGLOG Carmack t  49.9 pos '552.0 564.0  56.0' spd 121.2 yaw 333 mode 2 st 1 gl 0 hp 100 frg 0
ARGEVT Romero hazard
ARGLOG Joe Rogan t  50.5 pos '1499.8 -198.8 -250.6' spd 211.5 yaw 306.9 mode 1 st 0 gl 0 hp 100 frg 0
ARGLOG Romero t  50.5 pos '1917.5 560.0 -88.0' spd  34.1 yaw 137 mode 2 st 3 gl 0 hp 8 frg 0
ARGLOG Carmack t  50.5 pos '552.0 423.4  56.0' spd 109.2 yaw 359 mode 2 st 1 gl 0 hp 100 frg 0
ARGEVT Carmack hazard
ARGUS Carmack wallslide
ARGUS Romero wallslide
ARGLOG Joe Rogan t  51.0 pos '1497.3 -240.5 -217.2' spd  99.3 yaw 46 mode 1 st 0 gl 0 hp 100 frg 0
ARGLOG Romero t  51.0 pos '1823.5 560.0 -88.0' spd 232.0 yaw 86 mode 2 st 3 gl 0 hp 8 frg 0
ARGLOG Carmack t  51.0 pos '552.0 397.4  56.0' spd  40.8 yaw 3 mode 2 st 1 gl 0 hp 100 frg 0
ARGEVT Romero hazard
ARGEVT Joe Rogan swim
ARGEVT Joe Rogan swim
ARGLOG Joe Rogan t  51.5 pos '1560.5 -196.3 -207.0' spd 167.9 yaw 131.6 mode 1 st 0 gl 0 hp 100 frg 0
ARGLOG Romero t  51.5 pos '1789.6 556.5 -88.0' spd  32.3 yaw 65 mode 2 st 3 gl 0 hp 8 frg 0
ARGLOG Carmack t  51.5 pos '552.0 378.0  56.0' spd  34.9 yaw 7 mode 2 st 1 gl 0 hp 100 frg 0
ARGEVT Joe Rogan swim
ARGEVT Carmack hazard
ARGEVT Joe Rogan swim
ARGEVT Joe Rogan swim
ARGEVT Joe Rogan swim
ARGUS Carmack wallslide
ARGLOG Joe Rogan t  52.0 pos '1517.5 -147.3 -207.9' spd 201.8 yaw 292.2 mode 1 st 0 gl 0 hp 100 frg 0
ARGLOG Romero t  52.0 pos '1770.5 555.6 -88.0' spd  61.1 yaw 55 mode 2 st 3 gl 0 hp 8 frg 0
ARGLOG Carmack t  52.0 pos '552.0 360.9  56.0' spd  31.9 yaw 11 mode 2 st 1 gl 0 hp 100 frg 0
ARGEVT Joe Rogan swim
ARGEVT Romero hazard
ARGEVT Joe Rogan swim
ARGEVT Carmack abandon
ARGEVT Carmack plan powerup via weapon
ARGEVT Carmack goal weapon_rocketlauncher
ARGEVT Carmack route 15 start '517.0 289.0  56.0' goal '1509.0 481.0 -88.0'
ARGEVT Joe Rogan swim
ARGUS Romero wallslide
ARGEVT Joe Rogan swim
ARGEVT Joe Rogan swim
ARGLOG Joe Rogan t  52.5 pos '1528.7 -231.5 -206.8' spd 222.4 yaw 68 mode 1 st 0 gl 0 hp 100 frg 0
ARGLOG Romero t  52.5 pos '1748.9 560.0 -88.0' spd  31.2 yaw 45 mode 2 st 3 gl 0 hp 8 frg 0
ARGLOG Carmack t  52.5 pos '545.3 416.9  56.0' spd 370.4 yaw 17 mode 2 st 1 gl 0 hp 100 frg 0
ARGEVT Joe Rogan swim
ARGEVT Joe Rogan swim
ARGEVT Joe Rogan swim
ARGEVT Joe Rogan swim
ARGLOG Joe Rogan t  53.0 pos '1565.5 -156.4 -208.3' spd 249.9 yaw 228.1 mode 1 st 0 gl 0 hp 100 frg 0
ARGEVT Joe Rogan swim
ARGLOG Romero t  53.0 pos '1733.3 560.0 -88.0' spd  29.5 yaw 40 mode 2 st 3 gl 0 hp 8 frg 0
ARGLOG Carmack t  53.0 pos '410.9 525.9  56.0' spd 419.7 yaw 346 mode 2 st 1 gl 0 hp 100 frg 0
ARGEVT Romero hazard
ARGEVT Joe Rogan swim
ARGEVT Carmack hazard
ARGEVT Joe Rogan swim
ARGUS Romero wallslide
ARGEVT Joe Rogan swim
ARGEVT Carmack route 15 start '261.0 545.0  56.0' goal '1509.0 481.0 -88.0'
ARGEVT Joe Rogan swim
ARGLOG Joe Rogan t  53.5 pos '1501.5 -217.1 -206.9' spd 255.8 yaw  29.4 mode 1 st 0 gl 0 hp 100 frg 0
ARGLOG Romero t  53.5 pos '1718.2 560.0 -88.0' spd  27.3 yaw 36 mode 2 st 3 gl 0 hp 8 frg 0
ARGLOG Carmack t  53.5 pos '340.8 499.3  56.0' spd 324.8 yaw 351 mode 2 st 1 gl 0 hp 100 frg 0
ARGEVT Joe Rogan swim
ARGEVT Joe Rogan swim
ARGEVT Joe Rogan swim
ARGEVT Joe Rogan swim
ARGLOG Joe Rogan t  54.0 pos '1588.3 -180.3 -207.7' spd 275.2 yaw 188.2 mode 1 st 0 gl 0 hp 100 frg 0
ARGLOG Romero t  54.0 pos '1709.9 560.0 -88.0' spd 127.8 yaw 34 mode 2 st 3 gl 0 hp 8 frg 0
ARGLOG Carmack t  54.0 pos '502.8 494.2  56.0' spd 322.4 yaw 347 mode 2 st 1 gl 0 hp 100 frg 0
ARGEVT Joe Rogan swim
ARGEVT Joe Rogan swim
ARGEVT Carmack hazard
ARGEVT Joe Rogan swim
ARGEVT Joe Rogan swim
ARGUS Romero wallslide
ARGEVT Joe Rogan swim
ARGUS Carmack wallslide
ARGLOG Joe Rogan t  54.5 pos '1489.8 -188.1 -207.1' spd 283.4 yaw 352.7 mode 1 st 0 gl 0 hp 100 frg 0
ARGLOG Romero t  54.5 pos '1860.1 560.0 -88.0' spd  90.4 yaw 111 mode 2 st 3 gl 0 hp 8 frg 0
ARGEVT Romero hazard
ARGLOG Carmack t  54.5 pos '552.0 542.9  56.0' spd  33.7 yaw 337 mode 2 st 1 gl 0 hp 100 frg 0
ARGEVT Joe Rogan swim
ARGEVT Joe Rogan swim
ARGEVT Joe Rogan swim
ARGEVT Joe Rogan swim
ARGEVT Joe Rogan swim
ARGLOG Joe Rogan t  55.0 pos '1589.4 -212.5 -207.5' spd 287.7 yaw 152.6 mode 1 st 0 gl 0 hp 100 frg 0
ARGLOG Romero t  55.0 pos '1883.8 560.0 -88.0' spd  39.0 yaw 124 mode 2 st 3 gl 0 hp 8 frg 0
ARGLOG Carmack t  55.0 pos '552.0 559.0  56.0' spd  29.7 yaw 334 mode 2 st 1 gl 0 hp 100 frg 0
ARGEVT Joe Rogan swim
ARGEVT Carmack hazard
ARGEVT Joe Rogan swim
ARGEVT Joe Rogan swim
ARGUS Romero wallslide
ARGEVT Joe Rogan swim
ARGUS Carmack wallslide
ARGEVT Romero hazard
ARGLOG Joe Rogan t  55.5 pos '1499.9 -157.4 -207.2' spd 300.9 yaw 316.8 mode 1 st 0 gl 0 hp 100 frg 0
ARGLOG Romero t  55.5 pos '1902.4 560.0 -88.0' spd  33.8 yaw 132 mode 2 st 3 gl 0 hp 8 frg 0
ARGLOG Carmack t  55.5 pos '552.0 574.5  56.0' spd  29.0 yaw 332 mode 2 st 1 gl 0 hp 100 frg 0
ARGEVT Joe Rogan swim
ARGEVT Joe Rogan swim
ARGEVT Joe Rogan swim
ARGEVT Joe Rogan swim
ARGEVT Joe Rogan swim
ARGLOG Joe Rogan t  56.0 pos '1570.4 -238.3 -207.8' spd 292.6 yaw 118.9 mode 1 st 0 gl 0 hp 100 frg 0
ARGLOG Romero t  56.0 pos '1919.3 560.0 -88.0' spd  31.3 yaw 138 mode 2 st 3 gl 0 hp 8 frg 0
ARGLOG Carmack t  56.0 pos '552.0 489.9  56.0' spd 385.8 yaw 346 mode 2 st 1 gl 0 hp 100 frg 0
ARGEVT Joe Rogan swim
ARGEVT Joe Rogan swim
ARGEVT Carmack hazard
ARGEVT Joe Rogan swim
ARGUS Romero wallslide
ARGEVT Joe Rogan swim
ARGUS Carmack wallslide
ARGLOG Joe Rogan t  56.5 pos '1526.0 -141.6 -207.5' spd 304.8 yaw 283.4 mode 1 st 0 gl 0 hp 100 frg 0
ARGLOG Romero t  56.5 pos '1809.5 560.0 -88.0' spd 128.9 yaw 76 mode 2 st 3 gl 0 hp 8 frg 0
ARGLOG Carmack t  56.5 pos '552.0 405.9  56.0' spd  46.6 yaw 2 mode 2 st 1 gl 0 hp 100 frg 0
ARGEVT Joe Rogan swim
ARGEVT Romero hazard
ARGEVT Joe Rogan swim
ARGEVT Joe Rogan swim
ARGEVT Joe Rogan swim
ARGEVT Joe Rogan swim
ARGLOG Joe Rogan t  57.0 pos '1542.1 -245.6 -207.2' spd 296.4 yaw  86.9 mode 1 st 0 gl 0 hp 100 frg 0
ARGLOG Romero t  57.0 pos '1787.3 555.5 -88.0' spd  32.1 yaw 63 mode 2 st 3 gl 0 hp 8 frg 0
ARGLOG Carmack t  57.0 pos '552.0 384.5  56.0' spd  37.3 yaw 6 mode 2 st 1 gl 0 hp 100 frg 0
ARGEVT Joe Rogan swim
ARGEVT Joe Rogan swim
ARGEVT Carmack hazard
ARGEVT Joe Rogan swim
ARGEVT Joe Rogan swim
ARGUS Carmack wallslide
ARGLOG Joe Rogan t  57.5 pos '1559.9 -140.5 -207.4' spd 305.9 yaw 247.2 mode 1 st 0 gl 0 hp 100 frg 0
ARGLOG Romero t  57.5 pos '1766.9 556.1 -88.0' spd  47.4 yaw 53 mode 2 st 3 gl 0 hp 8 frg 0
ARGLOG Carmack t  57.5 pos '552.0 366.4  56.0' spd  33.4 yaw 10 mode 2 st 1 gl 0 hp 100 frg 0
ARGEVT Joe Rogan swim
ARGEVT Romero hazard
ARGEVT Joe Rogan swim
ARGEVT Joe Rogan swim
ARGEVT Joe Rogan swim
ARGUS Romero wallslide
ARGEVT Joe Rogan swim
ARGLOG Joe Rogan t  58.1 pos '1508.9 -233.9 -207.7' spd 296.9 yaw  49.4 mode 1 st 0 gl 0 hp 100 frg 0
ARGLOG Romero t  58.1 pos '1746.3 560.0 -88.0' spd  31.1 yaw 44 mode 2 st 3 gl 0 hp 8 frg 0
ARGLOG Carmack t  58.1 pos '552.0 349.8  56.0' spd  31.4 yaw 13 mode 2 st 1 gl 0 hp 100 frg 0
ARGEVT Joe Rogan swim
ARGEVT Joe Rogan swim
ARGEVT Carmack hazard
ARGEVT Joe Rogan swim
ARGUS Carmack wallslide
ARGEVT Joe Rogan swim
ARGLOG Joe Rogan t  58.6 pos '1587.0 -160.3 -207.0' spd 297.5 yaw 212.6 mode 1 st 0 gl 0 hp 100 frg 0
ARGLOG Romero t  58.6 pos '1730.6 560.0 -88.0' spd  29.9 yaw 39 mode 2 st 3 gl 0 hp 8 frg 0
ARGLOG Carmack t  58.6 pos '552.0 333.9  56.0' spd  30.3 yaw 16 mode 2 st 1 gl 0 hp 100 frg 0
ARGEVT Romero hazard
ARGEVT Joe Rogan swim
ARGEVT Joe Rogan swim
ARGEVT Joe Rogan swim
ARGEVT Joe Rogan swim
ARGUS Romero wallslide
ARGLOG Joe Rogan t  59.1 pos '1493.3 -204.9 -207.6' spd 297.2 yaw  13.5 mode 1 st 0 gl 0 hp 100 frg 0
ARGLOG Romero t  59.1 pos '1715.6 560.0 -88.0' spd  28.5 yaw 35 mode 2 st 3 gl 0 hp 8 frg 0
ARGLOG Carmack t  59.1 pos '552.0 318.7  56.0' spd  28.9 yaw 19 mode 2 st 1 gl 0 hp 100 frg 0
ARGEVT Joe Rogan swim
ARGEVT Joe Rogan swim
ARGEVT Joe Rogan swim
ARGEVT Joe Rogan abandon
ARGEVT Joe Rogan plan powerup via weapon
ARGEVT Joe Rogan goal weapon_rocketlauncher
ARGUS routecache adopt
ARGEVT Joe Rogan route 6 start '1413.0 -63.0 -168.0' goal '1509.0 481.0 -88.0'
ARGEVT Romero abandon
ARGEVT Romero goal item_health
ARGEVT Romero route 11 start '1669.0 513.0 -88.0' goal '549.0 -63.0 -168.0'
ARGEVT Joe Rogan swim
ARGUS Carmack wallslide
ARGEVT Joe Rogan swim
ARGLOG Joe Rogan t  59.6 pos '1608.1 -196.0 -207.3' spd 293.8 yaw 35 mode 2 st 0 gl 0 hp 100 frg 0
ARGLOG Romero t  59.6 pos '1843.3 560.0 -88.0' spd 127.6 yaw 331 mode 2 st 3 gl 0 hp 8 frg 0
ARGLOG Carmack t  59.6 pos '552.0 457.9  56.0' spd 258.7 yaw 352 mode 2 st 1 gl 0 hp 100 frg 0
ARGEVT Romero hazard
ARGEVT Joe Rogan swim
ARGEVT Carmack hazard
ARGEVT Joe Rogan swim
ARGEVT Joe Rogan swim
ARGEVT Joe Rogan swim
ARGEVT Joe Rogan swim
ARGLOG Joe Rogan t  60.1 pos '1629.8 -112.0 -207.5' spd  45.7 yaw 16 mode 2 st 0 gl 0 hp 100 frg 0
ARGLOG Romero t  60.1 pos '1722.2 534.4 -88.0' spd 388.5 yaw 311 mode 2 st 3 gl 0 hp 8 frg 0
ARGLOG Carmack t  60.1 pos '552.0 498.7  56.0' spd  44.8 yaw 345 mode 2 st 1 gl 0 hp 100 frg 0
ARGEVT Joe Rogan swim
ARGEVT Joe Rogan engage Romero
ARGEVT Joe Rogan grab weapon_lightning
ARGEVT Romero engage Joe Rogan
ARGUS Romero leadclip
ARGUS Romero threatmove retreat 2
ARGEVT Romero retreat
ARGEVT Joe Rogan swim
ARGEVT Joe Rogan swim
ARGUS Carmack wallslide
ARGEVT Joe Rogan swim
ARGLOG Joe Rogan t  60.6 pos '1600.9 -115.6 -207.3' spd  67.3 yaw  83.6 mode 2 st 0 gl 0 hp 100 frg 0
ARGLOG Romero t  60.6 pos '1752.7 476.5 -88.0' spd 325.9 yaw 255.6 mode 2 st 3 gl 0 hp 8 frg 0
ARGLOG Carmack t  60.6 pos '552.0 519.0  56.0' spd  36.0 yaw 341 mode 2 st 1 gl 0 hp 100 frg 0
ARGEVT Joe Rogan swim
ARGEVT Carmack hazard
ARGEVT Joe Rogan swim
ARGEVT Joe Rogan swim
ARGEVT Joe Rogan swim
ARGEVT Joe Rogan pursue
ARGEVT Romero pursue
ARGEVT Joe Rogan swim
ARGUS routecache adopt
ARGEVT Romero route 10 start '1925.0 513.0 -88.0' goal '549.0 -63.0 -168.0'
ARGLOG Joe Rogan t  61.1 pos '1567.9 -124.6 -207.5' spd  67.5 yaw 72 mode 2 st 0 gl 0 hp 100 frg 0
ARGLOG Romero t  61.1 pos '1860.4 551.1 -88.0' spd 155.6 yaw 249 mode 0 st 3 gl 0 hp 8 frg 0
ARGLOG Carmack t  61.1 pos '552.0 536.5  56.0' spd  32.5 yaw 338 mode 2 st 1 gl 0 hp 100 frg 0
ARGEVT Joe Rogan swim
ARGEVT Joe Rogan swim
ARGUS routecache adopt
ARGEVT Romero route 10 start '1925.0 513.0 -88.0' goal '549.0 -63.0 -168.0'
ARGEVT Romero death Romero pos '1855.2 469.8 -88.0'
ARGUS Carmack wallslide
ARGLOG Joe Rogan t  61.6 pos '1577.3 -124.7 -158.3' spd  70.1 yaw 308.0 mode 2 st 0 gl 0 hp 100 frg 0
ARGLOG Carmack t  61.6 pos '552.0 553.1  56.0' spd  33.4 yaw 335 mode 2 st 1 gl 0 hp 100 frg 0
ARGEVT Carmack hazard
ARGEVT Joe Rogan swim
ARGLOG Joe Rogan t  62.1 pos '1611.2 -137.6 -207.2' spd 102.2 yaw 69 mode 2 st 0 gl 0 hp 100 frg 0
ARGLOG Carmack t  62.1 pos '552.0 568.7  56.0' spd  31.2 yaw 332 mode 2 st 1 gl 0 hp 100 frg 0
ARGEVT Joe Rogan swim
ARGEVT Joe Rogan swim
ARGEVT Joe Rogan swim
ARGUS Carmack wallslide
ARGEVT Joe Rogan swim
ARGLOG Joe Rogan t  62.6 pos '1656.3 -112.0 -184.3' spd  71.4 yaw 72 mode 2 st 0 gl 0 hp 100 frg 0
ARGLOG Carmack t  62.6 pos '552.0 583.9  56.0' spd  28.7 yaw 330 mode 2 st 1 gl 0 hp 100 frg 0
ARGEVT Romero respawn
ARGEVT Romero goal item_armorInv
ARGLOG Romero t  63.0 pos '512.0 768.0 216.0' spd 0 yaw 265.5 mode 0 st 3 gl 0 hp 100 frg -1
ARGEVT Romero route 31 start '517.0 801.0 216.0' goal '261.0 -703.0 328.0'
ARGLOG Joe Rogan t  63.1 pos '1701.0 -97.6 -168.0' spd 265.7 yaw 75 mode 2 st 0 gl 0 hp 100 frg 0
ARGLOG Carmack t  63.1 pos '552.0 435.4  56.0' spd 238.5 yaw 357 mode 2 st 1 gl 0 hp 100 frg 0
ARGEVT Carmack hazard
ARGLOG Romero t  63.5 pos '494.1 613.8 214.5' spd 332.4 yaw 313 mode 2 st 3 gl 0 hp 100 frg -1
ARGUS Carmack wallslide
ARGEVT Joe Rogan route 5 start '1797.0 -63.0 -168.0' goal '1509.0 481.0 -88.0'
ARGLOG Joe Rogan t  63.6 pos '1755.2  61.4 -169.0' spd 320.2 yaw 77 mode 2 st 0 gl 0 hp 100 frg 0
ARGLOG Carmack t  63.6 pos '552.0 398.6  56.0' spd  42.6 yaw 3 mode 2 st 1 gl 0 hp 100 frg 0
ARGEVT Romero engage Carmack
ARGUS Romero threatmove range 2
ARGEVT Carmack engage Romero
ARGUS Carmack threatmove range 2
ARGEVT Joe Rogan swim
ARGLOG Romero t  64.0 pos '486.1 591.8  84.2' spd  33.5 yaw 298.2 mode 2 st 3 gl 0 hp 100 frg -1
ARGEVT Joe Rogan swim
ARGLOG Joe Rogan t  64.2 pos '1797.2 219.2 -207.7' spd 318.0 yaw 79 mode 2 st 0 gl 0 hp 100 frg 0
ARGLOG Carmack t  64.2 pos '551.9 378.0  56.0' spd  35.5 yaw 112.2 mode 2 st 1 gl 0 hp 100 frg 0
ARGEVT Joe Rogan swim
ARGEVT Carmack hazard
ARGEVT Joe Rogan swim
ARGEVT Joe Rogan swim
ARGEVT Joe Rogan route 2 start '1765.0 385.0 -64.0' goal '1509.0 481.0 -88.0'
ARGEVT Joe Rogan swim
ARGLOG Romero t  64.5 pos '376.9 516.6  56.0' spd 365.3 yaw 308.9 mode 2 st 3 gl 0 hp 76 frg -1
ARGEVT Joe Rogan swim
ARGLOG Joe Rogan t  64.7 pos '1830.4 352.0 -207.1' spd  33.1 yaw 135 mode 2 st 0 gl 0 hp 100 frg 0
ARGLOG Carmack t  64.7 pos '476.3 296.5  56.0' spd 330.0 yaw 122.7 mode 2 st 1 gl 0 hp 76 frg 0
ARGEVT Joe Rogan swim
ARGEVT Carmack pursue
ARGEVT Joe Rogan swim
ARGEVT Romero pursue
ARGEVT Joe Rogan swim
ARGLOG Romero t  65.0 pos '456.1 500.6  56.0' spd 368.9 yaw 296 mode 2 st 3 gl 0 hp 76 frg -1
ARGUS Carmack hunch item_artifact_super_damage
ARGEVT Carmack plan powerup via weapon
ARGEVT Carmack goal weapon_lightning
ARGEVT Joe Rogan swim
ARGEVT Carmack route 14 start '517.0 289.0  56.0' goal '1541.0 -191.0 -392.0'
ARGLOG Joe Rogan t  65.2 pos '1804.3 352.0 -207.6' spd  63.9 yaw 130 mode 2 st 0 gl 0 hp 100 frg 0
ARGLOG Carmack t  65.2 pos '383.0 321.0  56.0' spd 198.2 yaw 347 mode 2 st 1 gl 0 hp 76 frg 0
ARGEVT Joe Rogan swim
ARGEVT Joe Rogan swim
ARGEVT Joe Rogan swim
ARGEVT Romero hazard
ARGLOG Romero t  65.5 pos '545.3 387.6  56.0' spd 149.3 yaw 227.2 mode 2 st 3 gl 0 hp 52 frg -1
ARGEVT Joe Rogan swim
ARGEVT Carmack hazard
ARGEVT Joe Rogan swim
ARGLOG Joe Rogan t  65.7 pos '1765.3 352.0 -206.9' spd  92.7 yaw 120 mode 2 st 0 gl 0 hp 100 frg 0
ARGLOG Carmack t  65.7 pos '486.6 211.0  56.0' spd 294.0 yaw  76.9 mode 2 st 1 gl 0 hp 56 frg 0
ARGEVT Joe Rogan swim
ARGEVT Joe Rogan swim
ARGEVT Joe Rogan swim
ARGLOG Romero t  66.0 pos '536.1 407.9  56.0' spd 269.6 yaw 246.6 mode 2 st 3 gl 0 hp 52 frg -1
ARGEVT Joe Rogan swim
ARGEVT Joe Rogan swim
ARGLOG Joe Rogan t  66.2 pos '1770.8 352.0 -207.8' spd  49.3 yaw 122 mode 2 st 0 gl 0 hp 100 frg 0
ARGLOG Carmack t  66.2 pos '336.5 215.7  56.0' spd 337.0 yaw  51.3 mode 2 st 1 gl 0 hp 56 frg 0
ARGEVT Joe Rogan swim
ARGEVT Joe Rogan swim
ARGEVT Joe Rogan swim
ARGLOG Romero t  66.5 pos '429.4 502.2  56.0' spd 326.1 yaw 235.6 mode 2 st 3 gl 0 hp 52 frg -1
ARGEVT Carmack pursue
ARGEVT Romero pursue
ARGEVT Joe Rogan swim
ARGEVT Joe Rogan stall
ARGLOG Joe Rogan t  66.7 pos '1758.6 352.0 -207.1' spd  22.4 yaw  99.9 mode 0 st 1 gl 0 hp 100 frg 0
ARGUS Romero hunch item_artifact_super_damage
ARGLOG Carmack t  66.7 pos '355.5 259.0  56.0' spd 357.4 yaw 47 mode 2 st 1 gl 0 hp 56 frg 0
ARGEVT Romero plan powerup via weapon
ARGEVT Romero goal weapon_rocketlauncher
ARGEVT Joe Rogan route 14 start '1701.0 321.0 -392.0' goal '1509.0 481.0 -88.0'
ARGEVT Joe Rogan swim
ARGEVT Romero pursue
ARGEVT Romero route 14 start '421.0 513.0  56.0' goal '1509.0 481.0 -88.0'
ARGLOG Romero t  67.0 pos '381.5 578.9  56.0' spd 413.7 yaw   1.1 mode 2 st 3 gl 0 hp 52 frg -1
ARGLOG Joe Rogan t  67.2 pos '1704.2 346.5 -267.4' spd 181.3 yaw 236 mode 2 st 1 gl 0 hp 100 frg 0
ARGLOG Carmack t  67.2 pos '488.7 361.6  56.0' spd 339.6 yaw  84.0 mode 2 st 1 gl 0 hp 56 frg 0
ARGLOG Romero t  67.6 pos '369.0 554.9  56.0' spd 327.9 yaw 310.4 mode 2 st 3 gl 0 hp 52 frg -1
ARGLOG Joe Rogan t  67.7 pos '1599.2 300.6 -334.4' spd 255.3 yaw 250 mode 2 st 1 gl 0 hp 100 frg 0
ARGLOG Carmack t  67.7 pos '482.1 369.6  56.0' spd 320.6 yaw 140.4 mode 2 st 1 gl 0 hp 56 frg 0
ARGUS Carmack wallslide
ARGEVT Romero pursue
ARGEVT Carmack pursue
ARGLOG Romero t  68.1 pos '398.6 528.5  56.0' spd 338.1 yaw 310 mode 2 st 3 gl 0 hp 52 frg -1
ARGEVT Carmack hazard
ARGLOG Joe Rogan t  68.2 pos '1504.6 211.7 -353.7' spd 255.3 yaw 217 mode 2 st 1 gl 0 hp 100 frg 0
ARGLOG Carmack t  68.2 pos '373.0 322.1  56.0' spd 315.2 yaw 75 mode 2 st 1 gl 0 hp 56 frg 0
ARGLOG Romero t  68.6 pos '533.6 420.5  56.0' spd 349.4 yaw 342.5 mode 2 st 3 gl 0 hp 52 frg -1
ARGEVT Romero hazard
ARGLOG Joe Rogan t  68.7 pos '1494.6  85.0 -350.4' spd 269.5 yaw 183 mode 2 st 1 gl 0 hp 100 frg 0
ARGLOG Carmack t  68.7 pos '315.4 336.0  56.0' spd  42.2 yaw 59 mode 2 st 1 gl 0 hp 56 frg 0
ARGLOG Romero t  69.1 pos '547.3 272.0  56.0' spd 320.1 yaw 182.3 mode 2 st 3 gl 0 hp 52 frg -1
ARGLOG Joe Rogan t  69.3 pos '1456.1  23.2 -352.4' spd 163.8 yaw 173 mode 2 st 1 gl 0 hp 100 frg 0
ARGLOG Carmack t  69.3 pos '343.8 200.6  56.0' spd 326.4 yaw   8.2 mode 2 st 1 gl 0 hp 56 frg 0
ARGEVT Carmack hazard
ARGEVT Joe Rogan route 12 start '1509.0  65.0 -392.0' goal '1509.0 481.0 -88.0'
ARGLOG Romero t  69.6 pos '451.6 325.5  56.0' spd 334.3 yaw 240.0 mode 2 st 3 gl 0 hp 52 frg -1
ARGEVT Carmack route 15 start '357.0 161.0  56.0' goal '1541.0 -191.0 -392.0'
ARGLOG Joe Rogan t  69.8 pos '1362.6  76.3 -351.4' spd 238.2 yaw 182 mode 2 st 1 gl 0 hp 100 frg 0
ARGLOG Carmack t  69.8 pos '349.4 206.9  56.0' spd 266.8 yaw  73.2 mode 2 st 1 gl 0 hp 56 frg 0
ARGLOG Romero t  70.1 pos '389.1 278.0  56.0' spd 320.0 yaw 230.5 mode 2 st 3 gl 0 hp 52 frg -1
ARGUS Carmack threatmove retreat 2
ARGEVT Carmack retreat
ARGLOG Joe Rogan t  70.3 pos '1235.2  93.9 -353.8' spd 269.0 yaw 185 mode 2 st 1 gl 0 hp 100 frg 0
ARGLOG Carmack t  70.3 pos '263.8 118.0  56.0' spd 344.3 yaw  37.8 mode 2 st 1 gl 0 hp 32 frg 0
ARGEVT Carmack route 16 start '197.0  97.0  56.0' goal '1541.0 -191.0 -392.0'
ARGLOG Romero t  70.6 pos '451.6 209.7  56.0' spd 303.2 yaw 212.4 mode 2 st 3 gl 0 hp 36 frg -1
ARGLOG Joe Rogan t  70.8 pos '1096.2  74.4 -336.8' spd 287.3 yaw 238 mode 2 st 1 gl 0 hp 100 frg 0
ARGLOG Carmack t  70.8 pos '160.4  -7.3  56.0' spd 299.3 yaw  50.1 mode 2 st 1 gl 0 hp 28 frg 0
ARGEVT Carmack hazard
ARGLOG Romero t  71.1 pos '327.5 321.7  56.0' spd 331.9 yaw 241.7 mode 0 st 3 gl 0 hp 32 frg -1
ARGEVT Carmack route 17 start '197.0 -127.0  56.0' goal '1541.0 -191.0 -392.0'
ARGUS Romero wallslide
ARGLOG Joe Rogan t  71.3 pos '1056.0  59.1 -281.1' spd  14.5 yaw 254 mode 2 st 1 gl 0 hp 100 frg 0
ARGLOG Carmack t  71.3 pos '163.6 -175.0  56.0' spd 336.4 yaw  74.4 mode 2 st 1 gl 0 hp 28 frg 0
ARGEVT Romero route 16 start '197.0 289.0  56.0' goal '1509.0 481.0 -88.0'
ARGEVT Carmack grab item_artifact_invisibility
ARGLOG Romero t  71.6 pos '175.2 297.9  56.0' spd 336.5 yaw 269.3 mode 0 st 3 gl 0 hp 28 frg -1
ARGUS routecache adopt
ARGEVT Romero route 16 start '197.0 289.0  56.0' goal '1509.0 481.0 -88.0'
ARGLOG Joe Rogan t  71.8 pos '1056.0  57.6 -240.0' spd   4.8 yaw 254 mode 2 st 1 gl 0 hp 100 frg 0
ARGLOG Carmack t  71.8 pos '215.0 -147.1  56.0' spd 324.1 yaw  99.7 mode 2 st 1 gl 0 hp 28 frg 0
ARGUS routecache adopt
ARGEVT Romero route 16 start '197.0 289.0  56.0' goal '1509.0 481.0 -88.0'
ARGLOG Romero t  72.1 pos '288.7 253.9  56.0' spd 320.0 yaw 267.0 mode 2 st 3 gl 0 hp 28 frg -1
ARGLOG Joe Rogan t  72.3 pos '1056.0  61.8 -240.0' spd   9.8 yaw 254 mode 2 st 1 gl 0 hp 100 frg 0
ARGLOG Carmack t  72.3 pos '233.6 -15.5  56.0' spd 329.7 yaw  76.3 mode 2 st 1 gl 0 hp 4 frg 0
ARGEVT Joe Rogan stall
ARGEVT Joe Rogan stallnode '901.0  65.0 -184.0'
ARGEVT Joe Rogan route 10 start '1093.0  65.0 -392.0' goal '1509.0 481.0 -88.0'
ARGEVT Romero pursue
ARGLOG Romero t  72.6 pos '398.2 159.2  56.0' spd 359.1 yaw 238 mode 2 st 3 gl 0 hp 28 frg -1
ARGEVT Romero hazard
ARGEVT Carmack hazard
ARGLOG Joe Rogan t  72.8 pos '1056.0  66.6 -220.9' spd   4.8 yaw 255 mode 2 st 2 gl 0 hp 100 frg 0
ARGLOG Carmack t  72.8 pos '159.1 114.4  56.0' spd 331.8 yaw  15.3 mode 2 st 1 gl 0 hp 4 frg 0
ARGLOG Romero t  73.2 pos '268.1 252.8  56.0' spd 344.2 yaw 209.9 mode 2 st 3 gl 0 hp 28 frg -1
ARGEVT Joe Rogan swim
ARGLOG Joe Rogan t  73.3 pos '1056.0  66.6 -207.2' spd   6.1 yaw 255 mode 2 st 2 gl 0 hp 100 frg 0
ARGLOG Carmack t  73.3 pos '260.7  84.1  56.0' spd 373.0 yaw  82.6 mode 2 st 1 gl 0 hp 4 frg 0
ARGEVT Joe Rogan swim
ARGEVT Joe Rogan swim
ARGEVT Joe Rogan swim
ARGEVT Romero route 16 start '197.0 289.0  56.0' goal '1509.0 481.0 -88.0'
ARGLOG Romero t  73.7 pos '173.0 275.9  56.0' spd 277.0 yaw 320.8 mode 0 st 3 gl 0 hp 28 frg -1
ARGEVT Joe Rogan swim
ARGEVT Joe Rogan stall
ARGEVT Joe Rogan stallnode '901.0  65.0 -184.0'
ARGEVT Joe Rogan swim
ARGUS routecache adopt
ARGEVT Romero route 16 start '197.0 289.0  56.0' goal '1509.0 481.0 -88.0'
ARGLOG Joe Rogan t  73.8 pos '1056.0  65.4 -208.0' spd  22.1 yaw 156.3 mode 0 st 3 gl 0 hp 100 frg 0
ARGLOG Carmack t  73.8 pos '382.8 169.9  56.0' spd 322.8 yaw 139.9 mode 2 st 1 gl 0 hp 4 frg 0
ARGEVT Joe Rogan route 10 start '1093.0  65.0 -392.0' goal '1509.0 481.0 -88.0'
ARGEVT Joe Rogan swim
ARGEVT Joe Rogan swim
ARGEVT Joe Rogan swim
ARGLOG Romero t  74.2 pos '204.2 262.0  56.0' spd 333.7 yaw   0.4 mode 2 st 3 gl 0 hp 28 frg -1
ARGEVT Joe Rogan swim
ARGEVT Carmack death Romero pos '439.4 303.6  56.0'
ARGUS Romero watch spawn
ARGLOG Joe Rogan t  74.3 pos '1056.0  76.6 -207.6' spd  16.7 yaw 256 mode 2 st 3 gl 0 hp 100 frg 0
ARGEVT Joe Rogan swim
ARGEVT Romero goal item_health
ARGEVT Joe Rogan stall
ARGEVT Joe Rogan stallnode '901.0  65.0 -184.0'
ARGEVT Joe Rogan swim
ARGEVT Romero route 15 start '197.0  97.0  56.0' goal '-731.0  97.0 184.0'
ARGEVT Joe Rogan swim
ARGEVT Joe Rogan plan powerup via weapon
ARGEVT Joe Rogan goal weapon_lightning
ARGEVT Joe Rogan route 6 start '1221.0   1.0 -168.0' goal '1541.0 -191.0 -392.0'
ARGLOG Romero t  74.7 pos '269.4 104.5  56.0' spd 356.3 yaw 36 mode 2 st 3 gl 0 hp 28 frg 0
ARGEVT Joe Rogan swim
ARGEVT Joe Rogan swim
ARGLOG Joe Rogan t  74.8 pos '1072.3  61.8 -207.9' spd  69.1 yaw 340 mode 2 st 4 gl 0 hp 100 frg 0
ARGEVT Romero hazard
ARGEVT Joe Rogan swim
ARGEVT Joe Rogan swim
ARGEVT Joe Rogan swim
ARGLOG Romero t  75.2 pos '366.9 208.5  56.0' spd 439.3 yaw 157.1 mode 2 st 3 gl 0 hp 28 frg 0
ARGEVT Joe Rogan swim
ARGLOG Joe Rogan t  75.3 pos '1109.2  48.0 -207.4' spd  84.3 yaw 340 mode 2 st 4 gl 0 hp 100 frg 0
ARGEVT Joe Rogan swim
ARGEVT Joe Rogan swim
ARGEVT Joe Rogan swim
ARGEVT Joe Rogan swim
ARGLOG Romero t  75.7 pos '194.2 180.3  56.0' spd 481.8 yaw 321.3 mode 0 st 3 gl 0 hp 28 frg 0
ARGEVT Carmack respawn
ARGEVT Carmack goal item_armorInv
ARGLOG Carmack t  75.8 pos '-632.0 -680.0 -16.0' spd 0 yaw  85.5 mode 0 st 1 gl 0 hp 100 frg 0
ARGEVT Joe Rogan swim
ARGLOG Joe Rogan t  75.9 pos '1159.8  48.0 -207.1' spd 114.7 yaw 351 mode 2 st 4 gl 0 hp 100 frg 0
ARGEVT Carmack route 36 start '-635.0 -735.0 -16.0' goal '261.0 -703.0 328.0'
ARGEVT Joe Rogan swim
ARGEVT Joe Rogan swim
ARGEVT Romero route 15 start '197.0  97.0  56.0' goal '-731.0  97.0 184.0'
ARGEVT Joe Rogan swim
ARGEVT Romero hazard
ARGLOG Romero t  76.2 pos '338.4  81.3  56.0' spd 380.0 yaw 49 mode 2 st 3 gl 0 hp 28 frg 0
ARGEVT Joe Rogan swim
ARGLOG Carmack t  76.3 pos '-616.8 -533.6 -16.0' spd 320.0 yaw  91.6 mode 0 st 1 gl 0 hp 100 frg 0
ARGLOG Joe Rogan t  76.4 pos '1222.0  48.0 -207.4' spd 131.9 yaw 350 mode 2 st 4 gl 0 hp 100 frg 0
ARGEVT Joe Rogan swim
ARGEVT Carmack route 35 start '-635.0 -511.0 -16.0' goal '261.0 -703.0 328.0'
ARGEVT Joe Rogan swim
ARGEVT Carmack hazard
ARGEVT Joe Rogan swim
ARGLOG Romero t  76.7 pos '265.0 238.2  56.0' spd 484.1 yaw 236.4 mode 2 st 3 gl 0 hp 28 frg 0
ARGEVT Joe Rogan swim
ARGLOG Carmack t  76.8 pos '-553.5 -435.2 -16.0' spd 345.8 yaw 6 mode 2 st 1 gl 0 hp 100 frg 0
ARGEVT Joe Rogan swim
ARGEVT Romero engage Carmack
ARGUS Romero threatmove range 2
ARGEVT Romero grab 
ARGUS Romero threatmove retreat 2
ARGEVT Romero retreat
ARGEVT Carmack engage Romero
ARGUS Carmack threatmove range 2
ARGLOG Joe Rogan t  76.9 pos '1294.7  48.0 -204.7' spd 126.3 yaw 348 mode 2 st 4 gl 0 hp 100 frg 0
ARGUS routecache adopt
ARGEVT Carmack route 34 start '197.0 -351.0  60.0' goal '261.0 -703.0 328.0'
ARGLOG Romero t  77.2 pos '258.3 112.3  56.0' spd 326.8 yaw 274.8 mode 2 st 3 gl 0 hp 24 frg 0
ARGLOG Carmack t  77.3 pos '263.7 -280.3  60.0' spd 300 yaw  88.5 mode 2 st 1 gl 0 hp 100 frg 0
ARGLOG Joe Rogan t  77.4 pos '1359.8  48.0 -170.1' spd 126.3 yaw 346 mode 2 st 4 gl 0 hp 100 frg 0
ARGEVT Joe Rogan swim
ARGEVT Joe Rogan swim
ARGEVT Joe Rogan route 5 start '1349.0  97.0 -392.0' goal '1541.0 -191.0 -392.0'
ARGLOG Romero t  77.7 pos '335.4 111.1  56.0' spd 271.8 yaw 264.7 mode 2 st 3 gl 0 hp 24 frg 0
ARGEVT Carmack pursue
ARGEVT Romero pursue
ARGLOG Carmack t  77.8 pos '342.2 -237.7  56.0' spd 341.6 yaw 98 mode 2 st 1 gl 0 hp 100 frg 0
ARGEVT Joe Rogan swim
ARGLOG Joe Rogan t  77.9 pos '1414.2  48.0 -192.7' spd  53.8 yaw 228 mode 2 st 4 gl 0 hp 100 frg 0
ARGEVT Carmack hazard
ARGUS Romero hunch item_armorInv
ARGEVT Romero goal item_health
ARGEVT Romero route 15 start '229.0 -31.0  56.0' goal '549.0 -63.0 -168.0'
ARGEVT Romero hazard
ARGUS Carmack hunch item_health
ARGLOG Romero t  78.2 pos '325.6  40.8  56.0' spd 289.5 yaw  64.8 mode 2 st 3 gl 0 hp 24 frg 0
ARGEVT Carmack plan powerup via weapon
ARGEVT Carmack goal weapon_rocketlauncher
ARGEVT Romero pursue
ARGEVT Carmack route 17 start '229.0 -31.0  56.0' goal '1509.0 481.0 -88.0'
ARGLOG Carmack t  78.3 pos '317.5 -99.2  56.0' spd  58.8 yaw 281.5 mode 2 st 1 gl 0 hp 100 frg 0
ARGLOG Joe Rogan t  78.4 pos '1386.8  48.0 -175.3' spd  54.2 yaw 233 mode 2 st 4 gl 0 hp 100 frg 0
ARGEVT Carmack pursue
ARGEVT Joe Rogan swim
ARGLOG Romero t  78.8 pos '408.0 177.9  56.0' spd 353.8 yaw 269.5 mode 2 st 3 gl 0 hp 24 frg 0
ARGLOG Carmack t  78.8 pos '363.4 -215.8  56.0' spd 356.7 yaw  79.9 mode 2 st 1 gl 0 hp 100 frg 0
ARGLOG Joe Rogan t  78.9 pos '1347.6  72.5 -257.5' spd 162.8 yaw 257 mode 2 st 4 gl 0 hp 100 frg 0
ARGEVT Carmack hazard
ARGLOG Romero t  79.3 pos '341.9 325.3  56.0' spd 236.5 yaw 273.1 mode 2 st 3 gl 0 hp 24 frg 0
ARGEVT Romero hazard
ARGLOG Carmack t  79.3 pos '344.1 -206.2  56.0' spd 315.8 yaw  91.5 mode 2 st 1 gl 0 hp 84 frg 0
ARGUS Romero wallslide
ARGLOG Joe Rogan t  79.4 pos '1273.0  61.7 -323.8' spd 174.7 yaw 267 mode 2 st 4 gl 0 hp 100 frg 0
ARGLOG Romero t  79.8 pos '292.0 321.7  56.0' spd  66.9 yaw 264.9 mode 2 st 3 gl 0 hp 12 frg 0
ARGLOG Carmack t  79.8 pos '181.6 -189.4  56.0' spd 323.9 yaw  82.4 mode 2 st 1 gl 0 hp 84 frg 0
ARGLOG Joe Rogan t  79.9 pos '1236.6  16.0 -352.3' spd  33.8 yaw 273 mode 2 st 4 gl 0 hp 100 frg 0
ARGLOG Romero t  80.3 pos '169.9 289.3  56.0' spd  82.4 yaw 272.1 mode 0 st 3 gl 0 hp 4 frg 0
ARGLOG Carmack t  80.3 pos '263.2 -148.7  56.0' spd 322.3 yaw  96.7 mode 2 st 1 gl 0 hp 84 frg 0
ARGEVT Romero route 14 start '197.0 289.0  56.0' goal '549.0 -63.0 -168.0'
ARGLOG Joe Rogan t  80.4 pos '1234.5  16.0 -352.7' spd  15.9 yaw 274 mode 2 st 4 gl 0 hp 100 frg 0
ARGEVT Romero hazard
ARGUS routecache adopt
ARGEVT Romero route 14 start '197.0 289.0  56.0' goal '549.0 -63.0 -168.0'
ARGUS routecache adopt
ARGEVT Romero route 14 start '197.0 289.0  56.0' goal '549.0 -63.0 -168.0'
ARGLOG Romero t  80.8 pos '173.6 293.5  56.0' spd  31.7 yaw 290.1 mode 0 st 3 gl 0 hp 4 frg 0
ARGEVT Joe Rogan stall
ARGEVT Joe Rogan stallnode '1253.0 -127.0 -392.0'
ARGLOG Carmack t  80.8 pos '280.0 -147.1  56.0' spd 320.7 yaw 107.9 mode 2 st 1 gl 0 hp 64 frg 0
ARGLOG Joe Rogan t  80.9 pos '1247.2  16.0 -338.0' spd  45.8 yaw 315.6 mode 0 st 5 gl 0 hp 100 frg 0
ARGUS routecache adopt
ARGEVT Romero route 14 start '197.0 289.0  56.0' goal '549.0 -63.0 -168.0'
ARGEVT Joe Rogan route 5 start '1349.0  97.0 -392.0' goal '1541.0 -191.0 -392.0'
ARGEVT Romero death Carmack pos '173.6 293.9  56.0'
ARGUS Carmack watch spawn
ARGEVT Carmack goal item_health
ARGEVT Carmack route 16 start '197.0 -127.0  56.0' goal '549.0 -63.0 -168.0'
ARGEVT Carmack hazard
ARGUS Carmack wallslide
ARGLOG Carmack t  81.3 pos '144.1 -126.0  56.0' spd 202.0 yaw 86 mode 2 st 1 gl 0 hp 52 frg 1
ARGLOG Joe Rogan t  81.4 pos '1309.6  32.5 -352.0' spd 188.4 yaw 251 mode 2 st 5 gl 0 hp 100 frg 0
ARGLOG Carmack t  81.8 pos '154.8  32.6  56.0' spd 320.0 yaw 86 mode 2 st 1 gl 0 hp 52 frg 1
ARGLOG Joe Rogan t  81.9 pos '1398.8  93.0 -352.5' spd 208.7 yaw 251 mode 2 st 5 gl 0 hp 100 frg 0
ARGLOG Carmack t  82.4 pos '166.3 196.7  56.0' spd 320 yaw 86 mode 2 st 1 gl 0 hp 52 frg 1
ARGLOG Joe Rogan t  82.5 pos '1445.5  55.5 -352.1' spd 140.4 yaw 243 mode 2 st 5 gl 0 hp 100 frg 0
ARGEVT Romero respawn
ARGEVT Romero goal item_armorInv
ARGLOG Romero t  82.5 pos '-632.0 -680.0 -16.0' spd 0 yaw  85.5 mode 0 st 3 gl 0 hp 100 frg 0
ARGEVT Romero route 36 start '-635.0 -735.0 -16.0' goal '261.0 -703.0 328.0'
ARGLOG Carmack t  82.9 pos '280.6 320.7  56.0' spd 468.0 yaw 299.4 mode 2 st 1 gl 0 hp 52 frg 1
ARGLOG Joe Rogan t  83.0 pos '1393.4 -25.1 -352.6' spd 233.4 yaw 245 mode 2 st 5 gl 0 hp 100 frg 0
ARGLOG Romero t  83.0 pos '-616.7 -532.9 -16.0' spd 320.1 yaw  91.0 mode 0 st 3 gl 0 hp 100 frg 0
ARGUS routecache adopt
ARGEVT Romero route 35 start '-635.0 -511.0 -16.0' goal '261.0 -703.0 328.0'
ARGEVT Romero hazard
ARGUS routecache adopt
ARGEVT Romero route 35 start '-635.0 -511.0 -16.0' goal '261.0 -703.0 328.0'
ARGLOG Carmack t  83.4 pos '281.8 145.2  56.0' spd 477.2 yaw 134.6 mode 2 st 1 gl 0 hp 52 frg 1
ARGLOG Joe Rogan t  83.5 pos '1300.4 -117.9 -351.7' spd 266.0 yaw 284 mode 2 st 5 gl 0 hp 100 frg 0
ARGLOG Romero t  83.6 pos '-550.7 -438.3 -16.0' spd 351.3 yaw 6 mode 2 st 3 gl 0 hp 100 frg 0
ARGEVT Carmack engage Romero
ARGUS Carmack threatmove range 2
ARGEVT Romero engage Carmack
ARGUS Romero threatmove range 2
ARGEVT Romero route 34 start '357.0 -287.0  56.0' goal '261.0 -703.0 328.0'
ARGLOG Carmack t  83.9 pos '214.7 219.5  56.0' spd 331.9 yaw 272.7 mode 0 st 1 gl 0 hp 52 frg 1
ARGLOG Joe Rogan t  84.0 pos '1243.7 -243.0 -351.0' spd 265.1 yaw 333 mode 2 st 5 gl 0 hp 100 frg 0
ARGEVT Carmack route 14 start '197.0 289.0  56.0' goal '549.0 -63.0 -168.0'
ARGLOG Romero t  84.1 pos '266.2 -277.8  60.0' spd 300 yaw  91.9 mode 2 st 3 gl 0 hp 100 frg 0
ARGEVT Carmack grab item_artifact_invisibility
ARGLOG Carmack t  84.4 pos '379.2 253.8  56.0' spd 340.6 yaw 259.2 mode 2 st 1 gl 0 hp 52 frg 1
ARGLOG Joe Rogan t  84.5 pos '1269.5 -369.6 -353.3' spd 257.4 yaw 352 mode 2 st 5 gl 0 hp 100 frg 0
ARGLOG Romero t  84.6 pos '354.0 -245.6  56.0' spd 321.0 yaw  77.0 mode 2 st 3 gl 0 hp 92 frg 0
ARGEVT Romero hazard
ARGLOG Carmack t  84.9 pos '536.7 294.0  56.0' spd  51.5 yaw 260.4 mode 2 st 1 gl 0 hp 48 frg 1
ARGLOG Joe Rogan t  85.0 pos '1362.1 -452.3 -353.5' spd 248.0 yaw 55 mode 2 st 5 gl 0 hp 100 frg 0
ARGLOG Romero t  85.1 pos '486.4 -270.9  56.0' spd 149.5 yaw  72.7 mode 2 st 3 gl 0 hp 92 frg 0
ARGEVT Romero pursue
ARGUS Romero hunch item_artifact_super_damage
ARGEVT Romero pursue
ARGEVT Romero goal item_armorInv
ARGEVT Romero route 34 start '357.0 -287.0  56.0' goal '261.0 -703.0 328.0'
ARGLOG Carmack t  85.4 pos '416.4 213.4  56.0' spd 324.4 yaw 274.0 mode 2 st 1 gl 0 hp 48 frg 1
ARGLOG Joe Rogan t  85.5 pos '1491.9 -464.2 -352.4' spd 262.4 yaw  49.4 mode 2 st 5 gl 0 hp 100 frg 0
ARGLOG Romero t  85.6 pos '407.0 -363.7  56.0' spd 479.9 yaw 150.5 mode 2 st 3 gl 0 hp 72 frg 0
ARGEVT Carmack route 14 start '357.0 161.0  56.0' goal '549.0 -63.0 -168.0'
ARGLOG Carmack t  85.9 pos '273.1 128.1  56.0' spd 323.1 yaw 271.7 mode 2 st 1 gl 0 hp 48 frg 1
ARGLOG Joe Rogan t  86.0 pos '1580.7 -395.9 -318.3' spd 223.5 yaw 100 mode 2 st 5 gl 0 hp 100 frg 0
ARGLOG Romero t  86.1 pos '263.8 -248.7  56.0' spd 352.5 yaw 74 mode 2 st 3 gl 0 hp 72 frg 0
ARGEVT Carmack route 15 start '197.0  97.0  56.0' goal '549.0 -63.0 -168.0'
ARGLOG Carmack t  86.4 pos '166.6  88.6  56.0' spd 203.5 yaw 294.0 mode 2 st 1 gl 0 hp 48 frg 1
ARGLOG Joe Rogan t  86.5 pos '1593.2 -275.0 -262.6' spd 255.0 yaw 120 mode 1 st 5 gl 0 hp 100 frg 0
ARGLOG Romero t  86.6 pos '308.2 -92.7  56.0' spd 244.5 yaw 109.5 mode 2 st 3 gl 0 hp 52 frg 0
ARGEVT Romero hazard
ARGLOG Carmack t  86.9 pos '327.9 111.0  56.0' spd 360.4 yaw 250.8 mode 2 st 1 gl 0 hp 48 frg 1
ARGLOG Joe Rogan t  87.0 pos '1540.8 -163.0 -221.9' spd 213.5 yaw 226.8 mode 1 st 5 gl 0 hp 100 frg 0
ARGLOG Romero t  87.1 pos '157.6 -44.5  56.0' spd 345.9 yaw  41.1 mode 2 st 3 gl 0 hp 52 frg 0
ARGUS Carmack threatmove retreat 2
ARGEVT Carmack retreat
ARGLOG Carmack t  87.4 pos '380.6 210.8  56.0' spd 336.5 yaw 234.5 mode 2 st 1 gl 0 hp 24 frg 1
ARGEVT Romero pursue
ARGEVT Joe Rogan swim
ARGLOG Joe Rogan t  87.5 pos '1494.1 -170.6 -207.5' spd  84.1 yaw 337 mode 1 st 5 gl 0 hp 100 frg 0
ARGEVT Joe Rogan swim
ARGLOG Romero t  87.6 pos '239.4 -74.4  56.0' spd 377.6 yaw 57 mode 2 st 3 gl 0 hp 40 frg 0
ARGEVT Romero hazard
ARGEVT Joe Rogan swim
ARGEVT Joe Rogan swim
ARGLOG Carmack t  87.9 pos '497.8 328.1  56.0' spd 320.2 yaw 235.8 mode 2 st 1 gl 0 hp 24 frg 1
ARGEVT Joe Rogan swim
ARGLOG Joe Rogan t  88.1 pos '1510.7 -212.2 -207.8' spd  99.2 yaw 31 mode 1 st 5 gl 0 hp 100 frg 0
ARGEVT Joe Rogan swim
ARGLOG Romero t  88.1 pos '296.6  89.4  56.0' spd 324.3 yaw 42 mode 2 st 3 gl 0 hp 40 frg 0
ARGUS routecache adopt
ARGEVT Carmack route 13 start '517.0 289.0  56.0' goal '549.0 -63.0 -168.0'
ARGEVT Carmack hazard
ARGEVT Joe Rogan swim
ARGEVT Joe Rogan swim
ARGUS Carmack wallslide
ARGEVT Joe Rogan swim
ARGLOG Carmack t  88.5 pos '551.4 476.8  56.0' spd 339.5 yaw 239.2 mode 2 st 1 gl 0 hp 24 frg 1
ARGEVT Joe Rogan swim
ARGLOG Joe Rogan t  88.6 pos '1562.0 -209.7 -207.2' spd 131.2 yaw 135 mode 1 st 5 gl 0 hp 100 frg 0
ARGEVT Romero pursue
ARGEVT Joe Rogan swim
ARGLOG Romero t  88.7 pos '418.3 191.9  56.0' spd 326.7 yaw  17.1 mode 2 st 3 gl 0 hp 16 frg 0
ARGEVT Joe Rogan swim
ARGEVT Romero hazard
ARGEVT Joe Rogan swim
ARGUS Romero wallslide
ARGEVT Joe Rogan swim
ARGLOG Carmack t  89.0 pos '548.7 518.8  56.0' spd  42.6 yaw 263.0 mode 2 st 1 gl 0 hp 24 frg 1
ARGEVT Joe Rogan swim
ARGLOG Joe Rogan t  89.1 pos '1520.7 -172.2 -207.7' spd 172.4 yaw 295.1 mode 1 st 5 gl 0 hp 100 frg 0
ARGLOG Romero t  89.2 pos '472.6 192.0  56.0' spd 330.6 yaw 231.5 mode 2 st 3 gl 0 hp 4 frg 0
ARGEVT Joe Rogan swim
ARGEVT Carmack hazard
ARGEVT Joe Rogan swim
ARGEVT Joe Rogan swim
ARGLOG Carmack t  89.5 pos '544.3 537.9  56.0' spd  34.1 yaw 251.2 mode 2 st 1 gl 0 hp 24 frg 1
ARGEVT Joe Rogan swim
ARGLOG Joe Rogan t  89.6 pos '1549.6 -234.8 -207.3' spd 210.4 yaw  96.1 mode 1 st 5 gl 0 hp 100 frg 0
ARGEVT Joe Rogan swim
ARGEVT Romero death Carmack pos '333.6 122.3  56.0'
ARGUS Carmack watch spawn
ARGEVT Joe Rogan swim
ARGEVT Carmack plan powerup via weapon
ARGEVT Carmack goal weapon_rocketlauncher
ARGEVT Joe Rogan swim
ARGEVT Carmack route 14 start '421.0 513.0  56.0' goal '1509.0 481.0 -88.0'
ARGEVT Joe Rogan swim
ARGLOG Carmack t  90.0 pos '426.8 524.3  56.0' spd 368.8 yaw 244 mode 2 st 1 gl 0 hp 24 frg 2
ARGEVT Joe Rogan swim
ARGLOG Joe Rogan t  90.1 pos '1549.8 -154.3 -207.3' spd 232.8 yaw 253.0 mode 1 st 5 gl 0 hp 100 frg 0
ARGEVT Joe Rogan swim
ARGEVT Carmack hazard
ARGUS Carmack wallslide
ARGEVT Joe Rogan swim
ARGEVT Joe Rogan swim
ARGLOG Carmack t  90.5 pos '383.7 483.3  56.0' spd 320.6 yaw 352 mode 2 st 1 gl 0 hp 24 frg 2
ARGEVT Joe Rogan swim
ARGLOG Joe Rogan t  90.6 pos '1518.4 -235.3 -207.5' spd 256.8 yaw  53.3 mode 1 st 5 gl 0 hp 100 frg 0
ARGEVT Joe Rogan swim
ARGEVT Joe Rogan swim
ARGEVT Joe Rogan swim
ARGEVT Joe Rogan swim
ARGLOG Carmack t  91.0 pos '538.5 474.0  56.0' spd 345.8 yaw 350 mode 2 st 1 gl 0 hp 24 frg 2
ARGEVT Joe Rogan swim
ARGLOG Joe Rogan t  91.1 pos '1580.8 -164.7 -207.2' spd 268.0 yaw 214.0 mode 1 st 5 gl 0 hp 100 frg 0
ARGEVT Romero respawn
ARGEVT Romero goal item_armor2
ARGLOG Romero t  91.1 pos '1472.0 -928.0 -24.0' spd 0 yaw  94.8 mode 1 st 3 gl 0 hp 100 frg 0
ARGEVT Joe Rogan swim
ARGEVT Carmack hazard
ARGUS Carmack wallslide
ARGEVT Joe Rogan swim
ARGEVT Joe Rogan swim
ARGEVT Romero hazard
ARGLOG Carmack t  91.5 pos '552.0 527.9  56.0' spd  34.0 yaw 339 mode 2 st 1 gl 0 hp 24 frg 2
ARGUS Romero wallslide
ARGEVT Joe Rogan swim
ARGLOG Joe Rogan t  91.6 pos '1498.6 -213.0 -207.5' spd 277.4 yaw  18.5 mode 1 st 5 gl 0 hp 100 frg 0
ARGEVT Joe Rogan swim
ARGLOG Romero t  91.6 pos '1408.0 -924.3 -24.0' spd 171.8 yaw 173 mode 1 st 3 gl 0 hp 100 frg 0
ARGEVT Joe Rogan swim
ARGEVT Joe Rogan swim
ARGEVT Joe Rogan swim
ARGLOG Carmack t  92.0 pos '552.0 544.7  56.0' spd  31.7 yaw 336 mode 2 st 1 gl 0 hp 24 frg 2
ARGEVT Joe Rogan swim
ARGLOG Joe Rogan t  92.1 pos '1595.3 -187.3 -206.8' spd 285.9 yaw 183.0 mode 1 st 5 gl 0 hp 100 frg 0
ARGLOG Romero t  92.1 pos '1266.7 -924.2 -24.0' spd 338.7 yaw 139.2 mode 1 st 3 gl 0 hp 100 frg 0
ARGEVT Joe Rogan swim
ARGEVT Carmack hazard
ARGUS Carmack wallslide
ARGEVT Joe Rogan swim
ARGEVT Joe Rogan swim
ARGLOG Carmack t  92.5 pos '552.0 560.8  56.0' spd  29.1 yaw 334 mode 2 st 1 gl 0 hp 24 frg 2
ARGEVT Joe Rogan swim
ARGEVT Joe Rogan swim
ARGLOG Joe Rogan t  92.6 pos '1491.6 -185.1 -207.6' spd 290.7 yaw 347.2 mode 1 st 5 gl 0 hp 100 frg 0
ARGLOG Romero t  92.7 pos '1328.0 492.7  60.0' spd 300 yaw 248.0 mode 1 st 3 gl 0 hp 100 frg 0
ARGEVT Joe Rogan swim
ARGEVT Joe Rogan swim
ARGEVT Joe Rogan swim
ARGLOG Carmack t  93.0 pos '552.0 576.3  56.0' spd  29.0 yaw 331 mode 2 st 1 gl 0 hp 24 frg 2
ARGEVT Joe Rogan swim
ARGLOG Joe Rogan t  93.1 pos '1592.4 -216.7 -207.3' spd 301.4 yaw 151.3 mode 1 st 5 gl 0 hp 100 frg 0
ARGEVT Joe Rogan swim
ARGLOG Romero t  93.2 pos '1327.7 451.7  56.0' spd 320.3 yaw 266 mode 1 st 3 gl 0 hp 100 frg 0
ARGUS Carmack wallslide
ARGEVT Joe Rogan swim
ARGEVT Carmack stall
ARGEVT Carmack stallnode '645.0 449.0  56.0'
ARGEVT Carmack jump
ARGEVT Carmack route 15 start '517.0 641.0  56.0' goal '1509.0 481.0 -88.0'
ARGEVT Joe Rogan swim
ARGEVT Joe Rogan swim
ARGLOG Carmack t  93.5 pos '552.0 511.7  93.0' spd 253.5 yaw 327 mode 2 st 2 gl 0 hp 24 frg 2
ARGEVT Joe Rogan swim
ARGLOG Joe Rogan t  93.7 pos '1502.7 -157.8 -207.2' spd 303.0 yaw 315.8 mode 1 st 5 gl 0 hp 100 frg 0
ARGLOG Romero t  93.7 pos '1320.5 287.4  56.0' spd 320.0 yaw 266 mode 1 st 3 gl 0 hp 100 frg 0
ARGEVT Joe Rogan swim
ARGEVT Joe Rogan swim
ARGEVT Joe Rogan swim
ARGLOG Carmack t  94.0 pos '502.5 402.5  56.0' spd 265.9 yaw 18 mode 2 st 2 gl 0 hp 24 frg 2
ARGEVT Joe Rogan swim
ARGEVT Carmack hazard
ARGLOG Joe Rogan t  94.2 pos '1568.5 -239.6 -207.2' spd 302.2 yaw 116.6 mode 1 st 5 gl 0 hp 100 frg 0
ARGEVT Joe Rogan swim
ARGLOG Romero t  94.2 pos '1312.1 126.9 -24.0' spd 320.0 yaw 266 mode 1 st 3 gl 0 hp 100 frg 0
ARGEVT Joe Rogan swim
ARGEVT Joe Rogan swim
ARGEVT Joe Rogan swim
ARGLOG Carmack t  94.5 pos '429.1 539.4  56.0' spd 366.7 yaw 344 mode 2 st 2 gl 0 hp 24 frg 2
ARGEVT Joe Rogan swim
ARGLOG Joe Rogan t  94.7 pos '1532.4 -138.7 -207.4' spd 302.2 yaw 276.6 mode 1 st 5 gl 0 hp 100 frg 0
ARGLOG Romero t  94.7 pos '1303.5 -37.3 -24.0' spd 320 yaw 266 mode 1 st 3 gl 0 hp 100 frg 0
ARGEVT Joe Rogan swim
ARGEVT Joe Rogan abandon
ARGEVT Joe Rogan plan powerup via weapon
ARGEVT Joe Rogan goal weapon_rocketlauncher
ARGUS routecache adopt
ARGEVT Joe Rogan route 6 start '1413.0 -63.0 -168.0' goal '1509.0 481.0 -88.0'
ARGEVT Joe Rogan swim
ARGEVT Joe Rogan swim
ARGLOG Carmack t  95.0 pos '543.1 610.7  56.0' spd 335.9 yaw 327 mode 2 st 2 gl 0 hp 24 frg 2
ARGEVT Joe Rogan swim
ARGLOG Joe Rogan t  95.2 pos '1536.6 -247.6 -208.0' spd 311.8 yaw 35 mode 2 st 5 gl 0 hp 100 frg 0
ARGEVT Joe Rogan swim
ARGUS Carmack wallslide
ARGLOG Romero t  95.2 pos '1294.5 -197.7 -24.0' spd 320.0 yaw 265 mode 1 st 3 gl 0 hp 100 frg 0
ARGEVT Joe Rogan swim
ARGEVT Joe Rogan swim
ARGEVT Joe Rogan swim
ARGLOG Carmack t  95.5 pos '552.0 433.3  56.0' spd 232.0 yaw 357 mode 2 st 2 gl 0 hp 24 frg 2
ARGEVT Joe Rogan swim
ARGEVT Carmack hazard
ARGLOG Joe Rogan t  95.7 pos '1630.2 -137.8 -206.9' spd 294.5 yaw 24 mode 2 st 5 gl 0 hp 100 frg 0
ARGLOG Romero t  95.7 pos '1283.0 -361.5 -24.0' spd 320.0 yaw 265 mode 1 st 3 gl 0 hp 100 frg 0
ARGEVT Joe Rogan swim
ARGEVT Joe Rogan swim
ARGEVT Joe Rogan swim
ARGLOG Carmack t  96.0 pos '548.2 402.4  56.0' spd  34.8 yaw 2 mode 2 st 2 gl 0 hp 24 frg 2
ARGEVT Joe Rogan swim
ARGEVT Joe Rogan swim
ARGLOG Joe Rogan t  96.2 pos '1618.0 -112.0 -207.8' spd  59.7 yaw 15 mode 2 st 5 gl 0 hp 100 frg 0
ARGLOG Romero t  96.2 pos '1271.8 -522.0 -24.0' spd 320 yaw 265 mode 1 st 3 gl 0 hp 100 frg 0
ARGEVT Joe Rogan swim
ARGEVT Joe Rogan swim
ARGEVT Joe Rogan swim
ARGUS Romero wallslide
ARGLOG Carmack t  96.5 pos '544.1 385.8  56.0' spd  32.1 yaw 6 mode 2 st 2 gl 0 hp 24 frg 2
ARGEVT Carmack hazard
ARGEVT Joe Rogan swim
ARGLOG Joe Rogan t  96.7 pos '1580.1 -112.0 -207.3' spd  90.6 yaw 12 mode 2 st 5 gl 0 hp 100 frg 0
ARGLOG Romero t  96.7 pos '1229.3 -673.6 -24.0' spd 354.5 yaw 271 mode 1 st 3 gl 0 hp 100 frg 0
ARGEVT Joe Rogan swim
ARGEVT Joe Rogan swim
ARGEVT Joe Rogan swim
ARGLOG Carmack t  97.0 pos '544.8 382.1  56.0' spd 198.5 yaw 6 mode 2 st 2 gl 0 hp 24 frg 2
ARGEVT Romero hazard
ARGEVT Joe Rogan swim
ARGUS Carmack wallslide
ARGLOG Joe Rogan t  97.2 pos '1527.7 -112.0 -207.3' spd 116.7 yaw 10 mode 2 st 5 gl 0 hp 100 frg 0
ARGEVT Joe Rogan swim
ARGLOG Romero t  97.2 pos '1235.7 -809.4 -24.0' spd 116.6 yaw 197.1 mode 1 st 3 gl 0 hp 100 frg 0
ARGEVT Joe Rogan swim
ARGEVT Joe Rogan swim
ARGLOG Carmack t  97.5 pos '551.7 479.3  56.0' spd  68.8 yaw 348 mode 2 st 2 gl 0 hp 24 frg 2
ARGEVT Carmack hazard
ARGLOG Joe Rogan t  97.7 pos '1490.8 -111.3 -160.5' spd  35.5 yaw 19 mode 2 st 5 gl 0 hp 100 frg 0
ARGLOG Romero t  97.7 pos '1123.4 -775.3 -24.0' spd 330.3 yaw 109.8 mode 1 st 3 gl 0 hp 100 frg 0
ARGLOG Carmack t  98.0 pos '552.0 504.9  56.0' spd  43.2 yaw 343 mode 2 st 2 gl 0 hp 24 frg 2
ARGLOG Joe Rogan t  98.2 pos '1564.0 -99.3 -168.0' spd 320.0 yaw 21 mode 2 st 5 gl 0 hp 100 frg 0
ARGLOG Romero t  98.2 pos '1189.4 -619.3 -24.0' spd 483.4 yaw 309.2 mode 1 st 3 gl 0 hp 100 frg 0
ARGEVT Romero hazard
ARGUS Romero wallslide
ARGLOG Carmack t  98.5 pos '552.0 524.2  56.0' spd  35.4 yaw 340 mode 2 st 2 gl 0 hp 24 frg 2
ARGEVT Carmack hazard
ARGLOG Joe Rogan t  98.7 pos '1723.2 -75.2 -168.0' spd 328.4 yaw 48 mode 2 st 5 gl 0 hp 100 frg 0
ARGLOG Romero t  98.7 pos '1258.9 -625.9 -24.0' spd 238.7 yaw 261 mode 1 st 3 gl 0 hp 100 frg 0
ARGLOG Carmack t  99.1 pos '552.0 541.6  56.0' spd  32.5 yaw 337 mode 2 st 2 gl 0 hp 24 frg 2
ARGLOG Joe Rogan t  99.2 pos '1872.0 -13.0 -168.0' spd 320.8 yaw 63 mode 2 st 5 gl 0 hp 100 frg 0
ARGLOG Romero t  99.2 pos '1214.2 -780.4 -24.0' spd 355.3 yaw 304.5 mode 1 st 3 gl 0 hp 100 frg 0
ARGEVT Romero hazard
ARGLOG Carmack t  99.6 pos '552.0 558.0  56.0' spd  30.6 yaw 334 mode 2 st 2 gl 0 hp 24 frg 2
ARGEVT Carmack hazard
ARGUS Carmack wallslide
ARGLOG Joe Rogan t  99.7 pos '2003.1  88.2 -136.0' spd 378.0 yaw 100 mode 2 st 5 gl 0 hp 100 frg 0
ARGLOG Romero t  99.7 pos '1273.0 -793.3 -24.0' spd 358.8 yaw 330.3 mode 1 st 3 gl 0 hp 100 frg 0
ARGUS routecache adopt
ARGEVT Joe Rogan route 3 start '1989.0 225.0 -88.0' goal '1509.0 481.0 -88.0'
ARGUS Romero wallslide
ARGLOG Carmack t 100.1 pos '552.0 451.8  56.0' spd 279.9 yaw 354 mode 2 st 2 gl 0 hp 24 frg 2
ARGLOG Joe Rogan t 100.2 pos '1982.7 260.4 -88.0' spd 322.7 yaw 141 mode 2 st 5 gl 0 hp 100 frg 0
ARGLOG Romero t 100.3 pos '1386.3 -815.8 -24.0' spd 168.0 yaw 202.8 mode 1 st 3 gl 0 hp 100 frg 0
ARGLOG Carmack t 100.6 pos '552.0 404.9  56.0' spd  42.5 yaw 2 mode 2 st 2 gl 0 hp 24 frg 2
ARGEVT Carmack hazard
ARGUS Carmack wallslide
ARGLOG Joe Rogan t 100.7 pos '1942.4 416.3 -88.0' spd 322.4 yaw 171 mode 2 st 5 gl 0 hp 100 frg 0
ARGLOG Romero t 100.8 pos '1229.0 -802.9 -24.0' spd 321.6 yaw 182 mode 1 st 3 gl 0 hp 100 frg 0
ARGEVT Romero hazard
ARGEVT Joe Rogan engage Romero
ARGUS Joe Rogan leadclip
ARGEVT Joe Rogan grab item_health
ARGUS Romero wallslide
ARGLOG Carmack t 101.1 pos '552.0 385.0  56.0' spd  35.7 yaw 6 mode 2 st 2 gl 0 hp 24 frg 2
ARGEVT Joe Rogan hazard
ARGLOG Joe Rogan t 101.2 pos '1827.6 550.1 -88.0' spd 263.3 yaw 251.2 mode 2 st 5 gl 0 hp 100 frg 0
ARGLOG Romero t 101.3 pos '1145.4 -808.6 -24.0' spd 324.8 yaw 332.8 mode 1 st 3 gl 0 hp 100 frg 0
ARGEVT Romero engage Joe Rogan
ARGLOG Carmack t 101.6 pos '552.0 367.1  56.0' spd  34.8 yaw 9 mode 2 st 2 gl 0 hp 24 frg 2
ARGEVT Carmack hazard
ARGUS Carmack wallslide
ARGLOG Joe Rogan t 101.7 pos '1785.6 557.9 -88.0' spd  33.4 yaw 256.6 mode 2 st 5 gl 0 hp 100 frg 0
ARGLOG Romero t 101.8 pos '1276.7 -706.1 -24.0' spd 309.9 yaw  66.0 mode 1 st 3 gl 0 hp 100 frg 0
ARGEVT Joe Rogan pursue
ARGEVT Romero pursue
ARGLOG Carmack t 102.1 pos '552.0 350.8  56.0' spd  32.5 yaw 13 mode 2 st 2 gl 0 hp 24 frg 2
ARGLOG Joe Rogan t 102.2 pos '1737.0 462.8 -88.0' spd 320.0 yaw 247 mode 2 st 5 gl 0 hp 100 frg 0
ARGLOG Romero t 102.3 pos '1430.5 -759.7 -24.0' spd 321.9 yaw 326.0 mode 1 st 3 gl 0 hp 100 frg 0
ARGUS Joe Rogan wallslide
ARGLOG Carmack t 102.6 pos '552.0 335.1  56.0' spd  32.4 yaw 16 mode 2 st 2 gl 0 hp 24 frg 2
ARGEVT Carmack hazard
ARGUS Carmack wallslide
ARGLOG Joe Rogan t 102.7 pos '1652.0 400.0 -88.0' spd 240.1 yaw 250 mode 1 st 5 gl 0 hp 100 frg 0
ARGLOG Romero t 102.8 pos '1603.7 -752.4 -24.0' spd 383.0 yaw 81 mode 1 st 3 gl 0 hp 100 frg 0
ARGEVT Joe Rogan hazard
ARGLOG Carmack t 103.1 pos '552.0 320.2  56.0' spd  28.1 yaw 18 mode 2 st 2 gl 0 hp 24 frg 2
ARGUS Romero hunch item_health
ARGEVT Romero hazard
ARGLOG Joe Rogan t 103.2 pos '1574.6 400.0 -88.0' spd  48.0 yaw 253 mode 1 st 5 gl 0 hp 100 frg 0
ARGLOG Romero t 103.3 pos '1673.0 -614.4 -24.0' spd 106.7 yaw 203.8 mode 1 st 3 gl 0 hp 100 frg 0
ARGEVT Romero goal weapon_lightning
ARGEVT Romero route 13 start '1701.0 -639.0 -24.0' goal '1541.0 -191.0 -392.0'
ARGEVT Romero pursue
ARGUS Joe Rogan wallslide
ARGEVT Romero pursue
ARGLOG Carmack t 103.6 pos '552.0 305.8  56.0' spd  26.6 yaw 21 mode 2 st 2 gl 0 hp 24 frg 2
ARGEVT Carmack hazard
ARGUS Carmack wallslide
ARGLOG Joe Rogan t 103.8 pos '1511.6 400.0 -88.0' spd 180.3 yaw 256 mode 1 st 5 gl 0 hp 100 frg 0
ARGLOG Romero t 103.8 pos '1554.7 -698.3 -24.0' spd 417.2 yaw 136.6 mode 2 st 3 gl 0 hp 100 frg 0
ARGUS Joe Rogan hunch item_artifact_super_damage
ARGUS Romero wallslide
ARGEVT Joe Rogan goal item_artifact_super_damage
ARGLOG Carmack t 104.1 pos '552.0 304.5  56.0' spd 197.5 yaw 21 mode 2 st 2 gl 0 hp 24 frg 2
ARGEVT Joe Rogan route 19 start '1541.0 417.0 -88.0' goal '965.0 289.0  56.0'
ARGLOG Joe Rogan t 104.3 pos '1537.0 472.5 -88.0' spd 324.9 yaw  55.0 mode 2 st 5 gl 0 hp 100 frg 0
ARGEVT Carmack goal item_health
ARGLOG Romero t 104.3 pos '1376.2 -688.2 -24.0' spd 323.3 yaw 193.6 mode 2 st 3 gl 0 hp 100 frg 0
ARGEVT Carmack route 13 start '517.0 289.0  56.0' goal '549.0 -63.0 -168.0'
ARGEVT Joe Rogan route 18 start '1669.0 513.0 -88.0' goal '965.0 289.0  56.0'
ARGLOG Carmack t 104.6 pos '500.2 242.7  56.0' spd 326.6 yaw 54 mode 2 st 2 gl 0 hp 24 frg 2
ARGEVT Joe Rogan engage Romero
ARGUS Joe Rogan leadclip
ARGEVT Romero engage Joe Rogan
ARGLOG Joe Rogan t 104.8 pos '1689.5 541.5 -88.0' spd 256.8 yaw 292.4 mode 2 st 5 gl 0 hp 100 frg 0
ARGLOG Romero t 104.8 pos '1222.4 -719.2 -24.0' spd 223.5 yaw  73.1 mode 2 st 3 gl 0 hp 100 frg 0
ARGEVT Carmack hazard
ARGUS Carmack wallslide
ARGLOG Carmack t 105.2 pos '346.3 334.8  56.0' spd 243.6 yaw 20 mode 2 st 2 gl 0 hp 24 frg 2
ARGUS Joe Rogan wallslide
ARGLOG Joe Rogan t 105.3 pos '1682.9 400.0 -88.0' spd 136.0 yaw 244.9 mode 2 st 5 gl 0 hp 100 frg 0
ARGLOG Romero t 105.3 pos '1242.2 -561.0 -24.0' spd 321.5 yaw  63.1 mode 2 st 3 gl 0 hp 100 frg 0
ARGLOG Carmack t 105.7 pos '315.5 335.9  56.0' spd  40.4 yaw 18 mode 2 st 2 gl 0 hp 24 frg 2
ARGEVT Joe Rogan hazard
ARGLOG Joe Rogan t 105.8 pos '1584.5 400.0 -88.0' spd  17.2 yaw 251.1 mode 0 st 5 gl 0 hp 100 frg 0
ARGLOG Romero t 105.8 pos '1303.4 -409.9 -24.0' spd 320.0 yaw  69.8 mode 2 st 3 gl 0 hp 100 frg 0
ARGEVT Joe Rogan route 19 start '1541.0 417.0 -88.0' goal '965.0 289.0  56.0'
ARGEVT Carmack hazard
ARGUS Carmack wallslide
ARGLOG Carmack t 106.2 pos '296.3 335.9  56.0' spd  37.5 yaw 17 mode 2 st 2 gl 0 hp 24 frg 2
ARGLOG Joe Rogan t 106.3 pos '1582.1 400.0 -88.0' spd  11.8 yaw 250.7 mode 2 st 5 gl 0 hp 96 frg 0
ARGLOG Romero t 106.3 pos '1359.9 -258.5 -24.0' spd 320.0 yaw  69.9 mode 2 st 3 gl 0 hp 100 frg 0
ARGLOG Carmack t 106.7 pos '278.7 335.9  56.0' spd  36.1 yaw 17 mode 2 st 2 gl 0 hp 24 frg 2
ARGUS Joe Rogan shove
ARGLOG Joe Rogan t 106.8 pos '1579.0 400.0 -88.0' spd  15.9 yaw 276.8 mode 2 st 5 gl 0 hp 96 frg 0
ARGLOG Romero t 106.8 pos '1499.2 -191.6 -26.5' spd 323.2 yaw  78.7 mode 2 st 3 gl 0 hp 100 frg 0
ARGUS Joe Rogan leadclip
ARGEVT Joe Rogan hazard
ARGEVT Carmack hazard
ARGUS Carmack wallslide
ARGLOG Carmack t 107.2 pos '261.4 335.9  56.0' spd  34.9 yaw 16 mode 2 st 2 gl 0 hp 24 frg 2
ARGEVT Romero route 5 start '1605.0   1.0 -168.0' goal '1541.0 -191.0 -392.0'
ARGLOG Joe Rogan t 107.3 pos '1578.7 400.0 -88.0' spd   6.5 yaw 281.0 mode 2 st 5 gl 0 hp 92 frg 0
ARGLOG Romero t 107.3 pos '1664.5 -171.9 -165.2' spd 325.1 yaw  96.4 mode 2 st 3 gl 0 hp 100 frg 0
ARGUS Joe Rogan wallslide
ARGEVT Romero swim
ARGEVT Romero swim
ARGEVT Romero swim
ARGLOG Carmack t 107.7 pos '245.2 335.9  56.0' spd  30.8 yaw 15 mode 2 st 2 gl 0 hp 24 frg 2
ARGEVT Romero swim
ARGLOG Joe Rogan t 107.8 pos '1621.6 400.0 -88.0' spd 187.8 yaw 296.5 mode 2 st 5 gl 0 hp 92 frg 0
ARGLOG Romero t 107.9 pos '1817.9 -123.2 -207.2' spd 300.0 yaw 108.2 mode 2 st 3 gl 0 hp 100 frg 0
ARGEVT Romero swim
ARGUS Joe Rogan threatmove range 2
ARGUS Romero threatmove range 3
ARGEVT Carmack hazard
ARGUS Carmack wallslide
ARGLOG Carmack t 108.2 pos '262.7 335.9  56.0' spd 279.9 yaw 16 mode 2 st 2 gl 0 hp 24 frg 2
ARGLOG Joe Rogan t 108.3 pos '1768.8 404.1 -88.0' spd 323.3 yaw 271.5 mode 2 st 5 gl 0 hp 88 frg 0
ARGLOG Romero t 108.4 pos '1798.2 -112.0 -163.2' spd  68.0 yaw  93.6 mode 2 st 3 gl 0 hp 100 frg 0
ARGUS Joe Rogan wallslide
ARGEVT Romero swim
ARGEVT Joe Rogan hazard
ARGLOG Carmack t 108.7 pos '428.2 335.9  56.0' spd 195.3 yaw 27 mode 2 st 2 gl 0 hp 24 frg 2
ARGEVT Romero swim
ARGUS Joe Rogan leadclip
ARGLOG Joe Rogan t 108.8 pos '1869.6 400.0 -88.0' spd   9.9 yaw 250.4 mode 2 st 5 gl 0 hp 88 frg 0
ARGEVT Romero swim
ARGLOG Romero t 108.9 pos '1720.8 -133.7 -207.9' spd 154.3 yaw  76.9 mode 2 st 3 gl 0 hp 83 frg 0
ARGEVT Romero pursue
ARGEVT Joe Rogan pursue
ARGEVT Romero swim
ARGEVT Carmack hazard
ARGEVT Romero swim
ARGUS Carmack wallslide
ARGLOG Carmack t 109.2 pos '454.7 336.0  56.0' spd  28.5 yaw 30 mode 2 st 2 gl 0 hp 24 frg 2
ARGLOG Joe Rogan t 109.4 pos '1885.5 400.0 -88.0' spd  10.7 yaw 259 mode 2 st 5 gl 0 hp 32 frg 0
ARGLOG Romero t 109.4 pos '1715.7 -110.9 -159.1' spd  86.2 yaw 78 mode 2 st 3 gl 0 hp 83 frg 0
ARGEVT Joe Rogan hazard
ARGLOG Carmack t 109.7 pos '459.6 336.0  56.0' spd  25.8 yaw 31 mode 2 st 2 gl 0 hp 24 frg 2
ARGLOG Joe Rogan t 109.9 pos '1890.6 400.0 -88.0' spd   9.9 yaw 259 mode 2 st 5 gl 0 hp 32 frg 0
ARGLOG Romero t 109.9 pos '1761.7 -33.0 -168.0' spd 321.2 yaw 81 mode 2 st 3 gl 0 hp 83 frg 0
ARGEVT Carmack hazard
ARGUS Joe Rogan wallslide
ARGEVT Carmack stall
ARGEVT Carmack stallnode '421.0 513.0  56.0'
ARGLOG Carmack t 110.2 pos '462.4 336.0  56.0' spd  10.8 yaw 175.0 mode 0 st 3 gl 0 hp 24 frg 2
ARGEVT Carmack jump
ARGEVT Carmack route 13 start '517.0 289.0  56.0' goal '549.0 -63.0 -168.0'
ARGLOG Joe Rogan t 110.4 pos '1905.2 400.1 -88.0' spd  81.8 yaw 257 mode 2 st 5 gl 0 hp 32 frg 0
ARGLOG Romero t 110.4 pos '1794.2 131.6 -195.2' spd 320.2 yaw 83 mode 2 st 3 gl 0 hp 83 frg 0
ARGEVT Romero swim
ARGEVT Romero swim
ARGUS Joe Rogan hunch weapon_lightning
ARGEVT Romero swim
ARGEVT Joe Rogan goal item_health
ARGEVT Joe Rogan route 1 start '1925.0 513.0 -88.0' goal '1829.0 641.0 -180.0'
ARGLOG Carmack t 110.8 pos '480.4 340.3  86.2' spd  52.2 yaw 108 mode 2 st 3 gl 0 hp 24 frg 2
ARGEVT Joe Rogan pursue
ARGEVT Romero swim
ARGLOG Joe Rogan t 110.9 pos '1958.8 418.9 -88.0' spd 322.5 yaw  15.7 mode 2 st 5 gl 0 hp 32 frg 0
ARGLOG Romero t 110.9 pos '1822.1 293.3 -208.0' spd 317.4 yaw 88 mode 0 st 3 gl 0 hp 83 frg 0
ARGEVT Romero swim
ARGEVT Romero route 8 start '1765.0 385.0 -64.0' goal '1541.0 -191.0 -392.0'
ARGUS Romero hunch item_health
ARGEVT Joe Rogan hazard
ARGEVT Romero swim
ARGEVT Romero swim
ARGEVT Romero goal weapon_lightning
ARGEVT Carmack hazard
ARGEVT Romero route 5 start '1701.0 321.0 -392.0' goal '1541.0 -191.0 -392.0'
ARGEVT Romero swim
ARGLOG Carmack t 111.3 pos '542.9 254.6  56.0' spd 257.7 yaw 62 mode 2 st 3 gl 0 hp 24 frg 2
ARGUS Joe Rogan wallslide
ARGLOG Joe Rogan t 111.4 pos '2017.9 542.3 -88.0' spd 334.2 yaw 110.7 mode 2 st 5 gl 0 hp 32 frg 0
ARGLOG Romero t 111.4 pos '1886.3 343.2 -231.1' spd  84.0 yaw 217.6 mode 2 st 3 gl 0 hp 83 frg 0
ARGUS Carmack wallslide
ARGLOG Carmack t 111.8 pos '529.4 397.6  56.0' spd 334.0 yaw 23 mode 2 st 3 gl 0 hp 24 frg 2
ARGLOG Joe Rogan t 111.9 pos '1836.2 559.6 -88.0' spd 324.9 yaw 95 mode 2 st 5 gl 0 hp 32 frg 0
ARGLOG Romero t 111.9 pos '1820.8 315.0 -298.3' spd 177.4 yaw 109.0 mode 2 st 3 gl 0 hp 83 frg 0
ARGEVT Joe Rogan hazard
ARGLOG Carmack t 112.3 pos '426.2 529.4  56.0' spd 355.8 yaw 345 mode 2 st 3 gl 0 hp 24 frg 2
ARGLOG Joe Rogan t 112.4 pos '1786.1 558.2 -88.0' spd  41.3 yaw 62 mode 2 st 5 gl 0 hp 32 frg 0
ARGLOG Romero t 112.4 pos '1789.2 352.0 -353.9' spd  58.6 yaw 280 mode 2 st 3 gl 0 hp 83 frg 0
ARGUS Carmack wallslide
ARGLOG Carmack t 112.8 pos '515.1 666.8  56.0' spd 432.7 yaw 323 mode 2 st 3 gl 0 hp 24 frg 2
ARGEVT Carmack hazard
ARGLOG Joe Rogan t 112.9 pos '1767.3 556.6 -88.0' spd  33.8 yaw 53 mode 2 st 5 gl 0 hp 32 frg 0
ARGLOG Romero t 112.9 pos '1836.1 316.2 -351.4' spd 154.7 yaw 274 mode 2 st 3 gl 0 hp 83 frg 0
ARGEVT Joe Rogan hazard
ARGLOG Carmack t 113.3 pos '551.8 498.3  56.0' spd 399.9 yaw 345 mode 2 st 3 gl 0 hp 24 frg 2
ARGLOG Joe Rogan t 113.4 pos '1750.8 555.2 -88.0' spd  31.2 yaw 47 mode 2 st 5 gl 0 hp 32 frg 0
ARGLOG Romero t 113.5 pos '1812.9 219.9 -353.7' spd 232.4 yaw 280 mode 2 st 3 gl 0 hp 83 frg 0
ARGUS Joe Rogan wallslide
ARGLOG Carmack t 113.8 pos '550.8 407.6  56.0' spd  61.6 yaw 1 mode 2 st 3 gl 0 hp 24 frg 2
ARGEVT Carmack hazard
ARGLOG Joe Rogan t 113.9 pos '1837.6 559.8 -88.0' spd 219.4 yaw 96 mode 2 st 5 gl 0 hp 32 frg 0
ARGLOG Romero t 114.0 pos '1749.5 110.3 -351.4' spd 249.7 yaw 282 mode 2 st 3 gl 0 hp 83 frg 0
ARGEVT Joe Rogan hazard
ARGUS Carmack wallslide
ARGLOG Carmack t 114.3 pos '551.8 448.0  56.0' spd 152.6 yaw 354 mode 2 st 3 gl 0 hp 24 frg 2
ARGLOG Joe Rogan t 114.4 pos '1870.5 556.9 -88.0' spd  37.3 yaw 116 mode 2 st 5 gl 0 hp 32 frg 0
ARGLOG Romero t 114.5 pos '1763.8  16.0 -351.6' spd 111.4 yaw 283 mode 2 st 3 gl 0 hp 83 frg 0
ARGLOG Carmack t 114.8 pos '549.3 482.7  56.0' spd  43.4 yaw 348 mode 2 st 3 gl 0 hp 24 frg 2
ARGEVT Carmack hazard
ARGLOG Joe Rogan t 114.9 pos '1887.5 553.0 -88.0' spd  31.4 yaw 123 mode 2 st 5 gl 0 hp 32 frg 0
ARGLOG Romero t 115.0 pos '1829.0   7.2 -351.9' spd 133.7 yaw 226 mode 2 st 3 gl 0 hp 83 frg 0
ARGEVT Joe Rogan hazard
ARGLOG Carmack t 115.3 pos '546.1 502.7  56.0' spd  38.4 yaw 344 mode 2 st 3 gl 0 hp 24 frg 2
ARGEVT Joe Rogan stall
ARGEVT Joe Rogan stallnode '1829.0 641.0 -180.0'
ARGEVT Joe Rogan jump
ARGLOG Joe Rogan t 115.4 pos '1877.0 560.0 -80.4' spd 213.9 yaw 113.7 mode 0 st 6 gl 0 hp 32 frg 0
ARGLOG Romero t 115.5 pos '1857.5 -78.1 -353.0' spd 224.5 yaw 208 mode 2 st 3 gl 0 hp 83 frg 0
ARGEVT Joe Rogan route 1 start '1925.0 513.0 -88.0' goal '1829.0 641.0 -180.0'
ARGLOG Carmack t 115.8 pos '543.3 520.3  56.0' spd  35.3 yaw 341 mode 2 st 3 gl 0 hp 24 frg 2
ARGEVT Carmack hazard
ARGLOG Joe Rogan t 115.9 pos '1846.1 560.0 -60.6' spd  34.3 yaw 101 mode 2 st 6 gl 0 hp 32 frg 0
ARGLOG Romero t 116.0 pos '1853.9 -203.9 -353.8' spd 266.1 yaw 177 mode 2 st 3 gl 0 hp 83 frg 0
ARGLOG Carmack t 116.3 pos '540.7 536.6  56.0' spd  31.0 yaw 339 mode 2 st 3 gl 0 hp 24 frg 2
ARGLOG Joe Rogan t 116.5 pos '1956.7 515.6 -88.0' spd 397.2 yaw  38.6 mode 2 st 6 gl 0 hp 32 frg 0
ARGLOG Romero t 116.5 pos '1785.6 -285.3 -353.0' spd 195.6 yaw 158 mode 2 st 3 gl 0 hp 83 frg 0
ARGEVT Joe Rogan hazard
ARGEVT Carmack hazard
ARGLOG Carmack t 116.8 pos '548.6 558.9  56.0' spd  47.1 yaw 334 mode 2 st 3 gl 0 hp 24 frg 2
ARGUS Joe Rogan wallslide
ARGLOG Joe Rogan t 117.0 pos '1974.8 542.9 -88.0' spd 300.1 yaw 146 mode 2 st 6 gl 0 hp 32 frg 0
ARGUS Carmack wallslide
ARGLOG Romero t 117.0 pos '1678.8 -262.1 -331.5' spd 244.6 yaw 152.0 mode 1 st 3 gl 0 hp 83 frg 0
ARGLOG Carmack t 117.3 pos '552.0 441.7  56.0' spd 240.4 yaw 356 mode 2 st 3 gl 0 hp 24 frg 2
ARGLOG Joe Rogan t 117.5 pos '1809.6 557.7 -88.0' spd 210.4 yaw 76 mode 2 st 6 gl 0 hp 32 frg 0
ARGLOG Romero t 117.5 pos '1556.6 -202.5 -275.9' spd 279.5 yaw 140.0 mode 1 st 3 gl 0 hp 83 frg 0
ARGEVT Joe Rogan hazard
ARGEVT Carmack hazard
ARGLOG Carmack t 117.9 pos '552.0 401.4  56.0' spd  44.8 yaw 3 mode 2 st 3 gl 0 hp 24 frg 2
ARGLOG Joe Rogan t 118.0 pos '1774.3 558.1 -88.0' spd  44.0 yaw 56 mode 2 st 6 gl 0 hp 32 frg 0
ARGLOG Romero t 118.0 pos '1484.0 -114.3 -226.4' spd 146.2 yaw 337.3 mode 1 st 3 gl 0 hp 83 frg 0
ARGLOG Carmack t 118.4 pos '552.0 380.6  56.0' spd  39.2 yaw 7 mode 2 st 3 gl 0 hp 24 frg 2
ARGUS Joe Rogan wallslide
ARGLOG Joe Rogan t 118.5 pos '1754.2 560.0 -88.0' spd  32.8 yaw 47 mode 2 st 6 gl 0 hp 32 frg 0
ARGLOG Romero t 118.5 pos '1524.6 -154.4 -207.1' spd 185.9 yaw 298 mode 1 st 3 gl 0 hp 83 frg 0
ARGEVT Romero swim
ARGEVT Joe Rogan hazard
ARGEVT Romero swim
ARGEVT Romero swim
ARGEVT Carmack hazard
ARGLOG Carmack t 118.9 pos '552.0 362.6  56.0' spd  36.0 yaw 10 mode 2 st 3 gl 0 hp 24 frg 2
ARGEVT Romero swim
ARGLOG Joe Rogan t 119.0 pos '1737.9 560.0 -88.0' spd  30.6 yaw 41 mode 2 st 6 gl 0 hp 32 frg 0
ARGLOG Romero t 119.0 pos '1565.1 -238.0 -206.8' spd 194.7 yaw 166.8 mode 1 st 3 gl 0 hp 83 frg 0
ARGEVT Romero swim
ARGEVT Romero swim
ARGEVT Romero swim
ARGLOG Carmack t 119.4 pos '552.0 346.0  56.0' spd  31.3 yaw 13 mode 2 st 3 gl 0 hp 24 frg 2
ARGEVT Romero swim
ARGUS Joe Rogan wallslide
ARGLOG Joe Rogan t 119.5 pos '1723.4 560.0 -88.0' spd  31.8 yaw 37 mode 2 st 6 gl 0 hp 32 frg 0
ARGLOG Romero t 119.5 pos '1485.5 -227.3 -208.3' spd 222.6 yaw 31 mode 1 st 3 gl 0 hp 83 frg 0
ARGEVT Romero swim
ARGEVT Joe Rogan stall
ARGEVT Joe Rogan stallnode '1829.0 641.0 -180.0'
ARGEVT Joe Rogan jump
ARGEVT Romero swim
ARGEVT Joe Rogan route 2 start '1669.0 513.0 -88.0' goal '1829.0 641.0 -180.0'
ARGEVT Romero engage Joe Rogan
ARGEVT Romero grab weapon_lightning
ARGUS Carmack wallslide
ARGEVT Romero swim
ARGLOG Carmack t 119.9 pos '552.0 348.6  56.0' spd 220.5 yaw 13 mode 2 st 3 gl 0 hp 24 frg 2
ARGEVT Romero swim
ARGLOG Joe Rogan t 120.0 pos '1853.7 560.0 -44.6' spd 289.1 yaw 106 mode 2 st 7 gl 0 hp 32 frg 0
ARGEVT Romero swim
ARGLOG Romero t 120.0 pos '1525.5 -138.4 -207.5' spd 224.8 yaw  63.0 mode 1 st 3 gl 0 hp 83 frg 0
ARGEVT Romero swim
ARGUS Joe Rogan leadclip
ARGEVT Joe Rogan grab item_health
ARGUS Joe Rogan threatmove retreat 2
ARGEVT Joe Rogan retreat
ARGEVT Romero swim
ARGEVT Joe Rogan hazard
ARGEVT Romero swim
ARGEVT Carmack hazard
ARGLOG Carmack t 120.4 pos '552.0 477.8  56.0' spd  67.7 yaw 348 mode 2 st 3 gl 0 hp 24 frg 2
ARGEVT Romero swim
ARGEVT Joe Rogan weapon sg
ARGLOG Joe Rogan t 120.5 pos '1934.7 558.8 -88.0' spd  37.2 yaw 243.4 mode 2 st 7 gl 0 hp 24 frg 0
ARGLOG Romero t 120.5 pos '1587.4 -209.4 -207.7' spd 246.4 yaw  63.9 mode 1 st 3 gl 0 hp 83 frg 0
ARGEVT Romero swim
ARGEVT Joe Rogan pursue
ARGEVT Romero pursue
ARGEVT Romero swim
ARGEVT Romero swim
ARGUS Carmack wallslide
ARGEVT Romero swim
ARGLOG Carmack t 120.9 pos '552.0 501.3  56.0' spd  39.5 yaw 344 mode 2 st 3 gl 0 hp 24 frg 2
ARGEVT Romero swim
ARGLOG Joe Rogan t 121.0 pos '1891.9 456.5 -88.0' spd 320.0 yaw 242 mode 2 st 7 gl 0 hp 24 frg 0
ARGLOG Romero t 121.0 pos '1544.0 -200.5 -207.3' spd  99.7 yaw 64 mode 1 st 3 gl 0 hp 83 frg 0
ARGEVT Romero swim
ARGUS Joe Rogan hunch weapon_lightning
ARGEVT Romero swim
ARGEVT Joe Rogan goal item_health
ARGEVT Joe Rogan route 2 start '1765.0 385.0 -64.0' goal '1829.0 641.0 -180.0'
ARGEVT Romero swim
