LOG started on: 09/19/2026 22:35:05 
Playing registered version.
UDP Initialized
WIPX_OpenSocket: Address family not supported by protocol family
WIPX_Init: Unable to open control socket, IPX disabled
Exe: 20:02:47 Jul 31 2024
256.0 megabyte heap

Language initialization
Couldn't load 'localization/loc_english.txt'
from 'C:\argus\engine'

========= Quake Initialized =========

execing autoexec.cfg
SpawnServer: dm3
Clearing memory
Programs occupy 918K.
trying to open external vis file
maps/dm3.vis not found, trying argus.vis
external vis not found
ARGUS slots 8
ARGUS worldspawn reached
ARGNAV 244 nodes, 771 links
0 entities inhibited
ARGUS init on dm3
ARGEVT Carmack spawned
ARGEVT Romero spawned
ARGEVT Joe Rogan spawned
Server spawned.
ARGLOG Joe Rogan t   1.2 pos '192.0 -208.0 -176.0' spd 0 yaw  87.6 mode 0 st 0 gl 0 hp 100 frg 0
ARGLOG Romero t   1.2 pos '1520.0 432.0 -88.0' spd 0 yaw  47.5 mode 0 st 0 gl 0 hp 100 frg 0
ARGLOG Carmack t   1.2 pos '-880.0 -232.0 -16.0' spd 0 yaw 119.6 mode 0 st 0 gl 0 hp 100 frg 0
ARGEVT Carmack hazard
ARGLOG Joe Rogan t   1.7 pos '199.6 -63.8 -176.0' spd 320 yaw  87.6 mode 0 st 0 gl 0 hp 100 frg 0
ARGLOG Romero t   1.7 pos '1618.5 537.6 -88.0' spd 320 yaw  47.5 mode 0 st 0 gl 0 hp 100 frg 0
ARGLOG Carmack t   1.7 pos '-947.1 -107.6 -16.0' spd 212.7 yaw 267.8 mode 0 st 0 gl 0 hp 100 frg 0
ARGLOG Joe Rogan t   2.2 pos '236.9  -0.1 -176.0' spd 324.4 yaw 294.8 mode 0 st 0 gl 0 hp 100 frg 0
ARGLOG Romero t   2.2 pos '1712.5 440.1 -88.0' spd 322.1 yaw 287.1 mode 0 st 0 gl 0 hp 100 frg 0
ARGLOG Carmack t   2.2 pos '-947.3 -229.4 -16.0' spd 320.0 yaw 267.8 mode 0 st 0 gl 0 hp 100 frg 0
ARGUS Romero wallslide
ARGUS Joe Rogan wallslide
ARGLOG Joe Rogan t   2.7 pos '264.3 -76.1 -176.0' spd 323.7 yaw 124.6 mode 0 st 0 gl 0 hp 100 frg 0
ARGLOG Romero t   2.7 pos '1792.7 400.0 -88.0' spd 208.0 yaw 287.1 mode 0 st 0 gl 0 hp 100 frg 0
ARGLOG Carmack t   2.7 pos '-867.9 -250.3 -16.0' spd 323.7 yaw  45.5 mode 0 st 0 gl 0 hp 100 frg 0
ARGEVT Romero hazard
ARGLOG Joe Rogan t   3.2 pos '163.3  31.4 -176.0' spd 230.6 yaw 250.7 mode 0 st 0 gl 0 hp 100 frg 0
ARGLOG Romero t   3.2 pos '1826.4 400.0 -88.0' spd  86.9 yaw 287.1 mode 0 st 0 gl 0 hp 100 frg 0
ARGLOG Carmack t   3.2 pos '-875.0 -234.3 -16.0' spd 320.3 yaw 210.5 mode 0 st 0 gl 0 hp 100 frg 0
ARGEVT Joe Rogan hazard
ARGUS Romero wallslide
ARGUS Joe Rogan wallslide
ARGEVT Carmack hazard
ARGLOG Joe Rogan t   3.7 pos '144.0 -127.9 -176.0' spd 336.8 yaw 250.7 mode 0 st 0 gl 0 hp 100 frg 0
ARGLOG Romero t   3.7 pos '1915.5 419.6 -88.0' spd 342.1 yaw  71.4 mode 0 st 0 gl 0 hp 100 frg 0
ARGLOG Carmack t   3.7 pos '-887.4 -300.8 -16.0' spd 325.0 yaw 337.8 mode 0 st 0 gl 0 hp 100 frg 0
ARGUS Carmack wallslide
ARGEVT Joe Rogan plan powerup via weapon
ARGEVT Joe Rogan goal weapon_lightning
ARGEVT Romero goal item_health
ARGEVT Carmack goal weapon_supernailgun
ARGEVT Joe Rogan route 13 start '  5.0 -191.0 -176.0' goal '1541.0 -191.0 -392.0'
ARGLOG Joe Rogan t   4.2 pos '136.5 -186.4 -176.0' spd 339.3 yaw 63 mode 2 st 0 gl 0 hp 100 frg 0
ARGLOG Romero t   4.2 pos '1981.5 514.6 -88.0' spd 204.4 yaw 227.0 mode 0 st 0 gl 0 hp 100 frg 0
ARGLOG Carmack t   4.2 pos '-725.5 -301.4 -16.0' spd 356.2 yaw  41.1 mode 0 st 0 gl 0 hp 100 frg 0
ARGEVT Joe Rogan hazard
ARGUS routefield adopt
ARGEVT Romero route 1 start '1925.0 513.0 -88.0' goal '1829.0 641.0 -180.0'
ARGEVT Carmack route 18 start '-763.0 -255.0 -16.0' goal '-507.0 449.0 120.0'
ARGEVT Carmack hazard
ARGLOG Joe Rogan t   4.7 pos ' 21.7 -146.0 -176.0' spd  32.0 yaw 21 mode 2 st 0 gl 0 hp 100 frg 0
ARGLOG Romero t   4.7 pos '1815.4 504.8 -88.0' spd 435.2 yaw 84 mode 2 st 0 gl 0 hp 100 frg 0
ARGLOG Carmack t   4.7 pos '-650.9 -208.3 -16.0' spd 362.7 yaw 142 mode 2 st 0 gl 0 hp 100 frg 0
ARGUS Joe Rogan wallslide
ARGEVT Romero hazard
ARGUS Romero wallslide
ARGLOG Joe Rogan t   5.2 pos '185.9 -138.4 -176.0' spd 342.9 yaw 60 mode 2 st 0 gl 0 hp 100 frg 0
ARGLOG Romero t   5.2 pos '1736.9 560.0 -88.0' spd  28.9 yaw 41 mode 2 st 0 gl 0 hp 100 frg 0
ARGLOG Carmack t   5.2 pos '-821.3 -241.9 -16.0' spd 398.2 yaw 103 mode 2 st 0 gl 0 hp 100 frg 0
ARGLOG Joe Rogan t   5.7 pos '288.6 -46.1 -176.0' spd 251.6 yaw 69 mode 2 st 0 gl 0 hp 100 frg 0
ARGLOG Romero t   5.7 pos '1721.9 560.0 -88.0' spd  27.9 yaw 37 mode 2 st 0 gl 0 hp 100 frg 0
ARGLOG Carmack t   5.7 pos '-935.8 -103.8 -16.0' spd 339.6 yaw 87 mode 2 st 0 gl 0 hp 100 frg 0
ARGEVT Joe Rogan hazard
ARGEVT Romero hazard
ARGUS Romero wallslide
ARGLOG Joe Rogan t   6.2 pos '432.3  50.6 -200.0' spd 379.3 yaw 30 mode 2 st 0 gl 0 hp 100 frg 0
ARGLOG Romero t   6.2 pos '1709.8 560.0 -88.0' spd  67.1 yaw 34 mode 2 st 0 gl 0 hp 100 frg 0
ARGLOG Carmack t   6.2 pos '-932.6  59.9  -8.0' spd 320.0 yaw 87 mode 2 st 0 gl 0 hp 100 frg 0
ARGEVT Carmack jump
ARGLOG Joe Rogan t   6.8 pos '464.2 210.7 -200.0' spd 372.7 yaw 342 mode 2 st 0 gl 0 hp 100 frg 0
ARGLOG Romero t   6.8 pos '1857.8 560.0 -88.0' spd 122.0 yaw 109 mode 2 st 0 gl 0 hp 100 frg 0
ARGLOG Carmack t   6.8 pos '-919.5 208.0  67.6' spd  22.9 yaw 90 mode 2 st 0 gl 0 hp 100 frg 0
ARGEVT Romero hazard
ARGEVT Carmack route 16 start '-955.0 225.0  72.0' goal '-507.0 449.0 120.0'
ARGUS Carmack wallslide
ARGLOG Joe Rogan t   7.3 pos '625.3 196.0 -200.0' spd 320.0 yaw 335 mode 2 st 0 gl 0 hp 100 frg 0
ARGLOG Romero t   7.3 pos '1882.4 560.0 -88.0' spd  38.8 yaw 123 mode 2 st 0 gl 0 hp 100 frg 0
ARGLOG Carmack t   7.3 pos '-904.4 296.6 104.0' spd 320.3 yaw 88 mode 2 st 0 gl 0 hp 100 frg 0
ARGLOG Joe Rogan t   7.8 pos '781.0 149.0 -200.0' spd 322.1 yaw 325 mode 2 st 0 gl 0 hp 100 frg 0
ARGLOG Romero t   7.8 pos '1900.9 560.0 -88.0' spd  36.4 yaw 131 mode 2 st 0 gl 0 hp 100 frg 0
ARGLOG Carmack t   7.8 pos '-910.4 457.1 120.0' spd 320.0 yaw 86 mode 2 st 0 gl 0 hp 100 frg 0
ARGEVT Joe Rogan hazard
ARGUS Joe Rogan wallslide
ARGEVT Romero hazard
ARGLOG Joe Rogan t   8.3 pos '800.0 133.6 -200.0' spd  10.5 yaw 325 mode 2 st 0 gl 0 hp 100 frg 0
ARGLOG Romero t   8.3 pos '1917.7 560.0 -88.0' spd  33.4 yaw 137 mode 2 st 0 gl 0 hp 100 frg 0
ARGLOG Carmack t   8.3 pos '-907.7 618.4 120.0' spd 320.2 yaw 50 mode 2 st 0 gl 0 hp 100 frg 0
ARGUS Romero wallslide
ARGEVT Joe Rogan stall
ARGEVT Joe Rogan stallnode '901.0  65.0 -184.0'
ARGEVT Joe Rogan jump
ARGLOG Joe Rogan t   8.8 pos '800.0 131.7 -196.1' spd 0 yaw 331.5 mode 0 st 1 gl 0 hp 100 frg 0
ARGLOG Romero t   8.8 pos '1819.3 560.0 -88.0' spd 207.1 yaw 83 mode 2 st 0 gl 0 hp 100 frg 0
ARGLOG Carmack t   8.8 pos '-861.9 781.6 120.0' spd 360.3 yaw 9 mode 2 st 0 gl 0 hp 100 frg 0
ARGEVT Joe Rogan route 9 start '677.0 193.0 -200.0' goal '1541.0 -191.0 -392.0'
ARGEVT Romero hazard
ARGLOG Joe Rogan t   9.3 pos '800.0 135.2 -170.3' spd  39.8 yaw 326 mode 2 st 1 gl 0 hp 100 frg 0
ARGLOG Romero t   9.3 pos '1789.3 556.7 -88.0' spd  38.3 yaw 64 mode 2 st 0 gl 0 hp 100 frg 0
ARGLOG Carmack t   9.3 pos '-707.9 848.2 120.0' spd 325.4 yaw 358 mode 2 st 0 gl 0 hp 100 frg 0
ARGEVT Carmack route 11 start '-539.0 833.0 120.0' goal '-507.0 449.0 120.0'
ARGLOG Joe Rogan t   9.8 pos '707.4 185.9 -200.0' spd 333.2 yaw 327 mode 2 st 1 gl 0 hp 100 frg 0
ARGLOG Romero t   9.8 pos '1772.3 553.0 -88.0' spd  34.8 yaw 57 mode 2 st 0 gl 0 hp 100 frg 0
ARGLOG Carmack t   9.8 pos '-544.7 820.8 120.0' spd 323.2 yaw 354 mode 2 st 0 gl 0 hp 100 frg 0
ARGEVT Romero hazard
ARGLOG Joe Rogan t  10.3 pos '586.6  64.8 -184.2' spd 484.8 yaw 348 mode 2 st 1 gl 0 hp 100 frg 0
ARGLOG Romero t  10.3 pos '1751.3 556.5 -88.0' spd  55.2 yaw 47 mode 2 st 0 gl 0 hp 100 frg 0
ARGLOG Carmack t  10.3 pos '-528.0 811.9 120.0' spd   3.3 yaw 355 mode 2 st 0 gl 0 hp 100 frg 0
ARGUS Romero wallslide
ARGLOG Joe Rogan t  10.8 pos '762.3  -9.3 -200.0' spd 340.3 yaw 356 mode 2 st 1 gl 0 hp 100 frg 0
ARGLOG Romero t  10.8 pos '1833.4 559.9 -88.0' spd 234.5 yaw 93 mode 2 st 0 gl 0 hp 100 frg 0
ARGLOG Carmack t  10.8 pos '-528.0 813.6 120.0' spd   3.1 yaw 355 mode 2 st 0 gl 0 hp 100 frg 0
ARGEVT Joe Rogan hazard
ARGEVT Carmack stall
ARGEVT Carmack stallnode '-283.0 833.0 120.0'
ARGEVT Carmack jump
ARGEVT Romero hazard
ARGUS routecache adopt
ARGEVT Carmack route 11 start '-539.0 833.0 120.0' goal '-507.0 449.0 120.0'
ARGUS Joe Rogan wallslide
ARGLOG Joe Rogan t  11.3 pos '799.5 107.7 -200.0' spd 105.7 yaw 329 mode 2 st 1 gl 0 hp 100 frg 0
ARGLOG Romero t  11.3 pos '1872.1 559.9 -88.0' spd  43.7 yaw 118 mode 2 st 0 gl 0 hp 100 frg 0
ARGLOG Carmack t  11.3 pos '-528.0 796.3 160.7' spd  46.3 yaw 357 mode 2 st 1 gl 0 hp 100 frg 0
ARGUS Romero wallslide
ARGLOG Joe Rogan t  11.8 pos '800.0 125.1 -200.0' spd  24.9 yaw 326 mode 2 st 1 gl 0 hp 100 frg 0
ARGLOG Romero t  11.8 pos '1892.1 560.0 -88.0' spd  35.3 yaw 127 mode 2 st 0 gl 0 hp 100 frg 0
ARGLOG Carmack t  11.8 pos '-528.0 805.3 120.0' spd  34.0 yaw 356 mode 2 st 1 gl 0 hp 100 frg 0
ARGEVT Joe Rogan hazard
ARGEVT Romero hazard
ARGUS Joe Rogan wallslide
ARGLOG Joe Rogan t  12.3 pos '800.0 135.6 -200.0' spd  27.0 yaw 324 mode 2 st 1 gl 0 hp 100 frg 0
ARGLOG Romero t  12.3 pos '1909.3 560.0 -88.0' spd  32.1 yaw 134 mode 2 st 0 gl 0 hp 100 frg 0
ARGLOG Carmack t  12.3 pos '-528.0 811.7 120.0' spd   3.1 yaw 355 mode 2 st 1 gl 0 hp 100 frg 0
ARGUS Romero wallslide
ARGLOG Joe Rogan t  12.8 pos '800.0 141.6 -200.0' spd   6.0 yaw 323 mode 2 st 1 gl 0 hp 100 frg 0
ARGLOG Romero t  12.8 pos '1900.5 560.0 -88.0' spd 245.9 yaw 131 mode 2 st 0 gl 0 hp 100 frg 0
ARGLOG Carmack t  12.8 pos '-528.0 813.3 120.0' spd   3.3 yaw 355 mode 2 st 1 gl 0 hp 100 frg 0
ARGEVT Joe Rogan hazard
ARGEVT Joe Rogan stall
ARGEVT Joe Rogan stallnode '901.0  65.0 -184.0'
ARGEVT Joe Rogan jump
ARGEVT Carmack stall
ARGEVT Carmack stallnode '-283.0 833.0 120.0'
ARGEVT Carmack jump
ARGUS routefield adopt
ARGEVT Joe Rogan route 9 start '677.0 193.0 -200.0' goal '1541.0 -191.0 -392.0'
ARGUS routecache adopt
ARGEVT Carmack route 11 start '-539.0 833.0 120.0' goal '-507.0 449.0 120.0'
ARGEVT Romero hazard
ARGLOG Joe Rogan t  13.3 pos '817.7 146.9 -156.4' spd  73.2 yaw 316 mode 2 st 2 gl 0 hp 100 frg 0
ARGLOG Romero t  13.3 pos '1799.6 559.0 -88.0' spd  41.4 yaw 70 mode 2 st 0 gl 0 hp 100 frg 0
ARGLOG Carmack t  13.3 pos '-528.0 801.5 163.6' spd  42.1 yaw 356 mode 2 st 2 gl 0 hp 100 frg 0
ARGEVT Joe Rogan stall
ARGEVT Joe Rogan stallnode '677.0 193.0 -200.0'
ARGEVT Joe Rogan jump
ARGEVT Carmack stall
ARGEVT Carmack stallnode '-283.0 833.0 120.0'
ARGEVT Carmack jump
ARGEVT Joe Rogan plan powerup via weapon
ARGEVT Joe Rogan goal weapon_supernailgun
ARGEVT Carmack plan powerup via weapon
ARGEVT Carmack goal weapon_rocketlauncher
ARGEVT Joe Rogan route 31 start '677.0 193.0 -200.0' goal '-507.0 449.0 120.0'
ARGLOG Joe Rogan t  13.8 pos '761.0 156.3 -175.0' spd 316.4 yaw 327 mode 2 st 3 gl 0 hp 100 frg 0
ARGLOG Romero t  13.8 pos '1780.5 555.6 -88.0' spd  34.4 yaw 60 mode 2 st 0 gl 0 hp 100 frg 0
ARGLOG Carmack t  13.8 pos '-528.0 810.1 145.0' spd  19.5 yaw 352 mode 0 st 3 gl 0 hp 100 frg 0
ARGEVT Carmack route 21 start '-539.0 833.0 120.0' goal '1509.0 481.0 -88.0'
ARGEVT Romero hazard
ARGLOG Joe Rogan t  14.3 pos '615.9 213.9 -189.9' spd 331.0 yaw 330 mode 2 st 3 gl 0 hp 100 frg 0
ARGLOG Romero t  14.3 pos '1763.6 552.6 -88.0' spd  31.5 yaw 53 mode 2 st 0 gl 0 hp 100 frg 0
ARGLOG Carmack t  14.3 pos '-528.0 810.6 130.1' spd  35.2 yaw 355 mode 2 st 3 gl 0 hp 100 frg 0
ARGEVT Joe Rogan hazard
ARGEVT Carmack stall
ARGEVT Carmack stallnode '-283.0 833.0 120.0'
ARGEVT Carmack jump
ARGUS routecache adopt
ARGEVT Carmack route 21 start '-539.0 833.0 120.0' goal '1509.0 481.0 -88.0'
ARGEVT Joe Rogan route 31 start '677.0 193.0 -200.0' goal '-507.0 449.0 120.0'
ARGUS Romero wallslide
ARGUS Joe Rogan wallslide
ARGLOG Joe Rogan t  14.8 pos '601.9 239.7 -200.0' spd 275.5 yaw 330 mode 2 st 3 gl 0 hp 100 frg 0
ARGLOG Romero t  14.8 pos '1826.4 559.8 -88.0' spd 260.0 yaw 88 mode 2 st 0 gl 0 hp 100 frg 0
ARGLOG Carmack t  14.8 pos '-516.9 821.8 160.9' spd  36.9 yaw 353 mode 2 st 4 gl 0 hp 100 frg 0
ARGEVT Romero hazard
ARGLOG Joe Rogan t  15.3 pos '757.4 184.5 -200.0' spd 322.3 yaw 322 mode 2 st 3 gl 0 hp 100 frg 0
ARGLOG Romero t  15.3 pos '1870.3 558.8 -88.0' spd  42.6 yaw 116 mode 2 st 0 gl 0 hp 100 frg 0
ARGLOG Carmack t  15.3 pos '-443.5 829.1 120.0' spd 320.0 yaw 351 mode 2 st 4 gl 0 hp 100 frg 0
ARGLOG Joe Rogan t  15.8 pos '814.4 144.0 -200.0' spd 0 yaw 321 mode 2 st 3 gl 0 hp 100 frg 0
ARGLOG Romero t  15.8 pos '1890.1 557.8 -88.0' spd  37.3 yaw 126 mode 2 st 0 gl 0 hp 100 frg 0
ARGLOG Carmack t  15.8 pos '-281.1 820.9 120.0' spd 321.4 yaw 347 mode 2 st 4 gl 0 hp 100 frg 0
ARGEVT Romero hazard
ARGLOG Joe Rogan t  16.3 pos '814.4 144.0 -200.0' spd 0 yaw 321 mode 2 st 3 gl 0 hp 100 frg 0
ARGLOG Romero t  16.3 pos '1907.4 556.9 -88.0' spd  34.3 yaw 132 mode 2 st 0 gl 0 hp 100 frg 0
ARGLOG Carmack t  16.3 pos '-123.6 785.4 120.0' spd 320.0 yaw 295 mode 2 st 4 gl 0 hp 100 frg 0
ARGEVT Joe Rogan stall
ARGEVT Joe Rogan stallnode '901.0  65.0 -184.0'
ARGEVT Joe Rogan jump
ARGUS routecache adopt
ARGEVT Joe Rogan route 30 start '901.0  65.0 -184.0' goal '-507.0 449.0 120.0'
ARGUS Romero wallslide
ARGLOG Joe Rogan t  16.8 pos '826.2 144.0 -156.4' spd  41.7 yaw 341 mode 2 st 4 gl 0 hp 100 frg 0
ARGLOG Romero t  16.8 pos '1876.6 559.7 -88.0' spd 306.2 yaw 120 mode 2 st 0 gl 0 hp 100 frg 0
ARGLOG Carmack t  16.8 pos '  6.3 679.4  56.0' spd 324.9 yaw 339 mode 2 st 4 gl 0 hp 100 frg 0
ARGEVT Romero hazard
ARGLOG Joe Rogan t  17.3 pos '885.7 125.3 -184.0' spd 330.0 yaw 340 mode 2 st 4 gl 0 hp 100 frg 0
ARGLOG Romero t  17.3 pos '1794.9 559.1 -88.0' spd  36.8 yaw 67 mode 2 st 0 gl 0 hp 100 frg 0
ARGLOG Carmack t  17.3 pos '136.4 576.9  56.0' spd 324.7 yaw 348 mode 2 st 4 gl 0 hp 100 frg 0
ARGUS Joe Rogan wallslide
ARGLOG Joe Rogan t  17.9 pos '998.8  10.2 -184.0' spd 303.4 yaw 350 mode 2 st 4 gl 0 hp 100 frg 0
ARGLOG Romero t  17.9 pos '1778.5 554.1 -88.0' spd  33.6 yaw 59 mode 2 st 0 gl 0 hp 100 frg 0
ARGLOG Carmack t  17.9 pos '295.9 532.8  56.0' spd 320.3 yaw 347 mode 2 st 4 gl 0 hp 100 frg 0
ARGEVT Romero hazard
ARGLOG Joe Rogan t  18.4 pos '1153.0 -67.1 -168.0' spd 333.3 yaw 0 mode 2 st 4 gl 0 hp 100 frg 0
ARGLOG Romero t  18.4 pos '1754.8 560.0 -88.0' spd  43.1 yaw 47 mode 2 st 0 gl 0 hp 100 frg 0
ARGUS Romero wallslide
ARGLOG Carmack t  18.4 pos '453.9 504.7  56.0' spd 320.5 yaw 348 mode 2 st 4 gl 0 hp 100 frg 0
ARGEVT Carmack hazard
ARGUS Carmack wallslide
ARGLOG Joe Rogan t  18.9 pos '1314.0 -55.5 -168.0' spd 320.9 yaw   9.6 mode 0 st 4 gl 0 hp 100 frg 0
ARGLOG Romero t  18.9 pos '1738.7 560.0 -88.0' spd  33.0 yaw 41 mode 2 st 0 gl 0 hp 100 frg 0
ARGLOG Carmack t  18.9 pos '552.0 533.8  56.0' spd  40.6 yaw 338 mode 2 st 4 gl 0 hp 100 frg 0
ARGUS routecache adopt
ARGEVT Joe Rogan route 27 start '1413.0 -63.0 -168.0' goal '-507.0 449.0 120.0'
ARGEVT Romero hazard
ARGUS routecache adopt
ARGEVT Joe Rogan route 27 start '1413.0 -63.0 -168.0' goal '-507.0 449.0 120.0'
ARGLOG Joe Rogan t  19.4 pos '1430.4  78.7 -169.7' spd 434.5 yaw 153.0 mode 0 st 4 gl 0 hp 100 frg 0
ARGLOG Romero t  19.4 pos '1723.4 560.0 -88.0' spd  30.4 yaw 37 mode 2 st 0 gl 0 hp 100 frg 0
ARGUS Romero wallslide
ARGLOG Carmack t  19.4 pos '552.0 550.5  56.0' spd  32.9 yaw 335 mode 2 st 4 gl 0 hp 100 frg 0
ARGUS routecache adopt
ARGEVT Joe Rogan route 27 start '1413.0 -63.0 -168.0' goal '-507.0 449.0 120.0'
ARGEVT Carmack hazard
ARGEVT Joe Rogan swim
ARGEVT Joe Rogan swim
ARGUS Carmack wallslide
ARGLOG Joe Rogan t  19.9 pos '1409.9  88.4 -207.8' spd  62.9 yaw 339 mode 2 st 4 gl 0 hp 100 frg 0
ARGLOG Romero t  19.9 pos '1710.8 560.0 -88.0' spd  64.4 yaw 34 mode 2 st 0 gl 0 hp 100 frg 0
ARGLOG Carmack t  19.9 pos '552.0 566.3  56.0' spd  28.6 yaw 333 mode 2 st 4 gl 0 hp 100 frg 0
ARGEVT Joe Rogan swim
ARGEVT Joe Rogan swim
ARGEVT Joe Rogan swim
ARGEVT Joe Rogan swim
ARGEVT Joe Rogan swim
ARGUS Romero wallslide
ARGLOG Joe Rogan t  20.4 pos '1387.2  59.3 -207.1' spd  87.8 yaw 344 mode 2 st 4 gl 0 hp 100 frg 0
ARGLOG Romero t  20.4 pos '1856.4 560.0 -88.0' spd 135.1 yaw 108 mode 2 st 0 gl 0 hp 100 frg 0
ARGLOG Carmack t  20.4 pos '552.0 581.5  56.0' spd  26.9 yaw 331 mode 2 st 4 gl 0 hp 100 frg 0
ARGEVT Romero hazard
ARGEVT Joe Rogan swim
ARGUS Carmack wallslide
ARGLOG Joe Rogan t  20.9 pos '1414.5  36.9 -159.4' spd 113.7 yaw 220.4 mode 0 st 4 gl 0 hp 100 frg 0
ARGLOG Romero t  20.9 pos '1881.7 560.0 -88.0' spd  39.3 yaw 123 mode 2 st 0 gl 0 hp 100 frg 0
ARGLOG Carmack t  20.9 pos '552.0 500.9  56.0' spd 401.6 yaw 344 mode 2 st 4 gl 0 hp 100 frg 0
ARGUS routecache adopt
ARGEVT Joe Rogan route 27 start '1413.0 -63.0 -168.0' goal '-507.0 449.0 120.0'
ARGUS routecache adopt
ARGEVT Joe Rogan route 27 start '1413.0 -63.0 -168.0' goal '-507.0 449.0 120.0'
ARGEVT Carmack hazard
ARGUS routecache adopt
ARGEVT Joe Rogan route 27 start '1413.0 -63.0 -168.0' goal '-507.0 449.0 120.0'
ARGUS Romero wallslide
ARGLOG Joe Rogan t  21.4 pos '1303.7  11.3 -168.0' spd 326.1 yaw 352 mode 2 st 4 gl 0 hp 100 frg 0
ARGLOG Romero t  21.4 pos '1900.4 560.0 -88.0' spd  33.8 yaw 131 mode 2 st 0 gl 0 hp 100 frg 0
ARGLOG Carmack t  21.4 pos '552.0 407.0  56.0' spd  48.0 yaw 2 mode 2 st 4 gl 0 hp 100 frg 0
ARGEVT Romero hazard
ARGUS Carmack wallslide
ARGLOG Joe Rogan t  21.9 pos '1211.6 -137.1 -169.0' spd 479.0 yaw 7 mode 2 st 4 gl 0 hp 100 frg 0
ARGLOG Romero t  21.9 pos '1917.2 560.0 -88.0' spd  31.4 yaw 137 mode 2 st 0 gl 0 hp 100 frg 0
ARGLOG Carmack t  21.9 pos '552.0 385.5  56.0' spd  37.7 yaw 6 mode 2 st 4 gl 0 hp 100 frg 0
ARGEVT Joe Rogan swim
ARGEVT Romero stall
ARGEVT Romero stallnode '1829.0 641.0 -180.0'
ARGEVT Romero jump
ARGEVT Carmack hazard
ARGEVT Joe Rogan engage Romero
ARGEVT Joe Rogan swim
ARGUS routefield adopt
ARGEVT Romero route 1 start '1925.0 513.0 -88.0' goal '1829.0 641.0 -180.0'
ARGLOG Joe Rogan t  22.4 pos '1328.0 -275.9 -207.4' spd  29.9 yaw  50.1 mode 2 st 4 gl 0 hp 100 frg 0
ARGLOG Romero t  22.4 pos '1830.0 560.0 -48.4' spd 226.6 yaw 90 mode 2 st 1 gl 0 hp 100 frg 0
ARGLOG Carmack t  22.4 pos '552.0 367.3  56.0' spd  33.6 yaw 9 mode 2 st 4 gl 0 hp 100 frg 0
ARGEVT Joe Rogan swim
ARGEVT Joe Rogan swim
ARGEVT Joe Rogan swim
ARGEVT Joe Rogan swim
ARGEVT Romero engage Joe Rogan
ARGUS Romero leadclip
ARGEVT Romero grab item_health
ARGUS Carmack wallslide
ARGEVT Romero hazard
ARGEVT Joe Rogan swim
ARGUS Romero wallslide
ARGLOG Joe Rogan t  22.9 pos '1328.0 -249.7 -207.3' spd  65.1 yaw  63.5 mode 2 st 4 gl 0 hp 100 frg 0
ARGLOG Romero t  22.9 pos '1835.8 559.5 -88.0' spd 119.2 yaw 188.9 mode 2 st 1 gl 0 hp 100 frg 0
ARGLOG Carmack t  22.9 pos '552.0 350.2  56.0' spd  31.5 yaw 13 mode 2 st 4 gl 0 hp 100 frg 0
ARGEVT Joe Rogan swim
ARGEVT Joe Rogan swim
ARGEVT Joe Rogan pursue
ARGEVT Romero pursue
ARGEVT Joe Rogan swim
ARGEVT Carmack hazard
ARGEVT Joe Rogan swim
ARGLOG Joe Rogan t  23.4 pos '1331.9 -209.7 -207.6' spd  92.2 yaw 57 mode 2 st 4 gl 0 hp 100 frg 0
ARGLOG Romero t  23.4 pos '1843.6 510.1 -88.0' spd 320.6 yaw 237 mode 2 st 1 gl 0 hp 100 frg 0
ARGLOG Carmack t  23.4 pos '552.0 333.8  56.0' spd  30.4 yaw 16 mode 2 st 4 gl 0 hp 100 frg 0
ARGEVT Joe Rogan swim
ARGEVT Joe Rogan swim
ARGEVT Joe Rogan swim
ARGEVT Joe Rogan swim
ARGUS Carmack wallslide
ARGEVT Joe Rogan swim
ARGLOG Joe Rogan t  23.9 pos '1346.9 -158.4 -207.1' spd 118.7 yaw  54.5 mode 2 st 4 gl 0 hp 100 frg 0
ARGLOG Romero t  23.9 pos '1873.7 531.7 -88.0' spd 169.2 yaw 229.5 mode 2 st 1 gl 0 hp 75 frg 0
ARGLOG Carmack t  23.9 pos '552.0 322.5  56.0' spd  93.0 yaw 18 mode 2 st 4 gl 0 hp 100 frg 0
ARGEVT Joe Rogan swim
ARGEVT Joe Rogan pursue
ARGEVT Romero pursue
ARGUS routecache adopt
ARGEVT Joe Rogan route 27 start '1413.0 -63.0 -168.0' goal '-507.0 449.0 120.0'
ARGEVT Joe Rogan swim
ARGEVT Joe Rogan swim
ARGUS routecache adopt
ARGEVT Joe Rogan route 27 start '1413.0 -63.0 -168.0' goal '-507.0 449.0 120.0'
ARGEVT Joe Rogan swim
ARGLOG Joe Rogan t  24.4 pos '1376.8 -112.0 -184.4' spd 109.3 yaw  50.2 mode 0 st 4 gl 0 hp 100 frg 0
ARGLOG Romero t  24.4 pos '1822.0 440.1 -88.0' spd 320.2 yaw 229.6 mode 2 st 1 gl 0 hp 75 frg 0
ARGLOG Carmack t  24.4 pos '552.0 471.8  56.0' spd 162.7 yaw 350 mode 2 st 4 gl 0 hp 100 frg 0
ARGUS routecache adopt
ARGEVT Joe Rogan route 27 start '1413.0 -63.0 -168.0' goal '-507.0 449.0 120.0'
ARGEVT Carmack hazard
ARGEVT Joe Rogan route 27 start '1413.0 -63.0 -168.0' goal '-507.0 449.0 120.0'
ARGUS Romero leadclip
ARGUS Carmack wallslide
ARGUS routecache adopt
ARGEVT Joe Rogan route 27 start '1413.0 -63.0 -168.0' goal '-507.0 449.0 120.0'
ARGLOG Joe Rogan t  24.9 pos '1431.6 -112.0 -182.0' spd 109.3 yaw  60.6 mode 0 st 4 gl 0 hp 100 frg 0
ARGLOG Romero t  24.9 pos '1684.3 400.0 -88.0' spd 345.2 yaw 240.8 mode 2 st 1 gl 0 hp 71 frg 0
ARGLOG Carmack t  24.9 pos '552.0 500.9  56.0' spd  44.0 yaw 344 mode 2 st 4 gl 0 hp 100 frg 0
ARGEVT Joe Rogan grab weapon_lightning
ARGEVT Joe Rogan swim
ARGEVT Joe Rogan route 29 start '1541.0 -191.0 -392.0' goal '-507.0 449.0 120.0'
ARGUS Joe Rogan threatmove range 3
ARGUS Romero threatmove range 2
ARGEVT Joe Rogan swim
ARGUS Romero wallslide
ARGLOG Joe Rogan t  25.4 pos '1495.6 -129.0 -241.2' spd 180.7 yaw  79.5 mode 2 st 4 gl 0 hp 100 frg 0
ARGLOG Romero t  25.4 pos '1606.9 400.0 -88.0' spd  17.3 yaw 263.2 mode 2 st 1 gl 0 hp 71 frg 0
ARGLOG Carmack t  25.4 pos '552.0 520.6  56.0' spd  37.9 yaw 341 mode 2 st 4 gl 0 hp 100 frg 0
ARGEVT Carmack hazard
ARGEVT Joe Rogan pursue
ARGEVT Romero pursue
ARGEVT Romero hazard
ARGUS Carmack wallslide
ARGLOG Joe Rogan t  26.0 pos '1574.8 -157.8 -308.6' spd 110.9 yaw  88.0 mode 2 st 4 gl 0 hp 100 frg 0
ARGLOG Romero t  26.0 pos '1589.9 400.0 -88.0' spd   2.3 yaw 260.6 mode 2 st 1 gl 0 hp 71 frg 0
ARGLOG Carmack t  26.0 pos '552.0 538.3  56.0' spd  32.3 yaw 337 mode 2 st 4 gl 0 hp 100 frg 0
ARGEVT Joe Rogan weapon sg
ARGUS Romero threatmove retreat 2
ARGEVT Romero retreat
ARGLOG Joe Rogan t  26.5 pos '1581.7 -148.5 -350.7' spd 105.7 yaw  88.4 mode 2 st 4 gl 0 hp 100 frg 0
ARGLOG Romero t  26.5 pos '1608.6 466.9 -88.0' spd 349.8 yaw 270.8 mode 2 st 1 gl 0 hp 10 frg 0
ARGLOG Carmack t  26.5 pos '552.0 554.4  56.0' spd  30.6 yaw 335 mode 2 st 4 gl 0 hp 100 frg 0
ARGEVT Carmack hazard
ARGEVT Joe Rogan pursue
ARGEVT Romero pursue
ARGUS Carmack wallslide
ARGLOG Joe Rogan t  27.0 pos '1584.7 -56.5 -351.6' spd 230.8 yaw 89 mode 2 st 4 gl 0 hp 100 frg 0
ARGLOG Romero t  27.0 pos '1678.6 492.4 -88.0' spd 326.9 yaw 262 mode 2 st 1 gl 0 hp 10 frg 0
ARGLOG Carmack t  27.0 pos '552.0 570.4  56.0' spd  31.2 yaw 332 mode 2 st 4 gl 0 hp 100 frg 0
ARGUS Romero wallslide
ARGLOG Joe Rogan t  27.5 pos '1587.9  72.6 -351.9' spd 275.0 yaw 89 mode 0 st 4 gl 0 hp 100 frg 0
ARGLOG Romero t  27.5 pos '1667.2 400.0 -88.0' spd  54.5 yaw 262 mode 2 st 1 gl 0 hp 10 frg 0
ARGLOG Carmack t  27.5 pos '552.0 581.4  56.0' spd  94.0 yaw 331 mode 2 st 4 gl 0 hp 100 frg 0
ARGEVT Joe Rogan route 25 start '1509.0  65.0 -392.0' goal '-507.0 449.0 120.0'
ARGUS Carmack wallslide
ARGLOG Joe Rogan t  28.0 pos '1590.8 219.2 -350.5' spd 291.2 yaw 90 mode 2 st 4 gl 0 hp 100 frg 0
ARGLOG Romero t  28.0 pos '1639.1 400.0 -88.0' spd  40.6 yaw 265 mode 2 st 1 gl 0 hp 10 frg 0
ARGLOG Carmack t  28.0 pos '552.0 425.1  56.0' spd 163.3 yaw 359 mode 2 st 4 gl 0 hp 100 frg 0
ARGEVT Carmack hazard
ARGUS Joe Rogan hunch item_health
ARGEVT Joe Rogan goal item_artifact_invulnerability
ARGUS routefield adopt
ARGEVT Joe Rogan route 8 start '1541.0 257.0 -392.0' goal '997.0 801.0 -296.0'
ARGLOG Joe Rogan t  28.5 pos '1597.5 351.7 -352.4' spd  56.2 yaw 288.9 mode 2 st 4 gl 0 hp 100 frg 0
ARGLOG Romero t  28.5 pos '1631.8 400.0 -88.0' spd   3.9 yaw 265 mode 2 st 1 gl 0 hp 10 frg 0
ARGLOG Carmack t  28.5 pos '552.0 396.1  56.0' spd  41.1 yaw 4 mode 2 st 4 gl 0 hp 100 frg 0
ARGUS Romero hunch item_artifact_super_damage
ARGUS Romero wallslide
ARGEVT Romero goal item_health
ARGUS routefield adopt
ARGEVT Romero route 3 start '1541.0 417.0 -88.0' goal '1829.0 641.0 -180.0'
ARGUS Carmack wallslide
ARGLOG Joe Rogan t  29.0 pos '1603.1 292.2 -352.7' spd 189.6 yaw 248 mode 2 st 4 gl 0 hp 100 frg 0
ARGLOG Romero t  29.0 pos '1661.3 400.0 -88.0' spd 325.1 yaw 352.8 mode 2 st 1 gl 0 hp 10 frg 0
ARGLOG Carmack t  29.0 pos '552.0 376.7  56.0' spd  35.7 yaw 8 mode 2 st 4 gl 0 hp 100 frg 0
ARGEVT Carmack hazard
ARGLOG Joe Rogan t  29.5 pos '1568.9 181.5 -353.4' spd 258.8 yaw 202 mode 2 st 4 gl 0 hp 100 frg 0
ARGLOG Romero t  29.5 pos '1786.3 513.4 -88.0' spd 472.0 yaw 0 mode 2 st 1 gl 0 hp 10 frg 0
ARGLOG Carmack t  29.5 pos '552.0 359.3  56.0' spd  35.2 yaw 11 mode 2 st 4 gl 0 hp 100 frg 0
ARGEVT Romero hazard
ARGUS Romero wallslide
ARGUS Carmack wallslide
ARGLOG Joe Rogan t  30.0 pos '1505.1  60.9 -352.9' spd 249.7 yaw 120 mode 2 st 4 gl 0 hp 100 frg 0
ARGLOG Romero t  30.0 pos '1654.1 560.0 -88.0' spd 100.3 yaw 24 mode 2 st 1 gl 0 hp 10 frg 0
ARGLOG Carmack t  30.0 pos '552.0 342.8  56.0' spd  30.7 yaw 14 mode 2 st 4 gl 0 hp 100 frg 0
ARGEVT Carmack hazard
ARGLOG Joe Rogan t  30.5 pos '1401.2  33.3 -353.6' spd 200.0 yaw 95 mode 2 st 4 gl 0 hp 100 frg 0
ARGLOG Romero t  30.5 pos '1806.3 545.2 -88.0' spd 320.5 yaw 76 mode 2 st 1 gl 0 hp 10 frg 0
ARGLOG Carmack t  30.5 pos '552.0 327.4  56.0' spd  28.4 yaw 17 mode 2 st 4 gl 0 hp 100 frg 0
ARGUS Carmack wallslide
ARGLOG Joe Rogan t  31.0 pos '1337.4  96.0 -351.2' spd  74.0 yaw 88 mode 2 st 4 gl 0 hp 100 frg 0
ARGLOG Romero t  31.0 pos '1974.7 530.7 -88.0' spd 413.9 yaw  68.7 mode 2 st 1 gl 0 hp 10 frg 0
ARGLOG Carmack t  31.0 pos '552.0 318.5  56.0' spd 126.5 yaw 19 mode 2 st 4 gl 0 hp 100 frg 0
ARGUS Romero wallslide
ARGEVT Romero hazard
