LOG started on: 09/19/2026 23:01:09 
Playing registered version.
UDP Initialized
WIPX_OpenSocket: Address family not supported by protocol family
WIPX_Init: Unable to open control socket, IPX disabled
Exe: 20:02:47 Jul 31 2024
256.0 megabyte heap

Language initialization
Couldn't load 'localization/loc_english.txt'
from 'C:\argus\engine'

========= Quake Initialized =========

execing autoexec.cfg
SpawnServer: dm2
Clearing memory
Programs occupy 910K.
trying to open external vis file
maps/dm2.vis not found, trying argus.vis
external vis not found
ARGUS slots 8
ARGUS worldspawn reached
ARGNAV 215 nodes, 1005 links
0 entities inhibited
ARGUS init on dm2
ARGEVT Carmack spawned
ARGEVT Romero spawned
ARGEVT Joe Rogan spawned
Server spawned.
ARGLOG Joe Rogan t   1.2 pos '2624.0 -488.0  32.0' spd 0 yaw 177.6 mode 0 st 0 gl 0 hp 100 frg 0
ARGLOG Romero t   1.2 pos '2704.0 -2048.0 128.0' spd 0 yaw 317.5 mode 0 st 0 gl 0 hp 100 frg 0
ARGLOG Carmack t   1.2 pos '2560.0 -192.0  32.0' spd 0 yaw 209.6 mode 0 st 0 gl 0 hp 100 frg 0
ARGUS Carmack wallslide
ARGEVT Joe Rogan engage Carmack
ARGUS Joe Rogan threatmove range 2
ARGEVT Joe Rogan grab item_armorInv
ARGEVT Carmack engage Joe Rogan
ARGUS Carmack threatmove range 2
ARGLOG Joe Rogan t   1.7 pos '2477.7 -443.1   8.0' spd 310.6 yaw  97.9 mode 0 st 0 gl 0 hp 100 frg 0
ARGLOG Romero t   1.7 pos '2713.9 -2091.3 128.0' spd 322.0 yaw 157.1 mode 0 st 0 gl 0 hp 100 frg 0
ARGLOG Carmack t   1.7 pos '2438.3 -240.0  24.0' spd  65.1 yaw 236.6 mode 0 st 0 gl 0 hp 100 frg 0
ARGEVT Romero hazard
ARGEVT Joe Rogan hazard
ARGUS Joe Rogan wallslide
ARGLOG Joe Rogan t   2.2 pos '2366.1 -527.7   8.0' spd 105.1 yaw  83.7 mode 0 st 0 gl 0 hp 100 frg 0
ARGLOG Romero t   2.2 pos '2742.5 -2126.1 120.0' spd 224.4 yaw 189.4 mode 0 st 0 gl 0 hp 100 frg 0
ARGLOG Carmack t   2.2 pos '2381.1 -240.0  24.0' spd 326.3 yaw 256.0 mode 0 st 0 gl 0 hp 100 frg 0
ARGEVT Carmack hazard
ARGUS Romero wallslide
ARGLOG Joe Rogan t   2.7 pos '2340.1 -527.9   8.0' spd  46.7 yaw  82.4 mode 0 st 0 gl 0 hp 100 frg 0
ARGLOG Romero t   2.7 pos '2691.7 -2156.2 120.0' spd 316.0 yaw  28.9 mode 0 st 0 gl 0 hp 100 frg 0
ARGLOG Carmack t   2.7 pos '2395.9 -236.8  24.0' spd 366.0 yaw 264.0 mode 0 st 0 gl 0 hp 88 frg 0
ARGEVT Joe Rogan hazard
ARGUS Joe Rogan wallslide
ARGLOG Joe Rogan t   3.2 pos '2331.4 -526.7   8.0' spd 201.0 yaw  80.3 mode 0 st 0 gl 0 hp 100 frg 0
ARGLOG Romero t   3.2 pos '2692.3 -2125.1 120.0' spd 195.5 yaw 322.1 mode 0 st 0 gl 0 hp 100 frg 0
ARGLOG Carmack t   3.2 pos '2346.5 -230.8  24.0' spd 325.2 yaw 258.1 mode 0 st 0 gl 0 hp 88 frg 0
ARGUS Carmack wallslide
ARGEVT Joe Rogan pursue
ARGEVT Carmack pursue
ARGUS Carmack hunch item_armorInv
ARGLOG Joe Rogan t   3.7 pos '2365.5 -503.6   8.0' spd 333.5 yaw 101.3 mode 0 st 0 gl 0 hp 100 frg 0
ARGLOG Romero t   3.7 pos '2743.0 -2224.5 120.0' spd 210.3 yaw 163.7 mode 0 st 0 gl 0 hp 100 frg 0
ARGLOG Carmack t   3.7 pos '2266.6 -220.8  24.0' spd 105.7 yaw 162.4 mode 0 st 0 gl 0 hp 88 frg 0
ARGEVT Carmack pursue
ARGUS Romero wallslide
ARGEVT Joe Rogan goal item_armorInv
ARGEVT Joe Rogan route 3 start '2273.0 -375.0   8.0' goal '2369.0 -567.0  56.0'
ARGLOG Joe Rogan t   4.2 pos '2221.2 -399.1   8.0' spd 325.6 yaw  77.4 mode 2 st 0 gl 0 hp 100 frg 0
ARGLOG Romero t   4.2 pos '2718.1 -2173.1 120.0' spd 321.4 yaw  26.3 mode 0 st 0 gl 0 hp 100 frg 0
ARGLOG Carmack t   4.2 pos '2313.7 -180.4  24.0' spd 355.1 yaw 246.2 mode 0 st 0 gl 0 hp 88 frg 0
ARGEVT Romero goal item_armor2
ARGEVT Romero route 8 start '2721.0 -2199.0 120.0' goal '1313.0 -951.0  32.0'
ARGEVT Joe Rogan pursue
ARGUS Carmack wallslide
ARGEVT Carmack pursue
ARGEVT Carmack goal weapon_rocketlauncher
ARGEVT Carmack route 14 start '2433.0 -183.0  24.0' goal '2465.0 -1719.0  24.0'
ARGLOG Joe Rogan t   4.8 pos '2152.7 -259.4  24.0' spd 335.9 yaw  25.5 mode 0 st 0 gl 0 hp 100 frg 0
ARGLOG Romero t   4.8 pos '2665.6 -2200.2 120.0' spd 248.5 yaw 231 mode 2 st 0 gl 0 hp 100 frg 0
ARGLOG Carmack t   4.8 pos '2399.2 -239.8  24.0' spd 174.7 yaw 199.6 mode 2 st 0 gl 0 hp 88 frg 0
ARGEVT Joe Rogan route 5 start '2113.0 -215.0  24.0' goal '2369.0 -567.0  56.0'
ARGLOG Joe Rogan t   5.3 pos '2219.8 -111.1  24.0' spd 326.6 yaw 335.7 mode 2 st 0 gl 0 hp 91 frg 0
ARGLOG Romero t   5.3 pos '2565.4 -2304.0 120.0' spd 345.0 yaw 235 mode 2 st 0 gl 0 hp 100 frg 0
ARGLOG Carmack t   5.3 pos '2348.3 -165.7  24.0' spd 321.1 yaw 152.6 mode 2 st 0 gl 0 hp 64 frg 0
ARGEVT Carmack grab item_health
ARGEVT Joe Rogan route 6 start '2305.0 -23.0  40.0' goal '2369.0 -567.0  56.0'
ARGUS Joe Rogan wallslide
ARGLOG Joe Rogan t   5.8 pos '2320.7  14.2  56.0' spd 271.5 yaw 308.6 mode 2 st 0 gl 0 hp 82 frg 0
ARGLOG Romero t   5.8 pos '2397.5 -2346.3 120.0' spd 442.5 yaw 137 mode 2 st 0 gl 0 hp 100 frg 0
ARGLOG Carmack t   5.8 pos '2472.8 -169.7  24.0' spd 321.3 yaw 114.3 mode 2 st 0 gl 0 hp 60 frg 0
ARGUS Romero wallslide
ARGEVT Romero hazard
ARGEVT Romero route 5 start '2433.0 -2487.0 120.0' goal '1313.0 -951.0  32.0'
ARGLOG Joe Rogan t   6.3 pos '2342.8 -64.3  56.0' spd 244.1 yaw 324.7 mode 2 st 0 gl 0 hp 82 frg 0
ARGLOG Romero t   6.3 pos '1320.7 -1376.0 154.5' spd 300 yaw 91 mode 2 st 0 gl 0 hp 100 frg 0
ARGLOG Carmack t   6.3 pos '2539.2 -201.1  32.0' spd 143.0 yaw 152.0 mode 0 st 0 gl 0 hp 60 frg 0
ARGEVT Joe Rogan grab item_health
ARGEVT Carmack route 15 start '2529.0 -183.0  32.0' goal '2465.0 -1719.0  24.0'
ARGLOG Joe Rogan t   6.8 pos '2493.7 -70.9 120.0' spd 280.5 yaw 296.9 mode 0 st 0 gl 0 hp 73 frg 0
ARGLOG Romero t   6.8 pos '1363.0 -1376.0 144.0' spd 300 yaw 102 mode 2 st 0 gl 0 hp 100 frg 0
ARGLOG Carmack t   6.8 pos '2543.9 -205.2  32.0' spd   8.1 yaw 101.3 mode 2 st 0 gl 0 hp 60 frg 0
ARGEVT Joe Rogan hazard
ARGEVT Joe Rogan route 5 start '2465.0 -55.0 120.0' goal '2369.0 -567.0  56.0'
ARGEVT Joe Rogan grab item_health
ARGUS Joe Rogan wallslide
ARGEVT Carmack grab item_health
ARGEVT Carmack pursue
ARGEVT Joe Rogan pursue
ARGEVT Carmack hazard
ARGEVT Carmack pursue
ARGUS Carmack wallslide
ARGUS Joe Rogan hunch item_health
ARGLOG Joe Rogan t   7.3 pos '2561.2 -160.0 120.0' spd 366.6 yaw 212.7 mode 0 st 0 gl 0 hp 88 frg 0
ARGLOG Romero t   7.3 pos '1370.5 -1283.1 136.0' spd 322.7 yaw 106 mode 2 st 0 gl 0 hp 100 frg 0
ARGLOG Carmack t   7.3 pos '2483.4 -144.1  24.0' spd 326.6 yaw  99.2 mode 2 st 0 gl 0 hp 60 frg 0
ARGEVT Joe Rogan goal item_armorInv
ARGEVT Joe Rogan route 4 start '2593.0 -247.0 120.0' goal '2369.0 -567.0  56.0'
ARGEVT Romero jump
ARGLOG Joe Rogan t   7.8 pos '2560.4 -194.0 120.0' spd 328.5 yaw 206.4 mode 2 st 0 gl 0 hp 100 frg 0
ARGLOG Romero t   7.8 pos '1317.6 -1199.1 194.3' spd 117.0 yaw 99 mode 2 st 0 gl 0 hp 100 frg 0
ARGLOG Carmack t   7.8 pos '2437.7 -219.4  24.0' spd 292.3 yaw   6.1 mode 2 st 0 gl 0 hp 60 frg 0
ARGEVT Carmack weapon sg
ARGLOG Joe Rogan t   8.3 pos '2617.1 -161.2 120.0' spd 381.8 yaw 182.0 mode 2 st 0 gl 0 hp 91 frg 0
ARGLOG Romero t   8.3 pos '1277.0 -1128.6 200.0' spd 321.2 yaw 78 mode 2 st 0 gl 0 hp 100 frg 0
ARGLOG Carmack t   8.3 pos '2482.6 -199.3  24.0' spd 328.4 yaw 353.5 mode 2 st 0 gl 0 hp 60 frg 0
ARGEVT Carmack hazard
ARGEVT Joe Rogan pursue
ARGUS Carmack wallslide
ARGEVT Joe Rogan pursue
ARGUS Joe Rogan wallslide
ARGEVT Carmack route 15 start '2529.0 -183.0  32.0' goal '2465.0 -1719.0  24.0'
ARGLOG Joe Rogan t   8.8 pos '2479.2 -80.0 120.0' spd 361.0 yaw 259.8 mode 2 st 0 gl 0 hp 91 frg 0
ARGLOG Romero t   8.8 pos '1289.9 -960.9 192.6' spd 338.6 yaw  28.8 mode 1 st 0 gl 0 hp 100 frg 0
ARGLOG Carmack t   8.8 pos '2572.5 -173.9  32.0' spd 250.3 yaw 330.7 mode 2 st 0 gl 0 hp 60 frg 0
ARGEVT Carmack grab item_spikes
ARGLOG Joe Rogan t   9.3 pos '2411.1 -80.0 103.9' spd 253.6 yaw 309.7 mode 0 st 0 gl 0 hp 91 frg 0
ARGLOG Romero t   9.3 pos '1359.9 -876.6  33.1' spd  34.4 yaw 238 mode 1 st 0 gl 0 hp 100 frg 0
ARGLOG Carmack t   9.3 pos '2528.3 -224.0  32.0' spd 217.9 yaw 131.2 mode 2 st 0 gl 0 hp 60 frg 0
ARGEVT Joe Rogan route 6 start '2401.0 -23.0  88.0' goal '2369.0 -567.0  56.0'
ARGEVT Carmack hazard
ARGEVT Romero hazard
ARGLOG Joe Rogan t   9.8 pos '2374.9 -30.1  72.0' spd 335.0 yaw 313.2 mode 2 st 0 gl 0 hp 91 frg 0
ARGLOG Romero t   9.8 pos '1304.8 -1006.7  32.0' spd 324.9 yaw 290.4 mode 1 st 0 gl 0 hp 100 frg 0
ARGLOG Carmack t   9.8 pos '2524.8 -232.8  32.0' spd  43.6 yaw 134.2 mode 2 st 0 gl 0 hp 36 frg 0
ARGUS Joe Rogan wallslide
ARGLOG Joe Rogan t  10.3 pos '2531.0  13.4 120.0' spd 324.6 yaw 273.9 mode 2 st 0 gl 0 hp 91 frg 0
ARGLOG Romero t  10.3 pos '1696.0 -955.7  20.0' spd 300 yaw 179 mode 1 st 0 gl 0 hp 100 frg 0
ARGLOG Carmack t  10.3 pos '2525.0 -216.8  32.0' spd  93.8 yaw  97.0 mode 2 st 0 gl 0 hp 36 frg 0
ARGEVT Carmack pursue
ARGEVT Joe Rogan pursue
ARGUS Carmack hunch item_armorInv
ARGEVT Joe Rogan route 5 start '2561.0 -23.0 120.0' goal '2369.0 -567.0  56.0'
ARGLOG Joe Rogan t  10.9 pos '2602.9 -109.5 120.0' spd 342.0 yaw 237 mode 2 st 0 gl 0 hp 91 frg 0
ARGLOG Romero t  10.9 pos '1619.0 -1000.0  20.0' spd 339.4 yaw 171 mode 1 st 0 gl 0 hp 100 frg 0
ARGEVT Carmack pursue
ARGLOG Carmack t  10.9 pos '2517.5 -176.2  32.0' spd 279.1 yaw 271.0 mode 2 st 0 gl 0 hp 36 frg 0
ARGEVT Carmack goal item_health
ARGEVT Carmack route 3 start '2433.0 -183.0  24.0' goal '1953.0 -23.0  24.0'
ARGEVT Carmack hazard
ARGUS Joe Rogan bodyblock
ARGLOG Joe Rogan t  11.4 pos '2519.5 -217.4 120.0' spd 205.6 yaw  48.5 mode 2 st 0 gl 0 hp 91 frg 0
ARGLOG Romero t  11.4 pos '1456.2 -991.6  20.0' spd 321.3 yaw 159.5 mode 1 st 0 gl 0 hp 100 frg 0
ARGLOG Carmack t  11.4 pos '2551.1 -241.0  32.0' spd 0 yaw 165.4 mode 2 st 0 gl 0 hp 36 frg 0
ARGUS Romero wallslide
ARGEVT Romero hazard
ARGLOG Joe Rogan t  11.9 pos '2526.6 -214.2 120.0' spd  83.6 yaw  37.5 mode 2 st 0 gl 0 hp 91 frg 0
ARGLOG Romero t  11.9 pos '1424.0 -970.7  20.0' spd  32.2 yaw 226 mode 1 st 0 gl 0 hp 100 frg 0
ARGLOG Carmack t  11.9 pos '2551.1 -241.0  32.0' spd 0 yaw 112 mode 2 st 0 gl 0 hp 36 frg 0
ARGLOG Joe Rogan t  12.4 pos '2526.6 -214.6 120.0' spd 116.0 yaw  37.2 mode 2 st 0 gl 0 hp 91 frg 0
ARGLOG Romero t  12.4 pos '1424.0 -980.7  20.0' spd  28.8 yaw 221 mode 1 st 0 gl 0 hp 100 frg 0
ARGLOG Carmack t  12.4 pos '2551.1 -241.0  32.0' spd 0 yaw 112 mode 2 st 0 gl 0 hp 36 frg 0
ARGLOG Joe Rogan t  12.9 pos '2529.6 -212.1 120.0' spd  25.7 yaw 220.5 mode 2 st 0 gl 0 hp 91 frg 0
ARGLOG Romero t  12.9 pos '1424.0 -983.7  20.0' spd 0 yaw 220 mode 1 st 0 gl 0 hp 100 frg 0
ARGLOG Carmack t  12.9 pos '2551.1 -241.0  32.0' spd 0 yaw 169 mode 2 st 0 gl 0 hp 36 frg 0
ARGEVT Joe Rogan stall
ARGEVT Joe Rogan stallnode '2593.0 -375.0 120.0'
ARGEVT Joe Rogan jump
ARGEVT Romero stall
ARGEVT Romero jump
ARGEVT Carmack stall
ARGEVT Carmack stallnode '2241.0 -183.0  24.0'
ARGUS Joe Rogan bodyblock
ARGEVT Joe Rogan route 4 start '2593.0 -247.0 120.0' goal '2369.0 -567.0  56.0'
ARGEVT Romero route 0 start '1313.0 -951.0  32.0' goal '1313.0 -951.0  32.0'
ARGLOG Joe Rogan t  13.4 pos '2527.2 -214.1 162.9' spd  43.6 yaw 253 mode 2 st 1 gl 0 hp 91 frg 0
ARGLOG Romero t  13.4 pos '1424.0 -985.7  62.9' spd  63.4 yaw 166.5 mode 1 st 1 gl 0 hp 100 frg 0
ARGLOG Carmack t  13.4 pos '2551.1 -241.0  32.0' spd 0 yaw 134.8 mode 0 st 1 gl 0 hp 36 frg 0
ARGEVT Carmack route 4 start '2529.0 -183.0  32.0' goal '1953.0 -23.0  24.0'
ARGUS Romero wallslide
ARGEVT Joe Rogan stall
ARGEVT Joe Rogan stallnode '2593.0 -375.0 120.0'
ARGEVT Joe Rogan jump
ARGEVT Romero stall
ARGEVT Romero jump
ARGEVT Carmack stall
ARGEVT Carmack stallnode '2433.0 -183.0  24.0'
ARGEVT Joe Rogan goal weapon_rocketlauncher
ARGEVT Joe Rogan route 10 start '2593.0 -247.0 120.0' goal '2465.0 -1719.0  24.0'
ARGLOG Joe Rogan t  13.9 pos '2523.2 -212.2 155.0' spd  40.2 yaw 284 mode 2 st 2 gl 0 hp 91 frg 0
ARGLOG Romero t  13.9 pos '1434.2 -998.3  55.0' spd  86.6 yaw  25.6 mode 0 st 2 gl 0 hp 100 frg 0
ARGLOG Carmack t  13.9 pos '2551.1 -241.0  32.0' spd 0 yaw 126.7 mode 0 st 2 gl 0 hp 36 frg 0
ARGEVT Romero goal item_health
ARGEVT Romero route 16 start '1281.0 -983.0  32.0' goal '2049.0 -983.0 344.0'
ARGEVT Carmack goal item_armorInv
ARGEVT Carmack route 6 start '2529.0 -183.0  32.0' goal '2369.0 -567.0  56.0'
ARGLOG Joe Rogan t  14.4 pos '2527.4 -213.9 120.0' spd  49.2 yaw 283 mode 2 st 2 gl 0 hp 91 frg 0
ARGLOG Romero t  14.4 pos '1476.1 -998.7  20.0' spd 153.7 yaw 40 mode 2 st 2 gl 0 hp 100 frg 0
ARGLOG Carmack t  14.4 pos '2551.1 -241.0  32.0' spd 0 yaw 187 mode 2 st 2 gl 0 hp 36 frg 0
ARGEVT Joe Rogan stall
ARGEVT Joe Rogan stallnode '2593.0 -247.0 120.0'
ARGEVT Joe Rogan jump
ARGEVT Carmack stall
ARGEVT Carmack stallnode '2433.0 -183.0  24.0'
ARGUS routecache adopt
ARGEVT Carmack route 6 start '2529.0 -183.0  32.0' goal '2369.0 -567.0  56.0'
ARGEVT Joe Rogan route 10 start '2593.0 -247.0 120.0' goal '2465.0 -1719.0  24.0'
ARGUS Romero wallslide
ARGLOG Joe Rogan t  14.9 pos '2527.1 -214.1 153.9' spd 136.2 yaw 283 mode 2 st 3 gl 0 hp 91 frg 0
ARGLOG Romero t  14.9 pos '1424.0 -959.2  20.0' spd  43.1 yaw 32 mode 2 st 2 gl 0 hp 100 frg 0
ARGLOG Carmack t  14.9 pos '2551.1 -241.0  32.0' spd 0 yaw 187 mode 2 st 3 gl 0 hp 36 frg 0
ARGEVT Romero hazard
ARGEVT Joe Rogan stall
ARGEVT Joe Rogan stallnode '2593.0 -247.0 120.0'
ARGEVT Joe Rogan jump
ARGEVT Carmack stall
ARGEVT Carmack stallnode '2433.0 -183.0  24.0'
ARGUS Joe Rogan bodyblock
ARGEVT Joe Rogan goal item_armor2
ARGEVT Joe Rogan route 3 start '2593.0 -247.0 120.0' goal '2817.0 -55.0 -72.0'
ARGLOG Joe Rogan t  15.4 pos '2521.5 -211.0 162.8' spd  47.3 yaw 49 mode 2 st 4 gl 0 hp 91 frg 0
ARGLOG Romero t  15.4 pos '1424.0 -977.7  20.0' spd   2.3 yaw 34 mode 2 st 2 gl 0 hp 100 frg 0
ARGLOG Carmack t  15.4 pos '2551.1 -241.0  32.0' spd 0 yaw  70.4 mode 0 st 4 gl 0 hp 36 frg 0
ARGEVT Carmack goal item_health
ARGEVT Carmack route 6 start '2529.0 -183.0  32.0' goal '2017.0 -535.0 104.0'
ARGEVT Romero stall
ARGEVT Romero stallnode '1281.0 -983.0  32.0'
ARGEVT Romero jump
ARGEVT Carmack stall
ARGEVT Carmack stallnode '2433.0 -183.0  24.0'
ARGUS routecache adopt
ARGEVT Carmack route 6 start '2529.0 -183.0  32.0' goal '2017.0 -535.0 104.0'
ARGEVT Joe Rogan engage Carmack
ARGEVT Carmack engage Joe Rogan
ARGEVT Romero route 17 start '1313.0 -951.0  32.0' goal '2049.0 -983.0 344.0'
ARGLOG Joe Rogan t  15.9 pos '2495.4 -203.7  80.6' spd  55.0 yaw  23.2 mode 2 st 4 gl 0 hp 91 frg 0
ARGLOG Romero t  15.9 pos '1424.0 -979.4  37.0' spd  26.7 yaw 182 mode 2 st 3 gl 0 hp 100 frg 0
ARGLOG Carmack t  15.9 pos '2551.1 -241.0  32.0' spd 0 yaw 143.1 mode 2 st 5 gl 0 hp 36 frg 0
ARGUS Carmack threatmove range 2
ARGUS Joe Rogan threatmove range 2
ARGUS Carmack threatmove retreat 2
ARGEVT Carmack retreat
ARGLOG Joe Rogan t  16.4 pos '2401.7 -184.6  24.0' spd 342.5 yaw 329.1 mode 2 st 4 gl 0 hp 91 frg 0
ARGLOG Romero t  16.4 pos '1424.0 -960.0  39.5' spd  84.1 yaw 32 mode 2 st 3 gl 0 hp 100 frg 0
ARGLOG Carmack t  16.4 pos '2551.1 -241.0  32.0' spd 0 yaw 154.8 mode 2 st 5 gl 0 hp 32 frg 0
ARGEVT Romero hazard
ARGUS Romero wallslide
ARGLOG Joe Rogan t  16.9 pos '2394.7 -155.8  24.0' spd 333.1 yaw 345.0 mode 2 st 4 gl 0 hp 87 frg 0
ARGLOG Romero t  16.9 pos '1424.0 -976.3  20.0' spd   2.3 yaw 34 mode 2 st 3 gl 0 hp 100 frg 0
ARGLOG Carmack t  16.9 pos '2551.1 -241.0  32.0' spd 0 yaw 155.4 mode 2 st 5 gl 0 hp 32 frg 0
ARGUS Joe Rogan wallslide
ARGUS Carmack unstick pinned '2593.0 -247.0 120.0'
ARGLOG Joe Rogan t  17.5 pos '2502.6 -194.3  24.0' spd 321.0 yaw 348.6 mode 2 st 4 gl 0 hp 63 frg 0
ARGLOG Romero t  17.5 pos '1424.0 -977.5  20.0' spd   2.5 yaw 34 mode 2 st 3 gl 0 hp 100 frg 0
ARGLOG Carmack t  17.5 pos '2597.4 -163.8 120.0' spd 320.0 yaw 174.3 mode 0 st 5 gl 0 hp 24 frg 0
ARGEVT Joe Rogan hazard
ARGEVT Carmack pursue
ARGUS Carmack hunch item_armorInv
ARGEVT Joe Rogan jump
ARGEVT Joe Rogan pursue
ARGEVT Carmack pursue
ARGLOG Joe Rogan t  18.0 pos '2576.0 -144.0  42.1' spd   1.3 yaw  44.0 mode 2 st 4 gl 0 hp 63 frg 0
ARGLOG Romero t  18.0 pos '1424.0 -978.5  20.0' spd   1.6 yaw 34 mode 2 st 3 gl 0 hp 100 frg 0
ARGLOG Carmack t  18.0 pos '2573.2 -62.2 120.0' spd 335.2 yaw  28.5 mode 0 st 5 gl 0 hp 24 frg 0
ARGEVT Romero stall
ARGEVT Romero stallnode '1281.0 -983.0  32.0'
ARGEVT Romero jump
ARGEVT Carmack goal item_health
ARGEVT Carmack route 2 start '2561.0 -23.0 120.0' goal '2561.0 233.0 -72.0'
ARGUS Joe Rogan wallslide
ARGUS Carmack wallslide
ARGEVT Romero route 17 start '1313.0 -951.0  32.0' goal '2049.0 -983.0 344.0'
ARGUS Joe Rogan hunch item_armorInv
ARGEVT Joe Rogan pursue
ARGEVT Joe Rogan goal item_armorInv
ARGEVT Joe Rogan route 5 start '2433.0 -183.0  24.0' goal '2369.0 -567.0  56.0'
ARGLOG Joe Rogan t  18.5 pos '2533.5 -168.5  32.0' spd 320.4 yaw 186.9 mode 2 st 4 gl 0 hp 63 frg 0
ARGLOG Romero t  18.5 pos '1424.0 -1001.0  52.6' spd  63.9 yaw 172 mode 2 st 4 gl 0 hp 100 frg 0
ARGLOG Carmack t  18.5 pos '2640.0 -25.1 120.0' spd 289.5 yaw 281.2 mode 2 st 5 gl 0 hp 24 frg 0
ARGEVT Romero hazard
ARGUS Romero wallslide
ARGLOG Joe Rogan t  19.0 pos '2411.5 -239.7  24.0' spd  91.9 yaw  12.9 mode 2 st 4 gl 0 hp 63 frg 0
ARGLOG Romero t  19.0 pos '1424.0 -1001.4  20.0' spd  19.6 yaw 172 mode 2 st 4 gl 0 hp 100 frg 0
ARGLOG Carmack t  19.0 pos '2602.1 -128.8 120.0' spd 286.1 yaw 206.7 mode 2 st 5 gl 0 hp 24 frg 0
ARGUS Joe Rogan wallslide
ARGEVT Romero stall
ARGEVT Romero stallnode '1313.0 -951.0  32.0'
ARGEVT Romero jump
ARGUS Carmack wallslide
ARGEVT Romero route 16 start '1281.0 -983.0  32.0' goal '2049.0 -983.0 344.0'
ARGLOG Joe Rogan t  19.5 pos '2379.8 -144.4  24.0' spd 199.6 yaw  39.7 mode 2 st 4 gl 0 hp 63 frg 0
ARGLOG Romero t  19.5 pos '1424.0 -1001.2  39.8' spd  46.7 yaw 36 mode 2 st 5 gl 0 hp 100 frg 0
ARGLOG Carmack t  19.5 pos '2584.7  15.7 120.0' spd 134.8 yaw 220.0 mode 2 st 5 gl 0 hp 24 frg 0
ARGEVT Carmack pursue
ARGEVT Joe Rogan pursue
ARGLOG Joe Rogan t  20.0 pos '2440.1 -144.0  24.0' spd   8.7 yaw  38.8 mode 2 st 4 gl 0 hp 63 frg 0
ARGLOG Romero t  20.0 pos '1424.0 -965.6  35.0' spd  36.7 yaw 32 mode 2 st 5 gl 0 hp 100 frg 0
ARGLOG Carmack t  20.0 pos '2528.9 -47.0 120.0' spd 266.1 yaw 225.0 mode 2 st 5 gl 0 hp 24 frg 0
ARGEVT Joe Rogan pursue
ARGUS Joe Rogan wallslide
ARGEVT Carmack pursue
ARGEVT Joe Rogan hazard
ARGLOG Joe Rogan t  20.5 pos '2350.1 -144.0  24.0' spd 116.7 yaw 26 mode 2 st 4 gl 0 hp 63 frg 0
ARGLOG Romero t  20.5 pos '1424.0 -964.3  20.0' spd 0 yaw 32 mode 2 st 5 gl 0 hp 100 frg 0
ARGLOG Carmack t  20.5 pos '2628.8   0.4 120.0' spd 180.5 yaw 218 mode 2 st 5 gl 0 hp 24 frg 0
ARGEVT Romero stall
ARGEVT Romero stallnode '1281.0 -983.0  32.0'
ARGEVT Romero jump
ARGEVT Carmack hazard
ARGEVT Carmack pursue
ARGUS routecache adopt
ARGEVT Romero route 16 start '1281.0 -983.0  32.0' goal '2049.0 -983.0 344.0'
ARGLOG Joe Rogan t  21.0 pos '2532.0 -144.0  32.0' spd 268.3 yaw 108.7 mode 0 st 4 gl 0 hp 63 frg 0
ARGLOG Romero t  21.0 pos '1424.0 -972.6  56.8' spd  67.7 yaw 33 mode 2 st 6 gl 0 hp 100 frg 0
ARGLOG Carmack t  21.0 pos '2490.6 -70.7 120.0' spd 400.6 yaw 236 mode 2 st 5 gl 0 hp 24 frg 0
ARGEVT Joe Rogan route 6 start '2529.0 -183.0  32.0' goal '2369.0 -567.0  56.0'
ARGUS routecache adopt
ARGEVT Joe Rogan route 6 start '2529.0 -183.0  32.0' goal '2369.0 -567.0  56.0'
ARGEVT Carmack death Joe Rogan pos '2389.0 -80.0  88.0'
ARGUS Joe Rogan watch spawn
ARGLOG Joe Rogan t  21.5 pos '2442.4 -185.8  24.0' spd 346.7 yaw 180.0 mode 0 st 4 gl 0 hp 47 frg 1
ARGLOG Romero t  21.5 pos '1424.0 -1000.9  20.0' spd   6.9 yaw 36 mode 2 st 6 gl 0 hp 100 frg 0
ARGEVT Joe Rogan goal item_armorInv
ARGEVT Joe Rogan route 5 start '2337.0 -215.0  24.0' goal '2369.0 -567.0  56.0'
ARGUS Joe Rogan wallslide
ARGEVT Joe Rogan hazard
ARGLOG Joe Rogan t  22.0 pos '2314.6 -144.2  24.0' spd 175.1 yaw 34 mode 2 st 4 gl 0 hp 47 frg 1
ARGLOG Romero t  22.0 pos '1424.0 -997.5  20.0' spd   5.0 yaw 36 mode 2 st 6 gl 0 hp 100 frg 0
ARGEVT Romero stall
ARGEVT Romero stallnode '1281.0 -983.0  32.0'
ARGEVT Romero jump
ARGEVT Romero route 20 start '1537.0 -1303.0  72.0' goal '2049.0 -983.0 344.0'
ARGLOG Joe Rogan t  22.6 pos '2419.6 -144.0  24.0' spd 207.3 yaw 238 mode 2 st 4 gl 0 hp 47 frg 1
ARGLOG Romero t  22.6 pos '1424.0 -981.8  63.6' spd  44.6 yaw 200.2 mode 0 st 7 gl 0 hp 100 frg 0
ARGEVT Romero route 17 start '1313.0 -951.0  32.0' goal '2049.0 -983.0 344.0'
ARGUS Romero wallslide
ARGEVT Carmack respawn
ARGLOG Carmack t  22.9 pos '2544.0 -32.0 -64.0' spd 0 yaw 184.5 mode 0 st 5 gl 0 hp 100 frg 0
ARGEVT Romero stall
ARGEVT Romero stallnode '1313.0 -951.0  32.0'
ARGEVT Romero jump
ARGEVT Carmack goal item_armor2
ARGLOG Joe Rogan t  23.1 pos '2250.8 -148.4  24.0' spd 415.5 yaw 108.9 mode 2 st 4 gl 0 hp 47 frg 1
ARGLOG Romero t  23.1 pos '1424.8 -1008.0  42.6' spd 109.9 yaw 348.7 mode 0 st 8 gl 0 hp 100 frg 0
ARGEVT Carmack hazard
ARGEVT Romero goal backpack
ARGEVT Romero route 9 start '1281.0 -983.0  32.0' goal '2465.0 -55.0 120.0'
ARGLOG Carmack t  23.5 pos '2433.2 -78.3 -72.0' spd  62.1 yaw 349.3 mode 1 st 5 gl 0 hp 100 frg 0
ARGUS Joe Rogan wallslide
ARGLOG Joe Rogan t  23.6 pos '2294.9  15.4  40.0' spd 391.4 yaw 321 mode 2 st 4 gl 0 hp 47 frg 1
ARGLOG Romero t  23.6 pos '1463.3 -1043.2  31.3' spd 157.9 yaw 43 mode 2 st 8 gl 0 hp 100 frg 0
ARGEVT Romero goal weapon_nailgun
ARGEVT Romero route 9 start '1313.0 -951.0  32.0' goal '2433.0 -183.0  24.0'
ARGLOG Carmack t  24.0 pos '2589.7 -57.4 -64.0' spd 394.9 yaw  73.0 mode 1 st 5 gl 0 hp 100 frg 0
ARGLOG Joe Rogan t  24.1 pos '2414.1 -80.0 103.9' spd  91.6 yaw 245 mode 2 st 4 gl 0 hp 47 frg 1
ARGLOG Romero t  24.1 pos '1460.1 -912.1  20.0' spd 346.9 yaw 202 mode 2 st 8 gl 0 hp 100 frg 0
ARGEVT Romero hazard
ARGUS Romero wallslide
ARGEVT Carmack hazard
ARGLOG Carmack t  24.5 pos '2584.6 132.1 -72.0' spd 225.6 yaw 234.6 mode 1 st 5 gl 0 hp 100 frg 0
ARGLOG Joe Rogan t  24.6 pos '2351.2 -151.0  55.9' spd 342.6 yaw 251 mode 2 st 4 gl 0 hp 47 frg 1
ARGLOG Romero t  24.6 pos '1424.0 -900.8  20.0' spd  19.8 yaw 210 mode 2 st 8 gl 0 hp 100 frg 0
ARGUS Joe Rogan wallslide
ARGLOG Carmack t  25.0 pos '2632.1  31.8 -72.0' spd 349.6 yaw 267.0 mode 1 st 5 gl 0 hp 100 frg 0
ARGLOG Joe Rogan t  25.1 pos '2276.8 -240.0  24.0' spd 357.9 yaw 269 mode 2 st 4 gl 0 hp 47 frg 1
ARGLOG Romero t  25.1 pos '1424.0 -918.6  20.0' spd 0 yaw 205 mode 2 st 8 gl 0 hp 100 frg 0
ARGUS Romero wallslide
ARGEVT Romero hazard
ARGLOG Carmack t  25.5 pos '2531.6 -65.7 -64.0' spd 325.0 yaw 171 mode 1 st 5 gl 0 hp 100 frg 0
ARGLOG Joe Rogan t  25.6 pos '2206.1 -399.5   8.0' spd 461.6 yaw 344 mode 2 st 4 gl 0 hp 47 frg 1
ARGLOG Romero t  25.6 pos '1424.0 -941.9  20.0' spd   4.2 yaw 197 mode 2 st 8 gl 0 hp 100 frg 0
ARGEVT Carmack hazard
ARGLOG Carmack t  26.0 pos '2372.0  -7.2 -88.0' spd 199.1 yaw  36.2 mode 1 st 5 gl 0 hp 100 frg 0
ARGLOG Joe Rogan t  26.1 pos '2379.6 -452.4   8.0' spd 321.0 yaw 265 mode 2 st 4 gl 0 hp 47 frg 1
ARGLOG Romero t  26.1 pos '1424.0 -943.8  20.0' spd   3.1 yaw 196 mode 2 st 8 gl 0 hp 100 frg 0
ARGUS Carmack wallslide
ARGEVT Romero stall
ARGEVT Romero stallnode '1313.0 -951.0  32.0'
ARGEVT Romero jump
ARGUS routecache adopt
ARGEVT Romero route 9 start '1313.0 -951.0  32.0' goal '2433.0 -183.0  24.0'
ARGLOG Carmack t  26.5 pos '2464.3  -2.4 -72.0' spd 320.3 yaw 355 mode 1 st 5 gl 0 hp 100 frg 0
ARGEVT Carmack door
ARGEVT Joe Rogan door
ARGLOG Joe Rogan t  26.6 pos '2544.4 -482.4  24.0' spd 357.2 yaw 298.6 mode 2 st 4 gl 0 hp 47 frg 1
ARGLOG Romero t  26.6 pos '1424.0 -946.1  47.2' spd  15.0 yaw 195 mode 2 st 9 gl 0 hp 100 frg 0
ARGEVT Joe Rogan hazard
ARGEVT Carmack hazard
ARGUS Joe Rogan wallslide
ARGLOG Carmack t  27.0 pos '2568.3 -74.9 -64.0' spd 143.9 yaw 164.2 mode 1 st 5 gl 0 hp 100 frg 0
ARGLOG Joe Rogan t  27.1 pos '2583.4 -528.0  32.0' spd 334.3 yaw 199 mode 2 st 4 gl 0 hp 47 frg 1
ARGLOG Romero t  27.1 pos '1424.0 -956.9  25.3' spd   4.0 yaw 191 mode 2 st 9 gl 0 hp 100 frg 0
ARGEVT Romero hazard
ARGUS Romero wallslide
ARGUS Joe Rogan jumpapproach 0 actual 349.0
ARGEVT Joe Rogan jump
ARGUS Joe Rogan aircontrol
ARGLOG Carmack t  27.6 pos '2405.9 -72.3 -72.0' spd 320.7 yaw 186.5 mode 1 st 5 gl 0 hp 100 frg 0
ARGLOG Joe Rogan t  27.7 pos '2409.9 -528.0  67.6' spd 338.6 yaw 261 mode 2 st 4 gl 0 hp 47 frg 1
ARGLOG Romero t  27.7 pos '1424.0 -984.0  20.0' spd  48.4 yaw 34 mode 2 st 9 gl 0 hp 100 frg 0
ARGEVT Joe Rogan hazard
ARGLOG Carmack t  28.1 pos '2235.5 -76.8 -136.0' spd 394.5 yaw 239.9 mode 1 st 5 gl 0 hp 100 frg 0
ARGLOG Joe Rogan t  28.2 pos '2403.9 -535.7  56.0' spd 196.0 yaw 266 mode 1 st 4 gl 0 hp 47 frg 1
ARGLOG Romero t  28.2 pos '1424.0 -983.6  20.0' spd   0.8 yaw 34 mode 2 st 9 gl 0 hp 100 frg 0
ARGEVT Carmack hazard
ARGLOG Carmack t  28.6 pos '2262.8 -209.3 -136.0' spd 342.8 yaw 328.1 mode 1 st 5 gl 0 hp 100 frg 0
ARGEVT Romero stall
ARGEVT Romero stallnode '1281.0 -983.0  32.0'
ARGEVT Romero jump
ARGLOG Joe Rogan t  28.7 pos '2433.8 -533.0  56.0' spd  36.8 yaw 239 mode 1 st 4 gl 0 hp 47 frg 1
ARGLOG Romero t  28.7 pos '1424.0 -983.1  27.6' spd   3.8 yaw 169.7 mode 0 st 10 gl 0 hp 100 frg 0
ARGUS routecache adopt
ARGEVT Romero route 9 start '1313.0 -951.0  32.0' goal '2433.0 -183.0  24.0'
ARGEVT Joe Rogan hazard
ARGUS Carmack wallslide
ARGLOG Carmack t  29.1 pos '2214.7 -206.6 -136.0' spd 344.6 yaw 254.2 mode 1 st 5 gl 0 hp 100 frg 0
ARGEVT Carmack hazard
ARGLOG Joe Rogan t  29.2 pos '2440.5 -533.0  56.0' spd 176.6 yaw 234 mode 1 st 4 gl 0 hp 47 frg 1
ARGLOG Romero t  29.2 pos '1424.0 -958.0  45.6' spd  31.1 yaw 32 mode 2 st 10 gl 0 hp 100 frg 0
ARGUS Romero wallslide
ARGEVT Romero hazard
ARGLOG Carmack t  29.6 pos '2287.1 -170.4 -136.0' spd 331.4 yaw  54.8 mode 1 st 5 gl 0 hp 100 frg 0
ARGLOG Joe Rogan t  29.7 pos '2369.1 -536.0  56.0' spd  42.6 yaw 301 mode 1 st 4 gl 0 hp 47 frg 1
ARGLOG Romero t  29.7 pos '1424.0 -978.4  20.0' spd  52.6 yaw 34 mode 2 st 10 gl 0 hp 100 frg 0
ARGEVT Joe Rogan hazard
ARGLOG Carmack t  30.1 pos '2263.6  -2.4 -136.0' spd 328.0 yaw  15.2 mode 1 st 5 gl 0 hp 100 frg 0
ARGEVT Carmack hazard
ARGLOG Joe Rogan t  30.2 pos '2353.8 -536.0  56.0' spd  72.9 yaw 312 mode 1 st 4 gl 0 hp 47 frg 1
ARGLOG Romero t  30.2 pos '1424.0 -983.0  20.0' spd   0.8 yaw 34 mode 2 st 10 gl 0 hp 100 frg 0
ARGLOG Carmack t  30.6 pos '2363.6   1.4 -88.0' spd 320.0 yaw 356 mode 1 st 5 gl 0 hp 100 frg 0
ARGLOG Joe Rogan t  30.7 pos '2426.1 -535.5  56.0' spd  42.9 yaw 244 mode 1 st 4 gl 0 hp 47 frg 1
ARGLOG Romero t  30.7 pos '1424.0 -983.0  20.0' spd   0.8 yaw 34 mode 2 st 10 gl 0 hp 100 frg 0
ARGEVT Romero stall
ARGEVT Romero stallnode '1281.0 -983.0  32.0'
ARGEVT Romero jump
ARGEVT Joe Rogan hazard
ARGUS routecache adopt
ARGEVT Romero route 9 start '1313.0 -951.0  32.0' goal '2433.0 -183.0  24.0'
ARGLOG Carmack t  31.1 pos '2523.7  -7.4 -64.0' spd 320.0 yaw 355 mode 1 st 5 gl 0 hp 100 frg 0
ARGLOG Joe Rogan t  31.2 pos '2445.3 -534.5  56.0' spd  33.4 yaw 230 mode 1 st 4 gl 0 hp 47 frg 1
ARGLOG Romero t  31.2 pos '1424.0 -960.6  57.4' spd  64.4 yaw 32 mode 2 st 11 gl 0 hp 100 frg 0
