LOG started on: 09/17/2026 21:30:52 
Playing registered version.
UDP Initialized
WIPX_OpenSocket: Address family not supported by protocol family
WIPX_Init: Unable to open control socket, IPX disabled
Exe: 20:02:47 Jul 31 2024
256.0 megabyte heap

Language initialization
Couldn't load 'localization/loc_english.txt'
from 'C:\argus\engine'

========= Quake Initialized =========

execing autoexec.cfg
SpawnServer: dm4
Clearing memory
Programs occupy 896K.
trying to open external vis file
maps/dm4.vis not found, trying argus.vis
external vis not found
ARGUS slots 8
ARGUS worldspawn reached
ARGNAV 137 nodes, 678 links
0 entities inhibited
ARGUS init on dm4
ARGEVT Carmack spawned
ARGEVT Romero spawned
ARGEVT Joe Rogan spawned
Server spawned.
ARGLOG Joe Rogan t   1.2 pos '-64.0 -232.0 -72.0' spd 0 yaw 357.6 mode 0 st 0 gl 0 hp 100 frg 0
ARGLOG Romero t   1.2 pos '112.0 -1136.0 -104.0' spd 0 yaw  92.5 mode 0 st 0 gl 0 hp 100 frg 0
ARGLOG Carmack t   1.2 pos '-64.0 512.0 -296.0' spd 0 yaw 299.6 mode 0 st 0 gl 0 hp 100 frg 0
ARGEVT Carmack hazard
ARGLOG Joe Rogan t   1.7 pos ' 91.8 -237.4 -72.0' spd 320 yaw 357.6 mode 0 st 0 gl 0 hp 100 frg 0
ARGLOG Romero t   1.7 pos '106.6 -980.2 -104.0' spd 320 yaw  92.5 mode 0 st 0 gl 0 hp 100 frg 0
ARGLOG Carmack t   1.7 pos '-48.8 420.8 -296.0' spd 321.3 yaw 178.2 mode 0 st 0 gl 0 hp 100 frg 0
ARGLOG Joe Rogan t   2.2 pos '273.4 -244.1 -84.9' spd 320.0 yaw 357.6 mode 0 st 0 gl 0 hp 100 frg 0
ARGLOG Romero t   2.2 pos '100.8 -815.2 -104.0' spd 320 yaw  92.5 mode 0 st 0 gl 0 hp 100 frg 0
ARGLOG Carmack t   2.2 pos '-213.9 421.1 -296.0' spd 320.0 yaw  32.2 mode 0 st 0 gl 0 hp 100 frg 0
ARGUS Carmack wallslide
ARGLOG Joe Rogan t   2.7 pos '391.9 -278.7 -264.2' spd 181.6 yaw 239.1 mode 0 st 0 gl 0 hp 100 frg 0
ARGLOG Romero t   2.7 pos '214.1 -803.6 -104.0' spd 322.7 yaw 327.2 mode 0 st 0 gl 0 hp 100 frg 0
ARGLOG Carmack t   2.7 pos '-117.7 433.7 -296.0' spd 323.4 yaw  13.2 mode 0 st 0 gl 0 hp 100 frg 0
ARGEVT Joe Rogan hazard
ARGLOG Joe Rogan t   3.3 pos '487.9 -249.5 -296.0' spd 322.9 yaw  10.2 mode 0 st 0 gl 0 hp 100 frg 0
ARGLOG Romero t   3.3 pos '357.7 -885.5 -104.0' spd 320.0 yaw 327.2 mode 0 st 0 gl 0 hp 100 frg 0
ARGLOG Carmack t   3.3 pos ' -8.7 431.3 -296.0' spd 266.3 yaw 216.1 mode 0 st 0 gl 0 hp 100 frg 0
ARGEVT Carmack hazard
ARGLOG Joe Rogan t   3.8 pos '639.2 -210.5 -296.0' spd 148.2 yaw 157.2 mode 0 st 0 gl 0 hp 100 frg 0
ARGLOG Romero t   3.8 pos '408.3 -954.1 -104.0' spd 325.5 yaw 175.4 mode 0 st 0 gl 0 hp 100 frg 0
ARGLOG Carmack t   3.8 pos '-112.5 521.5 -296.0' spd 327.7 yaw  90.0 mode 0 st 0 gl 0 hp 100 frg 0
ARGUS Carmack wallslide
ARGEVT Joe Rogan goal weapon_lightning
ARGEVT Romero goal item_armorInv
ARGEVT Carmack goal weapon_rocketlauncher
ARGEVT Joe Rogan route 8 start '593.0 -215.0 -296.0' goal '529.0 -311.0 -104.0'
ARGLOG Joe Rogan t   4.3 pos '652.0 -252.0 -296.0' spd 361.6 yaw 94 mode 2 st 0 gl 0 hp 100 frg 0
ARGEVT Joe Rogan hazard
ARGLOG Romero t   4.3 pos '245.6 -930.7 -104.0' spd 369.8 yaw  96.4 mode 0 st 0 gl 0 hp 100 frg 0
ARGLOG Carmack t   4.3 pos '-120.1 570.1 -296.0' spd 326.9 yaw 292 mode 0 st 0 gl 0 hp 100 frg 0
ARGEVT Romero route 9 start '273.0 -887.0 -104.0' goal '817.0 -855.0 -232.0'
ARGEVT Carmack route 4 start '-111.0 457.0 -296.0' goal ' 81.0  73.0 -296.0'
ARGEVT Romero hazard
ARGLOG Joe Rogan t   4.8 pos '472.7 -225.0 -296.0' spd 393.9 yaw 65 mode 2 st 0 gl 0 hp 100 frg 0
ARGLOG Romero t   4.8 pos '275.7 -761.5 -104.0' spd 323.9 yaw 72 mode 2 st 0 gl 0 hp 100 frg 0
ARGLOG Carmack t   4.8 pos '-83.5 391.7 -296.0' spd 326.8 yaw 259 mode 2 st 0 gl 0 hp 100 frg 0
ARGUS Joe Rogan wallslide
ARGLOG Joe Rogan t   5.3 pos '522.1 -208.0 -296.0' spd 345.7 yaw 71 mode 2 st 0 gl 0 hp 100 frg 0
ARGLOG Romero t   5.3 pos '359.9 -619.5 -104.0' spd 337.3 yaw 42 mode 2 st 0 gl 0 hp 100 frg 0
ARGLOG Carmack t   5.3 pos '-98.6 231.5 -296.0' spd 321.2 yaw 320 mode 2 st 0 gl 0 hp 100 frg 0
ARGUS Romero wallslide
ARGLOG Joe Rogan t   5.9 pos '651.8 -96.5 -296.0' spd 328.7 yaw 257 mode 2 st 0 gl 0 hp 100 frg 0
ARGLOG Romero t   5.9 pos '394.3 -441.8 -104.0' spd 342.3 yaw 351 mode 2 st 0 gl 0 hp 100 frg 0
ARGLOG Carmack t   5.9 pos '-43.9  65.9 -296.0' spd 354.8 yaw 360 mode 1 st 0 gl 0 hp 100 frg 0
ARGUS Carmack wallslide
ARGEVT Carmack goal item_health
ARGEVT Carmack hazard
ARGEVT Carmack route 5 start ' 81.0  73.0 -296.0' goal '-47.0 585.0 -296.0'
ARGLOG Joe Rogan t   6.5 pos '578.9  63.7 -296.0' spd 394.1 yaw 217 mode 2 st 0 gl 0 hp 100 frg 0
ARGLOG Romero t   6.5 pos '534.1 -314.9 -104.0' spd 382.3 yaw 126.4 mode 2 st 0 gl 0 hp 100 frg 0
ARGLOG Carmack t   6.5 pos '108.5  84.5 -296.0' spd 335.3 yaw 152 mode 2 st 0 gl 1 hp 100 frg 0
ARGEVT Joe Rogan goal weapon_rocketlauncher
ARGEVT Joe Rogan hazard
ARGUS Joe Rogan wallslide
ARGEVT Joe Rogan route 11 start '529.0  73.0 -296.0' goal '753.0 -887.0 -232.0'
ARGEVT Romero hazard
ARGLOG Joe Rogan t   7.0 pos '555.6  30.8 -296.0' spd 338.7 yaw 265 mode 2 st 0 gl 0 hp 100 frg 0
ARGLOG Romero t   7.0 pos '439.8 -201.6 -104.0' spd 321.2 yaw 166.2 mode 2 st 0 gl 0 hp 100 frg 0
ARGLOG Carmack t   7.0 pos '106.6 139.5 -296.0' spd 325.8 yaw 164 mode 2 st 0 gl 1 hp 100 frg 0
ARGUS Carmack wallslide
Client 169.254.71.10:56931 connected
ARGEVT Romero route 6 start '465.0 -151.0 -104.0' goal '817.0 -855.0 -232.0'
ARGLOG Joe Rogan t   7.5 pos '652.6 -61.2 -296.0' spd 335.3 yaw 243 mode 2 st 0 gl 0 hp 100 frg 0
ARGLOG Romero t   7.5 pos '242.9 -183.4 -243.3' spd 315.6 yaw 337 mode 2 st 0 gl 0 hp 100 frg 0
ARGLOG Carmack t   7.5 pos ' 13.7  49.9 -296.0' spd 324.3 yaw 129 mode 2 st 0 gl 1 hp 100 frg 0
ARGLOG labprobe t   7.7 pos '-64.0 512.0 -295.0' spd 0 yaw 270 mode 0 st 0 gl 0 hp 100 frg 0
ARGEVT Romero swim
ARGEVT Romero weapon sg
ARGEVT Carmack hazard
ARGLOG Joe Rogan t   8.1 pos '583.5 -228.8 -296.0' spd 320.9 yaw 234 mode 2 st 0 gl 0 hp 100 frg 0
ARGLOG Romero t   8.1 pos '279.2 -48.0 -386.6' spd 134.0 yaw  89.5 mode 2 st 0 gl 0 hp 60 frg 0
ARGLOG Carmack t   8.1 pos '-171.1  55.5 -296.0' spd 264.1 yaw 296.5 mode 2 st 0 gl 1 hp 100 frg 0
ARGEVT Joe Rogan hazard
ARGUS Carmack wallslide
ARGLOG labprobe t   8.3 pos '-64.0 512.0 -296.0' spd 0 yaw -90 mode 0 st 0 gl 0 hp 100 frg 0
ARGEVT Joe Rogan route 12 start '593.0 -215.0 -296.0' goal '753.0 -887.0 -232.0'
ARGEVT Romero death world pos '281.2 -48.0 -386.6'
ARGLOG Joe Rogan t   8.6 pos '609.1 -268.4 -296.0' spd 323.6 yaw 204 mode 2 st 0 gl 0 hp 100 frg 0
ARGUS Joe Rogan wallslide
ARGLOG Carmack t   8.6 pos '-66.5  43.5 -296.0' spd 328.4 yaw 330 mode 2 st 0 gl 1 hp 100 frg 0
ARGLOG labprobe t   8.8 pos '-64.0 512.0 -296.0' spd 0 yaw -90 mode 0 st 0 gl 0 hp 100 frg 0
ARGLOG Joe Rogan t   9.2 pos '444.8 -208.0 -296.0' spd 162.2 yaw  24.5 mode 2 st 0 gl 0 hp 100 frg 0
ARGLOG Carmack t   9.2 pos ' 86.2  73.2 -296.0' spd 367.4 yaw 320 mode 2 st 0 gl 1 hp 100 frg 0
ARGEVT Carmack hazard
ARGLOG labprobe t   9.4 pos '-64.0 512.0 -296.0' spd 0 yaw -90 mode 0 st 0 gl 0 hp 100 frg 0
ARGLOG Joe Rogan t   9.8 pos '613.3 -183.5 -296.0' spd 402.9 yaw 258 mode 2 st 0 gl 0 hp 100 frg 0
ARGLOG Carmack t   9.8 pos ' 21.1  52.8 -296.0' spd 340.0 yaw 108 mode 2 st 0 gl 1 hp 100 frg 0
ARGLOG labprobe t  10.0 pos '-64.0 512.0 -296.0' spd 0 yaw -90 mode 0 st 0 gl 0 hp 100 frg 0
ARGUS Joe Rogan wallslide
ARGEVT Romero respawn
ARGEVT Romero goal item_armorInv
ARGLOG Romero t  10.2 pos '-64.0 -232.0 -72.0' spd 0 yaw 340.8 mode 0 st 0 gl 0 hp 100 frg -1
ARGLOG Joe Rogan t  10.3 pos '647.8  -6.0 -296.0' spd 320.7 yaw 258 mode 2 st 0 gl 0 hp 100 frg 0
ARGLOG Carmack t  10.3 pos '-104.6 182.6 -296.0' spd 330.4 yaw 81 mode 2 st 0 gl 1 hp 100 frg 0
ARGEVT Romero route 10 start '-47.0 -247.0 -72.0' goal '817.0 -855.0 -232.0'
ARGEVT Romero hazard
ARGLOG labprobe t  10.5 pos '-64.0 512.0 -296.0' spd 0 yaw -90 mode 0 st 0 gl 0 hp 100 frg 0
ARGUS Carmack skillset   1.5
ARGLOG Romero t  10.8 pos ' 58.5 -269.9 -72.0' spd 116.3 yaw 212 mode 2 st 0 gl 0 hp 100 frg -1
ARGUS Romero wallslide
ARGLOG Joe Rogan t  10.9 pos '381.0 -864.0  24.0' spd 300 yaw  64.7 mode 0 st 0 gl 0 hp 100 frg 0
ARGLOG Carmack t  10.9 pos '-116.2 362.4 -296.0' spd 320.2 yaw 72 mode 2 st 0 gl 1 hp 100 frg 0
ARGEVT Carmack hazard
ARGEVT Joe Rogan route 9 start '401.0 -887.0  24.0' goal '753.0 -887.0 -232.0'
ARGLOG labprobe t  11.1 pos '-64.0 512.0 -296.0' spd 0 yaw -90 mode 0 st 0 gl 0 hp 100 frg 0
ARGLOG Romero t  11.3 pos '-118.7 -267.1 -72.0' spd 364.9 yaw 5 mode 2 st 0 gl 0 hp 100 frg -1
ARGLOG Joe Rogan t  11.4 pos '363.5 -852.2  20.0' spd 341.2 yaw 95 mode 2 st 0 gl 0 hp 100 frg 0
ARGLOG Carmack t  11.4 pos '-19.5 518.4 -296.0' spd 326.0 yaw 93 mode 1 st 0 gl 1 hp 100 frg 0
ARGEVT Carmack goal backpack
ARGEVT Carmack route 8 start '-47.0 585.0 -296.0' goal '337.0 -119.0 -296.0'
ARGLOG labprobe t  11.6 pos '-64.0 512.0 -296.0' spd 0 yaw -90 mode 0 st 0 gl 0 hp 100 frg 0
ARGLOG Romero t  11.9 pos '-121.6 -444.4 -72.0' spd 321.1 yaw 17 mode 2 st 0 gl 0 hp 100 frg -1
ARGLOG Joe Rogan t  12.0 pos '317.0 -674.3  24.0' spd 325.2 yaw 68 mode 2 st 0 gl 0 hp 100 frg 0
ARGLOG Carmack t  12.0 pos '-103.0 609.0 -296.0' spd 320.7 yaw 269 mode 2 st 0 gl 2 hp 200 frg 0
ARGEVT Carmack hazard
ARGLOG labprobe t  12.2 pos '-64.0 512.0 -296.0' spd 0 yaw -90 mode 0 st 0 gl 0 hp 100 frg 0
ARGLOG Romero t  12.4 pos '757.2 -176.0  49.8' spd 300 yaw 276 mode 0 st 0 gl 0 hp 100 frg -1
ARGEVT Romero route 5 start '785.0 -183.0  24.0' goal '817.0 -855.0 -232.0'
ARGLOG Joe Rogan t  12.6 pos '358.4 -499.2  24.0' spd 320.3 yaw 24 mode 2 st 0 gl 0 hp 100 frg 0
ARGLOG Carmack t  12.6 pos '-134.4 431.2 -296.0' spd 321.1 yaw 284 mode 2 st 0 gl 2 hp 200 frg 0
ARGLOG Romero t  12.9 pos '813.6 -176.0  24.0' spd 300 yaw 288 mode 2 st 0 gl 0 hp 100 frg -1
ARGLOG Joe Rogan t  13.1 pos '442.3 -338.1 -22.4' spd 322.5 yaw 333 mode 2 st 0 gl 0 hp 100 frg 0
ARGLOG Carmack t  13.1 pos '-80.6 277.2 -296.0' spd 320.9 yaw 275 mode 2 st 0 gl 2 hp 200 frg 0
ARGUS Romero jumpstage 85
ARGLOG Romero t  13.5 pos '870.5 -309.5  24.0' spd 341.2 yaw 252 mode 2 st 0 gl 0 hp 100 frg -1
ARGLOG Joe Rogan t  13.6 pos '566.4 -285.3 -104.0' spd 350.0 yaw 311 mode 2 st 0 gl 0 hp 100 frg 0
ARGLOG Carmack t  13.6 pos '-60.0 117.9 -296.0' spd 320.2 yaw 282 mode 2 st 0 gl 2 hp 200 frg 0
ARGEVT Romero hazard
ARGUS Romero wallslide
ARGUS Joe Rogan jumpapproach 0 actual 321.0
ARGEVT Joe Rogan jump
ARGUS Joe Rogan aircontrol
ARGLOG Romero t  14.0 pos '819.7 -359.4  24.0' spd 278.2 yaw 261 mode 2 st 0 gl 0 hp 100 frg -1
ARGLOG Joe Rogan t  14.1 pos '688.0 -422.8 -67.7' spd 245.9 yaw 304 mode 2 st 0 gl 0 hp 100 frg 0
ARGLOG Carmack t  14.1 pos '-45.6 -62.1 -296.0' spd 326.4 yaw 335 mode 2 st 0 gl 2 hp 200 frg 0
ARGUS Romero jumpstage 180
ARGUS Carmack wallslide
ARGEVT Romero route 5 start '849.0 -247.0  24.0' goal '817.0 -855.0 -232.0'
ARGLOG Romero t  14.5 pos '874.4 -219.8  24.0' spd 376.4 yaw 281 mode 2 st 0 gl 0 hp 100 frg -1
ARGEVT Joe Rogan engage Carmack
ARGEVT Carmack engage Joe Rogan
ARGUS Carmack leadclip
ARGLOG Joe Rogan t  14.7 pos '431.8 -240.0 -287.5' spd 300 yaw 197.1 mode 0 st 0 gl 0 hp 100 frg 0
ARGLOG Carmack t  14.7 pos '-10.5 -238.6 -296.0' spd 320.0 yaw 357.1 mode 0 st 0 gl 2 hp 200 frg 0
ARGEVT Joe Rogan route 13 start '369.0 -247.0 -296.0' goal '753.0 -887.0 -232.0'
ARGEVT Carmack route 3 start ' 17.0 -247.0 -296.0' goal '337.0 -119.0 -296.0'
ARGUS Romero jumpstage 85
ARGLOG Romero t  15.1 pos '861.6 -314.9  24.0' spd 321.7 yaw 254 mode 2 st 0 gl 0 hp 100 frg -1
ARGLOG Joe Rogan t  15.2 pos '462.1 -228.2 -296.0' spd 264.8 yaw 179.4 mode 2 st 0 gl 0 hp 100 frg 0
ARGEVT Romero hazard
ARGLOG Carmack t  15.2 pos ' 38.8 -250.2 -296.0' spd 200.2 yaw 359.8 mode 2 st 0 gl 2 hp 200 frg 0
ARGEVT Joe Rogan death Carmack pos '471.0 -231.4 -296.0'
ARGUS Carmack watch spawn
ARGEVT Carmack hazard
ARGUS Carmack wallslide
ARGEVT Carmack goal backpack
ARGEVT Carmack route 3 start '145.0 -247.0 -296.0' goal '337.0 -119.0 -296.0'
ARGLOG Romero t  15.6 pos '816.6 -373.4  24.0' spd 271.1 yaw 261 mode 2 st 0 gl 0 hp 100 frg -1
ARGLOG Carmack t  15.8 pos '158.8 -257.9 -296.0' spd 322.8 yaw 3 mode 2 st 0 gl 2 hp 200 frg 1
ARGUS Romero jumpcharge 85
ARGLOG Romero t  16.2 pos '831.6 -247.2  24.0' spd 127.4 yaw 262 mode 2 st 0 gl 0 hp 100 frg -1
ARGLOG Carmack t  16.4 pos '335.8 -233.6 -296.0' spd 321.0 yaw 357 mode 2 st 0 gl 2 hp 200 frg 1
ARGEVT Carmack hazard
ARGUS Carmack wallslide
ARGLOG Romero t  16.7 pos '849.4 -283.9  24.0' spd 111.9 yaw 173 mode 2 st 0 gl 0 hp 100 frg -1
ARGLOG Carmack t  16.9 pos '498.4 -209.3 -296.0' spd 183.1 yaw 150 mode 2 st 0 gl 2 hp 199 frg 1
ARGEVT Joe Rogan respawn
ARGEVT Joe Rogan goal weapon_rocketlauncher
ARGLOG Joe Rogan t  17.0 pos '272.0 -952.0  24.0' spd 0 yaw  19.8 mode 0 st 0 gl 0 hp 100 frg 0
ARGEVT Joe Rogan route 10 start '305.0 -983.0  24.0' goal '753.0 -887.0 -232.0'
ARGLOG Romero t  17.3 pos '822.3 -322.1  24.0' spd  90.8 yaw 262 mode 2 st 0 gl 0 hp 100 frg -1
ARGLOG Carmack t  17.5 pos '385.9 -185.3 -296.0' spd 344.5 yaw 111.2 mode 2 st 0 gl 2 hp 199 frg 1
ARGLOG Joe Rogan t  17.6 pos '337.9 -797.7  24.0' spd 335.1 yaw 119 mode 2 st 0 gl 0 hp 100 frg 0
ARGEVT Carmack hazard
ARGLOG Romero t  17.8 pos '837.9 -367.1  24.0' spd  85.0 yaw 256 mode 2 st 0 gl 0 hp 100 frg -1
ARGUS Joe Rogan wallslide
ARGUS Romero jumpapproach 85 actual  95.9
ARGEVT Romero jump
ARGLOG Carmack t  18.0 pos '382.3   3.2 -296.0' spd 412.6 yaw 323.6 mode 1 st 0 gl 2 hp 198 frg 1
ARGUS Romero aircontrol
ARGLOG Joe Rogan t  18.2 pos '312.6 -621.7  24.0' spd 324.1 yaw 63 mode 2 st 0 gl 0 hp 100 frg 0
Client 169.254.71.10:57190 connected
ARGLOG unconnected t  18.3 pos '784.0 -176.0  24.0' spd 0 yaw 180 mode 0 st 0 gl 0 hp 100 frg 0
ARGLOG Romero t  18.4 pos '858.4 -415.0  59.7' spd  95.9 yaw 141.0 mode 2 st 0 gl 0 hp 100 frg -1
ARGLOG labprobe t  18.4 pos '272.0 -952.0  25.0' spd 0 yaw 0 mode 0 st 0 gl 0 hp 100 frg 0
ARGEVT Carmack engage Joe Rogan
ARGEVT Joe Rogan engage Carmack
ARGLOG Carmack t  18.6 pos '391.8 -56.4 -296.0' spd  67.1 yaw 255.9 mode 1 st 0 gl 2 hp 197 frg 1
ARGLOG Joe Rogan t  18.7 pos '349.2 -469.7  24.0' spd 311.6 yaw  70.3 mode 2 st 0 gl 0 hp 100 frg 0
ARGUS Carmack leadclip
ARGLOG Romero t  18.9 pos '813.0 -400.0  24.0' spd 276.9 yaw 261 mode 2 st 0 gl 0 hp 100 frg -1
ARGLOG labprobe t  18.9 pos '272.0 -952.0  24.0' spd 0 yaw 0 mode 0 st 0 gl 0 hp 100 frg 0
ARGEVT Joe Rogan grab weapon_grenadelauncher
ARGEVT Carmack hazard
ARGLOG Carmack t  19.2 pos '371.7  -9.6 -296.0' spd 192.9 yaw 239.2 mode 1 st 0 gl 2 hp 197 frg 1
ARGLOG Joe Rogan t  19.2 pos '249.0 -357.0 -62.9' spd 153.6 yaw  66.4 mode 2 st 0 gl 0 hp 100 frg 0
ARGLOG Romero t  19.5 pos '752.0 -519.8 -61.7' spd 218.5 yaw 338 mode 2 st 0 gl 0 hp 100 frg -1
ARGLOG labprobe t  19.5 pos '272.0 -952.0  24.0' spd 0 yaw 0 mode 0 st 0 gl 0 hp 100 frg 0
ARGLOG Carmack t  19.7 pos '374.2 -20.3 -296.0' spd 190.4 yaw 238.8 mode 1 st 0 gl 2 hp 196 frg 1
ARGLOG Joe Rogan t  19.8 pos '178.5 -354.2 -395.0' spd 126.7 yaw  61.6 mode 2 st 0 gl 0 hp 100 frg 0
ARGEVT Joe Rogan swim
ARGUS Romero wallslide
ARGLOG Romero t  20.0 pos '816.0 -562.7 -136.0' spd 298.4 yaw  89.9 mode 2 st 0 gl 0 hp 100 frg -1
ARGLOG labprobe t  20.0 pos '272.0 -952.0  24.0' spd 0 yaw 0 mode 0 st 0 gl 0 hp 100 frg 0
ARGEVT Joe Rogan pursue
ARGEVT Carmack pursue
ARGLOG Carmack t  20.3 pos '384.9 -50.7 -296.0' spd 321.0 yaw 237 mode 1 st 0 gl 2 hp 196 frg 1
ARGLOG Joe Rogan t  20.3 pos '116.7 -357.9 -394.4' spd  85.0 yaw 52 mode 2 st 0 gl 0 hp 40 frg 0
ARGEVT Romero hazard
ARGUS Carmack hunch item_artifact_super_damage
ARGEVT Carmack hazard
ARGEVT Joe Rogan death world pos '123.5 -327.6 -394.4'
ARGLOG Romero t  20.6 pos '758.0 -582.7 -136.0' spd 303.1 yaw 263.8 mode 2 st 0 gl 0 hp 100 frg -1
ARGLOG labprobe t  20.6 pos '272.0 -952.0  24.0' spd 0 yaw 0 mode 0 st 0 gl 0 hp 100 frg 0
ARGEVT Carmack goal item_armorInv
ARGLOG Carmack t  20.8 pos '385.7 -186.4 -296.0' spd 335.6 yaw 269.0 mode 0 st 0 gl 2 hp 195 frg 1
ARGEVT Carmack route 7 start '369.0 -215.0 -296.0' goal '817.0 -855.0 -232.0'
ARGEVT Carmack rjump
ARGUS Carmack aircontrol
ARGLOG Romero t  21.1 pos '790.1 -765.5 -232.0' spd 377.0 yaw 204 mode 1 st 0 gl 0 hp 100 frg -1
ARGLOG labprobe t  21.1 pos '272.0 -952.0  24.0' spd 0 yaw 0 mode 0 st 0 gl 0 hp 100 frg 0
ARGEVT Romero hazard
ARGLOG Carmack t  21.4 pos '376.7 -359.2 -133.0' spd 148.8 yaw 307 mode 2 st 0 gl 2 hp 146 frg 1
ARGUS Romero wallslide
ARGLOG Romero t  21.6 pos '726.7 -807.7 -232.0' spd 329.0 yaw  43.7 mode 1 st 0 gl 0 hp 100 frg -1
ARGLOG labprobe t  21.6 pos '272.0 -952.0  24.0' spd 0 yaw 0 mode 0 st 0 gl 0 hp 100 frg 0
ARGLOG Carmack t  21.9 pos '394.1 -358.9 -104.0' spd 194.2 yaw 306 mode 2 st 0 gl 2 hp 145 frg 1
ARGEVT Joe Rogan respawn
ARGEVT Joe Rogan goal weapon_supershotgun
ARGLOG Joe Rogan t  22.2 pos '-64.0 512.0 -296.0' spd 0 yaw 290.2 mode 0 st 0 gl 0 hp 100 frg -1
ARGLOG Romero t  22.2 pos '786.2 -633.8 -168.0' spd 328.4 yaw 103.8 mode 1 st 0 gl 0 hp 100 frg -1
ARGEVT Carmack hazard
ARGLOG labprobe t  22.2 pos '272.0 -952.0  24.0' spd 0 yaw 0 mode 0 st 0 gl 0 hp 100 frg 0
ARGUS Carmack wallslide
ARGEVT Joe Rogan route 14 start '-79.0 553.0 -296.0' goal '273.0 -1015.0 -104.0'
ARGEVT Joe Rogan hazard
ARGEVT Romero hazard
ARGLOG Carmack t  22.5 pos '428.6 -460.6 -104.0' spd 207.0 yaw 48 mode 2 st 0 gl 2 hp 144 frg 1
ARGUS Romero wallslide
ARGLOG Joe Rogan t  22.8 pos ' 61.3 411.2 -296.0' spd 260.2 yaw 253 mode 2 st 0 gl 0 hp 100 frg -1
ARGLOG Romero t  22.8 pos '752.0 -482.6 -104.0' spd 103.2 yaw 263.6 mode 1 st 0 gl 0 hp 100 frg -1
ARGLOG labprobe t  22.8 pos '272.0 -952.0  24.0' spd 0 yaw 0 mode 0 st 0 gl 0 hp 100 frg 0
ARGLOG Carmack t  23.0 pos '546.6 -363.0 -104.0' spd 405.4 yaw 294 mode 2 st 0 gl 2 hp 144 frg 1
ARGUS Carmack jumpapproach 0 actual 351.0
ARGEVT Carmack jump
ARGUS Carmack aircontrol
ARGLOG Joe Rogan t  23.3 pos ' 51.8 403.7 -296.0' spd 322.4 yaw 254 mode 2 st 0 gl 0 hp 100 frg -1
ARGLOG Romero t  23.3 pos '775.1 -639.8 -168.0' spd 320.2 yaw 263.8 mode 1 st 0 gl 0 hp 100 frg -1
ARGLOG Carmack t  23.5 pos '688.0 -462.8 -68.4' spd 196.3 yaw 313 mode 2 st 0 gl 2 hp 143 frg 1
ARGEVT Romero hazard
ARGUS Romero wallslide
ARGLOG Joe Rogan t  23.8 pos '-82.7 369.6 -296.0' spd 340.9 yaw 277 mode 2 st 0 gl 0 hp 100 frg -1
ARGLOG Romero t  23.8 pos '722.8 -794.2 -232.0' spd 317.9 yaw 264.5 mode 1 st 0 gl 0 hp 100 frg -1
ARGLOG Carmack t  24.1 pos '450.7 -240.0 -296.0' spd 300 yaw 297 mode 0 st 0 gl 2 hp 143 frg 1
ARGEVT Carmack engage Romero
ARGEVT Carmack route 8 start '465.0 -247.0 -296.0' goal '817.0 -855.0 -232.0'
ARGEVT Romero engage Carmack
ARGUS Romero leadclip
ARGUS Carmack leadclip
ARGLOG Joe Rogan t  24.3 pos '-100.3 190.0 -296.0' spd 325.1 yaw 279 mode 2 st 0 gl 0 hp 100 frg -1
ARGEVT Joe Rogan hazard
ARGLOG Romero t  24.3 pos '368.0  -0.1 -279.7' spd 300 yaw 286.4 mode 1 st 0 gl 0 hp 100 frg -1
ARGEVT Carmack hazard
ARGLOG Carmack t  24.6 pos '432.6 -264.1 -296.0' spd 300.0 yaw 115.7 mode 2 st 0 gl 2 hp 142 frg 1
ARGEVT Carmack rjump
ARGUS Carmack aircontrol
ARGLOG Joe Rogan t  24.9 pos '-59.4  25.8 -296.0' spd 356.4 yaw 327 mode 2 st 0 gl 0 hp 100 frg -1
ARGLOG Romero t  24.9 pos '368.0 -37.6 -296.0' spd 300 yaw 251.7 mode 1 st 0 gl 0 hp 100 frg -1
ARGEVT Romero retreat
ARGLOG Carmack t  25.2 pos '352.2 -352.4 -156.4' spd 192.5 yaw  86.4 mode 2 st 0 gl 2 hp 94 frg 1
ARGLOG Joe Rogan t  25.4 pos '-30.6 -143.7 -296.0' spd 321.0 yaw 345 mode 2 st 0 gl 0 hp 100 frg -1
ARGLOG Romero t  25.4 pos '392.5  84.6 -266.6' spd 253.1 yaw 268.6 mode 1 st 0 gl 0 hp 9 frg -1
ARGEVT Joe Rogan engage Carmack
ARGLOG Carmack t  25.8 pos '430.5 -223.2 -172.0' spd 339.4 yaw 102.9 mode 2 st 0 gl 2 hp 28 frg 1
ARGEVT Carmack grab item_armor1
ARGUS Carmack aircontrol
ARGLOG Joe Rogan t  25.9 pos '  1.1 -236.9 -296.0' spd 185.4 yaw 359.7 mode 0 st 0 gl 0 hp 100 frg -1
ARGLOG Romero t  25.9 pos '361.9  86.2 -288.0' spd  89.0 yaw 286.4 mode 1 st 0 gl 0 hp 9 frg -1
ARGEVT Joe Rogan route 9 start ' 17.0 -247.0 -296.0' goal '273.0 -1015.0 -104.0'
ARGEVT Carmack death Romero pos '432.0 -190.2 -296.0'
ARGUS Romero watch spawn
ARGEVT Romero death Carmack pos '361.8  66.9 -288.0'
ARGUS Carmack watch spawn
ARGEVT Joe Rogan hazard
ARGLOG Joe Rogan t  26.5 pos '116.3 -216.8 -296.0' spd 320.1 yaw 354 mode 2 st 0 gl 0 hp 100 frg -1
ARGLOG Joe Rogan t 27 pos '276.4 -236.1 -296.0' spd 320.1 yaw 18 mode 2 st 0 gl 0 hp 100 frg -1
ARGEVT Joe Rogan hazard
ARGLOG Joe Rogan t  27.6 pos '432.0 -198.1 -296.0' spd  36.2 yaw 22 mode 2 st 0 gl 0 hp 100 frg -1
ARGEVT Romero respawn
ARGEVT Carmack respawn
ARGEVT Romero goal item_armorInv
ARGLOG Romero t  27.7 pos '112.0 -1136.0 -104.0' spd 0 yaw  25.2 mode 0 st 0 gl 0 hp 100 frg 0
ARGEVT Carmack goal weapon_lightning
ARGLOG Carmack t  27.7 pos '272.0 -952.0  24.0' spd 0 yaw  19.8 mode 0 st 0 gl 2 hp 100 frg 2
ARGEVT Romero route 10 start '113.0 -1079.0 -104.0' goal '817.0 -855.0 -232.0'
ARGEVT Carmack route 5 start '305.0 -855.0  24.0' goal '529.0 -311.0 -104.0'
ARGLOG Joe Rogan t  28.1 pos '500.9 -241.0 -296.0' spd 367.5 yaw  38.8 mode 2 st 0 gl 0 hp 100 frg -1
ARGLOG Romero t  28.2 pos '194.3 -993.5 -104.0' spd 330.5 yaw 66 mode 2 st 0 gl 0 hp 100 frg 0
ARGLOG Carmack t  28.2 pos '368.0 -810.8  24.0' spd 367.6 yaw 122 mode 2 st 0 gl 2 hp 100 frg 2
ARGLOG Joe Rogan t  28.7 pos '615.1 -107.2 -296.0' spd 384.8 yaw 139 mode 2 st 0 gl 0 hp 100 frg -1
ARGUS Carmack wallslide
Client 169.254.71.10:58632 connected
ARGLOG Romero t  28.8 pos '175.7 -813.5 -104.0' spd 321.0 yaw 106 mode 2 st 0 gl 0 hp 100 frg 0
ARGLOG Carmack t  28.8 pos '308.5 -642.2  24.0' spd 272.6 yaw 65 mode 2 st 0 gl 2 hp 100 frg 2
ARGUS Joe Rogan wallslide
ARGLOG unconnected t  28.9 pos '-64.0 -232.0 -72.0' spd 0 yaw 0 mode 0 st 0 gl 0 hp 100 frg 0
ARGEVT Romero hazard
ARGUS Romero wallslide
ARGEVT Carmack engage labfoe
ARGLOG labfoe t  29.1 pos '272.0 -952.0  25.0' spd 0 yaw 0 mode 0 st 0 gl 0 hp 100 frg 0
ARGLOG Joe Rogan t  29.2 pos '609.9  72.6 -296.0' spd 322.5 yaw 252 mode 2 st 0 gl 0 hp 100 frg -1
ARGEVT Joe Rogan engage labfoe
ARGEVT Joe Rogan grab item_rockets
ARGLOG Romero t  29.4 pos '157.7 -752.8 -104.0' spd 327.7 yaw 46 mode 2 st 0 gl 0 hp 100 frg 0
ARGLOG Carmack t  29.4 pos '326.0 -532.4  24.0' spd 314.1 yaw 262.5 mode 2 st 0 gl 2 hp 100 frg 2
ARGEVT Joe Rogan weapon sg
ARGEVT Joe Rogan route 3 start '401.0 -887.0  24.0' goal '273.0 -1015.0 -104.0'
ARGLOG labfoe t  29.6 pos '272.0 -952.0  24.0' spd  96.0 yaw 0 mode 0 st 0 gl 0 hp 88 frg 0
ARGLOG Joe Rogan t  29.8 pos '381.6 -864.0  24.0' spd 300 yaw 227.8 mode 2 st 0 gl 0 hp 100 frg -1
ARGUS Carmack wallslide
ARGLOG Romero t  29.9 pos '335.8 -702.6 -104.0' spd 386.3 yaw  75.8 mode 2 st 0 gl 0 hp 100 frg 0
ARGLOG Carmack t  29.9 pos '304.0 -538.9  24.0' spd  20.7 yaw 262.9 mode 2 st 0 gl 2 hp 100 frg 2
ARGEVT Romero hazard
ARGEVT Joe Rogan weapon rl
ARGLOG labfoe t  30.2 pos '247.3 -988.4  24.0' spd  58.1 yaw 0 mode 0 st 0 gl 0 hp 64 frg 0
ARGUS Romero wallslide
ARGLOG Joe Rogan t  30.4 pos '438.0 -814.7  24.0' spd 331.9 yaw 223.1 mode 2 st 0 gl 0 hp 100 frg -1
ARGUS Romero bodyblock
ARGLOG Romero t  30.5 pos '365.2 -582.7 -104.0' spd 325.5 yaw 38 mode 2 st 0 gl 0 hp 100 frg 0
ARGLOG Carmack t  30.5 pos '330.2 -572.4  24.0' spd 190.7 yaw 258.5 mode 2 st 0 gl 2 hp 100 frg 2
ARGEVT Joe Rogan route 4 start '625.0 105.0 -296.0' goal '273.0 -1015.0 -104.0'
ARGLOG labfoe t  30.7 pos '234.0 -1018.7  24.0' spd 0 yaw 0 mode 0 st 0 gl 0 hp 48 frg 0
ARGUS Joe Rogan leadclip
ARGLOG Joe Rogan t  30.9 pos '624.0  21.3 -296.0' spd 161.1 yaw 255.8 mode 2 st 0 gl 0 hp 77 frg -1
ARGEVT Joe Rogan pursue
ARGLOG Romero t  31.0 pos '394.5 -402.5 -104.0' spd 364.4 yaw   3.5 mode 2 st 0 gl 0 hp 100 frg 0
ARGLOG Carmack t  31.0 pos '356.6 -637.8  24.0' spd  98.3 yaw 254.1 mode 2 st 0 gl 2 hp 100 frg 2
ARGLOG labfoe t  31.3 pos '231.0 -1033.0  24.0' spd 0 yaw 0 mode 0 st 0 gl 0 hp 36 frg 0
ARGEVT Romero hazard
ARGLOG Joe Rogan t  31.5 pos '615.6 -35.9 -296.0' spd 323.9 yaw 249 mode 2 st 0 gl 0 hp 77 frg -1
ARGLOG Romero t  31.6 pos '583.7 -431.5 -104.0' spd 354.5 yaw 338 mode 2 st 0 gl 0 hp 100 frg 0
ARGLOG Carmack t  31.6 pos '350.5 -699.3  24.0' spd 282.2 yaw 250.8 mode 2 st 0 gl 2 hp 100 frg 2
ARGUS Joe Rogan wallslide
ARGUS Joe Rogan hunch item_health
ARGEVT Joe Rogan hazard
ARGEVT Romero jump
ARGEVT Joe Rogan pursue
ARGLOG labfoe t  31.8 pos '226.9 -1040.0  24.0' spd 0 yaw 0 mode 0 st 0 gl 0 hp 16 frg 0
ARGEVT Joe Rogan goal backpack
ARGEVT Joe Rogan route 4 start '593.0 -215.0 -296.0' goal '369.0  73.0 -288.0'
ARGLOG Joe Rogan t  32.0 pos '593.5 -215.3 -296.0' spd 343.9 yaw 246 mode 2 st 0 gl 0 hp 77 frg -1
ARGEVT labfoe death Carmack pos '226.9 -1040.0  24.0'
ARGUS Carmack skilldrift   1.2
ARGEVT Joe Rogan engage Romero
ARGEVT Romero engage Joe Rogan
ARGLOG Romero t  32.1 pos '376.0 -240.0 -269.0' spd 300 yaw 357.8 mode 2 st 0 gl 0 hp 100 frg 0
ARGEVT Carmack goal weapon_lightning
ARGLOG Carmack t  32.1 pos '436.3 -775.9  24.0' spd 335.7 yaw 296.2 mode 0 st 0 gl 2 hp 76 frg 3
ARGEVT Carmack hazard
ARGEVT Carmack route 5 start '401.0 -791.0  24.0' goal '529.0 -311.0 -104.0'
ARGEVT Joe Rogan weapon sg
ARGLOG Joe Rogan t  32.6 pos '609.1 -226.9 -296.0' spd 270.7 yaw 177.6 mode 2 st 0 gl 0 hp 77 frg -1
ARGLOG Romero t  32.7 pos '449.5 -240.0 -296.0' spd 108.4 yaw 359.2 mode 2 st 0 gl 0 hp 76 frg 0
ARGLOG Carmack t  32.7 pos '394.5 -901.6  24.0' spd 322.3 yaw 220 mode 2 st 0 gl 2 hp 76 frg 3
ARGLOG Joe Rogan t  33.1 pos '606.2 -134.1 -296.0' spd  51.0 yaw 220.2 mode 2 st 0 gl 0 hp 77 frg -1
ARGEVT Joe Rogan grab item_armor1
ARGLOG Romero t  33.3 pos '518.6 -260.3 -296.0' spd 346.0 yaw  37.7 mode 2 st 0 gl 0 hp 52 frg 0
ARGEVT Romero hazard
ARGLOG Carmack t  33.3 pos '253.1 -1014.9  24.0' spd 352.4 yaw 78 mode 2 st 0 gl 2 hp 76 frg 3
ARGUS Carmack wallslide
ARGUS Romero wallslide
ARGLOG Joe Rogan t  33.6 pos '626.9 -116.7 -296.0' spd 265.5 yaw 260.8 mode 2 st 0 gl 0 hp 65 frg -1
ARGEVT Joe Rogan grab item_health
ARGLOG Romero t  33.8 pos '639.6 -268.0 -296.0' spd  51.3 yaw  95.7 mode 2 st 0 gl 0 hp 52 frg 0
ARGLOG Carmack t  33.8 pos '246.2 -895.4  24.0' spd 389.4 yaw 355.5 mode 2 st 0 gl 2 hp 76 frg 3
ARGEVT Joe Rogan weapon rl
ARGUS Joe Rogan leadclip
ARGUS Joe Rogan wallslide
ARGLOG Joe Rogan t  34.2 pos '586.1  46.2 -296.0' spd 340.3 yaw 272.9 mode 2 st 0 gl 0 hp 90 frg -1
ARGEVT Romero death Joe Rogan pos '617.2 -261.8 -296.0'
ARGUS Joe Rogan watch spawn
ARGLOG Carmack t  34.3 pos '358.2 -1004.0  24.0' spd 412.1 yaw 196 mode 2 st 0 gl 2 hp 76 frg 3
ARGEVT Joe Rogan goal item_armorInv
ARGEVT Carmack hazard
ARGEVT Joe Rogan hazard
ARGEVT Joe Rogan route 10 start '625.0 105.0 -296.0' goal '817.0 -855.0 -232.0'
ARGEVT Carmack route 6 start '305.0 -1079.0  24.0' goal '529.0 -311.0 -104.0'
ARGLOG Joe Rogan t  34.8 pos '696.6  34.5 -296.0' spd 171.6 yaw 256 mode 2 st 0 gl 0 hp 90 frg 0
ARGLOG Carmack t  34.9 pos '246.6 -1108.8   5.0' spd 245.7 yaw 76 mode 2 st 0 gl 2 hp 76 frg 3
ARGUS Joe Rogan wallslide
ARGLOG Joe Rogan t  35.3 pos '594.5 -95.5 -296.0' spd 321.2 yaw 261 mode 2 st 0 gl 0 hp 90 frg 0
ARGLOG Carmack t  35.4 pos '195.9 -1063.1 -104.0' spd 324.2 yaw 67 mode 2 st 0 gl 2 hp 76 frg 3
ARGEVT Romero respawn
ARGEVT Joe Rogan hazard
ARGEVT Romero goal weapon_rocketlauncher
ARGLOG Romero t  35.8 pos '-64.0 -232.0 -72.0' spd 0 yaw 16 mode 0 st 0 gl 0 hp 100 frg 0
ARGLOG Joe Rogan t  35.9 pos '587.4 -261.6 -296.0' spd 323.4 yaw 272.2 mode 0 st 0 gl 0 hp 90 frg 0
ARGEVT Carmack jump
ARGEVT Romero route 13 start '-47.0 -247.0 -72.0' goal ' 81.0  73.0 -296.0'
ARGLOG Carmack t  36.0 pos '276.0 -902.1 -90.3' spd 320.2 yaw 70 mode 2 st 0 gl 2 hp 76 frg 3
ARGUS Romero wallslide
ARGUS Joe Rogan wallslide
ARGEVT Joe Rogan route 9 start '593.0 -215.0 -296.0' goal '817.0 -855.0 -232.0'
ARGEVT Joe Rogan engage Romero
ARGEVT Joe Rogan grab weapon_lightning
ARGEVT Romero engage Joe Rogan
ARGEVT Romero grab weapon_grenadelauncher
ARGLOG Romero t  36.4 pos '105.3 -208.0 -72.0' spd 327.0 yaw  11.0 mode 2 st 0 gl 0 hp 100 frg 0
ARGUS Joe Rogan leadclip
ARGLOG Joe Rogan t  36.4 pos '581.7 -265.1 -296.0' spd  49.5 yaw 178.6 mode 2 st 0 gl 0 hp 90 frg 0
ARGLOG Carmack t  36.6 pos '379.3 -764.3 -104.0' spd 304.9 yaw 271.8 mode 2 st 0 gl 2 hp 76 frg 3
ARGEVT Carmack jump
ARGLOG Romero t  36.9 pos '142.4 -383.0  -8.0' spd 329.3 yaw  13.0 mode 2 st 0 gl 0 hp 100 frg 0
ARGLOG Joe Rogan t  37.0 pos '565.3 -244.0 -296.0' spd 212.4 yaw 192.2 mode 2 st 0 gl 0 hp 90 frg 0
ARGLOG Carmack t  37.1 pos '304.2 -921.4 -67.7' spd 384.6 yaw 109 mode 2 st 0 gl 2 hp 76 frg 3
ARGLOG Romero t  37.5 pos '119.8 -399.1  -8.0' spd 320.8 yaw  19.1 mode 2 st 0 gl 0 hp 100 frg 0
ARGLOG Joe Rogan t  37.6 pos '538.7 -251.5 -296.0' spd 114.0 yaw 187.1 mode 2 st 0 gl 0 hp 90 frg 0
ARGEVT Romero retreat
ARGLOG Carmack t  37.7 pos '119.2 -888.5 -104.0' spd 362.7 yaw 86 mode 2 st 0 gl 2 hp 76 frg 3
ARGLOG Romero t  38.0 pos '212.5 -482.6  24.0' spd 320.1 yaw  29.2 mode 0 st 0 gl 0 hp 3 frg 0
ARGLOG Joe Rogan t  38.1 pos '577.0 -244.8 -296.0' spd 382.0 yaw 221.2 mode 2 st 0 gl 0 hp 61 frg 0
ARGEVT Carmack hazard
ARGEVT Joe Rogan pursue
ARGEVT Romero pursue
ARGEVT Romero route 10 start '273.0 -503.0  24.0' goal ' 81.0  73.0 -296.0'
ARGEVT Joe Rogan hazard
ARGLOG Carmack t  38.2 pos '160.3 -761.2 -104.0' spd 354.7 yaw 10 mode 2 st 0 gl 2 hp 76 frg 3
ARGUS Joe Rogan wallslide
ARGUS Joe Rogan hunch item_health
ARGEVT Joe Rogan pursue
ARGLOG Romero t  38.6 pos '326.4 -455.5  24.0' spd 320.1 yaw 45 mode 2 st 0 gl 0 hp 3 frg 0
ARGEVT Joe Rogan goal item_armorInv
ARGLOG Joe Rogan t  38.6 pos '509.4 -221.6 -296.0' spd 324.8 yaw 111.5 mode 0 st 0 gl 0 hp 61 frg 0
ARGEVT Carmack jump
ARGUS Joe Rogan leadclip
ARGEVT Joe Rogan route 12 start '465.0 -247.0 -296.0' goal '817.0 -855.0 -232.0'
ARGLOG Carmack t  38.8 pos '328.9 -826.4 -72.1' spd 320.0 yaw  49.8 mode 2 st 0 gl 2 hp 76 frg 3
ARGLOG Romero t  39.1 pos '488.3 -339.2 -88.5' spd 320.1 yaw  82.9 mode 2 st 0 gl 0 hp 3 frg 0
ARGEVT Carmack goal weapon_rocketlauncher
ARGLOG Joe Rogan t  39.2 pos '503.4 -213.6 -296.0' spd 246.6 yaw 273.8 mode 2 st 0 gl 0 hp 61 frg 0
ARGUS Carmack wallslide
ARGEVT Carmack route 11 start '401.0 -887.0 -104.0' goal ' 81.0  73.0 -296.0'
ARGEVT Romero pursue
ARGEVT Joe Rogan pursue
ARGLOG Carmack t  39.4 pos '464.0 -810.1 -104.0' spd 319.8 yaw 82 mode 2 st 0 gl 2 hp 76 frg 3
ARGEVT Joe Rogan hazard
ARGEVT Carmack hazard
ARGUS Romero hunch item_artifact_super_damage
ARGLOG Romero t  39.7 pos '514.7 -230.9 -104.0' spd 377.5 yaw 147.2 mode 2 st 0 gl 0 hp 3 frg 0
ARGLOG Joe Rogan t  39.7 pos '456.2 -272.0 -296.0' spd  74.7 yaw 357.3 mode 2 st 0 gl 0 hp 61 frg 0
ARGUS Joe Rogan wallslide
ARGEVT Romero goal item_health
ARGEVT Romero hazard
ARGEVT Romero route 3 start '465.0 -151.0 -104.0' goal '465.0 -471.0  24.0'
ARGEVT Carmack engage Romero
ARGLOG Carmack t  39.9 pos '327.4 -739.7 -104.0' spd 339.7 yaw 116.8 mode 2 st 0 gl 2 hp 76 frg 3
ARGEVT Romero pursue
ARGEVT Joe Rogan pursue
ARGLOG Romero t  40.2 pos '453.5 -154.2 -104.0' spd 284.4 yaw 268 mode 2 st 0 gl 0 hp 3 frg 0
ARGLOG Joe Rogan t  40.3 pos '608.6 -204.4 -296.0' spd 339.6 yaw 346.9 mode 2 st 0 gl 0 hp 61 frg 0
ARGLOG Carmack t  40.5 pos '319.2 -593.5 -104.0' spd 338.2 yaw  70.5 mode 2 st 0 gl 2 hp 76 frg 3
ARGEVT Joe Rogan hazard
ARGEVT Romero death Carmack pos '476.6 -292.2 -104.0'
ARGUS Carmack watch spawn
ARGEVT Carmack hazard
ARGUS Carmack wallslide
ARGLOG Joe Rogan t  40.8 pos '643.5 -232.9 -296.0' spd 342.0 yaw 229 mode 2 st 0 gl 0 hp 61 frg 0
ARGEVT Carmack goal weapon_rocketlauncher
ARGUS Joe Rogan wallslide
ARGEVT Carmack route 9 start '337.0 -567.0 -104.0' goal ' 81.0  73.0 -296.0'
ARGLOG Carmack t  41.0 pos '387.7 -475.1 -104.0' spd 332.4 yaw 50 mode 2 st 0 gl 2 hp 76 frg 4
ARGEVT Joe Rogan route 12 start '593.0 -215.0 -296.0' goal '817.0 -855.0 -232.0'
ARGLOG Joe Rogan t  41.4 pos '568.9 -263.9 -296.0' spd 349.1 yaw 81 mode 2 st 0 gl 0 hp 61 frg 0
ARGLOG Carmack t  41.6 pos '499.3 -332.4 -104.0' spd 334.0 yaw 152 mode 2 st 0 gl 2 hp 76 frg 4
ARGEVT Joe Rogan hazard
ARGLOG Joe Rogan t  42.0 pos '399.3 -226.5 -296.0' spd 329.8 yaw 226.0 mode 2 st 0 gl 0 hp 61 frg 0
ARGEVT Romero respawn
ARGEVT Carmack engage labfoe
ARGEVT Carmack grab 
ARGLOG Carmack t  42.2 pos '625.7 -431.2 -120.0' spd 337.0 yaw 157.0 mode 2 st 0 gl 2 hp 76 frg 4
ARGLOG labfoe t  42.2 pos '-64.0 -232.0 -72.0' spd 192.8 yaw  -4.2 mode 0 st 0 gl 0 hp 100 frg 0
ARGEVT Romero goal backpack
ARGLOG Romero t  42.2 pos '112.0 -1136.0 -104.0' spd 0 yaw  64.8 mode 0 st 0 gl 0 hp 100 frg 0
ARGEVT Romero route 7 start '113.0 -1079.0 -104.0' goal '561.0 -183.0 -104.0'
ARGEVT Joe Rogan route 14 start '337.0 -247.0 -296.0' goal '817.0 -855.0 -232.0'
ARGLOG Joe Rogan t  42.5 pos '227.2 -284.0 -296.0' spd 324.6 yaw 169 mode 2 st 0 gl 0 hp 61 frg 0
ARGEVT Joe Rogan hazard
ARGLOG Carmack t  42.7 pos '555.9 -299.4 -104.0' spd 321.1 yaw 168.1 mode 2 st 0 gl 2 hp 76 frg 4
ARGLOG labfoe t  42.7 pos ' 99.8 -252.4 -72.0' spd 295.9 yaw -21.1 mode 0 st 0 gl 0 hp 100 frg 0
ARGUS Joe Rogan bodyblock
ARGLOG Romero t  42.8 pos '180.0 -979.1 -104.0' spd 320.0 yaw 68 mode 2 st 0 gl 0 hp 100 frg 0
ARGEVT Romero goal item_armorInv
ARGEVT Romero engage Carmack
ARGEVT Romero grab weapon_supershotgun
ARGEVT Romero route 10 start '177.0 -983.0 -104.0' goal '817.0 -855.0 -232.0'
ARGLOG Joe Rogan t  43.1 pos '179.0 -353.2 -314.4' spd  93.9 yaw 29 mode 2 st 0 gl 0 hp 61 frg 0
ARGEVT Joe Rogan engage Carmack
ARGUS Joe Rogan leadclip
ARGLOG Carmack t  43.3 pos '498.1 -127.9 -104.0' spd 328.7 yaw 212.6 mode 2 st 0 gl 2 hp 76 frg 4
ARGLOG labfoe t  43.3 pos '186.2 -373.0  -8.0' spd 155.0 yaw  36.6 mode 0 st 0 gl 0 hp 100 frg 0
ARGLOG Romero t  43.3 pos '294.4 -945.9 -104.0' spd 338.2 yaw  72.1 mode 2 st 0 gl 0 hp 100 frg 0
ARGEVT Joe Rogan swim
ARGLOG Joe Rogan t  43.6 pos '211.8 -352.0 -403.6' spd  80.7 yaw  36.1 mode 2 st 0 gl 0 hp 47 frg 0
ARGEVT Romero pursue
ARGLOG Carmack t  43.8 pos '525.2 -168.7 -104.0' spd 322.9 yaw 217.2 mode 2 st 0 gl 2 hp 74 frg 4
ARGLOG labfoe t  43.8 pos '254.2 -344.0 -40.6' spd  89.1 yaw  32.3 mode 0 st 0 gl 0 hp 70 frg 0
ARGLOG Romero t  43.8 pos '371.9 -932.9 -104.0' spd 323.4 yaw 80 mode 2 st 0 gl 0 hp 100 frg 0
ARGEVT Joe Rogan pursue
ARGLOG Joe Rogan t  44.1 pos '191.1 -304.0 -403.8' spd  53.9 yaw 31 mode 2 st 0 gl 0 hp 19 frg 0
ARGEVT Joe Rogan death labfoe pos '191.3 -304.0 -403.8'
ARGUS Joe Rogan skilldrift   1.3
ARGLOG Carmack t  44.3 pos '451.6 -93.7 -104.0' spd 322.7 yaw 232.5 mode 2 st 0 gl 2 hp 74 frg 4
ARGLOG labfoe t  44.3 pos '274.8 -329.6 -254.9' spd 212.3 yaw 161.7 mode 0 st 0 gl 0 hp 10 frg 1
ARGLOG Romero t  44.3 pos '409.4 -776.8 -104.0' spd 320.1 yaw  61.2 mode 0 st 0 gl 0 hp 100 frg 0
ARGEVT Romero hazard
ARGUS Romero wallslide
ARGEVT Carmack weapon sg
ARGEVT labfoe death world pos '237.3 -366.3 -440.0'
ARGEVT Romero route 8 start '401.0 -791.0 -104.0' goal '817.0 -855.0 -232.0'
ARGEVT Romero pursue
ARGLOG Carmack t  44.8 pos '519.1 -160.7 -104.0' spd 377.5 yaw 229.4 mode 2 st 0 gl 2 hp 74 frg 4
ARGLOG Romero t  44.8 pos '463.8 -841.0 -104.0' spd 235.4 yaw  40.8 mode 2 st 0 gl 0 hp 100 frg 0
ARGEVT Carmack weapon lg
ARGEVT Carmack hazard
ARGLOG Carmack t  45.3 pos '453.6 -348.3 -104.0' spd 320.5 yaw 166 mode 2 st 0 gl 2 hp 74 frg 4
ARGLOG Romero t  45.4 pos '427.9 -762.4 -104.0' spd 328.7 yaw 132 mode 2 st 0 gl 0 hp 100 frg 0
ARGEVT Romero pursue
ARGEVT Carmack grab item_cells
ARGEVT Joe Rogan respawn
ARGEVT Joe Rogan goal backpack
ARGLOG Joe Rogan t  45.8 pos '-64.0 -232.0 -72.0' spd 0 yaw 344 mode 0 st 0 gl 0 hp 100 frg 0
ARGLOG Romero t  45.9 pos '333.9 -674.0 -104.0' spd 253.3 yaw  86.9 mode 2 st 0 gl 0 hp 100 frg 0
ARGLOG Carmack t  45.9 pos '321.7 -405.7 -104.0' spd 320.1 yaw 265.5 mode 2 st 0 gl 2 hp 69 frg 4
ARGEVT Joe Rogan route 11 start '-47.0 -247.0 -72.0' goal '369.0  73.0 -288.0'
ARGEVT Carmack grab weapon_grenadelauncher
ARGUS Joe Rogan wallslide
ARGEVT Romero hazard
ARGLOG Joe Rogan t  46.4 pos '101.1 -271.4 -72.0' spd 307.2 yaw 317 mode 2 st 0 gl 0 hp 100 frg 0
ARGLOG Romero t  46.5 pos '352.5 -597.4 -104.0' spd 153.6 yaw 125.4 mode 2 st 0 gl 0 hp 70 frg 0
ARGLOG Carmack t  46.5 pos '185.6 -402.5 -104.0' spd 333.2 yaw 305.4 mode 2 st 0 gl 2 hp 69 frg 4
ARGEVT Joe Rogan engage Romero
ARGEVT Joe Rogan grab weapon_grenadelauncher
ARGEVT Carmack hazard
ARGUS Joe Rogan bodyblock
ARGEVT Romero pursue
ARGEVT Carmack pursue
ARGLOG Joe Rogan t  47.0 pos '154.8 -379.7  -8.0' spd 112.5 yaw 326.3 mode 2 st 0 gl 0 hp 100 frg 0
ARGUS Carmack bodyblock
ARGLOG Romero t  47.0 pos '323.9 -483.7 -104.0' spd 370.7 yaw 148.2 mode 2 st 0 gl 0 hp 70 frg 0
ARGLOG Carmack t  47.0 pos '159.7 -406.1 -104.0' spd 343.1 yaw 352.8 mode 2 st 0 gl 2 hp 69 frg 4
ARGEVT Joe Rogan hazard
ARGEVT Romero grab item_health
ARGLOG Joe Rogan t  47.5 pos '158.8 -291.7 -56.0' spd 320.2 yaw 334.6 mode 2 st 0 gl 0 hp 100 frg 0
ARGEVT Romero retreat
ARGLOG Romero t  47.6 pos '458.6 -431.2 -104.0' spd 394.0 yaw 186.7 mode 2 st 0 gl 0 hp 16 frg 0
ARGUS Romero wallslide
ARGLOG Carmack t  47.6 pos '261.9 -478.5 -104.0' spd 323.0 yaw   0.8 mode 2 st 0 gl 2 hp 50 frg 4
ARGEVT Romero death Carmack pos '540.4 -427.3 -104.0'
ARGUS Carmack watch spawn
ARGEVT Joe Rogan engage Carmack
ARGEVT Carmack engage Joe Rogan
ARGEVT Carmack grab item_cells
ARGLOG Joe Rogan t  48.1 pos '145.2 -254.5 -72.0' spd 323.3 yaw 299.3 mode 2 st 0 gl 0 hp 100 frg 0
ARGEVT Carmack goal weapon_rocketlauncher
ARGLOG Carmack t  48.1 pos '326.5 -539.7 -104.0' spd 327.6 yaw 129.8 mode 0 st 0 gl 2 hp 50 frg 5
ARGEVT Carmack route 9 start '273.0 -503.0 -104.0' goal ' 81.0  73.0 -296.0'
ARGLOG Joe Rogan t  48.6 pos '259.1 -225.7 -90.6' spd 124.7 yaw 288.6 mode 0 st 0 gl 0 hp 100 frg 0
ARGLOG Carmack t  48.7 pos '338.5 -599.8 -104.0' spd 184.9 yaw 103.9 mode 2 st 0 gl 2 hp 50 frg 5
ARGEVT Joe Rogan route 11 start '145.0 -247.0 -72.0' goal '369.0  73.0 -288.0'
ARGEVT Carmack weapon gl
ARGLOG Joe Rogan t  49.2 pos '183.8 -48.0 -319.4' spd 155.1 yaw 289.5 mode 2 st 0 gl 0 hp 40 frg 0
ARGLOG Carmack t  49.3 pos '330.0 -603.6 -104.0' spd 188.9 yaw 115.7 mode 2 st 0 gl 2 hp 50 frg 5
ARGEVT Joe Rogan retreat
ARGEVT Joe Rogan swim
ARGEVT Joe Rogan pursue
ARGEVT Romero respawn
ARGEVT Carmack pursue
ARGEVT Romero goal item_armorInv
ARGLOG Romero t  49.4 pos '112.0 -1136.0 -104.0' spd 0 yaw  24.5 mode 0 st 0 gl 0 hp 100 frg 0
ARGEVT Romero route 10 start '113.0 -1079.0 -104.0' goal '817.0 -855.0 -232.0'
ARGEVT Joe Rogan death world pos '133.7 -60.2 -404.0'
ARGLOG Carmack t  49.8 pos '316.9 -464.8 -104.0' spd 320.0 yaw 106 mode 2 st 0 gl 2 hp 50 frg 5
ARGLOG Romero t  50.0 pos '195.3 -993.8 -104.0' spd 330.9 yaw 66 mode 2 st 0 gl 0 hp 100 frg 0
ARGEVT Carmack hazard
ARGLOG Carmack t  50.4 pos '343.5 -390.5 -104.0' spd 320.0 yaw 23 mode 2 st 0 gl 2 hp 50 frg 5
ARGLOG Romero t  50.6 pos '179.8 -815.4 -104.0' spd 320.0 yaw 57 mode 2 st 0 gl 0 hp 100 frg 0
ARGEVT Romero hazard
ARGUS Romero wallslide
ARGLOG Carmack t  50.9 pos '522.0 -353.4 -104.0' spd 322.1 yaw   7.8 mode 2 st 0 gl 2 hp 50 frg 5
ARGEVT Joe Rogan respawn
ARGLOG Romero t  51.1 pos '328.9 -728.9 -104.0' spd 366.4 yaw 67 mode 2 st 0 gl 0 hp 100 frg 0
ARGEVT Joe Rogan goal weapon_rocketlauncher
ARGLOG Joe Rogan t  51.2 pos '776.0 -808.0 -232.0' spd 0 yaw 110.2 mode 1 st 0 gl 0 hp 100 frg -1
ARGEVT Joe Rogan hazard
ARGLOG Carmack t  51.4 pos '678.5 -290.5 -104.0' spd 358.1 yaw 327.8 mode 2 st 0 gl 2 hp 50 frg 5
ARGEVT Carmack hazard
ARGUS Carmack wallslide
ARGUS Joe Rogan wallslide
ARGLOG Romero t  51.6 pos '359.5 -568.5 -104.0' spd 335.2 yaw 36 mode 2 st 0 gl 0 hp 100 frg 0
ARGLOG Joe Rogan t  51.7 pos '720.8 -785.0 -232.0' spd 330.9 yaw 269.8 mode 1 st 0 gl 0 hp 100 frg -1
ARGEVT Joe Rogan goal backpack
ARGEVT Joe Rogan route 4 start '753.0 -887.0 -232.0' goal '369.0 -247.0 -296.0'
ARGEVT Carmack engage Romero
ARGLOG Carmack t  52.0 pos '687.1 -437.3 -136.0' spd 322.5 yaw 237.0 mode 2 st 0 gl 2 hp 50 frg 5
ARGEVT Romero engage Carmack
ARGEVT Joe Rogan engage Romero
ARGUS Joe Rogan leadclip
ARGUS routecache adopt
ARGEVT Joe Rogan route 2 start '369.0   9.0 -296.0' goal '369.0 -247.0 -296.0'
ARGEVT Joe Rogan grab 
ARGLOG Romero t  52.2 pos '465.5 -412.6 -104.0' spd 369.2 yaw 354.4 mode 2 st 0 gl 0 hp 100 frg 0
ARGLOG Joe Rogan t  52.2 pos '368.0  -0.1 -279.7' spd 300 yaw 286.3 mode 2 st 0 gl 1 hp 100 frg -1
ARGEVT Carmack weapon ssg
ARGLOG Carmack t  52.6 pos '664.4 -291.6 -104.0' spd 320.0 yaw 171.4 mode 2 st 0 gl 2 hp 50 frg 5
ARGUS Carmack wallslide
ARGEVT Joe Rogan pursue
ARGLOG Romero t  52.7 pos '510.5 -237.4 -104.0' spd 349.7 yaw 350.5 mode 2 st 0 gl 0 hp 72 frg 0
ARGLOG Joe Rogan t  52.8 pos '368.0 -37.3 -296.0' spd 300 yaw 285 mode 2 st 0 gl 1 hp 100 frg -1
ARGEVT Carmack weapon gl
ARGUS Joe Rogan hunch item_artifact_super_damage
ARGEVT Carmack grab item_health
ARGLOG Carmack t  53.1 pos '572.9 -351.8 -104.0' spd 351.8 yaw  70.4 mode 2 st 0 gl 2 hp 50 frg 5
ARGEVT Joe Rogan goal backpack
ARGEVT Joe Rogan pursue
ARGEVT Joe Rogan route 2 start '337.0 -119.0 -296.0' goal '369.0 -247.0 -296.0'
ARGEVT Joe Rogan hazard
ARGLOG Romero t  53.2 pos '619.5 -116.6 -104.0' spd 365.5 yaw 265.4 mode 2 st 0 gl 0 hp 72 frg 0
ARGUS Romero wallslide
ARGLOG Joe Rogan t  53.4 pos '398.5 -50.9 -296.0' spd 357.7 yaw  23.6 mode 2 st 0 gl 1 hp 100 frg -1
ARGEVT Carmack hazard
ARGEVT Joe Rogan pursue
ARGLOG Carmack t  53.7 pos '549.5 -419.7 -104.0' spd 178.7 yaw  53.6 mode 2 st 0 gl 2 hp 50 frg 5
ARGEVT Romero death Carmack pos '624.0 -222.3 -104.0'
ARGUS Joe Rogan wallslide
ARGEVT Carmack goal weapon_rocketlauncher
ARGLOG Joe Rogan t  53.9 pos '399.0 -11.1 -296.0' spd 324.1 yaw 286 mode 2 st 0 gl 1 hp 100 frg -1
ARGEVT Carmack route 8 start '529.0 -407.0 -104.0' goal ' 81.0  73.0 -296.0'
ARGLOG Carmack t  54.2 pos '533.5 -254.9 -104.0' spd 330.2 yaw 56 mode 2 st 0 gl 2 hp 50 frg 6
ARGLOG Joe Rogan t  54.5 pos '402.5 -193.0 -296.0' spd 338.9 yaw 297 mode 2 st 0 gl 1 hp 100 frg -1
ARGEVT Joe Rogan hazard
ARGLOG labfoe t  54.6 pos '784.0 -176.0  24.0' spd 201.6 yaw 112.5 mode 0 st 0 gl 0 hp 100 frg 0
ARGUS Carmack wallslide
ARGLOG Carmack t  54.8 pos '612.3 -125.4 -104.0' spd  50.3 yaw 344 mode 2 st 0 gl 2 hp 50 frg 6
ARGLOG Joe Rogan t  55.0 pos '499.3 -256.6 -296.0' spd 324.9 yaw 15 mode 1 st 0 gl 1 hp 100 frg -1
ARGLOG labfoe t  55.2 pos '691.2 -158.4  24.0' spd  30.9 yaw 173.0 mode 0 st 0 gl 0 hp 100 frg 0
ARGEVT Romero respawn
ARGEVT Romero goal item_health
ARGLOG Romero t  55.3 pos '-64.0 512.0 -296.0' spd 0 yaw 290.2 mode 1 st 0 gl 0 hp 100 frg 0
ARGLOG Carmack t  55.4 pos '624.0 -165.5 -104.0' spd  18.7 yaw 249 mode 2 st 0 gl 2 hp 50 frg 6
ARGUS Joe Rogan bodyblock
ARGLOG Joe Rogan t  55.5 pos '650.0 -181.7 -296.0' spd 340.8 yaw 141.2 mode 1 st 0 gl 1 hp 100 frg -1
ARGEVT Romero hazard
ARGLOG labfoe t  55.7 pos '688.9 -158.4  24.0' spd 0 yaw -149.1 mode 0 st 0 gl 0 hp 100 frg 0
ARGUS Joe Rogan wallslide
ARGLOG Romero t  55.8 pos ' 13.7 475.5 -296.0' spd 318.0 yaw  90.2 mode 1 st 0 gl 0 hp 100 frg 0
ARGUS Carmack bodyblock
ARGLOG Carmack t  55.9 pos '624.6 -196.5 -104.0' spd 0 yaw 246 mode 2 st 0 gl 2 hp 50 frg 6
ARGEVT Romero goal weapon_lightning
ARGLOG Joe Rogan t  56.1 pos '624.5 -259.3 -296.0' spd 389.6 yaw  10.5 mode 1 st 0 gl 1 hp 100 frg -1
ARGUS Romero wallslide
ARGEVT Romero route 16 start '-47.0 585.0 -296.0' goal '529.0 -311.0 -104.0'
ARGEVT Joe Rogan hazard
ARGLOG labfoe t  56.3 pos '688.9 -158.4  24.0' spd 0 yaw -149.1 mode 0 st 0 gl 0 hp 100 frg 0
ARGLOG Romero t  56.4 pos '-53.1 623.2 -296.0' spd 360.6 yaw 263 mode 2 st 0 gl 1 hp 200 frg 0
ARGLOG Carmack t  56.5 pos '609.8 -190.7 -104.0' spd 324.5 yaw 325.4 mode 2 st 0 gl 2 hp 50 frg 6
ARGUS Carmack wallslide
ARGLOG Joe Rogan t  56.7 pos '551.2 -226.2 -296.0' spd 326.6 yaw 192 mode 1 st 0 gl 1 hp 100 frg -1
ARGLOG labfoe t  56.9 pos '688.9 -158.4  24.0' spd 0 yaw -135 mode 0 st 0 gl 0 hp 100 frg 0
ARGEVT Romero route 16 start '-79.0 553.0 -296.0' goal '529.0 -311.0 -104.0'
ARGLOG Romero t  56.9 pos '-125.7 483.2 -296.0' spd 357.9 yaw 273 mode 2 st 0 gl 1 hp 200 frg 0
ARGEVT Romero hazard
ARGLOG Carmack t  57.0 pos '621.9 -161.8 -104.0' spd 219.7 yaw 250 mode 2 st 0 gl 2 hp 50 frg 6
ARGLOG Joe Rogan t  57.2 pos '475.7 -211.5 -296.0' spd 331.8 yaw  13.4 mode 1 st 0 gl 1 hp 100 frg -1
ARGEVT Joe Rogan hazard
ARGLOG labfoe t  57.4 pos '688.9 -158.4  24.0' spd 0 yaw -135 mode 0 st 0 gl 0 hp 100 frg 0
ARGLOG Romero t  57.5 pos '-48.4 315.4 -296.0' spd 343.9 yaw 271 mode 2 st 0 gl 1 hp 200 frg 0
ARGLOG Carmack t  57.6 pos '643.3 -293.8 -104.0' spd 387.6 yaw 359.6 mode 2 st 0 gl 2 hp 50 frg 6
ARGEVT Carmack hazard
ARGLOG Joe Rogan t  57.8 pos '642.5 -174.0 -296.0' spd 343.4 yaw  72.3 mode 1 st 0 gl 1 hp 100 frg -1
ARGUS Joe Rogan bodyblock
ARGLOG labfoe t  57.9 pos '688.9 -158.4  24.0' spd 0 yaw -135 mode 0 st 0 gl 0 hp 100 frg 0
ARGLOG Romero t  58.0 pos '-100.2 160.2 -296.0' spd 335.4 yaw 287 mode 2 st 0 gl 1 hp 200 frg 0
ARGLOG Carmack t  58.1 pos '687.7 -296.2 -104.0' spd 320.0 yaw 215 mode 2 st 0 gl 2 hp 50 frg 6
ARGUS Carmack wallslide
ARGLOG Joe Rogan t  58.3 pos '587.9 -251.9 -296.0' spd 379.5 yaw 318.6 mode 1 st 0 gl 1 hp 100 frg -1
ARGEVT Joe Rogan hazard
ARGLOG labfoe t  58.5 pos '688.9 -158.4  24.0' spd 0 yaw -108.3 mode 0 st 0 gl 0 hp 100 frg 0
ARGLOG Romero t  58.5 pos '-67.0 -16.3 -296.0' spd 320.0 yaw 290 mode 2 st 0 gl 1 hp 200 frg 0
ARGUS Joe Rogan wallslide
ARGLOG Carmack t  58.7 pos '657.7 -272.0 -104.0' spd  94.2 yaw  98.8 mode 2 st 0 gl 2 hp 50 frg 6
ARGLOG Joe Rogan t  58.8 pos '645.2 -157.9 -296.0' spd 373.5 yaw 249.2 mode 1 st 0 gl 1 hp 100 frg -1
ARGEVT Carmack hazard
ARGUS Romero wallslide
ARGLOG labfoe t  59.0 pos '688.9 -158.4  24.0' spd 0 yaw -111.1 mode 0 st 0 gl 0 hp 100 frg 0
ARGLOG Romero t  59.1 pos '-22.1 -187.0 -296.0' spd 294.3 yaw 351 mode 2 st 0 gl 1 hp 200 frg 0
ARGEVT Romero engage Joe Rogan
ARGLOG Carmack t  59.2 pos '658.7 -272.0 -104.0' spd 126.1 yaw 75 mode 2 st 0 gl 2 hp 50 frg 6
ARGUS Carmack wallslide
ARGUS Carmack bodyblock
ARGLOG Joe Rogan t  59.4 pos '653.7 -253.9 -296.0' spd 350.9 yaw  28.5 mode 1 st 0 gl 1 hp 100 frg -1
ARGEVT Joe Rogan hazard
ARGLOG labfoe t  59.6 pos '683.1 -169.3  24.0' spd 312.8 yaw -118.1 mode 0 st 0 gl 0 hp 100 frg 0
ARGLOG Romero t  59.7 pos '132.5 -243.6 -296.0' spd 322.4 yaw   2.9 mode 2 st 0 gl 1 hp 200 frg 0
ARGEVT Carmack engage Romero
ARGLOG Carmack t  59.8 pos '519.8 -284.7 -104.0' spd 395.1 yaw 141.8 mode 2 st 0 gl 2 hp 50 frg 6
ARGUS Joe Rogan wallslide
ARGLOG Joe Rogan t  60.0 pos '593.4 -88.5 -296.0' spd 351.2 yaw 159.6 mode 1 st 0 gl 1 hp 100 frg -1
ARGEVT Romero pursue
ARGUS Romero hunch item_artifact_super_damage
ARGEVT Romero pursue
ARGLOG labfoe t  60.2 pos '567.3 -221.5  24.0' spd 317.9 yaw -136.4 mode 0 st 0 gl 0 hp 100 frg 0
ARGLOG Romero t  60.2 pos '201.7 -265.5 -296.0' spd 320.2 yaw 271.2 mode 2 st 0 gl 1 hp 200 frg 0
ARGEVT Romero hazard
ARGEVT Romero goal backpack
ARGEVT Romero route 4 start '145.0 -247.0 -296.0' goal '369.0  73.0 -288.0'
ARGEVT Romero pursue
ARGLOG Carmack t  60.3 pos '398.5 -407.5 -104.0' spd 320.0 yaw 172.9 mode 2 st 0 gl 2 hp 48 frg 6
ARGLOG Joe Rogan t  60.5 pos '597.1 -78.8 -296.0' spd 320.0 yaw 274 mode 1 st 0 gl 1 hp 100 frg -1
ARGEVT Joe Rogan stall
ARGEVT Joe Rogan jump
ARGEVT Romero pursue
ARGLOG labfoe t  60.7 pos '432.5 -334.7 -86.7' spd 316.0 yaw -123.8 mode 0 st 0 gl 0 hp 100 frg 0
ARGLOG Romero t  60.8 pos '241.9 -226.4 -296.0' spd 366.7 yaw 5 mode 2 st 0 gl 1 hp 200 frg 0
ARGEVT Carmack pursue
ARGEVT Joe Rogan engage Romero
ARGLOG Carmack t  60.9 pos '267.5 -494.2 -104.0' spd 332.9 yaw 115 mode 2 st 0 gl 2 hp 32 frg 6
ARGEVT Joe Rogan route 2 start '593.0 -215.0 -296.0' goal '369.0 -247.0 -296.0'
ARGUS Joe Rogan leadclip
ARGUS Carmack wallslide
ARGLOG Joe Rogan t  61.1 pos '627.5 -249.4 -261.5' spd 197.6 yaw 189.4 mode 2 st 1 gl 1 hp 96 frg -1
ARGEVT Carmack hazard
ARGLOG labfoe t  61.3 pos '370.9 -400.5 -104.0' spd   1.6 yaw -174.4 mode 0 st 0 gl 0 hp 100 frg 0
ARGLOG Romero t  61.3 pos '366.5 -203.1 -296.0' spd 326.4 yaw 358.3 mode 2 st 0 gl 1 hp 199 frg 0
ARGEVT Romero hazard
ARGLOG Carmack t  61.5 pos '261.7 -430.6 -104.0' spd 324.4 yaw  81.1 mode 2 st 0 gl 2 hp 32 frg 6
ARGLOG Joe Rogan t  61.6 pos '652.7 -143.0 -296.0' spd 509.5 yaw 169.1 mode 2 st 1 gl 1 hp 88 frg -1
ARGEVT Joe Rogan hazard
ARGEVT Carmack grab item_cells
ARGEVT Romero pursue
ARGEVT Joe Rogan pursue
ARGLOG labfoe t  61.8 pos '370.8 -400.6 -104.0' spd 0 yaw -92.8 mode 0 st 0 gl 0 hp 100 frg 0
ARGUS Joe Rogan hunch 
ARGLOG Romero t  61.9 pos '385.6 -132.8 -296.0' spd 329.7 yaw   0.8 mode 2 st 0 gl 1 hp 199 frg 0
ARGEVT Joe Rogan pursue
ARGLOG Carmack t  62.0 pos '373.0 -528.0 -104.0' spd  14.1 yaw  80.5 mode 2 st 0 gl 2 hp 32 frg 6
ARGUS Joe Rogan wallslide
ARGEVT Joe Rogan goal weapon_lightning
ARGEVT Joe Rogan route 3 start '625.0 -119.0 -296.0' goal '529.0 -311.0 -104.0'
ARGLOG Joe Rogan t  62.2 pos '655.3 -98.8 -296.0' spd 350.9 yaw 293.2 mode 2 st 1 gl 1 hp 88 frg -1
ARGEVT Carmack pursue
ARGLOG labfoe t  62.4 pos '370.8 -400.6 -104.0' spd 0 yaw -99.8 mode 0 st 0 gl 0 hp 100 frg 0
ARGLOG Romero t  62.4 pos '383.5  23.0 -288.0' spd 323.0 yaw 91 mode 1 st 0 gl 1 hp 198 frg 0
ARGUS Joe Rogan prefire
ARGEVT Romero pursue
ARGLOG Carmack t  62.6 pos '334.5 -512.8 -104.0' spd  43.9 yaw  90.4 mode 2 st 0 gl 2 hp 18 frg 6
ARGEVT Carmack weapon ssg
ARGEVT Romero hazard
ARGLOG Joe Rogan t  62.8 pos '584.2 -256.2 -296.0' spd 378.4 yaw 162 mode 2 st 1 gl 1 hp 88 frg -1
ARGEVT Romero goal item_armorInv
ARGEVT Carmack retreat
ARGEVT Romero route 9 start '369.0  73.0 -288.0' goal '817.0 -855.0 -232.0'
ARGLOG labfoe t  62.9 pos '374.7 -388.2 -104.0' spd 320.0 yaw -99.8 mode 0 st 0 gl 0 hp 72 frg 0
ARGLOG Romero t  63.0 pos '393.6 108.8 -288.0' spd 324.2 yaw 325.3 mode 2 st 0 gl 2 hp 197 frg 0
ARGUS Romero wallslide
ARGEVT Joe Rogan pursue
ARGEVT Carmack pursue
ARGLOG Carmack t  63.1 pos '333.1 -686.6 -104.0' spd 320.0 yaw 87 mode 0 st 0 gl 2 hp 2 frg 6
ARGEVT Joe Rogan hazard
ARGUS Romero leadclip
ARGLOG Joe Rogan t  63.3 pos '438.3 -232.9 -296.0' spd 133.5 yaw 121.6 mode 2 st 1 gl 1 hp 88 frg -1
ARGEVT Carmack death labfoe pos '336.5 -638.8 -104.0'
ARGUS Carmack skilldrift   1.6
ARGUS Joe Rogan leadclip
ARGUS Joe Rogan wallslide
ARGLOG labfoe t  63.5 pos '355.4 -496.0 -108.0' spd 0 yaw -98.4 mode 0 st 0 gl 0 hp 72 frg 1
ARGLOG Romero t  63.6 pos '377.2   2.6 -296.0' spd 324.2 yaw 294.7 mode 2 st 0 gl 2 hp 197 frg 0
ARGLOG Joe Rogan t  63.9 pos '407.5 -208.0 -296.0' spd 310.0 yaw 108.2 mode 2 st 1 gl 1 hp 73 frg -1
ARGEVT Joe Rogan rjump
ARGUS Joe Rogan aircontrol
ARGLOG labfoe t  64.1 pos '355.4 -496.0 -108.0' spd 0 yaw -105.5 mode 0 st 0 gl 0 hp 72 frg 1
ARGLOG Romero t  64.1 pos '385.9 -19.4 -296.0' spd 297.0 yaw 256.0 mode 2 st 0 gl 2 hp 196 frg 0
ARGEVT Joe Rogan death Romero pos '317.5 -298.0 -157.9'
ARGUS Romero watch spawn
ARGEVT Romero goal backpack
ARGEVT Romero route 5 start '369.0   9.0 -296.0' goal '305.0 -407.0 -104.0'
ARGEVT Romero engage labfoe
ARGLOG labfoe t  64.6 pos '355.4 -496.0 -108.0' spd 0 yaw -105.5 mode 0 st 0 gl 0 hp 72 frg 1
ARGLOG Romero t  64.7 pos '398.2  22.0 -288.0' spd 227.6 yaw 299.2 mode 2 st 0 gl 2 hp 196 frg 1
ARGEVT Romero hazard
ARGEVT Carmack respawn
ARGEVT Carmack goal weapon_lightning
ARGLOG Carmack t  64.9 pos '272.0 -952.0  24.0' spd 0 yaw  20.2 mode 0 st 0 gl 2 hp 100 frg 6
ARGEVT Carmack route 6 start '305.0 -983.0  24.0' goal '529.0 -311.0 -104.0'
ARGEVT Romero pursue
ARGLOG labfoe t  65.2 pos '355.4 -496.0 -108.0' spd 0 yaw -105.5 mode 0 st 0 gl 0 hp 72 frg 1
ARGLOG Romero t  65.2 pos '344.5  -4.5 -296.0' spd  48.1 yaw 272 mode 2 st 0 gl 2 hp 195 frg 1
ARGLOG Carmack t  65.4 pos '361.8 -826.8  24.0' spd 328.5 yaw 91 mode 2 st 0 gl 2 hp 100 frg 6
ARGLOG labfoe t  65.7 pos '355.4 -496.0 -108.0' spd 0 yaw -105.5 mode 0 st 0 gl 0 hp 72 frg 1
ARGLOG Romero t  65.8 pos '350.3 -175.7 -296.0' spd 320.0 yaw 271 mode 2 st 0 gl 2 hp 195 frg 1
ARGEVT Romero rjump
ARGUS Romero aircontrol
ARGEVT Joe Rogan respawn
ARGEVT Joe Rogan goal backpack
ARGLOG Joe Rogan t  66.0 pos '776.0 -808.0 -232.0' spd 0 yaw 110.2 mode 0 st 1 gl 1 hp 100 frg -1
ARGLOG Carmack t  66.0 pos '368.9 -752.0  24.0' spd   3.5 yaw 91 mode 2 st 0 gl 2 hp 100 frg 6
ARGEVT Joe Rogan route 5 start '753.0 -759.0 -232.0' goal '369.0 -247.0 -296.0'
ARGEVT Joe Rogan hazard
ARGEVT Romero weapon sg
ARGLOG labfoe t  66.3 pos '355.4 -496.0 -108.0' spd 0 yaw -105.5 mode 0 st 0 gl 0 hp 72 frg 1
ARGLOG Romero t  66.4 pos '341.1 -368.0 -105.1' spd 106.3 yaw 282.4 mode 2 st 0 gl 2 hp 145 frg 1
ARGUS Joe Rogan wallslide
ARGLOG Joe Rogan t  66.5 pos '724.2 -839.4 -232.0' spd 381.3 yaw 111 mode 2 st 1 gl 1 hp 100 frg -1
ARGLOG Carmack t  66.5 pos '365.3 -660.1  24.0' spd 320.0 yaw 93 mode 2 st 0 gl 2 hp 100 frg 6
ARGEVT Romero grab 
ARGUS routecache adopt
ARGEVT Joe Rogan route 4 start '753.0 -887.0 -232.0' goal '369.0 -247.0 -296.0'
ARGUS Carmack bodyblock
ARGLOG labfoe t  66.9 pos '355.2 -498.3 -104.0' spd 0 yaw  71.7 mode 0 st 0 gl 0 hp 68 frg 1
ARGLOG Romero t  66.9 pos '394.0 -400.3 -104.0' spd 326.5 yaw 257.6 mode 2 st 0 gl 2 hp 145 frg 1
ARGUS routecache adopt
ARGEVT Joe Rogan route 4 start '753.0 -887.0 -232.0' goal '369.0 -247.0 -296.0'
ARGLOG Joe Rogan t  67.0 pos '730.2 -844.9 -232.0' spd 320.6 yaw 112 mode 2 st 1 gl 1 hp 100 frg -1
ARGLOG Carmack t  67.0 pos '396.0 -486.4  24.0' spd 344.2 yaw 103 mode 2 st 0 gl 2 hp 100 frg 6
ARGUS Romero bodyblock
ARGUS Romero wallslide
ARGUS routecache adopt
ARGEVT Joe Rogan route 5 start '753.0 -759.0 -232.0' goal '369.0 -247.0 -296.0'
ARGEVT Carmack engage Romero
ARGLOG labfoe t  67.4 pos '355.2 -498.3 -104.0' spd 0 yaw 118.1 mode 0 st 0 gl 0 hp 68 frg 1
ARGLOG Romero t  67.5 pos '290.1 -452.8 -104.0' spd 322.9 yaw 300.7 mode 2 st 0 gl 2 hp 120 frg 1
ARGLOG Joe Rogan t  67.6 pos '799.3 -682.6 -184.0' spd 396.4 yaw   3.6 mode 2 st 1 gl 1 hp 100 frg -1
ARGUS Joe Rogan wallslide
ARGLOG Carmack t  67.6 pos '465.4 -334.5 -62.5' spd 190.6 yaw 214.6 mode 1 st 0 gl 2 hp 100 frg 6
ARGEVT Joe Rogan hazard
ARGEVT Romero hazard
ARGEVT Carmack grab item_armor1
ARGLOG labfoe t  68.0 pos '375.7 -494.1 -104.0' spd 144.2 yaw -157.5 mode 0 st 0 gl 0 hp 44 frg 1
ARGEVT Romero route 1 start '337.0 -567.0 -104.0' goal '305.0 -407.0 -104.0'
ARGLOG Romero t  68.0 pos '334.3 -545.5 -104.0' spd 333.0 yaw  27.0 mode 2 st 0 gl 2 hp 80 frg 1
ARGLOG Joe Rogan t  68.2 pos '783.5 -526.6 -104.0' spd 378.8 yaw 183.8 mode 0 st 1 gl 1 hp 100 frg -1
ARGLOG Carmack t  68.2 pos '469.9 -198.1 -104.0' spd 330.1 yaw 254.1 mode 1 st 0 gl 2 hp 100 frg 6
ARGEVT Joe Rogan route 7 start '753.0 -503.0 -104.0' goal '369.0 -247.0 -296.0'
ARGEVT labfoe death Romero pos '401.4 -491.1 -104.0'
ARGUS Romero skilldrift   0.9
ARGEVT Romero engage Carmack
ARGEVT Romero weapon rl
ARGUS Romero leadclip
ARGLOG Romero t  68.6 pos '337.5 -656.7 -104.0' spd 169.3 yaw  67.5 mode 2 st 0 gl 2 hp 60 frg 2
ARGLOG Joe Rogan t  68.7 pos '759.4 -512.6 -104.0' spd 329.9 yaw 280 mode 2 st 1 gl 1 hp 100 frg -1
ARGEVT Romero goal item_armorInv
ARGLOG Carmack t  68.7 pos '549.1 -190.0 -104.0' spd 186.9 yaw 243.9 mode 1 st 0 gl 2 hp 100 frg 6
ARGEVT Romero grab 
ARGEVT Romero route 7 start '337.0 -663.0 -104.0' goal '817.0 -855.0 -232.0'
ARGLOG Romero t  69.1 pos '354.2 -536.8 -104.0' spd 299.2 yaw  56.9 mode 2 st 0 gl 2 hp 36 frg 2
ARGLOG Joe Rogan t  69.2 pos '769.1 -675.9 -184.0' spd 369.4 yaw 197.4 mode 2 st 1 gl 1 hp 100 frg -1
ARGLOG Carmack t  69.2 pos '541.1 -254.8 -104.0' spd 320.0 yaw 234.5 mode 1 st 0 gl 2 hp 100 frg 6
ARGUS Joe Rogan wallslide
ARGEVT Romero grab item_health
ARGEVT Carmack goal weapon_rocketlauncher
ARGEVT Carmack route 7 start '561.0 -311.0 -104.0' goal ' 81.0  73.0 -296.0'
ARGEVT Romero retreat
ARGLOG Romero t  69.7 pos '417.2 -456.1 -104.0' spd 420.1 yaw  79.0 mode 2 st 0 gl 2 hp 6 frg 2
ARGEVT Romero death Carmack pos '407.8 -473.6 -104.0'
ARGUS Carmack watch spawn
ARGLOG Joe Rogan t  69.8 pos '721.9 -846.9 -232.0' spd 314.8 yaw 216.2 mode 2 st 1 gl 1 hp 100 frg -1
ARGLOG Carmack t  69.8 pos '526.4 -198.2 -104.0' spd  98.0 yaw 287.6 mode 2 st 0 gl 3 hp 65 frg 7
ARGEVT Joe Rogan hazard
ARGEVT Carmack goal weapon_rocketlauncher
ARGEVT Carmack route 8 start '561.0 -183.0 -104.0' goal ' 81.0  73.0 -296.0'
ARGEVT Joe Rogan route 4 start '753.0 -887.0 -232.0' goal '369.0 -247.0 -296.0'
ARGLOG Joe Rogan t  70.3 pos '720.6 -822.9 -232.0' spd 323.6 yaw 107 mode 2 st 1 gl 1 hp 100 frg -1
ARGUS Joe Rogan wallslide
ARGLOG Carmack t  70.3 pos '479.8 -363.7 -104.0' spd 331.8 yaw 208 mode 2 st 0 gl 3 hp 65 frg 7
ARGEVT Carmack hazard
ARGLOG Joe Rogan t  70.9 pos '729.2 -740.9 -216.0' spd 322.9 yaw 113 mode 2 st 1 gl 1 hp 100 frg -1
ARGLOG Carmack t  70.9 pos '303.5 -399.3 -104.0' spd 311.3 yaw 18 mode 2 st 0 gl 3 hp 65 frg 7
ARGEVT Carmack jump
ARGEVT Joe Rogan hazard
ARGEVT Romero respawn
ARGEVT Romero goal item_armorInv
ARGEVT Romero engage Carmack
ARGLOG Romero t  71.3 pos '-64.0 -232.0 -72.0' spd 0 yaw 354.2 mode 0 st 0 gl 2 hp 100 frg 2
ARGEVT Carmack route 9 start '273.0 -407.0 -104.0' goal ' 81.0  73.0 -296.0'
ARGUS Joe Rogan wallslide
ARGUS Romero wallslide
ARGLOG Joe Rogan t  71.5 pos '721.0 -777.3 -232.0' spd 324.8 yaw 109 mode 2 st 1 gl 1 hp 100 frg -1
ARGEVT Carmack engage Romero
ARGLOG Carmack t  71.5 pos '273.4 -307.7 -80.9' spd 237.4 yaw 296.7 mode 2 st 0 gl 3 hp 65 frg 7
ARGEVT Romero route 10 start '-47.0 -247.0 -72.0' goal '817.0 -855.0 -232.0'
ARGLOG Romero t  71.8 pos '-47.0 -230.5 -72.0' spd 184.2 yaw 347.8 mode 2 st 0 gl 2 hp 100 frg 2
ARGLOG Joe Rogan t  72.0 pos '729.7 -791.3 -232.0' spd 164.8 yaw 148.0 mode 2 st 1 gl 1 hp 100 frg -1
ARGLOG Carmack t  72.0 pos '391.2 -246.4 -291.1' spd 237.4 yaw 172.3 mode 2 st 0 gl 3 hp 65 frg 7
ARGEVT Romero pursue
ARGEVT Carmack pursue
ARGLOG Romero t  72.4 pos ' 73.8 -216.2 -72.0' spd 322.4 yaw 344 mode 2 st 0 gl 2 hp 100 frg 2
ARGEVT Joe Rogan hazard
ARGUS Joe Rogan wallslide
ARGEVT Carmack hazard
ARGLOG Joe Rogan t  72.6 pos '732.4 -722.6 -216.0' spd  90.5 yaw 114 mode 2 st 1 gl 1 hp 100 frg -1
ARGUS Carmack hunch item_artifact_super_damage
ARGLOG Carmack t  72.6 pos '274.8 -231.1 -296.0' spd 320.5 yaw  18.5 mode 2 st 0 gl 3 hp 65 frg 7
ARGEVT Carmack goal weapon_rocketlauncher
ARGEVT Carmack route 5 start '337.0 -247.0 -296.0' goal ' 81.0  73.0 -296.0'
ARGEVT Romero hazard
ARGLOG Romero t  72.9 pos '200.0 -236.1 -72.0' spd 290.0 yaw 350.5 mode 0 st 0 gl 2 hp 100 frg 2
ARGLOG Joe Rogan t  73.1 pos '736.1 -850.6 -232.0' spd 325.5 yaw 270.5 mode 2 st 1 gl 1 hp 100 frg -1
ARGLOG Carmack t  73.1 pos '366.7 -279.3 -296.0' spd 323.8 yaw 145.8 mode 0 st 0 gl 3 hp 51 frg 7
ARGEVT Romero route 10 start '145.0 -247.0 -72.0' goal '817.0 -855.0 -232.0'
ARGEVT Joe Rogan route 4 start '753.0 -887.0 -232.0' goal '369.0 -247.0 -296.0'
ARGEVT Joe Rogan engage Carmack
ARGUS routecache adopt
ARGEVT Joe Rogan route 2 start '369.0   9.0 -296.0' goal '369.0 -247.0 -296.0'
ARGLOG Romero t  73.4 pos '112.0 -169.3 -96.9' spd   2.7 yaw 336.6 mode 2 st 0 gl 2 hp 70 frg 2
ARGEVT Carmack route 7 start '465.0 -247.0 -296.0' goal ' 81.0  73.0 -296.0'
ARGLOG Joe Rogan t  73.6 pos '368.0 -36.4 -296.0' spd 300 yaw 285.1 mode 2 st 1 gl 1 hp 100 frg -1
ARGLOG Carmack t  73.6 pos '456.9 -248.7 -296.0' spd 301.6 yaw 163.1 mode 2 st 0 gl 3 hp 51 frg 7
ARGLOG Romero t  74.0 pos '112.0 -172.3 -371.6' spd  29.7 yaw 346.8 mode 2 st 0 gl 2 hp 40 frg 2
ARGEVT Joe Rogan hazard
ARGEVT Romero death world pos '112.0 -170.1 -416.6'
ARGEVT Carmack hazard
ARGLOG Joe Rogan t  74.2 pos '375.8 -66.2 -296.0' spd 286.0 yaw 307.5 mode 2 st 1 gl 1 hp 100 frg -1
ARGLOG Carmack t  74.2 pos '513.4 -217.5 -296.0' spd 371.3 yaw 184 mode 2 st 0 gl 3 hp 27 frg 7
ARGEVT Joe Rogan pursue
ARGEVT Carmack engage Joe Rogan
ARGEVT Carmack retreat
ARGLOG Joe Rogan t  74.8 pos '391.5 -126.4 -296.0' spd  64.7 yaw 321.7 mode 2 st 1 gl 1 hp 100 frg -1
ARGLOG Carmack t  74.8 pos '529.5 -242.5 -296.0' spd 328.8 yaw 136.8 mode 2 st 0 gl 3 hp 13 frg 7
ARGEVT Carmack hazard
ARGUS Carmack wallslide
ARGEVT Carmack death Joe Rogan pos '649.3 -231.6 -296.0'
ARGUS Joe Rogan watch spawn
ARGLOG Joe Rogan t  75.3 pos '358.7 -243.4 -296.0' spd 177.9 yaw  64.2 mode 1 st 1 gl 1 hp 100 frg 0
ARGEVT Joe Rogan goal backpack
ARGEVT Joe Rogan hazard
ARGEVT Joe Rogan route 8 start '369.0 -215.0 -296.0' goal '369.0 -471.0 -104.0'
ARGEVT Romero respawn
ARGEVT Romero goal weapon_rocketlauncher
ARGLOG Romero t  75.7 pos '776.0 -808.0 -232.0' spd 0 yaw 109.2 mode 1 st 0 gl 2 hp 100 frg 1
ARGLOG Joe Rogan t  75.9 pos '401.5 -150.0 -296.0' spd 291.7 yaw 7 mode 2 st 1 gl 1 hp 100 frg 0
ARGEVT Romero hazard
ARGUS Romero wallslide
ARGLOG Romero t  76.2 pos '723.2 -768.1 -232.0' spd 301.2 yaw 248.4 mode 1 st 0 gl 2 hp 100 frg 1
ARGLOG Joe Rogan t  76.4 pos '535.1 -267.1 -296.0' spd 337.7 yaw 15 mode 2 st 1 gl 1 hp 100 frg 0
ARGLOG Romero t  76.8 pos '368.0  37.4 -264.1' spd 300 yaw 320 mode 1 st 0 gl 2 hp 100 frg 1
ARGEVT Carmack respawn
ARGEVT Carmack goal weapon_rocketlauncher
ARGLOG Carmack t  76.9 pos '-64.0 512.0 -296.0' spd 0 yaw 288 mode 0 st 0 gl 3 hp 100 frg 7
ARGEVT Carmack route 5 start '-79.0 553.0 -296.0' goal ' 81.0  73.0 -296.0'
ARGLOG Joe Rogan t  77.0 pos '655.7 -136.5 -296.0' spd 357.4 yaw 134.3 mode 2 st 1 gl 1 hp 100 frg 0
ARGEVT Joe Rogan hazard
ARGUS Joe Rogan wallslide
ARGLOG Romero t  77.4 pos '368.0 -37.3 -296.0' spd 300 yaw 330 mode 1 st 0 gl 2 hp 100 frg 1
ARGLOG Carmack t  77.4 pos '-69.8 339.9 -296.0' spd 320.7 yaw 253 mode 2 st 0 gl 3 hp 100 frg 7
ARGLOG Joe Rogan t  77.5 pos '596.6 -186.6 -296.0' spd 333.3 yaw 259 mode 2 st 1 gl 1 hp 100 frg 0
ARGLOG Romero t  77.9 pos '411.8 -173.6 -296.0' spd 321.1 yaw 285.7 mode 1 st 0 gl 2 hp 100 frg 1
ARGEVT Joe Rogan engage Romero
ARGEVT Romero engage Joe Rogan
ARGLOG Carmack t  78.0 pos '-56.4 162.8 -296.0' spd 320.0 yaw 332 mode 2 st 0 gl 3 hp 100 frg 7
ARGEVT Joe Rogan route 7 start '593.0 -215.0 -296.0' goal '369.0 -471.0 -104.0'
ARGEVT Romero hazard
ARGLOG Joe Rogan t  78.1 pos '649.1 -261.3 -296.0' spd  36.6 yaw 173.9 mode 2 st 1 gl 1 hp 100 frg 0
ARGUS Carmack wallslide
ARGLOG Romero t  78.5 pos '392.1 -186.0 -296.0' spd 320.1 yaw  16.9 mode 1 st 0 gl 2 hp 100 frg 1
ARGLOG Carmack t  78.5 pos ' 66.5  57.4 -296.0' spd 326.6 yaw 303.6 mode 1 st 0 gl 3 hp 100 frg 7
ARGEVT Carmack goal weapon_nailgun
ARGEVT Carmack hazard
ARGEVT Carmack route 7 start ' 81.0  73.0 -296.0' goal '369.0   9.0 -296.0'
ARGLOG Joe Rogan t  78.7 pos '610.5 -94.3 -296.0' spd 320.1 yaw 191.0 mode 2 st 1 gl 1 hp 100 frg 0
ARGEVT Romero pursue
ARGLOG Romero t  79.0 pos '375.4 -10.8 -296.0' spd 395.0 yaw 338.7 mode 1 st 0 gl 2 hp 100 frg 1
ARGEVT Joe Rogan pursue
ARGLOG Carmack t  79.1 pos ' 80.8  53.8 -296.0' spd 332.7 yaw 239 mode 2 st 0 gl 4 hp 100 frg 7
ARGUS Romero hunch 
ARGLOG Joe Rogan t  79.2 pos '602.3  86.2 -296.0' spd 325.9 yaw 110.2 mode 0 st 1 gl 1 hp 100 frg 0
ARGUS Joe Rogan wallslide
ARGEVT Romero pursue
ARGEVT Romero hazard
ARGEVT Romero goal backpack
ARGEVT Joe Rogan route 4 start '465.0 -855.0  24.0' goal '369.0 -471.0 -104.0'
ARGEVT Romero pursue
ARGUS Carmack wallslide
ARGLOG Romero t  79.6 pos '363.5 -68.1 -296.0' spd 343.9 yaw 275.2 mode 0 st 0 gl 2 hp 100 frg 1
ARGLOG Carmack t  79.7 pos '-64.2  22.2 -296.0' spd 284.4 yaw 279.0 mode 2 st 0 gl 4 hp 100 frg 7
