LOG started on: 08/18/2026 22:17:33 
Playing registered version.
UDP Initialized
WIPX_OpenSocket: Address family not supported by protocol family
WIPX_Init: Unable to open control socket, IPX disabled
Exe: 20:02:47 Jul 31 2024
256.0 megabyte heap

Language initialization
Couldn't load 'localization/loc_english.txt'
from 'C:\argus\engine'

========= Quake Initialized =========

execing autoexec.cfg
SpawnServer: dm2
Clearing memory
Programs occupy 540K.
trying to open external vis file
maps/dm2.vis not found, trying argus.vis
external vis not found
ARGUS slots 8
ARGUS worldspawn reached
ARGNAV 193 nodes, 857 links
0 entities inhibited
ARGUS init on dm2
ARGEVT Reap spawned
ARGEVT Omi spawned
ARGEVT Zeus spawned
Server spawned.
ARGLOG Zeus t   1.2 pos '2624.0 -488.0  32.0' spd 0 yaw 143.2 mode 0 st 0 gl 0 hp 100 frg 0
ARGLOG Omi t   1.2 pos '2544.0 -32.0 -64.0' spd 0 yaw 190.2 mode 0 st 0 gl 0 hp 100 frg 0
ARGLOG Reap t   1.2 pos '2560.0 -192.0  32.0' spd 0 yaw 162.0 mode 0 st 0 gl 0 hp 100 frg 0
ARGLOG Zeus t   1.7 pos '2538.8 -518.3  24.0' spd 148.8 yaw  39.3 mode 0 st 0 gl 0 hp 100 frg 0
ARGLOG Omi t   1.7 pos '2391.5 -61.6 -72.0' spd 320 yaw 190.2 mode 0 st 0 gl 0 hp 100 frg 0
ARGLOG Reap t   1.7 pos '2412.2 -144.0  24.0' spd 320 yaw 162.0 mode 0 st 0 gl 0 hp 100 frg 0
ARGEVT Zeus hazard
ARGLOG Zeus t   2.2 pos '2612.5 -473.3  32.0' spd 267.6 yaw 213.4 mode 0 st 0 gl 0 hp 100 frg 0
ARGLOG Omi t   2.2 pos '2227.8 -85.8 -136.0' spd 320.8 yaw 190.2 mode 0 st 0 gl 0 hp 100 frg 0
ARGLOG Reap t   2.2 pos '2244.2 -138.1  24.0' spd 324.0 yaw 162.0 mode 0 st 0 gl 0 hp 100 frg 0
ARGLOG Zeus t   2.7 pos '2532.1 -528.0  24.0' spd 243.8 yaw 350.5 mode 0 st 0 gl 0 hp 100 frg 0
ARGLOG Omi t   2.7 pos '2319.3 -59.6 -120.0' spd 320.0 yaw  12.6 mode 0 st 0 gl 0 hp 100 frg 0
ARGLOG Reap t   2.7 pos '2084.7 -94.2  24.0' spd 320.0 yaw 162.0 mode 0 st 0 gl 0 hp 100 frg 0
ARGLOG Zeus t   3.3 pos '2576.0 -528.0  24.0' spd 0 yaw 350.5 mode 0 st 0 gl 0 hp 100 frg 0
ARGLOG Omi t   3.3 pos '2481.0 -24.6 -72.0' spd 320.0 yaw  12.6 mode 0 st 0 gl 0 hp 100 frg 0
ARGLOG Reap t   3.3 pos '1931.8 -26.9  24.0' spd 362.2 yaw 104.9 mode 0 st 0 gl 0 hp 100 frg 0
ARGEVT Reap engage Zeus
ARGLOG Zeus t   3.8 pos '2576.0 -528.0  24.0' spd 0 yaw 350.5 mode 0 st 0 gl 0 hp 100 frg 0
ARGLOG Omi t   3.8 pos '2642.5   9.7 -72.0' spd 320.0 yaw  12.6 mode 0 st 0 gl 0 hp 100 frg 0
ARGLOG Reap t   3.8 pos '1993.6 -48.6  24.0' spd 320.8 yaw 329.7 mode 0 st 0 gl 0 hp 100 frg 0
ARGEVT Zeus stall
ARGEVT Zeus jump
ARGEVT Reap pursue
ARGEVT Omi hazard
ARGLOG Zeus t   4.3 pos '2556.0 -528.0  24.0' spd 175.6 yaw 180.3 mode 0 st 1 gl 0 hp 100 frg 0
ARGLOG Omi t   4.3 pos '2601.6  98.7 -72.0' spd 322.7 yaw 357.9 mode 0 st 0 gl 0 hp 100 frg 0
ARGLOG Reap t   4.3 pos '2125.0 -147.7  24.0' spd 320.1 yaw 320 mode 0 st 0 gl 0 hp 100 frg 0
ARGEVT Zeus engage Reap
SNDDBG enter Zeus wt -3
ARGLOG Zeus t   4.8 pos '2512.0 -427.2   8.0' spd 325.3 yaw 158.7 mode 0 st 1 gl 0 hp 100 frg 0
ARGLOG Omi t   4.8 pos '2593.4  69.4 -72.0' spd 321.7 yaw  40.3 mode 0 st 0 gl 0 hp 100 frg 0
ARGLOG Reap t   4.8 pos '2154.3 -296.8  24.0' spd 320.0 yaw 358.1 mode 0 st 0 gl 0 hp 100 frg 0
SNDDBG enter Reap wt -3
ARGLOG Zeus t   5.3 pos '2522.4 -352.0  24.0' spd 321.5 yaw 196.0 mode 0 st 1 gl 0 hp 82 frg 0
ARGLOG Omi t   5.3 pos '2586.9  28.5 -72.0' spd 320.0 yaw 259 mode 0 st 0 gl 0 hp 100 frg 0
ARGLOG Reap t   5.3 pos '2155.7 -464.4   8.0' spd 325.4 yaw 359.3 mode 0 st 0 gl 0 hp 96 frg 0
ARGLOG Zeus t   5.8 pos '2473.6 -339.2   8.0' spd 261.9 yaw 198.6 mode 0 st 1 gl 0 hp 82 frg 0
ARGLOG Omi t   5.8 pos '2601.0 -46.2 -72.0' spd  97.6 yaw 252 mode 0 st 0 gl 0 hp 100 frg 0
ARGLOG Reap t   5.8 pos '2152.5 -435.4   8.0' spd 321.6 yaw   3.8 mode 0 st 0 gl 0 hp 96 frg 0
ARGLOG Zeus t   6.4 pos '2449.8 -503.9   8.0' spd 330.3 yaw 150.6 mode 0 st 1 gl 0 hp 82 frg 0
ARGLOG Omi t   6.4 pos '2611.2 -68.5 -72.0' spd 177.5 yaw  45.9 mode 0 st 0 gl 0 hp 100 frg 0
ARGLOG Reap t   6.4 pos '2131.0 -318.5  24.0' spd 232.0 yaw 309.1 mode 0 st 0 gl 0 hp 80 frg 0
ARGLOG Zeus t   6.9 pos '2481.4 -420.2   8.0' spd 320.0 yaw 149.2 mode 0 st 1 gl 0 hp 64 frg 0
ARGLOG Omi t   6.9 pos '2647.4 -73.1 -72.0' spd 194.2 yaw 121.5 mode 0 st 0 gl 0 hp 100 frg 0
ARGLOG Reap t   6.9 pos '2221.3 -252.3  24.0' spd 320.0 yaw 344.5 mode 0 st 0 gl 0 hp 68 frg 0
SNDDBG outwater Zeus
ARGEVT Zeus pursue
ARGEVT Reap pursue
ARGLOG Zeus t   7.4 pos '2488.7 -305.2   8.0' spd 327.2 yaw 171 mode 0 st 1 gl 0 hp 55 frg 0
ARGLOG Omi t   7.4 pos '2616.1 -49.7 -72.0' spd 271.1 yaw 252 mode 0 st 0 gl 0 hp 100 frg 0
ARGLOG Reap t   7.4 pos '2346.4 -167.3  24.0' spd 390.5 yaw 299 mode 0 st 0 gl 0 hp 68 frg 0
ARGLOG Zeus t   7.9 pos '2375.6 -400.4   8.0' spd 369.1 yaw  95.1 mode 0 st 1 gl 0 hp 55 frg 0
ARGLOG Omi t   7.9 pos '2534.4 -47.9 -64.0' spd 170.6 yaw 249 mode 0 st 0 gl 0 hp 100 frg 0
ARGLOG Reap t   7.9 pos '2368.2 -216.8  24.0' spd  93.5 yaw 248.9 mode 0 st 0 gl 0 hp 68 frg 0
ARGEVT Reap weapon sg
ARGEVT Zeus pursue
ARGEVT Reap pursue
ARGLOG Zeus t   8.4 pos '2216.6 -358.8   8.0' spd 278.4 yaw 40 mode 0 st 1 gl 0 hp 55 frg 0
ARGLOG Omi t   8.4 pos '2489.6 -55.8 -72.0' spd 218.9 yaw  63.2 mode 0 st 0 gl 0 hp 100 frg 0
ARGLOG Reap t   8.4 pos '2352.3 -183.9  24.0' spd 269.7 yaw 263.5 mode 0 st 0 gl 0 hp 60 frg 0
ARGEVT Omi hazard
ARGLOG Zeus t   8.9 pos '2132.0 -289.9  24.0' spd 457.8 yaw  34.5 mode 0 st 1 gl 0 hp 31 frg 0
ARGEVT Zeus hazard
ARGLOG Omi t   8.9 pos '2458.4 -76.0 -72.0' spd 227.4 yaw  83.9 mode 0 st 0 gl 0 hp 100 frg 0
ARGLOG Reap t   8.9 pos '2291.9 -176.3  24.0' spd 149.0 yaw 216.0 mode 0 st 0 gl 0 hp 44 frg 0
ARGLOG Zeus t   9.4 pos '2138.0 -118.1  24.0' spd 329.6 yaw 344.7 mode 0 st 1 gl 0 hp 23 frg 0
ARGLOG Omi t   9.4 pos '2448.9 -58.4 -72.0' spd 185.9 yaw 197 mode 0 st 0 gl 0 hp 100 frg 0
ARGLOG Reap t   9.4 pos '2339.3 -160.5  24.0' spd 345.9 yaw 160.3 mode 0 st 0 gl 0 hp 20 frg 0
ARGEVT Reap death Zeus pos '2272.2 -227.4  24.0'
ARGLOG Zeus t  10.0 pos '2230.5  12.7  24.0' spd 285.7 yaw 284 mode 0 st 1 gl 0 hp 23 frg 1
ARGLOG Omi t  10.0 pos '2285.3 -80.0 -100.8' spd 329.3 yaw 135 mode 0 st 0 gl 0 hp 100 frg 0
ARGEVT Zeus hazard
ARGLOG Zeus t  10.5 pos '2320.0 -71.4  40.0' spd 217.2 yaw  90.5 mode 0 st 1 gl 0 hp 23 frg 1
ARGLOG Omi t  10.5 pos '2203.9  -2.9 -128.0' spd 154.6 yaw 287.7 mode 0 st 0 gl 0 hp 100 frg 0
ARGLOG Zeus t  11.0 pos '2335.5 -45.8  56.0' spd 152.0 yaw 255 mode 0 st 1 gl 0 hp 23 frg 1
ARGLOG Omi t  11.0 pos '2201.6   5.2 -122.6' spd  72.6 yaw 297.2 mode 0 st 0 gl 0 hp 100 frg 0
ARGEVT Reap respawn
ARGLOG Reap t  11.5 pos '2176.0 -2176.0  84.0' spd 0 yaw 104.5 mode 0 st 0 gl 0 hp 100 frg 0
ARGEVT Reap hazard
ARGLOG Zeus t  11.5 pos '2271.9 -122.3  24.0' spd 328.8 yaw 280 mode 0 st 1 gl 0 hp 23 frg 1
ARGLOG Omi t  11.5 pos '2234.2 -35.2 -136.0' spd 116.0 yaw 131 mode 0 st 0 gl 0 hp 100 frg 0
ARGEVT Omi hazard
ARGLOG Reap t  12.0 pos '2192.0 -2170.8  84.0' spd  57.0 yaw 118.2 mode 0 st 0 gl 0 hp 100 frg 0
ARGLOG Zeus t  12.0 pos '2264.6 -197.3  24.0' spd 320.8 yaw 110.6 mode 0 st 1 gl 0 hp 23 frg 1
ARGLOG Omi t  12.0 pos '2233.7 -51.2 -136.0' spd 321.2 yaw 320.2 mode 0 st 0 gl 0 hp 100 frg 0
ARGLOG Reap t  12.5 pos '2192.0 -2197.4  84.0' spd 169.7 yaw 325.1 mode 0 st 0 gl 0 hp 100 frg 0
ARGLOG Zeus t  12.5 pos '2203.8 -43.1  24.0' spd 320.0 yaw 110.6 mode 0 st 1 gl 0 hp 23 frg 1
ARGLOG Omi t  12.5 pos '2217.0 -130.5 -136.0' spd 162.2 yaw 343.0 mode 0 st 0 gl 0 hp 100 frg 0
ARGEVT Reap hazard
ARGLOG Reap t  13.0 pos '2192.0 -2244.9  84.0' spd  25.7 yaw 325.1 mode 0 st 0 gl 0 hp 100 frg 0
ARGLOG Zeus t  13.1 pos '2147.4 112.1  24.0' spd 320.0 yaw 110.6 mode 0 st 1 gl 0 hp 23 frg 1
ARGLOG Omi t  13.1 pos '2212.5 -86.2 -136.0' spd 320.6 yaw 135.6 mode 0 st 0 gl 0 hp 100 frg 0
ARGLOG Reap t  13.5 pos '2192.0 -2313.4  84.0' spd 273.0 yaw 325.1 mode 0 st 0 gl 0 hp 100 frg 0
ARGLOG Zeus t  13.6 pos '2096.5 173.3  24.0' spd 324.1 yaw 266.6 mode 0 st 1 gl 0 hp 23 frg 1
ARGLOG Omi t  13.6 pos '2203.2 -190.4 -120.9' spd 300.0 yaw  38.0 mode 0 st 0 gl 0 hp 100 frg 0
ARGEVT Omi hazard
ARGLOG Reap t  14.0 pos '2192.0 -2320.0  84.0' spd 0 yaw 299.0 mode 0 st 0 gl 0 hp 100 frg 0
ARGLOG Zeus t  14.1 pos '2096.0   8.5  24.0' spd 320.4 yaw 266.6 mode 0 st 1 gl 0 hp 23 frg 1
ARGLOG Omi t  14.1 pos '2259.1 -144.5 -136.0' spd 321.5 yaw 127.7 mode 0 st 0 gl 0 hp 100 frg 0
ARGLOG Reap t  14.6 pos '2192.0 -2320.0  84.0' spd 0 yaw 299.0 mode 0 st 0 gl 0 hp 100 frg 0
ARGLOG Zeus t  14.6 pos '2090.0 -156.8  24.0' spd 320.0 yaw 266.6 mode 0 st 1 gl 0 hp 23 frg 1
ARGLOG Omi t  14.6 pos '2189.6 -44.1 -108.4' spd 137.6 yaw 259.9 mode 0 st 0 gl 0 hp 100 frg 0
ARGEVT Reap stall
ARGEVT Reap jump
ARGLOG Reap t  15.1 pos '2195.3 -2320.2 118.4' spd  34.8 yaw  52.1 mode 0 st 1 gl 0 hp 100 frg 0
ARGLOG Zeus t  15.1 pos '2158.9 -197.2  24.0' spd 324.6 yaw  44.4 mode 0 st 1 gl 0 hp 23 frg 1
ARGLOG Omi t  15.1 pos '2213.4 -195.2 -136.0' spd 176.2 yaw  55.2 mode 0 st 0 gl 0 hp 100 frg 0
ARGEVT Omi hazard
ARGLOG Reap t  15.6 pos '2224.7 -2295.5  88.0' spd 307.8 yaw  52.1 mode 0 st 1 gl 0 hp 100 frg 0
ARGLOG Zeus t  15.6 pos '2284.5 -90.0  24.0' spd 320.0 yaw  44.4 mode 0 st 1 gl 0 hp 23 frg 1
ARGLOG Omi t  15.6 pos '2288.0 -150.8 -136.0' spd 289.8 yaw 283.6 mode 0 st 0 gl 0 hp 100 frg 0
ARGEVT Reap hazard
ARGLOG Reap t  16.1 pos '2217.3 -2180.0  88.0' spd 269.8 yaw   1.9 mode 0 st 1 gl 0 hp 100 frg 0
ARGLOG Zeus t  16.1 pos '2379.1   0.9  72.0' spd 100.3 yaw 222.8 mode 0 st 1 gl 0 hp 23 frg 1
ARGLOG Omi t  16.1 pos '2199.2 -183.5 -120.0' spd  96.4 yaw 337.2 mode 0 st 0 gl 0 hp 100 frg 0
ARGLOG Reap t  16.6 pos '2229.8 -2320.0  88.0' spd  42.3 yaw 137.1 mode 0 st 1 gl 0 hp 100 frg 0
ARGLOG Zeus t  16.7 pos '2261.0 -109.0  24.0' spd 320.0 yaw 222.8 mode 0 st 1 gl 0 hp 23 frg 1
ARGLOG Omi t  16.7 pos '2258.4 -117.7 -136.0' spd 326.8 yaw 114.6 mode 0 st 0 gl 0 hp 100 frg 0
ARGLOG Reap t  17.1 pos '2232.0 -2240.8  88.0' spd 342.3 yaw  61.7 mode 0 st 1 gl 0 hp 100 frg 0
ARGLOG Zeus t  17.2 pos '2140.0 -221.8  24.0' spd 320 yaw 222.8 mode 0 st 1 gl 0 hp 23 frg 1
ARGLOG Omi t  17.2 pos '2231.9 -16.5 -136.0' spd 244.7 yaw 300.9 mode 0 st 0 gl 0 hp 100 frg 0
ARGEVT Reap hazard
ARGEVT Omi hazard
ARGLOG Reap t  17.6 pos '2232.0 -2231.0  88.0' spd 322.9 yaw 280.2 mode 0 st 1 gl 0 hp 100 frg 0
ARGLOG Zeus t  17.7 pos '2237.5 -254.9  24.0' spd 112.8 yaw 151.9 mode 0 st 1 gl 0 hp 23 frg 1
ARGLOG Omi t  17.7 pos '2292.3 -48.6 -120.0' spd 322.2 yaw  75.5 mode 0 st 0 gl 0 hp 100 frg 0
ARGLOG Reap t  18.2 pos '2224.7 -2241.0  88.0' spd 320.4 yaw 101.4 mode 0 st 1 gl 0 hp 100 frg 0
ARGLOG Zeus t  18.2 pos '2112.6 -170.8  24.0' spd 320.1 yaw 151.9 mode 0 st 1 gl 0 hp 23 frg 1
ARGLOG Omi t  18.2 pos '2294.6 -77.7 -120.0' spd 320.0 yaw 262.1 mode 0 st 0 gl 0 hp 100 frg 0
ARGLOG Reap t  18.7 pos '2212.5 -2121.4  88.0' spd 320.7 yaw 101.4 mode 0 st 1 gl 0 hp 100 frg 0
ARGLOG Zeus t  18.7 pos '1968.6 -90.7  24.0' spd 320.0 yaw 151.9 mode 0 st 1 gl 0 hp 23 frg 1
ARGLOG Omi t  18.7 pos '2269.8 -200.9 -136.0' spd 320.0 yaw  77.7 mode 0 st 0 gl 0 hp 100 frg 0
ARGLOG Reap t  19.2 pos '2189.5 -1954.8  56.0' spd 352.5 yaw  54.5 mode 0 st 1 gl 0 hp 100 frg 0
ARGLOG Zeus t  19.2 pos '2006.9 -69.8  24.0' spd 320.5 yaw 347.8 mode 0 st 1 gl 0 hp 48 frg 1
ARGLOG Omi t  19.2 pos '2288.9 -73.9 -120.0' spd 324.6 yaw  77.7 mode 0 st 0 gl 0 hp 100 frg 0
ARGLOG Reap t  19.7 pos '2260.0 -1816.9  24.0' spd  93.9 yaw 247.3 mode 0 st 1 gl 0 hp 100 frg 0
ARGLOG Zeus t  19.8 pos '2169.0 -99.8  24.0' spd 320.0 yaw 347.8 mode 0 st 1 gl 0 hp 48 frg 1
ARGLOG Omi t  19.8 pos '2358.5 -52.4 -88.0' spd 323.9 yaw 300.5 mode 0 st 0 gl 0 hp 100 frg 0
ARGEVT Reap goal weapon_rocketlauncher
ARGEVT Reap route 1 start '2273.0 -1879.0  24.0' goal '2465.0 -1751.0  24.0'
ARGEVT Zeus goal item_health
ARGEVT Omi goal item_armorInv
ARGLOG Reap t  20.2 pos '2208.6 -1944.4  56.0' spd 353.9 yaw 296.6 mode 2 st 1 gl 0 hp 100 frg 0
ARGEVT Omi routefail
ARGLOG Zeus t  20.3 pos '2288.0 -134.5  24.0' spd  75.0 yaw 353 mode 1 st 1 gl 0 hp 48 frg 1
ARGLOG Omi t  20.3 pos '2478.0  16.0 -72.0' spd 233.6 yaw  13.1 mode 0 st 0 gl 0 hp 100 frg 0
ARGEVT Omi goal item_armor2
ARGEVT Reap hazard
ARGEVT Reap route 4 start '2145.0 -2071.0  88.0' goal '2465.0 -1751.0  24.0'
ARGLOG Reap t  20.7 pos '2224.0 -2016.0  88.0' spd 320.2 yaw 115 mode 2 st 1 gl 0 hp 100 frg 0
ARGLOG Zeus t  20.8 pos '2409.3 -161.3  24.0' spd 320.3 yaw 358 mode 1 st 1 gl 0 hp 48 frg 1
ARGLOG Omi t  20.8 pos '2641.9   2.8 -72.0' spd 320.4 yaw 348 mode 1 st 0 gl 0 hp 100 frg 0
ARGEVT Zeus jump
ARGLOG Reap t  21.3 pos '2199.2 -1844.8  24.0' spd 383.3 yaw  22.8 mode 2 st 1 gl 0 hp 100 frg 0
ARGLOG Zeus t  21.3 pos '2574.5 -171.2  35.2' spd 320.1 yaw  49.6 mode 1 st 1 gl 0 hp 48 frg 1
ARGLOG Omi t  21.3 pos '2761.1 -33.8 -72.0' spd 324.5 yaw 0 mode 1 st 0 gl 0 hp 100 frg 0
ARGEVT Omi goal weapon_rocketlauncher
ARGEVT Zeus hazard
ARGEVT Omi routefail
ARGEVT Omi goal item_armorInv
ARGEVT Omi hazard
ARGEVT Omi routefail
ARGLOG Reap t  21.8 pos '2362.0 -1804.9  24.0' spd 351.4 yaw 38 mode 1 st 1 gl 0 hp 100 frg 0
ARGLOG Zeus t  21.8 pos '2463.6 -145.8  24.0' spd 329.6 yaw 214.7 mode 1 st 1 gl 0 hp 48 frg 1
ARGEVT Omi goal weapon_rocketlauncher
ARGLOG Omi t  21.8 pos '1326.5 -1024.0 352.0' spd 300 yaw 337.3 mode 0 st 0 gl 1 hp 100 frg 0
ARGEVT Omi route 4 start '1377.0 -1047.0 344.0' goal '1441.0 -695.0 184.0'
ARGEVT Reap goal item_armorInv
ARGLOG Reap t  22.3 pos '2507.9 -1719.1  24.0' spd 342.0 yaw 351.8 mode 0 st 1 gl 1 hp 100 frg 0
ARGEVT Reap routefail
ARGLOG Zeus t  22.3 pos '2426.7 -240.0  24.0' spd 320.2 yaw  19.5 mode 1 st 1 gl 0 hp 48 frg 1
ARGLOG Omi t  22.3 pos '1416.3 -976.0 344.0' spd 371.5 yaw 113 mode 2 st 0 gl 1 hp 100 frg 0
ARGEVT Reap goal item_health
ARGEVT Reap routefail
ARGEVT Zeus jump
ARGEVT Reap goal item_rockets
ARGEVT Reap routefail
ARGEVT Reap goal weapon_supershotgun
ARGLOG Reap t  22.8 pos '2595.0 -1815.6  24.0' spd 329.2 yaw 255.6 mode 0 st 1 gl 1 hp 100 frg 0
ARGLOG Zeus t  22.8 pos '2576.0 -180.0  35.3' spd 166.4 yaw 130.6 mode 1 st 1 gl 0 hp 48 frg 1
ARGLOG Omi t  22.8 pos '1278.4 -872.9 344.0' spd 354.1 yaw 68 mode 2 st 0 gl 1 hp 100 frg 0
ARGEVT Reap routefail
ARGEVT Reap trapped
ARGEVT Reap death Reap pos '2586.0 -1883.0  24.0'
ARGLOG Zeus t  23.4 pos '2448.6 -199.1  24.0' spd 401.4 yaw 294.4 mode 1 st 1 gl 0 hp 48 frg 1
ARGLOG Omi t  23.4 pos '1273.4 -708.5 344.0' spd 320.3 yaw 4 mode 2 st 0 gl 1 hp 100 frg 0
ARGEVT Zeus hazard
ARGEVT Zeus jump
ARGLOG Zeus t  23.9 pos '2569.1 -223.7  45.9' spd 345.4 yaw  98.6 mode 1 st 1 gl 0 hp 48 frg 1
ARGLOG Omi t  23.9 pos '1337.6 -547.5 268.4' spd 339.6 yaw 306 mode 2 st 0 gl 1 hp 100 frg 0
ARGLOG Zeus t  24.4 pos '2493.6 -145.5  24.0' spd 331.8 yaw 215.9 mode 1 st 1 gl 0 hp 48 frg 1
ARGLOG Omi t  24.4 pos '1443.8 -541.5 184.0' spd 336.5 yaw 280 mode 1 st 0 gl 1 hp 100 frg 0
ARGEVT Reap respawn
ARGEVT Reap goal weapon_rocketlauncher
ARGLOG Reap t  24.6 pos '2576.0 -1328.0  24.0' spd 0 yaw 253.7 mode 0 st 1 gl 1 hp 100 frg -1
ARGEVT Reap route 14 start '2529.0 -1367.0  24.0' goal '1441.0 -695.0 184.0'
ARGEVT Reap goal weapon_grenadelauncher
ARGLOG Zeus t  24.9 pos '2459.2 -239.7  24.0' spd 320.6 yaw  21.0 mode 1 st 1 gl 0 hp 48 frg 1
ARGEVT Omi goal item_health
ARGLOG Omi t  24.9 pos '1495.4 -704.8 184.0' spd 352.4 yaw 335 mode 0 st 0 gl 2 hp 100 frg 0
ARGEVT Reap routefail
ARGEVT Omi hazard
ARGEVT Reap goal item_armor2
ARGEVT Zeus jump
ARGLOG Reap t  25.1 pos '2442.6 -1406.5  24.0' spd 392.4 yaw 129 mode 0 st 1 gl 1 hp 100 frg -1
ARGEVT Reap routefail
ARGEVT Reap goal 
ARGEVT Reap route 3 start '2369.0 -1399.0  24.0' goal '2561.0 -1815.0  24.0'
ARGEVT Reap hazard
ARGEVT Omi routefail
ARGLOG Zeus t  25.4 pos '2512.0 -172.8  62.0' spd 148.0 yaw 8 mode 1 st 1 gl 0 hp 48 frg 1
ARGLOG Omi t  25.4 pos '1584.0 -622.1 184.0' spd 331.6 yaw 72 mode 0 st 0 gl 2 hp 100 frg 0
ARGEVT Omi goal item_health
ARGEVT Omi routefail
ARGLOG Reap t  25.6 pos '2352.0 -1445.1  24.0' spd 323.3 yaw 300 mode 2 st 1 gl 1 hp 100 frg -1
ARGEVT Omi goal 
ARGEVT Omi routefail
ARGEVT Zeus jump
ARGLOG Zeus t  25.9 pos '2574.4 -204.9  43.9' spd 358.3 yaw 242.4 mode 1 st 1 gl 0 hp 48 frg 1
ARGEVT Omi goal weapon_supershotgun
ARGLOG Omi t  25.9 pos '1687.5 -560.0 139.8' spd 363.8 yaw 302 mode 0 st 0 gl 2 hp 100 frg 0
ARGEVT Omi routefail
ARGEVT Omi goal item_health
ARGLOG Reap t  26.1 pos '2394.0 -1605.3  24.0' spd 320.8 yaw 309 mode 2 st 1 gl 1 hp 100 frg -1
ARGEVT Omi route 2 start '1825.0 -535.0  40.0' goal '1825.0 -631.0 184.0'
ARGEVT Omi rjump
ARGLOG Zeus t  26.4 pos '2513.9 -189.5  32.0' spd 369.5 yaw  77.0 mode 1 st 1 gl 0 hp 48 frg 1
ARGLOG Omi t  26.4 pos '1812.6 -557.6 114.3' spd  47.2 yaw 280 mode 2 st 0 gl 2 hp 80 frg 0
ARGEVT Zeus hazard
ARGLOG Reap t  26.7 pos '2480.2 -1747.0  24.0' spd 322.0 yaw 298 mode 1 st 1 gl 1 hp 100 frg -1
ARGEVT Zeus jump
ARGLOG Zeus t  27.0 pos '2576.0 -148.2  35.3' spd  31.6 yaw 272.2 mode 1 st 1 gl 0 hp 48 frg 1
ARGLOG Omi t  27.0 pos '1836.4 -564.5 236.6' spd  50.5 yaw 285 mode 1 st 0 gl 2 hp 80 frg 0
ARGEVT Reap goal item_health
ARGLOG Reap t  27.2 pos '2557.9 -1894.0  24.0' spd 351.0 yaw 241.0 mode 0 st 1 gl 2 hp 100 frg -1
ARGEVT Reap hazard
ARGEVT Reap routefail
ARGEVT Reap goal item_rockets
ARGEVT Reap routefail
ARGLOG Zeus t  27.5 pos '2456.4 -221.5  24.0' spd 413.8 yaw 108.0 mode 1 st 1 gl 0 hp 48 frg 1
ARGLOG Omi t  27.5 pos '1859.2 -598.9 184.0' spd 308.1 yaw 327.6 mode 1 st 0 gl 2 hp 100 frg 0
ARGEVT Reap goal item_armor2
ARGEVT Omi goal item_armor2
ARGEVT Reap route 16 start '2465.0 -1879.0  24.0' goal '1345.0 -919.0  32.0'
ARGEVT Zeus hazard
ARGLOG Reap t  27.7 pos '2469.3 -1874.1  24.0' spd 349.3 yaw 90 mode 2 st 1 gl 2 hp 100 frg -1
ARGEVT Omi routefail
ARGEVT Zeus jump
ARGLOG Zeus t  28.0 pos '2513.9 -145.1  45.6' spd 321.5 yaw 323 mode 1 st 1 gl 0 hp 48 frg 1
ARGEVT Omi goal item_armor2
ARGLOG Omi t  28.0 pos '1948.6 -743.0 184.0' spd 327.3 yaw 300.3 mode 0 st 0 gl 3 hp 100 frg 0
ARGEVT Omi hazard
ARGEVT Omi route 17 start '1889.0 -727.0 184.0' goal '1345.0 -919.0  32.0'
ARGLOG Reap t  28.2 pos '2424.7 -1707.2  24.0' spd 327.4 yaw 100 mode 2 st 1 gl 2 hp 100 frg -1
ARGLOG Zeus t  28.5 pos '2518.0 -199.7  32.0' spd 369.3 yaw 158.5 mode 1 st 1 gl 0 hp 48 frg 1
ARGLOG Omi t  28.5 pos '1879.3 -741.5 184.0' spd 332.8 yaw 50 mode 2 st 0 gl 3 hp 100 frg 0
ARGLOG Reap t  28.7 pos '2417.3 -1542.1  24.0' spd 321.6 yaw 82 mode 2 st 1 gl 2 hp 100 frg -1
ARGEVT Zeus hazard
ARGEVT Zeus jump
ARGLOG Zeus t  29.0 pos '2493.0 -144.0  35.9' spd 347.3 yaw 353.7 mode 1 st 1 gl 0 hp 48 frg 1
ARGLOG Omi t  29.0 pos '1903.8 -577.9 184.0' spd 350.2 yaw 73 mode 2 st 0 gl 3 hp 100 frg 0
ARGLOG Reap t  29.2 pos '2405.5 -1376.1  24.0' spd 323.1 yaw 77 mode 2 st 1 gl 2 hp 100 frg -1
ARGLOG Zeus t  29.5 pos '2547.9 -197.1  32.0' spd 351.7 yaw 189.2 mode 1 st 1 gl 0 hp 48 frg 1
ARGLOG Omi t  29.5 pos '2054.6 -477.8 108.0' spd 348.9 yaw 96 mode 2 st 0 gl 3 hp 100 frg 0
ARGLOG Reap t  29.7 pos '2459.7 -1272.7  24.0' spd 323.5 yaw 84 mode 2 st 1 gl 2 hp 100 frg -1
ARGEVT Zeus hazard
ARGLOG Zeus t  30.0 pos '2431.0 -144.0  24.0' spd 411.8 yaw  24.8 mode 1 st 1 gl 0 hp 48 frg 1
ARGLOG Omi t  30.0 pos '1944.7 -550.5 104.0' spd 413.1 yaw 79 mode 2 st 0 gl 3 hp 100 frg 0
ARGEVT Zeus jump
ARGLOG Reap t  30.3 pos '2495.1 -1111.0  24.0' spd 320.6 yaw 89 mode 2 st 1 gl 2 hp 100 frg -1
ARGEVT Omi hazard
ARGLOG Zeus t  30.6 pos '2575.7 -148.9  32.0' spd  30.1 yaw 240.4 mode 1 st 1 gl 0 hp 48 frg 1
ARGLOG Omi t  30.6 pos '1904.0 -464.0  72.0' spd 0 yaw 70 mode 2 st 0 gl 3 hp 100 frg 0
ARGEVT Reap lift
ARGEVT Reap jump
ARGLOG Reap t  30.8 pos '2501.5 -912.9  84.3' spd 320.1 yaw 81 mode 2 st 1 gl 2 hp 100 frg -1
ARGLOG Zeus t  31.1 pos '2426.0 -168.1  24.0' spd 419.7 yaw  75.0 mode 1 st 1 gl 0 hp 48 frg 1
ARGLOG Omi t  31.1 pos '1904.0 -464.0  72.0' spd 0 yaw 70 mode 2 st 0 gl 3 hp 100 frg 0
ARGEVT Zeus hazard
ARGEVT Omi stall
ARGEVT Omi stallnode '1985.0 -311.0  72.0'
ARGEVT Omi jump
ARGEVT Zeus jump
ARGLOG Reap t  31.3 pos '2540.3 -843.5 120.0' spd 320.9 yaw 86 mode 2 st 1 gl 2 hp 100 frg -1
ARGEVT Omi route 16 start '1921.0 -535.0  88.0' goal '1345.0 -919.0  32.0'
ARGLOG Zeus t  31.6 pos '2576.0 -144.0  35.3' spd 0 yaw 270.5 mode 1 st 1 gl 0 hp 48 frg 1
ARGLOG Omi t  31.6 pos '1908.1 -464.0 109.9' spd  33.2 yaw 63 mode 2 st 1 gl 3 hp 100 frg 0
ARGLOG Reap t  31.8 pos '2580.1 -683.5 120.0' spd 323.2 yaw 83 mode 2 st 1 gl 2 hp 100 frg -1
ARGLOG Zeus t  32.1 pos '2453.5 -213.3  24.0' spd 413.7 yaw 105.7 mode 1 st 1 gl 0 hp 48 frg 1
ARGLOG Omi t  32.1 pos '2002.9 -495.6 104.0' spd 360.5 yaw 87 mode 2 st 1 gl 3 hp 100 frg 0
ARGEVT Omi hazard
ARGEVT Zeus hazard
ARGLOG Reap t  32.3 pos '2582.7 -517.5 120.0' spd 321.1 yaw 85 mode 2 st 1 gl 2 hp 100 frg -1
ARGEVT Zeus jump
ARGLOG Zeus t  32.6 pos '2495.4 -147.2  35.7' spd 325.1 yaw 337 mode 1 st 1 gl 0 hp 48 frg 1
ARGLOG Omi t  32.6 pos '2026.7 -358.1  88.0' spd 327.3 yaw 92 mode 2 st 1 gl 3 hp 100 frg 0
ARGLOG Reap t  32.8 pos '2607.8 -353.2 120.0' spd 333.2 yaw 119.0 mode 0 st 1 gl 2 hp 100 frg -1
ARGEVT Zeus engage Omi
ARGEVT Omi engage Zeus
ARGEVT Reap route 8 start '2561.0 -375.0 120.0' goal '1345.0 -919.0  32.0'
ARGLOG Zeus t  33.1 pos '2530.6 -188.3  32.0' spd 366.8 yaw 193.0 mode 1 st 1 gl 0 hp 48 frg 1
ARGLOG Omi t  33.1 pos '2040.2 -237.7  24.0' spd 273.8 yaw 344.8 mode 2 st 1 gl 3 hp 100 frg 0
ARGEVT Reap engage Zeus
ARGEVT Reap weapon sg
ARGLOG Reap t  33.3 pos '2558.5 -185.5 120.0' spd 337.4 yaw  73.7 mode 2 st 1 gl 2 hp 100 frg -1
ARGEVT Zeus jump
ARGLOG Zeus t  33.7 pos '2445.3 -152.4  61.7' spd 285.5 yaw 168.6 mode 1 st 1 gl 0 hp 48 frg 1
ARGLOG Omi t  33.7 pos '2064.3 -215.6  24.0' spd 320.0 yaw  24.7 mode 2 st 1 gl 3 hp 100 frg 0
ARGEVT Reap weapon rl
ARGLOG Reap t  33.9 pos '2601.7 -257.7 120.0' spd 354.6 yaw 142.1 mode 2 st 1 gl 2 hp 100 frg -1
ARGLOG Zeus t  34.2 pos '2354.3 -164.0  54.0' spd 320.5 yaw 142.0 mode 1 st 1 gl 0 hp 48 frg 1
ARGLOG Omi t  34.2 pos '2077.3 -50.8  24.0' spd 327.4 yaw 324.3 mode 2 st 1 gl 3 hp 100 frg 0
ARGEVT Reap pursue
ARGLOG Reap t  34.4 pos '2560.0 -421.5 120.0' spd 380.7 yaw 141.9 mode 0 st 1 gl 2 hp 100 frg -1
ARGEVT Reap route 8 start '2561.0 -375.0 120.0' goal '1345.0 -919.0  32.0'
ARGEVT Zeus hazard
ARGLOG Zeus t  34.7 pos '2229.0 -242.0  24.0' spd 320.6 yaw  88.2 mode 1 st 1 gl 0 hp 48 frg 1
ARGLOG Omi t  34.7 pos '2162.9  86.7  24.0' spd 353.9 yaw 264.9 mode 2 st 1 gl 3 hp 77 frg 0
ARGEVT Zeus death Omi pos '2212.7 -242.8  24.0'
ARGEVT Omi goal item_health
ARGEVT Omi routefail
ARGLOG Reap t  34.9 pos '2556.7 -315.2 137.0' spd 313.4 yaw 154.3 mode 0 st 1 gl 2 hp 100 frg -1
ARGEVT Omi goal item_health
ARGEVT Reap route 8 start '2561.0 -375.0 120.0' goal '1345.0 -919.0  32.0'
ARGLOG Omi t  35.2 pos '2106.2   1.7  24.0' spd 355.4 yaw 330.8 mode 0 st 1 gl 3 hp 77 frg 1
ARGEVT Omi routefail
ARGEVT Omi goal 
ARGLOG Reap t  35.4 pos '2561.5 -295.9 120.0' spd 163.2 yaw 51 mode 2 st 1 gl 2 hp 100 frg -1
ARGEVT Omi engage Reap
ARGEVT Reap engage Omi
ARGLOG Omi t  35.7 pos '2239.0 -54.7  24.0' spd 345.9 yaw 352.7 mode 1 st 1 gl 3 hp 77 frg 1
ARGLOG Reap t  35.9 pos '2602.5 -137.2 120.0' spd 320.0 yaw 132.4 mode 2 st 1 gl 2 hp 100 frg -1
ARGEVT Zeus respawn
ARGLOG Omi t  36.2 pos '2320.0  16.0  40.0' spd 0 yaw   3.5 mode 1 st 1 gl 3 hp 77 frg 1
ARGEVT Zeus goal item_armor2
ARGLOG Zeus t  36.3 pos '2704.0 -2048.0 128.0' spd 0 yaw 253.4 mode 0 st 1 gl 0 hp 100 frg 1
ARGEVT Zeus route 9 start '2689.0 -2039.0 128.0' goal '1345.0 -919.0  32.0'
ARGLOG Reap t  36.4 pos '2639.5  16.0 120.0' spd   8.5 yaw 165.1 mode 2 st 1 gl 2 hp 67 frg -1
ARGLOG Omi t  36.7 pos '2320.0  16.0  40.0' spd 0 yaw 359.5 mode 1 st 1 gl 3 hp 77 frg 1
ARGLOG Zeus t  36.8 pos '2664.0 -2199.6 120.0' spd 337.1 yaw 204 mode 2 st 1 gl 0 hp 100 frg 1
ARGLOG Reap t  37.0 pos '2605.8  16.0 120.0' spd 101.4 yaw 166.4 mode 2 st 1 gl 2 hp 67 frg -1
ARGEVT Zeus hazard
ARGLOG Omi t  37.3 pos '2320.0  16.0  40.0' spd 0 yaw   0.3 mode 1 st 1 gl 3 hp 77 frg 1
ARGLOG Zeus t  37.3 pos '2555.3 -2294.6 120.0' spd 328.1 yaw 226 mode 2 st 1 gl 0 hp 100 frg 1
ARGLOG Reap t  37.5 pos '2615.5  16.0 120.0' spd  40.7 yaw 173.5 mode 2 st 1 gl 2 hp 21 frg -1
ARGLOG Omi t  37.8 pos '2324.6  -7.7  56.0' spd 298.2 yaw   3.3 mode 1 st 1 gl 3 hp 77 frg 1
ARGLOG Zeus t  37.8 pos '2396.3 -2349.3 120.0' spd 357.7 yaw 138 mode 2 st 1 gl 0 hp 100 frg 1
ARGEVT Reap death Reap pos '2576.8  -8.2 120.0'
ARGLOG Omi t  38.3 pos '2368.3 -158.1  56.0' spd 383.1 yaw 227 mode 1 st 1 gl 3 hp 77 frg 1
ARGLOG Zeus t  38.3 pos '2348.0 -2511.4 152.0' spd 387.4 yaw 173.1 mode 0 st 1 gl 0 hp 100 frg 1
ARGEVT Zeus route 5 start '2369.0 -2487.0 136.0' goal '1345.0 -919.0  32.0'
ARGEVT Zeus route 6 start '2273.0 -2487.0 184.0' goal '1345.0 -919.0  32.0'
ARGEVT Zeus hazard
ARGLOG Omi t  38.8 pos '2268.0 -240.0  24.0' spd 351.3 yaw 234.3 mode 1 st 1 gl 3 hp 77 frg 1
ARGLOG Zeus t  38.9 pos '2208.0 -2416.0 200.0' spd 404.5 yaw 131 mode 2 st 1 gl 0 hp 100 frg 1
ARGEVT Omi goal 
ARGEVT Omi routefail
ARGEVT Omi goal item_health
ARGLOG Omi t  39.3 pos '2263.1 -238.2  24.0' spd 312.3 yaw  53.6 mode 0 st 1 gl 4 hp 77 frg 1
ARGEVT Omi route 2 start '2273.0 -183.0  24.0' goal '1985.0   9.0  24.0'
ARGLOG Zeus t  39.4 pos '2315.7 -2457.0 168.0' spd 320.8 yaw 133 mode 2 st 1 gl 0 hp 100 frg 1
ARGEVT Reap respawn
ARGEVT Reap goal item_armor2
ARGLOG Reap t  39.4 pos '1712.0 -504.0  24.0' spd 0 yaw 253.7 mode 0 st 1 gl 2 hp 100 frg -2
ARGEVT Reap route 18 start '1729.0 -471.0  24.0' goal '1345.0 -919.0  32.0'
ARGEVT Zeus route 5 start '2369.0 -2487.0 136.0' goal '1345.0 -919.0  32.0'
ARGEVT Zeus route 6 start '2465.0 -2423.0 120.0' goal '1345.0 -919.0  32.0'
ARGLOG Omi t  39.8 pos '2263.5 -93.4  24.0' spd 320 yaw 159 mode 2 st 1 gl 4 hp 77 frg 1
ARGLOG Zeus t  39.9 pos '2465.5 -2402.5 120.0' spd 421.5 yaw 138 mode 2 st 1 gl 0 hp 100 frg 1
ARGLOG Reap t  39.9 pos '1739.9 -656.1  24.0' spd 414.0 yaw 33 mode 2 st 1 gl 2 hp 100 frg -2
ARGEVT Reap hazard
ARGEVT Zeus hazard
ARGLOG Omi t  40.4 pos '2128.0   5.1  24.0' spd 340.5 yaw 190 mode 1 st 1 gl 4 hp 77 frg 1
ARGLOG Zeus t  40.4 pos '2386.0 -2294.7 120.0' spd 167.7 yaw 139 mode 2 st 1 gl 0 hp 100 frg 1
ARGLOG Reap t  40.5 pos '1744.0 -580.8  24.0' spd 377.3 yaw 14 mode 2 st 1 gl 2 hp 100 frg -2
ARGEVT Omi goal item_spikes
ARGLOG Omi t  40.9 pos '1961.9 -22.0  24.0' spd 358.5 yaw 254.9 mode 1 st 1 gl 5 hp 100 frg 1
ARGLOG Zeus t  40.9 pos '2377.1 -2352.0 120.0' spd   8.7 yaw 138 mode 2 st 1 gl 0 hp 100 frg 1
ARGLOG Reap t  41.0 pos '1891.6 -497.7  72.0' spd 326.0 yaw 63 mode 2 st 1 gl 2 hp 100 frg -2
ARGEVT Omi goal item_armorInv
ARGLOG Omi t  41.4 pos '1906.7 -184.1  24.0' spd 324.8 yaw 301.3 mode 0 st 1 gl 6 hp 100 frg 1
ARGLOG Zeus t  41.4 pos '2373.7 -2352.0 120.0' spd   5.7 yaw 137 mode 2 st 1 gl 0 hp 100 frg 1
ARGEVT Omi routefail
ARGLOG Reap t  41.5 pos '2059.9 -474.1 104.0' spd 397.1 yaw 97 mode 2 st 1 gl 2 hp 100 frg -2
ARGEVT Omi hazard
ARGEVT Reap engage Omi
ARGEVT Omi goal item_armor2
ARGEVT Omi engage Reap
ARGEVT Omi route 8 start '1921.0 -215.0  24.0' goal '2753.0 -55.0 -72.0'
ARGEVT Zeus stall
ARGEVT Zeus stallnode '2369.0 -2487.0 136.0'
ARGEVT Zeus jump
ARGLOG Omi t  41.9 pos '2043.1 -240.2  40.0' spd 329.2 yaw 255.7 mode 2 st 1 gl 6 hp 100 frg 1
ARGLOG Zeus t  42.0 pos '2372.5 -2352.0 141.5' spd   5.2 yaw 302.0 mode 0 st 2 gl 0 hp 100 frg 1
ARGLOG Reap t  42.0 pos '2022.8 -419.8 104.0' spd 320.1 yaw  82.9 mode 2 st 1 gl 2 hp 100 frg -2
ARGEVT Zeus route 6 start '2369.0 -2327.0 120.0' goal '1345.0 -919.0  32.0'
ARGLOG Omi t  42.4 pos '2002.5 -236.2  24.0' spd 999.3 yaw 273.0 mode 0 st 1 gl 6 hp 44 frg 1
ARGEVT Omi route 8 start '1921.0 -215.0  24.0' goal '2753.0 -55.0 -72.0'
ARGLOG Zeus t  42.5 pos '2392.3 -2357.5 120.9' spd  55.9 yaw 138 mode 2 st 2 gl 0 hp 100 frg 1
ARGLOG Reap t  42.5 pos '2021.4 -421.2 104.0' spd 320.7 yaw  76.2 mode 2 st 1 gl 2 hp 100 frg -2
ARGLOG Omi t  42.9 pos '2220.0 -129.4  24.0' spd 379.4 yaw 213.5 mode 2 st 1 gl 6 hp 36 frg 1
ARGLOG Zeus t  43.0 pos '2358.4 -2498.0 136.0' spd 367.2 yaw 188.1 mode 0 st 2 gl 0 hp 100 frg 1
ARGEVT Reap pursue
ARGEVT Omi pursue
ARGLOG Reap t  43.0 pos '1968.0 -327.4  88.0' spd 333.6 yaw 55 mode 2 st 1 gl 2 hp 100 frg -2
ARGEVT Zeus route 5 start '2369.0 -2487.0 136.0' goal '1345.0 -919.0  32.0'
ARGEVT Zeus hazard
ARGLOG Omi t  43.5 pos '2196.6 -107.5  24.0' spd 327.8 yaw 244.1 mode 2 st 1 gl 6 hp 36 frg 1
ARGLOG Zeus t  43.5 pos '2222.6 -2416.0 200.0' spd 271.0 yaw 131 mode 2 st 2 gl 0 hp 100 frg 1
ARGLOG Reap t  43.6 pos '2039.6 -324.6  72.0' spd 242.7 yaw  64.4 mode 2 st 1 gl 2 hp 100 frg -2
ARGLOG Omi t  44.0 pos '2055.1  -8.9  24.0' spd 329.2 yaw 237.4 mode 2 st 1 gl 6 hp 12 frg 1
ARGLOG Zeus t  44.0 pos '2347.6 -2462.3 152.0' spd 325.6 yaw 131 mode 2 st 2 gl 0 hp 100 frg 1
ARGLOG Reap t  44.1 pos '1968.0 -212.8  34.8' spd 240.9 yaw  76.6 mode 2 st 1 gl 2 hp 100 frg -2
ARGEVT Omi death Reap pos '1991.6  12.7  24.0'
ARGEVT Zeus route 5 start '2369.0 -2487.0 136.0' goal '1345.0 -919.0  32.0'
ARGEVT Reap goal 
ARGEVT Zeus route 6 start '2465.0 -2423.0 120.0' goal '1345.0 -919.0  32.0'
ARGLOG Zeus t  44.5 pos '2475.7 -2412.5 120.0' spd 343.5 yaw 138 mode 2 st 2 gl 0 hp 100 frg 1
ARGEVT Reap jump
ARGLOG Reap t  44.6 pos '2060.6 -47.1  35.7' spd 415.9 yaw 152.5 mode 1 st 1 gl 2 hp 47 frg -1
ARGEVT Zeus hazard
ARGLOG Zeus t  45.0 pos '2375.3 -2352.0 120.0' spd   5.7 yaw 138 mode 2 st 2 gl 0 hp 100 frg 1
ARGLOG Reap t  45.1 pos '2038.7  16.0  36.6' spd  68.5 yaw 239 mode 1 st 1 gl 2 hp 47 frg -1
ARGEVT Reap goal item_health
ARGEVT Reap route 3 start '1985.0   9.0  24.0' goal '2049.0 -535.0 104.0'
ARGLOG Zeus t  45.6 pos '2372.9 -2352.0 120.0' spd   2.9 yaw 137 mode 2 st 2 gl 0 hp 100 frg 1
ARGLOG Reap t  45.6 pos '2076.4 -70.0  24.0' spd 328.4 yaw 250 mode 2 st 1 gl 3 hp 47 frg -1
ARGEVT Omi respawn
ARGEVT Omi goal item_armorInv
ARGLOG Omi t  45.7 pos '2048.0 -1352.0 136.0' spd 0 yaw 196.6 mode 0 st 1 gl 6 hp 100 frg 1
ARGEVT Omi routefail
ARGEVT Omi goal item_health
ARGEVT Omi routefail
ARGLOG Zeus t  46.1 pos '2371.5 -2352.0 120.0' spd   2.8 yaw 137 mode 2 st 2 gl 0 hp 100 frg 1
ARGEVT Omi goal weapon_grenadelauncher
ARGLOG Reap t  46.1 pos '2041.4 -221.5  24.0' spd 430.2 yaw 238 mode 2 st 1 gl 3 hp 47 frg -1
ARGEVT Omi routefail
ARGEVT Zeus stall
ARGEVT Zeus stallnode '2369.0 -2487.0 136.0'
ARGEVT Zeus jump
ARGLOG Omi t  46.2 pos '1903.5 -1392.0 123.4' spd 320.0 yaw 131.4 mode 0 st 1 gl 6 hp 100 frg 1
ARGEVT Omi goal item_armor2
ARGEVT Omi routefail
ARGEVT Zeus route 6 start '2369.0 -2327.0 120.0' goal '1345.0 -919.0  32.0'
ARGEVT Omi trapped
ARGEVT Omi death Omi pos '1804.3 -1392.0  56.0'
ARGEVT Reap hazard
ARGLOG Zeus t  46.6 pos '2382.8 -2352.0 154.7' spd  47.1 yaw 138 mode 2 st 3 gl 0 hp 100 frg 1
ARGLOG Reap t  46.6 pos '1906.2 -116.5  24.0' spd 306.1 yaw 289 mode 2 st 1 gl 3 hp 47 frg -1
ARGLOG Zeus t  47.1 pos '2385.1 -2434.2 120.0' spd 321.2 yaw 135 mode 2 st 3 gl 0 hp 100 frg 1
ARGLOG Reap t  47.2 pos '1927.9 -191.1  24.0' spd 321.7 yaw 290 mode 2 st 1 gl 3 hp 47 frg -1
ARGEVT Reap jump
ARGEVT Zeus route 5 start '2369.0 -2487.0 136.0' goal '1345.0 -919.0  32.0'
ARGLOG Zeus t  47.6 pos '2259.2 -2483.9 184.0' spd 387.5 yaw 131 mode 2 st 3 gl 0 hp 100 frg 1
ARGLOG Reap t  47.7 pos '1993.5 -241.1  62.9' spd 131.7 yaw 281 mode 2 st 1 gl 3 hp 47 frg -1
ARGEVT Zeus hazard
ARGEVT Omi respawn
ARGLOG Zeus t  48.1 pos '2288.4 -2431.9 168.0' spd 327.0 yaw 133 mode 2 st 3 gl 0 hp 100 frg 1
ARGEVT Omi goal item_armor2
ARGLOG Omi t  48.1 pos '2248.0 -16.0 -136.0' spd 0 yaw 359 mode 0 st 1 gl 6 hp 100 frg 0
ARGEVT Omi routefail
ARGLOG Reap t  48.2 pos '2050.6 -318.7  72.0' spd 331.7 yaw 262 mode 1 st 1 gl 3 hp 47 frg -1
ARGEVT Omi goal item_armor2
ARGEVT Omi routefail
ARGEVT Zeus route 5 start '2369.0 -2487.0 136.0' goal '1345.0 -919.0  32.0'
ARGEVT Omi goal item_health
ARGEVT Omi routefail
ARGLOG Zeus t  48.7 pos '2453.6 -2476.1 120.0' spd 394.6 yaw  72.5 mode 0 st 3 gl 0 hp 100 frg 1
ARGLOG Omi t  48.7 pos '2398.1 -67.9 -72.0' spd 334.7 yaw 309.4 mode 0 st 1 gl 6 hp 100 frg 0
ARGEVT Zeus route 6 start '2465.0 -2423.0 120.0' goal '1345.0 -919.0  32.0'
ARGEVT Reap goal item_health
ARGLOG Reap t  48.7 pos '2031.6 -484.2 104.0' spd 325.7 yaw 256.6 mode 1 st 1 gl 4 hp 72 frg -1
ARGEVT Omi goal weapon_supershotgun
ARGEVT Omi routefail
ARGEVT Reap goal item_armor2
ARGEVT Omi trapped
ARGEVT Omi death Omi pos '2491.1 -78.2 -72.0'
ARGEVT Reap routefail
ARGEVT Reap hazard
ARGEVT Reap goal item_health
ARGLOG Zeus t  49.2 pos '2384.2 -2351.4 120.0' spd 416.9 yaw 138 mode 2 st 3 gl 0 hp 100 frg 1
ARGEVT Zeus hazard
ARGEVT Reap routefail
ARGLOG Reap t  49.2 pos '2062.4 -495.3 104.0' spd 122.5 yaw 300.7 mode 0 st 1 gl 5 hp 97 frg -1
ARGEVT Reap goal weapon_grenadelauncher
ARGEVT Reap routefail
ARGEVT Reap goal item_rockets
ARGEVT Reap routefail
ARGLOG Zeus t  49.7 pos '2374.0 -2352.0 120.0' spd   5.8 yaw 137 mode 2 st 3 gl 0 hp 100 frg 1
ARGEVT Reap goal item_armor2
ARGLOG Reap t  49.7 pos '1964.7 -560.0 104.0' spd 320.0 yaw 171 mode 0 st 1 gl 5 hp 97 frg -1
ARGEVT Reap route 16 start '1921.0 -535.0  88.0' goal '1345.0 -919.0  32.0'
ARGLOG Zeus t  50.2 pos '2372.2 -2352.0 120.0' spd   2.9 yaw 137 mode 2 st 3 gl 0 hp 100 frg 1
ARGEVT Reap hazard
ARGLOG Reap t  50.3 pos '1824.8 -466.4  40.0' spd 419.8 yaw 44 mode 2 st 1 gl 5 hp 97 frg -1
ARGEVT Zeus stall
ARGEVT Zeus stallnode '2369.0 -2487.0 136.0'
ARGEVT Zeus jump
ARGEVT Omi respawn
ARGEVT Omi goal weapon_grenadelauncher
ARGLOG Omi t  50.6 pos '2560.0 -192.0  32.0' spd 0 yaw 196.6 mode 0 st 1 gl 6 hp 100 frg -1
ARGEVT Omi routefail
ARGLOG Zeus t  50.7 pos '2374.2 -2352.0 154.5' spd  31.5 yaw 336.2 mode 0 st 4 gl 0 hp 100 frg 1
ARGEVT Zeus route 6 start '2369.0 -2327.0 120.0' goal '1345.0 -919.0  32.0'
ARGEVT Omi goal item_health
ARGLOG Reap t  50.8 pos '1936.7 -495.9 104.0' spd 320.1 yaw 75 mode 2 st 1 gl 5 hp 97 frg -1
ARGEVT Omi routefail
ARGEVT Omi goal 
ARGEVT Omi route 8 start '2529.0 -215.0  32.0' goal '2529.0   9.0 -64.0'
ARGLOG Omi t  51.1 pos '2417.0 -237.6  24.0' spd 330.0 yaw 130 mode 2 st 1 gl 6 hp 100 frg -1
ARGLOG Zeus t  51.2 pos '2393.7 -2369.2 120.0' spd 187.5 yaw 137 mode 2 st 4 gl 0 hp 100 frg 1
ARGLOG Reap t  51.3 pos '2059.7 -424.3 104.0' spd 340.1 yaw 98 mode 2 st 1 gl 5 hp 97 frg -1
ARGLOG Omi t  51.6 pos '2275.4 -148.6  24.0' spd 328.1 yaw 114 mode 2 st 1 gl 6 hp 100 frg -1
ARGEVT Omi engage Reap
ARGEVT Reap engage Omi
ARGLOG Zeus t  51.8 pos '2343.5 -2510.3 152.0' spd 166.4 yaw 153.5 mode 0 st 4 gl 0 hp 100 frg 1
ARGEVT Zeus route 5 start '2369.0 -2487.0 136.0' goal '1345.0 -919.0  32.0'
ARGLOG Reap t  51.8 pos '1983.6 -273.5  56.0' spd 321.8 yaw  26.6 mode 2 st 1 gl 5 hp 97 frg -1
ARGEVT Zeus route 6 start '2273.0 -2487.0 184.0' goal '1345.0 -919.0  32.0'
ARGLOG Omi t  52.1 pos '2275.8 -214.1  24.0' spd 331.5 yaw 174.0 mode 2 st 1 gl 6 hp 100 frg -1
ARGEVT Zeus hazard
ARGEVT Omi hazard
ARGLOG Zeus t  52.3 pos '2236.7 -2417.3 200.0' spd  97.4 yaw 132 mode 2 st 4 gl 0 hp 100 frg 1
ARGLOG Reap t  52.3 pos '1967.6 -107.9  24.0' spd 340.2 yaw 312.9 mode 2 st 1 gl 5 hp 97 frg -1
ARGLOG Omi t  52.6 pos '2144.1 -310.8  24.0' spd 326.9 yaw 114.2 mode 2 st 1 gl 6 hp 100 frg -1
ARGLOG Zeus t  52.8 pos '2376.0 -2479.5 136.0' spd 376.3 yaw 256.1 mode 0 st 4 gl 0 hp 100 frg 1
ARGEVT Zeus route 5 start '2369.0 -2487.0 136.0' goal '1345.0 -919.0  32.0'
ARGLOG Reap t  52.8 pos '2092.7  12.5  24.0' spd 388.9 yaw 301.3 mode 2 st 1 gl 5 hp 73 frg -1
ARGEVT Zeus route 4 start '1281.0 -1367.0 144.0' goal '1345.0 -919.0  32.0'
ARGLOG Omi t  53.1 pos '2256.0 -259.7  24.0' spd 127.4 yaw 104.6 mode 2 st 1 gl 6 hp 100 frg -1
ARGLOG Zeus t  53.3 pos '1264.4 -1362.8 144.0' spd 366.4 yaw 85 mode 2 st 4 gl 0 hp 100 frg 1
ARGEVT Zeus hazard
ARGLOG Reap t  53.4 pos '2130.0  30.4  24.0' spd 338.5 yaw 320.0 mode 2 st 1 gl 5 hp 61 frg -1
ARGEVT Omi death Reap pos '2308.2 -178.5  24.0'
ARGEVT Reap goal item_rockets
ARGEVT Reap routefail
ARGLOG Zeus t  53.8 pos '1290.4 -1196.1 168.0' spd 320.5 yaw 78 mode 2 st 4 gl 0 hp 100 frg 1
ARGEVT Reap goal item_health
ARGLOG Reap t  53.9 pos '2127.7 -73.6  24.0' spd 340.5 yaw 343 mode 0 st 1 gl 5 hp 61 frg 0
ARGEVT Reap routefail
ARGEVT Reap goal item_health
ARGEVT Reap routefail
ARGEVT Reap goal item_health
ARGEVT Reap route 6 start '2273.0 -183.0  24.0' goal '2657.0 201.0 -72.0'
ARGLOG Zeus t  54.3 pos '1286.3 -1030.0 200.0' spd 325.9 yaw 71 mode 1 st 4 gl 0 hp 100 frg 1
ARGLOG Reap t  54.4 pos '2264.4 -172.5  24.0' spd 320.5 yaw 112 mode 2 st 1 gl 5 hp 61 frg 0
ARGLOG Zeus t  54.9 pos '1333.2 -870.7 123.3' spd 322.8 yaw 299.8 mode 1 st 4 gl 0 hp 100 frg 1
ARGLOG Reap t  54.9 pos '2419.0 -144.0  24.0' spd 118.0 yaw 131 mode 2 st 1 gl 5 hp 61 frg 0
ARGEVT Reap hazard
ARGEVT Omi respawn
ARGEVT Omi goal weapon_rocketlauncher
ARGLOG Omi t  55.1 pos '2544.0 -32.0 -64.0' spd 0 yaw 196.6 mode 0 st 1 gl 6 hp 100 frg -1
ARGEVT Omi route 7 start '2529.0   9.0 -64.0' goal '1441.0 -695.0 184.0'
ARGEVT Omi hazard
ARGLOG Zeus t  55.4 pos '1329.8 -936.7  32.0' spd 375.5 yaw 292.2 mode 1 st 4 gl 0 hp 100 frg 1
ARGLOG Reap t  55.4 pos '2281.1 -136.7  24.0' spd 412.9 yaw 116 mode 2 st 1 gl 5 hp 61 frg 0
ARGEVT Zeus goal weapon_rocketlauncher
ARGEVT Zeus routefail
ARGLOG Omi t  55.6 pos '2443.6 -80.0 -72.0' spd  95.7 yaw 12 mode 2 st 1 gl 6 hp 100 frg -1
ARGEVT Zeus goal weapon_rocketlauncher
ARGEVT Zeus routefail
ARGEVT Zeus hazard
ARGEVT Zeus goal weapon_grenadelauncher
ARGLOG Zeus t  55.9 pos '1360.0 -981.3  32.0' spd 132.3 yaw 3 mode 0 st 4 gl 1 hp 100 frg 1
ARGEVT Zeus routefail
ARGLOG Reap t  55.9 pos '2174.4   0.0  24.0' spd 322.2 yaw 68 mode 2 st 1 gl 5 hp 61 frg 0
ARGEVT Zeus goal item_health
ARGLOG Omi t  56.1 pos '2602.5 -63.1 -72.0' spd 320.9 yaw 215 mode 2 st 1 gl 6 hp 100 frg -1
ARGEVT Zeus routefail
ARGEVT Zeus trapped
ARGEVT Zeus death Zeus pos '1360.0 -920.6  32.0'
ARGEVT Omi hazard
ARGLOG Reap t  56.4 pos '2144.2 165.1  24.0' spd 364.4 yaw 29 mode 2 st 1 gl 5 hp 61 frg 0
ARGLOG Omi t  56.6 pos '2688.0   2.9 -72.0' spd 209.6 yaw 216 mode 2 st 1 gl 6 hp 100 frg -1
ARGEVT Omi engage Reap
ARGEVT Reap engage Omi
ARGLOG Reap t  57.0 pos '2259.3 286.2  24.0' spd 320.0 yaw 295.9 mode 2 st 1 gl 5 hp 61 frg 0
ARGEVT Omi pursue
ARGEVT Reap pursue
ARGLOG Omi t  57.1 pos '2577.9 -61.2 -64.0' spd 338.7 yaw 144 mode 2 st 1 gl 6 hp 100 frg -1
ARGLOG Reap t  57.5 pos '2421.6 288.2 -40.0' spd 320.7 yaw 257.0 mode 1 st 1 gl 5 hp 61 frg 0
ARGEVT Omi route 7 start '2433.0 -55.0 -72.0' goal '1441.0 -695.0 184.0'
ARGEVT Omi death Reap pos '2421.0 -19.2 -72.0'
ARGEVT Reap goal item_health
ARGEVT Zeus respawn
ARGEVT Zeus goal 
ARGLOG Zeus t  57.9 pos '2624.0 -488.0  32.0' spd 0 yaw 163.7 mode 0 st 4 gl 1 hp 100 frg 0
ARGEVT Zeus route 11 start '2593.0 -503.0  32.0' goal '2433.0 -55.0 -72.0'
ARGLOG Reap t  58.0 pos '2537.0 226.5 -72.0' spd 320.0 yaw 349.2 mode 1 st 1 gl 5 hp 61 frg 1
ARGEVT Reap goal item_health
ARGEVT Reap routefail
SNDDBG enter Zeus wt -3
ARGLOG Zeus t  58.4 pos '2466.7 -456.2   8.0' spd 352.6 yaw 145 mode 2 st 4 gl 1 hp 100 frg 0
ARGEVT Reap goal 
ARGEVT Reap route 1 start '2593.0 105.0 -72.0' goal '2529.0   9.0 -64.0'
ARGLOG Reap t  58.5 pos '2593.1  96.4 -72.0' spd 343.8 yaw 234 mode 2 st 1 gl 5 hp 86 frg 1
ARGLOG Zeus t  58.9 pos '2363.0 -309.6   8.0' spd 359.2 yaw 115 mode 2 st 4 gl 1 hp 100 frg 0
ARGEVT Reap goal item_health
ARGLOG Reap t  59.0 pos '2474.9 -22.1 -72.0' spd 377.2 yaw 163.3 mode 0 st 1 gl 6 hp 86 frg 1
ARGEVT Reap routefail
ARGEVT Zeus goal item_health
ARGEVT Omi respawn
ARGEVT Omi goal weapon_rocketlauncher
ARGLOG Omi t  59.2 pos '2176.0 -2176.0  84.0' spd 0 yaw  73.7 mode 0 st 1 gl 6 hp 100 frg -1
ARGEVT Omi hazard
ARGEVT Zeus routefail
ARGEVT Reap goal item_health
ARGEVT Reap routefail
ARGEVT Zeus goal 
ARGEVT Zeus routefail
ARGLOG Zeus t  59.4 pos '2444.3 -378.0   8.0' spd 320.6 yaw 330.9 mode 0 st 4 gl 1 hp 100 frg 0
ARGEVT Reap goal item_rockets
ARGEVT Reap route 8 start '2337.0 -55.0 -104.0' goal '1569.0 -695.0 184.0'
ARGEVT Reap hazard
ARGEVT Zeus goal weapon_supershotgun
ARGLOG Reap t  59.5 pos '2323.2 -76.8 -104.0' spd 280.2 yaw 9 mode 2 st 1 gl 6 hp 86 frg 1
ARGEVT Zeus routefail
ARGLOG Omi t  59.7 pos '2192.0 -2128.0  84.0' spd 0 yaw 55 mode 0 st 1 gl 6 hp 100 frg -1
ARGEVT Zeus goal 
ARGEVT Zeus route 14 start '2465.0 -503.0   8.0' goal '1345.0 -919.0  32.0'
ARGLOG Zeus t  60.0 pos '2497.6 -514.7   8.0' spd 366.3 yaw 140 mode 2 st 4 gl 1 hp 100 frg 0
ARGEVT Omi route 4 start '2145.0 -2071.0  88.0' goal '2465.0 -1751.0  24.0'
ARGLOG Reap t  60.1 pos '2367.0 -78.5 -88.0' spd 320.3 yaw 10 mode 2 st 1 gl 6 hp 86 frg 1
ARGLOG Omi t  60.2 pos '2189.9 -2128.0  84.0' spd  40.3 yaw 99 mode 2 st 1 gl 6 hp 100 frg -1
ARGLOG Zeus t  60.5 pos '2370.4 -431.6   8.0' spd 401.5 yaw 136 mode 2 st 4 gl 1 hp 100 frg 0
ARGLOG Reap t  60.6 pos '2532.4 -67.0 -64.0' spd 320.1 yaw 13 mode 2 st 1 gl 6 hp 86 frg 1
ARGLOG Omi t  60.7 pos '2160.0 -2128.0  84.0' spd 0 yaw 93 mode 2 st 1 gl 6 hp 100 frg -1
ARGEVT Zeus hazard
ARGLOG Zeus t  61.0 pos '2351.1 -304.0   8.0' spd 335.1 yaw 114 mode 2 st 4 gl 1 hp 100 frg 0
ARGLOG Reap t  61.1 pos '2688.0 -39.9 -72.0' spd  78.1 yaw 214 mode 2 st 1 gl 6 hp 86 frg 1
ARGEVT Reap hazard
SNDDBG outwater Zeus
ARGLOG Omi t  61.2 pos '2160.0 -2128.0  84.0' spd 0 yaw 93 mode 2 st 1 gl 6 hp 100 frg -1
ARGLOG Zeus t  61.5 pos '2185.7 -255.2  24.0' spd 395.6 yaw 99 mode 2 st 4 gl 1 hp 100 frg 0
ARGLOG Reap t  61.6 pos '2688.0  -2.9 -72.0' spd  50.9 yaw 215 mode 2 st 1 gl 6 hp 86 frg 1
ARGLOG Omi t  61.8 pos '2160.0 -2128.0  84.0' spd 0 yaw 93 mode 2 st 1 gl 6 hp 100 frg -1
ARGEVT Omi stall
ARGEVT Omi stallnode '2145.0 -1943.0  56.0'
ARGEVT Omi jump
ARGLOG Zeus t  62.0 pos '2173.0 -84.0  24.0' spd 324.0 yaw 72 mode 2 st 4 gl 1 hp 100 frg 0
ARGEVT Omi route 4 start '2145.0 -2071.0  88.0' goal '2465.0 -1751.0  24.0'
ARGLOG Reap t  62.1 pos '2688.0 -12.0 -72.0' spd  64.2 yaw 215 mode 2 st 1 gl 6 hp 86 frg 1
ARGEVT Reap hazard
ARGLOG Omi t  62.3 pos '2162.8 -2116.8 118.8' spd  33.2 yaw 95 mode 2 st 2 gl 6 hp 100 frg -1
ARGEVT Reap stall
ARGEVT Reap stallnode '2849.0   9.0 -72.0'
ARGEVT Reap jump
ARGLOG Zeus t  62.5 pos '2160.2  81.0  24.0' spd 321.4 yaw 59 mode 2 st 4 gl 1 hp 100 frg 0
ARGEVT Reap route 6 start '2625.0 -55.0 -72.0' goal '1569.0 -695.0 184.0'
ARGLOG Reap t  62.6 pos '2688.0   3.2 -33.1' spd  30.5 yaw 2 mode 2 st 2 gl 6 hp 86 frg 1
ARGLOG Omi t  62.8 pos '2155.8 -2018.3  88.0' spd 320.0 yaw 93 mode 2 st 2 gl 6 hp 100 frg -1
ARGLOG Zeus t  63.0 pos '2183.3 246.5  24.0' spd 337.4 yaw 18 mode 2 st 4 gl 1 hp 100 frg 0
ARGLOG Reap t  63.1 pos '2688.0 -49.7 -72.0' spd 325.5 yaw 214 mode 2 st 2 gl 6 hp 86 frg 1
ARGEVT Reap hazard
ARGLOG Omi t  63.3 pos '2192.6 -1855.4  24.0' spd 351.5 yaw 20 mode 2 st 2 gl 6 hp 100 frg -1
ARGEVT Reap engage Zeus
ARGEVT Zeus engage Reap
ARGLOG Zeus t  63.6 pos '2282.9 298.9  24.0' spd 267.2 yaw 313.6 mode 2 st 4 gl 1 hp 100 frg 0
ARGLOG Reap t  63.7 pos '2605.9 -51.1 -72.0' spd 330.1 yaw 154.2 mode 2 st 2 gl 6 hp 86 frg 1
ARGLOG Omi t  63.8 pos '2348.1 -1808.0  24.0' spd 347.7 yaw 36 mode 1 st 2 gl 6 hp 100 frg -1
ARGEVT Reap pursue
ARGEVT Zeus hazard
ARGLOG Zeus t  64.1 pos '2202.9 176.0  24.0' spd 106.6 yaw 318.2 mode 2 st 4 gl 1 hp 100 frg 0
ARGLOG Reap t  64.2 pos '2485.8  -8.1 -72.0' spd 322.9 yaw 121 mode 0 st 2 gl 6 hp 86 frg 1
ARGEVT Reap route 7 start '2529.0   9.0 -64.0' goal '1569.0 -695.0 184.0'
ARGEVT Omi goal item_armorInv
ARGLOG Omi t  64.3 pos '2498.7 -1727.3  24.0' spd 320.8 yaw  49.0 mode 0 st 2 gl 7 hp 100 frg -1
ARGEVT Omi route 8 start '2465.0 -1751.0  24.0' goal '2369.0 -599.0  56.0'
ARGEVT Reap hazard
ARGLOG Zeus t  64.6 pos '2263.6 244.0  24.0' spd 302.1 yaw 26 mode 2 st 4 gl 1 hp 100 frg 0
ARGEVT Zeus pursue
ARGLOG Reap t  64.7 pos '2355.7   8.0 -88.0' spd 628.0 yaw  77.5 mode 2 st 2 gl 6 hp 34 frg 1
ARGLOG Omi t  64.9 pos '2527.0 -1562.5  24.0' spd 337.8 yaw 99 mode 2 st 2 gl 7 hp 100 frg -1
ARGEVT Reap routefail
ARGLOG Zeus t  65.1 pos '2234.6 279.6  24.0' spd 320.2 yaw 266.5 mode 2 st 4 gl 1 hp 100 frg 0
ARGEVT Reap goal item_health
ARGLOG Reap t  65.2 pos '2212.6 -38.2 -136.0' spd  95.3 yaw  71.8 mode 0 st 2 gl 6 hp 34 frg 1
ARGEVT Reap routefail
ARGLOG Omi t  65.4 pos '2425.7 -1429.8  24.0' spd 336.7 yaw 81 mode 2 st 2 gl 7 hp 100 frg -1
ARGEVT Reap goal item_health
ARGEVT Reap pursue
ARGEVT Reap routefail
ARGEVT Reap death Reap pos '2321.4 -12.0 -104.0'
ARGLOG Zeus t  65.6 pos '2357.2 232.8   8.0' spd 330.1 yaw 29 mode 2 st 4 gl 1 hp 100 frg 0
ARGEVT Omi hazard
ARGLOG Omi t  65.9 pos '2453.4 -1287.8  24.0' spd 307.4 yaw 82 mode 2 st 2 gl 7 hp 100 frg -1
ARGLOG Zeus t  66.1 pos '2465.0 261.8 -56.0' spd 337.6 yaw 297 mode 2 st 4 gl 1 hp 100 frg 0
ARGLOG Omi t  66.4 pos '2508.9 -1126.4  24.0' spd 322.9 yaw 92 mode 2 st 2 gl 7 hp 100 frg -1
ARGLOG Zeus t  66.7 pos '2633.3 240.2 -72.0' spd 389.1 yaw 314 mode 2 st 4 gl 1 hp 100 frg 0
ARGEVT Omi lift
ARGEVT Omi jump
ARGLOG Omi t  66.9 pos '2501.7 -928.2  76.9' spd 320.0 yaw 133 mode 2 st 2 gl 7 hp 100 frg -1
ARGEVT Reap respawn
ARGEVT Reap goal item_armorInv
ARGLOG Reap t  67.1 pos '2576.0 -1328.0  24.0' spd 0 yaw 262 mode 0 st 2 gl 6 hp 100 frg 0
ARGLOG Zeus t  67.2 pos '2661.4  71.3 -72.0' spd 323.4 yaw 342 mode 2 st 4 gl 1 hp 100 frg 0
ARGEVT Omi engage Reap
ARGEVT Reap engage Omi
ARGEVT Reap routefail
ARGEVT Reap goal weapon_nailgun
ARGEVT Reap route 8 start '2529.0 -1367.0  24.0' goal '2529.0 -215.0  32.0'
ARGLOG Omi t  67.4 pos '2474.0 -923.3 120.0' spd 270.3 yaw 285.1 mode 2 st 2 gl 7 hp 100 frg -1
ARGEVT Reap hazard
ARGEVT Zeus hazard
ARGLOG Reap t  67.6 pos '2637.4 -1363.1  24.0' spd  97.9 yaw 106.7 mode 2 st 2 gl 6 hp 100 frg 0
ARGLOG Zeus t  67.7 pos '2688.0 -67.3 -72.0' spd 245.0 yaw 214 mode 2 st 4 gl 1 hp 100 frg 0
ARGEVT Omi pursue
ARGEVT Reap pursue
ARGLOG Omi t  67.9 pos '2474.2 -998.9 120.0' spd 304.2 yaw 267.7 mode 2 st 2 gl 7 hp 80 frg -1
ARGLOG Reap t  68.2 pos '2490.8 -1315.4  24.0' spd 322.4 yaw  90.4 mode 2 st 2 gl 6 hp 100 frg 0
ARGLOG Zeus t  68.2 pos '2688.0  14.9 -72.0' spd  59.2 yaw 216 mode 2 st 4 gl 1 hp 100 frg 0
ARGLOG Omi t  68.5 pos '2480.5 -1024.5 120.0' spd 321.1 yaw 255.8 mode 2 st 2 gl 7 hp 80 frg -1
ARGLOG Reap t  68.7 pos '2352.0 -1521.6  24.0' spd 452.6 yaw  79.6 mode 0 st 2 gl 6 hp 44 frg 0
ARGLOG Zeus t  68.7 pos '2688.0  -1.2 -72.0' spd   8.7 yaw 215 mode 2 st 4 gl 1 hp 100 frg 0
ARGEVT Omi pursue
ARGEVT Reap pursue
ARGEVT Zeus hazard
ARGEVT Reap route 9 start '2369.0 -1527.0  24.0' goal '2529.0 -215.0  32.0'
ARGLOG Omi t  69.0 pos '2527.4 -1113.9  88.8' spd 164.4 yaw 274.1 mode 2 st 2 gl 7 hp 64 frg -1
ARGLOG Reap t  69.2 pos '2501.3 -1574.7  24.0' spd 324.0 yaw  83.4 mode 2 st 2 gl 6 hp 44 frg 0
ARGEVT Zeus stall
ARGEVT Zeus stallnode '2849.0   9.0 -72.0'
ARGLOG Zeus t  69.2 pos '2688.0   6.4 -72.0' spd  58.8 yaw 375.1 mode 0 st 5 gl 1 hp 100 frg 0
ARGEVT Zeus jump
ARGEVT Omi route 5 start '2465.0 -1175.0  24.0' goal '2369.0 -599.0  56.0'
ARGEVT Reap death Omi pos '2568.5 -1571.5  24.0'
ARGEVT Zeus route 5 start '2625.0 -55.0 -72.0' goal '1345.0 -919.0  32.0'
ARGEVT Omi goal item_armorInv
ARGLOG Omi t  69.5 pos '2448.0 -1190.6  24.0' spd 127.9 yaw 197.4 mode 0 st 2 gl 7 hp 64 frg 0
ARGEVT Omi hazard
ARGEVT Omi route 5 start '2465.0 -1175.0  24.0' goal '2369.0 -599.0  56.0'
ARGLOG Zeus t  69.8 pos '2687.4   1.7 -49.6' spd  37.9 yaw 2 mode 2 st 5 gl 1 hp 100 frg 0
ARGLOG Omi t  70.0 pos '2454.5 -1170.1  24.0' spd 321.9 yaw 81 mode 2 st 2 gl 7 hp 64 frg 0
ARGEVT Zeus hazard
ARGLOG Zeus t  70.3 pos '2688.0 -75.5 -72.0' spd  54.1 yaw 213 mode 2 st 5 gl 1 hp 100 frg 0
ARGEVT Omi lift
ARGLOG Omi t  70.5 pos '2487.2 -991.5  39.8' spd 320.1 yaw 117 mode 2 st 2 gl 7 hp 64 frg 0
ARGEVT Omi jump
ARGLOG Zeus t  70.8 pos '2688.0 -57.9 -72.0' spd  76.1 yaw 214 mode 2 st 5 gl 1 hp 100 frg 0
ARGEVT Reap respawn
ARGEVT Reap goal weapon_supershotgun
ARGLOG Reap t  70.9 pos '2704.0 -2048.0 128.0' spd 0 yaw 278 mode 1 st 2 gl 6 hp 100 frg 0
ARGLOG Omi t  71.0 pos '2484.7 -906.2 120.0' spd 250.6 yaw 122 mode 2 st 2 gl 7 hp 64 frg 0
ARGEVT Zeus hazard
ARGLOG Zeus t  71.3 pos '2688.0 -33.7 -72.0' spd  31.8 yaw 215 mode 2 st 5 gl 1 hp 100 frg 0
ARGEVT Omi hazard
ARGLOG Reap t  71.5 pos '2725.9 -2203.0 120.0' spd 320.0 yaw 276 mode 1 st 2 gl 6 hp 100 frg 0
ARGLOG Omi t  71.6 pos '2443.6 -816.0 120.0' spd  23.0 yaw 108 mode 2 st 2 gl 7 hp 64 frg 0
ARGEVT Reap goal item_armorInv
ARGLOG Zeus t  71.8 pos '2688.0 -13.1 -72.0' spd  58.1 yaw 215 mode 2 st 5 gl 1 hp 100 frg 0
ARGEVT Reap route 18 start '2689.0 -2327.0 120.0' goal '2369.0 -599.0  56.0'
ARGEVT Reap hazard
ARGLOG Reap t  72.0 pos '2766.7 -2344.9 120.0' spd 163.2 yaw 161 mode 2 st 2 gl 7 hp 100 frg 0
ARGLOG Omi t  72.1 pos '2491.1 -785.8 120.0' spd 110.3 yaw 123 mode 2 st 2 gl 7 hp 64 frg 0
ARGLOG Zeus t  72.3 pos '2688.0  -0.8 -72.0' spd   8.7 yaw 215 mode 2 st 5 gl 1 hp 100 frg 0
ARGEVT Zeus hazard
ARGEVT Omi hazard
ARGLOG Reap t  72.5 pos '2730.4 -2180.4 120.0' spd 391.6 yaw 190 mode 2 st 2 gl 7 hp 100 frg 0
ARGLOG Omi t  72.6 pos '2444.4 -833.4 120.0' spd 124.2 yaw 107 mode 2 st 2 gl 7 hp 64 frg 0
ARGLOG Zeus t  72.8 pos '2688.0  15.4 -72.0' spd  31.8 yaw 216 mode 2 st 5 gl 1 hp 100 frg 0
ARGLOG Reap t  73.0 pos '2664.0 -2194.9 120.0' spd 132.7 yaw 225 mode 2 st 2 gl 7 hp 100 frg 0
ARGLOG Omi t  73.1 pos '2463.9 -784.0 120.0' spd 109.8 yaw 117 mode 2 st 2 gl 7 hp 64 frg 0
ARGEVT Reap hazard
ARGLOG Zeus t  73.4 pos '2688.0  16.0 -72.0' spd 0 yaw 216 mode 2 st 5 gl 1 hp 100 frg 0
ARGEVT Zeus hazard
ARGEVT Omi hazard
ARGLOG Reap t  73.5 pos '2664.0 -2246.3 120.0' spd  11.4 yaw 220 mode 2 st 2 gl 7 hp 100 frg 0
ARGEVT Zeus stall
ARGEVT Zeus stallnode '2849.0   9.0 -72.0'
ARGEVT Zeus jump
ARGLOG Omi t  73.6 pos '2440.0 -825.0 120.0' spd 111.4 yaw 107 mode 2 st 2 gl 7 hp 64 frg 0
ARGEVT Zeus route 5 start '2625.0 -55.0 -72.0' goal '1345.0 -919.0  32.0'
ARGLOG Zeus t  73.9 pos '2688.0   9.2 -33.1' spd  32.6 yaw 0 mode 2 st 6 gl 1 hp 100 frg 0
ARGLOG Reap t  74.0 pos '2664.0 -2249.7 120.0' spd 163.0 yaw 219 mode 2 st 2 gl 7 hp 100 frg 0
ARGLOG Omi t  74.1 pos '2440.0 -837.2 120.0' spd 185.3 yaw 106 mode 2 st 2 gl 7 hp 64 frg 0
ARGLOG Zeus t  74.4 pos '2671.2 -43.6 -72.0' spd 334.0 yaw 215 mode 2 st 6 gl 1 hp 100 frg 0
ARGEVT Omi hazard
ARGEVT Zeus hazard
ARGLOG Reap t  74.6 pos '2515.0 -2253.6 120.0' spd 326.1 yaw 224 mode 2 st 2 gl 7 hp 100 frg 0
ARGLOG Omi t  74.6 pos '2440.0 -848.0 120.0' spd 0 yaw 105 mode 2 st 2 gl 7 hp 64 frg 0
ARGLOG Zeus t  74.9 pos '2688.0 -62.2 -72.0' spd  38.5 yaw 214 mode 2 st 6 gl 1 hp 100 frg 0
ARGLOG Reap t  75.1 pos '2385.1 -2380.4 120.0' spd 326.9 yaw 224 mode 2 st 2 gl 7 hp 100 frg 0
ARGLOG Omi t  75.2 pos '2440.0 -848.0 120.0' spd 0 yaw 105 mode 2 st 2 gl 7 hp 64 frg 0
ARGLOG Zeus t  75.5 pos '2688.0 -30.3 -72.0' spd  39.8 yaw 215 mode 2 st 6 gl 1 hp 100 frg 0
ARGEVT Reap jump
ARGEVT Omi hazard
ARGEVT Zeus hazard
ARGLOG Reap t  75.6 pos '2320.0 -2512.0 176.5' spd 0 yaw 133 mode 2 st 2 gl 7 hp 100 frg 0
ARGLOG Omi t  75.7 pos '2440.0 -843.9 120.0' spd  84.5 yaw 106 mode 2 st 2 gl 7 hp 64 frg 0
ARGLOG Zeus t  76.1 pos '2688.0  -3.5 -72.0' spd  30.7 yaw 215 mode 2 st 6 gl 1 hp 100 frg 0
ARGLOG Reap t  76.2 pos '2286.4 -2480.4 184.0' spd 320.0 yaw 132 mode 2 st 2 gl 7 hp 100 frg 0
ARGLOG Omi t  76.3 pos '2440.0 -842.9 120.0' spd  82.9 yaw 106 mode 2 st 2 gl 7 hp 64 frg 0
ARGEVT Omi stall
ARGEVT Omi stallnode '2369.0 -727.0  56.0'
ARGEVT Omi jump
ARGEVT Reap hazard
ARGEVT Omi route 3 start '2497.0 -887.0 120.0' goal '2369.0 -599.0  56.0'
ARGLOG Zeus t  76.6 pos '2688.0  13.3 -72.0' spd  37.9 yaw 216 mode 2 st 6 gl 1 hp 100 frg 0
ARGEVT Zeus hazard
ARGLOG Reap t  76.8 pos '2160.0 -2368.6 200.0' spd 321.0 yaw 92 mode 2 st 2 gl 7 hp 100 frg 0
ARGLOG Omi t  76.8 pos '2440.0 -820.6 150.7' spd  32.4 yaw 262.5 mode 2 st 3 gl 7 hp 64 frg 0
ARGLOG Zeus t  77.2 pos '2688.0  16.0 -72.0' spd 0 yaw 216 mode 2 st 6 gl 1 hp 100 frg 0
ARGEVT Zeus stall
ARGEVT Zeus stallnode '2849.0   9.0 -72.0'
ARGEVT Zeus jump
ARGLOG Reap t  77.3 pos '2128.0 -2331.1  88.0' spd  41.1 yaw 87 mode 2 st 2 gl 7 hp 100 frg 0
ARGLOG Omi t  77.4 pos '2504.3 -922.4 120.0' spd 366.8 yaw 124 mode 2 st 3 gl 7 hp 64 frg 0
ARGEVT Zeus route 5 start '2625.0 -55.0 -72.0' goal '1345.0 -919.0  32.0'
ARGLOG Zeus t  77.8 pos '2687.6   3.0 -49.7' spd  38.3 yaw 2 mode 2 st 7 gl 1 hp 100 frg 0
ARGLOG Omi t  77.9 pos '2448.0 -1040.0  79.1' spd 0 yaw 104 mode 2 st 3 gl 7 hp 64 frg 0
ARGLOG Reap t  77.9 pos '2140.0 -2157.9  88.0' spd 320.1 yaw 89 mode 2 st 2 gl 7 hp 100 frg 0
ARGEVT Zeus hazard
ARGLOG Zeus t  78.3 pos '2688.0 -69.7 -72.0' spd  74.1 yaw 213 mode 2 st 7 gl 1 hp 100 frg 0
ARGLOG Omi t  78.4 pos '2448.0 -992.0  16.0' spd 0 yaw 106 mode 2 st 3 gl 7 hp 64 frg 0
ARGLOG Reap t  78.4 pos '2146.8 -1978.2  72.0' spd 320.1 yaw 36 mode 2 st 2 gl 7 hp 100 frg 0
ARGLOG Zeus t  78.9 pos '2688.0 -42.0 -72.0' spd  38.9 yaw 214 mode 2 st 7 gl 1 hp 100 frg 0
ARGLOG Omi t 79 pos '2448.0 -992.0  16.0' spd 0 yaw 106 mode 2 st 3 gl 7 hp 64 frg 0
ARGLOG Reap t 79 pos '2252.0 -1835.1  24.0' spd 331.0 yaw 48 mode 2 st 2 gl 7 hp 100 frg 0
ARGEVT Zeus hazard
ARGLOG Zeus t  79.4 pos '2688.0 -22.4 -72.0' spd  38.4 yaw 215 mode 2 st 7 gl 1 hp 100 frg 0
ARGEVT Omi stall
ARGEVT Omi stallnode '2401.0 -823.0 120.0'
ARGEVT Omi jump
ARGEVT Omi route 5 start '2465.0 -1047.0  24.0' goal '2369.0 -599.0  56.0'
ARGLOG Omi t  79.5 pos '2448.0 -992.0  40.4' spd 0 yaw 39 mode 2 st 4 gl 7 hp 64 frg 0
ARGEVT Reap engage Omi
ARGLOG Reap t  79.5 pos '2405.2 -1773.8  24.0' spd 353.4 yaw  93.7 mode 2 st 2 gl 7 hp 100 frg 0
ARGEVT Zeus abandon
ARGEVT Zeus goal item_armor2
ARGEVT Omi engage Reap
ARGLOG Zeus t  79.9 pos '2688.0  -4.4 -72.0' spd  49.7 yaw 347 mode 1 st 7 gl 1 hp 100 frg 0
ARGLOG Omi t  80.1 pos '2461.0 -1026.7  24.0' spd 320.2 yaw 271.1 mode 2 st 4 gl 7 hp 64 frg 0
ARGLOG Reap t  80.1 pos '2456.3 -1597.8  24.0' spd 320.7 yaw  93.2 mode 2 st 2 gl 7 hp 100 frg 0
ARGEVT Zeus stall
ARGEVT Zeus jump
ARGEVT Zeus route 1 start '2625.0 -55.0 -72.0' goal '2753.0 -55.0 -72.0'
ARGLOG Zeus t  80.5 pos '2688.0  -1.3 -35.8' spd  13.4 yaw 345 mode 1 st 8 gl 1 hp 100 frg 0
ARGLOG Omi t  80.6 pos '2486.8 -1122.7  24.0' spd 320.4 yaw 291.2 mode 2 st 4 gl 7 hp 52 frg 0
ARGLOG Reap t  80.6 pos '2587.1 -1505.3  24.0' spd  72.9 yaw 107.3 mode 2 st 2 gl 7 hp 100 frg 0
ARGEVT Zeus hazard
ARGEVT Zeus stall
ARGEVT Zeus jump
ARGLOG Zeus t  81.1 pos '2688.0  -4.2 -58.3' spd  40.0 yaw 212.7 mode 0 st 9 gl 1 hp 100 frg 0
ARGLOG Omi t  81.2 pos '2498.4 -1117.0  24.0' spd 320.2 yaw 239.5 mode 2 st 4 gl 7 hp 17 frg 0
ARGLOG Reap t  81.2 pos '2416.2 -1491.1  24.0' spd 322.1 yaw  79.8 mode 2 st 2 gl 7 hp 100 frg 0
ARGEVT Omi death Omi pos '2518.6 -1154.6  24.0'
ARGLOG Zeus t  81.6 pos '2663.6   2.6 -72.0' spd  45.1 yaw 212.7 mode 0 st 9 gl 1 hp 100 frg 0
ARGLOG Reap t  81.7 pos '2490.3 -1473.3  24.0' spd 366.6 yaw 89 mode 2 st 2 gl 7 hp 100 frg 0
ARGLOG Zeus t  82.1 pos '2533.2 -78.9 -64.0' spd 320.0 yaw  73.5 mode 0 st 9 gl 1 hp 100 frg 0
ARGLOG Reap t  82.3 pos '2530.9 -1291.2  24.0' spd 327.7 yaw 95 mode 2 st 2 gl 7 hp 100 frg 0
ARGEVT Zeus goal 
ARGLOG Zeus t  82.7 pos '2463.6   1.6 -72.0' spd 320.0 yaw 188 mode 1 st 9 gl 1 hp 100 frg 0
ARGLOG Reap t  82.9 pos '2494.8 -1115.0  24.0' spd 321.0 yaw 89 mode 2 st 2 gl 7 hp 100 frg 0
ARGEVT Zeus goal 
ARGEVT Omi respawn
ARGEVT Omi goal weapon_rocketlauncher
ARGLOG Omi t  83.1 pos '1712.0 -504.0  24.0' spd 0 yaw 250.2 mode 0 st 4 gl 7 hp 100 frg -1
ARGEVT Zeus routefail
ARGLOG Zeus t  83.2 pos '2304.3 -30.0 -120.0' spd 348.7 yaw 246.8 mode 0 st 9 gl 2 hp 100 frg 0
ARGEVT Reap lift
ARGEVT Reap jump
ARGEVT Zeus goal item_armorInv
ARGEVT Zeus routefail
ARGLOG Reap t  83.4 pos '2496.1 -914.9  84.2' spd 320.1 yaw 124 mode 2 st 2 gl 7 hp 100 frg 0
ARGEVT Omi route 19 start '1665.0 -567.0  24.0' goal '1441.0 -695.0 184.0'
ARGEVT Zeus goal weapon_rocketlauncher
ARGEVT Zeus routefail
ARGLOG Omi t  83.7 pos '1651.6 -655.4  24.0' spd 334.1 yaw 24 mode 2 st 4 gl 7 hp 100 frg -1
ARGLOG Zeus t  83.7 pos '2243.4 -208.0 -136.0' spd 122.7 yaw 205.6 mode 0 st 9 gl 2 hp 100 frg 0
ARGEVT Zeus goal item_armor2
ARGEVT Zeus routefail
ARGLOG Reap t  83.9 pos '2448.0 -843.9 120.0' spd 294.8 yaw 124 mode 2 st 2 gl 7 hp 100 frg 0
ARGEVT Reap hazard
ARGEVT Zeus trapped
ARGEVT Zeus death Zeus pos '2208.6 -196.7 -136.0'
ARGLOG Omi t  84.2 pos '1744.0 -704.0  20.0' spd 0 yaw 43 mode 2 st 4 gl 7 hp 100 frg -1
ARGLOG Reap t  84.4 pos '2440.0 -826.2 120.0' spd   3.5 yaw 107 mode 2 st 2 gl 7 hp 100 frg 0
ARGLOG Omi t  84.8 pos '1744.0 -704.0  20.0' spd 0 yaw 43 mode 2 st 4 gl 7 hp 100 frg -1
ARGEVT Reap stall
ARGEVT Reap stallnode '2369.0 -727.0  56.0'
ARGEVT Reap jump
ARGEVT Reap route 3 start '2497.0 -887.0 120.0' goal '2369.0 -599.0  56.0'
ARGLOG Reap t  85.0 pos '2440.0 -825.4 151.9' spd  21.9 yaw 184.8 mode 2 st 3 gl 7 hp 100 frg 0
ARGLOG Omi t  85.3 pos '1744.0 -704.0  20.0' spd 0 yaw 43 mode 2 st 4 gl 7 hp 100 frg -1
ARGLOG Reap t  85.5 pos '2450.0 -842.8 120.0' spd 211.9 yaw 317 mode 2 st 3 gl 7 hp 100 frg 0
ARGEVT Zeus respawn
ARGEVT Zeus goal weapon_grenadelauncher
ARGLOG Zeus t  85.6 pos '2048.0 -1352.0 136.0' spd 0 yaw 160.2 mode 0 st 9 gl 2 hp 100 frg -1
ARGEVT Zeus routefail
ARGLOG Omi t  85.8 pos '1744.0 -704.0  20.0' spd 0 yaw 43 mode 2 st 4 gl 7 hp 100 frg -1
ARGEVT Zeus goal item_health
ARGEVT Omi stall
ARGEVT Omi stallnode '1825.0 -535.0  40.0'
ARGEVT Omi jump
ARGEVT Zeus routefail
ARGLOG Reap t  86.0 pos '2452.6 -995.6 120.0' spd 407.5 yaw 107 mode 2 st 3 gl 7 hp 100 frg 0
ARGEVT Reap hazard
ARGEVT Zeus hazard
ARGEVT Zeus goal item_armor2
ARGLOG Zeus t  86.1 pos '1957.5 -1232.0 136.0' spd 258.3 yaw  92.2 mode 0 st 9 gl 2 hp 100 frg -1
ARGEVT Zeus routefail
ARGLOG Omi t  86.3 pos '1740.0 -690.4  50.3' spd  52.3 yaw 183 mode 0 st 5 gl 7 hp 100 frg -1
ARGEVT Zeus goal 
ARGEVT Omi route 20 start '1665.0 -695.0  24.0' goal '1441.0 -695.0 184.0'
ARGLOG Reap t  86.6 pos '2448.0 -909.7 120.0' spd 332.0 yaw 113 mode 2 st 3 gl 7 hp 100 frg 0
ARGLOG Zeus t  86.7 pos '1797.0 -1172.4  49.5' spd 336.0 yaw 271.0 mode 1 st 9 gl 2 hp 100 frg -1
ARGLOG Omi t  86.9 pos '1652.6 -597.8  24.0' spd 377.0 yaw 13 mode 2 st 5 gl 7 hp 100 frg -1
ARGLOG Reap t  87.1 pos '2448.0 -787.8 120.0' spd 276.8 yaw 112 mode 2 st 3 gl 7 hp 100 frg 0
ARGEVT Reap hazard
ARGLOG Zeus t  87.2 pos '1835.2 -1264.0  20.0' spd 308.5 yaw 334.3 mode 1 st 9 gl 2 hp 100 frg -1
ARGEVT Zeus hazard
ARGLOG Omi t  87.4 pos '1808.7 -504.6  40.0' spd 361.1 yaw 353 mode 2 st 5 gl 7 hp 100 frg -1
ARGLOG Reap t  87.6 pos '2448.0 -806.4 120.0' spd 186.7 yaw 110 mode 2 st 3 gl 7 hp 100 frg 0
ARGLOG Zeus t  87.8 pos '1848.8 -1264.0  20.0' spd 321.6 yaw 188 mode 1 st 9 gl 2 hp 100 frg -1
ARGLOG Omi t  88.0 pos '1988.0 -527.0 104.0' spd 353.7 yaw 85 mode 2 st 5 gl 7 hp 100 frg -1
ARGLOG Reap t  88.2 pos '2448.0 -803.3 120.0' spd 119.8 yaw 111 mode 2 st 3 gl 7 hp 100 frg 0
ARGEVT Reap hazard
ARGLOG Zeus t  88.4 pos '1683.2 -1301.5  20.0' spd 328.5 yaw 327.8 mode 1 st 9 gl 2 hp 100 frg -1
ARGLOG Omi t  88.5 pos '2032.5 -349.3  88.0' spd 341.2 yaw 94 mode 2 st 5 gl 7 hp 100 frg -1
ARGEVT Zeus jump
ARGLOG Reap t  88.7 pos '2450.3 -784.0 120.0' spd 271.7 yaw 113 mode 2 st 3 gl 7 hp 100 frg 0
ARGLOG Zeus t  88.9 pos '1790.5 -1392.0  68.3' spd  82.0 yaw 30 mode 1 st 9 gl 2 hp 100 frg -1
ARGLOG Omi t  89.0 pos '2002.3 -189.4  24.0' spd 334.1 yaw 67 mode 2 st 5 gl 7 hp 100 frg -1
ARGEVT Zeus plan powerup via weapon
ARGEVT Zeus goal weapon_nailgun
ARGEVT Zeus routefail
ARGEVT Reap hazard
ARGLOG Reap t  89.3 pos '2448.0 -804.7 120.0' spd 187.3 yaw 111 mode 2 st 3 gl 7 hp 100 frg 0
ARGEVT Zeus goal item_artifact_super_damage
ARGEVT Zeus routefail
ARGLOG Zeus t  89.5 pos '1862.2 -1308.8  72.0' spd 332.3 yaw 84 mode 0 st 9 gl 3 hp 100 frg -1
ARGEVT Zeus hazard
ARGEVT Zeus goal item_armorInv
ARGLOG Omi t  89.6 pos '2073.8 -23.4  24.0' spd 320.0 yaw 56 mode 2 st 5 gl 7 hp 100 frg -1
ARGEVT Zeus routefail
ARGEVT Zeus goal 
ARGLOG Reap t  89.9 pos '2448.0 -807.4 120.0' spd 192.7 yaw 110 mode 2 st 3 gl 7 hp 100 frg 0
ARGEVT Zeus routefail
ARGLOG Zeus t  90.0 pos '1869.6 -1129.2  25.3' spd 386.3 yaw  62.8 mode 0 st 9 gl 3 hp 100 frg -1
ARGEVT Zeus trapped
ARGEVT Zeus death Zeus pos '1880.2 -1086.4  20.0'
ARGLOG Omi t  90.2 pos '2117.6 127.9  24.0' spd 325.8 yaw 32 mode 2 st 5 gl 7 hp 100 frg -1
ARGEVT Reap hazard
ARGLOG Reap t  90.4 pos '2448.0 -803.2 120.0' spd 120.8 yaw 111 mode 2 st 3 gl 7 hp 100 frg 0
ARGLOG Omi t  90.7 pos '2226.4 271.6  24.0' spd 321.4 yaw 15 mode 2 st 5 gl 7 hp 100 frg -1
ARGEVT Reap stall
ARGEVT Reap stallnode '2369.0 -727.0  56.0'
ARGEVT Reap jump
ARGEVT Reap route 3 start '2561.0 -791.0 120.0' goal '2369.0 -599.0  56.0'
ARGLOG Reap t  91.0 pos '2448.0 -784.2 152.0' spd   3.1 yaw 220 mode 2 st 4 gl 7 hp 100 frg 0
