LOG started on: 08/27/2026 13:03:18 
Playing registered version.
UDP Initialized
WIPX_OpenSocket: Address family not supported by protocol family
WIPX_Init: Unable to open control socket, IPX disabled
Exe: 20:02:47 Jul 31 2024
256.0 megabyte heap

Language initialization
Couldn't load 'localization/loc_english.txt'
from 'C:\argus\engine'

========= Quake Initialized =========

execing autoexec.cfg
SpawnServer: dm4
Clearing memory
Programs occupy 592K.
trying to open external vis file
maps/dm4.vis not found, trying argus.vis
external vis not found
ARGUS slots 8
ARGUS worldspawn reached
ARGNAV 145 nodes, 831 links
0 entities inhibited
ARGUS init on dm4
ARGEVT Carmack spawned
ARGEVT Romero spawned
ARGEVT Joe Rogan spawned
Server spawned.
ARGLOG Joe Rogan t   1.2 pos '272.0 -952.0  24.0' spd 0 yaw 323.2 mode 0 st 0 gl 0 hp 100 frg 0
ARGLOG Romero t   1.2 pos '-64.0 -232.0 -72.0' spd 0 yaw  10.2 mode 0 st 0 gl 0 hp 100 frg 0
ARGLOG Carmack t   1.2 pos '-64.0 512.0 -296.0' spd 0 yaw 252.0 mode 0 st 0 gl 0 hp 100 frg 0
ARGEVT Joe Rogan goal weapon_rocketlauncher
ARGEVT Romero goal weapon_rocketlauncher
ARGEVT Carmack goal weapon_supernailgun
ARGEVT Joe Rogan route 12 start '305.0 -983.0  24.0' goal '721.0 -887.0 -232.0'
ARGEVT Romero hazard
ARGLOG Joe Rogan t   1.7 pos '424.5 -994.9  24.0' spd 401.9 yaw 114 mode 2 st 0 gl 0 hp 100 frg 0
ARGLOG Romero t   1.7 pos ' 91.4 -218.2 -72.0' spd 390.8 yaw  71.9 mode 0 st 0 gl 0 hp 100 frg 0
ARGLOG Carmack t   1.7 pos '-71.7 354.0 -296.0' spd 333.7 yaw 306 mode 0 st 0 gl 0 hp 100 frg 0
ARGEVT Romero route 9 start ' 49.0 -247.0 -72.0' goal ' 49.0 105.0 -296.0'
ARGEVT Carmack routefail
ARGEVT Carmack goal weapon_rocketlauncher
ARGEVT Carmack route 2 start '-47.0 201.0 -296.0' goal ' 49.0 105.0 -296.0'
ARGLOG Joe Rogan t   2.2 pos '390.7 -828.7  24.0' spd 320.2 yaw 110 mode 2 st 0 gl 0 hp 100 frg 0
ARGLOG Romero t   2.2 pos '116.8 -216.9 -72.0' spd 321.5 yaw 212 mode 2 st 0 gl 0 hp 100 frg 0
ARGLOG Carmack t   2.2 pos '-38.3 190.6 -296.0' spd 320.4 yaw 316 mode 2 st 0 gl 0 hp 100 frg 0
ARGEVT Carmack hazard
ARGLOG Joe Rogan t   2.7 pos '310.4 -682.0  24.0' spd 340.9 yaw 54 mode 2 st 0 gl 0 hp 100 frg 0
ARGLOG Romero t   2.7 pos '-38.9 -272.0 -72.0' spd 357.0 yaw 254 mode 2 st 0 gl 0 hp 100 frg 0
ARGLOG Carmack t   2.7 pos '-16.0  22.3 -296.0' spd 268.7 yaw 23 mode 1 st 0 gl 0 hp 100 frg 0
ARGEVT Romero route 8 start '-143.0 -375.0 -72.0' goal ' 49.0 105.0 -296.0'
ARGLOG Joe Rogan t   3.3 pos '372.0 -523.6  24.0' spd 324.0 yaw 52 mode 2 st 0 gl 0 hp 100 frg 0
ARGEVT Romero goal weapon_lightning
ARGLOG Romero t   3.3 pos '-118.5 -409.6 -72.0' spd 353.1 yaw 337.2 mode 0 st 0 gl 0 hp 100 frg 0
ARGEVT Carmack goal item_artifact_super_damage
ARGLOG Carmack t   3.3 pos ' 42.6  78.7 -296.0' spd 355.3 yaw 358 mode 0 st 0 gl 1 hp 100 frg 0
ARGEVT Romero route 4 start '-143.0 -375.0 -72.0' goal '529.0 -311.0 -104.0'
ARGEVT Carmack route 6 start ' 49.0 105.0 -296.0' goal '177.0  73.0 -104.0'
ARGEVT Romero hazard
ARGEVT Carmack hazard
ARGLOG Joe Rogan t   3.8 pos '486.7 -386.6  11.4' spd 308.9 yaw 50 mode 2 st 0 gl 0 hp 100 frg 0
ARGLOG Romero t   3.8 pos '-16.0 -528.8 -72.0' spd 227.1 yaw  42.8 mode 2 st 0 gl 0 hp 100 frg 0
ARGLOG Carmack t   3.8 pos '112.0 125.7 -296.0' spd 186.4 yaw 236 mode 2 st 0 gl 1 hp 100 frg 0
ARGEVT Romero goal item_armorInv
ARGEVT Romero route 7 start '-47.0 -471.0 -72.0' goal '817.0 -855.0 -232.0'
ARGLOG Joe Rogan t   4.3 pos '571.6 -235.9 -104.0' spd 332.5 yaw 358 mode 2 st 0 gl 0 hp 100 frg 0
ARGLOG Romero t   4.3 pos '-111.9 -499.7 -72.0' spd 409.8 yaw 271.0 mode 2 st 0 gl 0 hp 100 frg 0
ARGLOG Carmack t   4.3 pos '-50.1  56.6 -296.0' spd 399.8 yaw 306.0 mode 2 st 0 gl 1 hp 100 frg 0
ARGEVT Joe Rogan jump
ARGUS routecache adopt
ARGEVT Romero route 4 start '817.0 -247.0  24.0' goal '817.0 -855.0 -232.0'
ARGLOG Joe Rogan t   4.9 pos '624.0 -149.1 -80.8' spd  14.1 yaw 334 mode 2 st 0 gl 0 hp 100 frg 0
ARGLOG Romero t   4.9 pos '816.1 -199.9  24.0' spd 258.6 yaw 212.5 mode 2 st 0 gl 0 hp 100 frg 0
ARGLOG Carmack t   4.9 pos '-27.1 -130.7 -296.0' spd 333.0 yaw 344 mode 2 st 0 gl 1 hp 100 frg 0
ARGEVT Romero hazard
ARGEVT Joe Rogan jump
ARGEVT Carmack engage Joe Rogan
ARGLOG Joe Rogan t   5.4 pos '624.0 -215.2 -67.7' spd  15.8 yaw 351 mode 2 st 0 gl 0 hp 100 frg 0
ARGEVT Romero engage Carmack
ARGEVT Romero grab item_armor1
ARGLOG Romero t   5.4 pos '634.9 -200.3  24.0' spd 393.1 yaw 195.4 mode 2 st 0 gl 0 hp 100 frg 0
ARGLOG Carmack t   5.4 pos '-18.7 -272.0 -296.0' spd 320.5 yaw   5.6 mode 2 st 0 gl 1 hp 100 frg 0
ARGEVT Carmack hazard
ARGEVT Joe Rogan engage Romero
ARGEVT Joe Rogan grab item_armor1
ARGUS Carmack shove
ARGEVT Romero route 6 start '561.0 -151.0  24.0' goal '817.0 -855.0 -232.0'
ARGLOG Joe Rogan t   6.0 pos '587.4 -164.1 -104.0' spd 320.2 yaw 149.4 mode 2 st 0 gl 0 hp 100 frg 0
ARGEVT Joe Rogan jump
ARGLOG Romero t   6.0 pos '465.4 -86.5 -40.9' spd 309.9 yaw 202.2 mode 2 st 0 gl 0 hp 100 frg 0
ARGLOG Carmack t   6.0 pos '134.3 -231.9 -296.0' spd 330.5 yaw  27.8 mode 2 st 0 gl 1 hp 100 frg 0
ARGEVT Romero jump
ARGLOG Joe Rogan t   6.6 pos '554.8 -145.0 -91.9' spd  36.1 yaw 114.0 mode 2 st 0 gl 0 hp 100 frg 0
ARGLOG Romero t   6.6 pos '533.7 -99.6 -73.1' spd  30.0 yaw 201.9 mode 2 st 0 gl 0 hp 58 frg 0
ARGLOG Carmack t   6.6 pos '188.9 -221.6 -296.0' spd  93.7 yaw  12.4 mode 2 st 0 gl 1 hp 76 frg 0
ARGEVT Carmack hazard
ARGEVT Romero death Joe Rogan pos '520.9 -110.4 -38.9'
ARGEVT Joe Rogan jump
ARGEVT Carmack pursue
ARGEVT Carmack routefail
ARGEVT Joe Rogan goal item_artifact_super_damage
ARGEVT Carmack goal item_armorInv
ARGLOG Joe Rogan t   7.1 pos '621.8 -284.5 -66.4' spd 321.2 yaw 182.6 mode 0 st 0 gl 0 hp 100 frg 1
ARGLOG Carmack t   7.1 pos '258.0 -219.6 -296.0' spd 320.3 yaw 14 mode 0 st 0 gl 1 hp 76 frg 0
ARGEVT Joe Rogan routefail
ARGEVT Joe Rogan goal 
ARGEVT Carmack route 16 start '369.0 -215.0 -296.0' goal '817.0 -855.0 -232.0'
ARGLOG Joe Rogan t   7.7 pos '514.8 -392.3 -104.0' spd 340.4 yaw 155 mode 1 st 0 gl 0 hp 100 frg 1
ARGLOG Carmack t   7.7 pos '439.8 -240.9 -296.0' spd 354.6 yaw 40 mode 2 st 0 gl 1 hp 76 frg 0
ARGEVT Joe Rogan hazard
ARGLOG Joe Rogan t   8.3 pos '382.1 -393.4 -104.0' spd 143.3 yaw  33.3 mode 1 st 0 gl 0 hp 100 frg 1
ARGLOG Carmack t   8.3 pos '622.5 -195.0 -296.0' spd 362.7 yaw  73.0 mode 2 st 0 gl 1 hp 76 frg 0
ARGEVT Romero respawn
ARGEVT Romero goal weapon_rocketlauncher
ARGLOG Romero t   8.4 pos '112.0 -1136.0 -104.0' spd 0 yaw  24.8 mode 0 st 0 gl 0 hp 100 frg 0
ARGEVT Romero engage Joe Rogan
ARGEVT Romero grab weapon_supershotgun
ARGEVT Joe Rogan engage Romero
ARGEVT Joe Rogan weapon sg
ARGEVT Romero route 16 start ' 81.0 -1079.0 -104.0' goal '721.0 -887.0 -232.0'
ARGEVT Carmack hazard
ARGLOG Joe Rogan t   8.8 pos '472.8 -430.7 -104.0' spd 322.9 yaw 243.4 mode 1 st 0 gl 0 hp 100 frg 1
ARGLOG Carmack t   8.8 pos '592.0 -109.3 -296.0' spd 350.8 yaw 172.8 mode 2 st 0 gl 1 hp 76 frg 0
ARGEVT Romero pursue
ARGEVT Joe Rogan pursue
ARGLOG Romero t   8.9 pos '266.1 -1057.0 -104.0' spd 365.2 yaw 74 mode 2 st 0 gl 0 hp 100 frg 0
ARGLOG Joe Rogan t   9.4 pos '412.3 -506.4 -104.0' spd 333.6 yaw 265.5 mode 1 st 0 gl 0 hp 96 frg 1
ARGLOG Carmack t   9.4 pos '603.2 -46.3 -296.0' spd 320.1 yaw 83 mode 2 st 0 gl 1 hp 76 frg 0
ARGLOG Romero t   9.5 pos '361.5 -1018.1 -104.0' spd 354.4 yaw  89.2 mode 2 st 0 gl 0 hp 92 frg 0
ARGEVT Romero route 17 start '369.0 -983.0 -104.0' goal '721.0 -887.0 -232.0'
ARGLOG Joe Rogan t   9.9 pos '342.0 -528.7 -104.0' spd 313.3 yaw 282.1 mode 1 st 0 gl 0 hp 84 frg 1
ARGLOG Carmack t   9.9 pos '539.8 115.0 -296.0' spd 402.5 yaw 221.2 mode 2 st 0 gl 1 hp 100 frg 0
ARGEVT Carmack hazard
ARGLOG Romero t  10.1 pos '378.9 -1027.3 -104.0' spd 322.3 yaw  84.6 mode 0 st 0 gl 0 hp 100 frg 0
ARGUS routecache adopt
ARGEVT Romero route 17 start '369.0 -983.0 -104.0' goal '721.0 -887.0 -232.0'
ARGEVT Joe Rogan grab item_health
ARGLOG Joe Rogan t  10.5 pos '360.9 -519.9 -104.0' spd 181.0 yaw 257.3 mode 1 st 0 gl 0 hp 84 frg 1
ARGLOG Carmack t  10.5 pos '617.9  14.2 -296.0' spd 330.0 yaw 320.8 mode 2 st 0 gl 1 hp 100 frg 0
ARGLOG Romero t  10.6 pos '201.1 -992.0 -104.0' spd 326.9 yaw  67.3 mode 2 st 0 gl 0 hp 92 frg 0
ARGEVT Joe Rogan hazard
ARGEVT Joe Rogan pursue
ARGLOG Joe Rogan t  11.0 pos '412.2 -432.4 -104.0' spd 228.6 yaw 250 mode 1 st 0 gl 0 hp 72 frg 1
ARGLOG Carmack t  11.0 pos '625.3 -148.8 -296.0' spd 326.2 yaw 231 mode 2 st 0 gl 1 hp 100 frg 0
ARGEVT Romero pursue
ARGLOG Romero t  11.2 pos '131.7 -824.9 -104.0' spd 358.6 yaw 51 mode 0 st 0 gl 0 hp 92 frg 0
ARGEVT Romero route 17 start '177.0 -855.0 -104.0' goal '721.0 -887.0 -232.0'
ARGEVT Romero hazard
ARGEVT Carmack hazard
ARGLOG Joe Rogan t  11.6 pos '342.6 -522.3 -104.0' spd 372.6 yaw 247 mode 1 st 0 gl 0 hp 72 frg 1
ARGLOG Carmack t  11.6 pos '587.8 -272.0 -296.0' spd 337.6 yaw 288.5 mode 0 st 0 gl 1 hp 100 frg 0
ARGEVT Carmack route 14 start '593.0 -215.0 -296.0' goal '817.0 -855.0 -232.0'
ARGEVT Joe Rogan hazard
ARGLOG Romero t  11.7 pos '273.4 -786.8 -104.0' spd 379.6 yaw 308.5 mode 2 st 0 gl 0 hp 92 frg 0
ARGEVT Joe Rogan weapon lg
ARGLOG Joe Rogan t  12.2 pos '286.0 -483.8 -104.0' spd 340.6 yaw 250.0 mode 1 st 0 gl 0 hp 52 frg 1
ARGLOG Carmack t  12.2 pos '608.2 -272.0 -296.0' spd 336.8 yaw 87 mode 2 st 0 gl 1 hp 100 frg 0
ARGLOG Romero t  12.3 pos '162.1 -772.8 -104.0' spd 321.3 yaw  66.4 mode 2 st 0 gl 0 hp 92 frg 0
ARGEVT Joe Rogan pursue
ARGEVT Romero hazard
ARGEVT Romero pursue
ARGEVT Carmack hazard
ARGLOG Joe Rogan t  12.7 pos '317.9 -580.6 -104.0' spd 343.2 yaw 260 mode 1 st 0 gl 0 hp 52 frg 1
ARGLOG Carmack t  12.7 pos '432.4 -212.2 -296.0' spd 397.6 yaw 130.8 mode 2 st 0 gl 1 hp 100 frg 0
ARGLOG Romero t  12.8 pos ' 82.1 -819.9 -104.0' spd 113.7 yaw  88.2 mode 2 st 0 gl 0 hp 92 frg 0
ARGEVT Joe Rogan retreat
ARGLOG Joe Rogan t  13.3 pos '321.0 -743.2 -104.0' spd 241.2 yaw 192.0 mode 1 st 0 gl 0 hp 16 frg 1
ARGLOG Carmack t  13.3 pos '256.6 -268.3 -296.0' spd 312.6 yaw 310.0 mode 0 st 0 gl 1 hp 100 frg 0
ARGLOG Romero t  13.4 pos '183.5 -824.5 -104.0' spd 457.4 yaw  40.9 mode 2 st 0 gl 0 hp 32 frg 0
ARGEVT Carmack route 17 start '241.0 -279.0 -296.0' goal '817.0 -855.0 -232.0'
ARGEVT Romero grab item_health
ARGLOG Joe Rogan t  13.8 pos '352.8 -573.1 -104.0' spd 345.6 yaw 257.3 mode 1 st 0 gl 0 hp 16 frg 1
ARGLOG Carmack t  13.8 pos '361.7 -240.8 -296.0' spd 324.7 yaw 33 mode 2 st 0 gl 1 hp 100 frg 0
ARGLOG Romero t  14.0 pos '308.1 -965.8 -104.0' spd 334.1 yaw  82.2 mode 2 st 0 gl 0 hp 32 frg 0
ARGEVT Joe Rogan weapon sg
ARGLOG Joe Rogan t  14.3 pos '400.8 -418.1 -104.0' spd 320.3 yaw 270.9 mode 1 st 0 gl 0 hp 12 frg 1
ARGLOG Carmack t  14.3 pos '527.7 -266.3 -296.0' spd 358.6 yaw 69 mode 2 st 0 gl 1 hp 100 frg 0
ARGLOG Romero t  14.5 pos '445.2 -915.4 -104.0' spd 350.1 yaw  88.9 mode 0 st 0 gl 0 hp 62 frg 0
ARGEVT Joe Rogan pursue
ARGEVT Romero pursue
ARGEVT Romero route 18 start '401.0 -887.0 -104.0' goal '721.0 -887.0 -232.0'
ARGEVT Carmack hazard
ARGLOG Joe Rogan t  14.9 pos '456.9 -419.9 -104.0' spd 323.0 yaw 281.8 mode 1 st 0 gl 0 hp 12 frg 1
ARGEVT Joe Rogan hazard
ARGLOG Carmack t  14.9 pos '615.3 -126.2 -296.0' spd 382.8 yaw 167 mode 2 st 0 gl 1 hp 100 frg 0
ARGEVT Romero hazard
ARGLOG Romero t  15.0 pos '437.3 -758.9 -104.0' spd 344.6 yaw 155.8 mode 2 st 0 gl 0 hp 62 frg 0
ARGLOG Joe Rogan t  15.5 pos '501.6 -432.0 -104.0' spd 314.3 yaw 234.2 mode 1 st 0 gl 0 hp 12 frg 1
ARGLOG Carmack t  15.5 pos '577.7 -235.9 -296.0' spd 339.5 yaw 226 mode 0 st 0 gl 1 hp 100 frg 0
ARGLOG Romero t  15.6 pos '307.6 -809.0 -104.0' spd 353.5 yaw 146 mode 2 st 0 gl 0 hp 62 frg 0
ARGEVT Carmack route 14 start '593.0 -215.0 -296.0' goal '817.0 -855.0 -232.0'
ARGEVT Joe Rogan weapon lg
ARGLOG Joe Rogan t  16.0 pos '478.2 -417.9 -104.0' spd 320.0 yaw 253.8 mode 1 st 0 gl 0 hp 12 frg 1
ARGLOG Carmack t  16.0 pos '654.1 -246.9 -296.0' spd 264.8 yaw 245.8 mode 2 st 0 gl 1 hp 100 frg 0
ARGEVT Carmack hazard
ARGLOG Romero t  16.1 pos '402.4 -833.2 -104.0' spd 320.1 yaw  71.9 mode 0 st 0 gl 0 hp 62 frg 0
ARGEVT Joe Rogan pursue
ARGEVT Romero pursue
ARGEVT Joe Rogan hazard
ARGEVT Romero hazard
ARGEVT Romero route 18 start '401.0 -759.0 -104.0' goal '721.0 -887.0 -232.0'
ARGLOG Joe Rogan t  16.6 pos '460.2 -415.0 -104.0' spd 349.1 yaw 160.3 mode 1 st 0 gl 0 hp 12 frg 1
ARGLOG Carmack t  16.6 pos '488.2 -223.3 -296.0' spd 326.3 yaw 186 mode 2 st 0 gl 1 hp 100 frg 0
ARGLOG Romero t  16.7 pos '383.6 -752.0 -104.0' spd 349.9 yaw 154.5 mode 2 st 0 gl 0 hp 62 frg 0
ARGEVT Carmack engage Joe Rogan
ARGEVT Joe Rogan death Romero pos '381.6 -406.2 -104.0'
ARGEVT Romero goal 
ARGEVT Carmack hazard
ARGEVT Romero route 2 start '401.0 -759.0 -104.0' goal '305.0 -407.0 -104.0'
ARGLOG Carmack t  17.1 pos '411.9 -193.7 -296.0' spd 374.6 yaw 339.2 mode 2 st 0 gl 1 hp 100 frg 0
ARGLOG Romero t  17.3 pos '354.8 -668.0 -104.0' spd 329.3 yaw 85 mode 2 st 0 gl 0 hp 62 frg 1
ARGLOG Carmack t  17.7 pos '464.7 -272.0 -296.0' spd 338.5 yaw 68 mode 2 st 0 gl 1 hp 100 frg 0
ARGLOG Romero t  17.8 pos '362.7 -488.4 -108.0' spd 320.3 yaw 79 mode 1 st 0 gl 0 hp 62 frg 1
ARGEVT Romero goal item_armorInv
ARGEVT Romero hazard
ARGEVT Romero route 17 start '305.0 -407.0 -104.0' goal '817.0 -855.0 -232.0'
ARGLOG Carmack t  18.3 pos '593.8 -164.9 -296.0' spd 408.1 yaw 158.6 mode 2 st 0 gl 1 hp 100 frg 0
ARGEVT Carmack hazard
ARGLOG Romero t  18.4 pos '441.7 -340.6 -104.0' spd 341.4 yaw  89.8 mode 2 st 0 gl 1 hp 62 frg 1
ARGEVT Joe Rogan respawn
ARGEVT Joe Rogan goal weapon_rocketlauncher
ARGLOG Joe Rogan t  18.5 pos '776.0 -808.0 -232.0' spd 0 yaw 110.2 mode 1 st 0 gl 0 hp 100 frg 1
ARGEVT Joe Rogan hazard
ARGLOG Carmack t  18.8 pos '600.1  27.1 -296.0' spd 321.8 yaw 264 mode 2 st 0 gl 1 hp 100 frg 0
ARGLOG Romero t  18.9 pos '482.2 -155.3 -104.0' spd 368.7 yaw 274 mode 2 st 0 gl 1 hp 62 frg 1
ARGLOG Joe Rogan t  19.1 pos '720.0 -806.4 -225.5' spd 329.8 yaw 290.3 mode 1 st 0 gl 0 hp 100 frg 1
ARGEVT Joe Rogan goal 
ARGEVT Romero hazard
ARGEVT Joe Rogan route 6 start '721.0 -887.0 -232.0' goal '529.0 -55.0 -104.0'
ARGLOG Carmack t  19.4 pos '380.2 -826.0  24.0' spd 307.9 yaw  19.1 mode 0 st 0 gl 1 hp 100 frg 0
ARGLOG Romero t  19.5 pos '487.5 -199.3 -104.0' spd 327.7 yaw 298 mode 0 st 0 gl 1 hp 62 frg 1
ARGLOG Joe Rogan t  19.6 pos '834.0 -851.8 -232.0' spd 324.2 yaw 107.1 mode 2 st 0 gl 1 hp 100 frg 1
ARGEVT Carmack route 10 start '401.0 -759.0  24.0' goal '817.0 -855.0 -232.0'
ARGEVT Carmack hazard
ARGLOG Carmack t  19.9 pos '470.9 -784.0  24.0' spd  24.6 yaw 131 mode 2 st 0 gl 1 hp 100 frg 0
ARGEVT Romero route 16 start '529.0 -311.0 -104.0' goal '817.0 -855.0 -232.0'
ARGEVT Joe Rogan hazard
ARGLOG Romero t  20.1 pos '562.5 -361.8 -104.0' spd 320.1 yaw 299 mode 2 st 0 gl 1 hp 62 frg 1
ARGLOG Joe Rogan t  20.2 pos '722.6 -788.8 -232.0' spd 322.4 yaw 111 mode 2 st 0 gl 1 hp 100 frg 1
ARGLOG Carmack t  20.5 pos '424.4 -935.0  24.0' spd 385.6 yaw 342.4 mode 0 st 0 gl 1 hp 100 frg 0
ARGLOG Romero t  20.6 pos '413.2 -240.0 -278.2' spd 300 yaw 57 mode 2 st 0 gl 1 hp 62 frg 1
ARGEVT Joe Rogan route 6 start '721.0 -887.0 -232.0' goal '529.0 -55.0 -104.0'
ARGUS routecache adopt
ARGEVT Joe Rogan route 6 start '721.0 -887.0 -232.0' goal '529.0 -55.0 -104.0'
ARGLOG Joe Rogan t  20.7 pos '725.0 -903.9 -232.0' spd 273.9 yaw 131.5 mode 0 st 0 gl 1 hp 100 frg 1
ARGEVT Romero jump
ARGEVT Carmack hazard
ARGEVT Carmack route 12 start '401.0 -1015.0  24.0' goal '817.0 -855.0 -232.0'
ARGLOG Carmack t  21.1 pos '457.8 -932.4  24.0' spd 241.8 yaw 114 mode 2 st 0 gl 1 hp 100 frg 0
ARGEVT Joe Rogan route 6 start '721.0 -887.0 -232.0' goal '529.0 -55.0 -104.0'
ARGLOG Romero t  21.1 pos '596.2 -208.0 -260.1' spd 336.3 yaw 313.4 mode 2 st 0 gl 1 hp 62 frg 1
ARGEVT Joe Rogan hazard
ARGLOG Joe Rogan t  21.3 pos '720.0 -752.0 -232.0' spd 0 yaw 112 mode 2 st 0 gl 1 hp 100 frg 1
ARGEVT Romero hazard
ARGLOG Carmack t  21.6 pos '476.7 -755.0  24.0' spd 336.1 yaw 106 mode 2 st 0 gl 1 hp 100 frg 0
ARGLOG Romero t  21.7 pos '617.5 -272.0 -296.0' spd 331.2 yaw 112 mode 2 st 0 gl 1 hp 62 frg 1
ARGLOG Joe Rogan t  21.8 pos '720.0 -864.7 -232.0' spd 328.5 yaw 231 mode 0 st 0 gl 1 hp 100 frg 1
ARGEVT Carmack hazard
ARGUS routecache adopt
ARGEVT Joe Rogan route 6 start '721.0 -887.0 -232.0' goal '529.0 -55.0 -104.0'
ARGEVT Romero jump
ARGLOG Carmack t  22.2 pos '486.6 -771.3  24.0' spd 320.6 yaw 107 mode 2 st 0 gl 1 hp 100 frg 0
ARGUS routecache adopt
ARGEVT Joe Rogan route 6 start '721.0 -887.0 -232.0' goal '529.0 -55.0 -104.0'
ARGLOG Romero t  22.2 pos '440.2 -208.6 -259.7' spd 351.5 yaw 59 mode 2 st 0 gl 1 hp 62 frg 1
ARGLOG Joe Rogan t  22.4 pos '720.0 -815.5 -232.0' spd 339.6 yaw 110 mode 2 st 0 gl 1 hp 100 frg 1
ARGEVT Joe Rogan hazard
ARGEVT Carmack stall
ARGEVT Carmack stallnode '305.0 -599.0  24.0'
ARGEVT Carmack jump
ARGLOG Carmack t  22.7 pos '364.2 -752.0  60.3' spd 220.8 yaw  37.5 mode 0 st 1 gl 1 hp 100 frg 0
ARGLOG Romero t  22.8 pos '494.3 -208.0 -296.0' spd 332.0 yaw 77 mode 2 st 0 gl 1 hp 62 frg 1
ARGEVT Romero jump
ARGEVT Carmack route 10 start '401.0 -759.0  24.0' goal '817.0 -855.0 -232.0'
ARGLOG Joe Rogan t  22.9 pos '720.7 -844.1 -232.0' spd 320.0 yaw 115 mode 2 st 0 gl 1 hp 100 frg 1
ARGLOG Romero t  23.3 pos '601.9 -177.0 -273.6' spd 178.6 yaw 120 mode 2 st 0 gl 1 hp 62 frg 1
ARGLOG Carmack t  23.3 pos '363.9 -642.3  24.0' spd 336.3 yaw 75 mode 2 st 1 gl 1 hp 100 frg 0
ARGEVT Joe Rogan route 6 start '721.0 -887.0 -232.0' goal '529.0 -55.0 -104.0'
ARGLOG Joe Rogan t  23.4 pos '720.0 -855.1 -232.0' spd 330.7 yaw 102 mode 0 st 0 gl 1 hp 100 frg 1
ARGEVT Romero hazard
ARGUS routecache adopt
ARGEVT Joe Rogan route 6 start '721.0 -887.0 -232.0' goal '529.0 -55.0 -104.0'
ARGEVT Romero jump
ARGEVT Joe Rogan hazard
ARGLOG Romero t  23.9 pos '599.3 -179.4 -259.8' spd 158.6 yaw 119 mode 2 st 0 gl 1 hp 62 frg 1
ARGLOG Carmack t  23.9 pos '327.4 -463.3  24.0' spd 381.7 yaw 38 mode 2 st 1 gl 1 hp 100 frg 0
ARGLOG Joe Rogan t  24.0 pos '720.0 -783.9 -232.0' spd 315.7 yaw 111 mode 2 st 0 gl 1 hp 100 frg 1
ARGLOG Romero t  24.4 pos '542.8 -211.1 -296.0' spd 336.3 yaw 95 mode 2 st 0 gl 1 hp 62 frg 1
ARGLOG Carmack t  24.4 pos '468.7 -325.8 -64.1' spd 349.0 yaw 37 mode 2 st 1 gl 1 hp 100 frg 0
ARGEVT Romero jump
ARGUS routecache adopt
ARGEVT Joe Rogan route 6 start '721.0 -887.0 -232.0' goal '529.0 -55.0 -104.0'
ARGLOG Joe Rogan t  24.5 pos '740.8 -902.3 -232.0' spd 142.5 yaw 151.0 mode 0 st 0 gl 1 hp 100 frg 1
ARGEVT Carmack jump
ARGUS routecache adopt
ARGEVT Joe Rogan route 6 start '721.0 -887.0 -232.0' goal '529.0 -55.0 -104.0'
ARGEVT Joe Rogan hazard
ARGLOG Romero t  24.9 pos '468.4 -208.0 -273.1' spd  32.1 yaw 68 mode 2 st 0 gl 1 hp 62 frg 1
ARGLOG Carmack t  24.9 pos '622.4 -228.1 -72.9' spd 323.8 yaw 243.0 mode 2 st 1 gl 1 hp 100 frg 0
ARGLOG Joe Rogan t  25.0 pos '720.0 -752.0 -232.0' spd 0 yaw 112 mode 2 st 0 gl 1 hp 100 frg 1
ARGEVT Romero jump
ARGEVT Carmack jump
ARGLOG Romero t  25.5 pos '600.6 -208.0 -259.7' spd 203.6 yaw 115 mode 2 st 0 gl 1 hp 62 frg 1
ARGLOG Carmack t  25.5 pos '510.0 -310.7 -72.1' spd 352.3 yaw 40 mode 2 st 1 gl 1 hp 100 frg 0
ARGLOG Joe Rogan t  25.6 pos '743.2 -892.6 -232.0' spd 390.6 yaw 190.7 mode 0 st 0 gl 1 hp 100 frg 1
ARGUS routecache adopt
ARGEVT Joe Rogan route 6 start '721.0 -887.0 -232.0' goal '529.0 -55.0 -104.0'
ARGEVT Romero hazard
ARGUS routecache adopt
ARGEVT Joe Rogan route 6 start '721.0 -887.0 -232.0' goal '529.0 -55.0 -104.0'
ARGLOG Romero t  26.0 pos '592.0 -138.0 -296.0' spd 168.4 yaw 127 mode 2 st 0 gl 1 hp 62 frg 1
ARGLOG Carmack t  26.0 pos '472.1 -212.6 -104.0' spd 293.1 yaw 9 mode 2 st 1 gl 1 hp 100 frg 0
ARGEVT Romero jump
ARGLOG Joe Rogan t  26.1 pos '720.0 -794.5 -232.0' spd 339.6 yaw 111 mode 2 st 0 gl 1 hp 100 frg 1
ARGEVT Carmack jump
ARGEVT Joe Rogan hazard
ARGLOG Romero t  26.5 pos '587.4 -219.2 -273.1' spd 107.1 yaw 109 mode 2 st 0 gl 1 hp 62 frg 1
ARGLOG Carmack t  26.5 pos '624.0 -298.6 -73.3' spd 295.2 yaw 74 mode 2 st 1 gl 1 hp 100 frg 0
ARGLOG Joe Rogan t  26.7 pos '720.7 -843.9 -232.0' spd 320.0 yaw 115 mode 2 st 0 gl 1 hp 100 frg 1
ARGEVT Romero jump
ARGEVT Carmack jump
ARGEVT Joe Rogan route 5 start '337.0   9.0 -296.0' goal '529.0 -55.0 -104.0'
ARGLOG Romero t  27.1 pos '463.0 -208.0 -259.7' spd 118.9 yaw 66 mode 2 st 0 gl 1 hp 62 frg 1
ARGLOG Carmack t  27.1 pos '514.1 -251.4 -72.1' spd 365.6 yaw 123 mode 2 st 1 gl 1 hp 100 frg 0
ARGEVT Joe Rogan engage Carmack
ARGLOG Joe Rogan t  27.2 pos '368.0 -37.9 -296.0' spd 300 yaw 316.3 mode 2 st 0 gl 1 hp 100 frg 1
ARGEVT Carmack abandon
ARGEVT Carmack goal weapon_supernailgun
ARGEVT Carmack engage Joe Rogan
ARGUS Carmack shove
ARGEVT Carmack grab 
ARGEVT Carmack route 6 start '529.0 -183.0 -104.0' goal '177.0 -55.0 -104.0'
ARGLOG Romero t  27.7 pos '526.7 -208.0 -296.0' spd 344.3 yaw 89 mode 2 st 0 gl 1 hp 62 frg 1
ARGEVT Romero jump
ARGLOG Carmack t  27.7 pos '413.9 -75.9 -145.2' spd 337.0 yaw 101.9 mode 2 st 1 gl 1 hp 100 frg 0
ARGLOG Joe Rogan t  27.7 pos '337.4  74.2 -288.0' spd 466.2 yaw 295.6 mode 2 st 0 gl 1 hp 95 frg 1
ARGEVT Joe Rogan hazard
ARGEVT Joe Rogan weapon ng
ARGEVT Carmack weapon sg
ARGLOG Romero t  28.2 pos '599.0 -172.7 -284.2' spd 122.0 yaw 120 mode 2 st 0 gl 1 hp 62 frg 1
ARGLOG Carmack t  28.2 pos '368.3 -88.4 -296.0' spd 312.1 yaw  88.9 mode 2 st 1 gl 1 hp 100 frg 0
ARGLOG Joe Rogan t  28.3 pos '369.7  86.2 -288.0' spd  81.8 yaw 282.6 mode 2 st 0 gl 1 hp 91 frg 1
ARGEVT Romero hazard
ARGEVT Joe Rogan weapon rl
ARGEVT Carmack weapon rl
ARGEVT Carmack death Joe Rogan pos '377.1 -118.4 -296.0'
ARGEVT Joe Rogan goal 
ARGLOG Romero t  28.8 pos '592.0 -90.7 -296.0' spd 129.6 yaw 150 mode 2 st 0 gl 1 hp 62 frg 1
ARGLOG Joe Rogan t  28.8 pos '344.0  36.6 -288.0' spd 346.5 yaw 267 mode 1 st 0 gl 1 hp 87 frg 2
ARGEVT Joe Rogan hazard
ARGEVT Romero jump
ARGLOG Romero t  29.3 pos '592.0 -178.2 -272.0' spd 348.9 yaw 117 mode 2 st 0 gl 1 hp 62 frg 1
ARGLOG Joe Rogan t  29.4 pos '388.6 -123.5 -296.0' spd  92.8 yaw 105.5 mode 1 st 0 gl 1 hp 87 frg 2
ARGEVT Joe Rogan goal weapon_lightning
ARGEVT Joe Rogan route 2 start '401.0 -183.0 -296.0' goal '529.0 -311.0 -104.0'
ARGLOG Romero t  29.9 pos '494.9 -260.5 -296.0' spd 326.7 yaw 112 mode 2 st 0 gl 1 hp 62 frg 1
ARGLOG Joe Rogan t  30.0 pos '337.1  16.0 -288.0' spd 167.2 yaw 244.4 mode 2 st 0 gl 2 hp 87 frg 2
ARGEVT Joe Rogan engage Romero
ARGUS Joe Rogan shove
ARGEVT Romero engage Joe Rogan
ARGEVT Romero jump
ARGEVT Carmack respawn
ARGEVT Carmack goal weapon_lightning
ARGLOG Carmack t  30.2 pos '784.0 -176.0  24.0' spd 0 yaw 160.5 mode 0 st 1 gl 1 hp 100 frg 0
ARGEVT Carmack route 2 start '753.0 -151.0  24.0' goal '529.0 -311.0 -104.0'
ARGLOG Romero t  30.5 pos '372.9 -208.0 -265.2' spd 214.4 yaw  87.8 mode 2 st 0 gl 1 hp 62 frg 1
ARGLOG Joe Rogan t  30.5 pos '371.6 -12.1 -296.0' spd 204.9 yaw 251.1 mode 2 st 0 gl 2 hp 87 frg 2
ARGEVT Joe Rogan hazard
ARGLOG Carmack t  30.8 pos '619.8 -152.9  24.0' spd 320.7 yaw 192 mode 2 st 1 gl 1 hp 100 frg 0
ARGLOG Romero t  31.0 pos '379.9 -205.6 -296.0' spd 321.0 yaw  94.6 mode 2 st 0 gl 1 hp 62 frg 1
ARGLOG Joe Rogan t  31.1 pos '374.6   9.9 -296.0' spd 218.4 yaw 295.7 mode 2 st 0 gl 2 hp 69 frg 2
ARGEVT Romero weapon ssg
ARGEVT Carmack engage Romero
ARGEVT Romero death Joe Rogan pos '372.2 -200.7 -296.0'
ARGEVT Carmack engage Joe Rogan
ARGLOG Carmack t  31.3 pos '429.3 -195.6 -38.8' spd 317.4 yaw 335.8 mode 1 st 1 gl 1 hp 100 frg 0
ARGEVT Joe Rogan engage Carmack
ARGEVT Joe Rogan goal 
ARGLOG Joe Rogan t  31.6 pos '352.2  16.6 -288.0' spd 326.6 yaw 285.6 mode 1 st 0 gl 2 hp 63 frg 3
ARGLOG Carmack t  31.9 pos '406.5 -216.0 -296.0' spd 213.1 yaw 102.4 mode 1 st 1 gl 1 hp 100 frg 0
ARGEVT Joe Rogan goal item_health
ARGEVT Joe Rogan route 8 start '337.0   9.0 -296.0' goal '-15.0 553.0 -296.0'
ARGLOG Joe Rogan t  32.2 pos '379.3  13.1 -296.0' spd 320.9 yaw 299.1 mode 2 st 0 gl 2 hp 59 frg 3
ARGEVT Carmack retreat
ARGEVT Carmack hazard
ARGUS Joe Rogan shove
ARGEVT Joe Rogan hazard
ARGLOG Carmack t  32.4 pos '501.9 -238.2 -296.0' spd 382.6 yaw 133.3 mode 1 st 1 gl 1 hp 22 frg 0
ARGEVT Carmack jump
ARGEVT Joe Rogan pursue
ARGLOG Joe Rogan t  32.7 pos '393.0 -61.5 -296.0' spd 141.0 yaw 312.9 mode 2 st 0 gl 2 hp 55 frg 3
ARGEVT Romero respawn
ARGEVT Carmack pursue
ARGEVT Romero goal weapon_rocketlauncher
ARGLOG Romero t  32.8 pos '-64.0 512.0 -296.0' spd 0 yaw 289.8 mode 0 st 0 gl 1 hp 100 frg 1
ARGEVT Romero route 4 start '-15.0 553.0 -296.0' goal ' 49.0 105.0 -296.0'
ARGLOG Carmack t  33.0 pos '652.5 -224.5 -284.4' spd 255.4 yaw 144 mode 1 st 1 gl 1 hp 22 frg 0
ARGEVT Romero hazard
ARGLOG Joe Rogan t  33.3 pos '360.4 -240.0 -296.0' spd 350.9 yaw 222.5 mode 2 st 0 gl 2 hp 55 frg 3
ARGLOG Romero t  33.4 pos ' 56.8 404.7 -296.0' spd 253.5 yaw 237 mode 2 st 0 gl 1 hp 100 frg 1
ARGEVT Joe Rogan hazard
ARGEVT Carmack hazard
ARGLOG Carmack t  33.6 pos '654.3 -164.8 -296.0' spd  88.3 yaw 197.1 mode 1 st 1 gl 1 hp 22 frg 0
ARGLOG Joe Rogan t  33.9 pos '199.9 -236.7 -296.0' spd 373.5 yaw  41.3 mode 2 st 0 gl 2 hp 55 frg 3
ARGLOG Romero t  33.9 pos ' 12.4 420.2 -296.0' spd 364.6 yaw 244 mode 2 st 0 gl 1 hp 100 frg 1
ARGEVT Carmack pursue
ARGEVT Joe Rogan pursue
ARGLOG Carmack t  34.1 pos '592.0 -82.7 -296.0' spd 297.6 yaw 254 mode 1 st 1 gl 1 hp 22 frg 0
ARGLOG Joe Rogan t  34.4 pos '195.6 -273.3 -296.0' spd 324.5 yaw 12 mode 2 st 0 gl 2 hp 55 frg 3
ARGEVT Joe Rogan hazard
ARGLOG Romero t  34.5 pos '-83.4 361.8 -296.0' spd 333.7 yaw 296 mode 2 st 0 gl 1 hp 100 frg 1
ARGUS Joe Rogan shove
ARGEVT Romero hazard
ARGLOG Carmack t  34.7 pos '608.6 -206.3 -296.0' spd 196.8 yaw 190.5 mode 1 st 1 gl 1 hp 22 frg 0
ARGEVT Carmack hazard
ARGLOG Joe Rogan t  35.0 pos '185.4 -238.4 -296.0' spd 156.5 yaw 349.3 mode 2 st 0 gl 2 hp 29 frg 3
ARGLOG Romero t  35.0 pos '-68.4 198.6 -296.0' spd 334.6 yaw 301 mode 2 st 0 gl 1 hp 100 frg 1
ARGLOG Carmack t  35.2 pos '596.9 -233.3 -296.0' spd 322.3 yaw 175.6 mode 1 st 1 gl 1 hp 22 frg 0
ARGEVT Carmack grab weapon_lightning
ARGEVT Joe Rogan weapon ng
ARGEVT Carmack jump
ARGLOG Joe Rogan t  35.6 pos '221.1 -229.6 -296.0' spd  72.4 yaw 354.4 mode 2 st 0 gl 2 hp 13 frg 3
ARGLOG Romero t  35.6 pos ' -4.3  48.0 -296.0' spd 176.9 yaw 350.8 mode 1 st 0 gl 1 hp 100 frg 1
ARGEVT Joe Rogan hazard
ARGEVT Romero goal item_armorInv
ARGLOG Carmack t  35.8 pos '540.8 -263.9 -265.3' spd  46.6 yaw 176.9 mode 1 st 1 gl 1 hp 22 frg 0
ARGEVT Romero route 20 start ' 49.0 105.0 -296.0' goal '817.0 -855.0 -232.0'
ARGLOG Joe Rogan t  36.1 pos '289.9 -240.4 -296.0' spd 243.9 yaw   8.4 mode 2 st 0 gl 2 hp 13 frg 3
ARGLOG Romero t  36.1 pos '-37.0  22.4 -296.0' spd 366.5 yaw 282 mode 2 st 0 gl 2 hp 100 frg 1
ARGEVT Joe Rogan death Carmack pos '289.9 -240.4 -296.0'
ARGEVT Carmack goal item_health
ARGEVT Carmack route 2 start '593.0 -215.0 -296.0' goal '529.0  73.0 -296.0'
ARGEVT Carmack hazard
ARGLOG Carmack t  36.4 pos '522.7 -272.0 -296.0' spd 337.4 yaw 172 mode 2 st 1 gl 1 hp 22 frg 1
ARGLOG Romero t  36.7 pos '-16.0 -159.5 -296.0' spd 325.0 yaw 356 mode 2 st 0 gl 2 hp 100 frg 1
ARGEVT Romero engage Carmack
ARGEVT Carmack engage Romero
ARGEVT Carmack grab 
ARGEVT Carmack retreat
ARGLOG Carmack t  36.9 pos '352.9 -233.3 -296.0' spd 362.5 yaw 175.5 mode 2 st 1 gl 1 hp 22 frg 1
ARGLOG Romero t  37.2 pos '-17.2 -143.9 -296.0' spd 180.9 yaw 347.9 mode 2 st 0 gl 2 hp 100 frg 1
ARGLOG Carmack t  37.5 pos '312.8 -226.2 -296.0' spd 219.9 yaw 184.6 mode 2 st 1 gl 1 hp 22 frg 1
ARGEVT Joe Rogan respawn
ARGEVT Joe Rogan goal weapon_lightning
ARGLOG Joe Rogan t  37.7 pos '-64.0 -232.0 -72.0' spd 0 yaw 0 mode 0 st 0 gl 2 hp 100 frg 3
ARGEVT Joe Rogan route 5 start '-47.0 -215.0 -72.0' goal '529.0 -311.0 -104.0'
ARGLOG Romero t  37.8 pos '  0.2 -215.6 -296.0' spd  90.0 yaw   8.5 mode 2 st 0 gl 2 hp 100 frg 1
ARGEVT Carmack hazard
ARGEVT Carmack death Romero pos '301.1 -221.3 -296.0'
ARGEVT Romero goal 
ARGEVT Romero hazard
ARGLOG Joe Rogan t  38.3 pos '108.1 -229.3 -72.0' spd 320.1 yaw 5 mode 2 st 0 gl 2 hp 100 frg 3
ARGLOG Romero t  38.4 pos '109.2 -218.7 -296.0' spd 320.0 yaw 2 mode 1 st 0 gl 2 hp 76 frg 2
ARGEVT Joe Rogan hazard
ARGEVT Joe Rogan engage Romero
ARGEVT Joe Rogan grab 
ARGEVT Romero engage Joe Rogan
ARGEVT Romero goal item_armorInv
ARGLOG Joe Rogan t  38.9 pos '273.7 -207.4 -103.0' spd 234.6 yaw 202.6 mode 2 st 0 gl 2 hp 100 frg 3
ARGLOG Romero t  38.9 pos '131.3 -229.8 -296.0' spd 410.1 yaw   5.3 mode 0 st 0 gl 2 hp 60 frg 2
ARGEVT Romero route 17 start '145.0 -183.0 -296.0' goal '817.0 -855.0 -232.0'
ARGLOG Joe Rogan t  39.4 pos '398.2 -243.8 -296.0' spd 280.0 yaw 171.6 mode 2 st 0 gl 2 hp 100 frg 3
ARGEVT Joe Rogan retreat
ARGLOG Romero t  39.5 pos ' 65.9 -223.2 -296.0' spd  69.1 yaw 341.6 mode 2 st 0 gl 2 hp 60 frg 2
ARGEVT Carmack respawn
ARGEVT Carmack goal weapon_lightning
ARGLOG Carmack t  39.5 pos '272.0 -952.0  24.0' spd 0 yaw  20.2 mode 0 st 1 gl 1 hp 100 frg 1
ARGEVT Romero hazard
ARGEVT Carmack route 6 start '305.0 -983.0  24.0' goal '529.0 -311.0 -104.0'
ARGEVT Joe Rogan jump
ARGLOG Joe Rogan t  40.0 pos '534.7 -272.0 -264.0' spd 320.2 yaw 184.7 mode 0 st 0 gl 2 hp 30 frg 3
ARGLOG Romero t  40.0 pos '137.4 -260.0 -296.0' spd 158.9 yaw   0.7 mode 2 st 0 gl 2 hp 60 frg 2
ARGLOG Carmack t  40.1 pos '336.2 -796.9  24.0' spd 320.2 yaw 81 mode 2 st 1 gl 1 hp 100 frg 1
ARGEVT Joe Rogan route 9 start '497.0 -247.0 -296.0' goal '529.0 -311.0 -104.0'
ARGEVT Joe Rogan hazard
ARGUS Romero shove
ARGEVT Joe Rogan death Romero pos '652.2 -256.2 -296.0'
ARGEVT Romero goal item_armorInv
ARGLOG Romero t  40.6 pos '223.4 -212.1 -296.0' spd 322.9 yaw  18.8 mode 0 st 0 gl 2 hp 60 frg 3
ARGEVT Romero hazard
ARGLOG Carmack t  40.7 pos '366.9 -617.9  24.0' spd 324.3 yaw 82 mode 2 st 1 gl 1 hp 100 frg 1
ARGEVT Romero route 18 start '209.0 -183.0 -296.0' goal '817.0 -855.0 -232.0'
ARGEVT Romero engage Carmack
ARGEVT Carmack engage Romero
ARGLOG Romero t  41.2 pos '382.6 -246.2 -296.0' spd 169.9 yaw 265.5 mode 2 st 0 gl 2 hp 60 frg 3
ARGLOG Carmack t  41.2 pos '352.5 -442.9  24.0' spd 368.2 yaw  77.1 mode 2 st 1 gl 1 hp 100 frg 1
ARGLOG Romero t  41.7 pos '338.9 -76.7 -296.0' spd 321.3 yaw 265.6 mode 2 st 0 gl 2 hp 60 frg 3
ARGEVT Romero hazard
ARGEVT Carmack grab weapon_grenadelauncher
ARGLOG Carmack t  41.8 pos '302.2 -388.5 -104.0' spd  43.5 yaw  83.4 mode 2 st 1 gl 1 hp 100 frg 1
ARGEVT Carmack retreat
ARGEVT Joe Rogan respawn
ARGEVT Joe Rogan goal weapon_supernailgun
ARGLOG Joe Rogan t  42.0 pos '112.0 -1136.0 -104.0' spd 0 yaw  64.8 mode 0 st 0 gl 2 hp 100 frg 3
ARGEVT Joe Rogan routefail
ARGLOG Romero t  42.2 pos '363.0 -83.4 -296.0' spd 131.0 yaw 246.3 mode 2 st 0 gl 2 hp 60 frg 3
ARGEVT Joe Rogan goal weapon_grenadelauncher
ARGEVT Joe Rogan route 5 start ' 81.0 -1079.0 -104.0' goal '113.0 -407.0 -104.0'
ARGLOG Carmack t  42.3 pos '220.7 -433.2  57.6' spd  46.5 yaw  61.5 mode 2 st 1 gl 1 hp 12 frg 1
ARGLOG Joe Rogan t  42.6 pos '150.0 -968.3 -104.0' spd 320.1 yaw 83 mode 2 st 0 gl 2 hp 100 frg 3
ARGLOG Romero t  42.8 pos '355.9   3.4 -296.0' spd 286.2 yaw 255.8 mode 2 st 0 gl 2 hp 44 frg 3
ARGEVT Romero hazard
ARGLOG Carmack t  42.9 pos '250.6 -449.1  24.0' spd 213.1 yaw  77.0 mode 2 st 1 gl 1 hp 12 frg 1
ARGEVT Carmack death Romero pos '270.7 -483.3  24.0'
ARGLOG Joe Rogan t  43.1 pos '177.6 -792.2 -104.0' spd 320.0 yaw 81 mode 2 st 0 gl 2 hp 100 frg 3
ARGEVT Joe Rogan hazard
ARGEVT Romero goal item_health
ARGEVT Romero route 4 start '305.0 -87.0 -296.0' goal '529.0  73.0 -296.0'
ARGLOG Romero t  43.3 pos '352.5 -139.2 -296.0' spd 320.6 yaw 251.3 mode 2 st 0 gl 2 hp 44 frg 4
ARGLOG Joe Rogan t  43.7 pos '228.7 -790.1 -104.0' spd 371.9 yaw 304.5 mode 2 st 0 gl 2 hp 100 frg 3
ARGEVT Romero hazard
ARGLOG Romero t  43.9 pos '267.4 -278.3 -296.0' spd 297.5 yaw 30 mode 2 st 0 gl 2 hp 44 frg 4
ARGLOG Joe Rogan t  44.3 pos '393.6 -784.4 -104.0' spd 410.9 yaw 114 mode 2 st 0 gl 2 hp 100 frg 3
ARGEVT Joe Rogan hazard
ARGLOG Romero t  44.4 pos '437.0 -245.5 -296.0' spd 382.4 yaw 287.7 mode 2 st 0 gl 2 hp 44 frg 4
ARGEVT Carmack respawn
ARGEVT Carmack goal weapon_lightning
ARGLOG Carmack t  44.6 pos '776.0 -808.0 -232.0' spd 0 yaw 109.8 mode 0 st 1 gl 1 hp 100 frg 1
ARGEVT Carmack route 12 start '817.0 -855.0 -232.0' goal '529.0 -311.0 -104.0'
ARGLOG Joe Rogan t  44.8 pos '320.1 -636.2 -104.0' spd 385.3 yaw   8.8 mode 0 st 0 gl 2 hp 100 frg 3
ARGEVT Carmack hazard
ARGLOG Romero t  45.0 pos '608.0 -228.3 -296.0' spd 386.7 yaw  66.6 mode 2 st 0 gl 2 hp 44 frg 4
ARGEVT Joe Rogan route 2 start '337.0 -567.0 -104.0' goal '113.0 -407.0 -104.0'
ARGLOG Carmack t  45.1 pos '780.8 -700.0 -200.0' spd 346.7 yaw  78.3 mode 2 st 1 gl 1 hp 100 frg 1
ARGEVT Romero hazard
ARGLOG Joe Rogan t  45.4 pos '402.3 -471.6 -104.0' spd 329.4 yaw 43 mode 2 st 0 gl 2 hp 100 frg 3
ARGLOG Romero t  45.6 pos '654.5 -52.4 -296.0' spd 326.9 yaw 126.1 mode 1 st 0 gl 2 hp 44 frg 4
ARGLOG Carmack t  45.7 pos '781.9 -514.4 -104.0' spd 324.7 yaw 125 mode 0 st 1 gl 1 hp 100 frg 1
ARGLOG Joe Rogan t  45.9 pos '512.5 -353.9 -104.0' spd 320.3 yaw 40 mode 2 st 0 gl 2 hp 100 frg 3
ARGEVT Carmack hazard
ARGEVT Carmack route 14 start '753.0 -471.0 -104.0' goal '529.0 -311.0 -104.0'
ARGEVT Carmack goal weapon_rocketlauncher
ARGEVT Carmack route 3 start '753.0 -471.0 -104.0' goal '721.0 -887.0 -232.0'
ARGLOG Romero t  46.1 pos '543.2  92.3 -296.0' spd 365.7 yaw 207.9 mode 1 st 0 gl 2 hp 69 frg 4
ARGEVT Romero hazard
ARGLOG Carmack t  46.3 pos '848.6 -439.5 -104.0' spd 348.3 yaw  61.6 mode 2 st 1 gl 1 hp 100 frg 1
ARGLOG Joe Rogan t  46.4 pos '578.1 -194.0 -104.0' spd 401.9 yaw 176.9 mode 0 st 0 gl 2 hp 100 frg 3
ARGEVT Joe Rogan route 3 start '529.0 -183.0 -104.0' goal '113.0 -407.0 -104.0'
ARGLOG Romero t  46.7 pos '623.1  10.6 -296.0' spd 342.7 yaw 306.4 mode 1 st 0 gl 2 hp 69 frg 4
ARGEVT Joe Rogan hazard
ARGLOG Carmack t  46.8 pos '845.3 -400.0 -104.0' spd 326.1 yaw 163 mode 2 st 1 gl 1 hp 100 frg 1
ARGLOG Joe Rogan t  47.0 pos '500.7 -269.1 -104.0' spd 361.2 yaw 355.5 mode 2 st 0 gl 2 hp 100 frg 3
ARGEVT Carmack hazard
ARGLOG Romero t  47.2 pos '621.8 -153.4 -296.0' spd 322.4 yaw 239 mode 1 st 0 gl 2 hp 69 frg 4
ARGLOG Carmack t  47.4 pos '752.7 -508.2 -104.0' spd 320.0 yaw 271 mode 2 st 1 gl 1 hp 100 frg 1
ARGLOG Joe Rogan t  47.6 pos '623.7 -403.8 -120.0' spd 397.7 yaw 207.9 mode 2 st 0 gl 2 hp 100 frg 3
ARGEVT Romero hazard
ARGEVT Joe Rogan engage Romero
ARGEVT Romero engage Joe Rogan
ARGEVT Romero weapon ssg
ARGLOG Romero t  47.8 pos '508.1 -242.7 -296.0' spd 406.2 yaw 184.6 mode 1 st 0 gl 2 hp 69 frg 4
ARGLOG Carmack t  47.9 pos '753.0 -668.6 -184.0' spd 320.7 yaw 262 mode 2 st 1 gl 1 hp 100 frg 1
ARGLOG Joe Rogan t  48.1 pos '396.4 -215.1 -296.0' spd 321.7 yaw 352.8 mode 2 st 0 gl 2 hp 100 frg 3
ARGEVT Joe Rogan hazard
ARGEVT Romero weapon rl
ARGLOG Romero t  48.4 pos '614.6 -243.7 -296.0' spd 339.0 yaw 137.8 mode 1 st 0 gl 2 hp 39 frg 4
ARGEVT Carmack hazard
ARGLOG Carmack t  48.4 pos '723.3 -852.5 -232.0' spd 392.3 yaw 157.0 mode 1 st 1 gl 1 hp 100 frg 1
ARGUS Romero shove
ARGLOG Joe Rogan t  48.7 pos '361.6 -15.9 -296.0' spd 326.2 yaw 331.2 mode 0 st 0 gl 2 hp 64 frg 3
ARGEVT Romero pursue
ARGEVT Joe Rogan pursue
ARGEVT Joe Rogan route 9 start '337.0   9.0 -296.0' goal '113.0 -407.0 -104.0'
ARGEVT Romero hazard
ARGLOG Romero t  48.9 pos '600.4 -89.4 -296.0' spd 327.3 yaw 147.0 mode 1 st 0 gl 2 hp 39 frg 4
ARGLOG Carmack t  49.0 pos '720.0 -783.7 -232.0' spd 325.5 yaw 106 mode 1 st 1 gl 1 hp 100 frg 1
ARGLOG Joe Rogan t  49.2 pos '406.2 -128.6 -296.0' spd 321.2 yaw 265 mode 2 st 0 gl 2 hp 64 frg 3
ARGEVT Joe Rogan hazard
ARGLOG Romero t  49.5 pos '614.9  90.9 -296.0' spd 344.6 yaw 126.8 mode 1 st 0 gl 2 hp 39 frg 4
ARGLOG Carmack t  49.5 pos '720.0 -752.0 -232.0' spd 0 yaw 107 mode 1 st 1 gl 1 hp 100 frg 1
ARGLOG Joe Rogan t  49.8 pos '432.0 -276.8 -296.0' spd 129.4 yaw 5 mode 2 st 0 gl 2 hp 64 frg 3
ARGLOG Romero t  50.0 pos '331.6 -772.3  24.0' spd 332.3 yaw 89 mode 1 st 0 gl 2 hp 39 frg 4
ARGLOG Carmack t  50.1 pos '720.0 -752.0 -232.0' spd 0 yaw 107 mode 1 st 1 gl 1 hp 100 frg 1
ARGLOG Joe Rogan t  50.3 pos '583.1 -236.0 -296.0' spd 360.3 yaw 77 mode 2 st 0 gl 2 hp 64 frg 3
ARGLOG Romero t  50.6 pos '322.9 -593.2  24.0' spd 320.2 yaw 87 mode 1 st 0 gl 2 hp 39 frg 4
ARGLOG Carmack t  50.7 pos '720.0 -752.0 -232.0' spd 0 yaw 107 mode 1 st 1 gl 1 hp 100 frg 1
ARGEVT Joe Rogan hazard
ARGLOG Joe Rogan t  50.9 pos '594.5 -44.9 -296.0' spd 367.7 yaw 157.2 mode 2 st 0 gl 2 hp 64 frg 3
ARGLOG Romero t  51.2 pos '359.1 -399.0  21.1' spd 320.6 yaw  49.2 mode 1 st 0 gl 2 hp 39 frg 4
ARGLOG Carmack t  51.2 pos '720.7 -739.7 -216.0' spd 198.4 yaw  68.0 mode 1 st 1 gl 1 hp 100 frg 1
ARGEVT Carmack hazard
ARGLOG Joe Rogan t  51.5 pos '444.4 -854.1  40.0' spd 250.2 yaw 107 mode 2 st 0 gl 2 hp 64 frg 3
ARGEVT Romero abandon
ARGEVT Romero goal item_health
ARGLOG Romero t  51.7 pos '432.0 -248.1 -142.4' spd 222.1 yaw 339 mode 0 st 0 gl 2 hp 39 frg 4
ARGLOG Carmack t  51.8 pos '816.0 -719.8 -186.9' spd 320.0 yaw 254 mode 1 st 1 gl 1 hp 100 frg 1
ARGEVT Romero route 14 start '433.0 -247.0 -104.0' goal '977.0 -471.0 -104.0'
ARGEVT Romero jump
ARGLOG Joe Rogan t  52.0 pos '347.7 -719.0  24.0' spd 321.2 yaw 97 mode 2 st 0 gl 2 hp 64 frg 3
ARGLOG Romero t  52.2 pos '448.1 -234.2 -259.7' spd  73.9 yaw 97 mode 2 st 0 gl 2 hp 39 frg 4
ARGEVT Carmack goal item_rockets
ARGLOG Carmack t  52.3 pos '800.4 -880.7 -232.0' spd 321.7 yaw 227.4 mode 0 st 1 gl 2 hp 100 frg 1
ARGEVT Carmack route 8 start '817.0 -855.0 -232.0' goal '401.0 -759.0 -104.0'
ARGEVT Romero engage Carmack
ARGEVT Carmack engage Romero
ARGEVT Joe Rogan hazard
ARGLOG Joe Rogan t  52.6 pos '365.0 -537.0  24.0' spd 357.0 yaw 152 mode 2 st 0 gl 2 hp 64 frg 3
ARGUS Carmack shove
ARGEVT Carmack route 6 start '337.0   9.0 -296.0' goal '401.0 -759.0 -104.0'
ARGEVT Joe Rogan engage Carmack
ARGEVT Joe Rogan weapon sg
ARGEVT Joe Rogan grab item_health
ARGEVT Carmack hazard
ARGLOG Romero t  52.8 pos '393.2 -277.3 -296.0' spd 326.3 yaw  79.4 mode 2 st 0 gl 2 hp 39 frg 4
ARGEVT Romero jump
ARGLOG Carmack t  52.8 pos '390.2 -43.6 -296.0' spd  74.1 yaw 250.4 mode 2 st 1 gl 2 hp 100 frg 1
ARGLOG Joe Rogan t  53.1 pos '436.1 -442.5  24.0' spd 324.2 yaw  97.1 mode 2 st 0 gl 2 hp 89 frg 3
ARGEVT Joe Rogan weapon lg
ARGEVT Joe Rogan grab 
ARGLOG Romero t  53.3 pos '358.0 -292.4 -284.6' spd  39.8 yaw 123.3 mode 2 st 0 gl 2 hp 39 frg 4
ARGLOG Carmack t  53.4 pos '308.6 -109.6 -264.7' spd 288.8 yaw 324.7 mode 2 st 1 gl 2 hp 82 frg 1
ARGEVT Romero hazard
ARGEVT Romero jump
ARGEVT Romero weapon ssg
ARGEVT Carmack weapon sg
ARGEVT Romero death Carmack pos '421.3 -256.1 -282.5'
ARGLOG Joe Rogan t  53.7 pos '259.3 -466.3  24.0' spd 321.7 yaw  75.8 mode 2 st 0 gl 2 hp 89 frg 3
ARGEVT Carmack engage Joe Rogan
ARGEVT Carmack weapon rl
ARGEVT Carmack goal item_artifact_super_damage
ARGEVT Carmack route 5 start '305.0 -87.0 -296.0' goal '177.0  73.0 -104.0'
ARGEVT Joe Rogan weapon sg
ARGLOG Carmack t  53.9 pos '351.6 -80.5 -296.0' spd 324.9 yaw 206.3 mode 2 st 1 gl 2 hp 76 frg 2
ARGEVT Carmack hazard
ARGLOG Joe Rogan t  54.3 pos '125.4 -393.8  -8.0' spd 380.3 yaw  52.8 mode 1 st 0 gl 2 hp 89 frg 3
ARGEVT Joe Rogan grab weapon_grenadelauncher
ARGLOG Carmack t  54.5 pos '374.2 -21.1 -296.0' spd 299.5 yaw 228.7 mode 2 st 1 gl 2 hp 72 frg 2
ARGUS Carmack shove
ARGEVT Joe Rogan hazard
ARGLOG Joe Rogan t  54.8 pos '126.5 -434.5  24.0' spd 190.1 yaw  53.0 mode 1 st 0 gl 2 hp 89 frg 3
ARGLOG Carmack t  55.1 pos '394.4 -112.3 -296.0' spd 206.4 yaw 206.8 mode 2 st 1 gl 2 hp 71 frg 2
ARGEVT Romero respawn
ARGEVT Romero goal item_armor2
ARGLOG Romero t  55.2 pos '784.0 -176.0  24.0' spd 0 yaw 168 mode 0 st 0 gl 2 hp 100 frg 4
ARGEVT Carmack hazard
ARGEVT Romero route 5 start '753.0 -151.0  24.0' goal '1169.0 -599.0  24.0'
ARGLOG Joe Rogan t  55.4 pos '129.7 -452.4  24.0' spd  19.1 yaw  62.2 mode 1 st 0 gl 2 hp 89 frg 3
ARGEVT Romero engage Joe Rogan
ARGLOG Carmack t  55.6 pos '367.7 -127.2 -296.0' spd 337.5 yaw 240.6 mode 2 st 1 gl 2 hp 67 frg 2
ARGLOG Romero t  55.8 pos '614.7 -201.4  24.0' spd 321.7 yaw 217.5 mode 2 st 0 gl 2 hp 100 frg 4
ARGEVT Carmack grab 
ARGLOG Joe Rogan t  55.9 pos '122.2 -467.3  24.0' spd  85.6 yaw  53.6 mode 1 st 0 gl 2 hp 89 frg 3
ARGEVT Romero grab 
ARGEVT Carmack weapon sg
ARGLOG Carmack t  56.2 pos '401.1 -81.2 -296.0' spd 307.5 yaw 241.2 mode 2 st 1 gl 2 hp 64 frg 2
ARGLOG Romero t  56.3 pos '510.6 -104.1 -22.1' spd 337.3 yaw 237.4 mode 2 st 0 gl 2 hp 100 frg 4
ARGLOG Joe Rogan t  56.5 pos '274.2 -446.8  24.0' spd 325.5 yaw  66.6 mode 1 st 0 gl 2 hp 65 frg 3
ARGEVT Joe Rogan weapon lg
ARGEVT Carmack hazard
ARGEVT Romero route 14 start '529.0 -55.0 -104.0' goal '1169.0 -599.0  24.0'
ARGLOG Carmack t  56.7 pos '384.9 -133.4 -296.0' spd 182.8 yaw 267.8 mode 2 st 1 gl 2 hp 64 frg 2
ARGLOG Romero t  56.9 pos '568.1 -46.7 -104.0' spd 161.6 yaw 231.7 mode 2 st 0 gl 2 hp 100 frg 4
ARGEVT Joe Rogan retreat
ARGLOG Joe Rogan t  57.0 pos '216.9 -429.2  21.0' spd 439.8 yaw  63.5 mode 1 st 0 gl 2 hp 21 frg 3
ARGEVT Joe Rogan weapon sg
ARGEVT Joe Rogan hazard
ARGLOG Carmack t  57.3 pos '391.6 -63.1 -296.0' spd  47.3 yaw 227.3 mode 2 st 1 gl 2 hp 58 frg 2
ARGEVT Joe Rogan death Romero pos '120.1 -379.9  -8.0'
ARGEVT Romero goal 
ARGLOG Romero t  57.5 pos '546.3 -137.6 -104.0' spd 322.1 yaw 272.5 mode 0 st 0 gl 2 hp 100 frg 5
ARGEVT Romero route 2 start '529.0 -183.0 -104.0' goal '497.0 -247.0 -296.0'
ARGEVT Carmack hazard
ARGEVT Carmack engage Romero
ARGLOG Carmack t  57.8 pos '336.0  -4.4 -296.0' spd 151.1 yaw 257.3 mode 2 st 1 gl 2 hp 58 frg 2
ARGEVT Romero engage Carmack
ARGEVT Romero grab 
ARGLOG Romero t  58.0 pos '460.9 -237.5 -104.0' spd 197.9 yaw 105.3 mode 2 st 0 gl 2 hp 100 frg 5
ARGLOG Carmack t  58.4 pos '377.1  -4.1 -296.0' spd 321.1 yaw 308.4 mode 2 st 1 gl 2 hp 58 frg 2
ARGLOG Romero t  58.6 pos '477.4 -233.5 -104.0' spd 172.1 yaw 112.4 mode 2 st 0 gl 2 hp 100 frg 5
ARGEVT Joe Rogan respawn
ARGLOG Carmack t  58.9 pos '376.4   0.1 -296.0' spd 179.0 yaw 325.5 mode 2 st 1 gl 2 hp 58 frg 2
ARGEVT Joe Rogan plan powerup via weapon
ARGEVT Joe Rogan goal weapon_rocketlauncher
ARGLOG Joe Rogan t  59.0 pos '-64.0 512.0 -296.0' spd 0 yaw 288 mode 0 st 0 gl 2 hp 100 frg 3
ARGEVT Joe Rogan route 4 start '-15.0 553.0 -296.0' goal ' 49.0 105.0 -296.0'
ARGEVT Romero pursue
ARGLOG Romero t  59.1 pos '479.0 -242.3 -104.0' spd 236.4 yaw 117 mode 2 st 0 gl 2 hp 100 frg 5
ARGLOG Carmack t  59.5 pos '372.5 -12.4 -296.0' spd 320.3 yaw 268.0 mode 2 st 1 gl 2 hp 58 frg 2
ARGLOG Joe Rogan t  59.6 pos '-76.4 340.1 -296.0' spd 322.7 yaw 283.3 mode 2 st 0 gl 2 hp 100 frg 3
ARGEVT Romero hazard
ARGEVT Carmack pursue
ARGEVT Carmack hazard
ARGEVT Romero pursue
ARGLOG Romero t  59.7 pos '482.4 -310.4 -104.0' spd 212.1 yaw 112 mode 2 st 0 gl 2 hp 100 frg 5
ARGEVT Joe Rogan hazard
ARGLOG Carmack t  60.1 pos '405.5 -48.0 -296.0' spd  53.3 yaw 339.8 mode 2 st 1 gl 2 hp 58 frg 2
ARGLOG Joe Rogan t  60.1 pos '-42.4 152.4 -296.0' spd 364.4 yaw 236.5 mode 1 st 0 gl 2 hp 100 frg 3
ARGLOG Romero t  60.3 pos '529.8 -156.1 -104.0' spd 320.0 yaw 138.0 mode 2 st 0 gl 2 hp 94 frg 5
ARGEVT Romero pursue
ARGEVT Carmack pursue
ARGEVT Romero hazard
ARGLOG Carmack t  60.6 pos '336.9   3.3 -296.0' spd 201.6 yaw 224 mode 2 st 1 gl 2 hp 58 frg 2
ARGLOG Joe Rogan t  60.7 pos ' -6.4  48.1 -296.0' spd 249.8 yaw 17 mode 1 st 0 gl 2 hp 100 frg 3
ARGEVT Carmack hazard
ARGLOG Romero t  60.8 pos '473.7 -102.5 -104.0' spd 148.1 yaw 146.7 mode 2 st 0 gl 2 hp 94 frg 5
ARGEVT Joe Rogan hazard
ARGEVT Carmack pursue
ARGLOG Carmack t  61.2 pos '339.2  22.8 -288.0' spd 321.3 yaw 315.0 mode 2 st 1 gl 2 hp 58 frg 2
ARGLOG Joe Rogan t  61.2 pos '100.8 110.1 -296.0' spd 389.6 yaw  41.9 mode 1 st 0 gl 2 hp 100 frg 3
